=================================================================
CPFA BASELINE — ARGoS-calibrated parameters
  Params file                  = /home/sara/Documents/RL-FL-Foraging/cpfa_tuning_20260715_155549/trial_019/params.yaml
  Results file                 = /home/sara/Documents/RL-FL-Foraging/controllers/cpfa_baseline/results/cpfa_baseline_results_20260715_164735_1.txt
  RateOfLayingPheromone        = 10.748434678086607
  RateOfSiteFidelity           = 1.810111239419022
  RateOfPheromoneDecay         = 0.1352452089680438 /s  (lifetime ~51s)
  ProbabilityOfReturningToNest = 0.13622426027457882 (every 5 sec → E[give-up] ~37s)
  UninformedSearchVariation    = 2.62 rad (150.2°)
  RateOfInformedSearchDecay    = 2.0491148410479143 /waypoint
  ProbabilityOfSwitchingToSearching = 0.39475353779209393 (every 5 sec in uninformed DEPARTING)
=================================================================

[PICKUP] R2 picked up tag (density=6) | Total: 1
[PICKUP] R4 picked up tag (density=9) | Total: 2
  [GIVE-UP] R3 returned empty after 156 searching steps
  [TARGET] R3 → WALL (0.67, -2.42)
[DEPOSIT] R4 deposited! Total: 1
  [TARGET] R4 → SITE (-0.06, -0.34)
[DEPOSIT] R2 deposited! Total: 2
  [TARGET] R2 → SITE (0.63, 0.11)

======================================================================
Step 500 (0.3 min) | Pickups: 2 | Deposits: 2 | Rate: 7.50 tags/min | phero_entries=0 max_w=0.000
======================================================================
R1[SEARCH    ]: carry=0 | base=0.36 | wall=2.20 | search= 59 | target=none
R2[BASE_ESC  ]: carry=0 | base=0.23 | wall=2.27 | search=  0 | target=site(0.63,0.11)
R3[BASE_ESC  ]: carry=0 | base=0.25 | wall=2.25 | search=  0 | target=none
R4[BASE_ESC  ]: carry=0 | base=0.23 | wall=2.28 | search=  0 | target=site(-0.06,-0.34)

[PICKUP] R4 picked up tag (density=8) | Total: 3
  [GIVE-UP] R1 returned empty after 312 searching steps
  [TARGET] R1 → WALL (-2.42, 1.06)

======================================================================
Step 1000 (0.5 min) | Pickups: 3 | Deposits: 2 | Rate: 3.75 tags/min | phero_entries=0 max_w=0.000
======================================================================
R1[DEPART    ]: carry=0 | base=0.30 | wall=2.25 | search=  0 | target=none
R2[SEARCH    ]: carry=0 | base=0.57 | wall=1.93 | search=286 | target=site(0.63,0.11)
R3[BASE_ESC  ]: carry=0 | base=0.23 | wall=2.28 | search=427 | target=none
R4[RTB       ]: carry=1 | base=0.25 | wall=2.25 | search=  0 | target=none

[DEPOSIT] R4 deposited! Total: 3
  [TARGET] R4 → SITE (-0.07, -0.40)
[PICKUP] R2 picked up tag (density=5) | Total: 4
[PICKUP] R4 picked up tag (density=7) | Total: 5
[PICKUP] R1 picked up tag (density=12) | Total: 6
  [GIVE-UP] R3 returned empty after 780 searching steps
  [TARGET] R3 → WALL (-0.27, -2.42)
[PICKUP] R3 picked up tag (density=6) | Total: 7

======================================================================
Step 1500 (0.8 min) | Pickups: 7 | Deposits: 3 | Rate: 3.75 tags/min | phero_entries=0 max_w=0.000
======================================================================
R1[SURVEY    ]: carry=1 | base=1.11 | wall=1.43 | search=  0 | target=none
R2[RTB       ]: carry=1 | base=0.63 | wall=1.88 | search=  0 | target=none
R3[SURVEY    ]: carry=1 | base=0.49 | wall=2.01 | search=  0 | target=none
R4[SURVEY    ]: carry=1 | base=0.41 | wall=2.12 | search=  0 | target=none

[DEPOSIT] R4 deposited! Total: 4
  [TARGET] R4 → SITE (-0.13, -0.39)
[DEPOSIT] R2 deposited! Total: 5
  [TARGET] R2 → SITE (0.60, 0.16)
[DEPOSIT] R1 deposited! Total: 6
  [PHERO] Laid at (-1.07, 0.26) density=12 prob=0.72 entries=1
  [TARGET] R1 → SITE (-1.07, 0.26)
[DEPOSIT] R3 deposited! Total: 7
  [TARGET] R3 → SITE (-0.07, -0.48)
[PICKUP] R4 picked up tag (density=5) | Total: 8
[PICKUP] R2 picked up tag (density=4) | Total: 9

======================================================================
Step 2000 (1.1 min) | Pickups: 9 | Deposits: 7 | Rate: 6.56 tags/min | phero_entries=1 max_w=0.311
======================================================================
R1[SITE      ]: carry=0 | base=0.80 | wall=1.73 | search=  0 | target=site(-1.07,0.26)
R2[SURVEY    ]: carry=1 | base=0.66 | wall=1.87 | search=  0 | target=none
R3[SITE      ]: carry=0 | base=0.38 | wall=2.12 | search=  0 | target=site(-0.07,-0.48)
R4[SURVEY    ]: carry=1 | base=0.43 | wall=2.09 | search=  0 | target=none

[PICKUP] R3 picked up tag (density=4) | Total: 10
[DEPOSIT] R4 deposited! Total: 8
  [TARGET] R4 → SITE (-0.14, -0.41)
[PICKUP] R1 picked up tag (density=11) | Total: 11
[DEPOSIT] R2 deposited! Total: 9
  [TARGET] R2 → SITE (0.63, 0.19)
[DEPOSIT] R3 deposited! Total: 10
  [TARGET] R3 → SITE (-0.13, -0.51)

======================================================================
Step 2500 (1.3 min) | Pickups: 11 | Deposits: 10 | Rate: 7.50 tags/min | phero_entries=1 max_w=0.036
======================================================================
R1[RTB       ]: carry=1 | base=0.90 | wall=1.61 | search=  0 | target=none
R2[BASE_ESC  ]: carry=0 | base=0.24 | wall=2.27 | search=  0 | target=site(0.63,0.19)
R3[BASE_ESC  ]: carry=0 | base=0.22 | wall=2.28 | search=  0 | target=site(-0.13,-0.51)
R4[SEARCH    ]: carry=0 | base=0.36 | wall=2.16 | search=134 | target=site(-0.14,-0.41)

[DEPOSIT] R1 deposited! Total: 11
  [PHERO] Laid at (-1.07, 0.15) density=11 prob=0.61 entries=2
  [TARGET] R1 → SITE (-1.07, 0.15)
[PICKUP] R2 picked up tag (density=3) | Total: 12

======================================================================
Step 3000 (1.6 min) | Pickups: 12 | Deposits: 11 | Rate: 6.88 tags/min | phero_entries=2 max_w=0.240
======================================================================
R1[SEARCH    ]: carry=0 | base=1.04 | wall=1.48 | search=  2 | target=site(-1.07,0.15)
R2[SURVEY    ]: carry=1 | base=0.61 | wall=1.92 | search=  0 | target=none
R3[GIVE_UP   ]: carry=0 | base=0.50 | wall=2.01 | search=312 | target=none
R4[BASE_ESC  ]: carry=0 | base=0.24 | wall=2.29 | search=634 | target=site(-0.14,-0.41)

[PICKUP] R1 picked up tag (density=10) | Total: 13
  [GIVE-UP] R3 returned empty after 312 searching steps
  [TARGET] R3 → PHERO (-1.07, 0.15)
[DEPOSIT] R2 deposited! Total: 12
  [TARGET] R2 → SITE (0.57, 0.20)
  [GIVE-UP] R4 returned empty after 936 searching steps
  [TARGET] R4 → PHERO (-1.07, 0.15)
[DEPOSIT] R1 deposited! Total: 13
  [TARGET] R1 → SITE (-1.09, 0.16)

======================================================================
Step 3500 (1.9 min) | Pickups: 13 | Deposits: 13 | Rate: 6.96 tags/min | phero_entries=1 max_w=0.028
======================================================================
R1[BASE_ESC  ]: carry=0 | base=0.23 | wall=2.27 | search=  0 | target=site(-1.09,0.16)
R2[SEARCH    ]: carry=0 | base=0.58 | wall=1.95 | search= 51 | target=site(0.57,0.20)
R3[PHERO     ]: carry=0 | base=0.98 | wall=1.53 | search=  0 | target=phero(-1.07,0.15)
R4[PHERO     ]: carry=0 | base=0.29 | wall=2.22 | search=  0 | target=phero(-1.07,0.15)

[PICKUP] R2 picked up tag (density=2) | Total: 14
[PICKUP] R3 picked up tag (density=9) | Total: 15
[DEPOSIT] R2 deposited! Total: 14
  [TARGET] R2 → SITE (0.54, 0.20)

======================================================================
Step 4000 (2.1 min) | Pickups: 15 | Deposits: 14 | Rate: 6.56 tags/min | phero_entries=1 max_w=0.003
======================================================================
R1[SEARCH    ]: carry=0 | base=0.96 | wall=1.57 | search=138 | target=site(-1.09,0.16)
R2[BASE_ESC  ]: carry=0 | base=0.22 | wall=2.28 | search=  0 | target=site(0.54,0.20)
R3[RTB       ]: carry=1 | base=1.10 | wall=1.44 | search=  0 | target=none
R4[GIVE_UP   ]: carry=0 | base=1.03 | wall=1.49 | search=156 | target=none

[PICKUP] R2 picked up tag (density=1) | Total: 16
  [GIVE-UP] R4 returned empty after 156 searching steps
  [TARGET] R4 → PHERO (-1.07, 0.15)
[DEPOSIT] R3 deposited! Total: 15
  [TARGET] R3 → SITE (-1.15, 0.25)
[PICKUP] R1 picked up tag (density=8) | Total: 17

======================================================================
Step 4500 (2.4 min) | Pickups: 17 | Deposits: 15 | Rate: 6.25 tags/min | phero_entries=0 max_w=0.000
======================================================================
R1[SURVEY    ]: carry=1 | base=1.12 | wall=1.38 | search=  0 | target=none
R2[RTB       ]: carry=1 | base=0.56 | wall=1.97 | search=  0 | target=none
R3[SITE      ]: carry=0 | base=0.76 | wall=1.75 | search=  0 | target=site(-1.15,0.25)
R4[PHERO     ]: carry=0 | base=0.73 | wall=1.79 | search=  0 | target=phero(-1.07,0.15)

[DEPOSIT] R2 deposited! Total: 16
  [TARGET] R2 → SITE (0.51, 0.21)
[DEPOSIT] R1 deposited! Total: 17
  [TARGET] R1 → SITE (-1.11, 0.10)

======================================================================
Step 5000 (2.7 min) | Pickups: 17 | Deposits: 17 | Rate: 6.38 tags/min | phero_entries=0 max_w=0.000
======================================================================
R1[SITE      ]: carry=0 | base=0.26 | wall=2.26 | search=  0 | target=site(-1.11,0.10)
R2[SEARCH    ]: carry=0 | base=0.55 | wall=1.96 | search=146 | target=site(0.51,0.21)
R3[SEARCH    ]: carry=0 | base=1.04 | wall=1.54 | search=390 | target=site(-1.15,0.25)
R4[SEARCH    ]: carry=0 | base=0.99 | wall=1.53 | search=395 | target=phero(-1.07,0.15)


======================================================================
Step 5500 (2.9 min) | Pickups: 17 | Deposits: 17 | Rate: 5.80 tags/min | phero_entries=0 max_w=0.000
======================================================================
R1[SEARCH    ]: carry=0 | base=0.94 | wall=1.57 | search=276 | target=site(-1.11,0.10)
R2[GIVE_UP   ]: carry=0 | base=0.58 | wall=1.93 | search=624 | target=none
R3[GIVE_UP   ]: carry=0 | base=0.86 | wall=1.69 | search=780 | target=none
R4[GIVE_UP   ]: carry=0 | base=0.49 | wall=2.03 | search=624 | target=none

  [GIVE-UP] R4 returned empty after 624 searching steps
  [TARGET] R4 → WALL (2.42, -1.64)
  [GIVE-UP] R2 returned empty after 624 searching steps
  [TARGET] R2 → WALL (2.42, 1.26)
  [GIVE-UP] R3 returned empty after 780 searching steps
  [TARGET] R3 → WALL (-0.36, 2.42)

======================================================================
Step 6000 (3.2 min) | Pickups: 17 | Deposits: 17 | Rate: 5.31 tags/min | phero_entries=0 max_w=0.000
======================================================================
R1[SEARCH    ]: carry=0 | base=0.91 | wall=1.60 | search=776 | target=site(-1.11,0.10)
R2[DEPART    ]: carry=0 | base=1.09 | wall=1.46 | search=  0 | target=none
R3[DEPART    ]: carry=0 | base=0.99 | wall=1.55 | search=  0 | target=none
R4[BASE_ESC  ]: carry=0 | base=0.22 | wall=2.28 | search=151 | target=none

  [GIVE-UP] R1 returned empty after 780 searching steps
  [TARGET] R1 → WALL (-2.42, 1.57)

======================================================================
Step 6500 (3.5 min) | Pickups: 17 | Deposits: 17 | Rate: 4.90 tags/min | phero_entries=0 max_w=0.000
======================================================================
R1[SEARCH    ]: carry=0 | base=0.87 | wall=1.75 | search= 44 | target=none
R2[GIVE_UP   ]: carry=0 | base=1.17 | wall=1.37 | search=468 | target=none
R3[DEPART    ]: carry=0 | base=2.12 | wall=0.39 | search=  0 | target=none
R4[SEARCH    ]: carry=0 | base=0.33 | wall=2.19 | search=651 | target=none

  [GIVE-UP] R2 returned empty after 468 searching steps
  [TARGET] R2 → WALL (-1.60, 2.42)
  [GIVE-UP] R1 returned empty after 156 searching steps
  [TARGET] R1 → WALL (2.42, -0.17)

======================================================================
Step 7000 (3.7 min) | Pickups: 17 | Deposits: 17 | Rate: 4.55 tags/min | phero_entries=0 max_w=0.000
======================================================================
R1[BASE_ESC  ]: carry=0 | base=0.25 | wall=2.26 | search=  0 | target=none
R2[DEPART    ]: carry=0 | base=0.51 | wall=1.99 | search=  0 | target=none
R3[GIVE_UP   ]: carry=0 | base=1.53 | wall=0.98 | search=312 | target=none
R4[SEARCH    ]: carry=0 | base=0.26 | wall=2.27 | search=1151 | target=none

  [GIVE-UP] R4 returned empty after 1248 searching steps
  [TARGET] R4 → WALL (-1.28, 2.42)
  [GIVE-UP] R3 returned empty after 312 searching steps
  [TARGET] R3 → WALL (-2.42, -1.86)

======================================================================
Step 7500 (4.0 min) | Pickups: 17 | Deposits: 17 | Rate: 4.25 tags/min | phero_entries=0 max_w=0.000
======================================================================
R1[DEPART    ]: carry=0 | base=1.74 | wall=0.76 | search=  0 | target=none
R2[SEARCH    ]: carry=0 | base=1.33 | wall=1.22 | search=337 | target=none
R3[DEPART    ]: carry=0 | base=0.29 | wall=2.23 | search=  0 | target=none
R4[DEPART    ]: carry=0 | base=0.86 | wall=1.66 | search=  0 | target=none

  [GIVE-UP] R2 returned empty after 468 searching steps
  [TARGET] R2 → WALL (-1.71, -2.42)

======================================================================
Step 8000 (4.3 min) | Pickups: 17 | Deposits: 17 | Rate: 3.98 tags/min | phero_entries=0 max_w=0.000
======================================================================
R1[SEARCH    ]: carry=0 | base=1.45 | wall=1.10 | search= 19 | target=none
R2[BASE_ESC  ]: carry=0 | base=0.24 | wall=2.28 | search=  0 | target=none
R3[SEARCH    ]: carry=0 | base=1.51 | wall=1.24 | search= 88 | target=none
R4[SEARCH    ]: carry=0 | base=1.13 | wall=1.38 | search=456 | target=none


======================================================================
Step 8500 (4.5 min) | Pickups: 17 | Deposits: 17 | Rate: 3.75 tags/min | phero_entries=0 max_w=0.000
======================================================================
R1[SEARCH    ]: carry=0 | base=1.39 | wall=1.17 | search=519 | target=none
R2[DEPART    ]: carry=0 | base=1.27 | wall=1.58 | search=  0 | target=none
R3[SEARCH    ]: carry=0 | base=1.67 | wall=1.12 | search=588 | target=none
R4[SEARCH    ]: carry=0 | base=1.18 | wall=1.40 | search=956 | target=none


======================================================================
Step 9000 (4.8 min) | Pickups: 17 | Deposits: 17 | Rate: 3.54 tags/min | phero_entries=0 max_w=0.000
======================================================================
R1[GIVE_UP   ]: carry=0 | base=0.31 | wall=2.22 | search=624 | target=none
R2[WALL_ESC  ]: carry=0 | base=2.67 | wall=0.31 | search=112 | target=none
R3[GIVE_UP   ]: carry=0 | base=0.82 | wall=1.81 | search=780 | target=none
R4[SEARCH    ]: carry=0 | base=1.32 | wall=1.29 | search=1456 | target=none

  [GIVE-UP] R1 returned empty after 624 searching steps
  [TARGET] R1 → WALL (-0.28, -2.42)
[PICKUP] R3 picked up tag (density=3) | Total: 18
[DEPOSIT] R3 deposited! Total: 18
  [TARGET] R3 → WALL (2.42, 1.50)

======================================================================
Step 9500 (5.1 min) | Pickups: 18 | Deposits: 18 | Rate: 3.55 tags/min | phero_entries=0 max_w=0.000
======================================================================
R1[SEARCH    ]: carry=0 | base=0.88 | wall=1.65 | search=217 | target=none
R2[GIVE_UP   ]: carry=0 | base=0.85 | wall=1.80 | search=156 | target=none
R3[DEPART    ]: carry=0 | base=0.27 | wall=2.26 | search=  0 | target=none
R4[GIVE_UP   ]: carry=0 | base=0.69 | wall=1.86 | search=1716 | target=none

[PICKUP] R2 picked up tag (density=2) | Total: 19
  [GIVE-UP] R4 returned empty after 1716 searching steps
  [TARGET] R4 → WALL (-2.42, 0.62)
[DEPOSIT] R2 deposited! Total: 19
  [TARGET] R2 → WALL (-2.42, -0.10)

======================================================================
Step 10000 (5.3 min) | Pickups: 19 | Deposits: 19 | Rate: 3.56 tags/min | phero_entries=0 max_w=0.000
======================================================================
R1[SEARCH    ]: carry=0 | base=0.62 | wall=1.88 | search=717 | target=none
R2[DEPART    ]: carry=0 | base=0.28 | wall=2.23 | search=  0 | target=none
R3[DEPART    ]: carry=0 | base=1.32 | wall=1.31 | search=  0 | target=none
R4[DEPART    ]: carry=0 | base=0.96 | wall=1.65 | search=  0 | target=none


======================================================================
Step 10500 (5.6 min) | Pickups: 19 | Deposits: 19 | Rate: 3.39 tags/min | phero_entries=0 max_w=0.000
======================================================================
R1[GIVE_UP   ]: carry=0 | base=0.31 | wall=2.19 | search=1092 | target=none
R2[SEARCH    ]: carry=0 | base=1.66 | wall=0.84 | search= 72 | target=none
R3[SEARCH    ]: carry=0 | base=1.90 | wall=0.95 | search=398 | target=none
R4[SEARCH    ]: carry=0 | base=1.13 | wall=1.43 | search=464 | target=none

  [GIVE-UP] R1 returned empty after 1092 searching steps
  [TARGET] R1 → WALL (-2.42, -1.18)
[PICKUP] R2 picked up tag (density=7) | Total: 20
[PICKUP] R1 picked up tag (density=1) | Total: 21

======================================================================
Step 11000 (5.9 min) | Pickups: 21 | Deposits: 19 | Rate: 3.24 tags/min | phero_entries=0 max_w=0.000
======================================================================
R1[SURVEY    ]: carry=1 | base=0.49 | wall=2.06 | search=  0 | target=none
R2[RTB       ]: carry=1 | base=0.60 | wall=1.90 | search=  0 | target=none
R3[SEARCH    ]: carry=0 | base=1.85 | wall=1.18 | search=898 | target=none
R4[SEARCH    ]: carry=0 | base=1.36 | wall=1.23 | search=964 | target=none

[DEPOSIT] R2 deposited! Total: 20
  [TARGET] R2 → SITE (-1.50, -0.08)
[DEPOSIT] R1 deposited! Total: 21
  [TARGET] R1 → WALL (-2.42, 0.64)
[PICKUP] R2 picked up tag (density=6) | Total: 22

======================================================================
Step 11500 (6.1 min) | Pickups: 22 | Deposits: 21 | Rate: 3.42 tags/min | phero_entries=0 max_w=0.000
======================================================================
R1[DEPART    ]: carry=0 | base=0.68 | wall=1.83 | search=  0 | target=none
R2[SURVEY    ]: carry=1 | base=1.18 | wall=1.32 | search=  0 | target=none
R3[SEARCH    ]: carry=0 | base=1.60 | wall=1.34 | search=1398 | target=none
R4[SEARCH    ]: carry=0 | base=0.99 | wall=1.56 | search=1464 | target=none

  [GIVE-UP] R3 returned empty after 1404 searching steps
  [TARGET] R3 → WALL (-0.85, 2.42)

======================================================================
Step 12000 (6.4 min) | Pickups: 22 | Deposits: 21 | Rate: 3.28 tags/min | phero_entries=0 max_w=0.000
======================================================================
R1[SEARCH    ]: carry=0 | base=0.90 | wall=1.60 | search=452 | target=none
R2[RTB       ]: carry=1 | base=0.85 | wall=1.65 | search=  0 | target=none
R3[BASE_ESC  ]: carry=0 | base=0.22 | wall=2.32 | search=  0 | target=none
R4[SEARCH    ]: carry=0 | base=1.07 | wall=1.47 | search=1964 | target=none

[DEPOSIT] R2 deposited! Total: 22
  [TARGET] R2 → SITE (-1.18, -0.09)
  [GIVE-UP] R1 returned empty after 780 searching steps
  [TARGET] R1 → WALL (2.42, -0.47)

======================================================================
Step 12500 (6.7 min) | Pickups: 22 | Deposits: 22 | Rate: 3.30 tags/min | phero_entries=0 max_w=0.000
======================================================================
R1[BASE_ESC  ]: carry=0 | base=0.23 | wall=2.27 | search=  0 | target=none
R2[SITE      ]: carry=0 | base=1.06 | wall=1.44 | search=  0 | target=site(-1.18,-0.09)
R3[SEARCH    ]: carry=0 | base=0.42 | wall=2.09 | search=300 | target=none
R4[GIVE_UP   ]: carry=0 | base=0.88 | wall=1.70 | search=2340 | target=none

  [GIVE-UP] R4 returned empty after 2340 searching steps
  [TARGET] R4 → WALL (-2.42, 1.69)

======================================================================
Step 13000 (6.9 min) | Pickups: 22 | Deposits: 22 | Rate: 3.17 tags/min | phero_entries=0 max_w=0.000
======================================================================
R1[DEPART    ]: carry=0 | base=0.25 | wall=2.25 | search=  0 | target=none
R2[SEARCH    ]: carry=0 | base=1.09 | wall=1.42 | search=483 | target=site(-1.18,-0.09)
R3[GIVE_UP   ]: carry=0 | base=0.31 | wall=2.20 | search=780 | target=none
R4[DEPART    ]: carry=0 | base=0.97 | wall=1.75 | search=  0 | target=none

[PICKUP] R2 picked up tag (density=5) | Total: 23
  [GIVE-UP] R3 returned empty after 780 searching steps
  [TARGET] R3 → WALL (-1.65, -2.42)

======================================================================
Step 13500 (7.2 min) | Pickups: 23 | Deposits: 22 | Rate: 3.06 tags/min | phero_entries=0 max_w=0.000
======================================================================
R1[DEPART    ]: carry=0 | base=1.68 | wall=0.84 | search=  0 | target=none
R2[RTB       ]: carry=1 | base=0.61 | wall=1.90 | search=  0 | target=none
R3[SEARCH    ]: carry=0 | base=0.27 | wall=2.30 | search=140 | target=none
R4[SEARCH    ]: carry=0 | base=2.03 | wall=0.93 | search=232 | target=none

[DEPOSIT] R2 deposited! Total: 23
  [TARGET] R2 → SITE (-1.15, 0.16)
  [GIVE-UP] R3 returned empty after 468 searching steps
  [TARGET] R3 → WALL (0.35, 2.42)

======================================================================
Step 14000 (7.5 min) | Pickups: 23 | Deposits: 23 | Rate: 3.08 tags/min | phero_entries=0 max_w=0.000
======================================================================
R1[SEARCH    ]: carry=0 | base=1.94 | wall=0.59 | search=482 | target=none
R2[SEARCH    ]: carry=0 | base=1.13 | wall=1.37 | search= 58 | target=site(-1.15,0.16)
R3[BASE_ESC  ]: carry=0 | base=0.23 | wall=2.29 | search=  0 | target=none
R4[SEARCH    ]: carry=0 | base=2.06 | wall=0.88 | search=732 | target=none

  [GIVE-UP] R2 returned empty after 156 searching steps
  [TARGET] R2 → WALL (1.69, 2.42)

======================================================================
Step 14500 (7.7 min) | Pickups: 23 | Deposits: 23 | Rate: 2.97 tags/min | phero_entries=0 max_w=0.000
======================================================================
R1[SEARCH    ]: carry=0 | base=2.03 | wall=0.49 | search=982 | target=none
R2[DEPART    ]: carry=0 | base=0.32 | wall=2.25 | search=  0 | target=none
R3[DEPART    ]: carry=0 | base=1.26 | wall=1.29 | search=  0 | target=none
R4[SEARCH    ]: carry=0 | base=2.24 | wall=0.70 | search=1232 | target=none


======================================================================
Step 15000 (8.0 min) | Pickups: 23 | Deposits: 23 | Rate: 2.88 tags/min | phero_entries=0 max_w=0.000
======================================================================
R1[GIVE_UP   ]: carry=0 | base=0.80 | wall=1.73 | search=1092 | target=none
R2[SEARCH    ]: carry=0 | base=1.61 | wall=1.13 | search=111 | target=none
R3[SEARCH    ]: carry=0 | base=1.97 | wall=0.54 | search= 72 | target=none
R4[GIVE_UP   ]: carry=0 | base=1.26 | wall=1.48 | search=1404 | target=none

  [GIVE-UP] R1 returned empty after 1092 searching steps
  [TARGET] R1 → WALL (-2.42, -2.19)
  [GIVE-UP] R4 returned empty after 1404 searching steps
  [TARGET] R4 → WALL (2.42, -1.68)

======================================================================
Step 15500 (8.3 min) | Pickups: 23 | Deposits: 23 | Rate: 2.78 tags/min | phero_entries=0 max_w=0.000
======================================================================
R1[DEPART    ]: carry=0 | base=0.72 | wall=1.86 | search=  0 | target=none
R2[SEARCH    ]: carry=0 | base=1.47 | wall=1.30 | search=611 | target=none
R3[SEARCH    ]: carry=0 | base=2.04 | wall=0.47 | search=572 | target=none
R4[BASE_ESC  ]: carry=0 | base=0.24 | wall=2.26 | search=  0 | target=none


======================================================================
Step 16000 (8.5 min) | Pickups: 23 | Deposits: 23 | Rate: 2.70 tags/min | phero_entries=0 max_w=0.000
======================================================================
R1[SEARCH    ]: carry=0 | base=1.05 | wall=1.53 | search=433 | target=none
R2[SEARCH    ]: carry=0 | base=1.44 | wall=1.25 | search=1111 | target=none
R3[SEARCH    ]: carry=0 | base=2.01 | wall=0.50 | search=1072 | target=none
R4[SEARCH    ]: carry=0 | base=0.37 | wall=2.16 | search=421 | target=none


======================================================================
Step 16500 (8.8 min) | Pickups: 23 | Deposits: 23 | Rate: 2.61 tags/min | phero_entries=0 max_w=0.000
======================================================================
R1[GIVE_UP   ]: carry=0 | base=0.59 | wall=1.98 | search=780 | target=none
R2[SEARCH    ]: carry=0 | base=1.80 | wall=0.91 | search=1611 | target=none
R3[GIVE_UP   ]: carry=0 | base=0.84 | wall=1.66 | search=1248 | target=none
R4[SEARCH    ]: carry=0 | base=0.37 | wall=2.14 | search=921 | target=none

  [GIVE-UP] R1 returned empty after 780 searching steps
  [TARGET] R1 → WALL (-2.42, -0.64)
  [GIVE-UP] R3 returned empty after 1248 searching steps
  [TARGET] R3 → WALL (2.42, -2.07)

======================================================================
Step 17000 (9.1 min) | Pickups: 23 | Deposits: 23 | Rate: 2.54 tags/min | phero_entries=0 max_w=0.000
======================================================================
R1[DEPART    ]: carry=0 | base=1.35 | wall=1.22 | search=  0 | target=none
R2[SEARCH    ]: carry=0 | base=1.46 | wall=1.13 | search=2111 | target=none
R3[DEPART    ]: carry=0 | base=0.34 | wall=2.16 | search=  0 | target=none
R4[SEARCH    ]: carry=0 | base=0.48 | wall=2.13 | search=1421 | target=none

  [GIVE-UP] R4 returned empty after 1716 searching steps
  [TARGET] R4 → WALL (0.75, -2.42)

======================================================================
Step 17500 (9.3 min) | Pickups: 23 | Deposits: 23 | Rate: 2.46 tags/min | phero_entries=0 max_w=0.000
======================================================================
R1[DEPART    ]: carry=0 | base=1.81 | wall=0.73 | search=  0 | target=none
R2[GIVE_UP   ]: carry=0 | base=1.44 | wall=1.09 | search=2496 | target=none
R3[SEARCH    ]: carry=0 | base=0.72 | wall=1.80 | search=419 | target=none
R4[BASE_ESC  ]: carry=0 | base=0.23 | wall=2.33 | search=  0 | target=none

  [GIVE-UP] R3 returned empty after 468 searching steps
  [TARGET] R3 → WALL (-2.42, -0.50)
  [GIVE-UP] R2 returned empty after 2496 searching steps
  [TARGET] R2 → WALL (-2.42, -1.05)

======================================================================
Step 18000 (9.6 min) | Pickups: 23 | Deposits: 23 | Rate: 2.40 tags/min | phero_entries=0 max_w=0.000
======================================================================
R1[GIVE_UP   ]: carry=0 | base=0.86 | wall=1.65 | search=156 | target=none
R2[DEPART    ]: carry=0 | base=0.31 | wall=2.23 | search=  0 | target=none
R3[DEPART    ]: carry=0 | base=0.26 | wall=2.27 | search=  0 | target=none
R4[DEPART    ]: carry=0 | base=1.82 | wall=0.74 | search=  0 | target=none

  [GIVE-UP] R1 returned empty after 156 searching steps
  [TARGET] R1 → WALL (-2.42, 1.50)

======================================================================
Step 18500 (9.9 min) | Pickups: 23 | Deposits: 23 | Rate: 2.33 tags/min | phero_entries=0 max_w=0.000
======================================================================
R1[SEARCH    ]: carry=0 | base=0.64 | wall=1.87 | search= 49 | target=none
R2[DEPART    ]: carry=0 | base=1.93 | wall=0.70 | search=  0 | target=none
R3[SEARCH    ]: carry=0 | base=0.94 | wall=1.56 | search= 36 | target=none
R4[DEPART    ]: carry=0 | base=1.57 | wall=0.99 | search=  0 | target=none

TIMEOUT_RESULT pickups=23 deposits=23 steps=18750 elapsed_min=10.000000
BATCH_RESULT pickups=23 deposits=23
