=================================================================
CPFA BASELINE — ARGoS-calibrated parameters
  Params file                  = /home/sara/Documents/RL-FL-Foraging/cpfa_tuning_20260715_155549/trial_018/params.yaml
  Results file                 = /home/sara/Documents/RL-FL-Foraging/controllers/cpfa_baseline/results/cpfa_baseline_results_20260715_164445_8.txt
  RateOfLayingPheromone        = 8.868095896163021
  RateOfSiteFidelity           = 2.690992736892639
  RateOfPheromoneDecay         = 0.1712966945110962 /s  (lifetime ~40s)
  ProbabilityOfReturningToNest = 0.11389459922181626 (every 5 sec → E[give-up] ~44s)
  UninformedSearchVariation    = 1.59 rad (90.9°)
  RateOfInformedSearchDecay    = 1.6830123163039117 /waypoint
  ProbabilityOfSwitchingToSearching = 0.3003427077049807 (every 5 sec in uninformed DEPARTING)
=================================================================

[PICKUP] R2 picked up tag (density=6) | Total: 1
[PICKUP] R3 picked up tag (density=9) | Total: 2
[DEPOSIT] R3 deposited! Total: 1
  [PHERO] Laid at (0.00, 0.50) density=9 prob=0.60 entries=1
  [TARGET] R3 → SITE (0.00, 0.50)
[DEPOSIT] R2 deposited! Total: 2
  [TARGET] R2 → SITE (0.50, 0.00)

======================================================================
Step 500 (0.3 min) | Pickups: 2 | Deposits: 2 | Rate: 7.50 tags/min | phero_entries=1 max_w=0.301
======================================================================
R1[SEARCH    ]: carry=0 | base=0.51 | wall=2.00 | search=315 | target=none
R2[SITE      ]: carry=0 | base=0.28 | wall=2.25 | search=  0 | target=site(0.50,0.00)
R3[SEARCH    ]: carry=0 | base=0.48 | wall=2.02 | search=  5 | target=site(0.00,0.50)
R4[SEARCH    ]: carry=0 | base=1.50 | wall=1.07 | search=188 | target=none

[PICKUP] R3 picked up tag (density=8) | Total: 3
[PICKUP] R2 picked up tag (density=5) | Total: 4
  [GIVE-UP] R1 returned empty after 468 searching steps
  [TARGET] R1 → PHERO (0.00, 0.50)
[DEPOSIT] R2 deposited! Total: 3
  [TARGET] R2 → SITE (0.37, -0.12)
[DEPOSIT] R3 deposited! Total: 4
  [PHERO] Laid at (-0.01, 0.49) density=8 prob=0.47 entries=2
  [TARGET] R3 → SITE (-0.01, 0.49)

======================================================================
Step 1000 (0.5 min) | Pickups: 4 | Deposits: 4 | Rate: 7.50 tags/min | phero_entries=2 max_w=0.559
======================================================================
R1[PHERO     ]: carry=0 | base=0.26 | wall=2.27 | search=  0 | target=phero(0.00,0.50)
R2[SITE      ]: carry=0 | base=0.27 | wall=2.25 | search=  0 | target=site(0.37,-0.12)
R3[SITE      ]: carry=0 | base=0.25 | wall=2.27 | search=  0 | target=site(-0.01,0.49)
R4[SEARCH    ]: carry=0 | base=1.55 | wall=1.22 | search=688 | target=none

[PICKUP] R2 picked up tag (density=4) | Total: 5
[PICKUP] R1 picked up tag (density=7) | Total: 6
[DEPOSIT] R2 deposited! Total: 5
  [TARGET] R2 → SITE (0.36, 0.01)
[PICKUP] R4 picked up tag (density=12) | Total: 7

======================================================================
Step 1500 (0.8 min) | Pickups: 7 | Deposits: 5 | Rate: 6.25 tags/min | phero_entries=2 max_w=0.036
======================================================================
R1[SURVEY    ]: carry=1 | base=0.49 | wall=2.01 | search=  0 | target=none
R2[BASE_ESC  ]: carry=0 | base=0.23 | wall=2.30 | search=  0 | target=site(0.36,0.01)
R3[SEARCH    ]: carry=0 | base=0.57 | wall=1.94 | search=395 | target=site(-0.01,0.49)
R4[SURVEY    ]: carry=1 | base=1.51 | wall=1.34 | search=  0 | target=none

[DEPOSIT] R1 deposited! Total: 6
  [TARGET] R1 → SITE (-0.03, 0.49)
[PICKUP] R3 picked up tag (density=6) | Total: 8
[PICKUP] R2 picked up tag (density=3) | Total: 9
[PICKUP] R1 picked up tag (density=5) | Total: 10

======================================================================
Step 2000 (1.1 min) | Pickups: 10 | Deposits: 6 | Rate: 5.62 tags/min | phero_entries=1 max_w=0.002
======================================================================
R1[SURVEY    ]: carry=1 | base=0.43 | wall=2.07 | search=  0 | target=none
R2[SURVEY    ]: carry=1 | base=0.46 | wall=2.06 | search=  0 | target=none
R3[RTB       ]: carry=1 | base=0.59 | wall=1.91 | search=  0 | target=none
R4[RTB       ]: carry=1 | base=0.38 | wall=2.23 | search=  0 | target=none

[DEPOSIT] R4 deposited! Total: 7
  [PHERO] Laid at (0.97, -1.16) density=12 prob=0.89 entries=2
  [TARGET] R4 → SITE (0.97, -1.16)
[DEPOSIT] R3 deposited! Total: 8
  [TARGET] R3 → SITE (-0.08, 0.62)
[DEPOSIT] R2 deposited! Total: 9
  [TARGET] R2 → PHERO (0.97, -1.16)
[DEPOSIT] R1 deposited! Total: 10
  [PHERO] Laid at (-0.07, 0.43) density=5 prob=0.12 entries=2
  [TARGET] R1 → SITE (-0.07, 0.43)
[PICKUP] R4 picked up tag (density=11) | Total: 11
[PICKUP] R3 picked up tag (density=4) | Total: 12

======================================================================
Step 2500 (1.3 min) | Pickups: 12 | Deposits: 10 | Rate: 7.50 tags/min | phero_entries=2 max_w=0.320
======================================================================
R1[SITE      ]: carry=0 | base=0.42 | wall=2.08 | search=  0 | target=site(-0.07,0.43)
R2[PHERO     ]: carry=0 | base=0.67 | wall=1.93 | search=  0 | target=phero(0.97,-1.16)
R3[SURVEY    ]: carry=1 | base=0.64 | wall=1.87 | search=  0 | target=none
R4[SURVEY    ]: carry=1 | base=1.02 | wall=1.75 | search=  0 | target=none

[PICKUP] R2 picked up tag (density=10) | Total: 13
  [GIVE-UP] R1 returned empty after 156 searching steps
  [TARGET] R1 → PHERO (-0.07, 0.43)
[DEPOSIT] R4 deposited! Total: 11
  [PHERO] Laid at (0.69, -0.74) density=11 prob=0.82 entries=3
  [TARGET] R4 → SITE (0.69, -0.74)
[DEPOSIT] R3 deposited! Total: 12
  [TARGET] R3 → SITE (-0.14, 0.63)

======================================================================
Step 3000 (1.6 min) | Pickups: 13 | Deposits: 12 | Rate: 7.50 tags/min | phero_entries=3 max_w=0.529
======================================================================
R1[SEARCH    ]: carry=0 | base=0.49 | wall=2.03 | search= 99 | target=phero(-0.07,0.43)
R2[RTB       ]: carry=1 | base=0.76 | wall=1.90 | search=  0 | target=none
R3[BASE_ESC  ]: carry=0 | base=0.23 | wall=2.28 | search=  0 | target=site(-0.14,0.63)
R4[SITE      ]: carry=0 | base=0.26 | wall=2.27 | search=  0 | target=site(0.69,-0.74)

[PICKUP] R1 picked up tag (density=3) | Total: 14
[DEPOSIT] R2 deposited! Total: 13
  [TARGET] R2 → SITE (0.77, -0.74)
[PICKUP] R3 picked up tag (density=2) | Total: 15
[DEPOSIT] R1 deposited! Total: 14
  [TARGET] R1 → SITE (-0.16, 0.46)

======================================================================
Step 3500 (1.9 min) | Pickups: 15 | Deposits: 14 | Rate: 7.50 tags/min | phero_entries=2 max_w=0.034
======================================================================
R1[SITE      ]: carry=0 | base=0.30 | wall=2.21 | search=  0 | target=site(-0.16,0.46)
R2[SEARCH    ]: carry=0 | base=1.03 | wall=1.75 | search=  2 | target=site(0.77,-0.74)
R3[RTB       ]: carry=1 | base=0.55 | wall=1.96 | search=  0 | target=none
R4[SEARCH    ]: carry=0 | base=0.91 | wall=1.84 | search=285 | target=site(0.69,-0.74)

[PICKUP] R2 picked up tag (density=9) | Total: 16
[DEPOSIT] R3 deposited! Total: 15
  [TARGET] R3 → SITE (-0.15, 0.59)
[PICKUP] R1 picked up tag (density=1) | Total: 17
[PICKUP] R4 picked up tag (density=8) | Total: 18

======================================================================
Step 4000 (2.1 min) | Pickups: 18 | Deposits: 15 | Rate: 7.03 tags/min | phero_entries=1 max_w=0.002
======================================================================
R1[RTB       ]: carry=1 | base=0.38 | wall=2.13 | search=  0 | target=none
R2[RTB       ]: carry=1 | base=0.38 | wall=2.19 | search=  0 | target=none
R3[SEARCH    ]: carry=0 | base=0.64 | wall=1.86 | search=139 | target=site(-0.15,0.59)
R4[RTB       ]: carry=1 | base=1.09 | wall=1.70 | search=  0 | target=none

[DEPOSIT] R1 deposited! Total: 16
  [TARGET] R1 → SITE (-0.16, 0.45)
[DEPOSIT] R2 deposited! Total: 17
  [TARGET] R2 → SITE (0.82, -0.77)
[DEPOSIT] R4 deposited! Total: 18
  [TARGET] R4 → SITE (0.73, -0.80)

======================================================================
Step 4500 (2.4 min) | Pickups: 18 | Deposits: 18 | Rate: 7.50 tags/min | phero_entries=0 max_w=0.000
======================================================================
R1[SEARCH    ]: carry=0 | base=0.43 | wall=2.09 | search=103 | target=site(-0.16,0.45)
R2[SEARCH    ]: carry=0 | base=1.11 | wall=1.66 | search=116 | target=site(0.82,-0.77)
R3[SEARCH    ]: carry=0 | base=0.64 | wall=1.86 | search=639 | target=site(-0.15,0.59)
R4[SITE      ]: carry=0 | base=0.57 | wall=2.05 | search=  0 | target=site(0.73,-0.80)

  [GIVE-UP] R1 returned empty after 156 searching steps
  [TARGET] R1 → WALL (-2.42, -0.53)
[PICKUP] R4 picked up tag (density=7) | Total: 19
  [GIVE-UP] R2 returned empty after 156 searching steps
  [TARGET] R2 → WALL (2.42, -0.55)

======================================================================
Step 5000 (2.7 min) | Pickups: 19 | Deposits: 18 | Rate: 6.75 tags/min | phero_entries=0 max_w=0.000
======================================================================
R1[DEPART    ]: carry=0 | base=0.55 | wall=1.97 | search=  0 | target=none
R2[DEPART    ]: carry=0 | base=0.37 | wall=2.18 | search=  0 | target=none
R3[SEARCH    ]: carry=0 | base=0.79 | wall=1.75 | search=1139 | target=site(-0.15,0.59)
R4[RTB       ]: carry=1 | base=0.87 | wall=1.85 | search=  0 | target=none

[PICKUP] R1 picked up tag (density=12) | Total: 20
[DEPOSIT] R4 deposited! Total: 19
  [TARGET] R4 → SITE (0.76, -0.83)

======================================================================
Step 5500 (2.9 min) | Pickups: 20 | Deposits: 19 | Rate: 6.48 tags/min | phero_entries=0 max_w=0.000
======================================================================
R1[RTB       ]: carry=1 | base=0.71 | wall=1.80 | search=  0 | target=none
R2[SEARCH    ]: carry=0 | base=1.73 | wall=0.82 | search=105 | target=none
R3[SEARCH    ]: carry=0 | base=1.05 | wall=1.56 | search=1639 | target=site(-0.15,0.59)
R4[SITE      ]: carry=0 | base=1.00 | wall=1.78 | search=  0 | target=site(0.76,-0.83)

[DEPOSIT] R1 deposited! Total: 20
  [PHERO] Laid at (-1.08, -0.06) density=12 prob=0.89 entries=1
  [TARGET] R1 → SITE (-1.08, -0.06)

======================================================================
Step 6000 (3.2 min) | Pickups: 20 | Deposits: 20 | Rate: 6.25 tags/min | phero_entries=1 max_w=0.124
======================================================================
R1[SEARCH    ]: carry=0 | base=1.06 | wall=1.44 | search= 52 | target=site(-1.08,-0.06)
R2[SEARCH    ]: carry=0 | base=1.59 | wall=1.01 | search=605 | target=none
R3[SEARCH    ]: carry=0 | base=1.03 | wall=1.64 | search=2139 | target=site(-0.15,0.59)
R4[SEARCH    ]: carry=0 | base=0.95 | wall=1.79 | search=481 | target=site(0.76,-0.83)

[PICKUP] R4 picked up tag (density=6) | Total: 21

======================================================================
Step 6500 (3.5 min) | Pickups: 21 | Deposits: 20 | Rate: 5.77 tags/min | phero_entries=1 max_w=0.008
======================================================================
R1[SEARCH    ]: carry=0 | base=0.65 | wall=1.85 | search=552 | target=site(-1.08,-0.06)
R2[SEARCH    ]: carry=0 | base=1.43 | wall=1.17 | search=1105 | target=none
R3[GIVE_UP   ]: carry=0 | base=0.51 | wall=2.05 | search=2340 | target=none
R4[RTB       ]: carry=1 | base=1.15 | wall=1.54 | search=  0 | target=none

  [GIVE-UP] R3 returned empty after 2340 searching steps
  [TARGET] R3 → PHERO (-1.08, -0.06)
[DEPOSIT] R4 deposited! Total: 21
  [TARGET] R4 → SITE (0.95, -0.73)

======================================================================
Step 7000 (3.7 min) | Pickups: 21 | Deposits: 21 | Rate: 5.62 tags/min | phero_entries=0 max_w=0.000
======================================================================
R1[SEARCH    ]: carry=0 | base=0.57 | wall=1.94 | search=1052 | target=site(-1.08,-0.06)
R2[SEARCH    ]: carry=0 | base=1.17 | wall=1.47 | search=1605 | target=none
R3[PHERO     ]: carry=0 | base=0.95 | wall=1.55 | search=  0 | target=phero(-1.08,-0.06)
R4[SITE      ]: carry=0 | base=0.76 | wall=1.86 | search=  0 | target=site(0.95,-0.73)

  [GIVE-UP] R2 returned empty after 1716 searching steps
  [TARGET] R2 → WALL (2.42, 1.04)

======================================================================
Step 7500 (4.0 min) | Pickups: 21 | Deposits: 21 | Rate: 5.25 tags/min | phero_entries=0 max_w=0.000
======================================================================
R1[SEARCH    ]: carry=0 | base=0.44 | wall=2.09 | search=1552 | target=site(-1.08,-0.06)
R2[DEPART    ]: carry=0 | base=0.40 | wall=2.10 | search=  0 | target=none
R3[SEARCH    ]: carry=0 | base=1.10 | wall=1.45 | search=478 | target=phero(-1.08,-0.06)
R4[SEARCH    ]: carry=0 | base=1.31 | wall=1.33 | search=399 | target=site(0.95,-0.73)

[PICKUP] R2 picked up tag (density=2) | Total: 22
[DEPOSIT] R2 deposited! Total: 22
  [TARGET] R2 → SITE (0.44, -0.00)
  [GIVE-UP] R3 returned empty after 624 searching steps
  [TARGET] R3 → WALL (0.82, 2.42)

======================================================================
Step 8000 (4.3 min) | Pickups: 22 | Deposits: 22 | Rate: 5.16 tags/min | phero_entries=0 max_w=0.000
======================================================================
R1[GIVE_UP   ]: carry=0 | base=0.52 | wall=1.99 | search=2028 | target=none
R2[SITE      ]: carry=0 | base=0.30 | wall=2.24 | search=  0 | target=site(0.44,-0.00)
R3[BASE_ESC  ]: carry=0 | base=0.22 | wall=2.28 | search=  0 | target=none
R4[SEARCH    ]: carry=0 | base=1.45 | wall=1.15 | search=899 | target=site(0.95,-0.73)

[PICKUP] R2 picked up tag (density=1) | Total: 23
  [GIVE-UP] R1 returned empty after 2028 searching steps
  [TARGET] R1 → WALL (-2.42, -0.04)
[DEPOSIT] R2 deposited! Total: 23
  [TARGET] R2 → WALL (-2.42, -0.18)

======================================================================
Step 8500 (4.5 min) | Pickups: 23 | Deposits: 23 | Rate: 5.07 tags/min | phero_entries=0 max_w=0.000
======================================================================
R1[SEARCH    ]: carry=0 | base=0.85 | wall=1.71 | search=116 | target=none
R2[BASE_ESC  ]: carry=0 | base=0.23 | wall=2.28 | search=  0 | target=none
R3[SEARCH    ]: carry=0 | base=1.21 | wall=1.30 | search=124 | target=none
R4[SEARCH    ]: carry=0 | base=1.39 | wall=1.22 | search=1399 | target=site(0.95,-0.73)

[PICKUP] R4 picked up tag (density=5) | Total: 24

======================================================================
Step 9000 (4.8 min) | Pickups: 24 | Deposits: 23 | Rate: 4.79 tags/min | phero_entries=0 max_w=0.000
======================================================================
R1[SEARCH    ]: carry=0 | base=0.93 | wall=1.62 | search=616 | target=none
R2[SEARCH    ]: carry=0 | base=0.29 | wall=2.26 | search=224 | target=none
R3[SEARCH    ]: carry=0 | base=1.07 | wall=1.47 | search=624 | target=none
R4[SURVEY    ]: carry=1 | base=1.53 | wall=1.33 | search=  0 | target=none


======================================================================
Step 9500 (5.1 min) | Pickups: 24 | Deposits: 23 | Rate: 4.54 tags/min | phero_entries=0 max_w=0.000
======================================================================
R1[SEARCH    ]: carry=0 | base=0.66 | wall=1.86 | search=1116 | target=none
R2[SEARCH    ]: carry=0 | base=0.42 | wall=2.20 | search=724 | target=none
R3[GIVE_UP   ]: carry=0 | base=1.00 | wall=1.68 | search=1092 | target=none
R4[RTB       ]: carry=1 | base=0.70 | wall=1.93 | search=  0 | target=none

[DEPOSIT] R4 deposited! Total: 24
  [TARGET] R4 → SITE (1.17, -0.99)
  [GIVE-UP] R3 returned empty after 1092 searching steps
  [TARGET] R3 → WALL (-2.42, 0.69)

======================================================================
Step 10000 (5.3 min) | Pickups: 24 | Deposits: 24 | Rate: 4.50 tags/min | phero_entries=0 max_w=0.000
======================================================================
R1[SEARCH    ]: carry=0 | base=0.54 | wall=2.03 | search=1616 | target=none
R2[SEARCH    ]: carry=0 | base=0.26 | wall=2.24 | search=1224 | target=none
R3[DEPART    ]: carry=0 | base=0.30 | wall=2.26 | search=  0 | target=none
R4[SITE      ]: carry=0 | base=1.23 | wall=1.54 | search=  0 | target=site(1.17,-0.99)

[PICKUP] R4 picked up tag (density=4) | Total: 25
  [GIVE-UP] R2 returned empty after 1560 searching steps
  [TARGET] R2 → WALL (-2.42, 1.63)

======================================================================
Step 10500 (5.6 min) | Pickups: 25 | Deposits: 24 | Rate: 4.29 tags/min | phero_entries=0 max_w=0.000
======================================================================
R1[SEARCH    ]: carry=0 | base=0.34 | wall=2.18 | search=2116 | target=none
R2[BASE_ESC  ]: carry=0 | base=0.24 | wall=2.32 | search=  0 | target=none
R3[SEARCH    ]: carry=0 | base=0.87 | wall=1.85 | search=302 | target=none
R4[RTB       ]: carry=1 | base=0.44 | wall=2.13 | search=  0 | target=none

[DEPOSIT] R4 deposited! Total: 25
  [TARGET] R4 → SITE (0.98, -0.79)
  [GIVE-UP] R2 returned empty after 156 searching steps
  [TARGET] R2 → WALL (-2.42, 0.16)
[PICKUP] R4 picked up tag (density=3) | Total: 26

======================================================================
Step 11000 (5.9 min) | Pickups: 26 | Deposits: 25 | Rate: 4.26 tags/min | phero_entries=0 max_w=0.000
======================================================================
R1[SEARCH    ]: carry=0 | base=0.34 | wall=2.23 | search=2616 | target=none
R2[DEPART    ]: carry=0 | base=0.30 | wall=2.20 | search=  0 | target=none
R3[GIVE_UP   ]: carry=0 | base=0.36 | wall=2.19 | search=624 | target=none
R4[SURVEY    ]: carry=1 | base=1.25 | wall=1.53 | search=  0 | target=none

  [GIVE-UP] R3 returned empty after 624 searching steps
  [TARGET] R3 → WALL (-2.42, -2.28)
[PICKUP] R2 picked up tag (density=11) | Total: 27

======================================================================
Step 11500 (6.1 min) | Pickups: 27 | Deposits: 25 | Rate: 4.08 tags/min | phero_entries=0 max_w=0.000
======================================================================
R1[SEARCH    ]: carry=0 | base=0.42 | wall=2.09 | search=3116 | target=none
R2[SURVEY    ]: carry=1 | base=1.07 | wall=1.46 | search=  0 | target=none
R3[DEPART    ]: carry=0 | base=0.94 | wall=1.68 | search=  0 | target=none
R4[RTB       ]: carry=1 | base=0.30 | wall=2.25 | search=  0 | target=none

[DEPOSIT] R4 deposited! Total: 26
  [TARGET] R4 → WALL (-0.74, -2.42)
[DEPOSIT] R2 deposited! Total: 27
  [PHERO] Laid at (-1.04, 0.26) density=11 prob=0.82 entries=1
  [TARGET] R2 → SITE (-1.04, 0.26)

======================================================================
Step 12000 (6.4 min) | Pickups: 27 | Deposits: 27 | Rate: 4.22 tags/min | phero_entries=1 max_w=0.291
======================================================================
R1[SEARCH    ]: carry=0 | base=0.64 | wall=2.01 | search=3616 | target=none
R2[SITE      ]: carry=0 | base=0.63 | wall=1.91 | search=  0 | target=site(-1.04,0.26)
R3[SEARCH    ]: carry=0 | base=1.37 | wall=1.50 | search=396 | target=none
R4[DEPART    ]: carry=0 | base=1.21 | wall=1.30 | search=  0 | target=none


======================================================================
Step 12500 (6.7 min) | Pickups: 27 | Deposits: 27 | Rate: 4.05 tags/min | phero_entries=1 max_w=0.019
======================================================================
R1[GIVE_UP   ]: carry=0 | base=0.31 | wall=2.27 | search=3900 | target=none
R2[SEARCH    ]: carry=0 | base=1.20 | wall=1.40 | search=398 | target=site(-1.04,0.26)
R3[GIVE_UP   ]: carry=0 | base=0.65 | wall=1.98 | search=624 | target=none
R4[GIVE_UP   ]: carry=0 | base=0.58 | wall=1.95 | search=156 | target=none

  [GIVE-UP] R1 returned empty after 3900 searching steps
  [TARGET] R1 → PHERO (-1.04, 0.26)
  [GIVE-UP] R4 returned empty after 156 searching steps
  [TARGET] R4 → PHERO (-1.04, 0.26)
  [GIVE-UP] R3 returned empty after 624 searching steps
  [TARGET] R3 → PHERO (-1.04, 0.26)
  [GIVE-UP] R2 returned empty after 468 searching steps
  [TARGET] R2 → PHERO (-1.04, 0.26)

======================================================================
Step 13000 (6.9 min) | Pickups: 27 | Deposits: 27 | Rate: 3.89 tags/min | phero_entries=1 max_w=0.001
======================================================================
R1[SEARCH    ]: carry=0 | base=1.05 | wall=1.49 | search= 63 | target=phero(-1.04,0.26)
R2[BASE_ESC  ]: carry=0 | base=0.23 | wall=2.34 | search=  0 | target=phero(-1.04,0.26)
R3[PHERO     ]: carry=0 | base=0.94 | wall=1.58 | search=  0 | target=phero(-1.04,0.26)
R4[PHERO     ]: carry=0 | base=0.76 | wall=1.74 | search=  0 | target=phero(-1.04,0.26)

[PICKUP] R4 picked up tag (density=10) | Total: 28

======================================================================
Step 13500 (7.2 min) | Pickups: 28 | Deposits: 27 | Rate: 3.75 tags/min | phero_entries=0 max_w=0.000
======================================================================
R1[SEARCH    ]: carry=0 | base=1.08 | wall=1.55 | search=563 | target=phero(-1.04,0.26)
R2[SEARCH    ]: carry=0 | base=0.93 | wall=1.67 | search=229 | target=phero(-1.04,0.26)
R3[SEARCH    ]: carry=0 | base=0.75 | wall=1.78 | search=477 | target=phero(-1.04,0.26)
R4[RTB       ]: carry=1 | base=0.82 | wall=1.70 | search=  0 | target=none

[DEPOSIT] R4 deposited! Total: 28
  [PHERO] Laid at (-1.08, 0.25) density=10 prob=0.72 entries=1
  [TARGET] R4 → SITE (-1.08, 0.25)

======================================================================
Step 14000 (7.5 min) | Pickups: 28 | Deposits: 28 | Rate: 3.75 tags/min | phero_entries=1 max_w=0.148
======================================================================
R1[GIVE_UP   ]: carry=0 | base=0.71 | wall=1.85 | search=936 | target=none
R2[SEARCH    ]: carry=0 | base=1.10 | wall=1.48 | search=729 | target=phero(-1.04,0.26)
R3[SEARCH    ]: carry=0 | base=0.76 | wall=1.93 | search=977 | target=phero(-1.04,0.26)
R4[SEARCH    ]: carry=0 | base=1.08 | wall=1.44 | search= 11 | target=site(-1.08,0.25)

  [GIVE-UP] R1 returned empty after 936 searching steps
  [TARGET] R1 → PHERO (-1.08, 0.25)
  [GIVE-UP] R3 returned empty after 1248 searching steps
  [TARGET] R3 → PHERO (-1.08, 0.25)

======================================================================
Step 14500 (7.7 min) | Pickups: 28 | Deposits: 28 | Rate: 3.62 tags/min | phero_entries=1 max_w=0.010
======================================================================
R1[SEARCH    ]: carry=0 | base=1.09 | wall=1.44 | search= 25 | target=phero(-1.08,0.25)
R2[SEARCH    ]: carry=0 | base=1.50 | wall=1.10 | search=1229 | target=phero(-1.04,0.26)
R3[BASE_ESC  ]: carry=0 | base=0.22 | wall=2.30 | search=  0 | target=phero(-1.08,0.25)
R4[SEARCH    ]: carry=0 | base=1.01 | wall=1.53 | search=511 | target=site(-1.08,0.25)

[PICKUP] R1 picked up tag (density=9) | Total: 29

======================================================================
Step 15000 (8.0 min) | Pickups: 29 | Deposits: 28 | Rate: 3.50 tags/min | phero_entries=0 max_w=0.000
======================================================================
R1[SURVEY    ]: carry=1 | base=1.17 | wall=1.37 | search=  0 | target=none
R2[SEARCH    ]: carry=0 | base=1.64 | wall=1.01 | search=1729 | target=phero(-1.04,0.26)
R3[SEARCH    ]: carry=0 | base=1.00 | wall=1.54 | search=180 | target=phero(-1.08,0.25)
R4[GIVE_UP   ]: carry=0 | base=0.71 | wall=1.80 | search=936 | target=none

  [GIVE-UP] R4 returned empty after 936 searching steps
  [TARGET] R4 → WALL (0.12, -2.42)
[DEPOSIT] R1 deposited! Total: 29
  [TARGET] R1 → SITE (-1.12, 0.27)

======================================================================
Step 15500 (8.3 min) | Pickups: 29 | Deposits: 29 | Rate: 3.51 tags/min | phero_entries=0 max_w=0.000
======================================================================
R1[SITE      ]: carry=0 | base=0.43 | wall=2.11 | search=  0 | target=site(-1.12,0.27)
R2[SEARCH    ]: carry=0 | base=1.66 | wall=0.89 | search=2229 | target=phero(-1.04,0.26)
R3[SEARCH    ]: carry=0 | base=1.16 | wall=1.46 | search=680 | target=phero(-1.08,0.25)
R4[SEARCH    ]: carry=0 | base=0.55 | wall=1.97 | search=110 | target=none


======================================================================
Step 16000 (8.5 min) | Pickups: 29 | Deposits: 29 | Rate: 3.40 tags/min | phero_entries=0 max_w=0.000
======================================================================
R1[SEARCH    ]: carry=0 | base=1.20 | wall=1.40 | search=323 | target=site(-1.12,0.27)
R2[SEARCH    ]: carry=0 | base=1.49 | wall=1.14 | search=2729 | target=phero(-1.04,0.26)
R3[SEARCH    ]: carry=0 | base=1.58 | wall=1.11 | search=1180 | target=phero(-1.08,0.25)
R4[SEARCH    ]: carry=0 | base=0.65 | wall=1.90 | search=610 | target=none

  [GIVE-UP] R4 returned empty after 624 searching steps
  [TARGET] R4 → WALL (2.42, -0.11)

======================================================================
Step 16500 (8.8 min) | Pickups: 29 | Deposits: 29 | Rate: 3.30 tags/min | phero_entries=0 max_w=0.000
======================================================================
R1[GIVE_UP   ]: carry=0 | base=0.29 | wall=2.25 | search=624 | target=none
R2[GIVE_UP   ]: carry=0 | base=0.91 | wall=1.68 | search=2964 | target=none
R3[SEARCH    ]: carry=0 | base=1.61 | wall=1.16 | search=1680 | target=phero(-1.08,0.25)
R4[DEPART    ]: carry=0 | base=0.29 | wall=2.24 | search=  0 | target=none

  [GIVE-UP] R1 returned empty after 624 searching steps
  [TARGET] R1 → WALL (-0.94, -2.42)
  [GIVE-UP] R2 returned empty after 2964 searching steps
  [TARGET] R2 → WALL (0.15, -2.42)

======================================================================
Step 17000 (9.1 min) | Pickups: 29 | Deposits: 29 | Rate: 3.20 tags/min | phero_entries=0 max_w=0.000
======================================================================
R1[SEARCH    ]: carry=0 | base=0.31 | wall=2.20 | search=224 | target=none
R2[BASE_ESC  ]: carry=0 | base=0.24 | wall=2.26 | search= 60 | target=none
R3[GIVE_UP   ]: carry=0 | base=1.43 | wall=1.24 | search=2028 | target=none
R4[SEARCH    ]: carry=0 | base=1.84 | wall=0.66 | search= 73 | target=none

  [GIVE-UP] R3 returned empty after 2028 searching steps
  [TARGET] R3 → WALL (0.76, 2.42)

======================================================================
Step 17500 (9.3 min) | Pickups: 29 | Deposits: 29 | Rate: 3.11 tags/min | phero_entries=0 max_w=0.000
======================================================================
R1[SEARCH    ]: carry=0 | base=0.61 | wall=2.01 | search=724 | target=none
R2[SEARCH    ]: carry=0 | base=0.52 | wall=2.12 | search=560 | target=none
R3[DEPART    ]: carry=0 | base=0.32 | wall=2.21 | search=  0 | target=none
R4[SEARCH    ]: carry=0 | base=1.79 | wall=0.71 | search=573 | target=none


======================================================================
Step 18000 (9.6 min) | Pickups: 29 | Deposits: 29 | Rate: 3.02 tags/min | phero_entries=0 max_w=0.000
======================================================================
R1[SEARCH    ]: carry=0 | base=0.54 | wall=2.08 | search=1224 | target=none
R2[SEARCH    ]: carry=0 | base=0.48 | wall=2.14 | search=1060 | target=none
R3[DEPART    ]: carry=0 | base=1.93 | wall=0.64 | search=  0 | target=none
R4[SEARCH    ]: carry=0 | base=1.69 | wall=0.81 | search=1073 | target=none

[PICKUP] R3 picked up tag (density=16) | Total: 30

======================================================================
Step 18500 (9.9 min) | Pickups: 30 | Deposits: 29 | Rate: 2.94 tags/min | phero_entries=0 max_w=0.000
======================================================================
R1[SEARCH    ]: carry=0 | base=0.69 | wall=1.86 | search=1724 | target=none
R2[SEARCH    ]: carry=0 | base=0.33 | wall=2.25 | search=1560 | target=none
R3[SURVEY    ]: carry=1 | base=2.03 | wall=0.53 | search=  0 | target=none
R4[SEARCH    ]: carry=0 | base=1.85 | wall=0.65 | search=1573 | target=none

TIMEOUT_RESULT pickups=30 deposits=29 steps=18750 elapsed_min=10.000000
BATCH_RESULT pickups=30 deposits=29
