=================================================================
CPFA BASELINE — ARGoS-calibrated parameters  (7×7m arena  128 tags)
  Params file                  = /home/sara/Documents/RL-FL-Foraging/controllers/cpfa_baseline/cpfa_params.yaml
  Results file                 = /home/sara/Documents/RL-FL-Foraging/controllers/cpfa_baseline/cpfa_baseline_7x7_results_20260706_154949_4.txt
  RateOfLayingPheromone        = 9.0
  RateOfSiteFidelity           = 2.29
  RateOfPheromoneDecay         = 0.1 /s  (lifetime ~69s)
  ProbabilityOfReturningToNest = 0.08 (every 5 sec → E[give-up] ~62s)
  UninformedSearchVariation    = 0.13 rad (7.4°)
  RateOfInformedSearchDecay    = 1.26 /waypoint
  ProbabilityOfSwitchingToSearching = 0.55 (every 5 sec in uninformed DEPARTING)
=================================================================

[PICKUP] R1 picked up tag (density=9) | Total: 1
[PICKUP] R2 picked up tag (density=9) | Total: 2
[PICKUP] R4 picked up tag (density=8) | Total: 3
[DEPOSIT] R1 deposited! Total: 1
  [PHERO] Laid at (-0.50, 0.00) density=9 prob=0.59 entries=1
  [TARGET] R1 → SITE (-0.50, 0.00)
[DEPOSIT] R2 deposited! Total: 2
  [TARGET] R2 → SITE (0.50, 0.00)
[PICKUP] R1 picked up tag (density=8) | Total: 4

======================================================================
Step 500 (0.3 min) | Pickups: 4 | Deposits: 2 | Rate: 7.50 tags/min | phero_entries=1 max_w=0.435
======================================================================
R1[SURVEY    ]: carry=1 | base=0.49 | wall=3.01 | search=  0 | target=none
R2[SITE      ]: carry=0 | base=0.28 | wall=3.25 | search=  0 | target=site(0.50,0.00)
R3[SEARCH    ]: carry=0 | base=1.45 | wall=2.13 | search=188 | target=none
R4[RTB       ]: carry=1 | base=0.33 | wall=3.17 | search=  0 | target=none

[DEPOSIT] R4 deposited! Total: 3
  [PHERO] Laid at (0.48, -0.19) density=8 prob=0.46 entries=2
  [TARGET] R4 → SITE (0.48, -0.19)
[PICKUP] R2 picked up tag (density=7) | Total: 5
[DEPOSIT] R1 deposited! Total: 4
  [PHERO] Laid at (-0.49, -0.03) density=8 prob=0.46 entries=3
  [TARGET] R1 → SITE (-0.49, -0.03)
[DEPOSIT] R2 deposited! Total: 5
  [TARGET] R2 → SITE (0.48, -0.03)

======================================================================
Step 1000 (0.5 min) | Pickups: 5 | Deposits: 5 | Rate: 9.38 tags/min | phero_entries=3 max_w=0.516
======================================================================
R1[SEARCH    ]: carry=0 | base=0.47 | wall=3.03 | search= 18 | target=site(-0.49,-0.03)
R2[BASE_ESC  ]: carry=0 | base=0.22 | wall=3.30 | search=  0 | target=site(0.48,-0.03)
R3[GIVE_UP   ]: carry=0 | base=2.58 | wall=1.50 | search=624 | target=none
R4[GIVE_UP   ]: carry=0 | base=0.60 | wall=3.02 | search=156 | target=none

  [GIVE-UP] R4 returned empty after 156 searching steps
  [TARGET] R4 → PHERO (-0.49, -0.03)
[PICKUP] R1 picked up tag (density=7) | Total: 6

======================================================================
Step 1500 (0.8 min) | Pickups: 6 | Deposits: 5 | Rate: 6.25 tags/min | phero_entries=3 max_w=0.104
======================================================================
R1[RTB       ]: carry=1 | base=0.38 | wall=3.13 | search=  0 | target=none
R2[SEARCH    ]: carry=0 | base=0.73 | wall=2.93 | search=330 | target=site(0.48,-0.03)
R3[GIVE_UP   ]: carry=0 | base=0.85 | wall=2.86 | search=624 | target=none
R4[SEARCH    ]: carry=0 | base=0.49 | wall=3.01 | search= 36 | target=phero(-0.49,-0.03)

[DEPOSIT] R1 deposited! Total: 6
  [TARGET] R1 → SITE (-0.48, 0.10)
[PICKUP] R4 picked up tag (density=6) | Total: 7
  [GIVE-UP] R3 returned empty after 624 searching steps
  [TARGET] R3 → PHERO (0.48, -0.19)
[DEPOSIT] R4 deposited! Total: 7
  [TARGET] R4 → SITE (-0.55, 0.01)

======================================================================
Step 2000 (1.1 min) | Pickups: 7 | Deposits: 7 | Rate: 6.56 tags/min | phero_entries=3 max_w=0.021
======================================================================
R1[SEARCH    ]: carry=0 | base=0.26 | wall=3.29 | search=276 | target=site(-0.48,0.10)
R2[SEARCH    ]: carry=0 | base=2.44 | wall=1.47 | search=830 | target=site(0.48,-0.03)
R3[SEARCH    ]: carry=0 | base=0.46 | wall=3.07 | search= 89 | target=phero(0.48,-0.19)
R4[BASE_ESC  ]: carry=0 | base=0.22 | wall=3.28 | search=  0 | target=site(-0.55,0.01)


======================================================================
Step 2500 (1.3 min) | Pickups: 7 | Deposits: 7 | Rate: 5.25 tags/min | phero_entries=2 max_w=0.004
======================================================================
R1[SEARCH    ]: carry=0 | base=1.34 | wall=2.17 | search=776 | target=site(-0.48,0.10)
R2[GIVE_UP   ]: carry=0 | base=2.59 | wall=1.05 | search=1092 | target=none
R3[SEARCH    ]: carry=0 | base=1.61 | wall=1.90 | search=589 | target=phero(0.48,-0.19)
R4[SEARCH    ]: carry=0 | base=0.46 | wall=3.04 | search=357 | target=site(-0.55,0.01)

[PICKUP] R2 picked up tag (density=9) | Total: 8
  [GIVE-UP] R4 returned empty after 468 searching steps
  [TARGET] R4 → PHERO (-0.49, -0.03)
[PICKUP] R1 picked up tag (density=6) | Total: 9

======================================================================
Step 3000 (1.6 min) | Pickups: 9 | Deposits: 7 | Rate: 4.38 tags/min | phero_entries=0 max_w=0.000
======================================================================
R1[SURVEY    ]: carry=1 | base=0.93 | wall=2.58 | search=  0 | target=none
R2[RTB       ]: carry=1 | base=1.69 | wall=1.93 | search=  0 | target=none
R3[GIVE_UP   ]: carry=0 | base=0.42 | wall=3.08 | search=624 | target=none
R4[PHERO     ]: carry=0 | base=0.27 | wall=3.26 | search=  0 | target=phero(-0.49,-0.03)

  [GIVE-UP] R3 returned empty after 624 searching steps
  [TARGET] R3 → WALL (-0.33, -3.42)
[DEPOSIT] R2 deposited! Total: 8
  [PHERO] Laid at (0.62, -1.81) density=9 prob=0.59 entries=1
  [TARGET] R2 → SITE (0.62, -1.81)

======================================================================
Step 3500 (1.9 min) | Pickups: 9 | Deposits: 8 | Rate: 4.29 tags/min | phero_entries=1 max_w=0.670
======================================================================
R1[RTB       ]: carry=1 | base=0.39 | wall=3.11 | search=  0 | target=none
R2[SITE      ]: carry=0 | base=0.29 | wall=3.21 | search=  0 | target=site(0.62,-1.81)
R3[SEARCH    ]: carry=0 | base=1.49 | wall=2.01 | search=189 | target=none
R4[PHERO     ]: carry=0 | base=0.26 | wall=3.27 | search=  0 | target=phero(-0.49,-0.03)

[DEPOSIT] R1 deposited! Total: 9
  [PHERO] Laid at (0.92, -0.13) density=6 prob=0.21 entries=2
  [TARGET] R1 → SITE (0.92, -0.13)
[PICKUP] R1 picked up tag (density=5) | Total: 10
[PICKUP] R2 picked up tag (density=8) | Total: 11

======================================================================
Step 4000 (2.1 min) | Pickups: 11 | Deposits: 9 | Rate: 4.22 tags/min | phero_entries=2 max_w=0.227
======================================================================
R1[RTB       ]: carry=1 | base=0.58 | wall=2.92 | search=  0 | target=none
R2[SURVEY    ]: carry=1 | base=1.92 | wall=1.71 | search=  0 | target=none
R3[WALL_ESC  ]: carry=0 | base=3.18 | wall=0.33 | search=689 | target=none
R4[SEARCH    ]: carry=0 | base=0.53 | wall=3.00 | search=291 | target=phero(-0.49,-0.03)

[PICKUP] R4 picked up tag (density=5) | Total: 12
[DEPOSIT] R1 deposited! Total: 10
  [TARGET] R1 → SITE (0.55, 0.02)
[DEPOSIT] R4 deposited! Total: 11
  [TARGET] R4 → SITE (-0.58, 0.21)

======================================================================
Step 4500 (2.4 min) | Pickups: 12 | Deposits: 11 | Rate: 4.58 tags/min | phero_entries=2 max_w=0.046
======================================================================
R1[SEARCH    ]: carry=0 | base=0.44 | wall=3.06 | search=151 | target=site(0.55,0.02)
R2[RTB       ]: carry=1 | base=0.92 | wall=2.66 | search=  0 | target=none
R3[WALL_ESC  ]: carry=0 | base=3.18 | wall=0.34 | search=1189 | target=none
R4[SITE      ]: carry=0 | base=0.31 | wall=3.25 | search=  0 | target=site(-0.58,0.21)

[DEPOSIT] R2 deposited! Total: 12
  [PHERO] Laid at (0.68, -1.79) density=8 prob=0.46 entries=3
  [TARGET] R2 → SITE (0.68, -1.79)
[PICKUP] R1 picked up tag (density=7) | Total: 13

======================================================================
Step 5000 (2.7 min) | Pickups: 13 | Deposits: 12 | Rate: 4.50 tags/min | phero_entries=3 max_w=0.355
======================================================================
R1[SURVEY    ]: carry=1 | base=1.62 | wall=2.10 | search=  0 | target=none
R2[SITE      ]: carry=0 | base=1.01 | wall=2.58 | search=  0 | target=site(0.68,-1.79)
R3[GIVE_UP   ]: carry=0 | base=2.67 | wall=0.85 | search=1560 | target=none
R4[GIVE_UP   ]: carry=0 | base=0.69 | wall=2.89 | search=312 | target=none

  [GIVE-UP] R4 returned empty after 312 searching steps
  [TARGET] R4 → PHERO (0.68, -1.79)
[PICKUP] R2 picked up tag (density=6) | Total: 14

======================================================================
Step 5500 (2.9 min) | Pickups: 14 | Deposits: 12 | Rate: 4.09 tags/min | phero_entries=3 max_w=0.072
======================================================================
R1[RTB       ]: carry=1 | base=0.51 | wall=3.08 | search=  0 | target=none
R2[RTB       ]: carry=1 | base=1.26 | wall=2.36 | search=  0 | target=none
R3[GIVE_UP   ]: carry=0 | base=0.75 | wall=2.75 | search=1560 | target=none
R4[PHERO     ]: carry=0 | base=0.69 | wall=2.81 | search=  0 | target=phero(0.68,-1.79)

[DEPOSIT] R1 deposited! Total: 13
  [PHERO] Laid at (0.83, -1.40) density=7 prob=0.32 entries=3
  [TARGET] R1 → SITE (0.83, -1.40)
  [GIVE-UP] R3 returned empty after 1560 searching steps
  [TARGET] R3 → PHERO (0.83, -1.40)
[DEPOSIT] R2 deposited! Total: 14
  [PHERO] Laid at (0.58, -1.47) density=6 prob=0.21 entries=3
  [TARGET] R2 → SITE (0.58, -1.47)
[PICKUP] R4 picked up tag (density=5) | Total: 15

======================================================================
Step 6000 (3.2 min) | Pickups: 15 | Deposits: 14 | Rate: 4.38 tags/min | phero_entries=3 max_w=0.481
======================================================================
R1[SITE      ]: carry=0 | base=1.34 | wall=2.34 | search=  0 | target=site(0.83,-1.40)
R2[SITE      ]: carry=0 | base=0.68 | wall=2.86 | search=  0 | target=site(0.58,-1.47)
R3[PHERO     ]: carry=0 | base=0.96 | wall=2.66 | search=  0 | target=phero(0.83,-1.40)
R4[RTB       ]: carry=1 | base=1.68 | wall=1.92 | search=  0 | target=none

[DEPOSIT] R4 deposited! Total: 15
  [TARGET] R4 → SITE (0.57, -1.58)

======================================================================
Step 6500 (3.5 min) | Pickups: 15 | Deposits: 15 | Rate: 4.33 tags/min | phero_entries=3 max_w=0.097
======================================================================
R1[GIVE_UP   ]: carry=0 | base=0.51 | wall=3.04 | search=156 | target=none
R2[GIVE_UP   ]: carry=0 | base=1.09 | wall=2.51 | search=156 | target=none
R3[SEARCH    ]: carry=0 | base=1.34 | wall=2.19 | search=340 | target=phero(0.83,-1.40)
R4[BASE_ESC  ]: carry=0 | base=0.22 | wall=3.29 | search=  0 | target=site(0.57,-1.58)

  [GIVE-UP] R1 returned empty after 156 searching steps
  [TARGET] R1 → PHERO (0.83, -1.40)
  [GIVE-UP] R2 returned empty after 156 searching steps
  [TARGET] R2 → PHERO (0.83, -1.40)

======================================================================
Step 7000 (3.7 min) | Pickups: 15 | Deposits: 15 | Rate: 4.02 tags/min | phero_entries=2 max_w=0.020
======================================================================
R1[PHERO     ]: carry=0 | base=1.44 | wall=2.27 | search=  0 | target=phero(0.83,-1.40)
R2[PHERO     ]: carry=0 | base=0.82 | wall=2.75 | search=  0 | target=phero(0.83,-1.40)
R3[SEARCH    ]: carry=0 | base=2.99 | wall=0.54 | search=840 | target=phero(0.83,-1.40)
R4[SEARCH    ]: carry=0 | base=1.66 | wall=1.95 | search= 78 | target=site(0.57,-1.58)

[PICKUP] R1 picked up tag (density=4) | Total: 16

======================================================================
Step 7500 (4.0 min) | Pickups: 16 | Deposits: 15 | Rate: 3.75 tags/min | phero_entries=2 max_w=0.004
======================================================================
R1[RTB       ]: carry=1 | base=1.36 | wall=2.34 | search=  0 | target=none
R2[SEARCH    ]: carry=0 | base=1.59 | wall=2.01 | search=303 | target=phero(0.83,-1.40)
R3[GIVE_UP   ]: carry=0 | base=2.29 | wall=1.24 | search=936 | target=none
R4[SEARCH    ]: carry=0 | base=2.31 | wall=1.23 | search=578 | target=site(0.57,-1.58)

[DEPOSIT] R1 deposited! Total: 16
  [TARGET] R1 → SITE (0.76, -1.44)

======================================================================
Step 8000 (4.3 min) | Pickups: 16 | Deposits: 16 | Rate: 3.75 tags/min | phero_entries=0 max_w=0.000
======================================================================
R1[SITE      ]: carry=0 | base=0.57 | wall=3.05 | search=  0 | target=site(0.76,-1.44)
R2[SEARCH    ]: carry=0 | base=1.88 | wall=1.93 | search=803 | target=phero(0.83,-1.40)
R3[GIVE_UP   ]: carry=0 | base=0.45 | wall=3.05 | search=936 | target=none
R4[WALL_ESC  ]: carry=0 | base=3.34 | wall=0.34 | search=1078 | target=site(0.57,-1.58)

  [GIVE-UP] R3 returned empty after 936 searching steps
  [TARGET] R3 → WALL (-3.01, -3.42)
[PICKUP] R2 picked up tag (density=12) | Total: 17
[PICKUP] R1 picked up tag (density=3) | Total: 18

======================================================================
Step 8500 (4.5 min) | Pickups: 18 | Deposits: 16 | Rate: 3.53 tags/min | phero_entries=0 max_w=0.000
======================================================================
R1[RTB       ]: carry=1 | base=1.67 | wall=2.03 | search=  0 | target=none
R2[RTB       ]: carry=1 | base=1.24 | wall=2.60 | search=  0 | target=none
R3[DEPART    ]: carry=0 | base=1.24 | wall=2.43 | search=  0 | target=none
R4[WALL_ESC  ]: carry=0 | base=3.35 | wall=0.33 | search=1578 | target=site(0.57,-1.58)

[DEPOSIT] R2 deposited! Total: 17
  [PHERO] Laid at (-1.29, -1.27) density=12 prob=0.88 entries=1
  [TARGET] R2 → SITE (-1.29, -1.27)
[DEPOSIT] R1 deposited! Total: 18
  [TARGET] R1 → PHERO (-1.29, -1.27)

======================================================================
Step 9000 (4.8 min) | Pickups: 18 | Deposits: 18 | Rate: 3.75 tags/min | phero_entries=1 max_w=0.464
======================================================================
R1[BASE_ESC  ]: carry=0 | base=0.22 | wall=3.30 | search=  0 | target=phero(-1.29,-1.27)
R2[SITE      ]: carry=0 | base=0.70 | wall=2.95 | search=  0 | target=site(-1.29,-1.27)
R3[SEARCH    ]: carry=0 | base=2.88 | wall=1.41 | search=369 | target=none
R4[WALL_ESC  ]: carry=0 | base=3.35 | wall=0.33 | search=2078 | target=site(0.57,-1.58)

[PICKUP] R2 picked up tag (density=11) | Total: 19

======================================================================
Step 9500 (5.1 min) | Pickups: 19 | Deposits: 18 | Rate: 3.55 tags/min | phero_entries=1 max_w=0.094
======================================================================
R1[PHERO     ]: carry=0 | base=1.74 | wall=2.27 | search=  0 | target=phero(-1.29,-1.27)
R2[SURVEY    ]: carry=1 | base=1.80 | wall=2.20 | search=  0 | target=none
R3[SEARCH    ]: carry=0 | base=3.79 | wall=0.39 | search=869 | target=none
R4[WALL_ESC  ]: carry=0 | base=3.35 | wall=0.33 | search=2578 | target=site(0.57,-1.58)


======================================================================
Step 10000 (5.3 min) | Pickups: 19 | Deposits: 18 | Rate: 3.38 tags/min | phero_entries=1 max_w=0.019
======================================================================
R1[SEARCH    ]: carry=0 | base=1.45 | wall=2.08 | search=492 | target=phero(-1.29,-1.27)
R2[RTB       ]: carry=1 | base=0.27 | wall=3.31 | search=  0 | target=none
R3[WALL_ESC  ]: carry=0 | base=3.91 | wall=0.31 | search=1369 | target=none
R4[WALL_ESC  ]: carry=0 | base=3.35 | wall=0.33 | search=3078 | target=site(0.57,-1.58)

[DEPOSIT] R2 deposited! Total: 19
  [PHERO] Laid at (-1.31, -1.24) density=11 prob=0.80 entries=2
  [TARGET] R2 → SITE (-1.31, -1.24)

======================================================================
Step 10500 (5.6 min) | Pickups: 19 | Deposits: 19 | Rate: 3.39 tags/min | phero_entries=2 max_w=0.205
======================================================================
R1[SEARCH    ]: carry=0 | base=2.88 | wall=0.76 | search=992 | target=phero(-1.29,-1.27)
R2[SITE      ]: carry=0 | base=1.65 | wall=2.31 | search=  0 | target=site(-1.31,-1.24)
R3[SEARCH    ]: carry=0 | base=3.84 | wall=0.38 | search=1869 | target=none
R4[GIVE_UP   ]: carry=0 | base=2.89 | wall=0.77 | search=3432 | target=none


======================================================================
Step 11000 (5.9 min) | Pickups: 19 | Deposits: 19 | Rate: 3.24 tags/min | phero_entries=1 max_w=0.041
======================================================================
R1[GIVE_UP   ]: carry=0 | base=3.36 | wall=0.51 | search=1404 | target=none
R2[GIVE_UP   ]: carry=0 | base=0.91 | wall=2.79 | search=156 | target=none
R3[SEARCH    ]: carry=0 | base=3.82 | wall=0.37 | search=2369 | target=none
R4[GIVE_UP   ]: carry=0 | base=0.97 | wall=2.58 | search=3432 | target=none

  [GIVE-UP] R2 returned empty after 156 searching steps
  [TARGET] R2 → PHERO (-1.31, -1.24)
  [GIVE-UP] R4 returned empty after 3432 searching steps
  [TARGET] R4 → PHERO (-1.31, -1.24)
[PICKUP] R1 picked up tag (density=12) | Total: 20

======================================================================
Step 11500 (6.1 min) | Pickups: 20 | Deposits: 19 | Rate: 3.10 tags/min | phero_entries=1 max_w=0.008
======================================================================
R1[SURVEY    ]: carry=1 | base=1.96 | wall=1.75 | search=  0 | target=none
R2[PHERO     ]: carry=0 | base=1.05 | wall=2.72 | search=  0 | target=phero(-1.31,-1.24)
R3[WALL_ESC  ]: carry=0 | base=3.91 | wall=0.32 | search=2869 | target=none
R4[PHERO     ]: carry=0 | base=0.88 | wall=2.80 | search=  0 | target=phero(-1.31,-1.24)

[PICKUP] R2 picked up tag (density=10) | Total: 21
[DEPOSIT] R1 deposited! Total: 20
  [PHERO] Laid at (-1.75, 0.90) density=12 prob=0.88 entries=2
  [TARGET] R1 → SITE (-1.75, 0.90)

======================================================================
Step 12000 (6.4 min) | Pickups: 21 | Deposits: 20 | Rate: 3.12 tags/min | phero_entries=2 max_w=0.984
======================================================================
R1[BASE_ESC  ]: carry=0 | base=0.23 | wall=3.29 | search=  0 | target=site(-1.75,0.90)
R2[RTB       ]: carry=1 | base=1.39 | wall=2.50 | search=  0 | target=none
R3[SEARCH    ]: carry=0 | base=3.80 | wall=0.40 | search=3369 | target=none
R4[SEARCH    ]: carry=0 | base=1.53 | wall=2.38 | search=242 | target=phero(-1.31,-1.24)

[DEPOSIT] R2 deposited! Total: 21
  [PHERO] Laid at (-1.21, -1.14) density=10 prob=0.71 entries=2
  [TARGET] R2 → SITE (-1.21, -1.14)
  [GIVE-UP] R4 returned empty after 312 searching steps
  [TARGET] R4 → PHERO (-1.75, 0.90)

======================================================================
Step 12500 (6.7 min) | Pickups: 21 | Deposits: 21 | Rate: 3.15 tags/min | phero_entries=2 max_w=0.524
======================================================================
R1[SITE      ]: carry=0 | base=1.73 | wall=1.96 | search=  0 | target=site(-1.75,0.90)
R2[SITE      ]: carry=0 | base=0.38 | wall=3.21 | search=  0 | target=site(-1.21,-1.14)
R3[WALL_ESC  ]: carry=0 | base=3.88 | wall=0.32 | search=3744 | target=none
R4[BASE_ESC  ]: carry=0 | base=0.23 | wall=3.30 | search=  0 | target=phero(-1.75,0.90)

[PICKUP] R1 picked up tag (density=11) | Total: 22
[PICKUP] R4 picked up tag (density=4) | Total: 23

======================================================================
Step 13000 (6.9 min) | Pickups: 23 | Deposits: 21 | Rate: 3.03 tags/min | phero_entries=2 max_w=0.106
======================================================================
R1[RTB       ]: carry=1 | base=0.74 | wall=2.85 | search=  0 | target=none
R2[SEARCH    ]: carry=0 | base=1.82 | wall=2.17 | search=177 | target=site(-1.21,-1.14)
R3[GIVE_UP   ]: carry=0 | base=1.98 | wall=1.87 | search=3744 | target=none
R4[RTB       ]: carry=1 | base=0.26 | wall=3.24 | search=  0 | target=none

[DEPOSIT] R4 deposited! Total: 22
  [TARGET] R4 → SITE (-0.56, 0.01)
[DEPOSIT] R1 deposited! Total: 23
  [PHERO] Laid at (-1.56, 0.78) density=11 prob=0.80 entries=3
  [TARGET] R1 → SITE (-1.56, 0.78)
  [GIVE-UP] R3 returned empty after 3744 searching steps
  [TARGET] R3 → PHERO (-1.56, 0.78)

======================================================================
Step 13500 (7.2 min) | Pickups: 23 | Deposits: 23 | Rate: 3.19 tags/min | phero_entries=3 max_w=0.303
======================================================================
R1[SITE      ]: carry=0 | base=1.19 | wall=2.46 | search=  0 | target=site(-1.56,0.78)
R2[GIVE_UP   ]: carry=0 | base=0.49 | wall=3.05 | search=312 | target=none
R3[BASE_ESC  ]: carry=0 | base=0.22 | wall=3.31 | search=  0 | target=phero(-1.56,0.78)
R4[SEARCH    ]: carry=0 | base=0.36 | wall=3.14 | search=293 | target=site(-0.56,0.01)

  [GIVE-UP] R2 returned empty after 312 searching steps
  [TARGET] R2 → PHERO (-1.56, 0.78)
[PICKUP] R3 picked up tag (density=3) | Total: 24
[PICKUP] R4 picked up tag (density=10) | Total: 25
[PICKUP] R2 picked up tag (density=2) | Total: 26

======================================================================
Step 14000 (7.5 min) | Pickups: 26 | Deposits: 23 | Rate: 3.08 tags/min | phero_entries=3 max_w=0.061
======================================================================
R1[SEARCH    ]: carry=0 | base=2.19 | wall=1.31 | search=369 | target=site(-1.56,0.78)
R2[SURVEY    ]: carry=1 | base=0.64 | wall=2.87 | search=  0 | target=none
R3[SURVEY    ]: carry=1 | base=0.70 | wall=2.80 | search=  0 | target=none
R4[SURVEY    ]: carry=1 | base=1.54 | wall=2.27 | search=  0 | target=none

[DEPOSIT] R3 deposited! Total: 24
  [TARGET] R3 → SITE (-0.63, 0.05)
[DEPOSIT] R2 deposited! Total: 25
  [TARGET] R2 → SITE (-0.63, 0.09)
[DEPOSIT] R4 deposited! Total: 26
  [PHERO] Laid at (-1.23, 0.93) density=10 prob=0.71 entries=2
  [TARGET] R4 → SITE (-1.23, 0.93)

======================================================================
Step 14500 (7.7 min) | Pickups: 26 | Deposits: 26 | Rate: 3.36 tags/min | phero_entries=2 max_w=0.972
======================================================================
R1[WALL_ESC  ]: carry=0 | base=3.20 | wall=0.35 | search=869 | target=site(-1.56,0.78)
R2[SITE      ]: carry=0 | base=0.47 | wall=3.05 | search=  0 | target=site(-0.63,0.09)
R3[SEARCH    ]: carry=0 | base=0.65 | wall=2.86 | search= 78 | target=site(-0.63,0.05)
R4[BASE_ESC  ]: carry=0 | base=0.23 | wall=3.32 | search=  0 | target=site(-1.23,0.93)

[PICKUP] R3 picked up tag (density=1) | Total: 27
  [GIVE-UP] R2 returned empty after 156 searching steps
  [TARGET] R2 → PHERO (-1.23, 0.93)
[DEPOSIT] R3 deposited! Total: 27
  [TARGET] R3 → SITE (-0.68, 0.09)

======================================================================
Step 15000 (8.0 min) | Pickups: 27 | Deposits: 27 | Rate: 3.38 tags/min | phero_entries=2 max_w=0.196
======================================================================
R1[SEARCH    ]: carry=0 | base=3.38 | wall=0.35 | search=1369 | target=site(-1.56,0.78)
R2[PHERO     ]: carry=0 | base=0.60 | wall=2.92 | search=  0 | target=phero(-1.23,0.93)
R3[BASE_ESC  ]: carry=0 | base=0.22 | wall=3.29 | search=  0 | target=site(-0.68,0.09)
R4[SEARCH    ]: carry=0 | base=1.52 | wall=2.28 | search= 61 | target=site(-1.23,0.93)

[PICKUP] R2 picked up tag (density=9) | Total: 28
  [GIVE-UP] R4 returned empty after 156 searching steps
  [TARGET] R4 → PHERO (-1.23, 0.93)

======================================================================
Step 15500 (8.3 min) | Pickups: 28 | Deposits: 27 | Rate: 3.27 tags/min | phero_entries=1 max_w=0.040
======================================================================
R1[GIVE_UP   ]: carry=0 | base=2.96 | wall=0.79 | search=1716 | target=none
R2[SURVEY    ]: carry=1 | base=1.59 | wall=2.27 | search=  0 | target=none
R3[SEARCH    ]: carry=0 | base=0.33 | wall=3.19 | search=350 | target=site(-0.68,0.09)
R4[BASE_ESC  ]: carry=0 | base=0.22 | wall=3.30 | search=  0 | target=phero(-1.23,0.93)

[PICKUP] R3 picked up tag (density=4) | Total: 29
[DEPOSIT] R2 deposited! Total: 28
  [TARGET] R2 → SITE (-1.23, 1.00)
[PICKUP] R4 picked up tag (density=8) | Total: 30

======================================================================
Step 16000 (8.5 min) | Pickups: 30 | Deposits: 28 | Rate: 3.28 tags/min | phero_entries=1 max_w=0.008
======================================================================
R1[GIVE_UP   ]: carry=0 | base=1.04 | wall=2.55 | search=1716 | target=none
R2[BASE_ESC  ]: carry=0 | base=0.22 | wall=3.34 | search=  0 | target=site(-1.23,1.00)
R3[RTB       ]: carry=1 | base=0.29 | wall=3.22 | search=  0 | target=none
R4[SURVEY    ]: carry=1 | base=1.61 | wall=2.25 | search=  0 | target=none

[DEPOSIT] R3 deposited! Total: 29
  [TARGET] R3 → SITE (0.56, -0.19)
  [GIVE-UP] R1 returned empty after 1716 searching steps
  [TARGET] R1 → PHERO (-1.23, 0.93)

======================================================================
Step 16500 (8.8 min) | Pickups: 30 | Deposits: 29 | Rate: 3.30 tags/min | phero_entries=1 max_w=0.002
======================================================================
R1[PHERO     ]: carry=0 | base=0.59 | wall=2.93 | search=  0 | target=phero(-1.23,0.93)
R2[SEARCH    ]: carry=0 | base=1.57 | wall=2.30 | search= 50 | target=site(-1.23,1.00)
R3[SEARCH    ]: carry=0 | base=0.42 | wall=3.11 | search=255 | target=site(0.56,-0.19)
R4[RTB       ]: carry=1 | base=0.71 | wall=2.95 | search=  0 | target=none

[DEPOSIT] R4 deposited! Total: 30
  [TARGET] R4 → SITE (-1.25, 1.01)
[PICKUP] R2 picked up tag (density=7) | Total: 31
[PICKUP] R1 picked up tag (density=6) | Total: 32

======================================================================
Step 17000 (9.1 min) | Pickups: 32 | Deposits: 30 | Rate: 3.31 tags/min | phero_entries=0 max_w=0.000
======================================================================
R1[SURVEY    ]: carry=1 | base=1.63 | wall=2.19 | search=  0 | target=none
R2[RTB       ]: carry=1 | base=1.72 | wall=2.21 | search=  0 | target=none
R3[GIVE_UP   ]: carry=0 | base=0.26 | wall=3.26 | search=468 | target=none
R4[SITE      ]: carry=0 | base=1.24 | wall=2.52 | search=  0 | target=site(-1.25,1.01)

  [GIVE-UP] R3 returned empty after 468 searching steps
  [TARGET] R3 → WALL (-3.42, 0.99)
[PICKUP] R4 picked up tag (density=5) | Total: 33
[DEPOSIT] R2 deposited! Total: 31
  [TARGET] R2 → SITE (-1.32, 1.15)
[DEPOSIT] R1 deposited! Total: 32
  [PHERO] Laid at (-1.31, 0.97) density=6 prob=0.21 entries=1
  [TARGET] R1 → SITE (-1.31, 0.97)

======================================================================
Step 17500 (9.3 min) | Pickups: 33 | Deposits: 32 | Rate: 3.43 tags/min | phero_entries=1 max_w=0.984
======================================================================
R1[BASE_ESC  ]: carry=0 | base=0.24 | wall=3.33 | search=  0 | target=site(-1.31,0.97)
R2[BASE_ESC  ]: carry=0 | base=0.24 | wall=3.28 | search=  0 | target=site(-1.32,1.15)
R3[DEPART    ]: carry=0 | base=1.20 | wall=2.30 | search=  0 | target=none
R4[RTB       ]: carry=1 | base=1.62 | wall=2.26 | search=  0 | target=none

[DEPOSIT] R4 deposited! Total: 33
  [TARGET] R4 → SITE (-1.32, 1.07)

======================================================================
Step 18000 (9.6 min) | Pickups: 33 | Deposits: 33 | Rate: 3.44 tags/min | phero_entries=1 max_w=0.199
======================================================================
R1[SEARCH    ]: carry=0 | base=1.62 | wall=2.19 | search= 23 | target=site(-1.31,0.97)
R2[SEARCH    ]: carry=0 | base=1.75 | wall=2.14 | search= 91 | target=site(-1.32,1.15)
R3[SEARCH    ]: carry=0 | base=2.70 | wall=1.22 | search=418 | target=none
R4[SITE      ]: carry=0 | base=0.27 | wall=3.25 | search=  0 | target=site(-1.32,1.07)


======================================================================
Step 18500 (9.9 min) | Pickups: 33 | Deposits: 33 | Rate: 3.34 tags/min | phero_entries=1 max_w=0.040
======================================================================
R1[SEARCH    ]: carry=0 | base=0.94 | wall=2.56 | search=523 | target=site(-1.31,0.97)
R2[SEARCH    ]: carry=0 | base=0.47 | wall=3.03 | search=591 | target=site(-1.32,1.15)
R3[WALL_ESC  ]: carry=0 | base=3.93 | wall=0.34 | search=918 | target=none
R4[SEARCH    ]: carry=0 | base=1.67 | wall=2.15 | search=130 | target=site(-1.32,1.07)

[PICKUP] R4 picked up tag (density=9) | Total: 34

======================================================================
Step 19000 (10.1 min) | Pickups: 34 | Deposits: 33 | Rate: 3.26 tags/min | phero_entries=1 max_w=0.008
======================================================================
R1[SEARCH    ]: carry=0 | base=1.90 | wall=2.12 | search=1023 | target=site(-1.31,0.97)
R2[SEARCH    ]: carry=0 | base=1.48 | wall=2.19 | search=1091 | target=site(-1.32,1.15)
R3[WALL_ESC  ]: carry=0 | base=3.98 | wall=0.34 | search=1418 | target=none
R4[SURVEY    ]: carry=1 | base=1.57 | wall=1.99 | search=  0 | target=none

[DEPOSIT] R4 deposited! Total: 34
  [PHERO] Laid at (-0.43, 1.50) density=9 prob=0.59 entries=2
  [TARGET] R4 → SITE (-0.43, 1.50)

======================================================================
Step 19500 (10.4 min) | Pickups: 34 | Deposits: 34 | Rate: 3.27 tags/min | phero_entries=2 max_w=0.697
======================================================================
R1[GIVE_UP   ]: carry=0 | base=0.96 | wall=2.76 | search=1092 | target=none
R2[SEARCH    ]: carry=0 | base=2.55 | wall=1.00 | search=1591 | target=site(-1.32,1.15)
R3[GIVE_UP   ]: carry=0 | base=3.66 | wall=0.55 | search=1716 | target=none
R4[SITE      ]: carry=0 | base=0.25 | wall=3.25 | search=  0 | target=site(-0.43,1.50)

  [GIVE-UP] R1 returned empty after 1092 searching steps
  [TARGET] R1 → PHERO (-0.43, 1.50)
[PICKUP] R3 picked up tag (density=4) | Total: 35
[PICKUP] R4 picked up tag (density=8) | Total: 36

======================================================================
Step 20000 (10.7 min) | Pickups: 36 | Deposits: 34 | Rate: 3.19 tags/min | phero_entries=1 max_w=0.141
======================================================================
R1[PHERO     ]: carry=0 | base=0.69 | wall=2.81 | search=  0 | target=phero(-0.43,1.50)
R2[SEARCH    ]: carry=0 | base=3.28 | wall=0.35 | search=2091 | target=site(-1.32,1.15)
R3[SURVEY    ]: carry=1 | base=2.06 | wall=1.84 | search=  0 | target=none
R4[SURVEY    ]: carry=1 | base=1.60 | wall=1.94 | search=  0 | target=none


======================================================================
Step 20500 (10.9 min) | Pickups: 36 | Deposits: 34 | Rate: 3.11 tags/min | phero_entries=1 max_w=0.028
======================================================================
R1[SEARCH    ]: carry=0 | base=1.64 | wall=1.88 | search=272 | target=phero(-0.43,1.50)
R2[WALL_ESC  ]: carry=0 | base=3.29 | wall=0.34 | search=2591 | target=site(-1.32,1.15)
R3[RTB       ]: carry=1 | base=0.55 | wall=3.07 | search=  0 | target=none
R4[RTB       ]: carry=1 | base=0.41 | wall=3.10 | search=  0 | target=none

[PICKUP] R1 picked up tag (density=7) | Total: 37
[DEPOSIT] R4 deposited! Total: 35
  [TARGET] R4 → SITE (-0.38, 1.55)
[DEPOSIT] R3 deposited! Total: 36
  [TARGET] R3 → PHERO (-0.43, 1.50)

======================================================================
Step 21000 (11.2 min) | Pickups: 37 | Deposits: 36 | Rate: 3.21 tags/min | phero_entries=1 max_w=0.006
======================================================================
R1[RTB       ]: carry=1 | base=0.71 | wall=2.79 | search=  0 | target=none
R2[WALL_ESC  ]: carry=0 | base=3.30 | wall=0.33 | search=3091 | target=site(-1.32,1.15)
R3[PHERO     ]: carry=0 | base=1.20 | wall=2.37 | search=  0 | target=phero(-0.43,1.50)
R4[SITE      ]: carry=0 | base=1.52 | wall=2.02 | search=  0 | target=site(-0.38,1.55)

[PICKUP] R4 picked up tag (density=6) | Total: 38
[DEPOSIT] R1 deposited! Total: 37
  [TARGET] R1 → SITE (-0.29, 1.66)

======================================================================
Step 21500 (11.5 min) | Pickups: 38 | Deposits: 37 | Rate: 3.23 tags/min | phero_entries=1 max_w=0.001
======================================================================
R1[SITE      ]: carry=0 | base=1.24 | wall=2.28 | search=  0 | target=site(-0.29,1.66)
R2[WALL_ESC  ]: carry=0 | base=3.30 | wall=0.33 | search=3591 | target=site(-1.32,1.15)
R3[GIVE_UP   ]: carry=0 | base=0.52 | wall=3.03 | search=156 | target=none
R4[RTB       ]: carry=1 | base=1.36 | wall=2.18 | search=  0 | target=none

  [GIVE-UP] R3 returned empty after 156 searching steps
  [TARGET] R3 → WALL (3.42, -0.13)
[PICKUP] R1 picked up tag (density=5) | Total: 39
[DEPOSIT] R4 deposited! Total: 38
  [PHERO] Laid at (-0.44, 1.58) density=6 prob=0.21 entries=1
  [TARGET] R4 → SITE (-0.44, 1.58)

======================================================================
Step 22000 (11.7 min) | Pickups: 39 | Deposits: 38 | Rate: 3.24 tags/min | phero_entries=1 max_w=0.582
======================================================================
R1[SURVEY    ]: carry=1 | base=1.83 | wall=1.69 | search=  0 | target=none
R2[WALL_ESC  ]: carry=0 | base=3.31 | wall=0.33 | search=4091 | target=site(-1.32,1.15)
R3[SEARCH    ]: carry=0 | base=0.57 | wall=2.98 | search=  6 | target=none
R4[SITE      ]: carry=0 | base=0.43 | wall=3.07 | search=  0 | target=site(-0.44,1.58)

[PICKUP] R3 picked up tag (density=3) | Total: 40
[PICKUP] R4 picked up tag (density=4) | Total: 41
[DEPOSIT] R3 deposited! Total: 39
  [TARGET] R3 → PHERO (-0.44, 1.58)
[DEPOSIT] R1 deposited! Total: 40
  [TARGET] R1 → SITE (-0.27, 1.81)

======================================================================
Step 22500 (12.0 min) | Pickups: 41 | Deposits: 40 | Rate: 3.33 tags/min | phero_entries=1 max_w=0.118
======================================================================
R1[BASE_ESC  ]: carry=0 | base=0.22 | wall=3.28 | search=  0 | target=site(-0.27,1.81)
R2[WALL_ESC  ]: carry=0 | base=3.30 | wall=0.33 | search=4591 | target=site(-1.32,1.15)
R3[BASE_ESC  ]: carry=0 | base=0.22 | wall=3.28 | search=  0 | target=phero(-0.44,1.58)
R4[SURVEY    ]: carry=1 | base=1.67 | wall=1.87 | search=  0 | target=none


======================================================================
Step 23000 (12.3 min) | Pickups: 41 | Deposits: 40 | Rate: 3.26 tags/min | phero_entries=1 max_w=0.024
======================================================================
R1[SITE      ]: carry=0 | base=1.59 | wall=1.93 | search=  0 | target=site(-0.27,1.81)
R2[WALL_ESC  ]: carry=0 | base=3.31 | wall=0.33 | search=5091 | target=site(-1.32,1.15)
R3[PHERO     ]: carry=0 | base=1.12 | wall=2.40 | search=  0 | target=phero(-0.44,1.58)
R4[RTB       ]: carry=1 | base=0.42 | wall=3.09 | search=  0 | target=none

[DEPOSIT] R4 deposited! Total: 41
  [TARGET] R4 → SITE (-0.39, 1.62)

======================================================================
Step 23500 (12.5 min) | Pickups: 41 | Deposits: 41 | Rate: 3.27 tags/min | phero_entries=1 max_w=0.005
======================================================================
R1[SEARCH    ]: carry=0 | base=2.19 | wall=1.33 | search=450 | target=site(-0.27,1.81)
R2[GIVE_UP   ]: carry=0 | base=1.59 | wall=1.98 | search=5148 | target=none
R3[SEARCH    ]: carry=0 | base=0.82 | wall=2.82 | search=374 | target=phero(-0.44,1.58)
R4[SITE      ]: carry=0 | base=1.54 | wall=2.00 | search=  0 | target=site(-0.39,1.62)

  [GIVE-UP] R2 returned empty after 5148 searching steps
  [TARGET] R2 → PHERO (-0.44, 1.58)

======================================================================
Step 24000 (12.8 min) | Pickups: 41 | Deposits: 41 | Rate: 3.20 tags/min | phero_entries=0 max_w=0.000
======================================================================
R1[GIVE_UP   ]: carry=0 | base=0.62 | wall=2.90 | search=468 | target=none
R2[PHERO     ]: carry=0 | base=0.28 | wall=3.23 | search=  0 | target=phero(-0.44,1.58)
R3[SEARCH    ]: carry=0 | base=1.11 | wall=2.42 | search=874 | target=phero(-0.44,1.58)
R4[SEARCH    ]: carry=0 | base=2.22 | wall=1.28 | search=480 | target=site(-0.39,1.62)

  [GIVE-UP] R1 returned empty after 468 searching steps
  [TARGET] R1 → WALL (3.42, 2.55)

======================================================================
Step 24500 (13.1 min) | Pickups: 41 | Deposits: 41 | Rate: 3.14 tags/min | phero_entries=0 max_w=0.000
======================================================================
R1[SEARCH    ]: carry=0 | base=1.04 | wall=2.73 | search=137 | target=none
R2[SEARCH    ]: carry=0 | base=1.64 | wall=1.93 | search= 20 | target=phero(-0.44,1.58)
R3[SEARCH    ]: carry=0 | base=2.75 | wall=0.78 | search=1374 | target=phero(-0.44,1.58)
R4[SEARCH    ]: carry=0 | base=3.15 | wall=0.39 | search=980 | target=site(-0.39,1.62)


======================================================================
Step 25000 (13.3 min) | Pickups: 41 | Deposits: 41 | Rate: 3.07 tags/min | phero_entries=0 max_w=0.000
======================================================================
R1[SEARCH    ]: carry=0 | base=2.75 | wall=1.40 | search=637 | target=none
R2[SEARCH    ]: carry=0 | base=0.54 | wall=3.04 | search=520 | target=phero(-0.44,1.58)
R3[GIVE_UP   ]: carry=0 | base=3.65 | wall=0.43 | search=1872 | target=none
R4[SEARCH    ]: carry=0 | base=3.14 | wall=0.39 | search=1480 | target=site(-0.39,1.62)

[PICKUP] R2 picked up tag (density=2) | Total: 42

======================================================================
Step 25500 (13.6 min) | Pickups: 42 | Deposits: 41 | Rate: 3.01 tags/min | phero_entries=0 max_w=0.000
======================================================================
R1[SEARCH    ]: carry=0 | base=3.48 | wall=0.40 | search=1137 | target=none
R2[RTB       ]: carry=1 | base=0.53 | wall=2.97 | search=  0 | target=none
R3[GIVE_UP   ]: carry=0 | base=1.94 | wall=1.90 | search=1872 | target=none
R4[GIVE_UP   ]: carry=0 | base=2.82 | wall=0.71 | search=1872 | target=none

[DEPOSIT] R2 deposited! Total: 42
  [TARGET] R2 → WALL (3.22, 3.42)
  [GIVE-UP] R3 returned empty after 1872 searching steps
  [TARGET] R3 → WALL (1.31, -3.42)

======================================================================
Step 26000 (13.9 min) | Pickups: 42 | Deposits: 42 | Rate: 3.03 tags/min | phero_entries=0 max_w=0.000
======================================================================
R1[SEARCH    ]: carry=0 | base=3.49 | wall=0.40 | search=1637 | target=none
R2[GIVE_UP   ]: carry=0 | base=1.00 | wall=2.76 | search=156 | target=none
R3[BASE_ESC  ]: carry=0 | base=0.22 | wall=3.31 | search=  0 | target=none
R4[GIVE_UP   ]: carry=0 | base=0.90 | wall=2.61 | search=1872 | target=none

  [GIVE-UP] R4 returned empty after 1872 searching steps
  [TARGET] R4 → WALL (2.62, -3.42)
  [GIVE-UP] R2 returned empty after 156 searching steps
  [TARGET] R2 → WALL (-3.42, 0.19)

======================================================================
Step 26500 (14.1 min) | Pickups: 42 | Deposits: 42 | Rate: 2.97 tags/min | phero_entries=0 max_w=0.000
======================================================================
R1[GIVE_UP   ]: carry=0 | base=2.51 | wall=1.27 | search=1872 | target=none
R2[DEPART    ]: carry=0 | base=0.35 | wall=3.18 | search=  0 | target=none
R3[DEPART    ]: carry=0 | base=1.96 | wall=1.66 | search=  0 | target=none
R4[DEPART    ]: carry=0 | base=0.46 | wall=3.06 | search=  0 | target=none


======================================================================
Step 27000 (14.4 min) | Pickups: 42 | Deposits: 42 | Rate: 2.92 tags/min | phero_entries=0 max_w=0.000
======================================================================
R1[GIVE_UP   ]: carry=0 | base=0.59 | wall=2.97 | search=1872 | target=none
R2[SEARCH    ]: carry=0 | base=1.73 | wall=1.77 | search=456 | target=none
R3[SEARCH    ]: carry=0 | base=3.23 | wall=0.36 | search=328 | target=none
R4[SEARCH    ]: carry=0 | base=1.67 | wall=1.89 | search=407 | target=none

  [GIVE-UP] R1 returned empty after 1872 searching steps
  [TARGET] R1 → WALL (2.38, -3.42)

======================================================================
Step 27500 (14.7 min) | Pickups: 42 | Deposits: 42 | Rate: 2.86 tags/min | phero_entries=0 max_w=0.000
======================================================================
R1[SEARCH    ]: carry=0 | base=0.50 | wall=3.14 | search=145 | target=none
R2[WALL_ESC  ]: carry=0 | base=3.18 | wall=0.32 | search=956 | target=none
R3[SEARCH    ]: carry=0 | base=3.23 | wall=0.38 | search=828 | target=none
R4[GIVE_UP   ]: carry=0 | base=2.08 | wall=1.54 | search=780 | target=none

[PICKUP] R1 picked up tag (density=2) | Total: 43
  [GIVE-UP] R4 returned empty after 780 searching steps
  [TARGET] R4 → WALL (-3.42, -1.37)

======================================================================
Step 28000 (14.9 min) | Pickups: 43 | Deposits: 42 | Rate: 2.81 tags/min | phero_entries=0 max_w=0.000
======================================================================
R1[SURVEY    ]: carry=1 | base=1.79 | wall=1.99 | search=  0 | target=none
R2[GIVE_UP   ]: carry=0 | base=1.99 | wall=1.52 | search=1092 | target=none
R3[SEARCH    ]: carry=0 | base=3.24 | wall=0.38 | search=1328 | target=none
R4[BASE_ESC  ]: carry=0 | base=0.23 | wall=3.29 | search=  0 | target=none

  [GIVE-UP] R2 returned empty after 1092 searching steps
  [TARGET] R2 → WALL (-3.42, -1.81)

======================================================================
Step 28500 (15.2 min) | Pickups: 43 | Deposits: 42 | Rate: 2.76 tags/min | phero_entries=0 max_w=0.000
======================================================================
R1[RTB       ]: carry=1 | base=0.44 | wall=3.14 | search=  0 | target=none
R2[BASE_ESC  ]: carry=0 | base=0.22 | wall=3.28 | search=  0 | target=none
R3[GIVE_UP   ]: carry=0 | base=2.29 | wall=1.29 | search=1560 | target=none
R4[SEARCH    ]: carry=0 | base=1.74 | wall=1.89 | search=102 | target=none

[DEPOSIT] R1 deposited! Total: 43
  [TARGET] R1 → WALL (3.24, -3.42)
[PICKUP] R2 picked up tag (density=9) | Total: 44

======================================================================
Step 29000 (15.5 min) | Pickups: 44 | Deposits: 43 | Rate: 2.78 tags/min | phero_entries=0 max_w=0.000
======================================================================
R1[SEARCH    ]: carry=0 | base=1.47 | wall=2.45 | search=184 | target=none
R2[SURVEY    ]: carry=1 | base=1.56 | wall=2.18 | search=  0 | target=none
R3[GIVE_UP   ]: carry=0 | base=0.37 | wall=3.15 | search=1560 | target=none
R4[WALL_ESC  ]: carry=0 | base=3.18 | wall=0.33 | search=602 | target=none

  [GIVE-UP] R3 returned empty after 1560 searching steps
  [TARGET] R3 → WALL (-3.42, -0.04)
[PICKUP] R1 picked up tag (density=16) | Total: 45

======================================================================
Step 29500 (15.7 min) | Pickups: 45 | Deposits: 43 | Rate: 2.73 tags/min | phero_entries=0 max_w=0.000
======================================================================
R1[SURVEY    ]: carry=1 | base=2.85 | wall=1.14 | search=  0 | target=none
R2[RTB       ]: carry=1 | base=0.28 | wall=3.27 | search=  0 | target=none
R3[SEARCH    ]: carry=0 | base=1.25 | wall=2.27 | search= 45 | target=none
R4[WALL_ESC  ]: carry=0 | base=3.17 | wall=0.33 | search=1102 | target=none

[DEPOSIT] R2 deposited! Total: 44
  [TARGET] R2 → SITE (-1.32, -0.83)

======================================================================
Step 30000 (16.0 min) | Pickups: 45 | Deposits: 44 | Rate: 2.75 tags/min | phero_entries=0 max_w=0.000
======================================================================
R1[RTB       ]: carry=1 | base=1.61 | wall=2.13 | search=  0 | target=none
R2[SEARCH    ]: carry=0 | base=1.55 | wall=2.18 | search= 43 | target=site(-1.32,-0.83)
R3[GIVE_UP   ]: carry=0 | base=0.50 | wall=3.00 | search=156 | target=none
R4[WALL_ESC  ]: carry=0 | base=3.17 | wall=0.33 | search=1602 | target=none

  [GIVE-UP] R3 returned empty after 156 searching steps
  [TARGET] R3 → WALL (-1.79, 3.42)
[PICKUP] R2 picked up tag (density=8) | Total: 46
[DEPOSIT] R1 deposited! Total: 45
  [PHERO] Laid at (2.36, -1.59) density=16 prob=0.99 entries=1
  [TARGET] R1 → SITE (2.36, -1.59)

======================================================================
Step 30500 (16.3 min) | Pickups: 46 | Deposits: 45 | Rate: 2.77 tags/min | phero_entries=1 max_w=0.629
======================================================================
R1[SITE      ]: carry=0 | base=0.36 | wall=3.16 | search=  0 | target=site(2.36,-1.59)
R2[RTB       ]: carry=1 | base=1.78 | wall=1.93 | search=  0 | target=none
R3[DEPART    ]: carry=0 | base=1.39 | wall=2.34 | search=  0 | target=none
R4[GIVE_UP   ]: carry=0 | base=3.10 | wall=0.40 | search=2028 | target=none

[DEPOSIT] R2 deposited! Total: 46
  [PHERO] Laid at (-1.57, -0.83) density=8 prob=0.46 entries=2
  [TARGET] R2 → SITE (-1.57, -0.83)

======================================================================
Step 31000 (16.5 min) | Pickups: 46 | Deposits: 46 | Rate: 2.78 tags/min | phero_entries=2 max_w=0.740
======================================================================
R1[SITE      ]: carry=0 | base=2.25 | wall=1.61 | search=  0 | target=site(2.36,-1.59)
R2[BASE_ESC  ]: carry=0 | base=0.23 | wall=3.28 | search=  0 | target=site(-1.57,-0.83)
R3[SEARCH    ]: carry=0 | base=3.16 | wall=0.67 | search=355 | target=none
R4[GIVE_UP   ]: carry=0 | base=1.22 | wall=2.28 | search=2028 | target=none

[PICKUP] R1 picked up tag (density=15) | Total: 47
  [GIVE-UP] R4 returned empty after 2028 searching steps
  [TARGET] R4 → PHERO (-1.57, -0.83)
[PICKUP] R2 picked up tag (density=7) | Total: 48

======================================================================
Step 31500 (16.8 min) | Pickups: 48 | Deposits: 46 | Rate: 2.74 tags/min | phero_entries=2 max_w=0.149
======================================================================
R1[RTB       ]: carry=1 | base=2.82 | wall=1.11 | search=  0 | target=none
R2[SURVEY    ]: carry=1 | base=1.76 | wall=1.95 | search=  0 | target=none
R3[WALL_ESC  ]: carry=0 | base=4.04 | wall=0.35 | search=855 | target=none
R4[PHERO     ]: carry=0 | base=0.61 | wall=2.90 | search=  0 | target=phero(-1.57,-0.83)

[PICKUP] R4 picked up tag (density=6) | Total: 49

======================================================================
Step 32000 (17.1 min) | Pickups: 49 | Deposits: 46 | Rate: 2.70 tags/min | phero_entries=2 max_w=0.030
======================================================================
R1[RTB       ]: carry=1 | base=0.95 | wall=2.68 | search=  0 | target=none
R2[RTB       ]: carry=1 | base=0.49 | wall=3.07 | search=  0 | target=none
R3[GIVE_UP   ]: carry=0 | base=3.53 | wall=0.67 | search=1248 | target=none
R4[SURVEY    ]: carry=1 | base=1.77 | wall=1.96 | search=  0 | target=none

[DEPOSIT] R2 deposited! Total: 47
  [PHERO] Laid at (-1.55, -0.84) density=7 prob=0.32 entries=3
  [TARGET] R2 → SITE (-1.55, -0.84)
[DEPOSIT] R1 deposited! Total: 48
  [PHERO] Laid at (2.37, -1.54) density=15 prob=0.98 entries=4
  [TARGET] R1 → SITE (2.37, -1.54)

======================================================================
Step 32500 (17.3 min) | Pickups: 49 | Deposits: 48 | Rate: 2.77 tags/min | phero_entries=4 max_w=0.363
======================================================================
R1[SITE      ]: carry=0 | base=1.00 | wall=2.62 | search=  0 | target=site(2.37,-1.54)
R2[SITE      ]: carry=0 | base=1.36 | wall=2.32 | search=  0 | target=site(-1.55,-0.84)
R3[GIVE_UP   ]: carry=0 | base=1.61 | wall=2.21 | search=1248 | target=none
R4[RTB       ]: carry=1 | base=0.29 | wall=3.25 | search=  0 | target=none

[DEPOSIT] R4 deposited! Total: 49
  [TARGET] R4 → SITE (-1.53, -0.89)
  [GIVE-UP] R3 returned empty after 1248 searching steps
  [TARGET] R3 → PHERO (2.37, -1.54)

======================================================================
Step 33000 (17.6 min) | Pickups: 49 | Deposits: 49 | Rate: 2.78 tags/min | phero_entries=3 max_w=0.073
======================================================================
R1[SEARCH    ]: carry=0 | base=2.80 | wall=1.16 | search= 36 | target=site(2.37,-1.54)
R2[SEARCH    ]: carry=0 | base=1.71 | wall=1.80 | search=410 | target=site(-1.55,-0.84)
R3[PHERO     ]: carry=0 | base=0.27 | wall=3.24 | search=  0 | target=phero(2.37,-1.54)
R4[SITE      ]: carry=0 | base=1.66 | wall=2.07 | search=  0 | target=site(-1.53,-0.89)


======================================================================
Step 33500 (17.9 min) | Pickups: 49 | Deposits: 49 | Rate: 2.74 tags/min | phero_entries=2 max_w=0.015
======================================================================
R1[SEARCH    ]: carry=0 | base=3.71 | wall=0.59 | search=536 | target=site(2.37,-1.54)
R2[WALL_ESC  ]: carry=0 | base=3.21 | wall=0.33 | search=910 | target=site(-1.55,-0.84)
R3[PHERO     ]: carry=0 | base=1.44 | wall=2.22 | search=  0 | target=phero(2.37,-1.54)
R4[SEARCH    ]: carry=0 | base=2.77 | wall=1.15 | search=483 | target=site(-1.53,-0.89)


======================================================================
Step 34000 (18.1 min) | Pickups: 49 | Deposits: 49 | Rate: 2.70 tags/min | phero_entries=2 max_w=0.003
======================================================================
R1[WALL_ESC  ]: carry=0 | base=4.04 | wall=0.31 | search=1036 | target=site(2.37,-1.54)
R2[WALL_ESC  ]: carry=0 | base=3.21 | wall=0.33 | search=1410 | target=site(-1.55,-0.84)
R3[SEARCH    ]: carry=0 | base=2.72 | wall=1.26 | search=149 | target=phero(2.37,-1.54)
R4[GIVE_UP   ]: carry=0 | base=2.09 | wall=1.88 | search=624 | target=none

[PICKUP] R4 picked up tag (density=5) | Total: 50

======================================================================
Step 34500 (18.4 min) | Pickups: 50 | Deposits: 49 | Rate: 2.66 tags/min | phero_entries=0 max_w=0.000
======================================================================
R1[GIVE_UP   ]: carry=0 | base=2.26 | wall=1.71 | search=1092 | target=none
R2[WALL_ESC  ]: carry=0 | base=3.21 | wall=0.33 | search=1910 | target=site(-1.55,-0.84)
R3[WALL_ESC  ]: carry=0 | base=3.89 | wall=0.31 | search=649 | target=phero(2.37,-1.54)
R4[RTB       ]: carry=1 | base=0.89 | wall=2.83 | search=  0 | target=none

[DEPOSIT] R4 deposited! Total: 50
  [TARGET] R4 → SITE (-1.56, -1.28)

======================================================================
Step 35000 (18.7 min) | Pickups: 50 | Deposits: 50 | Rate: 2.68 tags/min | phero_entries=0 max_w=0.000
======================================================================
R1[GIVE_UP   ]: carry=0 | base=0.34 | wall=3.23 | search=1092 | target=none
R2[WALL_ESC  ]: carry=0 | base=3.21 | wall=0.33 | search=2410 | target=site(-1.55,-0.84)
R3[GIVE_UP   ]: carry=0 | base=2.46 | wall=1.50 | search=780 | target=none
R4[SITE      ]: carry=0 | base=1.06 | wall=2.73 | search=  0 | target=site(-1.56,-1.28)

  [GIVE-UP] R1 returned empty after 1092 searching steps
  [TARGET] R1 → WALL (-0.51, 3.42)
[PICKUP] R4 picked up tag (density=4) | Total: 51

======================================================================
Step 35500 (18.9 min) | Pickups: 51 | Deposits: 50 | Rate: 2.64 tags/min | phero_entries=0 max_w=0.000
======================================================================
R1[DEPART    ]: carry=0 | base=0.58 | wall=2.94 | search=  0 | target=none
R2[WALL_ESC  ]: carry=0 | base=3.21 | wall=0.33 | search=2910 | target=site(-1.55,-0.84)
R3[GIVE_UP   ]: carry=0 | base=0.54 | wall=3.06 | search=780 | target=none
R4[RTB       ]: carry=1 | base=1.32 | wall=2.52 | search=  0 | target=none

  [GIVE-UP] R3 returned empty after 780 searching steps
  [TARGET] R3 → WALL (-3.42, -0.56)
[DEPOSIT] R4 deposited! Total: 51
  [TARGET] R4 → SITE (-1.27, -1.08)

======================================================================
Step 36000 (19.2 min) | Pickups: 51 | Deposits: 51 | Rate: 2.66 tags/min | phero_entries=0 max_w=0.000
======================================================================
R1[SEARCH    ]: carry=0 | base=2.29 | wall=1.21 | search=365 | target=none
R2[WALL_ESC  ]: carry=0 | base=3.21 | wall=0.33 | search=3410 | target=site(-1.55,-0.84)
R3[SEARCH    ]: carry=0 | base=0.64 | wall=2.86 | search=128 | target=none
R4[SITE      ]: carry=0 | base=0.63 | wall=2.97 | search=  0 | target=site(-1.27,-1.08)


======================================================================
Step 36500 (19.5 min) | Pickups: 51 | Deposits: 51 | Rate: 2.62 tags/min | phero_entries=0 max_w=0.000
======================================================================
R1[SEARCH    ]: carry=0 | base=3.13 | wall=0.37 | search=865 | target=none
R2[WALL_ESC  ]: carry=0 | base=3.21 | wall=0.34 | search=3910 | target=site(-1.55,-0.84)
R3[SEARCH    ]: carry=0 | base=2.39 | wall=1.11 | search=628 | target=none
R4[SEARCH    ]: carry=0 | base=1.35 | wall=2.43 | search=243 | target=site(-1.27,-1.08)


======================================================================
Step 37000 (19.7 min) | Pickups: 51 | Deposits: 51 | Rate: 2.58 tags/min | phero_entries=0 max_w=0.000
======================================================================
R1[SEARCH    ]: carry=0 | base=3.12 | wall=0.38 | search=1365 | target=none
R2[WALL_ESC  ]: carry=0 | base=3.20 | wall=0.35 | search=4410 | target=site(-1.55,-0.84)
R3[WALL_ESC  ]: carry=0 | base=3.17 | wall=0.33 | search=1128 | target=none
R4[SEARCH    ]: carry=0 | base=0.84 | wall=2.78 | search=743 | target=site(-1.27,-1.08)


======================================================================
Step 37500 (20.0 min) | Pickups: 51 | Deposits: 51 | Rate: 2.55 tags/min | phero_entries=0 max_w=0.000
======================================================================
R1[SEARCH    ]: carry=0 | base=3.13 | wall=0.37 | search=1865 | target=none
R2[SEARCH    ]: carry=0 | base=3.19 | wall=0.36 | search=4910 | target=site(-1.55,-0.84)
R3[WALL_ESC  ]: carry=0 | base=3.16 | wall=0.34 | search=1628 | target=none
R4[SEARCH    ]: carry=0 | base=2.49 | wall=1.69 | search=1243 | target=site(-1.27,-1.08)

[PICKUP] R4 picked up tag (density=16) | Total: 52

======================================================================
Step 38000 (20.3 min) | Pickups: 52 | Deposits: 51 | Rate: 2.52 tags/min | phero_entries=0 max_w=0.000
======================================================================
R1[SEARCH    ]: carry=0 | base=3.14 | wall=0.36 | search=2365 | target=none
R2[GIVE_UP   ]: carry=0 | base=3.15 | wall=0.40 | search=5304 | target=none
R3[WALL_ESC  ]: carry=0 | base=3.16 | wall=0.34 | search=2128 | target=none
R4[RTB       ]: carry=1 | base=1.60 | wall=2.32 | search=  0 | target=none

[DEPOSIT] R4 deposited! Total: 52
  [PHERO] Laid at (-1.75, 1.82) density=16 prob=0.99 entries=1
  [TARGET] R4 → SITE (-1.75, 1.82)

======================================================================
Step 38500 (20.5 min) | Pickups: 52 | Deposits: 52 | Rate: 2.53 tags/min | phero_entries=1 max_w=0.623
======================================================================
R1[SEARCH    ]: carry=0 | base=3.15 | wall=0.35 | search=2865 | target=none
R2[GIVE_UP   ]: carry=0 | base=1.24 | wall=2.28 | search=5304 | target=none
R3[GIVE_UP   ]: carry=0 | base=2.82 | wall=0.68 | search=2496 | target=none
R4[SITE      ]: carry=0 | base=0.36 | wall=3.19 | search=  0 | target=site(-1.75,1.82)

  [GIVE-UP] R2 returned empty after 5304 searching steps
  [TARGET] R2 → PHERO (-1.75, 1.82)

======================================================================
Step 39000 (20.8 min) | Pickups: 52 | Deposits: 52 | Rate: 2.50 tags/min | phero_entries=1 max_w=0.126
======================================================================
R1[WALL_ESC  ]: carry=0 | base=3.16 | wall=0.34 | search=3365 | target=none
R2[PHERO     ]: carry=0 | base=0.47 | wall=3.03 | search=  0 | target=phero(-1.75,1.82)
R3[GIVE_UP   ]: carry=0 | base=0.90 | wall=2.60 | search=2496 | target=none
R4[SITE      ]: carry=0 | base=2.27 | wall=1.87 | search=  0 | target=site(-1.75,1.82)

  [GIVE-UP] R3 returned empty after 2496 searching steps
  [TARGET] R3 → PHERO (-1.75, 1.82)

======================================================================
Step 39500 (21.1 min) | Pickups: 52 | Deposits: 52 | Rate: 2.47 tags/min | phero_entries=1 max_w=0.025
======================================================================
R1[WALL_ESC  ]: carry=0 | base=3.16 | wall=0.34 | search=3865 | target=none
R2[PHERO     ]: carry=0 | base=2.25 | wall=1.91 | search=  0 | target=phero(-1.75,1.82)
R3[PHERO     ]: carry=0 | base=0.53 | wall=3.00 | search=  0 | target=phero(-1.75,1.82)
R4[GIVE_UP   ]: carry=0 | base=1.41 | wall=2.50 | search=156 | target=none

[PICKUP] R2 picked up tag (density=15) | Total: 53
  [GIVE-UP] R4 returned empty after 156 searching steps
  [TARGET] R4 → PHERO (-1.75, 1.82)

======================================================================
Step 40000 (21.3 min) | Pickups: 53 | Deposits: 52 | Rate: 2.44 tags/min | phero_entries=1 max_w=0.005
======================================================================
R1[GIVE_UP   ]: carry=0 | base=2.56 | wall=0.94 | search=4212 | target=none
R2[RTB       ]: carry=1 | base=2.13 | wall=1.91 | search=  0 | target=none
R3[PHERO     ]: carry=0 | base=2.38 | wall=1.80 | search=  0 | target=phero(-1.75,1.82)
R4[PHERO     ]: carry=0 | base=0.54 | wall=3.06 | search=  0 | target=phero(-1.75,1.82)

[DEPOSIT] R2 deposited! Total: 53
  [PHERO] Laid at (-1.75, 1.88) density=15 prob=0.98 entries=2
  [TARGET] R2 → SITE (-1.75, 1.88)

======================================================================
Step 40500 (21.6 min) | Pickups: 53 | Deposits: 53 | Rate: 2.45 tags/min | phero_entries=2 max_w=0.972
======================================================================
R1[GIVE_UP   ]: carry=0 | base=0.64 | wall=2.86 | search=4212 | target=none
R2[BASE_ESC  ]: carry=0 | base=0.23 | wall=3.33 | search=  0 | target=site(-1.75,1.88)
R3[GIVE_UP   ]: carry=0 | base=1.82 | wall=1.98 | search=312 | target=none
R4[PHERO     ]: carry=0 | base=2.45 | wall=1.73 | search=  0 | target=phero(-1.75,1.82)

  [GIVE-UP] R1 returned empty after 4212 searching steps
  [TARGET] R1 → PHERO (-1.75, 1.88)
[PICKUP] R4 picked up tag (density=14) | Total: 54
  [GIVE-UP] R3 returned empty after 312 searching steps
  [TARGET] R3 → PHERO (-1.75, 1.88)

======================================================================
Step 41000 (21.9 min) | Pickups: 54 | Deposits: 53 | Rate: 2.42 tags/min | phero_entries=1 max_w=0.196
======================================================================
R1[PHERO     ]: carry=0 | base=1.08 | wall=2.59 | search=  0 | target=phero(-1.75,1.88)
R2[SITE      ]: carry=0 | base=1.74 | wall=2.25 | search=  0 | target=site(-1.75,1.88)
R3[BASE_ESC  ]: carry=0 | base=0.23 | wall=3.29 | search=  0 | target=phero(-1.75,1.88)
R4[SURVEY    ]: carry=1 | base=2.74 | wall=1.40 | search=  0 | target=none

[PICKUP] R1 picked up tag (density=13) | Total: 55
[PICKUP] R2 picked up tag (density=12) | Total: 56

======================================================================
Step 41500 (22.1 min) | Pickups: 56 | Deposits: 53 | Rate: 2.39 tags/min | phero_entries=1 max_w=0.040
======================================================================
R1[SURVEY    ]: carry=1 | base=2.59 | wall=1.61 | search=  0 | target=none
R2[SURVEY    ]: carry=1 | base=2.76 | wall=1.43 | search=  0 | target=none
R3[PHERO     ]: carry=0 | base=1.99 | wall=2.02 | search=  0 | target=phero(-1.75,1.88)
R4[RTB       ]: carry=1 | base=1.27 | wall=2.51 | search=  0 | target=none

[DEPOSIT] R4 deposited! Total: 54
  [TARGET] R4 → SITE (-1.75, 2.10)
[PICKUP] R3 picked up tag (density=11) | Total: 57

======================================================================
Step 42000 (22.4 min) | Pickups: 57 | Deposits: 54 | Rate: 2.41 tags/min | phero_entries=1 max_w=0.008
======================================================================
R1[RTB       ]: carry=1 | base=1.62 | wall=2.30 | search=  0 | target=none
R2[RTB       ]: carry=1 | base=1.86 | wall=2.08 | search=  0 | target=none
R3[SURVEY    ]: carry=1 | base=2.67 | wall=1.56 | search=  0 | target=none
R4[SITE      ]: carry=0 | base=0.68 | wall=2.92 | search=  0 | target=site(-1.75,2.10)

[DEPOSIT] R1 deposited! Total: 55
  [PHERO] Laid at (-1.79, 1.88) density=13 prob=0.93 entries=2
  [TARGET] R1 → SITE (-1.79, 1.88)
[DEPOSIT] R2 deposited! Total: 56
  [PHERO] Laid at (-1.83, 2.07) density=12 prob=0.88 entries=3
  [TARGET] R2 → SITE (-1.83, 2.07)

======================================================================
Step 42500 (22.7 min) | Pickups: 57 | Deposits: 56 | Rate: 2.47 tags/min | phero_entries=3 max_w=0.799
======================================================================
R1[SITE      ]: carry=0 | base=0.34 | wall=3.20 | search=  0 | target=site(-1.79,1.88)
R2[BASE_ESC  ]: carry=0 | base=0.22 | wall=3.31 | search=  0 | target=site(-1.83,2.07)
R3[RTB       ]: carry=1 | base=1.00 | wall=2.76 | search=  0 | target=none
R4[SITE      ]: carry=0 | base=2.57 | wall=1.52 | search=  0 | target=site(-1.75,2.10)

[DEPOSIT] R3 deposited! Total: 57
  [PHERO] Laid at (-1.83, 1.94) density=11 prob=0.80 entries=3
  [TARGET] R3 → SITE (-1.83, 1.94)
[PICKUP] R4 picked up tag (density=3) | Total: 58

======================================================================
Step 43000 (22.9 min) | Pickups: 58 | Deposits: 57 | Rate: 2.49 tags/min | phero_entries=3 max_w=0.378
======================================================================
R1[SITE      ]: carry=0 | base=2.24 | wall=1.89 | search=  0 | target=site(-1.79,1.88)
R2[SITE      ]: carry=0 | base=1.96 | wall=2.01 | search=  0 | target=site(-1.83,2.07)
R3[SITE      ]: carry=0 | base=0.95 | wall=2.80 | search=  0 | target=site(-1.83,1.94)
R4[SURVEY    ]: carry=1 | base=1.97 | wall=1.66 | search=  0 | target=none

[PICKUP] R2 picked up tag (density=10) | Total: 59

======================================================================
Step 43500 (23.2 min) | Pickups: 59 | Deposits: 57 | Rate: 2.46 tags/min | phero_entries=3 max_w=0.076
======================================================================
R1[GIVE_UP   ]: carry=0 | base=2.39 | wall=1.56 | search=312 | target=none
R2[SURVEY    ]: carry=1 | base=2.77 | wall=1.43 | search=  0 | target=none
R3[SEARCH    ]: carry=0 | base=2.66 | wall=1.59 | search= 65 | target=site(-1.83,1.94)
R4[RTB       ]: carry=1 | base=0.78 | wall=2.76 | search=  0 | target=none

[PICKUP] R3 picked up tag (density=9) | Total: 60
[DEPOSIT] R4 deposited! Total: 58
  [TARGET] R4 → SITE (-0.72, 1.84)

======================================================================
Step 44000 (23.5 min) | Pickups: 60 | Deposits: 58 | Rate: 2.47 tags/min | phero_entries=3 max_w=0.015
======================================================================
R1[GIVE_UP   ]: carry=0 | base=0.48 | wall=3.11 | search=312 | target=none
R2[RTB       ]: carry=1 | base=0.93 | wall=2.79 | search=  0 | target=none
R3[RTB       ]: carry=1 | base=1.73 | wall=2.24 | search=  0 | target=none
R4[SITE      ]: carry=0 | base=1.16 | wall=2.40 | search=  0 | target=site(-0.72,1.84)

  [GIVE-UP] R1 returned empty after 312 searching steps
  [TARGET] R1 → PHERO (-1.83, 1.94)
[PICKUP] R4 picked up tag (density=2) | Total: 61
[DEPOSIT] R2 deposited! Total: 59
  [TARGET] R2 → SITE (-1.85, 2.06)
[DEPOSIT] R3 deposited! Total: 60
  [TARGET] R3 → SITE (-1.85, 1.90)

======================================================================
Step 44500 (23.7 min) | Pickups: 61 | Deposits: 60 | Rate: 2.53 tags/min | phero_entries=3 max_w=0.003
======================================================================
R1[PHERO     ]: carry=0 | base=1.45 | wall=2.39 | search=  0 | target=phero(-1.83,1.94)
R2[SITE      ]: carry=0 | base=1.02 | wall=2.69 | search=  0 | target=site(-1.85,2.06)
R3[SITE      ]: carry=0 | base=0.26 | wall=3.27 | search=  0 | target=site(-1.85,1.90)
R4[RTB       ]: carry=1 | base=1.21 | wall=2.35 | search=  0 | target=none

[DEPOSIT] R4 deposited! Total: 61
  [TARGET] R4 → PHERO (-1.83, 1.94)
[PICKUP] R1 picked up tag (density=8) | Total: 62

======================================================================
Step 45000 (24.0 min) | Pickups: 62 | Deposits: 61 | Rate: 2.54 tags/min | phero_entries=0 max_w=0.000
======================================================================
R1[SURVEY    ]: carry=1 | base=2.75 | wall=1.53 | search=  0 | target=none
R2[SEARCH    ]: carry=0 | base=2.77 | wall=1.46 | search= 57 | target=site(-1.85,2.06)
R3[SITE      ]: carry=0 | base=2.14 | wall=1.95 | search=  0 | target=site(-1.85,1.90)
R4[PHERO     ]: carry=0 | base=0.65 | wall=2.91 | search=  0 | target=phero(-1.83,1.94)

[PICKUP] R2 picked up tag (density=7) | Total: 63

======================================================================
Step 45500 (24.3 min) | Pickups: 63 | Deposits: 61 | Rate: 2.51 tags/min | phero_entries=0 max_w=0.000
======================================================================
R1[RTB       ]: carry=1 | base=1.55 | wall=2.37 | search=  0 | target=none
R2[RTB       ]: carry=1 | base=2.02 | wall=1.98 | search=  0 | target=none
R3[SEARCH    ]: carry=0 | base=1.78 | wall=2.22 | search=379 | target=site(-1.85,1.90)
R4[PHERO     ]: carry=0 | base=2.41 | wall=1.74 | search=  0 | target=phero(-1.83,1.94)

[DEPOSIT] R1 deposited! Total: 62
  [PHERO] Laid at (-1.90, 1.98) density=8 prob=0.46 entries=1
  [TARGET] R1 → SITE (-1.90, 1.98)
[DEPOSIT] R2 deposited! Total: 63
  [TARGET] R2 → SITE (-1.91, 2.04)

======================================================================
Step 46000 (24.5 min) | Pickups: 63 | Deposits: 63 | Rate: 2.57 tags/min | phero_entries=1 max_w=0.597
======================================================================
R1[SITE      ]: carry=0 | base=0.41 | wall=3.14 | search=  0 | target=site(-1.90,1.98)
R2[BASE_ESC  ]: carry=0 | base=0.22 | wall=3.34 | search=  0 | target=site(-1.91,2.04)
R3[SEARCH    ]: carry=0 | base=3.06 | wall=0.69 | search=879 | target=site(-1.85,1.90)
R4[SEARCH    ]: carry=0 | base=2.15 | wall=1.56 | search=446 | target=phero(-1.83,1.94)


======================================================================
Step 46500 (24.8 min) | Pickups: 63 | Deposits: 63 | Rate: 2.54 tags/min | phero_entries=1 max_w=0.121
======================================================================
R1[SITE      ]: carry=0 | base=2.31 | wall=1.82 | search=  0 | target=site(-1.90,1.98)
R2[SITE      ]: carry=0 | base=1.84 | wall=2.18 | search=  0 | target=site(-1.91,2.04)
R3[SEARCH    ]: carry=0 | base=3.31 | wall=0.39 | search=1379 | target=site(-1.85,1.90)
R4[SEARCH    ]: carry=0 | base=3.23 | wall=0.36 | search=946 | target=phero(-1.83,1.94)

[PICKUP] R1 picked up tag (density=6) | Total: 64
BATCH_RESULT pickups=64 deposits=63
