=================================================================
CPFA BASELINE — ARGoS-calibrated parameters
  Params file                  = /home/sara/Documents/RL-FL-Foraging/cpfa_tuning_20260715_155549/trial_016/params.yaml
  Results file                 = /home/sara/Documents/RL-FL-Foraging/controllers/cpfa_baseline/results/cpfa_baseline_results_20260715_163921_2.txt
  RateOfLayingPheromone        = 10.159920247817015
  RateOfSiteFidelity           = 3.1244183126321015
  RateOfPheromoneDecay         = 0.18058203265324713 /s  (lifetime ~38s)
  ProbabilityOfReturningToNest = 0.12297074807387037 (every 5 sec → E[give-up] ~41s)
  UninformedSearchVariation    = 1.03 rad (59.2°)
  RateOfInformedSearchDecay    = 2.0363375804576567 /waypoint
  ProbabilityOfSwitchingToSearching = 0.3211892500638069 (every 5 sec in uninformed DEPARTING)
=================================================================

  [GIVE-UP] R1 returned empty after 156 searching steps
  [TARGET] R1 → WALL (1.59, 2.42)

======================================================================
Step 500 (0.3 min) | Pickups: 0 | Deposits: 0 | Rate: 0.00 tags/min | phero_entries=0 max_w=0.000
======================================================================
R1[BASE_ESC  ]: carry=0 | base=0.23 | wall=2.31 | search=  0 | target=none
R2[SEARCH    ]: carry=0 | base=1.58 | wall=1.30 | search=188 | target=none
R3[SEARCH    ]: carry=0 | base=1.67 | wall=1.12 | search=188 | target=none
R4[SEARCH    ]: carry=0 | base=0.36 | wall=2.19 | search= 80 | target=none

[PICKUP] R2 picked up tag (density=12) | Total: 1

======================================================================
Step 1000 (0.5 min) | Pickups: 1 | Deposits: 0 | Rate: 0.00 tags/min | phero_entries=0 max_w=0.000
======================================================================
R1[SEARCH    ]: carry=0 | base=1.48 | wall=1.18 | search=  6 | target=none
R2[SURVEY    ]: carry=1 | base=1.55 | wall=1.16 | search=  0 | target=none
R3[SEARCH    ]: carry=0 | base=1.63 | wall=1.21 | search=688 | target=none
R4[SEARCH    ]: carry=0 | base=0.87 | wall=1.83 | search=580 | target=none

  [GIVE-UP] R3 returned empty after 780 searching steps
  [TARGET] R3 → WALL (-1.28, 2.42)

======================================================================
Step 1500 (0.8 min) | Pickups: 1 | Deposits: 0 | Rate: 0.00 tags/min | phero_entries=0 max_w=0.000
======================================================================
R1[SEARCH    ]: carry=0 | base=1.55 | wall=0.96 | search=506 | target=none
R2[RTB       ]: carry=1 | base=0.58 | wall=2.02 | search=  0 | target=none
R3[BASE_ESC  ]: carry=0 | base=0.22 | wall=2.33 | search=  0 | target=none
R4[SEARCH    ]: carry=0 | base=0.99 | wall=1.75 | search=1080 | target=none

[DEPOSIT] R2 deposited! Total: 1
  [TARGET] R2 → SITE (0.77, -1.34)
[PICKUP] R2 picked up tag (density=11) | Total: 2

======================================================================
Step 2000 (1.1 min) | Pickups: 2 | Deposits: 1 | Rate: 0.94 tags/min | phero_entries=0 max_w=0.000
======================================================================
R1[GIVE_UP   ]: carry=0 | base=0.48 | wall=2.04 | search=624 | target=none
R2[SURVEY    ]: carry=1 | base=1.09 | wall=1.58 | search=  0 | target=none
R3[DEPART    ]: carry=0 | base=1.56 | wall=1.06 | search=  0 | target=none
R4[SEARCH    ]: carry=0 | base=1.05 | wall=1.58 | search=1580 | target=none

  [GIVE-UP] R1 returned empty after 624 searching steps
  [TARGET] R1 → WALL (-2.42, 0.79)
[DEPOSIT] R2 deposited! Total: 2
  [PHERO] Laid at (0.58, -0.92) density=11 prob=0.68 entries=1
  [TARGET] R2 → SITE (0.58, -0.92)

======================================================================
Step 2500 (1.3 min) | Pickups: 2 | Deposits: 2 | Rate: 1.50 tags/min | phero_entries=1 max_w=0.652
======================================================================
R1[SEARCH    ]: carry=0 | base=1.20 | wall=1.42 | search= 16 | target=none
R2[BASE_ESC  ]: carry=0 | base=0.22 | wall=2.34 | search=  0 | target=site(0.58,-0.92)
R3[SEARCH    ]: carry=0 | base=2.17 | wall=0.62 | search=323 | target=none
R4[GIVE_UP   ]: carry=0 | base=0.59 | wall=2.07 | search=1872 | target=none

  [GIVE-UP] R4 returned empty after 1872 searching steps
  [TARGET] R4 → PHERO (0.58, -0.92)

======================================================================
Step 3000 (1.6 min) | Pickups: 2 | Deposits: 2 | Rate: 1.25 tags/min | phero_entries=1 max_w=0.036
======================================================================
R1[SEARCH    ]: carry=0 | base=1.74 | wall=0.97 | search=516 | target=none
R2[SEARCH    ]: carry=0 | base=0.91 | wall=1.70 | search=237 | target=site(0.58,-0.92)
R3[SEARCH    ]: carry=0 | base=2.33 | wall=0.44 | search=823 | target=none
R4[PHERO     ]: carry=0 | base=0.26 | wall=2.28 | search=  0 | target=phero(0.58,-0.92)


======================================================================
Step 3500 (1.9 min) | Pickups: 2 | Deposits: 2 | Rate: 1.07 tags/min | phero_entries=1 max_w=0.002
======================================================================
R1[SEARCH    ]: carry=0 | base=2.21 | wall=0.43 | search=1016 | target=none
R2[SEARCH    ]: carry=0 | base=0.78 | wall=1.77 | search=737 | target=site(0.58,-0.92)
R3[WALL_ESC  ]: carry=0 | base=2.40 | wall=0.34 | search=1323 | target=none
R4[SEARCH    ]: carry=0 | base=0.96 | wall=1.77 | search=168 | target=phero(0.58,-0.92)


======================================================================
Step 4000 (2.1 min) | Pickups: 2 | Deposits: 2 | Rate: 0.94 tags/min | phero_entries=0 max_w=0.000
======================================================================
R1[GIVE_UP   ]: carry=0 | base=1.08 | wall=1.48 | search=1092 | target=none
R2[SEARCH    ]: carry=0 | base=0.79 | wall=1.72 | search=1237 | target=site(0.58,-0.92)
R3[WALL_ESC  ]: carry=0 | base=2.40 | wall=0.34 | search=1823 | target=none
R4[SEARCH    ]: carry=0 | base=0.83 | wall=1.75 | search=668 | target=phero(0.58,-0.92)

  [GIVE-UP] R1 returned empty after 1092 searching steps
  [TARGET] R1 → WALL (-2.42, 2.32)

======================================================================
Step 4500 (2.4 min) | Pickups: 2 | Deposits: 2 | Rate: 0.83 tags/min | phero_entries=0 max_w=0.000
======================================================================
R1[SEARCH    ]: carry=0 | base=0.73 | wall=1.85 | search= 16 | target=none
R2[SEARCH    ]: carry=0 | base=0.94 | wall=1.69 | search=1737 | target=site(0.58,-0.92)
R3[GIVE_UP   ]: carry=0 | base=2.01 | wall=0.70 | search=2184 | target=none
R4[SEARCH    ]: carry=0 | base=0.91 | wall=1.59 | search=1168 | target=phero(0.58,-0.92)

[PICKUP] R2 picked up tag (density=9) | Total: 3
[PICKUP] R4 picked up tag (density=8) | Total: 4
[DEPOSIT] R2 deposited! Total: 3
  [PHERO] Laid at (-0.42, -0.69) density=9 prob=0.44 entries=1
  [TARGET] R2 → SITE (-0.42, -0.69)
  [GIVE-UP] R3 returned empty after 2184 searching steps
  [TARGET] R3 → PHERO (-0.42, -0.69)

======================================================================
Step 5000 (2.7 min) | Pickups: 4 | Deposits: 3 | Rate: 1.12 tags/min | phero_entries=1 max_w=0.623
======================================================================
R1[GIVE_UP   ]: carry=0 | base=0.31 | wall=2.23 | search=312 | target=none
R2[BASE_ESC  ]: carry=0 | base=0.22 | wall=2.29 | search=  0 | target=site(-0.42,-0.69)
R3[BASE_ESC  ]: carry=0 | base=0.22 | wall=2.30 | search=  0 | target=phero(-0.42,-0.69)
R4[RTB       ]: carry=1 | base=0.58 | wall=1.92 | search=  0 | target=none

  [GIVE-UP] R1 returned empty after 312 searching steps
  [TARGET] R1 → PHERO (-0.42, -0.69)
[PICKUP] R2 picked up tag (density=7) | Total: 5
[DEPOSIT] R4 deposited! Total: 4
  [TARGET] R4 → SITE (-0.15, -0.70)
[PICKUP] R4 picked up tag (density=6) | Total: 6
[PICKUP] R1 picked up tag (density=5) | Total: 7
[DEPOSIT] R2 deposited! Total: 5
  [TARGET] R2 → SITE (-0.09, -0.30)
[PICKUP] R3 picked up tag (density=4) | Total: 8

======================================================================
Step 5500 (2.9 min) | Pickups: 8 | Deposits: 5 | Rate: 1.70 tags/min | phero_entries=1 max_w=0.035
======================================================================
R1[SURVEY    ]: carry=1 | base=0.51 | wall=2.14 | search=  0 | target=none
R2[SITE      ]: carry=0 | base=0.26 | wall=2.26 | search=  0 | target=site(-0.09,-0.30)
R3[SURVEY    ]: carry=1 | base=0.46 | wall=2.14 | search=  0 | target=none
R4[RTB       ]: carry=1 | base=0.36 | wall=2.16 | search=  0 | target=none

[DEPOSIT] R4 deposited! Total: 6
  [TARGET] R4 → SITE (-0.14, -0.34)
[DEPOSIT] R1 deposited! Total: 7
  [TARGET] R1 → SITE (-0.35, -0.25)
[DEPOSIT] R3 deposited! Total: 8
  [TARGET] R3 → SITE (-0.36, -0.28)
[PICKUP] R4 picked up tag (density=3) | Total: 9

======================================================================
Step 6000 (3.2 min) | Pickups: 9 | Deposits: 8 | Rate: 2.50 tags/min | phero_entries=1 max_w=0.002
======================================================================
R1[GIVE_UP   ]: carry=0 | base=0.44 | wall=2.08 | search=156 | target=none
R2[SEARCH    ]: carry=0 | base=0.27 | wall=2.27 | search=376 | target=site(-0.09,-0.30)
R3[SEARCH    ]: carry=0 | base=0.42 | wall=2.17 | search=102 | target=site(-0.36,-0.28)
R4[SURVEY    ]: carry=1 | base=0.42 | wall=2.10 | search=  0 | target=none

[DEPOSIT] R4 deposited! Total: 9
  [TARGET] R4 → WALL (-2.04, -2.42)
  [GIVE-UP] R1 returned empty after 156 searching steps
  [TARGET] R1 → WALL (0.77, 2.42)
[PICKUP] R4 picked up tag (density=2) | Total: 10

======================================================================
Step 6500 (3.5 min) | Pickups: 10 | Deposits: 9 | Rate: 2.60 tags/min | phero_entries=0 max_w=0.000
======================================================================
R1[DEPART    ]: carry=0 | base=0.78 | wall=1.72 | search=  0 | target=none
R2[BASE_ESC  ]: carry=0 | base=0.24 | wall=2.28 | search=876 | target=site(-0.09,-0.30)
R3[SEARCH    ]: carry=0 | base=0.26 | wall=2.25 | search=602 | target=site(-0.36,-0.28)
R4[SURVEY    ]: carry=1 | base=0.55 | wall=1.97 | search=  0 | target=none

[DEPOSIT] R4 deposited! Total: 10
  [TARGET] R4 → SITE (-0.13, -0.53)

======================================================================
Step 7000 (3.7 min) | Pickups: 10 | Deposits: 10 | Rate: 2.68 tags/min | phero_entries=0 max_w=0.000
======================================================================
R1[SEARCH    ]: carry=0 | base=1.25 | wall=1.27 | search=420 | target=none
R2[SEARCH    ]: carry=0 | base=0.58 | wall=1.92 | search=1376 | target=site(-0.09,-0.30)
R3[SEARCH    ]: carry=0 | base=0.61 | wall=1.94 | search=1102 | target=site(-0.36,-0.28)
R4[SEARCH    ]: carry=0 | base=0.53 | wall=1.99 | search= 26 | target=site(-0.13,-0.53)

  [GIVE-UP] R2 returned empty after 1560 searching steps
  [TARGET] R2 → WALL (-2.42, 1.06)

======================================================================
Step 7500 (4.0 min) | Pickups: 10 | Deposits: 10 | Rate: 2.50 tags/min | phero_entries=0 max_w=0.000
======================================================================
R1[GIVE_UP   ]: carry=0 | base=0.54 | wall=1.96 | search=780 | target=none
R2[DEPART    ]: carry=0 | base=0.55 | wall=1.95 | search=  0 | target=none
R3[SEARCH    ]: carry=0 | base=0.61 | wall=1.90 | search=1602 | target=site(-0.36,-0.28)
R4[SEARCH    ]: carry=0 | base=0.49 | wall=2.13 | search=526 | target=site(-0.13,-0.53)

[PICKUP] R4 picked up tag (density=1) | Total: 11
  [GIVE-UP] R1 returned empty after 780 searching steps
  [TARGET] R1 → WALL (-1.24, -2.42)
[PICKUP] R2 picked up tag (density=12) | Total: 12
[DEPOSIT] R4 deposited! Total: 11
  [TARGET] R4 → WALL (-2.42, 0.69)

======================================================================
Step 8000 (4.3 min) | Pickups: 12 | Deposits: 11 | Rate: 2.58 tags/min | phero_entries=0 max_w=0.000
======================================================================
R1[DEPART    ]: carry=0 | base=0.26 | wall=2.27 | search=  0 | target=none
R2[RTB       ]: carry=1 | base=0.68 | wall=1.84 | search=  0 | target=none
R3[SEARCH    ]: carry=0 | base=0.85 | wall=1.82 | search=2102 | target=site(-0.36,-0.28)
R4[DEPART    ]: carry=0 | base=0.30 | wall=2.25 | search=  0 | target=none

[DEPOSIT] R2 deposited! Total: 12
  [PHERO] Laid at (-1.07, 0.26) density=12 prob=0.78 entries=1
  [TARGET] R2 → SITE (-1.07, 0.26)
[PICKUP] R4 picked up tag (density=11) | Total: 13

======================================================================
Step 8500 (4.5 min) | Pickups: 13 | Deposits: 12 | Rate: 2.65 tags/min | phero_entries=1 max_w=0.107
======================================================================
R1[BASE_ESC  ]: carry=0 | base=0.24 | wall=2.26 | search=374 | target=none
R2[SEARCH    ]: carry=0 | base=1.08 | wall=1.45 | search= 53 | target=site(-1.07,0.26)
R3[SEARCH    ]: carry=0 | base=1.16 | wall=1.40 | search=2602 | target=site(-0.36,-0.28)
R4[SURVEY    ]: carry=1 | base=1.08 | wall=1.43 | search=  0 | target=none

[PICKUP] R3 picked up tag (density=10) | Total: 14
[DEPOSIT] R4 deposited! Total: 13
  [TARGET] R4 → SITE (-1.07, 0.10)
[PICKUP] R2 picked up tag (density=9) | Total: 15

======================================================================
Step 9000 (4.8 min) | Pickups: 15 | Deposits: 13 | Rate: 2.71 tags/min | phero_entries=1 max_w=0.006
======================================================================
R1[SEARCH    ]: carry=0 | base=0.54 | wall=2.09 | search=874 | target=none
R2[SURVEY    ]: carry=1 | base=1.21 | wall=1.32 | search=  0 | target=none
R3[RTB       ]: carry=1 | base=0.73 | wall=1.78 | search=  0 | target=none
R4[SITE      ]: carry=0 | base=0.66 | wall=1.85 | search=  0 | target=site(-1.07,0.10)

[DEPOSIT] R3 deposited! Total: 14
  [PHERO] Laid at (-1.17, 0.30) density=10 prob=0.56 entries=2
  [TARGET] R3 → SITE (-1.17, 0.30)
  [GIVE-UP] R1 returned empty after 1092 searching steps
  [TARGET] R1 → PHERO (-1.17, 0.30)
[PICKUP] R4 picked up tag (density=8) | Total: 16
[DEPOSIT] R2 deposited! Total: 15
  [PHERO] Laid at (-1.18, 0.30) density=9 prob=0.44 entries=2
  [TARGET] R2 → SITE (-1.18, 0.30)

======================================================================
Step 9500 (5.1 min) | Pickups: 16 | Deposits: 15 | Rate: 2.96 tags/min | phero_entries=2 max_w=0.574
======================================================================
R1[PHERO     ]: carry=0 | base=0.26 | wall=2.24 | search=  0 | target=phero(-1.17,0.30)
R2[BASE_ESC  ]: carry=0 | base=0.23 | wall=2.29 | search=  0 | target=site(-1.18,0.30)
R3[SITE      ]: carry=0 | base=0.59 | wall=1.91 | search=  0 | target=site(-1.17,0.30)
R4[SURVEY    ]: carry=1 | base=1.16 | wall=1.35 | search=  0 | target=none

[PICKUP] R3 picked up tag (density=7) | Total: 17
[DEPOSIT] R4 deposited! Total: 16
  [TARGET] R4 → SITE (-1.15, 0.18)
[PICKUP] R1 picked up tag (density=6) | Total: 18

======================================================================
Step 10000 (5.3 min) | Pickups: 18 | Deposits: 16 | Rate: 3.00 tags/min | phero_entries=2 max_w=0.032
======================================================================
R1[SURVEY    ]: carry=1 | base=1.25 | wall=1.28 | search=  0 | target=none
R2[SEARCH    ]: carry=0 | base=1.28 | wall=1.34 | search=231 | target=site(-1.18,0.30)
R3[RTB       ]: carry=1 | base=1.07 | wall=1.44 | search=  0 | target=none
R4[SITE      ]: carry=0 | base=0.27 | wall=2.26 | search=  0 | target=site(-1.15,0.18)

[DEPOSIT] R3 deposited! Total: 17
  [TARGET] R3 → SITE (-1.18, 0.16)
[PICKUP] R4 picked up tag (density=5) | Total: 19

======================================================================
Step 10500 (5.6 min) | Pickups: 19 | Deposits: 17 | Rate: 3.04 tags/min | phero_entries=1 max_w=0.002
======================================================================
R1[RTB       ]: carry=1 | base=0.41 | wall=2.10 | search=  0 | target=none
R2[SEARCH    ]: carry=0 | base=1.08 | wall=1.68 | search=731 | target=site(-1.18,0.30)
R3[SITE      ]: carry=0 | base=0.67 | wall=1.85 | search=  0 | target=site(-1.18,0.16)
R4[SURVEY    ]: carry=1 | base=1.18 | wall=1.33 | search=  0 | target=none

[DEPOSIT] R1 deposited! Total: 18
  [TARGET] R1 → SITE (-1.23, 0.25)
[DEPOSIT] R4 deposited! Total: 19
  [TARGET] R4 → SITE (-1.17, 0.14)

======================================================================
Step 11000 (5.9 min) | Pickups: 19 | Deposits: 19 | Rate: 3.24 tags/min | phero_entries=0 max_w=0.000
======================================================================
R1[SEARCH    ]: carry=0 | base=1.23 | wall=1.28 | search= 79 | target=site(-1.23,0.25)
R2[SEARCH    ]: carry=0 | base=1.27 | wall=1.45 | search=1231 | target=site(-1.18,0.30)
R3[SEARCH    ]: carry=0 | base=1.12 | wall=1.43 | search=326 | target=site(-1.18,0.16)
R4[SITE      ]: carry=0 | base=0.47 | wall=2.05 | search=  0 | target=site(-1.17,0.14)

[PICKUP] R3 picked up tag (density=4) | Total: 20
[PICKUP] R4 picked up tag (density=3) | Total: 21
  [GIVE-UP] R2 returned empty after 1248 searching steps
  [TARGET] R2 → WALL (-1.71, -2.42)

======================================================================
Step 11500 (6.1 min) | Pickups: 21 | Deposits: 19 | Rate: 3.10 tags/min | phero_entries=0 max_w=0.000
======================================================================
R1[SEARCH    ]: carry=0 | base=1.17 | wall=1.38 | search=579 | target=site(-1.23,0.25)
R2[DEPART    ]: carry=0 | base=0.38 | wall=2.12 | search=  0 | target=none
R3[RTB       ]: carry=1 | base=0.74 | wall=1.77 | search=  0 | target=none
R4[RTB       ]: carry=1 | base=1.06 | wall=1.45 | search=  0 | target=none

[DEPOSIT] R3 deposited! Total: 20
  [TARGET] R3 → SITE (-1.23, 0.19)
[DEPOSIT] R4 deposited! Total: 21
  [TARGET] R4 → WALL (-0.13, 2.42)

======================================================================
Step 12000 (6.4 min) | Pickups: 21 | Deposits: 21 | Rate: 3.28 tags/min | phero_entries=0 max_w=0.000
======================================================================
R1[SEARCH    ]: carry=0 | base=1.23 | wall=1.31 | search=1079 | target=site(-1.23,0.25)
R2[DEPART    ]: carry=0 | base=2.13 | wall=0.82 | search=  0 | target=none
R3[SEARCH    ]: carry=0 | base=1.20 | wall=1.31 | search=  4 | target=site(-1.23,0.19)
R4[DEPART    ]: carry=0 | base=0.47 | wall=2.15 | search=  0 | target=none


======================================================================
Step 12500 (6.7 min) | Pickups: 21 | Deposits: 21 | Rate: 3.15 tags/min | phero_entries=0 max_w=0.000
======================================================================
R1[SEARCH    ]: carry=0 | base=1.18 | wall=1.34 | search=1579 | target=site(-1.23,0.25)
R2[GIVE_UP   ]: carry=0 | base=1.53 | wall=1.24 | search=156 | target=none
R3[GIVE_UP   ]: carry=0 | base=1.17 | wall=1.34 | search=468 | target=none
R4[SEARCH    ]: carry=0 | base=2.12 | wall=0.39 | search= 56 | target=none

  [GIVE-UP] R3 returned empty after 468 searching steps
  [TARGET] R3 → WALL (1.54, 2.42)
  [GIVE-UP] R2 returned empty after 156 searching steps
  [TARGET] R2 → WALL (1.36, -2.42)

======================================================================
Step 13000 (6.9 min) | Pickups: 21 | Deposits: 21 | Rate: 3.03 tags/min | phero_entries=0 max_w=0.000
======================================================================
R1[GIVE_UP   ]: carry=0 | base=1.08 | wall=1.48 | search=1872 | target=none
R2[DEPART    ]: carry=0 | base=0.39 | wall=2.11 | search=  0 | target=none
R3[DEPART    ]: carry=0 | base=0.33 | wall=2.24 | search=  0 | target=none
R4[GIVE_UP   ]: carry=0 | base=2.01 | wall=0.49 | search=468 | target=none

  [GIVE-UP] R1 returned empty after 1872 searching steps
  [TARGET] R1 → WALL (2.42, -1.53)
  [GIVE-UP] R4 returned empty after 468 searching steps
  [TARGET] R4 → WALL (-0.02, -2.42)

======================================================================
Step 13500 (7.2 min) | Pickups: 21 | Deposits: 21 | Rate: 2.92 tags/min | phero_entries=0 max_w=0.000
======================================================================
R1[DEPART    ]: carry=0 | base=0.46 | wall=2.07 | search=  0 | target=none
R2[SEARCH    ]: carry=0 | base=0.92 | wall=1.66 | search=394 | target=none
R3[SEARCH    ]: carry=0 | base=1.57 | wall=1.14 | search=131 | target=none
R4[BASE_ESC  ]: carry=0 | base=0.22 | wall=2.28 | search=  0 | target=none


======================================================================
Step 14000 (7.5 min) | Pickups: 21 | Deposits: 21 | Rate: 2.81 tags/min | phero_entries=0 max_w=0.000
======================================================================
R1[SEARCH    ]: carry=0 | base=1.47 | wall=1.42 | search=205 | target=none
R2[SEARCH    ]: carry=0 | base=0.65 | wall=1.93 | search=894 | target=none
R3[SEARCH    ]: carry=0 | base=1.07 | wall=1.49 | search=631 | target=none
R4[SEARCH    ]: carry=0 | base=0.43 | wall=2.17 | search=227 | target=none

  [GIVE-UP] R4 returned empty after 312 searching steps
  [TARGET] R4 → WALL (0.61, -2.42)

======================================================================
Step 14500 (7.7 min) | Pickups: 21 | Deposits: 21 | Rate: 2.72 tags/min | phero_entries=0 max_w=0.000
======================================================================
R1[SEARCH    ]: carry=0 | base=1.86 | wall=1.15 | search=705 | target=none
R2[SEARCH    ]: carry=0 | base=0.74 | wall=1.76 | search=1394 | target=none
R3[SEARCH    ]: carry=0 | base=1.15 | wall=1.38 | search=1131 | target=none
R4[DEPART    ]: carry=0 | base=0.45 | wall=2.09 | search=  0 | target=none


======================================================================
Step 15000 (8.0 min) | Pickups: 21 | Deposits: 21 | Rate: 2.62 tags/min | phero_entries=0 max_w=0.000
======================================================================
R1[SEARCH    ]: carry=0 | base=2.02 | wall=0.98 | search=1205 | target=none
R2[GIVE_UP   ]: carry=0 | base=0.48 | wall=2.02 | search=1716 | target=none
R3[SEARCH    ]: carry=0 | base=1.08 | wall=1.42 | search=1631 | target=none
R4[SEARCH    ]: carry=0 | base=1.72 | wall=0.79 | search=209 | target=none

  [GIVE-UP] R2 returned empty after 1716 searching steps
  [TARGET] R2 → WALL (2.42, 2.22)

======================================================================
Step 15500 (8.3 min) | Pickups: 21 | Deposits: 21 | Rate: 2.54 tags/min | phero_entries=0 max_w=0.000
======================================================================
R1[SEARCH    ]: carry=0 | base=1.71 | wall=0.99 | search=1705 | target=none
R2[DEPART    ]: carry=0 | base=0.46 | wall=2.04 | search=  0 | target=none
R3[SEARCH    ]: carry=0 | base=0.71 | wall=1.81 | search=2131 | target=none
R4[SEARCH    ]: carry=0 | base=1.33 | wall=1.18 | search=709 | target=none

[PICKUP] R2 picked up tag (density=6) | Total: 22
[DEPOSIT] R2 deposited! Total: 22
  [PHERO] Laid at (0.49, 0.09) density=6 prob=0.12 entries=1
  [TARGET] R2 → SITE (0.49, 0.09)
  [GIVE-UP] R3 returned empty after 2496 searching steps
  [TARGET] R3 → PHERO (0.49, 0.09)

======================================================================
Step 16000 (8.5 min) | Pickups: 22 | Deposits: 22 | Rate: 2.58 tags/min | phero_entries=1 max_w=0.453
======================================================================
R1[SEARCH    ]: carry=0 | base=2.25 | wall=0.71 | search=2205 | target=none
R2[SITE      ]: carry=0 | base=0.28 | wall=2.23 | search=  0 | target=site(0.49,0.09)
R3[BASE_ESC  ]: carry=0 | base=0.22 | wall=2.28 | search=  0 | target=phero(0.49,0.09)
R4[SEARCH    ]: carry=0 | base=1.68 | wall=0.84 | search=1209 | target=none

[PICKUP] R2 picked up tag (density=5) | Total: 23
[PICKUP] R3 picked up tag (density=4) | Total: 24
[DEPOSIT] R3 deposited! Total: 23
  [TARGET] R3 → SITE (0.25, 0.24)
[DEPOSIT] R2 deposited! Total: 24
  [TARGET] R2 → PHERO (0.49, 0.09)

======================================================================
Step 16500 (8.8 min) | Pickups: 24 | Deposits: 24 | Rate: 2.73 tags/min | phero_entries=1 max_w=0.025
======================================================================
R1[GIVE_UP   ]: carry=0 | base=2.48 | wall=0.71 | search=2652 | target=none
R2[BASE_ESC  ]: carry=0 | base=0.22 | wall=2.28 | search=  0 | target=phero(0.49,0.09)
R3[BASE_ESC  ]: carry=0 | base=0.23 | wall=2.27 | search=  0 | target=site(0.25,0.24)
R4[SEARCH    ]: carry=0 | base=1.58 | wall=0.92 | search=1709 | target=none

[PICKUP] R3 picked up tag (density=3) | Total: 25
  [GIVE-UP] R2 returned empty after 156 searching steps
  [TARGET] R2 → PHERO (0.49, 0.09)
[DEPOSIT] R3 deposited! Total: 25
  [TARGET] R3 → SITE (0.30, 0.20)

======================================================================
Step 17000 (9.1 min) | Pickups: 25 | Deposits: 25 | Rate: 2.76 tags/min | phero_entries=1 max_w=0.001
======================================================================
R1[GIVE_UP   ]: carry=0 | base=0.80 | wall=1.90 | search=2652 | target=none
R2[PHERO     ]: carry=0 | base=0.27 | wall=2.24 | search=  0 | target=phero(0.49,0.09)
R3[BASE_ESC  ]: carry=0 | base=0.23 | wall=2.28 | search=  0 | target=site(0.30,0.20)
R4[GIVE_UP   ]: carry=0 | base=1.35 | wall=1.17 | search=2184 | target=none

  [GIVE-UP] R1 returned empty after 2652 searching steps
  [TARGET] R1 → WALL (-2.42, -0.28)
  [GIVE-UP] R4 returned empty after 2184 searching steps
  [TARGET] R4 → WALL (-1.52, -2.42)
[PICKUP] R3 picked up tag (density=2) | Total: 26

======================================================================
Step 17500 (9.3 min) | Pickups: 26 | Deposits: 25 | Rate: 2.68 tags/min | phero_entries=0 max_w=0.000
======================================================================
R1[DEPART    ]: carry=0 | base=0.38 | wall=2.23 | search=  0 | target=none
R2[SEARCH    ]: carry=0 | base=0.44 | wall=2.09 | search=416 | target=phero(0.49,0.09)
R3[SURVEY    ]: carry=1 | base=0.49 | wall=2.14 | search=  0 | target=none
R4[DEPART    ]: carry=0 | base=0.27 | wall=2.24 | search=  0 | target=none

[PICKUP] R2 picked up tag (density=1) | Total: 27
[DEPOSIT] R3 deposited! Total: 26
  [TARGET] R3 → SITE (0.34, 0.36)

======================================================================
Step 18000 (9.6 min) | Pickups: 27 | Deposits: 26 | Rate: 2.71 tags/min | phero_entries=0 max_w=0.000
======================================================================
R1[SEARCH    ]: carry=0 | base=0.53 | wall=2.12 | search=434 | target=none
R2[RTB       ]: carry=1 | base=0.47 | wall=2.09 | search=  0 | target=none
R3[SITE      ]: carry=0 | base=0.32 | wall=2.21 | search=  0 | target=site(0.34,0.36)
R4[DEPART    ]: carry=0 | base=2.04 | wall=0.74 | search=  0 | target=none

[DEPOSIT] R2 deposited! Total: 27
  [TARGET] R2 → SITE (0.41, 0.33)

======================================================================
Step 18500 (9.9 min) | Pickups: 27 | Deposits: 27 | Rate: 2.74 tags/min | phero_entries=0 max_w=0.000
======================================================================
R1[SEARCH    ]: carry=0 | base=1.00 | wall=1.74 | search=934 | target=none
R2[SEARCH    ]: carry=0 | base=0.76 | wall=1.93 | search=185 | target=site(0.41,0.33)
R3[SEARCH    ]: carry=0 | base=0.46 | wall=2.04 | search=437 | target=site(0.34,0.36)
R4[GIVE_UP   ]: carry=0 | base=2.55 | wall=0.36 | search=312 | target=none

TIMEOUT_RESULT pickups=27 deposits=27 steps=18750 elapsed_min=10.000000
BATCH_RESULT pickups=27 deposits=27
