=================================================================
CPFA BASELINE — ARGoS-calibrated parameters
  Params file                  = /home/sara/Documents/RL-FL-Foraging/cpfa_tuning_20260715_155549/trial_016/params.yaml
  Results file                 = /home/sara/Documents/RL-FL-Foraging/controllers/cpfa_baseline/results/cpfa_baseline_results_20260715_163924_1.txt
  RateOfLayingPheromone        = 10.159920247817015
  RateOfSiteFidelity           = 3.1244183126321015
  RateOfPheromoneDecay         = 0.18058203265324713 /s  (lifetime ~38s)
  ProbabilityOfReturningToNest = 0.12297074807387037 (every 5 sec → E[give-up] ~41s)
  UninformedSearchVariation    = 1.03 rad (59.2°)
  RateOfInformedSearchDecay    = 2.0363375804576567 /waypoint
  ProbabilityOfSwitchingToSearching = 0.3211892500638069 (every 5 sec in uninformed DEPARTING)
=================================================================

[PICKUP] R4 picked up tag (density=9) | Total: 1
[PICKUP] R1 picked up tag (density=6) | Total: 2
[PICKUP] R2 picked up tag (density=8) | Total: 3
[DEPOSIT] R1 deposited! Total: 1
  [TARGET] R1 → SITE (-0.34, 0.15)
[DEPOSIT] R4 deposited! Total: 2
  [PHERO] Laid at (0.00, -0.50) density=9 prob=0.44 entries=1
  [TARGET] R4 → SITE (0.00, -0.50)
[DEPOSIT] R2 deposited! Total: 3
  [TARGET] R2 → SITE (0.09, -0.38)

======================================================================
Step 500 (0.3 min) | Pickups: 3 | Deposits: 3 | Rate: 11.25 tags/min | phero_entries=1 max_w=0.406
======================================================================
R1[SEARCH    ]: carry=0 | base=0.38 | wall=2.17 | search=  8 | target=site(-0.34,0.15)
R2[SITE      ]: carry=0 | base=0.26 | wall=2.30 | search=  0 | target=site(0.09,-0.38)
R3[DEPART    ]: carry=0 | base=1.82 | wall=0.68 | search=  0 | target=none
R4[SITE      ]: carry=0 | base=0.26 | wall=2.26 | search=  0 | target=site(0.00,-0.50)

[PICKUP] R1 picked up tag (density=5) | Total: 4
[PICKUP] R4 picked up tag (density=7) | Total: 5
[DEPOSIT] R1 deposited! Total: 4
  [TARGET] R1 → SITE (-0.34, 0.19)
[DEPOSIT] R4 deposited! Total: 5
  [TARGET] R4 → SITE (0.06, -0.43)
[PICKUP] R2 picked up tag (density=6) | Total: 6
[PICKUP] R1 picked up tag (density=4) | Total: 7

======================================================================
Step 1000 (0.5 min) | Pickups: 7 | Deposits: 5 | Rate: 9.38 tags/min | phero_entries=1 max_w=0.023
======================================================================
R1[SURVEY    ]: carry=1 | base=0.39 | wall=2.19 | search=  0 | target=none
R2[SURVEY    ]: carry=1 | base=0.37 | wall=2.19 | search=  0 | target=none
R3[DEPART    ]: carry=0 | base=2.14 | wall=0.48 | search=  0 | target=none
R4[BASE_ESC  ]: carry=0 | base=0.23 | wall=2.31 | search=  0 | target=site(0.06,-0.43)

[PICKUP] R4 picked up tag (density=5) | Total: 8
[DEPOSIT] R2 deposited! Total: 6
  [TARGET] R2 → SITE (-0.19, -0.31)
[DEPOSIT] R1 deposited! Total: 7
  [TARGET] R1 → SITE (-0.31, 0.23)

======================================================================
Step 1500 (0.8 min) | Pickups: 8 | Deposits: 7 | Rate: 8.75 tags/min | phero_entries=1 max_w=0.001
======================================================================
R1[SEARCH    ]: carry=0 | base=0.39 | wall=2.21 | search=  4 | target=site(-0.31,0.23)
R2[SEARCH    ]: carry=0 | base=0.43 | wall=2.13 | search= 54 | target=site(-0.19,-0.31)
R3[WALL_ESC  ]: carry=0 | base=2.22 | wall=0.34 | search=455 | target=none
R4[RTB       ]: carry=1 | base=0.37 | wall=2.14 | search=  0 | target=none

[PICKUP] R2 picked up tag (density=4) | Total: 9
[DEPOSIT] R4 deposited! Total: 8
  [PHERO] Laid at (0.03, -0.43) density=5 prob=0.06 entries=1
  [TARGET] R4 → SITE (0.03, -0.43)
[PICKUP] R1 picked up tag (density=3) | Total: 10
[DEPOSIT] R2 deposited! Total: 9
  [TARGET] R2 → SITE (-0.24, -0.40)
[DEPOSIT] R1 deposited! Total: 10
  [TARGET] R1 → SITE (-0.48, 0.22)

======================================================================
Step 2000 (1.1 min) | Pickups: 10 | Deposits: 10 | Rate: 9.38 tags/min | phero_entries=1 max_w=0.070
======================================================================
R1[BASE_ESC  ]: carry=0 | base=0.23 | wall=2.32 | search=  0 | target=site(-0.48,0.22)
R2[SITE      ]: carry=0 | base=0.38 | wall=2.13 | search=  0 | target=site(-0.24,-0.40)
R3[GIVE_UP   ]: carry=0 | base=0.99 | wall=1.54 | search=624 | target=none
R4[GIVE_UP   ]: carry=0 | base=0.31 | wall=2.22 | search=156 | target=none

[PICKUP] R2 picked up tag (density=3) | Total: 11
  [GIVE-UP] R4 returned empty after 156 searching steps
  [TARGET] R4 → PHERO (0.03, -0.43)
  [GIVE-UP] R3 returned empty after 624 searching steps
  [TARGET] R3 → PHERO (0.03, -0.43)
[DEPOSIT] R2 deposited! Total: 11
  [TARGET] R2 → SITE (-0.14, -0.39)

======================================================================
Step 2500 (1.3 min) | Pickups: 11 | Deposits: 11 | Rate: 8.25 tags/min | phero_entries=1 max_w=0.004
======================================================================
R1[SEARCH    ]: carry=0 | base=0.56 | wall=1.94 | search=383 | target=site(-0.48,0.22)
R2[SITE      ]: carry=0 | base=0.31 | wall=2.19 | search=  0 | target=site(-0.14,-0.39)
R3[SEARCH    ]: carry=0 | base=0.45 | wall=2.06 | search= 77 | target=phero(0.03,-0.43)
R4[SEARCH    ]: carry=0 | base=0.37 | wall=2.16 | search=260 | target=phero(0.03,-0.43)

[PICKUP] R4 picked up tag (density=2) | Total: 12
[DEPOSIT] R4 deposited! Total: 12
  [TARGET] R4 → WALL (-1.36, 2.42)

======================================================================
Step 3000 (1.6 min) | Pickups: 12 | Deposits: 12 | Rate: 7.50 tags/min | phero_entries=0 max_w=0.000
======================================================================
R1[SEARCH    ]: carry=0 | base=0.51 | wall=2.00 | search=883 | target=site(-0.48,0.22)
R2[GIVE_UP   ]: carry=0 | base=0.52 | wall=2.10 | search=312 | target=none
R3[BASE_ESC  ]: carry=0 | base=0.24 | wall=2.31 | search=577 | target=phero(0.03,-0.43)
R4[DEPART    ]: carry=0 | base=0.26 | wall=2.25 | search=  0 | target=none

  [GIVE-UP] R3 returned empty after 624 searching steps
  [TARGET] R3 → WALL (-1.59, -2.42)
  [GIVE-UP] R2 returned empty after 312 searching steps
  [TARGET] R2 → WALL (2.42, 1.55)

======================================================================
Step 3500 (1.9 min) | Pickups: 12 | Deposits: 12 | Rate: 6.43 tags/min | phero_entries=0 max_w=0.000
======================================================================
R1[SEARCH    ]: carry=0 | base=0.59 | wall=1.92 | search=1383 | target=site(-0.48,0.22)
R2[DEPART    ]: carry=0 | base=0.27 | wall=2.30 | search=  0 | target=none
R3[SEARCH    ]: carry=0 | base=0.72 | wall=1.88 | search=296 | target=none
R4[DEPART    ]: carry=0 | base=0.30 | wall=2.25 | search=  0 | target=none

  [GIVE-UP] R1 returned empty after 1404 searching steps
  [TARGET] R1 → WALL (0.90, 2.42)
  [GIVE-UP] R3 returned empty after 624 searching steps
  [TARGET] R3 → WALL (2.42, -0.69)
[PICKUP] R2 picked up tag (density=9) | Total: 13

======================================================================
Step 4000 (2.1 min) | Pickups: 13 | Deposits: 12 | Rate: 5.62 tags/min | phero_entries=0 max_w=0.000
======================================================================
R1[DEPART    ]: carry=0 | base=1.03 | wall=1.48 | search=  0 | target=none
R2[SURVEY    ]: carry=1 | base=1.80 | wall=1.04 | search=  0 | target=none
R3[BASE_ESC  ]: carry=0 | base=0.22 | wall=2.32 | search=  0 | target=none
R4[DEPART    ]: carry=0 | base=2.05 | wall=0.68 | search=  0 | target=none


======================================================================
Step 4500 (2.4 min) | Pickups: 13 | Deposits: 12 | Rate: 5.00 tags/min | phero_entries=0 max_w=0.000
======================================================================
R1[SEARCH    ]: carry=0 | base=2.01 | wall=0.62 | search=309 | target=none
R2[RTB       ]: carry=1 | base=0.82 | wall=1.81 | search=  0 | target=none
R3[DEPART    ]: carry=0 | base=1.50 | wall=1.10 | search=  0 | target=none
R4[SEARCH    ]: carry=0 | base=2.29 | wall=0.45 | search=427 | target=none

[DEPOSIT] R2 deposited! Total: 13
  [PHERO] Laid at (1.45, 1.06) density=9 prob=0.44 entries=1
  [TARGET] R2 → SITE (1.45, 1.06)

======================================================================
Step 5000 (2.7 min) | Pickups: 13 | Deposits: 13 | Rate: 4.88 tags/min | phero_entries=1 max_w=0.132
======================================================================
R1[SEARCH    ]: carry=0 | base=2.10 | wall=0.56 | search=809 | target=none
R2[SITE      ]: carry=0 | base=1.14 | wall=1.60 | search=  0 | target=site(1.45,1.06)
R3[SEARCH    ]: carry=0 | base=1.94 | wall=0.84 | search=474 | target=none
R4[GIVE_UP   ]: carry=0 | base=1.95 | wall=0.76 | search=780 | target=none

[PICKUP] R4 picked up tag (density=2) | Total: 14

======================================================================
Step 5500 (2.9 min) | Pickups: 14 | Deposits: 13 | Rate: 4.43 tags/min | phero_entries=1 max_w=0.007
======================================================================
R1[GIVE_UP   ]: carry=0 | base=1.36 | wall=1.19 | search=1092 | target=none
R2[SEARCH    ]: carry=0 | base=1.65 | wall=1.29 | search=341 | target=site(1.45,1.06)
R3[WALL_ESC  ]: carry=0 | base=2.50 | wall=0.35 | search=974 | target=none
R4[SURVEY    ]: carry=1 | base=0.64 | wall=1.93 | search=  0 | target=none

[DEPOSIT] R4 deposited! Total: 14
  [TARGET] R4 → SITE (-0.29, 0.57)
  [GIVE-UP] R1 returned empty after 1092 searching steps
  [TARGET] R1 → PHERO (1.45, 1.06)

======================================================================
Step 6000 (3.2 min) | Pickups: 14 | Deposits: 14 | Rate: 4.38 tags/min | phero_entries=0 max_w=0.000
======================================================================
R1[PHERO     ]: carry=0 | base=0.46 | wall=2.07 | search=  0 | target=phero(1.45,1.06)
R2[GIVE_UP   ]: carry=0 | base=0.84 | wall=1.84 | search=624 | target=none
R3[SEARCH    ]: carry=0 | base=2.39 | wall=0.35 | search=1474 | target=none
R4[SEARCH    ]: carry=0 | base=0.75 | wall=1.86 | search=107 | target=site(-0.29,0.57)

[PICKUP] R4 picked up tag (density=1) | Total: 15
  [GIVE-UP] R2 returned empty after 624 searching steps
  [TARGET] R2 → WALL (-2.42, 0.51)
[PICKUP] R1 picked up tag (density=8) | Total: 16
[DEPOSIT] R4 deposited! Total: 15
  [TARGET] R4 → WALL (2.19, 2.42)

======================================================================
Step 6500 (3.5 min) | Pickups: 16 | Deposits: 15 | Rate: 4.33 tags/min | phero_entries=0 max_w=0.000
======================================================================
R1[SURVEY    ]: carry=1 | base=1.78 | wall=1.05 | search=  0 | target=none
R2[SEARCH    ]: carry=0 | base=0.50 | wall=2.13 | search= 63 | target=none
R3[SEARCH    ]: carry=0 | base=2.41 | wall=0.36 | search=1974 | target=none
R4[BASE_ESC  ]: carry=0 | base=0.22 | wall=2.29 | search=  0 | target=none

  [GIVE-UP] R2 returned empty after 156 searching steps
  [TARGET] R2 → WALL (2.42, -1.06)
  [GIVE-UP] R4 returned empty after 156 searching steps
  [TARGET] R4 → WALL (2.42, 0.83)

======================================================================
Step 7000 (3.7 min) | Pickups: 16 | Deposits: 15 | Rate: 4.02 tags/min | phero_entries=0 max_w=0.000
======================================================================
R1[RTB       ]: carry=1 | base=0.52 | wall=2.05 | search=  0 | target=none
R2[DEPART    ]: carry=0 | base=0.53 | wall=1.97 | search=  0 | target=none
R3[GIVE_UP   ]: carry=0 | base=1.61 | wall=1.14 | search=2184 | target=none
R4[BASE_ESC  ]: carry=0 | base=0.22 | wall=2.30 | search=  0 | target=none

[PICKUP] R3 picked up tag (density=12) | Total: 17
[DEPOSIT] R1 deposited! Total: 16
  [PHERO] Laid at (1.45, 1.03) density=8 prob=0.32 entries=1
  [TARGET] R1 → SITE (1.45, 1.03)

======================================================================
Step 7500 (4.0 min) | Pickups: 17 | Deposits: 16 | Rate: 4.00 tags/min | phero_entries=1 max_w=0.084
======================================================================
R1[SITE      ]: carry=0 | base=1.43 | wall=1.34 | search=  0 | target=site(1.45,1.03)
R2[SEARCH    ]: carry=0 | base=0.73 | wall=1.77 | search=403 | target=none
R3[RTB       ]: carry=1 | base=0.95 | wall=1.65 | search=  0 | target=none
R4[SEARCH    ]: carry=0 | base=1.36 | wall=1.33 | search=135 | target=none

[DEPOSIT] R3 deposited! Total: 17
  [PHERO] Laid at (1.23, -0.77) density=12 prob=0.78 entries=2
  [TARGET] R3 → SITE (1.23, -0.77)
  [GIVE-UP] R2 returned empty after 468 searching steps
  [TARGET] R2 → PHERO (1.23, -0.77)
  [GIVE-UP] R4 returned empty after 156 searching steps
  [TARGET] R4 → PHERO (1.23, -0.77)

======================================================================
Step 8000 (4.3 min) | Pickups: 17 | Deposits: 17 | Rate: 3.98 tags/min | phero_entries=2 max_w=0.161
======================================================================
R1[SEARCH    ]: carry=0 | base=1.83 | wall=0.98 | search=422 | target=site(1.45,1.03)
R2[PHERO     ]: carry=0 | base=0.47 | wall=2.09 | search=  0 | target=phero(1.23,-0.77)
R3[SITE      ]: carry=0 | base=0.82 | wall=1.79 | search=  0 | target=site(1.23,-0.77)
R4[BASE_ESC  ]: carry=0 | base=0.25 | wall=2.25 | search=  0 | target=phero(1.23,-0.77)

[PICKUP] R1 picked up tag (density=7) | Total: 18
[PICKUP] R2 picked up tag (density=11) | Total: 19
[PICKUP] R4 picked up tag (density=10) | Total: 20

======================================================================
Step 8500 (4.5 min) | Pickups: 20 | Deposits: 17 | Rate: 3.75 tags/min | phero_entries=1 max_w=0.009
======================================================================
R1[RTB       ]: carry=1 | base=0.98 | wall=1.65 | search=  0 | target=none
R2[RTB       ]: carry=1 | base=1.19 | wall=1.46 | search=  0 | target=none
R3[SEARCH    ]: carry=0 | base=1.47 | wall=1.26 | search=348 | target=site(1.23,-0.77)
R4[SURVEY    ]: carry=1 | base=1.47 | wall=1.30 | search=  0 | target=none

[DEPOSIT] R1 deposited! Total: 18
  [TARGET] R1 → SITE (1.53, 1.01)
[DEPOSIT] R2 deposited! Total: 19
  [PHERO] Laid at (1.05, -0.65) density=11 prob=0.68 entries=2
  [TARGET] R2 → SITE (1.05, -0.65)

======================================================================
Step 9000 (4.8 min) | Pickups: 20 | Deposits: 19 | Rate: 3.96 tags/min | phero_entries=1 max_w=0.232
======================================================================
R1[SITE      ]: carry=0 | base=0.96 | wall=1.66 | search=  0 | target=site(1.53,1.01)
R2[SITE      ]: carry=0 | base=0.74 | wall=1.84 | search=  0 | target=site(1.05,-0.65)
R3[SEARCH    ]: carry=0 | base=1.24 | wall=1.28 | search=848 | target=site(1.23,-0.77)
R4[RTB       ]: carry=1 | base=0.32 | wall=2.22 | search=  0 | target=none

[DEPOSIT] R4 deposited! Total: 20
  [TARGET] R4 → SITE (1.20, -0.78)
[PICKUP] R1 picked up tag (density=6) | Total: 21

======================================================================
Step 9500 (5.1 min) | Pickups: 21 | Deposits: 20 | Rate: 3.95 tags/min | phero_entries=1 max_w=0.013
======================================================================
R1[RTB       ]: carry=1 | base=1.85 | wall=0.96 | search=  0 | target=none
R2[SEARCH    ]: carry=0 | base=1.37 | wall=1.30 | search=383 | target=site(1.05,-0.65)
R3[SEARCH    ]: carry=0 | base=1.31 | wall=1.22 | search=1348 | target=site(1.23,-0.77)
R4[SEARCH    ]: carry=0 | base=1.45 | wall=1.27 | search= 62 | target=site(1.20,-0.78)

[PICKUP] R2 picked up tag (density=9) | Total: 22
[DEPOSIT] R1 deposited! Total: 21
  [TARGET] R1 → SITE (1.52, 1.04)
  [GIVE-UP] R3 returned empty after 1560 searching steps
  [TARGET] R3 → WALL (2.40, 2.42)

======================================================================
Step 10000 (5.3 min) | Pickups: 22 | Deposits: 21 | Rate: 3.94 tags/min | phero_entries=0 max_w=0.000
======================================================================
R1[BASE_ESC  ]: carry=0 | base=0.20 | wall=2.35 | search=  0 | target=site(1.52,1.04)
R2[RTB       ]: carry=1 | base=0.98 | wall=1.64 | search=  0 | target=none
R3[BASE_ESC  ]: carry=0 | base=0.23 | wall=2.29 | search=  0 | target=none
R4[SEARCH    ]: carry=0 | base=1.68 | wall=0.89 | search=562 | target=site(1.20,-0.78)

[DEPOSIT] R2 deposited! Total: 22
  [TARGET] R2 → SITE (1.02, -0.68)

======================================================================
Step 10500 (5.6 min) | Pickups: 22 | Deposits: 22 | Rate: 3.93 tags/min | phero_entries=0 max_w=0.000
======================================================================
R1[SEARCH    ]: carry=0 | base=1.84 | wall=0.99 | search= 29 | target=site(1.52,1.04)
R2[SITE      ]: carry=0 | base=0.94 | wall=1.69 | search=  0 | target=site(1.02,-0.68)
R3[SEARCH    ]: carry=0 | base=1.36 | wall=1.47 | search=105 | target=none
R4[SEARCH    ]: carry=0 | base=1.94 | wall=0.80 | search=1062 | target=site(1.20,-0.78)

[PICKUP] R1 picked up tag (density=5) | Total: 23

======================================================================
Step 11000 (5.9 min) | Pickups: 23 | Deposits: 22 | Rate: 3.75 tags/min | phero_entries=0 max_w=0.000
======================================================================
R1[SURVEY    ]: carry=1 | base=1.88 | wall=0.88 | search=  0 | target=none
R2[SEARCH    ]: carry=0 | base=1.46 | wall=1.08 | search=439 | target=site(1.02,-0.68)
R3[SEARCH    ]: carry=0 | base=1.41 | wall=1.44 | search=605 | target=none
R4[SEARCH    ]: carry=0 | base=1.80 | wall=0.96 | search=1562 | target=site(1.20,-0.78)

[PICKUP] R4 picked up tag (density=8) | Total: 24
  [GIVE-UP] R2 returned empty after 468 searching steps
  [TARGET] R2 → WALL (-2.01, -2.42)

======================================================================
Step 11500 (6.1 min) | Pickups: 24 | Deposits: 22 | Rate: 3.59 tags/min | phero_entries=0 max_w=0.000
======================================================================
R1[RTB       ]: carry=1 | base=0.44 | wall=2.11 | search=  0 | target=none
R2[BASE_ESC  ]: carry=0 | base=0.23 | wall=2.29 | search=  0 | target=none
R3[SEARCH    ]: carry=0 | base=1.13 | wall=1.48 | search=1105 | target=none
R4[RTB       ]: carry=1 | base=1.40 | wall=1.35 | search=  0 | target=none

[DEPOSIT] R1 deposited! Total: 23
  [TARGET] R1 → SITE (1.62, 0.95)
[PICKUP] R2 picked up tag (density=1) | Total: 25
[DEPOSIT] R4 deposited! Total: 24
  [PHERO] Laid at (1.14, -0.80) density=8 prob=0.32 entries=1
  [TARGET] R4 → SITE (1.14, -0.80)

======================================================================
Step 12000 (6.4 min) | Pickups: 25 | Deposits: 24 | Rate: 3.75 tags/min | phero_entries=1 max_w=0.491
======================================================================
R1[SITE      ]: carry=0 | base=1.49 | wall=1.20 | search=  0 | target=site(1.62,0.95)
R2[RTB       ]: carry=1 | base=0.54 | wall=1.97 | search=  0 | target=none
R3[SEARCH    ]: carry=0 | base=1.36 | wall=1.50 | search=1605 | target=none
R4[SITE      ]: carry=0 | base=0.28 | wall=2.23 | search=  0 | target=site(1.14,-0.80)

[DEPOSIT] R2 deposited! Total: 25
  [TARGET] R2 → PHERO (1.14, -0.80)
[PICKUP] R1 picked up tag (density=4) | Total: 26
[PICKUP] R4 picked up tag (density=7) | Total: 27
[PICKUP] R2 picked up tag (density=6) | Total: 28

======================================================================
Step 12500 (6.7 min) | Pickups: 28 | Deposits: 25 | Rate: 3.75 tags/min | phero_entries=1 max_w=0.027
======================================================================
R1[RTB       ]: carry=1 | base=1.49 | wall=1.18 | search=  0 | target=none
R2[SURVEY    ]: carry=1 | base=1.05 | wall=1.67 | search=  0 | target=none
R3[GIVE_UP   ]: carry=0 | base=0.86 | wall=1.88 | search=2028 | target=none
R4[SURVEY    ]: carry=1 | base=1.38 | wall=1.38 | search=  0 | target=none

  [GIVE-UP] R3 returned empty after 2028 searching steps
  [TARGET] R3 → PHERO (1.14, -0.80)
[DEPOSIT] R1 deposited! Total: 26
  [TARGET] R1 → PHERO (1.14, -0.80)
[DEPOSIT] R2 deposited! Total: 27
  [TARGET] R2 → SITE (0.82, -0.64)
[DEPOSIT] R4 deposited! Total: 28
  [TARGET] R4 → SITE (1.11, -0.80)

======================================================================
Step 13000 (6.9 min) | Pickups: 28 | Deposits: 28 | Rate: 4.04 tags/min | phero_entries=1 max_w=0.002
======================================================================
R1[PHERO     ]: carry=0 | base=0.31 | wall=2.24 | search=  0 | target=phero(1.14,-0.80)
R2[BASE_ESC  ]: carry=0 | base=0.17 | wall=2.36 | search=  0 | target=site(0.82,-0.64)
R3[PHERO     ]: carry=0 | base=0.59 | wall=1.92 | search=  0 | target=phero(1.14,-0.80)
R4[BASE_ESC  ]: carry=0 | base=0.24 | wall=2.28 | search=  0 | target=site(1.11,-0.80)

[PICKUP] R4 picked up tag (density=5) | Total: 29
[PICKUP] R3 picked up tag (density=4) | Total: 30

======================================================================
Step 13500 (7.2 min) | Pickups: 30 | Deposits: 28 | Rate: 3.89 tags/min | phero_entries=0 max_w=0.000
======================================================================
R1[SEARCH    ]: carry=0 | base=1.39 | wall=1.29 | search=162 | target=phero(1.14,-0.80)
R2[SEARCH    ]: carry=0 | base=1.20 | wall=1.52 | search=166 | target=site(0.82,-0.64)
R3[SURVEY    ]: carry=1 | base=1.31 | wall=1.45 | search=  0 | target=none
R4[SURVEY    ]: carry=1 | base=1.38 | wall=1.40 | search=  0 | target=none

[PICKUP] R2 picked up tag (density=3) | Total: 31
[PICKUP] R1 picked up tag (density=2) | Total: 32

======================================================================
Step 14000 (7.5 min) | Pickups: 32 | Deposits: 28 | Rate: 3.75 tags/min | phero_entries=0 max_w=0.000
======================================================================
R1[SURVEY    ]: carry=1 | base=1.44 | wall=1.43 | search=  0 | target=none
R2[RTB       ]: carry=1 | base=0.90 | wall=1.75 | search=  0 | target=none
R3[RTB       ]: carry=1 | base=0.65 | wall=1.95 | search=  0 | target=none
R4[RTB       ]: carry=1 | base=0.97 | wall=1.68 | search=  0 | target=none

[DEPOSIT] R3 deposited! Total: 29
  [PHERO] Laid at (1.05, -0.78) density=4 prob=0.03 entries=1
  [TARGET] R3 → SITE (1.05, -0.78)
[DEPOSIT] R2 deposited! Total: 30
  [TARGET] R2 → SITE (0.97, -0.79)
[DEPOSIT] R4 deposited! Total: 31
  [PHERO] Laid at (1.09, -0.82) density=5 prob=0.06 entries=2
  [TARGET] R4 → SITE (1.09, -0.82)

======================================================================
Step 14500 (7.7 min) | Pickups: 32 | Deposits: 31 | Rate: 4.01 tags/min | phero_entries=2 max_w=0.214
======================================================================
R1[RTB       ]: carry=1 | base=0.67 | wall=1.94 | search=  0 | target=none
R2[SITE      ]: carry=0 | base=0.75 | wall=1.92 | search=  0 | target=site(0.97,-0.79)
R3[SITE      ]: carry=0 | base=1.21 | wall=1.52 | search=  0 | target=site(1.05,-0.78)
R4[SITE      ]: carry=0 | base=0.85 | wall=1.84 | search=  0 | target=site(1.09,-0.82)

[DEPOSIT] R1 deposited! Total: 32
  [TARGET] R1 → PHERO (1.09, -0.82)
[PICKUP] R4 picked up tag (density=1) | Total: 33

======================================================================
Step 15000 (8.0 min) | Pickups: 33 | Deposits: 32 | Rate: 4.00 tags/min | phero_entries=2 max_w=0.012
======================================================================
R1[PHERO     ]: carry=0 | base=1.29 | wall=1.48 | search=  0 | target=phero(1.09,-0.82)
R2[GIVE_UP   ]: carry=0 | base=1.01 | wall=1.58 | search=312 | target=none
R3[GIVE_UP   ]: carry=0 | base=1.40 | wall=1.34 | search=468 | target=none
R4[SURVEY    ]: carry=1 | base=1.29 | wall=1.53 | search=  0 | target=none

  [GIVE-UP] R2 returned empty after 312 searching steps
  [TARGET] R2 → PHERO (1.09, -0.82)
  [GIVE-UP] R3 returned empty after 468 searching steps
  [TARGET] R3 → PHERO (1.09, -0.82)
[DEPOSIT] R4 deposited! Total: 33
  [TARGET] R4 → WALL (0.79, -2.42)

======================================================================
Step 15500 (8.3 min) | Pickups: 33 | Deposits: 33 | Rate: 3.99 tags/min | phero_entries=0 max_w=0.000
======================================================================
R1[SEARCH    ]: carry=0 | base=1.73 | wall=1.25 | search=493 | target=phero(1.09,-0.82)
R2[PHERO     ]: carry=0 | base=0.88 | wall=1.75 | search=  0 | target=phero(1.09,-0.82)
R3[PHERO     ]: carry=0 | base=0.32 | wall=2.23 | search=  0 | target=phero(1.09,-0.82)
R4[BASE_ESC  ]: carry=0 | base=0.22 | wall=2.31 | search=  0 | target=none


======================================================================
Step 16000 (8.5 min) | Pickups: 33 | Deposits: 33 | Rate: 3.87 tags/min | phero_entries=0 max_w=0.000
======================================================================
R1[SEARCH    ]: carry=0 | base=1.74 | wall=0.99 | search=993 | target=phero(1.09,-0.82)
R2[SEARCH    ]: carry=0 | base=1.13 | wall=1.56 | search=384 | target=phero(1.09,-0.82)
R3[SEARCH    ]: carry=0 | base=1.29 | wall=1.54 | search=234 | target=phero(1.09,-0.82)
R4[DEPART    ]: carry=0 | base=1.65 | wall=0.96 | search=  0 | target=none


======================================================================
Step 16500 (8.8 min) | Pickups: 33 | Deposits: 33 | Rate: 3.75 tags/min | phero_entries=0 max_w=0.000
======================================================================
R1[SEARCH    ]: carry=0 | base=1.82 | wall=0.98 | search=1493 | target=phero(1.09,-0.82)
R2[SEARCH    ]: carry=0 | base=1.41 | wall=1.37 | search=884 | target=phero(1.09,-0.82)
R3[SEARCH    ]: carry=0 | base=1.64 | wall=0.96 | search=734 | target=phero(1.09,-0.82)
R4[SEARCH    ]: carry=0 | base=1.85 | wall=0.85 | search= 24 | target=none


======================================================================
Step 17000 (9.1 min) | Pickups: 33 | Deposits: 33 | Rate: 3.64 tags/min | phero_entries=0 max_w=0.000
======================================================================
R1[SEARCH    ]: carry=0 | base=2.16 | wall=0.67 | search=1993 | target=phero(1.09,-0.82)
R2[GIVE_UP   ]: carry=0 | base=0.75 | wall=1.95 | search=1248 | target=none
R3[GIVE_UP   ]: carry=0 | base=0.70 | wall=1.89 | search=936 | target=none
R4[SEARCH    ]: carry=0 | base=2.05 | wall=0.96 | search=524 | target=none

  [GIVE-UP] R3 returned empty after 936 searching steps
  [TARGET] R3 → WALL (2.01, -2.42)
  [GIVE-UP] R2 returned empty after 1248 searching steps
  [TARGET] R2 → WALL (1.85, 2.42)

======================================================================
Step 17500 (9.3 min) | Pickups: 33 | Deposits: 33 | Rate: 3.54 tags/min | phero_entries=0 max_w=0.000
======================================================================
R1[SEARCH    ]: carry=0 | base=2.11 | wall=0.75 | search=2493 | target=phero(1.09,-0.82)
R2[DEPART    ]: carry=0 | base=0.64 | wall=1.93 | search=  0 | target=none
R3[DEPART    ]: carry=0 | base=1.26 | wall=1.55 | search=  0 | target=none
R4[GIVE_UP   ]: carry=0 | base=1.76 | wall=1.18 | search=936 | target=none

  [GIVE-UP] R4 returned empty after 936 searching steps
  [TARGET] R4 → WALL (2.42, -1.84)

======================================================================
Step 18000 (9.6 min) | Pickups: 33 | Deposits: 33 | Rate: 3.44 tags/min | phero_entries=0 max_w=0.000
======================================================================
R1[SEARCH    ]: carry=0 | base=2.52 | wall=0.41 | search=2993 | target=phero(1.09,-0.82)
R2[SEARCH    ]: carry=0 | base=1.34 | wall=1.36 | search=457 | target=none
R3[WALL_ESC  ]: carry=0 | base=2.68 | wall=0.33 | search=142 | target=none
R4[BASE_ESC  ]: carry=0 | base=0.23 | wall=2.30 | search=  0 | target=none


======================================================================
Step 18500 (9.9 min) | Pickups: 33 | Deposits: 33 | Rate: 3.34 tags/min | phero_entries=0 max_w=0.000
======================================================================
R1[GIVE_UP   ]: carry=0 | base=1.24 | wall=1.44 | search=3120 | target=none
R2[SEARCH    ]: carry=0 | base=1.06 | wall=1.66 | search=957 | target=none
R3[SEARCH    ]: carry=0 | base=2.68 | wall=0.38 | search=642 | target=none
R4[DEPART    ]: carry=0 | base=2.03 | wall=0.92 | search=  0 | target=none

TIMEOUT_RESULT pickups=33 deposits=33 steps=18750 elapsed_min=10.000000
BATCH_RESULT pickups=33 deposits=33
