=================================================================
CPFA BASELINE — ARGoS-calibrated parameters
  Params file                  = /home/sara/Documents/RL-FL-Foraging/cpfa_tuning_20260715_155549/trial_024/params.yaml
  Results file                 = /home/sara/Documents/RL-FL-Foraging/controllers/cpfa_baseline/results/cpfa_baseline_results_20260715_170115_3.txt
  RateOfLayingPheromone        = 4.56516447607561
  RateOfSiteFidelity           = 2.8416585719618697
  RateOfPheromoneDecay         = 0.07063979303357085 /s  (lifetime ~98s)
  ProbabilityOfReturningToNest = 0.12924207543017258 (every 5 sec → E[give-up] ~39s)
  UninformedSearchVariation    = 0.73 rad (41.8°)
  RateOfInformedSearchDecay    = 1.0926723590838465 /waypoint
  ProbabilityOfSwitchingToSearching = 0.5197574507298747 (every 5 sec in uninformed DEPARTING)
=================================================================

[PICKUP] R1 picked up tag (density=6) | Total: 1
[PICKUP] R4 picked up tag (density=9) | Total: 2
[PICKUP] R2 picked up tag (density=8) | Total: 3
[DEPOSIT] R1 deposited! Total: 1
  [PHERO] Laid at (-0.50, 0.00) density=6 prob=0.82 entries=1
  [TARGET] R1 → SITE (-0.50, 0.00)
[DEPOSIT] R4 deposited! Total: 2
  [PHERO] Laid at (0.00, -0.50) density=9 prob=0.98 entries=2
  [TARGET] R4 → SITE (0.00, -0.50)
[PICKUP] R1 picked up tag (density=5) | Total: 4
[PICKUP] R4 picked up tag (density=7) | Total: 5

======================================================================
Step 500 (0.3 min) | Pickups: 5 | Deposits: 2 | Rate: 7.50 tags/min | phero_entries=2 max_w=0.626
======================================================================
R1[SURVEY    ]: carry=1 | base=0.38 | wall=2.13 | search=  0 | target=none
R2[RTB       ]: carry=1 | base=0.54 | wall=2.05 | search=  0 | target=none
R3[SEARCH    ]: carry=0 | base=0.63 | wall=1.89 | search=303 | target=none
R4[SURVEY    ]: carry=1 | base=0.31 | wall=2.22 | search=  0 | target=none

[DEPOSIT] R2 deposited! Total: 3
  [PHERO] Laid at (0.45, -0.41) density=8 prob=0.96 entries=3
  [TARGET] R2 → SITE (0.45, -0.41)
[DEPOSIT] R1 deposited! Total: 4
  [PHERO] Laid at (-0.37, -0.08) density=5 prob=0.69 entries=4
  [TARGET] R1 → SITE (-0.37, -0.08)
  [GIVE-UP] R3 returned empty after 312 searching steps
  [TARGET] R3 → PHERO (0.00, -0.50)
[DEPOSIT] R4 deposited! Total: 5
  [PHERO] Laid at (0.13, -0.28) density=7 prob=0.91 entries=5
  [TARGET] R4 → SITE (0.13, -0.28)
[PICKUP] R4 picked up tag (density=6) | Total: 6

======================================================================
Step 1000 (0.5 min) | Pickups: 6 | Deposits: 5 | Rate: 9.38 tags/min | phero_entries=5 max_w=0.543
======================================================================
R1[SEARCH    ]: carry=0 | base=0.44 | wall=2.10 | search=122 | target=site(-0.37,-0.08)
R2[SEARCH    ]: carry=0 | base=0.58 | wall=2.01 | search=183 | target=site(0.45,-0.41)
R3[PHERO     ]: carry=0 | base=0.26 | wall=2.31 | search=  0 | target=phero(0.00,-0.50)
R4[SURVEY    ]: carry=1 | base=0.34 | wall=2.22 | search=  0 | target=none

  [GIVE-UP] R1 returned empty after 156 searching steps
  [TARGET] R1 → PHERO (-0.37, -0.08)
[DEPOSIT] R4 deposited! Total: 6
  [PHERO] Laid at (0.19, -0.28) density=6 prob=0.82 entries=6
  [TARGET] R4 → SITE (0.19, -0.28)
[PICKUP] R3 picked up tag (density=5) | Total: 7

======================================================================
Step 1500 (0.8 min) | Pickups: 7 | Deposits: 6 | Rate: 7.50 tags/min | phero_entries=6 max_w=0.605
======================================================================
R1[SEARCH    ]: carry=0 | base=0.55 | wall=1.99 | search=150 | target=phero(-0.37,-0.08)
R2[SEARCH    ]: carry=0 | base=0.64 | wall=1.99 | search=683 | target=site(0.45,-0.41)
R3[SURVEY    ]: carry=1 | base=0.48 | wall=2.02 | search=  0 | target=none
R4[SEARCH    ]: carry=0 | base=0.36 | wall=2.22 | search= 18 | target=site(0.19,-0.28)

[DEPOSIT] R3 deposited! Total: 7
  [PHERO] Laid at (0.03, -0.49) density=5 prob=0.69 entries=7
  [TARGET] R3 → SITE (0.03, -0.49)
[PICKUP] R3 picked up tag (density=4) | Total: 8
  [GIVE-UP] R4 returned empty after 468 searching steps
  [TARGET] R4 → PHERO (0.19, -0.28)

======================================================================
Step 2000 (1.1 min) | Pickups: 8 | Deposits: 7 | Rate: 6.56 tags/min | phero_entries=7 max_w=0.443
======================================================================
R1[SEARCH    ]: carry=0 | base=0.86 | wall=1.87 | search=650 | target=phero(-0.37,-0.08)
R2[SEARCH    ]: carry=0 | base=0.82 | wall=1.69 | search=1183 | target=site(0.45,-0.41)
R3[SURVEY    ]: carry=1 | base=0.42 | wall=2.10 | search=  0 | target=none
R4[BASE_ESC  ]: carry=0 | base=0.22 | wall=2.28 | search=  0 | target=phero(0.19,-0.28)

[DEPOSIT] R3 deposited! Total: 8
  [TARGET] R3 → SITE (0.12, -0.39)
  [GIVE-UP] R4 returned empty after 156 searching steps
  [TARGET] R4 → PHERO (0.19, -0.28)
[PICKUP] R3 picked up tag (density=3) | Total: 9

======================================================================
Step 2500 (1.3 min) | Pickups: 9 | Deposits: 8 | Rate: 6.00 tags/min | phero_entries=7 max_w=0.143
======================================================================
R1[SEARCH    ]: carry=0 | base=1.53 | wall=1.26 | search=1150 | target=phero(-0.37,-0.08)
R2[SEARCH    ]: carry=0 | base=0.63 | wall=2.00 | search=1683 | target=site(0.45,-0.41)
R3[SURVEY    ]: carry=1 | base=0.47 | wall=2.05 | search=  0 | target=none
R4[PHERO     ]: carry=0 | base=0.26 | wall=2.25 | search=  0 | target=phero(0.19,-0.28)

  [GIVE-UP] R2 returned empty after 1716 searching steps
  [TARGET] R2 → PHERO (0.03, -0.49)
[DEPOSIT] R3 deposited! Total: 9
  [TARGET] R3 → SITE (0.16, -0.45)

======================================================================
Step 3000 (1.6 min) | Pickups: 9 | Deposits: 9 | Rate: 5.62 tags/min | phero_entries=7 max_w=0.046
======================================================================
R1[GIVE_UP   ]: carry=0 | base=1.19 | wall=1.66 | search=1404 | target=none
R2[PHERO     ]: carry=0 | base=0.27 | wall=2.24 | search=  0 | target=phero(0.03,-0.49)
R3[SEARCH    ]: carry=0 | base=0.47 | wall=2.05 | search= 45 | target=site(0.16,-0.45)
R4[GIVE_UP   ]: carry=0 | base=0.28 | wall=2.26 | search=312 | target=none

  [GIVE-UP] R4 returned empty after 312 searching steps
  [TARGET] R4 → PHERO (-0.37, -0.08)
  [GIVE-UP] R3 returned empty after 156 searching steps
  [TARGET] R3 → PHERO (0.19, -0.28)
  [GIVE-UP] R1 returned empty after 1404 searching steps
  [TARGET] R1 → PHERO (0.03, -0.49)

======================================================================
Step 3500 (1.9 min) | Pickups: 9 | Deposits: 9 | Rate: 4.82 tags/min | phero_entries=5 max_w=0.015
======================================================================
R1[PHERO     ]: carry=0 | base=0.45 | wall=2.05 | search=  0 | target=phero(0.03,-0.49)
R2[SEARCH    ]: carry=0 | base=0.51 | wall=1.99 | search= 41 | target=phero(0.03,-0.49)
R3[SEARCH    ]: carry=0 | base=0.35 | wall=2.20 | search= 26 | target=phero(0.19,-0.28)
R4[BASE_ESC  ]: carry=0 | base=0.24 | wall=2.32 | search=  0 | target=phero(-0.37,-0.08)

  [GIVE-UP] R3 returned empty after 156 searching steps
  [TARGET] R3 → PHERO (0.19, -0.28)

======================================================================
Step 4000 (2.1 min) | Pickups: 9 | Deposits: 9 | Rate: 4.22 tags/min | phero_entries=2 max_w=0.005
======================================================================
R1[SEARCH    ]: carry=0 | base=0.64 | wall=1.90 | search=495 | target=phero(0.03,-0.49)
R2[SEARCH    ]: carry=0 | base=0.39 | wall=2.11 | search=541 | target=phero(0.03,-0.49)
R3[SEARCH    ]: carry=0 | base=0.38 | wall=2.20 | search= 45 | target=phero(0.19,-0.28)
R4[SEARCH    ]: carry=0 | base=0.46 | wall=2.06 | search=138 | target=phero(-0.37,-0.08)


======================================================================
Step 4500 (2.4 min) | Pickups: 9 | Deposits: 9 | Rate: 3.75 tags/min | phero_entries=1 max_w=0.002
======================================================================
R1[SEARCH    ]: carry=0 | base=0.54 | wall=2.08 | search=995 | target=phero(0.03,-0.49)
R2[SEARCH    ]: carry=0 | base=0.87 | wall=1.63 | search=1041 | target=phero(0.03,-0.49)
R3[BASE_ESC  ]: carry=0 | base=0.24 | wall=2.28 | search=545 | target=phero(0.19,-0.28)
R4[GIVE_UP   ]: carry=0 | base=0.54 | wall=2.03 | search=624 | target=none

  [GIVE-UP] R4 returned empty after 624 searching steps
  [TARGET] R4 → PHERO (0.03, -0.49)
  [GIVE-UP] R3 returned empty after 780 searching steps
  [TARGET] R3 → WALL (2.42, 0.12)

======================================================================
Step 5000 (2.7 min) | Pickups: 9 | Deposits: 9 | Rate: 3.38 tags/min | phero_entries=0 max_w=0.000
======================================================================
R1[SEARCH    ]: carry=0 | base=0.76 | wall=1.87 | search=1495 | target=phero(0.03,-0.49)
R2[GIVE_UP   ]: carry=0 | base=0.38 | wall=2.16 | search=1248 | target=none
R3[DEPART    ]: carry=0 | base=0.27 | wall=2.26 | search=  0 | target=none
R4[SEARCH    ]: carry=0 | base=0.47 | wall=2.03 | search= 16 | target=phero(0.03,-0.49)

  [GIVE-UP] R2 returned empty after 1248 searching steps
  [TARGET] R2 → WALL (-2.31, -2.42)

======================================================================
Step 5500 (2.9 min) | Pickups: 9 | Deposits: 9 | Rate: 3.07 tags/min | phero_entries=0 max_w=0.000
======================================================================
R1[GIVE_UP   ]: carry=0 | base=0.57 | wall=1.95 | search=1872 | target=none
R2[SEARCH    ]: carry=0 | base=1.07 | wall=1.63 | search=198 | target=none
R3[SEARCH    ]: carry=0 | base=0.36 | wall=2.14 | search=310 | target=none
R4[GIVE_UP   ]: carry=0 | base=0.37 | wall=2.13 | search=468 | target=none

  [GIVE-UP] R4 returned empty after 468 searching steps
  [TARGET] R4 → WALL (0.29, 2.42)
  [GIVE-UP] R1 returned empty after 1872 searching steps
  [TARGET] R1 → WALL (-1.79, -2.42)

======================================================================
Step 6000 (3.2 min) | Pickups: 9 | Deposits: 9 | Rate: 2.81 tags/min | phero_entries=0 max_w=0.000
======================================================================
R1[DEPART    ]: carry=0 | base=1.18 | wall=1.65 | search=  0 | target=none
R2[SEARCH    ]: carry=0 | base=1.65 | wall=1.15 | search=698 | target=none
R3[SEARCH    ]: carry=0 | base=0.61 | wall=1.89 | search=810 | target=none
R4[DEPART    ]: carry=0 | base=0.27 | wall=2.25 | search=  0 | target=none

  [GIVE-UP] R3 returned empty after 936 searching steps
  [TARGET] R3 → WALL (2.42, 1.19)

======================================================================
Step 6500 (3.5 min) | Pickups: 9 | Deposits: 9 | Rate: 2.60 tags/min | phero_entries=0 max_w=0.000
======================================================================
R1[GIVE_UP   ]: carry=0 | base=1.34 | wall=1.47 | search=312 | target=none
R2[WALL_ESC  ]: carry=0 | base=2.39 | wall=0.34 | search=1198 | target=none
R3[DEPART    ]: carry=0 | base=0.26 | wall=2.28 | search=  0 | target=none
R4[SEARCH    ]: carry=0 | base=0.26 | wall=2.29 | search=459 | target=none

  [GIVE-UP] R4 returned empty after 468 searching steps
  [TARGET] R4 → WALL (-2.42, -1.40)
[PICKUP] R4 picked up tag (density=4) | Total: 10
  [GIVE-UP] R1 returned empty after 312 searching steps
  [TARGET] R1 → WALL (-1.42, -2.42)
[DEPOSIT] R4 deposited! Total: 10
  [TARGET] R4 → SITE (-0.36, 0.10)

======================================================================
Step 7000 (3.7 min) | Pickups: 10 | Deposits: 10 | Rate: 2.68 tags/min | phero_entries=0 max_w=0.000
======================================================================
R1[DEPART    ]: carry=0 | base=0.59 | wall=2.08 | search=  0 | target=none
R2[GIVE_UP   ]: carry=0 | base=0.76 | wall=1.81 | search=1248 | target=none
R3[SEARCH    ]: carry=0 | base=0.69 | wall=1.88 | search=364 | target=none
R4[BASE_ESC  ]: carry=0 | base=0.22 | wall=2.30 | search=  0 | target=site(-0.36,0.10)

  [GIVE-UP] R2 returned empty after 1248 searching steps
  [TARGET] R2 → WALL (2.42, 2.06)
[PICKUP] R4 picked up tag (density=3) | Total: 11

======================================================================
Step 7500 (4.0 min) | Pickups: 11 | Deposits: 10 | Rate: 2.50 tags/min | phero_entries=0 max_w=0.000
======================================================================
R1[SEARCH    ]: carry=0 | base=1.20 | wall=1.64 | search=449 | target=none
R2[BASE_ESC  ]: carry=0 | base=0.25 | wall=2.26 | search= 35 | target=none
R3[SEARCH    ]: carry=0 | base=0.78 | wall=1.91 | search=864 | target=none
R4[SURVEY    ]: carry=1 | base=0.48 | wall=2.06 | search=  0 | target=none

[DEPOSIT] R4 deposited! Total: 11
  [PHERO] Laid at (-0.44, 0.19) density=3 prob=0.33 entries=1
  [TARGET] R4 → PHERO (-0.44, 0.19)
  [GIVE-UP] R2 returned empty after 156 searching steps
  [TARGET] R2 → PHERO (-0.44, 0.19)

======================================================================
Step 8000 (4.3 min) | Pickups: 11 | Deposits: 11 | Rate: 2.58 tags/min | phero_entries=1 max_w=0.380
======================================================================
R1[GIVE_UP   ]: carry=0 | base=0.72 | wall=1.92 | search=624 | target=none
R2[SEARCH    ]: carry=0 | base=0.49 | wall=2.06 | search= 32 | target=phero(-0.44,0.19)
R3[SEARCH    ]: carry=0 | base=1.28 | wall=1.42 | search=1364 | target=none
R4[SEARCH    ]: carry=0 | base=0.47 | wall=2.15 | search=183 | target=phero(-0.44,0.19)

[PICKUP] R2 picked up tag (density=2) | Total: 12
  [GIVE-UP] R1 returned empty after 624 searching steps
  [TARGET] R1 → PHERO (-0.44, 0.19)
[DEPOSIT] R2 deposited! Total: 12
  [TARGET] R2 → PHERO (-0.44, 0.19)

======================================================================
Step 8500 (4.5 min) | Pickups: 12 | Deposits: 12 | Rate: 2.65 tags/min | phero_entries=1 max_w=0.123
======================================================================
R1[SEARCH    ]: carry=0 | base=0.49 | wall=2.04 | search= 39 | target=phero(-0.44,0.19)
R2[PHERO     ]: carry=0 | base=0.34 | wall=2.25 | search=  0 | target=phero(-0.44,0.19)
R3[SEARCH    ]: carry=0 | base=1.33 | wall=1.44 | search=1864 | target=none
R4[SEARCH    ]: carry=0 | base=0.64 | wall=2.02 | search=683 | target=phero(-0.44,0.19)

[PICKUP] R1 picked up tag (density=1) | Total: 13
  [GIVE-UP] R2 returned empty after 156 searching steps
  [TARGET] R2 → PHERO (-0.44, 0.19)
[DEPOSIT] R1 deposited! Total: 13
  [TARGET] R1 → PHERO (-0.44, 0.19)

======================================================================
Step 9000 (4.8 min) | Pickups: 13 | Deposits: 13 | Rate: 2.71 tags/min | phero_entries=1 max_w=0.040
======================================================================
R1[PHERO     ]: carry=0 | base=0.30 | wall=2.26 | search=  0 | target=phero(-0.44,0.19)
R2[SEARCH    ]: carry=0 | base=0.49 | wall=2.06 | search= 51 | target=phero(-0.44,0.19)
R3[SEARCH    ]: carry=0 | base=1.68 | wall=1.11 | search=2364 | target=none
R4[SEARCH    ]: carry=0 | base=0.99 | wall=1.66 | search=1183 | target=phero(-0.44,0.19)

[PICKUP] R4 picked up tag (density=12) | Total: 14

======================================================================
Step 9500 (5.1 min) | Pickups: 14 | Deposits: 13 | Rate: 2.57 tags/min | phero_entries=1 max_w=0.013
======================================================================
R1[SEARCH    ]: carry=0 | base=0.59 | wall=1.98 | search=448 | target=phero(-0.44,0.19)
R2[SEARCH    ]: carry=0 | base=0.55 | wall=2.09 | search=551 | target=phero(-0.44,0.19)
R3[GIVE_UP   ]: carry=0 | base=1.00 | wall=1.63 | search=2652 | target=none
R4[RTB       ]: carry=1 | base=0.69 | wall=1.92 | search=  0 | target=none

[DEPOSIT] R4 deposited! Total: 14
  [PHERO] Laid at (-0.64, 0.87) density=12 prob=1.00 entries=2
  [TARGET] R4 → SITE (-0.64, 0.87)
  [GIVE-UP] R3 returned empty after 2652 searching steps
  [TARGET] R3 → PHERO (-0.64, 0.87)
[PICKUP] R4 picked up tag (density=11) | Total: 15

======================================================================
Step 10000 (5.3 min) | Pickups: 15 | Deposits: 14 | Rate: 2.62 tags/min | phero_entries=2 max_w=0.419
======================================================================
R1[GIVE_UP   ]: carry=0 | base=0.55 | wall=2.01 | search=780 | target=none
R2[GIVE_UP   ]: carry=0 | base=0.44 | wall=2.14 | search=936 | target=none
R3[PHERO     ]: carry=0 | base=0.38 | wall=2.12 | search=  0 | target=phero(-0.64,0.87)
R4[SURVEY    ]: carry=1 | base=1.11 | wall=1.60 | search=  0 | target=none

  [GIVE-UP] R2 returned empty after 936 searching steps
  [TARGET] R2 → PHERO (-0.64, 0.87)
  [GIVE-UP] R1 returned empty after 780 searching steps
  [TARGET] R1 → PHERO (-0.64, 0.87)
[DEPOSIT] R4 deposited! Total: 15
  [PHERO] Laid at (-0.64, 0.90) density=11 prob=1.00 entries=3
  [TARGET] R4 → SITE (-0.64, 0.90)

======================================================================
Step 10500 (5.6 min) | Pickups: 15 | Deposits: 15 | Rate: 2.68 tags/min | phero_entries=3 max_w=1.000
======================================================================
R1[PHERO     ]: carry=0 | base=0.61 | wall=2.05 | search=  0 | target=phero(-0.64,0.87)
R2[SEARCH    ]: carry=0 | base=1.09 | wall=1.65 | search= 87 | target=phero(-0.64,0.87)
R3[GIVE_UP   ]: carry=0 | base=0.49 | wall=2.12 | search=156 | target=none
R4[BASE_ESC  ]: carry=0 | base=0.25 | wall=2.29 | search=  0 | target=site(-0.64,0.90)

  [GIVE-UP] R3 returned empty after 156 searching steps
  [TARGET] R3 → PHERO (-0.64, 0.90)

======================================================================
Step 11000 (5.9 min) | Pickups: 15 | Deposits: 15 | Rate: 2.56 tags/min | phero_entries=2 max_w=0.323
======================================================================
R1[SEARCH    ]: carry=0 | base=0.88 | wall=1.73 | search=382 | target=phero(-0.64,0.87)
R2[SEARCH    ]: carry=0 | base=1.29 | wall=1.27 | search=587 | target=phero(-0.64,0.87)
R3[SEARCH    ]: carry=0 | base=1.12 | wall=1.58 | search= 70 | target=phero(-0.64,0.90)
R4[SEARCH    ]: carry=0 | base=1.13 | wall=1.52 | search= 98 | target=site(-0.64,0.90)

[PICKUP] R3 picked up tag (density=10) | Total: 16
  [GIVE-UP] R1 returned empty after 468 searching steps
  [TARGET] R1 → PHERO (-0.64, 0.87)
  [GIVE-UP] R2 returned empty after 780 searching steps
  [TARGET] R2 → PHERO (-0.64, 0.90)

======================================================================
Step 11500 (6.1 min) | Pickups: 16 | Deposits: 15 | Rate: 2.45 tags/min | phero_entries=2 max_w=0.104
======================================================================
R1[PHERO     ]: carry=0 | base=0.86 | wall=1.83 | search=  0 | target=phero(-0.64,0.87)
R2[BASE_ESC  ]: carry=0 | base=0.22 | wall=2.31 | search=  0 | target=phero(-0.64,0.90)
R3[RTB       ]: carry=1 | base=0.42 | wall=2.14 | search=  0 | target=none
R4[GIVE_UP   ]: carry=0 | base=1.04 | wall=1.46 | search=468 | target=none

[DEPOSIT] R3 deposited! Total: 16
  [PHERO] Laid at (-0.66, 0.94) density=10 prob=0.99 entries=3
  [TARGET] R3 → SITE (-0.66, 0.94)
  [GIVE-UP] R4 returned empty after 468 searching steps
  [TARGET] R4 → PHERO (-0.64, 0.90)
[PICKUP] R1 picked up tag (density=9) | Total: 17

======================================================================
Step 12000 (6.4 min) | Pickups: 17 | Deposits: 16 | Rate: 2.50 tags/min | phero_entries=3 max_w=0.364
======================================================================
R1[SURVEY    ]: carry=1 | base=1.16 | wall=1.61 | search=  0 | target=none
R2[SEARCH    ]: carry=0 | base=1.08 | wall=1.57 | search=156 | target=phero(-0.64,0.90)
R3[SEARCH    ]: carry=0 | base=1.12 | wall=1.60 | search=102 | target=site(-0.66,0.94)
R4[PHERO     ]: carry=0 | base=0.74 | wall=1.84 | search=  0 | target=phero(-0.64,0.90)

[PICKUP] R2 picked up tag (density=8) | Total: 18
[DEPOSIT] R1 deposited! Total: 17
  [PHERO] Laid at (-0.72, 0.90) density=9 prob=0.98 entries=4
  [TARGET] R1 → SITE (-0.72, 0.90)

======================================================================
Step 12500 (6.7 min) | Pickups: 18 | Deposits: 17 | Rate: 2.55 tags/min | phero_entries=4 max_w=0.823
======================================================================
R1[BASE_ESC  ]: carry=0 | base=0.22 | wall=2.30 | search=  0 | target=site(-0.72,0.90)
R2[RTB       ]: carry=1 | base=0.87 | wall=1.79 | search=  0 | target=none
R3[SEARCH    ]: carry=0 | base=1.42 | wall=1.27 | search=602 | target=site(-0.66,0.94)
R4[SEARCH    ]: carry=0 | base=1.19 | wall=1.42 | search=403 | target=phero(-0.64,0.90)

[DEPOSIT] R2 deposited! Total: 18
  [PHERO] Laid at (-0.72, 0.91) density=8 prob=0.96 entries=5
  [TARGET] R2 → SITE (-0.72, 0.91)

======================================================================
Step 13000 (6.9 min) | Pickups: 18 | Deposits: 18 | Rate: 2.60 tags/min | phero_entries=4 max_w=0.468
======================================================================
R1[SEARCH    ]: carry=0 | base=1.02 | wall=1.64 | search=236 | target=site(-0.72,0.90)
R2[SITE      ]: carry=0 | base=1.07 | wall=1.67 | search=  0 | target=site(-0.72,0.91)
R3[SEARCH    ]: carry=0 | base=1.56 | wall=0.98 | search=1102 | target=site(-0.66,0.94)
R4[SEARCH    ]: carry=0 | base=1.04 | wall=1.47 | search=903 | target=phero(-0.64,0.90)

[PICKUP] R2 picked up tag (density=7) | Total: 19
  [GIVE-UP] R1 returned empty after 312 searching steps
  [TARGET] R1 → PHERO (-0.72, 0.91)
[PICKUP] R3 picked up tag (density=6) | Total: 20

======================================================================
Step 13500 (7.2 min) | Pickups: 20 | Deposits: 18 | Rate: 2.50 tags/min | phero_entries=4 max_w=0.151
======================================================================
R1[BASE_ESC  ]: carry=0 | base=0.22 | wall=2.34 | search=  0 | target=phero(-0.72,0.91)
R2[RTB       ]: carry=1 | base=0.34 | wall=2.22 | search=  0 | target=none
R3[SURVEY    ]: carry=1 | base=1.29 | wall=1.48 | search=  0 | target=none
R4[SEARCH    ]: carry=0 | base=1.00 | wall=1.50 | search=1403 | target=phero(-0.64,0.90)

[DEPOSIT] R2 deposited! Total: 19
  [PHERO] Laid at (-0.74, 0.93) density=7 prob=0.91 entries=5
  [TARGET] R2 → SITE (-0.74, 0.93)
[PICKUP] R1 picked up tag (density=5) | Total: 21

======================================================================
Step 14000 (7.5 min) | Pickups: 21 | Deposits: 19 | Rate: 2.54 tags/min | phero_entries=4 max_w=0.343
======================================================================
R1[SURVEY    ]: carry=1 | base=1.20 | wall=1.62 | search=  0 | target=none
R2[SEARCH    ]: carry=0 | base=1.16 | wall=1.61 | search= 70 | target=site(-0.74,0.93)
R3[RTB       ]: carry=1 | base=0.43 | wall=2.15 | search=  0 | target=none
R4[GIVE_UP   ]: carry=0 | base=1.19 | wall=1.32 | search=1872 | target=none

[DEPOSIT] R3 deposited! Total: 20
  [PHERO] Laid at (-0.79, 1.02) density=6 prob=0.82 entries=5
  [TARGET] R3 → SITE (-0.79, 1.02)
  [GIVE-UP] R4 returned empty after 1872 searching steps
  [TARGET] R4 → PHERO (-0.79, 1.02)
  [GIVE-UP] R2 returned empty after 156 searching steps
  [TARGET] R2 → PHERO (-0.74, 0.93)
[DEPOSIT] R1 deposited! Total: 21
  [PHERO] Laid at (-0.80, 0.89) density=5 prob=0.69 entries=6
  [TARGET] R1 → SITE (-0.80, 0.89)

======================================================================
Step 14500 (7.7 min) | Pickups: 21 | Deposits: 21 | Rate: 2.72 tags/min | phero_entries=6 max_w=0.766
======================================================================
R1[SITE      ]: carry=0 | base=0.27 | wall=2.25 | search=  0 | target=site(-0.80,0.89)
R2[PHERO     ]: carry=0 | base=0.41 | wall=2.15 | search=  0 | target=phero(-0.74,0.93)
R3[SEARCH    ]: carry=0 | base=1.27 | wall=1.50 | search= 31 | target=site(-0.79,1.02)
R4[PHERO     ]: carry=0 | base=0.41 | wall=2.09 | search=  0 | target=phero(-0.79,1.02)

[PICKUP] R4 picked up tag (density=4) | Total: 22

======================================================================
Step 15000 (8.0 min) | Pickups: 22 | Deposits: 21 | Rate: 2.62 tags/min | phero_entries=5 max_w=0.247
======================================================================
R1[SEARCH    ]: carry=0 | base=1.19 | wall=1.60 | search=248 | target=site(-0.80,0.89)
R2[SEARCH    ]: carry=0 | base=1.10 | wall=1.66 | search=301 | target=phero(-0.74,0.93)
R3[SEARCH    ]: carry=0 | base=1.37 | wall=1.15 | search=531 | target=site(-0.79,1.02)
R4[SURVEY    ]: carry=1 | base=1.26 | wall=1.52 | search=  0 | target=none

[PICKUP] R1 picked up tag (density=3) | Total: 23
  [GIVE-UP] R2 returned empty after 312 searching steps
  [TARGET] R2 → PHERO (-0.80, 0.89)
[DEPOSIT] R4 deposited! Total: 22
  [TARGET] R4 → SITE (-0.80, 0.97)

======================================================================
Step 15500 (8.3 min) | Pickups: 23 | Deposits: 22 | Rate: 2.66 tags/min | phero_entries=4 max_w=0.080
======================================================================
R1[RTB       ]: carry=1 | base=0.58 | wall=2.07 | search=  0 | target=none
R2[PHERO     ]: carry=0 | base=0.50 | wall=2.05 | search=  0 | target=phero(-0.80,0.89)
R3[SEARCH    ]: carry=0 | base=1.88 | wall=0.72 | search=1031 | target=site(-0.79,1.02)
R4[SITE      ]: carry=0 | base=0.35 | wall=2.22 | search=  0 | target=site(-0.80,0.97)

[DEPOSIT] R1 deposited! Total: 23
  [TARGET] R1 → PHERO (-0.74, 0.93)
[PICKUP] R3 picked up tag (density=2) | Total: 24

======================================================================
Step 16000 (8.5 min) | Pickups: 24 | Deposits: 23 | Rate: 2.70 tags/min | phero_entries=3 max_w=0.026
======================================================================
R1[SEARCH    ]: carry=0 | base=1.20 | wall=1.58 | search= 46 | target=phero(-0.74,0.93)
R2[SEARCH    ]: carry=0 | base=1.24 | wall=1.40 | search=326 | target=phero(-0.80,0.89)
R3[SURVEY    ]: carry=1 | base=1.41 | wall=1.40 | search=  0 | target=none
R4[SEARCH    ]: carry=0 | base=1.22 | wall=1.55 | search=261 | target=site(-0.80,0.97)

[PICKUP] R2 picked up tag (density=1) | Total: 25

======================================================================
Step 16500 (8.8 min) | Pickups: 25 | Deposits: 23 | Rate: 2.61 tags/min | phero_entries=3 max_w=0.008
======================================================================
R1[GIVE_UP   ]: carry=0 | base=0.58 | wall=1.96 | search=312 | target=none
R2[SURVEY    ]: carry=1 | base=1.52 | wall=1.35 | search=  0 | target=none
R3[RTB       ]: carry=1 | base=0.36 | wall=2.21 | search=  0 | target=none
R4[SEARCH    ]: carry=0 | base=1.51 | wall=1.17 | search=761 | target=site(-0.80,0.97)

[DEPOSIT] R3 deposited! Total: 24
  [TARGET] R3 → SITE (-0.89, 1.09)
  [GIVE-UP] R1 returned empty after 312 searching steps
  [TARGET] R1 → PHERO (-0.80, 0.89)
[DEPOSIT] R2 deposited! Total: 25
  [TARGET] R2 → PHERO (-0.80, 0.89)

======================================================================
Step 17000 (9.1 min) | Pickups: 25 | Deposits: 25 | Rate: 2.76 tags/min | phero_entries=2 max_w=0.003
======================================================================
R1[SEARCH    ]: carry=0 | base=1.17 | wall=1.62 | search= 22 | target=phero(-0.80,0.89)
R2[BASE_ESC  ]: carry=0 | base=0.23 | wall=2.32 | search=  0 | target=phero(-0.80,0.89)
R3[SEARCH    ]: carry=0 | base=1.38 | wall=1.43 | search= 18 | target=site(-0.89,1.09)
R4[GIVE_UP   ]: carry=0 | base=0.80 | wall=1.79 | search=936 | target=none

  [GIVE-UP] R4 returned empty after 936 searching steps
  [TARGET] R4 → PHERO (-0.80, 0.89)

======================================================================
Step 17500 (9.3 min) | Pickups: 25 | Deposits: 25 | Rate: 2.68 tags/min | phero_entries=0 max_w=0.000
======================================================================
R1[GIVE_UP   ]: carry=0 | base=1.67 | wall=1.06 | search=468 | target=none
R2[SEARCH    ]: carry=0 | base=1.03 | wall=1.76 | search=245 | target=phero(-0.80,0.89)
R3[GIVE_UP   ]: carry=0 | base=1.23 | wall=1.48 | search=312 | target=none
R4[SEARCH    ]: carry=0 | base=1.16 | wall=1.64 | search=  9 | target=phero(-0.80,0.89)

  [GIVE-UP] R2 returned empty after 312 searching steps
  [TARGET] R2 → WALL (-0.39, 2.42)
  [GIVE-UP] R3 returned empty after 312 searching steps
  [TARGET] R3 → WALL (2.42, -1.67)
  [GIVE-UP] R1 returned empty after 468 searching steps
  [TARGET] R1 → WALL (2.42, -0.61)

======================================================================
Step 18000 (9.6 min) | Pickups: 25 | Deposits: 25 | Rate: 2.60 tags/min | phero_entries=0 max_w=0.000
======================================================================
R1[DEPART    ]: carry=0 | base=0.28 | wall=2.22 | search=  0 | target=none
R2[BASE_ESC  ]: carry=0 | base=0.24 | wall=2.28 | search=  0 | target=none
R3[DEPART    ]: carry=0 | base=0.28 | wall=2.22 | search=  0 | target=none
R4[SEARCH    ]: carry=0 | base=1.65 | wall=1.09 | search=509 | target=phero(-0.80,0.89)


======================================================================
Step 18500 (9.9 min) | Pickups: 25 | Deposits: 25 | Rate: 2.53 tags/min | phero_entries=0 max_w=0.000
======================================================================
R1[SEARCH    ]: carry=0 | base=0.58 | wall=1.98 | search=381 | target=none
R2[SEARCH    ]: carry=0 | base=1.53 | wall=1.05 | search=180 | target=none
R3[SEARCH    ]: carry=0 | base=0.88 | wall=1.69 | search=399 | target=none
R4[SEARCH    ]: carry=0 | base=1.43 | wall=1.14 | search=1009 | target=phero(-0.80,0.89)

  [GIVE-UP] R1 returned empty after 468 searching steps
  [TARGET] R1 → WALL (-1.96, 2.42)
TIMEOUT_RESULT pickups=25 deposits=25 steps=18750 elapsed_min=10.000000
BATCH_RESULT pickups=25 deposits=25
