============================================================
EVALUATION MODE — CPFA-RL Trained Model
Obs space: 18 per robot × 4 robots = 72 total
============================================================

Loading model: ppo_cpfa_v9
Model loaded. Starting evaluation...

============================================================

[PICKUP] Robot 3 picked up tag (density=9) | Total: 1
[PICKUP] Robot 4 picked up tag (density=6) | Total: 2
[DEPOSIT] Robot 3 deposited! Total: 1
  [PHERO] Laid at (0.05, 0.50) density=9 prob=1.00 total_entries=1
  [TARGET] Robot 3 → SITE (0.05,0.50)
[DEPOSIT] Robot 4 deposited! Total: 2
  [PHERO] Laid at (0.05, -0.50) density=6 prob=0.97 total_entries=2
  [TARGET] Robot 4 → SITE (0.05,-0.50)
[PICKUP] Robot 3 picked up tag (density=8) | Total: 3
[DEPOSIT] Robot 3 deposited! Total: 3
  [PHERO] Laid at (0.13, 0.27) density=8 prob=1.00 total_entries=3
  [TARGET] Robot 3 → SITE (0.13,0.27)

======================================================================
Step 500 (0.3 min) | Pickups: 3 | Deposits: 3 | Rate: 11.25 tags/min | phero_entries=3 phero_max=0.874
======================================================================
R1[EXPLORE   ]: L=+1.00 R=+1.00 | carry=0 | base=0.42 ba=+0.98 | site=0 sd=0.00 sa=+0.00 | phero=0 pd=0.00 pa=+0.00 | srch=0.12 | wall=1.22
R2[WALL_ESC  ]: L=+1.00 R=+0.00 | carry=0 | base=0.64 ba=-0.71 | site=0 sd=0.00 sa=+0.00 | phero=0 pd=0.00 pa=+0.00 | srch=0.12 | wall=0.33
R3[SITE      ]: L=+1.00 R=-1.00 | carry=0 | base=0.07 ba=+0.91 | site=1 sd=0.04 sa=-0.57 | phero=0 pd=0.00 pa=+0.00 | srch=0.02 | wall=2.25
R4[EXPLORE   ]: L=+1.00 R=+0.88 | carry=0 | base=0.19 ba=-0.59 | site=0 sd=0.00 sa=+0.00 | phero=0 pd=0.00 pa=+0.00 | srch=0.09 | wall=1.87

[PICKUP] Robot 3 picked up tag (density=7) | Total: 4
[DEPOSIT] Robot 3 deposited! Total: 4
  [PHERO] Laid at (0.19, 0.27) density=7 prob=0.99 total_entries=4
  [TARGET] Robot 3 → SITE (0.19,0.27)
[PICKUP] Robot 3 picked up tag (density=6) | Total: 5

======================================================================
Step 1000 (0.5 min) | Pickups: 5 | Deposits: 4 | Rate: 7.50 tags/min | phero_entries=4 phero_max=0.651
======================================================================
R1[EXPLORE   ]: L=+1.00 R=+1.00 | carry=0 | base=0.63 ba=+0.31 | site=0 sd=0.00 sa=+0.00 | phero=0 pd=0.00 pa=+0.00 | srch=0.25 | wall=0.84
R2[EXPLORE   ]: L=+1.00 R=+1.00 | carry=0 | base=0.37 ba=-0.44 | site=0 sd=0.00 sa=+0.00 | phero=0 pd=0.00 pa=+0.00 | srch=0.25 | wall=1.37
R3[RTB       ]: L=+0.00 R=+1.00 | carry=1 | base=0.12 ba=+0.51 | site=0 sd=0.00 sa=+0.00 | phero=0 pd=0.00 pa=+0.00 | srch=0.00 | wall=2.09
R4[EXPLORE   ]: L=+1.00 R=+1.00 | carry=0 | base=0.13 ba=-0.63 | site=0 sd=0.00 sa=+0.00 | phero=0 pd=0.00 pa=+0.00 | srch=0.22 | wall=2.04

[DEPOSIT] Robot 3 deposited! Total: 5
  [PHERO] Laid at (0.16, 0.39) density=6 prob=0.97 total_entries=5
  [TARGET] Robot 3 → SITE (0.16,0.39)
[PICKUP] Robot 2 picked up tag (density=12) | Total: 6
[PICKUP] Robot 3 picked up tag (density=5) | Total: 7
[DEPOSIT] Robot 3 deposited! Total: 6
  [PHERO] Laid at (0.18, 0.41) density=5 prob=0.92 total_entries=6
  [TARGET] Robot 3 → SITE (0.18,0.41)

======================================================================
Step 1500 (0.8 min) | Pickups: 7 | Deposits: 6 | Rate: 7.50 tags/min | phero_entries=6 phero_max=0.972
======================================================================
R1[EXPLORE   ]: L=+1.00 R=+1.00 | carry=0 | base=0.54 ba=+0.60 | site=0 sd=0.00 sa=+0.00 | phero=0 pd=0.00 pa=+0.00 | srch=0.38 | wall=0.63
R2[RTB       ]: L=+1.00 R=+1.00 | carry=1 | base=0.08 ba=-0.00 | site=0 sd=0.00 sa=+0.00 | phero=0 pd=0.00 pa=+0.00 | srch=0.00 | wall=2.21
R3[BASE_ESC  ]: L=+0.00 R=+1.00 | carry=0 | base=0.07 ba=-0.21 | site=1 sd=0.07 sa=+0.99 | phero=0 pd=0.00 pa=+0.00 | srch=0.00 | wall=2.33
R4[EXPLORE   ]: L=+1.00 R=+0.98 | carry=0 | base=0.19 ba=+0.77 | site=0 sd=0.00 sa=+0.00 | phero=0 pd=0.00 pa=+0.00 | srch=0.34 | wall=1.92

[DEPOSIT] Robot 2 deposited! Total: 7
  [PHERO] Laid at (-0.00, -1.34) density=12 prob=1.00 total_entries=7
  [TARGET] Robot 2 → SITE (-0.00,-1.34)
[PICKUP] Robot 3 picked up tag (density=4) | Total: 8
[GIVE-UP] R1 giving up after 1716 steps
[PICKUP] Robot 2 picked up tag (density=11) | Total: 9
[PICKUP] Robot 4 picked up tag (density=3) | Total: 10
[DEPOSIT] Robot 3 deposited! Total: 8
  [PHERO] Laid at (0.17, 0.45) density=4 prob=0.82 total_entries=8
  [TARGET] Robot 3 → SITE (0.17,0.45)
[DEPOSIT] Robot 4 deposited! Total: 9
  [TARGET] Robot 4 → SITE (0.21,0.50)

======================================================================
Step 2000 (1.1 min) | Pickups: 10 | Deposits: 9 | Rate: 8.44 tags/min | phero_entries=8 phero_max=0.824
======================================================================
R1[GIVE_UP   ]: L=+1.00 R=+1.00 | carry=0 | base=0.42 ba=+0.00 | site=0 sd=0.00 sa=+0.00 | phero=0 pd=0.00 pa=+0.00 | srch=0.50 | wall=1.23
R2[RTB       ]: L=+0.93 R=+1.00 | carry=1 | base=0.25 ba=+0.03 | site=0 sd=0.00 sa=+0.00 | phero=0 pd=0.00 pa=+0.00 | srch=0.00 | wall=1.61
R3[SITE      ]: L=+1.00 R=-0.85 | carry=0 | base=0.07 ba=-0.98 | site=1 sd=0.07 sa=-0.21 | phero=0 pd=0.00 pa=+0.00 | srch=0.03 | wall=2.25
R4[BASE_ESC  ]: L=+0.00 R=+1.00 | carry=0 | base=0.07 ba=-0.12 | site=1 sd=0.09 sa=-0.99 | phero=0 pd=0.00 pa=+0.00 | srch=0.00 | wall=2.31

[PICKUP] Robot 4 picked up tag (density=2) | Total: 11
[DEPOSIT] Robot 2 deposited! Total: 10
  [PHERO] Laid at (-0.20, -1.02) density=11 prob=1.00 total_entries=9
  [TARGET] Robot 2 → SITE (-0.20,-1.02)
[PICKUP] Robot 1 picked up tag (density=5) | Total: 12
[DEPOSIT] Robot 4 deposited! Total: 11
  [TARGET] Robot 4 → PHERO (0.19,0.27)
[DEPOSIT] Robot 1 deposited! Total: 12
  [PHERO] Laid at (0.38, -0.66) density=5 prob=0.92 total_entries=10
  [TARGET] Robot 1 → SITE (0.38,-0.66)
[PICKUP] Robot 2 picked up tag (density=4) | Total: 13
[PICKUP] Robot 1 picked up tag (density=3) | Total: 14

======================================================================
Step 2500 (1.3 min) | Pickups: 14 | Deposits: 12 | Rate: 9.00 tags/min | phero_entries=10 phero_max=0.745
======================================================================
R1[RTB       ]: L=+1.00 R=+0.00 | carry=1 | base=0.13 ba=-0.81 | site=0 sd=0.00 sa=+0.00 | phero=0 pd=0.00 pa=+0.00 | srch=0.00 | wall=2.17
R2[RTB       ]: L=+0.00 R=+1.00 | carry=1 | base=0.12 ba=+0.50 | site=0 sd=0.00 sa=+0.00 | phero=0 pd=0.00 pa=+0.00 | srch=0.00 | wall=2.10
R3[EXPLORE   ]: L=+1.00 R=+1.00 | carry=0 | base=0.35 ba=+0.85 | site=0 sd=0.00 sa=+0.00 | phero=0 pd=0.00 pa=+0.00 | srch=0.16 | wall=1.36
R4[EXPLORE   ]: L=+1.00 R=+1.00 | carry=0 | base=0.10 ba=-0.78 | site=0 sd=0.00 sa=+0.00 | phero=0 pd=0.00 pa=+0.00 | srch=0.05 | wall=2.21

[PICKUP] Robot 3 picked up tag (density=12) | Total: 15
[DEPOSIT] Robot 2 deposited! Total: 13
  [PHERO] Laid at (0.06, -0.38) density=4 prob=0.82 total_entries=11
  [TARGET] Robot 2 → SITE (0.06,-0.38)
[DEPOSIT] Robot 1 deposited! Total: 14
  [PHERO] Laid at (0.33, -0.29) density=3 prob=0.65 total_entries=12
  [TARGET] Robot 1 → SITE (0.33,-0.29)
[PICKUP] Robot 1 picked up tag (density=2) | Total: 16
[DEPOSIT] Robot 3 deposited! Total: 15
  [PHERO] Laid at (-0.42, 1.16) density=12 prob=1.00 total_entries=13
  [TARGET] Robot 3 → SITE (-0.42,1.16)
[DEPOSIT] Robot 1 deposited! Total: 16
  [TARGET] Robot 1 → SITE (0.21,-0.30)

======================================================================
Step 3000 (1.6 min) | Pickups: 16 | Deposits: 16 | Rate: 10.00 tags/min | phero_entries=13 phero_max=0.804
======================================================================
R1[BASE_ESC  ]: L=+1.00 R=+0.00 | carry=0 | base=0.07 ba=+0.24 | site=1 sd=0.05 sa=+0.96 | phero=0 pd=0.00 pa=+0.00 | srch=0.00 | wall=2.31
R2[EXPLORE   ]: L=+1.00 R=+1.00 | carry=0 | base=0.22 ba=-0.82 | site=0 sd=0.00 sa=+0.00 | phero=0 pd=0.00 pa=+0.00 | srch=0.10 | wall=1.87
R3[SITE      ]: L=+0.10 R=-0.06 | carry=0 | base=0.07 ba=-0.84 | site=1 sd=0.29 sa=+0.02 | phero=0 pd=0.00 pa=+0.00 | srch=0.03 | wall=2.30
R4[EXPLORE   ]: L=+1.00 R=+0.26 | carry=0 | base=0.28 ba=-0.39 | site=0 sd=0.00 sa=+0.00 | phero=0 pd=0.00 pa=+0.00 | srch=0.17 | wall=1.61

[PICKUP] Robot 1 picked up tag (density=1) | Total: 17
[PICKUP] Robot 3 picked up tag (density=11) | Total: 18
[DEPOSIT] Robot 1 deposited! Total: 17
  [PHERO] Laid at (0.20, -0.39) density=1 prob=0.20 total_entries=14
  [TARGET] Robot 1 → SITE (0.20,-0.39)

======================================================================
Step 3500 (1.9 min) | Pickups: 18 | Deposits: 17 | Rate: 9.11 tags/min | phero_entries=14 phero_max=0.794
======================================================================
R1[SITE      ]: L=+0.73 R=+1.00 | carry=0 | base=0.09 ba=+0.87 | site=1 sd=0.06 sa=+0.27 | phero=0 pd=0.00 pa=+0.00 | srch=0.04 | wall=2.18
R2[WALL_ESC  ]: L=+1.00 R=+0.00 | carry=0 | base=0.73 ba=-0.70 | site=0 sd=0.00 sa=+0.00 | phero=0 pd=0.00 pa=+0.00 | srch=0.23 | wall=0.32
R3[RTB       ]: L=+1.00 R=+1.00 | carry=1 | base=0.23 ba=-0.00 | site=0 sd=0.00 sa=+0.00 | phero=0 pd=0.00 pa=+0.00 | srch=0.00 | wall=1.71
R4[EXPLORE   ]: L=+1.00 R=+0.78 | carry=0 | base=0.22 ba=-0.31 | site=0 sd=0.00 sa=+0.00 | phero=0 pd=0.00 pa=+0.00 | srch=0.30 | wall=1.91

[DEPOSIT] Robot 3 deposited! Total: 18
  [PHERO] Laid at (-0.42, 1.10) density=11 prob=1.00 total_entries=15
  [TARGET] Robot 3 → SITE (-0.42,1.10)
[GIVE-UP] R1 giving up after 303 steps
[EMPTY_RTN] R1 → phero(0.20,-0.39)

======================================================================
Step 4000 (2.1 min) | Pickups: 18 | Deposits: 18 | Rate: 8.44 tags/min | phero_entries=15 phero_max=0.570
======================================================================
R1[PHERO     ]: L=+1.00 R=+0.78 | carry=0 | base=0.16 ba=-0.62 | site=0 sd=0.00 sa=+0.00 | phero=1 pd=0.06 pa=-0.36 | srch=0.06 | wall=2.08
R2[EXPLORE   ]: L=+1.00 R=+1.00 | carry=0 | base=0.28 ba=+0.02 | site=0 sd=0.00 sa=+0.00 | phero=0 pd=0.00 pa=+0.00 | srch=0.35 | wall=1.64
R3[SITE      ]: L=+0.79 R=+0.78 | carry=0 | base=0.25 ba=+0.96 | site=1 sd=0.08 sa=-0.00 | phero=0 pd=0.00 pa=+0.00 | srch=0.09 | wall=1.66
R4[BASE_ESC  ]: L=+0.00 R=+1.00 | carry=0 | base=0.06 ba=-0.37 | site=0 sd=0.00 sa=+0.00 | phero=0 pd=0.00 pa=+0.00 | srch=0.42 | wall=2.33

[PICKUP] Robot 3 picked up tag (density=10) | Total: 19
[GIVE-UP] R2 giving up after 1729 steps
[GIVE-UP] R2 giving up after 1807 steps
[EMPTY_RTN] R2 → phero(0.20,-0.39)

======================================================================
Step 4500 (2.4 min) | Pickups: 19 | Deposits: 18 | Rate: 7.50 tags/min | phero_entries=13 phero_max=0.256
======================================================================
R1[EXPLORE   ]: L=+1.00 R=+1.00 | carry=0 | base=0.20 ba=-0.77 | site=0 sd=0.00 sa=+0.00 | phero=0 pd=0.00 pa=+0.00 | srch=0.18 | wall=1.79
R2[BASE_ESC  ]: L=+1.00 R=+0.00 | carry=0 | base=0.06 ba=+0.31 | site=0 sd=0.00 sa=+0.00 | phero=1 pd=0.08 pa=-0.37 | srch=0.01 | wall=2.28
R3[RTB       ]: L=+1.00 R=+1.00 | carry=1 | base=0.07 ba=+0.00 | site=0 sd=0.00 sa=+0.00 | phero=0 pd=0.00 pa=+0.00 | srch=0.00 | wall=2.27
R4[EXPLORE   ]: L=+1.00 R=+1.00 | carry=0 | base=0.15 ba=-0.65 | site=0 sd=0.00 sa=+0.00 | phero=0 pd=0.00 pa=+0.00 | srch=0.55 | wall=2.00

[DEPOSIT] Robot 3 deposited! Total: 19
  [PHERO] Laid at (-0.45, 1.16) density=10 prob=1.00 total_entries=14
  [TARGET] Robot 3 → SITE (-0.45,1.16)
[PICKUP] Robot 1 picked up tag (density=10) | Total: 20
[PICKUP] Robot 4 picked up tag (density=9) | Total: 21
[DEPOSIT] Robot 1 deposited! Total: 20
  [PHERO] Laid at (-0.27, -1.02) density=10 prob=1.00 total_entries=14
  [TARGET] Robot 1 → SITE (-0.27,-1.02)

======================================================================
Step 5000 (2.7 min) | Pickups: 21 | Deposits: 20 | Rate: 7.50 tags/min | phero_entries=14 phero_max=0.877
======================================================================
R1[BASE_ESC  ]: L=+0.00 R=+1.00 | carry=0 | base=0.06 ba=-0.68 | site=1 sd=0.24 sa=+0.43 | phero=0 pd=0.00 pa=+0.00 | srch=0.02 | wall=2.31
R2[EXPLORE   ]: L=+1.00 R=+1.00 | carry=0 | base=0.50 ba=+0.96 | site=0 sd=0.00 sa=+0.00 | phero=0 pd=0.00 pa=+0.00 | srch=0.13 | wall=1.15
R3[SITE      ]: L=-0.41 R=-0.38 | carry=0 | base=0.09 ba=-0.88 | site=1 sd=0.28 sa=-0.06 | phero=0 pd=0.00 pa=+0.00 | srch=0.12 | wall=2.28
R4[RTB       ]: L=+1.00 R=+1.00 | carry=1 | base=0.10 ba=-0.00 | site=0 sd=0.00 sa=+0.00 | phero=0 pd=0.00 pa=+0.00 | srch=0.00 | wall=2.20

[DEPOSIT] Robot 4 deposited! Total: 21
  [PHERO] Laid at (-0.67, 0.86) density=9 prob=1.00 total_entries=15
  [TARGET] Robot 4 → SITE (-0.67,0.86)
[PICKUP] Robot 4 picked up tag (density=8) | Total: 22
[PICKUP] Robot 1 picked up tag (density=9) | Total: 23

======================================================================
Step 5500 (2.9 min) | Pickups: 23 | Deposits: 21 | Rate: 7.16 tags/min | phero_entries=13 phero_max=0.468
======================================================================
R1[RTB       ]: L=+0.92 R=+1.00 | carry=1 | base=0.35 ba=+0.03 | site=0 sd=0.00 sa=+0.00 | phero=0 pd=0.00 pa=+0.00 | srch=0.00 | wall=1.32
R2[EXPLORE   ]: L=+1.00 R=+1.00 | carry=0 | base=0.64 ba=-0.09 | site=0 sd=0.00 sa=+0.00 | phero=0 pd=0.00 pa=+0.00 | srch=0.26 | wall=0.56
R3[SITE      ]: L=+0.20 R=+0.19 | carry=0 | base=0.18 ba=-0.98 | site=1 sd=0.17 sa=-0.05 | phero=0 pd=0.00 pa=+0.00 | srch=0.25 | wall=1.93
R4[RTB       ]: L=+0.89 R=+1.00 | carry=1 | base=0.25 ba=+0.04 | site=0 sd=0.00 sa=+0.00 | phero=0 pd=0.00 pa=+0.00 | srch=0.00 | wall=1.76

[DEPOSIT] Robot 4 deposited! Total: 22
  [PHERO] Laid at (-0.48, 0.89) density=8 prob=1.00 total_entries=14
  [TARGET] Robot 4 → SITE (-0.48,0.89)
[DEPOSIT] Robot 1 deposited! Total: 23
  [PHERO] Laid at (-0.45, -1.31) density=9 prob=1.00 total_entries=15
  [TARGET] Robot 1 → SITE (-0.45,-1.31)
[PICKUP] Robot 3 picked up tag (density=7) | Total: 24

======================================================================
Step 6000 (3.2 min) | Pickups: 24 | Deposits: 23 | Rate: 7.19 tags/min | phero_entries=13 phero_max=0.675
======================================================================
R1[SITE      ]: L=+1.00 R=+1.00 | carry=0 | base=0.18 ba=-0.91 | site=1 sd=0.22 sa=-0.01 | phero=0 pd=0.00 pa=+0.00 | srch=0.06 | wall=1.88
R2[EXPLORE   ]: L=+1.00 R=+1.00 | carry=0 | base=0.18 ba=-0.10 | site=0 sd=0.00 sa=+0.00 | phero=0 pd=0.00 pa=+0.00 | srch=0.38 | wall=1.87
R3[RTB       ]: L=+0.00 R=+1.00 | carry=1 | base=0.39 ba=+0.90 | site=0 sd=0.00 sa=+0.00 | phero=0 pd=0.00 pa=+0.00 | srch=0.00 | wall=1.23
R4[SITE      ]: L=+1.00 R=+1.00 | carry=0 | base=0.27 ba=+0.95 | site=1 sd=0.04 sa=+0.23 | phero=0 pd=0.00 pa=+0.00 | srch=0.08 | wall=1.64

[PICKUP] Robot 4 picked up tag (density=6) | Total: 25
[PICKUP] Robot 1 picked up tag (density=8) | Total: 26
[DEPOSIT] Robot 4 deposited! Total: 24
  [PHERO] Laid at (-0.61, 0.92) density=6 prob=0.97 total_entries=13
  [TARGET] Robot 4 → SITE (-0.61,0.92)
[DEPOSIT] Robot 3 deposited! Total: 25
  [PHERO] Laid at (-0.50, 1.26) density=7 prob=0.99 total_entries=14
  [TARGET] Robot 3 → SITE (-0.50,1.26)
[DEPOSIT] Robot 1 deposited! Total: 26
  [PHERO] Laid at (-0.32, -1.10) density=8 prob=1.00 total_entries=15
  [TARGET] Robot 1 → SITE (-0.32,-1.10)

======================================================================
Step 6500 (3.5 min) | Pickups: 26 | Deposits: 26 | Rate: 7.50 tags/min | phero_entries=14 phero_max=0.975
======================================================================
R1[BASE_ESC  ]: L=+0.00 R=+1.00 | carry=0 | base=0.07 ba=-0.17 | site=1 sd=0.26 sa=+0.88 | phero=0 pd=0.00 pa=+0.00 | srch=0.00 | wall=2.29
R2[EXPLORE   ]: L=+1.00 R=+1.00 | carry=0 | base=0.41 ba=-0.92 | site=0 sd=0.00 sa=+0.00 | phero=0 pd=0.00 pa=+0.00 | srch=0.51 | wall=1.07
R3[BASE_ESC  ]: L=+0.16 R=+1.00 | carry=0 | base=0.07 ba=-0.79 | site=1 sd=0.32 sa=+0.27 | phero=0 pd=0.00 pa=+0.00 | srch=0.02 | wall=2.28
R4[BASE_ESC  ]: L=+1.00 R=+0.43 | carry=0 | base=0.07 ba=+0.86 | site=1 sd=0.26 sa=-0.30 | phero=0 pd=0.00 pa=+0.00 | srch=0.03 | wall=2.31

[PICKUP] Robot 4 picked up tag (density=5) | Total: 27

======================================================================
Step 7000 (3.7 min) | Pickups: 27 | Deposits: 26 | Rate: 6.96 tags/min | phero_entries=11 phero_max=0.438
======================================================================
R1[SITE      ]: L=+0.88 R=+1.00 | carry=0 | base=0.45 ba=+0.61 | site=1 sd=0.13 sa=+0.52 | phero=0 pd=0.00 pa=+0.00 | srch=0.13 | wall=1.04
R2[EXPLORE   ]: L=+1.00 R=+1.00 | carry=0 | base=0.43 ba=-0.20 | site=0 sd=0.00 sa=+0.00 | phero=0 pd=0.00 pa=+0.00 | srch=0.63 | wall=1.07
R3[SITE      ]: L=+0.28 R=+0.27 | carry=0 | base=0.31 ba=+0.95 | site=1 sd=0.07 sa=-0.02 | phero=0 pd=0.00 pa=+0.00 | srch=0.15 | wall=1.47
R4[RTB       ]: L=+0.99 R=+1.00 | carry=1 | base=0.22 ba=+0.00 | site=0 sd=0.00 sa=+0.00 | phero=0 pd=0.00 pa=+0.00 | srch=0.00 | wall=1.88

[PICKUP] Robot 1 picked up tag (density=7) | Total: 28
[DEPOSIT] Robot 4 deposited! Total: 27
  [PHERO] Laid at (-0.59, 0.95) density=5 prob=0.92 total_entries=12
  [TARGET] Robot 4 → SITE (-0.59,0.95)
[DEPOSIT] Robot 1 deposited! Total: 28
  [PHERO] Laid at (-0.17, -1.54) density=7 prob=0.99 total_entries=12
  [TARGET] Robot 1 → SITE (-0.17,-1.54)

======================================================================
Step 7500 (4.0 min) | Pickups: 28 | Deposits: 28 | Rate: 7.00 tags/min | phero_entries=12 phero_max=1.000
======================================================================
R1[BASE_ESC  ]: L=+1.00 R=+1.00 | carry=0 | base=0.07 ba=+0.00 | site=1 sd=0.37 sa=+0.98 | phero=0 pd=0.00 pa=+0.00 | srch=0.00 | wall=2.25
R2[EXPLORE   ]: L=+1.00 R=+1.00 | carry=0 | base=0.28 ba=-0.71 | site=0 sd=0.00 sa=+0.00 | phero=0 pd=0.00 pa=+0.00 | srch=0.76 | wall=1.64
R3[EXPLORE   ]: L=+1.00 R=+1.00 | carry=0 | base=0.53 ba=-0.28 | site=0 sd=0.00 sa=+0.00 | phero=0 pd=0.00 pa=+0.00 | srch=0.27 | wall=0.64
R4[EXPLORE   ]: L=+1.00 R=+1.00 | carry=0 | base=0.32 ba=-0.87 | site=0 sd=0.00 sa=+0.00 | phero=0 pd=0.00 pa=+0.00 | srch=0.09 | wall=1.56

[PICKUP] Robot 4 picked up tag (density=4) | Total: 29
[PICKUP] Robot 2 picked up tag (density=16) | Total: 30
[DEPOSIT] Robot 4 deposited! Total: 29
  [TARGET] Robot 4 → SITE (-0.60,1.00)

======================================================================
Step 8000 (4.3 min) | Pickups: 30 | Deposits: 29 | Rate: 6.80 tags/min | phero_entries=10 phero_max=0.449
======================================================================
R1[SITE      ]: L=+1.00 R=+0.92 | carry=0 | base=0.43 ba=-0.61 | site=1 sd=0.13 sa=-0.12 | phero=0 pd=0.00 pa=+0.00 | srch=0.12 | wall=1.03
R2[RTB       ]: L=+1.00 R=+1.00 | carry=1 | base=0.43 ba=-0.00 | site=0 sd=0.00 sa=+0.00 | phero=0 pd=0.00 pa=+0.00 | srch=0.00 | wall=1.22
R3[EXPLORE   ]: L=+0.84 R=+1.00 | carry=0 | base=0.58 ba=-0.48 | site=0 sd=0.00 sa=+0.00 | phero=0 pd=0.00 pa=+0.00 | srch=0.40 | wall=0.62
R4[SITE      ]: L=+1.00 R=+1.00 | carry=0 | base=0.10 ba=-0.92 | site=1 sd=0.25 sa=+0.28 | phero=0 pd=0.00 pa=+0.00 | srch=0.03 | wall=2.15

[GIVE-UP] R3 giving up after 1764 steps
[PICKUP] Robot 4 picked up tag (density=3) | Total: 31
[DEPOSIT] Robot 2 deposited! Total: 30
  [PHERO] Laid at (1.56, 1.07) density=16 prob=1.00 total_entries=11
  [TARGET] Robot 2 → SITE (1.56,1.07)

======================================================================
Step 8500 (4.5 min) | Pickups: 31 | Deposits: 30 | Rate: 6.62 tags/min | phero_entries=11 phero_max=0.755
======================================================================
R1[EXPLORE   ]: L=+1.00 R=+1.00 | carry=0 | base=0.65 ba=-0.76 | site=0 sd=0.00 sa=+0.00 | phero=0 pd=0.00 pa=+0.00 | srch=0.25 | wall=0.89
R2[SITE      ]: L=+1.00 R=+1.00 | carry=0 | base=0.14 ba=+1.00 | site=1 sd=0.41 sa=+0.14 | phero=0 pd=0.00 pa=+0.00 | srch=0.04 | wall=2.03
R3[GIVE_UP   ]: L=+1.00 R=+1.00 | carry=0 | base=0.43 ba=-0.00 | site=0 sd=0.00 sa=+0.00 | phero=0 pd=0.00 pa=+0.00 | srch=0.52 | wall=1.30
R4[RTB       ]: L=+1.00 R=+1.00 | carry=1 | base=0.22 ba=+0.00 | site=0 sd=0.00 sa=+0.00 | phero=0 pd=0.00 pa=+0.00 | srch=0.00 | wall=1.82

[DEPOSIT] Robot 4 deposited! Total: 31
  [PHERO] Laid at (-0.50, 1.16) density=3 prob=0.65 total_entries=12
  [TARGET] Robot 4 → SITE (-0.50,1.16)
[PICKUP] Robot 3 picked up tag (density=1) | Total: 32
[DEPOSIT] Robot 3 deposited! Total: 32
  [TARGET] Robot 3 → SITE (0.47,0.64)
[PICKUP] Robot 2 picked up tag (density=15) | Total: 33

======================================================================
Step 9000 (4.8 min) | Pickups: 33 | Deposits: 32 | Rate: 6.67 tags/min | phero_entries=11 phero_max=0.558
======================================================================
R1[EXPLORE   ]: L=+1.00 R=+1.00 | carry=0 | base=0.50 ba=-0.15 | site=0 sd=0.00 sa=+0.00 | phero=0 pd=0.00 pa=+0.00 | srch=0.38 | wall=0.94
R2[RTB       ]: L=+0.97 R=+1.00 | carry=1 | base=0.46 ba=+0.01 | site=0 sd=0.00 sa=+0.00 | phero=0 pd=0.00 pa=+0.00 | srch=0.00 | wall=1.15
R3[SITE      ]: L=+0.80 R=+0.78 | carry=0 | base=0.11 ba=+0.89 | site=1 sd=0.12 sa=-0.04 | phero=0 pd=0.00 pa=+0.00 | srch=0.04 | wall=2.23
R4[SITE      ]: L=+0.90 R=+1.00 | carry=0 | base=0.26 ba=-0.89 | site=1 sd=0.13 sa=+0.35 | phero=0 pd=0.00 pa=+0.00 | srch=0.09 | wall=1.62

[DEPOSIT] Robot 2 deposited! Total: 33
  [PHERO] Laid at (1.57, 0.87) density=15 prob=1.00 total_entries=10
  [TARGET] Robot 2 → SITE (1.57,0.87)
[PICKUP] Robot 3 picked up tag (density=14) | Total: 34

======================================================================
Step 9500 (5.1 min) | Pickups: 34 | Deposits: 33 | Rate: 6.51 tags/min | phero_entries=10 phero_max=0.789
======================================================================
R1[EXPLORE   ]: L=+1.00 R=+1.00 | carry=0 | base=0.31 ba=+0.99 | site=0 sd=0.00 sa=+0.00 | phero=0 pd=0.00 pa=+0.00 | srch=0.50 | wall=1.56
R2[SITE      ]: L=+1.00 R=+1.00 | carry=0 | base=0.11 ba=+0.92 | site=1 sd=0.42 sa=-0.26 | phero=0 pd=0.00 pa=+0.00 | srch=0.04 | wall=2.19
R3[RTB       ]: L=+1.00 R=+0.00 | carry=1 | base=0.56 ba=-0.54 | site=0 sd=0.00 sa=+0.00 | phero=0 pd=0.00 pa=+0.00 | srch=0.00 | wall=0.91
R4[EXPLORE   ]: L=+1.00 R=+0.85 | carry=0 | base=0.23 ba=+0.49 | site=0 sd=0.00 sa=+0.00 | phero=0 pd=0.00 pa=+0.00 | srch=0.22 | wall=1.76


======================================================================
Step 10000 (5.3 min) | Pickups: 34 | Deposits: 33 | Rate: 6.19 tags/min | phero_entries=9 phero_max=0.355
======================================================================
R1[WALL_ESC  ]: L=+0.77 R=+1.00 | carry=0 | base=0.70 ba=+0.05 | site=0 sd=0.00 sa=+0.00 | phero=0 pd=0.00 pa=+0.00 | srch=0.62 | wall=0.35
R2[SITE      ]: L=+1.00 R=+0.90 | carry=0 | base=0.57 ba=-0.61 | site=1 sd=0.18 sa=-0.27 | phero=0 pd=0.00 pa=+0.00 | srch=0.16 | wall=1.02
R3[RTB       ]: L=+1.00 R=+1.00 | carry=1 | base=0.08 ba=-0.00 | site=0 sd=0.00 sa=+0.00 | phero=0 pd=0.00 pa=+0.00 | srch=0.00 | wall=2.26
R4[EXPLORE   ]: L=+1.00 R=+0.61 | carry=0 | base=0.37 ba=+0.57 | site=0 sd=0.00 sa=+0.00 | phero=0 pd=0.00 pa=+0.00 | srch=0.34 | wall=1.23

[DEPOSIT] Robot 3 deposited! Total: 34
  [PHERO] Laid at (1.56, 1.18) density=14 prob=1.00 total_entries=10
  [TARGET] Robot 3 → SITE (1.56,1.18)
[PICKUP] Robot 2 picked up tag (density=13) | Total: 35

======================================================================
Step 10500 (5.6 min) | Pickups: 35 | Deposits: 34 | Rate: 6.07 tags/min | phero_entries=9 phero_max=0.456
======================================================================
R1[EXPLORE   ]: L=+1.00 R=+1.00 | carry=0 | base=0.15 ba=+0.06 | site=0 sd=0.00 sa=+0.00 | phero=0 pd=0.00 pa=+0.00 | srch=0.75 | wall=1.99
R2[RTB       ]: L=+1.00 R=+1.00 | carry=1 | base=0.20 ba=-0.00 | site=0 sd=0.00 sa=+0.00 | phero=0 pd=0.00 pa=+0.00 | srch=0.00 | wall=1.92
R3[SITE      ]: L=+0.99 R=+1.00 | carry=0 | base=0.46 ba=+0.92 | site=1 sd=0.10 sa=-0.01 | phero=0 pd=0.00 pa=+0.00 | srch=0.12 | wall=1.18
R4[EXPLORE   ]: L=+1.00 R=+1.00 | carry=0 | base=0.17 ba=-0.33 | site=0 sd=0.00 sa=+0.00 | phero=0 pd=0.00 pa=+0.00 | srch=0.47 | wall=1.93

[DEPOSIT] Robot 2 deposited! Total: 35
  [PHERO] Laid at (1.62, 1.13) density=13 prob=1.00 total_entries=10
  [TARGET] Robot 2 → SITE (1.62,1.13)

======================================================================
Step 11000 (5.9 min) | Pickups: 35 | Deposits: 35 | Rate: 5.97 tags/min | phero_entries=7 phero_max=0.543
======================================================================
R1[EXPLORE   ]: L=+1.00 R=+1.00 | carry=0 | base=0.43 ba=+0.97 | site=0 sd=0.00 sa=+0.00 | phero=0 pd=0.00 pa=+0.00 | srch=0.88 | wall=1.26
R2[SITE      ]: L=+1.00 R=+1.00 | carry=0 | base=0.37 ba=+1.00 | site=1 sd=0.31 sa=+0.37 | phero=0 pd=0.00 pa=+0.00 | srch=0.10 | wall=1.22
R3[EXPLORE   ]: L=+1.00 R=+1.00 | carry=0 | base=0.77 ba=+0.44 | site=0 sd=0.00 sa=+0.00 | phero=0 pd=0.00 pa=+0.00 | srch=0.25 | wall=0.50
R4[EXPLORE   ]: L=+1.00 R=+1.00 | carry=0 | base=0.47 ba=-0.79 | site=0 sd=0.00 sa=+0.00 | phero=0 pd=0.00 pa=+0.00 | srch=0.59 | wall=0.87

[PICKUP] Robot 2 picked up tag (density=12) | Total: 36

======================================================================
Step 11500 (6.1 min) | Pickups: 36 | Deposits: 35 | Rate: 5.71 tags/min | phero_entries=6 phero_max=0.244
======================================================================
R1[EXPLORE   ]: L=+1.00 R=+1.00 | carry=0 | base=0.74 ba=+0.41 | site=0 sd=0.00 sa=+0.00 | phero=0 pd=0.00 pa=+0.00 | srch=1.00 | wall=0.64
R2[RTB       ]: L=+0.95 R=+1.00 | carry=1 | base=0.52 ba=+0.02 | site=0 sd=0.00 sa=+0.00 | phero=0 pd=0.00 pa=+0.00 | srch=0.00 | wall=0.84
R3[EXPLORE   ]: L=+1.00 R=+1.00 | carry=0 | base=0.45 ba=+0.34 | site=0 sd=0.00 sa=+0.00 | phero=0 pd=0.00 pa=+0.00 | srch=0.37 | wall=0.95
R4[EXPLORE   ]: L=+1.00 R=+0.78 | carry=0 | base=0.51 ba=+0.81 | site=0 sd=0.00 sa=+0.00 | phero=0 pd=0.00 pa=+0.00 | srch=0.72 | wall=0.70

[PICKUP] Robot 3 picked up tag (density=2) | Total: 37
[DEPOSIT] Robot 2 deposited! Total: 36
  [PHERO] Laid at (1.86, 0.79) density=12 prob=1.00 total_entries=6
  [TARGET] Robot 2 → SITE (1.86,0.79)

======================================================================
Step 12000 (6.4 min) | Pickups: 37 | Deposits: 36 | Rate: 5.62 tags/min | phero_entries=6 phero_max=0.871
======================================================================
R1[EXPLORE   ]: L=+1.00 R=+1.00 | carry=0 | base=0.45 ba=+0.28 | site=0 sd=0.00 sa=+0.00 | phero=0 pd=0.00 pa=+0.00 | srch=1.00 | wall=0.95
R2[BASE_ESC  ]: L=+1.00 R=+0.00 | carry=0 | base=0.06 ba=+0.73 | site=1 sd=0.52 sa=-0.35 | phero=0 pd=0.00 pa=+0.00 | srch=0.02 | wall=2.32
R3[RTB       ]: L=+1.00 R=+1.00 | carry=1 | base=0.11 ba=+0.00 | site=0 sd=0.00 sa=+0.00 | phero=0 pd=0.00 pa=+0.00 | srch=0.00 | wall=2.15
R4[EXPLORE   ]: L=+1.00 R=+1.00 | carry=0 | base=0.53 ba=+0.69 | site=0 sd=0.00 sa=+0.00 | phero=0 pd=0.00 pa=+0.00 | srch=0.84 | wall=0.69

[PICKUP] Robot 1 picked up tag (density=6) | Total: 38
[DEPOSIT] Robot 3 deposited! Total: 37
  [PHERO] Laid at (-0.58, 1.23) density=2 prob=0.42 total_entries=7
  [TARGET] Robot 3 → SITE (-0.58,1.23)
[PICKUP] Robot 4 picked up tag (density=11) | Total: 39
[DEPOSIT] Robot 1 deposited! Total: 38
  [PHERO] Laid at (-0.21, -1.54) density=6 prob=0.97 total_entries=8
  [TARGET] Robot 1 → SITE (-0.21,-1.54)
[PICKUP] Robot 2 picked up tag (density=10) | Total: 40

======================================================================
Step 12500 (6.7 min) | Pickups: 40 | Deposits: 38 | Rate: 5.70 tags/min | phero_entries=8 phero_max=0.798
======================================================================
R1[SITE      ]: L=+1.00 R=+1.00 | carry=0 | base=0.10 ba=+0.93 | site=1 sd=0.35 sa=-0.22 | phero=0 pd=0.00 pa=+0.00 | srch=0.04 | wall=2.15
R2[RTB       ]: L=+1.00 R=+0.00 | carry=1 | base=0.55 ba=-0.79 | site=0 sd=0.00 sa=+0.00 | phero=0 pd=0.00 pa=+0.00 | srch=0.00 | wall=0.86
R3[SITE      ]: L=-0.07 R=-0.12 | carry=0 | base=0.27 ba=-0.92 | site=1 sd=0.13 sa=-0.10 | phero=0 pd=0.00 pa=+0.00 | srch=0.12 | wall=1.74
R4[RTB       ]: L=+1.00 R=+1.00 | carry=1 | base=0.22 ba=+0.00 | site=0 sd=0.00 sa=+0.00 | phero=0 pd=0.00 pa=+0.00 | srch=0.00 | wall=1.81

[DEPOSIT] Robot 4 deposited! Total: 39
  [PHERO] Laid at (1.91, 0.79) density=11 prob=1.00 total_entries=9
  [TARGET] Robot 4 → SITE (1.91,0.79)
[PICKUP] Robot 3 picked up tag (density=1) | Total: 41

======================================================================
Step 13000 (6.9 min) | Pickups: 41 | Deposits: 39 | Rate: 5.62 tags/min | phero_entries=7 phero_max=0.558
======================================================================
R1[EXPLORE   ]: L=+1.00 R=+1.00 | carry=0 | base=0.47 ba=-0.60 | site=0 sd=0.00 sa=+0.00 | phero=0 pd=0.00 pa=+0.00 | srch=0.16 | wall=0.92
R2[RTB       ]: L=+0.99 R=+1.00 | carry=1 | base=0.17 ba=+0.00 | site=0 sd=0.00 sa=+0.00 | phero=0 pd=0.00 pa=+0.00 | srch=0.00 | wall=1.98
R3[RTB       ]: L=+1.00 R=+1.00 | carry=1 | base=0.26 ba=-0.00 | site=0 sd=0.00 sa=+0.00 | phero=0 pd=0.00 pa=+0.00 | srch=0.00 | wall=1.65
R4[SITE      ]: L=+1.00 R=+1.00 | carry=0 | base=0.25 ba=-0.83 | site=1 sd=0.34 sa=+0.13 | phero=0 pd=0.00 pa=+0.00 | srch=0.09 | wall=1.71

[DEPOSIT] Robot 2 deposited! Total: 40
  [PHERO] Laid at (1.63, 1.01) density=10 prob=1.00 total_entries=8
  [TARGET] Robot 2 → SITE (1.63,1.01)
[DEPOSIT] Robot 3 deposited! Total: 41
  [TARGET] Robot 3 → PHERO (1.86,0.79)
[GIVE-UP] R1 giving up after 1110 steps

======================================================================
Step 13500 (7.2 min) | Pickups: 41 | Deposits: 41 | Rate: 5.69 tags/min | phero_entries=8 phero_max=0.516
======================================================================
R1[WALL_ESC  ]: L=+0.00 R=+1.00 | carry=0 | base=0.84 ba=+0.70 | site=0 sd=0.00 sa=+0.00 | phero=0 pd=0.00 pa=+0.00 | srch=0.29 | wall=0.32
R2[SITE      ]: L=+1.00 R=+1.00 | carry=0 | base=0.38 ba=-0.95 | site=1 sd=0.17 sa=+0.03 | phero=0 pd=0.00 pa=+0.00 | srch=0.10 | wall=1.38
R3[PHERO     ]: L=+0.99 R=+1.00 | carry=0 | base=0.18 ba=-0.90 | site=0 sd=0.00 sa=+0.00 | phero=1 pd=0.40 pa=+0.09 | srch=0.08 | wall=1.93
R4[EXPLORE   ]: L=+1.00 R=+0.33 | carry=0 | base=0.61 ba=-0.42 | site=0 sd=0.00 sa=+0.00 | phero=0 pd=0.00 pa=+0.00 | srch=0.22 | wall=0.49

[PICKUP] Robot 2 picked up tag (density=9) | Total: 42
[PICKUP] Robot 3 picked up tag (density=8) | Total: 43

======================================================================
Step 14000 (7.5 min) | Pickups: 43 | Deposits: 41 | Rate: 5.49 tags/min | phero_entries=7 phero_max=0.232
======================================================================
R1[GIVE_UP   ]: L=+1.00 R=+1.00 | carry=0 | base=0.40 ba=+0.00 | site=0 sd=0.00 sa=+0.00 | phero=0 pd=0.00 pa=+0.00 | srch=0.41 | wall=1.46
R2[RTB       ]: L=+1.00 R=+1.00 | carry=1 | base=0.29 ba=+0.00 | site=0 sd=0.00 sa=+0.00 | phero=0 pd=0.00 pa=+0.00 | srch=0.00 | wall=1.65
R3[RTB       ]: L=+0.43 R=+1.00 | carry=1 | base=0.61 ba=+0.22 | site=0 sd=0.00 sa=+0.00 | phero=0 pd=0.00 pa=+0.00 | srch=0.00 | wall=0.56
R4[EXPLORE   ]: L=+1.00 R=+1.00 | carry=0 | base=0.51 ba=+0.59 | site=0 sd=0.00 sa=+0.00 | phero=0 pd=0.00 pa=+0.00 | srch=0.34 | wall=0.92

[GIVE-UP] R4 giving up after 1545 steps
[DEPOSIT] Robot 2 deposited! Total: 42
  [PHERO] Laid at (1.65, 1.00) density=9 prob=1.00 total_entries=8
  [TARGET] Robot 2 → SITE (1.65,1.00)
[EMPTY_RTN] R1 → phero(1.65,1.00)

======================================================================
Step 14500 (7.7 min) | Pickups: 43 | Deposits: 42 | Rate: 5.43 tags/min | phero_entries=7 phero_max=0.623
======================================================================
R1[PHERO     ]: L=+0.94 R=+1.00 | carry=0 | base=0.11 ba=+0.66 | site=0 sd=0.00 sa=+0.00 | phero=1 pd=0.60 pa=+0.34 | srch=0.05 | wall=2.12
R2[SITE      ]: L=+1.00 R=+0.97 | carry=0 | base=0.26 ba=-0.91 | site=1 sd=0.33 sa=-0.15 | phero=0 pd=0.00 pa=+0.00 | srch=0.07 | wall=1.74
R3[RTB       ]: L=+1.00 R=+1.00 | carry=1 | base=0.08 ba=+0.00 | site=0 sd=0.00 sa=+0.00 | phero=0 pd=0.00 pa=+0.00 | srch=0.00 | wall=2.24
R4[GIVE_UP   ]: L=+1.00 R=+1.00 | carry=0 | base=0.33 ba=+0.00 | site=0 sd=0.00 sa=+0.00 | phero=0 pd=0.00 pa=+0.00 | srch=0.47 | wall=1.37

[DEPOSIT] Robot 3 deposited! Total: 43
  [PHERO] Laid at (1.97, 0.87) density=8 prob=1.00 total_entries=8
  [TARGET] Robot 3 → SITE (1.97,0.87)
[EMPTY_RTN] R4 → phero(1.97,0.87)
[PICKUP] Robot 2 picked up tag (density=7) | Total: 44

======================================================================
Step 15000 (8.0 min) | Pickups: 44 | Deposits: 43 | Rate: 5.38 tags/min | phero_entries=7 phero_max=0.457
======================================================================
R1[PHERO     ]: L=+1.00 R=+1.00 | carry=0 | base=0.41 ba=+0.75 | site=0 sd=0.00 sa=+0.00 | phero=1 pd=0.15 pa=-0.11 | srch=0.18 | wall=1.19
R2[RTB       ]: L=+1.00 R=+0.98 | carry=1 | base=0.49 ba=-0.01 | site=0 sd=0.00 sa=+0.00 | phero=0 pd=0.00 pa=+0.00 | srch=0.00 | wall=0.99
R3[SITE      ]: L=+0.55 R=+0.55 | carry=0 | base=0.29 ba=+0.97 | site=1 sd=0.33 sa=+0.01 | phero=0 pd=0.00 pa=+0.00 | srch=0.12 | wall=1.55
R4[PHERO     ]: L=+1.00 R=+0.29 | carry=0 | base=0.07 ba=-0.60 | site=0 sd=0.00 sa=+0.00 | phero=1 pd=0.57 pa=+0.09 | srch=0.07 | wall=2.25

[PICKUP] Robot 1 picked up tag (density=6) | Total: 45
[PICKUP] Robot 3 picked up tag (density=5) | Total: 46
[DEPOSIT] Robot 2 deposited! Total: 44
  [PHERO] Laid at (1.67, 0.98) density=7 prob=0.99 total_entries=8
  [TARGET] Robot 2 → SITE (1.67,0.98)

======================================================================
Step 15500 (8.3 min) | Pickups: 46 | Deposits: 44 | Rate: 5.32 tags/min | phero_entries=8 phero_max=0.835
======================================================================
R1[RTB       ]: L=+1.00 R=+1.00 | carry=1 | base=0.34 ba=-0.00 | site=0 sd=0.00 sa=+0.00 | phero=0 pd=0.00 pa=+0.00 | srch=0.00 | wall=1.48
R2[SITE      ]: L=+1.00 R=+1.00 | carry=0 | base=0.07 ba=+0.91 | site=1 sd=0.48 sa=-0.16 | phero=0 pd=0.00 pa=+0.00 | srch=0.03 | wall=2.31
R3[RTB       ]: L=+1.00 R=+0.69 | carry=1 | base=0.55 ba=-0.11 | site=0 sd=0.00 sa=+0.00 | phero=0 pd=0.00 pa=+0.00 | srch=0.00 | wall=0.73
R4[PHERO     ]: L=+0.76 R=+0.75 | carry=0 | base=0.43 ba=+0.69 | site=0 sd=0.00 sa=+0.00 | phero=1 pd=0.24 pa=-0.02 | srch=0.19 | wall=0.99

[DEPOSIT] Robot 1 deposited! Total: 45
  [PHERO] Laid at (1.63, 1.15) density=6 prob=0.97 total_entries=9
  [TARGET] Robot 1 → SITE (1.63,1.15)
[DEPOSIT] Robot 3 deposited! Total: 46
  [PHERO] Laid at (1.77, 0.89) density=5 prob=0.92 total_entries=10
  [TARGET] Robot 3 → SITE (1.77,0.89)

======================================================================
Step 16000 (8.5 min) | Pickups: 46 | Deposits: 46 | Rate: 5.39 tags/min | phero_entries=10 phero_max=0.914
======================================================================
R1[SITE      ]: L=+1.00 R=+1.00 | carry=0 | base=0.22 ba=+0.98 | site=1 sd=0.37 sa=+0.18 | phero=0 pd=0.00 pa=+0.00 | srch=0.06 | wall=1.74
R2[SITE      ]: L=+1.00 R=+0.96 | carry=0 | base=0.58 ba=-0.75 | site=1 sd=0.13 sa=-0.35 | phero=0 pd=0.00 pa=+0.00 | srch=0.15 | wall=1.02
R3[BASE_ESC  ]: L=+0.00 R=+1.00 | carry=0 | base=0.06 ba=-0.48 | site=1 sd=0.50 sa=+0.57 | phero=0 pd=0.00 pa=+0.00 | srch=0.01 | wall=2.29
R4[EXPLORE   ]: L=+1.00 R=+0.18 | carry=0 | base=0.70 ba=+0.63 | site=0 sd=0.00 sa=+0.00 | phero=0 pd=0.00 pa=+0.00 | srch=0.32 | wall=0.37

[PICKUP] Robot 2 picked up tag (density=4) | Total: 47

======================================================================
Step 16500 (8.8 min) | Pickups: 47 | Deposits: 46 | Rate: 5.23 tags/min | phero_entries=8 phero_max=0.411
======================================================================
R1[SITE      ]: L=+1.00 R=+1.00 | carry=0 | base=0.63 ba=+0.20 | site=1 sd=0.20 sa=-0.15 | phero=0 pd=0.00 pa=+0.00 | srch=0.19 | wall=0.39
R2[RTB       ]: L=+1.00 R=+1.00 | carry=1 | base=0.26 ba=-0.00 | site=0 sd=0.00 sa=+0.00 | phero=0 pd=0.00 pa=+0.00 | srch=0.00 | wall=1.74
R3[SITE      ]: L=+1.00 R=+0.49 | carry=0 | base=0.53 ba=-0.95 | site=1 sd=0.05 sa=-0.12 | phero=0 pd=0.00 pa=+0.00 | srch=0.14 | wall=0.89
R4[WALL_ESC  ]: L=+1.00 R=+0.13 | carry=0 | base=0.87 ba=-0.22 | site=0 sd=0.00 sa=+0.00 | phero=0 pd=0.00 pa=+0.00 | srch=0.44 | wall=0.31

[DEPOSIT] Robot 2 deposited! Total: 47
  [PHERO] Laid at (1.81, 1.31) density=4 prob=0.82 total_entries=9
  [TARGET] Robot 2 → SITE (1.81,1.31)
[PICKUP] Robot 1 picked up tag (density=3) | Total: 48

======================================================================
Step 17000 (9.1 min) | Pickups: 48 | Deposits: 47 | Rate: 5.18 tags/min | phero_entries=7 phero_max=0.592
======================================================================
R1[RTB       ]: L=+1.00 R=+0.99 | carry=1 | base=0.51 ba=-0.00 | site=0 sd=0.00 sa=+0.00 | phero=0 pd=0.00 pa=+0.00 | srch=0.00 | wall=0.96
R2[SITE      ]: L=+1.00 R=+1.00 | carry=0 | base=0.31 ba=+1.00 | site=1 sd=0.37 sa=+0.22 | phero=0 pd=0.00 pa=+0.00 | srch=0.08 | wall=1.46
R3[EXPLORE   ]: L=+1.00 R=+1.00 | carry=0 | base=0.41 ba=-0.17 | site=0 sd=0.00 sa=+0.00 | phero=0 pd=0.00 pa=+0.00 | srch=0.26 | wall=1.08
R4[EXPLORE   ]: L=+1.00 R=+1.00 | carry=0 | base=0.35 ba=-0.06 | site=0 sd=0.00 sa=+0.00 | phero=0 pd=0.00 pa=+0.00 | srch=0.57 | wall=1.53

[GIVE-UP] R3 giving up after 1057 steps
[PICKUP] Robot 2 picked up tag (density=2) | Total: 49
[EMPTY_RTN] R3 → phero(1.77,0.89)
[DEPOSIT] Robot 1 deposited! Total: 48
  [TARGET] Robot 1 → SITE (1.74,1.18)

======================================================================
Step 17500 (9.3 min) | Pickups: 49 | Deposits: 48 | Rate: 5.14 tags/min | phero_entries=6 phero_max=0.266
======================================================================
R1[BASE_ESC  ]: L=+0.16 R=+1.00 | carry=0 | base=0.07 ba=-0.79 | site=1 sd=0.54 sa=+0.30 | phero=0 pd=0.00 pa=+0.00 | srch=0.02 | wall=2.29
R2[RTB       ]: L=+1.00 R=+1.00 | carry=1 | base=0.46 ba=+0.00 | site=0 sd=0.00 sa=+0.00 | phero=0 pd=0.00 pa=+0.00 | srch=0.00 | wall=1.14
R3[PHERO     ]: L=+0.97 R=+1.00 | carry=0 | base=0.10 ba=+0.77 | site=0 sd=0.00 sa=+0.00 | phero=1 pd=0.47 pa=-0.09 | srch=0.05 | wall=2.14
R4[EXPLORE   ]: L=+1.00 R=+1.00 | carry=0 | base=0.10 ba=-0.61 | site=0 sd=0.00 sa=+0.00 | phero=0 pd=0.00 pa=+0.00 | srch=0.69 | wall=2.25

[GIVE-UP] R4 giving up after 3038 steps
[GIVE-UP] R4 giving up after 3116 steps
[DEPOSIT] Robot 2 deposited! Total: 49
  [PHERO] Laid at (1.79, 1.04) density=2 prob=0.42 total_entries=7
  [TARGET] Robot 2 → SITE (1.79,1.04)
[EMPTY_RTN] R4 → phero(1.79,1.04)

======================================================================
Step 18000 (9.6 min) | Pickups: 49 | Deposits: 49 | Rate: 5.10 tags/min | phero_entries=7 phero_max=0.803
======================================================================
R1[SITE      ]: L=+0.79 R=+1.00 | carry=0 | base=0.58 ba=+0.80 | site=1 sd=0.19 sa=+0.31 | phero=0 pd=0.00 pa=+0.00 | srch=0.15 | wall=0.54
R2[SITE      ]: L=+0.61 R=+1.00 | carry=0 | base=0.08 ba=+0.92 | site=1 sd=0.51 sa=-0.01 | phero=0 pd=0.00 pa=+0.00 | srch=0.03 | wall=2.24
R3[PHERO     ]: L=+0.98 R=+1.00 | carry=0 | base=0.50 ba=+0.94 | site=0 sd=0.00 sa=+0.00 | phero=1 pd=0.07 pa=-0.01 | srch=0.17 | wall=0.93
R4[BASE_ESC  ]: L=+0.00 R=+1.00 | carry=0 | base=0.07 ba=-0.17 | site=0 sd=0.00 sa=+0.00 | phero=1 pd=0.63 pa=+0.12 | srch=0.00 | wall=2.29

[PICKUP] Robot 3 picked up tag (density=1) | Total: 50

======================================================================
Step 18500 (9.9 min) | Pickups: 50 | Deposits: 49 | Rate: 4.97 tags/min | phero_entries=7 phero_max=0.361
======================================================================
R1[WALL_ESC  ]: L=+0.00 R=+1.00 | carry=0 | base=0.73 ba=+0.47 | site=0 sd=0.00 sa=+0.00 | phero=0 pd=0.00 pa=+0.00 | srch=0.27 | wall=0.33
R2[SITE      ]: L=+1.00 R=+0.86 | carry=0 | base=0.59 ba=-0.74 | site=1 sd=0.10 sa=-0.27 | phero=0 pd=0.00 pa=+0.00 | srch=0.16 | wall=0.91
R3[RTB       ]: L=+1.00 R=+1.00 | carry=1 | base=0.47 ba=+0.00 | site=0 sd=0.00 sa=+0.00 | phero=0 pd=0.00 pa=+0.00 | srch=0.00 | wall=1.08
R4[PHERO     ]: L=+0.23 R=+0.24 | carry=0 | base=0.16 ba=-0.76 | site=0 sd=0.00 sa=+0.00 | phero=1 pd=0.44 pa=+0.07 | srch=0.13 | wall=2.04

[GIVE-UP] R1 giving up after 1408 steps
[DEPOSIT] Robot 3 deposited! Total: 50
  [TARGET] Robot 3 → PHERO (1.81,1.31)

======================================================================
Step 19000 (10.1 min) | Pickups: 50 | Deposits: 50 | Rate: 4.93 tags/min | phero_entries=5 phero_max=0.162
======================================================================
R1[GIVE_UP   ]: L=+1.00 R=+1.00 | carry=0 | base=0.25 ba=+0.00 | site=0 sd=0.00 sa=+0.00 | phero=0 pd=0.00 pa=+0.00 | srch=0.40 | wall=1.66
R2[EXPLORE   ]: L=+1.00 R=+1.00 | carry=0 | base=0.43 ba=-0.97 | site=0 sd=0.00 sa=+0.00 | phero=0 pd=0.00 pa=+0.00 | srch=0.28 | wall=1.01
R3[PHERO     ]: L=+1.00 R=+0.11 | carry=0 | base=0.08 ba=-0.94 | site=0 sd=0.00 sa=+0.00 | phero=1 pd=0.56 pa=+0.00 | srch=0.03 | wall=2.30
R4[PHERO     ]: L=+0.32 R=+0.23 | carry=0 | base=0.43 ba=-0.95 | site=0 sd=0.00 sa=+0.00 | phero=1 pd=0.16 pa=+0.07 | srch=0.25 | wall=1.18

[EMPTY_RTN] R1 → phero(1.77,0.89)

======================================================================
Step 19500 (10.4 min) | Pickups: 50 | Deposits: 50 | Rate: 4.81 tags/min | phero_entries=5 phero_max=0.073
======================================================================
R1[PHERO     ]: L=+1.00 R=+0.99 | carry=0 | base=0.29 ba=-0.90 | site=0 sd=0.00 sa=+0.00 | phero=1 pd=0.38 pa=-0.26 | srch=0.08 | wall=1.60
R2[EXPLORE   ]: L=+1.00 R=+1.00 | carry=0 | base=0.42 ba=-0.21 | site=0 sd=0.00 sa=+0.00 | phero=0 pd=0.00 pa=+0.00 | srch=0.41 | wall=1.06
R3[PHERO     ]: L=+0.49 R=+0.51 | carry=0 | base=0.29 ba=-0.94 | site=0 sd=0.00 sa=+0.00 | phero=1 pd=0.35 pa=+0.14 | srch=0.16 | wall=1.60
R4[EXPLORE   ]: L=+1.00 R=+0.51 | carry=0 | base=0.65 ba=-0.80 | site=0 sd=0.00 sa=+0.00 | phero=0 pd=0.00 pa=+0.00 | srch=0.38 | wall=0.53

[PICKUP] Robot 2 picked up tag (density=5) | Total: 51

======================================================================
Step 20000 (10.7 min) | Pickups: 51 | Deposits: 50 | Rate: 4.69 tags/min | phero_entries=4 phero_max=0.033
======================================================================
R1[PHERO     ]: L=+1.00 R=+0.94 | carry=0 | base=0.77 ba=-0.61 | site=0 sd=0.00 sa=+0.00 | phero=1 pd=0.29 pa=-0.40 | srch=0.21 | wall=0.57
R2[RTB       ]: L=+1.00 R=+0.49 | carry=1 | base=0.29 ba=-0.19 | site=0 sd=0.00 sa=+0.00 | phero=0 pd=0.00 pa=+0.00 | srch=0.00 | wall=1.48
R3[EXPLORE   ]: L=+1.00 R=+1.00 | carry=0 | base=0.68 ba=+0.62 | site=0 sd=0.00 sa=+0.00 | phero=0 pd=0.00 pa=+0.00 | srch=0.28 | wall=0.75
R4[EXPLORE   ]: L=+1.00 R=+0.69 | carry=0 | base=0.51 ba=-0.78 | site=0 sd=0.00 sa=+0.00 | phero=0 pd=0.00 pa=+0.00 | srch=0.50 | wall=0.94

[DEPOSIT] Robot 2 deposited! Total: 51
  [PHERO] Laid at (-0.06, -1.05) density=5 prob=0.92 total_entries=4
  [TARGET] Robot 2 → SITE (-0.06,-1.05)

======================================================================
Step 20500 (10.9 min) | Pickups: 51 | Deposits: 51 | Rate: 4.66 tags/min | phero_entries=3 phero_max=0.634
======================================================================
R1[EXPLORE   ]: L=+1.00 R=+1.00 | carry=0 | base=0.59 ba=-0.91 | site=0 sd=0.00 sa=+0.00 | phero=0 pd=0.00 pa=+0.00 | srch=0.33 | wall=0.63
R2[SITE      ]: L=+0.89 R=+1.00 | carry=0 | base=0.25 ba=+0.88 | site=1 sd=0.09 sa=+0.22 | phero=0 pd=0.00 pa=+0.00 | srch=0.07 | wall=1.68
R3[EXPLORE   ]: L=+1.00 R=+1.00 | carry=0 | base=0.62 ba=+0.39 | site=0 sd=0.00 sa=+0.00 | phero=0 pd=0.00 pa=+0.00 | srch=0.41 | wall=0.40
R4[EXPLORE   ]: L=+1.00 R=+1.00 | carry=0 | base=0.52 ba=-0.67 | site=0 sd=0.00 sa=+0.00 | phero=0 pd=0.00 pa=+0.00 | srch=0.63 | wall=0.92


======================================================================
Step 21000 (11.2 min) | Pickups: 51 | Deposits: 51 | Rate: 4.55 tags/min | phero_entries=2 phero_max=0.285
======================================================================
R1[EXPLORE   ]: L=+1.00 R=+1.00 | carry=0 | base=0.35 ba=-0.19 | site=0 sd=0.00 sa=+0.00 | phero=0 pd=0.00 pa=+0.00 | srch=0.46 | wall=1.28
R2[EXPLORE   ]: L=+1.00 R=+1.00 | carry=0 | base=0.53 ba=+0.80 | site=0 sd=0.00 sa=+0.00 | phero=0 pd=0.00 pa=+0.00 | srch=0.20 | wall=1.08
R3[EXPLORE   ]: L=+1.00 R=+1.00 | carry=0 | base=0.68 ba=+0.67 | site=0 sd=0.00 sa=+0.00 | phero=0 pd=0.00 pa=+0.00 | srch=0.53 | wall=0.51
R4[EXPLORE   ]: L=+1.00 R=+1.00 | carry=0 | base=0.67 ba=-0.06 | site=0 sd=0.00 sa=+0.00 | phero=0 pd=0.00 pa=+0.00 | srch=0.75 | wall=0.54

[PICKUP] Robot 1 picked up tag (density=4) | Total: 52

======================================================================
Step 21500 (11.5 min) | Pickups: 52 | Deposits: 51 | Rate: 4.45 tags/min | phero_entries=2 phero_max=0.128
======================================================================
R1[RTB       ]: L=+1.00 R=+0.00 | carry=1 | base=0.33 ba=-0.68 | site=0 sd=0.00 sa=+0.00 | phero=0 pd=0.00 pa=+0.00 | srch=0.00 | wall=1.40
R2[EXPLORE   ]: L=+1.00 R=+1.00 | carry=0 | base=0.49 ba=+0.11 | site=0 sd=0.00 sa=+0.00 | phero=0 pd=0.00 pa=+0.00 | srch=0.32 | wall=0.91
R3[EXPLORE   ]: L=+1.00 R=+1.00 | carry=0 | base=0.62 ba=+0.08 | site=0 sd=0.00 sa=+0.00 | phero=0 pd=0.00 pa=+0.00 | srch=0.66 | wall=0.78
R4[EXPLORE   ]: L=+1.00 R=+1.00 | carry=0 | base=0.17 ba=-0.28 | site=0 sd=0.00 sa=+0.00 | phero=0 pd=0.00 pa=+0.00 | srch=0.88 | wall=1.90

[DEPOSIT] Robot 1 deposited! Total: 52
  [PHERO] Laid at (-0.26, -1.10) density=4 prob=0.82 total_entries=3
  [TARGET] Robot 1 → SITE (-0.26,-1.10)

======================================================================
Step 22000 (11.7 min) | Pickups: 52 | Deposits: 52 | Rate: 4.43 tags/min | phero_entries=3 phero_max=0.739
======================================================================
R1[SITE      ]: L=+1.00 R=+1.00 | carry=0 | base=0.15 ba=+0.99 | site=1 sd=0.19 sa=+0.19 | phero=0 pd=0.00 pa=+0.00 | srch=0.05 | wall=2.07
R2[EXPLORE   ]: L=+1.00 R=+1.00 | carry=0 | base=0.19 ba=+0.65 | site=0 sd=0.00 sa=+0.00 | phero=0 pd=0.00 pa=+0.00 | srch=0.45 | wall=1.85
R3[EXPLORE   ]: L=+1.00 R=+1.00 | carry=0 | base=0.16 ba=+0.33 | site=0 sd=0.00 sa=+0.00 | phero=0 pd=0.00 pa=+0.00 | srch=0.78 | wall=1.96
R4[EXPLORE   ]: L=+1.00 R=+1.00 | carry=0 | base=0.44 ba=-0.89 | site=0 sd=0.00 sa=+0.00 | phero=0 pd=0.00 pa=+0.00 | srch=1.00 | wall=1.13

[PICKUP] Robot 1 picked up tag (density=3) | Total: 53
[GIVE-UP] R3 giving up after 3623 steps

======================================================================
Step 22500 (12.0 min) | Pickups: 53 | Deposits: 52 | Rate: 4.33 tags/min | phero_entries=2 phero_max=0.332
======================================================================
R1[RTB       ]: L=+1.00 R=+1.00 | carry=1 | base=0.11 ba=+0.00 | site=0 sd=0.00 sa=+0.00 | phero=0 pd=0.00 pa=+0.00 | srch=0.00 | wall=2.11
R2[EXPLORE   ]: L=+1.00 R=+1.00 | carry=0 | base=0.66 ba=+0.92 | site=0 sd=0.00 sa=+0.00 | phero=0 pd=0.00 pa=+0.00 | srch=0.57 | wall=0.55
R3[GIVE_UP   ]: L=+0.00 R=+1.00 | carry=0 | base=0.48 ba=+0.75 | site=0 sd=0.00 sa=+0.00 | phero=0 pd=0.00 pa=+0.00 | srch=0.91 | wall=0.96
R4[EXPLORE   ]: L=+1.00 R=+1.00 | carry=0 | base=0.71 ba=-0.40 | site=0 sd=0.00 sa=+0.00 | phero=0 pd=0.00 pa=+0.00 | srch=1.00 | wall=0.71

[DEPOSIT] Robot 1 deposited! Total: 53
  [PHERO] Laid at (-0.27, -1.16) density=3 prob=0.65 total_entries=3
  [TARGET] Robot 1 → SITE (-0.27,-1.16)
[PICKUP] Robot 1 picked up tag (density=2) | Total: 54
[EMPTY_RTN] R3 → phero(-0.27,-1.16)

======================================================================
Step 23000 (12.3 min) | Pickups: 54 | Deposits: 53 | Rate: 4.32 tags/min | phero_entries=3 phero_max=0.477
======================================================================
R1[RTB       ]: L=+1.00 R=+0.14 | carry=1 | base=0.35 ba=-0.32 | site=0 sd=0.00 sa=+0.00 | phero=0 pd=0.00 pa=+0.00 | srch=0.00 | wall=1.31
R2[EXPLORE   ]: L=+0.81 R=+0.40 | carry=0 | base=0.69 ba=+0.16 | site=0 sd=0.00 sa=+0.00 | phero=0 pd=0.00 pa=+0.00 | srch=0.70 | wall=0.36
R3[BASE_ESC  ]: L=+1.00 R=+0.00 | carry=0 | base=0.06 ba=+0.33 | site=0 sd=0.00 sa=+0.00 | phero=1 pd=0.30 pa=-0.97 | srch=0.01 | wall=2.31
R4[EXPLORE   ]: L=+1.00 R=+1.00 | carry=0 | base=0.48 ba=-0.30 | site=0 sd=0.00 sa=+0.00 | phero=0 pd=0.00 pa=+0.00 | srch=1.00 | wall=0.84

[DEPOSIT] Robot 1 deposited! Total: 54
  [TARGET] Robot 1 → SITE (-0.30,-1.19)

======================================================================
Step 23500 (12.5 min) | Pickups: 54 | Deposits: 54 | Rate: 4.31 tags/min | phero_entries=3 phero_max=0.214
======================================================================
R1[SITE      ]: L=+0.97 R=+1.00 | carry=0 | base=0.17 ba=+0.98 | site=1 sd=0.20 sa=+0.15 | phero=0 pd=0.00 pa=+0.00 | srch=0.05 | wall=2.00
R2[EXPLORE   ]: L=+1.00 R=+1.00 | carry=0 | base=0.45 ba=+0.47 | site=0 sd=0.00 sa=+0.00 | phero=0 pd=0.00 pa=+0.00 | srch=0.82 | wall=1.04
R3[EXPLORE   ]: L=+1.00 R=+1.00 | carry=0 | base=0.42 ba=-0.88 | site=0 sd=0.00 sa=+0.00 | phero=0 pd=0.00 pa=+0.00 | srch=0.13 | wall=1.13
R4[EXPLORE   ]: L=+1.00 R=+1.00 | carry=0 | base=0.45 ba=-0.67 | site=0 sd=0.00 sa=+0.00 | phero=0 pd=0.00 pa=+0.00 | srch=1.00 | wall=1.04

[PICKUP] Robot 1 picked up tag (density=1) | Total: 55

======================================================================
Step 24000 (12.8 min) | Pickups: 55 | Deposits: 54 | Rate: 4.22 tags/min | phero_entries=3 phero_max=0.096
======================================================================
R1[RTB       ]: L=+1.00 R=+1.00 | carry=1 | base=0.14 ba=+0.00 | site=0 sd=0.00 sa=+0.00 | phero=0 pd=0.00 pa=+0.00 | srch=0.00 | wall=2.02
R2[WALL_ESC  ]: L=+0.00 R=+1.00 | carry=0 | base=0.65 ba=+0.45 | site=0 sd=0.00 sa=+0.00 | phero=0 pd=0.00 pa=+0.00 | srch=0.95 | wall=0.33
R3[EXPLORE   ]: L=+1.00 R=+1.00 | carry=0 | base=0.64 ba=-0.41 | site=0 sd=0.00 sa=+0.00 | phero=0 pd=0.00 pa=+0.00 | srch=0.26 | wall=0.84
R4[EXPLORE   ]: L=+1.00 R=+1.00 | carry=0 | base=0.46 ba=-0.29 | site=0 sd=0.00 sa=+0.00 | phero=0 pd=0.00 pa=+0.00 | srch=1.00 | wall=0.94

[DEPOSIT] Robot 1 deposited! Total: 55
  [TARGET] Robot 1 → PHERO (-0.27,-1.16)
[PICKUP] Robot 3 picked up tag (density=9) | Total: 56

======================================================================
Step 24500 (13.1 min) | Pickups: 56 | Deposits: 55 | Rate: 4.21 tags/min | phero_entries=3 phero_max=0.043
======================================================================
R1[PHERO     ]: L=+1.00 R=+0.88 | carry=0 | base=0.34 ba=-0.69 | site=0 sd=0.00 sa=+0.00 | phero=1 pd=0.06 pa=-0.23 | srch=0.11 | wall=1.31
R2[EXPLORE   ]: L=+1.00 R=+1.00 | carry=0 | base=0.25 ba=+0.32 | site=0 sd=0.00 sa=+0.00 | phero=0 pd=0.00 pa=+0.00 | srch=1.00 | wall=1.71
R3[RTB       ]: L=+1.00 R=+1.00 | carry=1 | base=0.40 ba=-0.00 | site=0 sd=0.00 sa=+0.00 | phero=0 pd=0.00 pa=+0.00 | srch=0.00 | wall=1.15
R4[EXPLORE   ]: L=+1.00 R=+1.00 | carry=0 | base=0.61 ba=-0.96 | site=0 sd=0.00 sa=+0.00 | phero=0 pd=0.00 pa=+0.00 | srch=1.00 | wall=0.43

[DEPOSIT] Robot 3 deposited! Total: 56
  [PHERO] Laid at (-1.98, -0.74) density=9 prob=1.00 total_entries=3
  [TARGET] Robot 3 → SITE (-1.98,-0.74)

======================================================================
Step 25000 (13.3 min) | Pickups: 56 | Deposits: 56 | Rate: 4.20 tags/min | phero_entries=3 phero_max=0.730
======================================================================
R1[PHERO     ]: L=+1.00 R=+1.00 | carry=0 | base=0.43 ba=-0.48 | site=0 sd=0.00 sa=+0.00 | phero=1 pd=0.09 pa=-0.53 | srch=0.23 | wall=1.04
R2[EXPLORE   ]: L=+1.00 R=+1.00 | carry=0 | base=0.47 ba=+0.85 | site=0 sd=0.00 sa=+0.00 | phero=0 pd=0.00 pa=+0.00 | srch=1.00 | wall=1.08
R3[SITE      ]: L=+1.00 R=+1.00 | carry=0 | base=0.16 ba=+1.00 | site=1 sd=0.46 sa=+0.15 | phero=0 pd=0.00 pa=+0.00 | srch=0.05 | wall=1.93
R4[EXPLORE   ]: L=+1.00 R=+1.00 | carry=0 | base=0.54 ba=-0.25 | site=0 sd=0.00 sa=+0.00 | phero=0 pd=0.00 pa=+0.00 | srch=1.00 | wall=0.69

[PICKUP] Robot 3 picked up tag (density=8) | Total: 57

======================================================================
Step 25500 (13.6 min) | Pickups: 57 | Deposits: 56 | Rate: 4.12 tags/min | phero_entries=3 phero_max=0.328
======================================================================
R1[PHERO     ]: L=+1.00 R=+0.95 | carry=0 | base=0.13 ba=+0.35 | site=0 sd=0.00 sa=+0.00 | phero=1 pd=0.22 pa=-0.46 | srch=0.36 | wall=2.12
R2[WALL_ESC  ]: L=+0.00 R=+1.00 | carry=0 | base=0.82 ba=+0.31 | site=0 sd=0.00 sa=+0.00 | phero=0 pd=0.00 pa=+0.00 | srch=1.00 | wall=0.34
R3[RTB       ]: L=+0.99 R=+1.00 | carry=1 | base=0.43 ba=+0.00 | site=0 sd=0.00 sa=+0.00 | phero=0 pd=0.00 pa=+0.00 | srch=0.00 | wall=1.06
R4[EXPLORE   ]: L=+1.00 R=+0.50 | carry=0 | base=0.44 ba=+0.20 | site=0 sd=0.00 sa=+0.00 | phero=0 pd=0.00 pa=+0.00 | srch=1.00 | wall=1.08

[GIVE-UP] R4 giving up after 7814 steps
[DEPOSIT] Robot 3 deposited! Total: 57
  [PHERO] Laid at (-1.74, -0.34) density=8 prob=1.00 total_entries=4
  [TARGET] Robot 3 → SITE (-1.74,-0.34)

======================================================================
Step 26000 (13.9 min) | Pickups: 57 | Deposits: 57 | Rate: 4.11 tags/min | phero_entries=4 phero_max=0.755
======================================================================
R1[PHERO     ]: L=+1.00 R=+0.88 | carry=0 | base=0.45 ba=-0.61 | site=0 sd=0.00 sa=+0.00 | phero=1 pd=0.11 pa=-0.55 | srch=0.48 | wall=0.95
R2[EXPLORE   ]: L=+1.00 R=+1.00 | carry=0 | base=0.38 ba=+0.30 | site=0 sd=0.00 sa=+0.00 | phero=0 pd=0.00 pa=+0.00 | srch=1.00 | wall=1.18
R3[SITE      ]: L=+1.00 R=+0.96 | carry=0 | base=0.14 ba=+0.98 | site=1 sd=0.38 sa=-0.20 | phero=0 pd=0.00 pa=+0.00 | srch=0.04 | wall=2.10
R4[GIVE_UP   ]: L=+1.00 R=+1.00 | carry=0 | base=0.36 ba=-0.00 | site=0 sd=0.00 sa=+0.00 | phero=0 pd=0.00 pa=+0.00 | srch=1.00 | wall=1.43

[EMPTY_RTN] R4 → phero(-1.74,-0.34)
[PICKUP] Robot 3 picked up tag (density=7) | Total: 58

======================================================================
Step 26500 (14.1 min) | Pickups: 58 | Deposits: 57 | Rate: 4.03 tags/min | phero_entries=3 phero_max=0.339
======================================================================
R1[PHERO     ]: L=+1.00 R=+0.51 | carry=0 | base=0.36 ba=-0.65 | site=0 sd=0.00 sa=+0.00 | phero=1 pd=0.04 pa=-0.34 | srch=0.61 | wall=1.25
R2[EXPLORE   ]: L=+1.00 R=+0.98 | carry=0 | base=0.45 ba=+0.92 | site=0 sd=0.00 sa=+0.00 | phero=0 pd=0.00 pa=+0.00 | srch=1.00 | wall=1.06
R3[RTB       ]: L=+0.00 R=+1.00 | carry=1 | base=0.53 ba=+0.45 | site=0 sd=0.00 sa=+0.00 | phero=0 pd=0.00 pa=+0.00 | srch=0.00 | wall=0.70
R4[BASE_ESC  ]: L=+0.00 R=+1.00 | carry=0 | base=0.07 ba=-0.72 | site=0 sd=0.00 sa=+0.00 | phero=1 pd=0.54 pa=-0.39 | srch=0.06 | wall=2.30

[GIVE-UP] R2 giving up after 6396 steps
[DEPOSIT] Robot 3 deposited! Total: 58
  [PHERO] Laid at (-1.80, -0.37) density=7 prob=0.99 total_entries=3
  [TARGET] Robot 3 → SITE (-1.80,-0.37)

======================================================================
Step 27000 (14.4 min) | Pickups: 58 | Deposits: 58 | Rate: 4.03 tags/min | phero_entries=3 phero_max=0.944
======================================================================
R1[EXPLORE   ]: L=+1.00 R=+1.00 | carry=0 | base=0.52 ba=+0.89 | site=0 sd=0.00 sa=+0.00 | phero=0 pd=0.00 pa=+0.00 | srch=0.73 | wall=0.71
R2[GIVE_UP   ]: L=+1.00 R=+1.00 | carry=0 | base=0.27 ba=+0.00 | site=0 sd=0.00 sa=+0.00 | phero=0 pd=0.00 pa=+0.00 | srch=1.00 | wall=1.60
R3[BASE_ESC  ]: L=+1.00 R=+0.00 | carry=0 | base=0.06 ba=+0.34 | site=1 sd=0.46 sa=-0.70 | phero=0 pd=0.00 pa=+0.00 | srch=0.01 | wall=2.29
R4[PHERO     ]: L=+1.00 R=+1.00 | carry=0 | base=0.17 ba=-0.85 | site=0 sd=0.00 sa=+0.00 | phero=1 pd=0.33 pa=+0.14 | srch=0.18 | wall=1.90

[EMPTY_RTN] R2 → phero(-1.74,-0.34)

======================================================================
Step 27500 (14.7 min) | Pickups: 58 | Deposits: 58 | Rate: 3.95 tags/min | phero_entries=3 phero_max=0.424
======================================================================
R1[EXPLORE   ]: L=+1.00 R=+1.00 | carry=0 | base=0.35 ba=+0.26 | site=0 sd=0.00 sa=+0.00 | phero=0 pd=0.00 pa=+0.00 | srch=0.86 | wall=1.33
R2[PHERO     ]: L=+1.00 R=+1.00 | carry=0 | base=0.30 ba=+0.98 | site=0 sd=0.00 sa=+0.00 | phero=1 pd=0.21 pa=-0.00 | srch=0.08 | wall=1.48
R3[SITE      ]: L=+0.86 R=+0.86 | carry=0 | base=0.50 ba=-0.93 | site=1 sd=0.03 sa=-0.00 | phero=0 pd=0.00 pa=+0.00 | srch=0.13 | wall=0.80
R4[PHERO     ]: L=+0.31 R=+0.33 | carry=0 | base=0.46 ba=+0.84 | site=0 sd=0.00 sa=+0.00 | phero=1 pd=0.06 pa=+0.10 | srch=0.31 | wall=0.88

[PICKUP] Robot 3 picked up tag (density=6) | Total: 59
[PICKUP] Robot 4 picked up tag (density=5) | Total: 60
[PICKUP] Robot 2 picked up tag (density=4) | Total: 61

======================================================================
Step 28000 (14.9 min) | Pickups: 61 | Deposits: 58 | Rate: 3.88 tags/min | phero_entries=3 phero_max=0.191
======================================================================
R1[EXPLORE   ]: L=+1.00 R=+1.00 | carry=0 | base=0.40 ba=+0.78 | site=0 sd=0.00 sa=+0.00 | phero=0 pd=0.00 pa=+0.00 | srch=0.98 | wall=1.19
R2[RTB       ]: L=+1.00 R=+1.00 | carry=1 | base=0.38 ba=+0.00 | site=0 sd=0.00 sa=+0.00 | phero=0 pd=0.00 pa=+0.00 | srch=0.00 | wall=1.21
R3[RTB       ]: L=+1.00 R=+1.00 | carry=1 | base=0.14 ba=-0.00 | site=0 sd=0.00 sa=+0.00 | phero=0 pd=0.00 pa=+0.00 | srch=0.00 | wall=2.00
R4[RTB       ]: L=+1.00 R=+1.00 | carry=1 | base=0.25 ba=+0.00 | site=0 sd=0.00 sa=+0.00 | phero=0 pd=0.00 pa=+0.00 | srch=0.00 | wall=1.68

[DEPOSIT] Robot 3 deposited! Total: 59
  [PHERO] Laid at (-1.82, -0.37) density=6 prob=0.97 total_entries=4
  [TARGET] Robot 3 → SITE (-1.82,-0.37)
[DEPOSIT] Robot 4 deposited! Total: 60
  [PHERO] Laid at (-1.83, -0.41) density=5 prob=0.92 total_entries=5
  [TARGET] Robot 4 → SITE (-1.83,-0.41)
[DEPOSIT] Robot 2 deposited! Total: 61
  [PHERO] Laid at (-1.87, -0.39) density=4 prob=0.82 total_entries=6
  [TARGET] Robot 2 → SITE (-1.87,-0.39)

======================================================================
Step 28500 (15.2 min) | Pickups: 61 | Deposits: 61 | Rate: 4.01 tags/min | phero_entries=6 phero_max=0.706
======================================================================
R1[EXPLORE   ]: L=+1.00 R=+1.00 | carry=0 | base=0.84 ba=+0.49 | site=0 sd=0.00 sa=+0.00 | phero=0 pd=0.00 pa=+0.00 | srch=1.00 | wall=0.37
R2[SITE      ]: L=+1.00 R=+0.68 | carry=0 | base=0.18 ba=-0.91 | site=1 sd=0.39 sa=-0.12 | phero=0 pd=0.00 pa=+0.00 | srch=0.05 | wall=2.00
R3[SITE      ]: L=+1.00 R=+1.00 | carry=0 | base=0.41 ba=+0.90 | site=1 sd=0.14 sa=+0.10 | phero=0 pd=0.00 pa=+0.00 | srch=0.11 | wall=1.06
R4[SITE      ]: L=+0.89 R=+0.89 | carry=0 | base=0.30 ba=-0.90 | site=1 sd=0.24 sa=+0.08 | phero=0 pd=0.00 pa=+0.00 | srch=0.09 | wall=1.49

[PICKUP] Robot 3 picked up tag (density=3) | Total: 62
[PICKUP] Robot 2 picked up tag (density=2) | Total: 63

======================================================================
Step 29000 (15.5 min) | Pickups: 63 | Deposits: 61 | Rate: 3.94 tags/min | phero_entries=6 phero_max=0.317
======================================================================
R1[EXPLORE   ]: L=+1.00 R=+1.00 | carry=0 | base=0.45 ba=+0.24 | site=0 sd=0.00 sa=+0.00 | phero=0 pd=0.00 pa=+0.00 | srch=1.00 | wall=1.02
R2[RTB       ]: L=+1.00 R=+0.62 | carry=1 | base=0.54 ba=-0.15 | site=0 sd=0.00 sa=+0.00 | phero=0 pd=0.00 pa=+0.00 | srch=0.00 | wall=0.64
R3[RTB       ]: L=+1.00 R=+1.00 | carry=1 | base=0.28 ba=-0.00 | site=0 sd=0.00 sa=+0.00 | phero=0 pd=0.00 pa=+0.00 | srch=0.00 | wall=1.57
R4[EXPLORE   ]: L=+1.00 R=+0.60 | carry=0 | base=0.53 ba=+0.00 | site=0 sd=0.00 sa=+0.00 | phero=0 pd=0.00 pa=+0.00 | srch=0.21 | wall=0.65

[DEPOSIT] Robot 3 deposited! Total: 62
  [PHERO] Laid at (-1.87, -0.45) density=3 prob=0.65 total_entries=6
  [TARGET] Robot 3 → PHERO (-1.87,-0.39)
[PICKUP] Robot 4 picked up tag (density=1) | Total: 64

======================================================================
Step 29500 (15.7 min) | Pickups: 64 | Deposits: 62 | Rate: 3.94 tags/min | phero_entries=6 phero_max=0.607
======================================================================
R1[EXPLORE   ]: L=+1.00 R=+1.00 | carry=0 | base=0.38 ba=+0.69 | site=0 sd=0.00 sa=+0.00 | phero=0 pd=0.00 pa=+0.00 | srch=1.00 | wall=1.34
R2[RTB       ]: L=+1.00 R=+0.99 | carry=1 | base=0.08 ba=-0.01 | site=0 sd=0.00 sa=+0.00 | phero=0 pd=0.00 pa=+0.00 | srch=0.00 | wall=2.21
R3[BASE_ESC  ]: L=+0.98 R=+1.00 | carry=0 | base=0.06 ba=-1.00 | site=0 sd=0.00 sa=+0.00 | phero=1 pd=0.48 pa=+0.05 | srch=0.08 | wall=2.28
R4[RTB       ]: L=+1.00 R=+1.00 | carry=1 | base=0.34 ba=-0.00 | site=0 sd=0.00 sa=+0.00 | phero=0 pd=0.00 pa=+0.00 | srch=0.00 | wall=1.34

[DEPOSIT] Robot 2 deposited! Total: 63
  [PHERO] Laid at (-1.89, -0.43) density=2 prob=0.42 total_entries=7
  [TARGET] Robot 2 → PHERO (-1.89,-0.43)
[DEPOSIT] Robot 4 deposited! Total: 64
  [PHERO] Laid at (-1.84, -0.48) density=1 prob=0.20 total_entries=8
  [TARGET] Robot 4 → SITE (-1.84,-0.48)
COMPLETION_RESULT pickups=64 deposits=64 steps=29773 elapsed_min=15.878933
BATCH_RESULT pickups=64 deposits=64
