=================================================================
CPFA BASELINE — ARGoS-calibrated parameters
  Params file                  = /home/sara/Documents/RL-FL-Foraging/cpfa_tuning_20260715_155549/trial_030/params.yaml
  Results file                 = /home/sara/Documents/RL-FL-Foraging/controllers/cpfa_baseline/results/cpfa_baseline_results_20260715_171742_4.txt
  RateOfLayingPheromone        = 9.505024671871169
  RateOfSiteFidelity           = 2.035095643008874
  RateOfPheromoneDecay         = 0.09552068931041535 /s  (lifetime ~72s)
  ProbabilityOfReturningToNest = 0.08580283211704061 (every 5 sec → E[give-up] ~58s)
  UninformedSearchVariation    = 1.66 rad (95.3°)
  RateOfInformedSearchDecay    = 1.1435242360815425 /waypoint
  ProbabilityOfSwitchingToSearching = 0.5418637064070373 (every 5 sec in uninformed DEPARTING)
=================================================================

[PICKUP] R3 picked up tag (density=6) | Total: 1
[PICKUP] R4 picked up tag (density=9) | Total: 2
[DEPOSIT] R3 deposited! Total: 1
  [TARGET] R3 → SITE (0.00, 0.50)
[DEPOSIT] R4 deposited! Total: 2
  [TARGET] R4 → SITE (0.34, -0.54)
[PICKUP] R3 picked up tag (density=5) | Total: 3

======================================================================
Step 500 (0.3 min) | Pickups: 3 | Deposits: 2 | Rate: 7.50 tags/min | phero_entries=0 max_w=0.000
======================================================================
R1[SEARCH    ]: carry=0 | base=0.75 | wall=1.80 | search=344 | target=none
R2[SEARCH    ]: carry=0 | base=1.66 | wall=1.16 | search=188 | target=none
R3[SURVEY    ]: carry=1 | base=0.37 | wall=2.15 | search=  0 | target=none
R4[BASE_ESC  ]: carry=0 | base=0.22 | wall=2.33 | search=  0 | target=site(0.34,-0.54)

[PICKUP] R4 picked up tag (density=8) | Total: 4
[DEPOSIT] R3 deposited! Total: 3
  [TARGET] R3 → SITE (0.13, 0.34)
[DEPOSIT] R4 deposited! Total: 4
  [TARGET] R4 → SITE (0.25, -0.16)

======================================================================
Step 1000 (0.5 min) | Pickups: 4 | Deposits: 4 | Rate: 7.50 tags/min | phero_entries=0 max_w=0.000
======================================================================
R1[SEARCH    ]: carry=0 | base=0.88 | wall=1.73 | search=844 | target=none
R2[SEARCH    ]: carry=0 | base=1.34 | wall=1.35 | search=688 | target=none
R3[SEARCH    ]: carry=0 | base=0.40 | wall=2.14 | search= 42 | target=site(0.13,0.34)
R4[SITE      ]: carry=0 | base=0.27 | wall=2.23 | search=  0 | target=site(0.25,-0.16)

[PICKUP] R3 picked up tag (density=4) | Total: 5
[PICKUP] R4 picked up tag (density=7) | Total: 6
[DEPOSIT] R3 deposited! Total: 5
  [TARGET] R3 → SITE (0.17, 0.37)
  [GIVE-UP] R1 returned empty after 936 searching steps
  [TARGET] R1 → WALL (0.04, -2.42)
[PICKUP] R2 picked up tag (density=12) | Total: 7
[DEPOSIT] R4 deposited! Total: 6
  [PHERO] Laid at (0.29, -0.19) density=7 prob=0.27 entries=1
  [TARGET] R4 → SITE (0.29, -0.19)

======================================================================
Step 1500 (0.8 min) | Pickups: 7 | Deposits: 6 | Rate: 7.50 tags/min | phero_entries=1 max_w=0.901
======================================================================
R1[DEPART    ]: carry=0 | base=0.27 | wall=2.23 | search=  0 | target=none
R2[SURVEY    ]: carry=1 | base=1.24 | wall=1.32 | search=  0 | target=none
R3[SITE      ]: carry=0 | base=0.39 | wall=2.17 | search=  0 | target=site(0.17,0.37)
R4[BASE_ESC  ]: carry=0 | base=0.23 | wall=2.28 | search=  0 | target=site(0.29,-0.19)

[PICKUP] R4 picked up tag (density=6) | Total: 8
[PICKUP] R3 picked up tag (density=3) | Total: 9

======================================================================
Step 2000 (1.1 min) | Pickups: 9 | Deposits: 6 | Rate: 5.62 tags/min | phero_entries=1 max_w=0.195
======================================================================
R1[SEARCH    ]: carry=0 | base=0.75 | wall=1.77 | search=361 | target=none
R2[RTB       ]: carry=1 | base=0.40 | wall=2.11 | search=  0 | target=none
R3[SURVEY    ]: carry=1 | base=0.49 | wall=2.09 | search=  0 | target=none
R4[RTB       ]: carry=1 | base=0.34 | wall=2.17 | search=  0 | target=none

[DEPOSIT] R4 deposited! Total: 7
  [TARGET] R4 → SITE (0.33, -0.15)
[DEPOSIT] R2 deposited! Total: 8
  [PHERO] Laid at (1.18, 0.37) density=12 prob=0.84 entries=2
  [TARGET] R2 → SITE (1.18, 0.37)
[DEPOSIT] R3 deposited! Total: 9
  [TARGET] R3 → SITE (0.27, 0.41)
[PICKUP] R4 picked up tag (density=5) | Total: 10

======================================================================
Step 2500 (1.3 min) | Pickups: 10 | Deposits: 9 | Rate: 6.75 tags/min | phero_entries=2 max_w=0.245
======================================================================
R1[SEARCH    ]: carry=0 | base=0.80 | wall=1.71 | search=861 | target=none
R2[SEARCH    ]: carry=0 | base=1.22 | wall=1.34 | search= 44 | target=site(1.18,0.37)
R3[SEARCH    ]: carry=0 | base=0.50 | wall=2.10 | search= 71 | target=site(0.27,0.41)
R4[SURVEY    ]: carry=1 | base=0.40 | wall=2.17 | search=  0 | target=none

  [GIVE-UP] R3 returned empty after 156 searching steps
  [TARGET] R3 → PHERO (1.18, 0.37)
[DEPOSIT] R4 deposited! Total: 10
  [TARGET] R4 → SITE (0.33, -0.23)

======================================================================
Step 3000 (1.6 min) | Pickups: 10 | Deposits: 10 | Rate: 6.25 tags/min | phero_entries=2 max_w=0.053
======================================================================
R1[SEARCH    ]: carry=0 | base=0.74 | wall=1.92 | search=1361 | target=none
R2[SEARCH    ]: carry=0 | base=1.17 | wall=1.38 | search=544 | target=site(1.18,0.37)
R3[PHERO     ]: carry=0 | base=1.06 | wall=1.49 | search=  0 | target=phero(1.18,0.37)
R4[SEARCH    ]: carry=0 | base=0.45 | wall=2.13 | search= 76 | target=site(0.33,-0.23)

[PICKUP] R4 picked up tag (density=4) | Total: 11
[PICKUP] R2 picked up tag (density=11) | Total: 12
[DEPOSIT] R4 deposited! Total: 11
  [TARGET] R4 → PHERO (1.18, 0.37)
[PICKUP] R3 picked up tag (density=10) | Total: 13

======================================================================
Step 3500 (1.9 min) | Pickups: 13 | Deposits: 11 | Rate: 5.89 tags/min | phero_entries=2 max_w=0.012
======================================================================
R1[GIVE_UP   ]: carry=0 | base=0.31 | wall=2.19 | search=1716 | target=none
R2[RTB       ]: carry=1 | base=0.53 | wall=1.98 | search=  0 | target=none
R3[SURVEY    ]: carry=1 | base=1.17 | wall=1.37 | search=  0 | target=none
R4[PHERO     ]: carry=0 | base=0.46 | wall=2.05 | search=  0 | target=phero(1.18,0.37)

  [GIVE-UP] R1 returned empty after 1716 searching steps
  [TARGET] R1 → PHERO (1.18, 0.37)
[DEPOSIT] R2 deposited! Total: 12
  [TARGET] R2 → SITE (1.17, 0.31)

======================================================================
Step 4000 (2.1 min) | Pickups: 13 | Deposits: 12 | Rate: 5.62 tags/min | phero_entries=1 max_w=0.003
======================================================================
R1[PHERO     ]: carry=0 | base=1.10 | wall=1.44 | search=  0 | target=phero(1.18,0.37)
R2[SEARCH    ]: carry=0 | base=1.19 | wall=1.35 | search= 22 | target=site(1.17,0.31)
R3[RTB       ]: carry=1 | base=0.71 | wall=1.80 | search=  0 | target=none
R4[SEARCH    ]: carry=0 | base=1.51 | wall=1.09 | search=252 | target=phero(1.18,0.37)

[DEPOSIT] R3 deposited! Total: 13
  [TARGET] R3 → SITE (1.13, 0.28)

======================================================================
Step 4500 (2.4 min) | Pickups: 13 | Deposits: 13 | Rate: 5.42 tags/min | phero_entries=0 max_w=0.000
======================================================================
R1[SEARCH    ]: carry=0 | base=1.10 | wall=1.43 | search=470 | target=phero(1.18,0.37)
R2[SEARCH    ]: carry=0 | base=1.30 | wall=1.32 | search=522 | target=site(1.17,0.31)
R3[SITE      ]: carry=0 | base=1.07 | wall=1.47 | search=  0 | target=site(1.13,0.28)
R4[SEARCH    ]: carry=0 | base=1.21 | wall=1.44 | search=752 | target=phero(1.18,0.37)

[PICKUP] R3 picked up tag (density=9) | Total: 14
[PICKUP] R1 picked up tag (density=8) | Total: 15

======================================================================
Step 5000 (2.7 min) | Pickups: 15 | Deposits: 13 | Rate: 4.88 tags/min | phero_entries=0 max_w=0.000
======================================================================
R1[SURVEY    ]: carry=1 | base=1.19 | wall=1.33 | search=  0 | target=none
R2[GIVE_UP   ]: carry=0 | base=0.54 | wall=2.01 | search=780 | target=none
R3[RTB       ]: carry=1 | base=1.40 | wall=1.14 | search=  0 | target=none
R4[SEARCH    ]: carry=0 | base=1.39 | wall=1.18 | search=1252 | target=phero(1.18,0.37)

  [GIVE-UP] R2 returned empty after 780 searching steps
  [TARGET] R2 → WALL (0.97, -2.42)
[PICKUP] R2 picked up tag (density=3) | Total: 16
[DEPOSIT] R1 deposited! Total: 14
  [TARGET] R1 → SITE (1.17, 0.23)
[DEPOSIT] R3 deposited! Total: 15
  [PHERO] Laid at (1.33, 0.37) density=9 prob=0.52 entries=1
  [TARGET] R3 → SITE (1.33, 0.37)

======================================================================
Step 5500 (2.9 min) | Pickups: 16 | Deposits: 15 | Rate: 5.11 tags/min | phero_entries=1 max_w=0.695
======================================================================
R1[SITE      ]: carry=0 | base=0.29 | wall=2.22 | search=  0 | target=site(1.17,0.23)
R2[RTB       ]: carry=1 | base=0.47 | wall=2.09 | search=  0 | target=none
R3[SITE      ]: carry=0 | base=0.26 | wall=2.24 | search=  0 | target=site(1.33,0.37)
R4[SEARCH    ]: carry=0 | base=1.36 | wall=1.22 | search=1752 | target=phero(1.18,0.37)

[DEPOSIT] R2 deposited! Total: 16
  [TARGET] R2 → SITE (0.40, -0.23)

======================================================================
Step 6000 (3.2 min) | Pickups: 16 | Deposits: 16 | Rate: 5.00 tags/min | phero_entries=1 max_w=0.151
======================================================================
R1[SEARCH    ]: carry=0 | base=1.32 | wall=1.23 | search=258 | target=site(1.17,0.23)
R2[SEARCH    ]: carry=0 | base=0.40 | wall=2.16 | search=114 | target=site(0.40,-0.23)
R3[SEARCH    ]: carry=0 | base=1.27 | wall=1.26 | search=204 | target=site(1.33,0.37)
R4[SEARCH    ]: carry=0 | base=1.21 | wall=1.44 | search=2252 | target=phero(1.18,0.37)

[PICKUP] R3 picked up tag (density=7) | Total: 17
[PICKUP] R2 picked up tag (density=2) | Total: 18

======================================================================
Step 6500 (3.5 min) | Pickups: 18 | Deposits: 16 | Rate: 4.62 tags/min | phero_entries=1 max_w=0.033
======================================================================
R1[SEARCH    ]: carry=0 | base=1.22 | wall=1.32 | search=758 | target=site(1.17,0.23)
R2[SURVEY    ]: carry=1 | base=0.63 | wall=1.93 | search=  0 | target=none
R3[RTB       ]: carry=1 | base=0.62 | wall=1.89 | search=  0 | target=none
R4[GIVE_UP   ]: carry=0 | base=0.31 | wall=2.23 | search=2496 | target=none

  [GIVE-UP] R4 returned empty after 2496 searching steps
  [TARGET] R4 → PHERO (1.33, 0.37)
[DEPOSIT] R3 deposited! Total: 17
  [TARGET] R3 → SITE (1.25, 0.23)
[PICKUP] R1 picked up tag (density=6) | Total: 19
[DEPOSIT] R2 deposited! Total: 18
  [TARGET] R2 → PHERO (1.33, 0.37)

======================================================================
Step 7000 (3.7 min) | Pickups: 19 | Deposits: 18 | Rate: 4.82 tags/min | phero_entries=1 max_w=0.007
======================================================================
R1[RTB       ]: carry=1 | base=1.16 | wall=1.35 | search=  0 | target=none
R2[BASE_ESC  ]: carry=0 | base=0.23 | wall=2.27 | search=  0 | target=phero(1.33,0.37)
R3[SITE      ]: carry=0 | base=0.90 | wall=1.61 | search=  0 | target=site(1.25,0.23)
R4[SEARCH    ]: carry=0 | base=1.38 | wall=1.16 | search= 77 | target=phero(1.33,0.37)

[DEPOSIT] R1 deposited! Total: 19
  [TARGET] R1 → SITE (1.15, 0.21)

======================================================================
Step 7500 (4.0 min) | Pickups: 19 | Deposits: 19 | Rate: 4.75 tags/min | phero_entries=1 max_w=0.002
======================================================================
R1[SITE      ]: carry=0 | base=0.71 | wall=1.79 | search=  0 | target=site(1.15,0.21)
R2[SEARCH    ]: carry=0 | base=1.39 | wall=1.20 | search=164 | target=phero(1.33,0.37)
R3[SEARCH    ]: carry=0 | base=0.96 | wall=1.55 | search=417 | target=site(1.25,0.23)
R4[SEARCH    ]: carry=0 | base=1.35 | wall=1.18 | search=577 | target=phero(1.33,0.37)


======================================================================
Step 8000 (4.3 min) | Pickups: 19 | Deposits: 19 | Rate: 4.45 tags/min | phero_entries=0 max_w=0.000
======================================================================
R1[SEARCH    ]: carry=0 | base=0.90 | wall=1.65 | search=202 | target=site(1.15,0.21)
R2[SEARCH    ]: carry=0 | base=1.38 | wall=1.32 | search=664 | target=phero(1.33,0.37)
R3[SEARCH    ]: carry=0 | base=0.87 | wall=1.65 | search=917 | target=site(1.25,0.23)
R4[SEARCH    ]: carry=0 | base=1.35 | wall=1.23 | search=1077 | target=phero(1.33,0.37)

  [GIVE-UP] R3 returned empty after 1092 searching steps
  [TARGET] R3 → WALL (-2.42, 1.27)

======================================================================
Step 8500 (4.5 min) | Pickups: 19 | Deposits: 19 | Rate: 4.19 tags/min | phero_entries=0 max_w=0.000
======================================================================
R1[SEARCH    ]: carry=0 | base=1.06 | wall=1.49 | search=702 | target=site(1.15,0.21)
R2[SEARCH    ]: carry=0 | base=1.30 | wall=1.33 | search=1164 | target=phero(1.33,0.37)
R3[BASE_ESC  ]: carry=0 | base=0.22 | wall=2.30 | search=  0 | target=none
R4[SEARCH    ]: carry=0 | base=1.38 | wall=1.19 | search=1577 | target=phero(1.33,0.37)

[PICKUP] R1 picked up tag (density=5) | Total: 20

======================================================================
Step 9000 (4.8 min) | Pickups: 20 | Deposits: 19 | Rate: 3.96 tags/min | phero_entries=0 max_w=0.000
======================================================================
R1[SURVEY    ]: carry=1 | base=1.32 | wall=1.20 | search=  0 | target=none
R2[SEARCH    ]: carry=0 | base=1.38 | wall=1.22 | search=1664 | target=phero(1.33,0.37)
R3[SEARCH    ]: carry=0 | base=0.82 | wall=1.84 | search=168 | target=none
R4[SEARCH    ]: carry=0 | base=1.09 | wall=1.41 | search=2077 | target=phero(1.33,0.37)

[PICKUP] R4 picked up tag (density=4) | Total: 21
  [GIVE-UP] R3 returned empty after 312 searching steps
  [TARGET] R3 → WALL (-1.03, -2.42)

======================================================================
Step 9500 (5.1 min) | Pickups: 21 | Deposits: 19 | Rate: 3.75 tags/min | phero_entries=0 max_w=0.000
======================================================================
R1[RTB       ]: carry=1 | base=0.43 | wall=2.07 | search=  0 | target=none
R2[SEARCH    ]: carry=0 | base=1.54 | wall=1.00 | search=2164 | target=phero(1.33,0.37)
R3[BASE_ESC  ]: carry=0 | base=0.22 | wall=2.28 | search=  0 | target=none
R4[RTB       ]: carry=1 | base=0.39 | wall=2.11 | search=  0 | target=none

[DEPOSIT] R4 deposited! Total: 20
  [TARGET] R4 → SITE (1.10, 0.08)
[DEPOSIT] R1 deposited! Total: 21
  [PHERO] Laid at (1.30, 0.22) density=5 prob=0.09 entries=1
  [TARGET] R1 → SITE (1.30, 0.22)
[PICKUP] R3 picked up tag (density=12) | Total: 22
[PICKUP] R1 picked up tag (density=3) | Total: 23

======================================================================
Step 10000 (5.3 min) | Pickups: 23 | Deposits: 21 | Rate: 3.94 tags/min | phero_entries=1 max_w=0.250
======================================================================
R1[SURVEY    ]: carry=1 | base=1.32 | wall=1.20 | search=  0 | target=none
R2[SEARCH    ]: carry=0 | base=1.72 | wall=0.82 | search=2664 | target=phero(1.33,0.37)
R3[SURVEY    ]: carry=1 | base=1.05 | wall=1.63 | search=  0 | target=none
R4[SEARCH    ]: carry=0 | base=1.17 | wall=1.33 | search=112 | target=site(1.10,0.08)

[DEPOSIT] R3 deposited! Total: 22
  [PHERO] Laid at (-0.59, -0.86) density=12 prob=0.84 entries=2
  [TARGET] R3 → SITE (-0.59, -0.86)

======================================================================
Step 10500 (5.6 min) | Pickups: 23 | Deposits: 22 | Rate: 3.93 tags/min | phero_entries=2 max_w=0.456
======================================================================
R1[RTB       ]: carry=1 | base=0.35 | wall=2.15 | search=  0 | target=none
R2[SEARCH    ]: carry=0 | base=1.86 | wall=0.66 | search=3164 | target=phero(1.33,0.37)
R3[SITE      ]: carry=0 | base=0.75 | wall=1.85 | search=  0 | target=site(-0.59,-0.86)
R4[SEARCH    ]: carry=0 | base=0.93 | wall=1.58 | search=612 | target=site(1.10,0.08)

[DEPOSIT] R1 deposited! Total: 23
  [TARGET] R1 → PHERO (1.30, 0.22)
  [GIVE-UP] R3 returned empty after 156 searching steps
  [TARGET] R3 → PHERO (-0.59, -0.86)

======================================================================
Step 11000 (5.9 min) | Pickups: 23 | Deposits: 23 | Rate: 3.92 tags/min | phero_entries=2 max_w=0.099
======================================================================
R1[PHERO     ]: carry=0 | base=0.97 | wall=1.55 | search=  0 | target=phero(1.30,0.22)
R2[SEARCH    ]: carry=0 | base=1.68 | wall=0.83 | search=3664 | target=phero(1.33,0.37)
R3[BASE_ESC  ]: carry=0 | base=0.22 | wall=2.33 | search=  0 | target=phero(-0.59,-0.86)
R4[SEARCH    ]: carry=0 | base=0.83 | wall=1.68 | search=1112 | target=site(1.10,0.08)

[PICKUP] R1 picked up tag (density=2) | Total: 24
[PICKUP] R3 picked up tag (density=11) | Total: 25

======================================================================
Step 11500 (6.1 min) | Pickups: 25 | Deposits: 23 | Rate: 3.75 tags/min | phero_entries=2 max_w=0.021
======================================================================
R1[RTB       ]: carry=1 | base=1.22 | wall=1.28 | search=  0 | target=none
R2[SEARCH    ]: carry=0 | base=1.75 | wall=0.76 | search=4164 | target=phero(1.33,0.37)
R3[SURVEY    ]: carry=1 | base=1.05 | wall=1.63 | search=  0 | target=none
R4[SEARCH    ]: carry=0 | base=0.74 | wall=1.81 | search=1612 | target=site(1.10,0.08)

[DEPOSIT] R1 deposited! Total: 24
  [TARGET] R1 → PHERO (-0.59, -0.86)
[DEPOSIT] R3 deposited! Total: 25
  [PHERO] Laid at (-0.59, -0.87) density=11 prob=0.75 entries=3
  [TARGET] R3 → SITE (-0.59, -0.87)
  [GIVE-UP] R4 returned empty after 1872 searching steps
  [TARGET] R4 → PHERO (-0.59, -0.87)

======================================================================
Step 12000 (6.4 min) | Pickups: 25 | Deposits: 25 | Rate: 3.91 tags/min | phero_entries=2 max_w=0.474
======================================================================
R1[PHERO     ]: carry=0 | base=0.33 | wall=2.18 | search=  0 | target=phero(-0.59,-0.86)
R2[SEARCH    ]: carry=0 | base=1.71 | wall=0.81 | search=4664 | target=phero(1.33,0.37)
R3[SITE      ]: carry=0 | base=0.70 | wall=1.89 | search=  0 | target=site(-0.59,-0.87)
R4[BASE_ESC  ]: carry=0 | base=0.23 | wall=2.28 | search=  0 | target=phero(-0.59,-0.87)

[PICKUP] R2 picked up tag (density=1) | Total: 26

======================================================================
Step 12500 (6.7 min) | Pickups: 26 | Deposits: 25 | Rate: 3.75 tags/min | phero_entries=2 max_w=0.103
======================================================================
R1[SEARCH    ]: carry=0 | base=0.75 | wall=1.87 | search=286 | target=phero(-0.59,-0.86)
R2[SURVEY    ]: carry=1 | base=1.49 | wall=1.01 | search=  0 | target=none
R3[SEARCH    ]: carry=0 | base=1.06 | wall=1.64 | search=419 | target=site(-0.59,-0.87)
R4[SEARCH    ]: carry=0 | base=1.08 | wall=1.58 | search= 56 | target=phero(-0.59,-0.87)

[PICKUP] R4 picked up tag (density=10) | Total: 27
[PICKUP] R3 picked up tag (density=9) | Total: 28
[DEPOSIT] R4 deposited! Total: 26
  [PHERO] Laid at (-0.55, -0.94) density=10 prob=0.64 entries=2
  [TARGET] R4 → SITE (-0.55, -0.94)

======================================================================
Step 13000 (6.9 min) | Pickups: 28 | Deposits: 26 | Rate: 3.75 tags/min | phero_entries=2 max_w=0.976
======================================================================
R1[SEARCH    ]: carry=0 | base=0.86 | wall=1.68 | search=786 | target=phero(-0.59,-0.86)
R2[RTB       ]: carry=1 | base=0.86 | wall=1.64 | search=  0 | target=none
R3[SURVEY    ]: carry=1 | base=1.11 | wall=1.56 | search=  0 | target=none
R4[BASE_ESC  ]: carry=0 | base=0.23 | wall=2.29 | search=  0 | target=site(-0.55,-0.94)

[DEPOSIT] R2 deposited! Total: 27
  [TARGET] R2 → PHERO (-0.55, -0.94)
[DEPOSIT] R3 deposited! Total: 28
  [TARGET] R3 → SITE (-0.60, -0.94)
  [GIVE-UP] R1 returned empty after 1092 searching steps
  [TARGET] R1 → PHERO (-0.55, -0.94)

======================================================================
Step 13500 (7.2 min) | Pickups: 28 | Deposits: 28 | Rate: 3.89 tags/min | phero_entries=2 max_w=0.212
======================================================================
R1[BASE_ESC  ]: carry=0 | base=0.22 | wall=2.28 | search=  0 | target=phero(-0.55,-0.94)
R2[PHERO     ]: carry=0 | base=0.61 | wall=1.91 | search=  0 | target=phero(-0.55,-0.94)
R3[BASE_ESC  ]: carry=0 | base=0.22 | wall=2.30 | search=  0 | target=site(-0.60,-0.94)
R4[GIVE_UP   ]: carry=0 | base=1.01 | wall=1.59 | search=156 | target=none

  [GIVE-UP] R4 returned empty after 156 searching steps
  [TARGET] R4 → PHERO (-0.55, -0.94)
[PICKUP] R3 picked up tag (density=8) | Total: 29

======================================================================
Step 14000 (7.5 min) | Pickups: 29 | Deposits: 28 | Rate: 3.75 tags/min | phero_entries=2 max_w=0.046
======================================================================
R1[SEARCH    ]: carry=0 | base=1.02 | wall=1.60 | search=199 | target=phero(-0.55,-0.94)
R2[SEARCH    ]: carry=0 | base=0.91 | wall=1.67 | search=355 | target=phero(-0.55,-0.94)
R3[SURVEY    ]: carry=1 | base=1.12 | wall=1.56 | search=  0 | target=none
R4[PHERO     ]: carry=0 | base=0.74 | wall=1.84 | search=  0 | target=phero(-0.55,-0.94)

[PICKUP] R1 picked up tag (density=7) | Total: 30
[PICKUP] R4 picked up tag (density=6) | Total: 31
[DEPOSIT] R3 deposited! Total: 29
  [TARGET] R3 → SITE (-0.60, -0.95)

======================================================================
Step 14500 (7.7 min) | Pickups: 31 | Deposits: 29 | Rate: 3.75 tags/min | phero_entries=1 max_w=0.010
======================================================================
R1[RTB       ]: carry=1 | base=0.83 | wall=1.78 | search=  0 | target=none
R2[SEARCH    ]: carry=0 | base=1.03 | wall=1.47 | search=855 | target=phero(-0.55,-0.94)
R3[SITE      ]: carry=0 | base=0.46 | wall=2.06 | search=  0 | target=site(-0.60,-0.95)
R4[RTB       ]: carry=1 | base=1.11 | wall=1.48 | search=  0 | target=none

[DEPOSIT] R1 deposited! Total: 30
  [PHERO] Laid at (-0.65, -0.97) density=7 prob=0.27 entries=2
  [TARGET] R1 → SITE (-0.65, -0.97)
[DEPOSIT] R4 deposited! Total: 31
  [TARGET] R4 → SITE (-0.48, -1.04)
[PICKUP] R3 picked up tag (density=5) | Total: 32

======================================================================
Step 15000 (8.0 min) | Pickups: 32 | Deposits: 31 | Rate: 3.88 tags/min | phero_entries=2 max_w=0.359
======================================================================
R1[SITE      ]: carry=0 | base=0.84 | wall=1.79 | search=  0 | target=site(-0.65,-0.97)
R2[SEARCH    ]: carry=0 | base=1.16 | wall=1.42 | search=1355 | target=phero(-0.55,-0.94)
R3[SURVEY    ]: carry=1 | base=1.18 | wall=1.47 | search=  0 | target=none
R4[SITE      ]: carry=0 | base=0.68 | wall=1.85 | search=  0 | target=site(-0.48,-1.04)

[PICKUP] R1 picked up tag (density=4) | Total: 33
[DEPOSIT] R3 deposited! Total: 32
  [TARGET] R3 → SITE (-0.58, -1.03)

======================================================================
Step 15500 (8.3 min) | Pickups: 33 | Deposits: 32 | Rate: 3.87 tags/min | phero_entries=1 max_w=0.078
======================================================================
R1[SURVEY    ]: carry=1 | base=1.23 | wall=1.44 | search=  0 | target=none
R2[GIVE_UP   ]: carry=0 | base=0.67 | wall=1.90 | search=1716 | target=none
R3[SITE      ]: carry=0 | base=0.29 | wall=2.22 | search=  0 | target=site(-0.58,-1.03)
R4[SEARCH    ]: carry=0 | base=1.03 | wall=1.62 | search=307 | target=site(-0.48,-1.04)

  [GIVE-UP] R2 returned empty after 1716 searching steps
  [TARGET] R2 → PHERO (-0.65, -0.97)
[DEPOSIT] R1 deposited! Total: 33
  [TARGET] R1 → SITE (-0.62, -1.06)

======================================================================
Step 16000 (8.5 min) | Pickups: 33 | Deposits: 33 | Rate: 3.87 tags/min | phero_entries=1 max_w=0.017
======================================================================
R1[SITE      ]: carry=0 | base=0.33 | wall=2.25 | search=  0 | target=site(-0.62,-1.06)
R2[PHERO     ]: carry=0 | base=1.04 | wall=1.68 | search=  0 | target=phero(-0.65,-0.97)
R3[GIVE_UP   ]: carry=0 | base=0.92 | wall=1.72 | search=156 | target=none
R4[SEARCH    ]: carry=0 | base=1.10 | wall=1.60 | search=807 | target=site(-0.48,-1.04)

  [GIVE-UP] R3 returned empty after 156 searching steps
  [TARGET] R3 → PHERO (-0.65, -0.97)

======================================================================
Step 16500 (8.8 min) | Pickups: 33 | Deposits: 33 | Rate: 3.75 tags/min | phero_entries=1 max_w=0.004
======================================================================
R1[SEARCH    ]: carry=0 | base=1.34 | wall=1.41 | search=265 | target=site(-0.62,-1.06)
R2[SEARCH    ]: carry=0 | base=1.12 | wall=1.65 | search=447 | target=phero(-0.65,-0.97)
R3[PHERO     ]: carry=0 | base=0.98 | wall=1.69 | search=  0 | target=phero(-0.65,-0.97)
R4[SEARCH    ]: carry=0 | base=1.08 | wall=1.62 | search=1307 | target=site(-0.48,-1.04)

[PICKUP] R3 picked up tag (density=3) | Total: 34
  [GIVE-UP] R2 returned empty after 624 searching steps
  [TARGET] R2 → WALL (-2.42, 0.57)

======================================================================
Step 17000 (9.1 min) | Pickups: 34 | Deposits: 33 | Rate: 3.64 tags/min | phero_entries=0 max_w=0.000
======================================================================
R1[GIVE_UP   ]: carry=0 | base=0.84 | wall=1.86 | search=624 | target=none
R2[BASE_ESC  ]: carry=0 | base=0.23 | wall=2.30 | search=  0 | target=none
R3[SURVEY    ]: carry=1 | base=1.34 | wall=1.40 | search=  0 | target=none
R4[SEARCH    ]: carry=0 | base=1.30 | wall=1.40 | search=1807 | target=site(-0.48,-1.04)

[PICKUP] R4 picked up tag (density=2) | Total: 35
  [GIVE-UP] R1 returned empty after 624 searching steps
  [TARGET] R1 → WALL (-1.59, -2.42)
[DEPOSIT] R3 deposited! Total: 34
  [TARGET] R3 → WALL (-2.42, -0.84)

======================================================================
Step 17500 (9.3 min) | Pickups: 35 | Deposits: 34 | Rate: 3.64 tags/min | phero_entries=0 max_w=0.000
======================================================================
R1[SEARCH    ]: carry=0 | base=0.69 | wall=1.90 | search= 74 | target=none
R2[GIVE_UP   ]: carry=0 | base=0.57 | wall=1.96 | search=156 | target=none
R3[BASE_ESC  ]: carry=0 | base=0.23 | wall=2.30 | search=  0 | target=none
R4[RTB       ]: carry=1 | base=0.61 | wall=1.94 | search=  0 | target=none

  [GIVE-UP] R2 returned empty after 156 searching steps
  [TARGET] R2 → WALL (-2.42, 1.40)
[DEPOSIT] R4 deposited! Total: 35
  [TARGET] R4 → SITE (-0.70, -1.10)
  [GIVE-UP] R1 returned empty after 312 searching steps
  [TARGET] R1 → WALL (0.02, -2.42)

======================================================================
Step 18000 (9.6 min) | Pickups: 35 | Deposits: 35 | Rate: 3.65 tags/min | phero_entries=0 max_w=0.000
======================================================================
R1[DEPART    ]: carry=0 | base=0.28 | wall=2.22 | search=  0 | target=none
R2[SEARCH    ]: carry=0 | base=0.62 | wall=1.88 | search=120 | target=none
R3[SEARCH    ]: carry=0 | base=0.71 | wall=1.86 | search=256 | target=none
R4[SITE      ]: carry=0 | base=1.13 | wall=1.55 | search=  0 | target=site(-0.70,-1.10)

  [GIVE-UP] R3 returned empty after 312 searching steps
  [TARGET] R3 → WALL (-2.42, 1.78)

======================================================================
Step 18500 (9.9 min) | Pickups: 35 | Deposits: 35 | Rate: 3.55 tags/min | phero_entries=0 max_w=0.000
======================================================================
R1[DEPART    ]: carry=0 | base=2.14 | wall=0.36 | search=  0 | target=none
R2[SEARCH    ]: carry=0 | base=0.39 | wall=2.15 | search=620 | target=none
R3[DEPART    ]: carry=0 | base=0.43 | wall=2.09 | search=  0 | target=none
R4[SEARCH    ]: carry=0 | base=0.95 | wall=1.77 | search=468 | target=site(-0.70,-1.10)

TIMEOUT_RESULT pickups=35 deposits=35 steps=18750 elapsed_min=10.000000
BATCH_RESULT pickups=35 deposits=35
