=================================================================
CPFA BASELINE — ARGoS-calibrated parameters
  Params file                  = /home/sara/Documents/RL-FL-Foraging/cpfa_tuning_20260715_155549/trial_027/params.yaml
  Results file                 = /home/sara/Documents/RL-FL-Foraging/controllers/cpfa_baseline/results/cpfa_baseline_results_20260715_170925_8.txt
  RateOfLayingPheromone        = 10.949405980873937
  RateOfSiteFidelity           = 3.4167817607771545
  RateOfPheromoneDecay         = 0.1670473756620255 /s  (lifetime ~41s)
  ProbabilityOfReturningToNest = 0.09585704377829207 (every 5 sec → E[give-up] ~52s)
  UninformedSearchVariation    = 0.80 rad (45.7°)
  RateOfInformedSearchDecay    = 1.499258134360499 /waypoint
  ProbabilityOfSwitchingToSearching = 0.3023797094398982 (every 5 sec in uninformed DEPARTING)
=================================================================

[PICKUP] R2 picked up tag (density=6) | Total: 1
[PICKUP] R4 picked up tag (density=9) | Total: 2
[DEPOSIT] R4 deposited! Total: 1
  [TARGET] R4 → SITE (0.00, -0.50)
[DEPOSIT] R2 deposited! Total: 2
  [TARGET] R2 → SITE (0.50, 0.00)
[PICKUP] R4 picked up tag (density=10) | Total: 3

======================================================================
Step 500 (0.3 min) | Pickups: 3 | Deposits: 2 | Rate: 7.50 tags/min | phero_entries=0 max_w=0.000
======================================================================
R1[DEPART    ]: carry=0 | base=1.44 | wall=1.25 | search=  0 | target=none
R2[SITE      ]: carry=0 | base=0.28 | wall=2.25 | search=  0 | target=site(0.50,0.00)
R3[DEPART    ]: carry=0 | base=1.19 | wall=1.31 | search=  0 | target=none
R4[SURVEY    ]: carry=1 | base=0.35 | wall=2.18 | search=  0 | target=none

[PICKUP] R2 picked up tag (density=8) | Total: 4
[PICKUP] R3 picked up tag (density=12) | Total: 5
[DEPOSIT] R4 deposited! Total: 3
  [TARGET] R4 → SITE (0.13, -0.32)
[DEPOSIT] R2 deposited! Total: 4
  [PHERO] Laid at (0.37, -0.12) density=8 prob=0.24 entries=1
  [TARGET] R2 → SITE (0.37, -0.12)
[PICKUP] R4 picked up tag (density=9) | Total: 6

======================================================================
Step 1000 (0.5 min) | Pickups: 6 | Deposits: 4 | Rate: 7.50 tags/min | phero_entries=1 max_w=0.532
======================================================================
R1[GIVE_UP   ]: carry=0 | base=1.57 | wall=1.30 | search=312 | target=none
R2[SITE      ]: carry=0 | base=0.27 | wall=2.24 | search=  0 | target=site(0.37,-0.12)
R3[RTB       ]: carry=1 | base=0.72 | wall=1.79 | search=  0 | target=none
R4[SURVEY    ]: carry=1 | base=0.36 | wall=2.18 | search=  0 | target=none

[PICKUP] R1 picked up tag (density=12) | Total: 7
[DEPOSIT] R3 deposited! Total: 5
  [PHERO] Laid at (-1.41, -0.21) density=12 prob=0.69 entries=2
  [TARGET] R3 → SITE (-1.41, -0.21)
[DEPOSIT] R4 deposited! Total: 6
  [PHERO] Laid at (0.18, -0.32) density=9 prob=0.35 entries=3
  [TARGET] R4 → SITE (0.18, -0.32)

======================================================================
Step 1500 (0.8 min) | Pickups: 7 | Deposits: 6 | Rate: 7.50 tags/min | phero_entries=3 max_w=0.384
======================================================================
R1[RTB       ]: carry=1 | base=0.77 | wall=1.95 | search=  0 | target=none
R2[SEARCH    ]: carry=0 | base=0.53 | wall=2.09 | search=397 | target=site(0.37,-0.12)
R3[SITE      ]: carry=0 | base=1.22 | wall=1.30 | search=  0 | target=site(-1.41,-0.21)
R4[SITE      ]: carry=0 | base=0.32 | wall=2.25 | search=  0 | target=site(0.18,-0.32)

[PICKUP] R3 picked up tag (density=11) | Total: 8
[DEPOSIT] R1 deposited! Total: 7
  [PHERO] Laid at (0.99, 1.19) density=12 prob=0.69 entries=4
  [TARGET] R1 → SITE (0.99, 1.19)
[PICKUP] R4 picked up tag (density=6) | Total: 9
[PICKUP] R1 picked up tag (density=11) | Total: 10

======================================================================
Step 2000 (1.1 min) | Pickups: 10 | Deposits: 7 | Rate: 6.56 tags/min | phero_entries=4 max_w=0.143
======================================================================
R1[SURVEY    ]: carry=1 | base=1.03 | wall=1.74 | search=  0 | target=none
R2[SEARCH    ]: carry=0 | base=0.84 | wall=1.73 | search=897 | target=site(0.37,-0.12)
R3[RTB       ]: carry=1 | base=0.71 | wall=1.80 | search=  0 | target=none
R4[SURVEY    ]: carry=1 | base=0.36 | wall=2.15 | search=  0 | target=none

[DEPOSIT] R3 deposited! Total: 8
  [PHERO] Laid at (-1.40, -0.24) density=11 prob=0.59 entries=5
  [TARGET] R3 → SITE (-1.40, -0.24)
[DEPOSIT] R4 deposited! Total: 9
  [TARGET] R4 → PHERO (-1.40, -0.24)
[DEPOSIT] R1 deposited! Total: 10
  [TARGET] R1 → SITE (0.70, 0.76)
[PICKUP] R3 picked up tag (density=10) | Total: 11

======================================================================
Step 2500 (1.3 min) | Pickups: 11 | Deposits: 10 | Rate: 7.50 tags/min | phero_entries=3 max_w=0.131
======================================================================
R1[BASE_ESC  ]: carry=0 | base=0.22 | wall=2.31 | search=  0 | target=site(0.70,0.76)
R2[SEARCH    ]: carry=0 | base=1.41 | wall=1.34 | search=1397 | target=site(0.37,-0.12)
R3[SURVEY    ]: carry=1 | base=1.21 | wall=1.31 | search=  0 | target=none
R4[PHERO     ]: carry=0 | base=0.44 | wall=2.15 | search=  0 | target=phero(-1.40,-0.24)

  [GIVE-UP] R2 returned empty after 1404 searching steps
  [TARGET] R2 → PHERO (-1.40, -0.24)

======================================================================
Step 3000 (1.6 min) | Pickups: 11 | Deposits: 10 | Rate: 6.25 tags/min | phero_entries=1 max_w=0.009
======================================================================
R1[SEARCH    ]: carry=0 | base=0.83 | wall=1.78 | search=257 | target=site(0.70,0.76)
R2[PHERO     ]: carry=0 | base=0.26 | wall=2.30 | search=  0 | target=phero(-1.40,-0.24)
R3[RTB       ]: carry=1 | base=0.97 | wall=1.53 | search=  0 | target=none
R4[SEARCH    ]: carry=0 | base=1.21 | wall=1.30 | search=207 | target=phero(-1.40,-0.24)

[DEPOSIT] R3 deposited! Total: 11
  [PHERO] Laid at (-1.19, -0.22) density=10 prob=0.47 entries=2
  [TARGET] R3 → SITE (-1.19, -0.22)
[PICKUP] R1 picked up tag (density=10) | Total: 12

======================================================================
Step 3500 (1.9 min) | Pickups: 12 | Deposits: 11 | Rate: 5.89 tags/min | phero_entries=1 max_w=0.190
======================================================================
R1[RTB       ]: carry=1 | base=1.13 | wall=1.63 | search=  0 | target=none
R2[PHERO     ]: carry=0 | base=1.31 | wall=1.21 | search=  0 | target=phero(-1.40,-0.24)
R3[SITE      ]: carry=0 | base=0.95 | wall=1.56 | search=  0 | target=site(-1.19,-0.22)
R4[SEARCH    ]: carry=0 | base=0.86 | wall=1.74 | search=707 | target=phero(-1.40,-0.24)

[DEPOSIT] R1 deposited! Total: 12
  [TARGET] R1 → SITE (0.69, 0.88)

======================================================================
Step 4000 (2.1 min) | Pickups: 12 | Deposits: 12 | Rate: 5.62 tags/min | phero_entries=1 max_w=0.013
======================================================================
R1[SITE      ]: carry=0 | base=0.66 | wall=2.03 | search=  0 | target=site(0.69,0.88)
R2[SEARCH    ]: carry=0 | base=1.41 | wall=1.09 | search=485 | target=phero(-1.40,-0.24)
R3[GIVE_UP   ]: carry=0 | base=1.28 | wall=1.22 | search=312 | target=none
R4[SEARCH    ]: carry=0 | base=1.16 | wall=1.45 | search=1207 | target=phero(-1.40,-0.24)

[PICKUP] R2 picked up tag (density=9) | Total: 13
  [GIVE-UP] R3 returned empty after 312 searching steps
  [TARGET] R3 → PHERO (-1.19, -0.22)
[PICKUP] R1 picked up tag (density=9) | Total: 14

======================================================================
Step 4500 (2.4 min) | Pickups: 14 | Deposits: 12 | Rate: 5.00 tags/min | phero_entries=0 max_w=0.000
======================================================================
R1[SURVEY    ]: carry=1 | base=1.07 | wall=1.69 | search=  0 | target=none
R2[RTB       ]: carry=1 | base=0.95 | wall=1.58 | search=  0 | target=none
R3[PHERO     ]: carry=0 | base=0.60 | wall=1.90 | search=  0 | target=phero(-1.19,-0.22)
R4[SEARCH    ]: carry=0 | base=1.60 | wall=1.01 | search=1707 | target=phero(-1.40,-0.24)

[DEPOSIT] R2 deposited! Total: 13
  [TARGET] R2 → SITE (-1.25, -0.29)
[DEPOSIT] R1 deposited! Total: 14
  [TARGET] R1 → SITE (0.80, 0.71)

======================================================================
Step 5000 (2.7 min) | Pickups: 14 | Deposits: 14 | Rate: 5.25 tags/min | phero_entries=0 max_w=0.000
======================================================================
R1[SITE      ]: carry=0 | base=0.44 | wall=2.10 | search=  0 | target=site(0.80,0.71)
R2[SITE      ]: carry=0 | base=0.99 | wall=1.55 | search=  0 | target=site(-1.25,-0.29)
R3[SEARCH    ]: carry=0 | base=1.04 | wall=1.47 | search=348 | target=phero(-1.19,-0.22)
R4[WALL_ESC  ]: carry=0 | base=2.24 | wall=0.33 | search=2184 | target=none

[PICKUP] R2 picked up tag (density=8) | Total: 15

======================================================================
Step 5500 (2.9 min) | Pickups: 15 | Deposits: 14 | Rate: 4.77 tags/min | phero_entries=0 max_w=0.000
======================================================================
R1[SEARCH    ]: carry=0 | base=1.09 | wall=1.49 | search=342 | target=site(0.80,0.71)
R2[RTB       ]: carry=1 | base=0.66 | wall=1.86 | search=  0 | target=none
R3[SEARCH    ]: carry=0 | base=1.05 | wall=1.48 | search=848 | target=phero(-1.19,-0.22)
R4[GIVE_UP   ]: carry=0 | base=0.57 | wall=1.94 | search=2184 | target=none

  [GIVE-UP] R4 returned empty after 2184 searching steps
  [TARGET] R4 → WALL (2.42, 0.04)
[DEPOSIT] R2 deposited! Total: 15
  [TARGET] R2 → SITE (-1.22, -0.32)

======================================================================
Step 6000 (3.2 min) | Pickups: 15 | Deposits: 15 | Rate: 4.69 tags/min | phero_entries=0 max_w=0.000
======================================================================
R1[SEARCH    ]: carry=0 | base=0.62 | wall=2.06 | search=842 | target=site(0.80,0.71)
R2[SEARCH    ]: carry=0 | base=1.23 | wall=1.31 | search= 18 | target=site(-1.22,-0.32)
R3[SEARCH    ]: carry=0 | base=0.94 | wall=1.56 | search=1348 | target=phero(-1.19,-0.22)
R4[DEPART    ]: carry=0 | base=0.26 | wall=2.26 | search=  0 | target=none

[PICKUP] R4 picked up tag (density=6) | Total: 16
  [GIVE-UP] R3 returned empty after 1404 searching steps
  [TARGET] R3 → WALL (2.42, -0.81)
[DEPOSIT] R4 deposited! Total: 16
  [TARGET] R4 → SITE (0.45, -0.20)

======================================================================
Step 6500 (3.5 min) | Pickups: 16 | Deposits: 16 | Rate: 4.62 tags/min | phero_entries=0 max_w=0.000
======================================================================
R1[SEARCH    ]: carry=0 | base=1.10 | wall=1.40 | search=1342 | target=site(0.80,0.71)
R2[SEARCH    ]: carry=0 | base=1.33 | wall=1.17 | search=518 | target=site(-1.22,-0.32)
R3[DEPART    ]: carry=0 | base=0.25 | wall=2.26 | search=  0 | target=none
R4[BASE_ESC  ]: carry=0 | base=0.24 | wall=2.26 | search=  0 | target=site(0.45,-0.20)

[PICKUP] R1 picked up tag (density=3) | Total: 17
[PICKUP] R4 picked up tag (density=2) | Total: 18

======================================================================
Step 7000 (3.7 min) | Pickups: 18 | Deposits: 16 | Rate: 4.29 tags/min | phero_entries=0 max_w=0.000
======================================================================
R1[RTB       ]: carry=1 | base=0.77 | wall=1.73 | search=  0 | target=none
R2[SEARCH    ]: carry=0 | base=1.88 | wall=0.64 | search=1018 | target=site(-1.22,-0.32)
R3[SEARCH    ]: carry=0 | base=0.26 | wall=2.24 | search=324 | target=none
R4[SURVEY    ]: carry=1 | base=0.70 | wall=1.86 | search=  0 | target=none

[DEPOSIT] R1 deposited! Total: 17
  [TARGET] R1 → SITE (0.81, -0.09)
[DEPOSIT] R4 deposited! Total: 18
  [TARGET] R4 → WALL (2.42, 0.66)
  [GIVE-UP] R3 returned empty after 624 searching steps
  [TARGET] R3 → WALL (-1.17, -2.42)
[PICKUP] R1 picked up tag (density=1) | Total: 19

======================================================================
Step 7500 (4.0 min) | Pickups: 19 | Deposits: 18 | Rate: 4.50 tags/min | phero_entries=0 max_w=0.000
======================================================================
R1[SURVEY    ]: carry=1 | base=0.54 | wall=1.96 | search=  0 | target=none
R2[SEARCH    ]: carry=0 | base=2.15 | wall=0.35 | search=1518 | target=site(-1.22,-0.32)
R3[DEPART    ]: carry=0 | base=0.36 | wall=2.15 | search=  0 | target=none
R4[DEPART    ]: carry=0 | base=0.52 | wall=1.99 | search=  0 | target=none

[DEPOSIT] R1 deposited! Total: 19
  [TARGET] R1 → WALL (-2.42, 2.18)

======================================================================
Step 8000 (4.3 min) | Pickups: 19 | Deposits: 19 | Rate: 4.45 tags/min | phero_entries=0 max_w=0.000
======================================================================
R1[DEPART    ]: carry=0 | base=0.26 | wall=2.31 | search=  0 | target=none
R2[GIVE_UP   ]: carry=0 | base=1.23 | wall=1.29 | search=1716 | target=none
R3[SEARCH    ]: carry=0 | base=0.92 | wall=1.72 | search=427 | target=none
R4[WALL_ESC  ]: carry=0 | base=2.25 | wall=0.33 | search=  0 | target=none

  [GIVE-UP] R2 returned empty after 1716 searching steps
  [TARGET] R2 → WALL (2.42, -0.25)
  [GIVE-UP] R3 returned empty after 624 searching steps
  [TARGET] R3 → WALL (1.41, 2.42)

======================================================================
Step 8500 (4.5 min) | Pickups: 19 | Deposits: 19 | Rate: 4.19 tags/min | phero_entries=0 max_w=0.000
======================================================================
R1[DEPART    ]: carry=0 | base=0.84 | wall=1.76 | search=  0 | target=none
R2[DEPART    ]: carry=0 | base=0.26 | wall=2.27 | search=  0 | target=none
R3[BASE_ESC  ]: carry=0 | base=0.21 | wall=2.35 | search=  0 | target=none
R4[DEPART    ]: carry=0 | base=2.15 | wall=0.40 | search=  0 | target=none


======================================================================
Step 9000 (4.8 min) | Pickups: 19 | Deposits: 19 | Rate: 3.96 tags/min | phero_entries=0 max_w=0.000
======================================================================
R1[DEPART    ]: carry=0 | base=2.73 | wall=0.44 | search=  0 | target=none
R2[DEPART    ]: carry=0 | base=0.72 | wall=1.84 | search=  0 | target=none
R3[BASE_ESC  ]: carry=0 | base=0.24 | wall=2.30 | search=  0 | target=none
R4[DEPART    ]: carry=0 | base=0.63 | wall=1.87 | search=  0 | target=none


======================================================================
Step 9500 (5.1 min) | Pickups: 19 | Deposits: 19 | Rate: 3.75 tags/min | phero_entries=0 max_w=0.000
======================================================================
R1[DEPART    ]: carry=0 | base=2.03 | wall=0.87 | search=  0 | target=none
R2[SEARCH    ]: carry=0 | base=1.99 | wall=0.51 | search=146 | target=none
R3[SEARCH    ]: carry=0 | base=0.56 | wall=2.09 | search=158 | target=none
R4[SEARCH    ]: carry=0 | base=0.30 | wall=2.20 | search=393 | target=none


======================================================================
Step 10000 (5.3 min) | Pickups: 19 | Deposits: 19 | Rate: 3.56 tags/min | phero_entries=0 max_w=0.000
======================================================================
R1[DEPART    ]: carry=0 | base=0.99 | wall=1.67 | search=  0 | target=none
R2[SEARCH    ]: carry=0 | base=2.14 | wall=0.36 | search=646 | target=none
R3[GIVE_UP   ]: carry=0 | base=0.81 | wall=1.75 | search=624 | target=none
R4[SEARCH    ]: carry=0 | base=0.50 | wall=2.01 | search=893 | target=none

  [GIVE-UP] R3 returned empty after 624 searching steps
  [TARGET] R3 → WALL (0.66, 2.42)
  [GIVE-UP] R4 returned empty after 1092 searching steps
  [TARGET] R4 → WALL (2.17, 2.42)

======================================================================
Step 10500 (5.6 min) | Pickups: 19 | Deposits: 19 | Rate: 3.39 tags/min | phero_entries=0 max_w=0.000
======================================================================
R1[SEARCH    ]: carry=0 | base=1.81 | wall=0.76 | search=168 | target=none
R2[SEARCH    ]: carry=0 | base=2.14 | wall=0.37 | search=1146 | target=none
R3[DEPART    ]: carry=0 | base=0.50 | wall=2.02 | search=  0 | target=none
R4[DEPART    ]: carry=0 | base=0.26 | wall=2.31 | search=  0 | target=none

[PICKUP] R4 picked up tag (density=8) | Total: 20

======================================================================
Step 11000 (5.9 min) | Pickups: 20 | Deposits: 19 | Rate: 3.24 tags/min | phero_entries=0 max_w=0.000
======================================================================
R1[SEARCH    ]: carry=0 | base=1.98 | wall=0.78 | search=668 | target=none
R2[GIVE_UP   ]: carry=0 | base=1.21 | wall=1.29 | search=1404 | target=none
R3[SEARCH    ]: carry=0 | base=1.45 | wall=1.10 | search=358 | target=none
R4[SURVEY    ]: carry=1 | base=1.32 | wall=1.39 | search=  0 | target=none

  [GIVE-UP] R2 returned empty after 1404 searching steps
  [TARGET] R2 → WALL (2.42, 1.38)
[DEPOSIT] R4 deposited! Total: 20
  [TARGET] R4 → SITE (0.71, 1.11)

======================================================================
Step 11500 (6.1 min) | Pickups: 20 | Deposits: 20 | Rate: 3.26 tags/min | phero_entries=0 max_w=0.000
======================================================================
R1[SEARCH    ]: carry=0 | base=1.73 | wall=1.24 | search=1168 | target=none
R2[DEPART    ]: carry=0 | base=0.77 | wall=1.81 | search=  0 | target=none
R3[GIVE_UP   ]: carry=0 | base=1.01 | wall=1.51 | search=780 | target=none
R4[BASE_ESC  ]: carry=0 | base=0.23 | wall=2.32 | search=  0 | target=site(0.71,1.11)

  [GIVE-UP] R3 returned empty after 780 searching steps
  [TARGET] R3 → WALL (-2.42, -2.22)
  [GIVE-UP] R2 returned empty after 156 searching steps
  [TARGET] R2 → WALL (-2.42, -0.57)

======================================================================
Step 12000 (6.4 min) | Pickups: 20 | Deposits: 20 | Rate: 3.12 tags/min | phero_entries=0 max_w=0.000
======================================================================
R1[SEARCH    ]: carry=0 | base=1.18 | wall=1.62 | search=1668 | target=none
R2[BASE_ESC  ]: carry=0 | base=0.25 | wall=2.31 | search=  0 | target=none
R3[SEARCH    ]: carry=0 | base=0.35 | wall=2.15 | search= 33 | target=none
R4[SEARCH    ]: carry=0 | base=1.27 | wall=1.35 | search=205 | target=site(0.71,1.11)

[PICKUP] R1 picked up tag (density=7) | Total: 21

======================================================================
Step 12500 (6.7 min) | Pickups: 21 | Deposits: 20 | Rate: 3.00 tags/min | phero_entries=0 max_w=0.000
======================================================================
R1[RTB       ]: carry=1 | base=0.85 | wall=1.74 | search=  0 | target=none
R2[SEARCH    ]: carry=0 | base=0.59 | wall=1.91 | search=166 | target=none
R3[SEARCH    ]: carry=0 | base=0.61 | wall=2.06 | search=533 | target=none
R4[SEARCH    ]: carry=0 | base=0.86 | wall=1.85 | search=705 | target=site(0.71,1.11)

[DEPOSIT] R1 deposited! Total: 21
  [TARGET] R1 → SITE (-1.09, -0.51)

======================================================================
Step 13000 (6.9 min) | Pickups: 21 | Deposits: 21 | Rate: 3.03 tags/min | phero_entries=0 max_w=0.000
======================================================================
R1[SITE      ]: carry=0 | base=0.84 | wall=1.73 | search=  0 | target=site(-1.09,-0.51)
R2[SEARCH    ]: carry=0 | base=0.67 | wall=2.03 | search=666 | target=none
R3[SEARCH    ]: carry=0 | base=0.30 | wall=2.24 | search=1033 | target=none
R4[SEARCH    ]: carry=0 | base=0.62 | wall=1.88 | search=1205 | target=site(0.71,1.11)

[PICKUP] R1 picked up tag (density=6) | Total: 22

======================================================================
Step 13500 (7.2 min) | Pickups: 22 | Deposits: 21 | Rate: 2.92 tags/min | phero_entries=0 max_w=0.000
======================================================================
R1[RTB       ]: carry=1 | base=0.65 | wall=1.92 | search=  0 | target=none
R2[SEARCH    ]: carry=0 | base=0.27 | wall=2.26 | search=1166 | target=none
R3[SEARCH    ]: carry=0 | base=0.97 | wall=1.65 | search=1533 | target=none
R4[SEARCH    ]: carry=0 | base=0.73 | wall=1.83 | search=1705 | target=site(0.71,1.11)

[DEPOSIT] R1 deposited! Total: 22
  [PHERO] Laid at (-1.11, -0.53) density=6 prob=0.08 entries=1
  [TARGET] R1 → SITE (-1.11, -0.53)
  [GIVE-UP] R2 returned empty after 1404 searching steps
  [TARGET] R2 → PHERO (-1.11, -0.53)

======================================================================
Step 14000 (7.5 min) | Pickups: 22 | Deposits: 22 | Rate: 2.95 tags/min | phero_entries=1 max_w=0.122
======================================================================
R1[SEARCH    ]: carry=0 | base=1.21 | wall=1.41 | search= 13 | target=site(-1.11,-0.53)
R2[PHERO     ]: carry=0 | base=0.26 | wall=2.24 | search=  0 | target=phero(-1.11,-0.53)
R3[SEARCH    ]: carry=0 | base=0.81 | wall=1.69 | search=2033 | target=none
R4[SEARCH    ]: carry=0 | base=0.88 | wall=1.66 | search=2205 | target=site(0.71,1.11)

  [GIVE-UP] R4 returned empty after 2496 searching steps
  [TARGET] R4 → PHERO (-1.11, -0.53)

======================================================================
Step 14500 (7.7 min) | Pickups: 22 | Deposits: 22 | Rate: 2.84 tags/min | phero_entries=1 max_w=0.008
======================================================================
R1[SEARCH    ]: carry=0 | base=1.41 | wall=1.48 | search=513 | target=site(-1.11,-0.53)
R2[SEARCH    ]: carry=0 | base=1.10 | wall=1.57 | search=184 | target=phero(-1.11,-0.53)
R3[SEARCH    ]: carry=0 | base=0.80 | wall=1.87 | search=2533 | target=none
R4[BASE_ESC  ]: carry=0 | base=0.22 | wall=2.29 | search=  0 | target=phero(-1.11,-0.53)


======================================================================
Step 15000 (8.0 min) | Pickups: 22 | Deposits: 22 | Rate: 2.75 tags/min | phero_entries=0 max_w=0.000
======================================================================
R1[SEARCH    ]: carry=0 | base=0.98 | wall=1.57 | search=1013 | target=site(-1.11,-0.53)
R2[SEARCH    ]: carry=0 | base=1.37 | wall=1.35 | search=684 | target=phero(-1.11,-0.53)
R3[SEARCH    ]: carry=0 | base=0.88 | wall=1.80 | search=3033 | target=none
R4[PHERO     ]: carry=0 | base=0.32 | wall=2.20 | search=  0 | target=phero(-1.11,-0.53)

[PICKUP] R4 picked up tag (density=5) | Total: 23

======================================================================
Step 15500 (8.3 min) | Pickups: 23 | Deposits: 22 | Rate: 2.66 tags/min | phero_entries=0 max_w=0.000
======================================================================
R1[BASE_ESC  ]: carry=0 | base=0.24 | wall=2.26 | search=1513 | target=site(-1.11,-0.53)
R2[SEARCH    ]: carry=0 | base=1.34 | wall=1.51 | search=1184 | target=phero(-1.11,-0.53)
R3[SEARCH    ]: carry=0 | base=1.00 | wall=1.78 | search=3533 | target=none
R4[SURVEY    ]: carry=1 | base=1.36 | wall=1.32 | search=  0 | target=none

[DEPOSIT] R4 deposited! Total: 23
  [TARGET] R4 → SITE (-1.19, -0.67)

======================================================================
Step 16000 (8.5 min) | Pickups: 23 | Deposits: 23 | Rate: 2.70 tags/min | phero_entries=0 max_w=0.000
======================================================================
R1[SEARCH    ]: carry=0 | base=0.78 | wall=1.79 | search=2013 | target=site(-1.11,-0.53)
R2[SEARCH    ]: carry=0 | base=1.76 | wall=1.08 | search=1684 | target=phero(-1.11,-0.53)
R3[SEARCH    ]: carry=0 | base=0.99 | wall=1.52 | search=4033 | target=none
R4[BASE_ESC  ]: carry=0 | base=0.23 | wall=2.31 | search=  0 | target=site(-1.19,-0.67)

[PICKUP] R2 picked up tag (density=4) | Total: 24
[PICKUP] R3 picked up tag (density=5) | Total: 25

======================================================================
Step 16500 (8.8 min) | Pickups: 25 | Deposits: 23 | Rate: 2.61 tags/min | phero_entries=0 max_w=0.000
======================================================================
R1[SEARCH    ]: carry=0 | base=1.26 | wall=1.38 | search=2513 | target=site(-1.11,-0.53)
R2[RTB       ]: carry=1 | base=1.57 | wall=1.04 | search=  0 | target=none
R3[SURVEY    ]: carry=1 | base=0.77 | wall=1.74 | search=  0 | target=none
R4[SEARCH    ]: carry=0 | base=1.42 | wall=1.26 | search=108 | target=site(-1.19,-0.67)

[DEPOSIT] R3 deposited! Total: 24
  [TARGET] R3 → WALL (-2.42, 1.82)
[DEPOSIT] R2 deposited! Total: 25
  [TARGET] R2 → SITE (-1.54, -0.57)

======================================================================
Step 17000 (9.1 min) | Pickups: 25 | Deposits: 25 | Rate: 2.76 tags/min | phero_entries=0 max_w=0.000
======================================================================
R1[GIVE_UP   ]: carry=0 | base=0.77 | wall=1.85 | search=2808 | target=none
R2[SITE      ]: carry=0 | base=0.37 | wall=2.20 | search=  0 | target=site(-1.54,-0.57)
R3[DEPART    ]: carry=0 | base=0.25 | wall=2.31 | search=  0 | target=none
R4[GIVE_UP   ]: carry=0 | base=1.35 | wall=1.51 | search=468 | target=none

  [GIVE-UP] R1 returned empty after 2808 searching steps
  [TARGET] R1 → WALL (0.56, 2.42)
[PICKUP] R2 picked up tag (density=3) | Total: 26
  [GIVE-UP] R4 returned empty after 468 searching steps
  [TARGET] R4 → WALL (2.42, 2.09)

======================================================================
Step 17500 (9.3 min) | Pickups: 26 | Deposits: 25 | Rate: 2.68 tags/min | phero_entries=0 max_w=0.000
======================================================================
R1[DEPART    ]: carry=0 | base=0.79 | wall=1.72 | search=  0 | target=none
R2[RTB       ]: carry=1 | base=1.23 | wall=1.36 | search=  0 | target=none
R3[DEPART    ]: carry=0 | base=0.41 | wall=2.11 | search=  0 | target=none
R4[BASE_ESC  ]: carry=0 | base=0.25 | wall=2.26 | search=  0 | target=none

[DEPOSIT] R2 deposited! Total: 26
  [TARGET] R2 → SITE (-1.18, -0.47)
  [GIVE-UP] R3 returned empty after 156 searching steps
  [TARGET] R3 → WALL (-2.42, -0.95)

======================================================================
Step 18000 (9.6 min) | Pickups: 26 | Deposits: 26 | Rate: 2.71 tags/min | phero_entries=0 max_w=0.000
======================================================================
R1[SEARCH    ]: carry=0 | base=2.21 | wall=0.35 | search=132 | target=none
R2[SITE      ]: carry=0 | base=0.70 | wall=1.87 | search=  0 | target=site(-1.18,-0.47)
R3[DEPART    ]: carry=0 | base=0.28 | wall=2.22 | search=  0 | target=none
R4[SEARCH    ]: carry=0 | base=0.71 | wall=1.79 | search=254 | target=none

[PICKUP] R3 picked up tag (density=2) | Total: 27

======================================================================
Step 18500 (9.9 min) | Pickups: 27 | Deposits: 26 | Rate: 2.64 tags/min | phero_entries=0 max_w=0.000
======================================================================
R1[GIVE_UP   ]: carry=0 | base=0.37 | wall=2.14 | search=156 | target=none
R2[SEARCH    ]: carry=0 | base=1.29 | wall=1.45 | search=365 | target=site(-1.18,-0.47)
R3[SURVEY    ]: carry=1 | base=1.34 | wall=1.21 | search=  0 | target=none
R4[SEARCH    ]: carry=0 | base=1.05 | wall=1.47 | search=754 | target=none

  [GIVE-UP] R1 returned empty after 156 searching steps
  [TARGET] R1 → WALL (-1.77, -2.42)
TIMEOUT_RESULT pickups=27 deposits=26 steps=18750 elapsed_min=10.000000
BATCH_RESULT pickups=27 deposits=26
