=================================================================
CPFA BASELINE — ARGoS-calibrated parameters
  Params file                  = /home/sara/Documents/RL-FL-Foraging/cpfa_tuning_20260715_155549/trial_008/params.yaml
  Results file                 = /home/sara/Documents/RL-FL-Foraging/controllers/cpfa_baseline/results/cpfa_baseline_results_20260715_161720_4.txt
  RateOfLayingPheromone        = 1.3782737322674024
  RateOfSiteFidelity           = 3.6826214072757373
  RateOfPheromoneDecay         = 0.06658039668800306 /s  (lifetime ~104s)
  ProbabilityOfReturningToNest = 0.10106573123132738 (every 5 sec → E[give-up] ~49s)
  UninformedSearchVariation    = 2.10 rad (120.6°)
  RateOfInformedSearchDecay    = 1.3894401843910353 /waypoint
  ProbabilityOfSwitchingToSearching = 0.5026121994581171 (every 5 sec in uninformed DEPARTING)
=================================================================

[PICKUP] R3 picked up tag (density=6) | Total: 1
[DEPOSIT] R3 deposited! Total: 1
  [PHERO] Laid at (0.00, 0.50) density=6 prob=1.00 entries=1
  [TARGET] R3 → SITE (0.00, 0.50)
[PICKUP] R3 picked up tag (density=5) | Total: 2

======================================================================
Step 500 (0.3 min) | Pickups: 2 | Deposits: 1 | Rate: 3.75 tags/min | phero_entries=1 max_w=0.627
======================================================================
R1[DEPART    ]: carry=0 | base=1.96 | wall=1.00 | search=  0 | target=none
R2[SEARCH    ]: carry=0 | base=1.11 | wall=1.41 | search=344 | target=none
R3[SURVEY    ]: carry=1 | base=0.37 | wall=2.15 | search=  0 | target=none
R4[GIVE_UP   ]: carry=0 | base=0.38 | wall=2.22 | search=312 | target=none

  [GIVE-UP] R4 returned empty after 312 searching steps
  [TARGET] R4 → PHERO (0.00, 0.50)
[DEPOSIT] R3 deposited! Total: 2
  [PHERO] Laid at (0.13, 0.34) density=5 prob=1.00 entries=2
  [TARGET] R3 → SITE (0.13, 0.34)
[PICKUP] R4 picked up tag (density=4) | Total: 3
[PICKUP] R3 picked up tag (density=3) | Total: 4

======================================================================
Step 1000 (0.5 min) | Pickups: 4 | Deposits: 2 | Rate: 3.75 tags/min | phero_entries=2 max_w=0.586
======================================================================
R1[SEARCH    ]: carry=0 | base=2.61 | wall=0.63 | search=376 | target=none
R2[SEARCH    ]: carry=0 | base=1.26 | wall=1.31 | search=844 | target=none
R3[SURVEY    ]: carry=1 | base=0.40 | wall=2.13 | search=  0 | target=none
R4[SURVEY    ]: carry=1 | base=0.48 | wall=2.02 | search=  0 | target=none

[DEPOSIT] R4 deposited! Total: 3
  [PHERO] Laid at (-0.02, 0.48) density=4 prob=0.99 entries=3
  [TARGET] R4 → PHERO (-0.02, 0.48)
[DEPOSIT] R3 deposited! Total: 4
  [PHERO] Laid at (0.17, 0.37) density=3 prob=0.95 entries=4
  [TARGET] R3 → PHERO (-0.02, 0.48)

======================================================================
Step 1500 (0.8 min) | Pickups: 4 | Deposits: 4 | Rate: 5.00 tags/min | phero_entries=4 max_w=0.643
======================================================================
R1[SEARCH    ]: carry=0 | base=2.52 | wall=0.61 | search=876 | target=none
R2[SEARCH    ]: carry=0 | base=0.83 | wall=1.71 | search=1344 | target=none
R3[PHERO     ]: carry=0 | base=0.36 | wall=2.19 | search=  0 | target=phero(-0.02,0.48)
R4[SEARCH    ]: carry=0 | base=0.45 | wall=2.05 | search= 81 | target=phero(-0.02,0.48)


======================================================================
Step 2000 (1.1 min) | Pickups: 4 | Deposits: 4 | Rate: 3.75 tags/min | phero_entries=4 max_w=0.222
======================================================================
R1[SEARCH    ]: carry=0 | base=2.70 | wall=0.53 | search=1376 | target=none
R2[SEARCH    ]: carry=0 | base=1.01 | wall=1.57 | search=1844 | target=none
R3[SEARCH    ]: carry=0 | base=0.52 | wall=1.98 | search=443 | target=phero(-0.02,0.48)
R4[SEARCH    ]: carry=0 | base=0.27 | wall=2.26 | search=581 | target=phero(-0.02,0.48)

  [GIVE-UP] R3 returned empty after 468 searching steps
  [TARGET] R3 → PHERO (0.17, 0.37)
[PICKUP] R4 picked up tag (density=2) | Total: 5
[PICKUP] R2 picked up tag (density=12) | Total: 6

======================================================================
Step 2500 (1.3 min) | Pickups: 6 | Deposits: 4 | Rate: 3.00 tags/min | phero_entries=4 max_w=0.076
======================================================================
R1[GIVE_UP   ]: carry=0 | base=2.15 | wall=0.89 | search=1716 | target=none
R2[SURVEY    ]: carry=1 | base=1.08 | wall=1.43 | search=  0 | target=none
R3[SEARCH    ]: carry=0 | base=0.40 | wall=2.13 | search= 18 | target=phero(0.17,0.37)
R4[RTB       ]: carry=1 | base=0.40 | wall=2.17 | search=  0 | target=none

[DEPOSIT] R4 deposited! Total: 5
  [PHERO] Laid at (0.19, 0.41) density=2 prob=0.84 entries=5
  [TARGET] R4 → PHERO (0.19, 0.41)
[DEPOSIT] R2 deposited! Total: 6
  [PHERO] Laid at (1.07, 0.13) density=12 prob=1.00 entries=6
  [TARGET] R2 → SITE (1.07, 0.13)
  [GIVE-UP] R1 returned empty after 1716 searching steps
  [TARGET] R1 → PHERO (0.19, 0.41)

======================================================================
Step 3000 (1.6 min) | Pickups: 6 | Deposits: 6 | Rate: 3.75 tags/min | phero_entries=6 max_w=0.950
======================================================================
R1[BASE_ESC  ]: carry=0 | base=0.24 | wall=2.32 | search=  0 | target=phero(0.19,0.41)
R2[BASE_ESC  ]: carry=0 | base=0.23 | wall=2.27 | search=  0 | target=site(1.07,0.13)
R3[GIVE_UP   ]: carry=0 | base=0.38 | wall=2.13 | search=468 | target=none
R4[SEARCH    ]: carry=0 | base=0.33 | wall=2.26 | search=239 | target=phero(0.19,0.41)

  [GIVE-UP] R3 returned empty after 468 searching steps
  [TARGET] R3 → PHERO (0.19, 0.41)
[PICKUP] R4 picked up tag (density=1) | Total: 7
[PICKUP] R2 picked up tag (density=11) | Total: 8
[DEPOSIT] R4 deposited! Total: 7
  [PHERO] Laid at (0.35, 0.44) density=1 prob=0.60 entries=7
  [TARGET] R4 → PHERO (0.35, 0.44)

======================================================================
Step 3500 (1.9 min) | Pickups: 8 | Deposits: 7 | Rate: 3.75 tags/min | phero_entries=7 max_w=0.971
======================================================================
R1[PHERO     ]: carry=0 | base=0.26 | wall=2.29 | search=  0 | target=phero(0.19,0.41)
R2[SURVEY    ]: carry=1 | base=1.07 | wall=1.43 | search=  0 | target=none
R3[SEARCH    ]: carry=0 | base=0.41 | wall=2.16 | search=279 | target=phero(0.19,0.41)
R4[BASE_ESC  ]: carry=0 | base=0.23 | wall=2.31 | search=  0 | target=phero(0.35,0.44)

  [GIVE-UP] R3 returned empty after 468 searching steps
  [TARGET] R3 → PHERO (0.19, 0.41)
[DEPOSIT] R2 deposited! Total: 8
  [PHERO] Laid at (1.07, 0.09) density=11 prob=1.00 entries=7
  [TARGET] R2 → SITE (1.07, 0.09)

======================================================================
Step 4000 (2.1 min) | Pickups: 8 | Deposits: 8 | Rate: 3.75 tags/min | phero_entries=6 max_w=0.819
======================================================================
R1[GIVE_UP   ]: carry=0 | base=0.38 | wall=2.13 | search=156 | target=none
R2[BASE_ESC  ]: carry=0 | base=0.23 | wall=2.28 | search=  0 | target=site(1.07,0.09)
R3[SEARCH    ]: carry=0 | base=0.43 | wall=2.13 | search= 10 | target=phero(0.19,0.41)
R4[SEARCH    ]: carry=0 | base=0.51 | wall=2.05 | search=286 | target=phero(0.35,0.44)

  [GIVE-UP] R1 returned empty after 156 searching steps
  [TARGET] R1 → PHERO (0.35, 0.44)
[PICKUP] R2 picked up tag (density=9) | Total: 9
[DEPOSIT] R2 deposited! Total: 9
  [PHERO] Laid at (0.33, -0.10) density=9 prob=1.00 entries=7
  [TARGET] R2 → SITE (0.33, -0.10)
  [GIVE-UP] R3 returned empty after 468 searching steps
  [TARGET] R3 → PHERO (1.07, 0.09)

======================================================================
Step 4500 (2.4 min) | Pickups: 9 | Deposits: 9 | Rate: 3.75 tags/min | phero_entries=6 max_w=0.760
======================================================================
R1[SEARCH    ]: carry=0 | base=0.47 | wall=2.05 | search=208 | target=phero(0.35,0.44)
R2[SITE      ]: carry=0 | base=0.28 | wall=2.24 | search=  0 | target=site(0.33,-0.10)
R3[PHERO     ]: carry=0 | base=0.31 | wall=2.23 | search=  0 | target=phero(1.07,0.09)
R4[SEARCH    ]: carry=0 | base=0.64 | wall=1.87 | search=786 | target=phero(0.35,0.44)

[PICKUP] R3 picked up tag (density=10) | Total: 10

======================================================================
Step 5000 (2.7 min) | Pickups: 10 | Deposits: 9 | Rate: 3.38 tags/min | phero_entries=5 max_w=0.262
======================================================================
R1[SEARCH    ]: carry=0 | base=0.68 | wall=1.87 | search=708 | target=phero(0.35,0.44)
R2[SEARCH    ]: carry=0 | base=0.28 | wall=2.22 | search=413 | target=site(0.33,-0.10)
R3[SURVEY    ]: carry=1 | base=1.07 | wall=1.43 | search=  0 | target=none
R4[SEARCH    ]: carry=0 | base=0.44 | wall=2.06 | search=1286 | target=phero(0.35,0.44)

  [GIVE-UP] R4 returned empty after 1404 searching steps
  [TARGET] R4 → PHERO (0.33, -0.10)
[DEPOSIT] R3 deposited! Total: 10
  [PHERO] Laid at (1.07, 0.01) density=10 prob=1.00 entries=6
  [TARGET] R3 → SITE (1.07, 0.01)
[PICKUP] R2 picked up tag (density=8) | Total: 11

======================================================================
Step 5500 (2.9 min) | Pickups: 11 | Deposits: 10 | Rate: 3.41 tags/min | phero_entries=6 max_w=0.739
======================================================================
R1[SEARCH    ]: carry=0 | base=0.58 | wall=1.96 | search=1208 | target=phero(0.35,0.44)
R2[SURVEY    ]: carry=1 | base=0.39 | wall=2.14 | search=  0 | target=none
R3[SITE      ]: carry=0 | base=0.31 | wall=2.21 | search=  0 | target=site(1.07,0.01)
R4[SEARCH    ]: carry=0 | base=0.35 | wall=2.16 | search= 23 | target=phero(0.33,-0.10)

[PICKUP] R4 picked up tag (density=7) | Total: 12
[DEPOSIT] R2 deposited! Total: 11
  [PHERO] Laid at (0.35, -0.13) density=8 prob=1.00 entries=6
  [TARGET] R2 → SITE (0.35, -0.13)
[PICKUP] R3 picked up tag (density=9) | Total: 13

======================================================================
Step 6000 (3.2 min) | Pickups: 13 | Deposits: 11 | Rate: 3.44 tags/min | phero_entries=6 max_w=0.747
======================================================================
R1[SEARCH    ]: carry=0 | base=0.65 | wall=2.02 | search=1708 | target=phero(0.35,0.44)
R2[SITE      ]: carry=0 | base=0.27 | wall=2.23 | search=  0 | target=site(0.35,-0.13)
R3[SURVEY    ]: carry=1 | base=1.15 | wall=1.35 | search=  0 | target=none
R4[RTB       ]: carry=1 | base=0.53 | wall=1.97 | search=  0 | target=none

[DEPOSIT] R4 deposited! Total: 12
  [PHERO] Laid at (0.48, -0.10) density=7 prob=1.00 entries=7
  [TARGET] R4 → SITE (0.48, -0.10)
[DEPOSIT] R3 deposited! Total: 13
  [PHERO] Laid at (1.15, 0.01) density=9 prob=1.00 entries=7
  [TARGET] R3 → SITE (1.15, 0.01)

======================================================================
Step 6500 (3.5 min) | Pickups: 13 | Deposits: 13 | Rate: 3.75 tags/min | phero_entries=7 max_w=0.979
======================================================================
R1[SEARCH    ]: carry=0 | base=0.91 | wall=1.80 | search=2208 | target=phero(0.35,0.44)
R2[SEARCH    ]: carry=0 | base=0.31 | wall=2.20 | search=405 | target=site(0.35,-0.13)
R3[BASE_ESC  ]: carry=0 | base=0.23 | wall=2.27 | search=  0 | target=site(1.15,0.01)
R4[SEARCH    ]: carry=0 | base=0.28 | wall=2.23 | search=226 | target=site(0.48,-0.10)

  [GIVE-UP] R2 returned empty after 468 searching steps
  [TARGET] R2 → PHERO (0.35, -0.13)
  [GIVE-UP] R1 returned empty after 2496 searching steps
  [TARGET] R1 → PHERO (1.07, 0.01)

======================================================================
Step 7000 (3.7 min) | Pickups: 13 | Deposits: 13 | Rate: 3.48 tags/min | phero_entries=6 max_w=0.337
======================================================================
R1[BASE_ESC  ]: carry=0 | base=0.22 | wall=2.32 | search=  0 | target=phero(1.07,0.01)
R2[SEARCH    ]: carry=0 | base=0.42 | wall=2.12 | search= 36 | target=phero(0.35,-0.13)
R3[SEARCH    ]: carry=0 | base=1.11 | wall=1.39 | search= 95 | target=site(1.15,0.01)
R4[SEARCH    ]: carry=0 | base=0.47 | wall=2.07 | search=726 | target=site(0.48,-0.10)

[PICKUP] R2 picked up tag (density=6) | Total: 14
  [GIVE-UP] R4 returned empty after 936 searching steps
  [TARGET] R4 → PHERO (0.48, -0.10)
  [GIVE-UP] R3 returned empty after 156 searching steps
  [TARGET] R3 → PHERO (1.15, 0.01)
[DEPOSIT] R2 deposited! Total: 14
  [PHERO] Laid at (0.39, -0.17) density=6 prob=1.00 entries=6
  [TARGET] R2 → SITE (0.39, -0.17)
[PICKUP] R1 picked up tag (density=8) | Total: 15

======================================================================
Step 7500 (4.0 min) | Pickups: 15 | Deposits: 14 | Rate: 3.50 tags/min | phero_entries=6 max_w=0.752
======================================================================
R1[SURVEY    ]: carry=1 | base=1.17 | wall=1.33 | search=  0 | target=none
R2[SITE      ]: carry=0 | base=0.28 | wall=2.23 | search=  0 | target=site(0.39,-0.17)
R3[PHERO     ]: carry=0 | base=0.63 | wall=1.87 | search=  0 | target=phero(1.15,0.01)
R4[SEARCH    ]: carry=0 | base=0.49 | wall=2.03 | search= 38 | target=phero(0.48,-0.10)

[PICKUP] R2 picked up tag (density=5) | Total: 16
  [GIVE-UP] R4 returned empty after 312 searching steps
  [TARGET] R4 → PHERO (0.39, -0.17)
[DEPOSIT] R2 deposited! Total: 15
  [PHERO] Laid at (0.43, -0.17) density=5 prob=1.00 entries=6
  [TARGET] R2 → SITE (0.43, -0.17)

======================================================================
Step 8000 (4.3 min) | Pickups: 16 | Deposits: 15 | Rate: 3.52 tags/min | phero_entries=6 max_w=0.960
======================================================================
R1[RTB       ]: carry=1 | base=0.36 | wall=2.15 | search=  0 | target=none
R2[BASE_ESC  ]: carry=0 | base=0.20 | wall=2.30 | search=  0 | target=site(0.43,-0.17)
R3[GIVE_UP   ]: carry=0 | base=0.27 | wall=2.23 | search=156 | target=none
R4[PHERO     ]: carry=0 | base=0.34 | wall=2.19 | search=  0 | target=phero(0.39,-0.17)

  [GIVE-UP] R3 returned empty after 156 searching steps
  [TARGET] R3 → PHERO (0.39, -0.17)
[DEPOSIT] R1 deposited! Total: 16
  [PHERO] Laid at (1.17, -0.01) density=8 prob=1.00 entries=7
  [TARGET] R1 → SITE (1.17, -0.01)
[PICKUP] R3 picked up tag (density=4) | Total: 17

======================================================================
Step 8500 (4.5 min) | Pickups: 17 | Deposits: 16 | Rate: 3.53 tags/min | phero_entries=7 max_w=0.391
======================================================================
R1[SEARCH    ]: carry=0 | base=1.19 | wall=1.31 | search= 96 | target=site(1.17,-0.01)
R2[SEARCH    ]: carry=0 | base=0.45 | wall=2.05 | search=273 | target=site(0.43,-0.17)
R3[RTB       ]: carry=1 | base=0.48 | wall=2.08 | search=  0 | target=none
R4[SEARCH    ]: carry=0 | base=0.33 | wall=2.23 | search=491 | target=phero(0.39,-0.17)

[PICKUP] R1 picked up tag (density=7) | Total: 18
[DEPOSIT] R3 deposited! Total: 17
  [PHERO] Laid at (0.40, -0.24) density=4 prob=0.99 entries=7
  [TARGET] R3 → SITE (0.40, -0.24)

======================================================================
Step 9000 (4.8 min) | Pickups: 18 | Deposits: 17 | Rate: 3.54 tags/min | phero_entries=7 max_w=0.447
======================================================================
R1[RTB       ]: carry=1 | base=0.51 | wall=1.99 | search=  0 | target=none
R2[SEARCH    ]: carry=0 | base=0.28 | wall=2.23 | search=773 | target=site(0.43,-0.17)
R3[SEARCH    ]: carry=0 | base=0.55 | wall=1.97 | search=127 | target=site(0.40,-0.24)
R4[SEARCH    ]: carry=0 | base=0.27 | wall=2.26 | search=991 | target=phero(0.39,-0.17)

[DEPOSIT] R1 deposited! Total: 18
  [PHERO] Laid at (1.19, 0.05) density=7 prob=1.00 entries=7
  [TARGET] R1 → SITE (1.19, 0.05)
  [GIVE-UP] R2 returned empty after 936 searching steps
  [TARGET] R2 → PHERO (0.40, -0.24)
[PICKUP] R3 picked up tag (density=3) | Total: 19

======================================================================
Step 9500 (5.1 min) | Pickups: 19 | Deposits: 18 | Rate: 3.55 tags/min | phero_entries=6 max_w=0.464
======================================================================
R1[SITE      ]: carry=0 | base=1.13 | wall=1.37 | search=  0 | target=site(1.19,0.05)
R2[SEARCH    ]: carry=0 | base=0.37 | wall=2.15 | search=272 | target=phero(0.40,-0.24)
R3[RTB       ]: carry=1 | base=0.43 | wall=2.13 | search=  0 | target=none
R4[SEARCH    ]: carry=0 | base=0.36 | wall=2.20 | search=1491 | target=phero(0.39,-0.17)

[DEPOSIT] R3 deposited! Total: 19
  [TARGET] R3 → PHERO (0.40, -0.24)
[PICKUP] R3 picked up tag (density=2) | Total: 20
[PICKUP] R1 picked up tag (density=6) | Total: 21

======================================================================
Step 10000 (5.3 min) | Pickups: 21 | Deposits: 19 | Rate: 3.56 tags/min | phero_entries=5 max_w=0.160
======================================================================
R1[SURVEY    ]: carry=1 | base=1.17 | wall=1.33 | search=  0 | target=none
R2[SEARCH    ]: carry=0 | base=0.49 | wall=2.03 | search=772 | target=phero(0.40,-0.24)
R3[SURVEY    ]: carry=1 | base=0.47 | wall=2.11 | search=  0 | target=none
R4[SEARCH    ]: carry=0 | base=0.42 | wall=2.12 | search=1991 | target=phero(0.39,-0.17)

[DEPOSIT] R3 deposited! Total: 20
  [PHERO] Laid at (0.39, -0.26) density=2 prob=0.84 entries=6
  [TARGET] R3 → PHERO (0.40, -0.24)
[DEPOSIT] R1 deposited! Total: 21
  [PHERO] Laid at (1.17, 0.09) density=6 prob=1.00 entries=7
  [TARGET] R1 → SITE (1.17, 0.09)

======================================================================
Step 10500 (5.6 min) | Pickups: 21 | Deposits: 21 | Rate: 3.75 tags/min | phero_entries=7 max_w=0.928
======================================================================
R1[BASE_ESC  ]: carry=0 | base=0.22 | wall=2.28 | search=  0 | target=site(1.17,0.09)
R2[SEARCH    ]: carry=0 | base=0.50 | wall=2.01 | search=1272 | target=phero(0.40,-0.24)
R3[SEARCH    ]: carry=0 | base=0.49 | wall=2.07 | search= 36 | target=phero(0.40,-0.24)
R4[SEARCH    ]: carry=0 | base=0.69 | wall=1.92 | search=2491 | target=phero(0.39,-0.17)

[PICKUP] R1 picked up tag (density=5) | Total: 22
  [GIVE-UP] R2 returned empty after 1560 searching steps
  [TARGET] R2 → PHERO (1.17, 0.09)

======================================================================
Step 11000 (5.9 min) | Pickups: 22 | Deposits: 21 | Rate: 3.58 tags/min | phero_entries=6 max_w=0.320
======================================================================
R1[SURVEY    ]: carry=1 | base=1.19 | wall=1.32 | search=  0 | target=none
R2[PHERO     ]: carry=0 | base=0.29 | wall=2.22 | search=  0 | target=phero(1.17,0.09)
R3[SEARCH    ]: carry=0 | base=0.72 | wall=1.79 | search=536 | target=phero(0.40,-0.24)
R4[SEARCH    ]: carry=0 | base=0.44 | wall=2.18 | search=2991 | target=phero(0.39,-0.17)

  [GIVE-UP] R3 returned empty after 624 searching steps
  [TARGET] R3 → PHERO (1.17, 0.09)
[PICKUP] R4 picked up tag (density=1) | Total: 23
[DEPOSIT] R1 deposited! Total: 22
  [PHERO] Laid at (1.18, 0.13) density=5 prob=1.00 entries=5
  [TARGET] R1 → SITE (1.18, 0.13)

======================================================================
Step 11500 (6.1 min) | Pickups: 23 | Deposits: 22 | Rate: 3.59 tags/min | phero_entries=5 max_w=0.831
======================================================================
R1[BASE_ESC  ]: carry=0 | base=0.23 | wall=2.28 | search=  0 | target=site(1.18,0.13)
R2[SEARCH    ]: carry=0 | base=1.03 | wall=1.48 | search=281 | target=phero(1.17,0.09)
R3[PHERO     ]: carry=0 | base=0.52 | wall=1.99 | search=  0 | target=phero(1.17,0.09)
R4[SURVEY    ]: carry=1 | base=0.76 | wall=1.95 | search=  0 | target=none

[DEPOSIT] R4 deposited! Total: 23
  [TARGET] R4 → SITE (0.52, -0.54)
[PICKUP] R1 picked up tag (density=4) | Total: 24

======================================================================
Step 12000 (6.4 min) | Pickups: 24 | Deposits: 23 | Rate: 3.59 tags/min | phero_entries=4 max_w=0.286
======================================================================
R1[SURVEY    ]: carry=1 | base=1.22 | wall=1.28 | search=  0 | target=none
R2[SEARCH    ]: carry=0 | base=1.02 | wall=1.48 | search=781 | target=phero(1.17,0.09)
R3[SEARCH    ]: carry=0 | base=1.09 | wall=1.44 | search=342 | target=phero(1.17,0.09)
R4[SITE      ]: carry=0 | base=0.36 | wall=2.17 | search=  0 | target=site(0.52,-0.54)

[PICKUP] R3 picked up tag (density=3) | Total: 25
[DEPOSIT] R1 deposited! Total: 24
  [PHERO] Laid at (1.22, 0.01) density=4 prob=0.99 entries=4
  [TARGET] R1 → PHERO (1.22, 0.01)
  [GIVE-UP] R4 returned empty after 156 searching steps
  [TARGET] R4 → PHERO (1.22, 0.01)

======================================================================
Step 12500 (6.7 min) | Pickups: 25 | Deposits: 24 | Rate: 3.60 tags/min | phero_entries=4 max_w=0.934
======================================================================
R1[BASE_ESC  ]: carry=0 | base=0.22 | wall=2.28 | search=  0 | target=phero(1.22,0.01)
R2[SEARCH    ]: carry=0 | base=1.17 | wall=1.35 | search=1281 | target=phero(1.17,0.09)
R3[SURVEY    ]: carry=1 | base=1.24 | wall=1.27 | search=  0 | target=none
R4[BASE_ESC  ]: carry=0 | base=0.23 | wall=2.33 | search=  0 | target=phero(1.22,0.01)

[PICKUP] R1 picked up tag (density=2) | Total: 26
[DEPOSIT] R3 deposited! Total: 25
  [PHERO] Laid at (1.23, 0.20) density=3 prob=0.95 entries=5
  [TARGET] R3 → SITE (1.23, 0.20)

======================================================================
Step 13000 (6.9 min) | Pickups: 26 | Deposits: 25 | Rate: 3.61 tags/min | phero_entries=5 max_w=0.914
======================================================================
R1[SURVEY    ]: carry=1 | base=1.27 | wall=1.23 | search=  0 | target=none
R2[SEARCH    ]: carry=0 | base=1.20 | wall=1.31 | search=1781 | target=phero(1.17,0.09)
R3[BASE_ESC  ]: carry=0 | base=0.22 | wall=2.28 | search=  0 | target=site(1.23,0.20)
R4[SEARCH    ]: carry=0 | base=1.16 | wall=1.34 | search=129 | target=phero(1.22,0.01)

[PICKUP] R2 picked up tag (density=1) | Total: 27
[DEPOSIT] R1 deposited! Total: 26
  [PHERO] Laid at (1.24, 0.00) density=2 prob=0.84 entries=6
  [TARGET] R1 → PHERO (1.24, 0.00)

======================================================================
Step 13500 (7.2 min) | Pickups: 27 | Deposits: 26 | Rate: 3.61 tags/min | phero_entries=5 max_w=0.880
======================================================================
R1[BASE_ESC  ]: carry=0 | base=0.22 | wall=2.29 | search=  0 | target=phero(1.24,0.00)
R2[RTB       ]: carry=1 | base=0.71 | wall=1.79 | search=  0 | target=none
R3[SEARCH    ]: carry=0 | base=1.21 | wall=1.29 | search=166 | target=site(1.23,0.20)
R4[SEARCH    ]: carry=0 | base=1.49 | wall=1.03 | search=629 | target=phero(1.22,0.01)

[DEPOSIT] R2 deposited! Total: 27
  [PHERO] Laid at (1.23, 0.20) density=1 prob=0.60 entries=6
  [TARGET] R2 → SITE (1.23, 0.20)

======================================================================
Step 14000 (7.5 min) | Pickups: 27 | Deposits: 27 | Rate: 3.62 tags/min | phero_entries=5 max_w=0.444
======================================================================
R1[SEARCH    ]: carry=0 | base=1.35 | wall=1.15 | search=184 | target=phero(1.24,0.00)
R2[SEARCH    ]: carry=0 | base=1.21 | wall=1.31 | search=  4 | target=site(1.23,0.20)
R3[SEARCH    ]: carry=0 | base=1.20 | wall=1.31 | search=666 | target=site(1.23,0.20)
R4[SEARCH    ]: carry=0 | base=1.48 | wall=1.02 | search=1129 | target=phero(1.22,0.01)

  [GIVE-UP] R2 returned empty after 156 searching steps
  [TARGET] R2 → PHERO (1.23, 0.20)

======================================================================
Step 14500 (7.7 min) | Pickups: 27 | Deposits: 27 | Rate: 3.49 tags/min | phero_entries=5 max_w=0.153
======================================================================
R1[SEARCH    ]: carry=0 | base=1.24 | wall=1.26 | search=684 | target=phero(1.24,0.00)
R2[BASE_ESC  ]: carry=0 | base=0.25 | wall=2.26 | search=  0 | target=phero(1.23,0.20)
R3[SEARCH    ]: carry=0 | base=1.44 | wall=1.10 | search=1166 | target=site(1.23,0.20)
R4[SEARCH    ]: carry=0 | base=1.42 | wall=1.11 | search=1629 | target=phero(1.22,0.01)


======================================================================
Step 15000 (8.0 min) | Pickups: 27 | Deposits: 27 | Rate: 3.38 tags/min | phero_entries=4 max_w=0.053
======================================================================
R1[GIVE_UP   ]: carry=0 | base=1.01 | wall=1.49 | search=1092 | target=none
R2[SEARCH    ]: carry=0 | base=1.16 | wall=1.34 | search=232 | target=phero(1.23,0.20)
R3[SEARCH    ]: carry=0 | base=1.68 | wall=0.86 | search=1666 | target=site(1.23,0.20)
R4[SEARCH    ]: carry=0 | base=1.32 | wall=1.20 | search=2129 | target=phero(1.22,0.01)

  [GIVE-UP] R1 returned empty after 1092 searching steps
  [TARGET] R1 → PHERO (1.24, 0.00)
  [GIVE-UP] R2 returned empty after 312 searching steps
  [TARGET] R2 → PHERO (1.24, 0.00)

======================================================================
Step 15500 (8.3 min) | Pickups: 27 | Deposits: 27 | Rate: 3.27 tags/min | phero_entries=4 max_w=0.018
======================================================================
R1[PHERO     ]: carry=0 | base=0.89 | wall=1.61 | search=  0 | target=phero(1.24,0.00)
R2[BASE_ESC  ]: carry=0 | base=0.22 | wall=2.28 | search=  0 | target=phero(1.24,0.00)
R3[SEARCH    ]: carry=0 | base=1.79 | wall=0.81 | search=2166 | target=site(1.23,0.20)
R4[SEARCH    ]: carry=0 | base=1.37 | wall=1.13 | search=2629 | target=phero(1.22,0.01)


======================================================================
Step 16000 (8.5 min) | Pickups: 27 | Deposits: 27 | Rate: 3.16 tags/min | phero_entries=3 max_w=0.006
======================================================================
R1[SEARCH    ]: carry=0 | base=1.13 | wall=1.39 | search=421 | target=phero(1.24,0.00)
R2[SEARCH    ]: carry=0 | base=1.29 | wall=1.23 | search=174 | target=phero(1.24,0.00)
R3[GIVE_UP   ]: carry=0 | base=1.38 | wall=1.24 | search=2496 | target=none
R4[SEARCH    ]: carry=0 | base=1.19 | wall=1.35 | search=3129 | target=phero(1.22,0.01)

  [GIVE-UP] R3 returned empty after 2496 searching steps
  [TARGET] R3 → PHERO (1.23, 0.20)

======================================================================
Step 16500 (8.8 min) | Pickups: 27 | Deposits: 27 | Rate: 3.07 tags/min | phero_entries=2 max_w=0.002
======================================================================
R1[SEARCH    ]: carry=0 | base=1.23 | wall=1.27 | search=921 | target=phero(1.24,0.00)
R2[SEARCH    ]: carry=0 | base=1.17 | wall=1.34 | search=674 | target=phero(1.24,0.00)
R3[PHERO     ]: carry=0 | base=0.60 | wall=1.90 | search=  0 | target=phero(1.23,0.20)
R4[GIVE_UP   ]: carry=0 | base=0.49 | wall=2.02 | search=3432 | target=none

  [GIVE-UP] R4 returned empty after 3432 searching steps
  [TARGET] R4 → PHERO (1.24, 0.00)

======================================================================
Step 17000 (9.1 min) | Pickups: 27 | Deposits: 27 | Rate: 2.98 tags/min | phero_entries=0 max_w=0.000
======================================================================
R1[SEARCH    ]: carry=0 | base=1.13 | wall=1.38 | search=1421 | target=phero(1.24,0.00)
R2[SEARCH    ]: carry=0 | base=1.30 | wall=1.20 | search=1174 | target=phero(1.24,0.00)
R3[SEARCH    ]: carry=0 | base=0.92 | wall=1.61 | search=338 | target=phero(1.23,0.20)
R4[SEARCH    ]: carry=0 | base=1.22 | wall=1.28 | search= 77 | target=phero(1.24,0.00)


======================================================================
Step 17500 (9.3 min) | Pickups: 27 | Deposits: 27 | Rate: 2.89 tags/min | phero_entries=0 max_w=0.000
======================================================================
R1[SEARCH    ]: carry=0 | base=1.29 | wall=1.23 | search=1921 | target=phero(1.24,0.00)
R2[SEARCH    ]: carry=0 | base=1.11 | wall=1.43 | search=1674 | target=phero(1.24,0.00)
R3[GIVE_UP   ]: carry=0 | base=0.67 | wall=1.87 | search=780 | target=none
R4[SEARCH    ]: carry=0 | base=0.95 | wall=1.55 | search=577 | target=phero(1.24,0.00)

  [GIVE-UP] R3 returned empty after 780 searching steps
  [TARGET] R3 → WALL (2.42, -0.13)
  [GIVE-UP] R1 returned empty after 2028 searching steps
  [TARGET] R1 → WALL (2.42, -1.28)

======================================================================
Step 18000 (9.6 min) | Pickups: 27 | Deposits: 27 | Rate: 2.81 tags/min | phero_entries=0 max_w=0.000
======================================================================
R1[BASE_ESC  ]: carry=0 | base=0.22 | wall=2.28 | search=  0 | target=none
R2[SEARCH    ]: carry=0 | base=0.85 | wall=1.70 | search=2174 | target=phero(1.24,0.00)
R3[BASE_ESC  ]: carry=0 | base=0.16 | wall=2.34 | search=  0 | target=none
R4[GIVE_UP   ]: carry=0 | base=0.29 | wall=2.21 | search=780 | target=none

  [GIVE-UP] R4 returned empty after 780 searching steps
  [TARGET] R4 → WALL (-2.42, 0.37)

======================================================================
Step 18500 (9.9 min) | Pickups: 27 | Deposits: 27 | Rate: 2.74 tags/min | phero_entries=0 max_w=0.000
======================================================================
R1[GIVE_UP   ]: carry=0 | base=0.80 | wall=1.87 | search=156 | target=none
R2[SEARCH    ]: carry=0 | base=0.82 | wall=1.80 | search=2674 | target=phero(1.24,0.00)
R3[SEARCH    ]: carry=0 | base=0.87 | wall=1.66 | search=273 | target=none
R4[DEPART    ]: carry=0 | base=0.27 | wall=2.24 | search=  0 | target=none

  [GIVE-UP] R1 returned empty after 156 searching steps
  [TARGET] R1 → WALL (-2.42, -1.24)
  [GIVE-UP] R4 returned empty after 156 searching steps
  [TARGET] R4 → WALL (-0.87, 2.42)
TIMEOUT_RESULT pickups=27 deposits=27 steps=18750 elapsed_min=10.000000
BATCH_RESULT pickups=27 deposits=27
