=================================================================
CPFA BASELINE — ARGoS-calibrated parameters  (7×7m arena  192 tags)
  Params file                  = /home/sara/Documents/RL-FL-Foraging/controllers/cpfa_baseline/cpfa_params.yaml
  Results file                 = /home/sara/Documents/RL-FL-Foraging/controllers/cpfa_baseline/cpfa_baseline_7x7_results_20260811_130301_1.txt
  RateOfLayingPheromone        = 9.0
  RateOfSiteFidelity           = 2.29
  RateOfPheromoneDecay         = 0.1 /s  (lifetime ~69s)
  ProbabilityOfReturningToNest = 0.08 (every 5 sec → E[give-up] ~62s)
  UninformedSearchVariation    = 0.13 rad (7.4°)
  RateOfInformedSearchDecay    = 1.26 /waypoint
  ProbabilityOfSwitchingToSearching = 0.55 (every 5 sec in uninformed DEPARTING)
=================================================================

[PICKUP] R6 picked up tag (density=16) | Total: 1
[PICKUP] R7 picked up tag (density=15) | Total: 2
[PICKUP] R4 picked up tag (density=16) | Total: 3

======================================================================
Step 500 (0.3 min) | Pickups: 3 | Deposits: 0 | Rate: 0.00 tags/min | phero_entries=0 max_w=0.000
======================================================================
R1[SEARCH    ]: carry=0 | base=1.19 | wall=2.58 | search=344 | target=none
R2[SEARCH    ]: carry=0 | base=2.29 | wall=1.24 | search=344 | target=none
R3[SEARCH    ]: carry=0 | base=1.26 | wall=2.45 | search= 32 | target=none
R4[SURVEY    ]: carry=1 | base=1.74 | wall=2.15 | search=  0 | target=none
R5[SEARCH    ]: carry=0 | base=0.92 | wall=2.65 | search=344 | target=none
R6[RTB       ]: carry=1 | base=0.72 | wall=2.81 | search=  0 | target=none
R7[SURVEY    ]: carry=1 | base=1.20 | wall=2.31 | search=  0 | target=none
R8[SEARCH    ]: carry=0 | base=1.80 | wall=1.70 | search=344 | target=none
R9[SEARCH    ]: carry=0 | base=2.33 | wall=1.34 | search=188 | target=none
R10[DEPART    ]: carry=0 | base=2.24 | wall=1.62 | search=  0 | target=none
R11[SEARCH    ]: carry=0 | base=1.54 | wall=2.22 | search=188 | target=none
R12[SEARCH    ]: carry=0 | base=0.35 | wall=3.21 | search= 93 | target=none

[DEPOSIT] R6 deposited! Total: 1
  [PHERO] Laid at (-0.35, 0.92) density=16 prob=0.99 entries=1
  [TARGET] R6 → SITE (-0.35, 0.92)
[PICKUP] R2 picked up tag (density=16) | Total: 4
[DEPOSIT] R7 deposited! Total: 2
  [PHERO] Laid at (-0.13, 1.19) density=15 prob=0.98 entries=2
  [TARGET] R7 → SITE (-0.13, 1.19)
[PICKUP] R6 picked up tag (density=14) | Total: 5

======================================================================
Step 1000 (0.5 min) | Pickups: 5 | Deposits: 2 | Rate: 3.75 tags/min | phero_entries=2 max_w=0.784
======================================================================
R1[SEARCH    ]: carry=0 | base=2.59 | wall=0.94 | search=844 | target=none
R2[RTB       ]: carry=1 | base=2.46 | wall=1.07 | search=  0 | target=none
R3[SEARCH    ]: carry=0 | base=2.15 | wall=1.35 | search=532 | target=none
R4[RTB       ]: carry=1 | base=0.72 | wall=2.92 | search=  0 | target=none
R5[SEARCH    ]: carry=0 | base=2.53 | wall=0.99 | search=844 | target=none
R6[SURVEY    ]: carry=1 | base=1.00 | wall=2.56 | search=  0 | target=none
R7[BASE_ESC  ]: carry=0 | base=0.22 | wall=3.28 | search=  0 | target=site(-0.13,1.19)
R8[GIVE_UP   ]: carry=0 | base=1.26 | wall=2.24 | search=468 | target=none
R9[SEARCH    ]: carry=0 | base=3.14 | wall=0.39 | search=688 | target=none
R10[SEARCH    ]: carry=0 | base=3.74 | wall=0.57 | search=220 | target=none
R11[GIVE_UP   ]: carry=0 | base=0.95 | wall=2.72 | search=312 | target=none
R12[GIVE_UP   ]: carry=0 | base=1.58 | wall=2.06 | search=468 | target=none

[PICKUP] R5 picked up tag (density=16) | Total: 6
[PICKUP] R3 picked up tag (density=16) | Total: 7
[DEPOSIT] R4 deposited! Total: 3
  [PHERO] Laid at (-1.09, -1.35) density=16 prob=0.99 entries=3
  [TARGET] R4 → SITE (-1.09, -1.35)
  [GIVE-UP] R11 returned empty after 312 searching steps
  [TARGET] R11 → PHERO (-0.35, 0.92)
  [GIVE-UP] R8 returned empty after 468 searching steps
  [TARGET] R8 → PHERO (-0.13, 1.19)
[PICKUP] R7 picked up tag (density=13) | Total: 8
  [GIVE-UP] R12 returned empty after 468 searching steps
  [TARGET] R12 → PHERO (-1.09, -1.35)
[DEPOSIT] R6 deposited! Total: 4
  [PHERO] Laid at (-0.35, 0.94) density=14 prob=0.96 entries=4
  [TARGET] R6 → SITE (-0.35, 0.94)

======================================================================
Step 1500 (0.8 min) | Pickups: 8 | Deposits: 4 | Rate: 5.00 tags/min | phero_entries=4 max_w=0.772
======================================================================
R1[WALL_ESC  ]: carry=0 | base=3.17 | wall=0.33 | search=1344 | target=none
R2[RTB       ]: carry=1 | base=0.54 | wall=2.97 | search=  0 | target=none
R3[RTB       ]: carry=1 | base=1.57 | wall=1.93 | search=  0 | target=none
R4[SITE      ]: carry=0 | base=1.22 | wall=2.53 | search=  0 | target=site(-1.09,-1.35)
R5[RTB       ]: carry=1 | base=1.95 | wall=1.57 | search=  0 | target=none
R6[BASE_ESC  ]: carry=0 | base=0.22 | wall=3.28 | search=  0 | target=site(-0.35,0.94)
R7[SURVEY    ]: carry=1 | base=1.17 | wall=2.34 | search=  0 | target=none
R8[PHERO     ]: carry=0 | base=0.45 | wall=3.10 | search=  0 | target=phero(-0.13,1.19)
R9[SEARCH    ]: carry=0 | base=3.14 | wall=0.40 | search=1188 | target=none
R10[SEARCH    ]: carry=0 | base=4.17 | wall=0.35 | search=720 | target=none
R11[PHERO     ]: carry=0 | base=0.78 | wall=2.80 | search=  0 | target=phero(-0.35,0.92)
R12[PHERO     ]: carry=0 | base=0.31 | wall=3.19 | search=  0 | target=phero(-1.09,-1.35)

[DEPOSIT] R2 deposited! Total: 5
  [PHERO] Laid at (2.69, -0.51) density=16 prob=0.99 entries=5
  [TARGET] R2 → SITE (2.69, -0.51)
[PICKUP] R11 picked up tag (density=12) | Total: 9
[DEPOSIT] R3 deposited! Total: 6
  [PHERO] Laid at (-2.33, 0.10) density=16 prob=0.99 entries=6
  [TARGET] R3 → SITE (-2.33, 0.10)
[PICKUP] R8 picked up tag (density=11) | Total: 10
[DEPOSIT] R7 deposited! Total: 7
  [PHERO] Laid at (-0.13, 1.16) density=13 prob=0.93 entries=7
  [TARGET] R7 → SITE (-0.13, 1.16)
[DEPOSIT] R5 deposited! Total: 8
  [PHERO] Laid at (-2.69, -0.29) density=16 prob=0.99 entries=8
  [TARGET] R5 → SITE (-2.69, -0.29)

======================================================================
Step 2000 (1.1 min) | Pickups: 10 | Deposits: 8 | Rate: 7.50 tags/min | phero_entries=8 max_w=0.831
======================================================================
R1[WALL_ESC  ]: carry=0 | base=3.17 | wall=0.33 | search=1844 | target=none
R2[SITE      ]: carry=0 | base=1.39 | wall=2.13 | search=  0 | target=site(2.69,-0.51)
R3[SITE      ]: carry=0 | base=0.40 | wall=3.12 | search=  0 | target=site(-2.33,0.10)
R4[SEARCH    ]: carry=0 | base=1.54 | wall=2.38 | search=378 | target=site(-1.09,-1.35)
R5[BASE_ESC  ]: carry=0 | base=0.22 | wall=3.29 | search=  0 | target=site(-2.69,-0.29)
R6[SEARCH    ]: carry=0 | base=0.91 | wall=2.61 | search=260 | target=site(-0.35,0.94)
R7[BASE_ESC  ]: carry=0 | base=0.21 | wall=3.29 | search=  0 | target=site(-0.13,1.16)
R8[SURVEY    ]: carry=1 | base=1.18 | wall=2.34 | search=  0 | target=none
R9[SEARCH    ]: carry=0 | base=3.14 | wall=0.39 | search=1688 | target=none
R10[SEARCH    ]: carry=0 | base=4.08 | wall=0.38 | search=1220 | target=none
R11[RTB       ]: carry=1 | base=0.28 | wall=3.22 | search=  0 | target=none
R12[SEARCH    ]: carry=0 | base=1.72 | wall=2.17 | search= 28 | target=phero(-1.09,-1.35)

[DEPOSIT] R11 deposited! Total: 9
  [PHERO] Laid at (-0.31, 0.92) density=12 prob=0.88 entries=9
  [TARGET] R11 → SITE (-0.31, 0.92)
[PICKUP] R6 picked up tag (density=10) | Total: 11
[PICKUP] R12 picked up tag (density=15) | Total: 12
[PICKUP] R3 picked up tag (density=15) | Total: 13

======================================================================
Step 2500 (1.3 min) | Pickups: 13 | Deposits: 9 | Rate: 6.75 tags/min | phero_entries=9 max_w=0.214
======================================================================
R1[WALL_ESC  ]: carry=0 | base=3.17 | wall=0.33 | search=2344 | target=none
R2[SEARCH    ]: carry=0 | base=2.63 | wall=0.93 | search=161 | target=site(2.69,-0.51)
R3[SURVEY    ]: carry=1 | base=2.18 | wall=1.32 | search=  0 | target=none
R4[SEARCH    ]: carry=0 | base=2.44 | wall=1.06 | search=878 | target=site(-1.09,-1.35)
R5[SITE      ]: carry=0 | base=1.92 | wall=1.59 | search=  0 | target=site(-2.69,-0.29)
R6[RTB       ]: carry=1 | base=0.58 | wall=2.92 | search=  0 | target=none
R7[SEARCH    ]: carry=0 | base=1.18 | wall=2.34 | search=102 | target=site(-0.13,1.16)
R8[RTB       ]: carry=1 | base=0.52 | wall=2.98 | search=  0 | target=none
R9[SEARCH    ]: carry=0 | base=3.15 | wall=0.39 | search=2188 | target=none
R10[WALL_ESC  ]: carry=0 | base=4.20 | wall=0.31 | search=1716 | target=none
R11[SEARCH    ]: carry=0 | base=0.83 | wall=2.73 | search=186 | target=site(-0.31,0.92)
R12[RTB       ]: carry=1 | base=1.62 | wall=2.31 | search=  0 | target=none

[DEPOSIT] R8 deposited! Total: 10
  [PHERO] Laid at (-0.20, 1.16) density=11 prob=0.80 entries=10
  [TARGET] R8 → SITE (-0.20, 1.16)
[DEPOSIT] R6 deposited! Total: 11
  [PHERO] Laid at (-0.17, 1.19) density=10 prob=0.71 entries=11
  [TARGET] R6 → SITE (-0.17, 1.19)
[PICKUP] R2 picked up tag (density=16) | Total: 14
[DEPOSIT] R12 deposited! Total: 12
  [PHERO] Laid at (-1.25, -1.28) density=15 prob=0.98 entries=11
  [TARGET] R12 → SITE (-1.25, -1.28)
[PICKUP] R10 picked up tag (density=16) | Total: 15
[PICKUP] R8 picked up tag (density=9) | Total: 16

======================================================================
Step 3000 (1.6 min) | Pickups: 16 | Deposits: 12 | Rate: 7.50 tags/min | phero_entries=11 max_w=0.633
======================================================================
R1[WALL_ESC  ]: carry=0 | base=3.16 | wall=0.34 | search=2844 | target=none
R2[SURVEY    ]: carry=1 | base=2.41 | wall=1.20 | search=  0 | target=none
R3[RTB       ]: carry=1 | base=1.15 | wall=2.36 | search=  0 | target=none
R4[SEARCH    ]: carry=0 | base=3.29 | wall=0.53 | search=1378 | target=site(-1.09,-1.35)
R5[SEARCH    ]: carry=0 | base=2.70 | wall=0.80 | search=308 | target=site(-2.69,-0.29)
R6[SEARCH    ]: carry=0 | base=1.20 | wall=2.31 | search= 19 | target=site(-0.17,1.19)
R7[BASE_ESC  ]: carry=0 | base=0.25 | wall=3.25 | search=602 | target=site(-0.13,1.16)
R8[SURVEY    ]: carry=1 | base=1.26 | wall=2.25 | search=  0 | target=none
R9[GIVE_UP   ]: carry=0 | base=2.68 | wall=0.84 | search=2496 | target=none
R10[SURVEY    ]: carry=1 | base=2.91 | wall=1.27 | search=  0 | target=none
R11[SEARCH    ]: carry=0 | base=1.35 | wall=2.36 | search=686 | target=site(-0.31,0.92)
R12[SITE      ]: carry=0 | base=0.34 | wall=3.20 | search=  0 | target=site(-1.25,-1.28)

[PICKUP] R6 picked up tag (density=8) | Total: 17
[DEPOSIT] R3 deposited! Total: 13
  [PHERO] Laid at (-2.18, 0.10) density=15 prob=0.98 entries=11
  [TARGET] R3 → SITE (-2.18, 0.10)
[PICKUP] R5 picked up tag (density=14) | Total: 18

======================================================================
Step 3500 (1.9 min) | Pickups: 18 | Deposits: 13 | Rate: 6.96 tags/min | phero_entries=10 max_w=0.427
======================================================================
R1[WALL_ESC  ]: carry=0 | base=3.16 | wall=0.34 | search=3344 | target=none
R2[RTB       ]: carry=1 | base=1.11 | wall=2.42 | search=  0 | target=none
R3[SITE      ]: carry=0 | base=0.80 | wall=2.70 | search=  0 | target=site(-2.18,0.10)
R4[SEARCH    ]: carry=0 | base=3.98 | wall=0.36 | search=1878 | target=site(-1.09,-1.35)
R5[SURVEY    ]: carry=1 | base=2.62 | wall=0.91 | search=  0 | target=none
R6[RTB       ]: carry=1 | base=0.75 | wall=2.76 | search=  0 | target=none
R7[SEARCH    ]: carry=0 | base=1.50 | wall=2.00 | search=1102 | target=site(-0.13,1.16)
R8[RTB       ]: carry=1 | base=0.40 | wall=3.10 | search=  0 | target=none
R9[GIVE_UP   ]: carry=0 | base=0.76 | wall=2.74 | search=2496 | target=none
R10[RTB       ]: carry=1 | base=1.29 | wall=2.49 | search=  0 | target=none
R11[SEARCH    ]: carry=0 | base=3.06 | wall=1.28 | search=1186 | target=site(-0.31,0.92)
R12[SEARCH    ]: carry=0 | base=1.84 | wall=2.17 | search=130 | target=site(-1.25,-1.28)

[PICKUP] R12 picked up tag (density=14) | Total: 19
[DEPOSIT] R8 deposited! Total: 14
  [PHERO] Laid at (-0.21, 1.18) density=9 prob=0.59 entries=11
  [TARGET] R8 → SITE (-0.21, 1.18)
[DEPOSIT] R6 deposited! Total: 15
  [TARGET] R6 → SITE (-0.28, 1.14)
  [GIVE-UP] R9 returned empty after 2496 searching steps
  [TARGET] R9 → PHERO (-0.21, 1.18)
[DEPOSIT] R2 deposited! Total: 16
  [PHERO] Laid at (2.30, -0.73) density=16 prob=0.99 entries=11
  [TARGET] R2 → SITE (2.30, -0.73)
[DEPOSIT] R10 deposited! Total: 17
  [PHERO] Laid at (-1.87, 2.24) density=16 prob=0.99 entries=11
  [TARGET] R10 → SITE (-1.87, 2.24)

======================================================================
Step 4000 (2.1 min) | Pickups: 19 | Deposits: 17 | Rate: 7.97 tags/min | phero_entries=11 max_w=0.506
======================================================================
R1[WALL_ESC  ]: carry=0 | base=3.16 | wall=0.34 | search=3844 | target=none
R2[SITE      ]: carry=0 | base=0.85 | wall=2.72 | search=  0 | target=site(2.30,-0.73)
R3[SEARCH    ]: carry=0 | base=2.11 | wall=1.39 | search=152 | target=site(-2.18,0.10)
R4[WALL_ESC  ]: carry=0 | base=3.98 | wall=0.31 | search=2378 | target=site(-1.09,-1.35)
R5[RTB       ]: carry=1 | base=0.82 | wall=2.69 | search=  0 | target=none
R6[SEARCH    ]: carry=0 | base=1.16 | wall=2.38 | search= 11 | target=site(-0.28,1.14)
R7[SEARCH    ]: carry=0 | base=2.15 | wall=1.85 | search=1602 | target=site(-0.13,1.16)
R8[SEARCH    ]: carry=0 | base=1.18 | wall=2.34 | search= 42 | target=site(-0.21,1.18)
R9[PHERO     ]: carry=0 | base=1.10 | wall=2.41 | search=  0 | target=phero(-0.21,1.18)
R10[SITE      ]: carry=0 | base=0.61 | wall=2.97 | search=  0 | target=site(-1.87,2.24)
R11[GIVE_UP   ]: carry=0 | base=1.87 | wall=2.10 | search=1248 | target=none
R12[RTB       ]: carry=1 | base=0.87 | wall=2.88 | search=  0 | target=none

[PICKUP] R8 picked up tag (density=7) | Total: 20
[PICKUP] R6 picked up tag (density=6) | Total: 21
[DEPOSIT] R5 deposited! Total: 18
  [PHERO] Laid at (-2.60, 0.39) density=14 prob=0.96 entries=9
  [TARGET] R5 → SITE (-2.60, 0.39)
[DEPOSIT] R12 deposited! Total: 19
  [PHERO] Laid at (-1.33, -1.28) density=14 prob=0.96 entries=10
  [TARGET] R12 → SITE (-1.33, -1.28)
[PICKUP] R2 picked up tag (density=15) | Total: 22
[PICKUP] R9 picked up tag (density=5) | Total: 23
[PICKUP] R7 picked up tag (density=15) | Total: 24
  [GIVE-UP] R11 returned empty after 1248 searching steps
  [TARGET] R11 → PHERO (-2.60, 0.39)
[PICKUP] R10 picked up tag (density=15) | Total: 25

======================================================================
Step 4500 (2.4 min) | Pickups: 25 | Deposits: 19 | Rate: 7.92 tags/min | phero_entries=9 max_w=0.339
======================================================================
R1[SEARCH    ]: carry=0 | base=3.15 | wall=0.35 | search=4344 | target=none
R2[RTB       ]: carry=1 | base=1.90 | wall=1.69 | search=  0 | target=none
R3[GIVE_UP   ]: carry=0 | base=2.98 | wall=0.84 | search=624 | target=none
R4[GIVE_UP   ]: carry=0 | base=2.61 | wall=1.45 | search=2496 | target=none
R5[SITE      ]: carry=0 | base=1.13 | wall=2.37 | search=  0 | target=site(-2.60,0.39)
R6[RTB       ]: carry=1 | base=0.46 | wall=3.05 | search=  0 | target=none
R7[SURVEY    ]: carry=1 | base=2.75 | wall=0.80 | search=  0 | target=none
R8[RTB       ]: carry=1 | base=0.54 | wall=2.96 | search=  0 | target=none
R9[SURVEY    ]: carry=1 | base=1.41 | wall=2.12 | search=  0 | target=none
R10[SURVEY    ]: carry=1 | base=2.30 | wall=1.72 | search=  0 | target=none
R11[BASE_ESC  ]: carry=0 | base=0.22 | wall=3.33 | search=  0 | target=phero(-2.60,0.39)
R12[SITE      ]: carry=0 | base=1.08 | wall=2.69 | search=  0 | target=site(-1.33,-1.28)

[DEPOSIT] R6 deposited! Total: 20
  [TARGET] R6 → SITE (-0.30, 1.15)
[DEPOSIT] R8 deposited! Total: 21
  [PHERO] Laid at (-0.23, 1.21) density=7 prob=0.32 entries=10
  [TARGET] R8 → SITE (-0.23, 1.21)
[PICKUP] R5 picked up tag (density=13) | Total: 26
[DEPOSIT] R2 deposited! Total: 22
  [PHERO] Laid at (1.78, -0.58) density=15 prob=0.98 entries=9
  [TARGET] R2 → SITE (1.78, -0.58)

======================================================================
Step 5000 (2.7 min) | Pickups: 26 | Deposits: 22 | Rate: 8.25 tags/min | phero_entries=9 max_w=0.947
======================================================================
R1[SEARCH    ]: carry=0 | base=3.14 | wall=0.36 | search=4844 | target=none
R2[BASE_ESC  ]: carry=0 | base=0.23 | wall=3.28 | search=  0 | target=site(1.78,-0.58)
R3[GIVE_UP   ]: carry=0 | base=1.34 | wall=2.32 | search=624 | target=none
R4[GIVE_UP   ]: carry=0 | base=0.69 | wall=2.96 | search=2496 | target=none
R5[RTB       ]: carry=1 | base=2.07 | wall=1.45 | search=  0 | target=none
R6[SITE      ]: carry=0 | base=0.90 | wall=2.61 | search=  0 | target=site(-0.30,1.15)
R7[RTB       ]: carry=1 | base=1.70 | wall=1.82 | search=  0 | target=none
R8[SITE      ]: carry=0 | base=0.96 | wall=2.55 | search=  0 | target=site(-0.23,1.21)
R9[RTB       ]: carry=1 | base=0.97 | wall=2.54 | search=  0 | target=none
R10[RTB       ]: carry=1 | base=1.05 | wall=2.67 | search=  0 | target=none
R11[PHERO     ]: carry=0 | base=0.88 | wall=2.69 | search=  0 | target=phero(-2.60,0.39)
R12[SEARCH    ]: carry=0 | base=1.43 | wall=2.29 | search=314 | target=site(-1.33,-1.28)

  [GIVE-UP] R4 returned empty after 2496 searching steps
  [TARGET] R4 → PHERO (1.78, -0.58)
[DEPOSIT] R9 deposited! Total: 23
  [PHERO] Laid at (-0.30, 1.38) density=5 prob=0.12 entries=9
  [TARGET] R9 → SITE (-0.30, 1.38)
[DEPOSIT] R10 deposited! Total: 24
  [PHERO] Laid at (-1.45, 1.78) density=15 prob=0.98 entries=10
  [TARGET] R10 → SITE (-1.45, 1.78)
  [GIVE-UP] R3 returned empty after 624 searching steps
  [TARGET] R3 → PHERO (-1.45, 1.78)
[PICKUP] R11 picked up tag (density=12) | Total: 27
[DEPOSIT] R7 deposited! Total: 25
  [PHERO] Laid at (2.70, -0.52) density=15 prob=0.98 entries=10
  [TARGET] R7 → SITE (2.70, -0.52)
[DEPOSIT] R5 deposited! Total: 26
  [PHERO] Laid at (-2.08, 0.29) density=13 prob=0.93 entries=11
  [TARGET] R5 → SITE (-2.08, 0.29)

======================================================================
Step 5500 (2.9 min) | Pickups: 27 | Deposits: 26 | Rate: 8.86 tags/min | phero_entries=11 max_w=0.990
======================================================================
R1[SEARCH    ]: carry=0 | base=3.14 | wall=0.36 | search=5344 | target=none
R2[SITE      ]: carry=0 | base=1.62 | wall=1.96 | search=  0 | target=site(1.78,-0.58)
R3[PHERO     ]: carry=0 | base=0.55 | wall=3.03 | search=  0 | target=phero(-1.45,1.78)
R4[PHERO     ]: carry=0 | base=0.27 | wall=3.23 | search=  0 | target=phero(1.78,-0.58)
R5[BASE_ESC  ]: carry=0 | base=0.24 | wall=3.26 | search=  0 | target=site(-2.08,0.29)
R6[SEARCH    ]: carry=0 | base=1.69 | wall=1.83 | search=427 | target=site(-0.30,1.15)
R7[BASE_ESC  ]: carry=0 | base=0.23 | wall=3.29 | search=  0 | target=site(2.70,-0.52)
R8[SEARCH    ]: carry=0 | base=1.71 | wall=1.80 | search=443 | target=site(-0.23,1.21)
R9[SITE      ]: carry=0 | base=0.74 | wall=2.77 | search=  0 | target=site(-0.30,1.38)
R10[SITE      ]: carry=0 | base=0.63 | wall=2.93 | search=  0 | target=site(-1.45,1.78)
R11[SURVEY    ]: carry=1 | base=2.11 | wall=1.42 | search=  0 | target=none
R12[GIVE_UP   ]: carry=0 | base=1.38 | wall=2.24 | search=780 | target=none

[PICKUP] R2 picked up tag (density=14) | Total: 28
[PICKUP] R8 picked up tag (density=16) | Total: 29
  [GIVE-UP] R12 returned empty after 780 searching steps
  [TARGET] R12 → PHERO (-2.08, 0.29)
[PICKUP] R10 picked up tag (density=14) | Total: 30
[PICKUP] R7 picked up tag (density=13) | Total: 31

======================================================================
Step 6000 (3.2 min) | Pickups: 31 | Deposits: 26 | Rate: 8.12 tags/min | phero_entries=8 max_w=0.200
======================================================================
R1[SEARCH    ]: carry=0 | base=3.14 | wall=0.36 | search=5844 | target=none
R2[RTB       ]: carry=1 | base=1.48 | wall=2.06 | search=  0 | target=none
R3[SEARCH    ]: carry=0 | base=2.28 | wall=1.73 | search= 33 | target=phero(-1.45,1.78)
R4[PHERO     ]: carry=0 | base=1.70 | wall=1.87 | search=  0 | target=phero(1.78,-0.58)
R5[SITE      ]: carry=0 | base=1.38 | wall=2.14 | search=  0 | target=site(-2.08,0.29)
R6[WALL_ESC  ]: carry=0 | base=3.17 | wall=0.33 | search=927 | target=site(-0.30,1.15)
R7[SURVEY    ]: carry=1 | base=2.02 | wall=1.52 | search=  0 | target=none
R8[RTB       ]: carry=1 | base=2.19 | wall=1.33 | search=  0 | target=none
R9[SEARCH    ]: carry=0 | base=1.59 | wall=1.92 | search=339 | target=site(-0.30,1.38)
R10[SURVEY    ]: carry=1 | base=2.35 | wall=1.68 | search=  0 | target=none
R11[RTB       ]: carry=1 | base=0.82 | wall=2.69 | search=  0 | target=none
R12[PHERO     ]: carry=0 | base=0.27 | wall=3.30 | search=  0 | target=phero(-2.08,0.29)

[PICKUP] R3 picked up tag (density=13) | Total: 32
[DEPOSIT] R11 deposited! Total: 27
  [PHERO] Laid at (-2.07, 0.37) density=12 prob=0.88 entries=9
  [TARGET] R11 → SITE (-2.07, 0.37)
[PICKUP] R9 picked up tag (density=15) | Total: 33
[PICKUP] R4 picked up tag (density=12) | Total: 34
[DEPOSIT] R2 deposited! Total: 28
  [PHERO] Laid at (1.79, -0.58) density=14 prob=0.96 entries=8
  [TARGET] R2 → SITE (1.79, -0.58)

======================================================================
Step 6500 (3.5 min) | Pickups: 34 | Deposits: 28 | Rate: 8.08 tags/min | phero_entries=8 max_w=0.564
======================================================================
R1[SEARCH    ]: carry=0 | base=3.13 | wall=0.37 | search=6344 | target=none
R2[SITE      ]: carry=0 | base=0.48 | wall=3.07 | search=  0 | target=site(1.79,-0.58)
R3[RTB       ]: carry=1 | base=1.95 | wall=1.92 | search=  0 | target=none
R4[RTB       ]: carry=1 | base=1.95 | wall=1.69 | search=  0 | target=none
R5[SEARCH    ]: carry=0 | base=1.66 | wall=1.90 | search=326 | target=site(-2.08,0.29)
R6[GIVE_UP   ]: carry=0 | base=1.60 | wall=1.90 | search=936 | target=none
R7[RTB       ]: carry=1 | base=1.23 | wall=2.29 | search=  0 | target=none
R8[RTB       ]: carry=1 | base=0.27 | wall=3.24 | search=  0 | target=none
R9[RTB       ]: carry=1 | base=1.72 | wall=1.83 | search=  0 | target=none
R10[RTB       ]: carry=1 | base=1.55 | wall=2.26 | search=  0 | target=none
R11[SITE      ]: carry=0 | base=1.13 | wall=2.38 | search=  0 | target=site(-2.07,0.37)
R12[SEARCH    ]: carry=0 | base=2.07 | wall=1.45 | search=  6 | target=phero(-2.08,0.29)

[DEPOSIT] R8 deposited! Total: 29
  [PHERO] Laid at (-0.37, 2.31) density=16 prob=0.99 entries=9
  [TARGET] R8 → SITE (-0.37, 2.31)
[DEPOSIT] R7 deposited! Total: 30
  [PHERO] Laid at (1.98, -0.42) density=13 prob=0.93 entries=9
  [TARGET] R7 → SITE (1.98, -0.42)
[DEPOSIT] R10 deposited! Total: 31
  [PHERO] Laid at (-1.49, 1.81) density=14 prob=0.96 entries=10
  [TARGET] R10 → SITE (-1.49, 1.81)
  [GIVE-UP] R6 returned empty after 936 searching steps
  [TARGET] R6 → PHERO (-1.49, 1.81)
[DEPOSIT] R9 deposited! Total: 32
  [PHERO] Laid at (-0.58, 2.05) density=15 prob=0.98 entries=11
  [TARGET] R9 → SITE (-0.58, 2.05)
[DEPOSIT] R3 deposited! Total: 33
  [TARGET] R3 → SITE (-1.44, 1.86)

======================================================================
Step 7000 (3.7 min) | Pickups: 34 | Deposits: 33 | Rate: 8.84 tags/min | phero_entries=11 max_w=0.779
======================================================================
R1[SEARCH    ]: carry=0 | base=3.13 | wall=0.37 | search=6844 | target=none
R2[SEARCH    ]: carry=0 | base=1.92 | wall=1.68 | search= 68 | target=site(1.79,-0.58)
R3[BASE_ESC  ]: carry=0 | base=0.23 | wall=3.31 | search=  0 | target=site(-1.44,1.86)
R4[RTB       ]: carry=1 | base=0.50 | wall=3.03 | search=  0 | target=none
R5[SEARCH    ]: carry=0 | base=2.17 | wall=1.48 | search=826 | target=site(-2.08,0.29)
R6[PHERO     ]: carry=0 | base=0.30 | wall=3.21 | search=  0 | target=phero(-1.49,1.81)
R7[SITE      ]: carry=0 | base=0.71 | wall=2.79 | search=  0 | target=site(1.98,-0.42)
R8[SITE      ]: carry=0 | base=1.43 | wall=2.10 | search=  0 | target=site(-0.37,2.31)
R9[BASE_ESC  ]: carry=0 | base=0.21 | wall=3.29 | search=  0 | target=site(-0.58,2.05)
R10[SITE      ]: carry=0 | base=0.41 | wall=3.17 | search=  0 | target=site(-1.49,1.81)
R11[GIVE_UP   ]: carry=0 | base=1.63 | wall=1.90 | search=156 | target=none
R12[GIVE_UP   ]: carry=0 | base=1.53 | wall=2.04 | search=312 | target=none

[PICKUP] R5 picked up tag (density=14) | Total: 35
[DEPOSIT] R4 deposited! Total: 34
  [PHERO] Laid at (1.78, -0.74) density=12 prob=0.88 entries=12
  [TARGET] R4 → SITE (1.78, -0.74)
[PICKUP] R6 picked up tag (density=4) | Total: 36
  [GIVE-UP] R12 returned empty after 312 searching steps
  [TARGET] R12 → PHERO (1.79, -0.58)
  [GIVE-UP] R11 returned empty after 156 searching steps
  [TARGET] R11 → PHERO (1.78, -0.74)
[PICKUP] R9 picked up tag (density=3) | Total: 37
[PICKUP] R8 picked up tag (density=13) | Total: 38
[PICKUP] R2 picked up tag (density=16) | Total: 39

======================================================================
Step 7500 (4.0 min) | Pickups: 39 | Deposits: 34 | Rate: 8.50 tags/min | phero_entries=9 max_w=0.248
======================================================================
R1[SEARCH    ]: carry=0 | base=3.12 | wall=0.38 | search=7344 | target=none
R2[SURVEY    ]: carry=1 | base=2.19 | wall=1.45 | search=  0 | target=none
R3[SITE      ]: carry=0 | base=1.85 | wall=2.03 | search=  0 | target=site(-1.44,1.86)
R4[SITE      ]: carry=0 | base=1.47 | wall=2.15 | search=  0 | target=site(1.78,-0.74)
R5[RTB       ]: carry=1 | base=1.14 | wall=2.42 | search=  0 | target=none
R6[RTB       ]: carry=1 | base=0.98 | wall=2.63 | search=  0 | target=none
R7[SEARCH    ]: carry=0 | base=1.90 | wall=1.63 | search=170 | target=site(1.98,-0.42)
R8[SURVEY    ]: carry=1 | base=2.51 | wall=1.02 | search=  0 | target=none
R9[SURVEY    ]: carry=1 | base=1.26 | wall=2.29 | search=  0 | target=none
R10[SEARCH    ]: carry=0 | base=2.31 | wall=1.72 | search=  7 | target=site(-1.49,1.81)
R11[PHERO     ]: carry=0 | base=0.27 | wall=3.26 | search=  0 | target=phero(1.78,-0.74)
R12[PHERO     ]: carry=0 | base=0.27 | wall=3.29 | search=  0 | target=phero(1.79,-0.58)

[PICKUP] R7 picked up tag (density=11) | Total: 40
[PICKUP] R4 picked up tag (density=10) | Total: 41
[DEPOSIT] R6 deposited! Total: 35
  [TARGET] R6 → SITE (-0.54, 0.92)
[DEPOSIT] R5 deposited! Total: 36
  [PHERO] Laid at (-0.78, 2.05) density=14 prob=0.96 entries=8
  [TARGET] R5 → SITE (-0.78, 2.05)
[PICKUP] R10 picked up tag (density=12) | Total: 42

======================================================================
Step 8000 (4.3 min) | Pickups: 42 | Deposits: 36 | Rate: 8.44 tags/min | phero_entries=8 max_w=0.551
======================================================================
R1[GIVE_UP   ]: carry=0 | base=2.05 | wall=1.46 | search=7488 | target=none
R2[RTB       ]: carry=1 | base=1.10 | wall=2.46 | search=  0 | target=none
R3[SEARCH    ]: carry=0 | base=2.49 | wall=1.38 | search=381 | target=site(-1.44,1.86)
R4[RTB       ]: carry=1 | base=1.94 | wall=1.71 | search=  0 | target=none
R5[SITE      ]: carry=0 | base=0.36 | wall=3.15 | search=  0 | target=site(-0.78,2.05)
R6[SITE      ]: carry=0 | base=0.27 | wall=3.24 | search=  0 | target=site(-0.54,0.92)
R7[RTB       ]: carry=1 | base=1.66 | wall=1.88 | search=  0 | target=none
R8[RTB       ]: carry=1 | base=1.24 | wall=2.26 | search=  0 | target=none
R9[RTB       ]: carry=1 | base=0.34 | wall=3.16 | search=  0 | target=none
R10[SURVEY    ]: carry=1 | base=2.50 | wall=1.17 | search=  0 | target=none
R11[PHERO     ]: carry=0 | base=0.27 | wall=3.23 | search=  0 | target=phero(1.78,-0.74)
R12[PHERO     ]: carry=0 | base=1.71 | wall=1.88 | search=  0 | target=phero(1.79,-0.58)

[DEPOSIT] R9 deposited! Total: 37
  [TARGET] R9 → SITE (-0.36, 1.20)
[DEPOSIT] R2 deposited! Total: 38
  [PHERO] Laid at (2.04, 0.79) density=16 prob=0.99 entries=9
  [TARGET] R2 → SITE (2.04, 0.79)
[PICKUP] R5 picked up tag (density=2) | Total: 43
[DEPOSIT] R8 deposited! Total: 39
  [PHERO] Laid at (-0.38, 2.48) density=13 prob=0.93 entries=10
  [TARGET] R8 → SITE (-0.38, 2.48)
[DEPOSIT] R7 deposited! Total: 40
  [PHERO] Laid at (1.88, -0.57) density=11 prob=0.80 entries=10
  [TARGET] R7 → SITE (1.88, -0.57)
[DEPOSIT] R4 deposited! Total: 41
  [PHERO] Laid at (1.78, -0.82) density=10 prob=0.71 entries=11
  [TARGET] R4 → SITE (1.78, -0.82)
  [GIVE-UP] R1 returned empty after 7488 searching steps
  [TARGET] R1 → PHERO (1.78, -0.82)

======================================================================
Step 8500 (4.5 min) | Pickups: 43 | Deposits: 41 | Rate: 9.04 tags/min | phero_entries=10 max_w=0.877
======================================================================
R1[BASE_ESC  ]: carry=0 | base=0.23 | wall=3.28 | search=  0 | target=phero(1.78,-0.82)
R2[SITE      ]: carry=0 | base=0.71 | wall=2.82 | search=  0 | target=site(2.04,0.79)
R3[SEARCH    ]: carry=0 | base=3.70 | wall=0.36 | search=881 | target=site(-1.44,1.86)
R4[BASE_ESC  ]: carry=0 | base=0.23 | wall=3.28 | search=  0 | target=site(1.78,-0.82)
R5[RTB       ]: carry=1 | base=1.21 | wall=2.36 | search=  0 | target=none
R6[SEARCH    ]: carry=0 | base=0.82 | wall=2.77 | search=245 | target=site(-0.54,0.92)
R7[SITE      ]: carry=0 | base=0.28 | wall=3.28 | search=  0 | target=site(1.88,-0.57)
R8[SITE      ]: carry=0 | base=0.62 | wall=2.88 | search=  0 | target=site(-0.38,2.48)
R9[SEARCH    ]: carry=0 | base=1.26 | wall=2.29 | search= 22 | target=site(-0.36,1.20)
R10[RTB       ]: carry=1 | base=1.28 | wall=2.29 | search=  0 | target=none
R11[PHERO     ]: carry=0 | base=1.68 | wall=1.94 | search=  0 | target=phero(1.78,-0.74)
R12[SEARCH    ]: carry=0 | base=2.13 | wall=1.51 | search=468 | target=phero(1.79,-0.58)

[PICKUP] R12 picked up tag (density=15) | Total: 44
[DEPOSIT] R5 deposited! Total: 42
  [TARGET] R5 → SITE (-0.36, 1.17)
[DEPOSIT] R10 deposited! Total: 43
  [TARGET] R10 → SITE (-0.90, 2.33)
  [GIVE-UP] R9 returned empty after 312 searching steps
  [TARGET] R9 → PHERO (1.78, -0.82)
[PICKUP] R2 picked up tag (density=14) | Total: 45

======================================================================
Step 9000 (4.8 min) | Pickups: 45 | Deposits: 43 | Rate: 8.96 tags/min | phero_entries=7 max_w=0.177
======================================================================
R1[PHERO     ]: carry=0 | base=1.64 | wall=1.99 | search=  0 | target=phero(1.78,-0.82)
R2[SURVEY    ]: carry=1 | base=2.22 | wall=1.45 | search=  0 | target=none
R3[SEARCH    ]: carry=0 | base=3.70 | wall=0.36 | search=1381 | target=site(-1.44,1.86)
R4[SITE      ]: carry=0 | base=1.82 | wall=1.84 | search=  0 | target=site(1.78,-0.82)
R5[SITE      ]: carry=0 | base=0.60 | wall=2.91 | search=  0 | target=site(-0.36,1.17)
R6[SEARCH    ]: carry=0 | base=1.83 | wall=2.17 | search=745 | target=site(-0.54,0.92)
R7[SEARCH    ]: carry=0 | base=1.98 | wall=1.59 | search= 67 | target=site(1.88,-0.57)
R8[SEARCH    ]: carry=0 | base=2.48 | wall=1.05 | search= 18 | target=site(-0.38,2.48)
R9[BASE_ESC  ]: carry=0 | base=0.23 | wall=3.27 | search=  0 | target=phero(1.78,-0.82)
R10[SITE      ]: carry=0 | base=0.57 | wall=3.03 | search=  0 | target=site(-0.90,2.33)
R11[SEARCH    ]: carry=0 | base=2.08 | wall=1.98 | search=447 | target=phero(1.78,-0.74)
R12[RTB       ]: carry=1 | base=1.39 | wall=2.18 | search=  0 | target=none

[PICKUP] R6 picked up tag (density=13) | Total: 46
[PICKUP] R11 picked up tag (density=16) | Total: 47
[PICKUP] R10 picked up tag (density=1) | Total: 48
[DEPOSIT] R12 deposited! Total: 44
  [PHERO] Laid at (2.00, 0.79) density=15 prob=0.98 entries=6
  [TARGET] R12 → SITE (2.00, 0.79)

======================================================================
Step 9500 (5.1 min) | Pickups: 48 | Deposits: 44 | Rate: 8.68 tags/min | phero_entries=6 max_w=0.522
======================================================================
R1[GIVE_UP   ]: carry=0 | base=0.91 | wall=2.66 | search=156 | target=none
R2[RTB       ]: carry=1 | base=1.34 | wall=2.24 | search=  0 | target=none
R3[SEARCH    ]: carry=0 | base=3.65 | wall=0.38 | search=1881 | target=site(-1.44,1.86)
R4[GIVE_UP   ]: carry=0 | base=0.65 | wall=2.92 | search=156 | target=none
R5[GIVE_UP   ]: carry=0 | base=0.89 | wall=2.71 | search=156 | target=none
R6[RTB       ]: carry=1 | base=0.87 | wall=2.85 | search=  0 | target=none
R7[SEARCH    ]: carry=0 | base=2.72 | wall=0.96 | search=567 | target=site(1.88,-0.57)
R8[WALL_ESC  ]: carry=0 | base=3.29 | wall=0.31 | search=518 | target=site(-0.38,2.48)
R9[PHERO     ]: carry=0 | base=1.53 | wall=2.09 | search=  0 | target=phero(1.78,-0.82)
R10[RTB       ]: carry=1 | base=0.91 | wall=2.65 | search=  0 | target=none
R11[RTB       ]: carry=1 | base=2.24 | wall=1.75 | search=  0 | target=none
R12[SITE      ]: carry=0 | base=0.57 | wall=3.00 | search=  0 | target=site(2.00,0.79)

  [GIVE-UP] R4 returned empty after 156 searching steps
  [TARGET] R4 → PHERO (2.00, 0.79)
[DEPOSIT] R6 deposited! Total: 45
  [PHERO] Laid at (-1.27, -1.35) density=13 prob=0.93 entries=7
  [TARGET] R6 → SITE (-1.27, -1.35)
  [GIVE-UP] R5 returned empty after 156 searching steps
  [TARGET] R5 → PHERO (-1.27, -1.35)
[DEPOSIT] R10 deposited! Total: 46
  [TARGET] R10 → SITE (-0.53, 1.15)
  [GIVE-UP] R1 returned empty after 156 searching steps
  [TARGET] R1 → PHERO (2.00, 0.79)
[DEPOSIT] R2 deposited! Total: 47
  [PHERO] Laid at (2.05, 0.86) density=14 prob=0.96 entries=8
  [TARGET] R2 → SITE (2.05, 0.86)

======================================================================
Step 10000 (5.3 min) | Pickups: 48 | Deposits: 47 | Rate: 8.81 tags/min | phero_entries=7 max_w=0.503
======================================================================
R1[PHERO     ]: carry=0 | base=0.88 | wall=2.63 | search=  0 | target=phero(2.00,0.79)
R2[SITE      ]: carry=0 | base=0.62 | wall=2.96 | search=  0 | target=site(2.05,0.86)
R3[WALL_ESC  ]: carry=0 | base=3.75 | wall=0.31 | search=2381 | target=site(-1.44,1.86)
R4[PHERO     ]: carry=0 | base=1.04 | wall=2.50 | search=  0 | target=phero(2.00,0.79)
R5[PHERO     ]: carry=0 | base=0.74 | wall=2.86 | search=  0 | target=phero(-1.27,-1.35)
R6[SITE      ]: carry=0 | base=1.08 | wall=2.68 | search=  0 | target=site(-1.27,-1.35)
R7[SEARCH    ]: carry=0 | base=3.98 | wall=0.54 | search=1067 | target=site(1.88,-0.57)
R8[WALL_ESC  ]: carry=0 | base=3.27 | wall=0.33 | search=1018 | target=site(-0.38,2.48)
R9[SEARCH    ]: carry=0 | base=2.62 | wall=1.12 | search=399 | target=phero(1.78,-0.82)
R10[SITE      ]: carry=0 | base=0.99 | wall=2.58 | search=  0 | target=site(-0.53,1.15)
R11[RTB       ]: carry=1 | base=0.32 | wall=3.25 | search=  0 | target=none
R12[SEARCH    ]: carry=0 | base=2.16 | wall=1.52 | search=100 | target=site(2.00,0.79)

[PICKUP] R12 picked up tag (density=13) | Total: 49
[DEPOSIT] R11 deposited! Total: 48
  [PHERO] Laid at (1.45, -2.00) density=16 prob=0.99 entries=8
  [TARGET] R11 → SITE (1.45, -2.00)
[PICKUP] R5 picked up tag (density=12) | Total: 50

======================================================================
Step 10500 (5.6 min) | Pickups: 50 | Deposits: 48 | Rate: 8.57 tags/min | phero_entries=6 max_w=0.214
======================================================================
R1[SEARCH    ]: carry=0 | base=2.10 | wall=1.51 | search=163 | target=phero(2.00,0.79)
R2[SEARCH    ]: carry=0 | base=2.22 | wall=1.45 | search= 25 | target=site(2.05,0.86)
R3[SEARCH    ]: carry=0 | base=3.65 | wall=0.40 | search=2881 | target=site(-1.44,1.86)
R4[SEARCH    ]: carry=0 | base=2.18 | wall=1.42 | search=219 | target=phero(2.00,0.79)
R5[SURVEY    ]: carry=1 | base=1.84 | wall=2.15 | search=  0 | target=none
R6[SEARCH    ]: carry=0 | base=1.72 | wall=2.23 | search=309 | target=site(-1.27,-1.35)
R7[WALL_ESC  ]: carry=0 | base=4.38 | wall=0.31 | search=1567 | target=site(1.88,-0.57)
R8[WALL_ESC  ]: carry=0 | base=3.27 | wall=0.33 | search=1518 | target=site(-0.38,2.48)
R9[GIVE_UP   ]: carry=0 | base=2.72 | wall=1.20 | search=624 | target=none
R10[SEARCH    ]: carry=0 | base=1.46 | wall=2.06 | search=439 | target=site(-0.53,1.15)
R11[SITE      ]: carry=0 | base=1.63 | wall=2.21 | search=  0 | target=site(1.45,-2.00)
R12[RTB       ]: carry=1 | base=1.85 | wall=1.78 | search=  0 | target=none

[PICKUP] R2 picked up tag (density=12) | Total: 51
[DEPOSIT] R12 deposited! Total: 49
  [PHERO] Laid at (1.97, 0.86) density=13 prob=0.93 entries=5
  [TARGET] R12 → SITE (1.97, 0.86)
[DEPOSIT] R5 deposited! Total: 50
  [PHERO] Laid at (-1.24, -1.35) density=12 prob=0.88 entries=6
  [TARGET] R5 → SITE (-1.24, -1.35)

======================================================================
Step 11000 (5.9 min) | Pickups: 51 | Deposits: 50 | Rate: 8.52 tags/min | phero_entries=6 max_w=0.883
======================================================================
R1[SEARCH    ]: carry=0 | base=3.27 | wall=0.90 | search=663 | target=phero(2.00,0.79)
R2[RTB       ]: carry=1 | base=1.38 | wall=2.20 | search=  0 | target=none
R3[SEARCH    ]: carry=0 | base=3.67 | wall=0.35 | search=3381 | target=site(-1.44,1.86)
R4[SEARCH    ]: carry=0 | base=3.56 | wall=0.36 | search=719 | target=phero(2.00,0.79)
R5[BASE_ESC  ]: carry=0 | base=0.22 | wall=3.34 | search=  0 | target=site(-1.24,-1.35)
R6[GIVE_UP   ]: carry=0 | base=2.44 | wall=1.44 | search=624 | target=none
R7[SEARCH    ]: carry=0 | base=4.29 | wall=0.39 | search=2067 | target=site(1.88,-0.57)
R8[WALL_ESC  ]: carry=0 | base=3.26 | wall=0.34 | search=2018 | target=site(-0.38,2.48)
R9[GIVE_UP   ]: carry=0 | base=0.80 | wall=2.82 | search=624 | target=none
R10[SEARCH    ]: carry=0 | base=3.12 | wall=0.66 | search=939 | target=site(-0.53,1.15)
R11[GIVE_UP   ]: carry=0 | base=1.85 | wall=2.03 | search=156 | target=none
R12[BASE_ESC  ]: carry=0 | base=0.22 | wall=3.28 | search=  0 | target=site(1.97,0.86)

  [GIVE-UP] R9 returned empty after 624 searching steps
  [TARGET] R9 → PHERO (-1.24, -1.35)
[DEPOSIT] R2 deposited! Total: 51
  [PHERO] Laid at (2.05, 0.87) density=12 prob=0.88 entries=7
  [TARGET] R2 → SITE (2.05, 0.87)
  [GIVE-UP] R11 returned empty after 156 searching steps
  [TARGET] R11 → PHERO (2.05, 0.87)

======================================================================
Step 11500 (6.1 min) | Pickups: 51 | Deposits: 51 | Rate: 8.32 tags/min | phero_entries=6 max_w=0.543
======================================================================
R1[SEARCH    ]: carry=0 | base=4.02 | wall=0.37 | search=1163 | target=phero(2.00,0.79)
R2[SITE      ]: carry=0 | base=0.53 | wall=2.99 | search=  0 | target=site(2.05,0.87)
R3[WALL_ESC  ]: carry=0 | base=3.74 | wall=0.33 | search=3881 | target=site(-1.44,1.86)
R4[SEARCH    ]: carry=0 | base=3.52 | wall=0.40 | search=1219 | target=phero(2.00,0.79)
R5[SEARCH    ]: carry=0 | base=1.83 | wall=2.15 | search= 16 | target=site(-1.24,-1.35)
R6[GIVE_UP   ]: carry=0 | base=0.52 | wall=3.06 | search=624 | target=none
R7[SEARCH    ]: carry=0 | base=4.27 | wall=0.36 | search=2567 | target=site(1.88,-0.57)
R8[SEARCH    ]: carry=0 | base=3.25 | wall=0.35 | search=2518 | target=site(-0.38,2.48)
R9[PHERO     ]: carry=0 | base=0.85 | wall=2.76 | search=  0 | target=phero(-1.24,-1.35)
R10[SEARCH    ]: carry=0 | base=3.41 | wall=0.39 | search=1439 | target=site(-0.53,1.15)
R11[BASE_ESC  ]: carry=0 | base=0.22 | wall=3.30 | search=  0 | target=phero(2.05,0.87)
R12[SITE      ]: carry=0 | base=1.96 | wall=1.70 | search=  0 | target=site(1.97,0.86)

  [GIVE-UP] R6 returned empty after 624 searching steps
  [TARGET] R6 → PHERO (1.97, 0.86)
[PICKUP] R12 picked up tag (density=11) | Total: 52
[PICKUP] R8 picked up tag (density=11) | Total: 53

======================================================================
Step 12000 (6.4 min) | Pickups: 53 | Deposits: 51 | Rate: 7.97 tags/min | phero_entries=4 max_w=0.110
======================================================================
R1[WALL_ESC  ]: carry=0 | base=4.15 | wall=0.32 | search=1663 | target=phero(2.00,0.79)
R2[SEARCH    ]: carry=0 | base=2.24 | wall=1.45 | search= 57 | target=site(2.05,0.87)
R3[SEARCH    ]: carry=0 | base=3.64 | wall=0.39 | search=4381 | target=site(-1.44,1.86)
R4[SEARCH    ]: carry=0 | base=3.52 | wall=0.40 | search=1719 | target=phero(2.00,0.79)
R5[GIVE_UP   ]: carry=0 | base=0.46 | wall=3.10 | search=312 | target=none
R6[PHERO     ]: carry=0 | base=0.27 | wall=3.25 | search=  0 | target=phero(1.97,0.86)
R7[WALL_ESC  ]: carry=0 | base=4.38 | wall=0.33 | search=3067 | target=site(1.88,-0.57)
R8[SURVEY    ]: carry=1 | base=2.69 | wall=0.93 | search=  0 | target=none
R9[SEARCH    ]: carry=0 | base=1.51 | wall=2.37 | search=248 | target=phero(-1.24,-1.35)
R10[SEARCH    ]: carry=0 | base=3.41 | wall=0.40 | search=1939 | target=site(-0.53,1.15)
R11[PHERO     ]: carry=0 | base=1.54 | wall=2.04 | search=  0 | target=phero(2.05,0.87)
R12[RTB       ]: carry=1 | base=1.62 | wall=1.99 | search=  0 | target=none

[PICKUP] R2 picked up tag (density=10) | Total: 54
  [GIVE-UP] R5 returned empty after 312 searching steps
  [TARGET] R5 → PHERO (2.05, 0.87)
  [GIVE-UP] R9 returned empty after 312 searching steps
  [TARGET] R9 → PHERO (-1.24, -1.35)
[PICKUP] R11 picked up tag (density=9) | Total: 55
[DEPOSIT] R12 deposited! Total: 52
  [PHERO] Laid at (1.97, 0.87) density=11 prob=0.80 entries=4
  [TARGET] R12 → SITE (1.97, 0.87)

======================================================================
Step 12500 (6.7 min) | Pickups: 55 | Deposits: 52 | Rate: 7.80 tags/min | phero_entries=4 max_w=0.655
======================================================================
R1[SEARCH    ]: carry=0 | base=4.04 | wall=0.40 | search=2163 | target=phero(2.00,0.79)
R2[RTB       ]: carry=1 | base=1.82 | wall=1.82 | search=  0 | target=none
R3[WALL_ESC  ]: carry=0 | base=3.73 | wall=0.31 | search=4881 | target=site(-1.44,1.86)
R4[WALL_ESC  ]: carry=0 | base=3.62 | wall=0.32 | search=2219 | target=phero(2.00,0.79)
R5[PHERO     ]: carry=0 | base=0.90 | wall=2.62 | search=  0 | target=phero(2.05,0.87)
R6[PHERO     ]: carry=0 | base=1.86 | wall=1.81 | search=  0 | target=phero(1.97,0.86)
R7[SEARCH    ]: carry=0 | base=4.25 | wall=0.40 | search=3567 | target=site(1.88,-0.57)
R8[RTB       ]: carry=1 | base=1.10 | wall=2.44 | search=  0 | target=none
R9[PHERO     ]: carry=0 | base=0.40 | wall=3.16 | search=  0 | target=phero(-1.24,-1.35)
R10[SEARCH    ]: carry=0 | base=3.39 | wall=0.41 | search=2439 | target=site(-0.53,1.15)
R11[SURVEY    ]: carry=1 | base=2.14 | wall=1.56 | search=  0 | target=none
R12[SITE      ]: carry=0 | base=0.31 | wall=3.25 | search=  0 | target=site(1.97,0.87)

[DEPOSIT] R8 deposited! Total: 53
  [TARGET] R8 → SITE (-0.79, 2.57)
[DEPOSIT] R2 deposited! Total: 54
  [TARGET] R2 → SITE (2.04, 0.92)

======================================================================
Step 13000 (6.9 min) | Pickups: 55 | Deposits: 54 | Rate: 7.79 tags/min | phero_entries=4 max_w=0.132
======================================================================
R1[WALL_ESC  ]: carry=0 | base=4.11 | wall=0.32 | search=2663 | target=phero(2.00,0.79)
R2[BASE_ESC  ]: carry=0 | base=0.22 | wall=3.31 | search=  0 | target=site(2.04,0.92)
R3[WALL_ESC  ]: carry=0 | base=3.72 | wall=0.35 | search=5381 | target=site(-1.44,1.86)
R4[WALL_ESC  ]: carry=0 | base=3.61 | wall=0.34 | search=2719 | target=phero(2.00,0.79)
R5[SEARCH    ]: carry=0 | base=2.17 | wall=1.52 | search=153 | target=phero(2.05,0.87)
R6[SEARCH    ]: carry=0 | base=1.88 | wall=1.62 | search=436 | target=phero(1.97,0.86)
R7[WALL_ESC  ]: carry=0 | base=4.37 | wall=0.31 | search=4067 | target=site(1.88,-0.57)
R8[SITE      ]: carry=0 | base=0.85 | wall=2.71 | search=  0 | target=site(-0.79,2.57)
R9[SEARCH    ]: carry=0 | base=1.81 | wall=2.12 | search=134 | target=phero(-1.24,-1.35)
R10[WALL_ESC  ]: carry=0 | base=3.52 | wall=0.31 | search=2939 | target=site(-0.53,1.15)
R11[RTB       ]: carry=1 | base=1.22 | wall=2.37 | search=  0 | target=none
R12[SITE      ]: carry=0 | base=2.10 | wall=1.58 | search=  0 | target=site(1.97,0.87)

[PICKUP] R6 picked up tag (density=9) | Total: 56
[PICKUP] R12 picked up tag (density=8) | Total: 57
[DEPOSIT] R11 deposited! Total: 55
  [PHERO] Laid at (1.94, 0.90) density=9 prob=0.59 entries=3
  [TARGET] R11 → SITE (1.94, 0.90)
[PICKUP] R8 picked up tag (density=10) | Total: 58

======================================================================
Step 13500 (7.2 min) | Pickups: 58 | Deposits: 55 | Rate: 7.64 tags/min | phero_entries=2 max_w=0.455
======================================================================
R1[WALL_ESC  ]: carry=0 | base=4.14 | wall=0.34 | search=3163 | target=phero(2.00,0.79)
R2[SITE      ]: carry=0 | base=2.01 | wall=1.67 | search=  0 | target=site(2.04,0.92)
R3[SEARCH    ]: carry=0 | base=3.64 | wall=0.38 | search=5881 | target=site(-1.44,1.86)
R4[SEARCH    ]: carry=0 | base=3.53 | wall=0.39 | search=3219 | target=phero(2.00,0.79)
R5[GIVE_UP   ]: carry=0 | base=2.95 | wall=0.55 | search=624 | target=none
R6[RTB       ]: carry=1 | base=2.09 | wall=1.44 | search=  0 | target=none
R7[SEARCH    ]: carry=0 | base=4.34 | wall=0.37 | search=4567 | target=site(1.88,-0.57)
R8[SURVEY    ]: carry=1 | base=2.16 | wall=1.45 | search=  0 | target=none
R9[GIVE_UP   ]: carry=0 | base=0.33 | wall=3.22 | search=312 | target=none
R10[SEARCH    ]: carry=0 | base=3.46 | wall=0.38 | search=3439 | target=site(-0.53,1.15)
R11[SITE      ]: carry=0 | base=0.73 | wall=2.81 | search=  0 | target=site(1.94,0.90)
R12[RTB       ]: carry=1 | base=2.14 | wall=1.54 | search=  0 | target=none

  [GIVE-UP] R9 returned empty after 312 searching steps
  [TARGET] R9 → PHERO (1.94, 0.90)
[PICKUP] R2 picked up tag (density=7) | Total: 59
[PICKUP] R3 picked up tag (density=12) | Total: 60
[PICKUP] R11 picked up tag (density=6) | Total: 61
[DEPOSIT] R6 deposited! Total: 56
  [TARGET] R6 → SITE (2.11, -0.42)

======================================================================
Step 14000 (7.5 min) | Pickups: 61 | Deposits: 56 | Rate: 7.50 tags/min | phero_entries=2 max_w=0.092
======================================================================
R1[GIVE_UP   ]: carry=0 | base=2.65 | wall=1.45 | search=3276 | target=none
R2[RTB       ]: carry=1 | base=2.00 | wall=1.65 | search=  0 | target=none
R3[SURVEY    ]: carry=1 | base=2.73 | wall=1.22 | search=  0 | target=none
R4[WALL_ESC  ]: carry=0 | base=3.63 | wall=0.31 | search=3719 | target=phero(2.00,0.79)
R5[GIVE_UP   ]: carry=0 | base=1.21 | wall=2.29 | search=624 | target=none
R6[BASE_ESC  ]: carry=0 | base=0.23 | wall=3.27 | search=  0 | target=site(2.11,-0.42)
R7[GIVE_UP   ]: carry=0 | base=2.95 | wall=1.33 | search=4680 | target=none
R8[RTB       ]: carry=1 | base=0.48 | wall=3.03 | search=  0 | target=none
R9[PHERO     ]: carry=0 | base=0.34 | wall=3.18 | search=  0 | target=phero(1.94,0.90)
R10[SEARCH    ]: carry=0 | base=3.44 | wall=0.37 | search=3939 | target=site(-0.53,1.15)
R11[SURVEY    ]: carry=1 | base=2.14 | wall=1.59 | search=  0 | target=none
R12[RTB       ]: carry=1 | base=0.38 | wall=3.15 | search=  0 | target=none

[DEPOSIT] R12 deposited! Total: 57
  [TARGET] R12 → SITE (1.96, 0.95)
[DEPOSIT] R8 deposited! Total: 58
  [PHERO] Laid at (-0.65, 2.05) density=10 prob=0.71 entries=3
  [TARGET] R8 → SITE (-0.65, 2.05)
  [GIVE-UP] R5 returned empty after 624 searching steps
  [TARGET] R5 → PHERO (-0.65, 2.05)
[DEPOSIT] R2 deposited! Total: 59
  [PHERO] Laid at (2.01, 0.94) density=7 prob=0.32 entries=4
  [TARGET] R2 → SITE (2.01, 0.94)

======================================================================
Step 14500 (7.7 min) | Pickups: 61 | Deposits: 59 | Rate: 7.63 tags/min | phero_entries=4 max_w=0.871
======================================================================
R1[GIVE_UP   ]: carry=0 | base=0.73 | wall=2.93 | search=3276 | target=none
R2[BASE_ESC  ]: carry=0 | base=0.22 | wall=3.30 | search=  0 | target=site(2.01,0.94)
R3[RTB       ]: carry=1 | base=1.03 | wall=2.62 | search=  0 | target=none
R4[GIVE_UP   ]: carry=0 | base=2.71 | wall=1.17 | search=3900 | target=none
R5[PHERO     ]: carry=0 | base=0.46 | wall=3.07 | search=  0 | target=phero(-0.65,2.05)
R6[SITE      ]: carry=0 | base=1.78 | wall=1.76 | search=  0 | target=site(2.11,-0.42)
R7[GIVE_UP   ]: carry=0 | base=1.03 | wall=2.74 | search=4680 | target=none
R8[SITE      ]: carry=0 | base=1.48 | wall=2.10 | search=  0 | target=site(-0.65,2.05)
R9[SEARCH    ]: carry=0 | base=2.13 | wall=1.57 | search= 16 | target=phero(1.94,0.90)
R10[WALL_ESC  ]: carry=0 | base=3.52 | wall=0.32 | search=4439 | target=site(-0.53,1.15)
R11[RTB       ]: carry=1 | base=1.32 | wall=2.29 | search=  0 | target=none
R12[SITE      ]: carry=0 | base=1.58 | wall=2.08 | search=  0 | target=site(1.96,0.95)

[PICKUP] R4 picked up tag (density=5) | Total: 62
[PICKUP] R9 picked up tag (density=4) | Total: 63
  [GIVE-UP] R1 returned empty after 3276 searching steps
  [TARGET] R1 → PHERO (-0.65, 2.05)
[DEPOSIT] R3 deposited! Total: 60
  [TARGET] R3 → SITE (-1.50, 2.29)
  [GIVE-UP] R7 returned empty after 4680 searching steps
  [TARGET] R7 → PHERO (2.01, 0.94)
[DEPOSIT] R11 deposited! Total: 61
  [PHERO] Laid at (1.91, 0.96) density=6 prob=0.21 entries=4
  [TARGET] R11 → SITE (1.91, 0.96)
[PICKUP] R12 picked up tag (density=3) | Total: 64

======================================================================
Step 15000 (8.0 min) | Pickups: 64 | Deposits: 61 | Rate: 7.62 tags/min | phero_entries=4 max_w=0.507
======================================================================
R1[PHERO     ]: carry=0 | base=0.87 | wall=2.63 | search=  0 | target=phero(-0.65,2.05)
R2[SITE      ]: carry=0 | base=1.85 | wall=1.83 | search=  0 | target=site(2.01,0.94)
R3[SITE      ]: carry=0 | base=0.92 | wall=2.77 | search=  0 | target=site(-1.50,2.29)
R4[RTB       ]: carry=1 | base=2.04 | wall=1.70 | search=  0 | target=none
R5[SEARCH    ]: carry=0 | base=2.13 | wall=1.47 | search= 38 | target=phero(-0.65,2.05)
R6[SEARCH    ]: carry=0 | base=1.97 | wall=1.83 | search=417 | target=site(2.11,-0.42)
R7[PHERO     ]: carry=0 | base=0.79 | wall=2.88 | search=  0 | target=phero(2.01,0.94)
R8[SEARCH    ]: carry=0 | base=1.55 | wall=1.98 | search=337 | target=site(-0.65,2.05)
R9[RTB       ]: carry=1 | base=1.92 | wall=1.78 | search=  0 | target=none
R10[GIVE_UP   ]: carry=0 | base=3.01 | wall=0.76 | search=4680 | target=none
R11[SITE      ]: carry=0 | base=0.63 | wall=2.97 | search=  0 | target=site(1.91,0.96)
R12[SURVEY    ]: carry=1 | base=2.37 | wall=1.34 | search=  0 | target=none

[PICKUP] R5 picked up tag (density=9) | Total: 65
[PICKUP] R3 picked up tag (density=11) | Total: 66
[DEPOSIT] R9 deposited! Total: 62
  [PHERO] Laid at (1.84, 1.02) density=4 prob=0.05 entries=4
  [TARGET] R9 → SITE (1.84, 1.02)

======================================================================
Step 15500 (8.3 min) | Pickups: 66 | Deposits: 62 | Rate: 7.50 tags/min | phero_entries=4 max_w=0.923
======================================================================
R1[SEARCH    ]: carry=0 | base=2.02 | wall=1.60 | search=169 | target=phero(-0.65,2.05)
R2[SEARCH    ]: carry=0 | base=2.25 | wall=1.36 | search=362 | target=site(2.01,0.94)
R3[SURVEY    ]: carry=1 | base=2.51 | wall=1.41 | search=  0 | target=none
R4[RTB       ]: carry=1 | base=0.39 | wall=3.15 | search=  0 | target=none
R5[RTB       ]: carry=1 | base=1.92 | wall=1.62 | search=  0 | target=none
R6[GIVE_UP   ]: carry=0 | base=0.43 | wall=3.17 | search=468 | target=none
R7[SEARCH    ]: carry=0 | base=2.18 | wall=1.50 | search=102 | target=phero(2.01,0.94)
R8[GIVE_UP   ]: carry=0 | base=0.73 | wall=2.89 | search=624 | target=none
R9[BASE_ESC  ]: carry=0 | base=0.22 | wall=3.30 | search=  0 | target=site(1.84,1.02)
R10[GIVE_UP   ]: carry=0 | base=1.09 | wall=2.51 | search=4680 | target=none
R11[SEARCH    ]: carry=0 | base=2.12 | wall=1.57 | search= 96 | target=site(1.91,0.96)
R12[RTB       ]: carry=1 | base=1.19 | wall=2.40 | search=  0 | target=none

[DEPOSIT] R4 deposited! Total: 63
  [TARGET] R4 → SITE (2.16, 1.29)
  [GIVE-UP] R6 returned empty after 468 searching steps
  [TARGET] R6 → PHERO (1.84, 1.02)
  [GIVE-UP] R8 returned empty after 624 searching steps
  [TARGET] R8 → PHERO (1.84, 1.02)
  [GIVE-UP] R10 returned empty after 4680 searching steps
  [TARGET] R10 → PHERO (1.84, 1.02)
[DEPOSIT] R12 deposited! Total: 64
  [TARGET] R12 → SITE (2.16, 0.96)
[DEPOSIT] R5 deposited! Total: 65
  [TARGET] R5 → SITE (-0.46, 2.06)

======================================================================
Step 16000 (8.5 min) | Pickups: 66 | Deposits: 65 | Rate: 7.62 tags/min | phero_entries=4 max_w=0.186
======================================================================
R1[SEARCH    ]: carry=0 | base=1.72 | wall=2.06 | search=669 | target=phero(-0.65,2.05)
R2[SEARCH    ]: carry=0 | base=3.22 | wall=0.39 | search=862 | target=site(2.01,0.94)
R3[RTB       ]: carry=1 | base=1.12 | wall=2.55 | search=  0 | target=none
R4[SITE      ]: carry=0 | base=1.50 | wall=2.18 | search=  0 | target=site(2.16,1.29)
R5[BASE_ESC  ]: carry=0 | base=0.22 | wall=3.29 | search=  0 | target=site(-0.46,2.06)
R6[PHERO     ]: carry=0 | base=1.10 | wall=2.47 | search=  0 | target=phero(1.84,1.02)
R7[SEARCH    ]: carry=0 | base=2.87 | wall=0.76 | search=602 | target=phero(2.01,0.94)
R8[PHERO     ]: carry=0 | base=1.23 | wall=2.44 | search=  0 | target=phero(1.84,1.02)
R9[SITE      ]: carry=0 | base=1.74 | wall=1.99 | search=  0 | target=site(1.84,1.02)
R10[PHERO     ]: carry=0 | base=0.70 | wall=2.99 | search=  0 | target=phero(1.84,1.02)
R11[WALL_ESC  ]: carry=0 | base=3.38 | wall=0.33 | search=596 | target=site(1.91,0.96)
R12[SITE      ]: carry=0 | base=0.75 | wall=2.84 | search=  0 | target=site(2.16,0.96)

[PICKUP] R9 picked up tag (density=2) | Total: 67
[PICKUP] R4 picked up tag (density=1) | Total: 68
[DEPOSIT] R3 deposited! Total: 66
  [PHERO] Laid at (-1.38, 2.09) density=11 prob=0.80 entries=4
  [TARGET] R3 → SITE (-1.38, 2.09)

======================================================================
Step 16500 (8.8 min) | Pickups: 68 | Deposits: 66 | Rate: 7.50 tags/min | phero_entries=4 max_w=0.417
======================================================================
R1[SEARCH    ]: carry=0 | base=3.39 | wall=0.80 | search=1169 | target=phero(-0.65,2.05)
R2[SEARCH    ]: carry=0 | base=3.23 | wall=0.39 | search=1362 | target=site(2.01,0.94)
R3[SITE      ]: carry=0 | base=0.83 | wall=2.76 | search=  0 | target=site(-1.38,2.09)
R4[RTB       ]: carry=1 | base=2.09 | wall=1.69 | search=  0 | target=none
R5[SITE      ]: carry=0 | base=1.95 | wall=1.60 | search=  0 | target=site(-0.46,2.06)
R6[SEARCH    ]: carry=0 | base=1.96 | wall=1.76 | search=211 | target=phero(1.84,1.02)
R7[SEARCH    ]: carry=0 | base=3.13 | wall=0.39 | search=1102 | target=phero(2.01,0.94)
R8[SEARCH    ]: carry=0 | base=1.99 | wall=1.71 | search=286 | target=phero(1.84,1.02)
R9[RTB       ]: carry=1 | base=2.06 | wall=1.64 | search=  0 | target=none
R10[SEARCH    ]: carry=0 | base=2.11 | wall=1.64 | search= 77 | target=phero(1.84,1.02)
R11[SEARCH    ]: carry=0 | base=3.36 | wall=0.38 | search=1096 | target=site(1.91,0.96)
R12[SEARCH    ]: carry=0 | base=2.33 | wall=1.34 | search= 94 | target=site(2.16,0.96)

[DEPOSIT] R4 deposited! Total: 67
  [TARGET] R4 → SITE (1.86, 1.12)

======================================================================
Step 17000 (9.1 min) | Pickups: 68 | Deposits: 67 | Rate: 7.39 tags/min | phero_entries=2 max_w=0.084
======================================================================
R1[SEARCH    ]: carry=0 | base=4.20 | wall=0.39 | search=1669 | target=phero(-0.65,2.05)
R2[SEARCH    ]: carry=0 | base=3.23 | wall=0.39 | search=1862 | target=site(2.01,0.94)
R3[SEARCH    ]: carry=0 | base=2.51 | wall=1.43 | search= 77 | target=site(-1.38,2.09)
R4[BASE_ESC  ]: carry=0 | base=0.24 | wall=3.29 | search=  0 | target=site(1.86,1.12)
R5[SEARCH    ]: carry=0 | base=2.49 | wall=1.02 | search=473 | target=site(-0.46,2.06)
R6[SEARCH    ]: carry=0 | base=1.38 | wall=2.29 | search=711 | target=phero(1.84,1.02)
R7[SEARCH    ]: carry=0 | base=3.14 | wall=0.39 | search=1602 | target=phero(2.01,0.94)
R8[GIVE_UP   ]: carry=0 | base=3.16 | wall=0.43 | search=780 | target=none
R9[RTB       ]: carry=1 | base=0.63 | wall=2.91 | search=  0 | target=none
R10[GIVE_UP   ]: carry=0 | base=0.94 | wall=2.79 | search=312 | target=none
R11[SEARCH    ]: carry=0 | base=3.36 | wall=0.38 | search=1596 | target=site(1.91,0.96)
R12[WALL_ESC  ]: carry=0 | base=3.61 | wall=0.32 | search=594 | target=site(2.16,0.96)

[DEPOSIT] R9 deposited! Total: 68
  [TARGET] R9 → SITE (1.85, 1.04)
  [GIVE-UP] R10 returned empty after 312 searching steps
  [TARGET] R10 → PHERO (-1.38, 2.09)

======================================================================
Step 17500 (9.3 min) | Pickups: 68 | Deposits: 68 | Rate: 7.29 tags/min | phero_entries=2 max_w=0.017
======================================================================
R1[WALL_ESC  ]: carry=0 | base=4.33 | wall=0.31 | search=2169 | target=phero(-0.65,2.05)
R2[GIVE_UP   ]: carry=0 | base=2.92 | wall=0.70 | search=2184 | target=none
R3[SEARCH    ]: carry=0 | base=0.95 | wall=2.76 | search=577 | target=site(-1.38,2.09)
R4[SITE      ]: carry=0 | base=1.61 | wall=2.14 | search=  0 | target=site(1.86,1.12)
R5[SEARCH    ]: carry=0 | base=3.20 | wall=0.37 | search=973 | target=site(-0.46,2.06)
R6[GIVE_UP   ]: carry=0 | base=1.85 | wall=1.75 | search=1092 | target=none
R7[SEARCH    ]: carry=0 | base=3.15 | wall=0.38 | search=2102 | target=phero(2.01,0.94)
R8[GIVE_UP   ]: carry=0 | base=1.71 | wall=1.83 | search=780 | target=none
R9[SITE      ]: carry=0 | base=1.35 | wall=2.33 | search=  0 | target=site(1.85,1.04)
R10[PHERO     ]: carry=0 | base=0.54 | wall=2.96 | search=  0 | target=phero(-1.38,2.09)
R11[SEARCH    ]: carry=0 | base=3.35 | wall=0.38 | search=2096 | target=site(1.91,0.96)
R12[WALL_ESC  ]: carry=0 | base=3.58 | wall=0.34 | search=1094 | target=site(2.16,0.96)

  [GIVE-UP] R8 returned empty after 780 searching steps
  [TARGET] R8 → PHERO (-1.38, 2.09)
  [GIVE-UP] R6 returned empty after 1092 searching steps
  [TARGET] R6 → PHERO (-1.38, 2.09)

======================================================================
Step 18000 (9.6 min) | Pickups: 68 | Deposits: 68 | Rate: 7.08 tags/min | phero_entries=1 max_w=0.003
======================================================================
R1[SEARCH    ]: carry=0 | base=4.24 | wall=0.40 | search=2669 | target=phero(-0.65,2.05)
R2[GIVE_UP   ]: carry=0 | base=1.00 | wall=2.54 | search=2184 | target=none
R3[SEARCH    ]: carry=0 | base=0.26 | wall=3.25 | search=1077 | target=site(-1.38,2.09)
R4[SEARCH    ]: carry=0 | base=1.55 | wall=2.04 | search=367 | target=site(1.86,1.12)
R5[SEARCH    ]: carry=0 | base=3.20 | wall=0.36 | search=1473 | target=site(-0.46,2.06)
R6[BASE_ESC  ]: carry=0 | base=0.22 | wall=3.28 | search=  0 | target=phero(-1.38,2.09)
R7[SEARCH    ]: carry=0 | base=3.16 | wall=0.37 | search=2602 | target=phero(2.01,0.94)
R8[PHERO     ]: carry=0 | base=0.26 | wall=3.26 | search=  0 | target=phero(-1.38,2.09)
R9[SEARCH    ]: carry=0 | base=1.57 | wall=2.37 | search=313 | target=site(1.85,1.04)
R10[PHERO     ]: carry=0 | base=2.36 | wall=1.52 | search=  0 | target=phero(-1.38,2.09)
R11[SEARCH    ]: carry=0 | base=3.35 | wall=0.39 | search=2596 | target=site(1.91,0.96)
R12[GIVE_UP   ]: carry=0 | base=3.55 | wall=0.38 | search=1560 | target=none

  [GIVE-UP] R2 returned empty after 2184 searching steps
  [TARGET] R2 → PHERO (-1.38, 2.09)
  [GIVE-UP] R3 returned empty after 1248 searching steps
  [TARGET] R3 → PHERO (-1.38, 2.09)
[PICKUP] R4 picked up tag (density=8) | Total: 69

======================================================================
Step 18500 (9.9 min) | Pickups: 69 | Deposits: 68 | Rate: 6.89 tags/min | phero_entries=0 max_w=0.000
======================================================================
R1[SEARCH    ]: carry=0 | base=4.23 | wall=0.36 | search=3169 | target=phero(-0.65,2.05)
R2[PHERO     ]: carry=0 | base=0.66 | wall=2.85 | search=  0 | target=phero(-1.38,2.09)
R3[PHERO     ]: carry=0 | base=0.28 | wall=3.22 | search=  0 | target=phero(-1.38,2.09)
R4[SURVEY    ]: carry=1 | base=1.99 | wall=1.64 | search=  0 | target=none
R5[SEARCH    ]: carry=0 | base=3.21 | wall=0.35 | search=1973 | target=site(-0.46,2.06)
R6[PHERO     ]: carry=0 | base=1.08 | wall=2.70 | search=  0 | target=phero(-1.38,2.09)
R7[SEARCH    ]: carry=0 | base=3.17 | wall=0.35 | search=3102 | target=phero(2.01,0.94)
R8[PHERO     ]: carry=0 | base=1.77 | wall=1.97 | search=  0 | target=phero(-1.38,2.09)
R9[SEARCH    ]: carry=0 | base=1.77 | wall=1.82 | search=813 | target=site(1.85,1.04)
R10[SEARCH    ]: carry=0 | base=1.51 | wall=2.21 | search=475 | target=phero(-1.38,2.09)
R11[SEARCH    ]: carry=0 | base=3.35 | wall=0.39 | search=3096 | target=site(1.91,0.96)
R12[GIVE_UP   ]: carry=0 | base=1.67 | wall=2.02 | search=1560 | target=none

  [GIVE-UP] R12 returned empty after 1560 searching steps
  [TARGET] R12 → WALL (-0.72, -3.42)

======================================================================
Step 19000 (10.1 min) | Pickups: 69 | Deposits: 68 | Rate: 6.71 tags/min | phero_entries=0 max_w=0.000
======================================================================
R1[WALL_ESC  ]: carry=0 | base=4.32 | wall=0.33 | search=3669 | target=phero(-0.65,2.05)
R2[SEARCH    ]: carry=0 | base=2.47 | wall=1.43 | search= 16 | target=phero(-1.38,2.09)
R3[PHERO     ]: carry=0 | base=1.57 | wall=2.13 | search=  0 | target=phero(-1.38,2.09)
R4[RTB       ]: carry=1 | base=0.91 | wall=2.64 | search=  0 | target=none
R5[WALL_ESC  ]: carry=0 | base=3.23 | wall=0.34 | search=2473 | target=site(-0.46,2.06)
R6[SEARCH    ]: carry=0 | base=2.45 | wall=1.41 | search=136 | target=phero(-1.38,2.09)
R7[GIVE_UP   ]: carry=0 | base=3.18 | wall=0.35 | search=3588 | target=none
R8[SEARCH    ]: carry=0 | base=2.79 | wall=1.20 | search=321 | target=phero(-1.38,2.09)
R9[WALL_ESC  ]: carry=0 | base=3.37 | wall=0.32 | search=1313 | target=site(1.85,1.04)
R10[SEARCH    ]: carry=0 | base=0.96 | wall=2.74 | search=975 | target=phero(-1.38,2.09)
R11[SEARCH    ]: carry=0 | base=3.34 | wall=0.39 | search=3596 | target=site(1.91,0.96)
R12[DEPART    ]: carry=0 | base=0.27 | wall=3.24 | search=  0 | target=none

[DEPOSIT] R4 deposited! Total: 69
  [TARGET] R4 → SITE (1.85, -0.73)
[PICKUP] R10 picked up tag (density=11) | Total: 70
[PICKUP] R2 picked up tag (density=8) | Total: 71

======================================================================
Step 19500 (10.4 min) | Pickups: 71 | Deposits: 69 | Rate: 6.63 tags/min | phero_entries=0 max_w=0.000
======================================================================
R1[SEARCH    ]: carry=0 | base=4.20 | wall=0.40 | search=4169 | target=phero(-0.65,2.05)
R2[SURVEY    ]: carry=1 | base=2.43 | wall=1.24 | search=  0 | target=none
R3[SEARCH    ]: carry=0 | base=2.40 | wall=1.44 | search=197 | target=phero(-1.38,2.09)
R4[SITE      ]: carry=0 | base=1.05 | wall=2.54 | search=  0 | target=site(1.85,-0.73)
R5[GIVE_UP   ]: carry=0 | base=1.71 | wall=1.83 | search=2496 | target=none
R6[WALL_ESC  ]: carry=0 | base=3.92 | wall=0.34 | search=636 | target=phero(-1.38,2.09)
R7[GIVE_UP   ]: carry=0 | base=1.56 | wall=1.96 | search=3588 | target=none
R8[WALL_ESC  ]: carry=0 | base=4.10 | wall=0.32 | search=821 | target=phero(-1.38,2.09)
R9[WALL_ESC  ]: carry=0 | base=3.35 | wall=0.33 | search=1813 | target=site(1.85,1.04)
R10[SURVEY    ]: carry=1 | base=1.88 | wall=2.11 | search=  0 | target=none
R11[GIVE_UP   ]: carry=0 | base=3.26 | wall=0.45 | search=4056 | target=none
R12[GIVE_UP   ]: carry=0 | base=1.47 | wall=2.21 | search=312 | target=none

  [GIVE-UP] R7 returned empty after 3588 searching steps
  [TARGET] R7 → WALL (0.99, -3.42)
  [GIVE-UP] R12 returned empty after 312 searching steps
  [TARGET] R12 → WALL (3.42, 2.91)
  [GIVE-UP] R5 returned empty after 2496 searching steps
  [TARGET] R5 → WALL (0.17, 3.42)
[DEPOSIT] R10 deposited! Total: 70
  [PHERO] Laid at (-1.27, -1.39) density=11 prob=0.80 entries=1
  [TARGET] R10 → SITE (-1.27, -1.39)

======================================================================
Step 20000 (10.7 min) | Pickups: 71 | Deposits: 70 | Rate: 6.56 tags/min | phero_entries=1 max_w=0.871
======================================================================
R1[WALL_ESC  ]: carry=0 | base=4.32 | wall=0.31 | search=4669 | target=phero(-0.65,2.05)
R2[RTB       ]: carry=1 | base=0.98 | wall=2.58 | search=  0 | target=none
R3[WALL_ESC  ]: carry=0 | base=3.25 | wall=0.34 | search=697 | target=phero(-1.38,2.09)
R4[SEARCH    ]: carry=0 | base=1.67 | wall=1.84 | search=268 | target=site(1.85,-0.73)
R5[DEPART    ]: carry=0 | base=0.27 | wall=3.23 | search=  0 | target=none
R6[SEARCH    ]: carry=0 | base=4.04 | wall=0.37 | search=1136 | target=phero(-1.38,2.09)
R7[DEPART    ]: carry=0 | base=0.28 | wall=3.24 | search=  0 | target=none
R8[WALL_ESC  ]: carry=0 | base=4.11 | wall=0.34 | search=1321 | target=phero(-1.38,2.09)
R9[WALL_ESC  ]: carry=0 | base=3.35 | wall=0.33 | search=2313 | target=site(1.85,1.04)
R10[BASE_ESC  ]: carry=0 | base=0.22 | wall=3.32 | search=  0 | target=site(-1.27,-1.39)
R11[GIVE_UP   ]: carry=0 | base=1.35 | wall=2.24 | search=4056 | target=none
R12[DEPART    ]: carry=0 | base=0.29 | wall=3.28 | search=  0 | target=none

[DEPOSIT] R2 deposited! Total: 71
  [TARGET] R2 → SITE (-0.90, 2.25)
  [GIVE-UP] R11 returned empty after 4056 searching steps
  [TARGET] R11 → PHERO (-1.27, -1.39)

======================================================================
Step 20500 (10.9 min) | Pickups: 71 | Deposits: 71 | Rate: 6.49 tags/min | phero_entries=1 max_w=0.176
======================================================================
R1[SEARCH    ]: carry=0 | base=4.27 | wall=0.37 | search=5169 | target=phero(-0.65,2.05)
R2[SITE      ]: carry=0 | base=0.97 | wall=2.57 | search=  0 | target=site(-0.90,2.25)
R3[WALL_ESC  ]: carry=0 | base=3.26 | wall=0.34 | search=1197 | target=phero(-1.38,2.09)
R4[SEARCH    ]: carry=0 | base=2.58 | wall=1.35 | search=768 | target=site(1.85,-0.73)
R5[SEARCH    ]: carry=0 | base=2.11 | wall=1.39 | search=194 | target=none
R6[SEARCH    ]: carry=0 | base=4.06 | wall=0.36 | search=1636 | target=phero(-1.38,2.09)
R7[SEARCH    ]: carry=0 | base=1.61 | wall=2.29 | search=391 | target=none
R8[SEARCH    ]: carry=0 | base=4.11 | wall=0.35 | search=1821 | target=phero(-1.38,2.09)
R9[WALL_ESC  ]: carry=0 | base=3.35 | wall=0.33 | search=2813 | target=site(1.85,1.04)
R10[SEARCH    ]: carry=0 | base=1.85 | wall=2.13 | search=  6 | target=site(-1.27,-1.39)
R11[PHERO     ]: carry=0 | base=0.26 | wall=3.28 | search=  0 | target=phero(-1.27,-1.39)
R12[SEARCH    ]: carry=0 | base=1.76 | wall=2.09 | search=369 | target=none


======================================================================
Step 21000 (11.2 min) | Pickups: 71 | Deposits: 71 | Rate: 6.34 tags/min | phero_entries=1 max_w=0.036
======================================================================
R1[SEARCH    ]: carry=0 | base=4.21 | wall=0.37 | search=5669 | target=phero(-0.65,2.05)
R2[SEARCH    ]: carry=0 | base=2.51 | wall=1.25 | search=134 | target=site(-0.90,2.25)
R3[WALL_ESC  ]: carry=0 | base=3.26 | wall=0.33 | search=1697 | target=phero(-1.38,2.09)
R4[SEARCH    ]: carry=0 | base=3.55 | wall=0.44 | search=1268 | target=site(1.85,-0.73)
R5[GIVE_UP   ]: carry=0 | base=1.47 | wall=2.04 | search=312 | target=none
R6[GIVE_UP   ]: carry=0 | base=3.44 | wall=0.87 | search=1872 | target=none
R7[SEARCH    ]: carry=0 | base=2.41 | wall=1.09 | search=891 | target=none
R8[SEARCH    ]: carry=0 | base=4.00 | wall=0.36 | search=2321 | target=phero(-1.38,2.09)
R9[WALL_ESC  ]: carry=0 | base=3.35 | wall=0.33 | search=3313 | target=site(1.85,1.04)
R10[SEARCH    ]: carry=0 | base=2.02 | wall=1.59 | search=506 | target=site(-1.27,-1.39)
R11[PHERO     ]: carry=0 | base=1.79 | wall=2.17 | search=  0 | target=phero(-1.27,-1.39)
R12[SEARCH    ]: carry=0 | base=3.30 | wall=0.57 | search=869 | target=none

[PICKUP] R11 picked up tag (density=10) | Total: 72
[PICKUP] R2 picked up tag (density=10) | Total: 73
[PICKUP] R6 picked up tag (density=9) | Total: 74
[PICKUP] R10 picked up tag (density=11) | Total: 75
  [GIVE-UP] R5 returned empty after 312 searching steps
  [TARGET] R5 → PHERO (-1.27, -1.39)

======================================================================
Step 21500 (11.5 min) | Pickups: 75 | Deposits: 71 | Rate: 6.19 tags/min | phero_entries=1 max_w=0.007
======================================================================
R1[WALL_ESC  ]: carry=0 | base=4.33 | wall=0.32 | search=6169 | target=phero(-0.65,2.05)
R2[RTB       ]: carry=1 | base=2.18 | wall=1.66 | search=  0 | target=none
R3[WALL_ESC  ]: carry=0 | base=3.26 | wall=0.33 | search=2197 | target=phero(-1.38,2.09)
R4[SEARCH    ]: carry=0 | base=3.36 | wall=0.35 | search=1768 | target=site(1.85,-0.73)
R5[PHERO     ]: carry=0 | base=0.29 | wall=3.29 | search=  0 | target=phero(-1.27,-1.39)
R6[RTB       ]: carry=1 | base=2.29 | wall=1.73 | search=  0 | target=none
R7[WALL_ESC  ]: carry=0 | base=3.17 | wall=0.33 | search=1391 | target=none
R8[WALL_ESC  ]: carry=0 | base=4.13 | wall=0.35 | search=2821 | target=phero(-1.38,2.09)
R9[GIVE_UP   ]: carry=0 | base=3.31 | wall=0.37 | search=3744 | target=none
R10[RTB       ]: carry=1 | base=2.05 | wall=1.46 | search=  0 | target=none
R11[RTB       ]: carry=1 | base=1.15 | wall=2.62 | search=  0 | target=none
R12[WALL_ESC  ]: carry=0 | base=3.43 | wall=0.34 | search=1369 | target=none

[PICKUP] R9 picked up tag (density=7) | Total: 76
[DEPOSIT] R11 deposited! Total: 72
  [PHERO] Laid at (-1.28, -1.43) density=10 prob=0.71 entries=2
  [TARGET] R11 → SITE (-1.28, -1.43)
[DEPOSIT] R10 deposited! Total: 73
  [PHERO] Laid at (-2.18, 0.23) density=11 prob=0.80 entries=3
  [TARGET] R10 → SITE (-2.18, 0.23)

======================================================================
Step 22000 (11.7 min) | Pickups: 76 | Deposits: 73 | Rate: 6.22 tags/min | phero_entries=3 max_w=0.906
======================================================================
R1[GIVE_UP   ]: carry=0 | base=2.66 | wall=1.52 | search=6240 | target=none
R2[RTB       ]: carry=1 | base=0.26 | wall=3.28 | search=  0 | target=none
R3[WALL_ESC  ]: carry=0 | base=3.26 | wall=0.33 | search=2697 | target=phero(-1.38,2.09)
R4[GIVE_UP   ]: carry=0 | base=1.92 | wall=1.67 | search=1872 | target=none
R5[SEARCH    ]: carry=0 | base=1.85 | wall=2.14 | search=  7 | target=phero(-1.27,-1.39)
R6[RTB       ]: carry=1 | base=0.37 | wall=3.22 | search=  0 | target=none
R7[GIVE_UP   ]: carry=0 | base=1.58 | wall=1.92 | search=1404 | target=none
R8[WALL_ESC  ]: carry=0 | base=4.11 | wall=0.32 | search=3321 | target=phero(-1.38,2.09)
R9[RTB       ]: carry=1 | base=2.28 | wall=1.31 | search=  0 | target=none
R10[BASE_ESC  ]: carry=0 | base=0.22 | wall=3.28 | search=  0 | target=site(-2.18,0.23)
R11[SITE      ]: carry=0 | base=0.80 | wall=2.85 | search=  0 | target=site(-1.28,-1.43)
R12[WALL_ESC  ]: carry=0 | base=3.44 | wall=0.33 | search=1869 | target=none

[DEPOSIT] R2 deposited! Total: 74
  [PHERO] Laid at (-1.48, 2.22) density=10 prob=0.71 entries=4
  [TARGET] R2 → SITE (-1.48, 2.22)
[DEPOSIT] R6 deposited! Total: 75
  [TARGET] R6 → SITE (-1.85, 2.18)
[PICKUP] R11 picked up tag (density=9) | Total: 77
  [GIVE-UP] R7 returned empty after 1404 searching steps
  [TARGET] R7 → PHERO (-2.18, 0.23)
  [GIVE-UP] R4 returned empty after 1872 searching steps
  [TARGET] R4 → PHERO (-2.18, 0.23)

======================================================================
Step 22500 (12.0 min) | Pickups: 77 | Deposits: 75 | Rate: 6.25 tags/min | phero_entries=3 max_w=0.204
======================================================================
R1[GIVE_UP   ]: carry=0 | base=0.74 | wall=2.95 | search=6240 | target=none
R2[SITE      ]: carry=0 | base=1.60 | wall=2.18 | search=  0 | target=site(-1.48,2.22)
R3[WALL_ESC  ]: carry=0 | base=3.26 | wall=0.33 | search=3197 | target=phero(-1.38,2.09)
R4[BASE_ESC  ]: carry=0 | base=0.22 | wall=3.30 | search=  0 | target=phero(-2.18,0.23)
R5[SEARCH    ]: carry=0 | base=2.50 | wall=1.32 | search=507 | target=phero(-1.27,-1.39)
R6[SITE      ]: carry=0 | base=1.58 | wall=2.34 | search=  0 | target=site(-1.85,2.18)
R7[PHERO     ]: carry=0 | base=0.28 | wall=3.24 | search=  0 | target=phero(-2.18,0.23)
R8[SEARCH    ]: carry=0 | base=4.00 | wall=0.40 | search=3821 | target=phero(-1.38,2.09)
R9[RTB       ]: carry=1 | base=0.36 | wall=3.15 | search=  0 | target=none
R10[SITE      ]: carry=0 | base=1.81 | wall=1.70 | search=  0 | target=site(-2.18,0.23)
R11[SURVEY    ]: carry=1 | base=1.91 | wall=2.07 | search=  0 | target=none
R12[WALL_ESC  ]: carry=0 | base=3.45 | wall=0.33 | search=2369 | target=none

[DEPOSIT] R9 deposited! Total: 76
  [PHERO] Laid at (-0.81, 2.48) density=7 prob=0.32 entries=4
  [TARGET] R9 → SITE (-0.81, 2.48)
[PICKUP] R5 picked up tag (density=16) | Total: 78
  [GIVE-UP] R1 returned empty after 6240 searching steps
  [TARGET] R1 → PHERO (-0.81, 2.48)
[PICKUP] R6 picked up tag (density=8) | Total: 79
[PICKUP] R10 picked up tag (density=10) | Total: 80
[PICKUP] R2 picked up tag (density=7) | Total: 81
[DEPOSIT] R11 deposited! Total: 77
  [PHERO] Laid at (-1.26, -1.44) density=9 prob=0.59 entries=5
  [TARGET] R11 → SITE (-1.26, -1.44)

======================================================================
Step 23000 (12.3 min) | Pickups: 81 | Deposits: 77 | Rate: 6.28 tags/min | phero_entries=5 max_w=0.917
======================================================================
R1[PHERO     ]: carry=0 | base=0.79 | wall=2.71 | search=  0 | target=phero(-0.81,2.48)
R2[SURVEY    ]: carry=1 | base=2.79 | wall=1.22 | search=  0 | target=none
R3[WALL_ESC  ]: carry=0 | base=3.26 | wall=0.33 | search=3697 | target=phero(-1.38,2.09)
R4[PHERO     ]: carry=0 | base=1.20 | wall=2.34 | search=  0 | target=phero(-2.18,0.23)
R5[RTB       ]: carry=1 | base=2.27 | wall=1.41 | search=  0 | target=none
R6[RTB       ]: carry=1 | base=2.17 | wall=1.83 | search=  0 | target=none
R7[PHERO     ]: carry=0 | base=1.08 | wall=2.46 | search=  0 | target=phero(-2.18,0.23)
R8[WALL_ESC  ]: carry=0 | base=4.08 | wall=0.32 | search=4321 | target=phero(-1.38,2.09)
R9[SITE      ]: carry=0 | base=1.56 | wall=2.00 | search=  0 | target=site(-0.81,2.48)
R10[SURVEY    ]: carry=1 | base=2.15 | wall=1.39 | search=  0 | target=none
R11[BASE_ESC  ]: carry=0 | base=0.23 | wall=3.33 | search=  0 | target=site(-1.26,-1.44)
R12[WALL_ESC  ]: carry=0 | base=3.45 | wall=0.33 | search=2869 | target=none

[PICKUP] R9 picked up tag (density=6) | Total: 82
[PICKUP] R4 picked up tag (density=9) | Total: 83
[PICKUP] R1 picked up tag (density=5) | Total: 84

======================================================================
Step 23500 (12.5 min) | Pickups: 84 | Deposits: 77 | Rate: 6.14 tags/min | phero_entries=5 max_w=0.185
======================================================================
R1[SURVEY    ]: carry=1 | base=2.22 | wall=1.36 | search=  0 | target=none
R2[RTB       ]: carry=1 | base=1.57 | wall=2.20 | search=  0 | target=none
R3[WALL_ESC  ]: carry=0 | base=3.25 | wall=0.34 | search=4197 | target=phero(-1.38,2.09)
R4[SURVEY    ]: carry=1 | base=2.28 | wall=1.23 | search=  0 | target=none
R5[RTB       ]: carry=1 | base=0.35 | wall=3.17 | search=  0 | target=none
R6[RTB       ]: carry=1 | base=0.25 | wall=3.31 | search=  0 | target=none
R7[SEARCH    ]: carry=0 | base=2.16 | wall=1.34 | search=211 | target=phero(-2.18,0.23)
R8[WALL_ESC  ]: carry=0 | base=4.10 | wall=0.35 | search=4821 | target=phero(-1.38,2.09)
R9[RTB       ]: carry=1 | base=1.93 | wall=1.65 | search=  0 | target=none
R10[RTB       ]: carry=1 | base=0.45 | wall=3.05 | search=  0 | target=none
R11[SITE      ]: carry=0 | base=1.80 | wall=2.15 | search=  0 | target=site(-1.26,-1.44)
R12[WALL_ESC  ]: carry=0 | base=3.46 | wall=0.33 | search=3369 | target=none

[DEPOSIT] R6 deposited! Total: 78
  [PHERO] Laid at (-1.57, 1.81) density=8 prob=0.46 entries=6
  [TARGET] R6 → SITE (-1.57, 1.81)
[DEPOSIT] R5 deposited! Total: 79
  [PHERO] Laid at (-2.60, -1.10) density=16 prob=0.99 entries=7
  [TARGET] R5 → SITE (-2.60, -1.10)
[DEPOSIT] R10 deposited! Total: 80
  [TARGET] R10 → SITE (-2.11, 0.38)
[PICKUP] R11 picked up tag (density=8) | Total: 85
[DEPOSIT] R2 deposited! Total: 81
  [TARGET] R2 → SITE (-1.61, 2.27)
[DEPOSIT] R9 deposited! Total: 82
  [TARGET] R9 → SITE (-0.68, 2.13)

======================================================================
Step 24000 (12.8 min) | Pickups: 85 | Deposits: 82 | Rate: 6.41 tags/min | phero_entries=6 max_w=0.221
======================================================================
R1[RTB       ]: carry=1 | base=0.80 | wall=2.72 | search=  0 | target=none
R2[BASE_ESC  ]: carry=0 | base=0.23 | wall=3.30 | search=  0 | target=site(-1.61,2.27)
R3[WALL_ESC  ]: carry=0 | base=3.25 | wall=0.34 | search=4680 | target=none
R4[RTB       ]: carry=1 | base=0.72 | wall=2.79 | search=  0 | target=none
R5[SITE      ]: carry=0 | base=1.59 | wall=2.06 | search=  0 | target=site(-2.60,-1.10)
R6[SITE      ]: carry=0 | base=1.42 | wall=2.40 | search=  0 | target=site(-1.57,1.81)
R7[GIVE_UP   ]: carry=0 | base=1.47 | wall=2.21 | search=468 | target=none
R8[SEARCH    ]: carry=0 | base=4.01 | wall=0.38 | search=5321 | target=phero(-1.38,2.09)
R9[BASE_ESC  ]: carry=0 | base=0.22 | wall=3.29 | search=  0 | target=site(-0.68,2.13)
R10[SITE      ]: carry=0 | base=1.11 | wall=2.41 | search=  0 | target=site(-2.11,0.38)
R11[RTB       ]: carry=1 | base=1.16 | wall=2.60 | search=  0 | target=none
R12[WALL_ESC  ]: carry=0 | base=3.45 | wall=0.33 | search=3869 | target=none

[DEPOSIT] R4 deposited! Total: 83
  [PHERO] Laid at (-2.22, 0.25) density=9 prob=0.59 entries=7
  [TARGET] R4 → SITE (-2.22, 0.25)
[DEPOSIT] R1 deposited! Total: 84
  [PHERO] Laid at (-0.63, 2.13) density=5 prob=0.12 entries=7
  [TARGET] R1 → SITE (-0.63, 2.13)
[PICKUP] R3 picked up tag (density=4) | Total: 86
[DEPOSIT] R11 deposited! Total: 85
  [TARGET] R11 → SITE (-1.27, -1.47)
  [GIVE-UP] R7 returned empty after 468 searching steps
  [TARGET] R7 → PHERO (-0.63, 2.13)
[PICKUP] R5 picked up tag (density=15) | Total: 87

======================================================================
Step 24500 (13.1 min) | Pickups: 87 | Deposits: 85 | Rate: 6.51 tags/min | phero_entries=6 max_w=0.320
======================================================================
R1[SITE      ]: carry=0 | base=1.14 | wall=2.39 | search=  0 | target=site(-0.63,2.13)
R2[SITE      ]: carry=0 | base=2.02 | wall=1.84 | search=  0 | target=site(-1.61,2.27)
R3[RTB       ]: carry=1 | base=2.24 | wall=1.31 | search=  0 | target=none
R4[SITE      ]: carry=0 | base=1.22 | wall=2.28 | search=  0 | target=site(-2.22,0.25)
R5[SURVEY    ]: carry=1 | base=2.89 | wall=0.84 | search=  0 | target=none
R6[SEARCH    ]: carry=0 | base=2.41 | wall=1.58 | search=259 | target=site(-1.57,1.81)
R7[PHERO     ]: carry=0 | base=0.29 | wall=3.27 | search=  0 | target=phero(-0.63,2.13)
R8[WALL_ESC  ]: carry=0 | base=4.12 | wall=0.31 | search=5821 | target=phero(-1.38,2.09)
R9[SITE      ]: carry=0 | base=1.82 | wall=1.77 | search=  0 | target=site(-0.68,2.13)
R10[SEARCH    ]: carry=0 | base=1.98 | wall=1.57 | search=244 | target=site(-2.11,0.38)
R11[SITE      ]: carry=0 | base=0.79 | wall=2.85 | search=  0 | target=site(-1.27,-1.47)
R12[WALL_ESC  ]: carry=0 | base=3.46 | wall=0.33 | search=4369 | target=none

[PICKUP] R6 picked up tag (density=6) | Total: 88
[PICKUP] R2 picked up tag (density=5) | Total: 89
[PICKUP] R1 picked up tag (density=3) | Total: 90

======================================================================
Step 25000 (13.3 min) | Pickups: 90 | Deposits: 85 | Rate: 6.38 tags/min | phero_entries=5 max_w=0.065
======================================================================
R1[SURVEY    ]: carry=1 | base=2.28 | wall=1.29 | search=  0 | target=none
R2[RTB       ]: carry=1 | base=2.00 | wall=1.84 | search=  0 | target=none
R3[RTB       ]: carry=1 | base=0.32 | wall=3.19 | search=  0 | target=none
R4[SEARCH    ]: carry=0 | base=2.09 | wall=1.44 | search=248 | target=site(-2.22,0.25)
R5[RTB       ]: carry=1 | base=1.47 | wall=2.15 | search=  0 | target=none
R6[RTB       ]: carry=1 | base=1.47 | wall=2.31 | search=  0 | target=none
R7[PHERO     ]: carry=0 | base=1.71 | wall=1.88 | search=  0 | target=phero(-0.63,2.13)
R8[SEARCH    ]: carry=0 | base=4.05 | wall=0.39 | search=6321 | target=phero(-1.38,2.09)
R9[GIVE_UP   ]: carry=0 | base=1.30 | wall=2.40 | search=312 | target=none
R10[SEARCH    ]: carry=0 | base=2.43 | wall=1.45 | search=744 | target=site(-2.11,0.38)
R11[SEARCH    ]: carry=0 | base=1.79 | wall=2.13 | search=212 | target=site(-1.27,-1.47)
R12[WALL_ESC  ]: carry=0 | base=3.46 | wall=0.34 | search=4869 | target=none

[DEPOSIT] R3 deposited! Total: 86
  [TARGET] R3 → SITE (-0.59, 2.58)
  [GIVE-UP] R9 returned empty after 312 searching steps
  [TARGET] R9 → PHERO (-2.22, 0.25)
[DEPOSIT] R5 deposited! Total: 87
  [PHERO] Laid at (-2.66, -1.13) density=15 prob=0.98 entries=5
  [TARGET] R5 → SITE (-2.66, -1.13)
[DEPOSIT] R6 deposited! Total: 88
  [TARGET] R6 → SITE (-1.47, 1.93)
[DEPOSIT] R2 deposited! Total: 89
  [TARGET] R2 → SITE (-1.45, 2.07)

======================================================================
Step 25500 (13.6 min) | Pickups: 90 | Deposits: 89 | Rate: 6.54 tags/min | phero_entries=5 max_w=0.560
======================================================================
R1[RTB       ]: carry=1 | base=1.02 | wall=2.50 | search=  0 | target=none
R2[BASE_ESC  ]: carry=0 | base=0.22 | wall=3.33 | search=  0 | target=site(-1.45,2.07)
R3[SITE      ]: carry=0 | base=1.60 | wall=1.95 | search=  0 | target=site(-0.59,2.58)
R4[SEARCH    ]: carry=0 | base=3.12 | wall=1.02 | search=748 | target=site(-2.22,0.25)
R5[SITE      ]: carry=0 | base=0.49 | wall=3.02 | search=  0 | target=site(-2.66,-1.13)
R6[SITE      ]: carry=0 | base=0.49 | wall=3.13 | search=  0 | target=site(-1.47,1.93)
R7[SEARCH    ]: carry=0 | base=2.39 | wall=1.12 | search=379 | target=phero(-0.63,2.13)
R8[SEARCH    ]: carry=0 | base=4.02 | wall=0.37 | search=6821 | target=phero(-1.38,2.09)
R9[PHERO     ]: carry=0 | base=0.44 | wall=3.17 | search=  0 | target=phero(-2.22,0.25)
R10[SEARCH    ]: carry=0 | base=3.20 | wall=0.38 | search=1244 | target=site(-2.11,0.38)
R11[SEARCH    ]: carry=0 | base=2.43 | wall=1.07 | search=712 | target=site(-1.27,-1.47)
R12[WALL_ESC  ]: carry=0 | base=3.47 | wall=0.32 | search=5369 | target=none

[PICKUP] R3 picked up tag (density=2) | Total: 91
[DEPOSIT] R1 deposited! Total: 90
  [TARGET] R1 → SITE (-0.57, 2.20)

======================================================================
Step 26000 (13.9 min) | Pickups: 91 | Deposits: 90 | Rate: 6.49 tags/min | phero_entries=3 max_w=0.113
======================================================================
R1[SITE      ]: carry=0 | base=0.92 | wall=2.59 | search=  0 | target=site(-0.57,2.20)
R2[SITE      ]: carry=0 | base=1.87 | wall=1.99 | search=  0 | target=site(-1.45,2.07)
R3[RTB       ]: carry=1 | base=1.87 | wall=1.66 | search=  0 | target=none
R4[SEARCH    ]: carry=0 | base=3.02 | wall=0.58 | search=1248 | target=site(-2.22,0.25)
R5[SITE      ]: carry=0 | base=2.40 | wall=1.28 | search=  0 | target=site(-2.66,-1.13)
R6[SEARCH    ]: carry=0 | base=2.39 | wall=1.60 | search=  7 | target=site(-1.47,1.93)
R7[SEARCH    ]: carry=0 | base=3.14 | wall=0.39 | search=879 | target=phero(-0.63,2.13)
R8[GIVE_UP   ]: carry=0 | base=3.23 | wall=0.98 | search=7020 | target=none
R9[SEARCH    ]: carry=0 | base=2.20 | wall=1.31 | search=  7 | target=phero(-2.22,0.25)
R10[SEARCH    ]: carry=0 | base=3.19 | wall=0.39 | search=1744 | target=site(-2.11,0.38)
R11[WALL_ESC  ]: carry=0 | base=3.17 | wall=0.33 | search=1212 | target=site(-1.27,-1.47)
R12[GIVE_UP   ]: carry=0 | base=2.45 | wall=1.22 | search=5616 | target=none

[PICKUP] R8 picked up tag (density=4) | Total: 92
[PICKUP] R9 picked up tag (density=8) | Total: 93
[DEPOSIT] R3 deposited! Total: 91
  [TARGET] R3 → SITE (-0.52, 2.20)

======================================================================
Step 26500 (14.1 min) | Pickups: 93 | Deposits: 91 | Rate: 6.44 tags/min | phero_entries=1 max_w=0.023
======================================================================
R1[SEARCH    ]: carry=0 | base=2.22 | wall=1.40 | search=136 | target=site(-0.57,2.20)
R2[SEARCH    ]: carry=0 | base=3.13 | wall=1.08 | search=342 | target=site(-1.45,2.07)
R3[BASE_ESC  ]: carry=0 | base=0.22 | wall=3.28 | search=  0 | target=site(-0.52,2.20)
R4[SEARCH    ]: carry=0 | base=1.98 | wall=2.05 | search=1748 | target=site(-2.22,0.25)
R5[SEARCH    ]: carry=0 | base=3.05 | wall=0.57 | search=386 | target=site(-2.66,-1.13)
R6[GIVE_UP   ]: carry=0 | base=1.01 | wall=2.71 | search=156 | target=none
R7[WALL_ESC  ]: carry=0 | base=3.21 | wall=0.34 | search=1379 | target=phero(-0.63,2.13)
R8[RTB       ]: carry=1 | base=2.09 | wall=1.84 | search=  0 | target=none
R9[RTB       ]: carry=1 | base=2.17 | wall=1.37 | search=  0 | target=none
R10[SEARCH    ]: carry=0 | base=3.19 | wall=0.39 | search=2244 | target=site(-2.11,0.38)
R11[WALL_ESC  ]: carry=0 | base=3.17 | wall=0.34 | search=1712 | target=site(-1.27,-1.47)
R12[GIVE_UP   ]: carry=0 | base=0.53 | wall=3.00 | search=5616 | target=none

  [GIVE-UP] R12 returned empty after 5616 searching steps
  [TARGET] R12 → PHERO (-2.66, -1.13)
  [GIVE-UP] R6 returned empty after 156 searching steps
  [TARGET] R6 → PHERO (-2.66, -1.13)
[PICKUP] R4 picked up tag (density=1) | Total: 94
[PICKUP] R2 picked up tag (density=3) | Total: 95

======================================================================
Step 27000 (14.4 min) | Pickups: 95 | Deposits: 91 | Rate: 6.32 tags/min | phero_entries=1 max_w=0.005
======================================================================
R1[GIVE_UP   ]: carry=0 | base=0.35 | wall=3.17 | search=156 | target=none
R2[SURVEY    ]: carry=1 | base=2.62 | wall=1.62 | search=  0 | target=none
R3[SITE      ]: carry=0 | base=1.87 | wall=1.68 | search=  0 | target=site(-0.52,2.20)
R4[RTB       ]: carry=1 | base=2.31 | wall=1.30 | search=  0 | target=none
R5[SEARCH    ]: carry=0 | base=3.26 | wall=0.38 | search=886 | target=site(-2.66,-1.13)
R6[PHERO     ]: carry=0 | base=0.57 | wall=2.94 | search=  0 | target=phero(-2.66,-1.13)
R7[GIVE_UP   ]: carry=0 | base=2.08 | wall=1.44 | search=1560 | target=none
R8[RTB       ]: carry=1 | base=0.26 | wall=3.30 | search=  0 | target=none
R9[RTB       ]: carry=1 | base=0.25 | wall=3.25 | search=  0 | target=none
R10[SEARCH    ]: carry=0 | base=3.19 | wall=0.39 | search=2744 | target=site(-2.11,0.38)
R11[WALL_ESC  ]: carry=0 | base=3.18 | wall=0.33 | search=2212 | target=site(-1.27,-1.47)
R12[BASE_ESC  ]: carry=0 | base=0.24 | wall=3.28 | search=  0 | target=phero(-2.66,-1.13)

[DEPOSIT] R9 deposited! Total: 92
  [PHERO] Laid at (-2.15, 0.44) density=8 prob=0.46 entries=2
  [TARGET] R9 → SITE (-2.15, 0.44)
[DEPOSIT] R8 deposited! Total: 93
  [TARGET] R8 → PHERO (-2.15, 0.44)
  [GIVE-UP] R1 returned empty after 156 searching steps
  [TARGET] R1 → PHERO (-2.15, 0.44)
  [GIVE-UP] R7 returned empty after 1560 searching steps
  [TARGET] R7 → PHERO (-2.15, 0.44)

======================================================================
Step 27500 (14.7 min) | Pickups: 95 | Deposits: 93 | Rate: 6.34 tags/min | phero_entries=1 max_w=0.203
======================================================================
R1[PHERO     ]: carry=0 | base=1.30 | wall=2.26 | search=  0 | target=phero(-2.15,0.44)
R2[RTB       ]: carry=1 | base=1.19 | wall=2.66 | search=  0 | target=none
R3[SEARCH    ]: carry=0 | base=2.25 | wall=1.68 | search=411 | target=site(-0.52,2.20)
R4[RTB       ]: carry=1 | base=0.41 | wall=3.11 | search=  0 | target=none
R5[SEARCH    ]: carry=0 | base=3.26 | wall=0.38 | search=1386 | target=site(-2.66,-1.13)
R6[PHERO     ]: carry=0 | base=2.39 | wall=1.28 | search=  0 | target=phero(-2.66,-1.13)
R7[BASE_ESC  ]: carry=0 | base=0.22 | wall=3.28 | search=  0 | target=phero(-2.15,0.44)
R8[PHERO     ]: carry=0 | base=1.42 | wall=2.14 | search=  0 | target=phero(-2.15,0.44)
R9[SITE      ]: carry=0 | base=1.59 | wall=1.92 | search=  0 | target=site(-2.15,0.44)
R10[GIVE_UP   ]: carry=0 | base=1.90 | wall=1.67 | search=2808 | target=none
R11[WALL_ESC  ]: carry=0 | base=3.18 | wall=0.33 | search=2712 | target=site(-1.27,-1.47)
R12[PHERO     ]: carry=0 | base=1.49 | wall=2.03 | search=  0 | target=phero(-2.66,-1.13)

[DEPOSIT] R4 deposited! Total: 94
  [TARGET] R4 → SITE (-0.77, 2.24)
[PICKUP] R6 picked up tag (density=14) | Total: 96
[PICKUP] R9 picked up tag (density=7) | Total: 97
[DEPOSIT] R2 deposited! Total: 95
  [TARGET] R2 → SITE (-1.88, 1.83)
[PICKUP] R8 picked up tag (density=6) | Total: 98
  [GIVE-UP] R10 returned empty after 2808 searching steps
  [TARGET] R10 → PHERO (-2.15, 0.44)

======================================================================
Step 28000 (14.9 min) | Pickups: 98 | Deposits: 95 | Rate: 6.36 tags/min | phero_entries=1 max_w=0.041
======================================================================
R1[SEARCH    ]: carry=0 | base=2.09 | wall=1.48 | search=218 | target=phero(-2.15,0.44)
R2[SITE      ]: carry=0 | base=0.76 | wall=2.91 | search=  0 | target=site(-1.88,1.83)
R3[SEARCH    ]: carry=0 | base=3.09 | wall=0.60 | search=911 | target=site(-0.52,2.20)
R4[SITE      ]: carry=0 | base=1.43 | wall=2.13 | search=  0 | target=site(-0.77,2.24)
R5[GIVE_UP   ]: carry=0 | base=3.06 | wall=0.59 | search=1716 | target=none
R6[RTB       ]: carry=1 | base=2.67 | wall=1.05 | search=  0 | target=none
R7[PHERO     ]: carry=0 | base=1.14 | wall=2.43 | search=  0 | target=phero(-2.15,0.44)
R8[SURVEY    ]: carry=1 | base=2.29 | wall=1.27 | search=  0 | target=none
R9[RTB       ]: carry=1 | base=1.90 | wall=1.64 | search=  0 | target=none
R10[BASE_ESC  ]: carry=0 | base=0.22 | wall=3.28 | search=  0 | target=phero(-2.15,0.44)
R11[WALL_ESC  ]: carry=0 | base=3.17 | wall=0.34 | search=3212 | target=site(-1.27,-1.47)
R12[SEARCH    ]: carry=0 | base=2.80 | wall=0.96 | search=120 | target=phero(-2.66,-1.13)

BATCH_RESULT pickups=98 deposits=95
