Gym has been unmaintained since 2022 and does not support NumPy 2.0 amongst other critical functionality.
Please upgrade to Gymnasium, the maintained drop-in replacement of Gym, or contact the authors of your software and request that they upgrade.
Users of this version of Gym should be able to simply replace 'import gym' with 'import gymnasium as gym' in the vast majority of cases.
See the migration guide at https://gymnasium.farama.org/introduction/migration_guide/ for additional information.
============================================================
EVALUATION MODE — CPFA-RL Trained Model
Arena: 7×7m  |  Robots: 12  (teams of 4: 3)  |  Tags: 128
Obs per team: 18 × 4 = 72  |  Total obs dim: 216
============================================================

Loading model: ppo_cpfa_v9
Model loaded. Starting evaluation...

============================================================

[PICKUP] Robot 4 picked up tag (density=9) | Total: 1
[PICKUP] Robot 10 picked up tag (density=9) | Total: 2
[PICKUP] Robot 3 picked up tag (density=8) | Total: 3
[DEPOSIT] Robot 4 deposited! Total: 1
  [PHERO] Laid at (0.00, 0.50) density=9 prob=1.00 total_entries=1
  [TARGET] Robot 4 → SITE (0.00,0.50)
[DEPOSIT] Robot 10 deposited! Total: 2
  [PHERO] Laid at (-0.00, -0.50) density=9 prob=1.00 total_entries=2
  [TARGET] Robot 10 → SITE (-0.00,-0.50)
[PICKUP] Robot 6 picked up tag (density=7) | Total: 4
[PICKUP] Robot 10 picked up tag (density=8) | Total: 5
[DEPOSIT] Robot 3 deposited! Total: 3
  [PHERO] Laid at (0.29, 0.50) density=8 prob=1.00 total_entries=3
  [TARGET] Robot 3 → SITE (0.29,0.50)
[PICKUP] Robot 4 picked up tag (density=6) | Total: 6
[PICKUP] Robot 2 picked up tag (density=12) | Total: 7

======================================================================
Step 500 (0.3 min) | Pickups: 7 | Deposits: 3 | Rate: 11.25 tags/min | phero_entries=3 phero_max=0.831
======================================================================
R1[T1][EXPLORE   ]: L=+1.00 R=+1.00 | carry=0 | base=0.49 ba=+1.00 | site=0 sd=0.00 sa=+0.00 | phero=0 pd=0.00 pa=+0.00 | srch=0.12 | wall=1.08
R2[T1][RTB       ]: L=+1.00 R=+0.00 | carry=1 | base=0.32 ba=-0.65 | site=0 sd=0.00 sa=+0.00 | phero=0 pd=0.00 pa=+0.00 | srch=0.00 | wall=2.18
R3[T1][BASE_ESC  ]: L=+0.33 R=+1.00 | carry=0 | base=0.05 ba=-0.85 | site=1 sd=0.07 sa=+0.08 | phero=0 pd=0.00 pa=+0.00 | srch=0.03 | wall=3.27
R4[T1][RTB       ]: L=+0.55 R=+1.00 | carry=1 | base=0.09 ba=+0.17 | site=0 sd=0.00 sa=+0.00 | phero=0 pd=0.00 pa=+0.00 | srch=0.00 | wall=3.07
R5[T2][EXPLORE   ]: L=+1.00 R=+1.00 | carry=0 | base=0.34 ba=-0.92 | site=0 sd=0.00 sa=+0.00 | phero=0 pd=0.00 pa=+0.00 | srch=0.12 | wall=1.86
R6[T2][RTB       ]: L=+1.00 R=+0.93 | carry=1 | base=0.05 ba=-0.03 | site=0 sd=0.00 sa=+0.00 | phero=0 pd=0.00 pa=+0.00 | srch=0.00 | wall=3.31
R7[T2][EXPLORE   ]: L=+1.00 R=+1.00 | carry=0 | base=0.30 ba=+0.98 | site=0 sd=0.00 sa=+0.00 | phero=0 pd=0.00 pa=+0.00 | srch=0.12 | wall=2.33
R8[T2][EXPLORE   ]: L=+1.00 R=+1.00 | carry=0 | base=0.28 ba=+0.94 | site=0 sd=0.00 sa=+0.00 | phero=0 pd=0.00 pa=+0.00 | srch=0.12 | wall=2.15
R9[T3][EXPLORE   ]: L=+1.00 R=+1.00 | carry=0 | base=0.33 ba=+0.90 | site=0 sd=0.00 sa=+0.00 | phero=0 pd=0.00 pa=+0.00 | srch=0.12 | wall=2.00
R10[T3][RTB       ]: L=+1.00 R=+0.96 | carry=1 | base=0.06 ba=-0.02 | site=0 sd=0.00 sa=+0.00 | phero=0 pd=0.00 pa=+0.00 | srch=0.00 | wall=3.19
R11[T3][EXPLORE   ]: L=+1.00 R=+1.00 | carry=0 | base=0.44 ba=+0.94 | site=0 sd=0.00 sa=+0.00 | phero=0 pd=0.00 pa=+0.00 | srch=0.12 | wall=1.34
R12[T3][EXPLORE   ]: L=+1.00 R=+1.00 | carry=0 | base=0.48 ba=+0.97 | site=0 sd=0.00 sa=+0.00 | phero=0 pd=0.00 pa=+0.00 | srch=0.12 | wall=1.17

[DEPOSIT] Robot 6 deposited! Total: 4
  [PHERO] Laid at (0.30, 0.58) density=7 prob=0.99 total_entries=4
  [TARGET] Robot 6 → SITE (0.30,0.58)
[DEPOSIT] Robot 10 deposited! Total: 5
  [PHERO] Laid at (0.01, -0.54) density=8 prob=1.00 total_entries=5
  [TARGET] Robot 10 → SITE (0.01,-0.54)
[PICKUP] Robot 7 picked up tag (density=18) | Total: 8
[PICKUP] Robot 1 picked up tag (density=12) | Total: 9
[DEPOSIT] Robot 4 deposited! Total: 6
  [PHERO] Laid at (0.09, 0.46) density=6 prob=0.97 total_entries=6
  [TARGET] Robot 4 → SITE (0.09,0.46)
[PICKUP] Robot 10 picked up tag (density=7) | Total: 10
[PICKUP] Robot 5 picked up tag (density=11) | Total: 11
[PICKUP] Robot 6 picked up tag (density=5) | Total: 12
[PICKUP] Robot 4 picked up tag (density=4) | Total: 13
[DEPOSIT] Robot 10 deposited! Total: 7
  [PHERO] Laid at (-0.03, -0.54) density=7 prob=0.99 total_entries=7
  [TARGET] Robot 10 → SITE (-0.03,-0.54)
[DEPOSIT] Robot 2 deposited! Total: 8
  [PHERO] Laid at (1.32, -0.90) density=12 prob=1.00 total_entries=8
  [TARGET] Robot 2 → SITE (1.32,-0.90)
[DEPOSIT] Robot 7 deposited! Total: 9
  [PHERO] Laid at (-1.25, -0.99) density=18 prob=1.00 total_entries=9
  [TARGET] Robot 7 → SITE (-1.25,-0.99)
[DEPOSIT] Robot 4 deposited! Total: 10
  [PHERO] Laid at (0.18, 0.55) density=4 prob=0.82 total_entries=10
  [TARGET] Robot 4 → SITE (0.18,0.55)
[DEPOSIT] Robot 6 deposited! Total: 11
  [PHERO] Laid at (0.30, 0.65) density=5 prob=0.92 total_entries=11
  [TARGET] Robot 6 → SITE (0.30,0.65)

======================================================================
Step 1000 (0.5 min) | Pickups: 13 | Deposits: 11 | Rate: 20.62 tags/min | phero_entries=11 phero_max=0.992
======================================================================
R1[T1][RTB       ]: L=+1.00 R=+1.00 | carry=1 | base=0.29 ba=+0.00 | site=0 sd=0.00 sa=+0.00 | phero=0 pd=0.00 pa=+0.00 | srch=0.00 | wall=2.08
R2[T1][BASE_ESC  ]: L=+0.00 R=+1.00 | carry=0 | base=0.04 ba=-0.63 | site=1 sd=0.28 sa=+0.45 | phero=0 pd=0.00 pa=+0.00 | srch=0.02 | wall=3.34
R3[T1][EXPLORE   ]: L=+1.00 R=+0.59 | carry=0 | base=0.24 ba=+0.16 | site=0 sd=0.00 sa=+0.00 | phero=0 pd=0.00 pa=+0.00 | srch=0.15 | wall=2.35
R4[T1][BASE_ESC  ]: L=+0.00 R=+1.00 | carry=0 | base=0.05 ba=-0.12 | site=1 sd=0.07 sa=+1.00 | phero=0 pd=0.00 pa=+0.00 | srch=0.00 | wall=3.30
R5[T2][RTB       ]: L=+1.00 R=+1.00 | carry=1 | base=0.41 ba=-0.00 | site=0 sd=0.00 sa=+0.00 | phero=0 pd=0.00 pa=+0.00 | srch=0.00 | wall=1.45
R6[T2][BASE_ESC  ]: L=+1.00 R=+0.00 | carry=0 | base=0.05 ba=+0.10 | site=1 sd=0.10 sa=-0.99 | phero=0 pd=0.00 pa=+0.00 | srch=0.00 | wall=3.27
R7[T2][BASE_ESC  ]: L=+1.00 R=+0.00 | carry=0 | base=0.05 ba=+0.17 | site=1 sd=0.28 sa=-0.86 | phero=0 pd=0.00 pa=+0.00 | srch=0.00 | wall=3.33
R8[T2][EXPLORE   ]: L=+1.00 R=+0.94 | carry=0 | base=0.59 ba=+0.97 | site=0 sd=0.00 sa=+0.00 | phero=0 pd=0.00 pa=+0.00 | srch=0.25 | wall=0.58
R9[T3][WALL_ESC  ]: L=+0.00 R=+1.00 | carry=0 | base=0.66 ba=+0.39 | site=0 sd=0.00 sa=+0.00 | phero=0 pd=0.00 pa=+0.00 | srch=0.25 | wall=0.32
R10[T3][BASE_ESC  ]: L=+1.00 R=+0.00 | carry=0 | base=0.05 ba=+0.71 | site=1 sd=0.07 sa=-0.51 | phero=0 pd=0.00 pa=+0.00 | srch=0.02 | wall=3.29
R11[T3][EXPLORE   ]: L=+1.00 R=+1.00 | carry=0 | base=0.57 ba=+0.16 | site=0 sd=0.00 sa=+0.00 | phero=0 pd=0.00 pa=+0.00 | srch=0.25 | wall=0.70
R12[T3][EXPLORE   ]: L=+0.90 R=+1.00 | carry=0 | base=0.53 ba=-0.16 | site=0 sd=0.00 sa=+0.00 | phero=0 pd=0.00 pa=+0.00 | srch=0.25 | wall=0.89

[PICKUP] Robot 3 picked up tag (density=3) | Total: 14
[PICKUP] Robot 7 picked up tag (density=6) | Total: 15
[PICKUP] Robot 10 picked up tag (density=5) | Total: 16
[PICKUP] Robot 8 picked up tag (density=10) | Total: 17
[PICKUP] Robot 4 picked up tag (density=2) | Total: 18
[DEPOSIT] Robot 1 deposited! Total: 12
  [PHERO] Laid at (2.61, 0.02) density=12 prob=1.00 total_entries=12
  [TARGET] Robot 1 → SITE (2.61,0.02)
[DEPOSIT] Robot 3 deposited! Total: 13
  [PHERO] Laid at (0.10, 0.92) density=3 prob=0.65 total_entries=13
  [TARGET] Robot 3 → SITE (0.10,0.92)
[PICKUP] Robot 12 picked up tag (density=11) | Total: 19
[DEPOSIT] Robot 10 deposited! Total: 14
  [PHERO] Laid at (-0.02, -0.59) density=5 prob=0.92 total_entries=14
  [TARGET] Robot 10 → SITE (-0.02,-0.59)
[DEPOSIT] Robot 7 deposited! Total: 15
  [PHERO] Laid at (-0.23, -0.47) density=6 prob=0.97 total_entries=15
  [TARGET] Robot 7 → SITE (-0.23,-0.47)
[DEPOSIT] Robot 5 deposited! Total: 16
  [PHERO] Laid at (2.57, 0.15) density=11 prob=1.00 total_entries=16
  [TARGET] Robot 5 → SITE (2.57,0.15)
[DEPOSIT] Robot 4 deposited! Total: 17
  [TARGET] Robot 4 → SITE (0.18,0.62)

======================================================================
Step 1500 (0.8 min) | Pickups: 19 | Deposits: 17 | Rate: 21.25 tags/min | phero_entries=16 phero_max=0.953
======================================================================
R1[T1][SITE      ]: L=+1.00 R=+0.47 | carry=0 | base=0.11 ba=-0.95 | site=1 sd=0.43 sa=-0.14 | phero=0 pd=0.00 pa=+0.00 | srch=0.05 | wall=3.03
R2[T1][EXPLORE   ]: L=+1.00 R=+1.00 | carry=0 | base=0.37 ba=+0.90 | site=0 sd=0.00 sa=+0.00 | phero=0 pd=0.00 pa=+0.00 | srch=0.14 | wall=1.91
R3[T1][SITE      ]: L=+0.56 R=+0.56 | carry=0 | base=0.06 ba=-0.81 | site=1 sd=0.13 sa=+0.07 | phero=0 pd=0.00 pa=+0.00 | srch=0.05 | wall=3.23
R4[T1][BASE_ESC  ]: L=+1.00 R=+0.00 | carry=0 | base=0.05 ba=+0.26 | site=1 sd=0.09 sa=-0.84 | phero=0 pd=0.00 pa=+0.00 | srch=0.01 | wall=3.27
R5[T2][BASE_ESC  ]: L=+0.00 R=+1.00 | carry=0 | base=0.05 ba=-0.31 | site=1 sd=0.48 sa=+0.72 | phero=0 pd=0.00 pa=+0.00 | srch=0.01 | wall=3.28
R6[T2][EXPLORE   ]: L=+1.00 R=+1.00 | carry=0 | base=0.26 ba=-0.83 | site=0 sd=0.00 sa=+0.00 | phero=0 pd=0.00 pa=+0.00 | srch=0.13 | wall=2.58
R7[T2][SITE      ]: L=+0.78 R=+1.00 | carry=0 | base=0.05 ba=-0.95 | site=1 sd=0.07 sa=-0.24 | phero=0 pd=0.00 pa=+0.00 | srch=0.03 | wall=3.25
R8[T2][RTB       ]: L=+1.00 R=+1.00 | carry=1 | base=0.40 ba=+0.00 | site=0 sd=0.00 sa=+0.00 | phero=0 pd=0.00 pa=+0.00 | srch=0.00 | wall=1.54
R9[T3][EXPLORE   ]: L=+1.00 R=+1.00 | carry=0 | base=0.35 ba=+0.24 | site=0 sd=0.00 sa=+0.00 | phero=0 pd=0.00 pa=+0.00 | srch=0.38 | wall=1.78
R10[T3][SITE      ]: L=+0.93 R=+1.00 | carry=0 | base=0.08 ba=+0.85 | site=1 sd=0.06 sa=+0.17 | phero=0 pd=0.00 pa=+0.00 | srch=0.04 | wall=3.15
R11[T3][EXPLORE   ]: L=+0.21 R=+0.52 | carry=0 | base=0.33 ba=-0.63 | site=0 sd=0.00 sa=+0.00 | phero=0 pd=0.00 pa=+0.00 | srch=0.38 | wall=1.90
R12[T3][RTB       ]: L=+1.00 R=+1.00 | carry=1 | base=0.26 ba=+0.00 | site=0 sd=0.00 sa=+0.00 | phero=0 pd=0.00 pa=+0.00 | srch=0.00 | wall=2.43

[PICKUP] Robot 6 picked up tag (density=9) | Total: 20
[GIVE-UP] R9 giving up after 1716 steps
[PICKUP] Robot 3 picked up tag (density=1) | Total: 21
[DEPOSIT] Robot 12 deposited! Total: 18
  [PHERO] Laid at (1.60, -0.99) density=11 prob=1.00 total_entries=17
  [TARGET] Robot 12 → SITE (1.60,-0.99)
[DEPOSIT] Robot 8 deposited! Total: 19
  [PHERO] Laid at (2.90, -0.02) density=10 prob=1.00 total_entries=18
  [TARGET] Robot 8 → SITE (2.90,-0.02)
[PICKUP] Robot 10 picked up tag (density=10) | Total: 22
[DEPOSIT] Robot 3 deposited! Total: 20
  [PHERO] Laid at (0.04, 0.62) density=1 prob=0.20 total_entries=19
  [TARGET] Robot 3 → SITE (0.04,0.62)
[EMPTY_RTN] R9 → phero(1.32,-0.90)

======================================================================
Step 2000 (1.1 min) | Pickups: 22 | Deposits: 20 | Rate: 18.75 tags/min | phero_entries=19 phero_max=0.962
======================================================================
R1[T1][SITE      ]: L=+1.00 R=+1.00 | carry=0 | base=0.47 ba=+0.99 | site=1 sd=0.06 sa=-0.11 | phero=0 pd=0.00 pa=+0.00 | srch=0.17 | wall=1.16
R2[T1][WALL_ESC  ]: L=+0.00 R=+1.00 | carry=0 | base=0.68 ba=+0.30 | site=0 sd=0.00 sa=+0.00 | phero=0 pd=0.00 pa=+0.00 | srch=0.27 | wall=0.32
R3[T1][BASE_ESC  ]: L=+1.00 R=+0.00 | carry=0 | base=0.05 ba=+0.27 | site=1 sd=0.08 sa=-0.85 | phero=0 pd=0.00 pa=+0.00 | srch=0.01 | wall=3.28
R4[T1][EXPLORE   ]: L=+1.00 R=+1.00 | carry=0 | base=0.33 ba=-0.91 | site=0 sd=0.00 sa=+0.00 | phero=0 pd=0.00 pa=+0.00 | srch=0.13 | wall=2.00
R5[T2][SITE      ]: L=+1.00 R=+1.00 | carry=0 | base=0.37 ba=+0.88 | site=1 sd=0.26 sa=+0.26 | phero=0 pd=0.00 pa=+0.00 | srch=0.13 | wall=1.85
R6[T2][RTB       ]: L=+1.00 R=+1.00 | carry=1 | base=0.08 ba=-0.00 | site=0 sd=0.00 sa=+0.00 | phero=0 pd=0.00 pa=+0.00 | srch=0.00 | wall=3.18
R7[T2][SITE      ]: L=+0.37 R=+0.40 | carry=0 | base=0.06 ba=-0.71 | site=1 sd=0.05 sa=+0.07 | phero=0 pd=0.00 pa=+0.00 | srch=0.16 | wall=3.21
R8[T2][BASE_ESC  ]: L=+1.00 R=+0.00 | carry=0 | base=0.04 ba=+0.46 | site=1 sd=0.54 sa=-0.58 | phero=0 pd=0.00 pa=+0.00 | srch=0.01 | wall=3.28
R9[T3][BASE_ESC  ]: L=+1.00 R=+0.00 | carry=0 | base=0.05 ba=+0.17 | site=0 sd=0.00 sa=+0.00 | phero=1 pd=0.31 pa=+0.72 | srch=0.00 | wall=3.32
R10[T3][RTB       ]: L=+0.00 R=+1.00 | carry=1 | base=0.32 ba=+0.52 | site=0 sd=0.00 sa=+0.00 | phero=0 pd=0.00 pa=+0.00 | srch=0.00 | wall=2.19
R11[T3][EXPLORE   ]: L=+0.80 R=-1.00 | carry=0 | base=0.32 ba=-0.98 | site=0 sd=0.00 sa=+0.00 | phero=0 pd=0.00 pa=+0.00 | srch=0.50 | wall=2.28
R12[T3][SITE      ]: L=+1.00 R=+0.94 | carry=0 | base=0.14 ba=-0.98 | site=1 sd=0.25 sa=-0.09 | phero=0 pd=0.00 pa=+0.00 | srch=0.06 | wall=2.86

[DEPOSIT] Robot 6 deposited! Total: 21
  [PHERO] Laid at (1.25, 0.96) density=9 prob=1.00 total_entries=20
  [TARGET] Robot 6 → SITE (1.25,0.96)
[PICKUP] Robot 11 picked up tag (density=8) | Total: 23
[DEPOSIT] Robot 10 deposited! Total: 22
  [PHERO] Laid at (1.28, -0.93) density=10 prob=1.00 total_entries=21
  [TARGET] Robot 10 → SITE (1.28,-0.93)
[PICKUP] Robot 12 picked up tag (density=9) | Total: 24
[DEPOSIT] Robot 11 deposited! Total: 23
  [PHERO] Laid at (1.25, 1.01) density=8 prob=1.00 total_entries=22
  [TARGET] Robot 11 → SITE (1.25,1.01)

======================================================================
Step 2500 (1.3 min) | Pickups: 24 | Deposits: 23 | Rate: 17.25 tags/min | phero_entries=22 phero_max=0.934
======================================================================
R1[T1][EXPLORE   ]: L=+1.00 R=+1.00 | carry=0 | base=0.55 ba=-0.21 | site=0 sd=0.00 sa=+0.00 | phero=0 pd=0.00 pa=+0.00 | srch=0.30 | wall=0.87
R2[T1][EXPLORE   ]: L=+1.00 R=+1.00 | carry=0 | base=0.35 ba=+0.20 | site=0 sd=0.00 sa=+0.00 | phero=0 pd=0.00 pa=+0.00 | srch=0.39 | wall=1.78
R3[T1][EXPLORE   ]: L=+1.00 R=+1.00 | carry=0 | base=0.33 ba=-0.94 | site=0 sd=0.00 sa=+0.00 | phero=0 pd=0.00 pa=+0.00 | srch=0.13 | wall=1.99
R4[T1][EXPLORE   ]: L=+1.00 R=+1.00 | carry=0 | base=0.62 ba=-0.78 | site=0 sd=0.00 sa=+0.00 | phero=0 pd=0.00 pa=+0.00 | srch=0.26 | wall=1.18
R5[T2][EXPLORE   ]: L=+1.00 R=+1.00 | carry=0 | base=0.51 ba=+0.47 | site=0 sd=0.00 sa=+0.00 | phero=0 pd=0.00 pa=+0.00 | srch=0.26 | wall=1.00
R6[T2][SITE      ]: L=+1.00 R=+1.00 | carry=0 | base=0.29 ba=+0.84 | site=1 sd=0.05 sa=+0.13 | phero=0 pd=0.00 pa=+0.00 | srch=0.12 | wall=2.28
R7[T2][EXPLORE   ]: L=+1.00 R=+1.00 | carry=0 | base=0.19 ba=-0.83 | site=0 sd=0.00 sa=+0.00 | phero=0 pd=0.00 pa=+0.00 | srch=0.28 | wall=2.69
R8[T2][SITE      ]: L=+0.80 R=+0.80 | carry=0 | base=0.36 ba=+0.93 | site=1 sd=0.24 sa=+0.03 | phero=0 pd=0.00 pa=+0.00 | srch=0.14 | wall=1.75
R9[T3][PHERO     ]: L=+1.00 R=+1.00 | carry=0 | base=0.23 ba=-0.61 | site=0 sd=0.00 sa=+0.00 | phero=1 pd=0.13 pa=+0.07 | srch=0.13 | wall=2.39
R10[T3][BASE_ESC  ]: L=+1.00 R=+0.01 | carry=0 | base=0.05 ba=+0.77 | site=1 sd=0.28 sa=-0.32 | phero=0 pd=0.00 pa=+0.00 | srch=0.02 | wall=3.29
R11[T3][BASE_ESC  ]: L=+0.00 R=+1.00 | carry=0 | base=0.04 ba=-0.40 | site=1 sd=0.28 sa=+0.65 | phero=0 pd=0.00 pa=+0.00 | srch=0.01 | wall=3.31
R12[T3][RTB       ]: L=+0.49 R=+1.00 | carry=1 | base=0.36 ba=+0.20 | site=0 sd=0.00 sa=+0.00 | phero=0 pd=0.00 pa=+0.00 | srch=0.00 | wall=2.18

[PICKUP] Robot 6 picked up tag (density=7) | Total: 25
[GIVE-UP] R5 giving up after 1191 steps
[PICKUP] Robot 9 picked up tag (density=8) | Total: 26
[PICKUP] Robot 1 picked up tag (density=7) | Total: 27
[PICKUP] Robot 8 picked up tag (density=9) | Total: 28
[DEPOSIT] Robot 12 deposited! Total: 24
  [PHERO] Laid at (1.20, -1.38) density=9 prob=1.00 total_entries=23
  [TARGET] Robot 12 → SITE (1.20,-1.38)

======================================================================
Step 3000 (1.6 min) | Pickups: 28 | Deposits: 24 | Rate: 15.00 tags/min | phero_entries=23 phero_max=0.866
======================================================================
R1[T1][RTB       ]: L=+1.00 R=+0.95 | carry=1 | base=0.26 ba=-0.02 | site=0 sd=0.00 sa=+0.00 | phero=0 pd=0.00 pa=+0.00 | srch=0.00 | wall=2.48
R2[T1][EXPLORE   ]: L=+1.00 R=+1.00 | carry=0 | base=0.20 ba=+0.66 | site=0 sd=0.00 sa=+0.00 | phero=0 pd=0.00 pa=+0.00 | srch=0.52 | wall=2.51
R3[T1][WALL_ESC  ]: L=+1.00 R=+0.00 | carry=0 | base=0.71 ba=-0.97 | site=0 sd=0.00 sa=+0.00 | phero=0 pd=0.00 pa=+0.00 | srch=0.26 | wall=0.35
R4[T1][EXPLORE   ]: L=+1.00 R=+1.00 | carry=0 | base=0.62 ba=-0.11 | site=0 sd=0.00 sa=+0.00 | phero=0 pd=0.00 pa=+0.00 | srch=0.38 | wall=0.81
R5[T2][GIVE_UP   ]: L=+1.00 R=+1.00 | carry=0 | base=0.29 ba=+0.00 | site=0 sd=0.00 sa=+0.00 | phero=0 pd=0.00 pa=+0.00 | srch=0.38 | wall=2.21
R6[T2][RTB       ]: L=+1.00 R=+1.00 | carry=1 | base=0.10 ba=-0.00 | site=0 sd=0.00 sa=+0.00 | phero=0 pd=0.00 pa=+0.00 | srch=0.00 | wall=3.13
R7[T2][EXPLORE   ]: L=+0.35 R=+1.00 | carry=0 | base=0.47 ba=+0.57 | site=0 sd=0.00 sa=+0.00 | phero=0 pd=0.00 pa=+0.00 | srch=0.41 | wall=1.15
R8[T2][RTB       ]: L=+0.95 R=+1.00 | carry=1 | base=0.56 ba=+0.02 | site=0 sd=0.00 sa=+0.00 | phero=0 pd=0.00 pa=+0.00 | srch=0.00 | wall=0.73
R9[T3][RTB       ]: L=+1.00 R=+1.00 | carry=1 | base=0.17 ba=-0.00 | site=0 sd=0.00 sa=+0.00 | phero=0 pd=0.00 pa=+0.00 | srch=0.00 | wall=2.87
R10[T3][SITE      ]: L=+1.00 R=+1.00 | carry=0 | base=0.26 ba=-0.92 | site=1 sd=0.06 sa=-0.01 | phero=0 pd=0.00 pa=+0.00 | srch=0.15 | wall=2.40
R11[T3][SITE      ]: L=+0.74 R=+0.83 | carry=0 | base=0.25 ba=-0.94 | site=1 sd=0.07 sa=+0.04 | phero=0 pd=0.00 pa=+0.00 | srch=0.14 | wall=2.54
R12[T3][BASE_ESC  ]: L=+1.00 R=+0.08 | carry=0 | base=0.05 ba=+0.77 | site=1 sd=0.32 sa=-0.32 | phero=0 pd=0.00 pa=+0.00 | srch=0.02 | wall=3.32

[DEPOSIT] Robot 6 deposited! Total: 25
  [PHERO] Laid at (1.27, 1.03) density=7 prob=0.99 total_entries=24
  [TARGET] Robot 6 → SITE (1.27,1.03)
[PICKUP] Robot 10 picked up tag (density=6) | Total: 29
[DEPOSIT] Robot 9 deposited! Total: 26
  [PHERO] Laid at (1.22, -0.99) density=8 prob=1.00 total_entries=25
  [TARGET] Robot 9 → SITE (1.22,-0.99)
[DEPOSIT] Robot 1 deposited! Total: 27
  [PHERO] Laid at (1.60, -1.09) density=7 prob=0.99 total_entries=26
  [TARGET] Robot 1 → SITE (1.60,-1.09)
[PICKUP] Robot 3 picked up tag (density=16) | Total: 30
[EMPTY_RTN] R5 → phero(1.25,0.96)

======================================================================
Step 3500 (1.9 min) | Pickups: 30 | Deposits: 27 | Rate: 14.46 tags/min | phero_entries=26 phero_max=0.688
======================================================================
R1[T1][SITE      ]: L=+1.00 R=+1.00 | carry=0 | base=0.15 ba=+0.96 | site=1 sd=0.27 sa=-0.25 | phero=0 pd=0.00 pa=+0.00 | srch=0.06 | wall=2.78
R2[T1][EXPLORE   ]: L=+1.00 R=+1.00 | carry=0 | base=0.52 ba=+0.89 | site=0 sd=0.00 sa=+0.00 | phero=0 pd=0.00 pa=+0.00 | srch=0.64 | wall=1.27
R3[T1][RTB       ]: L=+1.00 R=+1.00 | carry=1 | base=0.47 ba=-0.00 | site=0 sd=0.00 sa=+0.00 | phero=0 pd=0.00 pa=+0.00 | srch=0.00 | wall=1.67
R4[T1][EXPLORE   ]: L=+1.00 R=+1.00 | carry=0 | base=0.28 ba=-0.25 | site=0 sd=0.00 sa=+0.00 | phero=0 pd=0.00 pa=+0.00 | srch=0.51 | wall=2.12
R5[T2][PHERO     ]: L=+0.88 R=+1.00 | carry=0 | base=0.06 ba=+0.94 | site=0 sd=0.00 sa=+0.00 | phero=1 pd=0.27 pa=+0.14 | srch=0.04 | wall=3.20
R6[T2][SITE      ]: L=+1.00 R=+1.00 | carry=0 | base=0.25 ba=+0.94 | site=1 sd=0.08 sa=+0.05 | phero=0 pd=0.00 pa=+0.00 | srch=0.11 | wall=2.47
R7[T2][EXPLORE   ]: L=-0.04 R=-0.61 | carry=0 | base=0.48 ba=-0.54 | site=0 sd=0.00 sa=+0.00 | phero=0 pd=0.00 pa=+0.00 | srch=0.53 | wall=1.15
R8[T2][RTB       ]: L=+1.00 R=+1.00 | carry=1 | base=0.17 ba=+0.00 | site=0 sd=0.00 sa=+0.00 | phero=0 pd=0.00 pa=+0.00 | srch=0.00 | wall=2.64
R9[T3][SITE      ]: L=+1.00 R=+1.00 | carry=0 | base=0.21 ba=+1.00 | site=1 sd=0.16 sa=+0.34 | phero=0 pd=0.00 pa=+0.00 | srch=0.08 | wall=2.55
R10[T3][RTB       ]: L=+1.00 R=+1.00 | carry=1 | base=0.10 ba=-0.00 | site=0 sd=0.00 sa=+0.00 | phero=0 pd=0.00 pa=+0.00 | srch=0.00 | wall=3.12
R11[T3][SITE      ]: L=-0.02 R=-0.04 | carry=0 | base=0.30 ba=-0.91 | site=1 sd=0.03 sa=+0.03 | phero=0 pd=0.00 pa=+0.00 | srch=0.26 | wall=2.37
R12[T3][SITE      ]: L=+0.88 R=+1.00 | carry=0 | base=0.37 ba=+0.82 | site=1 sd=0.10 sa=+0.36 | phero=0 pd=0.00 pa=+0.00 | srch=0.15 | wall=1.85

[DEPOSIT] Robot 10 deposited! Total: 28
  [PHERO] Laid at (1.33, -0.98) density=6 prob=0.97 total_entries=27
  [TARGET] Robot 10 → SITE (1.33,-0.98)
[DEPOSIT] Robot 8 deposited! Total: 29
  [PHERO] Laid at (2.96, 0.09) density=9 prob=1.00 total_entries=28
  [TARGET] Robot 8 → SITE (2.96,0.09)
[PICKUP] Robot 12 picked up tag (density=5) | Total: 31
[PICKUP] Robot 9 picked up tag (density=4) | Total: 32
[PICKUP] Robot 6 picked up tag (density=15) | Total: 33
[PICKUP] Robot 1 picked up tag (density=3) | Total: 34

======================================================================
Step 4000 (2.1 min) | Pickups: 34 | Deposits: 29 | Rate: 13.59 tags/min | phero_entries=28 phero_max=0.579
======================================================================
R1[T1][RTB       ]: L=+1.00 R=+0.66 | carry=1 | base=0.39 ba=-0.14 | site=0 sd=0.00 sa=+0.00 | phero=0 pd=0.00 pa=+0.00 | srch=0.00 | wall=1.99
R2[T1][EXPLORE   ]: L=+1.00 R=+1.00 | carry=0 | base=0.79 ba=+0.44 | site=0 sd=0.00 sa=+0.00 | phero=0 pd=0.00 pa=+0.00 | srch=0.77 | wall=0.52
R3[T1][RTB       ]: L=+1.00 R=+1.00 | carry=1 | base=0.08 ba=-0.00 | site=0 sd=0.00 sa=+0.00 | phero=0 pd=0.00 pa=+0.00 | srch=0.00 | wall=3.19
R4[T1][EXPLORE   ]: L=+1.00 R=+1.00 | carry=0 | base=0.28 ba=-0.74 | site=0 sd=0.00 sa=+0.00 | phero=0 pd=0.00 pa=+0.00 | srch=0.63 | wall=2.12
R5[T2][EXPLORE   ]: L=+1.00 R=+1.00 | carry=0 | base=0.31 ba=+0.26 | site=0 sd=0.00 sa=+0.00 | phero=0 pd=0.00 pa=+0.00 | srch=0.16 | wall=2.35
R6[T2][RTB       ]: L=+0.60 R=+1.00 | carry=1 | base=0.53 ba=+0.15 | site=0 sd=0.00 sa=+0.00 | phero=0 pd=0.00 pa=+0.00 | srch=0.00 | wall=1.44
R7[T2][EXPLORE   ]: L=+0.77 R=+1.00 | carry=0 | base=0.46 ba=-0.42 | site=0 sd=0.00 sa=+0.00 | phero=0 pd=0.00 pa=+0.00 | srch=0.66 | wall=1.21
R8[T2][SITE      ]: L=+1.00 R=+0.96 | carry=0 | base=0.22 ba=-0.91 | site=1 sd=0.39 sa=-0.02 | phero=0 pd=0.00 pa=+0.00 | srch=0.09 | wall=2.45
R9[T3][RTB       ]: L=+1.00 R=+1.00 | carry=1 | base=0.24 ba=+0.00 | site=0 sd=0.00 sa=+0.00 | phero=0 pd=0.00 pa=+0.00 | srch=0.00 | wall=2.66
R10[T3][SITE      ]: L=+1.00 R=+1.00 | carry=0 | base=0.27 ba=+0.83 | site=1 sd=0.08 sa=+0.11 | phero=0 pd=0.00 pa=+0.00 | srch=0.11 | wall=2.50
R11[T3][SITE      ]: L=-0.19 R=-0.13 | carry=0 | base=0.30 ba=-0.99 | site=1 sd=0.03 sa=-0.06 | phero=0 pd=0.00 pa=+0.00 | srch=0.39 | wall=2.37
R12[T3][RTB       ]: L=+1.00 R=+1.00 | carry=1 | base=0.22 ba=+0.00 | site=0 sd=0.00 sa=+0.00 | phero=0 pd=0.00 pa=+0.00 | srch=0.00 | wall=2.72

[DEPOSIT] Robot 3 deposited! Total: 30
  [PHERO] Laid at (1.85, 2.49) density=16 prob=1.00 total_entries=29
  [TARGET] Robot 3 → SITE (1.85,2.49)
[GIVE-UP] R5 giving up after 843 steps
[DEPOSIT] Robot 12 deposited! Total: 31
  [PHERO] Laid at (1.25, -1.34) density=5 prob=0.92 total_entries=30
  [TARGET] Robot 12 → SITE (1.25,-1.34)
[DEPOSIT] Robot 9 deposited! Total: 32
  [PHERO] Laid at (1.21, -1.32) density=4 prob=0.82 total_entries=31
  [TARGET] Robot 9 → SITE (1.21,-1.32)
[PICKUP] Robot 11 picked up tag (density=6) | Total: 35
[DEPOSIT] Robot 1 deposited! Total: 33
  [PHERO] Laid at (1.60, -1.16) density=3 prob=0.65 total_entries=30
  [TARGET] Robot 1 → PHERO (1.20,-1.38)
[EMPTY_RTN] R5 → phero(1.21,-1.32)

======================================================================
Step 4500 (2.4 min) | Pickups: 35 | Deposits: 33 | Rate: 13.75 tags/min | phero_entries=30 phero_max=0.925
======================================================================
R1[T1][BASE_ESC  ]: L=+0.00 R=+1.00 | carry=0 | base=0.04 ba=-0.46 | site=0 sd=0.00 sa=+0.00 | phero=1 pd=0.32 pa=+0.51 | srch=0.01 | wall=3.34
R2[T1][EXPLORE   ]: L=+1.00 R=+1.00 | carry=0 | base=0.65 ba=+0.26 | site=0 sd=0.00 sa=+0.00 | phero=0 pd=0.00 pa=+0.00 | srch=0.89 | wall=0.67
R3[T1][SITE      ]: L=+0.66 R=+1.00 | carry=0 | base=0.31 ba=+0.99 | site=1 sd=0.35 sa=+0.18 | phero=0 pd=0.00 pa=+0.00 | srch=0.12 | wall=2.27
R4[T1][EXPLORE   ]: L=+1.00 R=+1.00 | carry=0 | base=0.21 ba=-0.57 | site=0 sd=0.00 sa=+0.00 | phero=0 pd=0.00 pa=+0.00 | srch=0.76 | wall=2.49
R5[T2][BASE_ESC  ]: L=+1.00 R=+0.00 | carry=0 | base=0.05 ba=+0.31 | site=0 sd=0.00 sa=+0.00 | phero=1 pd=0.39 pa=+0.59 | srch=0.01 | wall=3.28
R6[T2][RTB       ]: L=+1.00 R=+1.00 | carry=1 | base=0.14 ba=+0.00 | site=0 sd=0.00 sa=+0.00 | phero=0 pd=0.00 pa=+0.00 | srch=0.00 | wall=2.93
R7[T2][EXPLORE   ]: L=+0.91 R=-0.38 | carry=0 | base=0.55 ba=+0.20 | site=0 sd=0.00 sa=+0.00 | phero=0 pd=0.00 pa=+0.00 | srch=0.78 | wall=0.95
R8[T2][SITE      ]: L=+0.71 R=+1.00 | carry=0 | base=0.59 ba=+0.93 | site=1 sd=0.03 sa=+0.34 | phero=0 pd=0.00 pa=+0.00 | srch=0.21 | wall=0.58
R9[T3][SITE      ]: L=+1.00 R=+1.00 | carry=0 | base=0.15 ba=-0.88 | site=1 sd=0.22 sa=+0.00 | phero=0 pd=0.00 pa=+0.00 | srch=0.06 | wall=2.90
R10[T3][EXPLORE   ]: L=+1.00 R=+1.00 | carry=0 | base=0.55 ba=+0.89 | site=0 sd=0.00 sa=+0.00 | phero=0 pd=0.00 pa=+0.00 | srch=0.23 | wall=0.95
R11[T3][RTB       ]: L=+0.98 R=+1.00 | carry=1 | base=0.30 ba=+0.01 | site=0 sd=0.00 sa=+0.00 | phero=0 pd=0.00 pa=+0.00 | srch=0.00 | wall=2.25
R12[T3][SITE      ]: L=+1.00 R=+1.00 | carry=0 | base=0.17 ba=-0.93 | site=1 sd=0.21 sa=-0.02 | phero=0 pd=0.00 pa=+0.00 | srch=0.07 | wall=2.84

[PICKUP] Robot 3 picked up tag (density=5) | Total: 36
[DEPOSIT] Robot 6 deposited! Total: 34
  [PHERO] Laid at (1.67, 2.03) density=15 prob=1.00 total_entries=31
  [TARGET] Robot 6 → SITE (1.67,2.03)
[PICKUP] Robot 8 picked up tag (density=8) | Total: 37
[DEPOSIT] Robot 11 deposited! Total: 35
  [PHERO] Laid at (1.33, 1.02) density=6 prob=0.97 total_entries=30
  [TARGET] Robot 11 → SITE (1.33,1.02)

======================================================================
Step 5000 (2.7 min) | Pickups: 37 | Deposits: 35 | Rate: 13.12 tags/min | phero_entries=28 phero_max=0.756
======================================================================
R1[T1][PHERO     ]: L=+0.74 R=+1.00 | carry=0 | base=0.38 ba=+0.73 | site=0 sd=0.00 sa=+0.00 | phero=1 pd=0.03 pa=+0.34 | srch=0.14 | wall=1.99
R2[T1][EXPLORE   ]: L=+1.00 R=+1.00 | carry=0 | base=0.51 ba=+0.48 | site=0 sd=0.00 sa=+0.00 | phero=0 pd=0.00 pa=+0.00 | srch=1.00 | wall=1.00
R3[T1][RTB       ]: L=+1.00 R=+0.99 | carry=1 | base=0.07 ba=-0.00 | site=0 sd=0.00 sa=+0.00 | phero=0 pd=0.00 pa=+0.00 | srch=0.00 | wall=3.22
R4[T1][EXPLORE   ]: L=+1.00 R=+1.00 | carry=0 | base=0.48 ba=-0.86 | site=0 sd=0.00 sa=+0.00 | phero=0 pd=0.00 pa=+0.00 | srch=0.88 | wall=1.57
R5[T2][PHERO     ]: L=+0.71 R=+0.73 | carry=0 | base=0.09 ba=-0.81 | site=0 sd=0.00 sa=+0.00 | phero=1 pd=0.28 pa=+0.01 | srch=0.13 | wall=3.10
R6[T2][SITE      ]: L=+1.00 R=+0.99 | carry=0 | base=0.23 ba=-0.89 | site=1 sd=0.31 sa=+0.01 | phero=0 pd=0.00 pa=+0.00 | srch=0.09 | wall=2.50
R7[T2][EXPLORE   ]: L=-0.04 R=+0.14 | carry=0 | base=0.61 ba=-0.86 | site=0 sd=0.00 sa=+0.00 | phero=0 pd=0.00 pa=+0.00 | srch=0.91 | wall=0.65
R8[T2][RTB       ]: L=+1.00 R=+1.00 | carry=1 | base=0.37 ba=-0.00 | site=0 sd=0.00 sa=+0.00 | phero=0 pd=0.00 pa=+0.00 | srch=0.00 | wall=1.66
R9[T3][EXPLORE   ]: L=+1.00 R=+1.00 | carry=0 | base=0.50 ba=+1.00 | site=0 sd=0.00 sa=+0.00 | phero=0 pd=0.00 pa=+0.00 | srch=0.19 | wall=1.69
R10[T3][EXPLORE   ]: L=+1.00 R=+1.00 | carry=0 | base=0.49 ba=+0.11 | site=0 sd=0.00 sa=+0.00 | phero=0 pd=0.00 pa=+0.00 | srch=0.36 | wall=1.11
R11[T3][SITE      ]: L=+1.00 R=+0.68 | carry=0 | base=0.08 ba=-0.94 | site=1 sd=0.26 sa=-0.04 | phero=0 pd=0.00 pa=+0.00 | srch=0.04 | wall=3.18
R12[T3][EXPLORE   ]: L=+1.00 R=+0.62 | carry=0 | base=0.53 ba=-0.85 | site=0 sd=0.00 sa=+0.00 | phero=0 pd=0.00 pa=+0.00 | srch=0.20 | wall=1.31

[DEPOSIT] Robot 3 deposited! Total: 36
  [PHERO] Laid at (1.34, 1.02) density=5 prob=0.92 total_entries=29
  [TARGET] Robot 3 → SITE (1.34,1.02)
[PICKUP] Robot 1 picked up tag (density=2) | Total: 38
[PICKUP] Robot 11 picked up tag (density=4) | Total: 39
[DEPOSIT] Robot 8 deposited! Total: 37
  [PHERO] Laid at (2.93, 0.08) density=8 prob=1.00 total_entries=25
  [TARGET] Robot 8 → SITE (2.93,0.08)
[PICKUP] Robot 6 picked up tag (density=14) | Total: 40

======================================================================
Step 5500 (2.9 min) | Pickups: 40 | Deposits: 37 | Rate: 12.61 tags/min | phero_entries=25 phero_max=0.873
======================================================================
R1[T1][RTB       ]: L=+1.00 R=+1.00 | carry=1 | base=0.14 ba=-0.00 | site=0 sd=0.00 sa=+0.00 | phero=0 pd=0.00 pa=+0.00 | srch=0.00 | wall=2.99
R2[T1][EXPLORE   ]: L=+1.00 R=+1.00 | carry=0 | base=0.63 ba=+0.70 | site=0 sd=0.00 sa=+0.00 | phero=0 pd=0.00 pa=+0.00 | srch=1.00 | wall=1.27
R3[T1][SITE      ]: L=+0.90 R=+1.00 | carry=0 | base=0.31 ba=+0.79 | site=1 sd=0.05 sa=+0.14 | phero=0 pd=0.00 pa=+0.00 | srch=0.12 | wall=2.15
R4[T1][WALL_ESC  ]: L=+1.00 R=+0.00 | carry=0 | base=0.76 ba=-0.52 | site=0 sd=0.00 sa=+0.00 | phero=0 pd=0.00 pa=+0.00 | srch=1.00 | wall=0.32
R5[T2][EXPLORE   ]: L=+1.00 R=+1.00 | carry=0 | base=0.41 ba=-0.93 | site=0 sd=0.00 sa=+0.00 | phero=0 pd=0.00 pa=+0.00 | srch=0.26 | wall=1.97
R6[T2][RTB       ]: L=+0.26 R=+1.00 | carry=1 | base=0.54 ba=+0.28 | site=0 sd=0.00 sa=+0.00 | phero=0 pd=0.00 pa=+0.00 | srch=0.00 | wall=1.44
R7[T2][EXPLORE   ]: L=+0.36 R=+1.00 | carry=0 | base=0.61 ba=-0.83 | site=0 sd=0.00 sa=+0.00 | phero=0 pd=0.00 pa=+0.00 | srch=1.00 | wall=0.61
R8[T2][BASE_ESC  ]: L=+0.00 R=+1.00 | carry=0 | base=0.05 ba=-0.69 | site=1 sd=0.55 sa=+0.38 | phero=0 pd=0.00 pa=+0.00 | srch=0.02 | wall=3.28
R9[T3][WALL_ESC  ]: L=+0.00 R=+1.00 | carry=0 | base=0.88 ba=+0.83 | site=0 sd=0.00 sa=+0.00 | phero=0 pd=0.00 pa=+0.00 | srch=0.31 | wall=0.34
R10[T3][EXPLORE   ]: L=+1.00 R=+1.00 | carry=0 | base=0.18 ba=+0.37 | site=0 sd=0.00 sa=+0.00 | phero=0 pd=0.00 pa=+0.00 | srch=0.48 | wall=2.77
R11[T3][RTB       ]: L=+1.00 R=+0.94 | carry=1 | base=0.31 ba=-0.02 | site=0 sd=0.00 sa=+0.00 | phero=0 pd=0.00 pa=+0.00 | srch=0.00 | wall=2.20
R12[T3][EXPLORE   ]: L=+1.00 R=+1.00 | carry=0 | base=0.63 ba=-0.93 | site=0 sd=0.00 sa=+0.00 | phero=0 pd=0.00 pa=+0.00 | srch=0.32 | wall=0.88

[DEPOSIT] Robot 1 deposited! Total: 38
  [TARGET] Robot 1 → SITE (1.39,-1.40)
[DEPOSIT] Robot 11 deposited! Total: 39
  [PHERO] Laid at (1.35, 1.03) density=4 prob=0.82 total_entries=21
  [TARGET] Robot 11 → SITE (1.35,1.03)
[PICKUP] Robot 2 picked up tag (density=16) | Total: 41

======================================================================
Step 6000 (3.2 min) | Pickups: 41 | Deposits: 39 | Rate: 12.19 tags/min | phero_entries=21 phero_max=0.775
======================================================================
R1[T1][SITE      ]: L=+1.00 R=+1.00 | carry=0 | base=0.26 ba=+1.00 | site=1 sd=0.17 sa=+0.25 | phero=0 pd=0.00 pa=+0.00 | srch=0.10 | wall=2.35
R2[T1][RTB       ]: L=+0.93 R=+1.00 | carry=1 | base=0.62 ba=+0.02 | site=0 sd=0.00 sa=+0.00 | phero=0 pd=0.00 pa=+0.00 | srch=0.00 | wall=0.79
R3[T1][EXPLORE   ]: L=+1.00 R=+1.00 | carry=0 | base=0.54 ba=+0.79 | site=0 sd=0.00 sa=+0.00 | phero=0 pd=0.00 pa=+0.00 | srch=0.24 | wall=1.00
R4[T1][EXPLORE   ]: L=+1.00 R=+1.00 | carry=0 | base=0.44 ba=-0.14 | site=0 sd=0.00 sa=+0.00 | phero=0 pd=0.00 pa=+0.00 | srch=1.00 | wall=1.47
R5[T2][EXPLORE   ]: L=+1.00 R=+1.00 | carry=0 | base=0.80 ba=-0.98 | site=0 sd=0.00 sa=+0.00 | phero=0 pd=0.00 pa=+0.00 | srch=0.38 | wall=0.40
R6[T2][RTB       ]: L=+1.00 R=+1.00 | carry=1 | base=0.19 ba=+0.00 | site=0 sd=0.00 sa=+0.00 | phero=0 pd=0.00 pa=+0.00 | srch=0.00 | wall=2.74
R7[T2][EXPLORE   ]: L=+1.00 R=+1.00 | carry=0 | base=0.65 ba=-0.63 | site=0 sd=0.00 sa=+0.00 | phero=0 pd=0.00 pa=+0.00 | srch=1.00 | wall=0.81
R8[T2][SITE      ]: L=+0.97 R=+1.00 | carry=0 | base=0.41 ba=+0.89 | site=1 sd=0.29 sa=+0.24 | phero=0 pd=0.00 pa=+0.00 | srch=0.15 | wall=1.65
R9[T3][EXPLORE   ]: L=+1.00 R=+1.00 | carry=0 | base=0.64 ba=+0.18 | site=0 sd=0.00 sa=+0.00 | phero=0 pd=0.00 pa=+0.00 | srch=0.44 | wall=0.84
R10[T3][EXPLORE   ]: L=+1.00 R=+1.00 | carry=0 | base=0.36 ba=+0.84 | site=0 sd=0.00 sa=+0.00 | phero=0 pd=0.00 pa=+0.00 | srch=0.61 | wall=1.99
R11[T3][SITE      ]: L=+0.98 R=+1.00 | carry=0 | base=0.08 ba=+0.99 | site=1 sd=0.27 sa=+0.13 | phero=0 pd=0.00 pa=+0.00 | srch=0.04 | wall=3.11
R12[T3][EXPLORE   ]: L=+1.00 R=+1.00 | carry=0 | base=0.66 ba=+0.62 | site=0 sd=0.00 sa=+0.00 | phero=0 pd=0.00 pa=+0.00 | srch=0.45 | wall=0.85

[DEPOSIT] Robot 6 deposited! Total: 40
  [PHERO] Laid at (1.71, 2.03) density=14 prob=1.00 total_entries=21
  [TARGET] Robot 6 → SITE (1.71,2.03)

======================================================================
Step 6500 (3.5 min) | Pickups: 41 | Deposits: 40 | Rate: 11.54 tags/min | phero_entries=18 phero_max=0.598
======================================================================
R1[T1][EXPLORE   ]: L=+1.00 R=+1.00 | carry=0 | base=0.38 ba=-0.27 | site=0 sd=0.00 sa=+0.00 | phero=0 pd=0.00 pa=+0.00 | srch=0.22 | wall=2.14
R2[T1][RTB       ]: L=+1.00 R=+1.00 | carry=1 | base=0.24 ba=+0.00 | site=0 sd=0.00 sa=+0.00 | phero=0 pd=0.00 pa=+0.00 | srch=0.00 | wall=2.47
R3[T1][EXPLORE   ]: L=+1.00 R=+1.00 | carry=0 | base=0.50 ba=+0.20 | site=0 sd=0.00 sa=+0.00 | phero=0 pd=0.00 pa=+0.00 | srch=0.37 | wall=1.03
R4[T1][EXPLORE   ]: L=+1.00 R=+1.00 | carry=0 | base=0.19 ba=-0.48 | site=0 sd=0.00 sa=+0.00 | phero=0 pd=0.00 pa=+0.00 | srch=1.00 | wall=2.78
R5[T2][EXPLORE   ]: L=+1.00 R=+1.00 | carry=0 | base=0.54 ba=-0.04 | site=0 sd=0.00 sa=+0.00 | phero=0 pd=0.00 pa=+0.00 | srch=0.51 | wall=1.32
R6[T2][SITE      ]: L=+1.00 R=+1.00 | carry=0 | base=0.21 ba=+0.98 | site=1 sd=0.38 sa=-0.31 | phero=0 pd=0.00 pa=+0.00 | srch=0.08 | wall=2.45
R7[T2][EXPLORE   ]: L=+1.00 R=+1.00 | carry=0 | base=0.76 ba=-0.08 | site=0 sd=0.00 sa=+0.00 | phero=0 pd=0.00 pa=+0.00 | srch=1.00 | wall=0.44
R8[T2][EXPLORE   ]: L=+1.00 R=+1.00 | carry=0 | base=0.59 ba=+0.77 | site=0 sd=0.00 sa=+0.00 | phero=0 pd=0.00 pa=+0.00 | srch=0.27 | wall=0.59
R9[T3][EXPLORE   ]: L=+1.00 R=+1.00 | carry=0 | base=0.38 ba=+0.37 | site=0 sd=0.00 sa=+0.00 | phero=0 pd=0.00 pa=+0.00 | srch=0.56 | wall=1.63
R10[T3][EXPLORE   ]: L=+1.00 R=+1.00 | carry=0 | base=0.72 ba=+0.92 | site=0 sd=0.00 sa=+0.00 | phero=0 pd=0.00 pa=+0.00 | srch=0.73 | wall=0.91
R11[T3][EXPLORE   ]: L=+1.00 R=+1.00 | carry=0 | base=0.43 ba=+0.81 | site=0 sd=0.00 sa=+0.00 | phero=0 pd=0.00 pa=+0.00 | srch=0.16 | wall=1.96
R12[T3][EXPLORE   ]: L=+1.00 R=+1.00 | carry=0 | base=0.73 ba=+0.09 | site=0 sd=0.00 sa=+0.00 | phero=0 pd=0.00 pa=+0.00 | srch=0.57 | wall=0.52

[GIVE-UP] R1 giving up after 1010 steps
[PICKUP] Robot 11 picked up tag (density=13) | Total: 42
[PICKUP] Robot 9 picked up tag (density=3) | Total: 43
[PICKUP] Robot 8 picked up tag (density=7) | Total: 44
[DEPOSIT] Robot 2 deposited! Total: 41
  [PHERO] Laid at (-1.53, -2.77) density=16 prob=1.00 total_entries=18
  [TARGET] Robot 2 → SITE (-1.53,-2.77)
[PICKUP] Robot 2 picked up tag (density=4) | Total: 45
[EMPTY_RTN] R1 → phero(1.67,2.03)

======================================================================
Step 7000 (3.7 min) | Pickups: 45 | Deposits: 41 | Rate: 10.98 tags/min | phero_entries=17 phero_max=0.660
======================================================================
R1[T1][BASE_ESC  ]: L=+0.00 R=+1.00 | carry=0 | base=0.05 ba=-0.00 | site=0 sd=0.00 sa=+0.00 | phero=1 pd=0.55 pa=-0.35 | srch=0.00 | wall=3.29
R2[T1][RTB       ]: L=+0.00 R=+1.00 | carry=1 | base=0.13 ba=+0.54 | site=0 sd=0.00 sa=+0.00 | phero=0 pd=0.00 pa=+0.00 | srch=0.00 | wall=2.85
R3[T1][EXPLORE   ]: L=+1.00 R=+0.98 | carry=0 | base=0.29 ba=+0.48 | site=0 sd=0.00 sa=+0.00 | phero=0 pd=0.00 pa=+0.00 | srch=0.49 | wall=2.42
R4[T1][EXPLORE   ]: L=+1.00 R=+0.86 | carry=0 | base=0.45 ba=-0.97 | site=0 sd=0.00 sa=+0.00 | phero=0 pd=0.00 pa=+0.00 | srch=1.00 | wall=1.27
R5[T2][EXPLORE   ]: L=+1.00 R=+1.00 | carry=0 | base=0.18 ba=-0.28 | site=0 sd=0.00 sa=+0.00 | phero=0 pd=0.00 pa=+0.00 | srch=0.63 | wall=2.61
R6[T2][SITE      ]: L=+1.00 R=+0.98 | carry=0 | base=0.50 ba=-0.65 | site=1 sd=0.09 sa=-0.03 | phero=0 pd=0.00 pa=+0.00 | srch=0.21 | wall=1.40
R7[T2][EXPLORE   ]: L=+0.35 R=+1.00 | carry=0 | base=0.62 ba=+0.32 | site=0 sd=0.00 sa=+0.00 | phero=0 pd=0.00 pa=+0.00 | srch=1.00 | wall=0.85
R8[T2][RTB       ]: L=+1.00 R=+1.00 | carry=1 | base=0.40 ba=+0.00 | site=0 sd=0.00 sa=+0.00 | phero=0 pd=0.00 pa=+0.00 | srch=0.00 | wall=1.55
R9[T3][RTB       ]: L=+1.00 R=+1.00 | carry=1 | base=0.16 ba=+0.00 | site=0 sd=0.00 sa=+0.00 | phero=0 pd=0.00 pa=+0.00 | srch=0.00 | wall=2.80
R10[T3][EXPLORE   ]: L=+1.00 R=+1.00 | carry=0 | base=0.69 ba=+0.03 | site=0 sd=0.00 sa=+0.00 | phero=0 pd=0.00 pa=+0.00 | srch=0.86 | wall=0.88
R11[T3][RTB       ]: L=+1.00 R=+1.00 | carry=1 | base=0.30 ba=+0.00 | site=0 sd=0.00 sa=+0.00 | phero=0 pd=0.00 pa=+0.00 | srch=0.00 | wall=2.27
R12[T3][EXPLORE   ]: L=+1.00 R=+1.00 | carry=0 | base=0.37 ba=+0.17 | site=0 sd=0.00 sa=+0.00 | phero=0 pd=0.00 pa=+0.00 | srch=0.70 | wall=1.76

[GIVE-UP] R12 giving up after 2803 steps
[PICKUP] Robot 5 picked up tag (density=3) | Total: 46
[PICKUP] Robot 6 picked up tag (density=12) | Total: 47
[DEPOSIT] Robot 9 deposited! Total: 42
  [TARGET] Robot 9 → SITE (1.53,0.81)
[GIVE-UP] R4 giving up after 5712 steps
[DEPOSIT] Robot 2 deposited! Total: 43
  [PHERO] Laid at (-0.02, -0.62) density=4 prob=0.82 total_entries=18
  [TARGET] Robot 2 → SITE (-0.02,-0.62)
[DEPOSIT] Robot 5 deposited! Total: 44
  [TARGET] Robot 5 → SITE (0.02,-0.82)
[PICKUP] Robot 3 picked up tag (density=12) | Total: 48
[DEPOSIT] Robot 11 deposited! Total: 45
  [PHERO] Laid at (1.53, 2.03) density=13 prob=1.00 total_entries=18
  [TARGET] Robot 11 → SITE (1.53,2.03)
[PICKUP] Robot 10 picked up tag (density=11) | Total: 49
[PICKUP] Robot 5 picked up tag (density=2) | Total: 50
[DEPOSIT] Robot 8 deposited! Total: 46
  [PHERO] Laid at (2.96, 0.48) density=7 prob=0.99 total_entries=18
  [TARGET] Robot 8 → SITE (2.96,0.48)
[EMPTY_RTN] R12 → phero(2.96,0.48)
[PICKUP] Robot 2 picked up tag (density=1) | Total: 51

======================================================================
Step 7500 (4.0 min) | Pickups: 51 | Deposits: 46 | Rate: 11.50 tags/min | phero_entries=17 phero_max=0.926
======================================================================
R1[T1][PHERO     ]: L=+1.00 R=+1.00 | carry=0 | base=0.19 ba=+0.83 | site=0 sd=0.00 sa=+0.00 | phero=1 pd=0.38 pa=+0.08 | srch=0.13 | wall=2.60
R2[T1][RTB       ]: L=+1.00 R=+0.00 | carry=1 | base=0.14 ba=-0.42 | site=0 sd=0.00 sa=+0.00 | phero=0 pd=0.00 pa=+0.00 | srch=0.00 | wall=2.83
R3[T1][RTB       ]: L=+1.00 R=+1.00 | carry=1 | base=0.20 ba=-0.00 | site=0 sd=0.00 sa=+0.00 | phero=0 pd=0.00 pa=+0.00 | srch=0.00 | wall=2.71
R4[T1][GIVE_UP   ]: L=+1.00 R=+1.00 | carry=0 | base=0.30 ba=-0.00 | site=0 sd=0.00 sa=+0.00 | phero=0 pd=0.00 pa=+0.00 | srch=1.00 | wall=2.07
R5[T2][RTB       ]: L=+0.15 R=+1.00 | carry=1 | base=0.12 ba=+0.32 | site=0 sd=0.00 sa=+0.00 | phero=0 pd=0.00 pa=+0.00 | srch=0.00 | wall=2.92
R6[T2][RTB       ]: L=+1.00 R=+1.00 | carry=1 | base=0.22 ba=-0.00 | site=0 sd=0.00 sa=+0.00 | phero=0 pd=0.00 pa=+0.00 | srch=0.00 | wall=2.65
R7[T2][EXPLORE   ]: L=+1.00 R=+0.82 | carry=0 | base=0.63 ba=-0.58 | site=0 sd=0.00 sa=+0.00 | phero=0 pd=0.00 pa=+0.00 | srch=1.00 | wall=0.77
R8[T2][BASE_ESC  ]: L=+1.00 R=+0.00 | carry=0 | base=0.04 ba=+0.41 | site=1 sd=0.56 sa=-0.62 | phero=0 pd=0.00 pa=+0.00 | srch=0.01 | wall=3.29
R9[T3][SITE      ]: L=+1.00 R=+0.70 | carry=0 | base=0.19 ba=-0.77 | site=1 sd=0.21 sa=-0.10 | phero=0 pd=0.00 pa=+0.00 | srch=0.09 | wall=2.68
R10[T3][RTB       ]: L=+1.00 R=+1.00 | carry=1 | base=0.30 ba=+0.00 | site=0 sd=0.00 sa=+0.00 | phero=0 pd=0.00 pa=+0.00 | srch=0.00 | wall=2.28
R11[T3][SITE      ]: L=+0.40 R=+1.00 | carry=0 | base=0.05 ba=+0.81 | site=1 sd=0.46 sa=-0.15 | phero=0 pd=0.00 pa=+0.00 | srch=0.04 | wall=3.31
R12[T3][BASE_ESC  ]: L=+0.00 R=+1.00 | carry=0 | base=0.04 ba=-0.42 | site=0 sd=0.00 sa=+0.00 | phero=1 pd=0.57 pa=+0.76 | srch=0.01 | wall=3.29

[DEPOSIT] Robot 5 deposited! Total: 47
  [TARGET] Robot 5 → SITE (-0.20,-0.54)
[DEPOSIT] Robot 2 deposited! Total: 48
  [TARGET] Robot 2 → PHERO (-0.02,-0.62)
[DEPOSIT] Robot 3 deposited! Total: 49
  [PHERO] Laid at (-1.42, 0.90) density=12 prob=1.00 total_entries=17
  [TARGET] Robot 3 → SITE (-1.42,0.90)
[DEPOSIT] Robot 6 deposited! Total: 50
  [PHERO] Laid at (1.45, 2.09) density=12 prob=1.00 total_entries=18
  [TARGET] Robot 6 → SITE (1.45,2.09)
[PICKUP] Robot 1 picked up tag (density=2) | Total: 52
[EMPTY_RTN] R4 → phero(1.53,2.03)
[DEPOSIT] Robot 10 deposited! Total: 51
  [PHERO] Laid at (-1.60, 1.14) density=11 prob=1.00 total_entries=19
  [TARGET] Robot 10 → SITE (-1.60,1.14)

======================================================================
Step 8000 (4.3 min) | Pickups: 52 | Deposits: 51 | Rate: 11.95 tags/min | phero_entries=17 phero_max=0.756
======================================================================
R1[T1][RTB       ]: L=+1.00 R=+1.00 | carry=1 | base=0.21 ba=+0.00 | site=0 sd=0.00 sa=+0.00 | phero=0 pd=0.00 pa=+0.00 | srch=0.00 | wall=2.71
R2[T1][EXPLORE   ]: L=+1.00 R=+1.00 | carry=0 | base=0.15 ba=+0.98 | site=0 sd=0.00 sa=+0.00 | phero=0 pd=0.00 pa=+0.00 | srch=0.09 | wall=2.75
R3[T1][SITE      ]: L=+1.00 R=+0.93 | carry=0 | base=0.17 ba=+0.96 | site=1 sd=0.17 sa=-0.04 | phero=0 pd=0.00 pa=+0.00 | srch=0.08 | wall=2.78
R4[T1][PHERO     ]: L=+0.63 R=+1.00 | carry=0 | base=0.05 ba=+0.63 | site=0 sd=0.00 sa=+0.00 | phero=1 pd=0.50 pa=+0.09 | srch=0.04 | wall=3.26
R5[T2][SITE      ]: L=+0.03 R=+0.03 | carry=0 | base=0.05 ba=-0.72 | site=1 sd=0.07 sa=+0.02 | phero=0 pd=0.00 pa=+0.00 | srch=0.09 | wall=3.24
R6[T2][SITE      ]: L=+1.00 R=+0.98 | carry=0 | base=0.18 ba=-0.90 | site=1 sd=0.35 sa=-0.08 | phero=0 pd=0.00 pa=+0.00 | srch=0.07 | wall=2.63
R7[T2][EXPLORE   ]: L=+1.00 R=+1.00 | carry=0 | base=0.54 ba=-0.62 | site=0 sd=0.00 sa=+0.00 | phero=0 pd=0.00 pa=+0.00 | srch=1.00 | wall=0.84
R8[T2][SITE      ]: L=+1.00 R=+0.97 | carry=0 | base=0.38 ba=-0.95 | site=1 sd=0.23 sa=-0.07 | phero=0 pd=0.00 pa=+0.00 | srch=0.14 | wall=1.69
R9[T3][EXPLORE   ]: L=+1.00 R=+1.00 | carry=0 | base=0.50 ba=-0.86 | site=0 sd=0.00 sa=+0.00 | phero=0 pd=0.00 pa=+0.00 | srch=0.21 | wall=1.15
R10[T3][SITE      ]: L=+1.00 R=+1.00 | carry=0 | base=0.10 ba=+0.94 | site=1 sd=0.31 sa=-0.23 | phero=0 pd=0.00 pa=+0.00 | srch=0.04 | wall=3.04
R11[T3][SITE      ]: L=+1.00 R=+0.98 | carry=0 | base=0.41 ba=-0.91 | site=1 sd=0.12 sa=-0.08 | phero=0 pd=0.00 pa=+0.00 | srch=0.16 | wall=1.76
R12[T3][PHERO     ]: L=+0.44 R=+0.44 | carry=0 | base=0.27 ba=+0.69 | site=0 sd=0.00 sa=+0.00 | phero=1 pd=0.41 pa=-0.01 | srch=0.14 | wall=2.29

[DEPOSIT] Robot 1 deposited! Total: 52
  [PHERO] Laid at (1.41, 1.01) density=2 prob=0.42 total_entries=18
  [TARGET] Robot 1 → SITE (1.41,1.01)
[PICKUP] Robot 8 picked up tag (density=6) | Total: 53
[PICKUP] Robot 3 picked up tag (density=10) | Total: 54
[PICKUP] Robot 6 picked up tag (density=11) | Total: 55

======================================================================
Step 8500 (4.5 min) | Pickups: 55 | Deposits: 52 | Rate: 11.47 tags/min | phero_entries=17 phero_max=0.623
======================================================================
R1[T1][SITE      ]: L=+1.00 R=+0.98 | carry=0 | base=0.18 ba=-0.85 | site=1 sd=0.19 sa=-0.06 | phero=0 pd=0.00 pa=+0.00 | srch=0.07 | wall=2.76
R2[T1][EXPLORE   ]: L=+1.00 R=+1.00 | carry=0 | base=0.49 ba=+0.84 | site=0 sd=0.00 sa=+0.00 | phero=0 pd=0.00 pa=+0.00 | srch=0.21 | wall=1.22
R3[T1][RTB       ]: L=+1.00 R=+1.00 | carry=1 | base=0.26 ba=-0.00 | site=0 sd=0.00 sa=+0.00 | phero=0 pd=0.00 pa=+0.00 | srch=0.00 | wall=2.47
R4[T1][PHERO     ]: L=+0.97 R=+1.00 | carry=0 | base=0.36 ba=+0.93 | site=0 sd=0.00 sa=+0.00 | phero=1 pd=0.18 pa=+0.15 | srch=0.17 | wall=2.13
R5[T2][EXPLORE   ]: L=+1.00 R=+1.00 | carry=0 | base=0.23 ba=+1.00 | site=0 sd=0.00 sa=+0.00 | phero=0 pd=0.00 pa=+0.00 | srch=0.22 | wall=2.42
R6[T2][RTB       ]: L=+1.00 R=+0.00 | carry=1 | base=0.52 ba=-0.61 | site=0 sd=0.00 sa=+0.00 | phero=0 pd=0.00 pa=+0.00 | srch=0.00 | wall=1.38
R7[T2][EXPLORE   ]: L=+0.02 R=+1.00 | carry=0 | base=0.64 ba=+0.94 | site=0 sd=0.00 sa=+0.00 | phero=0 pd=0.00 pa=+0.00 | srch=1.00 | wall=0.44
R8[T2][RTB       ]: L=+1.00 R=+1.00 | carry=1 | base=0.43 ba=-0.00 | site=0 sd=0.00 sa=+0.00 | phero=0 pd=0.00 pa=+0.00 | srch=0.00 | wall=1.40
R9[T3][EXPLORE   ]: L=+1.00 R=+1.00 | carry=0 | base=0.54 ba=+0.20 | site=0 sd=0.00 sa=+0.00 | phero=0 pd=0.00 pa=+0.00 | srch=0.34 | wall=0.97
R10[T3][SITE      ]: L=+1.00 R=+0.71 | carry=0 | base=0.41 ba=-0.51 | site=1 sd=0.02 sa=-0.26 | phero=0 pd=0.00 pa=+0.00 | srch=0.17 | wall=1.81
R11[T3][EXPLORE   ]: L=+1.00 R=+1.00 | carry=0 | base=0.72 ba=-0.82 | site=0 sd=0.00 sa=+0.00 | phero=0 pd=0.00 pa=+0.00 | srch=0.29 | wall=0.70
R12[T3][PHERO     ]: L=+0.08 R=+0.09 | carry=0 | base=0.33 ba=+0.78 | site=0 sd=0.00 sa=+0.00 | phero=1 pd=0.32 pa=+0.02 | srch=0.26 | wall=1.92

[PICKUP] Robot 10 picked up tag (density=9) | Total: 56
[GIVE-UP] R2 giving up after 998 steps
[PICKUP] Robot 9 picked up tag (density=1) | Total: 57
[DEPOSIT] Robot 3 deposited! Total: 53
  [PHERO] Laid at (-1.43, 0.90) density=10 prob=1.00 total_entries=16
  [TARGET] Robot 3 → SITE (-1.43,0.90)
[PICKUP] Robot 4 picked up tag (density=10) | Total: 58
[PICKUP] Robot 12 picked up tag (density=5) | Total: 59
[PICKUP] Robot 5 picked up tag (density=15) | Total: 60
[DEPOSIT] Robot 8 deposited! Total: 54
  [PHERO] Laid at (2.70, 0.51) density=6 prob=0.97 total_entries=15
  [TARGET] Robot 8 → SITE (2.70,0.51)

======================================================================
Step 9000 (4.8 min) | Pickups: 60 | Deposits: 54 | Rate: 11.25 tags/min | phero_entries=15 phero_max=0.983
======================================================================
R1[T1][EXPLORE   ]: L=+1.00 R=+1.00 | carry=0 | base=0.52 ba=-0.91 | site=0 sd=0.00 sa=+0.00 | phero=0 pd=0.00 pa=+0.00 | srch=0.20 | wall=1.17
R2[T1][GIVE_UP   ]: L=+1.00 R=+1.00 | carry=0 | base=0.41 ba=+0.00 | site=0 sd=0.00 sa=+0.00 | phero=0 pd=0.00 pa=+0.00 | srch=0.34 | wall=1.71
R3[T1][SITE      ]: L=+0.73 R=+0.72 | carry=0 | base=0.10 ba=+0.92 | site=1 sd=0.24 sa=-0.09 | phero=0 pd=0.00 pa=+0.00 | srch=0.06 | wall=3.09
R4[T1][RTB       ]: L=+1.00 R=+1.00 | carry=1 | base=0.45 ba=+0.00 | site=0 sd=0.00 sa=+0.00 | phero=0 pd=0.00 pa=+0.00 | srch=0.00 | wall=1.63
R5[T2][RTB       ]: L=+0.18 R=+1.00 | carry=1 | base=0.56 ba=+0.33 | site=0 sd=0.00 sa=+0.00 | phero=0 pd=0.00 pa=+0.00 | srch=0.00 | wall=0.91
R6[T2][RTB       ]: L=+1.00 R=+1.00 | carry=1 | base=0.18 ba=-0.00 | site=0 sd=0.00 sa=+0.00 | phero=0 pd=0.00 pa=+0.00 | srch=0.00 | wall=2.78
R7[T2][EXPLORE   ]: L=+0.51 R=+1.00 | carry=0 | base=0.65 ba=-0.91 | site=0 sd=0.00 sa=+0.00 | phero=0 pd=0.00 pa=+0.00 | srch=1.00 | wall=0.42
R8[T2][BASE_ESC  ]: L=+0.00 R=+1.00 | carry=0 | base=0.05 ba=-0.14 | site=1 sd=0.51 sa=+0.88 | phero=0 pd=0.00 pa=+0.00 | srch=0.00 | wall=3.27
R9[T3][RTB       ]: L=+1.00 R=+1.00 | carry=1 | base=0.21 ba=-0.00 | site=0 sd=0.00 sa=+0.00 | phero=0 pd=0.00 pa=+0.00 | srch=0.00 | wall=2.63
R10[T3][RTB       ]: L=+0.94 R=+1.00 | carry=1 | base=0.08 ba=+0.02 | site=0 sd=0.00 sa=+0.00 | phero=0 pd=0.00 pa=+0.00 | srch=0.00 | wall=3.20
R11[T3][EXPLORE   ]: L=+0.25 R=+0.87 | carry=0 | base=0.60 ba=-0.67 | site=0 sd=0.00 sa=+0.00 | phero=0 pd=0.00 pa=+0.00 | srch=0.41 | wall=0.90
R12[T3][RTB       ]: L=+0.67 R=+1.00 | carry=1 | base=0.57 ba=+0.12 | site=0 sd=0.00 sa=+0.00 | phero=0 pd=0.00 pa=+0.00 | srch=0.00 | wall=0.69

[DEPOSIT] Robot 10 deposited! Total: 55
  [PHERO] Laid at (-1.61, 1.19) density=9 prob=1.00 total_entries=16
  [TARGET] Robot 10 → SITE (-1.61,1.19)
[GIVE-UP] R1 giving up after 922 steps
[DEPOSIT] Robot 6 deposited! Total: 56
  [PHERO] Laid at (1.47, 2.11) density=11 prob=1.00 total_entries=16
  [TARGET] Robot 6 → SITE (1.47,2.11)
[DEPOSIT] Robot 9 deposited! Total: 57
  [TARGET] Robot 9 → SITE (1.70,1.10)
[EMPTY_RTN] R2 → phero(-1.43,0.90)

======================================================================
Step 9500 (5.1 min) | Pickups: 60 | Deposits: 57 | Rate: 11.25 tags/min | phero_entries=15 phero_max=0.593
======================================================================
R1[T1][GIVE_UP   ]: L=+1.00 R=+1.00 | carry=0 | base=0.41 ba=-0.00 | site=0 sd=0.00 sa=+0.00 | phero=0 pd=0.00 pa=+0.00 | srch=0.32 | wall=1.60
R2[T1][BASE_ESC  ]: L=+1.00 R=+0.00 | carry=0 | base=0.04 ba=+0.33 | site=0 sd=0.00 sa=+0.00 | phero=1 pd=0.38 pa=+0.46 | srch=0.01 | wall=3.31
R3[T1][SITE      ]: L=-0.55 R=-0.21 | carry=0 | base=0.21 ba=+0.99 | site=1 sd=0.14 sa=-0.08 | phero=0 pd=0.00 pa=+0.00 | srch=0.18 | wall=2.59
R4[T1][RTB       ]: L=+1.00 R=+1.00 | carry=1 | base=0.07 ba=+0.00 | site=0 sd=0.00 sa=+0.00 | phero=0 pd=0.00 pa=+0.00 | srch=0.00 | wall=3.23
R5[T2][RTB       ]: L=+1.00 R=+1.00 | carry=1 | base=0.19 ba=+0.00 | site=0 sd=0.00 sa=+0.00 | phero=0 pd=0.00 pa=+0.00 | srch=0.00 | wall=2.60
R6[T2][SITE      ]: L=+1.00 R=+1.00 | carry=0 | base=0.20 ba=+1.00 | site=1 sd=0.34 sa=+0.15 | phero=0 pd=0.00 pa=+0.00 | srch=0.08 | wall=2.73
R7[T2][EXPLORE   ]: L=+1.00 R=+1.00 | carry=0 | base=0.40 ba=+0.10 | site=0 sd=0.00 sa=+0.00 | phero=0 pd=0.00 pa=+0.00 | srch=1.00 | wall=1.52
R8[T2][SITE      ]: L=+0.99 R=+1.00 | carry=0 | base=0.34 ba=+0.88 | site=1 sd=0.22 sa=-0.01 | phero=0 pd=0.00 pa=+0.00 | srch=0.13 | wall=1.82
R9[T3][SITE      ]: L=+1.00 R=+1.00 | carry=0 | base=0.19 ba=+1.00 | site=1 sd=0.24 sa=+0.18 | phero=0 pd=0.00 pa=+0.00 | srch=0.07 | wall=2.60
R10[T3][SITE      ]: L=+1.00 R=+1.00 | carry=0 | base=0.31 ba=-0.92 | site=1 sd=0.12 sa=-0.16 | phero=0 pd=0.00 pa=+0.00 | srch=0.11 | wall=2.12
R11[T3][EXPLORE   ]: L=+0.13 R=+1.00 | carry=0 | base=0.61 ba=-0.33 | site=0 sd=0.00 sa=+0.00 | phero=0 pd=0.00 pa=+0.00 | srch=0.54 | wall=1.01
R12[T3][RTB       ]: L=+1.00 R=+1.00 | carry=1 | base=0.19 ba=+0.00 | site=0 sd=0.00 sa=+0.00 | phero=0 pd=0.00 pa=+0.00 | srch=0.00 | wall=2.58

[DEPOSIT] Robot 4 deposited! Total: 58
  [PHERO] Laid at (1.52, 2.11) density=10 prob=1.00 total_entries=16
  [TARGET] Robot 4 → SITE (1.52,2.11)
[DEPOSIT] Robot 12 deposited! Total: 59
  [PHERO] Laid at (2.87, 0.08) density=5 prob=0.92 total_entries=17
  [TARGET] Robot 12 → SITE (2.87,0.08)
[DEPOSIT] Robot 5 deposited! Total: 60
  [PHERO] Laid at (-1.01, -2.55) density=15 prob=1.00 total_entries=18
  [TARGET] Robot 5 → SITE (-1.01,-2.55)
[PICKUP] Robot 10 picked up tag (density=8) | Total: 61
[GIVE-UP] R11 giving up after 2439 steps
[PICKUP] Robot 6 picked up tag (density=9) | Total: 62

======================================================================
Step 10000 (5.3 min) | Pickups: 62 | Deposits: 60 | Rate: 11.25 tags/min | phero_entries=17 phero_max=0.604
======================================================================
R1[T1][GIVE_UP   ]: L=+1.00 R=+1.00 | carry=0 | base=0.07 ba=-0.00 | site=0 sd=0.00 sa=+0.00 | phero=0 pd=0.00 pa=+0.00 | srch=0.45 | wall=3.16
R2[T1][PHERO     ]: L=-0.96 R=+1.00 | carry=0 | base=0.05 ba=+0.53 | site=0 sd=0.00 sa=+0.00 | phero=1 pd=0.39 pa=+0.46 | srch=0.13 | wall=3.26
R3[T1][SITE      ]: L=-0.08 R=-0.09 | carry=0 | base=0.07 ba=-0.93 | site=1 sd=0.27 sa=-0.01 | phero=0 pd=0.00 pa=+0.00 | srch=0.31 | wall=3.18
R4[T1][SITE      ]: L=+1.00 R=+1.00 | carry=0 | base=0.32 ba=+1.00 | site=1 sd=0.22 sa=+0.10 | phero=0 pd=0.00 pa=+0.00 | srch=0.12 | wall=2.36
R5[T2][SITE      ]: L=+1.00 R=+1.00 | carry=0 | base=0.20 ba=-0.91 | site=1 sd=0.37 sa=-0.03 | phero=0 pd=0.00 pa=+0.00 | srch=0.08 | wall=2.53
R6[T2][RTB       ]: L=+0.00 R=+1.00 | carry=1 | base=0.53 ba=+0.59 | site=0 sd=0.00 sa=+0.00 | phero=0 pd=0.00 pa=+0.00 | srch=0.00 | wall=1.30
R7[T2][EXPLORE   ]: L=+0.77 R=+1.00 | carry=0 | base=0.08 ba=-0.50 | site=0 sd=0.00 sa=+0.00 | phero=0 pd=0.00 pa=+0.00 | srch=1.00 | wall=3.13
R8[T2][WALL_ESC  ]: L=+1.00 R=+0.00 | carry=0 | base=0.65 ba=-0.32 | site=0 sd=0.00 sa=+0.00 | phero=0 pd=0.00 pa=+0.00 | srch=0.25 | wall=0.32
R9[T3][EXPLORE   ]: L=+1.00 R=+1.00 | carry=0 | base=0.49 ba=+0.88 | site=0 sd=0.00 sa=+0.00 | phero=0 pd=0.00 pa=+0.00 | srch=0.20 | wall=1.59
R10[T3][RTB       ]: L=+1.00 R=+1.00 | carry=1 | base=0.23 ba=-0.00 | site=0 sd=0.00 sa=+0.00 | phero=0 pd=0.00 pa=+0.00 | srch=0.00 | wall=2.60
R11[T3][GIVE_UP   ]: L=+1.00 R=+1.00 | carry=0 | base=0.54 ba=+0.00 | site=0 sd=0.00 sa=+0.00 | phero=0 pd=0.00 pa=+0.00 | srch=0.66 | wall=1.60
R12[T3][SITE      ]: L=+1.00 R=+0.99 | carry=0 | base=0.21 ba=-0.95 | site=1 sd=0.38 sa=-0.02 | phero=0 pd=0.00 pa=+0.00 | srch=0.08 | wall=2.50

[EMPTY_RTN] R1 → phero(2.87,0.08)
[PICKUP] Robot 8 picked up tag (density=4) | Total: 63
[GIVE-UP] R9 giving up after 966 steps
[DEPOSIT] Robot 10 deposited! Total: 61
  [PHERO] Laid at (-1.60, 1.25) density=8 prob=1.00 total_entries=17
  [TARGET] Robot 10 → SITE (-1.60,1.25)
[PICKUP] Robot 4 picked up tag (density=8) | Total: 64
[PICKUP] Robot 5 picked up tag (density=14) | Total: 65

======================================================================
Step 10500 (5.6 min) | Pickups: 65 | Deposits: 61 | Rate: 10.89 tags/min | phero_entries=16 phero_max=0.655
======================================================================
R1[T1][PHERO     ]: L=+1.00 R=+1.00 | carry=0 | base=0.30 ba=+1.00 | site=0 sd=0.00 sa=+0.00 | phero=1 pd=0.31 pa=+0.20 | srch=0.12 | wall=2.07
R2[T1][PHERO     ]: L=+0.73 R=+1.00 | carry=0 | base=0.05 ba=+0.51 | site=0 sd=0.00 sa=+0.00 | phero=1 pd=0.36 pa=+0.13 | srch=0.26 | wall=3.31
R3[T1][SITE      ]: L=-0.09 R=-1.00 | carry=0 | base=0.05 ba=-0.81 | site=1 sd=0.30 sa=-0.03 | phero=0 pd=0.00 pa=+0.00 | srch=0.43 | wall=3.25
R4[T1][RTB       ]: L=+1.00 R=+1.00 | carry=1 | base=0.45 ba=+0.00 | site=0 sd=0.00 sa=+0.00 | phero=0 pd=0.00 pa=+0.00 | srch=0.00 | wall=1.64
R5[T2][RTB       ]: L=+1.00 R=+0.00 | carry=1 | base=0.56 ba=-0.71 | site=0 sd=0.00 sa=+0.00 | phero=0 pd=0.00 pa=+0.00 | srch=0.00 | wall=0.91
R6[T2][RTB       ]: L=+1.00 R=+1.00 | carry=1 | base=0.19 ba=+0.00 | site=0 sd=0.00 sa=+0.00 | phero=0 pd=0.00 pa=+0.00 | srch=0.00 | wall=2.68
R7[T2][EXPLORE   ]: L=+0.36 R=+1.00 | carry=0 | base=0.12 ba=+0.22 | site=0 sd=0.00 sa=+0.00 | phero=0 pd=0.00 pa=+0.00 | srch=1.00 | wall=2.91
R8[T2][RTB       ]: L=+1.00 R=+1.00 | carry=1 | base=0.28 ba=-0.00 | site=0 sd=0.00 sa=+0.00 | phero=0 pd=0.00 pa=+0.00 | srch=0.00 | wall=2.10
R9[T3][GIVE_UP   ]: L=+1.00 R=+1.00 | carry=0 | base=0.46 ba=+0.00 | site=0 sd=0.00 sa=+0.00 | phero=0 pd=0.00 pa=+0.00 | srch=0.32 | wall=1.90
R10[T3][SITE      ]: L=+1.00 R=+1.00 | carry=0 | base=0.16 ba=+1.00 | site=1 sd=0.26 sa=+0.15 | phero=0 pd=0.00 pa=+0.00 | srch=0.07 | wall=2.84
R11[T3][GIVE_UP   ]: L=+1.00 R=+1.00 | carry=0 | base=0.15 ba=+0.00 | site=0 sd=0.00 sa=+0.00 | phero=0 pd=0.00 pa=+0.00 | srch=0.79 | wall=2.96
R12[T3][EXPLORE   ]: L=+1.00 R=+1.00 | carry=0 | base=0.58 ba=-0.93 | site=0 sd=0.00 sa=+0.00 | phero=0 pd=0.00 pa=+0.00 | srch=0.21 | wall=0.63

[EMPTY_RTN] R11 → phero(1.47,2.11)
[GIVE-UP] R7 giving up after 9298 steps
[DEPOSIT] Robot 6 deposited! Total: 62
  [PHERO] Laid at (1.47, 2.19) density=9 prob=1.00 total_entries=17
  [TARGET] Robot 6 → SITE (1.47,2.19)
[PICKUP] Robot 10 picked up tag (density=7) | Total: 66
[DEPOSIT] Robot 8 deposited! Total: 63
  [PHERO] Laid at (3.00, 0.35) density=4 prob=0.82 total_entries=18
  [TARGET] Robot 8 → SITE (3.00,0.35)
[EMPTY_RTN] R7 → phero(3.00,0.35)
[PICKUP] Robot 2 picked up tag (density=6) | Total: 67

======================================================================
Step 11000 (5.9 min) | Pickups: 67 | Deposits: 63 | Rate: 10.74 tags/min | phero_entries=18 phero_max=0.728
======================================================================
R1[T1][WALL_ESC  ]: L=+0.00 R=+1.00 | carry=0 | base=0.67 ba=+0.68 | site=0 sd=0.00 sa=+0.00 | phero=1 pd=0.21 pa=+0.37 | srch=0.24 | wall=0.32
R2[T1][RTB       ]: L=+0.29 R=+1.00 | carry=1 | base=0.31 ba=+0.28 | site=0 sd=0.00 sa=+0.00 | phero=0 pd=0.00 pa=+0.00 | srch=0.00 | wall=2.31
R3[T1][SITE      ]: L=+0.00 R=+1.00 | carry=0 | base=0.05 ba=-0.76 | site=1 sd=0.30 sa=+0.01 | phero=0 pd=0.00 pa=+0.00 | srch=0.56 | wall=3.25
R4[T1][RTB       ]: L=+1.00 R=+0.98 | carry=1 | base=0.08 ba=-0.01 | site=0 sd=0.00 sa=+0.00 | phero=0 pd=0.00 pa=+0.00 | srch=0.00 | wall=3.17
R5[T2][RTB       ]: L=+1.00 R=+1.00 | carry=1 | base=0.23 ba=-0.00 | site=0 sd=0.00 sa=+0.00 | phero=0 pd=0.00 pa=+0.00 | srch=0.00 | wall=2.44
R6[T2][SITE      ]: L=+1.00 R=+1.00 | carry=0 | base=0.17 ba=+1.00 | site=1 sd=0.37 sa=-0.13 | phero=0 pd=0.00 pa=+0.00 | srch=0.07 | wall=2.69
R7[T2][PHERO     ]: L=+0.91 R=+0.92 | carry=0 | base=0.09 ba=-0.90 | site=0 sd=0.00 sa=+0.00 | phero=1 pd=0.52 pa=+0.07 | srch=0.04 | wall=3.09
R8[T2][SITE      ]: L=+0.99 R=+1.00 | carry=0 | base=0.11 ba=+0.94 | site=1 sd=0.51 sa=+0.01 | phero=0 pd=0.00 pa=+0.00 | srch=0.05 | wall=2.98
R9[T3][GIVE_UP   ]: L=+1.00 R=+1.00 | carry=0 | base=0.07 ba=-0.00 | site=0 sd=0.00 sa=+0.00 | phero=0 pd=0.00 pa=+0.00 | srch=0.45 | wall=3.24
R10[T3][RTB       ]: L=+1.00 R=+1.00 | carry=1 | base=0.20 ba=-0.00 | site=0 sd=0.00 sa=+0.00 | phero=0 pd=0.00 pa=+0.00 | srch=0.00 | wall=2.74
R11[T3][PHERO     ]: L=+1.00 R=+1.00 | carry=0 | base=0.18 ba=+0.96 | site=0 sd=0.00 sa=+0.00 | phero=1 pd=0.34 pa=-0.03 | srch=0.09 | wall=2.80
R12[T3][EXPLORE   ]: L=+1.00 R=+1.00 | carry=0 | base=0.51 ba=+0.55 | site=0 sd=0.00 sa=+0.00 | phero=0 pd=0.00 pa=+0.00 | srch=0.33 | wall=1.01

[EMPTY_RTN] R9 → phero(-1.60,1.25)
[DEPOSIT] Robot 4 deposited! Total: 64
  [PHERO] Laid at (1.55, 2.14) density=8 prob=1.00 total_entries=19
  [TARGET] Robot 4 → SITE (1.55,2.14)
[PICKUP] Robot 12 picked up tag (density=3) | Total: 68
[DEPOSIT] Robot 10 deposited! Total: 65
  [PHERO] Laid at (-1.16, 1.15) density=7 prob=0.99 total_entries=19
  [TARGET] Robot 10 → SITE (-1.16,1.15)
[DEPOSIT] Robot 5 deposited! Total: 66
  [PHERO] Laid at (-1.04, -2.59) density=14 prob=1.00 total_entries=20
  [TARGET] Robot 5 → SITE (-1.04,-2.59)
[DEPOSIT] Robot 2 deposited! Total: 67
  [PHERO] Laid at (-1.16, 1.01) density=6 prob=0.97 total_entries=21
  [TARGET] Robot 2 → SITE (-1.16,1.01)

======================================================================
Step 11500 (6.1 min) | Pickups: 68 | Deposits: 67 | Rate: 10.92 tags/min | phero_entries=21 phero_max=0.793
======================================================================
R1[T1][PHERO     ]: L=+1.00 R=+0.86 | carry=0 | base=0.53 ba=+0.79 | site=0 sd=0.00 sa=+0.00 | phero=1 pd=0.05 pa=-0.35 | srch=0.37 | wall=0.87
R2[T1][SITE      ]: L=+1.00 R=+0.99 | carry=0 | base=0.08 ba=+0.94 | site=1 sd=0.24 sa=-0.24 | phero=0 pd=0.00 pa=+0.00 | srch=0.04 | wall=3.13
R3[T1][SITE      ]: L=+0.46 R=+0.46 | carry=0 | base=0.13 ba=-0.90 | site=1 sd=0.21 sa=+0.05 | phero=0 pd=0.00 pa=+0.00 | srch=0.68 | wall=2.91
R4[T1][SITE      ]: L=+0.62 R=+0.62 | carry=0 | base=0.27 ba=+0.90 | site=1 sd=0.31 sa=+0.14 | phero=0 pd=0.00 pa=+0.00 | srch=0.11 | wall=2.35
R5[T2][SITE      ]: L=+0.98 R=+1.00 | carry=0 | base=0.16 ba=+0.95 | site=1 sd=0.41 sa=+0.10 | phero=0 pd=0.00 pa=+0.00 | srch=0.07 | wall=2.89
R6[T2][SITE      ]: L=+1.00 R=+0.92 | carry=0 | base=0.48 ba=-0.94 | site=1 sd=0.07 sa=-0.21 | phero=0 pd=0.00 pa=+0.00 | srch=0.20 | wall=1.39
R7[T2][PHERO     ]: L=+0.51 R=+0.51 | carry=0 | base=0.39 ba=-0.94 | site=0 sd=0.00 sa=+0.00 | phero=1 pd=0.22 pa=+0.05 | srch=0.17 | wall=1.60
R8[T2][SITE      ]: L=+0.79 R=+0.81 | carry=0 | base=0.46 ba=-0.90 | site=1 sd=0.15 sa=+0.11 | phero=0 pd=0.00 pa=+0.00 | srch=0.17 | wall=1.23
R9[T3][PHERO     ]: L=+0.98 R=+1.00 | carry=0 | base=0.22 ba=+0.78 | site=0 sd=0.00 sa=+0.00 | phero=1 pd=0.27 pa=+0.15 | srch=0.12 | wall=2.46
R10[T3][SITE      ]: L=+0.99 R=+1.00 | carry=0 | base=0.19 ba=+0.96 | site=1 sd=0.14 sa=+0.01 | phero=0 pd=0.00 pa=+0.00 | srch=0.08 | wall=2.80
R11[T3][PHERO     ]: L=-0.68 R=-0.68 | carry=0 | base=0.15 ba=-0.38 | site=0 sd=0.00 sa=+0.00 | phero=1 pd=0.48 pa=+0.15 | srch=0.22 | wall=2.86
R12[T3][RTB       ]: L=+1.00 R=+1.00 | carry=1 | base=0.30 ba=-0.00 | site=0 sd=0.00 sa=+0.00 | phero=0 pd=0.00 pa=+0.00 | srch=0.00 | wall=2.00

[PICKUP] Robot 1 picked up tag (density=2) | Total: 69
[PICKUP] Robot 6 picked up tag (density=7) | Total: 70
[PICKUP] Robot 10 picked up tag (density=5) | Total: 71
[PICKUP] Robot 5 picked up tag (density=12) | Total: 72
[DEPOSIT] Robot 12 deposited! Total: 68
  [TARGET] Robot 12 → SITE (2.56,0.28)
[PICKUP] Robot 8 picked up tag (density=1) | Total: 73

======================================================================
Step 12000 (6.4 min) | Pickups: 73 | Deposits: 68 | Rate: 10.62 tags/min | phero_entries=18 phero_max=0.356
======================================================================
R1[T1][RTB       ]: L=+1.00 R=+1.00 | carry=1 | base=0.28 ba=+0.00 | site=0 sd=0.00 sa=+0.00 | phero=0 pd=0.00 pa=+0.00 | srch=0.00 | wall=2.14
R2[T1][EXPLORE   ]: L=+1.00 R=+1.00 | carry=0 | base=0.36 ba=-0.70 | site=0 sd=0.00 sa=+0.00 | phero=0 pd=0.00 pa=+0.00 | srch=0.16 | wall=2.07
R3[T1][EXPLORE   ]: L=+1.00 R=+0.92 | carry=0 | base=0.48 ba=-0.78 | site=0 sd=0.00 sa=+0.00 | phero=0 pd=0.00 pa=+0.00 | srch=0.81 | wall=1.59
R4[T1][EXPLORE   ]: L=+0.84 R=+0.93 | carry=0 | base=0.53 ba=+0.78 | site=0 sd=0.00 sa=+0.00 | phero=0 pd=0.00 pa=+0.00 | srch=0.24 | wall=1.41
R5[T2][RTB       ]: L=+1.00 R=+1.00 | carry=1 | base=0.23 ba=+0.00 | site=0 sd=0.00 sa=+0.00 | phero=0 pd=0.00 pa=+0.00 | srch=0.00 | wall=2.50
R6[T2][RTB       ]: L=+1.00 R=+1.00 | carry=1 | base=0.28 ba=-0.00 | site=0 sd=0.00 sa=+0.00 | phero=0 pd=0.00 pa=+0.00 | srch=0.00 | wall=2.35
R7[T2][PHERO     ]: L=+0.35 R=+0.33 | carry=0 | base=0.55 ba=+0.90 | site=0 sd=0.00 sa=+0.00 | phero=1 pd=0.06 pa=-0.08 | srch=0.29 | wall=0.78
R8[T2][RTB       ]: L=+1.00 R=+1.00 | carry=1 | base=0.51 ba=+0.00 | site=0 sd=0.00 sa=+0.00 | phero=0 pd=0.00 pa=+0.00 | srch=0.00 | wall=0.99
R9[T3][PHERO     ]: L=+0.62 R=+1.00 | carry=0 | base=0.46 ba=+0.41 | site=0 sd=0.00 sa=+0.00 | phero=1 pd=0.05 pa=+0.48 | srch=0.24 | wall=1.66
R10[T3][RTB       ]: L=+1.00 R=+1.00 | carry=1 | base=0.18 ba=+0.00 | site=0 sd=0.00 sa=+0.00 | phero=0 pd=0.00 pa=+0.00 | srch=0.00 | wall=2.83
R11[T3][PHERO     ]: L=-0.15 R=-0.13 | carry=0 | base=0.29 ba=-0.04 | site=0 sd=0.00 sa=+0.00 | phero=1 pd=0.64 pa=+0.25 | srch=0.34 | wall=2.17
R12[T3][SITE      ]: L=+1.00 R=+1.00 | carry=0 | base=0.10 ba=-0.95 | site=1 sd=0.44 sa=+0.23 | phero=0 pd=0.00 pa=+0.00 | srch=0.04 | wall=3.05

[PICKUP] Robot 4 picked up tag (density=6) | Total: 74
[PICKUP] Robot 9 picked up tag (density=4) | Total: 75
[DEPOSIT] Robot 10 deposited! Total: 69
  [TARGET] Robot 10 → SITE (-1.16,1.15)
[DEPOSIT] Robot 5 deposited! Total: 70
  [PHERO] Laid at (-0.93, -1.43) density=12 prob=1.00 total_entries=16
  [TARGET] Robot 5 → SITE (-0.93,-1.43)
[DEPOSIT] Robot 1 deposited! Total: 71
  [PHERO] Laid at (2.67, 0.20) density=2 prob=0.42 total_entries=17
  [TARGET] Robot 1 → SITE (2.67,0.20)
[DEPOSIT] Robot 6 deposited! Total: 72
  [PHERO] Laid at (1.44, 2.26) density=7 prob=0.99 total_entries=18
  [TARGET] Robot 6 → SITE (1.44,2.26)

======================================================================
Step 12500 (6.7 min) | Pickups: 75 | Deposits: 72 | Rate: 10.80 tags/min | phero_entries=18 phero_max=0.727
======================================================================
R1[T1][SITE      ]: L=+1.00 R=+1.00 | carry=0 | base=0.12 ba=+0.95 | site=1 sd=0.44 sa=-0.27 | phero=0 pd=0.00 pa=+0.00 | srch=0.05 | wall=3.00
R2[T1][WALL_ESC  ]: L=+1.00 R=+0.00 | carry=0 | base=0.65 ba=-0.62 | site=0 sd=0.00 sa=+0.00 | phero=0 pd=0.00 pa=+0.00 | srch=0.29 | wall=0.33
R3[T1][EXPLORE   ]: L=+0.14 R=+1.00 | carry=0 | base=0.52 ba=+0.25 | site=0 sd=0.00 sa=+0.00 | phero=0 pd=0.00 pa=+0.00 | srch=0.93 | wall=1.36
R4[T1][RTB       ]: L=+1.00 R=+1.00 | carry=1 | base=0.25 ba=+0.00 | site=0 sd=0.00 sa=+0.00 | phero=0 pd=0.00 pa=+0.00 | srch=0.00 | wall=2.44
R5[T2][SITE      ]: L=+0.98 R=+0.93 | carry=0 | base=0.16 ba=-0.81 | site=1 sd=0.21 sa=-0.06 | phero=0 pd=0.00 pa=+0.00 | srch=0.07 | wall=2.72
R6[T2][SITE      ]: L=+1.00 R=+1.00 | carry=0 | base=0.11 ba=+0.99 | site=1 sd=0.43 sa=+0.10 | phero=0 pd=0.00 pa=+0.00 | srch=0.05 | wall=3.09
R7[T2][PHERO     ]: L=-0.10 R=-0.10 | carry=0 | base=0.57 ba=-0.99 | site=0 sd=0.00 sa=+0.00 | phero=1 pd=0.04 pa=-0.08 | srch=0.42 | wall=0.69
R8[T2][RTB       ]: L=+1.00 R=+1.00 | carry=1 | base=0.13 ba=+0.00 | site=0 sd=0.00 sa=+0.00 | phero=0 pd=0.00 pa=+0.00 | srch=0.00 | wall=2.88
R9[T3][RTB       ]: L=+1.00 R=+1.00 | carry=1 | base=0.14 ba=-0.00 | site=0 sd=0.00 sa=+0.00 | phero=0 pd=0.00 pa=+0.00 | srch=0.00 | wall=2.97
R10[T3][SITE      ]: L=+0.82 R=+0.81 | carry=0 | base=0.20 ba=-0.91 | site=1 sd=0.13 sa=-0.04 | phero=0 pd=0.00 pa=+0.00 | srch=0.08 | wall=2.69
R11[T3][PHERO     ]: L=+0.82 R=+0.82 | carry=0 | base=0.19 ba=-0.53 | site=0 sd=0.00 sa=+0.00 | phero=1 pd=0.42 pa=+0.09 | srch=0.47 | wall=2.60
R12[T3][SITE      ]: L=+0.73 R=+0.73 | carry=0 | base=0.40 ba=+0.90 | site=1 sd=0.13 sa=+0.03 | phero=0 pd=0.00 pa=+0.00 | srch=0.17 | wall=1.53

[DEPOSIT] Robot 8 deposited! Total: 73
  [TARGET] Robot 8 → SITE (2.92,0.43)
[DEPOSIT] Robot 9 deposited! Total: 74
  [PHERO] Laid at (-1.53, 1.15) density=4 prob=0.82 total_entries=18
  [TARGET] Robot 9 → SITE (-1.53,1.15)
[PICKUP] Robot 10 picked up tag (density=3) | Total: 76
[DEPOSIT] Robot 4 deposited! Total: 75
  [PHERO] Laid at (1.55, 2.22) density=6 prob=0.97 total_entries=19
  [TARGET] Robot 4 → SITE (1.55,2.22)
[PICKUP] Robot 5 picked up tag (density=11) | Total: 77

======================================================================
Step 13000 (6.9 min) | Pickups: 77 | Deposits: 75 | Rate: 10.82 tags/min | phero_entries=19 phero_max=0.683
======================================================================
R1[T1][SITE      ]: L=+1.00 R=+1.00 | carry=0 | base=0.45 ba=-0.85 | site=1 sd=0.10 sa=-0.03 | phero=0 pd=0.00 pa=+0.00 | srch=0.18 | wall=1.31
R2[T1][EXPLORE   ]: L=+1.00 R=+1.00 | carry=0 | base=0.37 ba=-0.25 | site=0 sd=0.00 sa=+0.00 | phero=0 pd=0.00 pa=+0.00 | srch=0.41 | wall=1.74
R3[T1][EXPLORE   ]: L=+1.00 R=+1.00 | carry=0 | base=0.57 ba=+0.63 | site=0 sd=0.00 sa=+0.00 | phero=0 pd=0.00 pa=+0.00 | srch=1.00 | wall=0.79
R4[T1][SITE      ]: L=+1.00 R=+0.98 | carry=0 | base=0.15 ba=+0.99 | site=1 sd=0.42 sa=-0.22 | phero=0 pd=0.00 pa=+0.00 | srch=0.06 | wall=2.77
R5[T2][RTB       ]: L=+0.00 R=+1.00 | carry=1 | base=0.36 ba=+0.67 | site=0 sd=0.00 sa=+0.00 | phero=0 pd=0.00 pa=+0.00 | srch=0.00 | wall=1.99
R6[T2][SITE      ]: L=+0.90 R=+1.00 | carry=0 | base=0.49 ba=+0.94 | site=1 sd=0.06 sa=+0.16 | phero=0 pd=0.00 pa=+0.00 | srch=0.17 | wall=1.55
R7[T2][EXPLORE   ]: L=+1.00 R=+1.00 | carry=0 | base=0.52 ba=-0.14 | site=0 sd=0.00 sa=+0.00 | phero=0 pd=0.00 pa=+0.00 | srch=0.54 | wall=0.90
R8[T2][SITE      ]: L=+1.00 R=+0.99 | carry=0 | base=0.27 ba=-0.87 | site=1 sd=0.34 sa=-0.02 | phero=0 pd=0.00 pa=+0.00 | srch=0.10 | wall=2.28
R9[T3][SITE      ]: L=+0.96 R=+1.00 | carry=0 | base=0.26 ba=+0.97 | site=1 sd=0.17 sa=+0.25 | phero=0 pd=0.00 pa=+0.00 | srch=0.10 | wall=2.43
R10[T3][RTB       ]: L=+1.00 R=+1.00 | carry=1 | base=0.19 ba=-0.00 | site=0 sd=0.00 sa=+0.00 | phero=0 pd=0.00 pa=+0.00 | srch=0.00 | wall=2.79
R11[T3][PHERO     ]: L=+0.37 R=+0.37 | carry=0 | base=0.27 ba=-0.78 | site=0 sd=0.00 sa=+0.00 | phero=1 pd=0.27 pa=+0.05 | srch=0.59 | wall=2.23
R12[T3][EXPLORE   ]: L=+1.00 R=+0.78 | carry=0 | base=0.55 ba=-0.04 | site=0 sd=0.00 sa=+0.00 | phero=0 pd=0.00 pa=+0.00 | srch=0.29 | wall=0.79

[PICKUP] Robot 6 picked up tag (density=5) | Total: 78
[DEPOSIT] Robot 10 deposited! Total: 76
  [PHERO] Laid at (-1.18, 1.18) density=3 prob=0.65 total_entries=19
  [TARGET] Robot 10 → SITE (-1.18,1.18)
[PICKUP] Robot 9 picked up tag (density=2) | Total: 79
[GIVE-UP] R2 giving up after 1845 steps
[GIVE-UP] R7 giving up after 2374 steps
[PICKUP] Robot 3 picked up tag (density=12) | Total: 80
[DEPOSIT] Robot 5 deposited! Total: 77
  [PHERO] Laid at (-0.93, -1.48) density=11 prob=1.00 total_entries=18
  [TARGET] Robot 5 → SITE (-0.93,-1.48)

======================================================================
Step 13500 (7.2 min) | Pickups: 80 | Deposits: 77 | Rate: 10.69 tags/min | phero_entries=17 phero_max=0.956
======================================================================
R1[T1][EXPLORE   ]: L=+1.00 R=+1.00 | carry=0 | base=0.55 ba=-0.17 | site=0 sd=0.00 sa=+0.00 | phero=0 pd=0.00 pa=+0.00 | srch=0.30 | wall=0.77
R2[T1][GIVE_UP   ]: L=+1.00 R=+1.00 | carry=0 | base=0.07 ba=-0.00 | site=0 sd=0.00 sa=+0.00 | phero=0 pd=0.00 pa=+0.00 | srch=0.54 | wall=3.24
R3[T1][RTB       ]: L=+1.00 R=+1.00 | carry=1 | base=0.47 ba=+0.00 | site=0 sd=0.00 sa=+0.00 | phero=0 pd=0.00 pa=+0.00 | srch=0.00 | wall=1.20
R4[T1][SITE      ]: L=+1.00 R=+0.98 | carry=0 | base=0.49 ba=-0.76 | site=1 sd=0.09 sa=-0.04 | phero=0 pd=0.00 pa=+0.00 | srch=0.18 | wall=1.37
R5[T2][BASE_ESC  ]: L=+1.00 R=+0.00 | carry=0 | base=0.05 ba=+0.26 | site=1 sd=0.31 sa=-0.78 | phero=0 pd=0.00 pa=+0.00 | srch=0.01 | wall=3.30
R6[T2][RTB       ]: L=+1.00 R=+1.00 | carry=1 | base=0.30 ba=-0.00 | site=0 sd=0.00 sa=+0.00 | phero=0 pd=0.00 pa=+0.00 | srch=0.00 | wall=2.19
R7[T2][GIVE_UP   ]: L=+1.00 R=+1.00 | carry=0 | base=0.16 ba=-0.00 | site=0 sd=0.00 sa=+0.00 | phero=0 pd=0.00 pa=+0.00 | srch=0.67 | wall=2.70
R8[T2][EXPLORE   ]: L=+1.00 R=+1.00 | carry=0 | base=0.64 ba=-0.90 | site=0 sd=0.00 sa=+0.00 | phero=0 pd=0.00 pa=+0.00 | srch=0.23 | wall=0.38
R9[T3][RTB       ]: L=+1.00 R=+1.00 | carry=1 | base=0.21 ba=+0.00 | site=0 sd=0.00 sa=+0.00 | phero=0 pd=0.00 pa=+0.00 | srch=0.00 | wall=2.76
R10[T3][SITE      ]: L=+0.96 R=+1.00 | carry=0 | base=0.21 ba=+0.96 | site=1 sd=0.15 sa=+0.19 | phero=0 pd=0.00 pa=+0.00 | srch=0.08 | wall=2.59
R11[T3][PHERO     ]: L=+0.69 R=+0.68 | carry=0 | base=0.48 ba=-0.94 | site=0 sd=0.00 sa=+0.00 | phero=1 pd=0.04 pa=-0.03 | srch=0.72 | wall=1.53
R12[T3][EXPLORE   ]: L=+1.00 R=+0.89 | carry=0 | base=0.54 ba=-0.33 | site=0 sd=0.00 sa=+0.00 | phero=0 pd=0.00 pa=+0.00 | srch=0.42 | wall=0.90

[EMPTY_RTN] R2 → phero(-0.93,-1.48)
[GIVE-UP] R1 giving up after 1304 steps
[PICKUP] Robot 11 picked up tag (density=4) | Total: 81
[EMPTY_RTN] R7 → phero(-0.93,-1.48)
[PICKUP] Robot 4 picked up tag (density=3) | Total: 82
[DEPOSIT] Robot 9 deposited! Total: 78
  [TARGET] Robot 9 → SITE (-1.31,1.41)
[DEPOSIT] Robot 6 deposited! Total: 79
  [PHERO] Laid at (1.46, 2.26) density=5 prob=0.92 total_entries=18
  [TARGET] Robot 6 → SITE (1.46,2.26)

======================================================================
Step 14000 (7.5 min) | Pickups: 82 | Deposits: 79 | Rate: 10.58 tags/min | phero_entries=16 phero_max=0.759
======================================================================
R1[T1][GIVE_UP   ]: L=+1.00 R=+1.00 | carry=0 | base=0.19 ba=-0.00 | site=0 sd=0.00 sa=+0.00 | phero=0 pd=0.00 pa=+0.00 | srch=0.43 | wall=2.59
R2[T1][PHERO     ]: L=+1.00 R=+0.97 | carry=0 | base=0.09 ba=-0.77 | site=0 sd=0.00 sa=+0.00 | phero=1 pd=0.29 pa=-0.06 | srch=0.12 | wall=3.06
R3[T1][RTB       ]: L=+1.00 R=+1.00 | carry=1 | base=0.08 ba=+0.00 | site=0 sd=0.00 sa=+0.00 | phero=0 pd=0.00 pa=+0.00 | srch=0.00 | wall=3.12
R4[T1][RTB       ]: L=+1.00 R=+1.00 | carry=1 | base=0.34 ba=-0.00 | site=0 sd=0.00 sa=+0.00 | phero=0 pd=0.00 pa=+0.00 | srch=0.00 | wall=2.17
R5[T2][SITE      ]: L=+0.91 R=+0.87 | carry=0 | base=0.32 ba=-0.73 | site=1 sd=0.06 sa=-0.08 | phero=0 pd=0.00 pa=+0.00 | srch=0.13 | wall=2.03
R6[T2][SITE      ]: L=+1.00 R=+1.00 | carry=0 | base=0.09 ba=+0.99 | site=1 sd=0.46 sa=+0.05 | phero=0 pd=0.00 pa=+0.00 | srch=0.04 | wall=3.18
R7[T2][PHERO     ]: L=+1.00 R=+1.00 | carry=0 | base=0.14 ba=-0.88 | site=0 sd=0.00 sa=+0.00 | phero=1 pd=0.21 pa=+0.03 | srch=0.09 | wall=2.84
R8[T2][EXPLORE   ]: L=+1.00 R=+1.00 | carry=0 | base=0.37 ba=-0.17 | site=0 sd=0.00 sa=+0.00 | phero=0 pd=0.00 pa=+0.00 | srch=0.35 | wall=1.71
R9[T3][SITE      ]: L=+1.00 R=+0.84 | carry=0 | base=0.19 ba=-0.88 | site=1 sd=0.25 sa=-0.18 | phero=0 pd=0.00 pa=+0.00 | srch=0.07 | wall=2.60
R10[T3][EXPLORE   ]: L=+1.00 R=+1.00 | carry=0 | base=0.31 ba=+0.51 | site=0 sd=0.00 sa=+0.00 | phero=0 pd=0.00 pa=+0.00 | srch=0.21 | wall=2.04
R11[T3][RTB       ]: L=+1.00 R=+1.00 | carry=1 | base=0.36 ba=-0.00 | site=0 sd=0.00 sa=+0.00 | phero=0 pd=0.00 pa=+0.00 | srch=0.00 | wall=2.14
R12[T3][EXPLORE   ]: L=+1.00 R=+1.00 | carry=0 | base=0.19 ba=+0.08 | site=0 sd=0.00 sa=+0.00 | phero=0 pd=0.00 pa=+0.00 | srch=0.54 | wall=2.58

[DEPOSIT] Robot 3 deposited! Total: 80
  [PHERO] Laid at (-2.98, -0.03) density=12 prob=1.00 total_entries=16
  [TARGET] Robot 3 → SITE (-2.98,-0.03)
[EMPTY_RTN] R1 → phero(1.46,2.26)
[PICKUP] Robot 9 picked up tag (density=1) | Total: 83
[DEPOSIT] Robot 4 deposited! Total: 81
  [TARGET] Robot 4 → SITE (1.62,2.23)
[DEPOSIT] Robot 11 deposited! Total: 82
  [PHERO] Laid at (1.58, 2.21) density=4 prob=0.82 total_entries=17
  [TARGET] Robot 11 → SITE (1.58,2.21)

======================================================================
Step 14500 (7.7 min) | Pickups: 83 | Deposits: 82 | Rate: 10.60 tags/min | phero_entries=17 phero_max=0.877
======================================================================
R1[T1][PHERO     ]: L=+1.00 R=+1.00 | carry=0 | base=0.21 ba=+0.96 | site=0 sd=0.00 sa=+0.00 | phero=1 pd=0.54 pa=+0.53 | srch=0.08 | wall=2.52
R2[T1][EXPLORE   ]: L=+1.00 R=+1.00 | carry=0 | base=0.39 ba=-0.97 | site=0 sd=0.00 sa=+0.00 | phero=0 pd=0.00 pa=+0.00 | srch=0.24 | wall=1.89
R3[T1][SITE      ]: L=+0.33 R=+0.34 | carry=0 | base=0.08 ba=-0.83 | site=1 sd=0.52 sa=+0.18 | phero=0 pd=0.00 pa=+0.00 | srch=0.12 | wall=3.12
R4[T1][SITE      ]: L=+1.00 R=-0.10 | carry=0 | base=0.05 ba=+0.95 | site=1 sd=0.51 sa=-0.18 | phero=0 pd=0.00 pa=+0.00 | srch=0.03 | wall=3.25
R5[T2][EXPLORE   ]: L=+1.00 R=+1.00 | carry=0 | base=0.65 ba=+0.99 | site=0 sd=0.00 sa=+0.00 | phero=0 pd=0.00 pa=+0.00 | srch=0.26 | wall=0.77
R6[T2][SITE      ]: L=+1.00 R=+1.00 | carry=0 | base=0.46 ba=+0.98 | site=1 sd=0.10 sa=+0.16 | phero=0 pd=0.00 pa=+0.00 | srch=0.17 | wall=1.73
R7[T2][EXPLORE   ]: L=+1.00 R=+1.00 | carry=0 | base=0.52 ba=-0.99 | site=0 sd=0.00 sa=+0.00 | phero=0 pd=0.00 pa=+0.00 | srch=0.21 | wall=1.34
R8[T2][EXPLORE   ]: L=+1.00 R=+0.68 | carry=0 | base=0.29 ba=-0.36 | site=0 sd=0.00 sa=+0.00 | phero=0 pd=0.00 pa=+0.00 | srch=0.48 | wall=2.13
R9[T3][RTB       ]: L=+1.00 R=+1.00 | carry=1 | base=0.22 ba=-0.00 | site=0 sd=0.00 sa=+0.00 | phero=0 pd=0.00 pa=+0.00 | srch=0.00 | wall=2.66
R10[T3][EXPLORE   ]: L=+1.00 R=+1.00 | carry=0 | base=0.51 ba=+0.79 | site=0 sd=0.00 sa=+0.00 | phero=0 pd=0.00 pa=+0.00 | srch=0.33 | wall=1.42
R11[T3][BASE_ESC  ]: L=+0.00 R=+1.00 | carry=0 | base=0.05 ba=-0.70 | site=1 sd=0.51 sa=+0.40 | phero=0 pd=0.00 pa=+0.00 | srch=0.02 | wall=3.32
R12[T3][EXPLORE   ]: L=+1.00 R=+0.68 | carry=0 | base=0.19 ba=-0.66 | site=0 sd=0.00 sa=+0.00 | phero=0 pd=0.00 pa=+0.00 | srch=0.67 | wall=2.72

[PICKUP] Robot 6 picked up tag (density=2) | Total: 84
[DEPOSIT] Robot 9 deposited! Total: 83
  [TARGET] Robot 9 → SITE (-1.38,1.05)
[PICKUP] Robot 5 picked up tag (density=13) | Total: 85
[PICKUP] Robot 12 picked up tag (density=1) | Total: 86

======================================================================
Step 15000 (8.0 min) | Pickups: 86 | Deposits: 83 | Rate: 10.38 tags/min | phero_entries=16 phero_max=0.394
======================================================================
R1[T1][PHERO     ]: L=+1.00 R=+1.00 | carry=0 | base=0.52 ba=+0.95 | site=0 sd=0.00 sa=+0.00 | phero=1 pd=0.60 pa=+0.63 | srch=0.21 | wall=0.97
R2[T1][EXPLORE   ]: L=+1.00 R=+0.97 | carry=0 | base=0.78 ba=-0.98 | site=0 sd=0.00 sa=+0.00 | phero=0 pd=0.00 pa=+0.00 | srch=0.37 | wall=0.38
R3[T1][SITE      ]: L=+0.25 R=+0.25 | carry=0 | base=0.14 ba=-0.92 | site=1 sd=0.46 sa=+0.19 | phero=0 pd=0.00 pa=+0.00 | srch=0.24 | wall=2.81
R4[T1][SITE      ]: L=+1.00 R=+1.00 | carry=0 | base=0.42 ba=-0.97 | site=1 sd=0.16 sa=+0.21 | phero=0 pd=0.00 pa=+0.00 | srch=0.15 | wall=2.03
R5[T2][RTB       ]: L=+1.00 R=+1.00 | carry=1 | base=0.55 ba=+0.00 | site=0 sd=0.00 sa=+0.00 | phero=0 pd=0.00 pa=+0.00 | srch=0.00 | wall=1.11
R6[T2][RTB       ]: L=+0.99 R=+1.00 | carry=1 | base=0.36 ba=+0.00 | site=0 sd=0.00 sa=+0.00 | phero=0 pd=0.00 pa=+0.00 | srch=0.00 | wall=2.00
R7[T2][EXPLORE   ]: L=+1.00 R=+1.00 | carry=0 | base=0.73 ba=-0.33 | site=0 sd=0.00 sa=+0.00 | phero=0 pd=0.00 pa=+0.00 | srch=0.34 | wall=0.69
R8[T2][EXPLORE   ]: L=+1.00 R=+1.00 | carry=0 | base=0.38 ba=-0.69 | site=0 sd=0.00 sa=+0.00 | phero=0 pd=0.00 pa=+0.00 | srch=0.60 | wall=1.81
R9[T3][SITE      ]: L=+1.00 R=+1.00 | carry=0 | base=0.18 ba=+1.00 | site=1 sd=0.22 sa=+0.31 | phero=0 pd=0.00 pa=+0.00 | srch=0.07 | wall=2.69
R10[T3][WALL_ESC  ]: L=+0.00 R=+1.00 | carry=0 | base=0.84 ba=+0.72 | site=0 sd=0.00 sa=+0.00 | phero=0 pd=0.00 pa=+0.00 | srch=0.46 | wall=0.33
R11[T3][SITE      ]: L=+0.21 R=+0.17 | carry=0 | base=0.35 ba=+0.95 | site=1 sd=0.20 sa=-0.06 | phero=0 pd=0.00 pa=+0.00 | srch=0.15 | wall=2.07
R12[T3][RTB       ]: L=+1.00 R=+0.00 | carry=1 | base=0.36 ba=-0.44 | site=0 sd=0.00 sa=+0.00 | phero=0 pd=0.00 pa=+0.00 | srch=0.00 | wall=2.06

[PICKUP] Robot 4 picked up tag (density=1) | Total: 87
[DEPOSIT] Robot 6 deposited! Total: 84
  [PHERO] Laid at (1.65, 2.26) density=2 prob=0.42 total_entries=14
  [TARGET] Robot 6 → PHERO (1.65,2.26)
[DEPOSIT] Robot 12 deposited! Total: 85
  [PHERO] Laid at (1.44, -1.06) density=1 prob=0.20 total_entries=15
  [TARGET] Robot 12 → SITE (1.44,-1.06)

======================================================================
Step 15500 (8.3 min) | Pickups: 87 | Deposits: 85 | Rate: 10.28 tags/min | phero_entries=15 phero_max=0.917
======================================================================
R1[T1][PHERO     ]: L=+1.00 R=+1.00 | carry=0 | base=0.49 ba=+0.15 | site=0 sd=0.00 sa=+0.00 | phero=1 pd=0.51 pa=-0.22 | srch=0.33 | wall=1.08
R2[T1][EXPLORE   ]: L=+1.00 R=+1.00 | carry=0 | base=0.67 ba=-0.42 | site=0 sd=0.00 sa=+0.00 | phero=0 pd=0.00 pa=+0.00 | srch=0.49 | wall=0.64
R3[T1][SITE      ]: L=+0.32 R=+0.39 | carry=0 | base=0.32 ba=+0.90 | site=1 sd=0.29 sa=+0.02 | phero=0 pd=0.00 pa=+0.00 | srch=0.37 | wall=1.93
R4[T1][RTB       ]: L=+1.00 R=+0.95 | carry=1 | base=0.45 ba=-0.02 | site=0 sd=0.00 sa=+0.00 | phero=0 pd=0.00 pa=+0.00 | srch=0.00 | wall=1.66
R5[T2][RTB       ]: L=+1.00 R=+1.00 | carry=1 | base=0.16 ba=+0.00 | site=0 sd=0.00 sa=+0.00 | phero=0 pd=0.00 pa=+0.00 | srch=0.00 | wall=2.80
R6[T2][BASE_ESC  ]: L=+1.00 R=+0.09 | carry=0 | base=0.05 ba=+0.77 | site=0 sd=0.00 sa=+0.00 | phero=1 pd=0.52 pa=-0.31 | srch=0.02 | wall=3.29
R7[T2][EXPLORE   ]: L=+1.00 R=+1.00 | carry=0 | base=0.65 ba=-0.56 | site=0 sd=0.00 sa=+0.00 | phero=0 pd=0.00 pa=+0.00 | srch=0.46 | wall=0.48
R8[T2][EXPLORE   ]: L=+1.00 R=+1.00 | carry=0 | base=0.68 ba=+0.96 | site=0 sd=0.00 sa=+0.00 | phero=0 pd=0.00 pa=+0.00 | srch=0.73 | wall=0.80
R9[T3][SITE      ]: L=+1.00 R=+1.00 | carry=0 | base=0.51 ba=+0.59 | site=1 sd=0.21 sa=+0.42 | phero=0 pd=0.00 pa=+0.00 | srch=0.19 | wall=1.43
R10[T3][EXPLORE   ]: L=+1.00 R=+1.00 | carry=0 | base=0.52 ba=+0.06 | site=0 sd=0.00 sa=+0.00 | phero=0 pd=0.00 pa=+0.00 | srch=0.58 | wall=1.42
R11[T3][SITE      ]: L=+0.74 R=+0.66 | carry=0 | base=0.44 ba=+0.98 | site=1 sd=0.11 sa=-0.03 | phero=0 pd=0.00 pa=+0.00 | srch=0.27 | wall=1.73
R12[T3][BASE_ESC  ]: L=+0.00 R=+1.00 | carry=0 | base=0.04 ba=-0.46 | site=1 sd=0.32 sa=+0.60 | phero=0 pd=0.00 pa=+0.00 | srch=0.01 | wall=3.34

[DEPOSIT] Robot 5 deposited! Total: 86
  [PHERO] Laid at (-1.52, -2.78) density=13 prob=1.00 total_entries=14
  [TARGET] Robot 5 → SITE (-1.52,-2.78)
[GIVE-UP] R8 giving up after 3097 steps
[PICKUP] Robot 7 picked up tag (density=11) | Total: 88
[PICKUP] Robot 2 picked up tag (density=10) | Total: 89

======================================================================
Step 16000 (8.5 min) | Pickups: 89 | Deposits: 86 | Rate: 10.08 tags/min | phero_entries=13 phero_max=0.565
======================================================================
R1[T1][PHERO     ]: L=+1.00 R=+1.00 | carry=0 | base=0.23 ba=+0.44 | site=0 sd=0.00 sa=+0.00 | phero=1 pd=0.32 pa=-0.49 | srch=0.46 | wall=2.62
R2[T1][RTB       ]: L=+1.00 R=+1.00 | carry=1 | base=0.53 ba=-0.00 | site=0 sd=0.00 sa=+0.00 | phero=0 pd=0.00 pa=+0.00 | srch=0.00 | wall=0.92
R3[T1][SITE      ]: L=-0.11 R=-0.11 | carry=0 | base=0.39 ba=+0.85 | site=1 sd=0.22 sa=-0.04 | phero=0 pd=0.00 pa=+0.00 | srch=0.49 | wall=1.60
R4[T1][RTB       ]: L=+1.00 R=+1.00 | carry=1 | base=0.06 ba=-0.00 | site=0 sd=0.00 sa=+0.00 | phero=0 pd=0.00 pa=+0.00 | srch=0.00 | wall=3.26
R5[T2][SITE      ]: L=+1.00 R=+1.00 | carry=0 | base=0.24 ba=+0.98 | site=1 sd=0.45 sa=-0.27 | phero=0 pd=0.00 pa=+0.00 | srch=0.09 | wall=2.32
R6[T2][PHERO     ]: L=+1.00 R=+1.00 | carry=0 | base=0.42 ba=+0.99 | site=0 sd=0.00 sa=+0.00 | phero=1 pd=0.33 pa=-0.47 | srch=0.15 | wall=1.42
R7[T2][RTB       ]: L=+1.00 R=+1.00 | carry=1 | base=0.38 ba=-0.00 | site=0 sd=0.00 sa=+0.00 | phero=0 pd=0.00 pa=+0.00 | srch=0.00 | wall=1.64
R8[T2][GIVE_UP   ]: L=+1.00 R=+1.00 | carry=0 | base=0.64 ba=+0.00 | site=0 sd=0.00 sa=+0.00 | phero=0 pd=0.00 pa=+0.00 | srch=0.85 | wall=1.07
R9[T3][SITE      ]: L=+0.75 R=+1.00 | carry=0 | base=0.34 ba=-0.39 | site=1 sd=0.03 sa=+0.24 | phero=0 pd=0.00 pa=+0.00 | srch=0.32 | wall=2.10
R10[T3][EXPLORE   ]: L=+1.00 R=+1.00 | carry=0 | base=0.15 ba=+0.20 | site=0 sd=0.00 sa=+0.00 | phero=0 pd=0.00 pa=+0.00 | srch=0.71 | wall=2.76
R11[T3][EXPLORE   ]: L=+1.00 R=+1.00 | carry=0 | base=0.71 ba=+0.95 | site=0 sd=0.00 sa=+0.00 | phero=0 pd=0.00 pa=+0.00 | srch=0.40 | wall=0.57
R12[T3][SITE      ]: L=+0.86 R=+1.00 | carry=0 | base=0.36 ba=+0.70 | site=1 sd=0.03 sa=+0.15 | phero=0 pd=0.00 pa=+0.00 | srch=0.14 | wall=2.19

[DEPOSIT] Robot 4 deposited! Total: 87
  [TARGET] Robot 4 → PHERO (-1.52,-2.78)
[GIVE-UP] R11 giving up after 1988 steps
[DEPOSIT] Robot 7 deposited! Total: 88
  [PHERO] Laid at (-2.90, -0.51) density=11 prob=1.00 total_entries=14
  [TARGET] Robot 7 → SITE (-2.90,-0.51)

======================================================================
Step 16500 (8.8 min) | Pickups: 89 | Deposits: 88 | Rate: 10.00 tags/min | phero_entries=14 phero_max=0.888
======================================================================
R1[T1][PHERO     ]: L=+1.00 R=+1.00 | carry=0 | base=0.49 ba=-0.79 | site=0 sd=0.00 sa=+0.00 | phero=1 pd=0.17 pa=-0.23 | srch=0.58 | wall=1.17
R2[T1][RTB       ]: L=+1.00 R=+1.00 | carry=1 | base=0.14 ba=-0.00 | site=0 sd=0.00 sa=+0.00 | phero=0 pd=0.00 pa=+0.00 | srch=0.00 | wall=2.82
R3[T1][SITE      ]: L=+0.48 R=+0.45 | carry=0 | base=0.51 ba=+0.87 | site=1 sd=0.09 sa=-0.06 | phero=0 pd=0.00 pa=+0.00 | srch=0.62 | wall=0.97
R4[T1][PHERO     ]: L=+0.36 R=+1.00 | carry=0 | base=0.05 ba=+0.47 | site=0 sd=0.00 sa=+0.00 | phero=1 pd=0.69 pa=+0.37 | srch=0.12 | wall=3.25
R5[T2][SITE      ]: L=+1.00 R=+1.00 | carry=0 | base=0.62 ba=-0.86 | site=1 sd=0.30 sa=-0.41 | phero=0 pd=0.00 pa=+0.00 | srch=0.21 | wall=0.46
R6[T2][PHERO     ]: L=+1.00 R=+1.00 | carry=0 | base=0.63 ba=-0.39 | site=0 sd=0.00 sa=+0.00 | phero=1 pd=0.14 pa=-0.07 | srch=0.27 | wall=0.65
R7[T2][BASE_ESC  ]: L=+0.00 R=+1.00 | carry=0 | base=0.04 ba=-0.61 | site=1 sd=0.55 sa=+0.45 | phero=0 pd=0.00 pa=+0.00 | srch=0.02 | wall=3.28
R8[T2][GIVE_UP   ]: L=+1.00 R=+1.00 | carry=0 | base=0.25 ba=+0.00 | site=0 sd=0.00 sa=+0.00 | phero=0 pd=0.00 pa=+0.00 | srch=0.98 | wall=2.55
R9[T3][EXPLORE   ]: L=+1.00 R=+1.00 | carry=0 | base=0.62 ba=-0.86 | site=0 sd=0.00 sa=+0.00 | phero=0 pd=0.00 pa=+0.00 | srch=0.44 | wall=0.76
R10[T3][EXPLORE   ]: L=+1.00 R=+1.00 | carry=0 | base=0.28 ba=+0.90 | site=0 sd=0.00 sa=+0.00 | phero=0 pd=0.00 pa=+0.00 | srch=0.83 | wall=2.25
R11[T3][GIVE_UP   ]: L=+1.00 R=+1.00 | carry=0 | base=0.51 ba=+0.00 | site=0 sd=0.00 sa=+0.00 | phero=0 pd=0.00 pa=+0.00 | srch=0.52 | wall=1.27
R12[T3][EXPLORE   ]: L=+1.00 R=+1.00 | carry=0 | base=0.53 ba=+0.76 | site=0 sd=0.00 sa=+0.00 | phero=0 pd=0.00 pa=+0.00 | srch=0.26 | wall=0.90

[PICKUP] Robot 3 picked up tag (density=9) | Total: 90
[DEPOSIT] Robot 2 deposited! Total: 89
  [PHERO] Laid at (-2.95, -0.40) density=10 prob=1.00 total_entries=13
  [TARGET] Robot 2 → SITE (-2.95,-0.40)
[EMPTY_RTN] R8 → phero(-2.90,-0.51)

======================================================================
Step 17000 (9.1 min) | Pickups: 90 | Deposits: 89 | Rate: 9.82 tags/min | phero_entries=11 phero_max=0.538
======================================================================
R1[T1][EXPLORE   ]: L=+1.00 R=+1.00 | carry=0 | base=0.48 ba=-0.42 | site=0 sd=0.00 sa=+0.00 | phero=0 pd=0.00 pa=+0.00 | srch=0.71 | wall=1.67
R2[T1][SITE      ]: L=+0.97 R=+1.00 | carry=0 | base=0.26 ba=+0.99 | site=1 sd=0.37 sa=+0.17 | phero=0 pd=0.00 pa=+0.00 | srch=0.10 | wall=2.24
R3[T1][RTB       ]: L=+1.00 R=+1.00 | carry=1 | base=0.30 ba=+0.00 | site=0 sd=0.00 sa=+0.00 | phero=0 pd=0.00 pa=+0.00 | srch=0.00 | wall=1.99
R4[T1][PHERO     ]: L=+0.69 R=+0.68 | carry=0 | base=0.20 ba=+0.87 | site=0 sd=0.00 sa=+0.00 | phero=1 pd=0.45 pa=+0.01 | srch=0.25 | wall=2.77
R5[T2][SITE      ]: L=+1.00 R=+1.00 | carry=0 | base=0.54 ba=-0.70 | site=1 sd=0.12 sa=+0.09 | phero=0 pd=0.00 pa=+0.00 | srch=0.34 | wall=1.01
R6[T2][EXPLORE   ]: L=+1.00 R=+1.00 | carry=0 | base=0.54 ba=+0.50 | site=0 sd=0.00 sa=+0.00 | phero=0 pd=0.00 pa=+0.00 | srch=0.40 | wall=1.01
R7[T2][SITE      ]: L=+1.00 R=+1.00 | carry=0 | base=0.35 ba=+0.91 | site=1 sd=0.27 sa=+0.07 | phero=0 pd=0.00 pa=+0.00 | srch=0.14 | wall=1.78
R8[T2][PHERO     ]: L=+1.00 R=-0.01 | carry=0 | base=0.05 ba=-0.48 | site=0 sd=0.00 sa=+0.00 | phero=1 pd=0.62 pa=-0.20 | srch=0.06 | wall=3.32
R9[T3][EXPLORE   ]: L=+1.00 R=+1.00 | carry=0 | base=0.48 ba=-0.12 | site=0 sd=0.00 sa=+0.00 | phero=0 pd=0.00 pa=+0.00 | srch=0.57 | wall=1.20
R10[T3][EXPLORE   ]: L=+1.00 R=+1.00 | carry=0 | base=0.66 ba=+0.96 | site=0 sd=0.00 sa=+0.00 | phero=0 pd=0.00 pa=+0.00 | srch=0.96 | wall=0.87
R11[T3][GIVE_UP   ]: L=+1.00 R=+1.00 | carry=0 | base=0.12 ba=+0.00 | site=0 sd=0.00 sa=+0.00 | phero=0 pd=0.00 pa=+0.00 | srch=0.65 | wall=2.96
R12[T3][EXPLORE   ]: L=+1.00 R=+1.00 | carry=0 | base=0.58 ba=+0.37 | site=0 sd=0.00 sa=+0.00 | phero=0 pd=0.00 pa=+0.00 | srch=0.39 | wall=1.01

[PICKUP] Robot 5 picked up tag (density=12) | Total: 91
[EMPTY_RTN] R11 → phero(-1.52,-2.78)
[PICKUP] Robot 4 picked up tag (density=12) | Total: 92
[GIVE-UP] R9 giving up after 2498 steps
[PICKUP] Robot 7 picked up tag (density=8) | Total: 93
[DEPOSIT] Robot 3 deposited! Total: 90
  [PHERO] Laid at (-2.68, 0.02) density=9 prob=1.00 total_entries=11
  [TARGET] Robot 3 → SITE (-2.68,0.02)
[PICKUP] Robot 2 picked up tag (density=7) | Total: 94

======================================================================
Step 17500 (9.3 min) | Pickups: 94 | Deposits: 90 | Rate: 9.64 tags/min | phero_entries=10 phero_max=0.759
======================================================================
R1[T1][EXPLORE   ]: L=+1.00 R=+1.00 | carry=0 | base=0.59 ba=-0.97 | site=0 sd=0.00 sa=+0.00 | phero=0 pd=0.00 pa=+0.00 | srch=0.83 | wall=0.59
R2[T1][RTB       ]: L=+0.65 R=+1.00 | carry=1 | base=0.54 ba=+0.15 | site=0 sd=0.00 sa=+0.00 | phero=0 pd=0.00 pa=+0.00 | srch=0.00 | wall=0.82
R3[T1][SITE      ]: L=+0.63 R=+0.62 | carry=0 | base=0.08 ba=-0.96 | site=1 sd=0.46 sa=-0.06 | phero=0 pd=0.00 pa=+0.00 | srch=0.04 | wall=3.11
R4[T1][RTB       ]: L=+1.00 R=+1.00 | carry=1 | base=0.18 ba=+0.00 | site=0 sd=0.00 sa=+0.00 | phero=0 pd=0.00 pa=+0.00 | srch=0.00 | wall=2.77
R5[T2][RTB       ]: L=+1.00 R=+1.00 | carry=1 | base=0.25 ba=-0.00 | site=0 sd=0.00 sa=+0.00 | phero=0 pd=0.00 pa=+0.00 | srch=0.00 | wall=2.41
R6[T2][WALL_ESC  ]: L=+0.00 R=+1.00 | carry=0 | base=0.66 ba=+0.49 | site=0 sd=0.00 sa=+0.00 | phero=0 pd=0.00 pa=+0.00 | srch=0.52 | wall=0.35
R7[T2][RTB       ]: L=+1.00 R=+1.00 | carry=1 | base=0.40 ba=+0.00 | site=0 sd=0.00 sa=+0.00 | phero=0 pd=0.00 pa=+0.00 | srch=0.00 | wall=1.55
R8[T2][PHERO     ]: L=+0.98 R=+0.98 | carry=0 | base=0.29 ba=-0.93 | site=0 sd=0.00 sa=+0.00 | phero=1 pd=0.31 pa=+0.05 | srch=0.19 | wall=2.10
R9[T3][GIVE_UP   ]: L=+1.00 R=+1.00 | carry=0 | base=0.12 ba=-0.00 | site=0 sd=0.00 sa=+0.00 | phero=0 pd=0.00 pa=+0.00 | srch=0.69 | wall=2.92
R10[T3][EXPLORE   ]: L=+1.00 R=+1.00 | carry=0 | base=0.76 ba=+0.45 | site=0 sd=0.00 sa=+0.00 | phero=0 pd=0.00 pa=+0.00 | srch=1.00 | wall=0.58
R11[T3][PHERO     ]: L=+0.98 R=+1.00 | carry=0 | base=0.17 ba=+0.85 | site=0 sd=0.00 sa=+0.00 | phero=1 pd=0.58 pa=+0.28 | srch=0.10 | wall=2.65
R12[T3][EXPLORE   ]: L=+1.00 R=+1.00 | carry=0 | base=0.56 ba=+0.60 | site=0 sd=0.00 sa=+0.00 | phero=0 pd=0.00 pa=+0.00 | srch=0.51 | wall=0.92

[EMPTY_RTN] R9 → phero(-2.90,-0.51)
[GIVE-UP] R12 giving up after 2153 steps
[DEPOSIT] Robot 4 deposited! Total: 91
  [PHERO] Laid at (-0.95, -1.19) density=12 prob=1.00 total_entries=11
  [TARGET] Robot 4 → SITE (-0.95,-1.19)
[GIVE-UP] R6 giving up after 2321 steps
[DEPOSIT] Robot 5 deposited! Total: 92
  [PHERO] Laid at (-1.11, -2.51) density=12 prob=1.00 total_entries=12
  [TARGET] Robot 5 → SITE (-1.11,-2.51)
[PICKUP] Robot 8 picked up tag (density=6) | Total: 95
[DEPOSIT] Robot 7 deposited! Total: 93
  [PHERO] Laid at (-2.56, -0.25) density=8 prob=1.00 total_entries=12
  [TARGET] Robot 7 → SITE (-2.56,-0.25)

======================================================================
Step 18000 (9.6 min) | Pickups: 95 | Deposits: 93 | Rate: 9.69 tags/min | phero_entries=12 phero_max=0.956
======================================================================
R1[T1][EXPLORE   ]: L=+1.00 R=+1.00 | carry=0 | base=0.41 ba=-0.15 | site=0 sd=0.00 sa=+0.00 | phero=0 pd=0.00 pa=+0.00 | srch=0.96 | wall=1.47
R2[T1][RTB       ]: L=+1.00 R=+1.00 | carry=1 | base=0.16 ba=+0.00 | site=0 sd=0.00 sa=+0.00 | phero=0 pd=0.00 pa=+0.00 | srch=0.00 | wall=2.71
R3[T1][SITE      ]: L=+0.47 R=+0.47 | carry=0 | base=0.35 ba=-0.97 | site=1 sd=0.19 sa=+0.05 | phero=0 pd=0.00 pa=+0.00 | srch=0.17 | wall=1.76
R4[T1][SITE      ]: L=+1.00 R=+1.00 | carry=0 | base=0.15 ba=-0.92 | site=1 sd=0.17 sa=+0.22 | phero=0 pd=0.00 pa=+0.00 | srch=0.08 | wall=2.92
R5[T2][SITE      ]: L=+1.00 R=+1.00 | carry=0 | base=0.16 ba=+0.95 | site=1 sd=0.43 sa=-0.30 | phero=0 pd=0.00 pa=+0.00 | srch=0.06 | wall=2.74
R6[T2][GIVE_UP   ]: L=+1.00 R=+1.00 | carry=0 | base=0.46 ba=+0.00 | site=0 sd=0.00 sa=+0.00 | phero=0 pd=0.00 pa=+0.00 | srch=0.65 | wall=1.55
R7[T2][BASE_ESC  ]: L=+1.00 R=+0.00 | carry=0 | base=0.05 ba=+0.26 | site=1 sd=0.48 sa=-0.76 | phero=0 pd=0.00 pa=+0.00 | srch=0.01 | wall=3.28
R8[T2][RTB       ]: L=+1.00 R=+0.95 | carry=1 | base=0.49 ba=-0.02 | site=0 sd=0.00 sa=+0.00 | phero=0 pd=0.00 pa=+0.00 | srch=0.00 | wall=1.07
R9[T3][PHERO     ]: L=+1.00 R=+1.00 | carry=0 | base=0.26 ba=+0.94 | site=0 sd=0.00 sa=+0.00 | phero=1 pd=0.61 pa=+0.52 | srch=0.10 | wall=2.30
R10[T3][EXPLORE   ]: L=+1.00 R=+1.00 | carry=0 | base=0.59 ba=+0.27 | site=0 sd=0.00 sa=+0.00 | phero=0 pd=0.00 pa=+0.00 | srch=1.00 | wall=0.72
R11[T3][PHERO     ]: L=+0.98 R=+1.00 | carry=0 | base=0.49 ba=+0.82 | site=0 sd=0.00 sa=+0.00 | phero=1 pd=0.31 pa=+0.25 | srch=0.23 | wall=1.46
R12[T3][GIVE_UP   ]: L=+1.00 R=+1.00 | carry=0 | base=0.33 ba=+0.00 | site=0 sd=0.00 sa=+0.00 | phero=0 pd=0.00 pa=+0.00 | srch=0.64 | wall=1.90

[DEPOSIT] Robot 2 deposited! Total: 94
  [TARGET] Robot 2 → SITE (-2.72,0.00)
[PICKUP] Robot 4 picked up tag (density=11) | Total: 96
[EMPTY_RTN] R12 → phero(-2.56,-0.25)
[PICKUP] Robot 3 picked up tag (density=5) | Total: 97

======================================================================
Step 18500 (9.9 min) | Pickups: 97 | Deposits: 94 | Rate: 9.53 tags/min | phero_entries=10 phero_max=0.430
======================================================================
R1[T1][EXPLORE   ]: L=+0.92 R=+1.00 | carry=0 | base=0.19 ba=-0.55 | site=0 sd=0.00 sa=+0.00 | phero=0 pd=0.00 pa=+0.00 | srch=1.00 | wall=2.60
R2[T1][SITE      ]: L=+1.00 R=+1.00 | carry=0 | base=0.19 ba=+0.91 | site=1 sd=0.36 sa=-0.12 | phero=0 pd=0.00 pa=+0.00 | srch=0.09 | wall=2.55
R3[T1][RTB       ]: L=+0.83 R=+1.00 | carry=1 | base=0.56 ba=+0.06 | site=0 sd=0.00 sa=+0.00 | phero=0 pd=0.00 pa=+0.00 | srch=0.00 | wall=0.73
R4[T1][RTB       ]: L=+1.00 R=+1.00 | carry=1 | base=0.25 ba=+0.00 | site=0 sd=0.00 sa=+0.00 | phero=0 pd=0.00 pa=+0.00 | srch=0.00 | wall=2.47
R5[T2][SITE      ]: L=+1.00 R=+0.96 | carry=0 | base=0.49 ba=-0.72 | site=1 sd=0.24 sa=-0.21 | phero=0 pd=0.00 pa=+0.00 | srch=0.18 | wall=1.05
R6[T2][GIVE_UP   ]: L=+1.00 R=+1.00 | carry=0 | base=0.07 ba=+0.00 | site=0 sd=0.00 sa=+0.00 | phero=0 pd=0.00 pa=+0.00 | srch=0.77 | wall=3.19
R7[T2][SITE      ]: L=+0.65 R=+0.65 | carry=0 | base=0.28 ba=-0.97 | site=1 sd=0.24 sa=-0.02 | phero=0 pd=0.00 pa=+0.00 | srch=0.13 | wall=2.13
R8[T2][RTB       ]: L=+1.00 R=+0.99 | carry=1 | base=0.13 ba=-0.01 | site=0 sd=0.00 sa=+0.00 | phero=0 pd=0.00 pa=+0.00 | srch=0.00 | wall=2.84
R9[T3][PHERO     ]: L=+1.00 R=+1.00 | carry=0 | base=0.61 ba=+0.81 | site=0 sd=0.00 sa=+0.00 | phero=1 pd=0.67 pa=+0.51 | srch=0.23 | wall=0.94
R10[T3][EXPLORE   ]: L=+1.00 R=+1.00 | carry=0 | base=0.44 ba=+0.51 | site=0 sd=0.00 sa=+0.00 | phero=0 pd=0.00 pa=+0.00 | srch=1.00 | wall=1.50
R11[T3][PHERO     ]: L=+0.82 R=+0.83 | carry=0 | base=0.70 ba=+0.38 | site=0 sd=0.00 sa=+0.00 | phero=1 pd=0.07 pa=+0.20 | srch=0.35 | wall=0.57
R12[T3][PHERO     ]: L=+0.72 R=+1.00 | carry=0 | base=0.06 ba=+0.78 | site=0 sd=0.00 sa=+0.00 | phero=1 pd=0.52 pa=+0.29 | srch=0.03 | wall=3.20

[EMPTY_RTN] R6 → phero(-1.11,-2.51)
[DEPOSIT] Robot 8 deposited! Total: 95
  [PHERO] Laid at (-2.57, -0.33) density=6 prob=0.97 total_entries=11
  [TARGET] Robot 8 → SITE (-2.57,-0.33)
[PICKUP] Robot 11 picked up tag (density=11) | Total: 98
TIMEOUT_RESULT pickups=98 deposits=95 steps=18750 elapsed_min=10.000000
BATCH_RESULT pickups=98 deposits=95
