=================================================================
CPFA BASELINE — ARGoS-calibrated parameters
  Params file                  = /home/sara/Documents/RL-FL-Foraging/cpfa_tuning_20260715_140546/trial_014/params.yaml
  Results file                 = /home/sara/Documents/RL-FL-Foraging/controllers/cpfa_baseline/results/cpfa_baseline_results_20260715_143025.txt
  RateOfLayingPheromone        = 7.88253860132057
  RateOfSiteFidelity           = 3.0754581997745727
  RateOfPheromoneDecay         = 0.10357670125628912 /s  (lifetime ~67s)
  ProbabilityOfReturningToNest = 0.05702371387034548 (every 5 sec → E[give-up] ~88s)
  UninformedSearchVariation    = 1.36 rad (77.7°)
  RateOfInformedSearchDecay    = 0.8161299797449137 /waypoint
  ProbabilityOfSwitchingToSearching = 0.6840250690390146 (every 5 sec in uninformed DEPARTING)
=================================================================

[PICKUP] R1 picked up tag (density=9) | Total: 1
[PICKUP] R4 picked up tag (density=7) | Total: 2
[DEPOSIT] R1 deposited! Total: 1
  [PHERO] Laid at (-0.50, 0.00) density=9 prob=0.73 entries=1
  [TARGET] R1 → SITE (-0.50, 0.00)
[DEPOSIT] R4 deposited! Total: 2
  [PHERO] Laid at (0.00, -0.50) density=7 prob=0.47 entries=2
  [TARGET] R4 → SITE (0.00, -0.50)
[PICKUP] R1 picked up tag (density=10) | Total: 3

======================================================================
Step 500 (0.3 min) | Pickups: 3 | Deposits: 2 | Rate: 7.50 tags/min | phero_entries=2 max_w=0.504
======================================================================
R1[SURVEY    ]: carry=1 | base=0.31 | wall=2.20 | search=  0 | target=none
R2[SEARCH    ]: carry=0 | base=1.25 | wall=1.35 | search=188 | target=none
R3[SEARCH    ]: carry=0 | base=0.39 | wall=2.13 | search=276 | target=none
R4[SITE      ]: carry=0 | base=0.45 | wall=2.05 | search=  0 | target=site(0.00,-0.50)

[PICKUP] R4 picked up tag (density=5) | Total: 4
[DEPOSIT] R1 deposited! Total: 3
  [PHERO] Laid at (-0.29, -0.08) density=10 prob=0.83 entries=3
  [TARGET] R1 → SITE (-0.29, -0.08)
[PICKUP] R1 picked up tag (density=11) | Total: 5
[DEPOSIT] R4 deposited! Total: 4
  [TARGET] R4 → SITE (-0.00, -0.52)

======================================================================
Step 1000 (0.5 min) | Pickups: 5 | Deposits: 4 | Rate: 7.50 tags/min | phero_entries=3 max_w=0.323
======================================================================
R1[SURVEY    ]: carry=1 | base=0.33 | wall=2.20 | search=  0 | target=none
R2[SEARCH    ]: carry=0 | base=1.58 | wall=1.02 | search=688 | target=none
R3[SEARCH    ]: carry=0 | base=0.53 | wall=1.98 | search=776 | target=none
R4[SITE      ]: carry=0 | base=0.26 | wall=2.27 | search=  0 | target=site(-0.00,-0.52)

[DEPOSIT] R1 deposited! Total: 5
  [PHERO] Laid at (-0.30, -0.13) density=11 prob=0.90 entries=4
  [TARGET] R1 → SITE (-0.30, -0.13)
[PICKUP] R1 picked up tag (density=10) | Total: 6

======================================================================
Step 1500 (0.8 min) | Pickups: 6 | Deposits: 5 | Rate: 6.25 tags/min | phero_entries=4 max_w=0.267
======================================================================
R1[SURVEY    ]: carry=1 | base=0.37 | wall=2.17 | search=  0 | target=none
R2[SEARCH    ]: carry=0 | base=1.48 | wall=1.04 | search=1188 | target=none
R3[SEARCH    ]: carry=0 | base=0.55 | wall=1.96 | search=1276 | target=none
R4[GIVE_UP   ]: carry=0 | base=0.67 | wall=1.83 | search=312 | target=none

  [GIVE-UP] R4 returned empty after 312 searching steps
  [TARGET] R4 → PHERO (-0.50, 0.00)
[DEPOSIT] R1 deposited! Total: 6
  [TARGET] R1 → SITE (-0.33, -0.17)
[PICKUP] R4 picked up tag (density=7) | Total: 7

======================================================================
Step 2000 (1.1 min) | Pickups: 7 | Deposits: 6 | Rate: 5.62 tags/min | phero_entries=4 max_w=0.051
======================================================================
R1[BASE_ESC  ]: carry=0 | base=0.22 | wall=2.28 | search=  0 | target=site(-0.33,-0.17)
R2[SEARCH    ]: carry=0 | base=1.19 | wall=1.33 | search=1688 | target=none
R3[SEARCH    ]: carry=0 | base=0.42 | wall=2.10 | search=1776 | target=none
R4[SURVEY    ]: carry=1 | base=0.38 | wall=2.13 | search=  0 | target=none

[DEPOSIT] R4 deposited! Total: 7
  [PHERO] Laid at (-0.37, -0.08) density=7 prob=0.47 entries=5
  [TARGET] R4 → SITE (-0.37, -0.08)
[PICKUP] R1 picked up tag (density=8) | Total: 8

======================================================================
Step 2500 (1.3 min) | Pickups: 8 | Deposits: 7 | Rate: 5.25 tags/min | phero_entries=3 max_w=0.421
======================================================================
R1[SURVEY    ]: carry=1 | base=0.43 | wall=2.11 | search=  0 | target=none
R2[SEARCH    ]: carry=0 | base=1.31 | wall=1.19 | search=2188 | target=none
R3[SEARCH    ]: carry=0 | base=0.37 | wall=2.18 | search=2276 | target=none
R4[SEARCH    ]: carry=0 | base=0.39 | wall=2.12 | search= 25 | target=site(-0.37,-0.08)

[DEPOSIT] R1 deposited! Total: 8
  [PHERO] Laid at (-0.37, -0.17) density=8 prob=0.61 entries=4
  [TARGET] R1 → SITE (-0.37, -0.17)

======================================================================
Step 3000 (1.6 min) | Pickups: 8 | Deposits: 8 | Rate: 5.00 tags/min | phero_entries=3 max_w=0.245
======================================================================
R1[SEARCH    ]: carry=0 | base=0.27 | wall=2.26 | search=236 | target=site(-0.37,-0.17)
R2[SEARCH    ]: carry=0 | base=1.58 | wall=0.94 | search=2688 | target=none
R3[SEARCH    ]: carry=0 | base=0.62 | wall=1.92 | search=2776 | target=none
R4[BASE_ESC  ]: carry=0 | base=0.24 | wall=2.26 | search=525 | target=site(-0.37,-0.08)

  [GIVE-UP] R4 returned empty after 780 searching steps
  [TARGET] R4 → PHERO (-0.37, -0.17)

======================================================================
Step 3500 (1.9 min) | Pickups: 8 | Deposits: 8 | Rate: 4.29 tags/min | phero_entries=2 max_w=0.047
======================================================================
R1[SEARCH    ]: carry=0 | base=0.33 | wall=2.17 | search=736 | target=site(-0.37,-0.17)
R2[SEARCH    ]: carry=0 | base=1.43 | wall=1.08 | search=3188 | target=none
R3[SEARCH    ]: carry=0 | base=0.68 | wall=1.83 | search=3276 | target=none
R4[SEARCH    ]: carry=0 | base=0.42 | wall=2.15 | search=114 | target=phero(-0.37,-0.17)

[PICKUP] R4 picked up tag (density=7) | Total: 9

======================================================================
Step 4000 (2.1 min) | Pickups: 9 | Deposits: 8 | Rate: 3.75 tags/min | phero_entries=2 max_w=0.009
======================================================================
R1[BASE_ESC  ]: carry=0 | base=0.24 | wall=2.27 | search=1236 | target=site(-0.37,-0.17)
R2[SEARCH    ]: carry=0 | base=1.20 | wall=1.30 | search=3688 | target=none
R3[SEARCH    ]: carry=0 | base=1.06 | wall=1.47 | search=3776 | target=none
R4[SURVEY    ]: carry=1 | base=0.44 | wall=2.13 | search=  0 | target=none

[DEPOSIT] R4 deposited! Total: 9
  [PHERO] Laid at (-0.37, -0.24) density=7 prob=0.47 entries=3
  [TARGET] R4 → SITE (-0.37, -0.24)

======================================================================
Step 4500 (2.4 min) | Pickups: 9 | Deposits: 9 | Rate: 3.75 tags/min | phero_entries=2 max_w=0.345
======================================================================
R1[SEARCH    ]: carry=0 | base=0.45 | wall=2.12 | search=1736 | target=site(-0.37,-0.17)
R2[SEARCH    ]: carry=0 | base=1.17 | wall=1.33 | search=4188 | target=none
R3[SEARCH    ]: carry=0 | base=0.94 | wall=1.69 | search=4276 | target=none
R4[SEARCH    ]: carry=0 | base=0.41 | wall=2.18 | search=100 | target=site(-0.37,-0.24)

  [GIVE-UP] R3 returned empty after 4368 searching steps
  [TARGET] R3 → PHERO (-0.37, -0.24)

======================================================================
Step 5000 (2.7 min) | Pickups: 9 | Deposits: 9 | Rate: 3.38 tags/min | phero_entries=1 max_w=0.066
======================================================================
R1[SEARCH    ]: carry=0 | base=0.77 | wall=1.84 | search=2236 | target=site(-0.37,-0.17)
R2[SEARCH    ]: carry=0 | base=0.81 | wall=1.70 | search=4688 | target=none
R3[PHERO     ]: carry=0 | base=0.28 | wall=2.24 | search=  0 | target=phero(-0.37,-0.24)
R4[SEARCH    ]: carry=0 | base=0.42 | wall=2.08 | search=600 | target=site(-0.37,-0.24)


======================================================================
Step 5500 (2.9 min) | Pickups: 9 | Deposits: 9 | Rate: 3.07 tags/min | phero_entries=1 max_w=0.013
======================================================================
R1[SEARCH    ]: carry=0 | base=1.08 | wall=1.62 | search=2736 | target=site(-0.37,-0.17)
R2[SEARCH    ]: carry=0 | base=0.72 | wall=1.82 | search=5188 | target=none
R3[SEARCH    ]: carry=0 | base=0.52 | wall=2.08 | search=397 | target=phero(-0.37,-0.24)
R4[SEARCH    ]: carry=0 | base=0.41 | wall=2.09 | search=1100 | target=site(-0.37,-0.24)

[PICKUP] R3 picked up tag (density=6) | Total: 10
[DEPOSIT] R3 deposited! Total: 10
  [TARGET] R3 → SITE (-0.45, -0.30)
  [GIVE-UP] R1 returned empty after 2808 searching steps
  [TARGET] R1 → PHERO (-0.37, -0.24)

======================================================================
Step 6000 (3.2 min) | Pickups: 10 | Deposits: 10 | Rate: 3.12 tags/min | phero_entries=1 max_w=0.002
======================================================================
R1[BASE_ESC  ]: carry=0 | base=0.24 | wall=2.30 | search=  0 | target=phero(-0.37,-0.24)
R2[SEARCH    ]: carry=0 | base=0.89 | wall=1.63 | search=5688 | target=none
R3[SITE      ]: carry=0 | base=0.29 | wall=2.27 | search=  0 | target=site(-0.45,-0.30)
R4[SEARCH    ]: carry=0 | base=0.36 | wall=2.14 | search=1600 | target=site(-0.37,-0.24)

[PICKUP] R4 picked up tag (density=4) | Total: 11

======================================================================
Step 6500 (3.5 min) | Pickups: 11 | Deposits: 10 | Rate: 2.88 tags/min | phero_entries=0 max_w=0.000
======================================================================
R1[SEARCH    ]: carry=0 | base=0.46 | wall=2.05 | search=263 | target=phero(-0.37,-0.24)
R2[SEARCH    ]: carry=0 | base=1.19 | wall=1.31 | search=6188 | target=none
R3[SEARCH    ]: carry=0 | base=0.42 | wall=2.17 | search=420 | target=site(-0.45,-0.30)
R4[SURVEY    ]: carry=1 | base=0.66 | wall=1.85 | search=  0 | target=none

[PICKUP] R1 picked up tag (density=2) | Total: 12
[PICKUP] R3 picked up tag (density=3) | Total: 13
[DEPOSIT] R4 deposited! Total: 11
  [TARGET] R4 → SITE (-0.06, -0.65)
[DEPOSIT] R1 deposited! Total: 12
  [TARGET] R1 → SITE (-0.47, -0.10)
[DEPOSIT] R3 deposited! Total: 13
  [TARGET] R3 → SITE (-0.34, -0.39)

======================================================================
Step 7000 (3.7 min) | Pickups: 13 | Deposits: 13 | Rate: 3.48 tags/min | phero_entries=0 max_w=0.000
======================================================================
R1[SITE      ]: carry=0 | base=0.40 | wall=2.13 | search=  0 | target=site(-0.47,-0.10)
R2[SEARCH    ]: carry=0 | base=0.93 | wall=1.60 | search=6688 | target=none
R3[BASE_ESC  ]: carry=0 | base=0.23 | wall=2.30 | search=  0 | target=site(-0.34,-0.39)
R4[SEARCH    ]: carry=0 | base=0.64 | wall=1.86 | search= 24 | target=site(-0.06,-0.65)

[PICKUP] R3 picked up tag (density=2) | Total: 14

======================================================================
Step 7500 (4.0 min) | Pickups: 14 | Deposits: 13 | Rate: 3.25 tags/min | phero_entries=0 max_w=0.000
======================================================================
R1[SEARCH    ]: carry=0 | base=0.32 | wall=2.19 | search=480 | target=site(-0.47,-0.10)
R2[SEARCH    ]: carry=0 | base=0.88 | wall=1.65 | search=7188 | target=none
R3[RTB       ]: carry=1 | base=0.29 | wall=2.23 | search=  0 | target=none
R4[SEARCH    ]: carry=0 | base=0.91 | wall=1.64 | search=524 | target=site(-0.06,-0.65)

[DEPOSIT] R3 deposited! Total: 14
  [TARGET] R3 → WALL (0.37, -2.42)

======================================================================
Step 8000 (4.3 min) | Pickups: 14 | Deposits: 14 | Rate: 3.28 tags/min | phero_entries=0 max_w=0.000
======================================================================
R1[SEARCH    ]: carry=0 | base=0.47 | wall=2.03 | search=980 | target=site(-0.47,-0.10)
R2[SEARCH    ]: carry=0 | base=1.23 | wall=1.41 | search=7688 | target=none
R3[SEARCH    ]: carry=0 | base=0.64 | wall=1.86 | search=229 | target=none
R4[SEARCH    ]: carry=0 | base=0.93 | wall=1.66 | search=1024 | target=site(-0.06,-0.65)

[PICKUP] R3 picked up tag (density=1) | Total: 15

======================================================================
Step 8500 (4.5 min) | Pickups: 15 | Deposits: 14 | Rate: 3.09 tags/min | phero_entries=0 max_w=0.000
======================================================================
R1[GIVE_UP   ]: carry=0 | base=0.70 | wall=1.90 | search=1404 | target=none
R2[SEARCH    ]: carry=0 | base=1.16 | wall=1.40 | search=8188 | target=none
R3[RTB       ]: carry=1 | base=0.55 | wall=1.96 | search=  0 | target=none
R4[SEARCH    ]: carry=0 | base=0.99 | wall=1.65 | search=1524 | target=site(-0.06,-0.65)

[DEPOSIT] R3 deposited! Total: 15
  [TARGET] R3 → WALL (2.42, -1.22)
  [GIVE-UP] R1 returned empty after 1404 searching steps
  [TARGET] R1 → WALL (-1.06, 2.42)

======================================================================
Step 9000 (4.8 min) | Pickups: 15 | Deposits: 15 | Rate: 3.12 tags/min | phero_entries=0 max_w=0.000
======================================================================
R1[DEPART    ]: carry=0 | base=0.98 | wall=1.70 | search=  0 | target=none
R2[SEARCH    ]: carry=0 | base=1.36 | wall=1.18 | search=8688 | target=none
R3[SEARCH    ]: carry=0 | base=0.82 | wall=1.82 | search=133 | target=none
R4[SEARCH    ]: carry=0 | base=1.08 | wall=1.52 | search=2024 | target=site(-0.06,-0.65)

  [GIVE-UP] R3 returned empty after 312 searching steps
  [TARGET] R3 → WALL (2.42, -2.35)

======================================================================
Step 9500 (5.1 min) | Pickups: 15 | Deposits: 15 | Rate: 2.96 tags/min | phero_entries=0 max_w=0.000
======================================================================
R1[SEARCH    ]: carry=0 | base=2.01 | wall=0.81 | search=289 | target=none
R2[SEARCH    ]: carry=0 | base=1.12 | wall=1.39 | search=9188 | target=none
R3[BASE_ESC  ]: carry=0 | base=0.22 | wall=2.32 | search=  0 | target=none
R4[SEARCH    ]: carry=0 | base=1.13 | wall=1.37 | search=2524 | target=site(-0.06,-0.65)

  [GIVE-UP] R2 returned empty after 9360 searching steps
  [TARGET] R2 → WALL (0.99, -2.42)

======================================================================
Step 10000 (5.3 min) | Pickups: 15 | Deposits: 15 | Rate: 2.81 tags/min | phero_entries=0 max_w=0.000
======================================================================
R1[SEARCH    ]: carry=0 | base=1.86 | wall=0.82 | search=789 | target=none
R2[BASE_ESC  ]: carry=0 | base=0.23 | wall=2.27 | search=  0 | target=none
R3[SEARCH    ]: carry=0 | base=0.72 | wall=1.90 | search=289 | target=none
R4[SEARCH    ]: carry=0 | base=1.06 | wall=1.45 | search=3024 | target=site(-0.06,-0.65)

[PICKUP] R4 picked up tag (density=12) | Total: 16

======================================================================
Step 10500 (5.6 min) | Pickups: 16 | Deposits: 15 | Rate: 2.68 tags/min | phero_entries=0 max_w=0.000
======================================================================
R1[SEARCH    ]: carry=0 | base=2.13 | wall=0.62 | search=1289 | target=none
R2[SEARCH    ]: carry=0 | base=0.28 | wall=2.29 | search=303 | target=none
R3[SEARCH    ]: carry=0 | base=0.67 | wall=1.97 | search=789 | target=none
R4[RTB       ]: carry=1 | base=0.84 | wall=1.67 | search=  0 | target=none

[DEPOSIT] R4 deposited! Total: 16
  [PHERO] Laid at (0.01, -1.10) density=12 prob=0.94 entries=1
  [TARGET] R4 → SITE (0.01, -1.10)

======================================================================
Step 11000 (5.9 min) | Pickups: 16 | Deposits: 16 | Rate: 2.73 tags/min | phero_entries=1 max_w=0.318
======================================================================
R1[SEARCH    ]: carry=0 | base=2.18 | wall=0.65 | search=1789 | target=none
R2[SEARCH    ]: carry=0 | base=0.29 | wall=2.22 | search=803 | target=none
R3[SEARCH    ]: carry=0 | base=0.74 | wall=1.77 | search=1289 | target=none
R4[SITE      ]: carry=0 | base=0.66 | wall=1.84 | search=  0 | target=site(0.01,-1.10)


======================================================================
Step 11500 (6.1 min) | Pickups: 16 | Deposits: 16 | Rate: 2.61 tags/min | phero_entries=1 max_w=0.061
======================================================================
R1[SEARCH    ]: carry=0 | base=2.26 | wall=0.53 | search=2289 | target=none
R2[SEARCH    ]: carry=0 | base=0.51 | wall=2.05 | search=1303 | target=none
R3[SEARCH    ]: carry=0 | base=0.42 | wall=2.12 | search=1789 | target=none
R4[GIVE_UP   ]: carry=0 | base=0.68 | wall=1.82 | search=156 | target=none

  [GIVE-UP] R4 returned empty after 156 searching steps
  [TARGET] R4 → PHERO (0.01, -1.10)
  [GIVE-UP] R2 returned empty after 1716 searching steps
  [TARGET] R2 → PHERO (0.01, -1.10)

======================================================================
Step 12000 (6.4 min) | Pickups: 16 | Deposits: 16 | Rate: 2.50 tags/min | phero_entries=1 max_w=0.012
======================================================================
R1[GIVE_UP   ]: carry=0 | base=1.44 | wall=1.19 | search=2496 | target=none
R2[BASE_ESC  ]: carry=0 | base=0.22 | wall=2.30 | search=  0 | target=phero(0.01,-1.10)
R3[SEARCH    ]: carry=0 | base=0.57 | wall=1.96 | search=2289 | target=none
R4[SEARCH    ]: carry=0 | base=1.12 | wall=1.38 | search= 50 | target=phero(0.01,-1.10)

[PICKUP] R4 picked up tag (density=11) | Total: 17
  [GIVE-UP] R1 returned empty after 2496 searching steps
  [TARGET] R1 → PHERO (0.01, -1.10)

======================================================================
Step 12500 (6.7 min) | Pickups: 17 | Deposits: 16 | Rate: 2.40 tags/min | phero_entries=1 max_w=0.002
======================================================================
R1[PHERO     ]: carry=0 | base=0.27 | wall=2.28 | search=  0 | target=phero(0.01,-1.10)
R2[PHERO     ]: carry=0 | base=0.68 | wall=1.82 | search=  0 | target=phero(0.01,-1.10)
R3[BASE_ESC  ]: carry=0 | base=0.23 | wall=2.33 | search=2789 | target=none
R4[RTB       ]: carry=1 | base=0.75 | wall=1.75 | search=  0 | target=none


======================================================================
Step 13000 (6.9 min) | Pickups: 17 | Deposits: 16 | Rate: 2.31 tags/min | phero_entries=0 max_w=0.000
======================================================================
R1[SEARCH    ]: carry=0 | base=1.13 | wall=1.37 | search=131 | target=phero(0.01,-1.10)
R2[PHERO     ]: carry=0 | base=0.98 | wall=1.52 | search=  0 | target=phero(0.01,-1.10)
R3[SEARCH    ]: carry=0 | base=0.27 | wall=2.25 | search=3289 | target=none
R4[RTB       ]: carry=1 | base=1.04 | wall=1.46 | search=  0 | target=none

[DEPOSIT] R4 deposited! Total: 17
  [PHERO] Laid at (0.06, -1.12) density=11 prob=0.90 entries=1
  [TARGET] R4 → SITE (0.06, -1.12)

======================================================================
Step 13500 (7.2 min) | Pickups: 17 | Deposits: 17 | Rate: 2.36 tags/min | phero_entries=1 max_w=0.610
======================================================================
R1[GIVE_UP   ]: carry=0 | base=0.76 | wall=1.74 | search=468 | target=none
R2[PHERO     ]: carry=0 | base=0.70 | wall=1.81 | search=  0 | target=phero(0.01,-1.10)
R3[SEARCH    ]: carry=0 | base=0.39 | wall=2.12 | search=3789 | target=none
R4[SITE      ]: carry=0 | base=0.38 | wall=2.13 | search=  0 | target=site(0.06,-1.12)

[PICKUP] R2 picked up tag (density=10) | Total: 18

======================================================================
Step 14000 (7.5 min) | Pickups: 18 | Deposits: 17 | Rate: 2.28 tags/min | phero_entries=1 max_w=0.116
======================================================================
R1[GIVE_UP   ]: carry=0 | base=0.66 | wall=1.84 | search=468 | target=none
R2[SURVEY    ]: carry=1 | base=1.08 | wall=1.42 | search=  0 | target=none
R3[GIVE_UP   ]: carry=0 | base=0.32 | wall=2.19 | search=4212 | target=none
R4[SEARCH    ]: carry=0 | base=1.14 | wall=1.36 | search= 94 | target=site(0.06,-1.12)

  [GIVE-UP] R3 returned empty after 4212 searching steps
  [TARGET] R3 → PHERO (0.06, -1.12)
  [GIVE-UP] R1 returned empty after 468 searching steps
  [TARGET] R1 → PHERO (0.06, -1.12)
[PICKUP] R3 picked up tag (density=9) | Total: 19

======================================================================
Step 14500 (7.7 min) | Pickups: 19 | Deposits: 17 | Rate: 2.20 tags/min | phero_entries=1 max_w=0.022
======================================================================
R1[PHERO     ]: carry=0 | base=0.69 | wall=1.81 | search=  0 | target=phero(0.06,-1.12)
R2[RTB       ]: carry=1 | base=0.75 | wall=1.75 | search=  0 | target=none
R3[SURVEY    ]: carry=1 | base=1.15 | wall=1.35 | search=  0 | target=none
R4[SEARCH    ]: carry=0 | base=1.25 | wall=1.26 | search=594 | target=site(0.06,-1.12)

[DEPOSIT] R2 deposited! Total: 18
  [PHERO] Laid at (0.10, -1.09) density=10 prob=0.83 entries=2
  [TARGET] R2 → SITE (0.10, -1.09)
[PICKUP] R4 picked up tag (density=8) | Total: 20
[PICKUP] R1 picked up tag (density=7) | Total: 21

======================================================================
Step 15000 (8.0 min) | Pickups: 21 | Deposits: 18 | Rate: 2.25 tags/min | phero_entries=2 max_w=0.401
======================================================================
R1[SURVEY    ]: carry=1 | base=1.09 | wall=1.43 | search=  0 | target=none
R2[SITE      ]: carry=0 | base=0.54 | wall=1.97 | search=  0 | target=site(0.10,-1.09)
R3[RTB       ]: carry=1 | base=0.26 | wall=2.24 | search=  0 | target=none
R4[SURVEY    ]: carry=1 | base=1.29 | wall=1.21 | search=  0 | target=none

[DEPOSIT] R3 deposited! Total: 19
  [TARGET] R3 → SITE (0.11, -1.15)
[DEPOSIT] R4 deposited! Total: 20
  [PHERO] Laid at (0.00, -1.29) density=8 prob=0.61 entries=3
  [TARGET] R4 → SITE (0.00, -1.29)
[DEPOSIT] R1 deposited! Total: 21
  [PHERO] Laid at (0.19, -1.07) density=7 prob=0.47 entries=3
  [TARGET] R1 → SITE (0.19, -1.07)

======================================================================
Step 15500 (8.3 min) | Pickups: 21 | Deposits: 21 | Rate: 2.54 tags/min | phero_entries=3 max_w=0.914
======================================================================
R1[BASE_ESC  ]: carry=0 | base=0.23 | wall=2.27 | search=  0 | target=site(0.19,-1.07)
R2[SEARCH    ]: carry=0 | base=1.10 | wall=1.40 | search=295 | target=site(0.10,-1.09)
R3[SEARCH    ]: carry=0 | base=1.12 | wall=1.39 | search=  6 | target=site(0.11,-1.15)
R4[SITE      ]: carry=0 | base=0.26 | wall=2.26 | search=  0 | target=site(0.00,-1.29)

[PICKUP] R3 picked up tag (density=6) | Total: 22

======================================================================
Step 16000 (8.5 min) | Pickups: 22 | Deposits: 21 | Rate: 2.46 tags/min | phero_entries=3 max_w=0.174
======================================================================
R1[SEARCH    ]: carry=0 | base=1.09 | wall=1.41 | search=193 | target=site(0.19,-1.07)
R2[GIVE_UP   ]: carry=0 | base=0.80 | wall=1.70 | search=624 | target=none
R3[SURVEY    ]: carry=1 | base=1.34 | wall=1.16 | search=  0 | target=none
R4[SEARCH    ]: carry=0 | base=1.29 | wall=1.21 | search= 74 | target=site(0.00,-1.29)

  [GIVE-UP] R2 returned empty after 624 searching steps
  [TARGET] R2 → PHERO (0.19, -1.07)
  [GIVE-UP] R4 returned empty after 156 searching steps
  [TARGET] R4 → PHERO (0.00, -1.29)
[DEPOSIT] R3 deposited! Total: 22
  [PHERO] Laid at (0.03, -1.31) density=6 prob=0.33 entries=4
  [TARGET] R3 → SITE (0.03, -1.31)

======================================================================
Step 16500 (8.8 min) | Pickups: 22 | Deposits: 22 | Rate: 2.50 tags/min | phero_entries=4 max_w=0.958
======================================================================
R1[SEARCH    ]: carry=0 | base=1.14 | wall=1.37 | search=693 | target=site(0.19,-1.07)
R2[SEARCH    ]: carry=0 | base=1.09 | wall=1.42 | search= 31 | target=phero(0.19,-1.07)
R3[BASE_ESC  ]: carry=0 | base=0.24 | wall=2.27 | search=  0 | target=site(0.03,-1.31)
R4[BASE_ESC  ]: carry=0 | base=0.17 | wall=2.33 | search=  0 | target=phero(0.00,-1.29)

[PICKUP] R4 picked up tag (density=5) | Total: 23

======================================================================
Step 17000 (9.1 min) | Pickups: 23 | Deposits: 22 | Rate: 2.43 tags/min | phero_entries=3 max_w=0.183
======================================================================
R1[SEARCH    ]: carry=0 | base=1.18 | wall=1.37 | search=1193 | target=site(0.19,-1.07)
R2[SEARCH    ]: carry=0 | base=0.74 | wall=1.90 | search=531 | target=phero(0.19,-1.07)
R3[SEARCH    ]: carry=0 | base=1.30 | wall=1.21 | search=109 | target=site(0.03,-1.31)
R4[SURVEY    ]: carry=1 | base=1.34 | wall=1.17 | search=  0 | target=none

  [GIVE-UP] R1 returned empty after 1404 searching steps
  [TARGET] R1 → PHERO (0.03, -1.31)
[DEPOSIT] R4 deposited! Total: 23
  [PHERO] Laid at (0.08, -1.34) density=5 prob=0.20 entries=4
  [TARGET] R4 → SITE (0.08, -1.34)

======================================================================
Step 17500 (9.3 min) | Pickups: 23 | Deposits: 23 | Rate: 2.46 tags/min | phero_entries=3 max_w=0.870
======================================================================
R1[BASE_ESC  ]: carry=0 | base=0.22 | wall=2.30 | search=  0 | target=phero(0.03,-1.31)
R2[SEARCH    ]: carry=0 | base=0.62 | wall=2.01 | search=1031 | target=phero(0.19,-1.07)
R3[SEARCH    ]: carry=0 | base=1.47 | wall=1.04 | search=609 | target=site(0.03,-1.31)
R4[BASE_ESC  ]: carry=0 | base=0.22 | wall=2.28 | search=  0 | target=site(0.08,-1.34)

[PICKUP] R4 picked up tag (density=4) | Total: 24

======================================================================
Step 18000 (9.6 min) | Pickups: 24 | Deposits: 23 | Rate: 2.40 tags/min | phero_entries=2 max_w=0.166
======================================================================
R1[SEARCH    ]: carry=0 | base=1.34 | wall=1.16 | search=149 | target=phero(0.03,-1.31)
R2[SEARCH    ]: carry=0 | base=0.89 | wall=1.80 | search=1531 | target=phero(0.19,-1.07)
R3[SEARCH    ]: carry=0 | base=1.66 | wall=0.91 | search=1109 | target=site(0.03,-1.31)
R4[SURVEY    ]: carry=1 | base=1.33 | wall=1.18 | search=  0 | target=none

[DEPOSIT] R4 deposited! Total: 24
  [TARGET] R4 → SITE (0.10, -1.32)

======================================================================
Step 18500 (9.9 min) | Pickups: 24 | Deposits: 24 | Rate: 2.43 tags/min | phero_entries=2 max_w=0.032
======================================================================
R1[SEARCH    ]: carry=0 | base=1.26 | wall=1.24 | search=649 | target=phero(0.03,-1.31)
R2[SEARCH    ]: carry=0 | base=0.62 | wall=2.05 | search=2031 | target=phero(0.19,-1.07)
R3[SEARCH    ]: carry=0 | base=1.67 | wall=0.90 | search=1609 | target=site(0.03,-1.31)
R4[BASE_ESC  ]: carry=0 | base=0.22 | wall=2.29 | search=  0 | target=site(0.10,-1.32)

TIMEOUT_RESULT pickups=24 deposits=24 steps=18750 elapsed_min=10.000000
BATCH_RESULT pickups=24 deposits=24
