=================================================================
CPFA BASELINE — ARGoS-calibrated parameters
  Params file                  = /home/sara/Documents/RL-FL-Foraging/cpfa_tuning_20260715_140546/trial_014/params.yaml
  Results file                 = /home/sara/Documents/RL-FL-Foraging/controllers/cpfa_baseline/results/cpfa_baseline_results_20260715_143025_3.txt
  RateOfLayingPheromone        = 7.88253860132057
  RateOfSiteFidelity           = 3.0754581997745727
  RateOfPheromoneDecay         = 0.10357670125628912 /s  (lifetime ~67s)
  ProbabilityOfReturningToNest = 0.05702371387034548 (every 5 sec → E[give-up] ~88s)
  UninformedSearchVariation    = 1.36 rad (77.7°)
  RateOfInformedSearchDecay    = 0.8161299797449137 /waypoint
  ProbabilityOfSwitchingToSearching = 0.6840250690390146 (every 5 sec in uninformed DEPARTING)
=================================================================

[PICKUP] R3 picked up tag (density=9) | Total: 1
[DEPOSIT] R3 deposited! Total: 1
  [PHERO] Laid at (0.05, 0.51) density=9 prob=0.73 entries=1
  [TARGET] R3 → SITE (0.05, 0.51)
[PICKUP] R3 picked up tag (density=8) | Total: 2

======================================================================
Step 500 (0.3 min) | Pickups: 2 | Deposits: 1 | Rate: 3.75 tags/min | phero_entries=1 max_w=0.510
======================================================================
R1[SEARCH    ]: carry=0 | base=0.55 | wall=2.04 | search=344 | target=none
R2[SEARCH    ]: carry=0 | base=0.43 | wall=2.13 | search=344 | target=none
R3[SURVEY    ]: carry=1 | base=0.30 | wall=2.24 | search=  0 | target=none
R4[SEARCH    ]: carry=0 | base=1.34 | wall=1.52 | search=188 | target=none

[DEPOSIT] R3 deposited! Total: 2
  [TARGET] R3 → SITE (0.16, 0.25)
[PICKUP] R3 picked up tag (density=7) | Total: 3

======================================================================
Step 1000 (0.5 min) | Pickups: 3 | Deposits: 2 | Rate: 3.75 tags/min | phero_entries=1 max_w=0.097
======================================================================
R1[SEARCH    ]: carry=0 | base=0.76 | wall=1.76 | search=844 | target=none
R2[BASE_ESC  ]: carry=0 | base=0.24 | wall=2.27 | search=844 | target=none
R3[SURVEY    ]: carry=1 | base=0.33 | wall=2.24 | search=  0 | target=none
R4[SEARCH    ]: carry=0 | base=0.92 | wall=1.69 | search=688 | target=none

[DEPOSIT] R3 deposited! Total: 3
  [PHERO] Laid at (0.20, 0.27) density=7 prob=0.47 entries=2
  [TARGET] R3 → SITE (0.20, 0.27)
  [GIVE-UP] R2 returned empty after 1248 searching steps
  [TARGET] R2 → PHERO (0.05, 0.51)
[PICKUP] R3 picked up tag (density=6) | Total: 4

======================================================================
Step 1500 (0.8 min) | Pickups: 4 | Deposits: 3 | Rate: 3.75 tags/min | phero_entries=2 max_w=0.414
======================================================================
R1[SEARCH    ]: carry=0 | base=0.96 | wall=1.67 | search=1344 | target=none
R2[PHERO     ]: carry=0 | base=0.30 | wall=2.26 | search=  0 | target=phero(0.05,0.51)
R3[SURVEY    ]: carry=1 | base=0.37 | wall=2.21 | search=  0 | target=none
R4[SEARCH    ]: carry=0 | base=1.12 | wall=1.50 | search=1188 | target=none

[PICKUP] R2 picked up tag (density=5) | Total: 5
[DEPOSIT] R3 deposited! Total: 4
  [TARGET] R3 → SITE (0.25, 0.29)
[DEPOSIT] R2 deposited! Total: 5
  [TARGET] R2 → SITE (0.09, 0.45)

======================================================================
Step 2000 (1.1 min) | Pickups: 5 | Deposits: 5 | Rate: 4.69 tags/min | phero_entries=2 max_w=0.079
======================================================================
R1[SEARCH    ]: carry=0 | base=0.93 | wall=1.71 | search=1844 | target=none
R2[BASE_ESC  ]: carry=0 | base=0.23 | wall=2.32 | search=  0 | target=site(0.09,0.45)
R3[SITE      ]: carry=0 | base=0.37 | wall=2.20 | search=  0 | target=site(0.25,0.29)
R4[SEARCH    ]: carry=0 | base=1.19 | wall=1.42 | search=1688 | target=none

[PICKUP] R1 picked up tag (density=12) | Total: 6
[PICKUP] R2 picked up tag (density=4) | Total: 7
[PICKUP] R3 picked up tag (density=3) | Total: 8

======================================================================
Step 2500 (1.3 min) | Pickups: 8 | Deposits: 5 | Rate: 3.75 tags/min | phero_entries=1 max_w=0.015
======================================================================
R1[RTB       ]: carry=1 | base=0.33 | wall=2.21 | search=  0 | target=none
R2[RTB       ]: carry=1 | base=0.48 | wall=2.05 | search=  0 | target=none
R3[SURVEY    ]: carry=1 | base=0.46 | wall=2.17 | search=  0 | target=none
R4[SEARCH    ]: carry=0 | base=1.57 | wall=1.19 | search=2188 | target=none

[DEPOSIT] R1 deposited! Total: 6
  [PHERO] Laid at (-0.56, 0.86) density=12 prob=0.94 entries=2
  [TARGET] R1 → SITE (-0.56, 0.86)
[DEPOSIT] R2 deposited! Total: 7
  [TARGET] R2 → SITE (0.13, 0.48)
[DEPOSIT] R3 deposited! Total: 8
  [TARGET] R3 → SITE (0.33, 0.33)

======================================================================
Step 3000 (1.6 min) | Pickups: 8 | Deposits: 8 | Rate: 5.00 tags/min | phero_entries=2 max_w=0.204
======================================================================
R1[SEARCH    ]: carry=0 | base=0.99 | wall=1.72 | search=161 | target=site(-0.56,0.86)
R2[SEARCH    ]: carry=0 | base=0.38 | wall=2.15 | search=206 | target=site(0.13,0.48)
R3[SEARCH    ]: carry=0 | base=0.52 | wall=2.11 | search=123 | target=site(0.33,0.33)
R4[GIVE_UP   ]: carry=0 | base=0.87 | wall=1.78 | search=2496 | target=none

  [GIVE-UP] R4 returned empty after 2496 searching steps
  [TARGET] R4 → PHERO (-0.56, 0.86)
[PICKUP] R3 picked up tag (density=2) | Total: 9

======================================================================
Step 3500 (1.9 min) | Pickups: 9 | Deposits: 8 | Rate: 4.29 tags/min | phero_entries=1 max_w=0.039
======================================================================
R1[SEARCH    ]: carry=0 | base=0.68 | wall=1.85 | search=661 | target=site(-0.56,0.86)
R2[SEARCH    ]: carry=0 | base=0.43 | wall=2.19 | search=706 | target=site(0.13,0.48)
R3[SURVEY    ]: carry=1 | base=0.71 | wall=1.99 | search=  0 | target=none
R4[PHERO     ]: carry=0 | base=0.49 | wall=2.09 | search=  0 | target=phero(-0.56,0.86)

[PICKUP] R2 picked up tag (density=1) | Total: 10
[DEPOSIT] R3 deposited! Total: 9
  [TARGET] R3 → PHERO (-0.56, 0.86)

======================================================================
Step 4000 (2.1 min) | Pickups: 10 | Deposits: 9 | Rate: 4.22 tags/min | phero_entries=1 max_w=0.007
======================================================================
R1[SEARCH    ]: carry=0 | base=0.53 | wall=2.05 | search=1161 | target=site(-0.56,0.86)
R2[RTB       ]: carry=1 | base=0.42 | wall=2.18 | search=  0 | target=none
R3[PHERO     ]: carry=0 | base=0.33 | wall=2.21 | search=  0 | target=phero(-0.56,0.86)
R4[SEARCH    ]: carry=0 | base=0.96 | wall=1.64 | search=356 | target=phero(-0.56,0.86)

[DEPOSIT] R2 deposited! Total: 10
  [TARGET] R2 → SITE (0.34, 0.42)
[PICKUP] R3 picked up tag (density=11) | Total: 11

======================================================================
Step 4500 (2.4 min) | Pickups: 11 | Deposits: 10 | Rate: 4.17 tags/min | phero_entries=1 max_w=0.001
======================================================================
R1[BASE_ESC  ]: carry=0 | base=0.24 | wall=2.26 | search=1661 | target=site(-0.56,0.86)
R2[SEARCH    ]: carry=0 | base=0.47 | wall=2.12 | search=228 | target=site(0.34,0.42)
R3[RTB       ]: carry=1 | base=1.01 | wall=1.62 | search=  0 | target=none
R4[SEARCH    ]: carry=0 | base=0.89 | wall=1.86 | search=856 | target=phero(-0.56,0.86)

[DEPOSIT] R3 deposited! Total: 11
  [TARGET] R3 → SITE (-0.55, 0.89)
  [GIVE-UP] R4 returned empty after 936 searching steps
  [TARGET] R4 → WALL (-1.94, -2.42)

======================================================================
Step 5000 (2.7 min) | Pickups: 11 | Deposits: 11 | Rate: 4.12 tags/min | phero_entries=0 max_w=0.000
======================================================================
R1[SEARCH    ]: carry=0 | base=0.50 | wall=2.07 | search=2161 | target=site(-0.56,0.86)
R2[SEARCH    ]: carry=0 | base=0.58 | wall=1.99 | search=728 | target=site(0.34,0.42)
R3[SITE      ]: carry=0 | base=0.88 | wall=1.73 | search=  0 | target=site(-0.55,0.89)
R4[BASE_ESC  ]: carry=0 | base=0.23 | wall=2.30 | search=  0 | target=none

[PICKUP] R3 picked up tag (density=10) | Total: 12

======================================================================
Step 5500 (2.9 min) | Pickups: 12 | Deposits: 11 | Rate: 3.75 tags/min | phero_entries=0 max_w=0.000
======================================================================
R1[SEARCH    ]: carry=0 | base=0.39 | wall=2.19 | search=2661 | target=site(-0.56,0.86)
R2[SEARCH    ]: carry=0 | base=0.89 | wall=1.81 | search=1228 | target=site(0.34,0.42)
R3[RTB       ]: carry=1 | base=0.67 | wall=1.93 | search=  0 | target=none
R4[SEARCH    ]: carry=0 | base=1.78 | wall=1.20 | search= 19 | target=none

[DEPOSIT] R3 deposited! Total: 12
  [PHERO] Laid at (-0.62, 0.90) density=10 prob=0.83 entries=1
  [TARGET] R3 → SITE (-0.62, 0.90)

======================================================================
Step 6000 (3.2 min) | Pickups: 12 | Deposits: 12 | Rate: 3.75 tags/min | phero_entries=1 max_w=0.275
======================================================================
R1[SEARCH    ]: carry=0 | base=0.68 | wall=1.98 | search=3161 | target=site(-0.56,0.86)
R2[GIVE_UP   ]: carry=0 | base=0.72 | wall=1.82 | search=1560 | target=none
R3[SEARCH    ]: carry=0 | base=1.08 | wall=1.63 | search= 53 | target=site(-0.62,0.90)
R4[SEARCH    ]: carry=0 | base=1.55 | wall=1.36 | search=519 | target=none

  [GIVE-UP] R2 returned empty after 1560 searching steps
  [TARGET] R2 → PHERO (-0.62, 0.90)
[PICKUP] R3 picked up tag (density=9) | Total: 13

======================================================================
Step 6500 (3.5 min) | Pickups: 13 | Deposits: 12 | Rate: 3.46 tags/min | phero_entries=1 max_w=0.053
======================================================================
R1[SEARCH    ]: carry=0 | base=0.39 | wall=2.19 | search=3661 | target=site(-0.56,0.86)
R2[SEARCH    ]: carry=0 | base=1.08 | wall=1.61 | search= 33 | target=phero(-0.62,0.90)
R3[SURVEY    ]: carry=1 | base=1.18 | wall=1.56 | search=  0 | target=none
R4[SEARCH    ]: carry=0 | base=1.79 | wall=1.20 | search=1019 | target=none

[PICKUP] R2 picked up tag (density=8) | Total: 14
[DEPOSIT] R3 deposited! Total: 13
  [PHERO] Laid at (-0.70, 0.94) density=9 prob=0.73 entries=2
  [TARGET] R3 → SITE (-0.70, 0.94)

======================================================================
Step 7000 (3.7 min) | Pickups: 14 | Deposits: 13 | Rate: 3.48 tags/min | phero_entries=2 max_w=0.648
======================================================================
R1[SEARCH    ]: carry=0 | base=0.60 | wall=1.93 | search=4161 | target=site(-0.56,0.86)
R2[RTB       ]: carry=1 | base=0.35 | wall=2.18 | search=  0 | target=none
R3[SITE      ]: carry=0 | base=0.30 | wall=2.21 | search=  0 | target=site(-0.70,0.94)
R4[SEARCH    ]: carry=0 | base=1.82 | wall=1.17 | search=1519 | target=none

[DEPOSIT] R2 deposited! Total: 14
  [TARGET] R2 → SITE (-0.52, 0.95)
[PICKUP] R3 picked up tag (density=7) | Total: 15

======================================================================
Step 7500 (4.0 min) | Pickups: 15 | Deposits: 14 | Rate: 3.50 tags/min | phero_entries=2 max_w=0.124
======================================================================
R1[SEARCH    ]: carry=0 | base=0.55 | wall=1.96 | search=4661 | target=site(-0.56,0.86)
R2[SEARCH    ]: carry=0 | base=1.10 | wall=1.56 | search=123 | target=site(-0.52,0.95)
R3[SURVEY    ]: carry=1 | base=1.21 | wall=1.54 | search=  0 | target=none
R4[SEARCH    ]: carry=0 | base=1.95 | wall=1.12 | search=2019 | target=none

[DEPOSIT] R3 deposited! Total: 15
  [TARGET] R3 → SITE (-0.73, 0.96)

======================================================================
Step 8000 (4.3 min) | Pickups: 15 | Deposits: 15 | Rate: 3.52 tags/min | phero_entries=1 max_w=0.024
======================================================================
R1[SEARCH    ]: carry=0 | base=0.39 | wall=2.15 | search=5161 | target=site(-0.56,0.86)
R2[SEARCH    ]: carry=0 | base=1.02 | wall=1.75 | search=623 | target=site(-0.52,0.95)
R3[SITE      ]: carry=0 | base=0.55 | wall=2.01 | search=  0 | target=site(-0.73,0.96)
R4[SEARCH    ]: carry=0 | base=2.40 | wall=0.59 | search=2519 | target=none

  [GIVE-UP] R2 returned empty after 624 searching steps
  [TARGET] R2 → PHERO (-0.70, 0.94)
[PICKUP] R1 picked up tag (density=6) | Total: 16

======================================================================
Step 8500 (4.5 min) | Pickups: 16 | Deposits: 15 | Rate: 3.31 tags/min | phero_entries=1 max_w=0.004
======================================================================
R1[SURVEY    ]: carry=1 | base=0.45 | wall=2.16 | search=  0 | target=none
R2[PHERO     ]: carry=0 | base=0.89 | wall=1.81 | search=  0 | target=phero(-0.70,0.94)
R3[SEARCH    ]: carry=0 | base=1.19 | wall=1.49 | search=340 | target=site(-0.73,0.96)
R4[GIVE_UP   ]: carry=0 | base=2.51 | wall=0.58 | search=2964 | target=none

[PICKUP] R3 picked up tag (density=6) | Total: 17
[DEPOSIT] R1 deposited! Total: 16
  [PHERO] Laid at (0.34, -0.29) density=6 prob=0.33 entries=2
  [TARGET] R1 → SITE (0.34, -0.29)
[DEPOSIT] R3 deposited! Total: 17
  [TARGET] R3 → PHERO (0.34, -0.29)
[PICKUP] R2 picked up tag (density=5) | Total: 18

======================================================================
Step 9000 (4.8 min) | Pickups: 18 | Deposits: 17 | Rate: 3.54 tags/min | phero_entries=1 max_w=0.585
======================================================================
R1[SITE      ]: carry=0 | base=0.33 | wall=2.18 | search=  0 | target=site(0.34,-0.29)
R2[SURVEY    ]: carry=1 | base=1.28 | wall=1.48 | search=  0 | target=none
R3[BASE_ESC  ]: carry=0 | base=0.23 | wall=2.29 | search=  0 | target=phero(0.34,-0.29)
R4[GIVE_UP   ]: carry=0 | base=0.62 | wall=2.03 | search=2964 | target=none

  [GIVE-UP] R4 returned empty after 2964 searching steps
  [TARGET] R4 → PHERO (0.34, -0.29)
[PICKUP] R4 picked up tag (density=5) | Total: 19
[PICKUP] R1 picked up tag (density=4) | Total: 20

======================================================================
Step 9500 (5.1 min) | Pickups: 20 | Deposits: 17 | Rate: 3.36 tags/min | phero_entries=1 max_w=0.111
======================================================================
R1[SURVEY    ]: carry=1 | base=0.48 | wall=2.16 | search=  0 | target=none
R2[RTB       ]: carry=1 | base=0.28 | wall=2.27 | search=  0 | target=none
R3[SEARCH    ]: carry=0 | base=0.46 | wall=2.13 | search= 71 | target=phero(0.34,-0.29)
R4[RTB       ]: carry=1 | base=0.33 | wall=2.19 | search=  0 | target=none

[DEPOSIT] R2 deposited! Total: 18
  [TARGET] R2 → SITE (-0.79, 1.03)
[DEPOSIT] R4 deposited! Total: 19
  [TARGET] R4 → SITE (0.13, -0.31)
[DEPOSIT] R1 deposited! Total: 20
  [TARGET] R1 → SITE (0.35, -0.31)
[PICKUP] R4 picked up tag (density=3) | Total: 21

======================================================================
Step 10000 (5.3 min) | Pickups: 21 | Deposits: 20 | Rate: 3.75 tags/min | phero_entries=1 max_w=0.021
======================================================================
R1[SEARCH    ]: carry=0 | base=0.45 | wall=2.13 | search=  3 | target=site(0.35,-0.31)
R2[SEARCH    ]: carry=0 | base=1.27 | wall=1.45 | search=106 | target=site(-0.79,1.03)
R3[GIVE_UP   ]: carry=0 | base=0.32 | wall=2.27 | search=468 | target=none
R4[SURVEY    ]: carry=1 | base=0.40 | wall=2.13 | search=  0 | target=none

  [GIVE-UP] R3 returned empty after 468 searching steps
  [TARGET] R3 → PHERO (0.34, -0.29)
[DEPOSIT] R4 deposited! Total: 21
  [TARGET] R4 → PHERO (0.34, -0.29)
  [GIVE-UP] R1 returned empty after 156 searching steps
  [TARGET] R1 → PHERO (0.34, -0.29)
[PICKUP] R2 picked up tag (density=4) | Total: 22
[PICKUP] R3 picked up tag (density=2) | Total: 23

======================================================================
Step 10500 (5.6 min) | Pickups: 23 | Deposits: 21 | Rate: 3.75 tags/min | phero_entries=1 max_w=0.004
======================================================================
R1[SEARCH    ]: carry=0 | base=0.43 | wall=2.15 | search= 10 | target=phero(0.34,-0.29)
R2[SURVEY    ]: carry=1 | base=1.19 | wall=1.48 | search=  0 | target=none
R3[SURVEY    ]: carry=1 | base=0.47 | wall=2.13 | search=  0 | target=none
R4[SEARCH    ]: carry=0 | base=0.52 | wall=2.05 | search=128 | target=phero(0.34,-0.29)

[PICKUP] R4 picked up tag (density=1) | Total: 24
[DEPOSIT] R3 deposited! Total: 22
  [TARGET] R3 → PHERO (0.34, -0.29)
[DEPOSIT] R2 deposited! Total: 23
  [TARGET] R2 → SITE (-0.61, 1.02)

======================================================================
Step 11000 (5.9 min) | Pickups: 24 | Deposits: 23 | Rate: 3.92 tags/min | phero_entries=0 max_w=0.000
======================================================================
R1[SEARCH    ]: carry=0 | base=0.59 | wall=2.02 | search=510 | target=phero(0.34,-0.29)
R2[BASE_ESC  ]: carry=0 | base=0.23 | wall=2.28 | search=  0 | target=site(-0.61,1.02)
R3[PHERO     ]: carry=0 | base=0.35 | wall=2.18 | search=  0 | target=phero(0.34,-0.29)
R4[SURVEY    ]: carry=1 | base=0.59 | wall=2.07 | search=  0 | target=none

[DEPOSIT] R4 deposited! Total: 24
  [TARGET] R4 → WALL (-1.65, 2.42)

======================================================================
Step 11500 (6.1 min) | Pickups: 24 | Deposits: 24 | Rate: 3.91 tags/min | phero_entries=0 max_w=0.000
======================================================================
R1[SEARCH    ]: carry=0 | base=0.60 | wall=2.06 | search=1010 | target=phero(0.34,-0.29)
R2[SEARCH    ]: carry=0 | base=1.20 | wall=1.54 | search=235 | target=site(-0.61,1.02)
R3[SEARCH    ]: carry=0 | base=0.42 | wall=2.15 | search=459 | target=phero(0.34,-0.29)
R4[BASE_ESC  ]: carry=0 | base=0.25 | wall=2.26 | search=  0 | target=none


======================================================================
Step 12000 (6.4 min) | Pickups: 24 | Deposits: 24 | Rate: 3.75 tags/min | phero_entries=0 max_w=0.000
======================================================================
R1[SEARCH    ]: carry=0 | base=0.96 | wall=1.61 | search=1510 | target=phero(0.34,-0.29)
R2[SEARCH    ]: carry=0 | base=1.44 | wall=1.42 | search=735 | target=site(-0.61,1.02)
R3[SEARCH    ]: carry=0 | base=0.32 | wall=2.20 | search=959 | target=phero(0.34,-0.29)
R4[SEARCH    ]: carry=0 | base=0.25 | wall=2.32 | search=440 | target=none


======================================================================
Step 12500 (6.7 min) | Pickups: 24 | Deposits: 24 | Rate: 3.60 tags/min | phero_entries=0 max_w=0.000
======================================================================
R1[SEARCH    ]: carry=0 | base=1.11 | wall=1.53 | search=2010 | target=phero(0.34,-0.29)
R2[SEARCH    ]: carry=0 | base=1.57 | wall=1.35 | search=1235 | target=site(-0.61,1.02)
R3[BASE_ESC  ]: carry=0 | base=0.24 | wall=2.27 | search=1459 | target=phero(0.34,-0.29)
R4[SEARCH    ]: carry=0 | base=0.34 | wall=2.21 | search=940 | target=none

  [GIVE-UP] R1 returned empty after 2184 searching steps
  [TARGET] R1 → WALL (2.15, -2.42)

======================================================================
Step 13000 (6.9 min) | Pickups: 24 | Deposits: 24 | Rate: 3.46 tags/min | phero_entries=0 max_w=0.000
======================================================================
R1[BASE_ESC  ]: carry=0 | base=0.22 | wall=2.34 | search=  0 | target=none
R2[SEARCH    ]: carry=0 | base=1.65 | wall=1.31 | search=1735 | target=site(-0.61,1.02)
R3[BASE_ESC  ]: carry=0 | base=0.22 | wall=2.32 | search=1959 | target=phero(0.34,-0.29)
R4[SEARCH    ]: carry=0 | base=0.27 | wall=2.31 | search=1440 | target=none


======================================================================
Step 13500 (7.2 min) | Pickups: 24 | Deposits: 24 | Rate: 3.33 tags/min | phero_entries=0 max_w=0.000
======================================================================
R1[DEPART    ]: carry=0 | base=2.02 | wall=1.01 | search=  0 | target=none
R2[SEARCH    ]: carry=0 | base=1.79 | wall=1.17 | search=2235 | target=site(-0.61,1.02)
R3[SEARCH    ]: carry=0 | base=0.29 | wall=2.21 | search=2459 | target=phero(0.34,-0.29)
R4[SEARCH    ]: carry=0 | base=0.49 | wall=2.06 | search=1940 | target=none


======================================================================
Step 14000 (7.5 min) | Pickups: 24 | Deposits: 24 | Rate: 3.21 tags/min | phero_entries=0 max_w=0.000
======================================================================
R1[GIVE_UP   ]: carry=0 | base=2.70 | wall=0.40 | search=312 | target=none
R2[SEARCH    ]: carry=0 | base=1.72 | wall=1.21 | search=2735 | target=site(-0.61,1.02)
R3[SEARCH    ]: carry=0 | base=0.39 | wall=2.14 | search=2959 | target=phero(0.34,-0.29)
R4[SEARCH    ]: carry=0 | base=0.57 | wall=2.04 | search=2440 | target=none

  [GIVE-UP] R3 returned empty after 3120 searching steps
  [TARGET] R3 → WALL (-1.88, -2.42)

======================================================================
Step 14500 (7.7 min) | Pickups: 24 | Deposits: 24 | Rate: 3.10 tags/min | phero_entries=0 max_w=0.000
======================================================================
R1[GIVE_UP   ]: carry=0 | base=0.82 | wall=1.86 | search=312 | target=none
R2[SEARCH    ]: carry=0 | base=1.78 | wall=1.23 | search=3235 | target=site(-0.61,1.02)
R3[DEPART    ]: carry=0 | base=0.27 | wall=2.26 | search=  0 | target=none
R4[SEARCH    ]: carry=0 | base=0.77 | wall=1.76 | search=2940 | target=none

  [GIVE-UP] R1 returned empty after 312 searching steps
  [TARGET] R1 → WALL (0.60, -2.42)

======================================================================
Step 15000 (8.0 min) | Pickups: 24 | Deposits: 24 | Rate: 3.00 tags/min | phero_entries=0 max_w=0.000
======================================================================
R1[DEPART    ]: carry=0 | base=1.13 | wall=1.41 | search=  0 | target=none
R2[SEARCH    ]: carry=0 | base=2.21 | wall=0.87 | search=3735 | target=site(-0.61,1.02)
R3[SEARCH    ]: carry=0 | base=0.37 | wall=2.13 | search=328 | target=none
R4[SEARCH    ]: carry=0 | base=0.86 | wall=1.66 | search=3440 | target=none


======================================================================
Step 15500 (8.3 min) | Pickups: 24 | Deposits: 24 | Rate: 2.90 tags/min | phero_entries=0 max_w=0.000
======================================================================
R1[DEPART    ]: carry=0 | base=1.92 | wall=0.61 | search=  0 | target=none
R2[SEARCH    ]: carry=0 | base=2.16 | wall=0.86 | search=4235 | target=site(-0.61,1.02)
R3[SEARCH    ]: carry=0 | base=0.46 | wall=2.04 | search=828 | target=none
R4[SEARCH    ]: carry=0 | base=0.77 | wall=1.74 | search=3940 | target=none


======================================================================
Step 16000 (8.5 min) | Pickups: 24 | Deposits: 24 | Rate: 2.81 tags/min | phero_entries=0 max_w=0.000
======================================================================
R1[SEARCH    ]: carry=0 | base=1.35 | wall=1.22 | search=355 | target=none
R2[SEARCH    ]: carry=0 | base=2.52 | wall=0.59 | search=4735 | target=site(-0.61,1.02)
R3[SEARCH    ]: carry=0 | base=0.33 | wall=2.25 | search=1328 | target=none
R4[SEARCH    ]: carry=0 | base=0.89 | wall=1.65 | search=4440 | target=none


======================================================================
Step 16500 (8.8 min) | Pickups: 24 | Deposits: 24 | Rate: 2.73 tags/min | phero_entries=0 max_w=0.000
======================================================================
R1[SEARCH    ]: carry=0 | base=0.99 | wall=1.59 | search=855 | target=none
R2[SEARCH    ]: carry=0 | base=2.55 | wall=0.40 | search=5235 | target=site(-0.61,1.02)
R3[SEARCH    ]: carry=0 | base=0.43 | wall=2.08 | search=1828 | target=none
R4[SEARCH    ]: carry=0 | base=0.59 | wall=1.92 | search=4940 | target=none


======================================================================
Step 17000 (9.1 min) | Pickups: 24 | Deposits: 24 | Rate: 2.65 tags/min | phero_entries=0 max_w=0.000
======================================================================
R1[SEARCH    ]: carry=0 | base=1.29 | wall=1.31 | search=1355 | target=none
R2[WALL_ESC  ]: carry=0 | base=2.79 | wall=0.31 | search=5735 | target=site(-0.61,1.02)
R3[SEARCH    ]: carry=0 | base=0.40 | wall=2.10 | search=2328 | target=none
R4[SEARCH    ]: carry=0 | base=0.64 | wall=1.86 | search=5440 | target=none


======================================================================
Step 17500 (9.3 min) | Pickups: 24 | Deposits: 24 | Rate: 2.57 tags/min | phero_entries=0 max_w=0.000
======================================================================
R1[SEARCH    ]: carry=0 | base=1.40 | wall=1.13 | search=1855 | target=none
R2[SEARCH    ]: carry=0 | base=2.70 | wall=0.39 | search=6235 | target=site(-0.61,1.02)
R3[SEARCH    ]: carry=0 | base=0.26 | wall=2.27 | search=2828 | target=none
R4[SEARCH    ]: carry=0 | base=0.83 | wall=1.68 | search=5940 | target=none


======================================================================
Step 18000 (9.6 min) | Pickups: 24 | Deposits: 24 | Rate: 2.50 tags/min | phero_entries=0 max_w=0.000
======================================================================
R1[SEARCH    ]: carry=0 | base=1.60 | wall=0.91 | search=2355 | target=none
R2[SEARCH    ]: carry=0 | base=2.69 | wall=0.36 | search=6735 | target=site(-0.61,1.02)
R3[SEARCH    ]: carry=0 | base=0.29 | wall=2.21 | search=3328 | target=none
R4[SEARCH    ]: carry=0 | base=0.97 | wall=1.60 | search=6440 | target=none

[PICKUP] R4 picked up tag (density=12) | Total: 25

======================================================================
Step 18500 (9.9 min) | Pickups: 25 | Deposits: 24 | Rate: 2.43 tags/min | phero_entries=0 max_w=0.000
======================================================================
R1[SEARCH    ]: carry=0 | base=1.77 | wall=0.74 | search=2855 | target=none
R2[WALL_ESC  ]: carry=0 | base=2.78 | wall=0.32 | search=7235 | target=site(-0.61,1.02)
R3[SEARCH    ]: carry=0 | base=0.26 | wall=2.29 | search=3828 | target=none
R4[RTB       ]: carry=1 | base=0.77 | wall=1.73 | search=  0 | target=none

[DEPOSIT] R4 deposited! Total: 25
  [PHERO] Laid at (-0.19, -1.02) density=12 prob=0.94 entries=1
  [TARGET] R4 → SITE (-0.19, -1.02)
TIMEOUT_RESULT pickups=25 deposits=25 steps=18750 elapsed_min=10.000000
BATCH_RESULT pickups=25 deposits=25
