=================================================================
CPFA BASELINE — ARGoS-calibrated parameters
  Params file                  = /home/sara/Documents/RL-FL-Foraging/cpfa_tuning_20260715_155549/trial_035/params.yaml
  Results file                 = /home/sara/Documents/RL-FL-Foraging/controllers/cpfa_baseline/results/cpfa_baseline_results_20260715_173117_7.txt
  RateOfLayingPheromone        = 10.602592670085428
  RateOfSiteFidelity           = 2.686314470586891
  RateOfPheromoneDecay         = 0.08345304784263471 /s  (lifetime ~83s)
  ProbabilityOfReturningToNest = 0.07336919235829649 (every 5 sec → E[give-up] ~68s)
  UninformedSearchVariation    = 0.98 rad (56.2°)
  RateOfInformedSearchDecay    = 0.9627851751616606 /waypoint
  ProbabilityOfSwitchingToSearching = 0.4305362852633064 (every 5 sec in uninformed DEPARTING)
=================================================================

[PICKUP] R3 picked up tag (density=6) | Total: 1
[DEPOSIT] R3 deposited! Total: 1
  [TARGET] R3 → SITE (0.00, 0.50)

======================================================================
Step 500 (0.3 min) | Pickups: 1 | Deposits: 1 | Rate: 3.75 tags/min | phero_entries=0 max_w=0.000
======================================================================
R1[GIVE_UP   ]: carry=0 | base=0.33 | wall=2.20 | search=312 | target=none
R2[SEARCH    ]: carry=0 | base=0.96 | wall=1.55 | search=344 | target=none
R3[SEARCH    ]: carry=0 | base=0.48 | wall=2.02 | search=  5 | target=site(0.00,0.50)
R4[DEPART    ]: carry=0 | base=2.04 | wall=0.61 | search=  0 | target=none

[PICKUP] R3 picked up tag (density=5) | Total: 2
  [GIVE-UP] R1 returned empty after 312 searching steps
  [TARGET] R1 → WALL (-2.42, -1.35)
[PICKUP] R4 picked up tag (density=16) | Total: 3
[DEPOSIT] R3 deposited! Total: 2
  [TARGET] R3 → SITE (0.01, 0.54)

======================================================================
Step 1000 (0.5 min) | Pickups: 3 | Deposits: 2 | Rate: 3.75 tags/min | phero_entries=0 max_w=0.000
======================================================================
R1[DEPART    ]: carry=0 | base=1.22 | wall=1.54 | search=  0 | target=none
R2[SEARCH    ]: carry=0 | base=1.14 | wall=1.40 | search=844 | target=none
R3[BASE_ESC  ]: carry=0 | base=0.23 | wall=2.29 | search=  0 | target=site(0.01,0.54)
R4[RTB       ]: carry=1 | base=2.12 | wall=0.48 | search=  0 | target=none


======================================================================
Step 1500 (0.8 min) | Pickups: 3 | Deposits: 2 | Rate: 2.50 tags/min | phero_entries=0 max_w=0.000
======================================================================
R1[SEARCH    ]: carry=0 | base=1.73 | wall=0.97 | search=375 | target=none
R2[SEARCH    ]: carry=0 | base=1.46 | wall=1.16 | search=1344 | target=none
R3[SEARCH    ]: carry=0 | base=0.59 | wall=1.91 | search=378 | target=site(0.01,0.54)
R4[RTB       ]: carry=1 | base=0.64 | wall=1.88 | search=  0 | target=none

[DEPOSIT] R4 deposited! Total: 3
  [PHERO] Laid at (2.02, -0.63) density=16 prob=0.96 entries=1
  [TARGET] R4 → SITE (2.02, -0.63)
[PICKUP] R4 picked up tag (density=9) | Total: 4

======================================================================
Step 2000 (1.1 min) | Pickups: 4 | Deposits: 3 | Rate: 2.81 tags/min | phero_entries=1 max_w=0.346
======================================================================
R1[SEARCH    ]: carry=0 | base=1.29 | wall=1.28 | search=875 | target=none
R2[GIVE_UP   ]: carry=0 | base=1.11 | wall=1.55 | search=1716 | target=none
R3[SEARCH    ]: carry=0 | base=0.45 | wall=2.13 | search=878 | target=site(0.01,0.54)
R4[RTB       ]: carry=1 | base=0.55 | wall=1.96 | search=  0 | target=none

[PICKUP] R2 picked up tag (density=8) | Total: 5
[DEPOSIT] R4 deposited! Total: 4
  [PHERO] Laid at (0.52, -0.05) density=9 prob=0.39 entries=2
  [TARGET] R4 → SITE (0.52, -0.05)
[PICKUP] R3 picked up tag (density=7) | Total: 6

======================================================================
Step 2500 (1.3 min) | Pickups: 6 | Deposits: 4 | Rate: 3.00 tags/min | phero_entries=2 max_w=0.425
======================================================================
R1[GIVE_UP   ]: carry=0 | base=0.28 | wall=2.22 | search=1092 | target=none
R2[RTB       ]: carry=1 | base=0.47 | wall=2.06 | search=  0 | target=none
R3[SURVEY    ]: carry=1 | base=0.33 | wall=2.18 | search=  0 | target=none
R4[SEARCH    ]: carry=0 | base=0.55 | wall=1.95 | search= 89 | target=site(0.52,-0.05)

  [GIVE-UP] R1 returned empty after 1092 searching steps
  [TARGET] R1 → PHERO (0.52, -0.05)
[DEPOSIT] R2 deposited! Total: 5
  [TARGET] R2 → SITE (0.69, -0.41)
[PICKUP] R2 picked up tag (density=6) | Total: 7
[DEPOSIT] R3 deposited! Total: 6
  [PHERO] Laid at (0.33, -0.07) density=7 prob=0.17 entries=3
  [TARGET] R3 → SITE (0.33, -0.07)

======================================================================
Step 3000 (1.6 min) | Pickups: 7 | Deposits: 6 | Rate: 3.75 tags/min | phero_entries=3 max_w=0.622
======================================================================
R1[PHERO     ]: carry=0 | base=0.27 | wall=2.24 | search=  0 | target=phero(0.52,-0.05)
R2[RTB       ]: carry=1 | base=0.41 | wall=2.10 | search=  0 | target=none
R3[SITE      ]: carry=0 | base=0.32 | wall=2.20 | search=  0 | target=site(0.33,-0.07)
R4[SEARCH    ]: carry=0 | base=0.78 | wall=1.72 | search=589 | target=site(0.52,-0.05)

[DEPOSIT] R2 deposited! Total: 7
  [PHERO] Laid at (0.37, -0.10) density=6 prob=0.10 entries=4
  [TARGET] R2 → SITE (0.37, -0.10)
[PICKUP] R3 picked up tag (density=5) | Total: 8

======================================================================
Step 3500 (1.9 min) | Pickups: 8 | Deposits: 7 | Rate: 3.75 tags/min | phero_entries=4 max_w=0.342
======================================================================
R1[SEARCH    ]: carry=0 | base=0.42 | wall=2.08 | search=367 | target=phero(0.52,-0.05)
R2[SEARCH    ]: carry=0 | base=0.46 | wall=2.04 | search=200 | target=site(0.37,-0.10)
R3[SURVEY    ]: carry=1 | base=0.38 | wall=2.15 | search=  0 | target=none
R4[SEARCH    ]: carry=0 | base=1.06 | wall=1.44 | search=1089 | target=site(0.52,-0.05)

[PICKUP] R2 picked up tag (density=4) | Total: 9
[DEPOSIT] R3 deposited! Total: 8
  [TARGET] R3 → SITE (0.35, -0.13)
[PICKUP] R1 picked up tag (density=3) | Total: 10

======================================================================
Step 4000 (2.1 min) | Pickups: 10 | Deposits: 8 | Rate: 3.75 tags/min | phero_entries=4 max_w=0.090
======================================================================
R1[SURVEY    ]: carry=1 | base=0.40 | wall=2.17 | search=  0 | target=none
R2[RTB       ]: carry=1 | base=0.48 | wall=2.07 | search=  0 | target=none
R3[SITE      ]: carry=0 | base=0.36 | wall=2.14 | search=  0 | target=site(0.35,-0.13)
R4[SEARCH    ]: carry=0 | base=1.11 | wall=1.55 | search=1589 | target=site(0.52,-0.05)

[DEPOSIT] R2 deposited! Total: 9
  [TARGET] R2 → SITE (0.35, -0.19)
[DEPOSIT] R1 deposited! Total: 10
  [TARGET] R1 → PHERO (0.37, -0.10)

======================================================================
Step 4500 (2.4 min) | Pickups: 10 | Deposits: 10 | Rate: 4.17 tags/min | phero_entries=3 max_w=0.024
======================================================================
R1[SEARCH    ]: carry=0 | base=0.35 | wall=2.17 | search=133 | target=phero(0.37,-0.10)
R2[SEARCH    ]: carry=0 | base=0.47 | wall=2.06 | search=123 | target=site(0.35,-0.19)
R3[SEARCH    ]: carry=0 | base=0.27 | wall=2.24 | search=482 | target=site(0.35,-0.13)
R4[SEARCH    ]: carry=0 | base=1.43 | wall=1.19 | search=2089 | target=site(0.52,-0.05)

  [GIVE-UP] R2 returned empty after 156 searching steps
  [TARGET] R2 → PHERO (0.33, -0.07)

======================================================================
Step 5000 (2.7 min) | Pickups: 10 | Deposits: 10 | Rate: 3.75 tags/min | phero_entries=2 max_w=0.006
======================================================================
R1[SEARCH    ]: carry=0 | base=0.37 | wall=2.13 | search=633 | target=phero(0.37,-0.10)
R2[BASE_ESC  ]: carry=0 | base=0.24 | wall=2.27 | search=218 | target=phero(0.33,-0.07)
R3[SEARCH    ]: carry=0 | base=0.26 | wall=2.31 | search=982 | target=site(0.35,-0.13)
R4[GIVE_UP   ]: carry=0 | base=1.14 | wall=1.46 | search=2340 | target=none

[PICKUP] R1 picked up tag (density=2) | Total: 11
  [GIVE-UP] R4 returned empty after 2340 searching steps
  [TARGET] R4 → PHERO (0.37, -0.10)
  [GIVE-UP] R2 returned empty after 624 searching steps
  [TARGET] R2 → PHERO (0.37, -0.10)

======================================================================
Step 5500 (2.9 min) | Pickups: 11 | Deposits: 10 | Rate: 3.41 tags/min | phero_entries=1 max_w=0.002
======================================================================
R1[RTB       ]: carry=1 | base=0.33 | wall=2.20 | search=  0 | target=none
R2[BASE_ESC  ]: carry=0 | base=0.25 | wall=2.25 | search=  0 | target=phero(0.37,-0.10)
R3[SEARCH    ]: carry=0 | base=0.26 | wall=2.26 | search=1482 | target=site(0.35,-0.13)
R4[SEARCH    ]: carry=0 | base=0.37 | wall=2.14 | search=103 | target=phero(0.37,-0.10)

[DEPOSIT] R1 deposited! Total: 11
  [TARGET] R1 → PHERO (0.37, -0.10)
[PICKUP] R1 picked up tag (density=1) | Total: 12

======================================================================
Step 6000 (3.2 min) | Pickups: 12 | Deposits: 11 | Rate: 3.44 tags/min | phero_entries=0 max_w=0.000
======================================================================
R1[SURVEY    ]: carry=1 | base=0.47 | wall=2.06 | search=  0 | target=none
R2[SEARCH    ]: carry=0 | base=0.29 | wall=2.26 | search=252 | target=phero(0.37,-0.10)
R3[SEARCH    ]: carry=0 | base=0.75 | wall=1.76 | search=1982 | target=site(0.35,-0.13)
R4[SEARCH    ]: carry=0 | base=0.27 | wall=2.23 | search=603 | target=phero(0.37,-0.10)

[DEPOSIT] R1 deposited! Total: 12
  [TARGET] R1 → SITE (0.44, -0.19)

======================================================================
Step 6500 (3.5 min) | Pickups: 12 | Deposits: 12 | Rate: 3.46 tags/min | phero_entries=0 max_w=0.000
======================================================================
R1[SEARCH    ]: carry=0 | base=0.48 | wall=2.06 | search= 46 | target=site(0.44,-0.19)
R2[SEARCH    ]: carry=0 | base=0.48 | wall=2.10 | search=752 | target=phero(0.37,-0.10)
R3[SEARCH    ]: carry=0 | base=0.74 | wall=1.80 | search=2482 | target=site(0.35,-0.13)
R4[SEARCH    ]: carry=0 | base=0.25 | wall=2.25 | search=1103 | target=phero(0.37,-0.10)


======================================================================
Step 7000 (3.7 min) | Pickups: 12 | Deposits: 12 | Rate: 3.21 tags/min | phero_entries=0 max_w=0.000
======================================================================
R1[SEARCH    ]: carry=0 | base=0.63 | wall=1.96 | search=546 | target=site(0.44,-0.19)
R2[SEARCH    ]: carry=0 | base=0.40 | wall=2.15 | search=1252 | target=phero(0.37,-0.10)
R3[SEARCH    ]: carry=0 | base=0.98 | wall=1.55 | search=2982 | target=site(0.35,-0.13)
R4[SEARCH    ]: carry=0 | base=0.35 | wall=2.15 | search=1603 | target=phero(0.37,-0.10)


======================================================================
Step 7500 (4.0 min) | Pickups: 12 | Deposits: 12 | Rate: 3.00 tags/min | phero_entries=0 max_w=0.000
======================================================================
R1[SEARCH    ]: carry=0 | base=0.62 | wall=1.97 | search=1046 | target=site(0.44,-0.19)
R2[SEARCH    ]: carry=0 | base=0.71 | wall=1.91 | search=1752 | target=phero(0.37,-0.10)
R3[SEARCH    ]: carry=0 | base=1.08 | wall=1.55 | search=3482 | target=site(0.35,-0.13)
R4[GIVE_UP   ]: carry=0 | base=0.29 | wall=2.24 | search=2028 | target=none

  [GIVE-UP] R4 returned empty after 2028 searching steps
  [TARGET] R4 → WALL (1.97, -2.42)

======================================================================
Step 8000 (4.3 min) | Pickups: 12 | Deposits: 12 | Rate: 2.81 tags/min | phero_entries=0 max_w=0.000
======================================================================
R1[SEARCH    ]: carry=0 | base=0.51 | wall=1.99 | search=1546 | target=site(0.44,-0.19)
R2[SEARCH    ]: carry=0 | base=0.75 | wall=1.82 | search=2252 | target=phero(0.37,-0.10)
R3[SEARCH    ]: carry=0 | base=0.89 | wall=1.67 | search=3982 | target=site(0.35,-0.13)
R4[SEARCH    ]: carry=0 | base=0.26 | wall=2.26 | search=192 | target=none


======================================================================
Step 8500 (4.5 min) | Pickups: 12 | Deposits: 12 | Rate: 2.65 tags/min | phero_entries=0 max_w=0.000
======================================================================
R1[SEARCH    ]: carry=0 | base=0.63 | wall=1.91 | search=2046 | target=site(0.44,-0.19)
R2[SEARCH    ]: carry=0 | base=0.73 | wall=1.82 | search=2752 | target=phero(0.37,-0.10)
R3[SEARCH    ]: carry=0 | base=1.17 | wall=1.35 | search=4482 | target=site(0.35,-0.13)
R4[SEARCH    ]: carry=0 | base=0.41 | wall=2.10 | search=692 | target=none

[PICKUP] R4 picked up tag (density=4) | Total: 13

======================================================================
Step 9000 (4.8 min) | Pickups: 13 | Deposits: 12 | Rate: 2.50 tags/min | phero_entries=0 max_w=0.000
======================================================================
R1[SEARCH    ]: carry=0 | base=0.79 | wall=1.74 | search=2546 | target=site(0.44,-0.19)
R2[SEARCH    ]: carry=0 | base=1.24 | wall=1.31 | search=3252 | target=phero(0.37,-0.10)
R3[SEARCH    ]: carry=0 | base=1.06 | wall=1.66 | search=4982 | target=site(0.35,-0.13)
R4[SURVEY    ]: carry=1 | base=0.49 | wall=2.12 | search=  0 | target=none

[DEPOSIT] R4 deposited! Total: 13
  [TARGET] R4 → WALL (1.48, -2.42)

======================================================================
Step 9500 (5.1 min) | Pickups: 13 | Deposits: 13 | Rate: 2.57 tags/min | phero_entries=0 max_w=0.000
======================================================================
R1[SEARCH    ]: carry=0 | base=1.08 | wall=1.45 | search=3046 | target=site(0.44,-0.19)
R2[SEARCH    ]: carry=0 | base=1.31 | wall=1.19 | search=3752 | target=phero(0.37,-0.10)
R3[SEARCH    ]: carry=0 | base=1.05 | wall=1.51 | search=5482 | target=site(0.35,-0.13)
R4[SEARCH    ]: carry=0 | base=0.32 | wall=2.22 | search= 77 | target=none

  [GIVE-UP] R3 returned empty after 5616 searching steps
  [TARGET] R3 → WALL (-1.02, -2.42)

======================================================================
Step 10000 (5.3 min) | Pickups: 13 | Deposits: 13 | Rate: 2.44 tags/min | phero_entries=0 max_w=0.000
======================================================================
R1[SEARCH    ]: carry=0 | base=0.89 | wall=1.62 | search=3546 | target=site(0.44,-0.19)
R2[GIVE_UP   ]: carry=0 | base=0.29 | wall=2.22 | search=3900 | target=none
R3[BASE_ESC  ]: carry=0 | base=0.24 | wall=2.32 | search=  0 | target=none
R4[SEARCH    ]: carry=0 | base=0.46 | wall=2.15 | search=577 | target=none

  [GIVE-UP] R2 returned empty after 3900 searching steps
  [TARGET] R2 → WALL (-0.22, -2.42)

======================================================================
Step 10500 (5.6 min) | Pickups: 13 | Deposits: 13 | Rate: 2.32 tags/min | phero_entries=0 max_w=0.000
======================================================================
R1[SEARCH    ]: carry=0 | base=0.99 | wall=1.56 | search=4046 | target=site(0.44,-0.19)
R2[SEARCH    ]: carry=0 | base=0.77 | wall=1.74 | search= 69 | target=none
R3[SEARCH    ]: carry=0 | base=1.10 | wall=1.44 | search=339 | target=none
R4[SEARCH    ]: carry=0 | base=0.65 | wall=1.97 | search=1077 | target=none


======================================================================
Step 11000 (5.9 min) | Pickups: 13 | Deposits: 13 | Rate: 2.22 tags/min | phero_entries=0 max_w=0.000
======================================================================
R1[SEARCH    ]: carry=0 | base=1.05 | wall=1.52 | search=4546 | target=site(0.44,-0.19)
R2[SEARCH    ]: carry=0 | base=0.57 | wall=1.97 | search=569 | target=none
R3[SEARCH    ]: carry=0 | base=1.14 | wall=1.42 | search=839 | target=none
R4[SEARCH    ]: carry=0 | base=1.00 | wall=1.73 | search=1577 | target=none


======================================================================
Step 11500 (6.1 min) | Pickups: 13 | Deposits: 13 | Rate: 2.12 tags/min | phero_entries=0 max_w=0.000
======================================================================
R1[SEARCH    ]: carry=0 | base=0.78 | wall=1.82 | search=5046 | target=site(0.44,-0.19)
R2[SEARCH    ]: carry=0 | base=1.02 | wall=1.51 | search=1069 | target=none
R3[SEARCH    ]: carry=0 | base=1.64 | wall=1.25 | search=1339 | target=none
R4[SEARCH    ]: carry=0 | base=0.83 | wall=1.84 | search=2077 | target=none


======================================================================
Step 12000 (6.4 min) | Pickups: 13 | Deposits: 13 | Rate: 2.03 tags/min | phero_entries=0 max_w=0.000
======================================================================
R1[SEARCH    ]: carry=0 | base=0.81 | wall=1.72 | search=5546 | target=site(0.44,-0.19)
R2[SEARCH    ]: carry=0 | base=1.17 | wall=1.34 | search=1569 | target=none
R3[GIVE_UP   ]: carry=0 | base=1.02 | wall=1.64 | search=1716 | target=none
R4[SEARCH    ]: carry=0 | base=1.05 | wall=1.46 | search=2577 | target=none

  [GIVE-UP] R3 returned empty after 1716 searching steps
  [TARGET] R3 → WALL (2.02, -2.42)

======================================================================
Step 12500 (6.7 min) | Pickups: 13 | Deposits: 13 | Rate: 1.95 tags/min | phero_entries=0 max_w=0.000
======================================================================
R1[SEARCH    ]: carry=0 | base=0.94 | wall=1.58 | search=6046 | target=site(0.44,-0.19)
R2[GIVE_UP   ]: carry=0 | base=1.01 | wall=1.56 | search=2028 | target=none
R3[DEPART    ]: carry=0 | base=0.43 | wall=2.07 | search=  0 | target=none
R4[SEARCH    ]: carry=0 | base=1.40 | wall=1.12 | search=3077 | target=none

  [GIVE-UP] R2 returned empty after 2028 searching steps
  [TARGET] R2 → WALL (-2.42, -2.05)

======================================================================
Step 13000 (6.9 min) | Pickups: 13 | Deposits: 13 | Rate: 1.88 tags/min | phero_entries=0 max_w=0.000
======================================================================
R1[SEARCH    ]: carry=0 | base=0.77 | wall=1.73 | search=6546 | target=site(0.44,-0.19)
R2[DEPART    ]: carry=0 | base=0.57 | wall=1.96 | search=  0 | target=none
R3[SEARCH    ]: carry=0 | base=0.88 | wall=1.70 | search=380 | target=none
R4[GIVE_UP   ]: carry=0 | base=1.06 | wall=1.46 | search=3432 | target=none

  [GIVE-UP] R4 returned empty after 3432 searching steps
  [TARGET] R4 → WALL (2.42, 1.58)

======================================================================
Step 13500 (7.2 min) | Pickups: 13 | Deposits: 13 | Rate: 1.81 tags/min | phero_entries=0 max_w=0.000
======================================================================
R1[SEARCH    ]: carry=0 | base=0.59 | wall=1.99 | search=7046 | target=site(0.44,-0.19)
R2[SEARCH    ]: carry=0 | base=0.84 | wall=1.83 | search=376 | target=none
R3[SEARCH    ]: carry=0 | base=0.48 | wall=2.06 | search=880 | target=none
R4[SEARCH    ]: carry=0 | base=0.78 | wall=1.76 | search= 21 | target=none


======================================================================
Step 14000 (7.5 min) | Pickups: 13 | Deposits: 13 | Rate: 1.74 tags/min | phero_entries=0 max_w=0.000
======================================================================
R1[SEARCH    ]: carry=0 | base=0.48 | wall=2.06 | search=7546 | target=site(0.44,-0.19)
R2[SEARCH    ]: carry=0 | base=0.62 | wall=1.88 | search=876 | target=none
R3[SEARCH    ]: carry=0 | base=0.29 | wall=2.21 | search=1380 | target=none
R4[SEARCH    ]: carry=0 | base=0.66 | wall=1.84 | search=521 | target=none

  [GIVE-UP] R3 returned empty after 1404 searching steps
  [TARGET] R3 → WALL (-2.42, -1.88)

======================================================================
Step 14500 (7.7 min) | Pickups: 13 | Deposits: 13 | Rate: 1.68 tags/min | phero_entries=0 max_w=0.000
======================================================================
R1[SEARCH    ]: carry=0 | base=0.46 | wall=2.04 | search=8046 | target=site(0.44,-0.19)
R2[SEARCH    ]: carry=0 | base=0.80 | wall=1.87 | search=1376 | target=none
R3[DEPART    ]: carry=0 | base=1.64 | wall=1.25 | search=  0 | target=none
R4[SEARCH    ]: carry=0 | base=1.16 | wall=1.34 | search=1021 | target=none

  [GIVE-UP] R4 returned empty after 1092 searching steps
  [TARGET] R4 → WALL (-1.86, -2.42)
  [GIVE-UP] R2 returned empty after 1716 searching steps
  [TARGET] R2 → WALL (-2.42, 0.37)

======================================================================
Step 15000 (8.0 min) | Pickups: 13 | Deposits: 13 | Rate: 1.62 tags/min | phero_entries=0 max_w=0.000
======================================================================
R1[SEARCH    ]: carry=0 | base=0.51 | wall=1.99 | search=8546 | target=site(0.44,-0.19)
R2[BASE_ESC  ]: carry=0 | base=0.22 | wall=2.31 | search=  0 | target=none
R3[SEARCH    ]: carry=0 | base=1.82 | wall=1.07 | search=407 | target=none
R4[BASE_ESC  ]: carry=0 | base=0.22 | wall=2.28 | search=  0 | target=none

  [GIVE-UP] R1 returned empty after 8580 searching steps
  [TARGET] R1 → WALL (0.21, -2.42)

======================================================================
Step 15500 (8.3 min) | Pickups: 13 | Deposits: 13 | Rate: 1.57 tags/min | phero_entries=0 max_w=0.000
======================================================================
R1[DEPART    ]: carry=0 | base=1.28 | wall=1.22 | search=  0 | target=none
R2[GIVE_UP   ]: carry=0 | base=0.65 | wall=1.88 | search=156 | target=none
R3[SEARCH    ]: carry=0 | base=1.25 | wall=1.61 | search=907 | target=none
R4[SEARCH    ]: carry=0 | base=0.66 | wall=1.84 | search=300 | target=none

  [GIVE-UP] R2 returned empty after 156 searching steps
  [TARGET] R2 → WALL (-2.09, 2.42)
  [GIVE-UP] R4 returned empty after 624 searching steps
  [TARGET] R4 → WALL (0.84, -2.42)

======================================================================
Step 16000 (8.5 min) | Pickups: 13 | Deposits: 13 | Rate: 1.52 tags/min | phero_entries=0 max_w=0.000
======================================================================
R1[DEPART    ]: carry=0 | base=2.08 | wall=0.49 | search=  0 | target=none
R2[DEPART    ]: carry=0 | base=1.33 | wall=1.52 | search=  0 | target=none
R3[SEARCH    ]: carry=0 | base=1.24 | wall=1.52 | search=1407 | target=none
R4[BASE_ESC  ]: carry=0 | base=0.22 | wall=2.28 | search=  0 | target=none


======================================================================
Step 16500 (8.8 min) | Pickups: 13 | Deposits: 13 | Rate: 1.48 tags/min | phero_entries=0 max_w=0.000
======================================================================
R1[SEARCH    ]: carry=0 | base=1.73 | wall=1.04 | search=390 | target=none
R2[GIVE_UP   ]: carry=0 | base=1.79 | wall=1.21 | search=156 | target=none
R3[SEARCH    ]: carry=0 | base=1.05 | wall=1.62 | search=1907 | target=none
R4[DEPART    ]: carry=0 | base=1.97 | wall=0.64 | search=  0 | target=none

  [GIVE-UP] R2 returned empty after 156 searching steps
  [TARGET] R2 → WALL (1.27, 2.42)

======================================================================
Step 17000 (9.1 min) | Pickups: 13 | Deposits: 13 | Rate: 1.43 tags/min | phero_entries=0 max_w=0.000
======================================================================
R1[GIVE_UP   ]: carry=0 | base=1.76 | wall=0.97 | search=780 | target=none
R2[BASE_ESC  ]: carry=0 | base=0.23 | wall=2.31 | search=  0 | target=none
R3[SEARCH    ]: carry=0 | base=0.84 | wall=1.78 | search=2407 | target=none
R4[SEARCH    ]: carry=0 | base=2.40 | wall=0.37 | search= 24 | target=none

[PICKUP] R2 picked up tag (density=3) | Total: 14
[DEPOSIT] R2 deposited! Total: 14
  [TARGET] R2 → SITE (-0.16, 0.38)
  [GIVE-UP] R1 returned empty after 780 searching steps
  [TARGET] R1 → WALL (-2.42, -1.43)

======================================================================
Step 17500 (9.3 min) | Pickups: 14 | Deposits: 14 | Rate: 1.50 tags/min | phero_entries=0 max_w=0.000
======================================================================
R1[BASE_ESC  ]: carry=0 | base=0.23 | wall=2.33 | search=  0 | target=none
R2[SITE      ]: carry=0 | base=0.26 | wall=2.24 | search=  0 | target=site(-0.16,0.38)
R3[SEARCH    ]: carry=0 | base=0.92 | wall=1.84 | search=2907 | target=none
R4[SEARCH    ]: carry=0 | base=2.08 | wall=0.67 | search=524 | target=none


======================================================================
Step 18000 (9.6 min) | Pickups: 14 | Deposits: 14 | Rate: 1.46 tags/min | phero_entries=0 max_w=0.000
======================================================================
R1[DEPART    ]: carry=0 | base=1.52 | wall=1.28 | search=  0 | target=none
R2[SEARCH    ]: carry=0 | base=0.59 | wall=1.92 | search=401 | target=site(-0.16,0.38)
R3[SEARCH    ]: carry=0 | base=1.49 | wall=1.20 | search=3407 | target=none
R4[GIVE_UP   ]: carry=0 | base=1.51 | wall=1.13 | search=936 | target=none

  [GIVE-UP] R4 returned empty after 936 searching steps
  [TARGET] R4 → WALL (2.42, 0.52)

======================================================================
Step 18500 (9.9 min) | Pickups: 14 | Deposits: 14 | Rate: 1.42 tags/min | phero_entries=0 max_w=0.000
======================================================================
R1[DEPART    ]: carry=0 | base=2.29 | wall=0.72 | search=  0 | target=none
R2[SEARCH    ]: carry=0 | base=0.94 | wall=1.70 | search=901 | target=site(-0.16,0.38)
R3[SEARCH    ]: carry=0 | base=1.40 | wall=1.41 | search=3907 | target=none
R4[DEPART    ]: carry=0 | base=0.30 | wall=2.21 | search=  0 | target=none

[PICKUP] R1 picked up tag (density=9) | Total: 15
TIMEOUT_RESULT pickups=15 deposits=14 steps=18750 elapsed_min=10.000000
BATCH_RESULT pickups=15 deposits=14
