=================================================================
CPFA BASELINE — ARGoS-calibrated parameters
  Params file                  = /home/sara/Documents/RL-FL-Foraging/cpfa_tuning_20260715_155549/trial_035/params.yaml
  Results file                 = /home/sara/Documents/RL-FL-Foraging/controllers/cpfa_baseline/results/cpfa_baseline_results_20260715_173117.txt
  RateOfLayingPheromone        = 10.602592670085428
  RateOfSiteFidelity           = 2.686314470586891
  RateOfPheromoneDecay         = 0.08345304784263471 /s  (lifetime ~83s)
  ProbabilityOfReturningToNest = 0.07336919235829649 (every 5 sec → E[give-up] ~68s)
  UninformedSearchVariation    = 0.98 rad (56.2°)
  RateOfInformedSearchDecay    = 0.9627851751616606 /waypoint
  ProbabilityOfSwitchingToSearching = 0.4305362852633064 (every 5 sec in uninformed DEPARTING)
=================================================================

[PICKUP] R4 picked up tag (density=9) | Total: 1
[DEPOSIT] R4 deposited! Total: 1
  [TARGET] R4 → SITE (0.00, -0.50)
[PICKUP] R4 picked up tag (density=8) | Total: 2

======================================================================
Step 500 (0.3 min) | Pickups: 2 | Deposits: 1 | Rate: 3.75 tags/min | phero_entries=0 max_w=0.000
======================================================================
R1[SEARCH    ]: carry=0 | base=1.23 | wall=1.29 | search=188 | target=none
R2[SEARCH    ]: carry=0 | base=1.31 | wall=1.21 | search=344 | target=none
R3[SEARCH    ]: carry=0 | base=1.83 | wall=1.11 | search=188 | target=none
R4[SURVEY    ]: carry=1 | base=0.42 | wall=2.10 | search=  0 | target=none

[DEPOSIT] R4 deposited! Total: 2
  [PHERO] Laid at (0.10, -0.40) density=8 prob=0.27 entries=1
  [TARGET] R4 → SITE (0.10, -0.40)

======================================================================
Step 1000 (0.5 min) | Pickups: 2 | Deposits: 2 | Rate: 3.75 tags/min | phero_entries=1 max_w=0.610
======================================================================
R1[SEARCH    ]: carry=0 | base=1.12 | wall=1.38 | search=688 | target=none
R2[SEARCH    ]: carry=0 | base=1.24 | wall=1.27 | search=844 | target=none
R3[SEARCH    ]: carry=0 | base=2.09 | wall=1.00 | search=688 | target=none
R4[SITE      ]: carry=0 | base=0.36 | wall=2.19 | search=  0 | target=site(0.10,-0.40)

[PICKUP] R4 picked up tag (density=7) | Total: 3

======================================================================
Step 1500 (0.8 min) | Pickups: 3 | Deposits: 2 | Rate: 2.50 tags/min | phero_entries=1 max_w=0.161
======================================================================
R1[SEARCH    ]: carry=0 | base=1.09 | wall=1.45 | search=1188 | target=none
R2[SEARCH    ]: carry=0 | base=1.32 | wall=1.19 | search=1344 | target=none
R3[SEARCH    ]: carry=0 | base=1.97 | wall=0.77 | search=1188 | target=none
R4[SURVEY    ]: carry=1 | base=0.43 | wall=2.07 | search=  0 | target=none

[DEPOSIT] R4 deposited! Total: 3
  [TARGET] R4 → SITE (0.07, -0.43)

======================================================================
Step 2000 (1.1 min) | Pickups: 3 | Deposits: 3 | Rate: 2.81 tags/min | phero_entries=1 max_w=0.042
======================================================================
R1[SEARCH    ]: carry=0 | base=1.18 | wall=1.33 | search=1688 | target=none
R2[SEARCH    ]: carry=0 | base=1.26 | wall=1.25 | search=1844 | target=none
R3[SEARCH    ]: carry=0 | base=1.70 | wall=0.93 | search=1688 | target=none
R4[SITE      ]: carry=0 | base=0.33 | wall=2.23 | search=  0 | target=site(0.07,-0.43)

[PICKUP] R4 picked up tag (density=6) | Total: 4

======================================================================
Step 2500 (1.3 min) | Pickups: 4 | Deposits: 3 | Rate: 2.25 tags/min | phero_entries=1 max_w=0.011
======================================================================
R1[SEARCH    ]: carry=0 | base=1.06 | wall=1.44 | search=2188 | target=none
R2[GIVE_UP   ]: carry=0 | base=0.47 | wall=2.07 | search=2184 | target=none
R3[SEARCH    ]: carry=0 | base=1.62 | wall=1.07 | search=2188 | target=none
R4[SURVEY    ]: carry=1 | base=0.34 | wall=2.17 | search=  0 | target=none

  [GIVE-UP] R2 returned empty after 2184 searching steps
  [TARGET] R2 → PHERO (0.10, -0.40)
[DEPOSIT] R4 deposited! Total: 4
  [TARGET] R4 → SITE (-0.03, -0.34)

======================================================================
Step 3000 (1.6 min) | Pickups: 4 | Deposits: 4 | Rate: 2.50 tags/min | phero_entries=1 max_w=0.003
======================================================================
R1[SEARCH    ]: carry=0 | base=0.77 | wall=1.74 | search=2688 | target=none
R2[SEARCH    ]: carry=0 | base=0.43 | wall=2.09 | search= 67 | target=phero(0.10,-0.40)
R3[GIVE_UP   ]: carry=0 | base=1.63 | wall=0.99 | search=2652 | target=none
R4[SEARCH    ]: carry=0 | base=0.41 | wall=2.09 | search=109 | target=site(-0.03,-0.34)

  [GIVE-UP] R1 returned empty after 2808 searching steps
  [TARGET] R1 → PHERO (0.10, -0.40)
[PICKUP] R2 picked up tag (density=5) | Total: 5
[PICKUP] R4 picked up tag (density=4) | Total: 6
  [GIVE-UP] R3 returned empty after 2652 searching steps
  [TARGET] R3 → PHERO (0.10, -0.40)

======================================================================
Step 3500 (1.9 min) | Pickups: 6 | Deposits: 4 | Rate: 2.14 tags/min | phero_entries=0 max_w=0.000
======================================================================
R1[PHERO     ]: carry=0 | base=0.30 | wall=2.21 | search=  0 | target=phero(0.10,-0.40)
R2[SURVEY    ]: carry=1 | base=0.44 | wall=2.06 | search=  0 | target=none
R3[BASE_ESC  ]: carry=0 | base=0.23 | wall=2.27 | search=  0 | target=phero(0.10,-0.40)
R4[SURVEY    ]: carry=1 | base=0.37 | wall=2.14 | search=  0 | target=none

[DEPOSIT] R2 deposited! Total: 5
  [TARGET] R2 → SITE (-0.00, -0.44)
[DEPOSIT] R4 deposited! Total: 6
  [TARGET] R4 → SITE (-0.09, -0.35)
[PICKUP] R1 picked up tag (density=3) | Total: 7
[PICKUP] R2 picked up tag (density=2) | Total: 8

======================================================================
Step 4000 (2.1 min) | Pickups: 8 | Deposits: 6 | Rate: 2.81 tags/min | phero_entries=0 max_w=0.000
======================================================================
R1[SURVEY    ]: carry=1 | base=0.44 | wall=2.07 | search=  0 | target=none
R2[SURVEY    ]: carry=1 | base=0.49 | wall=2.02 | search=  0 | target=none
R3[BASE_ESC  ]: carry=0 | base=0.25 | wall=2.25 | search=  0 | target=phero(0.10,-0.40)
R4[SEARCH    ]: carry=0 | base=0.38 | wall=2.13 | search= 28 | target=site(-0.09,-0.35)

[DEPOSIT] R1 deposited! Total: 7
  [TARGET] R1 → WALL (-1.96, 2.42)

======================================================================
Step 4500 (2.4 min) | Pickups: 8 | Deposits: 7 | Rate: 2.92 tags/min | phero_entries=0 max_w=0.000
======================================================================
R1[DEPART    ]: carry=0 | base=0.28 | wall=2.22 | search=  0 | target=none
R2[RTB       ]: carry=1 | base=0.40 | wall=2.10 | search=  0 | target=none
R3[SEARCH    ]: carry=0 | base=0.34 | wall=2.17 | search=296 | target=phero(0.10,-0.40)
R4[SEARCH    ]: carry=0 | base=0.50 | wall=2.14 | search=528 | target=site(-0.09,-0.35)

[DEPOSIT] R2 deposited! Total: 8
  [TARGET] R2 → SITE (-0.03, -0.49)
[PICKUP] R1 picked up tag (density=6) | Total: 9
[PICKUP] R3 picked up tag (density=1) | Total: 10
[DEPOSIT] R1 deposited! Total: 9
  [TARGET] R1 → SITE (-0.45, 0.14)

======================================================================
Step 5000 (2.7 min) | Pickups: 10 | Deposits: 9 | Rate: 3.38 tags/min | phero_entries=0 max_w=0.000
======================================================================
R1[BASE_ESC  ]: carry=0 | base=0.24 | wall=2.27 | search=  0 | target=site(-0.45,0.14)
R2[SEARCH    ]: carry=0 | base=0.64 | wall=1.89 | search=234 | target=site(-0.03,-0.49)
R3[SURVEY    ]: carry=1 | base=0.50 | wall=2.02 | search=  0 | target=none
R4[BASE_ESC  ]: carry=0 | base=0.24 | wall=2.29 | search=1028 | target=site(-0.09,-0.35)

[PICKUP] R1 picked up tag (density=5) | Total: 11
[DEPOSIT] R3 deposited! Total: 10
  [TARGET] R3 → SITE (-0.14, -0.48)
[DEPOSIT] R1 deposited! Total: 11
  [TARGET] R1 → SITE (-0.27, 0.18)

======================================================================
Step 5500 (2.9 min) | Pickups: 11 | Deposits: 11 | Rate: 3.75 tags/min | phero_entries=0 max_w=0.000
======================================================================
R1[BASE_ESC  ]: carry=0 | base=0.23 | wall=2.33 | search=  0 | target=site(-0.27,0.18)
R2[SEARCH    ]: carry=0 | base=0.81 | wall=1.74 | search=734 | target=site(-0.03,-0.49)
R3[SEARCH    ]: carry=0 | base=0.55 | wall=1.97 | search=133 | target=site(-0.14,-0.48)
R4[SEARCH    ]: carry=0 | base=0.30 | wall=2.22 | search=1528 | target=site(-0.09,-0.35)


======================================================================
Step 6000 (3.2 min) | Pickups: 11 | Deposits: 11 | Rate: 3.44 tags/min | phero_entries=0 max_w=0.000
======================================================================
R1[SEARCH    ]: carry=0 | base=0.46 | wall=2.05 | search=400 | target=site(-0.27,0.18)
R2[SEARCH    ]: carry=0 | base=0.72 | wall=1.79 | search=1234 | target=site(-0.03,-0.49)
R3[SEARCH    ]: carry=0 | base=0.58 | wall=1.96 | search=633 | target=site(-0.14,-0.48)
R4[SEARCH    ]: carry=0 | base=0.42 | wall=2.12 | search=2028 | target=site(-0.09,-0.35)

  [GIVE-UP] R3 returned empty after 936 searching steps
  [TARGET] R3 → WALL (-1.23, 2.42)

======================================================================
Step 6500 (3.5 min) | Pickups: 11 | Deposits: 11 | Rate: 3.17 tags/min | phero_entries=0 max_w=0.000
======================================================================
R1[SEARCH    ]: carry=0 | base=0.66 | wall=1.84 | search=900 | target=site(-0.27,0.18)
R2[GIVE_UP   ]: carry=0 | base=0.35 | wall=2.18 | search=1716 | target=none
R3[BASE_ESC  ]: carry=0 | base=0.25 | wall=2.25 | search=  0 | target=none
R4[SEARCH    ]: carry=0 | base=0.42 | wall=2.13 | search=2528 | target=site(-0.09,-0.35)

  [GIVE-UP] R2 returned empty after 1716 searching steps
  [TARGET] R2 → WALL (-2.42, 0.56)
  [GIVE-UP] R1 returned empty after 936 searching steps
  [TARGET] R1 → WALL (-2.42, 1.58)
[PICKUP] R3 picked up tag (density=4) | Total: 12

======================================================================
Step 7000 (3.7 min) | Pickups: 12 | Deposits: 11 | Rate: 2.95 tags/min | phero_entries=0 max_w=0.000
======================================================================
R1[SEARCH    ]: carry=0 | base=0.55 | wall=1.97 | search= 80 | target=none
R2[DEPART    ]: carry=0 | base=0.25 | wall=2.25 | search=  0 | target=none
R3[SURVEY    ]: carry=1 | base=0.46 | wall=2.09 | search=  0 | target=none
R4[SEARCH    ]: carry=0 | base=0.65 | wall=1.96 | search=3028 | target=site(-0.09,-0.35)

[DEPOSIT] R3 deposited! Total: 12
  [TARGET] R3 → SITE (-0.40, 0.22)
  [GIVE-UP] R4 returned empty after 3120 searching steps
  [TARGET] R4 → WALL (2.42, 1.14)
[PICKUP] R2 picked up tag (density=3) | Total: 13
[PICKUP] R3 picked up tag (density=3) | Total: 14

======================================================================
Step 7500 (4.0 min) | Pickups: 14 | Deposits: 12 | Rate: 3.00 tags/min | phero_entries=0 max_w=0.000
======================================================================
R1[SEARCH    ]: carry=0 | base=0.67 | wall=1.92 | search=580 | target=none
R2[SURVEY    ]: carry=1 | base=0.44 | wall=2.19 | search=  0 | target=none
R3[SURVEY    ]: carry=1 | base=0.43 | wall=2.15 | search=  0 | target=none
R4[DEPART    ]: carry=0 | base=0.27 | wall=2.23 | search=  0 | target=none

[PICKUP] R1 picked up tag (density=1) | Total: 15
[DEPOSIT] R2 deposited! Total: 13
  [TARGET] R2 → WALL (0.91, 2.42)
[DEPOSIT] R3 deposited! Total: 14
  [TARGET] R3 → SITE (-0.35, 0.25)

======================================================================
Step 8000 (4.3 min) | Pickups: 15 | Deposits: 14 | Rate: 3.28 tags/min | phero_entries=0 max_w=0.000
======================================================================
R1[SURVEY    ]: carry=1 | base=0.70 | wall=1.92 | search=  0 | target=none
R2[DEPART    ]: carry=0 | base=1.22 | wall=1.32 | search=  0 | target=none
R3[SEARCH    ]: carry=0 | base=0.32 | wall=2.24 | search=165 | target=site(-0.35,0.25)
R4[SEARCH    ]: carry=0 | base=0.44 | wall=2.12 | search=482 | target=none

[DEPOSIT] R1 deposited! Total: 15
  [TARGET] R1 → SITE (-0.39, 0.58)

======================================================================
Step 8500 (4.5 min) | Pickups: 15 | Deposits: 15 | Rate: 3.31 tags/min | phero_entries=0 max_w=0.000
======================================================================
R1[SEARCH    ]: carry=0 | base=0.70 | wall=1.92 | search= 18 | target=site(-0.39,0.58)
R2[SEARCH    ]: carry=0 | base=1.88 | wall=0.87 | search=304 | target=none
R3[GIVE_UP   ]: carry=0 | base=0.62 | wall=1.98 | search=624 | target=none
R4[SEARCH    ]: carry=0 | base=0.49 | wall=2.01 | search=982 | target=none

  [GIVE-UP] R3 returned empty after 624 searching steps
  [TARGET] R3 → WALL (2.20, 2.42)

======================================================================
Step 9000 (4.8 min) | Pickups: 15 | Deposits: 15 | Rate: 3.12 tags/min | phero_entries=0 max_w=0.000
======================================================================
R1[SEARCH    ]: carry=0 | base=0.60 | wall=1.90 | search=518 | target=site(-0.39,0.58)
R2[SEARCH    ]: carry=0 | base=2.12 | wall=0.58 | search=804 | target=none
R3[DEPART    ]: carry=0 | base=0.53 | wall=1.98 | search=  0 | target=none
R4[SEARCH    ]: carry=0 | base=0.63 | wall=1.93 | search=1482 | target=none


======================================================================
Step 9500 (5.1 min) | Pickups: 15 | Deposits: 15 | Rate: 2.96 tags/min | phero_entries=0 max_w=0.000
======================================================================
R1[SEARCH    ]: carry=0 | base=0.96 | wall=1.57 | search=1018 | target=site(-0.39,0.58)
R2[SEARCH    ]: carry=0 | base=1.68 | wall=0.92 | search=1304 | target=none
R3[SEARCH    ]: carry=0 | base=0.90 | wall=1.69 | search=440 | target=none
R4[SEARCH    ]: carry=0 | base=0.50 | wall=2.10 | search=1982 | target=none


======================================================================
Step 10000 (5.3 min) | Pickups: 15 | Deposits: 15 | Rate: 2.81 tags/min | phero_entries=0 max_w=0.000
======================================================================
R1[SEARCH    ]: carry=0 | base=1.46 | wall=1.10 | search=1518 | target=site(-0.39,0.58)
R2[SEARCH    ]: carry=0 | base=1.83 | wall=0.79 | search=1804 | target=none
R3[SEARCH    ]: carry=0 | base=0.82 | wall=1.69 | search=940 | target=none
R4[SEARCH    ]: carry=0 | base=0.46 | wall=2.04 | search=2482 | target=none


======================================================================
Step 10500 (5.6 min) | Pickups: 15 | Deposits: 15 | Rate: 2.68 tags/min | phero_entries=0 max_w=0.000
======================================================================
R1[SEARCH    ]: carry=0 | base=1.51 | wall=1.01 | search=2018 | target=site(-0.39,0.58)
R2[SEARCH    ]: carry=0 | base=1.92 | wall=0.69 | search=2304 | target=none
R3[SEARCH    ]: carry=0 | base=1.00 | wall=1.55 | search=1440 | target=none
R4[SEARCH    ]: carry=0 | base=0.94 | wall=1.59 | search=2982 | target=none


======================================================================
Step 11000 (5.9 min) | Pickups: 15 | Deposits: 15 | Rate: 2.56 tags/min | phero_entries=0 max_w=0.000
======================================================================
R1[GIVE_UP   ]: carry=0 | base=1.49 | wall=1.02 | search=2340 | target=none
R2[SEARCH    ]: carry=0 | base=1.73 | wall=0.83 | search=2804 | target=none
R3[SEARCH    ]: carry=0 | base=1.19 | wall=1.38 | search=1940 | target=none
R4[SEARCH    ]: carry=0 | base=1.38 | wall=1.17 | search=3482 | target=none

[PICKUP] R3 picked up tag (density=12) | Total: 16
  [GIVE-UP] R1 returned empty after 2340 searching steps
  [TARGET] R1 → WALL (2.42, 1.12)
[DEPOSIT] R3 deposited! Total: 16
  [PHERO] Laid at (-0.42, 1.12) density=12 prob=0.73 entries=1
  [TARGET] R3 → SITE (-0.42, 1.12)

======================================================================
Step 11500 (6.1 min) | Pickups: 16 | Deposits: 16 | Rate: 2.61 tags/min | phero_entries=1 max_w=0.887
======================================================================
R1[DEPART    ]: carry=0 | base=0.27 | wall=2.24 | search=  0 | target=none
R2[GIVE_UP   ]: carry=0 | base=1.29 | wall=1.38 | search=3120 | target=none
R3[BASE_ESC  ]: carry=0 | base=0.22 | wall=2.29 | search=  0 | target=site(-0.42,1.12)
R4[SEARCH    ]: carry=0 | base=1.49 | wall=1.06 | search=3982 | target=none

  [GIVE-UP] R2 returned empty after 3120 searching steps
  [TARGET] R2 → PHERO (-0.42, 1.12)
[PICKUP] R3 picked up tag (density=11) | Total: 17

======================================================================
Step 12000 (6.4 min) | Pickups: 17 | Deposits: 16 | Rate: 2.50 tags/min | phero_entries=1 max_w=0.233
======================================================================
R1[SEARCH    ]: carry=0 | base=0.25 | wall=2.29 | search=380 | target=none
R2[PHERO     ]: carry=0 | base=0.36 | wall=2.14 | search=  0 | target=phero(-0.42,1.12)
R3[SURVEY    ]: carry=1 | base=1.15 | wall=1.39 | search=  0 | target=none
R4[SEARCH    ]: carry=0 | base=1.54 | wall=1.04 | search=4482 | target=none

[DEPOSIT] R3 deposited! Total: 17
  [TARGET] R3 → SITE (-0.33, 1.11)

======================================================================
Step 12500 (6.7 min) | Pickups: 17 | Deposits: 17 | Rate: 2.55 tags/min | phero_entries=1 max_w=0.061
======================================================================
R1[BASE_ESC  ]: carry=0 | base=0.23 | wall=2.28 | search=880 | target=none
R2[SEARCH    ]: carry=0 | base=1.12 | wall=1.45 | search=280 | target=phero(-0.42,1.12)
R3[SITE      ]: carry=0 | base=0.26 | wall=2.24 | search=  0 | target=site(-0.33,1.11)
R4[SEARCH    ]: carry=0 | base=1.60 | wall=1.00 | search=4982 | target=none


======================================================================
Step 13000 (6.9 min) | Pickups: 17 | Deposits: 17 | Rate: 2.45 tags/min | phero_entries=1 max_w=0.016
======================================================================
R1[SEARCH    ]: carry=0 | base=0.25 | wall=2.25 | search=1380 | target=none
R2[SEARCH    ]: carry=0 | base=0.88 | wall=1.62 | search=780 | target=phero(-0.42,1.12)
R3[SEARCH    ]: carry=0 | base=1.02 | wall=1.62 | search=265 | target=site(-0.33,1.11)
R4[SEARCH    ]: carry=0 | base=1.59 | wall=1.07 | search=5482 | target=none


======================================================================
Step 13500 (7.2 min) | Pickups: 17 | Deposits: 17 | Rate: 2.36 tags/min | phero_entries=1 max_w=0.004
======================================================================
R1[SEARCH    ]: carry=0 | base=0.29 | wall=2.28 | search=1880 | target=none
R2[SEARCH    ]: carry=0 | base=0.86 | wall=1.64 | search=1280 | target=phero(-0.42,1.12)
R3[SEARCH    ]: carry=0 | base=1.55 | wall=1.17 | search=765 | target=site(-0.33,1.11)
R4[SEARCH    ]: carry=0 | base=2.05 | wall=0.68 | search=5982 | target=none

[PICKUP] R2 picked up tag (density=10) | Total: 18

======================================================================
Step 14000 (7.5 min) | Pickups: 18 | Deposits: 17 | Rate: 2.28 tags/min | phero_entries=1 max_w=0.001
======================================================================
R1[SEARCH    ]: carry=0 | base=0.37 | wall=2.14 | search=2380 | target=none
R2[SURVEY    ]: carry=1 | base=1.06 | wall=1.44 | search=  0 | target=none
R3[SEARCH    ]: carry=0 | base=1.64 | wall=1.01 | search=1265 | target=site(-0.33,1.11)
R4[GIVE_UP   ]: carry=0 | base=1.09 | wall=1.50 | search=6084 | target=none

  [GIVE-UP] R4 returned empty after 6084 searching steps
  [TARGET] R4 → WALL (2.42, 0.21)
[DEPOSIT] R2 deposited! Total: 18
  [TARGET] R2 → SITE (-0.04, 1.06)

======================================================================
Step 14500 (7.7 min) | Pickups: 18 | Deposits: 18 | Rate: 2.33 tags/min | phero_entries=0 max_w=0.000
======================================================================
R1[SEARCH    ]: carry=0 | base=0.58 | wall=1.92 | search=2880 | target=none
R2[SITE      ]: carry=0 | base=0.26 | wall=2.26 | search=  0 | target=site(-0.04,1.06)
R3[SEARCH    ]: carry=0 | base=2.14 | wall=0.60 | search=1765 | target=site(-0.33,1.11)
R4[SEARCH    ]: carry=0 | base=0.71 | wall=1.80 | search= 15 | target=none

  [GIVE-UP] R1 returned empty after 2964 searching steps
  [TARGET] R1 → WALL (-2.42, -0.25)

======================================================================
Step 15000 (8.0 min) | Pickups: 18 | Deposits: 18 | Rate: 2.25 tags/min | phero_entries=0 max_w=0.000
======================================================================
R1[SEARCH    ]: carry=0 | base=0.29 | wall=2.22 | search= 27 | target=none
R2[SEARCH    ]: carry=0 | base=0.85 | wall=1.68 | search=253 | target=site(-0.04,1.06)
R3[WALL_ESC  ]: carry=0 | base=2.18 | wall=0.35 | search=2265 | target=site(-0.33,1.11)
R4[SEARCH    ]: carry=0 | base=1.15 | wall=1.50 | search=515 | target=none

  [GIVE-UP] R2 returned empty after 468 searching steps
  [TARGET] R2 → WALL (-1.60, -2.42)
  [GIVE-UP] R1 returned empty after 312 searching steps
  [TARGET] R1 → WALL (1.29, 2.42)

======================================================================
Step 15500 (8.3 min) | Pickups: 18 | Deposits: 18 | Rate: 2.18 tags/min | phero_entries=0 max_w=0.000
======================================================================
R1[BASE_ESC  ]: carry=0 | base=0.23 | wall=2.32 | search=  0 | target=none
R2[BASE_ESC  ]: carry=0 | base=0.22 | wall=2.28 | search=  0 | target=none
R3[WALL_ESC  ]: carry=0 | base=2.19 | wall=0.34 | search=2765 | target=site(-0.33,1.11)
R4[SEARCH    ]: carry=0 | base=1.63 | wall=0.98 | search=1015 | target=none

  [GIVE-UP] R4 returned empty after 1092 searching steps
  [TARGET] R4 → WALL (-2.42, -1.96)

======================================================================
Step 16000 (8.5 min) | Pickups: 18 | Deposits: 18 | Rate: 2.11 tags/min | phero_entries=0 max_w=0.000
======================================================================
R1[SEARCH    ]: carry=0 | base=0.35 | wall=2.15 | search=263 | target=none
R2[DEPART    ]: carry=0 | base=1.26 | wall=1.54 | search=  0 | target=none
R3[WALL_ESC  ]: carry=0 | base=2.20 | wall=0.33 | search=3265 | target=site(-0.33,1.11)
R4[BASE_ESC  ]: carry=0 | base=0.22 | wall=2.33 | search=  0 | target=none

[PICKUP] R2 picked up tag (density=16) | Total: 19

======================================================================
Step 16500 (8.8 min) | Pickups: 19 | Deposits: 18 | Rate: 2.05 tags/min | phero_entries=0 max_w=0.000
======================================================================
R1[SEARCH    ]: carry=0 | base=0.86 | wall=1.77 | search=763 | target=none
R2[RTB       ]: carry=1 | base=1.64 | wall=1.14 | search=  0 | target=none
R3[WALL_ESC  ]: carry=0 | base=2.20 | wall=0.33 | search=3765 | target=site(-0.33,1.11)
R4[SEARCH    ]: carry=0 | base=1.14 | wall=1.56 | search=138 | target=none

[DEPOSIT] R2 deposited! Total: 19
  [PHERO] Laid at (-1.14, -1.57) density=16 prob=0.96 entries=1
  [TARGET] R2 → SITE (-1.14, -1.57)

======================================================================
Step 17000 (9.1 min) | Pickups: 19 | Deposits: 19 | Rate: 2.10 tags/min | phero_entries=1 max_w=0.703
======================================================================
R1[SEARCH    ]: carry=0 | base=0.47 | wall=2.04 | search=1263 | target=none
R2[SITE      ]: carry=0 | base=0.29 | wall=2.28 | search=  0 | target=site(-1.14,-1.57)
R3[WALL_ESC  ]: carry=0 | base=2.20 | wall=0.34 | search=4265 | target=site(-0.33,1.11)
R4[SEARCH    ]: carry=0 | base=1.33 | wall=1.40 | search=638 | target=none


======================================================================
Step 17500 (9.3 min) | Pickups: 19 | Deposits: 19 | Rate: 2.04 tags/min | phero_entries=1 max_w=0.185
======================================================================
R1[GIVE_UP   ]: carry=0 | base=0.35 | wall=2.15 | search=1716 | target=none
R2[SEARCH    ]: carry=0 | base=1.93 | wall=0.93 | search= 47 | target=site(-1.14,-1.57)
R3[WALL_ESC  ]: carry=0 | base=2.19 | wall=0.34 | search=4765 | target=site(-0.33,1.11)
R4[SEARCH    ]: carry=0 | base=1.50 | wall=1.22 | search=1138 | target=none

  [GIVE-UP] R1 returned empty after 1716 searching steps
  [TARGET] R1 → PHERO (-1.14, -1.57)
[PICKUP] R2 picked up tag (density=15) | Total: 20

======================================================================
Step 18000 (9.6 min) | Pickups: 20 | Deposits: 19 | Rate: 1.98 tags/min | phero_entries=1 max_w=0.049
======================================================================
R1[PHERO     ]: carry=0 | base=1.54 | wall=1.28 | search=  0 | target=phero(-1.14,-1.57)
R2[RTB       ]: carry=1 | base=1.85 | wall=0.99 | search=  0 | target=none
R3[GIVE_UP   ]: carry=0 | base=1.20 | wall=1.30 | search=4992 | target=none
R4[SEARCH    ]: carry=0 | base=1.33 | wall=1.35 | search=1638 | target=none

  [GIVE-UP] R3 returned empty after 4992 searching steps
  [TARGET] R3 → PHERO (-1.14, -1.57)
[PICKUP] R1 picked up tag (density=14) | Total: 21
[DEPOSIT] R2 deposited! Total: 20
  [PHERO] Laid at (-1.14, -1.53) density=15 prob=0.93 entries=2
  [TARGET] R2 → SITE (-1.14, -1.53)

======================================================================
Step 18500 (9.9 min) | Pickups: 21 | Deposits: 20 | Rate: 2.03 tags/min | phero_entries=2 max_w=0.818
======================================================================
R1[SURVEY    ]: carry=1 | base=1.83 | wall=1.07 | search=  0 | target=none
R2[BASE_ESC  ]: carry=0 | base=0.22 | wall=2.34 | search=  0 | target=site(-1.14,-1.53)
R3[PHERO     ]: carry=0 | base=0.70 | wall=1.97 | search=  0 | target=phero(-1.14,-1.57)
R4[SEARCH    ]: carry=0 | base=1.42 | wall=1.49 | search=2138 | target=none

TIMEOUT_RESULT pickups=21 deposits=20 steps=18750 elapsed_min=10.000000
BATCH_RESULT pickups=21 deposits=20
