Gym has been unmaintained since 2022 and does not support NumPy 2.0 amongst other critical functionality.
Please upgrade to Gymnasium, the maintained drop-in replacement of Gym, or contact the authors of your software and request that they upgrade.
Users of this version of Gym should be able to simply replace 'import gym' with 'import gymnasium as gym' in the vast majority of cases.
See the migration guide at https://gymnasium.farama.org/introduction/migration_guide/ for additional information.
============================================================
EVALUATION MODE — CPFA-RL Trained Model
Obs space: 18 per robot × 4 robots = 72 total
============================================================

Loading model: ppo_cpfa_v9
Model loaded. Starting evaluation...

============================================================

[PICKUP] Robot 1 picked up tag (density=9) | Total: 1
[PICKUP] Robot 3 picked up tag (density=6) | Total: 2
[DEPOSIT] Robot 1 deposited! Total: 1
  [PHERO] Laid at (-0.50, 0.00) density=9 prob=1.00 total_entries=1
  [TARGET] Robot 1 → SITE (-0.50,0.00)
[DEPOSIT] Robot 3 deposited! Total: 2
  [PHERO] Laid at (0.04, 0.50) density=6 prob=0.97 total_entries=2
  [TARGET] Robot 3 → SITE (0.04,0.50)
[PICKUP] Robot 1 picked up tag (density=8) | Total: 3
[PICKUP] Robot 3 picked up tag (density=5) | Total: 4
[DEPOSIT] Robot 1 deposited! Total: 3
  [PHERO] Laid at (-0.32, -0.09) density=8 prob=1.00 total_entries=3
  [TARGET] Robot 1 → SITE (-0.32,-0.09)
[DEPOSIT] Robot 3 deposited! Total: 4
  [PHERO] Laid at (0.10, 0.30) density=5 prob=0.92 total_entries=4
  [TARGET] Robot 3 → SITE (0.10,0.30)

======================================================================
Step 500 (0.3 min) | Pickups: 4 | Deposits: 4 | Rate: 15.00 tags/min | phero_entries=4 phero_max=0.876
======================================================================
R1[SITE      ]: L=+0.39 R=+1.00 | carry=0 | base=0.08 ba=+0.78 | site=1 sd=0.05 sa=+0.25 | phero=0 pd=0.00 pa=+0.00 | srch=0.03 | wall=2.24
R2[WALL_ESC  ]: L=+0.00 R=+1.00 | carry=0 | base=0.62 ba=+0.45 | site=0 sd=0.00 sa=+0.00 | phero=0 pd=0.00 pa=+0.00 | srch=0.12 | wall=0.32
R3[BASE_ESC  ]: L=+1.00 R=+0.32 | carry=0 | base=0.07 ba=+0.82 | site=1 sd=0.05 sa=-0.62 | phero=0 pd=0.00 pa=+0.00 | srch=0.02 | wall=2.26
R4[EXPLORE   ]: L=+1.00 R=+1.00 | carry=0 | base=0.36 ba=-0.59 | site=0 sd=0.00 sa=+0.00 | phero=0 pd=0.00 pa=+0.00 | srch=0.12 | wall=1.24

[PICKUP] Robot 4 picked up tag (density=12) | Total: 5
[PICKUP] Robot 1 picked up tag (density=7) | Total: 6
[DEPOSIT] Robot 1 deposited! Total: 5
  [PHERO] Laid at (-0.32, 0.03) density=7 prob=0.99 total_entries=5
  [TARGET] Robot 1 → SITE (-0.32,0.03)
[PICKUP] Robot 2 picked up tag (density=12) | Total: 7
[DEPOSIT] Robot 4 deposited! Total: 6
  [PHERO] Laid at (-0.26, -1.27) density=12 prob=1.00 total_entries=6
  [TARGET] Robot 4 → SITE (-0.26,-1.27)

======================================================================
Step 1000 (0.5 min) | Pickups: 7 | Deposits: 6 | Rate: 11.25 tags/min | phero_entries=6 phero_max=0.793
======================================================================
R1[EXPLORE   ]: L=+1.00 R=+1.00 | carry=0 | base=0.25 ba=-0.90 | site=0 sd=0.00 sa=+0.00 | phero=0 pd=0.00 pa=+0.00 | srch=0.09 | wall=1.80
R2[RTB       ]: L=+1.00 R=+1.00 | carry=1 | base=0.16 ba=+0.00 | site=0 sd=0.00 sa=+0.00 | phero=0 pd=0.00 pa=+0.00 | srch=0.00 | wall=1.97
R3[SITE      ]: L=+0.21 R=+0.20 | carry=0 | base=0.08 ba=-0.61 | site=1 sd=0.03 sa=-0.03 | phero=0 pd=0.00 pa=+0.00 | srch=0.15 | wall=2.22
R4[SITE      ]: L=+1.00 R=+1.00 | carry=0 | base=0.11 ba=-0.91 | site=1 sd=0.28 sa=+0.29 | phero=0 pd=0.00 pa=+0.00 | srch=0.04 | wall=2.21

[DEPOSIT] Robot 2 deposited! Total: 7
  [PHERO] Laid at (1.29, 0.34) density=12 prob=1.00 total_entries=7
  [TARGET] Robot 2 → SITE (1.29,0.34)
[PICKUP] Robot 3 picked up tag (density=4) | Total: 8
[DEPOSIT] Robot 3 deposited! Total: 8
  [PHERO] Laid at (0.16, 0.32) density=4 prob=0.82 total_entries=8
  [TARGET] Robot 3 → SITE (0.16,0.32)
[PICKUP] Robot 4 picked up tag (density=11) | Total: 9
[PICKUP] Robot 2 picked up tag (density=11) | Total: 10

======================================================================
Step 1500 (0.8 min) | Pickups: 10 | Deposits: 8 | Rate: 10.00 tags/min | phero_entries=8 phero_max=0.628
======================================================================
R1[WALL_ESC  ]: L=+0.00 R=+1.00 | carry=0 | base=0.76 ba=+0.68 | site=0 sd=0.00 sa=+0.00 | phero=0 pd=0.00 pa=+0.00 | srch=0.22 | wall=0.32
R2[RTB       ]: L=+1.00 R=+0.21 | carry=1 | base=0.29 ba=-0.32 | site=0 sd=0.00 sa=+0.00 | phero=0 pd=0.00 pa=+0.00 | srch=0.00 | wall=1.56
R3[EXPLORE   ]: L=+0.68 R=+1.00 | carry=0 | base=0.11 ba=+0.61 | site=0 sd=0.00 sa=+0.00 | phero=0 pd=0.00 pa=+0.00 | srch=0.07 | wall=2.10
R4[RTB       ]: L=+1.00 R=+1.00 | carry=1 | base=0.10 ba=+0.00 | site=0 sd=0.00 sa=+0.00 | phero=0 pd=0.00 pa=+0.00 | srch=0.00 | wall=2.14

[DEPOSIT] Robot 4 deposited! Total: 9
  [PHERO] Laid at (-0.39, -0.96) density=11 prob=1.00 total_entries=9
  [TARGET] Robot 4 → SITE (-0.39,-0.96)
[GIVE-UP] R3 giving up after 473 steps
[DEPOSIT] Robot 2 deposited! Total: 10
  [PHERO] Laid at (0.90, 0.47) density=11 prob=1.00 total_entries=10
  [TARGET] Robot 2 → SITE (0.90,0.47)
[PICKUP] Robot 1 picked up tag (density=16) | Total: 11
[EMPTY_RTN] R3 → phero(0.90,0.47)
[PICKUP] Robot 4 picked up tag (density=10) | Total: 12

======================================================================
Step 2000 (1.1 min) | Pickups: 12 | Deposits: 10 | Rate: 9.38 tags/min | phero_entries=10 phero_max=0.654
======================================================================
R1[RTB       ]: L=+1.00 R=+1.00 | carry=1 | base=0.31 ba=+0.00 | site=0 sd=0.00 sa=+0.00 | phero=0 pd=0.00 pa=+0.00 | srch=0.00 | wall=1.57
R2[SITE      ]: L=-0.57 R=-0.95 | carry=0 | base=0.18 ba=-0.93 | site=1 sd=0.11 sa=-0.03 | phero=0 pd=0.00 pa=+0.00 | srch=0.07 | wall=1.96
R3[PHERO     ]: L=+1.00 R=+0.52 | carry=0 | base=0.07 ba=+0.89 | site=0 sd=0.00 sa=+0.00 | phero=1 pd=0.35 pa=-0.97 | srch=0.03 | wall=2.25
R4[RTB       ]: L=+1.00 R=+0.44 | carry=1 | base=0.31 ba=-0.23 | site=0 sd=0.00 sa=+0.00 | phero=0 pd=0.00 pa=+0.00 | srch=0.00 | wall=1.52

[DEPOSIT] Robot 1 deposited! Total: 11
  [PHERO] Laid at (-1.76, 1.11) density=16 prob=1.00 total_entries=11
  [TARGET] Robot 1 → SITE (-1.76,1.11)
[DEPOSIT] Robot 4 deposited! Total: 12
  [PHERO] Laid at (-0.39, -1.00) density=10 prob=1.00 total_entries=12
  [TARGET] Robot 4 → SITE (-0.39,-1.00)
[PICKUP] Robot 2 picked up tag (density=10) | Total: 13

======================================================================
Step 2500 (1.3 min) | Pickups: 13 | Deposits: 12 | Rate: 9.00 tags/min | phero_entries=12 phero_max=0.651
======================================================================
R1[SITE      ]: L=+1.00 R=+1.00 | carry=0 | base=0.16 ba=+0.99 | site=1 sd=0.43 sa=+0.06 | phero=0 pd=0.00 pa=+0.00 | srch=0.07 | wall=2.08
R2[RTB       ]: L=+1.00 R=+0.00 | carry=1 | base=0.30 ba=-0.67 | site=0 sd=0.00 sa=+0.00 | phero=0 pd=0.00 pa=+0.00 | srch=0.00 | wall=1.55
R3[PHERO     ]: L=+1.00 R=-1.00 | carry=0 | base=0.07 ba=-0.63 | site=0 sd=0.00 sa=+0.00 | phero=1 pd=0.33 pa=-0.35 | srch=0.15 | wall=2.29
R4[SITE      ]: L=+1.00 R=+1.00 | carry=0 | base=0.23 ba=+0.90 | site=1 sd=0.09 sa=+0.15 | phero=0 pd=0.00 pa=+0.00 | srch=0.07 | wall=1.83

[PICKUP] Robot 4 picked up tag (density=9) | Total: 14
[DEPOSIT] Robot 2 deposited! Total: 13
  [PHERO] Laid at (0.94, 0.48) density=10 prob=1.00 total_entries=13
  [TARGET] Robot 2 → SITE (0.94,0.48)
[DEPOSIT] Robot 4 deposited! Total: 14
  [PHERO] Laid at (-0.53, -0.97) density=9 prob=1.00 total_entries=14
  [TARGET] Robot 4 → SITE (-0.53,-0.97)
[PICKUP] Robot 1 picked up tag (density=15) | Total: 15

======================================================================
Step 3000 (1.6 min) | Pickups: 15 | Deposits: 14 | Rate: 8.75 tags/min | phero_entries=14 phero_max=0.866
======================================================================
R1[RTB       ]: L=+0.16 R=+1.00 | carry=1 | base=0.58 ba=+0.33 | site=0 sd=0.00 sa=+0.00 | phero=0 pd=0.00 pa=+0.00 | srch=0.00 | wall=0.74
R2[SITE      ]: L=+1.00 R=+1.00 | carry=0 | base=0.14 ba=+0.89 | site=1 sd=0.15 sa=-0.08 | phero=0 pd=0.00 pa=+0.00 | srch=0.05 | wall=2.04
R3[BASE_ESC  ]: L=+0.00 R=+1.00 | carry=0 | base=0.07 ba=-0.23 | site=0 sd=0.00 sa=+0.00 | phero=1 pd=0.33 pa=+0.02 | srch=0.28 | wall=2.29
R4[BASE_ESC  ]: L=+1.00 R=+0.06 | carry=0 | base=0.06 ba=+0.76 | site=1 sd=0.25 sa=-0.35 | phero=0 pd=0.00 pa=+0.00 | srch=0.02 | wall=2.28

[PICKUP] Robot 4 picked up tag (density=8) | Total: 16
[PICKUP] Robot 2 picked up tag (density=9) | Total: 17
[DEPOSIT] Robot 1 deposited! Total: 15
  [PHERO] Laid at (-1.76, 1.06) density=15 prob=1.00 total_entries=15
  [TARGET] Robot 1 → SITE (-1.76,1.06)

======================================================================
Step 3500 (1.9 min) | Pickups: 17 | Deposits: 15 | Rate: 8.04 tags/min | phero_entries=15 phero_max=0.990
======================================================================
R1[BASE_ESC  ]: L=+1.00 R=+0.00 | carry=0 | base=0.07 ba=+0.11 | site=1 sd=0.51 sa=-0.90 | phero=0 pd=0.00 pa=+0.00 | srch=0.00 | wall=2.29
R2[RTB       ]: L=+1.00 R=+0.00 | carry=1 | base=0.32 ba=-0.53 | site=0 sd=0.00 sa=+0.00 | phero=0 pd=0.00 pa=+0.00 | srch=0.00 | wall=1.48
R3[PHERO     ]: L=+0.10 R=+0.40 | carry=0 | base=0.07 ba=-0.51 | site=0 sd=0.00 sa=+0.00 | phero=1 pd=0.29 pa=-0.06 | srch=0.40 | wall=2.26
R4[RTB       ]: L=+1.00 R=+0.03 | carry=1 | base=0.33 ba=-0.39 | site=0 sd=0.00 sa=+0.00 | phero=0 pd=0.00 pa=+0.00 | srch=0.00 | wall=1.51

[PICKUP] Robot 1 picked up tag (density=6) | Total: 18
[DEPOSIT] Robot 4 deposited! Total: 16
  [PHERO] Laid at (-0.56, -0.99) density=8 prob=1.00 total_entries=16
  [TARGET] Robot 4 → SITE (-0.56,-0.99)
[DEPOSIT] Robot 2 deposited! Total: 17
  [PHERO] Laid at (0.98, 0.50) density=9 prob=1.00 total_entries=17
  [TARGET] Robot 2 → SITE (0.98,0.50)
[DEPOSIT] Robot 1 deposited! Total: 18
  [PHERO] Laid at (-0.40, 0.05) density=6 prob=0.97 total_entries=18
  [TARGET] Robot 1 → SITE (-0.40,0.05)
[PICKUP] Robot 4 picked up tag (density=5) | Total: 19

======================================================================
Step 4000 (2.1 min) | Pickups: 19 | Deposits: 18 | Rate: 8.44 tags/min | phero_entries=18 phero_max=0.736
======================================================================
R1[SITE      ]: L=+0.34 R=+0.33 | carry=0 | base=0.08 ba=-0.73 | site=1 sd=0.05 sa=-0.09 | phero=0 pd=0.00 pa=+0.00 | srch=0.05 | wall=2.23
R2[SITE      ]: L=+0.58 R=+0.61 | carry=0 | base=0.11 ba=+0.87 | site=1 sd=0.21 sa=-0.06 | phero=0 pd=0.00 pa=+0.00 | srch=0.05 | wall=2.14
R3[PHERO     ]: L=+0.00 R=+1.00 | carry=0 | base=0.07 ba=-0.57 | site=0 sd=0.00 sa=+0.00 | phero=1 pd=0.29 pa=-0.10 | srch=0.53 | wall=2.26
R4[RTB       ]: L=+1.00 R=+0.00 | carry=1 | base=0.12 ba=-0.42 | site=0 sd=0.00 sa=+0.00 | phero=0 pd=0.00 pa=+0.00 | srch=0.00 | wall=2.11

[DEPOSIT] Robot 4 deposited! Total: 19
  [TARGET] Robot 4 → SITE (-0.35,-0.22)
[PICKUP] Robot 1 picked up tag (density=4) | Total: 20
[DEPOSIT] Robot 1 deposited! Total: 20
  [TARGET] Robot 1 → SITE (-0.41,0.00)
[PICKUP] Robot 2 picked up tag (density=8) | Total: 21

======================================================================
Step 4500 (2.4 min) | Pickups: 21 | Deposits: 20 | Rate: 8.33 tags/min | phero_entries=16 phero_max=0.330
======================================================================
R1[SITE      ]: L=+1.00 R=+0.43 | carry=0 | base=0.08 ba=-0.81 | site=1 sd=0.05 sa=-0.17 | phero=0 pd=0.00 pa=+0.00 | srch=0.04 | wall=2.23
R2[RTB       ]: L=+1.00 R=+0.00 | carry=1 | base=0.31 ba=-0.52 | site=0 sd=0.00 sa=+0.00 | phero=0 pd=0.00 pa=+0.00 | srch=0.00 | wall=1.54
R3[PHERO     ]: L=+0.49 R=+0.48 | carry=0 | base=0.19 ba=-0.94 | site=0 sd=0.00 sa=+0.00 | phero=1 pd=0.10 pa=-0.02 | srch=0.65 | wall=1.92
R4[EXPLORE   ]: L=+1.00 R=+0.99 | carry=0 | base=0.25 ba=-0.83 | site=0 sd=0.00 sa=+0.00 | phero=0 pd=0.00 pa=+0.00 | srch=0.10 | wall=1.70

[PICKUP] Robot 1 picked up tag (density=3) | Total: 22
[PICKUP] Robot 3 picked up tag (density=7) | Total: 23
[DEPOSIT] Robot 1 deposited! Total: 21
  [PHERO] Laid at (-0.48, 0.01) density=3 prob=0.65 total_entries=15
  [TARGET] Robot 1 → SITE (-0.48,0.01)
[DEPOSIT] Robot 2 deposited! Total: 22
  [PHERO] Laid at (0.94, 0.55) density=8 prob=1.00 total_entries=16
  [TARGET] Robot 2 → SITE (0.94,0.55)
[PICKUP] Robot 1 picked up tag (density=2) | Total: 24

======================================================================
Step 5000 (2.7 min) | Pickups: 24 | Deposits: 22 | Rate: 8.25 tags/min | phero_entries=15 phero_max=0.703
======================================================================
R1[RTB       ]: L=+0.00 R=+1.00 | carry=1 | base=0.14 ba=+0.56 | site=0 sd=0.00 sa=+0.00 | phero=0 pd=0.00 pa=+0.00 | srch=0.00 | wall=2.00
R2[SITE      ]: L=+1.00 R=+1.00 | carry=0 | base=0.17 ba=+0.94 | site=1 sd=0.15 sa=+0.14 | phero=0 pd=0.00 pa=+0.00 | srch=0.05 | wall=1.90
R3[RTB       ]: L=+1.00 R=+1.00 | carry=1 | base=0.10 ba=+0.00 | site=0 sd=0.00 sa=+0.00 | phero=0 pd=0.00 pa=+0.00 | srch=0.00 | wall=2.17
R4[EXPLORE   ]: L=+1.00 R=+1.00 | carry=0 | base=0.47 ba=-0.49 | site=0 sd=0.00 sa=+0.00 | phero=0 pd=0.00 pa=+0.00 | srch=0.22 | wall=1.07

[DEPOSIT] Robot 3 deposited! Total: 23
  [PHERO] Laid at (1.00, 0.50) density=7 prob=0.99 total_entries=16
  [TARGET] Robot 3 → SITE (1.00,0.50)
[DEPOSIT] Robot 1 deposited! Total: 24
  [PHERO] Laid at (-0.49, 0.01) density=2 prob=0.42 total_entries=17
  [TARGET] Robot 1 → SITE (-0.49,0.01)
[GIVE-UP] R4 giving up after 1323 steps

======================================================================
Step 5500 (2.9 min) | Pickups: 24 | Deposits: 24 | Rate: 8.18 tags/min | phero_entries=15 phero_max=0.559
======================================================================
R1[EXPLORE   ]: L=+1.00 R=+1.00 | carry=0 | base=0.26 ba=-0.88 | site=0 sd=0.00 sa=+0.00 | phero=0 pd=0.00 pa=+0.00 | srch=0.09 | wall=1.65
R2[EXPLORE   ]: L=+1.00 R=+1.00 | carry=0 | base=0.56 ba=+0.83 | site=0 sd=0.00 sa=+0.00 | phero=0 pd=0.00 pa=+0.00 | srch=0.18 | wall=0.67
R3[EXPLORE   ]: L=+1.00 R=+1.00 | carry=0 | base=0.32 ba=-0.91 | site=0 sd=0.00 sa=+0.00 | phero=0 pd=0.00 pa=+0.00 | srch=0.12 | wall=1.50
R4[GIVE_UP   ]: L=+1.00 R=+0.60 | carry=0 | base=0.59 ba=-0.17 | site=0 sd=0.00 sa=+0.00 | phero=0 pd=0.00 pa=+0.00 | srch=0.35 | wall=0.44

[PICKUP] Robot 3 picked up tag (density=6) | Total: 25
[DEPOSIT] Robot 3 deposited! Total: 25
  [PHERO] Laid at (1.05, 0.52) density=6 prob=0.97 total_entries=14
  [TARGET] Robot 3 → SITE (1.05,0.52)
[EMPTY_RTN] R4 → phero(0.94,0.55)

======================================================================
Step 6000 (3.2 min) | Pickups: 25 | Deposits: 25 | Rate: 7.81 tags/min | phero_entries=14 phero_max=0.807
======================================================================
R1[WALL_ESC  ]: L=+1.00 R=+0.00 | carry=0 | base=0.77 ba=-0.71 | site=0 sd=0.00 sa=+0.00 | phero=0 pd=0.00 pa=+0.00 | srch=0.22 | wall=0.33
R2[EXPLORE   ]: L=+0.72 R=+1.00 | carry=0 | base=0.33 ba=+0.15 | site=0 sd=0.00 sa=+0.00 | phero=0 pd=0.00 pa=+0.00 | srch=0.31 | wall=1.33
R3[SITE      ]: L=+0.02 R=+1.00 | carry=0 | base=0.07 ba=+0.93 | site=1 sd=0.27 sa=+0.07 | phero=0 pd=0.00 pa=+0.00 | srch=0.03 | wall=2.25
R4[BASE_ESC  ]: L=+0.00 R=+1.00 | carry=0 | base=0.07 ba=-0.14 | site=0 sd=0.00 sa=+0.00 | phero=1 pd=0.29 pa=+0.42 | srch=0.00 | wall=2.27

[PICKUP] Robot 3 picked up tag (density=5) | Total: 26
[PICKUP] Robot 4 picked up tag (density=4) | Total: 27

======================================================================
Step 6500 (3.5 min) | Pickups: 27 | Deposits: 25 | Rate: 7.21 tags/min | phero_entries=13 phero_max=0.363
======================================================================
R1[EXPLORE   ]: L=+1.00 R=+1.00 | carry=0 | base=0.61 ba=-0.25 | site=0 sd=0.00 sa=+0.00 | phero=0 pd=0.00 pa=+0.00 | srch=0.34 | wall=0.46
R2[EXPLORE   ]: L=+1.00 R=+1.00 | carry=0 | base=0.25 ba=+0.94 | site=0 sd=0.00 sa=+0.00 | phero=0 pd=0.00 pa=+0.00 | srch=0.43 | wall=1.61
R3[RTB       ]: L=+1.00 R=+1.00 | carry=1 | base=0.20 ba=-0.00 | site=0 sd=0.00 sa=+0.00 | phero=0 pd=0.00 pa=+0.00 | srch=0.00 | wall=1.83
R4[RTB       ]: L=+0.00 R=+1.00 | carry=1 | base=0.36 ba=+0.47 | site=0 sd=0.00 sa=+0.00 | phero=0 pd=0.00 pa=+0.00 | srch=0.00 | wall=1.43

[DEPOSIT] Robot 3 deposited! Total: 26
  [PHERO] Laid at (1.06, 0.52) density=5 prob=0.92 total_entries=12
  [TARGET] Robot 3 → SITE (1.06,0.52)
[DEPOSIT] Robot 4 deposited! Total: 27
  [PHERO] Laid at (1.06, 0.61) density=4 prob=0.82 total_entries=13
  [TARGET] Robot 4 → SITE (1.06,0.61)

======================================================================
Step 7000 (3.7 min) | Pickups: 27 | Deposits: 27 | Rate: 7.23 tags/min | phero_entries=13 phero_max=0.737
======================================================================
R1[EXPLORE   ]: L=+1.00 R=+1.00 | carry=0 | base=0.48 ba=-0.60 | site=0 sd=0.00 sa=+0.00 | phero=0 pd=0.00 pa=+0.00 | srch=0.47 | wall=1.21
R2[EXPLORE   ]: L=+1.00 R=+1.00 | carry=0 | base=0.56 ba=-0.15 | site=0 sd=0.00 sa=+0.00 | phero=0 pd=0.00 pa=+0.00 | srch=0.56 | wall=0.53
R3[SITE      ]: L=+0.70 R=+0.65 | carry=0 | base=0.31 ba=-0.95 | site=1 sd=0.03 sa=+0.05 | phero=0 pd=0.00 pa=+0.00 | srch=0.09 | wall=1.53
R4[SITE      ]: L=+1.00 R=+0.57 | carry=0 | base=0.14 ba=-0.86 | site=1 sd=0.22 sa=+0.02 | phero=0 pd=0.00 pa=+0.00 | srch=0.05 | wall=2.15

[PICKUP] Robot 3 picked up tag (density=3) | Total: 28
[PICKUP] Robot 4 picked up tag (density=2) | Total: 29
[DEPOSIT] Robot 3 deposited! Total: 28
  [PHERO] Laid at (1.11, 0.53) density=3 prob=0.65 total_entries=12
  [TARGET] Robot 3 → SITE (1.11,0.53)

======================================================================
Step 7500 (4.0 min) | Pickups: 29 | Deposits: 28 | Rate: 7.00 tags/min | phero_entries=12 phero_max=0.887
======================================================================
R1[EXPLORE   ]: L=+1.00 R=+1.00 | carry=0 | base=0.64 ba=-0.07 | site=0 sd=0.00 sa=+0.00 | phero=0 pd=0.00 pa=+0.00 | srch=0.59 | wall=0.59
R2[EXPLORE   ]: L=+1.00 R=+1.00 | carry=0 | base=0.23 ba=-0.46 | site=0 sd=0.00 sa=+0.00 | phero=0 pd=0.00 pa=+0.00 | srch=0.68 | wall=1.69
R3[BASE_ESC  ]: L=+0.00 R=+1.00 | carry=0 | base=0.06 ba=-0.60 | site=1 sd=0.29 sa=+0.49 | phero=0 pd=0.00 pa=+0.00 | srch=0.02 | wall=2.29
R4[RTB       ]: L=+1.00 R=+1.00 | carry=1 | base=0.20 ba=+0.00 | site=0 sd=0.00 sa=+0.00 | phero=0 pd=0.00 pa=+0.00 | srch=0.00 | wall=1.93

[DEPOSIT] Robot 4 deposited! Total: 29
  [PHERO] Laid at (1.14, 0.65) density=2 prob=0.42 total_entries=13
  [TARGET] Robot 4 → SITE (1.14,0.65)
[PICKUP] Robot 1 picked up tag (density=1) | Total: 30

======================================================================
Step 8000 (4.3 min) | Pickups: 30 | Deposits: 29 | Rate: 6.80 tags/min | phero_entries=12 phero_max=0.543
======================================================================
R1[RTB       ]: L=+1.00 R=+1.00 | carry=1 | base=0.11 ba=-0.00 | site=0 sd=0.00 sa=+0.00 | phero=0 pd=0.00 pa=+0.00 | srch=0.00 | wall=2.16
R2[EXPLORE   ]: L=+1.00 R=+0.97 | carry=0 | base=0.47 ba=-0.64 | site=0 sd=0.00 sa=+0.00 | phero=0 pd=0.00 pa=+0.00 | srch=0.81 | wall=0.90
R3[EXPLORE   ]: L=+1.00 R=+1.00 | carry=0 | base=0.50 ba=+0.86 | site=0 sd=0.00 sa=+0.00 | phero=0 pd=0.00 pa=+0.00 | srch=0.14 | wall=1.05
R4[SITE      ]: L=+1.00 R=+0.85 | carry=0 | base=0.35 ba=-0.85 | site=1 sd=0.04 sa=-0.15 | phero=0 pd=0.00 pa=+0.00 | srch=0.10 | wall=1.50

[DEPOSIT] Robot 1 deposited! Total: 30
  [TARGET] Robot 1 → PHERO (1.14,0.65)
[PICKUP] Robot 2 picked up tag (density=9) | Total: 31

======================================================================
Step 8500 (4.5 min) | Pickups: 31 | Deposits: 30 | Rate: 6.62 tags/min | phero_entries=9 phero_max=0.244
======================================================================
R1[PHERO     ]: L=+0.85 R=+1.00 | carry=0 | base=0.43 ba=+0.75 | site=0 sd=0.00 sa=+0.00 | phero=1 pd=0.11 pa=+0.46 | srch=0.12 | wall=1.04
R2[RTB       ]: L=+1.00 R=+0.79 | carry=1 | base=0.53 ba=-0.08 | site=0 sd=0.00 sa=+0.00 | phero=0 pd=0.00 pa=+0.00 | srch=0.00 | wall=0.94
R3[EXPLORE   ]: L=+1.00 R=+0.32 | carry=0 | base=0.57 ba=-0.67 | site=0 sd=0.00 sa=+0.00 | phero=0 pd=0.00 pa=+0.00 | srch=0.27 | wall=1.02
R4[EXPLORE   ]: L=+1.00 R=+1.00 | carry=0 | base=0.54 ba=-0.13 | site=0 sd=0.00 sa=+0.00 | phero=0 pd=0.00 pa=+0.00 | srch=0.22 | wall=0.61

[DEPOSIT] Robot 2 deposited! Total: 31
  [PHERO] Laid at (1.68, -1.04) density=9 prob=1.00 total_entries=10
  [TARGET] Robot 2 → SITE (1.68,-1.04)

======================================================================
Step 9000 (4.8 min) | Pickups: 31 | Deposits: 31 | Rate: 6.46 tags/min | phero_entries=10 phero_max=0.894
======================================================================
R1[EXPLORE   ]: L=+1.00 R=+1.00 | carry=0 | base=0.40 ba=-0.89 | site=0 sd=0.00 sa=+0.00 | phero=0 pd=0.00 pa=+0.00 | srch=0.24 | wall=1.24
R2[BASE_ESC  ]: L=+0.00 R=+1.00 | carry=0 | base=0.06 ba=-0.62 | site=1 sd=0.50 sa=+0.45 | phero=0 pd=0.00 pa=+0.00 | srch=0.02 | wall=2.34
R3[EXPLORE   ]: L=+1.00 R=+1.00 | carry=0 | base=0.51 ba=-0.21 | site=0 sd=0.00 sa=+0.00 | phero=0 pd=0.00 pa=+0.00 | srch=0.39 | wall=1.07
R4[EXPLORE   ]: L=+1.00 R=+1.00 | carry=0 | base=0.22 ba=-0.59 | site=0 sd=0.00 sa=+0.00 | phero=0 pd=0.00 pa=+0.00 | srch=0.35 | wall=1.73

[PICKUP] Robot 4 picked up tag (density=7) | Total: 32
[DEPOSIT] Robot 4 deposited! Total: 32
  [PHERO] Laid at (-0.34, -1.06) density=7 prob=0.99 total_entries=7
  [TARGET] Robot 4 → SITE (-0.34,-1.06)
[PICKUP] Robot 2 picked up tag (density=8) | Total: 33

======================================================================
Step 9500 (5.1 min) | Pickups: 33 | Deposits: 32 | Rate: 6.32 tags/min | phero_entries=7 phero_max=0.940
======================================================================
R1[EXPLORE   ]: L=+1.00 R=+1.00 | carry=0 | base=0.53 ba=+0.21 | site=0 sd=0.00 sa=+0.00 | phero=0 pd=0.00 pa=+0.00 | srch=0.37 | wall=0.92
R2[RTB       ]: L=+0.00 R=+1.00 | carry=1 | base=0.51 ba=+0.57 | site=0 sd=0.00 sa=+0.00 | phero=0 pd=0.00 pa=+0.00 | srch=0.00 | wall=1.15
R3[EXPLORE   ]: L=+0.57 R=+1.00 | carry=0 | base=0.40 ba=-0.27 | site=0 sd=0.00 sa=+0.00 | phero=0 pd=0.00 pa=+0.00 | srch=0.52 | wall=1.23
R4[BASE_ESC  ]: L=+0.00 R=+1.00 | carry=0 | base=0.06 ba=-0.37 | site=1 sd=0.25 sa=+0.70 | phero=0 pd=0.00 pa=+0.00 | srch=0.01 | wall=2.30

[PICKUP] Robot 4 picked up tag (density=6) | Total: 34
[DEPOSIT] Robot 2 deposited! Total: 33
  [PHERO] Laid at (1.33, -1.21) density=8 prob=1.00 total_entries=8
  [TARGET] Robot 2 → SITE (1.33,-1.21)

======================================================================
Step 10000 (5.3 min) | Pickups: 34 | Deposits: 33 | Rate: 6.19 tags/min | phero_entries=8 phero_max=0.955
======================================================================
R1[EXPLORE   ]: L=+1.00 R=+1.00 | carry=0 | base=0.34 ba=+0.62 | site=0 sd=0.00 sa=+0.00 | phero=0 pd=0.00 pa=+0.00 | srch=0.49 | wall=1.35
R2[BASE_ESC  ]: L=+1.00 R=+0.00 | carry=0 | base=0.06 ba=+0.28 | site=1 sd=0.45 sa=-0.76 | phero=0 pd=0.00 pa=+0.00 | srch=0.01 | wall=2.32
R3[EXPLORE   ]: L=+0.70 R=+1.00 | carry=0 | base=0.56 ba=+0.48 | site=0 sd=0.00 sa=+0.00 | phero=0 pd=0.00 pa=+0.00 | srch=0.64 | wall=0.57
R4[RTB       ]: L=+0.99 R=+1.00 | carry=1 | base=0.25 ba=+0.01 | site=0 sd=0.00 sa=+0.00 | phero=0 pd=0.00 pa=+0.00 | srch=0.00 | wall=1.67

[DEPOSIT] Robot 4 deposited! Total: 34
  [PHERO] Laid at (-0.55, -1.04) density=6 prob=0.97 total_entries=9
  [TARGET] Robot 4 → SITE (-0.55,-1.04)

======================================================================
Step 10500 (5.6 min) | Pickups: 34 | Deposits: 34 | Rate: 6.07 tags/min | phero_entries=8 phero_max=0.589
======================================================================
R1[EXPLORE   ]: L=+0.08 R=+1.00 | carry=0 | base=0.36 ba=-0.83 | site=0 sd=0.00 sa=+0.00 | phero=0 pd=0.00 pa=+0.00 | srch=0.62 | wall=1.52
R2[SITE      ]: L=+1.00 R=+1.00 | carry=0 | base=0.46 ba=-0.80 | site=1 sd=0.05 sa=+0.09 | phero=0 pd=0.00 pa=+0.00 | srch=0.13 | wall=1.25
R3[EXPLORE   ]: L=+1.00 R=+1.00 | carry=0 | base=0.50 ba=-0.64 | site=0 sd=0.00 sa=+0.00 | phero=0 pd=0.00 pa=+0.00 | srch=0.77 | wall=1.05
R4[SITE      ]: L=+0.61 R=+0.63 | carry=0 | base=0.23 ba=-0.97 | site=1 sd=0.10 sa=+0.03 | phero=0 pd=0.00 pa=+0.00 | srch=0.08 | wall=1.79

[PICKUP] Robot 2 picked up tag (density=7) | Total: 35
[GIVE-UP] R1 giving up after 2561 steps
[PICKUP] Robot 4 picked up tag (density=5) | Total: 36
[DEPOSIT] Robot 4 deposited! Total: 35
  [PHERO] Laid at (-0.60, -1.04) density=5 prob=0.92 total_entries=8
  [TARGET] Robot 4 → SITE (-0.60,-1.04)

======================================================================
Step 11000 (5.9 min) | Pickups: 36 | Deposits: 35 | Rate: 5.97 tags/min | phero_entries=8 phero_max=0.994
======================================================================
R1[GIVE_UP   ]: L=+1.00 R=+1.00 | carry=0 | base=0.12 ba=+0.00 | site=0 sd=0.00 sa=+0.00 | phero=0 pd=0.00 pa=+0.00 | srch=0.74 | wall=2.14
R2[RTB       ]: L=+1.00 R=+1.00 | carry=1 | base=0.17 ba=-0.00 | site=0 sd=0.00 sa=+0.00 | phero=0 pd=0.00 pa=+0.00 | srch=0.00 | wall=2.06
R3[EXPLORE   ]: L=+1.00 R=+0.37 | carry=0 | base=0.47 ba=-0.70 | site=0 sd=0.00 sa=+0.00 | phero=0 pd=0.00 pa=+0.00 | srch=0.89 | wall=0.95
R4[BASE_ESC  ]: L=+1.00 R=+0.00 | carry=0 | base=0.07 ba=+0.07 | site=1 sd=0.27 sa=-0.97 | phero=0 pd=0.00 pa=+0.00 | srch=0.00 | wall=2.28

[EMPTY_RTN] R1 → phero(-0.55,-1.04)
[DEPOSIT] Robot 2 deposited! Total: 36
  [PHERO] Laid at (1.33, -1.31) density=7 prob=0.99 total_entries=9
  [TARGET] Robot 2 → SITE (1.33,-1.31)
[PICKUP] Robot 1 picked up tag (density=1) | Total: 37
[DEPOSIT] Robot 1 deposited! Total: 37
  [TARGET] Robot 1 → SITE (-0.47,-0.13)
[PICKUP] Robot 4 picked up tag (density=4) | Total: 38

======================================================================
Step 11500 (6.1 min) | Pickups: 38 | Deposits: 37 | Rate: 6.03 tags/min | phero_entries=8 phero_max=0.520
======================================================================
R1[BASE_ESC  ]: L=+1.00 R=+0.04 | carry=0 | base=0.06 ba=+0.76 | site=1 sd=0.09 sa=-0.49 | phero=0 pd=0.00 pa=+0.00 | srch=0.02 | wall=2.33
R2[SITE      ]: L=+1.00 R=+1.00 | carry=0 | base=0.36 ba=+0.83 | site=1 sd=0.20 sa=+0.04 | phero=0 pd=0.00 pa=+0.00 | srch=0.10 | wall=1.43
R3[EXPLORE   ]: L=+0.02 R=+0.76 | carry=0 | base=0.35 ba=-0.78 | site=0 sd=0.00 sa=+0.00 | phero=0 pd=0.00 pa=+0.00 | srch=1.00 | wall=1.26
R4[RTB       ]: L=+1.00 R=+0.14 | carry=1 | base=0.37 ba=-0.35 | site=0 sd=0.00 sa=+0.00 | phero=0 pd=0.00 pa=+0.00 | srch=0.00 | wall=1.38

[PICKUP] Robot 2 picked up tag (density=6) | Total: 39
[DEPOSIT] Robot 4 deposited! Total: 38
  [TARGET] Robot 4 → SITE (-0.66,-1.12)

======================================================================
Step 12000 (6.4 min) | Pickups: 39 | Deposits: 38 | Rate: 5.94 tags/min | phero_entries=6 phero_max=0.234
======================================================================
R1[EXPLORE   ]: L=+1.00 R=+1.00 | carry=0 | base=0.49 ba=+0.99 | site=0 sd=0.00 sa=+0.00 | phero=0 pd=0.00 pa=+0.00 | srch=0.15 | wall=0.82
R2[RTB       ]: L=+1.00 R=+1.00 | carry=1 | base=0.30 ba=+0.00 | site=0 sd=0.00 sa=+0.00 | phero=0 pd=0.00 pa=+0.00 | srch=0.00 | wall=1.69
R3[EXPLORE   ]: L=+0.73 R=+0.84 | carry=0 | base=0.27 ba=-0.16 | site=0 sd=0.00 sa=+0.00 | phero=0 pd=0.00 pa=+0.00 | srch=1.00 | wall=1.56
R4[SITE      ]: L=+0.94 R=+1.00 | carry=0 | base=0.16 ba=-0.96 | site=1 sd=0.25 sa=+0.32 | phero=0 pd=0.00 pa=+0.00 | srch=0.05 | wall=2.01

[DEPOSIT] Robot 2 deposited! Total: 39
  [PHERO] Laid at (1.33, -1.29) density=6 prob=0.97 total_entries=7
  [TARGET] Robot 2 → SITE (1.33,-1.29)
[PICKUP] Robot 4 picked up tag (density=3) | Total: 40

======================================================================
Step 12500 (6.7 min) | Pickups: 40 | Deposits: 39 | Rate: 5.85 tags/min | phero_entries=7 phero_max=0.633
======================================================================
R1[EXPLORE   ]: L=+1.00 R=+1.00 | carry=0 | base=0.43 ba=+0.30 | site=0 sd=0.00 sa=+0.00 | phero=0 pd=0.00 pa=+0.00 | srch=0.27 | wall=1.31
R2[SITE      ]: L=+1.00 R=+0.98 | carry=0 | base=0.24 ba=-0.89 | site=1 sd=0.32 sa=-0.12 | phero=0 pd=0.00 pa=+0.00 | srch=0.07 | wall=1.69
R3[EXPLORE   ]: L=+0.48 R=+1.00 | carry=0 | base=0.35 ba=+0.60 | site=0 sd=0.00 sa=+0.00 | phero=0 pd=0.00 pa=+0.00 | srch=1.00 | wall=1.29
R4[RTB       ]: L=+0.97 R=+1.00 | carry=1 | base=0.31 ba=+0.01 | site=0 sd=0.00 sa=+0.00 | phero=0 pd=0.00 pa=+0.00 | srch=0.00 | wall=1.52

[PICKUP] Robot 1 picked up tag (density=2) | Total: 41
[DEPOSIT] Robot 4 deposited! Total: 40
  [PHERO] Laid at (-0.64, -1.13) density=3 prob=0.65 total_entries=8
  [TARGET] Robot 4 → SITE (-0.64,-1.13)
[DEPOSIT] Robot 1 deposited! Total: 41
  [TARGET] Robot 1 → SITE (-0.60,-1.09)

======================================================================
Step 13000 (6.9 min) | Pickups: 41 | Deposits: 41 | Rate: 5.91 tags/min | phero_entries=8 phero_max=0.636
======================================================================
R1[BASE_ESC  ]: L=+1.00 R=+0.00 | carry=0 | base=0.06 ba=+0.39 | site=1 sd=0.29 sa=-0.67 | phero=0 pd=0.00 pa=+0.00 | srch=0.01 | wall=2.30
R2[EXPLORE   ]: L=+1.00 R=+1.00 | carry=0 | base=0.71 ba=-0.90 | site=0 sd=0.00 sa=+0.00 | phero=0 pd=0.00 pa=+0.00 | srch=0.20 | wall=0.56
R3[EXPLORE   ]: L=+1.00 R=+0.96 | carry=0 | base=0.38 ba=-0.42 | site=0 sd=0.00 sa=+0.00 | phero=0 pd=0.00 pa=+0.00 | srch=1.00 | wall=1.28
R4[SITE      ]: L=+1.00 R=+1.00 | carry=0 | base=0.21 ba=-0.92 | site=1 sd=0.16 sa=+0.06 | phero=0 pd=0.00 pa=+0.00 | srch=0.07 | wall=1.84


======================================================================
Step 13500 (7.2 min) | Pickups: 41 | Deposits: 41 | Rate: 5.69 tags/min | phero_entries=7 phero_max=0.286
======================================================================
R1[EXPLORE   ]: L=+1.00 R=+1.00 | carry=0 | base=0.51 ba=-0.96 | site=0 sd=0.00 sa=+0.00 | phero=0 pd=0.00 pa=+0.00 | srch=0.14 | wall=0.99
R2[EXPLORE   ]: L=+1.00 R=+1.00 | carry=0 | base=0.41 ba=-0.07 | site=0 sd=0.00 sa=+0.00 | phero=0 pd=0.00 pa=+0.00 | srch=0.32 | wall=1.23
R3[EXPLORE   ]: L=+1.00 R=+1.00 | carry=0 | base=0.59 ba=-0.82 | site=0 sd=0.00 sa=+0.00 | phero=0 pd=0.00 pa=+0.00 | srch=1.00 | wall=0.44
R4[WALL_ESC  ]: L=+0.00 R=+1.00 | carry=0 | base=0.64 ba=+0.35 | site=0 sd=0.00 sa=+0.00 | phero=0 pd=0.00 pa=+0.00 | srch=0.20 | wall=0.32


======================================================================
Step 14000 (7.5 min) | Pickups: 41 | Deposits: 41 | Rate: 5.49 tags/min | phero_entries=6 phero_max=0.128
======================================================================
R1[EXPLORE   ]: L=+1.00 R=+1.00 | carry=0 | base=0.65 ba=-0.39 | site=0 sd=0.00 sa=+0.00 | phero=0 pd=0.00 pa=+0.00 | srch=0.26 | wall=0.70
R2[EXPLORE   ]: L=+1.00 R=+1.00 | carry=0 | base=0.17 ba=-0.81 | site=0 sd=0.00 sa=+0.00 | phero=0 pd=0.00 pa=+0.00 | srch=0.45 | wall=1.92
R3[EXPLORE   ]: L=+1.00 R=+1.00 | carry=0 | base=0.28 ba=-0.32 | site=0 sd=0.00 sa=+0.00 | phero=0 pd=0.00 pa=+0.00 | srch=1.00 | wall=1.63
R4[EXPLORE   ]: L=+1.00 R=+1.00 | carry=0 | base=0.20 ba=+0.33 | site=0 sd=0.00 sa=+0.00 | phero=0 pd=0.00 pa=+0.00 | srch=0.32 | wall=1.87


======================================================================
Step 14500 (7.7 min) | Pickups: 41 | Deposits: 41 | Rate: 5.30 tags/min | phero_entries=4 phero_max=0.058
======================================================================
R1[EXPLORE   ]: L=+1.00 R=+1.00 | carry=0 | base=0.51 ba=-0.37 | site=0 sd=0.00 sa=+0.00 | phero=0 pd=0.00 pa=+0.00 | srch=0.39 | wall=0.72
R2[EXPLORE   ]: L=+1.00 R=+1.00 | carry=0 | base=0.69 ba=-0.96 | site=0 sd=0.00 sa=+0.00 | phero=0 pd=0.00 pa=+0.00 | srch=0.57 | wall=0.61
R3[EXPLORE   ]: L=+1.00 R=+1.00 | carry=0 | base=0.46 ba=-0.83 | site=0 sd=0.00 sa=+0.00 | phero=0 pd=0.00 pa=+0.00 | srch=1.00 | wall=1.11
R4[EXPLORE   ]: L=+1.00 R=+1.00 | carry=0 | base=0.47 ba=+0.88 | site=0 sd=0.00 sa=+0.00 | phero=0 pd=0.00 pa=+0.00 | srch=0.45 | wall=1.18

[PICKUP] Robot 3 picked up tag (density=5) | Total: 42
[GIVE-UP] R1 giving up after 1788 steps
[GIVE-UP] R4 giving up after 2147 steps

======================================================================
Step 15000 (8.0 min) | Pickups: 42 | Deposits: 41 | Rate: 5.12 tags/min | phero_entries=4 phero_max=0.026
======================================================================
R1[GIVE_UP   ]: L=+1.00 R=+1.00 | carry=0 | base=0.25 ba=-0.00 | site=0 sd=0.00 sa=+0.00 | phero=0 pd=0.00 pa=+0.00 | srch=0.51 | wall=1.85
R2[EXPLORE   ]: L=+1.00 R=+1.00 | carry=0 | base=0.62 ba=-0.16 | site=0 sd=0.00 sa=+0.00 | phero=0 pd=0.00 pa=+0.00 | srch=0.70 | wall=0.63
R3[RTB       ]: L=+1.00 R=+1.00 | carry=1 | base=0.15 ba=-0.00 | site=0 sd=0.00 sa=+0.00 | phero=0 pd=0.00 pa=+0.00 | srch=0.00 | wall=2.09
R4[GIVE_UP   ]: L=+1.00 R=+1.00 | carry=0 | base=0.68 ba=-0.00 | site=0 sd=0.00 sa=+0.00 | phero=0 pd=0.00 pa=+0.00 | srch=0.57 | wall=0.57

[DEPOSIT] Robot 3 deposited! Total: 42
  [PHERO] Laid at (1.51, -1.04) density=5 prob=0.92 total_entries=5
  [TARGET] Robot 3 → SITE (1.51,-1.04)
[EMPTY_RTN] R1 → phero(1.51,-1.04)
[PICKUP] Robot 1 picked up tag (density=3) | Total: 43

======================================================================
Step 15500 (8.3 min) | Pickups: 43 | Deposits: 42 | Rate: 5.08 tags/min | phero_entries=3 phero_max=0.505
======================================================================
R1[RTB       ]: L=+1.00 R=+0.83 | carry=1 | base=0.11 ba=-0.06 | site=0 sd=0.00 sa=+0.00 | phero=0 pd=0.00 pa=+0.00 | srch=0.00 | wall=2.15
R2[EXPLORE   ]: L=+1.00 R=+1.00 | carry=0 | base=0.30 ba=-0.49 | site=0 sd=0.00 sa=+0.00 | phero=0 pd=0.00 pa=+0.00 | srch=0.82 | wall=1.57
R3[SITE      ]: L=+0.94 R=+1.00 | carry=0 | base=0.40 ba=+0.92 | site=1 sd=0.14 sa=+0.14 | phero=0 pd=0.00 pa=+0.00 | srch=0.11 | wall=1.50
R4[GIVE_UP   ]: L=+1.00 R=+1.00 | carry=0 | base=0.14 ba=-0.00 | site=0 sd=0.00 sa=+0.00 | phero=0 pd=0.00 pa=+0.00 | srch=0.70 | wall=2.10

[DEPOSIT] Robot 1 deposited! Total: 43
  [PHERO] Laid at (0.07, 0.48) density=3 prob=0.65 total_entries=4
  [TARGET] Robot 1 → SITE (0.07,0.48)
[EMPTY_RTN] R4 → phero(0.07,0.48)
[PICKUP] Robot 1 picked up tag (density=2) | Total: 44
[DEPOSIT] Robot 1 deposited! Total: 44
  [TARGET] Robot 1 → SITE (0.29,0.36)

======================================================================
Step 16000 (8.5 min) | Pickups: 44 | Deposits: 44 | Rate: 5.16 tags/min | phero_entries=4 phero_max=0.474
======================================================================
R1[BASE_ESC  ]: L=+1.00 R=+0.35 | carry=0 | base=0.07 ba=+0.83 | site=1 sd=0.08 sa=-0.46 | phero=0 pd=0.00 pa=+0.00 | srch=0.02 | wall=2.27
R2[EXPLORE   ]: L=+1.00 R=+1.00 | carry=0 | base=0.75 ba=+0.97 | site=0 sd=0.00 sa=+0.00 | phero=0 pd=0.00 pa=+0.00 | srch=0.95 | wall=0.44
R3[EXPLORE   ]: L=+1.00 R=+1.00 | carry=0 | base=0.64 ba=+0.12 | site=0 sd=0.00 sa=+0.00 | phero=0 pd=0.00 pa=+0.00 | srch=0.23 | wall=0.36
R4[EXPLORE   ]: L=+1.00 R=+1.00 | carry=0 | base=0.25 ba=+0.83 | site=0 sd=0.00 sa=+0.00 | phero=0 pd=0.00 pa=+0.00 | srch=0.11 | wall=1.67

[GIVE-UP] R1 giving up after 464 steps

======================================================================
Step 16500 (8.8 min) | Pickups: 44 | Deposits: 44 | Rate: 5.00 tags/min | phero_entries=4 phero_max=0.213
======================================================================
R1[GIVE_UP   ]: L=+1.00 R=+0.90 | carry=0 | base=0.28 ba=-0.04 | site=0 sd=0.00 sa=+0.00 | phero=0 pd=0.00 pa=+0.00 | srch=0.15 | wall=1.51
R2[EXPLORE   ]: L=+1.00 R=+1.00 | carry=0 | base=0.40 ba=+0.05 | site=0 sd=0.00 sa=+0.00 | phero=0 pd=0.00 pa=+0.00 | srch=1.00 | wall=1.31
R3[EXPLORE   ]: L=+1.00 R=+1.00 | carry=0 | base=0.25 ba=+0.44 | site=0 sd=0.00 sa=+0.00 | phero=0 pd=0.00 pa=+0.00 | srch=0.36 | wall=1.81
R4[EXPLORE   ]: L=+1.00 R=+1.00 | carry=0 | base=0.77 ba=+0.95 | site=0 sd=0.00 sa=+0.00 | phero=0 pd=0.00 pa=+0.00 | srch=0.23 | wall=0.47

[GIVE-UP] R4 giving up after 1064 steps
[PICKUP] Robot 2 picked up tag (density=1) | Total: 45
[EMPTY_RTN] R1 → phero(1.51,-1.04)
[DEPOSIT] Robot 2 deposited! Total: 45
  [PHERO] Laid at (0.33, 0.71) density=1 prob=0.20 total_entries=4
  [TARGET] Robot 2 → PHERO (0.33,0.71)

======================================================================
Step 17000 (9.1 min) | Pickups: 45 | Deposits: 45 | Rate: 4.96 tags/min | phero_entries=4 phero_max=0.736
======================================================================
R1[PHERO     ]: L=+1.00 R=+1.00 | carry=0 | base=0.28 ba=-0.98 | site=0 sd=0.00 sa=+0.00 | phero=1 pd=0.25 pa=-0.07 | srch=0.08 | wall=1.63
R2[PHERO     ]: L=+1.00 R=+0.99 | carry=0 | base=0.14 ba=-0.90 | site=0 sd=0.00 sa=+0.00 | phero=1 pd=0.09 pa=-0.02 | srch=0.05 | wall=2.04
R3[EXPLORE   ]: L=+1.00 R=+1.00 | carry=0 | base=0.41 ba=-0.54 | site=0 sd=0.00 sa=+0.00 | phero=0 pd=0.00 pa=+0.00 | srch=0.48 | wall=1.30
R4[GIVE_UP   ]: L=+1.00 R=+1.00 | carry=0 | base=0.48 ba=+0.00 | site=0 sd=0.00 sa=+0.00 | phero=0 pd=0.00 pa=+0.00 | srch=0.36 | wall=1.28

[PICKUP] Robot 1 picked up tag (density=4) | Total: 46
[EMPTY_RTN] R4 → phero(0.33,0.71)

======================================================================
Step 17500 (9.3 min) | Pickups: 46 | Deposits: 45 | Rate: 4.82 tags/min | phero_entries=3 phero_max=0.330
======================================================================
R1[RTB       ]: L=+1.00 R=+1.00 | carry=1 | base=0.39 ba=-0.00 | site=0 sd=0.00 sa=+0.00 | phero=0 pd=0.00 pa=+0.00 | srch=0.00 | wall=1.43
R2[EXPLORE   ]: L=+1.00 R=+1.00 | carry=0 | base=0.67 ba=-0.98 | site=0 sd=0.00 sa=+0.00 | phero=0 pd=0.00 pa=+0.00 | srch=0.17 | wall=0.55
R3[EXPLORE   ]: L=+1.00 R=+0.73 | carry=0 | base=0.45 ba=-0.74 | site=0 sd=0.00 sa=+0.00 | phero=0 pd=0.00 pa=+0.00 | srch=0.61 | wall=0.93
R4[PHERO     ]: L=+1.00 R=-1.00 | carry=0 | base=0.07 ba=-0.94 | site=0 sd=0.00 sa=+0.00 | phero=1 pd=0.23 pa=-0.51 | srch=0.03 | wall=2.28

[DEPOSIT] Robot 1 deposited! Total: 46
  [PHERO] Laid at (1.57, -1.11) density=4 prob=0.82 total_entries=4
  [TARGET] Robot 1 → SITE (1.57,-1.11)

======================================================================
Step 18000 (9.6 min) | Pickups: 46 | Deposits: 46 | Rate: 4.79 tags/min | phero_entries=4 phero_max=0.717
======================================================================
R1[SITE      ]: L=+1.00 R=+1.00 | carry=0 | base=0.17 ba=+1.00 | site=1 sd=0.39 sa=+0.18 | phero=0 pd=0.00 pa=+0.00 | srch=0.05 | wall=1.98
R2[WALL_ESC  ]: L=+1.00 R=+0.00 | carry=0 | base=0.67 ba=-0.37 | site=0 sd=0.00 sa=+0.00 | phero=0 pd=0.00 pa=+0.00 | srch=0.30 | wall=0.34
R3[EXPLORE   ]: L=+0.88 R=+1.00 | carry=0 | base=0.60 ba=-0.20 | site=0 sd=0.00 sa=+0.00 | phero=0 pd=0.00 pa=+0.00 | srch=0.73 | wall=0.60
R4[EXPLORE   ]: L=+1.00 R=+1.00 | carry=0 | base=0.31 ba=-0.94 | site=0 sd=0.00 sa=+0.00 | phero=0 pd=0.00 pa=+0.00 | srch=0.16 | wall=1.56

[PICKUP] Robot 3 picked up tag (density=3) | Total: 47

======================================================================
Step 18500 (9.9 min) | Pickups: 47 | Deposits: 46 | Rate: 4.66 tags/min | phero_entries=4 phero_max=0.322
======================================================================
R1[SITE      ]: L=+0.89 R=+1.00 | carry=0 | base=0.63 ba=+0.56 | site=1 sd=0.11 sa=+0.36 | phero=0 pd=0.00 pa=+0.00 | srch=0.18 | wall=0.86
R2[EXPLORE   ]: L=+1.00 R=+1.00 | carry=0 | base=0.40 ba=-0.47 | site=0 sd=0.00 sa=+0.00 | phero=0 pd=0.00 pa=+0.00 | srch=0.42 | wall=1.22
R3[RTB       ]: L=+1.00 R=+1.00 | carry=1 | base=0.16 ba=-0.00 | site=0 sd=0.00 sa=+0.00 | phero=0 pd=0.00 pa=+0.00 | srch=0.00 | wall=2.06
R4[WALL_ESC  ]: L=+1.00 R=+0.00 | carry=0 | base=0.81 ba=-0.65 | site=0 sd=0.00 sa=+0.00 | phero=0 pd=0.00 pa=+0.00 | srch=0.28 | wall=0.34

[PICKUP] Robot 1 picked up tag (density=2) | Total: 48
[DEPOSIT] Robot 3 deposited! Total: 47
  [TARGET] Robot 3 → SITE (1.60,-1.11)
TIMEOUT_RESULT pickups=48 deposits=47 steps=18750 elapsed_min=10.000000
BATCH_RESULT pickups=48 deposits=47
