=================================================================
CPFA BASELINE — ARGoS-calibrated parameters
  Params file                  = /home/sara/Documents/RL-FL-Foraging/cpfa_tuning_20260715_155549/trial_044/params.yaml
  Results file                 = /home/sara/Documents/RL-FL-Foraging/controllers/cpfa_baseline/results/cpfa_baseline_results_20260715_175545_2.txt
  RateOfLayingPheromone        = 11.216330713022181
  RateOfSiteFidelity           = 2.962039576658837
  RateOfPheromoneDecay         = 0.09043851875032163 /s  (lifetime ~76s)
  ProbabilityOfReturningToNest = 0.10348304043510292 (every 5 sec → E[give-up] ~48s)
  UninformedSearchVariation    = 0.55 rad (31.5°)
  RateOfInformedSearchDecay    = 1.0289046305810579 /waypoint
  ProbabilityOfSwitchingToSearching = 0.4766688390754274 (every 5 sec in uninformed DEPARTING)
=================================================================

[PICKUP] R3 picked up tag (density=6) | Total: 1
[DEPOSIT] R3 deposited! Total: 1
  [TARGET] R3 → SITE (0.00, 0.50)
[PICKUP] R1 picked up tag (density=9) | Total: 2
[PICKUP] R3 picked up tag (density=5) | Total: 3

======================================================================
Step 500 (0.3 min) | Pickups: 3 | Deposits: 1 | Rate: 3.75 tags/min | phero_entries=0 max_w=0.000
======================================================================
R1[RTB       ]: carry=1 | base=0.52 | wall=2.04 | search=  0 | target=none
R2[DEPART    ]: carry=0 | base=0.71 | wall=1.90 | search=  0 | target=none
R3[SURVEY    ]: carry=1 | base=0.37 | wall=2.15 | search=  0 | target=none
R4[DEPART    ]: carry=0 | base=2.19 | wall=0.90 | search=  0 | target=none

[DEPOSIT] R1 deposited! Total: 2
  [TARGET] R1 → SITE (0.24, -0.46)
[DEPOSIT] R3 deposited! Total: 3
  [TARGET] R3 → SITE (0.13, 0.34)
[PICKUP] R1 picked up tag (density=8) | Total: 4
[PICKUP] R2 picked up tag (density=9) | Total: 5

======================================================================
Step 1000 (0.5 min) | Pickups: 5 | Deposits: 3 | Rate: 5.62 tags/min | phero_entries=0 max_w=0.000
======================================================================
R1[RTB       ]: carry=1 | base=0.31 | wall=2.24 | search=  0 | target=none
R2[SURVEY    ]: carry=1 | base=2.08 | wall=0.46 | search=  0 | target=none
R3[SEARCH    ]: carry=0 | base=0.37 | wall=2.16 | search= 50 | target=site(0.13,0.34)
R4[SEARCH    ]: carry=0 | base=2.94 | wall=0.41 | search=376 | target=none

[DEPOSIT] R1 deposited! Total: 4
  [TARGET] R1 → SITE (0.24, -0.17)
[PICKUP] R3 picked up tag (density=4) | Total: 6
[PICKUP] R1 picked up tag (density=7) | Total: 7

======================================================================
Step 1500 (0.8 min) | Pickups: 7 | Deposits: 4 | Rate: 5.00 tags/min | phero_entries=0 max_w=0.000
======================================================================
R1[SURVEY    ]: carry=1 | base=0.35 | wall=2.20 | search=  0 | target=none
R2[RTB       ]: carry=1 | base=1.05 | wall=1.47 | search=  0 | target=none
R3[RTB       ]: carry=1 | base=0.39 | wall=2.19 | search=  0 | target=none
R4[SEARCH    ]: carry=0 | base=2.91 | wall=0.37 | search=876 | target=none

[DEPOSIT] R3 deposited! Total: 5
  [TARGET] R3 → SITE (0.20, 0.34)
[DEPOSIT] R1 deposited! Total: 6
  [TARGET] R1 → SITE (0.30, -0.19)
[DEPOSIT] R2 deposited! Total: 7
  [TARGET] R2 → SITE (-2.03, 0.40)
[PICKUP] R1 picked up tag (density=6) | Total: 8

======================================================================
Step 2000 (1.1 min) | Pickups: 8 | Deposits: 7 | Rate: 6.56 tags/min | phero_entries=0 max_w=0.000
======================================================================
R1[SURVEY    ]: carry=1 | base=0.36 | wall=2.17 | search=  0 | target=none
R2[SITE      ]: carry=0 | base=0.90 | wall=1.61 | search=  0 | target=site(-2.03,0.40)
R3[SEARCH    ]: carry=0 | base=0.29 | wall=2.25 | search=239 | target=site(0.20,0.34)
R4[WALL_ESC  ]: carry=0 | base=3.05 | wall=0.31 | search=1376 | target=none

[PICKUP] R2 picked up tag (density=8) | Total: 9
[DEPOSIT] R1 deposited! Total: 8
  [TARGET] R1 → SITE (0.33, -0.14)
[PICKUP] R3 picked up tag (density=3) | Total: 10

======================================================================
Step 2500 (1.3 min) | Pickups: 10 | Deposits: 8 | Rate: 6.00 tags/min | phero_entries=0 max_w=0.000
======================================================================
R1[SEARCH    ]: carry=0 | base=0.39 | wall=2.13 | search= 38 | target=site(0.33,-0.14)
R2[RTB       ]: carry=1 | base=1.76 | wall=0.77 | search=  0 | target=none
R3[SURVEY    ]: carry=1 | base=0.60 | wall=2.03 | search=  0 | target=none
R4[GIVE_UP   ]: carry=0 | base=2.01 | wall=1.03 | search=1560 | target=none

[PICKUP] R1 picked up tag (density=5) | Total: 11
[DEPOSIT] R3 deposited! Total: 9
  [TARGET] R3 → WALL (-2.03, -2.42)
[PICKUP] R4 picked up tag (density=4) | Total: 12
[DEPOSIT] R1 deposited! Total: 10
  [TARGET] R1 → SITE (0.42, -0.13)
[DEPOSIT] R2 deposited! Total: 11
  [TARGET] R2 → SITE (-1.79, 0.33)

======================================================================
Step 3000 (1.6 min) | Pickups: 12 | Deposits: 11 | Rate: 6.88 tags/min | phero_entries=0 max_w=0.000
======================================================================
R1[BASE_ESC  ]: carry=0 | base=0.22 | wall=2.28 | search=  0 | target=site(0.42,-0.13)
R2[BASE_ESC  ]: carry=0 | base=0.25 | wall=2.27 | search=  0 | target=site(-1.79,0.33)
R3[DEPART    ]: carry=0 | base=0.28 | wall=2.22 | search=  0 | target=none
R4[SURVEY    ]: carry=1 | base=0.74 | wall=1.96 | search=  0 | target=none

[DEPOSIT] R4 deposited! Total: 12
  [TARGET] R4 → SITE (0.50, -0.54)
[PICKUP] R3 picked up tag (density=12) | Total: 13
[PICKUP] R4 picked up tag (density=3) | Total: 14

======================================================================
Step 3500 (1.9 min) | Pickups: 14 | Deposits: 12 | Rate: 6.43 tags/min | phero_entries=0 max_w=0.000
======================================================================
R1[SEARCH    ]: carry=0 | base=0.39 | wall=2.16 | search=400 | target=site(0.42,-0.13)
R2[SEARCH    ]: carry=0 | base=1.80 | wall=0.74 | search= 89 | target=site(-1.79,0.33)
R3[SURVEY    ]: carry=1 | base=1.02 | wall=1.62 | search=  0 | target=none
R4[SURVEY    ]: carry=1 | base=0.42 | wall=2.14 | search=  0 | target=none

[PICKUP] R1 picked up tag (density=2) | Total: 15
[PICKUP] R2 picked up tag (density=7) | Total: 16
[DEPOSIT] R3 deposited! Total: 13
  [PHERO] Laid at (-0.50, -0.88) density=12 prob=0.66 entries=1
  [TARGET] R3 → SITE (-0.50, -0.88)
[DEPOSIT] R4 deposited! Total: 14
  [TARGET] R4 → PHERO (-0.50, -0.88)
[DEPOSIT] R1 deposited! Total: 15
  [TARGET] R1 → PHERO (-0.50, -0.88)

======================================================================
Step 4000 (2.1 min) | Pickups: 16 | Deposits: 15 | Rate: 7.03 tags/min | phero_entries=1 max_w=0.534
======================================================================
R1[PHERO     ]: carry=0 | base=0.27 | wall=2.28 | search=  0 | target=phero(-0.50,-0.88)
R2[RTB       ]: carry=1 | base=1.65 | wall=0.88 | search=  0 | target=none
R3[SITE      ]: carry=0 | base=0.59 | wall=1.95 | search=  0 | target=site(-0.50,-0.88)
R4[PHERO     ]: carry=0 | base=0.30 | wall=2.21 | search=  0 | target=phero(-0.50,-0.88)

[DEPOSIT] R2 deposited! Total: 16
  [TARGET] R2 → SITE (-1.90, 0.37)
  [GIVE-UP] R3 returned empty after 156 searching steps
  [TARGET] R3 → PHERO (-0.50, -0.88)

======================================================================
Step 4500 (2.4 min) | Pickups: 16 | Deposits: 16 | Rate: 6.67 tags/min | phero_entries=1 max_w=0.126
======================================================================
R1[SEARCH    ]: carry=0 | base=1.02 | wall=1.61 | search= 38 | target=phero(-0.50,-0.88)
R2[SITE      ]: carry=0 | base=0.32 | wall=2.22 | search=  0 | target=site(-1.90,0.37)
R3[BASE_ESC  ]: carry=0 | base=0.22 | wall=2.34 | search=  0 | target=phero(-0.50,-0.88)
R4[GIVE_UP   ]: carry=0 | base=1.05 | wall=1.49 | search=156 | target=none

  [GIVE-UP] R4 returned empty after 156 searching steps
  [TARGET] R4 → PHERO (-0.50, -0.88)
[PICKUP] R3 picked up tag (density=11) | Total: 17
[PICKUP] R2 picked up tag (density=6) | Total: 18

======================================================================
Step 5000 (2.7 min) | Pickups: 18 | Deposits: 16 | Rate: 6.00 tags/min | phero_entries=1 max_w=0.030
======================================================================
R1[GIVE_UP   ]: carry=0 | base=0.47 | wall=2.06 | search=468 | target=none
R2[SURVEY    ]: carry=1 | base=1.92 | wall=0.60 | search=  0 | target=none
R3[SURVEY    ]: carry=1 | base=1.05 | wall=1.64 | search=  0 | target=none
R4[PHERO     ]: carry=0 | base=0.76 | wall=1.81 | search=  0 | target=phero(-0.50,-0.88)

  [GIVE-UP] R1 returned empty after 468 searching steps
  [TARGET] R1 → PHERO (-0.50, -0.88)
[PICKUP] R4 picked up tag (density=10) | Total: 19
[DEPOSIT] R3 deposited! Total: 17
  [TARGET] R3 → SITE (-0.60, -0.87)

======================================================================
Step 5500 (2.9 min) | Pickups: 19 | Deposits: 17 | Rate: 5.80 tags/min | phero_entries=1 max_w=0.007
======================================================================
R1[SEARCH    ]: carry=0 | base=1.01 | wall=1.62 | search= 46 | target=phero(-0.50,-0.88)
R2[RTB       ]: carry=1 | base=0.74 | wall=1.77 | search=  0 | target=none
R3[SITE      ]: carry=0 | base=0.26 | wall=2.26 | search=  0 | target=site(-0.60,-0.87)
R4[RTB       ]: carry=1 | base=1.08 | wall=1.55 | search=  0 | target=none

[DEPOSIT] R2 deposited! Total: 18
  [TARGET] R2 → SITE (-1.90, 0.32)
[DEPOSIT] R4 deposited! Total: 19
  [PHERO] Laid at (-0.52, -0.94) density=10 prob=0.43 entries=2
  [TARGET] R4 → SITE (-0.52, -0.94)
[PICKUP] R1 picked up tag (density=9) | Total: 20

======================================================================
Step 6000 (3.2 min) | Pickups: 20 | Deposits: 19 | Rate: 5.94 tags/min | phero_entries=2 max_w=0.466
======================================================================
R1[SURVEY    ]: carry=1 | base=1.20 | wall=1.38 | search=  0 | target=none
R2[SITE      ]: carry=0 | base=1.19 | wall=1.32 | search=  0 | target=site(-1.90,0.32)
R3[SEARCH    ]: carry=0 | base=1.01 | wall=1.69 | search=294 | target=site(-0.60,-0.87)
R4[SITE      ]: carry=0 | base=0.77 | wall=1.80 | search=  0 | target=site(-0.52,-0.94)

[PICKUP] R3 picked up tag (density=8) | Total: 21
[PICKUP] R2 picked up tag (density=5) | Total: 22
[PICKUP] R4 picked up tag (density=7) | Total: 23

======================================================================
Step 6500 (3.5 min) | Pickups: 23 | Deposits: 19 | Rate: 5.48 tags/min | phero_entries=1 max_w=0.110
======================================================================
R1[RTB       ]: carry=1 | base=0.26 | wall=2.25 | search=  0 | target=none
R2[RTB       ]: carry=1 | base=1.76 | wall=0.76 | search=  0 | target=none
R3[RTB       ]: carry=1 | base=0.29 | wall=2.26 | search=  0 | target=none
R4[SURVEY    ]: carry=1 | base=1.12 | wall=1.53 | search=  0 | target=none

[DEPOSIT] R1 deposited! Total: 20
  [PHERO] Laid at (-0.43, -1.13) density=9 prob=0.32 entries=2
  [TARGET] R1 → SITE (-0.43, -1.13)
[DEPOSIT] R3 deposited! Total: 21
  [TARGET] R3 → SITE (-0.67, -0.87)
[DEPOSIT] R4 deposited! Total: 22
  [TARGET] R4 → SITE (-0.56, -0.97)
[DEPOSIT] R2 deposited! Total: 23
  [TARGET] R2 → PHERO (-0.43, -1.13)
[PICKUP] R1 picked up tag (density=6) | Total: 24

======================================================================
Step 7000 (3.7 min) | Pickups: 24 | Deposits: 23 | Rate: 6.16 tags/min | phero_entries=2 max_w=0.237
======================================================================
R1[SURVEY    ]: carry=1 | base=1.20 | wall=1.41 | search=  0 | target=none
R2[BASE_ESC  ]: carry=0 | base=0.24 | wall=2.26 | search=  0 | target=phero(-0.43,-1.13)
R3[SEARCH    ]: carry=0 | base=1.08 | wall=1.59 | search=147 | target=site(-0.67,-0.87)
R4[SITE      ]: carry=0 | base=0.29 | wall=2.22 | search=  0 | target=site(-0.56,-0.97)

[PICKUP] R3 picked up tag (density=5) | Total: 25
[PICKUP] R2 picked up tag (density=4) | Total: 26

======================================================================
Step 7500 (4.0 min) | Pickups: 26 | Deposits: 23 | Rate: 5.75 tags/min | phero_entries=2 max_w=0.056
======================================================================
R1[RTB       ]: carry=1 | base=0.48 | wall=2.04 | search=  0 | target=none
R2[SURVEY    ]: carry=1 | base=1.21 | wall=1.39 | search=  0 | target=none
R3[RTB       ]: carry=1 | base=1.01 | wall=1.68 | search=  0 | target=none
R4[SEARCH    ]: carry=0 | base=1.18 | wall=1.45 | search=284 | target=site(-0.56,-0.97)

[DEPOSIT] R1 deposited! Total: 24
  [TARGET] R1 → SITE (-0.51, -1.10)
[DEPOSIT] R3 deposited! Total: 25
  [TARGET] R3 → SITE (-0.75, -0.94)
[DEPOSIT] R2 deposited! Total: 26
  [TARGET] R2 → SITE (-0.49, -1.12)

======================================================================
Step 8000 (4.3 min) | Pickups: 26 | Deposits: 26 | Rate: 6.09 tags/min | phero_entries=2 max_w=0.013
======================================================================
R1[SEARCH    ]: carry=0 | base=1.21 | wall=1.42 | search= 51 | target=site(-0.51,-1.10)
R2[BASE_ESC  ]: carry=0 | base=0.24 | wall=2.27 | search=  0 | target=site(-0.49,-1.12)
R3[SITE      ]: carry=0 | base=0.92 | wall=1.75 | search=  0 | target=site(-0.75,-0.94)
R4[SEARCH    ]: carry=0 | base=0.56 | wall=2.04 | search=784 | target=site(-0.56,-0.97)

[PICKUP] R1 picked up tag (density=3) | Total: 27

======================================================================
Step 8500 (4.5 min) | Pickups: 27 | Deposits: 26 | Rate: 5.74 tags/min | phero_entries=1 max_w=0.003
======================================================================
R1[RTB       ]: carry=1 | base=0.64 | wall=1.92 | search=  0 | target=none
R2[SEARCH    ]: carry=0 | base=1.22 | wall=1.35 | search=129 | target=site(-0.49,-1.12)
R3[SEARCH    ]: carry=0 | base=1.17 | wall=1.59 | search=440 | target=site(-0.75,-0.94)
R4[SEARCH    ]: carry=0 | base=0.95 | wall=1.72 | search=1284 | target=site(-0.56,-0.97)

[DEPOSIT] R1 deposited! Total: 27
  [TARGET] R1 → SITE (-0.59, -1.10)

======================================================================
Step 9000 (4.8 min) | Pickups: 27 | Deposits: 27 | Rate: 5.62 tags/min | phero_entries=0 max_w=0.000
======================================================================
R1[SEARCH    ]: carry=0 | base=1.25 | wall=1.40 | search= 24 | target=site(-0.59,-1.10)
R2[SEARCH    ]: carry=0 | base=1.07 | wall=1.46 | search=629 | target=site(-0.49,-1.12)
R3[SEARCH    ]: carry=0 | base=1.02 | wall=1.54 | search=940 | target=site(-0.75,-0.94)
R4[SEARCH    ]: carry=0 | base=0.43 | wall=2.08 | search=1784 | target=site(-0.56,-0.97)

[PICKUP] R1 picked up tag (density=2) | Total: 28

======================================================================
Step 9500 (5.1 min) | Pickups: 28 | Deposits: 27 | Rate: 5.33 tags/min | phero_entries=0 max_w=0.000
======================================================================
R1[RTB       ]: carry=1 | base=0.28 | wall=2.25 | search=  0 | target=none
R2[SEARCH    ]: carry=0 | base=1.70 | wall=1.10 | search=1129 | target=site(-0.49,-1.12)
R3[SEARCH    ]: carry=0 | base=0.42 | wall=2.14 | search=1440 | target=site(-0.75,-0.94)
R4[SEARCH    ]: carry=0 | base=0.28 | wall=2.22 | search=2284 | target=site(-0.56,-0.97)

[DEPOSIT] R1 deposited! Total: 28
  [TARGET] R1 → SITE (-0.59, -1.11)

======================================================================
Step 10000 (5.3 min) | Pickups: 28 | Deposits: 28 | Rate: 5.25 tags/min | phero_entries=0 max_w=0.000
======================================================================
R1[SEARCH    ]: carry=0 | base=1.24 | wall=1.39 | search= 80 | target=site(-0.59,-1.11)
R2[SEARCH    ]: carry=0 | base=2.55 | wall=0.60 | search=1629 | target=site(-0.49,-1.12)
R3[SEARCH    ]: carry=0 | base=0.68 | wall=1.85 | search=1940 | target=site(-0.75,-0.94)
R4[SEARCH    ]: carry=0 | base=0.26 | wall=2.24 | search=2784 | target=site(-0.56,-0.97)

  [GIVE-UP] R1 returned empty after 156 searching steps
  [TARGET] R1 → WALL (0.79, 2.42)

======================================================================
Step 10500 (5.6 min) | Pickups: 28 | Deposits: 28 | Rate: 5.00 tags/min | phero_entries=0 max_w=0.000
======================================================================
R1[DEPART    ]: carry=0 | base=0.27 | wall=2.29 | search=  0 | target=none
R2[WALL_ESC  ]: carry=0 | base=2.89 | wall=0.31 | search=2129 | target=site(-0.49,-1.12)
R3[SEARCH    ]: carry=0 | base=1.10 | wall=1.40 | search=2440 | target=site(-0.75,-0.94)
R4[SEARCH    ]: carry=0 | base=0.35 | wall=2.22 | search=3284 | target=site(-0.56,-0.97)

  [GIVE-UP] R4 returned empty after 3432 searching steps
  [TARGET] R4 → WALL (2.42, -0.87)

======================================================================
Step 11000 (5.9 min) | Pickups: 28 | Deposits: 28 | Rate: 4.77 tags/min | phero_entries=0 max_w=0.000
======================================================================
R1[BASE_ESC  ]: carry=0 | base=0.25 | wall=2.26 | search=  0 | target=none
R2[SEARCH    ]: carry=0 | base=2.82 | wall=0.38 | search=2629 | target=site(-0.49,-1.12)
R3[SEARCH    ]: carry=0 | base=0.70 | wall=1.88 | search=2940 | target=site(-0.75,-0.94)
R4[BASE_ESC  ]: carry=0 | base=0.24 | wall=2.30 | search=  0 | target=none


======================================================================
Step 11500 (6.1 min) | Pickups: 28 | Deposits: 28 | Rate: 4.57 tags/min | phero_entries=0 max_w=0.000
======================================================================
R1[SEARCH    ]: carry=0 | base=1.12 | wall=1.53 | search=434 | target=none
R2[SEARCH    ]: carry=0 | base=2.79 | wall=0.37 | search=3129 | target=site(-0.49,-1.12)
R3[GIVE_UP   ]: carry=0 | base=0.76 | wall=1.75 | search=3276 | target=none
R4[SEARCH    ]: carry=0 | base=0.88 | wall=1.68 | search=368 | target=none

  [GIVE-UP] R3 returned empty after 3276 searching steps
  [TARGET] R3 → WALL (2.42, 0.45)

======================================================================
Step 12000 (6.4 min) | Pickups: 28 | Deposits: 28 | Rate: 4.38 tags/min | phero_entries=0 max_w=0.000
======================================================================
R1[SEARCH    ]: carry=0 | base=0.45 | wall=2.05 | search=934 | target=none
R2[WALL_ESC  ]: carry=0 | base=2.89 | wall=0.32 | search=3629 | target=site(-0.49,-1.12)
R3[SEARCH    ]: carry=0 | base=0.29 | wall=2.27 | search= 50 | target=none
R4[GIVE_UP   ]: carry=0 | base=0.86 | wall=1.64 | search=780 | target=none

  [GIVE-UP] R4 returned empty after 780 searching steps
  [TARGET] R4 → WALL (-2.42, 2.16)

======================================================================
Step 12500 (6.7 min) | Pickups: 28 | Deposits: 28 | Rate: 4.20 tags/min | phero_entries=0 max_w=0.000
======================================================================
R1[SEARCH    ]: carry=0 | base=0.77 | wall=1.73 | search=1434 | target=none
R2[SEARCH    ]: carry=0 | base=2.78 | wall=0.40 | search=4129 | target=site(-0.49,-1.12)
R3[SEARCH    ]: carry=0 | base=1.03 | wall=1.73 | search=550 | target=none
R4[SEARCH    ]: carry=0 | base=0.86 | wall=1.76 | search= 73 | target=none

  [GIVE-UP] R1 returned empty after 1560 searching steps
  [TARGET] R1 → WALL (2.30, 2.42)
  [GIVE-UP] R4 returned empty after 156 searching steps
  [TARGET] R4 → WALL (-2.42, -2.00)
  [GIVE-UP] R3 returned empty after 780 searching steps
  [TARGET] R3 → WALL (2.42, -0.23)

======================================================================
Step 13000 (6.9 min) | Pickups: 28 | Deposits: 28 | Rate: 4.04 tags/min | phero_entries=0 max_w=0.000
======================================================================
R1[DEPART    ]: carry=0 | base=0.26 | wall=2.24 | search=  0 | target=none
R2[WALL_ESC  ]: carry=0 | base=2.86 | wall=0.32 | search=4524 | target=none
R3[BASE_ESC  ]: carry=0 | base=0.22 | wall=2.29 | search=  0 | target=none
R4[DEPART    ]: carry=0 | base=0.26 | wall=2.29 | search=  0 | target=none


======================================================================
Step 13500 (7.2 min) | Pickups: 28 | Deposits: 28 | Rate: 3.89 tags/min | phero_entries=0 max_w=0.000
======================================================================
R1[DEPART    ]: carry=0 | base=1.59 | wall=1.30 | search=  0 | target=none
R2[GIVE_UP   ]: carry=0 | base=0.96 | wall=1.76 | search=4524 | target=none
R3[SEARCH    ]: carry=0 | base=0.88 | wall=1.70 | search=288 | target=none
R4[SEARCH    ]: carry=0 | base=0.67 | wall=1.98 | search=348 | target=none

[PICKUP] R2 picked up tag (density=2) | Total: 29
[DEPOSIT] R2 deposited! Total: 29
  [TARGET] R2 → WALL (2.42, 1.78)

======================================================================
Step 14000 (7.5 min) | Pickups: 29 | Deposits: 29 | Rate: 3.88 tags/min | phero_entries=0 max_w=0.000
======================================================================
R1[SEARCH    ]: carry=0 | base=2.95 | wall=0.39 | search=386 | target=none
R2[BASE_ESC  ]: carry=0 | base=0.23 | wall=2.32 | search=  0 | target=none
R3[SEARCH    ]: carry=0 | base=1.89 | wall=1.05 | search=788 | target=none
R4[SEARCH    ]: carry=0 | base=0.76 | wall=1.75 | search=848 | target=none

[PICKUP] R4 picked up tag (density=1) | Total: 30

======================================================================
Step 14500 (7.7 min) | Pickups: 30 | Deposits: 29 | Rate: 3.75 tags/min | phero_entries=0 max_w=0.000
======================================================================
R1[SEARCH    ]: carry=0 | base=2.45 | wall=0.73 | search=886 | target=none
R2[DEPART    ]: carry=0 | base=1.59 | wall=1.14 | search=  0 | target=none
R3[SEARCH    ]: carry=0 | base=1.45 | wall=1.29 | search=1288 | target=none
R4[SURVEY    ]: carry=1 | base=1.40 | wall=1.37 | search=  0 | target=none


======================================================================
Step 15000 (8.0 min) | Pickups: 30 | Deposits: 29 | Rate: 3.62 tags/min | phero_entries=0 max_w=0.000
======================================================================
R1[GIVE_UP   ]: carry=0 | base=1.87 | wall=1.02 | search=1092 | target=none
R2[SEARCH    ]: carry=0 | base=1.66 | wall=0.89 | search=432 | target=none
R3[SEARCH    ]: carry=0 | base=2.29 | wall=0.82 | search=1788 | target=none
R4[RTB       ]: carry=1 | base=0.29 | wall=2.26 | search=  0 | target=none

[DEPOSIT] R4 deposited! Total: 30
  [TARGET] R4 → WALL (1.74, -2.42)
[PICKUP] R2 picked up tag (density=12) | Total: 31
  [GIVE-UP] R1 returned empty after 1092 searching steps
  [TARGET] R1 → WALL (-1.75, 2.42)

======================================================================
Step 15500 (8.3 min) | Pickups: 31 | Deposits: 30 | Rate: 3.63 tags/min | phero_entries=0 max_w=0.000
======================================================================
R1[BASE_ESC  ]: carry=0 | base=0.22 | wall=2.34 | search=  0 | target=none
R2[RTB       ]: carry=1 | base=1.16 | wall=1.35 | search=  0 | target=none
R3[SEARCH    ]: carry=0 | base=2.61 | wall=0.65 | search=2288 | target=none
R4[DEPART    ]: carry=0 | base=1.56 | wall=1.16 | search=  0 | target=none

[PICKUP] R1 picked up tag (density=1) | Total: 32
[DEPOSIT] R2 deposited! Total: 31
  [TARGET] R2 → SITE (1.47, 0.34)
[DEPOSIT] R1 deposited! Total: 32
  [TARGET] R1 → SITE (0.05, 0.42)

======================================================================
Step 16000 (8.5 min) | Pickups: 32 | Deposits: 32 | Rate: 3.75 tags/min | phero_entries=0 max_w=0.000
======================================================================
R1[BASE_ESC  ]: carry=0 | base=0.22 | wall=2.31 | search=  0 | target=site(0.05,0.42)
R2[SITE      ]: carry=0 | base=0.77 | wall=1.74 | search=  0 | target=site(1.47,0.34)
R3[SEARCH    ]: carry=0 | base=2.01 | wall=0.66 | search=2788 | target=none
R4[WALL_ESC  ]: carry=0 | base=2.53 | wall=0.33 | search=257 | target=none

[PICKUP] R2 picked up tag (density=11) | Total: 33

======================================================================
Step 16500 (8.8 min) | Pickups: 33 | Deposits: 32 | Rate: 3.64 tags/min | phero_entries=0 max_w=0.000
======================================================================
R1[GIVE_UP   ]: carry=0 | base=0.55 | wall=1.99 | search=312 | target=none
R2[RTB       ]: carry=1 | base=0.57 | wall=1.93 | search=  0 | target=none
R3[GIVE_UP   ]: carry=0 | base=1.74 | wall=0.80 | search=3120 | target=none
R4[GIVE_UP   ]: carry=0 | base=2.03 | wall=0.76 | search=624 | target=none

[DEPOSIT] R2 deposited! Total: 33
  [TARGET] R2 → SITE (1.07, 0.20)
  [GIVE-UP] R1 returned empty after 312 searching steps
  [TARGET] R1 → WALL (2.42, -0.97)
  [GIVE-UP] R3 returned empty after 3120 searching steps
  [TARGET] R3 → WALL (0.79, -2.42)
[PICKUP] R2 picked up tag (density=10) | Total: 34
  [GIVE-UP] R4 returned empty after 624 searching steps
  [TARGET] R4 → WALL (-0.18, -2.42)

======================================================================
Step 17000 (9.1 min) | Pickups: 34 | Deposits: 33 | Rate: 3.64 tags/min | phero_entries=0 max_w=0.000
======================================================================
R1[DEPART    ]: carry=0 | base=0.61 | wall=1.89 | search=  0 | target=none
R2[SURVEY    ]: carry=1 | base=1.09 | wall=1.43 | search=  0 | target=none
R3[DEPART    ]: carry=0 | base=0.26 | wall=2.25 | search=  0 | target=none
R4[BASE_ESC  ]: carry=0 | base=0.22 | wall=2.30 | search=  0 | target=none

[PICKUP] R1 picked up tag (density=1) | Total: 35
[DEPOSIT] R2 deposited! Total: 34
  [TARGET] R2 → SITE (1.07, 0.18)

======================================================================
Step 17500 (9.3 min) | Pickups: 35 | Deposits: 34 | Rate: 3.64 tags/min | phero_entries=0 max_w=0.000
======================================================================
R1[RTB       ]: carry=1 | base=0.71 | wall=1.83 | search=  0 | target=none
R2[BASE_ESC  ]: carry=0 | base=0.23 | wall=2.27 | search=  0 | target=site(1.07,0.18)
R3[DEPART    ]: carry=0 | base=0.33 | wall=2.21 | search=  0 | target=none
R4[SEARCH    ]: carry=0 | base=1.27 | wall=1.26 | search=273 | target=none

[DEPOSIT] R1 deposited! Total: 35
  [TARGET] R1 → SITE (0.66, -0.24)
  [GIVE-UP] R4 returned empty after 312 searching steps
  [TARGET] R4 → WALL (-0.34, 2.42)
[PICKUP] R2 picked up tag (density=9) | Total: 36

======================================================================
Step 18000 (9.6 min) | Pickups: 36 | Deposits: 35 | Rate: 3.65 tags/min | phero_entries=0 max_w=0.000
======================================================================
R1[SITE      ]: carry=0 | base=0.54 | wall=1.97 | search=  0 | target=site(0.66,-0.24)
R2[SURVEY    ]: carry=1 | base=1.08 | wall=1.43 | search=  0 | target=none
R3[SEARCH    ]: carry=0 | base=0.99 | wall=1.60 | search=403 | target=none
R4[DEPART    ]: carry=0 | base=0.26 | wall=2.25 | search=  0 | target=none

[DEPOSIT] R2 deposited! Total: 36
  [PHERO] Laid at (1.07, 0.12) density=9 prob=0.32 entries=1
  [TARGET] R2 → SITE (1.07, 0.12)

======================================================================
Step 18500 (9.9 min) | Pickups: 36 | Deposits: 36 | Rate: 3.65 tags/min | phero_entries=1 max_w=0.971
======================================================================
R1[SEARCH    ]: carry=0 | base=0.95 | wall=1.68 | search=466 | target=site(0.66,-0.24)
R2[BASE_ESC  ]: carry=0 | base=0.23 | wall=2.27 | search=  0 | target=site(1.07,0.12)
R3[SEARCH    ]: carry=0 | base=0.99 | wall=1.65 | search=903 | target=none
R4[SEARCH    ]: carry=0 | base=0.49 | wall=2.01 | search=292 | target=none

  [GIVE-UP] R4 returned empty after 312 searching steps
  [TARGET] R4 → PHERO (1.07, 0.12)
TIMEOUT_RESULT pickups=36 deposits=36 steps=18750 elapsed_min=10.000000
BATCH_RESULT pickups=36 deposits=36
