Gym has been unmaintained since 2022 and does not support NumPy 2.0 amongst other critical functionality.
Please upgrade to Gymnasium, the maintained drop-in replacement of Gym, or contact the authors of your software and request that they upgrade.
Users of this version of Gym should be able to simply replace 'import gym' with 'import gymnasium as gym' in the vast majority of cases.
See the migration guide at https://gymnasium.farama.org/introduction/migration_guide/ for additional information.
============================================================
EVALUATION MODE — CPFA-RL Trained Model
Arena: 7×7m  |  Robots: 4  (teams of 4: 1)  |  Tags: 32
Obs per team: 18 × 4 = 72  |  Total obs dim: 72
============================================================

Loading model: ppo_cpfa_v9
Model loaded. Starting evaluation...

============================================================


======================================================================
Step 500 (0.3 min) | Pickups: 0 | Deposits: 0 | Rate: 0.00 tags/min | phero_entries=0 phero_max=0.000
======================================================================
R1[T1][EXPLORE   ]: L=+1.00 R=+1.00 | carry=0 | base=0.49 ba=-1.00 | site=0 sd=0.00 sa=+0.00 | phero=0 pd=0.00 pa=+0.00 | srch=0.12 | wall=1.08
R2[T1][EXPLORE   ]: L=+1.00 R=+1.00 | carry=0 | base=0.41 ba=-0.92 | site=0 sd=0.00 sa=+0.00 | phero=0 pd=0.00 pa=+0.00 | srch=0.12 | wall=1.61
R3[T1][EXPLORE   ]: L=+1.00 R=+1.00 | carry=0 | base=0.30 ba=+0.98 | site=0 sd=0.00 sa=+0.00 | phero=0 pd=0.00 pa=+0.00 | srch=0.12 | wall=2.32
R4[T1][EXPLORE   ]: L=+1.00 R=+1.00 | carry=0 | base=0.40 ba=+0.92 | site=0 sd=0.00 sa=+0.00 | phero=0 pd=0.00 pa=+0.00 | srch=0.12 | wall=1.58


======================================================================
Step 1000 (0.5 min) | Pickups: 0 | Deposits: 0 | Rate: 0.00 tags/min | phero_entries=0 phero_max=0.000
======================================================================
R1[T1][EXPLORE   ]: L=+1.00 R=+1.00 | carry=0 | base=0.50 ba=-0.14 | site=0 sd=0.00 sa=+0.00 | phero=0 pd=0.00 pa=+0.00 | srch=0.25 | wall=1.03
R2[T1][EXPLORE   ]: L=+1.00 R=+1.00 | carry=0 | base=0.62 ba=-0.11 | site=0 sd=0.00 sa=+0.00 | phero=0 pd=0.00 pa=+0.00 | srch=0.25 | wall=0.51
R3[T1][EXPLORE   ]: L=+1.00 R=+1.00 | carry=0 | base=0.69 ba=+0.99 | site=0 sd=0.00 sa=+0.00 | phero=0 pd=0.00 pa=+0.00 | srch=0.25 | wall=0.88
R4[T1][EXPLORE   ]: L=+1.00 R=+1.00 | carry=0 | base=0.60 ba=+0.11 | site=0 sd=0.00 sa=+0.00 | phero=0 pd=0.00 pa=+0.00 | srch=0.25 | wall=0.55


======================================================================
Step 1500 (0.8 min) | Pickups: 0 | Deposits: 0 | Rate: 0.00 tags/min | phero_entries=0 phero_max=0.000
======================================================================
R1[T1][EXPLORE   ]: L=+1.00 R=+1.00 | carry=0 | base=0.22 ba=-0.40 | site=0 sd=0.00 sa=+0.00 | phero=0 pd=0.00 pa=+0.00 | srch=0.38 | wall=2.60
R2[T1][EXPLORE   ]: L=+1.00 R=+1.00 | carry=0 | base=0.29 ba=-0.26 | site=0 sd=0.00 sa=+0.00 | phero=0 pd=0.00 pa=+0.00 | srch=0.38 | wall=2.13
R3[T1][EXPLORE   ]: L=+1.00 R=+1.00 | carry=0 | base=0.77 ba=+0.40 | site=0 sd=0.00 sa=+0.00 | phero=0 pd=0.00 pa=+0.00 | srch=0.38 | wall=0.49
R4[T1][EXPLORE   ]: L=+1.00 R=+1.00 | carry=0 | base=0.27 ba=+0.27 | site=0 sd=0.00 sa=+0.00 | phero=0 pd=0.00 pa=+0.00 | srch=0.38 | wall=2.28

[PICKUP] Robot 3 picked up tag (density=16) | Total: 1

======================================================================
Step 2000 (1.1 min) | Pickups: 1 | Deposits: 0 | Rate: 0.00 tags/min | phero_entries=0 phero_max=0.000
======================================================================
R1[T1][EXPLORE   ]: L=+1.00 R=+1.00 | carry=0 | base=0.38 ba=-0.81 | site=0 sd=0.00 sa=+0.00 | phero=0 pd=0.00 pa=+0.00 | srch=0.50 | wall=2.00
R2[T1][EXPLORE   ]: L=+1.00 R=+1.00 | carry=0 | base=0.29 ba=-0.74 | site=0 sd=0.00 sa=+0.00 | phero=0 pd=0.00 pa=+0.00 | srch=0.50 | wall=2.10
R3[T1][RTB       ]: L=+1.00 R=+1.00 | carry=1 | base=0.49 ba=+0.00 | site=0 sd=0.00 sa=+0.00 | phero=0 pd=0.00 pa=+0.00 | srch=0.00 | wall=1.24
R4[T1][EXPLORE   ]: L=+1.00 R=+1.00 | carry=0 | base=0.29 ba=+0.76 | site=0 sd=0.00 sa=+0.00 | phero=0 pd=0.00 pa=+0.00 | srch=0.50 | wall=2.16


======================================================================
Step 2500 (1.3 min) | Pickups: 1 | Deposits: 0 | Rate: 0.00 tags/min | phero_entries=0 phero_max=0.000
======================================================================
R1[T1][EXPLORE   ]: L=+1.00 R=+1.00 | carry=0 | base=0.74 ba=-0.91 | site=0 sd=0.00 sa=+0.00 | phero=0 pd=0.00 pa=+0.00 | srch=0.62 | wall=0.51
R2[T1][EXPLORE   ]: L=+1.00 R=+1.00 | carry=0 | base=0.61 ba=-0.92 | site=0 sd=0.00 sa=+0.00 | phero=0 pd=0.00 pa=+0.00 | srch=0.62 | wall=1.00
R3[T1][RTB       ]: L=+1.00 R=+1.00 | carry=1 | base=0.13 ba=-0.00 | site=0 sd=0.00 sa=+0.00 | phero=0 pd=0.00 pa=+0.00 | srch=0.00 | wall=2.89
R4[T1][EXPLORE   ]: L=+1.00 R=+1.00 | carry=0 | base=0.63 ba=+0.90 | site=0 sd=0.00 sa=+0.00 | phero=0 pd=0.00 pa=+0.00 | srch=0.62 | wall=1.28

[DEPOSIT] Robot 3 deposited! Total: 1
  [PHERO] Laid at (-1.22, -2.76) density=16 prob=1.00 total_entries=1
  [TARGET] Robot 3 → SITE (-1.22,-2.76)

======================================================================
Step 3000 (1.6 min) | Pickups: 1 | Deposits: 1 | Rate: 0.62 tags/min | phero_entries=1 phero_max=0.534
======================================================================
R1[T1][EXPLORE   ]: L=+1.00 R=+1.00 | carry=0 | base=0.51 ba=-0.08 | site=0 sd=0.00 sa=+0.00 | phero=0 pd=0.00 pa=+0.00 | srch=0.75 | wall=1.28
R2[T1][EXPLORE   ]: L=+1.00 R=+1.00 | carry=0 | base=0.78 ba=-0.46 | site=0 sd=0.00 sa=+0.00 | phero=0 pd=0.00 pa=+0.00 | srch=0.75 | wall=0.63
R3[T1][SITE      ]: L=+0.98 R=+1.00 | carry=0 | base=0.27 ba=+0.98 | site=1 sd=0.38 sa=+0.20 | phero=0 pd=0.00 pa=+0.00 | srch=0.10 | wall=2.53
R4[T1][EXPLORE   ]: L=+1.00 R=+1.00 | carry=0 | base=0.64 ba=+0.42 | site=0 sd=0.00 sa=+0.00 | phero=0 pd=0.00 pa=+0.00 | srch=0.75 | wall=0.96


======================================================================
Step 3500 (1.9 min) | Pickups: 1 | Deposits: 1 | Rate: 0.54 tags/min | phero_entries=1 phero_max=0.240
======================================================================
R1[T1][EXPLORE   ]: L=+1.00 R=+1.00 | carry=0 | base=0.17 ba=-0.28 | site=0 sd=0.00 sa=+0.00 | phero=0 pd=0.00 pa=+0.00 | srch=0.88 | wall=2.68
R2[T1][EXPLORE   ]: L=+1.00 R=+1.00 | carry=0 | base=0.55 ba=-0.20 | site=0 sd=0.00 sa=+0.00 | phero=0 pd=0.00 pa=+0.00 | srch=0.88 | wall=0.99
R3[T1][SITE      ]: L=+0.91 R=+1.00 | carry=0 | base=0.60 ba=+0.69 | site=1 sd=0.05 sa=+0.14 | phero=0 pd=0.00 pa=+0.00 | srch=0.22 | wall=0.89
R4[T1][EXPLORE   ]: L=+1.00 R=+1.00 | carry=0 | base=0.62 ba=+0.33 | site=0 sd=0.00 sa=+0.00 | phero=0 pd=0.00 pa=+0.00 | srch=0.88 | wall=0.42

[PICKUP] Robot 3 picked up tag (density=15) | Total: 2

======================================================================
Step 4000 (2.1 min) | Pickups: 2 | Deposits: 1 | Rate: 0.47 tags/min | phero_entries=1 phero_max=0.108
======================================================================
R1[T1][EXPLORE   ]: L=+1.00 R=+1.00 | carry=0 | base=0.31 ba=-0.86 | site=0 sd=0.00 sa=+0.00 | phero=0 pd=0.00 pa=+0.00 | srch=1.00 | wall=2.07
R2[T1][EXPLORE   ]: L=+1.00 R=+1.00 | carry=0 | base=0.33 ba=-0.44 | site=0 sd=0.00 sa=+0.00 | phero=0 pd=0.00 pa=+0.00 | srch=1.00 | wall=1.96
R3[T1][RTB       ]: L=+1.00 R=+1.00 | carry=1 | base=0.34 ba=+0.00 | site=0 sd=0.00 sa=+0.00 | phero=0 pd=0.00 pa=+0.00 | srch=0.00 | wall=1.90
R4[T1][EXPLORE   ]: L=+1.00 R=+1.00 | carry=0 | base=0.54 ba=+0.54 | site=0 sd=0.00 sa=+0.00 | phero=0 pd=0.00 pa=+0.00 | srch=1.00 | wall=1.30

[DEPOSIT] Robot 3 deposited! Total: 2
  [PHERO] Laid at (-1.12, -2.83) density=15 prob=1.00 total_entries=2
  [TARGET] Robot 3 → SITE (-1.12,-2.83)

======================================================================
Step 4500 (2.4 min) | Pickups: 2 | Deposits: 2 | Rate: 0.83 tags/min | phero_entries=2 phero_max=0.821
======================================================================
R1[T1][EXPLORE   ]: L=+1.00 R=+1.00 | carry=0 | base=0.68 ba=+0.99 | site=0 sd=0.00 sa=+0.00 | phero=0 pd=0.00 pa=+0.00 | srch=1.00 | wall=0.69
R2[T1][EXPLORE   ]: L=+1.00 R=+1.00 | carry=0 | base=0.46 ba=-0.74 | site=0 sd=0.00 sa=+0.00 | phero=0 pd=0.00 pa=+0.00 | srch=1.00 | wall=1.29
R3[T1][SITE      ]: L=+1.00 R=+1.00 | carry=0 | base=0.06 ba=+0.92 | site=1 sd=0.56 sa=-0.19 | phero=0 pd=0.00 pa=+0.00 | srch=0.03 | wall=3.21
R4[T1][WALL_ESC  ]: L=+0.00 R=+1.00 | carry=0 | base=0.70 ba=+0.49 | site=0 sd=0.00 sa=+0.00 | phero=0 pd=0.00 pa=+0.00 | srch=1.00 | wall=0.33

[PICKUP] Robot 2 picked up tag (density=16) | Total: 3
[PICKUP] Robot 4 picked up tag (density=14) | Total: 4

======================================================================
Step 5000 (2.7 min) | Pickups: 4 | Deposits: 2 | Rate: 0.75 tags/min | phero_entries=2 phero_max=0.369
======================================================================
R1[T1][EXPLORE   ]: L=+1.00 R=+1.00 | carry=0 | base=0.56 ba=+0.06 | site=0 sd=0.00 sa=+0.00 | phero=0 pd=0.00 pa=+0.00 | srch=1.00 | wall=1.10
R2[T1][RTB       ]: L=+1.00 R=+1.00 | carry=1 | base=0.37 ba=-0.00 | site=0 sd=0.00 sa=+0.00 | phero=0 pd=0.00 pa=+0.00 | srch=0.00 | wall=1.67
R3[T1][SITE      ]: L=+0.41 R=+0.41 | carry=0 | base=0.32 ba=-0.87 | site=1 sd=0.31 sa=-0.03 | phero=0 pd=0.00 pa=+0.00 | srch=0.16 | wall=1.93
R4[T1][RTB       ]: L=+1.00 R=+1.00 | carry=1 | base=0.36 ba=+0.00 | site=0 sd=0.00 sa=+0.00 | phero=0 pd=0.00 pa=+0.00 | srch=0.00 | wall=1.80

[DEPOSIT] Robot 4 deposited! Total: 3
  [PHERO] Laid at (-1.04, -2.83) density=14 prob=1.00 total_entries=3
  [TARGET] Robot 4 → SITE (-1.04,-2.83)
[DEPOSIT] Robot 2 deposited! Total: 4
  [PHERO] Laid at (-0.19, 2.75) density=16 prob=1.00 total_entries=4
  [TARGET] Robot 2 → SITE (-0.19,2.75)

======================================================================
Step 5500 (2.9 min) | Pickups: 4 | Deposits: 4 | Rate: 1.36 tags/min | phero_entries=4 phero_max=0.869
======================================================================
R1[T1][EXPLORE   ]: L=+1.00 R=+1.00 | carry=0 | base=0.19 ba=+0.11 | site=0 sd=0.00 sa=+0.00 | phero=0 pd=0.00 pa=+0.00 | srch=1.00 | wall=2.59
R2[T1][BASE_ESC  ]: L=+0.00 R=+1.00 | carry=0 | base=0.05 ba=-0.75 | site=1 sd=0.51 sa=+0.33 | phero=0 pd=0.00 pa=+0.00 | srch=0.02 | wall=3.28
R3[T1][SITE      ]: L=+0.93 R=+0.96 | carry=0 | base=0.43 ba=-0.86 | site=1 sd=0.19 sa=+0.05 | phero=0 pd=0.00 pa=+0.00 | srch=0.28 | wall=1.45
R4[T1][BASE_ESC  ]: L=+1.00 R=+0.08 | carry=0 | base=0.05 ba=+0.79 | site=1 sd=0.56 sa=-0.28 | phero=0 pd=0.00 pa=+0.00 | srch=0.02 | wall=3.28

[PICKUP] Robot 3 picked up tag (density=13) | Total: 5

======================================================================
Step 6000 (3.2 min) | Pickups: 5 | Deposits: 4 | Rate: 1.25 tags/min | phero_entries=4 phero_max=0.390
======================================================================
R1[T1][EXPLORE   ]: L=+1.00 R=+1.00 | carry=0 | base=0.19 ba=+0.99 | site=0 sd=0.00 sa=+0.00 | phero=0 pd=0.00 pa=+0.00 | srch=1.00 | wall=2.56
R2[T1][SITE      ]: L=+0.96 R=+1.00 | carry=0 | base=0.41 ba=+0.91 | site=1 sd=0.28 sa=+0.33 | phero=0 pd=0.00 pa=+0.00 | srch=0.15 | wall=1.65
R3[T1][RTB       ]: L=+1.00 R=+1.00 | carry=1 | base=0.31 ba=-0.00 | site=0 sd=0.00 sa=+0.00 | phero=0 pd=0.00 pa=+0.00 | srch=0.00 | wall=2.09
R4[T1][SITE      ]: L=+0.97 R=+1.00 | carry=0 | base=0.40 ba=+0.98 | site=1 sd=0.22 sa=+0.12 | phero=0 pd=0.00 pa=+0.00 | srch=0.15 | wall=1.76

[PICKUP] Robot 4 picked up tag (density=12) | Total: 6
[DEPOSIT] Robot 3 deposited! Total: 5
  [PHERO] Laid at (-0.85, -2.36) density=13 prob=1.00 total_entries=5
  [TARGET] Robot 3 → SITE (-0.85,-2.36)
[PICKUP] Robot 2 picked up tag (density=15) | Total: 7
[PICKUP] Robot 1 picked up tag (density=14) | Total: 8

======================================================================
Step 6500 (3.5 min) | Pickups: 8 | Deposits: 5 | Rate: 1.44 tags/min | phero_entries=5 phero_max=0.764
======================================================================
R1[T1][RTB       ]: L=+0.00 R=+1.00 | carry=1 | base=0.57 ba=+0.75 | site=0 sd=0.00 sa=+0.00 | phero=0 pd=0.00 pa=+0.00 | srch=0.00 | wall=0.71
R2[T1][RTB       ]: L=+0.94 R=+1.00 | carry=1 | base=0.59 ba=+0.02 | site=0 sd=0.00 sa=+0.00 | phero=0 pd=0.00 pa=+0.00 | srch=0.00 | wall=0.59
R3[T1][SITE      ]: L=+0.99 R=+1.00 | carry=0 | base=0.07 ba=+0.86 | site=1 sd=0.43 sa=-0.08 | phero=0 pd=0.00 pa=+0.00 | srch=0.04 | wall=3.18
R4[T1][RTB       ]: L=+1.00 R=+1.00 | carry=1 | base=0.38 ba=+0.00 | site=0 sd=0.00 sa=+0.00 | phero=0 pd=0.00 pa=+0.00 | srch=0.00 | wall=1.78

[DEPOSIT] Robot 4 deposited! Total: 6
  [PHERO] Laid at (-1.16, -2.39) density=12 prob=1.00 total_entries=6
  [TARGET] Robot 4 → SITE (-1.16,-2.39)

======================================================================
Step 7000 (3.7 min) | Pickups: 8 | Deposits: 6 | Rate: 1.61 tags/min | phero_entries=5 phero_max=0.883
======================================================================
R1[T1][RTB       ]: L=+1.00 R=+1.00 | carry=1 | base=0.25 ba=+0.00 | site=0 sd=0.00 sa=+0.00 | phero=0 pd=0.00 pa=+0.00 | srch=0.00 | wall=2.27
R2[T1][RTB       ]: L=+1.00 R=+1.00 | carry=1 | base=0.20 ba=+0.00 | site=0 sd=0.00 sa=+0.00 | phero=0 pd=0.00 pa=+0.00 | srch=0.00 | wall=2.51
R3[T1][SITE      ]: L=+0.74 R=+0.75 | carry=0 | base=0.33 ba=-0.89 | site=1 sd=0.18 sa=+0.03 | phero=0 pd=0.00 pa=+0.00 | srch=0.17 | wall=1.91
R4[T1][BASE_ESC  ]: L=+1.00 R=+0.00 | carry=0 | base=0.04 ba=+0.65 | site=1 sd=0.49 sa=-0.42 | phero=0 pd=0.00 pa=+0.00 | srch=0.02 | wall=3.29

[DEPOSIT] Robot 2 deposited! Total: 7
  [PHERO] Laid at (0.26, 3.07) density=15 prob=1.00 total_entries=6
  [TARGET] Robot 2 → SITE (0.26,3.07)
[DEPOSIT] Robot 1 deposited! Total: 8
  [PHERO] Laid at (-0.14, 2.77) density=14 prob=1.00 total_entries=7
  [TARGET] Robot 1 → SITE (-0.14,2.77)
[PICKUP] Robot 3 picked up tag (density=11) | Total: 9

======================================================================
Step 7500 (4.0 min) | Pickups: 9 | Deposits: 8 | Rate: 2.00 tags/min | phero_entries=7 phero_max=0.690
======================================================================
R1[T1][SITE      ]: L=+1.00 R=+1.00 | carry=0 | base=0.13 ba=-0.90 | site=1 sd=0.43 sa=+0.05 | phero=0 pd=0.00 pa=+0.00 | srch=0.06 | wall=2.86
R2[T1][SITE      ]: L=+1.00 R=+0.96 | carry=0 | base=0.17 ba=-0.97 | site=1 sd=0.49 sa=-0.20 | phero=0 pd=0.00 pa=+0.00 | srch=0.08 | wall=2.75
R3[T1][RTB       ]: L=+1.00 R=+0.93 | carry=1 | base=0.48 ba=-0.03 | site=0 sd=0.00 sa=+0.00 | phero=0 pd=0.00 pa=+0.00 | srch=0.00 | wall=1.28
R4[T1][SITE      ]: L=+1.00 R=+1.00 | carry=0 | base=0.39 ba=-0.98 | site=1 sd=0.15 sa=+0.02 | phero=0 pd=0.00 pa=+0.00 | srch=0.14 | wall=1.76


======================================================================
Step 8000 (4.3 min) | Pickups: 9 | Deposits: 8 | Rate: 1.88 tags/min | phero_entries=7 phero_max=0.310
======================================================================
R1[T1][SITE      ]: L=+0.90 R=+1.00 | carry=0 | base=0.51 ba=+0.93 | site=1 sd=0.07 sa=+0.18 | phero=0 pd=0.00 pa=+0.00 | srch=0.18 | wall=0.97
R2[T1][SITE      ]: L=+1.00 R=+1.00 | carry=0 | base=0.54 ba=-0.93 | site=1 sd=0.16 sa=-0.30 | phero=0 pd=0.00 pa=+0.00 | srch=0.20 | wall=0.86
R3[T1][RTB       ]: L=+1.00 R=+1.00 | carry=1 | base=0.10 ba=-0.00 | site=0 sd=0.00 sa=+0.00 | phero=0 pd=0.00 pa=+0.00 | srch=0.00 | wall=3.06
R4[T1][EXPLORE   ]: L=+1.00 R=+0.61 | carry=0 | base=0.70 ba=-0.28 | site=0 sd=0.00 sa=+0.00 | phero=0 pd=0.00 pa=+0.00 | srch=0.27 | wall=0.36

[DEPOSIT] Robot 3 deposited! Total: 9
  [PHERO] Laid at (-0.85, -2.38) density=11 prob=1.00 total_entries=8
  [TARGET] Robot 3 → SITE (-0.85,-2.38)
[PICKUP] Robot 1 picked up tag (density=13) | Total: 10
[PICKUP] Robot 2 picked up tag (density=12) | Total: 11
[PICKUP] Robot 4 picked up tag (density=10) | Total: 12

======================================================================
Step 8500 (4.5 min) | Pickups: 12 | Deposits: 9 | Rate: 1.99 tags/min | phero_entries=8 phero_max=0.495
======================================================================
R1[T1][RTB       ]: L=+1.00 R=+1.00 | carry=1 | base=0.29 ba=+0.00 | site=0 sd=0.00 sa=+0.00 | phero=0 pd=0.00 pa=+0.00 | srch=0.00 | wall=2.07
R2[T1][RTB       ]: L=+1.00 R=+1.00 | carry=1 | base=0.38 ba=-0.00 | site=0 sd=0.00 sa=+0.00 | phero=0 pd=0.00 pa=+0.00 | srch=0.00 | wall=1.64
R3[T1][SITE      ]: L=+0.66 R=+0.64 | carry=0 | base=0.27 ba=+0.84 | site=1 sd=0.24 sa=-0.09 | phero=0 pd=0.00 pa=+0.00 | srch=0.11 | wall=2.29
R4[T1][RTB       ]: L=+0.99 R=+1.00 | carry=1 | base=0.56 ba=+0.00 | site=0 sd=0.00 sa=+0.00 | phero=0 pd=0.00 pa=+0.00 | srch=0.00 | wall=0.90

[DEPOSIT] Robot 1 deposited! Total: 10
  [PHERO] Laid at (-0.01, 2.74) density=13 prob=1.00 total_entries=8
  [TARGET] Robot 1 → SITE (-0.01,2.74)
[DEPOSIT] Robot 2 deposited! Total: 11
  [PHERO] Laid at (-0.26, 3.01) density=12 prob=1.00 total_entries=9
  [TARGET] Robot 2 → SITE (-0.26,3.01)

======================================================================
Step 9000 (4.8 min) | Pickups: 12 | Deposits: 11 | Rate: 2.29 tags/min | phero_entries=9 phero_max=0.890
======================================================================
R1[T1][SITE      ]: L=+1.00 R=+1.00 | carry=0 | base=0.11 ba=+0.96 | site=1 sd=0.46 sa=-0.22 | phero=0 pd=0.00 pa=+0.00 | srch=0.05 | wall=3.01
R2[T1][BASE_ESC  ]: L=+1.00 R=+0.00 | carry=0 | base=0.04 ba=+0.60 | site=1 sd=0.57 sa=-0.43 | phero=0 pd=0.00 pa=+0.00 | srch=0.02 | wall=3.28
R3[T1][SITE      ]: L=+0.39 R=+0.34 | carry=0 | base=0.45 ba=-0.95 | site=1 sd=0.06 sa=-0.12 | phero=0 pd=0.00 pa=+0.00 | srch=0.23 | wall=1.34
R4[T1][RTB       ]: L=+1.00 R=+1.00 | carry=1 | base=0.17 ba=-0.00 | site=0 sd=0.00 sa=+0.00 | phero=0 pd=0.00 pa=+0.00 | srch=0.00 | wall=2.70

[DEPOSIT] Robot 4 deposited! Total: 12
  [PHERO] Laid at (-1.06, -2.82) density=10 prob=1.00 total_entries=10
  [TARGET] Robot 4 → SITE (-1.06,-2.82)
[PICKUP] Robot 3 picked up tag (density=9) | Total: 13

======================================================================
Step 9500 (5.1 min) | Pickups: 13 | Deposits: 12 | Rate: 2.37 tags/min | phero_entries=10 phero_max=0.579
======================================================================
R1[T1][SITE      ]: L=+1.00 R=+1.00 | carry=0 | base=0.45 ba=-0.83 | site=1 sd=0.12 sa=-0.02 | phero=0 pd=0.00 pa=+0.00 | srch=0.17 | wall=1.28
R2[T1][SITE      ]: L=+1.00 R=+1.00 | carry=0 | base=0.39 ba=-0.94 | site=1 sd=0.23 sa=-0.07 | phero=0 pd=0.00 pa=+0.00 | srch=0.14 | wall=1.62
R3[T1][RTB       ]: L=+1.00 R=+1.00 | carry=1 | base=0.39 ba=-0.00 | site=0 sd=0.00 sa=+0.00 | phero=0 pd=0.00 pa=+0.00 | srch=0.00 | wall=1.73
R4[T1][SITE      ]: L=+0.97 R=+1.00 | carry=0 | base=0.23 ba=+0.98 | site=1 sd=0.42 sa=+0.23 | phero=0 pd=0.00 pa=+0.00 | srch=0.09 | wall=2.65

[PICKUP] Robot 1 picked up tag (density=11) | Total: 14
[PICKUP] Robot 2 picked up tag (density=10) | Total: 15
[DEPOSIT] Robot 3 deposited! Total: 13
  [PHERO] Laid at (-0.88, -2.43) density=9 prob=1.00 total_entries=9
  [TARGET] Robot 3 → SITE (-0.88,-2.43)

======================================================================
Step 10000 (5.3 min) | Pickups: 15 | Deposits: 13 | Rate: 2.44 tags/min | phero_entries=9 phero_max=0.901
======================================================================
R1[T1][RTB       ]: L=+1.00 R=+1.00 | carry=1 | base=0.38 ba=-0.00 | site=0 sd=0.00 sa=+0.00 | phero=0 pd=0.00 pa=+0.00 | srch=0.00 | wall=1.64
R2[T1][RTB       ]: L=+1.00 R=+1.00 | carry=1 | base=0.54 ba=-0.00 | site=0 sd=0.00 sa=+0.00 | phero=0 pd=0.00 pa=+0.00 | srch=0.00 | wall=0.82
R3[T1][BASE_ESC  ]: L=+0.00 R=+1.00 | carry=0 | base=0.04 ba=-0.54 | site=1 sd=0.48 sa=+0.51 | phero=0 pd=0.00 pa=+0.00 | srch=0.02 | wall=3.31
R4[T1][SITE      ]: L=+0.96 R=+1.00 | carry=0 | base=0.56 ba=+0.87 | site=1 sd=0.09 sa=+0.20 | phero=0 pd=0.00 pa=+0.00 | srch=0.21 | wall=1.05

[PICKUP] Robot 4 picked up tag (density=8) | Total: 16
[DEPOSIT] Robot 1 deposited! Total: 14
  [PHERO] Laid at (-0.00, 2.79) density=11 prob=1.00 total_entries=10
  [TARGET] Robot 1 → SITE (-0.00,2.79)

======================================================================
Step 10500 (5.6 min) | Pickups: 16 | Deposits: 14 | Rate: 2.50 tags/min | phero_entries=10 phero_max=0.880
======================================================================
R1[T1][BASE_ESC  ]: L=+0.00 R=+1.00 | carry=0 | base=0.05 ba=-0.68 | site=1 sd=0.52 sa=+0.39 | phero=0 pd=0.00 pa=+0.00 | srch=0.02 | wall=3.28
R2[T1][RTB       ]: L=+1.00 R=+1.00 | carry=1 | base=0.15 ba=-0.00 | site=0 sd=0.00 sa=+0.00 | phero=0 pd=0.00 pa=+0.00 | srch=0.00 | wall=2.74
R3[T1][SITE      ]: L=+0.17 R=+0.21 | carry=0 | base=0.27 ba=+0.88 | site=1 sd=0.25 sa=-0.12 | phero=0 pd=0.00 pa=+0.00 | srch=0.14 | wall=2.22
R4[T1][RTB       ]: L=+1.00 R=+1.00 | carry=1 | base=0.42 ba=-0.00 | site=0 sd=0.00 sa=+0.00 | phero=0 pd=0.00 pa=+0.00 | srch=0.00 | wall=1.55

[DEPOSIT] Robot 2 deposited! Total: 15
  [PHERO] Laid at (-0.25, 3.05) density=10 prob=1.00 total_entries=11
  [TARGET] Robot 2 → SITE (-0.25,3.05)
[DEPOSIT] Robot 4 deposited! Total: 16
  [PHERO] Laid at (-0.99, -2.82) density=8 prob=1.00 total_entries=11
  [TARGET] Robot 4 → SITE (-0.99,-2.82)

======================================================================
Step 11000 (5.9 min) | Pickups: 16 | Deposits: 16 | Rate: 2.73 tags/min | phero_entries=11 phero_max=0.965
======================================================================
R1[T1][SITE      ]: L=+0.71 R=+1.00 | carry=0 | base=0.40 ba=+0.82 | site=1 sd=0.31 sa=+0.24 | phero=0 pd=0.00 pa=+0.00 | srch=0.14 | wall=1.82
R2[T1][SITE      ]: L=+1.00 R=+1.00 | carry=0 | base=0.24 ba=+1.00 | site=1 sd=0.39 sa=+0.14 | phero=0 pd=0.00 pa=+0.00 | srch=0.09 | wall=2.33
R3[T1][SITE      ]: L=+0.65 R=+0.71 | carry=0 | base=0.38 ba=-0.87 | site=1 sd=0.15 sa=+0.04 | phero=0 pd=0.00 pa=+0.00 | srch=0.27 | wall=1.70
R4[T1][BASE_ESC  ]: L=+1.00 R=+0.00 | carry=0 | base=0.05 ba=+0.24 | site=1 sd=0.56 sa=-0.77 | phero=0 pd=0.00 pa=+0.00 | srch=0.01 | wall=3.28

[PICKUP] Robot 1 picked up tag (density=9) | Total: 17

======================================================================
Step 11500 (6.1 min) | Pickups: 17 | Deposits: 16 | Rate: 2.61 tags/min | phero_entries=10 phero_max=0.434
======================================================================
R1[T1][RTB       ]: L=+0.82 R=+1.00 | carry=1 | base=0.57 ba=+0.07 | site=0 sd=0.00 sa=+0.00 | phero=0 pd=0.00 pa=+0.00 | srch=0.00 | wall=0.68
R2[T1][SITE      ]: L=+0.92 R=+1.00 | carry=0 | base=0.62 ba=+0.78 | site=1 sd=0.13 sa=+0.31 | phero=0 pd=0.00 pa=+0.00 | srch=0.22 | wall=0.47
R3[T1][SITE      ]: L=+0.43 R=+0.42 | carry=0 | base=0.50 ba=-0.95 | site=1 sd=0.02 sa=-0.02 | phero=0 pd=0.00 pa=+0.00 | srch=0.39 | wall=1.15
R4[T1][SITE      ]: L=+0.85 R=+0.86 | carry=0 | base=0.34 ba=-0.98 | site=1 sd=0.26 sa=+0.08 | phero=0 pd=0.00 pa=+0.00 | srch=0.13 | wall=1.94

[PICKUP] Robot 3 picked up tag (density=7) | Total: 18
[PICKUP] Robot 2 picked up tag (density=8) | Total: 19
[PICKUP] Robot 4 picked up tag (density=6) | Total: 20

======================================================================
Step 12000 (6.4 min) | Pickups: 20 | Deposits: 16 | Rate: 2.50 tags/min | phero_entries=8 phero_max=0.195
======================================================================
R1[T1][RTB       ]: L=+1.00 R=+1.00 | carry=1 | base=0.18 ba=+0.00 | site=0 sd=0.00 sa=+0.00 | phero=0 pd=0.00 pa=+0.00 | srch=0.00 | wall=2.59
R2[T1][RTB       ]: L=+1.00 R=+1.00 | carry=1 | base=0.35 ba=+0.00 | site=0 sd=0.00 sa=+0.00 | phero=0 pd=0.00 pa=+0.00 | srch=0.00 | wall=1.79
R3[T1][RTB       ]: L=+1.00 R=+1.00 | carry=1 | base=0.27 ba=-0.00 | site=0 sd=0.00 sa=+0.00 | phero=0 pd=0.00 pa=+0.00 | srch=0.00 | wall=2.25
R4[T1][RTB       ]: L=+1.00 R=+1.00 | carry=1 | base=0.45 ba=+0.00 | site=0 sd=0.00 sa=+0.00 | phero=0 pd=0.00 pa=+0.00 | srch=0.00 | wall=1.43

[DEPOSIT] Robot 1 deposited! Total: 17
  [PHERO] Laid at (0.26, 2.92) density=9 prob=1.00 total_entries=9
  [TARGET] Robot 1 → SITE (0.26,2.92)
[DEPOSIT] Robot 3 deposited! Total: 18
  [PHERO] Laid at (-0.88, -2.45) density=7 prob=0.99 total_entries=10
  [TARGET] Robot 3 → SITE (-0.88,-2.45)
[DEPOSIT] Robot 2 deposited! Total: 19
  [PHERO] Laid at (0.26, 3.16) density=8 prob=1.00 total_entries=10
  [TARGET] Robot 2 → SITE (0.26,3.16)

======================================================================
Step 12500 (6.7 min) | Pickups: 20 | Deposits: 19 | Rate: 2.85 tags/min | phero_entries=10 phero_max=0.829
======================================================================
R1[T1][SITE      ]: L=+1.00 R=+1.00 | carry=0 | base=0.22 ba=+0.98 | site=1 sd=0.42 sa=-0.28 | phero=0 pd=0.00 pa=+0.00 | srch=0.08 | wall=2.54
R2[T1][SITE      ]: L=+1.00 R=+1.00 | carry=0 | base=0.05 ba=+0.91 | site=1 sd=0.59 sa=-0.18 | phero=0 pd=0.00 pa=+0.00 | srch=0.03 | wall=3.24
R3[T1][SITE      ]: L=+0.91 R=+1.00 | carry=0 | base=0.07 ba=+0.86 | site=1 sd=0.46 sa=-0.07 | phero=0 pd=0.00 pa=+0.00 | srch=0.05 | wall=3.19
R4[T1][RTB       ]: L=+1.00 R=+0.97 | carry=1 | base=0.08 ba=-0.01 | site=0 sd=0.00 sa=+0.00 | phero=0 pd=0.00 pa=+0.00 | srch=0.00 | wall=3.15

[DEPOSIT] Robot 4 deposited! Total: 20
  [PHERO] Laid at (-1.06, -2.45) density=6 prob=0.97 total_entries=11
  [TARGET] Robot 4 → SITE (-1.06,-2.45)

======================================================================
Step 13000 (6.9 min) | Pickups: 20 | Deposits: 20 | Rate: 2.88 tags/min | phero_entries=11 phero_max=0.473
======================================================================
R1[T1][SITE      ]: L=+1.00 R=+0.97 | carry=0 | base=0.54 ba=-0.77 | site=1 sd=0.12 sa=-0.16 | phero=0 pd=0.00 pa=+0.00 | srch=0.21 | wall=0.85
R2[T1][SITE      ]: L=+1.00 R=+1.00 | carry=0 | base=0.43 ba=-0.92 | site=1 sd=0.23 sa=-0.07 | phero=0 pd=0.00 pa=+0.00 | srch=0.15 | wall=1.40
R3[T1][SITE      ]: L=+1.00 R=+0.96 | carry=0 | base=0.44 ba=-0.87 | site=1 sd=0.11 sa=-0.09 | phero=0 pd=0.00 pa=+0.00 | srch=0.18 | wall=1.37
R4[T1][SITE      ]: L=+0.97 R=+1.00 | carry=0 | base=0.32 ba=+0.92 | site=1 sd=0.28 sa=+0.22 | phero=0 pd=0.00 pa=+0.00 | srch=0.12 | wall=2.31

[PICKUP] Robot 1 picked up tag (density=7) | Total: 21
[PICKUP] Robot 3 picked up tag (density=5) | Total: 22
[PICKUP] Robot 2 picked up tag (density=6) | Total: 23
[PICKUP] Robot 4 picked up tag (density=4) | Total: 24

======================================================================
Step 13500 (7.2 min) | Pickups: 24 | Deposits: 20 | Rate: 2.78 tags/min | phero_entries=8 phero_max=0.213
======================================================================
R1[T1][RTB       ]: L=+1.00 R=+1.00 | carry=1 | base=0.45 ba=-0.00 | site=0 sd=0.00 sa=+0.00 | phero=0 pd=0.00 pa=+0.00 | srch=0.00 | wall=1.26
R2[T1][RTB       ]: L=+1.00 R=+0.97 | carry=1 | base=0.53 ba=-0.01 | site=0 sd=0.00 sa=+0.00 | phero=0 pd=0.00 pa=+0.00 | srch=0.00 | wall=0.87
R3[T1][RTB       ]: L=+1.00 R=+1.00 | carry=1 | base=0.30 ba=-0.00 | site=0 sd=0.00 sa=+0.00 | phero=0 pd=0.00 pa=+0.00 | srch=0.00 | wall=2.12
R4[T1][RTB       ]: L=+0.54 R=+1.00 | carry=1 | base=0.54 ba=+0.17 | site=0 sd=0.00 sa=+0.00 | phero=0 pd=0.00 pa=+0.00 | srch=0.00 | wall=1.03

[DEPOSIT] Robot 3 deposited! Total: 21
  [PHERO] Laid at (-0.83, -2.44) density=5 prob=0.92 total_entries=9
  [TARGET] Robot 3 → SITE (-0.83,-2.44)

======================================================================
Step 14000 (7.5 min) | Pickups: 24 | Deposits: 21 | Rate: 2.81 tags/min | phero_entries=9 phero_max=0.750
======================================================================
R1[T1][RTB       ]: L=+1.00 R=+1.00 | carry=1 | base=0.06 ba=-0.00 | site=0 sd=0.00 sa=+0.00 | phero=0 pd=0.00 pa=+0.00 | srch=0.00 | wall=3.18
R2[T1][RTB       ]: L=+1.00 R=+1.00 | carry=1 | base=0.14 ba=-0.00 | site=0 sd=0.00 sa=+0.00 | phero=0 pd=0.00 pa=+0.00 | srch=0.00 | wall=2.79
R3[T1][SITE      ]: L=+0.73 R=+0.72 | carry=0 | base=0.07 ba=+0.88 | site=1 sd=0.45 sa=-0.07 | phero=0 pd=0.00 pa=+0.00 | srch=0.05 | wall=3.17
R4[T1][RTB       ]: L=+1.00 R=+1.00 | carry=1 | base=0.16 ba=+0.00 | site=0 sd=0.00 sa=+0.00 | phero=0 pd=0.00 pa=+0.00 | srch=0.00 | wall=2.77

[DEPOSIT] Robot 1 deposited! Total: 22
  [PHERO] Laid at (-0.14, 2.82) density=7 prob=0.99 total_entries=10
  [TARGET] Robot 1 → SITE (-0.14,2.82)
[DEPOSIT] Robot 2 deposited! Total: 23
  [PHERO] Laid at (0.04, 2.81) density=6 prob=0.97 total_entries=11
  [TARGET] Robot 2 → SITE (0.04,2.81)
[DEPOSIT] Robot 4 deposited! Total: 24
  [TARGET] Robot 4 → SITE (-1.10,-2.48)

======================================================================
Step 14500 (7.7 min) | Pickups: 24 | Deposits: 24 | Rate: 3.10 tags/min | phero_entries=10 phero_max=0.551
======================================================================
R1[T1][SITE      ]: L=+0.97 R=+1.00 | carry=0 | base=0.32 ba=+0.97 | site=1 sd=0.30 sa=+0.23 | phero=0 pd=0.00 pa=+0.00 | srch=0.12 | wall=2.00
R2[T1][SITE      ]: L=+1.00 R=+1.00 | carry=0 | base=0.25 ba=+0.98 | site=1 sd=0.36 sa=-0.27 | phero=0 pd=0.00 pa=+0.00 | srch=0.09 | wall=2.37
R3[T1][SITE      ]: L=+0.61 R=+0.61 | carry=0 | base=0.31 ba=-0.94 | site=1 sd=0.22 sa=-0.01 | phero=0 pd=0.00 pa=+0.00 | srch=0.17 | wall=2.02
R4[T1][SITE      ]: L=+1.00 R=+0.99 | carry=0 | base=0.19 ba=-0.91 | site=1 sd=0.36 sa=+0.02 | phero=0 pd=0.00 pa=+0.00 | srch=0.08 | wall=2.60

[PICKUP] Robot 1 picked up tag (density=5) | Total: 25
[PICKUP] Robot 3 picked up tag (density=3) | Total: 26

======================================================================
Step 15000 (8.0 min) | Pickups: 26 | Deposits: 24 | Rate: 3.00 tags/min | phero_entries=8 phero_max=0.247
======================================================================
R1[T1][RTB       ]: L=+0.66 R=+1.00 | carry=1 | base=0.57 ba=+0.13 | site=0 sd=0.00 sa=+0.00 | phero=0 pd=0.00 pa=+0.00 | srch=0.00 | wall=0.66
R2[T1][SITE      ]: L=+1.00 R=+1.00 | carry=0 | base=0.57 ba=-0.66 | site=1 sd=0.12 sa=-0.20 | phero=0 pd=0.00 pa=+0.00 | srch=0.22 | wall=0.73
R3[T1][RTB       ]: L=+1.00 R=+0.00 | carry=1 | base=0.54 ba=-0.66 | site=0 sd=0.00 sa=+0.00 | phero=0 pd=0.00 pa=+0.00 | srch=0.00 | wall=0.96
R4[T1][SITE      ]: L=+0.67 R=+0.71 | carry=0 | base=0.49 ba=+0.93 | site=1 sd=0.07 sa=+0.08 | phero=0 pd=0.00 pa=+0.00 | srch=0.20 | wall=1.35

[PICKUP] Robot 2 picked up tag (density=4) | Total: 27
[PICKUP] Robot 4 picked up tag (density=2) | Total: 28

======================================================================
Step 15500 (8.3 min) | Pickups: 28 | Deposits: 24 | Rate: 2.90 tags/min | phero_entries=7 phero_max=0.111
======================================================================
R1[T1][RTB       ]: L=+1.00 R=+1.00 | carry=1 | base=0.19 ba=+0.00 | site=0 sd=0.00 sa=+0.00 | phero=0 pd=0.00 pa=+0.00 | srch=0.00 | wall=2.56
R2[T1][RTB       ]: L=+1.00 R=+1.00 | carry=1 | base=0.33 ba=-0.00 | site=0 sd=0.00 sa=+0.00 | phero=0 pd=0.00 pa=+0.00 | srch=0.00 | wall=1.85
R3[T1][RTB       ]: L=+1.00 R=+1.00 | carry=1 | base=0.21 ba=-0.00 | site=0 sd=0.00 sa=+0.00 | phero=0 pd=0.00 pa=+0.00 | srch=0.00 | wall=2.52
R4[T1][RTB       ]: L=+0.86 R=+1.00 | carry=1 | base=0.60 ba=+0.05 | site=0 sd=0.00 sa=+0.00 | phero=0 pd=0.00 pa=+0.00 | srch=0.00 | wall=0.64

[DEPOSIT] Robot 1 deposited! Total: 25
  [PHERO] Laid at (0.10, 2.91) density=5 prob=0.92 total_entries=8
  [TARGET] Robot 1 → SITE (0.10,2.91)
[DEPOSIT] Robot 3 deposited! Total: 26
  [TARGET] Robot 3 → SITE (-0.87,-2.52)
[DEPOSIT] Robot 2 deposited! Total: 27
  [PHERO] Laid at (-0.19, 2.95) density=4 prob=0.82 total_entries=9
  [TARGET] Robot 2 → SITE (-0.19,2.95)

======================================================================
Step 16000 (8.5 min) | Pickups: 28 | Deposits: 27 | Rate: 3.16 tags/min | phero_entries=9 phero_max=0.804
======================================================================
R1[T1][SITE      ]: L=+1.00 R=+1.00 | carry=0 | base=0.21 ba=+0.98 | site=1 sd=0.42 sa=-0.27 | phero=0 pd=0.00 pa=+0.00 | srch=0.08 | wall=2.58
R2[T1][SITE      ]: L=+1.00 R=+1.00 | carry=0 | base=0.06 ba=+0.97 | site=1 sd=0.54 sa=+0.07 | phero=0 pd=0.00 pa=+0.00 | srch=0.03 | wall=3.22
R3[T1][SITE      ]: L=+0.91 R=+0.91 | carry=0 | base=0.13 ba=+0.92 | site=1 sd=0.41 sa=-0.10 | phero=0 pd=0.00 pa=+0.00 | srch=0.07 | wall=2.88
R4[T1][RTB       ]: L=+1.00 R=+1.00 | carry=1 | base=0.21 ba=+0.00 | site=0 sd=0.00 sa=+0.00 | phero=0 pd=0.00 pa=+0.00 | srch=0.00 | wall=2.48

[DEPOSIT] Robot 4 deposited! Total: 28
  [TARGET] Robot 4 → SITE (-0.86,-2.89)

======================================================================
Step 16500 (8.8 min) | Pickups: 28 | Deposits: 28 | Rate: 3.18 tags/min | phero_entries=8 phero_max=0.361
======================================================================
R1[T1][SITE      ]: L=+1.00 R=+0.98 | carry=0 | base=0.51 ba=-0.70 | site=1 sd=0.14 sa=-0.06 | phero=0 pd=0.00 pa=+0.00 | srch=0.20 | wall=0.99
R2[T1][SITE      ]: L=+1.00 R=+1.00 | carry=0 | base=0.44 ba=+0.98 | site=1 sd=0.17 sa=+0.13 | phero=0 pd=0.00 pa=+0.00 | srch=0.16 | wall=1.30
R3[T1][SITE      ]: L=+0.60 R=+0.60 | carry=0 | base=0.45 ba=-0.93 | site=1 sd=0.09 sa=-0.02 | phero=0 pd=0.00 pa=+0.00 | srch=0.20 | wall=1.37
R4[T1][SITE      ]: L=+1.00 R=+0.98 | carry=0 | base=0.18 ba=-0.94 | site=1 sd=0.43 sa=-0.03 | phero=0 pd=0.00 pa=+0.00 | srch=0.07 | wall=2.61

[PICKUP] Robot 2 picked up tag (density=3) | Total: 29
[PICKUP] Robot 3 picked up tag (density=1) | Total: 30
[GIVE-UP] R1 giving up after 1225 steps

======================================================================
Step 17000 (9.1 min) | Pickups: 30 | Deposits: 28 | Rate: 3.09 tags/min | phero_entries=5 phero_max=0.162
======================================================================
R1[T1][GIVE_UP   ]: L=+1.00 R=+0.96 | carry=0 | base=0.62 ba=-0.01 | site=0 sd=0.00 sa=+0.00 | phero=0 pd=0.00 pa=+0.00 | srch=0.33 | wall=0.57
R2[T1][RTB       ]: L=+1.00 R=+1.00 | carry=1 | base=0.45 ba=+0.00 | site=0 sd=0.00 sa=+0.00 | phero=0 pd=0.00 pa=+0.00 | srch=0.00 | wall=1.28
R3[T1][RTB       ]: L=+1.00 R=+1.00 | carry=1 | base=0.47 ba=+0.00 | site=0 sd=0.00 sa=+0.00 | phero=0 pd=0.00 pa=+0.00 | srch=0.00 | wall=1.35
R4[T1][SITE      ]: L=+1.00 R=+1.00 | carry=0 | base=0.54 ba=-0.96 | site=1 sd=0.08 sa=+0.22 | phero=0 pd=0.00 pa=+0.00 | srch=0.20 | wall=1.01


======================================================================
Step 17500 (9.3 min) | Pickups: 30 | Deposits: 28 | Rate: 3.00 tags/min | phero_entries=5 phero_max=0.073
======================================================================
R1[T1][GIVE_UP   ]: L=+1.00 R=+1.00 | carry=0 | base=0.23 ba=-0.00 | site=0 sd=0.00 sa=+0.00 | phero=0 pd=0.00 pa=+0.00 | srch=0.46 | wall=2.41
R2[T1][RTB       ]: L=+1.00 R=+1.00 | carry=1 | base=0.06 ba=+0.00 | site=0 sd=0.00 sa=+0.00 | phero=0 pd=0.00 pa=+0.00 | srch=0.00 | wall=3.20
R3[T1][RTB       ]: L=+1.00 R=+1.00 | carry=1 | base=0.08 ba=+0.00 | site=0 sd=0.00 sa=+0.00 | phero=0 pd=0.00 pa=+0.00 | srch=0.00 | wall=3.13
R4[T1][EXPLORE   ]: L=+1.00 R=+1.00 | carry=0 | base=0.54 ba=-0.41 | site=0 sd=0.00 sa=+0.00 | phero=0 pd=0.00 pa=+0.00 | srch=0.32 | wall=1.18

[DEPOSIT] Robot 2 deposited! Total: 29
  [TARGET] Robot 2 → SITE (0.07,2.94)
[DEPOSIT] Robot 3 deposited! Total: 30
  [TARGET] Robot 3 → PHERO (-0.19,2.95)
[EMPTY_RTN] R1 → phero(-0.19,2.95)

======================================================================
Step 18000 (9.6 min) | Pickups: 30 | Deposits: 30 | Rate: 3.12 tags/min | phero_entries=5 phero_max=0.033
======================================================================
R1[T1][PHERO     ]: L=+1.00 R=+1.00 | carry=0 | base=0.17 ba=+1.00 | site=0 sd=0.00 sa=+0.00 | phero=1 pd=0.47 pa=+0.25 | srch=0.07 | wall=2.79
R2[T1][SITE      ]: L=+1.00 R=+1.00 | carry=0 | base=0.30 ba=-0.94 | site=1 sd=0.31 sa=-0.08 | phero=0 pd=0.00 pa=+0.00 | srch=0.12 | wall=2.03
R3[T1][BASE_ESC  ]: L=+1.00 R=+0.00 | carry=0 | base=0.05 ba=+0.67 | site=0 sd=0.00 sa=+0.00 | phero=1 pd=0.65 pa=+0.59 | srch=0.12 | wall=3.27
R4[T1][EXPLORE   ]: L=+1.00 R=+0.94 | carry=0 | base=0.53 ba=-0.38 | site=0 sd=0.00 sa=+0.00 | phero=0 pd=0.00 pa=+0.00 | srch=0.45 | wall=1.04

[PICKUP] Robot 2 picked up tag (density=2) | Total: 31

======================================================================
Step 18500 (9.9 min) | Pickups: 31 | Deposits: 30 | Rate: 3.04 tags/min | phero_entries=2 phero_max=0.015
======================================================================
R1[T1][PHERO     ]: L=+1.00 R=+1.00 | carry=0 | base=0.55 ba=+0.94 | site=0 sd=0.00 sa=+0.00 | phero=1 pd=0.32 pa=+0.49 | srch=0.19 | wall=1.10
R2[T1][RTB       ]: L=+1.00 R=+0.00 | carry=1 | base=0.60 ba=-0.54 | site=0 sd=0.00 sa=+0.00 | phero=0 pd=0.00 pa=+0.00 | srch=0.00 | wall=0.51
R3[T1][PHERO     ]: L=+0.71 R=+0.74 | carry=0 | base=0.21 ba=+0.88 | site=0 sd=0.00 sa=+0.00 | phero=1 pd=0.43 pa=+0.14 | srch=0.24 | wall=2.58
R4[T1][EXPLORE   ]: L=+1.00 R=+1.00 | carry=0 | base=0.33 ba=+0.55 | site=0 sd=0.00 sa=+0.00 | phero=0 pd=0.00 pa=+0.00 | srch=0.57 | wall=2.33

TIMEOUT_RESULT pickups=31 deposits=30 steps=18750 elapsed_min=10.000000
BATCH_RESULT pickups=31 deposits=30
