=================================================================
CPFA BASELINE — ARGoS-calibrated parameters
  Params file                  = /home/sara/Documents/RL-FL-Foraging/cpfa_tuning_20260715_140546/trial_041/params.yaml
  Results file                 = /home/sara/Documents/RL-FL-Foraging/controllers/cpfa_baseline/results/cpfa_baseline_results_20260715_151711_3.txt
  RateOfLayingPheromone        = 10.075375470009794
  RateOfSiteFidelity           = 1.4829929816760608
  RateOfPheromoneDecay         = 0.11488940208087088 /s  (lifetime ~60s)
  ProbabilityOfReturningToNest = 0.08447605902765751 (every 5 sec → E[give-up] ~59s)
  UninformedSearchVariation    = 0.43 rad (24.4°)
  RateOfInformedSearchDecay    = 1.1589315753191953 /waypoint
  ProbabilityOfSwitchingToSearching = 0.6589307438049802 (every 5 sec in uninformed DEPARTING)
=================================================================

[PICKUP] R1 picked up tag (density=14) | Total: 1
[DEPOSIT] R1 deposited! Total: 1
  [PHERO] Laid at (-0.50, 0.00) density=14 prob=0.91 entries=1
  [TARGET] R1 → SITE (-0.50, 0.00)
[PICKUP] R1 picked up tag (density=11) | Total: 2

======================================================================
Step 500 (0.3 min) | Pickups: 2 | Deposits: 1 | Rate: 3.75 tags/min | phero_entries=1 max_w=0.384
======================================================================
R1[SURVEY    ]: carry=1 | base=0.38 | wall=2.12 | search=  0 | target=none
R2[SEARCH    ]: carry=0 | base=0.26 | wall=2.24 | search=344 | target=none
R3[GIVE_UP   ]: carry=0 | base=1.85 | wall=1.16 | search=156 | target=none
R4[SEARCH    ]: carry=0 | base=0.66 | wall=1.86 | search=344 | target=none

  [GIVE-UP] R2 returned empty after 468 searching steps
  [TARGET] R2 → PHERO (-0.50, 0.00)
[DEPOSIT] R1 deposited! Total: 2
  [TARGET] R1 → SITE (-0.38, -0.07)
[PICKUP] R2 picked up tag (density=10) | Total: 3
  [GIVE-UP] R3 returned empty after 156 searching steps
  [TARGET] R3 → PHERO (-0.50, 0.00)

======================================================================
Step 1000 (0.5 min) | Pickups: 3 | Deposits: 2 | Rate: 3.75 tags/min | phero_entries=1 max_w=0.061
======================================================================
R1[SEARCH    ]: carry=0 | base=0.35 | wall=2.16 | search=119 | target=site(-0.38,-0.07)
R2[SURVEY    ]: carry=1 | base=0.45 | wall=2.05 | search=  0 | target=none
R3[BASE_ESC  ]: carry=0 | base=0.22 | wall=2.32 | search=  0 | target=phero(-0.50,0.00)
R4[SEARCH    ]: carry=0 | base=1.57 | wall=1.14 | search=844 | target=none

[DEPOSIT] R2 deposited! Total: 3
  [TARGET] R2 → SITE (-0.43, -0.07)

======================================================================
Step 1500 (0.8 min) | Pickups: 3 | Deposits: 3 | Rate: 3.75 tags/min | phero_entries=1 max_w=0.010
======================================================================
R1[SEARCH    ]: carry=0 | base=0.26 | wall=2.28 | search=619 | target=site(-0.38,-0.07)
R2[SEARCH    ]: carry=0 | base=0.34 | wall=2.17 | search=158 | target=site(-0.43,-0.07)
R3[PHERO     ]: carry=0 | base=0.26 | wall=2.28 | search=  0 | target=phero(-0.50,0.00)
R4[WALL_ESC  ]: carry=0 | base=2.35 | wall=0.35 | search=1344 | target=none

[PICKUP] R2 picked up tag (density=12) | Total: 4
  [GIVE-UP] R1 returned empty after 780 searching steps
  [TARGET] R1 → PHERO (-0.50, 0.00)
[DEPOSIT] R2 deposited! Total: 4
  [PHERO] Laid at (-0.45, 0.06) density=12 prob=0.78 entries=2
  [TARGET] R2 → SITE (-0.45, 0.06)

======================================================================
Step 2000 (1.1 min) | Pickups: 4 | Deposits: 4 | Rate: 3.75 tags/min | phero_entries=2 max_w=0.745
======================================================================
R1[SEARCH    ]: carry=0 | base=0.50 | wall=2.00 | search=  6 | target=phero(-0.50,0.00)
R2[BASE_ESC  ]: carry=0 | base=0.22 | wall=2.29 | search=  0 | target=site(-0.45,0.06)
R3[PHERO     ]: carry=0 | base=0.43 | wall=2.07 | search=  0 | target=phero(-0.50,0.00)
R4[WALL_ESC  ]: carry=0 | base=2.41 | wall=0.33 | search=1844 | target=none

[PICKUP] R1 picked up tag (density=10) | Total: 5
[PICKUP] R3 picked up tag (density=10) | Total: 6
[DEPOSIT] R1 deposited! Total: 5
  [PHERO] Laid at (-0.53, -0.01) density=10 prob=0.57 entries=2
  [TARGET] R1 → SITE (-0.53, -0.01)
[DEPOSIT] R3 deposited! Total: 6
  [PHERO] Laid at (-0.53, 0.06) density=10 prob=0.57 entries=3
  [TARGET] R3 → SITE (-0.53, 0.06)

======================================================================
Step 2500 (1.3 min) | Pickups: 6 | Deposits: 6 | Rate: 4.50 tags/min | phero_entries=3 max_w=0.946
======================================================================
R1[SITE      ]: carry=0 | base=0.43 | wall=2.07 | search=  0 | target=site(-0.53,-0.01)
R2[SEARCH    ]: carry=0 | base=0.28 | wall=2.27 | search=395 | target=site(-0.45,0.06)
R3[BASE_ESC  ]: carry=0 | base=0.23 | wall=2.27 | search=  0 | target=site(-0.53,0.06)
R4[GIVE_UP   ]: carry=0 | base=1.24 | wall=1.40 | search=2028 | target=none

  [GIVE-UP] R4 returned empty after 2028 searching steps
  [TARGET] R4 → PHERO (-0.53, -0.01)

======================================================================
Step 3000 (1.6 min) | Pickups: 6 | Deposits: 6 | Rate: 3.75 tags/min | phero_entries=3 max_w=0.151
======================================================================
R1[SEARCH    ]: carry=0 | base=0.77 | wall=1.74 | search=482 | target=site(-0.53,-0.01)
R2[SEARCH    ]: carry=0 | base=0.25 | wall=2.28 | search=895 | target=site(-0.45,0.06)
R3[SEARCH    ]: carry=0 | base=1.07 | wall=1.43 | search=318 | target=site(-0.53,0.06)
R4[PHERO     ]: carry=0 | base=0.35 | wall=2.23 | search=  0 | target=phero(-0.53,-0.01)


======================================================================
Step 3500 (1.9 min) | Pickups: 6 | Deposits: 6 | Rate: 3.21 tags/min | phero_entries=3 max_w=0.024
======================================================================
R1[SEARCH    ]: carry=0 | base=1.87 | wall=0.63 | search=982 | target=site(-0.53,-0.01)
R2[SEARCH    ]: carry=0 | base=0.87 | wall=1.63 | search=1395 | target=site(-0.45,0.06)
R3[SEARCH    ]: carry=0 | base=1.90 | wall=0.84 | search=818 | target=site(-0.53,0.06)
R4[SEARCH    ]: carry=0 | base=0.82 | wall=1.68 | search=426 | target=phero(-0.53,-0.01)

[PICKUP] R2 picked up tag (density=12) | Total: 7
  [GIVE-UP] R4 returned empty after 624 searching steps
  [TARGET] R4 → PHERO (-0.53, 0.06)

======================================================================
Step 4000 (2.1 min) | Pickups: 7 | Deposits: 6 | Rate: 2.81 tags/min | phero_entries=2 max_w=0.004
======================================================================
R1[GIVE_UP   ]: carry=0 | base=1.26 | wall=1.25 | search=1248 | target=none
R2[RTB       ]: carry=1 | base=0.69 | wall=1.82 | search=  0 | target=none
R3[SEARCH    ]: carry=0 | base=2.37 | wall=0.36 | search=1318 | target=site(-0.53,0.06)
R4[PHERO     ]: carry=0 | base=0.27 | wall=2.31 | search=  0 | target=phero(-0.53,0.06)

[DEPOSIT] R2 deposited! Total: 7
  [PHERO] Laid at (0.10, 1.14) density=12 prob=0.78 entries=3
  [TARGET] R2 → SITE (0.10, 1.14)
  [GIVE-UP] R1 returned empty after 1248 searching steps
  [TARGET] R1 → PHERO (0.10, 1.14)
[PICKUP] R1 picked up tag (density=9) | Total: 8
  [GIVE-UP] R4 returned empty after 156 searching steps
  [TARGET] R4 → PHERO (0.10, 1.14)

======================================================================
Step 4500 (2.4 min) | Pickups: 8 | Deposits: 7 | Rate: 2.92 tags/min | phero_entries=1 max_w=0.243
======================================================================
R1[SURVEY    ]: carry=1 | base=0.32 | wall=2.23 | search=  0 | target=none
R2[SEARCH    ]: carry=0 | base=1.12 | wall=1.39 | search= 37 | target=site(0.10,1.14)
R3[SEARCH    ]: carry=0 | base=1.49 | wall=1.35 | search=1818 | target=site(-0.53,0.06)
R4[BASE_ESC  ]: carry=0 | base=0.22 | wall=2.31 | search=  0 | target=phero(0.10,1.14)

[DEPOSIT] R1 deposited! Total: 8
  [TARGET] R1 → SITE (-0.27, 0.17)
[PICKUP] R3 picked up tag (density=16) | Total: 9

======================================================================
Step 5000 (2.7 min) | Pickups: 9 | Deposits: 8 | Rate: 3.00 tags/min | phero_entries=1 max_w=0.039
======================================================================
R1[SEARCH    ]: carry=0 | base=0.25 | wall=2.29 | search=147 | target=site(-0.27,0.17)
R2[GIVE_UP   ]: carry=0 | base=1.55 | wall=1.04 | search=468 | target=none
R3[SURVEY    ]: carry=1 | base=1.93 | wall=1.01 | search=  0 | target=none
R4[SEARCH    ]: carry=0 | base=1.11 | wall=1.40 | search= 10 | target=phero(0.10,1.14)

[PICKUP] R1 picked up tag (density=8) | Total: 10
  [GIVE-UP] R2 returned empty after 468 searching steps
  [TARGET] R2 → PHERO (0.10, 1.14)
  [GIVE-UP] R4 returned empty after 156 searching steps
  [TARGET] R4 → PHERO (0.10, 1.14)
[DEPOSIT] R1 deposited! Total: 9
  [TARGET] R1 → SITE (-0.24, 0.26)

======================================================================
Step 5500 (2.9 min) | Pickups: 10 | Deposits: 9 | Rate: 3.07 tags/min | phero_entries=1 max_w=0.006
======================================================================
R1[SITE      ]: carry=0 | base=0.26 | wall=2.26 | search=  0 | target=site(-0.24,0.26)
R2[PHERO     ]: carry=0 | base=0.31 | wall=2.25 | search=  0 | target=phero(0.10,1.14)
R3[RTB       ]: carry=1 | base=0.97 | wall=1.73 | search=  0 | target=none
R4[PHERO     ]: carry=0 | base=0.28 | wall=2.22 | search=  0 | target=phero(0.10,1.14)

[DEPOSIT] R3 deposited! Total: 10
  [PHERO] Laid at (-1.22, -1.49) density=16 prob=0.97 entries=2
  [TARGET] R3 → SITE (-1.22, -1.49)
[PICKUP] R4 picked up tag (density=11) | Total: 11
[PICKUP] R1 picked up tag (density=7) | Total: 12

======================================================================
Step 6000 (3.2 min) | Pickups: 12 | Deposits: 10 | Rate: 3.12 tags/min | phero_entries=1 max_w=0.316
======================================================================
R1[SURVEY    ]: carry=1 | base=0.43 | wall=2.11 | search=  0 | target=none
R2[SEARCH    ]: carry=0 | base=0.82 | wall=1.68 | search=268 | target=phero(0.10,1.14)
R3[SITE      ]: carry=0 | base=0.99 | wall=1.78 | search=  0 | target=site(-1.22,-1.49)
R4[SURVEY    ]: carry=1 | base=1.14 | wall=1.36 | search=  0 | target=none

[DEPOSIT] R1 deposited! Total: 11
  [TARGET] R1 → SITE (-0.19, 0.38)
[PICKUP] R3 picked up tag (density=15) | Total: 13
[DEPOSIT] R4 deposited! Total: 12
  [PHERO] Laid at (0.04, 1.14) density=11 prob=0.69 entries=2
  [TARGET] R4 → SITE (0.04, 1.14)

======================================================================
Step 6500 (3.5 min) | Pickups: 13 | Deposits: 12 | Rate: 3.46 tags/min | phero_entries=2 max_w=0.541
======================================================================
R1[SEARCH    ]: carry=0 | base=0.52 | wall=1.99 | search=161 | target=site(-0.19,0.38)
R2[SEARCH    ]: carry=0 | base=1.09 | wall=1.43 | search=768 | target=phero(0.10,1.14)
R3[SURVEY    ]: carry=1 | base=1.90 | wall=1.04 | search=  0 | target=none
R4[SITE      ]: carry=0 | base=0.44 | wall=2.07 | search=  0 | target=site(0.04,1.14)

[PICKUP] R1 picked up tag (density=6) | Total: 14
[PICKUP] R4 picked up tag (density=10) | Total: 15
[DEPOSIT] R1 deposited! Total: 13
  [TARGET] R1 → SITE (-0.24, 0.50)
[DEPOSIT] R3 deposited! Total: 14
  [PHERO] Laid at (-1.22, -1.46) density=15 prob=0.95 entries=3
  [TARGET] R3 → SITE (-1.22, -1.46)

======================================================================
Step 7000 (3.7 min) | Pickups: 15 | Deposits: 14 | Rate: 3.75 tags/min | phero_entries=3 max_w=0.919
======================================================================
R1[BASE_ESC  ]: carry=0 | base=0.22 | wall=2.28 | search=  0 | target=site(-0.24,0.50)
R2[SEARCH    ]: carry=0 | base=1.53 | wall=1.29 | search=1268 | target=phero(0.10,1.14)
R3[BASE_ESC  ]: carry=0 | base=0.23 | wall=2.32 | search=  0 | target=site(-1.22,-1.46)
R4[RTB       ]: carry=1 | base=1.15 | wall=1.35 | search=  0 | target=none

[DEPOSIT] R4 deposited! Total: 15
  [PHERO] Laid at (0.00, 1.16) density=10 prob=0.57 entries=4
  [TARGET] R4 → SITE (0.00, 1.16)
[PICKUP] R1 picked up tag (density=5) | Total: 16

======================================================================
Step 7500 (4.0 min) | Pickups: 16 | Deposits: 15 | Rate: 3.75 tags/min | phero_entries=4 max_w=0.415
======================================================================
R1[SURVEY    ]: carry=1 | base=0.63 | wall=1.97 | search=  0 | target=none
R2[SEARCH    ]: carry=0 | base=1.64 | wall=0.91 | search=1768 | target=phero(0.10,1.14)
R3[SITE      ]: carry=0 | base=1.78 | wall=1.13 | search=  0 | target=site(-1.22,-1.46)
R4[SITE      ]: carry=0 | base=0.68 | wall=1.83 | search=  0 | target=site(0.00,1.16)

[PICKUP] R2 picked up tag (density=9) | Total: 17
[DEPOSIT] R1 deposited! Total: 16
  [PHERO] Laid at (-0.33, 0.53) density=5 prob=0.06 entries=4
  [TARGET] R1 → SITE (-0.33, 0.53)
[PICKUP] R4 picked up tag (density=9) | Total: 18

======================================================================
Step 8000 (4.3 min) | Pickups: 18 | Deposits: 16 | Rate: 3.75 tags/min | phero_entries=4 max_w=0.310
======================================================================
R1[SEARCH    ]: carry=0 | base=0.63 | wall=1.94 | search= 89 | target=site(-0.33,0.53)
R2[RTB       ]: carry=1 | base=1.20 | wall=1.31 | search=  0 | target=none
R3[GIVE_UP   ]: carry=0 | base=0.62 | wall=2.01 | search=156 | target=none
R4[SURVEY    ]: carry=1 | base=1.25 | wall=1.26 | search=  0 | target=none

  [GIVE-UP] R3 returned empty after 156 searching steps
  [TARGET] R3 → PHERO (-1.22, -1.46)
[DEPOSIT] R2 deposited! Total: 17
  [TARGET] R2 → SITE (1.72, 0.37)
[PICKUP] R1 picked up tag (density=4) | Total: 19
[DEPOSIT] R4 deposited! Total: 18
  [TARGET] R4 → SITE (0.17, 1.24)

======================================================================
Step 8500 (4.5 min) | Pickups: 19 | Deposits: 18 | Rate: 3.97 tags/min | phero_entries=3 max_w=0.049
======================================================================
R1[SURVEY    ]: carry=1 | base=0.71 | wall=1.96 | search=  0 | target=none
R2[SITE      ]: carry=0 | base=0.74 | wall=1.77 | search=  0 | target=site(1.72,0.37)
R3[PHERO     ]: carry=0 | base=1.34 | wall=1.49 | search=  0 | target=phero(-1.22,-1.46)
R4[BASE_ESC  ]: carry=0 | base=0.22 | wall=2.29 | search=  0 | target=site(0.17,1.24)

[DEPOSIT] R1 deposited! Total: 19
  [TARGET] R1 → SITE (-0.46, 0.54)
[PICKUP] R1 picked up tag (density=3) | Total: 20
[PICKUP] R4 picked up tag (density=8) | Total: 21

======================================================================
Step 9000 (4.8 min) | Pickups: 21 | Deposits: 19 | Rate: 3.96 tags/min | phero_entries=2 max_w=0.008
======================================================================
R1[SURVEY    ]: carry=1 | base=0.48 | wall=2.08 | search=  0 | target=none
R2[SEARCH    ]: carry=0 | base=1.50 | wall=1.02 | search=244 | target=site(1.72,0.37)
R3[SEARCH    ]: carry=0 | base=1.51 | wall=1.35 | search=366 | target=phero(-1.22,-1.46)
R4[SURVEY    ]: carry=1 | base=1.34 | wall=1.17 | search=  0 | target=none

[DEPOSIT] R1 deposited! Total: 20
  [TARGET] R1 → SITE (-0.24, 0.41)
  [GIVE-UP] R2 returned empty after 312 searching steps
  [TARGET] R2 → PHERO (-0.33, 0.53)

======================================================================
Step 9500 (5.1 min) | Pickups: 21 | Deposits: 20 | Rate: 3.95 tags/min | phero_entries=1 max_w=0.001
======================================================================
R1[SEARCH    ]: carry=0 | base=0.46 | wall=2.12 | search= 63 | target=site(-0.24,0.41)
R2[BASE_ESC  ]: carry=0 | base=0.22 | wall=2.28 | search=  0 | target=phero(-0.33,0.53)
R3[SEARCH    ]: carry=0 | base=2.27 | wall=0.37 | search=866 | target=phero(-1.22,-1.46)
R4[RTB       ]: carry=1 | base=0.47 | wall=2.04 | search=  0 | target=none

[PICKUP] R1 picked up tag (density=2) | Total: 22
[DEPOSIT] R4 deposited! Total: 21
  [TARGET] R4 → SITE (0.17, 1.32)
[DEPOSIT] R1 deposited! Total: 22
  [TARGET] R1 → SITE (-0.25, 0.38)

======================================================================
Step 10000 (5.3 min) | Pickups: 22 | Deposits: 22 | Rate: 4.12 tags/min | phero_entries=0 max_w=0.000
======================================================================
R1[SITE      ]: carry=0 | base=0.41 | wall=2.12 | search=  0 | target=site(-0.25,0.38)
R2[SEARCH    ]: carry=0 | base=0.60 | wall=2.02 | search= 71 | target=phero(-0.33,0.53)
R3[SEARCH    ]: carry=0 | base=2.24 | wall=0.40 | search=1366 | target=phero(-1.22,-1.46)
R4[SEARCH    ]: carry=0 | base=1.35 | wall=1.16 | search= 45 | target=site(0.17,1.32)

[PICKUP] R4 picked up tag (density=7) | Total: 23

======================================================================
Step 10500 (5.6 min) | Pickups: 23 | Deposits: 22 | Rate: 3.93 tags/min | phero_entries=0 max_w=0.000
======================================================================
R1[SEARCH    ]: carry=0 | base=0.64 | wall=1.89 | search=488 | target=site(-0.25,0.38)
R2[SEARCH    ]: carry=0 | base=1.21 | wall=1.29 | search=571 | target=phero(-0.33,0.53)
R3[SEARCH    ]: carry=0 | base=2.24 | wall=0.40 | search=1866 | target=phero(-1.22,-1.46)
R4[SURVEY    ]: carry=1 | base=1.36 | wall=1.15 | search=  0 | target=none

[PICKUP] R2 picked up tag (density=6) | Total: 24
[DEPOSIT] R4 deposited! Total: 23
  [TARGET] R4 → SITE (0.15, 1.35)

======================================================================
Step 11000 (5.9 min) | Pickups: 24 | Deposits: 23 | Rate: 3.92 tags/min | phero_entries=0 max_w=0.000
======================================================================
R1[SEARCH    ]: carry=0 | base=0.27 | wall=2.25 | search=988 | target=site(-0.25,0.38)
R2[RTB       ]: carry=1 | base=0.31 | wall=2.19 | search=  0 | target=none
R3[SEARCH    ]: carry=0 | base=2.25 | wall=0.40 | search=2366 | target=phero(-1.22,-1.46)
R4[BASE_ESC  ]: carry=0 | base=0.23 | wall=2.28 | search=  0 | target=site(0.15,1.35)

[DEPOSIT] R2 deposited! Total: 24
  [PHERO] Laid at (0.03, 1.26) density=6 prob=0.13 entries=1
  [TARGET] R2 → SITE (0.03, 1.26)
  [GIVE-UP] R1 returned empty after 1248 searching steps
  [TARGET] R1 → PHERO (0.03, 1.26)
[PICKUP] R4 picked up tag (density=5) | Total: 25

======================================================================
Step 11500 (6.1 min) | Pickups: 25 | Deposits: 24 | Rate: 3.91 tags/min | phero_entries=1 max_w=0.169
======================================================================
R1[PHERO     ]: carry=0 | base=0.47 | wall=2.10 | search=  0 | target=phero(0.03,1.26)
R2[SEARCH    ]: carry=0 | base=1.26 | wall=1.24 | search=115 | target=site(0.03,1.26)
R3[SEARCH    ]: carry=0 | base=2.26 | wall=0.39 | search=2866 | target=phero(-1.22,-1.46)
R4[SURVEY    ]: carry=1 | base=1.36 | wall=1.14 | search=  0 | target=none

[PICKUP] R1 picked up tag (density=4) | Total: 26
[DEPOSIT] R4 deposited! Total: 25
  [TARGET] R4 → SITE (0.12, 1.36)

======================================================================
Step 12000 (6.4 min) | Pickups: 26 | Deposits: 25 | Rate: 3.91 tags/min | phero_entries=1 max_w=0.027
======================================================================
R1[SURVEY    ]: carry=1 | base=1.33 | wall=1.17 | search=  0 | target=none
R2[SEARCH    ]: carry=0 | base=1.77 | wall=0.83 | search=615 | target=site(0.03,1.26)
R3[SEARCH    ]: carry=0 | base=2.27 | wall=0.38 | search=3366 | target=phero(-1.22,-1.46)
R4[BASE_ESC  ]: carry=0 | base=0.22 | wall=2.28 | search=  0 | target=site(0.12,1.36)

[DEPOSIT] R1 deposited! Total: 26
  [TARGET] R1 → SITE (0.02, 1.32)

======================================================================
Step 12500 (6.7 min) | Pickups: 26 | Deposits: 26 | Rate: 3.90 tags/min | phero_entries=1 max_w=0.004
======================================================================
R1[SITE      ]: carry=0 | base=0.38 | wall=2.14 | search=  0 | target=site(0.02,1.32)
R2[SEARCH    ]: carry=0 | base=2.16 | wall=0.53 | search=1115 | target=site(0.03,1.26)
R3[SEARCH    ]: carry=0 | base=2.29 | wall=0.37 | search=3866 | target=phero(-1.22,-1.46)
R4[SEARCH    ]: carry=0 | base=1.31 | wall=1.19 | search=136 | target=site(0.12,1.36)


======================================================================
Step 13000 (6.9 min) | Pickups: 26 | Deposits: 26 | Rate: 3.75 tags/min | phero_entries=0 max_w=0.000
======================================================================
R1[SEARCH    ]: carry=0 | base=1.29 | wall=1.27 | search=261 | target=site(0.02,1.32)
R2[GIVE_UP   ]: carry=0 | base=1.42 | wall=1.10 | search=1404 | target=none
R3[GIVE_UP   ]: carry=0 | base=1.18 | wall=1.40 | search=4056 | target=none
R4[SEARCH    ]: carry=0 | base=1.84 | wall=0.96 | search=636 | target=site(0.12,1.36)

[PICKUP] R1 picked up tag (density=3) | Total: 27
  [GIVE-UP] R3 returned empty after 4056 searching steps
  [TARGET] R3 → WALL (-2.42, 2.04)
  [GIVE-UP] R2 returned empty after 1404 searching steps
  [TARGET] R2 → WALL (-2.31, 2.42)

======================================================================
Step 13500 (7.2 min) | Pickups: 27 | Deposits: 26 | Rate: 3.61 tags/min | phero_entries=0 max_w=0.000
======================================================================
R1[RTB       ]: carry=1 | base=1.13 | wall=1.37 | search=  0 | target=none
R2[DEPART    ]: carry=0 | base=0.52 | wall=2.03 | search=  0 | target=none
R3[DEPART    ]: carry=0 | base=0.51 | wall=1.99 | search=  0 | target=none
R4[GIVE_UP   ]: carry=0 | base=0.47 | wall=2.09 | search=780 | target=none

  [GIVE-UP] R4 returned empty after 780 searching steps
  [TARGET] R4 → WALL (2.42, 2.27)
[DEPOSIT] R1 deposited! Total: 27
  [TARGET] R1 → SITE (-0.23, 1.53)
[PICKUP] R3 picked up tag (density=1) | Total: 28

======================================================================
Step 14000 (7.5 min) | Pickups: 28 | Deposits: 27 | Rate: 3.62 tags/min | phero_entries=0 max_w=0.000
======================================================================
R1[SITE      ]: carry=0 | base=0.83 | wall=1.69 | search=  0 | target=site(-0.23,1.53)
R2[GIVE_UP   ]: carry=0 | base=0.69 | wall=1.82 | search=312 | target=none
R3[SURVEY    ]: carry=1 | base=0.70 | wall=1.96 | search=  0 | target=none
R4[SEARCH    ]: carry=0 | base=1.24 | wall=1.60 | search=177 | target=none

  [GIVE-UP] R2 returned empty after 312 searching steps
  [TARGET] R2 → WALL (-2.42, -0.80)
[DEPOSIT] R3 deposited! Total: 28
  [TARGET] R3 → WALL (2.42, -0.89)

======================================================================
Step 14500 (7.7 min) | Pickups: 28 | Deposits: 28 | Rate: 3.62 tags/min | phero_entries=0 max_w=0.000
======================================================================
R1[SEARCH    ]: carry=0 | base=1.62 | wall=1.04 | search=325 | target=site(-0.23,1.53)
R2[DEPART    ]: carry=0 | base=0.45 | wall=2.06 | search=  0 | target=none
R3[BASE_ESC  ]: carry=0 | base=0.24 | wall=2.27 | search=  0 | target=none
R4[SEARCH    ]: carry=0 | base=1.60 | wall=1.16 | search=677 | target=none

[PICKUP] R4 picked up tag (density=8) | Total: 29
  [GIVE-UP] R2 returned empty after 156 searching steps
  [TARGET] R2 → WALL (-2.42, 0.14)

======================================================================
Step 15000 (8.0 min) | Pickups: 29 | Deposits: 28 | Rate: 3.50 tags/min | phero_entries=0 max_w=0.000
======================================================================
R1[SEARCH    ]: carry=0 | base=1.95 | wall=1.06 | search=825 | target=site(-0.23,1.53)
R2[BASE_ESC  ]: carry=0 | base=0.22 | wall=2.31 | search=  0 | target=none
R3[SEARCH    ]: carry=0 | base=1.31 | wall=1.20 | search=281 | target=none
R4[RTB       ]: carry=1 | base=1.75 | wall=0.79 | search=  0 | target=none

[DEPOSIT] R4 deposited! Total: 29
  [PHERO] Laid at (1.71, 0.48) density=8 prob=0.32 entries=1
  [TARGET] R4 → SITE (1.71, 0.48)
  [GIVE-UP] R3 returned empty after 468 searching steps
  [TARGET] R3 → PHERO (1.71, 0.48)

======================================================================
Step 15500 (8.3 min) | Pickups: 29 | Deposits: 29 | Rate: 3.51 tags/min | phero_entries=1 max_w=0.697
======================================================================
R1[GIVE_UP   ]: carry=0 | base=0.61 | wall=1.95 | search=1092 | target=none
R2[DEPART    ]: carry=0 | base=1.67 | wall=0.83 | search=  0 | target=none
R3[BASE_ESC  ]: carry=0 | base=0.23 | wall=2.27 | search=  0 | target=phero(1.71,0.48)
R4[BASE_ESC  ]: carry=0 | base=0.19 | wall=2.34 | search=  0 | target=site(1.71,0.48)

  [GIVE-UP] R1 returned empty after 1092 searching steps
  [TARGET] R1 → PHERO (1.71, 0.48)

======================================================================
Step 16000 (8.5 min) | Pickups: 29 | Deposits: 29 | Rate: 3.40 tags/min | phero_entries=1 max_w=0.111
======================================================================
R1[PHERO     ]: carry=0 | base=0.77 | wall=1.82 | search=  0 | target=phero(1.71,0.48)
R2[SEARCH    ]: carry=0 | base=1.38 | wall=1.19 | search=458 | target=none
R3[SEARCH    ]: carry=0 | base=1.79 | wall=0.77 | search= 59 | target=phero(1.71,0.48)
R4[SEARCH    ]: carry=0 | base=1.78 | wall=0.79 | search= 79 | target=site(1.71,0.48)

[PICKUP] R3 picked up tag (density=7) | Total: 30
[PICKUP] R4 picked up tag (density=6) | Total: 31
  [GIVE-UP] R2 returned empty after 468 searching steps
  [TARGET] R2 → PHERO (1.71, 0.48)
[PICKUP] R1 picked up tag (density=5) | Total: 32

======================================================================
Step 16500 (8.8 min) | Pickups: 32 | Deposits: 29 | Rate: 3.30 tags/min | phero_entries=1 max_w=0.018
======================================================================
R1[SURVEY    ]: carry=1 | base=1.85 | wall=0.70 | search=  0 | target=none
R2[PHERO     ]: carry=0 | base=0.28 | wall=2.29 | search=  0 | target=phero(1.71,0.48)
R3[RTB       ]: carry=1 | base=1.53 | wall=0.99 | search=  0 | target=none
R4[RTB       ]: carry=1 | base=1.86 | wall=0.67 | search=  0 | target=none

[DEPOSIT] R3 deposited! Total: 30
  [TARGET] R3 → SITE (1.77, 0.47)
[DEPOSIT] R4 deposited! Total: 31
  [TARGET] R4 → SITE (1.81, 0.36)

======================================================================
Step 17000 (9.1 min) | Pickups: 32 | Deposits: 31 | Rate: 3.42 tags/min | phero_entries=1 max_w=0.003
======================================================================
R1[RTB       ]: carry=1 | base=0.90 | wall=1.61 | search=  0 | target=none
R2[SEARCH    ]: carry=0 | base=1.74 | wall=0.82 | search=  6 | target=phero(1.71,0.48)
R3[SITE      ]: carry=0 | base=0.38 | wall=2.12 | search=  0 | target=site(1.77,0.47)
R4[BASE_ESC  ]: carry=0 | base=0.22 | wall=2.28 | search=  0 | target=site(1.81,0.36)

[DEPOSIT] R1 deposited! Total: 32
  [TARGET] R1 → SITE (1.80, 0.46)

======================================================================
Step 17500 (9.3 min) | Pickups: 32 | Deposits: 32 | Rate: 3.43 tags/min | phero_entries=0 max_w=0.000
======================================================================
R1[SITE      ]: carry=0 | base=1.00 | wall=1.52 | search=  0 | target=site(1.80,0.46)
R2[SEARCH    ]: carry=0 | base=1.27 | wall=1.23 | search=506 | target=phero(1.71,0.48)
R3[SEARCH    ]: carry=0 | base=1.83 | wall=0.76 | search=127 | target=site(1.77,0.47)
R4[SEARCH    ]: carry=0 | base=1.82 | wall=0.71 | search= 32 | target=site(1.81,0.36)

[PICKUP] R4 picked up tag (density=4) | Total: 33

======================================================================
Step 18000 (9.6 min) | Pickups: 33 | Deposits: 32 | Rate: 3.33 tags/min | phero_entries=0 max_w=0.000
======================================================================
R1[GIVE_UP   ]: carry=0 | base=1.27 | wall=1.25 | search=156 | target=none
R2[SEARCH    ]: carry=0 | base=1.94 | wall=0.97 | search=1006 | target=phero(1.71,0.48)
R3[SEARCH    ]: carry=0 | base=1.39 | wall=1.15 | search=627 | target=site(1.77,0.47)
R4[SURVEY    ]: carry=1 | base=1.98 | wall=0.54 | search=  0 | target=none

  [GIVE-UP] R1 returned empty after 156 searching steps
  [TARGET] R1 → WALL (0.27, 2.42)

======================================================================
Step 18500 (9.9 min) | Pickups: 33 | Deposits: 32 | Rate: 3.24 tags/min | phero_entries=0 max_w=0.000
======================================================================
R1[DEPART    ]: carry=0 | base=0.60 | wall=1.97 | search=  0 | target=none
R2[SEARCH    ]: carry=0 | base=1.90 | wall=0.78 | search=1506 | target=phero(1.71,0.48)
R3[SEARCH    ]: carry=0 | base=1.21 | wall=1.30 | search=1127 | target=site(1.77,0.47)
R4[RTB       ]: carry=1 | base=0.60 | wall=1.90 | search=  0 | target=none

[DEPOSIT] R4 deposited! Total: 33
  [TARGET] R4 → SITE (1.96, 0.30)
TIMEOUT_RESULT pickups=33 deposits=33 steps=18750 elapsed_min=10.000000
BATCH_RESULT pickups=33 deposits=33
