============================================================
EVALUATION MODE — CPFA-RL Trained Model
Obs space: 18 per robot × 4 robots = 72 total
============================================================

Loading model: ppo_cpfa_v9
Model loaded. Starting evaluation...

============================================================

[PICKUP] Robot 1 picked up tag (density=6) | Total: 1
[PICKUP] Robot 4 picked up tag (density=12) | Total: 2
[DEPOSIT] Robot 1 deposited! Total: 1
  [PHERO] Laid at (-0.35, -0.13) density=6 prob=0.97 total_entries=1
  [TARGET] Robot 1 → SITE (-0.35,-0.13)

======================================================================
Step 500 (0.3 min) | Pickups: 2 | Deposits: 1 | Rate: 3.75 tags/min | phero_entries=1 phero_max=0.801
======================================================================
R1[SITE      ]: L=+1.00 R=-0.03 | carry=0 | base=0.07 ba=-0.84 | site=1 sd=0.06 sa=-0.25 | phero=0 pd=0.00 pa=+0.00 | srch=0.03 | wall=2.29
R2[WALL_ESC  ]: L=+0.00 R=+1.00 | carry=0 | base=0.62 ba=+0.47 | site=0 sd=0.00 sa=+0.00 | phero=0 pd=0.00 pa=+0.00 | srch=0.12 | wall=0.32
R3[EXPLORE   ]: L=+0.01 R=+0.85 | carry=0 | base=0.28 ba=-0.55 | site=0 sd=0.00 sa=+0.00 | phero=0 pd=0.00 pa=+0.00 | srch=0.12 | wall=1.75
R4[RTB       ]: L=+1.00 R=+1.00 | carry=1 | base=0.11 ba=-0.00 | site=0 sd=0.00 sa=+0.00 | phero=0 pd=0.00 pa=+0.00 | srch=0.00 | wall=2.20

[DEPOSIT] Robot 4 deposited! Total: 2
  [PHERO] Laid at (0.69, -0.75) density=12 prob=1.00 total_entries=2
  [TARGET] Robot 4 → SITE (0.69,-0.75)
[PICKUP] Robot 3 picked up tag (density=12) | Total: 3
[PICKUP] Robot 4 picked up tag (density=11) | Total: 4
[DEPOSIT] Robot 3 deposited! Total: 3
  [PHERO] Laid at (0.83, 0.80) density=12 prob=1.00 total_entries=3
  [TARGET] Robot 3 → SITE (0.83,0.80)

======================================================================
Step 1000 (0.5 min) | Pickups: 4 | Deposits: 3 | Rate: 5.62 tags/min | phero_entries=3 phero_max=0.894
======================================================================
R1[EXPLORE   ]: L=+1.00 R=+1.00 | carry=0 | base=0.54 ba=-1.00 | site=0 sd=0.00 sa=+0.00 | phero=0 pd=0.00 pa=+0.00 | srch=0.16 | wall=0.69
R2[EXPLORE   ]: L=+1.00 R=+1.00 | carry=0 | base=0.61 ba=+0.61 | site=0 sd=0.00 sa=+0.00 | phero=0 pd=0.00 pa=+0.00 | srch=0.25 | wall=0.90
R3[BASE_ESC  ]: L=+1.00 R=+0.00 | carry=0 | base=0.06 ba=+0.60 | site=1 sd=0.27 sa=-0.49 | phero=0 pd=0.00 pa=+0.00 | srch=0.02 | wall=2.31
R4[RTB       ]: L=+0.83 R=+1.00 | carry=1 | base=0.27 ba=+0.06 | site=0 sd=0.00 sa=+0.00 | phero=0 pd=0.00 pa=+0.00 | srch=0.00 | wall=1.77

[DEPOSIT] Robot 4 deposited! Total: 4
  [PHERO] Laid at (0.74, -0.77) density=11 prob=1.00 total_entries=4
  [TARGET] Robot 4 → SITE (0.74,-0.77)
[GIVE-UP] R1 giving up after 987 steps

======================================================================
Step 1500 (0.8 min) | Pickups: 4 | Deposits: 4 | Rate: 5.00 tags/min | phero_entries=4 phero_max=0.606
======================================================================
R1[GIVE_UP   ]: L=+1.00 R=+1.00 | carry=0 | base=0.36 ba=-0.00 | site=0 sd=0.00 sa=+0.00 | phero=0 pd=0.00 pa=+0.00 | srch=0.28 | wall=1.38
R2[EXPLORE   ]: L=+1.00 R=+1.00 | carry=0 | base=0.51 ba=+0.15 | site=0 sd=0.00 sa=+0.00 | phero=0 pd=0.00 pa=+0.00 | srch=0.38 | wall=0.85
R3[SITE      ]: L=+0.52 R=+0.54 | carry=0 | base=0.30 ba=-1.00 | site=1 sd=0.03 sa=+0.04 | phero=0 pd=0.00 pa=+0.00 | srch=0.14 | wall=1.73
R4[SITE      ]: L=+0.89 R=+0.97 | carry=0 | base=0.24 ba=+0.99 | site=1 sd=0.07 sa=+0.14 | phero=0 pd=0.00 pa=+0.00 | srch=0.08 | wall=1.84

[PICKUP] Robot 3 picked up tag (density=11) | Total: 5
[PICKUP] Robot 4 picked up tag (density=10) | Total: 6
[PICKUP] Robot 1 picked up tag (density=9) | Total: 7
[DEPOSIT] Robot 1 deposited! Total: 5
  [PHERO] Laid at (-0.48, 0.25) density=9 prob=1.00 total_entries=5
  [TARGET] Robot 1 → SITE (-0.48,0.25)
[DEPOSIT] Robot 4 deposited! Total: 6
  [PHERO] Laid at (0.79, -0.80) density=10 prob=1.00 total_entries=6
  [TARGET] Robot 4 → SITE (0.79,-0.80)
[PICKUP] Robot 1 picked up tag (density=8) | Total: 8
[DEPOSIT] Robot 3 deposited! Total: 7
  [PHERO] Laid at (0.91, 0.90) density=11 prob=1.00 total_entries=7
  [TARGET] Robot 3 → SITE (0.91,0.90)

======================================================================
Step 2000 (1.1 min) | Pickups: 8 | Deposits: 7 | Rate: 6.56 tags/min | phero_entries=7 phero_max=0.917
======================================================================
R1[RTB       ]: L=+0.09 R=+1.00 | carry=1 | base=0.10 ba=+0.34 | site=0 sd=0.00 sa=+0.00 | phero=0 pd=0.00 pa=+0.00 | srch=0.00 | wall=2.20
R2[EXPLORE   ]: L=+1.00 R=+1.00 | carry=0 | base=0.26 ba=+0.64 | site=0 sd=0.00 sa=+0.00 | phero=0 pd=0.00 pa=+0.00 | srch=0.50 | wall=1.71
R3[BASE_ESC  ]: L=+1.00 R=+0.00 | carry=0 | base=0.06 ba=+0.48 | site=1 sd=0.30 sa=-0.60 | phero=0 pd=0.00 pa=+0.00 | srch=0.01 | wall=2.32
R4[BASE_ESC  ]: L=+1.00 R=+0.06 | carry=0 | base=0.06 ba=+0.77 | site=1 sd=0.26 sa=-0.35 | phero=0 pd=0.00 pa=+0.00 | srch=0.02 | wall=2.30

[DEPOSIT] Robot 1 deposited! Total: 8
  [PHERO] Laid at (-0.25, 0.22) density=8 prob=1.00 total_entries=8
  [TARGET] Robot 1 → SITE (-0.25,0.22)
[PICKUP] Robot 1 picked up tag (density=7) | Total: 9
[PICKUP] Robot 4 picked up tag (density=9) | Total: 10
[PICKUP] Robot 2 picked up tag (density=16) | Total: 11
[DEPOSIT] Robot 1 deposited! Total: 9
  [PHERO] Laid at (-0.24, 0.24) density=7 prob=0.99 total_entries=9
  [TARGET] Robot 1 → SITE (-0.24,0.24)

======================================================================
Step 2500 (1.3 min) | Pickups: 11 | Deposits: 9 | Rate: 6.75 tags/min | phero_entries=9 phero_max=0.824
======================================================================
R1[SITE      ]: L=+0.84 R=+1.00 | carry=0 | base=0.08 ba=+0.97 | site=1 sd=0.05 sa=+0.47 | phero=0 pd=0.00 pa=+0.00 | srch=0.03 | wall=2.22
R2[RTB       ]: L=+0.96 R=+1.00 | carry=1 | base=0.50 ba=+0.02 | site=0 sd=0.00 sa=+0.00 | phero=0 pd=0.00 pa=+0.00 | srch=0.00 | wall=0.83
R3[SITE      ]: L=-0.16 R=-0.27 | carry=0 | base=0.24 ba=+0.96 | site=1 sd=0.12 sa=-0.06 | phero=0 pd=0.00 pa=+0.00 | srch=0.14 | wall=1.89
R4[RTB       ]: L=+1.00 R=+1.00 | carry=1 | base=0.22 ba=+0.00 | site=0 sd=0.00 sa=+0.00 | phero=0 pd=0.00 pa=+0.00 | srch=0.00 | wall=1.93

[PICKUP] Robot 1 picked up tag (density=6) | Total: 12
[DEPOSIT] Robot 4 deposited! Total: 10
  [PHERO] Laid at (0.75, -0.81) density=9 prob=1.00 total_entries=10
  [TARGET] Robot 4 → SITE (0.75,-0.81)
[DEPOSIT] Robot 1 deposited! Total: 11
  [PHERO] Laid at (-0.12, 0.37) density=6 prob=0.97 total_entries=11
  [TARGET] Robot 1 → SITE (-0.12,0.37)
[PICKUP] Robot 3 picked up tag (density=10) | Total: 13
[DEPOSIT] Robot 2 deposited! Total: 12
  [PHERO] Laid at (-1.87, -0.41) density=16 prob=1.00 total_entries=12
  [TARGET] Robot 2 → SITE (-1.87,-0.41)

======================================================================
Step 3000 (1.6 min) | Pickups: 13 | Deposits: 12 | Rate: 7.50 tags/min | phero_entries=12 phero_max=0.835
======================================================================
R1[EXPLORE   ]: L=+0.97 R=+1.00 | carry=0 | base=0.19 ba=-0.88 | site=0 sd=0.00 sa=+0.00 | phero=0 pd=0.00 pa=+0.00 | srch=0.08 | wall=1.84
R2[SITE      ]: L=+1.00 R=+0.94 | carry=0 | base=0.08 ba=+0.91 | site=1 sd=0.48 sa=-0.21 | phero=0 pd=0.00 pa=+0.00 | srch=0.03 | wall=2.27
R3[RTB       ]: L=+0.98 R=+1.00 | carry=1 | base=0.27 ba=+0.01 | site=0 sd=0.00 sa=+0.00 | phero=0 pd=0.00 pa=+0.00 | srch=0.00 | wall=1.78
R4[SITE      ]: L=+1.00 R=+0.88 | carry=0 | base=0.29 ba=+0.97 | site=1 sd=0.02 sa=-0.07 | phero=0 pd=0.00 pa=+0.00 | srch=0.09 | wall=1.76

[PICKUP] Robot 4 picked up tag (density=8) | Total: 14
[PICKUP] Robot 2 picked up tag (density=5) | Total: 15
[GIVE-UP] R1 giving up after 442 steps
[DEPOSIT] Robot 3 deposited! Total: 13
  [PHERO] Laid at (0.83, 0.83) density=10 prob=1.00 total_entries=13
  [TARGET] Robot 3 → SITE (0.83,0.83)
[DEPOSIT] Robot 2 deposited! Total: 14
  [PHERO] Laid at (-0.31, -0.22) density=5 prob=0.92 total_entries=14
  [TARGET] Robot 2 → SITE (-0.31,-0.22)
[DEPOSIT] Robot 4 deposited! Total: 15
  [PHERO] Laid at (0.78, -0.82) density=8 prob=1.00 total_entries=15
  [TARGET] Robot 4 → SITE (0.78,-0.82)
[PICKUP] Robot 2 picked up tag (density=4) | Total: 16
[EMPTY_RTN] R1 → phero(0.78,-0.82)

======================================================================
Step 3500 (1.9 min) | Pickups: 16 | Deposits: 15 | Rate: 8.04 tags/min | phero_entries=15 phero_max=0.827
======================================================================
R1[BASE_ESC  ]: L=+1.00 R=+0.00 | carry=0 | base=0.06 ba=+0.31 | site=0 sd=0.00 sa=+0.00 | phero=1 pd=0.37 pa=+0.53 | srch=0.01 | wall=2.28
R2[RTB       ]: L=+1.00 R=+0.77 | carry=1 | base=0.08 ba=-0.09 | site=0 sd=0.00 sa=+0.00 | phero=0 pd=0.00 pa=+0.00 | srch=0.00 | wall=2.25
R3[SITE      ]: L=-0.37 R=-0.41 | carry=0 | base=0.10 ba=-0.70 | site=1 sd=0.24 sa=+0.14 | phero=0 pd=0.00 pa=+0.00 | srch=0.08 | wall=2.19
R4[SITE      ]: L=+1.00 R=+1.00 | carry=0 | base=0.08 ba=-0.91 | site=1 sd=0.25 sa=+0.25 | phero=0 pd=0.00 pa=+0.00 | srch=0.03 | wall=2.24

[DEPOSIT] Robot 2 deposited! Total: 16
  [PHERO] Laid at (-0.31, -0.24) density=4 prob=0.82 total_entries=16
  [TARGET] Robot 2 → SITE (-0.31,-0.24)
[PICKUP] Robot 2 picked up tag (density=3) | Total: 17
[PICKUP] Robot 4 picked up tag (density=7) | Total: 18
[DEPOSIT] Robot 2 deposited! Total: 17
  [TARGET] Robot 2 → SITE (-0.33,-0.27)

======================================================================
Step 4000 (2.1 min) | Pickups: 18 | Deposits: 17 | Rate: 7.97 tags/min | phero_entries=16 phero_max=0.454
======================================================================
R1[PHERO     ]: L=+1.00 R=+1.00 | carry=0 | base=0.21 ba=-0.66 | site=0 sd=0.00 sa=+0.00 | phero=1 pd=0.16 pa=+0.04 | srch=0.13 | wall=1.84
R2[SITE      ]: L=+1.00 R=+0.07 | carry=0 | base=0.07 ba=-0.72 | site=1 sd=0.07 sa=-0.07 | phero=0 pd=0.00 pa=+0.00 | srch=0.04 | wall=2.26
R3[SITE      ]: L=-0.05 R=-0.57 | carry=0 | base=0.07 ba=-0.69 | site=1 sd=0.29 sa=-0.02 | phero=0 pd=0.00 pa=+0.00 | srch=0.21 | wall=2.25
R4[RTB       ]: L=+1.00 R=+1.00 | carry=1 | base=0.21 ba=+0.00 | site=0 sd=0.00 sa=+0.00 | phero=0 pd=0.00 pa=+0.00 | srch=0.00 | wall=1.95

[PICKUP] Robot 2 picked up tag (density=2) | Total: 19
[DEPOSIT] Robot 4 deposited! Total: 18
  [PHERO] Laid at (0.64, -0.95) density=7 prob=0.99 total_entries=17
  [TARGET] Robot 4 → SITE (0.64,-0.95)
[PICKUP] Robot 1 picked up tag (density=6) | Total: 20
[DEPOSIT] Robot 2 deposited! Total: 19
  [TARGET] Robot 2 → SITE (-0.38,-0.24)
[PICKUP] Robot 2 picked up tag (density=1) | Total: 21

======================================================================
Step 4500 (2.4 min) | Pickups: 21 | Deposits: 19 | Rate: 7.92 tags/min | phero_entries=17 phero_max=0.548
======================================================================
R1[RTB       ]: L=+1.00 R=+1.00 | carry=1 | base=0.11 ba=+0.00 | site=0 sd=0.00 sa=+0.00 | phero=0 pd=0.00 pa=+0.00 | srch=0.00 | wall=2.18
R2[RTB       ]: L=+0.00 R=+1.00 | carry=1 | base=0.14 ba=+0.45 | site=0 sd=0.00 sa=+0.00 | phero=0 pd=0.00 pa=+0.00 | srch=0.00 | wall=2.09
R3[SITE      ]: L=+0.47 R=+0.48 | carry=0 | base=0.21 ba=-0.93 | site=1 sd=0.13 sa=+0.03 | phero=0 pd=0.00 pa=+0.00 | srch=0.33 | wall=1.96
R4[SITE      ]: L=+1.00 R=+1.00 | carry=0 | base=0.27 ba=+0.99 | site=1 sd=0.06 sa=+0.13 | phero=0 pd=0.00 pa=+0.00 | srch=0.09 | wall=1.68

[DEPOSIT] Robot 1 deposited! Total: 20
  [PHERO] Laid at (0.78, -0.90) density=6 prob=0.97 total_entries=18
  [TARGET] Robot 1 → SITE (0.78,-0.90)
[PICKUP] Robot 4 picked up tag (density=5) | Total: 22
[DEPOSIT] Robot 2 deposited! Total: 21
  [TARGET] Robot 2 → SITE (-0.42,-0.25)
[PICKUP] Robot 1 picked up tag (density=4) | Total: 23
[DEPOSIT] Robot 4 deposited! Total: 22
  [PHERO] Laid at (0.62, -1.06) density=5 prob=0.92 total_entries=17
  [TARGET] Robot 4 → SITE (0.62,-1.06)

======================================================================
Step 5000 (2.7 min) | Pickups: 23 | Deposits: 22 | Rate: 8.25 tags/min | phero_entries=17 phero_max=0.928
======================================================================
R1[RTB       ]: L=+1.00 R=+0.03 | carry=1 | base=0.35 ba=-0.37 | site=0 sd=0.00 sa=+0.00 | phero=0 pd=0.00 pa=+0.00 | srch=0.00 | wall=1.51
R2[EXPLORE   ]: L=+1.00 R=+1.00 | carry=0 | base=0.29 ba=-0.84 | site=0 sd=0.00 sa=+0.00 | phero=0 pd=0.00 pa=+0.00 | srch=0.10 | wall=1.49
R3[SITE      ]: L=+0.61 R=+0.65 | carry=0 | base=0.26 ba=-0.86 | site=1 sd=0.08 sa=+0.08 | phero=0 pd=0.00 pa=+0.00 | srch=0.46 | wall=1.84
R4[BASE_ESC  ]: L=+1.00 R=+0.00 | carry=0 | base=0.06 ba=+0.40 | site=1 sd=0.29 sa=-0.66 | phero=0 pd=0.00 pa=+0.00 | srch=0.01 | wall=2.33

[DEPOSIT] Robot 1 deposited! Total: 23
  [TARGET] Robot 1 → SITE (0.76,-0.95)
[PICKUP] Robot 4 picked up tag (density=3) | Total: 24

======================================================================
Step 5500 (2.9 min) | Pickups: 24 | Deposits: 23 | Rate: 7.84 tags/min | phero_entries=16 phero_max=0.417
======================================================================
R1[SITE      ]: L=+1.00 R=+1.00 | carry=0 | base=0.18 ba=+0.95 | site=1 sd=0.19 sa=-0.28 | phero=0 pd=0.00 pa=+0.00 | srch=0.05 | wall=1.96
R2[EXPLORE   ]: L=+1.00 R=+1.00 | carry=0 | base=0.66 ba=-0.80 | site=0 sd=0.00 sa=+0.00 | phero=0 pd=0.00 pa=+0.00 | srch=0.22 | wall=0.58
R3[EXPLORE   ]: L=+0.32 R=+1.00 | carry=0 | base=0.65 ba=+0.70 | site=0 sd=0.00 sa=+0.00 | phero=0 pd=0.00 pa=+0.00 | srch=0.58 | wall=0.86
R4[RTB       ]: L=+0.38 R=+1.00 | carry=1 | base=0.36 ba=+0.23 | site=0 sd=0.00 sa=+0.00 | phero=0 pd=0.00 pa=+0.00 | srch=0.00 | wall=1.46

[DEPOSIT] Robot 4 deposited! Total: 24
  [TARGET] Robot 4 → SITE (0.69,-1.09)

======================================================================
Step 6000 (3.2 min) | Pickups: 24 | Deposits: 24 | Rate: 7.50 tags/min | phero_entries=15 phero_max=0.187
======================================================================
R1[EXPLORE   ]: L=+1.00 R=+1.00 | carry=0 | base=0.58 ba=-0.85 | site=0 sd=0.00 sa=+0.00 | phero=0 pd=0.00 pa=+0.00 | srch=0.18 | wall=0.52
R2[EXPLORE   ]: L=+1.00 R=+1.00 | carry=0 | base=0.67 ba=-0.12 | site=0 sd=0.00 sa=+0.00 | phero=0 pd=0.00 pa=+0.00 | srch=0.35 | wall=0.66
R3[WALL_ESC  ]: L=+0.02 R=+1.00 | carry=0 | base=0.79 ba=+0.24 | site=0 sd=0.00 sa=+0.00 | phero=0 pd=0.00 pa=+0.00 | srch=0.71 | wall=0.31
R4[SITE      ]: L=+1.00 R=+0.94 | carry=0 | base=0.18 ba=-0.92 | site=1 sd=0.20 sa=-0.09 | phero=0 pd=0.00 pa=+0.00 | srch=0.06 | wall=2.02

[GIVE-UP] R1 giving up after 1042 steps
[PICKUP] Robot 3 picked up tag (density=9) | Total: 25

======================================================================
Step 6500 (3.5 min) | Pickups: 25 | Deposits: 24 | Rate: 6.92 tags/min | phero_entries=11 phero_max=0.084
======================================================================
R1[GIVE_UP   ]: L=+1.00 R=+1.00 | carry=0 | base=0.26 ba=-0.00 | site=0 sd=0.00 sa=+0.00 | phero=0 pd=0.00 pa=+0.00 | srch=0.30 | wall=1.58
R2[EXPLORE   ]: L=+1.00 R=+1.00 | carry=0 | base=0.25 ba=-0.41 | site=0 sd=0.00 sa=+0.00 | phero=0 pd=0.00 pa=+0.00 | srch=0.47 | wall=1.64
R3[RTB       ]: L=+1.00 R=+1.00 | carry=1 | base=0.27 ba=+0.00 | site=0 sd=0.00 sa=+0.00 | phero=0 pd=0.00 pa=+0.00 | srch=0.00 | wall=1.69
R4[WALL_ESC  ]: L=+1.00 R=+0.00 | carry=0 | base=0.66 ba=-0.59 | site=0 sd=0.00 sa=+0.00 | phero=0 pd=0.00 pa=+0.00 | srch=0.18 | wall=0.32

[EMPTY_RTN] R1 → phero(0.62,-1.06)
[DEPOSIT] Robot 3 deposited! Total: 25
  [PHERO] Laid at (0.83, 1.33) density=9 prob=1.00 total_entries=12
  [TARGET] Robot 3 → SITE (0.83,1.33)

======================================================================
Step 7000 (3.7 min) | Pickups: 25 | Deposits: 25 | Rate: 6.70 tags/min | phero_entries=9 phero_max=0.601
======================================================================
R1[PHERO     ]: L=+1.00 R=+1.00 | carry=0 | base=0.30 ba=+1.00 | site=0 sd=0.00 sa=+0.00 | phero=1 pd=0.27 pa=+0.58 | srch=0.08 | wall=1.50
R2[EXPLORE   ]: L=+1.00 R=+1.00 | carry=0 | base=0.20 ba=-0.53 | site=0 sd=0.00 sa=+0.00 | phero=0 pd=0.00 pa=+0.00 | srch=0.60 | wall=1.97
R3[SITE      ]: L=+0.56 R=+0.57 | carry=0 | base=0.17 ba=-0.92 | site=1 sd=0.28 sa=+0.15 | phero=0 pd=0.00 pa=+0.00 | srch=0.08 | wall=2.04
R4[EXPLORE   ]: L=+1.00 R=+1.00 | carry=0 | base=0.31 ba=+0.48 | site=0 sd=0.00 sa=+0.00 | phero=0 pd=0.00 pa=+0.00 | srch=0.31 | wall=1.70

[PICKUP] Robot 3 picked up tag (density=8) | Total: 26
[GIVE-UP] R2 giving up after 2634 steps

======================================================================
Step 7500 (4.0 min) | Pickups: 26 | Deposits: 25 | Rate: 6.25 tags/min | phero_entries=7 phero_max=0.270
======================================================================
R1[PHERO     ]: L=+1.00 R=+1.00 | carry=0 | base=0.57 ba=+0.14 | site=0 sd=0.00 sa=+0.00 | phero=1 pd=0.39 pa=-0.07 | srch=0.21 | wall=0.56
R2[GIVE_UP   ]: L=+1.00 R=+1.00 | carry=0 | base=0.17 ba=-0.00 | site=0 sd=0.00 sa=+0.00 | phero=0 pd=0.00 pa=+0.00 | srch=0.72 | wall=1.93
R3[RTB       ]: L=+1.00 R=+1.00 | carry=1 | base=0.13 ba=+0.00 | site=0 sd=0.00 sa=+0.00 | phero=0 pd=0.00 pa=+0.00 | srch=0.00 | wall=2.14
R4[EXPLORE   ]: L=+1.00 R=+1.00 | carry=0 | base=0.62 ba=+0.84 | site=0 sd=0.00 sa=+0.00 | phero=0 pd=0.00 pa=+0.00 | srch=0.43 | wall=0.44

[DEPOSIT] Robot 3 deposited! Total: 26
  [PHERO] Laid at (0.75, 0.82) density=8 prob=1.00 total_entries=7
  [TARGET] Robot 3 → SITE (0.75,0.82)
[EMPTY_RTN] R2 → phero(0.83,1.33)
[PICKUP] Robot 3 picked up tag (density=7) | Total: 27

======================================================================
Step 8000 (4.3 min) | Pickups: 27 | Deposits: 26 | Rate: 6.09 tags/min | phero_entries=5 phero_max=0.487
======================================================================
R1[PHERO     ]: L=+1.00 R=+0.45 | carry=0 | base=0.27 ba=+0.76 | site=0 sd=0.00 sa=+0.00 | phero=1 pd=0.17 pa=-0.65 | srch=0.33 | wall=1.72
R2[BASE_ESC  ]: L=+0.00 R=+1.00 | carry=0 | base=0.07 ba=-0.52 | site=0 sd=0.00 sa=+0.00 | phero=1 pd=0.52 pa=-0.45 | srch=0.10 | wall=2.32
R3[RTB       ]: L=+0.00 R=+1.00 | carry=1 | base=0.35 ba=+0.52 | site=0 sd=0.00 sa=+0.00 | phero=0 pd=0.00 pa=+0.00 | srch=0.00 | wall=1.58
R4[EXPLORE   ]: L=+1.00 R=-0.13 | carry=0 | base=0.69 ba=-0.99 | site=0 sd=0.00 sa=+0.00 | phero=0 pd=0.00 pa=+0.00 | srch=0.56 | wall=0.36

[PICKUP] Robot 1 picked up tag (density=2) | Total: 28
[DEPOSIT] Robot 3 deposited! Total: 27
  [PHERO] Laid at (0.80, 0.89) density=7 prob=0.99 total_entries=6
  [TARGET] Robot 3 → SITE (0.80,0.89)
[PICKUP] Robot 2 picked up tag (density=5) | Total: 29
[DEPOSIT] Robot 2 deposited! Total: 28
  [PHERO] Laid at (-0.24, 0.32) density=5 prob=0.92 total_entries=7
  [TARGET] Robot 2 → SITE (-0.24,0.32)

======================================================================
Step 8500 (4.5 min) | Pickups: 29 | Deposits: 28 | Rate: 6.18 tags/min | phero_entries=6 phero_max=0.907
======================================================================
R1[RTB       ]: L=+1.00 R=+1.00 | carry=1 | base=0.13 ba=-0.00 | site=0 sd=0.00 sa=+0.00 | phero=0 pd=0.00 pa=+0.00 | srch=0.00 | wall=2.18
R2[BASE_ESC  ]: L=+0.00 R=+1.00 | carry=0 | base=0.06 ba=-0.59 | site=1 sd=0.06 sa=+0.70 | phero=0 pd=0.00 pa=+0.00 | srch=0.02 | wall=2.28
R3[SITE      ]: L=+0.66 R=+0.68 | carry=0 | base=0.13 ba=-0.83 | site=1 sd=0.22 sa=-0.00 | phero=0 pd=0.00 pa=+0.00 | srch=0.05 | wall=2.07
R4[EXPLORE   ]: L=+1.00 R=+0.38 | carry=0 | base=0.38 ba=+0.48 | site=0 sd=0.00 sa=+0.00 | phero=0 pd=0.00 pa=+0.00 | srch=0.68 | wall=1.54

[PICKUP] Robot 4 picked up tag (density=6) | Total: 30
[DEPOSIT] Robot 1 deposited! Total: 29
  [PHERO] Laid at (1.03, -0.95) density=2 prob=0.42 total_entries=7
  [TARGET] Robot 1 → PHERO (0.80,0.89)
[PICKUP] Robot 2 picked up tag (density=4) | Total: 31
[DEPOSIT] Robot 4 deposited! Total: 30
  [PHERO] Laid at (0.89, 0.97) density=6 prob=0.97 total_entries=8
  [TARGET] Robot 4 → SITE (0.89,0.97)
[DEPOSIT] Robot 2 deposited! Total: 31
  [PHERO] Laid at (-0.27, 0.36) density=4 prob=0.82 total_entries=9
  [TARGET] Robot 2 → SITE (-0.27,0.36)

======================================================================
Step 9000 (4.8 min) | Pickups: 31 | Deposits: 31 | Rate: 6.46 tags/min | phero_entries=8 phero_max=0.774
======================================================================
R1[PHERO     ]: L=+1.00 R=+1.00 | carry=0 | base=0.35 ba=+0.71 | site=0 sd=0.00 sa=+0.00 | phero=1 pd=0.46 pa=+0.45 | srch=0.11 | wall=1.53
R2[SITE      ]: L=+1.00 R=+0.16 | carry=0 | base=0.07 ba=-0.73 | site=1 sd=0.08 sa=-0.06 | phero=0 pd=0.00 pa=+0.00 | srch=0.04 | wall=2.26
R3[SITE      ]: L=+0.10 R=+0.10 | carry=0 | base=0.07 ba=-0.33 | site=1 sd=0.34 sa=+0.15 | phero=0 pd=0.00 pa=+0.00 | srch=0.17 | wall=2.30
R4[SITE      ]: L=+1.00 R=+0.93 | carry=0 | base=0.10 ba=-0.84 | site=1 sd=0.28 sa=+0.07 | phero=0 pd=0.00 pa=+0.00 | srch=0.04 | wall=2.20

[PICKUP] Robot 2 picked up tag (density=3) | Total: 32
[PICKUP] Robot 1 picked up tag (density=9) | Total: 33
[DEPOSIT] Robot 2 deposited! Total: 32
  [PHERO] Laid at (-0.26, 0.38) density=3 prob=0.65 total_entries=8
  [TARGET] Robot 2 → SITE (-0.26,0.38)
[PICKUP] Robot 4 picked up tag (density=5) | Total: 34

======================================================================
Step 9500 (5.1 min) | Pickups: 34 | Deposits: 32 | Rate: 6.32 tags/min | phero_entries=8 phero_max=0.706
======================================================================
R1[RTB       ]: L=+1.00 R=+1.00 | carry=1 | base=0.28 ba=+0.00 | site=0 sd=0.00 sa=+0.00 | phero=0 pd=0.00 pa=+0.00 | srch=0.00 | wall=1.53
R2[SITE      ]: L=+0.84 R=+1.00 | carry=0 | base=0.11 ba=+0.77 | site=1 sd=0.05 sa=+0.18 | phero=0 pd=0.00 pa=+0.00 | srch=0.05 | wall=2.13
R3[SITE      ]: L=+0.09 R=+0.09 | carry=0 | base=0.10 ba=-0.79 | site=1 sd=0.26 sa=-0.05 | phero=0 pd=0.00 pa=+0.00 | srch=0.30 | wall=2.14
R4[RTB       ]: L=+0.72 R=+1.00 | carry=1 | base=0.37 ba=+0.10 | site=0 sd=0.00 sa=+0.00 | phero=0 pd=0.00 pa=+0.00 | srch=0.00 | wall=1.45

[PICKUP] Robot 2 picked up tag (density=2) | Total: 35
[DEPOSIT] Robot 2 deposited! Total: 33
  [PHERO] Laid at (-0.22, 0.42) density=2 prob=0.42 total_entries=9
  [TARGET] Robot 2 → SITE (-0.22,0.42)
[DEPOSIT] Robot 1 deposited! Total: 34
  [PHERO] Laid at (1.71, -0.53) density=9 prob=1.00 total_entries=10
  [TARGET] Robot 1 → SITE (1.71,-0.53)
[DEPOSIT] Robot 4 deposited! Total: 35
  [PHERO] Laid at (0.89, 1.05) density=5 prob=0.92 total_entries=11
  [TARGET] Robot 4 → SITE (0.89,1.05)
[PICKUP] Robot 2 picked up tag (density=1) | Total: 36

======================================================================
Step 10000 (5.3 min) | Pickups: 36 | Deposits: 35 | Rate: 6.56 tags/min | phero_entries=11 phero_max=0.702
======================================================================
R1[SITE      ]: L=+1.00 R=+1.00 | carry=0 | base=0.26 ba=-0.93 | site=1 sd=0.25 sa=+0.04 | phero=0 pd=0.00 pa=+0.00 | srch=0.08 | wall=1.62
R2[RTB       ]: L=+1.00 R=+0.69 | carry=1 | base=0.13 ba=-0.12 | site=0 sd=0.00 sa=+0.00 | phero=0 pd=0.00 pa=+0.00 | srch=0.00 | wall=2.13
R3[SITE      ]: L=+0.17 R=+0.15 | carry=0 | base=0.28 ba=-0.86 | site=1 sd=0.07 sa=-0.01 | phero=0 pd=0.00 pa=+0.00 | srch=0.42 | wall=1.72
R4[SITE      ]: L=+1.00 R=+1.00 | carry=0 | base=0.16 ba=-0.93 | site=1 sd=0.23 sa=+0.02 | phero=0 pd=0.00 pa=+0.00 | srch=0.06 | wall=2.03

[DEPOSIT] Robot 2 deposited! Total: 36
  [TARGET] Robot 2 → PHERO (1.71,-0.53)
[PICKUP] Robot 1 picked up tag (density=8) | Total: 37

======================================================================
Step 10500 (5.6 min) | Pickups: 37 | Deposits: 36 | Rate: 6.43 tags/min | phero_entries=11 phero_max=0.315
======================================================================
R1[RTB       ]: L=+1.00 R=+1.00 | carry=1 | base=0.36 ba=+0.00 | site=0 sd=0.00 sa=+0.00 | phero=0 pd=0.00 pa=+0.00 | srch=0.00 | wall=1.29
R2[PHERO     ]: L=+1.00 R=+1.00 | carry=0 | base=0.30 ba=-0.92 | site=0 sd=0.00 sa=+0.00 | phero=1 pd=0.27 pa=-0.21 | srch=0.11 | wall=1.44
R3[EXPLORE   ]: L=+1.00 R=+1.00 | carry=0 | base=0.52 ba=-0.75 | site=0 sd=0.00 sa=+0.00 | phero=0 pd=0.00 pa=+0.00 | srch=0.55 | wall=0.72
R4[EXPLORE   ]: L=+1.00 R=+1.00 | carry=0 | base=0.63 ba=+0.93 | site=0 sd=0.00 sa=+0.00 | phero=0 pd=0.00 pa=+0.00 | srch=0.18 | wall=0.62

[PICKUP] Robot 2 picked up tag (density=7) | Total: 38
[DEPOSIT] Robot 1 deposited! Total: 37
  [PHERO] Laid at (1.71, -0.63) density=8 prob=1.00 total_entries=12
  [TARGET] Robot 1 → SITE (1.71,-0.63)

======================================================================
Step 11000 (5.9 min) | Pickups: 38 | Deposits: 37 | Rate: 6.31 tags/min | phero_entries=11 phero_max=0.686
======================================================================
R1[SITE      ]: L=+1.00 R=+1.00 | carry=0 | base=0.20 ba=+0.97 | site=1 sd=0.35 sa=-0.28 | phero=0 pd=0.00 pa=+0.00 | srch=0.06 | wall=1.79
R2[RTB       ]: L=+1.00 R=+1.00 | carry=1 | base=0.32 ba=-0.00 | site=0 sd=0.00 sa=+0.00 | phero=0 pd=0.00 pa=+0.00 | srch=0.00 | wall=1.41
R3[EXPLORE   ]: L=+1.00 R=+1.00 | carry=0 | base=0.49 ba=-0.65 | site=0 sd=0.00 sa=+0.00 | phero=0 pd=0.00 pa=+0.00 | srch=0.67 | wall=0.97
R4[EXPLORE   ]: L=+1.00 R=+1.00 | carry=0 | base=0.39 ba=+0.14 | site=0 sd=0.00 sa=+0.00 | phero=0 pd=0.00 pa=+0.00 | srch=0.31 | wall=1.21

[DEPOSIT] Robot 2 deposited! Total: 38
  [PHERO] Laid at (1.79, -0.30) density=7 prob=0.99 total_entries=12
  [TARGET] Robot 2 → SITE (1.79,-0.30)

======================================================================
Step 11500 (6.1 min) | Pickups: 38 | Deposits: 38 | Rate: 6.20 tags/min | phero_entries=12 phero_max=0.644
======================================================================
R1[EXPLORE   ]: L=+1.00 R=+1.00 | carry=0 | base=0.60 ba=-0.77 | site=0 sd=0.00 sa=+0.00 | phero=0 pd=0.00 pa=+0.00 | srch=0.18 | wall=0.67
R2[SITE      ]: L=+1.00 R=+1.00 | carry=0 | base=0.25 ba=+1.00 | site=1 sd=0.33 sa=+0.29 | phero=0 pd=0.00 pa=+0.00 | srch=0.07 | wall=1.84
R3[EXPLORE   ]: L=+1.00 R=+1.00 | carry=0 | base=0.76 ba=-0.04 | site=0 sd=0.00 sa=+0.00 | phero=0 pd=0.00 pa=+0.00 | srch=0.80 | wall=0.37
R4[EXPLORE   ]: L=+1.00 R=+1.00 | carry=0 | base=0.26 ba=+0.78 | site=0 sd=0.00 sa=+0.00 | phero=0 pd=0.00 pa=+0.00 | srch=0.43 | wall=1.61

[PICKUP] Robot 2 picked up tag (density=6) | Total: 39
[GIVE-UP] R4 giving up after 2193 steps

======================================================================
Step 12000 (6.4 min) | Pickups: 39 | Deposits: 38 | Rate: 5.94 tags/min | phero_entries=11 phero_max=0.289
======================================================================
R1[EXPLORE   ]: L=+1.00 R=+1.00 | carry=0 | base=0.74 ba=-0.11 | site=0 sd=0.00 sa=+0.00 | phero=0 pd=0.00 pa=+0.00 | srch=0.31 | wall=0.53
R2[RTB       ]: L=+0.99 R=+1.00 | carry=1 | base=0.46 ba=+0.00 | site=0 sd=0.00 sa=+0.00 | phero=0 pd=0.00 pa=+0.00 | srch=0.00 | wall=0.96
R3[EXPLORE   ]: L=+1.00 R=+1.00 | carry=0 | base=0.23 ba=-0.15 | site=0 sd=0.00 sa=+0.00 | phero=0 pd=0.00 pa=+0.00 | srch=0.92 | wall=1.74
R4[GIVE_UP   ]: L=+0.00 R=+1.00 | carry=0 | base=0.74 ba=+0.68 | site=0 sd=0.00 sa=+0.00 | phero=0 pd=0.00 pa=+0.00 | srch=0.56 | wall=0.37

[DEPOSIT] Robot 2 deposited! Total: 39
  [PHERO] Laid at (1.82, -0.69) density=6 prob=0.97 total_entries=12
  [TARGET] Robot 2 → SITE (1.82,-0.69)

======================================================================
Step 12500 (6.7 min) | Pickups: 39 | Deposits: 39 | Rate: 5.85 tags/min | phero_entries=12 phero_max=0.794
======================================================================
R1[EXPLORE   ]: L=+1.00 R=+1.00 | carry=0 | base=0.41 ba=+0.98 | site=0 sd=0.00 sa=+0.00 | phero=0 pd=0.00 pa=+0.00 | srch=0.43 | wall=1.08
R2[SITE      ]: L=+1.00 R=+1.00 | carry=0 | base=0.10 ba=+0.94 | site=1 sd=0.46 sa=-0.22 | phero=0 pd=0.00 pa=+0.00 | srch=0.04 | wall=2.13
R3[EXPLORE   ]: L=+1.00 R=+1.00 | carry=0 | base=0.36 ba=-0.91 | site=0 sd=0.00 sa=+0.00 | phero=0 pd=0.00 pa=+0.00 | srch=1.00 | wall=1.39
R4[GIVE_UP   ]: L=+1.00 R=+1.00 | carry=0 | base=0.27 ba=+0.00 | site=0 sd=0.00 sa=+0.00 | phero=0 pd=0.00 pa=+0.00 | srch=0.68 | wall=1.74

[EMPTY_RTN] R4 → phero(1.79,-0.30)
[PICKUP] Robot 2 picked up tag (density=5) | Total: 40

======================================================================
Step 13000 (6.9 min) | Pickups: 40 | Deposits: 39 | Rate: 5.62 tags/min | phero_entries=9 phero_max=0.357
======================================================================
R1[EXPLORE   ]: L=+1.00 R=+1.00 | carry=0 | base=0.45 ba=+0.21 | site=0 sd=0.00 sa=+0.00 | phero=0 pd=0.00 pa=+0.00 | srch=0.56 | wall=1.04
R2[RTB       ]: L=+1.00 R=+0.18 | carry=1 | base=0.53 ba=-0.33 | site=0 sd=0.00 sa=+0.00 | phero=0 pd=0.00 pa=+0.00 | srch=0.00 | wall=0.71
R3[EXPLORE   ]: L=+0.85 R=+1.00 | carry=0 | base=0.72 ba=-0.01 | site=0 sd=0.00 sa=+0.00 | phero=0 pd=0.00 pa=+0.00 | srch=1.00 | wall=0.39
R4[PHERO     ]: L=+0.82 R=+1.00 | carry=0 | base=0.08 ba=+0.65 | site=0 sd=0.00 sa=+0.00 | phero=1 pd=0.53 pa=+0.21 | srch=0.08 | wall=2.23

[DEPOSIT] Robot 2 deposited! Total: 40
  [PHERO] Laid at (1.79, -0.39) density=5 prob=0.92 total_entries=8
  [TARGET] Robot 2 → SITE (1.79,-0.39)

======================================================================
Step 13500 (7.2 min) | Pickups: 40 | Deposits: 40 | Rate: 5.56 tags/min | phero_entries=8 phero_max=0.911
======================================================================
R1[EXPLORE   ]: L=+1.00 R=+1.00 | carry=0 | base=0.34 ba=+0.70 | site=0 sd=0.00 sa=+0.00 | phero=0 pd=0.00 pa=+0.00 | srch=0.68 | wall=1.37
R2[BASE_ESC  ]: L=+0.00 R=+1.00 | carry=0 | base=0.06 ba=-0.50 | site=1 sd=0.46 sa=+0.56 | phero=0 pd=0.00 pa=+0.00 | srch=0.01 | wall=2.30
R3[WALL_ESC  ]: L=+0.00 R=+1.00 | carry=0 | base=0.86 ba=+0.35 | site=0 sd=0.00 sa=+0.00 | phero=0 pd=0.00 pa=+0.00 | srch=1.00 | wall=0.32
R4[PHERO     ]: L=+0.71 R=+0.71 | carry=0 | base=0.49 ba=+0.59 | site=0 sd=0.00 sa=+0.00 | phero=1 pd=0.10 pa=+0.04 | srch=0.20 | wall=0.89


======================================================================
Step 14000 (7.5 min) | Pickups: 40 | Deposits: 40 | Rate: 5.36 tags/min | phero_entries=6 phero_max=0.410
======================================================================
R1[WALL_ESC  ]: L=+0.00 R=+1.00 | carry=0 | base=0.78 ba=+0.70 | site=0 sd=0.00 sa=+0.00 | phero=0 pd=0.00 pa=+0.00 | srch=0.81 | wall=0.33
R2[SITE      ]: L=+0.90 R=+1.00 | carry=0 | base=0.55 ba=+0.80 | site=1 sd=0.18 sa=+0.39 | phero=0 pd=0.00 pa=+0.00 | srch=0.14 | wall=0.86
R3[EXPLORE   ]: L=+1.00 R=+1.00 | carry=0 | base=0.37 ba=+0.10 | site=0 sd=0.00 sa=+0.00 | phero=0 pd=0.00 pa=+0.00 | srch=1.00 | wall=1.42
R4[EXPLORE   ]: L=+1.00 R=+0.84 | carry=0 | base=0.63 ba=+0.35 | site=0 sd=0.00 sa=+0.00 | phero=0 pd=0.00 pa=+0.00 | srch=0.33 | wall=0.41

[PICKUP] Robot 2 picked up tag (density=4) | Total: 41
[PICKUP] Robot 1 picked up tag (density=4) | Total: 42

======================================================================
Step 14500 (7.7 min) | Pickups: 42 | Deposits: 40 | Rate: 5.17 tags/min | phero_entries=4 phero_max=0.184
======================================================================
R1[RTB       ]: L=+1.00 R=+1.00 | carry=1 | base=0.33 ba=+0.00 | site=0 sd=0.00 sa=+0.00 | phero=0 pd=0.00 pa=+0.00 | srch=0.00 | wall=1.50
R2[RTB       ]: L=+1.00 R=+1.00 | carry=1 | base=0.27 ba=+0.00 | site=0 sd=0.00 sa=+0.00 | phero=0 pd=0.00 pa=+0.00 | srch=0.00 | wall=1.61
R3[EXPLORE   ]: L=+1.00 R=+1.00 | carry=0 | base=0.23 ba=+0.83 | site=0 sd=0.00 sa=+0.00 | phero=0 pd=0.00 pa=+0.00 | srch=1.00 | wall=1.70
R4[WALL_ESC  ]: L=+0.57 R=+1.00 | carry=0 | base=0.85 ba=+0.11 | site=0 sd=0.00 sa=+0.00 | phero=0 pd=0.00 pa=+0.00 | srch=0.45 | wall=0.34

[DEPOSIT] Robot 2 deposited! Total: 41
  [PHERO] Laid at (2.01, -0.74) density=4 prob=0.82 total_entries=5
  [TARGET] Robot 2 → SITE (2.01,-0.74)
[DEPOSIT] Robot 1 deposited! Total: 42
  [PHERO] Laid at (0.79, 1.32) density=4 prob=0.82 total_entries=6
  [TARGET] Robot 1 → SITE (0.79,1.32)
[GIVE-UP] R3 giving up after 6615 steps

======================================================================
Step 15000 (8.0 min) | Pickups: 42 | Deposits: 42 | Rate: 5.25 tags/min | phero_entries=6 phero_max=0.655
======================================================================
R1[SITE      ]: L=+1.00 R=+0.97 | carry=0 | base=0.23 ba=-0.85 | site=1 sd=0.22 sa=+0.03 | phero=0 pd=0.00 pa=+0.00 | srch=0.07 | wall=1.76
R2[SITE      ]: L=+1.00 R=+0.98 | carry=0 | base=0.30 ba=+0.98 | site=1 sd=0.39 sa=-0.33 | phero=0 pd=0.00 pa=+0.00 | srch=0.08 | wall=1.48
R3[GIVE_UP   ]: L=+0.14 R=+1.00 | carry=0 | base=0.68 ba=+0.32 | site=0 sd=0.00 sa=+0.00 | phero=0 pd=0.00 pa=+0.00 | srch=1.00 | wall=0.47
R4[EXPLORE   ]: L=+1.00 R=+1.00 | carry=0 | base=0.32 ba=-0.07 | site=0 sd=0.00 sa=+0.00 | phero=0 pd=0.00 pa=+0.00 | srch=0.58 | wall=1.69

[PICKUP] Robot 1 picked up tag (density=3) | Total: 43
[PICKUP] Robot 2 picked up tag (density=3) | Total: 44
[DEPOSIT] Robot 1 deposited! Total: 43
  [TARGET] Robot 1 → SITE (0.53,0.97)

======================================================================
Step 15500 (8.3 min) | Pickups: 44 | Deposits: 43 | Rate: 5.20 tags/min | phero_entries=5 phero_max=0.295
======================================================================
R1[BASE_ESC  ]: L=+0.00 R=+1.00 | carry=0 | base=0.06 ba=-0.60 | site=1 sd=0.26 sa=+0.50 | phero=0 pd=0.00 pa=+0.00 | srch=0.02 | wall=2.34
R2[RTB       ]: L=+1.00 R=+1.00 | carry=1 | base=0.43 ba=-0.00 | site=0 sd=0.00 sa=+0.00 | phero=0 pd=0.00 pa=+0.00 | srch=0.00 | wall=1.04
R3[GIVE_UP   ]: L=+1.00 R=+1.00 | carry=0 | base=0.16 ba=+0.00 | site=0 sd=0.00 sa=+0.00 | phero=0 pd=0.00 pa=+0.00 | srch=1.00 | wall=2.04
R4[EXPLORE   ]: L=+1.00 R=+1.00 | carry=0 | base=0.24 ba=-0.89 | site=0 sd=0.00 sa=+0.00 | phero=0 pd=0.00 pa=+0.00 | srch=0.70 | wall=1.68

[EMPTY_RTN] R3 → phero(2.01,-0.74)
[PICKUP] Robot 1 picked up tag (density=2) | Total: 45
[DEPOSIT] Robot 2 deposited! Total: 44
  [TARGET] Robot 2 → SITE (1.94,-0.31)

======================================================================
Step 16000 (8.5 min) | Pickups: 45 | Deposits: 44 | Rate: 5.16 tags/min | phero_entries=4 phero_max=0.132
======================================================================
R1[RTB       ]: L=+1.00 R=+1.00 | carry=1 | base=0.22 ba=+0.00 | site=0 sd=0.00 sa=+0.00 | phero=0 pd=0.00 pa=+0.00 | srch=0.00 | wall=1.83
R2[SITE      ]: L=+1.00 R=+1.00 | carry=0 | base=0.12 ba=+0.94 | site=1 sd=0.44 sa=+0.02 | phero=0 pd=0.00 pa=+0.00 | srch=0.04 | wall=2.10
R3[PHERO     ]: L=+1.00 R=+1.00 | carry=0 | base=0.38 ba=+0.97 | site=0 sd=0.00 sa=+0.00 | phero=1 pd=0.24 pa=+0.07 | srch=0.11 | wall=1.32
R4[WALL_ESC  ]: L=+1.00 R=+0.00 | carry=0 | base=0.70 ba=-0.31 | site=0 sd=0.00 sa=+0.00 | phero=0 pd=0.00 pa=+0.00 | srch=0.83 | wall=0.34

[DEPOSIT] Robot 1 deposited! Total: 45
  [PHERO] Laid at (0.68, 0.96) density=2 prob=0.42 total_entries=5
  [TARGET] Robot 1 → PHERO (0.68,0.96)
[PICKUP] Robot 3 picked up tag (density=2) | Total: 46

======================================================================
Step 16500 (8.8 min) | Pickups: 46 | Deposits: 45 | Rate: 5.11 tags/min | phero_entries=5 phero_max=0.559
======================================================================
R1[PHERO     ]: L=+1.00 R=+0.93 | carry=0 | base=0.31 ba=-0.78 | site=0 sd=0.00 sa=+0.00 | phero=1 pd=0.09 pa=-0.24 | srch=0.09 | wall=1.48
R2[WALL_ESC  ]: L=+0.00 R=+1.00 | carry=0 | base=0.63 ba=+0.61 | site=0 sd=0.00 sa=+0.00 | phero=0 pd=0.00 pa=+0.00 | srch=0.17 | wall=0.32
R3[RTB       ]: L=+1.00 R=+1.00 | carry=1 | base=0.52 ba=+0.00 | site=0 sd=0.00 sa=+0.00 | phero=0 pd=0.00 pa=+0.00 | srch=0.00 | wall=0.74
R4[WALL_ESC  ]: L=+1.00 R=+0.00 | carry=0 | base=0.69 ba=-0.66 | site=0 sd=0.00 sa=+0.00 | phero=0 pd=0.00 pa=+0.00 | srch=0.95 | wall=0.33

[PICKUP] Robot 1 picked up tag (density=1) | Total: 47
[DEPOSIT] Robot 1 deposited! Total: 46
  [TARGET] Robot 1 → PHERO (0.68,0.96)
[DEPOSIT] Robot 3 deposited! Total: 47
  [PHERO] Laid at (2.10, -0.63) density=2 prob=0.42 total_entries=5
  [TARGET] Robot 3 → SITE (2.10,-0.63)

======================================================================
Step 17000 (9.1 min) | Pickups: 47 | Deposits: 47 | Rate: 5.18 tags/min | phero_entries=5 phero_max=0.869
======================================================================
R1[PHERO     ]: L=+1.00 R=+1.00 | carry=0 | base=0.07 ba=-0.87 | site=0 sd=0.00 sa=+0.00 | phero=1 pd=0.27 pa=+0.20 | srch=0.03 | wall=2.32
R2[EXPLORE   ]: L=+1.00 R=+1.00 | carry=0 | base=0.24 ba=+0.34 | site=0 sd=0.00 sa=+0.00 | phero=0 pd=0.00 pa=+0.00 | srch=0.29 | wall=1.79
R3[BASE_ESC  ]: L=+1.00 R=+0.00 | carry=0 | base=0.06 ba=+0.75 | site=1 sd=0.56 sa=-0.32 | phero=0 pd=0.00 pa=+0.00 | srch=0.02 | wall=2.28
R4[EXPLORE   ]: L=+1.00 R=+1.00 | carry=0 | base=0.47 ba=-0.48 | site=0 sd=0.00 sa=+0.00 | phero=0 pd=0.00 pa=+0.00 | srch=1.00 | wall=0.95


======================================================================
Step 17500 (9.3 min) | Pickups: 47 | Deposits: 47 | Rate: 5.04 tags/min | phero_entries=5 phero_max=0.390
======================================================================
R1[PHERO     ]: L=+1.00 R=+1.00 | carry=0 | base=0.62 ba=+1.00 | site=0 sd=0.00 sa=+0.00 | phero=1 pd=0.35 pa=+0.86 | srch=0.15 | wall=0.60
R2[EXPLORE   ]: L=+1.00 R=+1.00 | carry=0 | base=0.48 ba=+0.86 | site=0 sd=0.00 sa=+0.00 | phero=0 pd=0.00 pa=+0.00 | srch=0.42 | wall=1.14
R3[SITE      ]: L=+0.49 R=+0.50 | carry=0 | base=0.37 ba=-0.97 | site=1 sd=0.27 sa=+0.15 | phero=0 pd=0.00 pa=+0.00 | srch=0.15 | wall=1.33
R4[EXPLORE   ]: L=+1.00 R=+1.00 | carry=0 | base=0.70 ba=-0.77 | site=0 sd=0.00 sa=+0.00 | phero=0 pd=0.00 pa=+0.00 | srch=1.00 | wall=0.47

[GIVE-UP] R4 giving up after 4925 steps
[PICKUP] Robot 3 picked up tag (density=1) | Total: 48

======================================================================
Step 18000 (9.6 min) | Pickups: 48 | Deposits: 47 | Rate: 4.90 tags/min | phero_entries=4 phero_max=0.175
======================================================================
R1[PHERO     ]: L=+1.00 R=+1.00 | carry=0 | base=0.52 ba=+0.41 | site=0 sd=0.00 sa=+0.00 | phero=1 pd=0.18 pa=+0.45 | srch=0.28 | wall=0.96
R2[EXPLORE   ]: L=+1.00 R=+1.00 | carry=0 | base=0.80 ba=+0.03 | site=0 sd=0.00 sa=+0.00 | phero=0 pd=0.00 pa=+0.00 | srch=0.54 | wall=0.40
R3[RTB       ]: L=+0.99 R=+1.00 | carry=1 | base=0.54 ba=+0.00 | site=0 sd=0.00 sa=+0.00 | phero=0 pd=0.00 pa=+0.00 | srch=0.00 | wall=0.66
R4[GIVE_UP   ]: L=+1.00 R=+1.00 | carry=0 | base=0.46 ba=-0.00 | site=0 sd=0.00 sa=+0.00 | phero=0 pd=0.00 pa=+0.00 | srch=1.00 | wall=1.31

[GIVE-UP] R2 giving up after 2517 steps
[EMPTY_RTN] R4 → phero(2.10,-0.63)
[DEPOSIT] Robot 3 deposited! Total: 48
  [TARGET] Robot 3 → SITE (2.08,-0.51)

======================================================================
Step 18500 (9.9 min) | Pickups: 48 | Deposits: 48 | Rate: 4.86 tags/min | phero_entries=4 phero_max=0.079
======================================================================
R1[PHERO     ]: L=+1.00 R=+0.47 | carry=0 | base=0.35 ba=-0.82 | site=0 sd=0.00 sa=+0.00 | phero=1 pd=0.05 pa=-0.40 | srch=0.40 | wall=1.42
R2[GIVE_UP   ]: L=+1.00 R=+1.00 | carry=0 | base=0.26 ba=+0.00 | site=0 sd=0.00 sa=+0.00 | phero=0 pd=0.00 pa=+0.00 | srch=0.67 | wall=1.78
R3[BASE_ESC  ]: L=+1.00 R=+0.00 | carry=0 | base=0.06 ba=+0.60 | site=1 sd=0.55 sa=-0.45 | phero=0 pd=0.00 pa=+0.00 | srch=0.02 | wall=2.28
R4[PHERO     ]: L=+1.00 R=-0.68 | carry=0 | base=0.07 ba=-0.54 | site=0 sd=0.00 sa=+0.00 | phero=1 pd=0.68 pa=-0.34 | srch=0.04 | wall=2.29

[EMPTY_RTN] R2 → phero(0.68,0.96)
BATCH_RESULT pickups=48 deposits=48
