=================================================================
CPFA BASELINE — ARGoS-calibrated parameters
  Params file                  = /home/sara/Documents/RL-FL-Foraging/cpfa_tuning_20260715_155549/trial_014/params.yaml
  Results file                 = /home/sara/Documents/RL-FL-Foraging/controllers/cpfa_baseline/results/cpfa_baseline_results_20260715_163400_8.txt
  RateOfLayingPheromone        = 11.8983668389034
  RateOfSiteFidelity           = 3.2697757799006135
  RateOfPheromoneDecay         = 0.11904806415457626 /s  (lifetime ~58s)
  ProbabilityOfReturningToNest = 0.12430046251837809 (every 5 sec → E[give-up] ~40s)
  UninformedSearchVariation    = 1.36 rad (77.7°)
  RateOfInformedSearchDecay    = 1.8117258202155337 /waypoint
  ProbabilityOfSwitchingToSearching = 0.675766227209686 (every 5 sec in uninformed DEPARTING)
=================================================================

[PICKUP] R3 picked up tag (density=9) | Total: 1
[PICKUP] R4 picked up tag (density=6) | Total: 2
[DEPOSIT] R3 deposited! Total: 1
  [TARGET] R3 → SITE (0.00, 0.50)
[DEPOSIT] R4 deposited! Total: 2
  [TARGET] R4 → SITE (0.22, -0.37)
[PICKUP] R3 picked up tag (density=8) | Total: 3

======================================================================
Step 500 (0.3 min) | Pickups: 3 | Deposits: 2 | Rate: 7.50 tags/min | phero_entries=0 max_w=0.000
======================================================================
R1[SEARCH    ]: carry=0 | base=0.35 | wall=2.17 | search=294 | target=none
R2[SEARCH    ]: carry=0 | base=0.66 | wall=1.89 | search=344 | target=none
R3[SURVEY    ]: carry=1 | base=0.35 | wall=2.18 | search=  0 | target=none
R4[SITE      ]: carry=0 | base=0.26 | wall=2.27 | search=  0 | target=site(0.22,-0.37)

[PICKUP] R4 picked up tag (density=5) | Total: 4
[DEPOSIT] R3 deposited! Total: 3
  [PHERO] Laid at (0.13, 0.31) density=8 prob=0.16 entries=1
  [TARGET] R3 → SITE (0.13, 0.31)
[DEPOSIT] R4 deposited! Total: 4
  [TARGET] R4 → SITE (0.27, -0.18)
[PICKUP] R3 picked up tag (density=7) | Total: 5

======================================================================
Step 1000 (0.5 min) | Pickups: 5 | Deposits: 4 | Rate: 7.50 tags/min | phero_entries=1 max_w=0.353
======================================================================
R1[SEARCH    ]: carry=0 | base=0.28 | wall=2.26 | search=794 | target=none
R2[SEARCH    ]: carry=0 | base=0.76 | wall=1.81 | search=844 | target=none
R3[SURVEY    ]: carry=1 | base=0.36 | wall=2.18 | search=  0 | target=none
R4[SITE      ]: carry=0 | base=0.27 | wall=2.23 | search=  0 | target=site(0.27,-0.18)

[PICKUP] R4 picked up tag (density=4) | Total: 6
  [GIVE-UP] R1 returned empty after 936 searching steps
  [TARGET] R1 → PHERO (0.13, 0.31)
[DEPOSIT] R3 deposited! Total: 5
  [TARGET] R3 → SITE (0.18, 0.31)
[DEPOSIT] R4 deposited! Total: 6
  [TARGET] R4 → SITE (0.32, -0.21)

======================================================================
Step 1500 (0.8 min) | Pickups: 6 | Deposits: 6 | Rate: 7.50 tags/min | phero_entries=1 max_w=0.053
======================================================================
R1[PHERO     ]: carry=0 | base=0.31 | wall=2.19 | search=  0 | target=phero(0.13,0.31)
R2[SEARCH    ]: carry=0 | base=0.82 | wall=1.74 | search=1344 | target=none
R3[SEARCH    ]: carry=0 | base=0.42 | wall=2.13 | search= 32 | target=site(0.18,0.31)
R4[BASE_ESC  ]: carry=0 | base=0.22 | wall=2.28 | search=  0 | target=site(0.32,-0.21)

[PICKUP] R3 picked up tag (density=6) | Total: 7
[PICKUP] R1 picked up tag (density=5) | Total: 8
[DEPOSIT] R3 deposited! Total: 7
  [TARGET] R3 → SITE (0.19, 0.39)
[DEPOSIT] R1 deposited! Total: 8
  [TARGET] R1 → SITE (0.11, 0.39)

======================================================================
Step 2000 (1.1 min) | Pickups: 8 | Deposits: 8 | Rate: 7.50 tags/min | phero_entries=1 max_w=0.008
======================================================================
R1[BASE_ESC  ]: carry=0 | base=0.22 | wall=2.33 | search=  0 | target=site(0.11,0.39)
R2[SEARCH    ]: carry=0 | base=0.92 | wall=1.79 | search=1844 | target=none
R3[SITE      ]: carry=0 | base=0.26 | wall=2.29 | search=  0 | target=site(0.19,0.39)
R4[SEARCH    ]: carry=0 | base=0.32 | wall=2.19 | search=322 | target=site(0.32,-0.21)

[PICKUP] R3 picked up tag (density=4) | Total: 9

======================================================================
Step 2500 (1.3 min) | Pickups: 9 | Deposits: 8 | Rate: 6.00 tags/min | phero_entries=1 max_w=0.001
======================================================================
R1[SEARCH    ]: carry=0 | base=0.27 | wall=2.24 | search=348 | target=site(0.11,0.39)
R2[GIVE_UP   ]: carry=0 | base=1.15 | wall=1.47 | search=2340 | target=none
R3[RTB       ]: carry=1 | base=0.45 | wall=2.09 | search=  0 | target=none
R4[SEARCH    ]: carry=0 | base=0.61 | wall=1.89 | search=822 | target=site(0.32,-0.21)

[DEPOSIT] R3 deposited! Total: 9
  [TARGET] R3 → SITE (0.15, 0.44)
  [GIVE-UP] R4 returned empty after 936 searching steps
  [TARGET] R4 → WALL (2.05, 2.42)
  [GIVE-UP] R2 returned empty after 2340 searching steps
  [TARGET] R2 → WALL (-2.42, -2.15)

======================================================================
Step 3000 (1.6 min) | Pickups: 9 | Deposits: 9 | Rate: 5.62 tags/min | phero_entries=0 max_w=0.000
======================================================================
R1[SEARCH    ]: carry=0 | base=0.51 | wall=2.06 | search=848 | target=site(0.11,0.39)
R2[BASE_ESC  ]: carry=0 | base=0.22 | wall=2.29 | search=  0 | target=none
R3[SEARCH    ]: carry=0 | base=0.44 | wall=2.10 | search= 85 | target=site(0.15,0.44)
R4[DEPART    ]: carry=0 | base=0.60 | wall=1.94 | search=  0 | target=none

[PICKUP] R1 picked up tag (density=3) | Total: 10
  [GIVE-UP] R3 returned empty after 312 searching steps
  [TARGET] R3 → WALL (-1.81, -2.42)
[DEPOSIT] R1 deposited! Total: 10
  [TARGET] R1 → WALL (-0.78, -2.42)
  [GIVE-UP] R4 returned empty after 156 searching steps
  [TARGET] R4 → WALL (2.16, 2.42)

======================================================================
Step 3500 (1.9 min) | Pickups: 10 | Deposits: 10 | Rate: 5.36 tags/min | phero_entries=0 max_w=0.000
======================================================================
R1[BASE_ESC  ]: carry=0 | base=0.20 | wall=2.34 | search=  0 | target=none
R2[DEPART    ]: carry=0 | base=1.11 | wall=1.55 | search=  0 | target=none
R3[BASE_ESC  ]: carry=0 | base=0.22 | wall=2.28 | search=  0 | target=none
R4[BASE_ESC  ]: carry=0 | base=0.22 | wall=2.32 | search=  0 | target=none

  [GIVE-UP] R2 returned empty after 156 searching steps
  [TARGET] R2 → WALL (-0.27, -2.42)

======================================================================
Step 4000 (2.1 min) | Pickups: 10 | Deposits: 10 | Rate: 4.69 tags/min | phero_entries=0 max_w=0.000
======================================================================
R1[BASE_ESC  ]: carry=0 | base=0.24 | wall=2.31 | search=244 | target=none
R2[BASE_ESC  ]: carry=0 | base=0.22 | wall=2.34 | search=  0 | target=none
R3[SEARCH    ]: carry=0 | base=0.29 | wall=2.22 | search=286 | target=none
R4[SEARCH    ]: carry=0 | base=0.98 | wall=1.78 | search=278 | target=none


======================================================================
Step 4500 (2.4 min) | Pickups: 10 | Deposits: 10 | Rate: 4.17 tags/min | phero_entries=0 max_w=0.000
======================================================================
R1[BASE_ESC  ]: carry=0 | base=0.24 | wall=2.26 | search=744 | target=none
R2[SEARCH    ]: carry=0 | base=0.71 | wall=1.80 | search=271 | target=none
R3[SEARCH    ]: carry=0 | base=0.27 | wall=2.30 | search=786 | target=none
R4[SEARCH    ]: carry=0 | base=0.94 | wall=1.73 | search=778 | target=none

  [GIVE-UP] R3 returned empty after 936 searching steps
  [TARGET] R3 → WALL (-2.36, -2.42)

======================================================================
Step 5000 (2.7 min) | Pickups: 10 | Deposits: 10 | Rate: 3.75 tags/min | phero_entries=0 max_w=0.000
======================================================================
R1[SEARCH    ]: carry=0 | base=0.28 | wall=2.23 | search=1244 | target=none
R2[GIVE_UP   ]: carry=0 | base=0.74 | wall=1.76 | search=624 | target=none
R3[DEPART    ]: carry=0 | base=0.36 | wall=2.17 | search=  0 | target=none
R4[GIVE_UP   ]: carry=0 | base=0.89 | wall=1.65 | search=1248 | target=none

[PICKUP] R4 picked up tag (density=2) | Total: 11
  [GIVE-UP] R2 returned empty after 624 searching steps
  [TARGET] R2 → WALL (0.67, 2.42)
[DEPOSIT] R4 deposited! Total: 11
  [TARGET] R4 → WALL (2.42, 1.80)

======================================================================
Step 5500 (2.9 min) | Pickups: 11 | Deposits: 11 | Rate: 3.75 tags/min | phero_entries=0 max_w=0.000
======================================================================
R1[SEARCH    ]: carry=0 | base=0.50 | wall=2.04 | search=1744 | target=none
R2[BASE_ESC  ]: carry=0 | base=0.24 | wall=2.29 | search= 46 | target=none
R3[SEARCH    ]: carry=0 | base=0.67 | wall=2.01 | search=488 | target=none
R4[BASE_ESC  ]: carry=0 | base=0.22 | wall=2.30 | search=  0 | target=none


======================================================================
Step 6000 (3.2 min) | Pickups: 11 | Deposits: 11 | Rate: 3.44 tags/min | phero_entries=0 max_w=0.000
======================================================================
R1[SEARCH    ]: carry=0 | base=0.56 | wall=1.96 | search=2244 | target=none
R2[SEARCH    ]: carry=0 | base=0.40 | wall=2.13 | search=546 | target=none
R3[SEARCH    ]: carry=0 | base=0.58 | wall=1.96 | search=988 | target=none
R4[SEARCH    ]: carry=0 | base=1.17 | wall=1.57 | search=266 | target=none

  [GIVE-UP] R3 returned empty after 1092 searching steps
  [TARGET] R3 → WALL (2.42, 0.99)

======================================================================
Step 6500 (3.5 min) | Pickups: 11 | Deposits: 11 | Rate: 3.17 tags/min | phero_entries=0 max_w=0.000
======================================================================
R1[SEARCH    ]: carry=0 | base=0.82 | wall=1.68 | search=2744 | target=none
R2[SEARCH    ]: carry=0 | base=0.51 | wall=2.01 | search=1046 | target=none
R3[DEPART    ]: carry=0 | base=0.40 | wall=2.14 | search=  0 | target=none
R4[SEARCH    ]: carry=0 | base=1.36 | wall=1.53 | search=766 | target=none

  [GIVE-UP] R4 returned empty after 780 searching steps
  [TARGET] R4 → WALL (1.77, -2.42)

======================================================================
Step 7000 (3.7 min) | Pickups: 11 | Deposits: 11 | Rate: 2.95 tags/min | phero_entries=0 max_w=0.000
======================================================================
R1[SEARCH    ]: carry=0 | base=1.10 | wall=1.48 | search=3244 | target=none
R2[SEARCH    ]: carry=0 | base=0.57 | wall=1.96 | search=1546 | target=none
R3[DEPART    ]: carry=0 | base=2.20 | wall=0.48 | search=  0 | target=none
R4[BASE_ESC  ]: carry=0 | base=0.22 | wall=2.31 | search=  0 | target=none


======================================================================
Step 7500 (4.0 min) | Pickups: 11 | Deposits: 11 | Rate: 2.75 tags/min | phero_entries=0 max_w=0.000
======================================================================
R1[SEARCH    ]: carry=0 | base=1.05 | wall=1.46 | search=3744 | target=none
R2[SEARCH    ]: carry=0 | base=0.69 | wall=1.96 | search=2046 | target=none
R3[DEPART    ]: carry=0 | base=2.57 | wall=0.40 | search=  0 | target=none
R4[GIVE_UP   ]: carry=0 | base=0.33 | wall=2.18 | search=312 | target=none

  [GIVE-UP] R4 returned empty after 312 searching steps
  [TARGET] R4 → WALL (2.42, -1.69)
[PICKUP] R3 picked up tag (density=16) | Total: 12

======================================================================
Step 8000 (4.3 min) | Pickups: 12 | Deposits: 11 | Rate: 2.58 tags/min | phero_entries=0 max_w=0.000
======================================================================
R1[SEARCH    ]: carry=0 | base=1.13 | wall=1.37 | search=4244 | target=none
R2[SEARCH    ]: carry=0 | base=0.76 | wall=1.81 | search=2546 | target=none
R3[SURVEY    ]: carry=1 | base=2.21 | wall=0.83 | search=  0 | target=none
R4[SEARCH    ]: carry=0 | base=0.41 | wall=2.09 | search=170 | target=none

[PICKUP] R4 picked up tag (density=3) | Total: 13

======================================================================
Step 8500 (4.5 min) | Pickups: 13 | Deposits: 11 | Rate: 2.43 tags/min | phero_entries=0 max_w=0.000
======================================================================
R1[SEARCH    ]: carry=0 | base=1.11 | wall=1.40 | search=4744 | target=none
R2[SEARCH    ]: carry=0 | base=1.19 | wall=1.41 | search=3046 | target=none
R3[RTB       ]: carry=1 | base=0.64 | wall=1.99 | search=  0 | target=none
R4[RTB       ]: carry=1 | base=0.55 | wall=1.99 | search=  0 | target=none

[DEPOSIT] R3 deposited! Total: 12
  [PHERO] Laid at (1.67, 1.45) density=16 prob=0.90 entries=1
  [TARGET] R3 → SITE (1.67, 1.45)
[DEPOSIT] R4 deposited! Total: 13
  [TARGET] R4 → PHERO (1.67, 1.45)
  [GIVE-UP] R2 returned empty after 3276 searching steps
  [TARGET] R2 → PHERO (1.67, 1.45)

======================================================================
Step 9000 (4.8 min) | Pickups: 13 | Deposits: 13 | Rate: 2.71 tags/min | phero_entries=1 max_w=0.220
======================================================================
R1[SEARCH    ]: carry=0 | base=1.18 | wall=1.34 | search=5244 | target=none
R2[BASE_ESC  ]: carry=0 | base=0.22 | wall=2.30 | search=  0 | target=phero(1.67,1.45)
R3[SITE      ]: carry=0 | base=1.30 | wall=1.54 | search=  0 | target=site(1.67,1.45)
R4[PHERO     ]: carry=0 | base=1.11 | wall=1.60 | search=  0 | target=phero(1.67,1.45)

[PICKUP] R3 picked up tag (density=15) | Total: 14

======================================================================
Step 9500 (5.1 min) | Pickups: 14 | Deposits: 13 | Rate: 2.57 tags/min | phero_entries=1 max_w=0.033
======================================================================
R1[SEARCH    ]: carry=0 | base=1.27 | wall=1.23 | search=5744 | target=none
R2[PHERO     ]: carry=0 | base=1.44 | wall=1.47 | search=  0 | target=phero(1.67,1.45)
R3[RTB       ]: carry=1 | base=1.80 | wall=1.10 | search=  0 | target=none
R4[SEARCH    ]: carry=0 | base=2.20 | wall=0.76 | search=184 | target=phero(1.67,1.45)

[PICKUP] R4 picked up tag (density=14) | Total: 15
[PICKUP] R2 picked up tag (density=13) | Total: 16
[DEPOSIT] R3 deposited! Total: 14
  [PHERO] Laid at (1.49, 1.30) density=15 prob=0.85 entries=2
  [TARGET] R3 → SITE (1.49, 1.30)

======================================================================
Step 10000 (5.3 min) | Pickups: 16 | Deposits: 14 | Rate: 2.62 tags/min | phero_entries=2 max_w=0.696
======================================================================
R1[GIVE_UP   ]: carry=0 | base=1.75 | wall=0.75 | search=6240 | target=none
R2[RTB       ]: carry=1 | base=1.79 | wall=1.10 | search=  0 | target=none
R3[BASE_ESC  ]: carry=0 | base=0.23 | wall=2.32 | search=  0 | target=site(1.49,1.30)
R4[RTB       ]: carry=1 | base=2.15 | wall=0.88 | search=  0 | target=none

[DEPOSIT] R2 deposited! Total: 15
  [TARGET] R2 → SITE (1.57, 1.38)
[DEPOSIT] R4 deposited! Total: 16
  [TARGET] R4 → SITE (1.67, 1.59)

======================================================================
Step 10500 (5.6 min) | Pickups: 16 | Deposits: 16 | Rate: 2.86 tags/min | phero_entries=1 max_w=0.104
======================================================================
R1[GIVE_UP   ]: carry=0 | base=0.26 | wall=2.24 | search=6240 | target=none
R2[BASE_ESC  ]: carry=0 | base=0.23 | wall=2.29 | search=  0 | target=site(1.57,1.38)
R3[SEARCH    ]: carry=0 | base=1.95 | wall=1.03 | search= 19 | target=site(1.49,1.30)
R4[BASE_ESC  ]: carry=0 | base=0.25 | wall=2.32 | search=  0 | target=site(1.67,1.59)

  [GIVE-UP] R1 returned empty after 6240 searching steps
  [TARGET] R1 → PHERO (1.49, 1.30)

======================================================================
Step 11000 (5.9 min) | Pickups: 16 | Deposits: 16 | Rate: 2.73 tags/min | phero_entries=1 max_w=0.015
======================================================================
R1[PHERO     ]: carry=0 | base=1.67 | wall=1.22 | search=  0 | target=phero(1.49,1.30)
R2[SITE      ]: carry=0 | base=2.03 | wall=0.98 | search=  0 | target=site(1.57,1.38)
R3[SEARCH    ]: carry=0 | base=1.83 | wall=1.12 | search=519 | target=site(1.49,1.30)
R4[SITE      ]: carry=0 | base=1.70 | wall=1.29 | search=  0 | target=site(1.67,1.59)

[PICKUP] R4 picked up tag (density=12) | Total: 17
[PICKUP] R2 picked up tag (density=11) | Total: 18
[PICKUP] R1 picked up tag (density=10) | Total: 19

======================================================================
Step 11500 (6.1 min) | Pickups: 19 | Deposits: 16 | Rate: 2.61 tags/min | phero_entries=1 max_w=0.002
======================================================================
R1[RTB       ]: carry=1 | base=1.88 | wall=1.05 | search=  0 | target=none
R2[RTB       ]: carry=1 | base=1.59 | wall=1.27 | search=  0 | target=none
R3[GIVE_UP   ]: carry=0 | base=0.92 | wall=1.84 | search=624 | target=none
R4[RTB       ]: carry=1 | base=1.11 | wall=1.70 | search=  0 | target=none

  [GIVE-UP] R3 returned empty after 624 searching steps
  [TARGET] R3 → PHERO (1.49, 1.30)
[DEPOSIT] R4 deposited! Total: 17
  [TARGET] R4 → SITE (1.30, 1.30)
[DEPOSIT] R2 deposited! Total: 18
  [TARGET] R2 → SITE (1.53, 1.40)
[DEPOSIT] R1 deposited! Total: 19
  [TARGET] R1 → SITE (1.47, 1.34)

======================================================================
Step 12000 (6.4 min) | Pickups: 19 | Deposits: 19 | Rate: 2.97 tags/min | phero_entries=0 max_w=0.000
======================================================================
R1[BASE_ESC  ]: carry=0 | base=0.22 | wall=2.33 | search=  0 | target=site(1.47,1.34)
R2[SITE      ]: carry=0 | base=0.36 | wall=2.16 | search=  0 | target=site(1.53,1.40)
R3[PHERO     ]: carry=0 | base=1.00 | wall=1.77 | search=  0 | target=phero(1.49,1.30)
R4[SITE      ]: carry=0 | base=0.81 | wall=1.88 | search=  0 | target=site(1.30,1.30)

[PICKUP] R4 picked up tag (density=9) | Total: 20

======================================================================
Step 12500 (6.7 min) | Pickups: 20 | Deposits: 19 | Rate: 2.85 tags/min | phero_entries=0 max_w=0.000
======================================================================
R1[SITE      ]: carry=0 | base=1.94 | wall=1.06 | search=  0 | target=site(1.47,1.34)
R2[SEARCH    ]: carry=0 | base=2.06 | wall=0.98 | search= 53 | target=site(1.53,1.40)
R3[SEARCH    ]: carry=0 | base=1.95 | wall=1.10 | search=255 | target=phero(1.49,1.30)
R4[SURVEY    ]: carry=1 | base=2.03 | wall=1.05 | search=  0 | target=none

[PICKUP] R1 picked up tag (density=8) | Total: 21

======================================================================
Step 13000 (6.9 min) | Pickups: 21 | Deposits: 19 | Rate: 2.74 tags/min | phero_entries=0 max_w=0.000
======================================================================
R1[RTB       ]: carry=1 | base=1.88 | wall=1.16 | search=  0 | target=none
R2[SEARCH    ]: carry=0 | base=1.65 | wall=1.12 | search=553 | target=site(1.53,1.40)
R3[SEARCH    ]: carry=0 | base=1.95 | wall=1.02 | search=755 | target=phero(1.49,1.30)
R4[RTB       ]: carry=1 | base=1.03 | wall=1.74 | search=  0 | target=none

[DEPOSIT] R4 deposited! Total: 20
  [TARGET] R4 → SITE (1.46, 1.40)
[DEPOSIT] R1 deposited! Total: 21
  [TARGET] R1 → SITE (1.34, 1.38)
  [GIVE-UP] R3 returned empty after 780 searching steps
  [TARGET] R3 → WALL (-2.42, 1.18)

======================================================================
Step 13500 (7.2 min) | Pickups: 21 | Deposits: 21 | Rate: 2.92 tags/min | phero_entries=0 max_w=0.000
======================================================================
R1[BASE_ESC  ]: carry=0 | base=0.20 | wall=2.33 | search=  0 | target=site(1.34,1.38)
R2[SEARCH    ]: carry=0 | base=1.58 | wall=1.03 | search=1053 | target=site(1.53,1.40)
R3[BASE_ESC  ]: carry=0 | base=0.22 | wall=2.32 | search=  0 | target=none
R4[SITE      ]: carry=0 | base=0.93 | wall=1.81 | search=  0 | target=site(1.46,1.40)


======================================================================
Step 14000 (7.5 min) | Pickups: 21 | Deposits: 21 | Rate: 2.81 tags/min | phero_entries=0 max_w=0.000
======================================================================
R1[SEARCH    ]: carry=0 | base=1.89 | wall=1.13 | search= 14 | target=site(1.34,1.38)
R2[SEARCH    ]: carry=0 | base=1.65 | wall=0.88 | search=1553 | target=site(1.53,1.40)
R3[GIVE_UP   ]: carry=0 | base=0.32 | wall=2.26 | search=156 | target=none
R4[SEARCH    ]: carry=0 | base=1.92 | wall=1.13 | search=229 | target=site(1.46,1.40)

  [GIVE-UP] R3 returned empty after 156 searching steps
  [TARGET] R3 → WALL (-0.06, 2.42)
[PICKUP] R3 picked up tag (density=1) | Total: 22

======================================================================
Step 14500 (7.7 min) | Pickups: 22 | Deposits: 21 | Rate: 2.72 tags/min | phero_entries=0 max_w=0.000
======================================================================
R1[SEARCH    ]: carry=0 | base=1.88 | wall=0.98 | search=514 | target=site(1.34,1.38)
R2[SEARCH    ]: carry=0 | base=1.53 | wall=0.97 | search=2053 | target=site(1.53,1.40)
R3[SURVEY    ]: carry=1 | base=0.69 | wall=1.84 | search=  0 | target=none
R4[SEARCH    ]: carry=0 | base=1.77 | wall=1.18 | search=729 | target=site(1.46,1.40)

[PICKUP] R1 picked up tag (density=7) | Total: 23
[DEPOSIT] R3 deposited! Total: 22
  [TARGET] R3 → WALL (-1.05, 2.42)

======================================================================
Step 15000 (8.0 min) | Pickups: 23 | Deposits: 22 | Rate: 2.75 tags/min | phero_entries=0 max_w=0.000
======================================================================
R1[RTB       ]: carry=1 | base=1.25 | wall=1.55 | search=  0 | target=none
R2[SEARCH    ]: carry=0 | base=1.46 | wall=1.05 | search=2553 | target=site(1.53,1.40)
R3[DEPART    ]: carry=0 | base=0.41 | wall=2.11 | search=  0 | target=none
R4[GIVE_UP   ]: carry=0 | base=0.54 | wall=2.07 | search=780 | target=none

  [GIVE-UP] R4 returned empty after 780 searching steps
  [TARGET] R4 → WALL (2.42, 0.78)
[DEPOSIT] R1 deposited! Total: 23
  [TARGET] R1 → WALL (2.42, -2.05)
  [GIVE-UP] R2 returned empty after 2652 searching steps
  [TARGET] R2 → WALL (0.20, 2.42)

======================================================================
Step 15500 (8.3 min) | Pickups: 23 | Deposits: 23 | Rate: 2.78 tags/min | phero_entries=0 max_w=0.000
======================================================================
R1[DEPART    ]: carry=0 | base=0.54 | wall=1.97 | search=  0 | target=none
R2[BASE_ESC  ]: carry=0 | base=0.23 | wall=2.27 | search=  0 | target=none
R3[SEARCH    ]: carry=0 | base=1.17 | wall=1.46 | search=280 | target=none
R4[SEARCH    ]: carry=0 | base=0.86 | wall=1.81 | search=160 | target=none


======================================================================
Step 16000 (8.5 min) | Pickups: 23 | Deposits: 23 | Rate: 2.70 tags/min | phero_entries=0 max_w=0.000
======================================================================
R1[GIVE_UP   ]: carry=0 | base=1.04 | wall=1.52 | search=312 | target=none
R2[GIVE_UP   ]: carry=0 | base=0.57 | wall=2.03 | search=312 | target=none
R3[GIVE_UP   ]: carry=0 | base=0.62 | wall=1.89 | search=624 | target=none
R4[SEARCH    ]: carry=0 | base=0.92 | wall=1.79 | search=660 | target=none

  [GIVE-UP] R2 returned empty after 312 searching steps
  [TARGET] R2 → WALL (-2.36, 2.42)
  [GIVE-UP] R3 returned empty after 624 searching steps
  [TARGET] R3 → WALL (2.42, 0.13)
  [GIVE-UP] R1 returned empty after 312 searching steps
  [TARGET] R1 → WALL (-2.42, -0.14)

======================================================================
Step 16500 (8.8 min) | Pickups: 23 | Deposits: 23 | Rate: 2.61 tags/min | phero_entries=0 max_w=0.000
======================================================================
R1[SEARCH    ]: carry=0 | base=0.30 | wall=2.22 | search=  4 | target=none
R2[SEARCH    ]: carry=0 | base=0.31 | wall=2.19 | search=152 | target=none
R3[SEARCH    ]: carry=0 | base=0.67 | wall=1.95 | search=136 | target=none
R4[SEARCH    ]: carry=0 | base=0.80 | wall=1.88 | search=1160 | target=none


======================================================================
Step 17000 (9.1 min) | Pickups: 23 | Deposits: 23 | Rate: 2.54 tags/min | phero_entries=0 max_w=0.000
======================================================================
R1[SEARCH    ]: carry=0 | base=0.27 | wall=2.28 | search=504 | target=none
R2[SEARCH    ]: carry=0 | base=0.33 | wall=2.18 | search=652 | target=none
R3[SEARCH    ]: carry=0 | base=0.56 | wall=1.98 | search=636 | target=none
R4[SEARCH    ]: carry=0 | base=0.59 | wall=1.92 | search=1660 | target=none


======================================================================
Step 17500 (9.3 min) | Pickups: 23 | Deposits: 23 | Rate: 2.46 tags/min | phero_entries=0 max_w=0.000
======================================================================
R1[BASE_ESC  ]: carry=0 | base=0.24 | wall=2.32 | search=1004 | target=none
R2[SEARCH    ]: carry=0 | base=0.32 | wall=2.19 | search=1152 | target=none
R3[SEARCH    ]: carry=0 | base=0.28 | wall=2.23 | search=1136 | target=none
R4[SEARCH    ]: carry=0 | base=0.42 | wall=2.08 | search=2160 | target=none

  [GIVE-UP] R4 returned empty after 2184 searching steps
  [TARGET] R4 → WALL (0.96, 2.42)
  [GIVE-UP] R2 returned empty after 1404 searching steps
  [TARGET] R2 → WALL (-0.10, -2.42)
  [GIVE-UP] R1 returned empty after 1248 searching steps
  [TARGET] R1 → WALL (2.42, 2.27)

======================================================================
Step 18000 (9.6 min) | Pickups: 23 | Deposits: 23 | Rate: 2.40 tags/min | phero_entries=0 max_w=0.000
======================================================================
R1[DEPART    ]: carry=0 | base=0.51 | wall=2.04 | search=  0 | target=none
R2[BASE_ESC  ]: carry=0 | base=0.24 | wall=2.26 | search=  0 | target=none
R3[BASE_ESC  ]: carry=0 | base=0.25 | wall=2.29 | search=1636 | target=none
R4[SEARCH    ]: carry=0 | base=0.37 | wall=2.21 | search=117 | target=none


======================================================================
Step 18500 (9.9 min) | Pickups: 23 | Deposits: 23 | Rate: 2.33 tags/min | phero_entries=0 max_w=0.000
======================================================================
R1[SEARCH    ]: carry=0 | base=1.57 | wall=1.30 | search=268 | target=none
R2[BASE_ESC  ]: carry=0 | base=0.24 | wall=2.32 | search=405 | target=none
R3[SEARCH    ]: carry=0 | base=0.30 | wall=2.22 | search=2136 | target=none
R4[SEARCH    ]: carry=0 | base=0.44 | wall=2.09 | search=617 | target=none

TIMEOUT_RESULT pickups=23 deposits=23 steps=18750 elapsed_min=10.000000
BATCH_RESULT pickups=23 deposits=23
