=================================================================
CPFA BASELINE — ARGoS-calibrated parameters
  Params file                  = /home/sara/Documents/RL-FL-Foraging/cpfa_tuning_20260715_155549/trial_014/params.yaml
  Results file                 = /home/sara/Documents/RL-FL-Foraging/controllers/cpfa_baseline/results/cpfa_baseline_results_20260715_163400_3.txt
  RateOfLayingPheromone        = 11.8983668389034
  RateOfSiteFidelity           = 3.2697757799006135
  RateOfPheromoneDecay         = 0.11904806415457626 /s  (lifetime ~58s)
  ProbabilityOfReturningToNest = 0.12430046251837809 (every 5 sec → E[give-up] ~40s)
  UninformedSearchVariation    = 1.36 rad (77.7°)
  RateOfInformedSearchDecay    = 1.8117258202155337 /waypoint
  ProbabilityOfSwitchingToSearching = 0.675766227209686 (every 5 sec in uninformed DEPARTING)
=================================================================

[PICKUP] R3 picked up tag (density=9) | Total: 1
[DEPOSIT] R3 deposited! Total: 1
  [PHERO] Laid at (0.05, 0.50) density=9 prob=0.25 entries=1
  [TARGET] R3 → SITE (0.05, 0.50)
[PICKUP] R3 picked up tag (density=8) | Total: 2

======================================================================
Step 500 (0.3 min) | Pickups: 2 | Deposits: 1 | Rate: 3.75 tags/min | phero_entries=1 max_w=0.449
======================================================================
R1[SEARCH    ]: carry=0 | base=0.80 | wall=1.87 | search=344 | target=none
R2[SEARCH    ]: carry=0 | base=1.02 | wall=1.66 | search=344 | target=none
R3[SURVEY    ]: carry=1 | base=0.31 | wall=2.24 | search=  0 | target=none
R4[SEARCH    ]: carry=0 | base=0.84 | wall=1.68 | search=344 | target=none

[DEPOSIT] R3 deposited! Total: 2
  [TARGET] R3 → SITE (0.16, 0.25)
[PICKUP] R4 picked up tag (density=12) | Total: 3
[PICKUP] R3 picked up tag (density=7) | Total: 4

======================================================================
Step 1000 (0.5 min) | Pickups: 4 | Deposits: 2 | Rate: 3.75 tags/min | phero_entries=1 max_w=0.067
======================================================================
R1[GIVE_UP   ]: carry=0 | base=0.47 | wall=2.14 | search=780 | target=none
R2[SEARCH    ]: carry=0 | base=0.92 | wall=1.84 | search=844 | target=none
R3[SURVEY    ]: carry=1 | base=0.33 | wall=2.24 | search=  0 | target=none
R4[RTB       ]: carry=1 | base=1.03 | wall=1.48 | search=  0 | target=none

  [GIVE-UP] R1 returned empty after 780 searching steps
  [TARGET] R1 → PHERO (0.05, 0.50)
[DEPOSIT] R3 deposited! Total: 3
  [TARGET] R3 → SITE (0.21, 0.27)
[DEPOSIT] R4 deposited! Total: 4
  [PHERO] Laid at (-0.11, -1.02) density=12 prob=0.59 entries=2
  [TARGET] R4 → SITE (-0.11, -1.02)
[PICKUP] R4 picked up tag (density=6) | Total: 5

======================================================================
Step 1500 (0.8 min) | Pickups: 5 | Deposits: 4 | Rate: 5.00 tags/min | phero_entries=2 max_w=0.363
======================================================================
R1[PHERO     ]: carry=0 | base=0.26 | wall=2.26 | search=  0 | target=phero(0.05,0.50)
R2[SEARCH    ]: carry=0 | base=0.97 | wall=1.80 | search=1344 | target=none
R3[SEARCH    ]: carry=0 | base=0.35 | wall=2.21 | search= 61 | target=site(0.21,0.27)
R4[SURVEY    ]: carry=1 | base=0.35 | wall=2.16 | search=  0 | target=none

[DEPOSIT] R4 deposited! Total: 5
  [TARGET] R4 → SITE (0.09, -0.34)
[PICKUP] R2 picked up tag (density=5) | Total: 6

======================================================================
Step 2000 (1.1 min) | Pickups: 6 | Deposits: 5 | Rate: 4.69 tags/min | phero_entries=2 max_w=0.054
======================================================================
R1[SEARCH    ]: carry=0 | base=0.44 | wall=2.06 | search=113 | target=phero(0.05,0.50)
R2[SURVEY    ]: carry=1 | base=0.63 | wall=2.01 | search=  0 | target=none
R3[SEARCH    ]: carry=0 | base=0.50 | wall=2.00 | search=561 | target=site(0.21,0.27)
R4[SEARCH    ]: carry=0 | base=0.28 | wall=2.23 | search=119 | target=site(0.09,-0.34)

[PICKUP] R1 picked up tag (density=6) | Total: 7
[DEPOSIT] R2 deposited! Total: 6
  [TARGET] R2 → SITE (0.49, -0.39)
[DEPOSIT] R1 deposited! Total: 7
  [TARGET] R1 → SITE (0.15, 0.39)

======================================================================
Step 2500 (1.3 min) | Pickups: 7 | Deposits: 7 | Rate: 5.25 tags/min | phero_entries=1 max_w=0.008
======================================================================
R1[BASE_ESC  ]: carry=0 | base=0.24 | wall=2.32 | search=  0 | target=site(0.15,0.39)
R2[SEARCH    ]: carry=0 | base=0.65 | wall=2.00 | search= 54 | target=site(0.49,-0.39)
R3[SEARCH    ]: carry=0 | base=0.72 | wall=1.79 | search=1061 | target=site(0.21,0.27)
R4[SEARCH    ]: carry=0 | base=0.26 | wall=2.30 | search=619 | target=site(0.09,-0.34)

[PICKUP] R2 picked up tag (density=4) | Total: 8
[DEPOSIT] R2 deposited! Total: 8
  [TARGET] R2 → SITE (0.48, -0.44)

======================================================================
Step 3000 (1.6 min) | Pickups: 8 | Deposits: 8 | Rate: 5.00 tags/min | phero_entries=1 max_w=0.001
======================================================================
R1[BASE_ESC  ]: carry=0 | base=0.24 | wall=2.26 | search=389 | target=site(0.15,0.39)
R2[BASE_ESC  ]: carry=0 | base=0.22 | wall=2.30 | search=  0 | target=site(0.48,-0.44)
R3[SEARCH    ]: carry=0 | base=0.69 | wall=1.82 | search=1561 | target=site(0.21,0.27)
R4[GIVE_UP   ]: carry=0 | base=0.27 | wall=2.25 | search=1092 | target=none

  [GIVE-UP] R4 returned empty after 1092 searching steps
  [TARGET] R4 → PHERO (-0.11, -1.02)

======================================================================
Step 3500 (1.9 min) | Pickups: 8 | Deposits: 8 | Rate: 4.29 tags/min | phero_entries=0 max_w=0.000
======================================================================
R1[SEARCH    ]: carry=0 | base=0.48 | wall=2.08 | search=889 | target=site(0.15,0.39)
R2[GIVE_UP   ]: carry=0 | base=0.44 | wall=2.09 | search=156 | target=none
R3[SEARCH    ]: carry=0 | base=0.53 | wall=1.97 | search=2061 | target=site(0.21,0.27)
R4[SEARCH    ]: carry=0 | base=0.87 | wall=1.63 | search=210 | target=phero(-0.11,-1.02)

  [GIVE-UP] R2 returned empty after 156 searching steps
  [TARGET] R2 → WALL (-0.82, 2.42)

======================================================================
Step 4000 (2.1 min) | Pickups: 8 | Deposits: 8 | Rate: 3.75 tags/min | phero_entries=0 max_w=0.000
======================================================================
R1[SEARCH    ]: carry=0 | base=0.53 | wall=1.97 | search=1389 | target=site(0.15,0.39)
R2[SEARCH    ]: carry=0 | base=0.32 | wall=2.24 | search=182 | target=none
R3[SEARCH    ]: carry=0 | base=0.92 | wall=1.61 | search=2561 | target=site(0.21,0.27)
R4[SEARCH    ]: carry=0 | base=1.01 | wall=1.50 | search=710 | target=phero(-0.11,-1.02)

[PICKUP] R2 picked up tag (density=5) | Total: 9
  [GIVE-UP] R1 returned empty after 1560 searching steps
  [TARGET] R1 → WALL (1.21, 2.42)
[DEPOSIT] R2 deposited! Total: 9
  [TARGET] R2 → WALL (2.42, -0.44)

======================================================================
Step 4500 (2.4 min) | Pickups: 9 | Deposits: 9 | Rate: 3.75 tags/min | phero_entries=0 max_w=0.000
======================================================================
R1[DEPART    ]: carry=0 | base=0.35 | wall=2.22 | search=  0 | target=none
R2[BASE_ESC  ]: carry=0 | base=0.22 | wall=2.30 | search=  0 | target=none
R3[SEARCH    ]: carry=0 | base=1.14 | wall=1.59 | search=3061 | target=site(0.21,0.27)
R4[SEARCH    ]: carry=0 | base=1.17 | wall=1.33 | search=1210 | target=phero(-0.11,-1.02)

[PICKUP] R4 picked up tag (density=3) | Total: 10
  [GIVE-UP] R3 returned empty after 3120 searching steps
  [TARGET] R3 → WALL (-2.42, -0.45)

======================================================================
Step 5000 (2.7 min) | Pickups: 10 | Deposits: 9 | Rate: 3.38 tags/min | phero_entries=0 max_w=0.000
======================================================================
R1[SEARCH    ]: carry=0 | base=1.73 | wall=0.92 | search= 95 | target=none
R2[DEPART    ]: carry=0 | base=1.98 | wall=0.55 | search=  0 | target=none
R3[DEPART    ]: carry=0 | base=0.26 | wall=2.24 | search=  0 | target=none
R4[RTB       ]: carry=1 | base=0.60 | wall=1.92 | search=  0 | target=none

[DEPOSIT] R4 deposited! Total: 10
  [TARGET] R4 → WALL (-1.44, -2.42)

======================================================================
Step 5500 (2.9 min) | Pickups: 10 | Deposits: 10 | Rate: 3.41 tags/min | phero_entries=0 max_w=0.000
======================================================================
R1[SEARCH    ]: carry=0 | base=1.57 | wall=0.97 | search=595 | target=none
R2[SEARCH    ]: carry=0 | base=2.20 | wall=0.36 | search=498 | target=none
R3[SEARCH    ]: carry=0 | base=0.48 | wall=2.09 | search=447 | target=none
R4[DEPART    ]: carry=0 | base=1.05 | wall=1.51 | search=  0 | target=none

[PICKUP] R4 picked up tag (density=11) | Total: 11
[DEPOSIT] R4 deposited! Total: 11
  [TARGET] R4 → SITE (-0.38, -1.03)

======================================================================
Step 6000 (3.2 min) | Pickups: 11 | Deposits: 11 | Rate: 3.44 tags/min | phero_entries=0 max_w=0.000
======================================================================
R1[SEARCH    ]: carry=0 | base=1.70 | wall=0.81 | search=1095 | target=none
R2[GIVE_UP   ]: carry=0 | base=0.75 | wall=1.77 | search=624 | target=none
R3[SEARCH    ]: carry=0 | base=0.55 | wall=2.04 | search=947 | target=none
R4[BASE_ESC  ]: carry=0 | base=0.25 | wall=2.26 | search=  0 | target=site(-0.38,-1.03)

  [GIVE-UP] R2 returned empty after 624 searching steps
  [TARGET] R2 → WALL (2.42, 1.19)
  [GIVE-UP] R3 returned empty after 1092 searching steps
  [TARGET] R3 → WALL (1.77, 2.42)
[PICKUP] R3 picked up tag (density=4) | Total: 12

======================================================================
Step 6500 (3.5 min) | Pickups: 12 | Deposits: 11 | Rate: 3.17 tags/min | phero_entries=0 max_w=0.000
======================================================================
R1[GIVE_UP   ]: carry=0 | base=1.19 | wall=1.31 | search=1560 | target=none
R2[SEARCH    ]: carry=0 | base=0.89 | wall=1.63 | search=101 | target=none
R3[SURVEY    ]: carry=1 | base=0.48 | wall=2.03 | search=  0 | target=none
R4[SEARCH    ]: carry=0 | base=1.30 | wall=1.28 | search=161 | target=site(-0.38,-1.03)

[PICKUP] R4 picked up tag (density=10) | Total: 13
[DEPOSIT] R3 deposited! Total: 12
  [TARGET] R3 → SITE (0.07, 0.47)
  [GIVE-UP] R1 returned empty after 1560 searching steps
  [TARGET] R1 → WALL (-2.42, -1.04)

======================================================================
Step 7000 (3.7 min) | Pickups: 13 | Deposits: 12 | Rate: 3.21 tags/min | phero_entries=0 max_w=0.000
======================================================================
R1[DEPART    ]: carry=0 | base=0.29 | wall=2.24 | search=  0 | target=none
R2[SEARCH    ]: carry=0 | base=1.31 | wall=1.30 | search=601 | target=none
R3[SEARCH    ]: carry=0 | base=0.51 | wall=1.99 | search= 81 | target=site(0.07,0.47)
R4[RTB       ]: carry=1 | base=0.33 | wall=2.18 | search=  0 | target=none

[DEPOSIT] R4 deposited! Total: 13
  [TARGET] R4 → SITE (-0.45, -1.25)
  [GIVE-UP] R2 returned empty after 624 searching steps
  [TARGET] R2 → WALL (-2.30, -2.42)
[PICKUP] R4 picked up tag (density=9) | Total: 14
[PICKUP] R3 picked up tag (density=3) | Total: 15

======================================================================
Step 7500 (4.0 min) | Pickups: 15 | Deposits: 13 | Rate: 3.25 tags/min | phero_entries=0 max_w=0.000
======================================================================
R1[SEARCH    ]: carry=0 | base=0.27 | wall=2.23 | search=486 | target=none
R2[DEPART    ]: carry=0 | base=0.27 | wall=2.24 | search=  0 | target=none
R3[SURVEY    ]: carry=1 | base=0.47 | wall=2.09 | search=  0 | target=none
R4[SURVEY    ]: carry=1 | base=1.32 | wall=1.25 | search=  0 | target=none

  [GIVE-UP] R2 returned empty after 156 searching steps
  [TARGET] R2 → WALL (-2.42, -1.00)
[DEPOSIT] R3 deposited! Total: 14
  [TARGET] R3 → WALL (2.42, -2.06)
  [GIVE-UP] R1 returned empty after 936 searching steps
  [TARGET] R1 → WALL (-2.42, -1.70)
[DEPOSIT] R4 deposited! Total: 15
  [TARGET] R4 → SITE (-0.43, -1.25)

======================================================================
Step 8000 (4.3 min) | Pickups: 15 | Deposits: 15 | Rate: 3.52 tags/min | phero_entries=0 max_w=0.000
======================================================================
R1[DEPART    ]: carry=0 | base=0.25 | wall=2.30 | search=  0 | target=none
R2[DEPART    ]: carry=0 | base=0.85 | wall=1.81 | search=  0 | target=none
R3[DEPART    ]: carry=0 | base=0.51 | wall=1.99 | search=  0 | target=none
R4[BASE_ESC  ]: carry=0 | base=0.22 | wall=2.28 | search=  0 | target=site(-0.43,-1.25)

[PICKUP] R4 picked up tag (density=8) | Total: 16

======================================================================
Step 8500 (4.5 min) | Pickups: 16 | Deposits: 15 | Rate: 3.31 tags/min | phero_entries=0 max_w=0.000
======================================================================
R1[SEARCH    ]: carry=0 | base=0.44 | wall=2.12 | search=349 | target=none
R2[WALL_ESC  ]: carry=0 | base=2.37 | wall=0.31 | search=  0 | target=none
R3[SEARCH    ]: carry=0 | base=0.98 | wall=1.59 | search=460 | target=none
R4[SURVEY    ]: carry=1 | base=1.32 | wall=1.24 | search=  0 | target=none

[PICKUP] R2 picked up tag (density=9) | Total: 17
[DEPOSIT] R4 deposited! Total: 16
  [TARGET] R4 → SITE (-0.37, -1.26)

======================================================================
Step 9000 (4.8 min) | Pickups: 17 | Deposits: 16 | Rate: 3.33 tags/min | phero_entries=0 max_w=0.000
======================================================================
R1[SEARCH    ]: carry=0 | base=0.76 | wall=1.74 | search=849 | target=none
R2[SURVEY    ]: carry=1 | base=2.23 | wall=0.39 | search=  0 | target=none
R3[SEARCH    ]: carry=0 | base=1.05 | wall=1.48 | search=960 | target=none
R4[BASE_ESC  ]: carry=0 | base=0.22 | wall=2.28 | search=  0 | target=site(-0.37,-1.26)

[PICKUP] R4 picked up tag (density=7) | Total: 18

======================================================================
Step 9500 (5.1 min) | Pickups: 18 | Deposits: 16 | Rate: 3.16 tags/min | phero_entries=0 max_w=0.000
======================================================================
R1[SEARCH    ]: carry=0 | base=0.78 | wall=1.72 | search=1349 | target=none
R2[RTB       ]: carry=1 | base=0.61 | wall=1.92 | search=  0 | target=none
R3[GIVE_UP   ]: carry=0 | base=0.60 | wall=1.92 | search=1248 | target=none
R4[RTB       ]: carry=1 | base=1.05 | wall=1.48 | search=  0 | target=none

  [GIVE-UP] R3 returned empty after 1248 searching steps
  [TARGET] R3 → WALL (-2.42, 1.19)
[DEPOSIT] R2 deposited! Total: 17
  [TARGET] R2 → SITE (-2.11, -0.70)
[DEPOSIT] R4 deposited! Total: 18
  [TARGET] R4 → SITE (-0.27, -1.02)

======================================================================
Step 10000 (5.3 min) | Pickups: 18 | Deposits: 18 | Rate: 3.38 tags/min | phero_entries=0 max_w=0.000
======================================================================
R1[SEARCH    ]: carry=0 | base=0.71 | wall=1.80 | search=1849 | target=none
R2[SITE      ]: carry=0 | base=1.33 | wall=1.26 | search=  0 | target=site(-2.11,-0.70)
R3[BASE_ESC  ]: carry=0 | base=0.23 | wall=2.27 | search=111 | target=none
R4[SITE      ]: carry=0 | base=0.78 | wall=1.74 | search=  0 | target=site(-0.27,-1.02)

[PICKUP] R2 picked up tag (density=8) | Total: 19
  [GIVE-UP] R4 returned empty after 156 searching steps
  [TARGET] R4 → WALL (-2.32, 2.42)

======================================================================
Step 10500 (5.6 min) | Pickups: 19 | Deposits: 18 | Rate: 3.21 tags/min | phero_entries=0 max_w=0.000
======================================================================
R1[SEARCH    ]: carry=0 | base=0.76 | wall=1.80 | search=2349 | target=none
R2[RTB       ]: carry=1 | base=1.37 | wall=1.22 | search=  0 | target=none
R3[SEARCH    ]: carry=0 | base=0.54 | wall=1.96 | search=611 | target=none
R4[BASE_ESC  ]: carry=0 | base=0.23 | wall=2.30 | search=  0 | target=none

  [GIVE-UP] R3 returned empty after 624 searching steps
  [TARGET] R3 → WALL (-2.42, 2.11)
[DEPOSIT] R2 deposited! Total: 19
  [PHERO] Laid at (-1.71, -0.59) density=8 prob=0.16 entries=1
  [TARGET] R2 → SITE (-1.71, -0.59)

======================================================================
Step 11000 (5.9 min) | Pickups: 19 | Deposits: 19 | Rate: 3.24 tags/min | phero_entries=1 max_w=0.451
======================================================================
R1[SEARCH    ]: carry=0 | base=1.00 | wall=1.55 | search=2849 | target=none
R2[SITE      ]: carry=0 | base=0.59 | wall=1.98 | search=  0 | target=site(-1.71,-0.59)
R3[SEARCH    ]: carry=0 | base=0.85 | wall=1.89 | search=  5 | target=none
R4[GIVE_UP   ]: carry=0 | base=0.73 | wall=1.81 | search=312 | target=none

  [GIVE-UP] R4 returned empty after 312 searching steps
  [TARGET] R4 → PHERO (-1.71, -0.59)
  [GIVE-UP] R3 returned empty after 156 searching steps
  [TARGET] R3 → PHERO (-1.71, -0.59)

======================================================================
Step 11500 (6.1 min) | Pickups: 19 | Deposits: 19 | Rate: 3.10 tags/min | phero_entries=1 max_w=0.067
======================================================================
R1[SEARCH    ]: carry=0 | base=1.33 | wall=1.18 | search=3349 | target=none
R2[SEARCH    ]: carry=0 | base=1.69 | wall=0.87 | search=193 | target=site(-1.71,-0.59)
R3[BASE_ESC  ]: carry=0 | base=0.22 | wall=2.31 | search=  0 | target=phero(-1.71,-0.59)
R4[PHERO     ]: carry=0 | base=1.08 | wall=1.47 | search=  0 | target=phero(-1.71,-0.59)


======================================================================
Step 12000 (6.4 min) | Pickups: 19 | Deposits: 19 | Rate: 2.97 tags/min | phero_entries=1 max_w=0.010
======================================================================
R1[SEARCH    ]: carry=0 | base=1.25 | wall=1.29 | search=3849 | target=none
R2[GIVE_UP   ]: carry=0 | base=0.86 | wall=1.64 | search=468 | target=none
R3[SEARCH    ]: carry=0 | base=1.78 | wall=0.82 | search= 19 | target=phero(-1.71,-0.59)
R4[SEARCH    ]: carry=0 | base=1.67 | wall=0.89 | search=324 | target=phero(-1.71,-0.59)

  [GIVE-UP] R2 returned empty after 468 searching steps
  [TARGET] R2 → PHERO (-1.71, -0.59)
[PICKUP] R3 picked up tag (density=7) | Total: 20

======================================================================
Step 12500 (6.7 min) | Pickups: 20 | Deposits: 19 | Rate: 2.85 tags/min | phero_entries=1 max_w=0.001
======================================================================
R1[SEARCH    ]: carry=0 | base=1.15 | wall=1.38 | search=4349 | target=none
R2[PHERO     ]: carry=0 | base=1.02 | wall=1.51 | search=  0 | target=phero(-1.71,-0.59)
R3[SURVEY    ]: carry=1 | base=1.87 | wall=0.74 | search=  0 | target=none
R4[GIVE_UP   ]: carry=0 | base=1.09 | wall=1.44 | search=624 | target=none

  [GIVE-UP] R4 returned empty after 624 searching steps
  [TARGET] R4 → WALL (1.38, 2.42)
[PICKUP] R2 picked up tag (density=6) | Total: 21
[DEPOSIT] R3 deposited! Total: 20
  [TARGET] R3 → SITE (-1.76, -0.63)

======================================================================
Step 13000 (6.9 min) | Pickups: 21 | Deposits: 20 | Rate: 2.88 tags/min | phero_entries=0 max_w=0.000
======================================================================
R1[SEARCH    ]: carry=0 | base=1.28 | wall=1.38 | search=4849 | target=none
R2[SURVEY    ]: carry=1 | base=1.82 | wall=0.76 | search=  0 | target=none
R3[BASE_ESC  ]: carry=0 | base=0.22 | wall=2.29 | search=  0 | target=site(-1.76,-0.63)
R4[DEPART    ]: carry=0 | base=0.26 | wall=2.24 | search=  0 | target=none

[DEPOSIT] R2 deposited! Total: 21
  [TARGET] R2 → WALL (-2.42, 0.37)

======================================================================
Step 13500 (7.2 min) | Pickups: 21 | Deposits: 21 | Rate: 2.92 tags/min | phero_entries=0 max_w=0.000
======================================================================
R1[SEARCH    ]: carry=0 | base=0.95 | wall=1.72 | search=5349 | target=none
R2[BASE_ESC  ]: carry=0 | base=0.22 | wall=2.29 | search=  0 | target=none
R3[SITE      ]: carry=0 | base=1.80 | wall=0.81 | search=  0 | target=site(-1.76,-0.63)
R4[DEPART    ]: carry=0 | base=1.73 | wall=0.95 | search=  0 | target=none


======================================================================
Step 14000 (7.5 min) | Pickups: 21 | Deposits: 21 | Rate: 2.81 tags/min | phero_entries=0 max_w=0.000
======================================================================
R1[SEARCH    ]: carry=0 | base=1.05 | wall=1.75 | search=5849 | target=none
R2[SEARCH    ]: carry=0 | base=0.70 | wall=1.84 | search=274 | target=none
R3[GIVE_UP   ]: carry=0 | base=0.66 | wall=1.92 | search=156 | target=none
R4[SEARCH    ]: carry=0 | base=2.26 | wall=0.52 | search=351 | target=none

[PICKUP] R1 picked up tag (density=12) | Total: 22
  [GIVE-UP] R3 returned empty after 156 searching steps
  [TARGET] R3 → WALL (-2.42, 1.83)

======================================================================
Step 14500 (7.7 min) | Pickups: 22 | Deposits: 21 | Rate: 2.72 tags/min | phero_entries=0 max_w=0.000
======================================================================
R1[RTB       ]: carry=1 | base=0.41 | wall=2.15 | search=  0 | target=none
R2[SEARCH    ]: carry=0 | base=0.88 | wall=1.67 | search=774 | target=none
R3[DEPART    ]: carry=0 | base=0.82 | wall=1.74 | search=  0 | target=none
R4[SEARCH    ]: carry=0 | base=2.33 | wall=0.75 | search=851 | target=none

[DEPOSIT] R1 deposited! Total: 22
  [TARGET] R1 → SITE (-0.61, 0.86)
  [GIVE-UP] R2 returned empty after 780 searching steps
  [TARGET] R2 → WALL (-2.42, -1.67)

======================================================================
Step 15000 (8.0 min) | Pickups: 22 | Deposits: 22 | Rate: 2.75 tags/min | phero_entries=0 max_w=0.000
======================================================================
R1[SEARCH    ]: carry=0 | base=0.98 | wall=1.76 | search=130 | target=site(-0.61,0.86)
R2[SEARCH    ]: carry=0 | base=0.61 | wall=1.90 | search= 50 | target=none
R3[GIVE_UP   ]: carry=0 | base=0.95 | wall=1.55 | search=468 | target=none
R4[GIVE_UP   ]: carry=0 | base=2.34 | wall=0.82 | search=1248 | target=none

  [GIVE-UP] R3 returned empty after 468 searching steps
  [TARGET] R3 → WALL (-1.37, 2.42)
[PICKUP] R4 picked up tag (density=2) | Total: 23

======================================================================
Step 15500 (8.3 min) | Pickups: 23 | Deposits: 22 | Rate: 2.66 tags/min | phero_entries=0 max_w=0.000
======================================================================
R1[SEARCH    ]: carry=0 | base=0.86 | wall=1.77 | search=630 | target=site(-0.61,0.86)
R2[SEARCH    ]: carry=0 | base=0.49 | wall=2.06 | search=550 | target=none
R3[SEARCH    ]: carry=0 | base=0.81 | wall=1.87 | search= 13 | target=none
R4[SURVEY    ]: carry=1 | base=0.72 | wall=1.98 | search=  0 | target=none

  [GIVE-UP] R3 returned empty after 156 searching steps
  [TARGET] R3 → WALL (1.62, 2.42)
[DEPOSIT] R4 deposited! Total: 23
  [TARGET] R4 → SITE (0.50, 0.53)

======================================================================
Step 16000 (8.5 min) | Pickups: 23 | Deposits: 23 | Rate: 2.70 tags/min | phero_entries=0 max_w=0.000
======================================================================
R1[SEARCH    ]: carry=0 | base=0.75 | wall=1.83 | search=1130 | target=site(-0.61,0.86)
R2[SEARCH    ]: carry=0 | base=0.76 | wall=1.88 | search=1050 | target=none
R3[DEPART    ]: carry=0 | base=0.50 | wall=2.01 | search=  0 | target=none
R4[SITE      ]: carry=0 | base=0.33 | wall=2.19 | search=  0 | target=site(0.50,0.53)

[PICKUP] R3 picked up tag (density=1) | Total: 24
[DEPOSIT] R3 deposited! Total: 24
  [TARGET] R3 → WALL (2.42, -1.63)

======================================================================
Step 16500 (8.8 min) | Pickups: 24 | Deposits: 24 | Rate: 2.73 tags/min | phero_entries=0 max_w=0.000
======================================================================
R1[SEARCH    ]: carry=0 | base=0.65 | wall=1.98 | search=1630 | target=site(-0.61,0.86)
R2[SEARCH    ]: carry=0 | base=0.86 | wall=1.79 | search=1550 | target=none
R3[DEPART    ]: carry=0 | base=0.38 | wall=2.14 | search=  0 | target=none
R4[SEARCH    ]: carry=0 | base=0.84 | wall=1.79 | search=393 | target=site(0.50,0.53)

  [GIVE-UP] R1 returned empty after 1716 searching steps
  [TARGET] R1 → WALL (-2.42, -1.29)

======================================================================
Step 17000 (9.1 min) | Pickups: 24 | Deposits: 24 | Rate: 2.65 tags/min | phero_entries=0 max_w=0.000
======================================================================
R1[DEPART    ]: carry=0 | base=0.43 | wall=2.09 | search=  0 | target=none
R2[GIVE_UP   ]: carry=0 | base=0.51 | wall=2.11 | search=2028 | target=none
R3[SEARCH    ]: carry=0 | base=0.78 | wall=1.81 | search=422 | target=none
R4[SEARCH    ]: carry=0 | base=0.77 | wall=1.73 | search=893 | target=site(0.50,0.53)

  [GIVE-UP] R2 returned empty after 2028 searching steps
  [TARGET] R2 → WALL (-2.42, 0.06)
  [GIVE-UP] R4 returned empty after 1248 searching steps
  [TARGET] R4 → WALL (1.01, 2.42)

======================================================================
Step 17500 (9.3 min) | Pickups: 24 | Deposits: 24 | Rate: 2.57 tags/min | phero_entries=0 max_w=0.000
======================================================================
R1[SEARCH    ]: carry=0 | base=1.28 | wall=1.34 | search=225 | target=none
R2[DEPART    ]: carry=0 | base=1.40 | wall=1.11 | search=  0 | target=none
R3[GIVE_UP   ]: carry=0 | base=0.29 | wall=2.24 | search=780 | target=none
R4[BASE_ESC  ]: carry=0 | base=0.22 | wall=2.33 | search=  0 | target=none

  [GIVE-UP] R3 returned empty after 780 searching steps
  [TARGET] R3 → WALL (-1.38, 2.42)
  [GIVE-UP] R1 returned empty after 312 searching steps
  [TARGET] R1 → WALL (1.39, 2.42)
  [GIVE-UP] R2 returned empty after 156 searching steps
  [TARGET] R2 → WALL (2.42, 0.58)

======================================================================
Step 18000 (9.6 min) | Pickups: 24 | Deposits: 24 | Rate: 2.50 tags/min | phero_entries=0 max_w=0.000
======================================================================
R1[BASE_ESC  ]: carry=0 | base=0.22 | wall=2.29 | search=  0 | target=none
R2[BASE_ESC  ]: carry=0 | base=0.23 | wall=2.27 | search=  0 | target=none
R3[SEARCH    ]: carry=0 | base=0.31 | wall=2.20 | search=224 | target=none
R4[SEARCH    ]: carry=0 | base=0.32 | wall=2.18 | search=309 | target=none


======================================================================
Step 18500 (9.9 min) | Pickups: 24 | Deposits: 24 | Rate: 2.43 tags/min | phero_entries=0 max_w=0.000
======================================================================
R1[SEARCH    ]: carry=0 | base=0.25 | wall=2.26 | search=232 | target=none
R2[GIVE_UP   ]: carry=0 | base=0.39 | wall=2.11 | search=156 | target=none
R3[SEARCH    ]: carry=0 | base=0.56 | wall=2.04 | search=724 | target=none
R4[SEARCH    ]: carry=0 | base=0.49 | wall=2.02 | search=809 | target=none

  [GIVE-UP] R4 returned empty after 936 searching steps
  [TARGET] R4 → WALL (2.24, -2.42)
  [GIVE-UP] R2 returned empty after 156 searching steps
  [TARGET] R2 → WALL (0.75, -2.42)
  [GIVE-UP] R1 returned empty after 468 searching steps
  [TARGET] R1 → WALL (2.13, -2.42)
TIMEOUT_RESULT pickups=24 deposits=24 steps=18750 elapsed_min=10.000000
BATCH_RESULT pickups=24 deposits=24
