=================================================================
CPFA BASELINE — ARGoS-calibrated parameters
  Params file                  = /home/sara/Documents/RL-FL-Foraging/cpfa_tuning_20260715_155549/trial_025/params.yaml
  Results file                 = /home/sara/Documents/RL-FL-Foraging/controllers/cpfa_baseline/results/cpfa_baseline_results_20260715_170348_1.txt
  RateOfLayingPheromone        = 6.55185703704722
  RateOfSiteFidelity           = 2.4151786447294046
  RateOfPheromoneDecay         = 0.05157149738991117 /s  (lifetime ~134s)
  ProbabilityOfReturningToNest = 0.11154281425167865 (every 5 sec → E[give-up] ~45s)
  UninformedSearchVariation    = 0.28 rad (16.2°)
  RateOfInformedSearchDecay    = 0.7028969569420835 /waypoint
  ProbabilityOfSwitchingToSearching = 0.43039119593992614 (every 5 sec in uninformed DEPARTING)
=================================================================

[PICKUP] R4 picked up tag (density=6) | Total: 1
[PICKUP] R1 picked up tag (density=9) | Total: 2
[DEPOSIT] R1 deposited! Total: 1
  [PHERO] Laid at (-0.39, 0.05) density=9 prob=0.87 entries=1
  [TARGET] R1 → SITE (-0.39, 0.05)
[DEPOSIT] R4 deposited! Total: 2
  [PHERO] Laid at (0.00, -0.50) density=6 prob=0.52 entries=2
  [TARGET] R4 → SITE (0.00, -0.50)
[PICKUP] R1 picked up tag (density=8) | Total: 3
[PICKUP] R4 picked up tag (density=5) | Total: 4

======================================================================
Step 500 (0.3 min) | Pickups: 4 | Deposits: 2 | Rate: 7.50 tags/min | phero_entries=2 max_w=0.711
======================================================================
R1[SURVEY    ]: carry=1 | base=0.37 | wall=2.14 | search=  0 | target=none
R2[GIVE_UP   ]: carry=0 | base=1.55 | wall=1.19 | search=312 | target=none
R3[DEPART    ]: carry=0 | base=1.44 | wall=1.46 | search=  0 | target=none
R4[SURVEY    ]: carry=1 | base=0.36 | wall=2.17 | search=  0 | target=none

[DEPOSIT] R1 deposited! Total: 3
  [PHERO] Laid at (-0.36, 0.11) density=8 prob=0.79 entries=3
  [TARGET] R1 → SITE (-0.36, 0.11)
[DEPOSIT] R4 deposited! Total: 4
  [TARGET] R4 → SITE (0.13, -0.33)
[PICKUP] R2 picked up tag (density=4) | Total: 5
[PICKUP] R1 picked up tag (density=7) | Total: 6
[PICKUP] R4 picked up tag (density=3) | Total: 7

======================================================================
Step 1000 (0.5 min) | Pickups: 7 | Deposits: 4 | Rate: 7.50 tags/min | phero_entries=3 max_w=0.632
======================================================================
R1[SURVEY    ]: carry=1 | base=0.34 | wall=2.21 | search=  0 | target=none
R2[RTB       ]: carry=1 | base=0.71 | wall=1.92 | search=  0 | target=none
R3[WALL_ESC  ]: carry=0 | base=2.63 | wall=0.35 | search=376 | target=none
R4[SURVEY    ]: carry=1 | base=0.37 | wall=2.17 | search=  0 | target=none

[DEPOSIT] R1 deposited! Total: 5
  [TARGET] R1 → SITE (-0.29, 0.17)
[DEPOSIT] R2 deposited! Total: 6
  [TARGET] R2 → SITE (0.41, -0.58)
[DEPOSIT] R4 deposited! Total: 7
  [TARGET] R4 → SITE (0.17, -0.33)
[PICKUP] R2 picked up tag (density=2) | Total: 8

======================================================================
Step 1500 (0.8 min) | Pickups: 8 | Deposits: 7 | Rate: 8.75 tags/min | phero_entries=3 max_w=0.277
======================================================================
R1[SEARCH    ]: carry=0 | base=0.28 | wall=2.26 | search=132 | target=site(-0.29,0.17)
R2[SURVEY    ]: carry=1 | base=0.52 | wall=2.13 | search=  0 | target=none
R3[SEARCH    ]: carry=0 | base=2.64 | wall=0.40 | search=876 | target=none
R4[SITE      ]: carry=0 | base=0.34 | wall=2.24 | search=  0 | target=site(0.17,-0.33)

[DEPOSIT] R2 deposited! Total: 8
  [TARGET] R2 → SITE (0.37, -0.37)

======================================================================
Step 2000 (1.1 min) | Pickups: 8 | Deposits: 8 | Rate: 7.50 tags/min | phero_entries=3 max_w=0.121
======================================================================
R1[SEARCH    ]: carry=0 | base=0.26 | wall=2.24 | search=632 | target=site(-0.29,0.17)
R2[SEARCH    ]: carry=0 | base=0.53 | wall=2.12 | search= 18 | target=site(0.37,-0.37)
R3[WALL_ESC  ]: carry=0 | base=2.67 | wall=0.35 | search=1376 | target=none
R4[BASE_ESC  ]: carry=0 | base=0.23 | wall=2.30 | search=468 | target=site(0.17,-0.33)

  [GIVE-UP] R1 returned empty after 780 searching steps
  [TARGET] R1 → PHERO (-0.36, 0.11)
[PICKUP] R2 picked up tag (density=1) | Total: 9

======================================================================
Step 2500 (1.3 min) | Pickups: 9 | Deposits: 8 | Rate: 6.00 tags/min | phero_entries=3 max_w=0.053
======================================================================
R1[SEARCH    ]: carry=0 | base=0.39 | wall=2.13 | search= 55 | target=phero(-0.36,0.11)
R2[SURVEY    ]: carry=1 | base=0.44 | wall=2.09 | search=  0 | target=none
R3[GIVE_UP   ]: carry=0 | base=1.94 | wall=0.93 | search=1560 | target=none
R4[SEARCH    ]: carry=0 | base=1.35 | wall=1.22 | search=968 | target=site(0.17,-0.33)

[DEPOSIT] R2 deposited! Total: 9
  [TARGET] R2 → PHERO (0.00, -0.50)
[PICKUP] R4 picked up tag (density=12) | Total: 10
  [GIVE-UP] R3 returned empty after 1560 searching steps
  [TARGET] R3 → PHERO (-0.36, 0.11)

======================================================================
Step 3000 (1.6 min) | Pickups: 10 | Deposits: 9 | Rate: 5.62 tags/min | phero_entries=3 max_w=0.023
======================================================================
R1[SEARCH    ]: carry=0 | base=0.51 | wall=2.08 | search=555 | target=phero(-0.36,0.11)
R2[SEARCH    ]: carry=0 | base=0.47 | wall=2.03 | search= 67 | target=phero(0.00,-0.50)
R3[BASE_ESC  ]: carry=0 | base=0.22 | wall=2.34 | search=  0 | target=phero(-0.36,0.11)
R4[SURVEY    ]: carry=1 | base=1.47 | wall=1.06 | search=  0 | target=none


======================================================================
Step 3500 (1.9 min) | Pickups: 10 | Deposits: 9 | Rate: 4.82 tags/min | phero_entries=3 max_w=0.010
======================================================================
R1[GIVE_UP   ]: carry=0 | base=0.84 | wall=1.70 | search=936 | target=none
R2[SEARCH    ]: carry=0 | base=0.64 | wall=2.04 | search=567 | target=phero(0.00,-0.50)
R3[SEARCH    ]: carry=0 | base=0.37 | wall=2.15 | search= 95 | target=phero(-0.36,0.11)
R4[RTB       ]: carry=1 | base=0.58 | wall=1.93 | search=  0 | target=none

[PICKUP] R1 picked up tag (density=6) | Total: 11
[DEPOSIT] R4 deposited! Total: 10
  [PHERO] Laid at (1.44, -0.28) density=12 prob=0.98 entries=4
  [TARGET] R4 → SITE (1.44, -0.28)
[PICKUP] R3 picked up tag (density=5) | Total: 12
[DEPOSIT] R1 deposited! Total: 11
  [PHERO] Laid at (-0.70, 0.23) density=6 prob=0.52 entries=5
  [TARGET] R1 → SITE (-0.70, 0.23)
[PICKUP] R4 picked up tag (density=11) | Total: 13

======================================================================
Step 4000 (2.1 min) | Pickups: 13 | Deposits: 11 | Rate: 5.16 tags/min | phero_entries=5 max_w=0.791
======================================================================
R1[SITE      ]: carry=0 | base=0.33 | wall=2.23 | search=  0 | target=site(-0.70,0.23)
R2[BASE_ESC  ]: carry=0 | base=0.24 | wall=2.26 | search=1067 | target=phero(0.00,-0.50)
R3[SURVEY    ]: carry=1 | base=0.41 | wall=2.14 | search=  0 | target=none
R4[SURVEY    ]: carry=1 | base=1.14 | wall=1.37 | search=  0 | target=none

[PICKUP] R1 picked up tag (density=4) | Total: 14
[DEPOSIT] R3 deposited! Total: 12
  [TARGET] R3 → SITE (-0.36, 0.19)
[DEPOSIT] R1 deposited! Total: 13
  [TARGET] R1 → SITE (-0.32, 0.23)
[DEPOSIT] R4 deposited! Total: 14
  [PHERO] Laid at (1.12, -0.18) density=11 prob=0.96 entries=4
  [TARGET] R4 → SITE (1.12, -0.18)
  [GIVE-UP] R2 returned empty after 1560 searching steps
  [TARGET] R2 → PHERO (1.12, -0.18)

======================================================================
Step 4500 (2.4 min) | Pickups: 14 | Deposits: 14 | Rate: 5.83 tags/min | phero_entries=4 max_w=0.968
======================================================================
R1[SITE      ]: carry=0 | base=0.29 | wall=2.22 | search=  0 | target=site(-0.32,0.23)
R2[BASE_ESC  ]: carry=0 | base=0.25 | wall=2.26 | search=  0 | target=phero(1.12,-0.18)
R3[SEARCH    ]: carry=0 | base=0.32 | wall=2.21 | search=128 | target=site(-0.36,0.19)
R4[BASE_ESC  ]: carry=0 | base=0.23 | wall=2.27 | search=  0 | target=site(1.12,-0.18)

[PICKUP] R1 picked up tag (density=3) | Total: 15
[PICKUP] R4 picked up tag (density=10) | Total: 16
[DEPOSIT] R1 deposited! Total: 15
  [TARGET] R1 → SITE (-0.34, 0.29)

======================================================================
Step 5000 (2.7 min) | Pickups: 16 | Deposits: 15 | Rate: 5.62 tags/min | phero_entries=3 max_w=0.424
======================================================================
R1[BASE_ESC  ]: carry=0 | base=0.23 | wall=2.33 | search=  0 | target=site(-0.34,0.29)
R2[SEARCH    ]: carry=0 | base=1.14 | wall=1.39 | search=120 | target=phero(1.12,-0.18)
R3[SEARCH    ]: carry=0 | base=0.36 | wall=2.15 | search=628 | target=site(-0.36,0.19)
R4[SURVEY    ]: carry=1 | base=1.21 | wall=1.31 | search=  0 | target=none

[PICKUP] R2 picked up tag (density=9) | Total: 17
[PICKUP] R3 picked up tag (density=8) | Total: 18
[DEPOSIT] R4 deposited! Total: 16
  [PHERO] Laid at (1.15, -0.20) density=10 prob=0.93 entries=4
  [TARGET] R4 → SITE (1.15, -0.20)

======================================================================
Step 5500 (2.9 min) | Pickups: 18 | Deposits: 16 | Rate: 5.45 tags/min | phero_entries=4 max_w=0.955
======================================================================
R1[SEARCH    ]: carry=0 | base=0.46 | wall=2.17 | search=313 | target=site(-0.34,0.29)
R2[RTB       ]: carry=1 | base=0.94 | wall=1.58 | search=  0 | target=none
R3[RTB       ]: carry=1 | base=1.17 | wall=1.50 | search=  0 | target=none
R4[BASE_ESC  ]: carry=0 | base=0.23 | wall=2.27 | search=  0 | target=site(1.15,-0.20)

[DEPOSIT] R2 deposited! Total: 17
  [PHERO] Laid at (1.02, -0.33) density=9 prob=0.87 entries=5
  [TARGET] R2 → SITE (1.02, -0.33)
[DEPOSIT] R3 deposited! Total: 18
  [PHERO] Laid at (1.00, -0.60) density=8 prob=0.79 entries=6
  [TARGET] R3 → SITE (1.00, -0.60)

======================================================================
Step 6000 (3.2 min) | Pickups: 18 | Deposits: 18 | Rate: 5.62 tags/min | phero_entries=6 max_w=0.772
======================================================================
R1[SEARCH    ]: carry=0 | base=0.33 | wall=2.20 | search=813 | target=site(-0.34,0.29)
R2[SITE      ]: carry=0 | base=0.96 | wall=1.58 | search=  0 | target=site(1.02,-0.33)
R3[SITE      ]: carry=0 | base=0.38 | wall=2.13 | search=  0 | target=site(1.00,-0.60)
R4[SEARCH    ]: carry=0 | base=1.10 | wall=1.43 | search=169 | target=site(1.15,-0.20)

[PICKUP] R4 picked up tag (density=7) | Total: 19
[PICKUP] R1 picked up tag (density=6) | Total: 20
[PICKUP] R2 picked up tag (density=5) | Total: 21

======================================================================
Step 6500 (3.5 min) | Pickups: 21 | Deposits: 18 | Rate: 5.19 tags/min | phero_entries=6 max_w=0.338
======================================================================
R1[RTB       ]: carry=1 | base=1.23 | wall=1.40 | search=  0 | target=none
R2[SURVEY    ]: carry=1 | base=1.15 | wall=1.42 | search=  0 | target=none
R3[SEARCH    ]: carry=0 | base=1.17 | wall=1.49 | search=300 | target=site(1.00,-0.60)
R4[RTB       ]: carry=1 | base=0.90 | wall=1.62 | search=  0 | target=none

[DEPOSIT] R4 deposited! Total: 19
  [PHERO] Laid at (1.06, -0.36) density=7 prob=0.67 entries=7
  [TARGET] R4 → SITE (1.06, -0.36)
[DEPOSIT] R1 deposited! Total: 20
  [PHERO] Laid at (1.07, -0.57) density=6 prob=0.52 entries=8
  [TARGET] R1 → SITE (1.07, -0.57)
  [GIVE-UP] R3 returned empty after 468 searching steps
  [TARGET] R3 → PHERO (1.06, -0.36)
[DEPOSIT] R2 deposited! Total: 21
  [TARGET] R2 → SITE (1.07, -0.41)

======================================================================
Step 7000 (3.7 min) | Pickups: 21 | Deposits: 21 | Rate: 5.62 tags/min | phero_entries=8 max_w=0.760
======================================================================
R1[SITE      ]: carry=0 | base=0.28 | wall=2.22 | search=  0 | target=site(1.07,-0.57)
R2[SITE      ]: carry=0 | base=0.26 | wall=2.27 | search=  0 | target=site(1.07,-0.41)
R3[PHERO     ]: carry=0 | base=0.31 | wall=2.26 | search=  0 | target=phero(1.06,-0.36)
R4[SITE      ]: carry=0 | base=1.01 | wall=1.54 | search=  0 | target=site(1.06,-0.36)

[PICKUP] R2 picked up tag (density=4) | Total: 22
[PICKUP] R4 picked up tag (density=3) | Total: 23

======================================================================
Step 7500 (4.0 min) | Pickups: 23 | Deposits: 21 | Rate: 5.25 tags/min | phero_entries=8 max_w=0.333
======================================================================
R1[SEARCH    ]: carry=0 | base=1.12 | wall=1.52 | search=163 | target=site(1.07,-0.57)
R2[RTB       ]: carry=1 | base=1.21 | wall=1.39 | search=  0 | target=none
R3[SEARCH    ]: carry=0 | base=1.12 | wall=1.44 | search=272 | target=phero(1.06,-0.36)
R4[SURVEY    ]: carry=1 | base=1.22 | wall=1.34 | search=  0 | target=none

  [GIVE-UP] R3 returned empty after 312 searching steps
  [TARGET] R3 → PHERO (1.06, -0.36)
[DEPOSIT] R2 deposited! Total: 22
  [TARGET] R2 → SITE (1.08, -0.44)
[DEPOSIT] R4 deposited! Total: 23
  [TARGET] R4 → SITE (1.15, -0.38)

======================================================================
Step 8000 (4.3 min) | Pickups: 23 | Deposits: 23 | Rate: 5.39 tags/min | phero_entries=7 max_w=0.146
======================================================================
R1[SEARCH    ]: carry=0 | base=1.36 | wall=1.51 | search=663 | target=site(1.07,-0.57)
R2[SITE      ]: carry=0 | base=0.30 | wall=2.26 | search=  0 | target=site(1.08,-0.44)
R3[PHERO     ]: carry=0 | base=0.31 | wall=2.19 | search=  0 | target=phero(1.06,-0.36)
R4[BASE_ESC  ]: carry=0 | base=0.22 | wall=2.28 | search=  0 | target=site(1.15,-0.38)

[PICKUP] R4 picked up tag (density=2) | Total: 24

======================================================================
Step 8500 (4.5 min) | Pickups: 24 | Deposits: 23 | Rate: 5.07 tags/min | phero_entries=6 max_w=0.064
======================================================================
R1[SEARCH    ]: carry=0 | base=1.07 | wall=1.43 | search=1163 | target=site(1.07,-0.57)
R2[SEARCH    ]: carry=0 | base=1.13 | wall=1.45 | search=281 | target=site(1.08,-0.44)
R3[SEARCH    ]: carry=0 | base=1.16 | wall=1.40 | search=284 | target=phero(1.06,-0.36)
R4[SURVEY    ]: carry=1 | base=1.25 | wall=1.31 | search=  0 | target=none

[PICKUP] R1 picked up tag (density=12) | Total: 25
[DEPOSIT] R4 deposited! Total: 24
  [TARGET] R4 → SITE (1.19, -0.39)

======================================================================
Step 9000 (4.8 min) | Pickups: 25 | Deposits: 24 | Rate: 5.00 tags/min | phero_entries=5 max_w=0.028
======================================================================
R1[SURVEY    ]: carry=1 | base=1.22 | wall=1.56 | search=  0 | target=none
R2[BASE_ESC  ]: carry=0 | base=0.22 | wall=2.29 | search=781 | target=site(1.08,-0.44)
R3[SEARCH    ]: carry=0 | base=1.09 | wall=1.64 | search=784 | target=phero(1.06,-0.36)
R4[BASE_ESC  ]: carry=0 | base=0.22 | wall=2.28 | search=  0 | target=site(1.19,-0.39)

[DEPOSIT] R1 deposited! Total: 25
  [PHERO] Laid at (-0.77, -0.94) density=12 prob=0.98 entries=6
  [TARGET] R1 → SITE (-0.77, -0.94)

======================================================================
Step 9500 (5.1 min) | Pickups: 25 | Deposits: 25 | Rate: 4.93 tags/min | phero_entries=6 max_w=0.707
======================================================================
R1[SITE      ]: carry=0 | base=0.59 | wall=2.07 | search=  0 | target=site(-0.77,-0.94)
R2[BASE_ESC  ]: carry=0 | base=0.25 | wall=2.31 | search=1281 | target=site(1.08,-0.44)
R3[GIVE_UP   ]: carry=0 | base=0.60 | wall=1.94 | search=1092 | target=none
R4[SEARCH    ]: carry=0 | base=1.21 | wall=1.37 | search=165 | target=site(1.19,-0.39)

  [GIVE-UP] R3 returned empty after 1092 searching steps
  [TARGET] R3 → PHERO (-0.77, -0.94)
[PICKUP] R2 picked up tag (density=2) | Total: 26
[PICKUP] R4 picked up tag (density=1) | Total: 27
[PICKUP] R1 picked up tag (density=11) | Total: 28
[DEPOSIT] R2 deposited! Total: 26
  [TARGET] R2 → PHERO (-0.77, -0.94)

======================================================================
Step 10000 (5.3 min) | Pickups: 28 | Deposits: 26 | Rate: 4.88 tags/min | phero_entries=4 max_w=0.310
======================================================================
R1[RTB       ]: carry=1 | base=1.20 | wall=1.60 | search=  0 | target=none
R2[BASE_ESC  ]: carry=0 | base=0.23 | wall=2.29 | search=  0 | target=phero(-0.77,-0.94)
R3[SEARCH    ]: carry=0 | base=1.18 | wall=1.57 | search= 45 | target=phero(-0.77,-0.94)
R4[RTB       ]: carry=1 | base=1.14 | wall=1.44 | search=  0 | target=none

[PICKUP] R3 picked up tag (density=10) | Total: 29
[DEPOSIT] R4 deposited! Total: 27
  [TARGET] R4 → PHERO (-0.77, -0.94)
[DEPOSIT] R1 deposited! Total: 28
  [PHERO] Laid at (-0.78, -0.92) density=11 prob=0.96 entries=4
  [TARGET] R1 → SITE (-0.78, -0.92)

======================================================================
Step 10500 (5.6 min) | Pickups: 29 | Deposits: 28 | Rate: 5.00 tags/min | phero_entries=4 max_w=0.666
======================================================================
R1[SITE      ]: carry=0 | base=0.72 | wall=1.91 | search=  0 | target=site(-0.78,-0.92)
R2[SEARCH    ]: carry=0 | base=1.20 | wall=1.58 | search= 12 | target=phero(-0.77,-0.94)
R3[RTB       ]: carry=1 | base=1.09 | wall=1.70 | search=  0 | target=none
R4[PHERO     ]: carry=0 | base=0.29 | wall=2.26 | search=  0 | target=phero(-0.77,-0.94)

[DEPOSIT] R3 deposited! Total: 29
  [PHERO] Laid at (-0.77, -0.81) density=10 prob=0.93 entries=5
  [TARGET] R3 → SITE (-0.77, -0.81)
[PICKUP] R2 picked up tag (density=9) | Total: 30

======================================================================
Step 11000 (5.9 min) | Pickups: 30 | Deposits: 29 | Rate: 4.94 tags/min | phero_entries=4 max_w=0.650
======================================================================
R1[SEARCH    ]: carry=0 | base=1.13 | wall=1.67 | search=384 | target=site(-0.78,-0.92)
R2[SURVEY    ]: carry=1 | base=1.14 | wall=1.68 | search=  0 | target=none
R3[SITE      ]: carry=0 | base=0.77 | wall=1.90 | search=  0 | target=site(-0.77,-0.81)
R4[SEARCH    ]: carry=0 | base=1.21 | wall=1.63 | search=209 | target=phero(-0.77,-0.94)

[PICKUP] R4 picked up tag (density=8) | Total: 31
[PICKUP] R1 picked up tag (density=7) | Total: 32
[DEPOSIT] R2 deposited! Total: 30
  [PHERO] Laid at (-0.80, -0.80) density=9 prob=0.87 entries=4
  [TARGET] R2 → SITE (-0.80, -0.80)
[PICKUP] R3 picked up tag (density=6) | Total: 33

======================================================================
Step 11500 (6.1 min) | Pickups: 33 | Deposits: 30 | Rate: 4.89 tags/min | phero_entries=4 max_w=0.748
======================================================================
R1[RTB       ]: carry=1 | base=0.95 | wall=1.78 | search=  0 | target=none
R2[SITE      ]: carry=0 | base=0.46 | wall=2.12 | search=  0 | target=site(-0.80,-0.80)
R3[SURVEY    ]: carry=1 | base=1.12 | wall=1.65 | search=  0 | target=none
R4[RTB       ]: carry=1 | base=0.70 | wall=2.00 | search=  0 | target=none

[DEPOSIT] R4 deposited! Total: 31
  [PHERO] Laid at (-0.85, -0.85) density=8 prob=0.79 entries=5
  [TARGET] R4 → SITE (-0.85, -0.85)
[DEPOSIT] R1 deposited! Total: 32
  [TARGET] R1 → SITE (-0.87, -0.88)
[DEPOSIT] R3 deposited! Total: 33
  [PHERO] Laid at (-0.85, -0.74) density=6 prob=0.52 entries=6
  [TARGET] R3 → SITE (-0.85, -0.74)

======================================================================
Step 12000 (6.4 min) | Pickups: 33 | Deposits: 33 | Rate: 5.16 tags/min | phero_entries=6 max_w=0.848
======================================================================
R1[SITE      ]: carry=0 | base=0.85 | wall=1.87 | search=  0 | target=site(-0.87,-0.88)
R2[SEARCH    ]: carry=0 | base=1.06 | wall=1.75 | search=283 | target=site(-0.80,-0.80)
R3[BASE_ESC  ]: carry=0 | base=0.23 | wall=2.31 | search=  0 | target=site(-0.85,-0.74)
R4[SEARCH    ]: carry=0 | base=1.17 | wall=1.67 | search= 12 | target=site(-0.85,-0.85)

[PICKUP] R4 picked up tag (density=5) | Total: 34
[PICKUP] R2 picked up tag (density=4) | Total: 35

======================================================================
Step 12500 (6.7 min) | Pickups: 35 | Deposits: 33 | Rate: 4.95 tags/min | phero_entries=6 max_w=0.372
======================================================================
R1[SEARCH    ]: carry=0 | base=1.22 | wall=1.58 | search=366 | target=site(-0.87,-0.88)
R2[RTB       ]: carry=1 | base=0.69 | wall=1.98 | search=  0 | target=none
R3[GIVE_UP   ]: carry=0 | base=1.06 | wall=1.71 | search=156 | target=none
R4[RTB       ]: carry=1 | base=0.49 | wall=2.14 | search=  0 | target=none

[DEPOSIT] R4 deposited! Total: 34
  [TARGET] R4 → SITE (-0.85, -0.82)
[DEPOSIT] R2 deposited! Total: 35
  [TARGET] R2 → PHERO (-0.85, -0.85)
  [GIVE-UP] R3 returned empty after 156 searching steps
  [TARGET] R3 → PHERO (-0.80, -0.80)

======================================================================
Step 13000 (6.9 min) | Pickups: 35 | Deposits: 35 | Rate: 5.05 tags/min | phero_entries=6 max_w=0.163
======================================================================
R1[SEARCH    ]: carry=0 | base=0.64 | wall=1.94 | search=866 | target=site(-0.87,-0.88)
R2[SEARCH    ]: carry=0 | base=1.20 | wall=1.65 | search= 20 | target=phero(-0.85,-0.85)
R3[PHERO     ]: carry=0 | base=0.81 | wall=1.89 | search=  0 | target=phero(-0.80,-0.80)
R4[SEARCH    ]: carry=0 | base=1.22 | wall=1.59 | search= 76 | target=site(-0.85,-0.82)

[PICKUP] R2 picked up tag (density=3) | Total: 36
[PICKUP] R3 picked up tag (density=2) | Total: 37

======================================================================
Step 13500 (7.2 min) | Pickups: 37 | Deposits: 35 | Rate: 4.86 tags/min | phero_entries=5 max_w=0.071
======================================================================
R1[SEARCH    ]: carry=0 | base=0.75 | wall=1.78 | search=1366 | target=site(-0.87,-0.88)
R2[SURVEY    ]: carry=1 | base=1.22 | wall=1.54 | search=  0 | target=none
R3[SURVEY    ]: carry=1 | base=1.26 | wall=1.57 | search=  0 | target=none
R4[SEARCH    ]: carry=0 | base=1.40 | wall=1.21 | search=576 | target=site(-0.85,-0.82)

[DEPOSIT] R2 deposited! Total: 36
  [PHERO] Laid at (-0.93, -0.76) density=3 prob=0.11 entries=6
  [TARGET] R2 → SITE (-0.93, -0.76)
[DEPOSIT] R3 deposited! Total: 37
  [TARGET] R3 → PHERO (-0.93, -0.76)

======================================================================
Step 14000 (7.5 min) | Pickups: 37 | Deposits: 37 | Rate: 4.96 tags/min | phero_entries=6 max_w=0.763
======================================================================
R1[SEARCH    ]: carry=0 | base=1.55 | wall=0.96 | search=1866 | target=site(-0.87,-0.88)
R2[SITE      ]: carry=0 | base=0.41 | wall=2.17 | search=  0 | target=site(-0.93,-0.76)
R3[BASE_ESC  ]: carry=0 | base=0.24 | wall=2.33 | search=  0 | target=phero(-0.93,-0.76)
R4[SEARCH    ]: carry=0 | base=1.83 | wall=0.78 | search=1076 | target=site(-0.85,-0.82)


======================================================================
Step 14500 (7.7 min) | Pickups: 37 | Deposits: 37 | Rate: 4.78 tags/min | phero_entries=5 max_w=0.334
======================================================================
R1[GIVE_UP   ]: carry=0 | base=1.79 | wall=0.81 | search=2184 | target=none
R2[SEARCH    ]: carry=0 | base=1.27 | wall=1.49 | search=301 | target=site(-0.93,-0.76)
R3[SEARCH    ]: carry=0 | base=1.15 | wall=1.67 | search=149 | target=phero(-0.93,-0.76)
R4[SEARCH    ]: carry=0 | base=0.89 | wall=1.61 | search=1576 | target=site(-0.85,-0.82)

[PICKUP] R2 picked up tag (density=1) | Total: 38
  [GIVE-UP] R1 returned empty after 2184 searching steps
  [TARGET] R1 → PHERO (-0.93, -0.76)

======================================================================
Step 15000 (8.0 min) | Pickups: 38 | Deposits: 37 | Rate: 4.62 tags/min | phero_entries=4 max_w=0.146
======================================================================
R1[BASE_ESC  ]: carry=0 | base=0.23 | wall=2.27 | search=  0 | target=phero(-0.93,-0.76)
R2[RTB       ]: carry=1 | base=0.60 | wall=2.04 | search=  0 | target=none
R3[SEARCH    ]: carry=0 | base=1.11 | wall=1.47 | search=649 | target=phero(-0.93,-0.76)
R4[SEARCH    ]: carry=0 | base=1.10 | wall=1.47 | search=2076 | target=site(-0.85,-0.82)

[DEPOSIT] R2 deposited! Total: 38
  [TARGET] R2 → PHERO (-0.93, -0.76)

======================================================================
Step 15500 (8.3 min) | Pickups: 38 | Deposits: 38 | Rate: 4.60 tags/min | phero_entries=4 max_w=0.064
======================================================================
R1[GIVE_UP   ]: carry=0 | base=0.93 | wall=1.81 | search=156 | target=none
R2[SEARCH    ]: carry=0 | base=1.19 | wall=1.59 | search= 49 | target=phero(-0.93,-0.76)
R3[GIVE_UP   ]: carry=0 | base=0.43 | wall=2.15 | search=936 | target=none
R4[SEARCH    ]: carry=0 | base=2.06 | wall=0.58 | search=2576 | target=site(-0.85,-0.82)

  [GIVE-UP] R3 returned empty after 936 searching steps
  [TARGET] R3 → PHERO (-0.93, -0.76)
  [GIVE-UP] R1 returned empty after 156 searching steps
  [TARGET] R1 → PHERO (-0.93, -0.76)
  [GIVE-UP] R2 returned empty after 156 searching steps
  [TARGET] R2 → PHERO (-0.93, -0.76)

======================================================================
Step 16000 (8.5 min) | Pickups: 38 | Deposits: 38 | Rate: 4.45 tags/min | phero_entries=2 max_w=0.028
======================================================================
R1[PHERO     ]: carry=0 | base=1.02 | wall=1.70 | search=  0 | target=phero(-0.93,-0.76)
R2[PHERO     ]: carry=0 | base=0.37 | wall=2.17 | search=  0 | target=phero(-0.93,-0.76)
R3[PHERO     ]: carry=0 | base=0.92 | wall=1.85 | search=  0 | target=phero(-0.93,-0.76)
R4[WALL_ESC  ]: carry=0 | base=2.15 | wall=0.35 | search=3076 | target=site(-0.85,-0.82)


======================================================================
Step 16500 (8.8 min) | Pickups: 38 | Deposits: 38 | Rate: 4.32 tags/min | phero_entries=1 max_w=0.012
======================================================================
R1[SEARCH    ]: carry=0 | base=1.59 | wall=1.23 | search=468 | target=phero(-0.93,-0.76)
R2[SEARCH    ]: carry=0 | base=1.18 | wall=1.48 | search=290 | target=phero(-0.93,-0.76)
R3[SEARCH    ]: carry=0 | base=0.78 | wall=1.89 | search=428 | target=phero(-0.93,-0.76)
R4[WALL_ESC  ]: carry=0 | base=2.18 | wall=0.33 | search=3576 | target=site(-0.85,-0.82)


======================================================================
Step 17000 (9.1 min) | Pickups: 38 | Deposits: 38 | Rate: 4.19 tags/min | phero_entries=1 max_w=0.005
======================================================================
R1[GIVE_UP   ]: carry=0 | base=1.89 | wall=0.61 | search=936 | target=none
R2[SEARCH    ]: carry=0 | base=1.44 | wall=1.09 | search=790 | target=phero(-0.93,-0.76)
R3[SEARCH    ]: carry=0 | base=1.07 | wall=1.48 | search=928 | target=phero(-0.93,-0.76)
R4[WALL_ESC  ]: carry=0 | base=2.18 | wall=0.33 | search=4056 | target=none

  [GIVE-UP] R1 returned empty after 936 searching steps
  [TARGET] R1 → PHERO (-0.93, -0.76)

======================================================================
Step 17500 (9.3 min) | Pickups: 38 | Deposits: 38 | Rate: 4.07 tags/min | phero_entries=1 max_w=0.002
======================================================================
R1[BASE_ESC  ]: carry=0 | base=0.22 | wall=2.29 | search=  0 | target=phero(-0.93,-0.76)
R2[SEARCH    ]: carry=0 | base=0.86 | wall=1.89 | search=1290 | target=phero(-0.93,-0.76)
R3[WALL_ESC  ]: carry=0 | base=2.18 | wall=0.33 | search=1428 | target=phero(-0.93,-0.76)
R4[GIVE_UP   ]: carry=0 | base=0.41 | wall=2.09 | search=4056 | target=none

[PICKUP] R2 picked up tag (density=1) | Total: 39
  [GIVE-UP] R4 returned empty after 4056 searching steps
  [TARGET] R4 → PHERO (-0.93, -0.76)
[DEPOSIT] R2 deposited! Total: 39
  [TARGET] R2 → PHERO (-0.93, -0.76)

======================================================================
Step 18000 (9.6 min) | Pickups: 39 | Deposits: 39 | Rate: 4.06 tags/min | phero_entries=1 max_w=0.001
======================================================================
R1[SEARCH    ]: carry=0 | base=1.15 | wall=1.61 | search=135 | target=phero(-0.93,-0.76)
R2[PHERO     ]: carry=0 | base=0.25 | wall=2.28 | search=  0 | target=phero(-0.93,-0.76)
R3[GIVE_UP   ]: carry=0 | base=1.00 | wall=1.51 | search=1560 | target=none
R4[PHERO     ]: carry=0 | base=1.09 | wall=1.68 | search=  0 | target=phero(-0.93,-0.76)

  [GIVE-UP] R3 returned empty after 1560 searching steps
  [TARGET] R3 → WALL (2.08, 2.42)

======================================================================
Step 18500 (9.9 min) | Pickups: 39 | Deposits: 39 | Rate: 3.95 tags/min | phero_entries=0 max_w=0.000
======================================================================
R1[SEARCH    ]: carry=0 | base=0.80 | wall=1.78 | search=635 | target=phero(-0.93,-0.76)
R2[SEARCH    ]: carry=0 | base=1.24 | wall=1.53 | search= 95 | target=phero(-0.93,-0.76)
R3[SEARCH    ]: carry=0 | base=0.66 | wall=1.89 | search= 38 | target=none
R4[SEARCH    ]: carry=0 | base=1.21 | wall=1.62 | search=464 | target=phero(-0.93,-0.76)

TIMEOUT_RESULT pickups=39 deposits=39 steps=18750 elapsed_min=10.000000
BATCH_RESULT pickups=39 deposits=39
