=================================================================
CPFA BASELINE — ARGoS-calibrated parameters
  Params file                  = /home/sara/Documents/RL-FL-Foraging/cpfa_tuning_20260715_155549/trial_025/params.yaml
  Results file                 = /home/sara/Documents/RL-FL-Foraging/controllers/cpfa_baseline/results/cpfa_baseline_results_20260715_170347_8.txt
  RateOfLayingPheromone        = 6.55185703704722
  RateOfSiteFidelity           = 2.4151786447294046
  RateOfPheromoneDecay         = 0.05157149738991117 /s  (lifetime ~134s)
  ProbabilityOfReturningToNest = 0.11154281425167865 (every 5 sec → E[give-up] ~45s)
  UninformedSearchVariation    = 0.28 rad (16.2°)
  RateOfInformedSearchDecay    = 0.7028969569420835 /waypoint
  ProbabilityOfSwitchingToSearching = 0.43039119593992614 (every 5 sec in uninformed DEPARTING)
=================================================================

[PICKUP] R4 picked up tag (density=6) | Total: 1
[PICKUP] R3 picked up tag (density=12) | Total: 2
[DEPOSIT] R4 deposited! Total: 1
  [PHERO] Laid at (0.00, -0.50) density=6 prob=0.52 entries=1
  [TARGET] R4 → SITE (0.00, -0.50)
[PICKUP] R4 picked up tag (density=5) | Total: 3

======================================================================
Step 500 (0.3 min) | Pickups: 3 | Deposits: 1 | Rate: 3.75 tags/min | phero_entries=1 max_w=0.711
======================================================================
R1[SEARCH    ]: carry=0 | base=1.96 | wall=0.71 | search= 32 | target=none
R2[SEARCH    ]: carry=0 | base=2.06 | wall=0.59 | search=188 | target=none
R3[RTB       ]: carry=1 | base=0.86 | wall=1.64 | search=  0 | target=none
R4[SURVEY    ]: carry=1 | base=0.35 | wall=2.18 | search=  0 | target=none

[DEPOSIT] R3 deposited! Total: 2
  [PHERO] Laid at (-0.11, 1.05) density=12 prob=0.98 entries=2
  [TARGET] R3 → SITE (-0.11, 1.05)
[DEPOSIT] R4 deposited! Total: 3
  [PHERO] Laid at (0.13, -0.31) density=5 prob=0.36 entries=3
  [TARGET] R4 → SITE (0.13, -0.31)

======================================================================
Step 1000 (0.5 min) | Pickups: 3 | Deposits: 3 | Rate: 5.62 tags/min | phero_entries=3 max_w=0.677
======================================================================
R1[GIVE_UP   ]: carry=0 | base=2.19 | wall=0.53 | search=468 | target=none
R2[SEARCH    ]: carry=0 | base=2.30 | wall=0.36 | search=688 | target=none
R3[SEARCH    ]: carry=0 | base=1.03 | wall=1.48 | search= 11 | target=site(-0.11,1.05)
R4[SEARCH    ]: carry=0 | base=0.37 | wall=2.17 | search= 28 | target=site(0.13,-0.31)

[PICKUP] R4 picked up tag (density=4) | Total: 4
[DEPOSIT] R4 deposited! Total: 4
  [PHERO] Laid at (0.17, -0.35) density=4 prob=0.22 entries=4
  [TARGET] R4 → PHERO (0.13, -0.31)

======================================================================
Step 1500 (0.8 min) | Pickups: 4 | Deposits: 4 | Rate: 5.00 tags/min | phero_entries=4 max_w=0.757
======================================================================
R1[GIVE_UP   ]: carry=0 | base=0.27 | wall=2.26 | search=468 | target=none
R2[SEARCH    ]: carry=0 | base=2.32 | wall=0.36 | search=1188 | target=none
R3[SEARCH    ]: carry=0 | base=0.83 | wall=1.67 | search=511 | target=site(-0.11,1.05)
R4[PHERO     ]: carry=0 | base=0.31 | wall=2.26 | search=  0 | target=phero(0.13,-0.31)

  [GIVE-UP] R1 returned empty after 468 searching steps
  [TARGET] R1 → PHERO (0.13, -0.31)
[PICKUP] R4 picked up tag (density=3) | Total: 5

======================================================================
Step 2000 (1.1 min) | Pickups: 5 | Deposits: 4 | Rate: 3.75 tags/min | phero_entries=4 max_w=0.332
======================================================================
R1[PHERO     ]: carry=0 | base=0.25 | wall=2.25 | search=  0 | target=phero(0.13,-0.31)
R2[GIVE_UP   ]: carry=0 | base=1.90 | wall=0.79 | search=1560 | target=none
R3[SEARCH    ]: carry=0 | base=1.51 | wall=1.17 | search=1011 | target=site(-0.11,1.05)
R4[SURVEY    ]: carry=1 | base=0.41 | wall=2.11 | search=  0 | target=none

[DEPOSIT] R4 deposited! Total: 5
  [TARGET] R4 → SITE (0.13, -0.39)
[PICKUP] R3 picked up tag (density=16) | Total: 6
  [GIVE-UP] R2 returned empty after 1560 searching steps
  [TARGET] R2 → PHERO (-0.11, 1.05)

======================================================================
Step 2500 (1.3 min) | Pickups: 6 | Deposits: 5 | Rate: 3.75 tags/min | phero_entries=4 max_w=0.145
======================================================================
R1[SEARCH    ]: carry=0 | base=0.32 | wall=2.22 | search=125 | target=phero(0.13,-0.31)
R2[BASE_ESC  ]: carry=0 | base=0.22 | wall=2.29 | search=  0 | target=phero(-0.11,1.05)
R3[RTB       ]: carry=1 | base=1.74 | wall=0.78 | search=  0 | target=none
R4[SEARCH    ]: carry=0 | base=0.35 | wall=2.17 | search=171 | target=site(0.13,-0.39)

  [GIVE-UP] R1 returned empty after 156 searching steps
  [TARGET] R1 → PHERO (0.17, -0.35)
[PICKUP] R2 picked up tag (density=9) | Total: 7
[DEPOSIT] R3 deposited! Total: 6
  [PHERO] Laid at (1.79, 0.39) density=16 prob=1.00 entries=5
  [TARGET] R3 → SITE (1.79, 0.39)
[DEPOSIT] R2 deposited! Total: 7
  [PHERO] Laid at (0.26, 0.16) density=9 prob=0.87 entries=6
  [TARGET] R2 → SITE (0.26, 0.16)

======================================================================
Step 3000 (1.6 min) | Pickups: 7 | Deposits: 7 | Rate: 4.38 tags/min | phero_entries=6 max_w=0.953
======================================================================
R1[SEARCH    ]: carry=0 | base=0.39 | wall=2.13 | search=173 | target=phero(0.17,-0.35)
R2[BASE_ESC  ]: carry=0 | base=0.23 | wall=2.27 | search=  0 | target=site(0.26,0.16)
R3[BASE_ESC  ]: carry=0 | base=0.23 | wall=2.29 | search=  0 | target=site(1.79,0.39)
R4[SEARCH    ]: carry=0 | base=1.01 | wall=1.51 | search=671 | target=site(0.13,-0.39)

[PICKUP] R3 picked up tag (density=8) | Total: 8
[DEPOSIT] R3 deposited! Total: 8
  [PHERO] Laid at (0.34, 0.16) density=8 prob=0.79 entries=7
  [TARGET] R3 → SITE (0.34, 0.16)

======================================================================
Step 3500 (1.9 min) | Pickups: 8 | Deposits: 8 | Rate: 4.29 tags/min | phero_entries=7 max_w=0.786
======================================================================
R1[SEARCH    ]: carry=0 | base=1.10 | wall=1.62 | search=673 | target=phero(0.17,-0.35)
R2[SEARCH    ]: carry=0 | base=0.31 | wall=2.22 | search=281 | target=site(0.26,0.16)
R3[SITE      ]: carry=0 | base=0.30 | wall=2.20 | search=  0 | target=site(0.34,0.16)
R4[WALL_ESC  ]: carry=0 | base=2.21 | wall=0.33 | search=1092 | target=none

[PICKUP] R1 picked up tag (density=12) | Total: 9
  [GIVE-UP] R2 returned empty after 468 searching steps
  [TARGET] R2 → PHERO (0.34, 0.16)
  [GIVE-UP] R3 returned empty after 312 searching steps
  [TARGET] R3 → PHERO (0.26, 0.16)

======================================================================
Step 4000 (2.1 min) | Pickups: 9 | Deposits: 8 | Rate: 3.75 tags/min | phero_entries=7 max_w=0.344
======================================================================
R1[RTB       ]: carry=1 | base=0.48 | wall=2.12 | search=  0 | target=none
R2[BASE_ESC  ]: carry=0 | base=0.25 | wall=2.26 | search=233 | target=phero(0.34,0.16)
R3[BASE_ESC  ]: carry=0 | base=0.23 | wall=2.31 | search=  0 | target=phero(0.26,0.16)
R4[GIVE_UP   ]: carry=0 | base=0.43 | wall=2.08 | search=1092 | target=none

  [GIVE-UP] R4 returned empty after 1092 searching steps
  [TARGET] R4 → PHERO (0.34, 0.16)
[DEPOSIT] R1 deposited! Total: 9
  [PHERO] Laid at (-0.79, -0.94) density=12 prob=0.98 entries=8
  [TARGET] R1 → SITE (-0.79, -0.94)
[PICKUP] R3 picked up tag (density=7) | Total: 10

======================================================================
Step 4500 (2.4 min) | Pickups: 10 | Deposits: 9 | Rate: 3.75 tags/min | phero_entries=7 max_w=0.484
======================================================================
R1[SEARCH    ]: carry=0 | base=1.22 | wall=1.61 | search= 72 | target=site(-0.79,-0.94)
R2[BASE_ESC  ]: carry=0 | base=0.25 | wall=2.26 | search=733 | target=phero(0.34,0.16)
R3[RTB       ]: carry=1 | base=0.40 | wall=2.16 | search=  0 | target=none
R4[SEARCH    ]: carry=0 | base=0.32 | wall=2.18 | search=264 | target=phero(0.34,0.16)

[DEPOSIT] R3 deposited! Total: 10
  [TARGET] R3 → SITE (0.33, 0.22)
[PICKUP] R1 picked up tag (density=11) | Total: 11
[PICKUP] R3 picked up tag (density=6) | Total: 12

======================================================================
Step 5000 (2.7 min) | Pickups: 12 | Deposits: 10 | Rate: 3.75 tags/min | phero_entries=5 max_w=0.212
======================================================================
R1[RTB       ]: carry=1 | base=0.85 | wall=1.80 | search=  0 | target=none
R2[SEARCH    ]: carry=0 | base=0.26 | wall=2.24 | search=1233 | target=phero(0.34,0.16)
R3[SURVEY    ]: carry=1 | base=0.42 | wall=2.13 | search=  0 | target=none
R4[SEARCH    ]: carry=0 | base=0.62 | wall=2.03 | search=764 | target=phero(0.34,0.16)

[DEPOSIT] R1 deposited! Total: 11
  [PHERO] Laid at (-0.72, -0.94) density=11 prob=0.96 entries=6
  [TARGET] R1 → SITE (-0.72, -0.94)
[DEPOSIT] R3 deposited! Total: 12
  [PHERO] Laid at (0.37, 0.20) density=6 prob=0.52 entries=7
  [TARGET] R3 → SITE (0.37, 0.20)
  [GIVE-UP] R4 returned empty after 780 searching steps
  [TARGET] R4 → PHERO (-0.72, -0.94)

======================================================================
Step 5500 (2.9 min) | Pickups: 12 | Deposits: 12 | Rate: 4.09 tags/min | phero_entries=7 max_w=0.602
======================================================================
R1[SITE      ]: carry=0 | base=1.08 | wall=1.64 | search=  0 | target=site(-0.72,-0.94)
R2[SEARCH    ]: carry=0 | base=0.26 | wall=2.26 | search=1733 | target=phero(0.34,0.16)
R3[SEARCH    ]: carry=0 | base=0.47 | wall=2.07 | search= 87 | target=site(0.37,0.20)
R4[PHERO     ]: carry=0 | base=0.62 | wall=1.92 | search=  0 | target=phero(-0.72,-0.94)

[PICKUP] R4 picked up tag (density=10) | Total: 13
[PICKUP] R1 picked up tag (density=9) | Total: 14

======================================================================
Step 6000 (3.2 min) | Pickups: 14 | Deposits: 12 | Rate: 3.75 tags/min | phero_entries=6 max_w=0.264
======================================================================
R1[SURVEY    ]: carry=1 | base=1.13 | wall=1.54 | search=  0 | target=none
R2[SEARCH    ]: carry=0 | base=0.27 | wall=2.30 | search=2233 | target=phero(0.34,0.16)
R3[SEARCH    ]: carry=0 | base=0.54 | wall=2.06 | search=587 | target=site(0.37,0.20)
R4[RTB       ]: carry=1 | base=0.95 | wall=1.68 | search=  0 | target=none

[DEPOSIT] R4 deposited! Total: 13
  [PHERO] Laid at (-0.67, -0.96) density=10 prob=0.93 entries=7
  [TARGET] R4 → SITE (-0.67, -0.96)
  [GIVE-UP] R2 returned empty after 2496 searching steps
  [TARGET] R2 → PHERO (0.34, 0.16)
[DEPOSIT] R1 deposited! Total: 14
  [PHERO] Laid at (-0.59, -0.96) density=9 prob=0.87 entries=8
  [TARGET] R1 → SITE (-0.59, -0.96)

======================================================================
Step 6500 (3.5 min) | Pickups: 14 | Deposits: 14 | Rate: 4.04 tags/min | phero_entries=8 max_w=0.887
======================================================================
R1[BASE_ESC  ]: carry=0 | base=0.22 | wall=2.29 | search=  0 | target=site(-0.59,-0.96)
R2[SEARCH    ]: carry=0 | base=0.31 | wall=2.23 | search=157 | target=phero(0.34,0.16)
R3[GIVE_UP   ]: carry=0 | base=1.03 | wall=1.59 | search=936 | target=none
R4[SITE      ]: carry=0 | base=0.93 | wall=1.71 | search=  0 | target=site(-0.67,-0.96)

[PICKUP] R3 picked up tag (density=5) | Total: 15
[PICKUP] R4 picked up tag (density=8) | Total: 16
[PICKUP] R2 picked up tag (density=4) | Total: 17

======================================================================
Step 7000 (3.7 min) | Pickups: 17 | Deposits: 14 | Rate: 3.75 tags/min | phero_entries=8 max_w=0.388
======================================================================
R1[SEARCH    ]: carry=0 | base=1.00 | wall=1.66 | search=230 | target=site(-0.59,-0.96)
R2[RTB       ]: carry=1 | base=0.56 | wall=1.98 | search=  0 | target=none
R3[RTB       ]: carry=1 | base=0.43 | wall=2.09 | search=  0 | target=none
R4[RTB       ]: carry=1 | base=0.67 | wall=1.93 | search=  0 | target=none

[DEPOSIT] R3 deposited! Total: 15
  [PHERO] Laid at (0.63, 0.34) density=5 prob=0.36 entries=9
  [TARGET] R3 → SITE (0.63, 0.34)
[DEPOSIT] R2 deposited! Total: 16
  [PHERO] Laid at (0.51, 0.25) density=4 prob=0.22 entries=9
  [TARGET] R2 → SITE (0.51, 0.25)
[DEPOSIT] R4 deposited! Total: 17
  [TARGET] R4 → SITE (-0.68, -1.00)
[PICKUP] R3 picked up tag (density=3) | Total: 18

======================================================================
Step 7500 (4.0 min) | Pickups: 18 | Deposits: 17 | Rate: 4.25 tags/min | phero_entries=8 max_w=0.523
======================================================================
R1[SEARCH    ]: carry=0 | base=0.64 | wall=1.91 | search=730 | target=site(-0.59,-0.96)
R2[SEARCH    ]: carry=0 | base=0.45 | wall=2.08 | search=203 | target=site(0.51,0.25)
R3[SURVEY    ]: carry=1 | base=0.73 | wall=1.88 | search=  0 | target=none
R4[SEARCH    ]: carry=0 | base=1.19 | wall=1.51 | search= 27 | target=site(-0.68,-1.00)

[PICKUP] R4 picked up tag (density=7) | Total: 19
[DEPOSIT] R3 deposited! Total: 18
  [TARGET] R3 → PHERO (-0.59, -0.96)
[DEPOSIT] R4 deposited! Total: 19
  [TARGET] R4 → SITE (-0.64, -1.02)

======================================================================
Step 8000 (4.3 min) | Pickups: 19 | Deposits: 19 | Rate: 4.45 tags/min | phero_entries=7 max_w=0.229
======================================================================
R1[SEARCH    ]: carry=0 | base=1.74 | wall=0.77 | search=1230 | target=site(-0.59,-0.96)
R2[SEARCH    ]: carry=0 | base=1.72 | wall=0.79 | search=703 | target=site(0.51,0.25)
R3[BASE_ESC  ]: carry=0 | base=0.22 | wall=2.29 | search=  0 | target=phero(-0.59,-0.96)
R4[BASE_ESC  ]: carry=0 | base=0.23 | wall=2.30 | search=  0 | target=site(-0.64,-1.02)

[PICKUP] R2 picked up tag (density=15) | Total: 20
  [GIVE-UP] R1 returned empty after 1248 searching steps
  [TARGET] R1 → PHERO (0.63, 0.34)

======================================================================
Step 8500 (4.5 min) | Pickups: 20 | Deposits: 19 | Rate: 4.19 tags/min | phero_entries=6 max_w=0.100
======================================================================
R1[BASE_ESC  ]: carry=0 | base=0.24 | wall=2.27 | search=  0 | target=phero(0.63,0.34)
R2[RTB       ]: carry=1 | base=1.12 | wall=1.38 | search=  0 | target=none
R3[SEARCH    ]: carry=0 | base=1.11 | wall=1.57 | search= 57 | target=phero(-0.59,-0.96)
R4[SEARCH    ]: carry=0 | base=1.23 | wall=1.51 | search=148 | target=site(-0.64,-1.02)

[PICKUP] R4 picked up tag (density=6) | Total: 21
[DEPOSIT] R2 deposited! Total: 20
  [PHERO] Laid at (1.81, 0.24) density=15 prob=1.00 entries=7
  [TARGET] R2 → SITE (1.81, 0.24)
  [GIVE-UP] R3 returned empty after 156 searching steps
  [TARGET] R3 → PHERO (1.81, 0.24)

======================================================================
Step 9000 (4.8 min) | Pickups: 21 | Deposits: 20 | Rate: 4.17 tags/min | phero_entries=7 max_w=0.638
======================================================================
R1[BASE_ESC  ]: carry=0 | base=0.24 | wall=2.27 | search=  0 | target=phero(0.63,0.34)
R2[SITE      ]: carry=0 | base=0.83 | wall=1.68 | search=  0 | target=site(1.81,0.24)
R3[PHERO     ]: carry=0 | base=0.29 | wall=2.21 | search=  0 | target=phero(1.81,0.24)
R4[RTB       ]: carry=1 | base=0.27 | wall=2.27 | search=  0 | target=none

[DEPOSIT] R4 deposited! Total: 21
  [TARGET] R4 → SITE (-0.73, -1.00)

======================================================================
Step 9500 (5.1 min) | Pickups: 21 | Deposits: 21 | Rate: 4.14 tags/min | phero_entries=5 max_w=0.280
======================================================================
R1[SEARCH    ]: carry=0 | base=0.72 | wall=1.82 | search=146 | target=phero(0.63,0.34)
R2[GIVE_UP   ]: carry=0 | base=1.48 | wall=1.03 | search=156 | target=none
R3[PHERO     ]: carry=0 | base=1.59 | wall=0.92 | search=  0 | target=phero(1.81,0.24)
R4[SEARCH    ]: carry=0 | base=1.20 | wall=1.49 | search=118 | target=site(-0.73,-1.00)

[PICKUP] R4 picked up tag (density=5) | Total: 22
  [GIVE-UP] R2 returned empty after 156 searching steps
  [TARGET] R2 → PHERO (1.81, 0.24)

======================================================================
Step 10000 (5.3 min) | Pickups: 22 | Deposits: 21 | Rate: 3.94 tags/min | phero_entries=5 max_w=0.123
======================================================================
R1[SEARCH    ]: carry=0 | base=1.00 | wall=1.58 | search=646 | target=phero(0.63,0.34)
R2[PHERO     ]: carry=0 | base=0.48 | wall=2.04 | search=  0 | target=phero(1.81,0.24)
R3[SEARCH    ]: carry=0 | base=2.04 | wall=0.46 | search=452 | target=phero(1.81,0.24)
R4[RTB       ]: carry=1 | base=1.19 | wall=1.46 | search=  0 | target=none

[PICKUP] R3 picked up tag (density=14) | Total: 23
[DEPOSIT] R4 deposited! Total: 22
  [PHERO] Laid at (-0.61, -1.06) density=5 prob=0.36 entries=6
  [TARGET] R4 → SITE (-0.61, -1.06)

======================================================================
Step 10500 (5.6 min) | Pickups: 23 | Deposits: 22 | Rate: 3.93 tags/min | phero_entries=5 max_w=0.667
======================================================================
R1[SEARCH    ]: carry=0 | base=0.25 | wall=2.26 | search=1146 | target=phero(0.63,0.34)
R2[SEARCH    ]: carry=0 | base=1.88 | wall=0.63 | search=161 | target=phero(1.81,0.24)
R3[RTB       ]: carry=1 | base=1.88 | wall=0.63 | search=  0 | target=none
R4[SITE      ]: carry=0 | base=0.71 | wall=1.85 | search=  0 | target=site(-0.61,-1.06)

[DEPOSIT] R3 deposited! Total: 23
  [PHERO] Laid at (2.15, 0.17) density=14 prob=1.00 entries=5
  [TARGET] R3 → SITE (2.15, 0.17)

======================================================================
Step 11000 (5.9 min) | Pickups: 23 | Deposits: 23 | Rate: 3.92 tags/min | phero_entries=5 max_w=0.882
======================================================================
R1[SEARCH    ]: carry=0 | base=0.39 | wall=2.16 | search=1646 | target=phero(0.63,0.34)
R2[GIVE_UP   ]: carry=0 | base=1.40 | wall=1.13 | search=468 | target=none
R3[BASE_ESC  ]: carry=0 | base=0.22 | wall=2.28 | search=  0 | target=site(2.15,0.17)
R4[SEARCH    ]: carry=0 | base=1.47 | wall=1.34 | search=378 | target=site(-0.61,-1.06)

  [GIVE-UP] R1 returned empty after 1872 searching steps
  [TARGET] R1 → PHERO (2.15, 0.17)
  [GIVE-UP] R2 returned empty after 468 searching steps
  [TARGET] R2 → PHERO (2.15, 0.17)

======================================================================
Step 11500 (6.1 min) | Pickups: 23 | Deposits: 23 | Rate: 3.75 tags/min | phero_entries=3 max_w=0.387
======================================================================
R1[PHERO     ]: carry=0 | base=0.72 | wall=1.78 | search=  0 | target=phero(2.15,0.17)
R2[PHERO     ]: carry=0 | base=0.58 | wall=1.93 | search=  0 | target=phero(2.15,0.17)
R3[SITE      ]: carry=0 | base=1.98 | wall=0.53 | search=  0 | target=site(2.15,0.17)
R4[GIVE_UP   ]: carry=0 | base=2.34 | wall=0.72 | search=780 | target=none

[PICKUP] R1 picked up tag (density=13) | Total: 24
[PICKUP] R3 picked up tag (density=12) | Total: 25

======================================================================
Step 12000 (6.4 min) | Pickups: 25 | Deposits: 23 | Rate: 3.59 tags/min | phero_entries=3 max_w=0.169
======================================================================
R1[WALL_ESC  ]: carry=1 | base=2.17 | wall=0.33 | search=  0 | target=none
R2[WALL_ESC  ]: carry=0 | base=2.11 | wall=0.40 | search= 14 | target=phero(2.15,0.17)
R3[SURVEY    ]: carry=1 | base=2.15 | wall=0.36 | search=  0 | target=none
R4[GIVE_UP   ]: carry=0 | base=0.42 | wall=2.18 | search=780 | target=none

  [GIVE-UP] R4 returned empty after 780 searching steps
  [TARGET] R4 → PHERO (2.15, 0.17)

======================================================================
Step 12500 (6.7 min) | Pickups: 25 | Deposits: 23 | Rate: 3.45 tags/min | phero_entries=3 max_w=0.074
======================================================================
R1[RTB       ]: carry=1 | base=1.02 | wall=1.48 | search=  0 | target=none
R2[SEARCH    ]: carry=0 | base=1.96 | wall=0.55 | search=514 | target=phero(2.15,0.17)
R3[RTB       ]: carry=1 | base=1.65 | wall=0.86 | search=  0 | target=none
R4[PHERO     ]: carry=0 | base=0.91 | wall=1.59 | search=  0 | target=phero(2.15,0.17)

[DEPOSIT] R1 deposited! Total: 24
  [PHERO] Laid at (2.12, 0.17) density=13 prob=0.99 entries=4
  [TARGET] R1 → SITE (2.12, 0.17)
[DEPOSIT] R3 deposited! Total: 25
  [PHERO] Laid at (2.14, 0.24) density=12 prob=0.98 entries=5
  [TARGET] R3 → SITE (2.14, 0.24)
[PICKUP] R4 picked up tag (density=11) | Total: 26

======================================================================
Step 13000 (6.9 min) | Pickups: 26 | Deposits: 25 | Rate: 3.61 tags/min | phero_entries=4 max_w=0.799
======================================================================
R1[SITE      ]: carry=0 | base=0.91 | wall=1.59 | search=  0 | target=site(2.12,0.17)
R2[GIVE_UP   ]: carry=0 | base=1.14 | wall=1.55 | search=780 | target=none
R3[SITE      ]: carry=0 | base=0.32 | wall=2.20 | search=  0 | target=site(2.14,0.24)
R4[WALL_ESC  ]: carry=1 | base=2.17 | wall=0.35 | search=  0 | target=none

[PICKUP] R2 picked up tag (density=2) | Total: 27

======================================================================
Step 13500 (7.2 min) | Pickups: 27 | Deposits: 25 | Rate: 3.47 tags/min | phero_entries=4 max_w=0.350
======================================================================
R1[SEARCH    ]: carry=0 | base=2.04 | wall=0.46 | search=196 | target=site(2.12,0.17)
R2[RTB       ]: carry=1 | base=0.47 | wall=2.07 | search=  0 | target=none
R3[SITE      ]: carry=0 | base=2.00 | wall=0.51 | search=  0 | target=site(2.14,0.24)
R4[RTB       ]: carry=1 | base=1.89 | wall=0.62 | search=  0 | target=none

[DEPOSIT] R2 deposited! Total: 26
  [PHERO] Laid at (0.53, 0.36) density=2 prob=0.04 entries=5
  [TARGET] R2 → SITE (0.53, 0.36)
[PICKUP] R3 picked up tag (density=10) | Total: 28
[DEPOSIT] R4 deposited! Total: 27
  [PHERO] Laid at (2.16, 0.25) density=11 prob=0.96 entries=6
  [TARGET] R4 → SITE (2.16, 0.25)
[PICKUP] R2 picked up tag (density=1) | Total: 29

======================================================================
Step 14000 (7.5 min) | Pickups: 29 | Deposits: 27 | Rate: 3.62 tags/min | phero_entries=6 max_w=0.888
======================================================================
R1[SEARCH    ]: carry=0 | base=2.15 | wall=0.36 | search=696 | target=site(2.12,0.17)
R2[SURVEY    ]: carry=1 | base=0.60 | wall=2.03 | search=  0 | target=none
R3[RTB       ]: carry=1 | base=2.11 | wall=0.40 | search=  0 | target=none
R4[BASE_ESC  ]: carry=0 | base=0.22 | wall=2.28 | search=  0 | target=site(2.16,0.25)

[DEPOSIT] R2 deposited! Total: 28
  [TARGET] R2 → SITE (0.46, 0.38)

======================================================================
Step 14500 (7.7 min) | Pickups: 29 | Deposits: 28 | Rate: 3.62 tags/min | phero_entries=5 max_w=0.389
======================================================================
R1[SEARCH    ]: carry=0 | base=2.14 | wall=0.36 | search=1196 | target=site(2.12,0.17)
R2[SITE      ]: carry=0 | base=0.30 | wall=2.21 | search=  0 | target=site(0.46,0.38)
R3[RTB       ]: carry=1 | base=0.42 | wall=2.08 | search=  0 | target=none
R4[SITE      ]: carry=0 | base=1.98 | wall=0.53 | search=  0 | target=site(2.16,0.25)

[DEPOSIT] R3 deposited! Total: 29
  [PHERO] Laid at (2.08, 0.25) density=10 prob=0.93 entries=6
  [TARGET] R3 → SITE (2.08, 0.25)
[PICKUP] R4 picked up tag (density=9) | Total: 30
  [GIVE-UP] R2 returned empty after 156 searching steps
  [TARGET] R2 → PHERO (2.08, 0.25)

======================================================================
Step 15000 (8.0 min) | Pickups: 30 | Deposits: 29 | Rate: 3.62 tags/min | phero_entries=6 max_w=0.476
======================================================================
R1[SEARCH    ]: carry=0 | base=2.14 | wall=0.36 | search=1696 | target=site(2.12,0.17)
R2[PHERO     ]: carry=0 | base=0.43 | wall=2.07 | search=  0 | target=phero(2.08,0.25)
R3[SITE      ]: carry=0 | base=1.49 | wall=1.02 | search=  0 | target=site(2.08,0.25)
R4[WALL_ESC  ]: carry=1 | base=2.18 | wall=0.34 | search=  0 | target=none


======================================================================
Step 15500 (8.3 min) | Pickups: 30 | Deposits: 29 | Rate: 3.51 tags/min | phero_entries=5 max_w=0.209
======================================================================
R1[GIVE_UP   ]: carry=0 | base=0.30 | wall=2.20 | search=1716 | target=none
R2[SEARCH    ]: carry=0 | base=2.07 | wall=0.44 | search= 61 | target=phero(2.08,0.25)
R3[SEARCH    ]: carry=0 | base=2.05 | wall=0.47 | search=327 | target=site(2.08,0.25)
R4[RTB       ]: carry=1 | base=0.69 | wall=1.81 | search=  0 | target=none

  [GIVE-UP] R1 returned empty after 1716 searching steps
  [TARGET] R1 → PHERO (2.08, 0.25)
[DEPOSIT] R4 deposited! Total: 30
  [PHERO] Laid at (2.14, 0.31) density=9 prob=0.87 entries=6
  [TARGET] R4 → SITE (2.14, 0.31)
[PICKUP] R2 picked up tag (density=8) | Total: 31

======================================================================
Step 16000 (8.5 min) | Pickups: 31 | Deposits: 30 | Rate: 3.52 tags/min | phero_entries=6 max_w=0.530
======================================================================
R1[PHERO     ]: carry=0 | base=1.62 | wall=0.88 | search=  0 | target=phero(2.08,0.25)
R2[SURVEY    ]: carry=1 | base=1.99 | wall=0.54 | search=  0 | target=none
R3[SEARCH    ]: carry=0 | base=2.16 | wall=0.36 | search=827 | target=site(2.08,0.25)
R4[SITE      ]: carry=0 | base=1.27 | wall=1.25 | search=  0 | target=site(2.14,0.31)

[PICKUP] R1 picked up tag (density=7) | Total: 32
[PICKUP] R4 picked up tag (density=6) | Total: 33

======================================================================
Step 16500 (8.8 min) | Pickups: 33 | Deposits: 30 | Rate: 3.41 tags/min | phero_entries=6 max_w=0.232
======================================================================
R1[SURVEY    ]: carry=1 | base=2.17 | wall=0.35 | search=  0 | target=none
R2[RTB       ]: carry=1 | base=0.65 | wall=1.85 | search=  0 | target=none
R3[WALL_ESC  ]: carry=0 | base=2.46 | wall=0.35 | search=1327 | target=site(2.08,0.25)
R4[SURVEY    ]: carry=1 | base=2.10 | wall=0.43 | search=  0 | target=none

[DEPOSIT] R2 deposited! Total: 31
  [PHERO] Laid at (1.96, 0.33) density=8 prob=0.79 entries=7
  [TARGET] R2 → SITE (1.96, 0.33)

======================================================================
Step 17000 (9.1 min) | Pickups: 33 | Deposits: 31 | Rate: 3.42 tags/min | phero_entries=6 max_w=0.521
======================================================================
R1[RTB       ]: carry=1 | base=2.02 | wall=0.48 | search=  0 | target=none
R2[SITE      ]: carry=0 | base=1.02 | wall=1.49 | search=  0 | target=site(1.96,0.33)
R3[SEARCH    ]: carry=0 | base=2.74 | wall=0.39 | search=1827 | target=site(2.08,0.25)
R4[RTB       ]: carry=1 | base=0.91 | wall=1.60 | search=  0 | target=none

[DEPOSIT] R4 deposited! Total: 32
  [PHERO] Laid at (2.07, 0.33) density=6 prob=0.52 entries=6
  [TARGET] R4 → SITE (2.07, 0.33)
[PICKUP] R2 picked up tag (density=5) | Total: 34
[DEPOSIT] R1 deposited! Total: 33
  [PHERO] Laid at (2.16, 0.33) density=7 prob=0.67 entries=7
  [TARGET] R1 → SITE (2.16, 0.33)

======================================================================
Step 17500 (9.3 min) | Pickups: 34 | Deposits: 33 | Rate: 3.54 tags/min | phero_entries=7 max_w=0.945
======================================================================
R1[BASE_ESC  ]: carry=0 | base=0.22 | wall=2.28 | search=  0 | target=site(2.16,0.33)
R2[SURVEY    ]: carry=1 | base=2.05 | wall=0.48 | search=  0 | target=none
R3[WALL_ESC  ]: carry=0 | base=2.85 | wall=0.31 | search=2327 | target=site(2.08,0.25)
R4[SITE      ]: carry=0 | base=0.99 | wall=1.51 | search=  0 | target=site(2.07,0.33)


======================================================================
Step 18000 (9.6 min) | Pickups: 34 | Deposits: 33 | Rate: 3.44 tags/min | phero_entries=6 max_w=0.414
======================================================================
R1[SITE      ]: carry=0 | base=1.47 | wall=1.05 | search=  0 | target=site(2.16,0.33)
R2[RTB       ]: carry=1 | base=1.16 | wall=1.35 | search=  0 | target=none
R3[SEARCH    ]: carry=0 | base=2.78 | wall=0.39 | search=2827 | target=site(2.08,0.25)
R4[SEARCH    ]: carry=0 | base=2.02 | wall=0.50 | search=223 | target=site(2.07,0.33)

[DEPOSIT] R2 deposited! Total: 34
  [TARGET] R2 → SITE (2.02, 0.33)

======================================================================
Step 18500 (9.9 min) | Pickups: 34 | Deposits: 34 | Rate: 3.45 tags/min | phero_entries=5 max_w=0.182
======================================================================
R1[SEARCH    ]: carry=0 | base=2.16 | wall=0.38 | search=327 | target=site(2.16,0.33)
R2[SITE      ]: carry=0 | base=0.77 | wall=1.73 | search=  0 | target=site(2.02,0.33)
R3[GIVE_UP   ]: carry=0 | base=1.51 | wall=1.33 | search=2964 | target=none
R4[SEARCH    ]: carry=0 | base=0.98 | wall=1.52 | search=723 | target=site(2.07,0.33)

[PICKUP] R1 picked up tag (density=4) | Total: 35
TIMEOUT_RESULT pickups=35 deposits=34 steps=18750 elapsed_min=10.000000
BATCH_RESULT pickups=35 deposits=34
