=================================================================
CPFA BASELINE — ARGoS-calibrated parameters
  Params file                  = /home/sara/Documents/RL-FL-Foraging/cpfa_tuning_20260715_155549/trial_025/params.yaml
  Results file                 = /home/sara/Documents/RL-FL-Foraging/controllers/cpfa_baseline/results/cpfa_baseline_results_20260715_170347_9.txt
  RateOfLayingPheromone        = 6.55185703704722
  RateOfSiteFidelity           = 2.4151786447294046
  RateOfPheromoneDecay         = 0.05157149738991117 /s  (lifetime ~134s)
  ProbabilityOfReturningToNest = 0.11154281425167865 (every 5 sec → E[give-up] ~45s)
  UninformedSearchVariation    = 0.28 rad (16.2°)
  RateOfInformedSearchDecay    = 0.7028969569420835 /waypoint
  ProbabilityOfSwitchingToSearching = 0.43039119593992614 (every 5 sec in uninformed DEPARTING)
=================================================================

[PICKUP] R2 picked up tag (density=6) | Total: 1
[PICKUP] R4 picked up tag (density=9) | Total: 2
[PICKUP] R3 picked up tag (density=5) | Total: 3
[DEPOSIT] R4 deposited! Total: 1
  [TARGET] R4 → SITE (0.00, -0.50)
[DEPOSIT] R2 deposited! Total: 2
  [TARGET] R2 → SITE (0.50, 0.00)
[PICKUP] R4 picked up tag (density=9) | Total: 4

======================================================================
Step 500 (0.3 min) | Pickups: 4 | Deposits: 2 | Rate: 7.50 tags/min | phero_entries=0 max_w=0.000
======================================================================
R1[SEARCH    ]: carry=0 | base=0.71 | wall=1.94 | search=344 | target=none
R2[SITE      ]: carry=0 | base=0.28 | wall=2.25 | search=  0 | target=site(0.50,0.00)
R3[RTB       ]: carry=1 | base=0.36 | wall=2.14 | search=  0 | target=none
R4[SURVEY    ]: carry=1 | base=0.35 | wall=2.18 | search=  0 | target=none

[DEPOSIT] R3 deposited! Total: 3
  [TARGET] R3 → SITE (0.42, 0.04)
[PICKUP] R2 picked up tag (density=5) | Total: 5
[DEPOSIT] R4 deposited! Total: 4
  [PHERO] Laid at (0.13, -0.32) density=9 prob=0.87 entries=1
  [TARGET] R4 → SITE (0.13, -0.32)
[DEPOSIT] R2 deposited! Total: 5
  [TARGET] R2 → SITE (0.44, -0.07)
[PICKUP] R4 picked up tag (density=8) | Total: 6

======================================================================
Step 1000 (0.5 min) | Pickups: 6 | Deposits: 5 | Rate: 9.38 tags/min | phero_entries=1 max_w=0.681
======================================================================
R1[SEARCH    ]: carry=0 | base=1.41 | wall=1.19 | search=844 | target=none
R2[BASE_ESC  ]: carry=0 | base=0.23 | wall=2.28 | search=  0 | target=site(0.44,-0.07)
R3[SEARCH    ]: carry=0 | base=0.32 | wall=2.18 | search=214 | target=site(0.42,0.04)
R4[SURVEY    ]: carry=1 | base=0.36 | wall=2.18 | search=  0 | target=none

[PICKUP] R2 picked up tag (density=3) | Total: 7
[DEPOSIT] R4 deposited! Total: 6
  [PHERO] Laid at (0.18, -0.32) density=8 prob=0.79 entries=2
  [TARGET] R4 → SITE (0.18, -0.32)

======================================================================
Step 1500 (0.8 min) | Pickups: 7 | Deposits: 6 | Rate: 7.50 tags/min | phero_entries=2 max_w=0.744
======================================================================
R1[SEARCH    ]: carry=0 | base=2.30 | wall=0.38 | search=1344 | target=none
R2[RTB       ]: carry=1 | base=0.48 | wall=2.03 | search=  0 | target=none
R3[SEARCH    ]: carry=0 | base=0.26 | wall=2.29 | search=714 | target=site(0.42,0.04)
R4[SITE      ]: carry=0 | base=0.34 | wall=2.24 | search=  0 | target=site(0.18,-0.32)

[DEPOSIT] R2 deposited! Total: 7
  [TARGET] R2 → SITE (0.45, -0.10)

======================================================================
Step 2000 (1.1 min) | Pickups: 7 | Deposits: 7 | Rate: 6.56 tags/min | phero_entries=2 max_w=0.326
======================================================================
R1[WALL_ESC  ]: carry=0 | base=2.39 | wall=0.31 | search=1844 | target=none
R2[SEARCH    ]: carry=0 | base=0.47 | wall=2.05 | search=135 | target=site(0.45,-0.10)
R3[SEARCH    ]: carry=0 | base=0.26 | wall=2.30 | search=1214 | target=site(0.42,0.04)
R4[SEARCH    ]: carry=0 | base=0.40 | wall=2.17 | search=471 | target=site(0.18,-0.32)


======================================================================
Step 2500 (1.3 min) | Pickups: 7 | Deposits: 7 | Rate: 5.25 tags/min | phero_entries=2 max_w=0.143
======================================================================
R1[GIVE_UP   ]: carry=0 | base=1.80 | wall=0.83 | search=2184 | target=none
R2[SEARCH    ]: carry=0 | base=1.08 | wall=1.44 | search=635 | target=site(0.45,-0.10)
R3[SEARCH    ]: carry=0 | base=1.13 | wall=1.49 | search=1714 | target=site(0.42,0.04)
R4[SEARCH    ]: carry=0 | base=0.57 | wall=2.04 | search=971 | target=site(0.18,-0.32)

[PICKUP] R4 picked up tag (density=12) | Total: 8
  [GIVE-UP] R3 returned empty after 1716 searching steps
  [TARGET] R3 → PHERO (0.18, -0.32)
  [GIVE-UP] R1 returned empty after 2184 searching steps
  [TARGET] R1 → PHERO (0.18, -0.32)
[PICKUP] R3 picked up tag (density=6) | Total: 9

======================================================================
Step 3000 (1.6 min) | Pickups: 9 | Deposits: 7 | Rate: 4.38 tags/min | phero_entries=2 max_w=0.063
======================================================================
R1[BASE_ESC  ]: carry=0 | base=0.23 | wall=2.31 | search=  0 | target=phero(0.18,-0.32)
R2[SEARCH    ]: carry=0 | base=1.00 | wall=1.68 | search=1135 | target=site(0.45,-0.10)
R3[SURVEY    ]: carry=1 | base=0.32 | wall=2.18 | search=  0 | target=none
R4[RTB       ]: carry=1 | base=0.65 | wall=1.96 | search=  0 | target=none

[DEPOSIT] R4 deposited! Total: 8
  [PHERO] Laid at (0.79, 0.66) density=12 prob=0.98 entries=3
  [TARGET] R4 → SITE (0.79, 0.66)
[DEPOSIT] R3 deposited! Total: 9
  [PHERO] Laid at (0.02, -0.31) density=6 prob=0.52 entries=4
  [TARGET] R3 → SITE (0.02, -0.31)
  [GIVE-UP] R2 returned empty after 1560 searching steps
  [TARGET] R2 → PHERO (0.02, -0.31)

======================================================================
Step 3500 (1.9 min) | Pickups: 9 | Deposits: 9 | Rate: 4.82 tags/min | phero_entries=4 max_w=0.652
======================================================================
R1[PHERO     ]: carry=0 | base=0.29 | wall=2.24 | search=  0 | target=phero(0.18,-0.32)
R2[BASE_ESC  ]: carry=0 | base=0.23 | wall=2.28 | search=  0 | target=phero(0.02,-0.31)
R3[SEARCH    ]: carry=0 | base=0.33 | wall=2.17 | search= 62 | target=site(0.02,-0.31)
R4[SEARCH    ]: carry=0 | base=1.04 | wall=1.72 | search= 73 | target=site(0.79,0.66)

  [GIVE-UP] R3 returned empty after 156 searching steps
  [TARGET] R3 → PHERO (0.79, 0.66)
[PICKUP] R2 picked up tag (density=5) | Total: 10
[PICKUP] R1 picked up tag (density=4) | Total: 11

======================================================================
Step 4000 (2.1 min) | Pickups: 11 | Deposits: 9 | Rate: 4.22 tags/min | phero_entries=4 max_w=0.286
======================================================================
R1[SURVEY    ]: carry=1 | base=0.42 | wall=2.11 | search=  0 | target=none
R2[RTB       ]: carry=1 | base=0.40 | wall=2.11 | search=  0 | target=none
R3[PHERO     ]: carry=0 | base=0.98 | wall=1.74 | search=  0 | target=phero(0.79,0.66)
R4[SEARCH    ]: carry=0 | base=1.78 | wall=0.84 | search=573 | target=site(0.79,0.66)

[DEPOSIT] R2 deposited! Total: 10
  [TARGET] R2 → SITE (0.04, -0.39)
[DEPOSIT] R1 deposited! Total: 11
  [PHERO] Laid at (0.17, -0.39) density=4 prob=0.22 entries=5
  [TARGET] R1 → SITE (0.17, -0.39)
[PICKUP] R2 picked up tag (density=3) | Total: 12
[PICKUP] R3 picked up tag (density=11) | Total: 13

======================================================================
Step 4500 (2.4 min) | Pickups: 13 | Deposits: 11 | Rate: 4.58 tags/min | phero_entries=5 max_w=0.633
======================================================================
R1[SEARCH    ]: carry=0 | base=0.42 | wall=2.13 | search= 52 | target=site(0.17,-0.39)
R2[SURVEY    ]: carry=1 | base=0.40 | wall=2.11 | search=  0 | target=none
R3[SURVEY    ]: carry=1 | base=1.08 | wall=1.73 | search=  0 | target=none
R4[WALL_ESC  ]: carry=0 | base=2.27 | wall=0.33 | search=1073 | target=site(0.79,0.66)

[DEPOSIT] R2 deposited! Total: 12
  [TARGET] R2 → SITE (0.08, -0.39)
[DEPOSIT] R3 deposited! Total: 13
  [TARGET] R3 → SITE (0.77, 0.75)

======================================================================
Step 5000 (2.7 min) | Pickups: 13 | Deposits: 13 | Rate: 4.88 tags/min | phero_entries=4 max_w=0.277
======================================================================
R1[SEARCH    ]: carry=0 | base=0.27 | wall=2.23 | search=552 | target=site(0.17,-0.39)
R2[SEARCH    ]: carry=0 | base=0.45 | wall=2.05 | search=116 | target=site(0.08,-0.39)
R3[SITE      ]: carry=0 | base=0.31 | wall=2.21 | search=  0 | target=site(0.77,0.75)
R4[GIVE_UP   ]: carry=0 | base=2.26 | wall=0.36 | search=1560 | target=none


======================================================================
Step 5500 (2.9 min) | Pickups: 13 | Deposits: 13 | Rate: 4.43 tags/min | phero_entries=4 max_w=0.122
======================================================================
R1[SEARCH    ]: carry=0 | base=0.79 | wall=1.72 | search=1052 | target=site(0.17,-0.39)
R2[SEARCH    ]: carry=0 | base=1.09 | wall=1.51 | search=616 | target=site(0.08,-0.39)
R3[GIVE_UP   ]: carry=0 | base=0.41 | wall=2.21 | search=156 | target=none
R4[GIVE_UP   ]: carry=0 | base=0.36 | wall=2.16 | search=1560 | target=none

  [GIVE-UP] R4 returned empty after 1560 searching steps
  [TARGET] R4 → PHERO (0.17, -0.39)
[PICKUP] R2 picked up tag (density=12) | Total: 14
  [GIVE-UP] R3 returned empty after 156 searching steps
  [TARGET] R3 → PHERO (0.17, -0.39)

======================================================================
Step 6000 (3.2 min) | Pickups: 14 | Deposits: 13 | Rate: 4.06 tags/min | phero_entries=3 max_w=0.053
======================================================================
R1[SEARCH    ]: carry=0 | base=0.89 | wall=1.73 | search=1552 | target=site(0.17,-0.39)
R2[RTB       ]: carry=1 | base=0.40 | wall=2.13 | search=  0 | target=none
R3[SEARCH    ]: carry=0 | base=0.45 | wall=2.08 | search= 98 | target=phero(0.17,-0.39)
R4[SEARCH    ]: carry=0 | base=0.52 | wall=2.04 | search=117 | target=phero(0.17,-0.39)

[DEPOSIT] R2 deposited! Total: 14
  [PHERO] Laid at (-1.09, -0.43) density=12 prob=0.98 entries=4
  [TARGET] R2 → SITE (-1.09, -0.43)
  [GIVE-UP] R3 returned empty after 156 searching steps
  [TARGET] R3 → PHERO (-1.09, -0.43)

======================================================================
Step 6500 (3.5 min) | Pickups: 14 | Deposits: 14 | Rate: 4.04 tags/min | phero_entries=4 max_w=0.468
======================================================================
R1[SEARCH    ]: carry=0 | base=2.24 | wall=0.72 | search=2052 | target=site(0.17,-0.39)
R2[SEARCH    ]: carry=0 | base=1.13 | wall=1.43 | search=108 | target=site(-1.09,-0.43)
R3[PHERO     ]: carry=0 | base=0.31 | wall=2.19 | search=  0 | target=phero(-1.09,-0.43)
R4[SEARCH    ]: carry=0 | base=0.54 | wall=1.99 | search=617 | target=phero(0.17,-0.39)

[PICKUP] R4 picked up tag (density=2) | Total: 15
[DEPOSIT] R4 deposited! Total: 15
  [TARGET] R4 → SITE (0.52, -0.17)
[PICKUP] R1 picked up tag (density=11) | Total: 16

======================================================================
Step 7000 (3.7 min) | Pickups: 16 | Deposits: 15 | Rate: 4.02 tags/min | phero_entries=4 max_w=0.205
======================================================================
R1[SURVEY    ]: carry=1 | base=1.65 | wall=1.01 | search=  0 | target=none
R2[SEARCH    ]: carry=0 | base=0.73 | wall=1.89 | search=608 | target=site(-1.09,-0.43)
R3[SEARCH    ]: carry=0 | base=1.05 | wall=1.55 | search=227 | target=phero(-1.09,-0.43)
R4[BASE_ESC  ]: carry=0 | base=0.24 | wall=2.26 | search=  0 | target=site(0.52,-0.17)

  [GIVE-UP] R2 returned empty after 936 searching steps
  [TARGET] R2 → PHERO (-1.09, -0.43)

======================================================================
Step 7500 (4.0 min) | Pickups: 16 | Deposits: 15 | Rate: 3.75 tags/min | phero_entries=2 max_w=0.090
======================================================================
R1[RTB       ]: carry=1 | base=0.45 | wall=2.07 | search=  0 | target=none
R2[PHERO     ]: carry=0 | base=0.70 | wall=1.82 | search=  0 | target=phero(-1.09,-0.43)
R3[SEARCH    ]: carry=0 | base=0.54 | wall=2.01 | search=727 | target=phero(-1.09,-0.43)
R4[SEARCH    ]: carry=0 | base=0.59 | wall=2.02 | search=378 | target=site(0.52,-0.17)

[DEPOSIT] R1 deposited! Total: 16
  [PHERO] Laid at (-1.49, -0.71) density=11 prob=0.96 entries=3
  [TARGET] R1 → SITE (-1.49, -0.71)
[PICKUP] R2 picked up tag (density=10) | Total: 17
[PICKUP] R3 picked up tag (density=9) | Total: 18
[PICKUP] R1 picked up tag (density=8) | Total: 19

======================================================================
Step 8000 (4.3 min) | Pickups: 19 | Deposits: 16 | Rate: 3.75 tags/min | phero_entries=3 max_w=0.479
======================================================================
R1[SURVEY    ]: carry=1 | base=1.20 | wall=1.41 | search=  0 | target=none
R2[RTB       ]: carry=1 | base=0.90 | wall=1.67 | search=  0 | target=none
R3[SURVEY    ]: carry=1 | base=1.26 | wall=1.26 | search=  0 | target=none
R4[SEARCH    ]: carry=0 | base=2.08 | wall=0.75 | search=878 | target=site(0.52,-0.17)

[PICKUP] R4 picked up tag (density=16) | Total: 20
[DEPOSIT] R2 deposited! Total: 17
  [PHERO] Laid at (-1.10, -0.42) density=10 prob=0.93 entries=4
  [TARGET] R2 → SITE (-1.10, -0.42)
[DEPOSIT] R3 deposited! Total: 18
  [PHERO] Laid at (-1.24, -0.23) density=9 prob=0.87 entries=5
  [TARGET] R3 → SITE (-1.24, -0.23)

======================================================================
Step 8500 (4.5 min) | Pickups: 20 | Deposits: 18 | Rate: 3.97 tags/min | phero_entries=4 max_w=0.807
======================================================================
R1[RTB       ]: carry=1 | base=0.25 | wall=2.26 | search=  0 | target=none
R2[SITE      ]: carry=0 | base=0.98 | wall=1.59 | search=  0 | target=site(-1.10,-0.42)
R3[SITE      ]: carry=0 | base=0.25 | wall=2.29 | search=  0 | target=site(-1.24,-0.23)
R4[RTB       ]: carry=1 | base=2.28 | wall=0.73 | search=  0 | target=none

[DEPOSIT] R1 deposited! Total: 19
  [PHERO] Laid at (-1.09, -0.50) density=8 prob=0.79 entries=5
  [TARGET] R1 → SITE (-1.09, -0.50)

======================================================================
Step 9000 (4.8 min) | Pickups: 20 | Deposits: 19 | Rate: 3.96 tags/min | phero_entries=5 max_w=0.439
======================================================================
R1[SEARCH    ]: carry=0 | base=1.15 | wall=1.44 | search=151 | target=site(-1.09,-0.50)
R2[SEARCH    ]: carry=0 | base=1.08 | wall=1.52 | search=462 | target=site(-1.10,-0.42)
R3[SEARCH    ]: carry=0 | base=1.19 | wall=1.33 | search=238 | target=site(-1.24,-0.23)
R4[RTB       ]: carry=1 | base=0.43 | wall=2.16 | search=  0 | target=none

[DEPOSIT] R4 deposited! Total: 20
  [PHERO] Laid at (1.75, -1.48) density=16 prob=1.00 entries=6
  [TARGET] R4 → SITE (1.75, -1.48)

======================================================================
Step 9500 (5.1 min) | Pickups: 20 | Deposits: 20 | Rate: 3.95 tags/min | phero_entries=6 max_w=0.473
======================================================================
R1[SEARCH    ]: carry=0 | base=0.52 | wall=2.06 | search=651 | target=site(-1.09,-0.50)
R2[SEARCH    ]: carry=0 | base=1.03 | wall=1.70 | search=962 | target=site(-1.10,-0.42)
R3[SEARCH    ]: carry=0 | base=0.72 | wall=1.97 | search=738 | target=site(-1.24,-0.23)
R4[SITE      ]: carry=0 | base=1.51 | wall=1.32 | search=  0 | target=site(1.75,-1.48)

[PICKUP] R4 picked up tag (density=15) | Total: 21

======================================================================
Step 10000 (5.3 min) | Pickups: 21 | Deposits: 20 | Rate: 3.75 tags/min | phero_entries=6 max_w=0.207
======================================================================
R1[SEARCH    ]: carry=0 | base=1.19 | wall=1.63 | search=1151 | target=site(-1.09,-0.50)
R2[SEARCH    ]: carry=0 | base=2.18 | wall=0.48 | search=1462 | target=site(-1.10,-0.42)
R3[SEARCH    ]: carry=0 | base=1.63 | wall=0.92 | search=1238 | target=site(-1.24,-0.23)
R4[RTB       ]: carry=1 | base=1.48 | wall=1.30 | search=  0 | target=none

[DEPOSIT] R4 deposited! Total: 21
  [PHERO] Laid at (1.48, -1.22) density=15 prob=1.00 entries=6
  [TARGET] R4 → SITE (1.48, -1.22)
  [GIVE-UP] R1 returned empty after 1248 searching steps
  [TARGET] R1 → PHERO (1.48, -1.22)

======================================================================
Step 10500 (5.6 min) | Pickups: 21 | Deposits: 21 | Rate: 3.75 tags/min | phero_entries=6 max_w=0.744
======================================================================
R1[PHERO     ]: carry=0 | base=0.26 | wall=2.24 | search=  0 | target=phero(1.48,-1.22)
R2[WALL_ESC  ]: carry=0 | base=2.29 | wall=0.33 | search=1962 | target=site(-1.10,-0.42)
R3[SEARCH    ]: carry=0 | base=2.49 | wall=0.36 | search=1738 | target=site(-1.24,-0.23)
R4[SITE      ]: carry=0 | base=0.47 | wall=2.08 | search=  0 | target=site(1.48,-1.22)


======================================================================
Step 11000 (5.9 min) | Pickups: 21 | Deposits: 21 | Rate: 3.58 tags/min | phero_entries=6 max_w=0.326
======================================================================
R1[PHERO     ]: carry=0 | base=1.35 | wall=1.40 | search=  0 | target=phero(1.48,-1.22)
R2[WALL_ESC  ]: carry=0 | base=2.29 | wall=0.33 | search=2462 | target=site(-1.10,-0.42)
R3[WALL_ESC  ]: carry=0 | base=2.59 | wall=0.33 | search=2238 | target=site(-1.24,-0.23)
R4[SEARCH    ]: carry=0 | base=1.86 | wall=1.01 | search=131 | target=site(1.48,-1.22)

[PICKUP] R1 picked up tag (density=14) | Total: 22

======================================================================
Step 11500 (6.1 min) | Pickups: 22 | Deposits: 21 | Rate: 3.42 tags/min | phero_entries=6 max_w=0.143
======================================================================
R1[RTB       ]: carry=1 | base=1.94 | wall=0.96 | search=  0 | target=none
R2[WALL_ESC  ]: carry=0 | base=2.29 | wall=0.34 | search=2962 | target=site(-1.10,-0.42)
R3[GIVE_UP   ]: carry=0 | base=2.19 | wall=0.63 | search=2652 | target=none
R4[SEARCH    ]: carry=0 | base=1.88 | wall=0.71 | search=631 | target=site(1.48,-1.22)

[DEPOSIT] R1 deposited! Total: 22
  [PHERO] Laid at (1.51, -1.22) density=14 prob=1.00 entries=6
  [TARGET] R1 → SITE (1.51, -1.22)

======================================================================
Step 12000 (6.4 min) | Pickups: 22 | Deposits: 22 | Rate: 3.44 tags/min | phero_entries=6 max_w=0.936
======================================================================
R1[BASE_ESC  ]: carry=0 | base=0.22 | wall=2.33 | search=  0 | target=site(1.51,-1.22)
R2[WALL_ESC  ]: carry=0 | base=2.28 | wall=0.34 | search=3462 | target=site(-1.10,-0.42)
R3[GIVE_UP   ]: carry=0 | base=0.27 | wall=2.27 | search=2652 | target=none
R4[SEARCH    ]: carry=0 | base=2.21 | wall=0.37 | search=1131 | target=site(1.48,-1.22)

  [GIVE-UP] R3 returned empty after 2652 searching steps
  [TARGET] R3 → PHERO (1.51, -1.22)
[PICKUP] R3 picked up tag (density=1) | Total: 23

======================================================================
Step 12500 (6.7 min) | Pickups: 23 | Deposits: 22 | Rate: 3.30 tags/min | phero_entries=5 max_w=0.410
======================================================================
R1[SITE      ]: carry=0 | base=1.86 | wall=1.05 | search=  0 | target=site(1.51,-1.22)
R2[WALL_ESC  ]: carry=0 | base=2.28 | wall=0.35 | search=3962 | target=site(-1.10,-0.42)
R3[RTB       ]: carry=1 | base=0.56 | wall=1.95 | search=  0 | target=none
R4[SEARCH    ]: carry=0 | base=2.21 | wall=0.38 | search=1631 | target=site(1.48,-1.22)

[DEPOSIT] R3 deposited! Total: 23
  [TARGET] R3 → PHERO (1.51, -1.22)
[PICKUP] R1 picked up tag (density=13) | Total: 24

======================================================================
Step 13000 (6.9 min) | Pickups: 24 | Deposits: 23 | Rate: 3.32 tags/min | phero_entries=3 max_w=0.180
======================================================================
R1[RTB       ]: carry=1 | base=1.97 | wall=0.98 | search=  0 | target=none
R2[SEARCH    ]: carry=0 | base=2.27 | wall=0.36 | search=4462 | target=site(-1.10,-0.42)
R3[PHERO     ]: carry=0 | base=0.93 | wall=1.68 | search=  0 | target=phero(1.51,-1.22)
R4[SEARCH    ]: carry=0 | base=2.21 | wall=0.39 | search=2131 | target=site(1.48,-1.22)


======================================================================
Step 13500 (7.2 min) | Pickups: 24 | Deposits: 23 | Rate: 3.19 tags/min | phero_entries=2 max_w=0.079
======================================================================
R1[RTB       ]: carry=1 | base=0.52 | wall=2.08 | search=  0 | target=none
R2[SEARCH    ]: carry=0 | base=2.27 | wall=0.36 | search=4962 | target=site(-1.10,-0.42)
R3[SEARCH    ]: carry=0 | base=1.93 | wall=0.95 | search=202 | target=phero(1.51,-1.22)
R4[GIVE_UP   ]: carry=0 | base=1.19 | wall=1.39 | search=2340 | target=none

[DEPOSIT] R1 deposited! Total: 24
  [PHERO] Laid at (1.51, -1.25) density=13 prob=0.99 entries=3
  [TARGET] R1 → SITE (1.51, -1.25)
[PICKUP] R3 picked up tag (density=12) | Total: 25
  [GIVE-UP] R4 returned empty after 2340 searching steps
  [TARGET] R4 → PHERO (1.51, -1.25)

======================================================================
Step 14000 (7.5 min) | Pickups: 25 | Deposits: 24 | Rate: 3.21 tags/min | phero_entries=3 max_w=0.493
======================================================================
R1[SITE      ]: carry=0 | base=1.44 | wall=1.41 | search=  0 | target=site(1.51,-1.25)
R2[SEARCH    ]: carry=0 | base=2.26 | wall=0.37 | search=5462 | target=site(-1.10,-0.42)
R3[RTB       ]: carry=1 | base=1.60 | wall=1.25 | search=  0 | target=none
R4[PHERO     ]: carry=0 | base=0.79 | wall=1.89 | search=  0 | target=phero(1.51,-1.25)

[PICKUP] R2 picked up tag (density=9) | Total: 26
[DEPOSIT] R3 deposited! Total: 25
  [PHERO] Laid at (1.35, -1.22) density=12 prob=0.98 entries=4
  [TARGET] R3 → SITE (1.35, -1.22)
[PICKUP] R1 picked up tag (density=11) | Total: 27

======================================================================
Step 14500 (7.7 min) | Pickups: 27 | Deposits: 25 | Rate: 3.23 tags/min | phero_entries=4 max_w=0.844
======================================================================
R1[SURVEY    ]: carry=1 | base=1.92 | wall=1.08 | search=  0 | target=none
R2[RTB       ]: carry=1 | base=1.93 | wall=0.62 | search=  0 | target=none
R3[BASE_ESC  ]: carry=0 | base=0.23 | wall=2.32 | search=  0 | target=site(1.35,-1.22)
R4[SEARCH    ]: carry=0 | base=1.87 | wall=1.02 | search=184 | target=phero(1.51,-1.25)

[PICKUP] R4 picked up tag (density=10) | Total: 28
[DEPOSIT] R2 deposited! Total: 26
  [PHERO] Laid at (-0.57, 2.09) density=9 prob=0.87 entries=4
  [TARGET] R2 → SITE (-0.57, 2.09)

======================================================================
Step 15000 (8.0 min) | Pickups: 28 | Deposits: 26 | Rate: 3.25 tags/min | phero_entries=4 max_w=0.903
======================================================================
R1[RTB       ]: carry=1 | base=0.86 | wall=1.84 | search=  0 | target=none
R2[BASE_ESC  ]: carry=0 | base=0.22 | wall=2.29 | search=  0 | target=site(-0.57,2.09)
R3[SEARCH    ]: carry=0 | base=1.83 | wall=1.12 | search= 86 | target=site(1.35,-1.22)
R4[RTB       ]: carry=1 | base=1.73 | wall=1.17 | search=  0 | target=none

[DEPOSIT] R1 deposited! Total: 27
  [PHERO] Laid at (1.42, -1.30) density=11 prob=0.96 entries=5
  [TARGET] R1 → SITE (1.42, -1.30)
[PICKUP] R3 picked up tag (density=9) | Total: 29
[DEPOSIT] R4 deposited! Total: 28
  [PHERO] Laid at (1.38, -1.30) density=10 prob=0.93 entries=6
  [TARGET] R4 → SITE (1.38, -1.30)
[PICKUP] R2 picked up tag (density=8) | Total: 30

======================================================================
Step 15500 (8.3 min) | Pickups: 30 | Deposits: 28 | Rate: 3.39 tags/min | phero_entries=6 max_w=0.831
======================================================================
R1[SITE      ]: carry=0 | base=1.09 | wall=1.66 | search=  0 | target=site(1.42,-1.30)
R2[SURVEY    ]: carry=1 | base=1.83 | wall=0.74 | search=  0 | target=none
R3[RTB       ]: carry=1 | base=1.93 | wall=1.13 | search=  0 | target=none
R4[SITE      ]: carry=0 | base=0.25 | wall=2.30 | search=  0 | target=site(1.38,-1.30)


======================================================================
Step 16000 (8.5 min) | Pickups: 30 | Deposits: 28 | Rate: 3.28 tags/min | phero_entries=6 max_w=0.364
======================================================================
R1[SEARCH    ]: carry=0 | base=1.82 | wall=1.15 | search=272 | target=site(1.42,-1.30)
R2[RTB       ]: carry=1 | base=0.66 | wall=1.86 | search=  0 | target=none
R3[RTB       ]: carry=1 | base=0.31 | wall=2.27 | search=  0 | target=none
R4[SEARCH    ]: carry=0 | base=1.89 | wall=1.12 | search= 74 | target=site(1.38,-1.30)

[DEPOSIT] R3 deposited! Total: 29
  [PHERO] Laid at (1.34, -1.38) density=9 prob=0.87 entries=7
  [TARGET] R3 → SITE (1.34, -1.38)
[PICKUP] R1 picked up tag (density=8) | Total: 31
[DEPOSIT] R2 deposited! Total: 30
  [PHERO] Laid at (-0.50, 1.76) density=8 prob=0.79 entries=8
  [TARGET] R2 → SITE (-0.50, 1.76)

======================================================================
Step 16500 (8.8 min) | Pickups: 31 | Deposits: 30 | Rate: 3.41 tags/min | phero_entries=7 max_w=0.524
======================================================================
R1[RTB       ]: carry=1 | base=1.38 | wall=1.46 | search=  0 | target=none
R2[SITE      ]: carry=0 | base=1.30 | wall=1.26 | search=  0 | target=site(-0.50,1.76)
R3[SITE      ]: carry=0 | base=1.64 | wall=1.31 | search=  0 | target=site(1.34,-1.38)
R4[SEARCH    ]: carry=0 | base=1.50 | wall=1.25 | search=574 | target=site(1.38,-1.30)

[DEPOSIT] R1 deposited! Total: 31
  [PHERO] Laid at (1.39, -1.37) density=8 prob=0.79 entries=8
  [TARGET] R1 → SITE (1.39, -1.37)

======================================================================
Step 17000 (9.1 min) | Pickups: 31 | Deposits: 31 | Rate: 3.42 tags/min | phero_entries=8 max_w=0.713
======================================================================
R1[SITE      ]: carry=0 | base=0.58 | wall=2.05 | search=  0 | target=site(1.39,-1.37)
R2[SEARCH    ]: carry=0 | base=1.83 | wall=0.74 | search=374 | target=site(-0.50,1.76)
R3[SEARCH    ]: carry=0 | base=1.98 | wall=0.75 | search=439 | target=site(1.34,-1.38)
R4[SEARCH    ]: carry=0 | base=0.73 | wall=1.80 | search=1074 | target=site(1.38,-1.30)

  [GIVE-UP] R4 returned empty after 1092 searching steps
  [TARGET] R4 → PHERO (1.39, -1.37)
[PICKUP] R3 picked up tag (density=7) | Total: 32

======================================================================
Step 17500 (9.3 min) | Pickups: 32 | Deposits: 31 | Rate: 3.32 tags/min | phero_entries=8 max_w=0.312
======================================================================
R1[SEARCH    ]: carry=0 | base=1.89 | wall=1.11 | search=153 | target=site(1.39,-1.37)
R2[SEARCH    ]: carry=0 | base=0.68 | wall=1.83 | search=874 | target=site(-0.50,1.76)
R3[RTB       ]: carry=1 | base=2.24 | wall=0.76 | search=  0 | target=none
R4[PHERO     ]: carry=0 | base=1.16 | wall=1.61 | search=  0 | target=phero(1.39,-1.37)

[PICKUP] R4 picked up tag (density=6) | Total: 33
[PICKUP] R2 picked up tag (density=10) | Total: 34

======================================================================
Step 18000 (9.6 min) | Pickups: 34 | Deposits: 31 | Rate: 3.23 tags/min | phero_entries=7 max_w=0.137
======================================================================
R1[SEARCH    ]: carry=0 | base=1.31 | wall=1.40 | search=653 | target=site(1.39,-1.37)
R2[SURVEY    ]: carry=1 | base=1.11 | wall=1.59 | search=  0 | target=none
R3[RTB       ]: carry=1 | base=0.53 | wall=2.10 | search=  0 | target=none
R4[RTB       ]: carry=1 | base=1.97 | wall=1.08 | search=  0 | target=none

[DEPOSIT] R3 deposited! Total: 32
  [PHERO] Laid at (1.39, -1.75) density=7 prob=0.67 entries=8
  [TARGET] R3 → SITE (1.39, -1.75)
[DEPOSIT] R4 deposited! Total: 33
  [PHERO] Laid at (1.39, -1.39) density=6 prob=0.52 entries=9
  [TARGET] R4 → SITE (1.39, -1.39)
[DEPOSIT] R2 deposited! Total: 34
  [PHERO] Laid at (0.91, 0.65) density=10 prob=0.93 entries=10
  [TARGET] R2 → SITE (0.91, 0.65)

======================================================================
Step 18500 (9.9 min) | Pickups: 34 | Deposits: 34 | Rate: 3.45 tags/min | phero_entries=10 max_w=0.979
======================================================================
R1[SEARCH    ]: carry=0 | base=0.27 | wall=2.24 | search=1153 | target=site(1.39,-1.37)
R2[BASE_ESC  ]: carry=0 | base=0.23 | wall=2.30 | search=  0 | target=site(0.91,0.65)
R3[SITE      ]: carry=0 | base=1.43 | wall=1.36 | search=  0 | target=site(1.39,-1.75)
R4[BASE_ESC  ]: carry=0 | base=0.22 | wall=2.34 | search=  0 | target=site(1.39,-1.39)

[PICKUP] R3 picked up tag (density=5) | Total: 35
TIMEOUT_RESULT pickups=35 deposits=34 steps=18750 elapsed_min=10.000000
BATCH_RESULT pickups=35 deposits=34
