=================================================================
CPFA BASELINE — ARGoS-calibrated parameters
  Params file                  = /home/sara/Documents/RL-FL-Foraging/cpfa_tuning_20260715_155549/trial_000/params.yaml
  Results file                 = /home/sara/Documents/RL-FL-Foraging/controllers/cpfa_baseline/results/cpfa_baseline_results_20260715_155558.txt
  RateOfLayingPheromone        = 9.0
  RateOfSiteFidelity           = 2.29
  RateOfPheromoneDecay         = 0.1 /s  (lifetime ~69s)
  ProbabilityOfReturningToNest = 0.08 (every 5 sec → E[give-up] ~62s)
  UninformedSearchVariation    = 0.13 rad (7.4°)
  RateOfInformedSearchDecay    = 1.26 /waypoint
  ProbabilityOfSwitchingToSearching = 0.55 (every 5 sec in uninformed DEPARTING)
=================================================================

[PICKUP] R1 picked up tag (density=6) | Total: 1
[PICKUP] R3 picked up tag (density=9) | Total: 2
[DEPOSIT] R1 deposited! Total: 1
  [TARGET] R1 → SITE (-0.48, -0.05)

======================================================================
Step 500 (0.3 min) | Pickups: 2 | Deposits: 1 | Rate: 3.75 tags/min | phero_entries=0 max_w=0.000
======================================================================
R1[SITE      ]: carry=0 | base=0.29 | wall=2.23 | search=  0 | target=site(-0.48,-0.05)
R2[SEARCH    ]: carry=0 | base=0.96 | wall=1.77 | search=344 | target=none
R3[RTB       ]: carry=1 | base=0.41 | wall=2.09 | search=  0 | target=none
R4[SEARCH    ]: carry=0 | base=1.81 | wall=0.73 | search=344 | target=none

[PICKUP] R1 picked up tag (density=5) | Total: 3
[DEPOSIT] R3 deposited! Total: 2
  [TARGET] R3 → SITE (0.39, -0.05)
[DEPOSIT] R1 deposited! Total: 3
  [TARGET] R1 → SITE (-0.31, -0.12)
[PICKUP] R3 picked up tag (density=8) | Total: 4

======================================================================
Step 1000 (0.5 min) | Pickups: 4 | Deposits: 3 | Rate: 5.62 tags/min | phero_entries=0 max_w=0.000
======================================================================
R1[SEARCH    ]: carry=0 | base=0.35 | wall=2.19 | search= 10 | target=site(-0.31,-0.12)
R2[GIVE_UP   ]: carry=0 | base=2.41 | wall=0.42 | search=780 | target=none
R3[SURVEY    ]: carry=1 | base=0.40 | wall=2.11 | search=  0 | target=none
R4[SEARCH    ]: carry=0 | base=2.13 | wall=0.37 | search=844 | target=none

[PICKUP] R1 picked up tag (density=4) | Total: 5
[DEPOSIT] R3 deposited! Total: 4
  [PHERO] Laid at (0.39, -0.07) density=8 prob=0.46 entries=1
  [TARGET] R3 → SITE (0.39, -0.07)
[DEPOSIT] R1 deposited! Total: 5
  [TARGET] R1 → PHERO (0.39, -0.07)

======================================================================
Step 1500 (0.8 min) | Pickups: 5 | Deposits: 5 | Rate: 6.25 tags/min | phero_entries=1 max_w=0.397
======================================================================
R1[PHERO     ]: carry=0 | base=0.27 | wall=2.26 | search=  0 | target=phero(0.39,-0.07)
R2[GIVE_UP   ]: carry=0 | base=0.70 | wall=1.91 | search=780 | target=none
R3[SEARCH    ]: carry=0 | base=0.45 | wall=2.06 | search= 67 | target=site(0.39,-0.07)
R4[SEARCH    ]: carry=0 | base=2.12 | wall=0.38 | search=1344 | target=none

[PICKUP] R3 picked up tag (density=7) | Total: 6
  [GIVE-UP] R2 returned empty after 780 searching steps
  [TARGET] R2 → PHERO (0.39, -0.07)
  [GIVE-UP] R1 returned empty after 156 searching steps
  [TARGET] R1 → PHERO (0.39, -0.07)
[DEPOSIT] R3 deposited! Total: 6
  [TARGET] R3 → SITE (0.45, -0.09)

======================================================================
Step 2000 (1.1 min) | Pickups: 6 | Deposits: 6 | Rate: 5.62 tags/min | phero_entries=1 max_w=0.080
======================================================================
R1[PHERO     ]: carry=0 | base=0.33 | wall=2.22 | search=  0 | target=phero(0.39,-0.07)
R2[BASE_ESC  ]: carry=0 | base=0.25 | wall=2.27 | search=  0 | target=phero(0.39,-0.07)
R3[SITE      ]: carry=0 | base=0.29 | wall=2.23 | search=  0 | target=site(0.45,-0.09)
R4[SEARCH    ]: carry=0 | base=2.12 | wall=0.38 | search=1844 | target=none

[PICKUP] R2 picked up tag (density=6) | Total: 7
[PICKUP] R3 picked up tag (density=5) | Total: 8

======================================================================
Step 2500 (1.3 min) | Pickups: 8 | Deposits: 6 | Rate: 4.50 tags/min | phero_entries=1 max_w=0.016
======================================================================
R1[SEARCH    ]: carry=0 | base=0.36 | wall=2.19 | search=409 | target=phero(0.39,-0.07)
R2[SURVEY    ]: carry=1 | base=0.38 | wall=2.21 | search=  0 | target=none
R3[SURVEY    ]: carry=1 | base=0.43 | wall=2.12 | search=  0 | target=none
R4[SEARCH    ]: carry=0 | base=2.11 | wall=0.39 | search=2344 | target=none

[PICKUP] R1 picked up tag (density=4) | Total: 9
[DEPOSIT] R2 deposited! Total: 7
  [TARGET] R2 → SITE (0.29, -0.17)
[DEPOSIT] R3 deposited! Total: 8
  [TARGET] R3 → SITE (0.35, -0.19)

======================================================================
Step 3000 (1.6 min) | Pickups: 9 | Deposits: 8 | Rate: 5.00 tags/min | phero_entries=1 max_w=0.003
======================================================================
R1[RTB       ]: carry=1 | base=0.36 | wall=2.17 | search=  0 | target=none
R2[SEARCH    ]: carry=0 | base=0.35 | wall=2.15 | search=159 | target=site(0.29,-0.17)
R3[SITE      ]: carry=0 | base=0.30 | wall=2.20 | search=  0 | target=site(0.35,-0.19)
R4[SEARCH    ]: carry=0 | base=2.11 | wall=0.39 | search=2844 | target=none

[DEPOSIT] R1 deposited! Total: 9
  [TARGET] R1 → SITE (0.32, -0.23)
[PICKUP] R3 picked up tag (density=3) | Total: 10

======================================================================
Step 3500 (1.9 min) | Pickups: 10 | Deposits: 9 | Rate: 4.82 tags/min | phero_entries=0 max_w=0.000
======================================================================
R1[SEARCH    ]: carry=0 | base=0.29 | wall=2.22 | search=241 | target=site(0.32,-0.23)
R2[SEARCH    ]: carry=0 | base=1.53 | wall=1.42 | search=659 | target=site(0.29,-0.17)
R3[RTB       ]: carry=1 | base=0.38 | wall=2.16 | search=  0 | target=none
R4[SEARCH    ]: carry=0 | base=2.11 | wall=0.39 | search=3344 | target=none

[DEPOSIT] R3 deposited! Total: 10
  [TARGET] R3 → SITE (0.34, -0.29)
[PICKUP] R1 picked up tag (density=2) | Total: 11

======================================================================
Step 4000 (2.1 min) | Pickups: 11 | Deposits: 10 | Rate: 4.69 tags/min | phero_entries=0 max_w=0.000
======================================================================
R1[RTB       ]: carry=1 | base=0.49 | wall=2.02 | search=  0 | target=none
R2[WALL_ESC  ]: carry=0 | base=2.93 | wall=0.30 | search=1159 | target=site(0.29,-0.17)
R3[SEARCH    ]: carry=0 | base=0.38 | wall=2.16 | search=239 | target=site(0.34,-0.29)
R4[SEARCH    ]: carry=0 | base=2.11 | wall=0.39 | search=3844 | target=none

[DEPOSIT] R1 deposited! Total: 11
  [TARGET] R1 → SITE (0.46, -0.16)

======================================================================
Step 4500 (2.4 min) | Pickups: 11 | Deposits: 11 | Rate: 4.58 tags/min | phero_entries=0 max_w=0.000
======================================================================
R1[SEARCH    ]: carry=0 | base=0.45 | wall=2.05 | search=197 | target=site(0.46,-0.16)
R2[SEARCH    ]: carry=0 | base=2.91 | wall=0.39 | search=1659 | target=site(0.29,-0.17)
R3[SEARCH    ]: carry=0 | base=1.69 | wall=0.87 | search=739 | target=site(0.34,-0.29)
R4[SEARCH    ]: carry=0 | base=2.11 | wall=0.39 | search=4344 | target=none


======================================================================
Step 5000 (2.7 min) | Pickups: 11 | Deposits: 11 | Rate: 4.12 tags/min | phero_entries=0 max_w=0.000
======================================================================
R1[SEARCH    ]: carry=0 | base=1.77 | wall=0.74 | search=697 | target=site(0.46,-0.16)
R2[SEARCH    ]: carry=0 | base=2.88 | wall=0.36 | search=2159 | target=site(0.29,-0.17)
R3[SEARCH    ]: carry=0 | base=2.19 | wall=0.36 | search=1239 | target=site(0.34,-0.29)
R4[SEARCH    ]: carry=0 | base=2.12 | wall=0.38 | search=4844 | target=none


======================================================================
Step 5500 (2.9 min) | Pickups: 11 | Deposits: 11 | Rate: 3.75 tags/min | phero_entries=0 max_w=0.000
======================================================================
R1[SEARCH    ]: carry=0 | base=2.18 | wall=0.37 | search=1197 | target=site(0.46,-0.16)
R2[WALL_ESC  ]: carry=0 | base=2.99 | wall=0.32 | search=2659 | target=site(0.29,-0.17)
R3[SEARCH    ]: carry=0 | base=2.19 | wall=0.36 | search=1739 | target=site(0.34,-0.29)
R4[SEARCH    ]: carry=0 | base=2.13 | wall=0.37 | search=5344 | target=none


======================================================================
Step 6000 (3.2 min) | Pickups: 11 | Deposits: 11 | Rate: 3.44 tags/min | phero_entries=0 max_w=0.000
======================================================================
R1[SEARCH    ]: carry=0 | base=2.18 | wall=0.39 | search=1697 | target=site(0.46,-0.16)
R2[SEARCH    ]: carry=0 | base=2.87 | wall=0.40 | search=3159 | target=site(0.29,-0.17)
R3[SEARCH    ]: carry=0 | base=2.18 | wall=0.37 | search=2239 | target=site(0.34,-0.29)
R4[GIVE_UP   ]: carry=0 | base=1.94 | wall=0.56 | search=5772 | target=none

  [GIVE-UP] R4 returned empty after 5772 searching steps
  [TARGET] R4 → WALL (1.15, -2.42)

======================================================================
Step 6500 (3.5 min) | Pickups: 11 | Deposits: 11 | Rate: 3.17 tags/min | phero_entries=0 max_w=0.000
======================================================================
R1[SEARCH    ]: carry=0 | base=2.18 | wall=0.39 | search=2197 | target=site(0.46,-0.16)
R2[GIVE_UP   ]: carry=0 | base=1.82 | wall=1.15 | search=3276 | target=none
R3[SEARCH    ]: carry=0 | base=2.17 | wall=0.38 | search=2739 | target=site(0.34,-0.29)
R4[BASE_ESC  ]: carry=0 | base=0.22 | wall=2.28 | search=  0 | target=none

[PICKUP] R4 picked up tag (density=1) | Total: 12
  [GIVE-UP] R2 returned empty after 3276 searching steps
  [TARGET] R2 → WALL (2.40, 2.42)

======================================================================
Step 7000 (3.7 min) | Pickups: 12 | Deposits: 11 | Rate: 2.95 tags/min | phero_entries=0 max_w=0.000
======================================================================
R1[SEARCH    ]: carry=0 | base=2.18 | wall=0.39 | search=2697 | target=site(0.46,-0.16)
R2[BASE_ESC  ]: carry=0 | base=0.23 | wall=2.32 | search=  0 | target=none
R3[GIVE_UP   ]: carry=0 | base=2.02 | wall=0.52 | search=3120 | target=none
R4[RTB       ]: carry=1 | base=0.37 | wall=2.18 | search=  0 | target=none

[DEPOSIT] R4 deposited! Total: 12
  [TARGET] R4 → WALL (-2.42, -2.37)
  [GIVE-UP] R3 returned empty after 3120 searching steps
  [TARGET] R3 → WALL (-2.42, -1.87)

======================================================================
Step 7500 (4.0 min) | Pickups: 12 | Deposits: 12 | Rate: 3.00 tags/min | phero_entries=0 max_w=0.000
======================================================================
R1[SEARCH    ]: carry=0 | base=2.18 | wall=0.39 | search=3197 | target=site(0.46,-0.16)
R2[SEARCH    ]: carry=0 | base=1.41 | wall=1.46 | search=167 | target=none
R3[BASE_ESC  ]: carry=0 | base=0.23 | wall=2.28 | search=  0 | target=none
R4[SEARCH    ]: carry=0 | base=0.81 | wall=1.85 | search=204 | target=none


======================================================================
Step 8000 (4.3 min) | Pickups: 12 | Deposits: 12 | Rate: 2.81 tags/min | phero_entries=0 max_w=0.000
======================================================================
R1[SEARCH    ]: carry=0 | base=2.18 | wall=0.38 | search=3697 | target=site(0.46,-0.16)
R2[SEARCH    ]: carry=0 | base=2.31 | wall=0.36 | search=667 | target=none
R3[SEARCH    ]: carry=0 | base=1.47 | wall=1.30 | search=265 | target=none
R4[SEARCH    ]: carry=0 | base=2.31 | wall=0.63 | search=704 | target=none


======================================================================
Step 8500 (4.5 min) | Pickups: 12 | Deposits: 12 | Rate: 2.65 tags/min | phero_entries=0 max_w=0.000
======================================================================
R1[SEARCH    ]: carry=0 | base=2.19 | wall=0.37 | search=4197 | target=site(0.46,-0.16)
R2[SEARCH    ]: carry=0 | base=2.34 | wall=0.35 | search=1167 | target=none
R3[SEARCH    ]: carry=0 | base=2.23 | wall=0.39 | search=765 | target=none
R4[SEARCH    ]: carry=0 | base=2.06 | wall=0.46 | search=1204 | target=none


======================================================================
Step 9000 (4.8 min) | Pickups: 12 | Deposits: 12 | Rate: 2.50 tags/min | phero_entries=0 max_w=0.000
======================================================================
R1[SEARCH    ]: carry=0 | base=2.20 | wall=0.36 | search=4697 | target=site(0.46,-0.16)
R2[WALL_ESC  ]: carry=0 | base=2.35 | wall=0.34 | search=1667 | target=none
R3[WALL_ESC  ]: carry=0 | base=2.25 | wall=0.33 | search=1265 | target=none
R4[SEARCH    ]: carry=0 | base=2.77 | wall=0.47 | search=1704 | target=none

[PICKUP] R2 picked up tag (density=12) | Total: 13

======================================================================
Step 9500 (5.1 min) | Pickups: 13 | Deposits: 12 | Rate: 2.37 tags/min | phero_entries=0 max_w=0.000
======================================================================
R1[WALL_ESC  ]: carry=0 | base=2.21 | wall=0.34 | search=5197 | target=site(0.46,-0.16)
R2[SURVEY    ]: carry=1 | base=1.54 | wall=1.12 | search=  0 | target=none
R3[WALL_ESC  ]: carry=0 | base=2.26 | wall=0.34 | search=1765 | target=none
R4[GIVE_UP   ]: carry=0 | base=1.53 | wall=1.34 | search=1872 | target=none

  [GIVE-UP] R4 returned empty after 1872 searching steps
  [TARGET] R4 → WALL (2.42, 2.20)

======================================================================
Step 10000 (5.3 min) | Pickups: 13 | Deposits: 12 | Rate: 2.25 tags/min | phero_entries=0 max_w=0.000
======================================================================
R1[WALL_ESC  ]: carry=0 | base=2.21 | wall=0.34 | search=5697 | target=site(0.46,-0.16)
R2[RTB       ]: carry=1 | base=0.87 | wall=1.70 | search=  0 | target=none
R3[GIVE_UP   ]: carry=0 | base=2.13 | wall=0.45 | search=2184 | target=none
R4[DEPART    ]: carry=0 | base=0.28 | wall=2.28 | search=  0 | target=none

[DEPOSIT] R2 deposited! Total: 13
  [PHERO] Laid at (1.39, 0.69) density=12 prob=0.88 entries=1
  [TARGET] R2 → SITE (1.39, 0.69)
[PICKUP] R3 picked up tag (density=3) | Total: 14
[PICKUP] R2 picked up tag (density=11) | Total: 15

======================================================================
Step 10500 (5.6 min) | Pickups: 15 | Deposits: 13 | Rate: 2.32 tags/min | phero_entries=1 max_w=0.338
======================================================================
R1[GIVE_UP   ]: carry=0 | base=1.81 | wall=0.74 | search=6084 | target=none
R2[SURVEY    ]: carry=1 | base=1.07 | wall=1.52 | search=  0 | target=none
R3[SURVEY    ]: carry=1 | base=0.65 | wall=1.88 | search=  0 | target=none
R4[SEARCH    ]: carry=0 | base=1.76 | wall=0.74 | search=398 | target=none

[DEPOSIT] R3 deposited! Total: 14
  [TARGET] R3 → PHERO (1.39, 0.69)
  [GIVE-UP] R1 returned empty after 6084 searching steps
  [TARGET] R1 → PHERO (1.39, 0.69)
[DEPOSIT] R2 deposited! Total: 15
  [TARGET] R2 → SITE (0.98, 0.43)

======================================================================
Step 11000 (5.9 min) | Pickups: 15 | Deposits: 15 | Rate: 2.56 tags/min | phero_entries=1 max_w=0.068
======================================================================
R1[BASE_ESC  ]: carry=0 | base=0.22 | wall=2.30 | search=  0 | target=phero(1.39,0.69)
R2[BASE_ESC  ]: carry=0 | base=0.23 | wall=2.28 | search=  0 | target=site(0.98,0.43)
R3[PHERO     ]: carry=0 | base=0.25 | wall=2.26 | search=  0 | target=phero(1.39,0.69)
R4[SEARCH    ]: carry=0 | base=2.13 | wall=0.38 | search=898 | target=none

[PICKUP] R1 picked up tag (density=10) | Total: 16
[PICKUP] R3 picked up tag (density=9) | Total: 17

======================================================================
Step 11500 (6.1 min) | Pickups: 17 | Deposits: 15 | Rate: 2.45 tags/min | phero_entries=1 max_w=0.014
======================================================================
R1[RTB       ]: carry=1 | base=1.05 | wall=1.57 | search=  0 | target=none
R2[SEARCH    ]: carry=0 | base=0.96 | wall=1.68 | search=185 | target=site(0.98,0.43)
R3[SURVEY    ]: carry=1 | base=1.13 | wall=1.45 | search=  0 | target=none
R4[SEARCH    ]: carry=0 | base=2.13 | wall=0.38 | search=1398 | target=none

[DEPOSIT] R1 deposited! Total: 16
  [PHERO] Laid at (0.92, 0.53) density=10 prob=0.71 entries=2
  [TARGET] R1 → SITE (0.92, 0.53)
  [GIVE-UP] R2 returned empty after 312 searching steps
  [TARGET] R2 → PHERO (0.92, 0.53)
[DEPOSIT] R3 deposited! Total: 17
  [PHERO] Laid at (1.04, 0.43) density=9 prob=0.59 entries=3
  [TARGET] R3 → SITE (1.04, 0.43)

======================================================================
Step 12000 (6.4 min) | Pickups: 17 | Deposits: 17 | Rate: 2.66 tags/min | phero_entries=3 max_w=0.731
======================================================================
R1[SITE      ]: carry=0 | base=0.79 | wall=1.79 | search=  0 | target=site(0.92,0.53)
R2[PHERO     ]: carry=0 | base=0.59 | wall=2.08 | search=  0 | target=phero(0.92,0.53)
R3[BASE_ESC  ]: carry=0 | base=0.23 | wall=2.30 | search=  0 | target=site(1.04,0.43)
R4[GIVE_UP   ]: carry=0 | base=2.12 | wall=0.39 | search=1872 | target=none


======================================================================
Step 12500 (6.7 min) | Pickups: 17 | Deposits: 17 | Rate: 2.55 tags/min | phero_entries=2 max_w=0.148
======================================================================
R1[SEARCH    ]: carry=0 | base=1.13 | wall=1.41 | search=441 | target=site(0.92,0.53)
R2[SEARCH    ]: carry=0 | base=1.14 | wall=1.40 | search=376 | target=phero(0.92,0.53)
R3[SEARCH    ]: carry=0 | base=1.20 | wall=1.34 | search=261 | target=site(1.04,0.43)
R4[GIVE_UP   ]: carry=0 | base=0.31 | wall=2.19 | search=1872 | target=none

  [GIVE-UP] R4 returned empty after 1872 searching steps
  [TARGET] R4 → PHERO (0.92, 0.53)

======================================================================
Step 13000 (6.9 min) | Pickups: 17 | Deposits: 17 | Rate: 2.45 tags/min | phero_entries=2 max_w=0.030
======================================================================
R1[SEARCH    ]: carry=0 | base=2.66 | wall=0.60 | search=941 | target=site(0.92,0.53)
R2[SEARCH    ]: carry=0 | base=2.29 | wall=0.36 | search=876 | target=phero(0.92,0.53)
R3[SEARCH    ]: carry=0 | base=2.14 | wall=0.39 | search=761 | target=site(1.04,0.43)
R4[SEARCH    ]: carry=0 | base=1.07 | wall=1.57 | search= 44 | target=phero(0.92,0.53)


======================================================================
Step 13500 (7.2 min) | Pickups: 17 | Deposits: 17 | Rate: 2.36 tags/min | phero_entries=2 max_w=0.006
======================================================================
R1[GIVE_UP   ]: carry=0 | base=1.67 | wall=1.22 | search=1092 | target=none
R2[SEARCH    ]: carry=0 | base=2.27 | wall=0.36 | search=1376 | target=phero(0.92,0.53)
R3[SEARCH    ]: carry=0 | base=2.14 | wall=0.39 | search=1261 | target=site(1.04,0.43)
R4[SEARCH    ]: carry=0 | base=0.90 | wall=1.79 | search=544 | target=phero(0.92,0.53)

[PICKUP] R4 picked up tag (density=12) | Total: 18
  [GIVE-UP] R1 returned empty after 1092 searching steps
  [TARGET] R1 → PHERO (0.92, 0.53)
[PICKUP] R2 picked up tag (density=8) | Total: 19

======================================================================
Step 14000 (7.5 min) | Pickups: 19 | Deposits: 17 | Rate: 2.28 tags/min | phero_entries=1 max_w=0.001
======================================================================
R1[PHERO     ]: carry=0 | base=0.26 | wall=2.26 | search=  0 | target=phero(0.92,0.53)
R2[SURVEY    ]: carry=1 | base=1.44 | wall=1.14 | search=  0 | target=none
R3[SEARCH    ]: carry=0 | base=2.15 | wall=0.38 | search=1761 | target=site(1.04,0.43)
R4[RTB       ]: carry=1 | base=1.16 | wall=1.42 | search=  0 | target=none

[DEPOSIT] R4 deposited! Total: 18
  [PHERO] Laid at (-1.23, 0.45) density=12 prob=0.88 entries=1
  [TARGET] R4 → SITE (-1.23, 0.45)

======================================================================
Step 14500 (7.7 min) | Pickups: 19 | Deposits: 18 | Rate: 2.33 tags/min | phero_entries=1 max_w=0.431
======================================================================
R1[SEARCH    ]: carry=0 | base=1.03 | wall=1.55 | search=160 | target=phero(0.92,0.53)
R2[RTB       ]: carry=1 | base=0.55 | wall=1.97 | search=  0 | target=none
R3[SEARCH    ]: carry=0 | base=2.16 | wall=0.38 | search=2261 | target=site(1.04,0.43)
R4[SITE      ]: carry=0 | base=0.78 | wall=1.79 | search=  0 | target=site(-1.23,0.45)

[DEPOSIT] R2 deposited! Total: 19
  [PHERO] Laid at (1.36, 0.48) density=8 prob=0.46 entries=2
  [TARGET] R2 → SITE (1.36, 0.48)
[PICKUP] R4 picked up tag (density=11) | Total: 20
[PICKUP] R1 picked up tag (density=7) | Total: 21

======================================================================
Step 15000 (8.0 min) | Pickups: 21 | Deposits: 19 | Rate: 2.38 tags/min | phero_entries=2 max_w=0.259
======================================================================
R1[RTB       ]: carry=1 | base=0.96 | wall=1.58 | search=  0 | target=none
R2[SITE      ]: carry=0 | base=1.09 | wall=1.48 | search=  0 | target=site(1.36,0.48)
R3[GIVE_UP   ]: carry=0 | base=0.88 | wall=1.65 | search=2340 | target=none
R4[RTB       ]: carry=1 | base=0.52 | wall=2.02 | search=  0 | target=none

[DEPOSIT] R4 deposited! Total: 20
  [TARGET] R4 → SITE (-1.06, 0.41)
  [GIVE-UP] R3 returned empty after 2340 searching steps
  [TARGET] R3 → PHERO (1.36, 0.48)
[DEPOSIT] R1 deposited! Total: 21
  [TARGET] R1 → SITE (1.08, 0.45)

======================================================================
Step 15500 (8.3 min) | Pickups: 21 | Deposits: 21 | Rate: 2.54 tags/min | phero_entries=2 max_w=0.052
======================================================================
R1[SITE      ]: carry=0 | base=0.93 | wall=1.62 | search=  0 | target=site(1.08,0.45)
R2[SEARCH    ]: carry=0 | base=2.16 | wall=0.90 | search=420 | target=site(1.36,0.48)
R3[PHERO     ]: carry=0 | base=1.05 | wall=1.53 | search=  0 | target=phero(1.36,0.48)
R4[SEARCH    ]: carry=0 | base=1.12 | wall=1.47 | search= 85 | target=site(-1.06,0.41)

[PICKUP] R1 picked up tag (density=6) | Total: 22

======================================================================
Step 16000 (8.5 min) | Pickups: 22 | Deposits: 21 | Rate: 2.46 tags/min | phero_entries=2 max_w=0.011
======================================================================
R1[RTB       ]: carry=1 | base=0.91 | wall=1.64 | search=  0 | target=none
R2[WALL_ESC  ]: carry=0 | base=2.61 | wall=0.33 | search=920 | target=site(1.36,0.48)
R3[SEARCH    ]: carry=0 | base=2.00 | wall=0.94 | search=409 | target=phero(1.36,0.48)
R4[SEARCH    ]: carry=0 | base=2.01 | wall=0.91 | search=585 | target=site(-1.06,0.41)

[DEPOSIT] R1 deposited! Total: 22
  [TARGET] R1 → SITE (1.08, 0.50)

======================================================================
Step 16500 (8.8 min) | Pickups: 22 | Deposits: 22 | Rate: 2.50 tags/min | phero_entries=1 max_w=0.002
======================================================================
R1[SITE      ]: carry=0 | base=1.01 | wall=1.58 | search=  0 | target=site(1.08,0.50)
R2[SEARCH    ]: carry=0 | base=2.51 | wall=0.39 | search=1420 | target=site(1.36,0.48)
R3[SEARCH    ]: carry=0 | base=2.23 | wall=0.39 | search=909 | target=phero(1.36,0.48)
R4[WALL_ESC  ]: carry=0 | base=2.72 | wall=0.34 | search=1085 | target=site(-1.06,0.41)

[PICKUP] R1 picked up tag (density=5) | Total: 23

======================================================================
Step 17000 (9.1 min) | Pickups: 23 | Deposits: 22 | Rate: 2.43 tags/min | phero_entries=0 max_w=0.000
======================================================================
R1[RTB       ]: carry=1 | base=0.76 | wall=1.78 | search=  0 | target=none
R2[WALL_ESC  ]: carry=0 | base=2.61 | wall=0.31 | search=1920 | target=site(1.36,0.48)
R3[SEARCH    ]: carry=0 | base=2.24 | wall=0.39 | search=1409 | target=phero(1.36,0.48)
R4[SEARCH    ]: carry=0 | base=2.62 | wall=0.39 | search=1585 | target=site(-1.06,0.41)

[DEPOSIT] R1 deposited! Total: 23
  [TARGET] R1 → SITE (1.08, 0.52)

======================================================================
Step 17500 (9.3 min) | Pickups: 23 | Deposits: 23 | Rate: 2.46 tags/min | phero_entries=0 max_w=0.000
======================================================================
R1[SITE      ]: carry=0 | base=1.15 | wall=1.46 | search=  0 | target=site(1.08,0.52)
R2[SEARCH    ]: carry=0 | base=2.59 | wall=0.36 | search=2420 | target=site(1.36,0.48)
R3[SEARCH    ]: carry=0 | base=2.24 | wall=0.40 | search=1909 | target=phero(1.36,0.48)
R4[WALL_ESC  ]: carry=0 | base=2.73 | wall=0.31 | search=2085 | target=site(-1.06,0.41)

[PICKUP] R1 picked up tag (density=4) | Total: 24

======================================================================
Step 18000 (9.6 min) | Pickups: 24 | Deposits: 23 | Rate: 2.40 tags/min | phero_entries=0 max_w=0.000
======================================================================
R1[SURVEY    ]: carry=1 | base=1.18 | wall=1.47 | search=  0 | target=none
R2[SEARCH    ]: carry=0 | base=2.52 | wall=0.38 | search=2920 | target=site(1.36,0.48)
R3[SEARCH    ]: carry=0 | base=2.24 | wall=0.40 | search=2409 | target=phero(1.36,0.48)
R4[SEARCH    ]: carry=0 | base=2.66 | wall=0.38 | search=2585 | target=site(-1.06,0.41)

[DEPOSIT] R1 deposited! Total: 24
  [TARGET] R1 → SITE (1.03, 0.58)

======================================================================
Step 18500 (9.9 min) | Pickups: 24 | Deposits: 24 | Rate: 2.43 tags/min | phero_entries=0 max_w=0.000
======================================================================
R1[SITE      ]: carry=0 | base=0.31 | wall=2.27 | search=  0 | target=site(1.03,0.58)
R2[WALL_ESC  ]: carry=0 | base=2.62 | wall=0.31 | search=3420 | target=site(1.36,0.48)
R3[GIVE_UP   ]: carry=0 | base=1.12 | wall=1.47 | search=2496 | target=none
R4[SEARCH    ]: carry=0 | base=2.63 | wall=0.37 | search=3085 | target=site(-1.06,0.41)

  [GIVE-UP] R3 returned empty after 2496 searching steps
  [TARGET] R3 → WALL (1.39, 2.42)
TIMEOUT_RESULT pickups=24 deposits=24 steps=18750 elapsed_min=10.000000
BATCH_RESULT pickups=24 deposits=24
