Gym has been unmaintained since 2022 and does not support NumPy 2.0 amongst other critical functionality.
Please upgrade to Gymnasium, the maintained drop-in replacement of Gym, or contact the authors of your software and request that they upgrade.
Users of this version of Gym should be able to simply replace 'import gym' with 'import gymnasium as gym' in the vast majority of cases.
See the migration guide at https://gymnasium.farama.org/introduction/migration_guide/ for additional information.
=================================================================
EXPERIMENT 4 — Central Server Disconnect Robustness
  Arena: 5x5m | Tags: 64 | Robots: 4 | Time: 10.0 min
  Disconnect: 3.0 → 8.0 min (5.0 min offline)
=================================================================

Loading model: ppo_cpfa_v9
Model loaded. Starting evaluation...

[PICKUP] Robot 2 picked up tag (density=6) | Total: 1
[PICKUP] Robot 3 picked up tag (density=9) | Total: 2
[DEPOSIT] Robot 3 deposited! Total: 1
  [TARGET] Robot 3 → SITE (0.00,0.50)
[DEPOSIT] Robot 2 deposited! Total: 2
  [TARGET] Robot 2 → SITE (0.50,0.00)
[PICKUP] Robot 3 picked up tag (density=8) | Total: 3
[PICKUP] Robot 2 picked up tag (density=5) | Total: 4
[PICKUP] Robot 4 picked up tag (density=4) | Total: 5

======================================================================
Step 500 (0.3 min) [ONLINE] | Pickups: 5 | Deposits: 2 | Rate: 7.50 tags/min | phero=2
======================================================================
R1[EXPLORE     ]: carry=0 | gave_up=0
R2[RTB         ]: carry=1 | gave_up=0
R3[RTB         ]: carry=1 | gave_up=0
R4[RTB         ]: carry=1 | gave_up=0

[DEPOSIT] Robot 2 deposited! Total: 3
  [TARGET] Robot 2 → SITE (0.36,-0.09)
[DEPOSIT] Robot 4 deposited! Total: 4
  [TARGET] Robot 4 → SITE (0.44,-0.15)
[DEPOSIT] Robot 3 deposited! Total: 5
  [TARGET] Robot 3 → SITE (-0.01,0.51)
[PICKUP] Robot 2 picked up tag (density=3) | Total: 6
[PICKUP] Robot 3 picked up tag (density=7) | Total: 7
[DEPOSIT] Robot 2 deposited! Total: 6
  [TARGET] Robot 2 → SITE (0.36,0.01)
[DEPOSIT] Robot 3 deposited! Total: 7
  [TARGET] Robot 3 → SITE (-0.09,0.29)

======================================================================
Step 1000 (0.5 min) [ONLINE] | Pickups: 7 | Deposits: 7 | Rate: 13.12 tags/min | phero=7
======================================================================
R1[WALL_ESC    ]: carry=0 | gave_up=0
R2[SITE        ]: carry=0 | gave_up=0
R3[SITE        ]: carry=0 | gave_up=0
R4[EXPLORE     ]: carry=0 | gave_up=0

[PICKUP] Robot 4 picked up tag (density=2) | Total: 8
[PICKUP] Robot 1 picked up tag (density=9) | Total: 9
[DEPOSIT] Robot 4 deposited! Total: 8
  [TARGET] Robot 4 → SITE (0.46,-0.15)
[PICKUP] Robot 3 picked up tag (density=6) | Total: 10
[DEPOSIT] Robot 3 deposited! Total: 9
  [TARGET] Robot 3 → SITE (-0.16,0.29)

======================================================================
Step 1500 (0.8 min) [ONLINE] | Pickups: 10 | Deposits: 9 | Rate: 11.25 tags/min | phero=9
======================================================================
R1[RTB         ]: carry=1 | gave_up=0
R2[EXPLORE     ]: carry=0 | gave_up=0
R3[EXPLORE     ]: carry=0 | gave_up=0
R4[EXPLORE     ]: carry=0 | gave_up=0

[PICKUP] Robot 3 picked up tag (density=5) | Total: 11
[DEPOSIT] Robot 1 deposited! Total: 10
  [TARGET] Robot 1 → SITE (-0.79,-2.09)
[DEPOSIT] Robot 3 deposited! Total: 11
  [TARGET] Robot 3 → SITE (-0.11,0.41)
[PICKUP] Robot 3 picked up tag (density=4) | Total: 12

======================================================================
Step 2000 (1.1 min) [ONLINE] | Pickups: 12 | Deposits: 11 | Rate: 10.31 tags/min | phero=11
======================================================================
R1[SITE        ]: carry=0 | gave_up=0
R2[EXPLORE     ]: carry=0 | gave_up=0
R3[RTB         ]: carry=1 | gave_up=0
R4[EXPLORE     ]: carry=0 | gave_up=0

[DEPOSIT] Robot 3 deposited! Total: 12
  [TARGET] Robot 3 → SITE (-0.15,0.42)
[PICKUP] Robot 3 picked up tag (density=3) | Total: 13
[DEPOSIT] Robot 3 deposited! Total: 13
  [TARGET] Robot 3 → SITE (-0.16,0.45)

======================================================================
Step 2500 (1.3 min) [ONLINE] | Pickups: 13 | Deposits: 13 | Rate: 9.75 tags/min | phero=12
======================================================================
R1[EXPLORE     ]: carry=0 | gave_up=0
R2[EXPLORE     ]: carry=0 | gave_up=0
R3[BASE_ESC    ]: carry=0 | gave_up=0
R4[EXPLORE     ]: carry=0 | gave_up=0

[PICKUP] Robot 2 picked up tag (density=12) | Total: 14
[PICKUP] Robot 3 picked up tag (density=2) | Total: 15
[DEPOSIT] Robot 3 deposited! Total: 14
  [TARGET] Robot 3 → SITE (-0.17,0.44)
[DEPOSIT] Robot 2 deposited! Total: 15
  [TARGET] Robot 2 → SITE (0.89,-1.16)

======================================================================
Step 3000 (1.6 min) [ONLINE] | Pickups: 15 | Deposits: 15 | Rate: 9.38 tags/min | phero=14
======================================================================
R1[EXPLORE     ]: carry=0 | gave_up=0
R2[SITE        ]: carry=0 | gave_up=0
R3[SITE        ]: carry=0 | gave_up=0
R4[EXPLORE     ]: carry=0 | gave_up=0

[PICKUP] Robot 3 picked up tag (density=16) | Total: 16
[GIVE-UP] R1 giving up after 1823 steps
[PICKUP] Robot 4 picked up tag (density=11) | Total: 17
[PICKUP] Robot 2 picked up tag (density=10) | Total: 18

======================================================================
Step 3500 (1.9 min) [ONLINE] | Pickups: 18 | Deposits: 15 | Rate: 8.04 tags/min | phero=14
======================================================================
R1[GIVE_UP     ]: carry=0 | gave_up=1
R2[RTB         ]: carry=1 | gave_up=0
R3[RTB         ]: carry=1 | gave_up=0
R4[RTB         ]: carry=1 | gave_up=0

[GIVE-UP] R1 giving up after 1979 steps
[EMPTY_RTN] R1 → phero(0.50,0.00)
[DEPOSIT] Robot 4 deposited! Total: 16
  [TARGET] Robot 4 → SITE (1.15,-0.79)
[DEPOSIT] Robot 2 deposited! Total: 17
  [TARGET] Robot 2 → SITE (0.98,-1.16)
[DEPOSIT] Robot 3 deposited! Total: 18
  [TARGET] Robot 3 → SITE (0.29,1.83)

======================================================================
Step 4000 (2.1 min) [ONLINE] | Pickups: 18 | Deposits: 18 | Rate: 8.44 tags/min | phero=17
======================================================================
R1[BASE_ESC    ]: carry=0 | gave_up=0
R2[SITE        ]: carry=0 | gave_up=0
R3[BASE_ESC    ]: carry=0 | gave_up=0
R4[SITE        ]: carry=0 | gave_up=0

[PICKUP] Robot 2 picked up tag (density=9) | Total: 19
[PICKUP] Robot 4 picked up tag (density=8) | Total: 20

======================================================================
Step 4500 (2.4 min) [ONLINE] | Pickups: 20 | Deposits: 18 | Rate: 7.50 tags/min | phero=16
======================================================================
R1[PHERO       ]: carry=0 | gave_up=0
R2[RTB         ]: carry=1 | gave_up=0
R3[SITE        ]: carry=0 | gave_up=0
R4[RTB         ]: carry=1 | gave_up=0

[DEPOSIT] Robot 2 deposited! Total: 19
  [TARGET] Robot 2 → SITE (0.64,-0.89)
[DEPOSIT] Robot 4 deposited! Total: 20
  [TARGET] Robot 4 → SITE (0.80,-0.72)
[PICKUP] Robot 1 picked up tag (density=1) | Total: 21
[DEPOSIT] Robot 1 deposited! Total: 21
  [TARGET] Robot 1 → PHERO (1.15,-0.79)
[PICKUP] Robot 2 picked up tag (density=7) | Total: 22

======================================================================
Step 5000 (2.7 min) [ONLINE] | Pickups: 22 | Deposits: 21 | Rate: 7.88 tags/min | phero=14
======================================================================
R1[PHERO       ]: carry=0 | gave_up=0
R2[RTB         ]: carry=1 | gave_up=0
R3[SITE        ]: carry=0 | gave_up=0
R4[SITE        ]: carry=0 | gave_up=0

[PICKUP] Robot 4 picked up tag (density=6) | Total: 23
[DEPOSIT] Robot 2 deposited! Total: 22
  [TARGET] Robot 2 → SITE (0.64,-0.94)
[DEPOSIT] Robot 4 deposited! Total: 23
  [TARGET] Robot 4 → SITE (0.75,-0.83)

======================================================================
Step 5500 (2.9 min) [ONLINE] | Pickups: 23 | Deposits: 23 | Rate: 7.84 tags/min | phero=13
======================================================================
R1[PHERO       ]: carry=0 | gave_up=0
R2[SITE        ]: carry=0 | gave_up=0
R3[SITE        ]: carry=0 | gave_up=0
R4[SITE        ]: carry=0 | gave_up=0

[PICKUP] Robot 1 picked up tag (density=5) | Total: 24

[DISCONNECT] Central server OFFLINE at 3.00 min (will reconnect at 8.0 min)

[PICKUP] Robot 2 picked up tag (density=4) | Total: 25
[PICKUP] Robot 3 picked up tag (density=15) | Total: 26

======================================================================
Step 6000 (3.2 min) [DISCONNECTED] | Pickups: 26 | Deposits: 23 | Rate: 7.19 tags/min | phero=10
======================================================================
R1[DISCONNECTED]: carry=1 | gave_up=0
R2[DISCONNECTED]: carry=1 | gave_up=0
R3[DISCONNECTED]: carry=1 | gave_up=0
R4[DISCONNECTED]: carry=0 | gave_up=0


======================================================================
Step 6500 (3.5 min) [DISCONNECTED] | Pickups: 26 | Deposits: 23 | Rate: 6.63 tags/min | phero=9
======================================================================
R1[DISCONNECTED]: carry=1 | gave_up=0
R2[DISCONNECTED]: carry=1 | gave_up=0
R3[DISCONNECTED]: carry=1 | gave_up=0
R4[DISCONNECTED]: carry=0 | gave_up=0


======================================================================
Step 7000 (3.7 min) [DISCONNECTED] | Pickups: 26 | Deposits: 23 | Rate: 6.16 tags/min | phero=9
======================================================================
R1[DISCONNECTED]: carry=1 | gave_up=0
R2[DISCONNECTED]: carry=1 | gave_up=0
R3[DISCONNECTED]: carry=1 | gave_up=0
R4[DISCONNECTED]: carry=0 | gave_up=0

[PICKUP] Robot 4 picked up tag (density=3) | Total: 27

======================================================================
Step 7500 (4.0 min) [DISCONNECTED] | Pickups: 27 | Deposits: 23 | Rate: 5.75 tags/min | phero=7
======================================================================
R1[DISCONNECTED]: carry=1 | gave_up=0
R2[DISCONNECTED]: carry=1 | gave_up=0
R3[DISCONNECTED]: carry=1 | gave_up=0
R4[DISCONNECTED]: carry=1 | gave_up=0


======================================================================
Step 8000 (4.3 min) [DISCONNECTED] | Pickups: 27 | Deposits: 23 | Rate: 5.39 tags/min | phero=7
======================================================================
R1[DISCONNECTED]: carry=1 | gave_up=0
R2[DISCONNECTED]: carry=1 | gave_up=0
R3[DISCONNECTED]: carry=1 | gave_up=0
R4[DISCONNECTED]: carry=1 | gave_up=0


======================================================================
Step 8500 (4.5 min) [DISCONNECTED] | Pickups: 27 | Deposits: 23 | Rate: 5.07 tags/min | phero=4
======================================================================
R1[DISCONNECTED]: carry=1 | gave_up=0
R2[DISCONNECTED]: carry=1 | gave_up=0
R3[DISCONNECTED]: carry=1 | gave_up=0
R4[DISCONNECTED]: carry=1 | gave_up=0


======================================================================
Step 9000 (4.8 min) [DISCONNECTED] | Pickups: 27 | Deposits: 23 | Rate: 4.79 tags/min | phero=2
======================================================================
R1[DISCONNECTED]: carry=1 | gave_up=0
R2[DISCONNECTED]: carry=1 | gave_up=0
R3[DISCONNECTED]: carry=1 | gave_up=0
R4[DISCONNECTED]: carry=1 | gave_up=0

[DEPOSIT] Robot 1 deposited! Total: 24
  [TARGET] Robot 1 → SITE (1.09,-0.81)

======================================================================
Step 9500 (5.1 min) [DISCONNECTED] | Pickups: 27 | Deposits: 24 | Rate: 4.74 tags/min | phero=3
======================================================================
R1[DISCONNECTED]: carry=0 | gave_up=0
R2[DISCONNECTED]: carry=1 | gave_up=0
R3[DISCONNECTED]: carry=1 | gave_up=0
R4[DISCONNECTED]: carry=1 | gave_up=0


======================================================================
Step 10000 (5.3 min) [DISCONNECTED] | Pickups: 27 | Deposits: 24 | Rate: 4.50 tags/min | phero=1
======================================================================
R1[DISCONNECTED]: carry=0 | gave_up=0
R2[DISCONNECTED]: carry=1 | gave_up=0
R3[DISCONNECTED]: carry=1 | gave_up=0
R4[DISCONNECTED]: carry=1 | gave_up=0


======================================================================
Step 10500 (5.6 min) [DISCONNECTED] | Pickups: 27 | Deposits: 24 | Rate: 4.29 tags/min | phero=1
======================================================================
R1[DISCONNECTED]: carry=0 | gave_up=0
R2[DISCONNECTED]: carry=1 | gave_up=0
R3[DISCONNECTED]: carry=1 | gave_up=0
R4[DISCONNECTED]: carry=1 | gave_up=0

[PICKUP] Robot 1 picked up tag (density=2) | Total: 28
[DEPOSIT] Robot 1 deposited! Total: 25
  [TARGET] Robot 1 → PHERO (1.09,-0.84)

======================================================================
Step 11000 (5.9 min) [DISCONNECTED] | Pickups: 28 | Deposits: 25 | Rate: 4.26 tags/min | phero=2
======================================================================
R1[DISCONNECTED]: carry=0 | gave_up=0
R2[DISCONNECTED]: carry=1 | gave_up=0
R3[DISCONNECTED]: carry=1 | gave_up=0
R4[DISCONNECTED]: carry=1 | gave_up=0


======================================================================
Step 11500 (6.1 min) [DISCONNECTED] | Pickups: 28 | Deposits: 25 | Rate: 4.08 tags/min | phero=2
======================================================================
R1[DISCONNECTED]: carry=0 | gave_up=0
R2[DISCONNECTED]: carry=1 | gave_up=0
R3[DISCONNECTED]: carry=1 | gave_up=0
R4[DISCONNECTED]: carry=1 | gave_up=0


======================================================================
Step 12000 (6.4 min) [DISCONNECTED] | Pickups: 28 | Deposits: 25 | Rate: 3.91 tags/min | phero=2
======================================================================
R1[DISCONNECTED]: carry=0 | gave_up=0
R2[DISCONNECTED]: carry=1 | gave_up=0
R3[DISCONNECTED]: carry=1 | gave_up=0
R4[DISCONNECTED]: carry=1 | gave_up=0


======================================================================
Step 12500 (6.7 min) [DISCONNECTED] | Pickups: 28 | Deposits: 25 | Rate: 3.75 tags/min | phero=2
======================================================================
R1[DISCONNECTED]: carry=0 | gave_up=0
R2[DISCONNECTED]: carry=1 | gave_up=0
R3[DISCONNECTED]: carry=1 | gave_up=0
R4[DISCONNECTED]: carry=1 | gave_up=0


======================================================================
Step 13000 (6.9 min) [DISCONNECTED] | Pickups: 28 | Deposits: 25 | Rate: 3.61 tags/min | phero=2
======================================================================
R1[DISCONNECTED]: carry=0 | gave_up=0
R2[DISCONNECTED]: carry=1 | gave_up=0
R3[DISCONNECTED]: carry=1 | gave_up=0
R4[DISCONNECTED]: carry=1 | gave_up=0


======================================================================
Step 13500 (7.2 min) [DISCONNECTED] | Pickups: 28 | Deposits: 25 | Rate: 3.47 tags/min | phero=2
======================================================================
R1[DISCONNECTED]: carry=0 | gave_up=0
R2[DISCONNECTED]: carry=1 | gave_up=0
R3[DISCONNECTED]: carry=1 | gave_up=0
R4[DISCONNECTED]: carry=1 | gave_up=0


======================================================================
Step 14000 (7.5 min) [DISCONNECTED] | Pickups: 28 | Deposits: 25 | Rate: 3.35 tags/min | phero=1
======================================================================
R1[DISCONNECTED]: carry=0 | gave_up=0
R2[DISCONNECTED]: carry=1 | gave_up=0
R3[DISCONNECTED]: carry=1 | gave_up=0
R4[DISCONNECTED]: carry=1 | gave_up=0

[PICKUP] Robot 1 picked up tag (density=14) | Total: 29

======================================================================
Step 14500 (7.7 min) [DISCONNECTED] | Pickups: 29 | Deposits: 25 | Rate: 3.23 tags/min | phero=1
======================================================================
R1[DISCONNECTED]: carry=1 | gave_up=0
R2[DISCONNECTED]: carry=1 | gave_up=0
R3[DISCONNECTED]: carry=1 | gave_up=0
R4[DISCONNECTED]: carry=1 | gave_up=0


======================================================================
Step 15000 (8.0 min) [DISCONNECTED] | Pickups: 29 | Deposits: 25 | Rate: 3.12 tags/min | phero=1
======================================================================
R1[DISCONNECTED]: carry=1 | gave_up=0
R2[DISCONNECTED]: carry=1 | gave_up=0
R3[DISCONNECTED]: carry=1 | gave_up=0
R4[DISCONNECTED]: carry=1 | gave_up=0


[RECONNECT] Central server ONLINE at 8.00 min

[DEPOSIT] Robot 1 deposited! Total: 26
  [TARGET] Robot 1 → SITE (-0.04,1.92)
[PICKUP] Robot 1 picked up tag (density=1) | Total: 30
[DEPOSIT] Robot 3 deposited! Total: 27
  [TARGET] Robot 3 → SITE (0.29,1.83)
[DEPOSIT] Robot 1 deposited! Total: 28
  [TARGET] Robot 1 → PHERO (-0.04,1.92)
[DEPOSIT] Robot 2 deposited! Total: 29
  [TARGET] Robot 2 → SITE (0.66,-0.94)

======================================================================
Step 15500 (8.3 min) [ONLINE] | Pickups: 30 | Deposits: 29 | Rate: 3.51 tags/min | phero=4
======================================================================
R1[BASE_ESC    ]: carry=0 | gave_up=0
R2[BASE_ESC    ]: carry=0 | gave_up=0
R3[SITE        ]: carry=0 | gave_up=0
R4[RTB         ]: carry=1 | gave_up=0

[DEPOSIT] Robot 4 deposited! Total: 30
  [TARGET] Robot 4 → SITE (1.16,-1.06)

======================================================================
Step 16000 (8.5 min) [ONLINE] | Pickups: 30 | Deposits: 30 | Rate: 3.52 tags/min | phero=4
======================================================================
R1[PHERO       ]: carry=0 | gave_up=0
R2[SITE        ]: carry=0 | gave_up=0
R3[SITE        ]: carry=0 | gave_up=0
R4[SITE        ]: carry=0 | gave_up=0

[PICKUP] Robot 4 picked up tag (density=1) | Total: 31
[PICKUP] Robot 1 picked up tag (density=13) | Total: 32
[PICKUP] Robot 3 picked up tag (density=12) | Total: 33
[DEPOSIT] Robot 4 deposited! Total: 31
  [TARGET] Robot 4 → SITE (0.80,-0.89)

======================================================================
Step 16500 (8.8 min) [ONLINE] | Pickups: 33 | Deposits: 31 | Rate: 3.52 tags/min | phero=4
======================================================================
R1[RTB         ]: carry=1 | gave_up=0
R2[EXPLORE     ]: carry=0 | gave_up=0
R3[RTB         ]: carry=1 | gave_up=0
R4[BASE_ESC    ]: carry=0 | gave_up=0

[DEPOSIT] Robot 1 deposited! Total: 32
  [TARGET] Robot 1 → SITE (0.07,1.87)
[DEPOSIT] Robot 3 deposited! Total: 33
  [TARGET] Robot 3 → SITE (0.27,1.90)

======================================================================
Step 17000 (9.1 min) [ONLINE] | Pickups: 33 | Deposits: 33 | Rate: 3.64 tags/min | phero=6
======================================================================
R1[SITE        ]: carry=0 | gave_up=0
R2[EXPLORE     ]: carry=0 | gave_up=0
R3[BASE_ESC    ]: carry=0 | gave_up=0
R4[EXPLORE     ]: carry=0 | gave_up=0


======================================================================
Step 17500 (9.3 min) [ONLINE] | Pickups: 33 | Deposits: 33 | Rate: 3.54 tags/min | phero=6
======================================================================
R1[SITE        ]: carry=0 | gave_up=0
R2[EXPLORE     ]: carry=0 | gave_up=0
R3[SITE        ]: carry=0 | gave_up=0
R4[EXPLORE     ]: carry=0 | gave_up=0

[PICKUP] Robot 3 picked up tag (density=11) | Total: 34
[PICKUP] Robot 1 picked up tag (density=10) | Total: 35

======================================================================
Step 18000 (9.6 min) [ONLINE] | Pickups: 35 | Deposits: 33 | Rate: 3.44 tags/min | phero=6
======================================================================
R1[RTB         ]: carry=1 | gave_up=0
R2[EXPLORE     ]: carry=0 | gave_up=0
R3[RTB         ]: carry=1 | gave_up=0
R4[EXPLORE     ]: carry=0 | gave_up=0

[DEPOSIT] Robot 3 deposited! Total: 34
  [TARGET] Robot 3 → SITE (0.28,1.91)
[DEPOSIT] Robot 1 deposited! Total: 35
  [TARGET] Robot 1 → SITE (0.05,1.91)

======================================================================
Step 18500 (9.9 min) [ONLINE] | Pickups: 35 | Deposits: 35 | Rate: 3.55 tags/min | phero=8
======================================================================
R1[SITE        ]: carry=0 | gave_up=0
R2[EXPLORE     ]: carry=0 | gave_up=0
R3[SITE        ]: carry=0 | gave_up=0
R4[EXPLORE     ]: carry=0 | gave_up=0

[GIVE-UP] R4 giving up after 2192 steps
[PICKUP] Robot 3 picked up tag (density=9) | Total: 36
TIMEOUT_RESULT pickups=36 deposits=35 steps=18750 elapsed_min=10.000000 disconnect_start=3.0 disconnect_duration=5.0
BATCH_RESULT pickups=36 deposits=35
