=================================================================
CPFA BASELINE — ARGoS-calibrated parameters
  Params file                  = /home/sara/Documents/RL-FL-Foraging/cpfa_tuning_20260715_140546/trial_038/params.yaml
  Results file                 = /home/sara/Documents/RL-FL-Foraging/controllers/cpfa_baseline/results/cpfa_baseline_results_20260715_151151.txt
  RateOfLayingPheromone        = 1.013284589336898
  RateOfSiteFidelity           = 1.279359650367693
  RateOfPheromoneDecay         = 0.14145888158059644 /s  (lifetime ~49s)
  ProbabilityOfReturningToNest = 0.07838087346122047 (every 5 sec → E[give-up] ~64s)
  UninformedSearchVariation    = 1.46 rad (83.9°)
  RateOfInformedSearchDecay    = 1.380884148215712 /waypoint
  ProbabilityOfSwitchingToSearching = 0.7955270810421093 (every 5 sec in uninformed DEPARTING)
=================================================================

[PICKUP] R2 picked up tag (density=6) | Total: 1
[PICKUP] R4 picked up tag (density=9) | Total: 2
[PICKUP] R1 picked up tag (density=8) | Total: 3
[DEPOSIT] R4 deposited! Total: 1
  [PHERO] Laid at (0.00, -0.50) density=9 prob=1.00 entries=1
  [TARGET] R4 → SITE (0.00, -0.50)
[DEPOSIT] R2 deposited! Total: 2
  [PHERO] Laid at (0.50, 0.00) density=6 prob=1.00 entries=2
  [TARGET] R2 → SITE (0.50, 0.00)
[DEPOSIT] R1 deposited! Total: 3
  [PHERO] Laid at (-0.11, -0.38) density=8 prob=1.00 entries=3
  [TARGET] R1 → SITE (-0.11, -0.38)
[PICKUP] R4 picked up tag (density=9) | Total: 4

======================================================================
Step 500 (0.3 min) | Pickups: 4 | Deposits: 3 | Rate: 11.25 tags/min | phero_entries=3 max_w=0.722
======================================================================
R1[BASE_ESC  ]: carry=0 | base=0.23 | wall=2.27 | search=  0 | target=site(-0.11,-0.38)
R2[SITE      ]: carry=0 | base=0.28 | wall=2.25 | search=  0 | target=site(0.50,0.00)
R3[SEARCH    ]: carry=0 | base=0.65 | wall=1.94 | search=344 | target=none
R4[SURVEY    ]: carry=1 | base=0.35 | wall=2.18 | search=  0 | target=none

[PICKUP] R2 picked up tag (density=7) | Total: 5
[DEPOSIT] R4 deposited! Total: 4
  [PHERO] Laid at (0.13, -0.32) density=9 prob=1.00 entries=4
  [TARGET] R4 → SITE (0.13, -0.32)
[DEPOSIT] R2 deposited! Total: 5
  [PHERO] Laid at (0.37, -0.12) density=7 prob=1.00 entries=5
  [TARGET] R2 → SITE (0.37, -0.12)
  [GIVE-UP] R3 returned empty after 624 searching steps
  [TARGET] R3 → PHERO (0.37, -0.12)
[PICKUP] R4 picked up tag (density=8) | Total: 6

======================================================================
Step 1000 (0.5 min) | Pickups: 6 | Deposits: 5 | Rate: 9.38 tags/min | phero_entries=5 max_w=0.586
======================================================================
R1[SEARCH    ]: carry=0 | base=0.33 | wall=2.25 | search=361 | target=site(-0.11,-0.38)
R2[SITE      ]: carry=0 | base=0.27 | wall=2.24 | search=  0 | target=site(0.37,-0.12)
R3[BASE_ESC  ]: carry=0 | base=0.22 | wall=2.32 | search=  0 | target=phero(0.37,-0.12)
R4[SURVEY    ]: carry=1 | base=0.36 | wall=2.18 | search=  0 | target=none

  [GIVE-UP] R2 returned empty after 156 searching steps
  [TARGET] R2 → PHERO (0.50, 0.00)
[DEPOSIT] R4 deposited! Total: 6
  [PHERO] Laid at (0.18, -0.32) density=8 prob=1.00 entries=6
  [TARGET] R4 → SITE (0.18, -0.32)

======================================================================
Step 1500 (0.8 min) | Pickups: 6 | Deposits: 6 | Rate: 7.50 tags/min | phero_entries=6 max_w=0.445
======================================================================
R1[SEARCH    ]: carry=0 | base=0.32 | wall=2.24 | search=861 | target=site(-0.11,-0.38)
R2[PHERO     ]: carry=0 | base=0.46 | wall=2.04 | search=  0 | target=phero(0.50,0.00)
R3[BASE_ESC  ]: carry=0 | base=0.25 | wall=2.29 | search=  0 | target=phero(0.37,-0.12)
R4[SITE      ]: carry=0 | base=0.34 | wall=2.24 | search=  0 | target=site(0.18,-0.32)

[PICKUP] R2 picked up tag (density=4) | Total: 7
[DEPOSIT] R2 deposited! Total: 7
  [PHERO] Laid at (0.48, 0.03) density=4 prob=1.00 entries=6
  [TARGET] R2 → SITE (0.48, 0.03)

======================================================================
Step 2000 (1.1 min) | Pickups: 7 | Deposits: 7 | Rate: 6.56 tags/min | phero_entries=4 max_w=0.600
======================================================================
R1[SEARCH    ]: carry=0 | base=0.47 | wall=2.10 | search=1361 | target=site(-0.11,-0.38)
R2[SITE      ]: carry=0 | base=0.26 | wall=2.27 | search=  0 | target=site(0.48,0.03)
R3[SEARCH    ]: carry=0 | base=0.48 | wall=2.10 | search=302 | target=phero(0.37,-0.12)
R4[SEARCH    ]: carry=0 | base=0.36 | wall=2.23 | search=471 | target=site(0.18,-0.32)

[PICKUP] R3 picked up tag (density=7) | Total: 8
[DEPOSIT] R3 deposited! Total: 8
  [PHERO] Laid at (0.26, -0.42) density=7 prob=1.00 entries=4
  [TARGET] R3 → SITE (0.26, -0.42)

======================================================================
Step 2500 (1.3 min) | Pickups: 8 | Deposits: 8 | Rate: 6.00 tags/min | phero_entries=3 max_w=0.540
======================================================================
R1[SEARCH    ]: carry=0 | base=0.35 | wall=2.15 | search=1861 | target=site(-0.11,-0.38)
R2[SEARCH    ]: carry=0 | base=0.47 | wall=2.07 | search=395 | target=site(0.48,0.03)
R3[SITE      ]: carry=0 | base=0.28 | wall=2.25 | search=  0 | target=site(0.26,-0.42)
R4[SEARCH    ]: carry=0 | base=0.45 | wall=2.06 | search=971 | target=site(0.18,-0.32)

  [GIVE-UP] R1 returned empty after 2184 searching steps
  [TARGET] R1 → PHERO (0.26, -0.42)

======================================================================
Step 3000 (1.6 min) | Pickups: 8 | Deposits: 8 | Rate: 5.00 tags/min | phero_entries=2 max_w=0.056
======================================================================
R1[PHERO     ]: carry=0 | base=0.27 | wall=2.24 | search=  0 | target=phero(0.26,-0.42)
R2[SEARCH    ]: carry=0 | base=0.84 | wall=1.87 | search=895 | target=site(0.48,0.03)
R3[SEARCH    ]: carry=0 | base=0.53 | wall=2.05 | search=416 | target=site(0.26,-0.42)
R4[SEARCH    ]: carry=0 | base=0.34 | wall=2.18 | search=1471 | target=site(0.18,-0.32)

[PICKUP] R3 picked up tag (density=3) | Total: 9
  [GIVE-UP] R4 returned empty after 1560 searching steps
  [TARGET] R4 → PHERO (0.26, -0.42)

======================================================================
Step 3500 (1.9 min) | Pickups: 9 | Deposits: 8 | Rate: 4.29 tags/min | phero_entries=1 max_w=0.006
======================================================================
R1[SEARCH    ]: carry=0 | base=0.48 | wall=2.11 | search= 42 | target=phero(0.26,-0.42)
R2[SEARCH    ]: carry=0 | base=0.87 | wall=1.75 | search=1395 | target=site(0.48,0.03)
R3[RTB       ]: carry=1 | base=0.30 | wall=2.20 | search=  0 | target=none
R4[SEARCH    ]: carry=0 | base=0.47 | wall=2.08 | search= 98 | target=phero(0.26,-0.42)

[DEPOSIT] R3 deposited! Total: 9
  [PHERO] Laid at (0.46, -0.08) density=3 prob=0.98 entries=2
  [TARGET] R3 → SITE (0.46, -0.08)
  [GIVE-UP] R4 returned empty after 156 searching steps
  [TARGET] R4 → PHERO (0.46, -0.08)
  [GIVE-UP] R2 returned empty after 1560 searching steps
  [TARGET] R2 → PHERO (0.46, -0.08)
[PICKUP] R3 picked up tag (density=2) | Total: 10

======================================================================
Step 4000 (2.1 min) | Pickups: 10 | Deposits: 9 | Rate: 4.22 tags/min | phero_entries=1 max_w=0.111
======================================================================
R1[SEARCH    ]: carry=0 | base=0.58 | wall=2.06 | search=542 | target=phero(0.26,-0.42)
R2[PHERO     ]: carry=0 | base=0.30 | wall=2.24 | search=  0 | target=phero(0.46,-0.08)
R3[SURVEY    ]: carry=1 | base=0.62 | wall=1.89 | search=  0 | target=none
R4[SEARCH    ]: carry=0 | base=0.56 | wall=1.96 | search=115 | target=phero(0.46,-0.08)

[PICKUP] R2 picked up tag (density=1) | Total: 11
[DEPOSIT] R3 deposited! Total: 10
  [PHERO] Laid at (0.52, -0.12) density=2 prob=0.92 entries=2
  [TARGET] R3 → SITE (0.52, -0.12)
  [GIVE-UP] R4 returned empty after 312 searching steps
  [TARGET] R4 → PHERO (0.52, -0.12)

======================================================================
Step 4500 (2.4 min) | Pickups: 11 | Deposits: 10 | Rate: 4.17 tags/min | phero_entries=2 max_w=0.325
======================================================================
R1[SEARCH    ]: carry=0 | base=0.88 | wall=1.86 | search=1042 | target=phero(0.26,-0.42)
R2[RTB       ]: carry=1 | base=0.49 | wall=2.01 | search=  0 | target=none
R3[SITE      ]: carry=0 | base=0.44 | wall=2.07 | search=  0 | target=site(0.52,-0.12)
R4[PHERO     ]: carry=0 | base=0.32 | wall=2.19 | search=  0 | target=phero(0.52,-0.12)

[DEPOSIT] R2 deposited! Total: 11
  [PHERO] Laid at (0.52, -0.10) density=1 prob=0.73 entries=3
  [TARGET] R2 → SITE (0.52, -0.10)

======================================================================
Step 5000 (2.7 min) | Pickups: 11 | Deposits: 11 | Rate: 4.12 tags/min | phero_entries=3 max_w=0.192
======================================================================
R1[SEARCH    ]: carry=0 | base=0.80 | wall=1.84 | search=1542 | target=phero(0.26,-0.42)
R2[SEARCH    ]: carry=0 | base=0.56 | wall=1.94 | search=128 | target=site(0.52,-0.10)
R3[SEARCH    ]: carry=0 | base=0.61 | wall=1.89 | search=475 | target=site(0.52,-0.12)
R4[SEARCH    ]: carry=0 | base=0.47 | wall=2.03 | search=380 | target=phero(0.52,-0.12)

  [GIVE-UP] R2 returned empty after 468 searching steps
  [TARGET] R2 → PHERO (0.52, -0.10)

======================================================================
Step 5500 (2.9 min) | Pickups: 11 | Deposits: 11 | Rate: 3.75 tags/min | phero_entries=2 max_w=0.020
======================================================================
R1[SEARCH    ]: carry=0 | base=0.70 | wall=1.84 | search=2042 | target=phero(0.26,-0.42)
R2[BASE_ESC  ]: carry=0 | base=0.22 | wall=2.30 | search=  0 | target=phero(0.52,-0.10)
R3[SEARCH    ]: carry=0 | base=0.52 | wall=2.03 | search=975 | target=site(0.52,-0.12)
R4[SEARCH    ]: carry=0 | base=0.71 | wall=1.81 | search=880 | target=phero(0.52,-0.12)


======================================================================
Step 6000 (3.2 min) | Pickups: 11 | Deposits: 11 | Rate: 3.44 tags/min | phero_entries=1 max_w=0.002
======================================================================
R1[SEARCH    ]: carry=0 | base=0.61 | wall=1.98 | search=2542 | target=phero(0.26,-0.42)
R2[SEARCH    ]: carry=0 | base=0.58 | wall=1.93 | search=316 | target=phero(0.52,-0.10)
R3[SEARCH    ]: carry=0 | base=0.48 | wall=2.03 | search=1475 | target=site(0.52,-0.12)
R4[SEARCH    ]: carry=0 | base=0.55 | wall=1.95 | search=1380 | target=phero(0.52,-0.12)


======================================================================
Step 6500 (3.5 min) | Pickups: 11 | Deposits: 11 | Rate: 3.17 tags/min | phero_entries=0 max_w=0.000
======================================================================
R1[SEARCH    ]: carry=0 | base=0.51 | wall=2.11 | search=3042 | target=phero(0.26,-0.42)
R2[SEARCH    ]: carry=0 | base=0.46 | wall=2.04 | search=816 | target=phero(0.52,-0.10)
R3[SEARCH    ]: carry=0 | base=0.64 | wall=1.92 | search=1975 | target=site(0.52,-0.12)
R4[SEARCH    ]: carry=0 | base=0.44 | wall=2.06 | search=1880 | target=phero(0.52,-0.12)


======================================================================
Step 7000 (3.7 min) | Pickups: 11 | Deposits: 11 | Rate: 2.95 tags/min | phero_entries=0 max_w=0.000
======================================================================
R1[SEARCH    ]: carry=0 | base=0.29 | wall=2.25 | search=3542 | target=phero(0.26,-0.42)
R2[SEARCH    ]: carry=0 | base=0.99 | wall=1.57 | search=1316 | target=phero(0.52,-0.10)
R3[GIVE_UP   ]: carry=0 | base=0.26 | wall=2.25 | search=2340 | target=none
R4[SEARCH    ]: carry=0 | base=0.44 | wall=2.11 | search=2380 | target=phero(0.52,-0.12)

  [GIVE-UP] R3 returned empty after 2340 searching steps
  [TARGET] R3 → WALL (2.42, -0.23)

======================================================================
Step 7500 (4.0 min) | Pickups: 11 | Deposits: 11 | Rate: 2.75 tags/min | phero_entries=0 max_w=0.000
======================================================================
R1[SEARCH    ]: carry=0 | base=0.26 | wall=2.24 | search=4042 | target=phero(0.26,-0.42)
R2[SEARCH    ]: carry=0 | base=0.95 | wall=1.64 | search=1816 | target=phero(0.52,-0.10)
R3[SEARCH    ]: carry=0 | base=0.94 | wall=1.59 | search=233 | target=none
R4[SEARCH    ]: carry=0 | base=0.70 | wall=1.94 | search=2880 | target=phero(0.52,-0.12)

[PICKUP] R4 picked up tag (density=4) | Total: 12

======================================================================
Step 8000 (4.3 min) | Pickups: 12 | Deposits: 11 | Rate: 2.58 tags/min | phero_entries=0 max_w=0.000
======================================================================
R1[SEARCH    ]: carry=0 | base=0.32 | wall=2.27 | search=4542 | target=phero(0.26,-0.42)
R2[SEARCH    ]: carry=0 | base=0.82 | wall=1.75 | search=2316 | target=phero(0.52,-0.10)
R3[SEARCH    ]: carry=0 | base=0.98 | wall=1.62 | search=733 | target=none
R4[RTB       ]: carry=1 | base=0.64 | wall=1.97 | search=  0 | target=none

[DEPOSIT] R4 deposited! Total: 12
  [PHERO] Laid at (0.32, -0.61) density=4 prob=1.00 entries=1
  [TARGET] R4 → SITE (0.32, -0.61)
[PICKUP] R4 picked up tag (density=3) | Total: 13

======================================================================
Step 8500 (4.5 min) | Pickups: 13 | Deposits: 12 | Rate: 2.65 tags/min | phero_entries=1 max_w=0.170
======================================================================
R1[GIVE_UP   ]: carry=0 | base=0.61 | wall=1.98 | search=4992 | target=none
R2[SEARCH    ]: carry=0 | base=0.75 | wall=1.77 | search=2816 | target=phero(0.52,-0.10)
R3[SEARCH    ]: carry=0 | base=0.93 | wall=1.59 | search=1233 | target=none
R4[SURVEY    ]: carry=1 | base=0.62 | wall=1.93 | search=  0 | target=none

  [GIVE-UP] R1 returned empty after 4992 searching steps
  [TARGET] R1 → PHERO (0.32, -0.61)
[PICKUP] R1 picked up tag (density=2) | Total: 14
  [GIVE-UP] R3 returned empty after 1404 searching steps
  [TARGET] R3 → PHERO (0.32, -0.61)
[DEPOSIT] R4 deposited! Total: 13
  [PHERO] Laid at (0.24, -0.57) density=3 prob=0.98 entries=2
  [TARGET] R4 → SITE (0.24, -0.57)
  [GIVE-UP] R2 returned empty after 2964 searching steps
  [TARGET] R2 → PHERO (0.24, -0.57)

======================================================================
Step 9000 (4.8 min) | Pickups: 14 | Deposits: 13 | Rate: 2.71 tags/min | phero_entries=2 max_w=0.545
======================================================================
R1[RTB       ]: carry=1 | base=0.39 | wall=2.12 | search=  0 | target=none
R2[BASE_ESC  ]: carry=0 | base=0.23 | wall=2.28 | search=  0 | target=phero(0.24,-0.57)
R3[PHERO     ]: carry=0 | base=0.29 | wall=2.22 | search=  0 | target=phero(0.32,-0.61)
R4[SITE      ]: carry=0 | base=0.29 | wall=2.28 | search=  0 | target=site(0.24,-0.57)

[DEPOSIT] R1 deposited! Total: 14
  [PHERO] Laid at (0.05, -0.40) density=2 prob=0.92 entries=3
  [TARGET] R1 → SITE (0.05, -0.40)
[PICKUP] R2 picked up tag (density=1) | Total: 15

======================================================================
Step 9500 (5.1 min) | Pickups: 15 | Deposits: 14 | Rate: 2.76 tags/min | phero_entries=3 max_w=0.137
======================================================================
R1[SEARCH    ]: carry=0 | base=0.53 | wall=2.07 | search=228 | target=site(0.05,-0.40)
R2[RTB       ]: carry=1 | base=0.60 | wall=1.94 | search=  0 | target=none
R3[SEARCH    ]: carry=0 | base=0.77 | wall=1.81 | search=321 | target=phero(0.32,-0.61)
R4[SEARCH    ]: carry=0 | base=0.57 | wall=2.08 | search=400 | target=site(0.24,-0.57)

[DEPOSIT] R2 deposited! Total: 15
  [TARGET] R2 → PHERO (0.24, -0.57)
  [GIVE-UP] R1 returned empty after 312 searching steps
  [TARGET] R1 → PHERO (0.24, -0.57)
  [GIVE-UP] R4 returned empty after 624 searching steps
  [TARGET] R4 → PHERO (0.05, -0.40)
  [GIVE-UP] R3 returned empty after 624 searching steps
  [TARGET] R3 → PHERO (0.05, -0.40)

======================================================================
Step 10000 (5.3 min) | Pickups: 15 | Deposits: 15 | Rate: 2.81 tags/min | phero_entries=2 max_w=0.014
======================================================================
R1[SEARCH    ]: carry=0 | base=0.62 | wall=1.93 | search= 25 | target=phero(0.24,-0.57)
R2[SEARCH    ]: carry=0 | base=0.77 | wall=1.84 | search=164 | target=phero(0.24,-0.57)
R3[BASE_ESC  ]: carry=0 | base=0.22 | wall=2.28 | search=  0 | target=phero(0.05,-0.40)
R4[BASE_ESC  ]: carry=0 | base=0.22 | wall=2.33 | search=  0 | target=phero(0.05,-0.40)

  [GIVE-UP] R4 returned empty after 156 searching steps
  [TARGET] R4 → PHERO (0.05, -0.40)

======================================================================
Step 10500 (5.6 min) | Pickups: 15 | Deposits: 15 | Rate: 2.68 tags/min | phero_entries=1 max_w=0.001
======================================================================
R1[SEARCH    ]: carry=0 | base=0.49 | wall=2.02 | search=525 | target=phero(0.24,-0.57)
R2[SEARCH    ]: carry=0 | base=1.01 | wall=1.58 | search=664 | target=phero(0.24,-0.57)
R3[SEARCH    ]: carry=0 | base=0.46 | wall=2.08 | search=339 | target=phero(0.05,-0.40)
R4[BASE_ESC  ]: carry=0 | base=0.23 | wall=2.31 | search=  0 | target=phero(0.05,-0.40)

  [GIVE-UP] R3 returned empty after 468 searching steps
  [TARGET] R3 → WALL (-1.24, -2.42)

======================================================================
Step 11000 (5.9 min) | Pickups: 15 | Deposits: 15 | Rate: 2.56 tags/min | phero_entries=0 max_w=0.000
======================================================================
R1[BASE_ESC  ]: carry=0 | base=0.25 | wall=2.25 | search=1025 | target=phero(0.24,-0.57)
R2[SEARCH    ]: carry=0 | base=0.77 | wall=1.89 | search=1164 | target=phero(0.24,-0.57)
R3[SEARCH    ]: carry=0 | base=0.62 | wall=1.88 | search=109 | target=none
R4[SEARCH    ]: carry=0 | base=0.61 | wall=1.89 | search=298 | target=phero(0.05,-0.40)

  [GIVE-UP] R4 returned empty after 312 searching steps
  [TARGET] R4 → WALL (0.20, 2.42)

======================================================================
Step 11500 (6.1 min) | Pickups: 15 | Deposits: 15 | Rate: 2.45 tags/min | phero_entries=0 max_w=0.000
======================================================================
R1[GIVE_UP   ]: carry=0 | base=0.34 | wall=2.18 | search=1404 | target=none
R2[SEARCH    ]: carry=0 | base=1.00 | wall=1.55 | search=1664 | target=phero(0.24,-0.57)
R3[SEARCH    ]: carry=0 | base=0.69 | wall=1.83 | search=609 | target=none
R4[DEPART    ]: carry=0 | base=0.29 | wall=2.21 | search=  0 | target=none

  [GIVE-UP] R1 returned empty after 1404 searching steps
  [TARGET] R1 → WALL (2.42, -0.36)

======================================================================
Step 12000 (6.4 min) | Pickups: 15 | Deposits: 15 | Rate: 2.34 tags/min | phero_entries=0 max_w=0.000
======================================================================
R1[SEARCH    ]: carry=0 | base=1.02 | wall=1.48 | search=209 | target=none
R2[SEARCH    ]: carry=0 | base=0.84 | wall=1.80 | search=2164 | target=phero(0.24,-0.57)
R3[SEARCH    ]: carry=0 | base=0.54 | wall=2.02 | search=1109 | target=none
R4[SEARCH    ]: carry=0 | base=0.32 | wall=2.24 | search=412 | target=none

  [GIVE-UP] R4 returned empty after 780 searching steps
  [TARGET] R4 → WALL (2.42, -1.60)

======================================================================
Step 12500 (6.7 min) | Pickups: 15 | Deposits: 15 | Rate: 2.25 tags/min | phero_entries=0 max_w=0.000
======================================================================
R1[SEARCH    ]: carry=0 | base=1.12 | wall=1.40 | search=709 | target=none
R2[SEARCH    ]: carry=0 | base=0.79 | wall=1.82 | search=2664 | target=phero(0.24,-0.57)
R3[SEARCH    ]: carry=0 | base=0.71 | wall=1.79 | search=1609 | target=none
R4[BASE_ESC  ]: carry=0 | base=0.23 | wall=2.27 | search=  0 | target=none


======================================================================
Step 13000 (6.9 min) | Pickups: 15 | Deposits: 15 | Rate: 2.16 tags/min | phero_entries=0 max_w=0.000
======================================================================
R1[SEARCH    ]: carry=0 | base=1.10 | wall=1.41 | search=1209 | target=none
R2[SEARCH    ]: carry=0 | base=0.68 | wall=1.92 | search=3164 | target=phero(0.24,-0.57)
R3[GIVE_UP   ]: carry=0 | base=0.80 | wall=1.76 | search=2028 | target=none
R4[GIVE_UP   ]: carry=0 | base=0.71 | wall=1.91 | search=312 | target=none

  [GIVE-UP] R3 returned empty after 2028 searching steps
  [TARGET] R3 → WALL (-1.85, -2.42)
  [GIVE-UP] R4 returned empty after 312 searching steps
  [TARGET] R4 → WALL (2.42, 0.68)

======================================================================
Step 13500 (7.2 min) | Pickups: 15 | Deposits: 15 | Rate: 2.08 tags/min | phero_entries=0 max_w=0.000
======================================================================
R1[SEARCH    ]: carry=0 | base=0.87 | wall=1.63 | search=1709 | target=none
R2[SEARCH    ]: carry=0 | base=0.56 | wall=2.05 | search=3664 | target=phero(0.24,-0.57)
R3[DEPART    ]: carry=0 | base=0.80 | wall=1.75 | search=  0 | target=none
R4[SEARCH    ]: carry=0 | base=0.78 | wall=1.72 | search=  4 | target=none


======================================================================
Step 14000 (7.5 min) | Pickups: 15 | Deposits: 15 | Rate: 2.01 tags/min | phero_entries=0 max_w=0.000
======================================================================
R1[GIVE_UP   ]: carry=0 | base=0.75 | wall=1.79 | search=2184 | target=none
R2[SEARCH    ]: carry=0 | base=0.62 | wall=1.98 | search=4164 | target=phero(0.24,-0.57)
R3[SEARCH    ]: carry=0 | base=1.05 | wall=1.66 | search=416 | target=none
R4[SEARCH    ]: carry=0 | base=0.65 | wall=1.85 | search=504 | target=none

  [GIVE-UP] R1 returned empty after 2184 searching steps
  [TARGET] R1 → WALL (2.42, -0.05)

======================================================================
Step 14500 (7.7 min) | Pickups: 15 | Deposits: 15 | Rate: 1.94 tags/min | phero_entries=0 max_w=0.000
======================================================================
R1[DEPART    ]: carry=0 | base=1.10 | wall=1.40 | search=  0 | target=none
R2[SEARCH    ]: carry=0 | base=0.97 | wall=1.74 | search=4664 | target=phero(0.24,-0.57)
R3[SEARCH    ]: carry=0 | base=1.19 | wall=1.55 | search=916 | target=none
R4[SEARCH    ]: carry=0 | base=0.91 | wall=1.60 | search=1004 | target=none


======================================================================
Step 15000 (8.0 min) | Pickups: 15 | Deposits: 15 | Rate: 1.88 tags/min | phero_entries=0 max_w=0.000
======================================================================
R1[SEARCH    ]: carry=0 | base=1.27 | wall=1.23 | search=447 | target=none
R2[SEARCH    ]: carry=0 | base=0.88 | wall=1.72 | search=5164 | target=phero(0.24,-0.57)
R3[SEARCH    ]: carry=0 | base=1.41 | wall=1.32 | search=1416 | target=none
R4[SEARCH    ]: carry=0 | base=0.62 | wall=1.94 | search=1504 | target=none


======================================================================
Step 15500 (8.3 min) | Pickups: 15 | Deposits: 15 | Rate: 1.81 tags/min | phero_entries=0 max_w=0.000
======================================================================
R1[GIVE_UP   ]: carry=0 | base=0.29 | wall=2.21 | search=624 | target=none
R2[SEARCH    ]: carry=0 | base=0.94 | wall=1.78 | search=5664 | target=phero(0.24,-0.57)
R3[SEARCH    ]: carry=0 | base=1.60 | wall=1.18 | search=1916 | target=none
R4[SEARCH    ]: carry=0 | base=0.37 | wall=2.16 | search=2004 | target=none

  [GIVE-UP] R1 returned empty after 624 searching steps
  [TARGET] R1 → WALL (-2.42, 1.96)

======================================================================
Step 16000 (8.5 min) | Pickups: 15 | Deposits: 15 | Rate: 1.76 tags/min | phero_entries=0 max_w=0.000
======================================================================
R1[SEARCH    ]: carry=0 | base=0.34 | wall=2.24 | search=150 | target=none
R2[SEARCH    ]: carry=0 | base=0.88 | wall=1.76 | search=6164 | target=phero(0.24,-0.57)
R3[SEARCH    ]: carry=0 | base=1.49 | wall=1.32 | search=2416 | target=none
R4[SEARCH    ]: carry=0 | base=0.54 | wall=1.96 | search=2504 | target=none

  [GIVE-UP] R1 returned empty after 156 searching steps
  [TARGET] R1 → WALL (0.36, -2.42)

======================================================================
Step 16500 (8.8 min) | Pickups: 15 | Deposits: 15 | Rate: 1.70 tags/min | phero_entries=0 max_w=0.000
======================================================================
R1[SEARCH    ]: carry=0 | base=1.13 | wall=1.42 | search=  9 | target=none
R2[SEARCH    ]: carry=0 | base=1.06 | wall=1.45 | search=6664 | target=phero(0.24,-0.57)
R3[SEARCH    ]: carry=0 | base=1.42 | wall=1.48 | search=2916 | target=none
R4[SEARCH    ]: carry=0 | base=0.71 | wall=1.85 | search=3004 | target=none


======================================================================
Step 17000 (9.1 min) | Pickups: 15 | Deposits: 15 | Rate: 1.65 tags/min | phero_entries=0 max_w=0.000
======================================================================
R1[SEARCH    ]: carry=0 | base=1.16 | wall=1.38 | search=509 | target=none
R2[SEARCH    ]: carry=0 | base=1.09 | wall=1.47 | search=7164 | target=phero(0.24,-0.57)
R3[SEARCH    ]: carry=0 | base=1.26 | wall=1.47 | search=3416 | target=none
R4[GIVE_UP   ]: carry=0 | base=0.59 | wall=1.92 | search=3432 | target=none

  [GIVE-UP] R4 returned empty after 3432 searching steps
  [TARGET] R4 → WALL (-2.42, -0.68)

======================================================================
Step 17500 (9.3 min) | Pickups: 15 | Deposits: 15 | Rate: 1.61 tags/min | phero_entries=0 max_w=0.000
======================================================================
R1[SEARCH    ]: carry=0 | base=1.05 | wall=1.52 | search=1009 | target=none
R2[SEARCH    ]: carry=0 | base=0.98 | wall=1.55 | search=7664 | target=phero(0.24,-0.57)
R3[GIVE_UP   ]: carry=0 | base=0.64 | wall=1.93 | search=3588 | target=none
R4[BASE_ESC  ]: carry=0 | base=0.24 | wall=2.29 | search= 76 | target=none

  [GIVE-UP] R3 returned empty after 3588 searching steps
  [TARGET] R3 → WALL (-2.42, -0.86)

======================================================================
Step 18000 (9.6 min) | Pickups: 15 | Deposits: 15 | Rate: 1.56 tags/min | phero_entries=0 max_w=0.000
======================================================================
R1[SEARCH    ]: carry=0 | base=1.07 | wall=1.45 | search=1509 | target=none
R2[GIVE_UP   ]: carry=0 | base=0.55 | wall=1.96 | search=7956 | target=none
R3[DEPART    ]: carry=0 | base=1.08 | wall=1.56 | search=  0 | target=none
R4[SEARCH    ]: carry=0 | base=0.50 | wall=2.00 | search=576 | target=none

  [GIVE-UP] R2 returned empty after 7956 searching steps
  [TARGET] R2 → WALL (0.36, 2.42)

======================================================================
Step 18500 (9.9 min) | Pickups: 15 | Deposits: 15 | Rate: 1.52 tags/min | phero_entries=0 max_w=0.000
======================================================================
R1[SEARCH    ]: carry=0 | base=1.30 | wall=1.23 | search=2009 | target=none
R2[DEPART    ]: carry=0 | base=0.62 | wall=1.96 | search=  0 | target=none
R3[GIVE_UP   ]: carry=0 | base=0.46 | wall=2.14 | search=312 | target=none
R4[SEARCH    ]: carry=0 | base=0.33 | wall=2.19 | search=1076 | target=none

  [GIVE-UP] R3 returned empty after 312 searching steps
  [TARGET] R3 → WALL (2.42, 1.88)
  [GIVE-UP] R4 returned empty after 1092 searching steps
  [TARGET] R4 → WALL (2.42, 0.98)
TIMEOUT_RESULT pickups=15 deposits=15 steps=18750 elapsed_min=10.000000
BATCH_RESULT pickups=15 deposits=15
