=================================================================
CPFA BASELINE — ARGoS-calibrated parameters
  Params file                  = /home/sara/Documents/RL-FL-Foraging/cpfa_tuning_20260715_140546/trial_038/params.yaml
  Results file                 = /home/sara/Documents/RL-FL-Foraging/controllers/cpfa_baseline/results/cpfa_baseline_results_20260715_151151_1.txt
  RateOfLayingPheromone        = 1.013284589336898
  RateOfSiteFidelity           = 1.279359650367693
  RateOfPheromoneDecay         = 0.14145888158059644 /s  (lifetime ~49s)
  ProbabilityOfReturningToNest = 0.07838087346122047 (every 5 sec → E[give-up] ~64s)
  UninformedSearchVariation    = 1.46 rad (83.9°)
  RateOfInformedSearchDecay    = 1.380884148215712 /waypoint
  ProbabilityOfSwitchingToSearching = 0.7955270810421093 (every 5 sec in uninformed DEPARTING)
=================================================================


======================================================================
Step 500 (0.3 min) | Pickups: 0 | Deposits: 0 | Rate: 0.00 tags/min | phero_entries=0 max_w=0.000
======================================================================
R1[GIVE_UP   ]: carry=0 | base=0.61 | wall=1.99 | search=312 | target=none
R2[SEARCH    ]: carry=0 | base=1.09 | wall=1.48 | search=344 | target=none
R3[BASE_ESC  ]: carry=0 | base=0.24 | wall=2.26 | search=344 | target=none
R4[BASE_ESC  ]: carry=0 | base=0.25 | wall=2.26 | search=272 | target=none

  [GIVE-UP] R1 returned empty after 312 searching steps
  [TARGET] R1 → WALL (-2.42, -0.10)
  [GIVE-UP] R3 returned empty after 624 searching steps
  [TARGET] R3 → WALL (0.92, -2.42)

======================================================================
Step 1000 (0.5 min) | Pickups: 0 | Deposits: 0 | Rate: 0.00 tags/min | phero_entries=0 max_w=0.000
======================================================================
R1[SEARCH    ]: carry=0 | base=0.73 | wall=1.79 | search=  9 | target=none
R2[SEARCH    ]: carry=0 | base=0.76 | wall=1.89 | search=844 | target=none
R3[BASE_ESC  ]: carry=0 | base=0.22 | wall=2.28 | search=  0 | target=none
R4[BASE_ESC  ]: carry=0 | base=0.22 | wall=2.28 | search=772 | target=none

[PICKUP] R2 picked up tag (density=9) | Total: 1
  [GIVE-UP] R3 returned empty after 156 searching steps
  [TARGET] R3 → WALL (2.42, 0.22)

======================================================================
Step 1500 (0.8 min) | Pickups: 1 | Deposits: 0 | Rate: 0.00 tags/min | phero_entries=0 max_w=0.000
======================================================================
R1[GIVE_UP   ]: carry=0 | base=0.76 | wall=1.79 | search=468 | target=none
R2[RTB       ]: carry=1 | base=0.73 | wall=1.97 | search=  0 | target=none
R3[DEPART    ]: carry=0 | base=0.29 | wall=2.21 | search=  0 | target=none
R4[SEARCH    ]: carry=0 | base=0.52 | wall=1.99 | search=1272 | target=none

[DEPOSIT] R2 deposited! Total: 1
  [PHERO] Laid at (0.50, 0.53) density=9 prob=1.00 entries=1
  [TARGET] R2 → SITE (0.50, 0.53)
  [GIVE-UP] R1 returned empty after 468 searching steps
  [TARGET] R1 → PHERO (0.50, 0.53)
[PICKUP] R2 picked up tag (density=8) | Total: 2
[PICKUP] R1 picked up tag (density=7) | Total: 3

======================================================================
Step 2000 (1.1 min) | Pickups: 3 | Deposits: 1 | Rate: 0.94 tags/min | phero_entries=1 max_w=0.251
======================================================================
R1[SURVEY    ]: carry=1 | base=0.38 | wall=2.13 | search=  0 | target=none
R2[SURVEY    ]: carry=1 | base=0.47 | wall=2.11 | search=  0 | target=none
R3[SEARCH    ]: carry=0 | base=1.50 | wall=1.03 | search=206 | target=none
R4[SEARCH    ]: carry=0 | base=0.28 | wall=2.26 | search=1772 | target=none

[DEPOSIT] R1 deposited! Total: 2
  [PHERO] Laid at (0.05, 0.37) density=7 prob=1.00 entries=2
  [TARGET] R1 → SITE (0.05, 0.37)
[DEPOSIT] R2 deposited! Total: 3
  [PHERO] Laid at (0.39, 0.25) density=8 prob=1.00 entries=3
  [TARGET] R2 → SITE (0.39, 0.25)
[PICKUP] R1 picked up tag (density=6) | Total: 4

======================================================================
Step 2500 (1.3 min) | Pickups: 4 | Deposits: 3 | Rate: 2.25 tags/min | phero_entries=3 max_w=0.289
======================================================================
R1[SURVEY    ]: carry=1 | base=0.35 | wall=2.19 | search=  0 | target=none
R2[SEARCH    ]: carry=0 | base=0.45 | wall=2.12 | search= 54 | target=site(0.39,0.25)
R3[SEARCH    ]: carry=0 | base=1.18 | wall=1.36 | search=706 | target=none
R4[SEARCH    ]: carry=0 | base=0.27 | wall=2.23 | search=2272 | target=none

[DEPOSIT] R1 deposited! Total: 4
  [PHERO] Laid at (0.16, 0.31) density=6 prob=1.00 entries=4
  [TARGET] R1 → SITE (0.16, 0.31)
[PICKUP] R1 picked up tag (density=5) | Total: 5

======================================================================
Step 3000 (1.6 min) | Pickups: 5 | Deposits: 4 | Rate: 2.50 tags/min | phero_entries=4 max_w=0.280
======================================================================
R1[SURVEY    ]: carry=1 | base=0.37 | wall=2.18 | search=  0 | target=none
R2[SEARCH    ]: carry=0 | base=0.41 | wall=2.09 | search=554 | target=site(0.39,0.25)
R3[SEARCH    ]: carry=0 | base=1.14 | wall=1.48 | search=1206 | target=none
R4[SEARCH    ]: carry=0 | base=0.40 | wall=2.17 | search=2772 | target=none

[DEPOSIT] R1 deposited! Total: 5
  [PHERO] Laid at (0.19, 0.33) density=5 prob=1.00 entries=4
  [TARGET] R1 → SITE (0.19, 0.33)
[PICKUP] R1 picked up tag (density=4) | Total: 6

======================================================================
Step 3500 (1.9 min) | Pickups: 6 | Deposits: 5 | Rate: 2.68 tags/min | phero_entries=4 max_w=0.291
======================================================================
R1[SURVEY    ]: carry=1 | base=0.40 | wall=2.17 | search=  0 | target=none
R2[SEARCH    ]: carry=0 | base=0.58 | wall=1.92 | search=1054 | target=site(0.39,0.25)
R3[SEARCH    ]: carry=0 | base=1.37 | wall=1.31 | search=1706 | target=none
R4[SEARCH    ]: carry=0 | base=0.31 | wall=2.26 | search=3272 | target=none

[DEPOSIT] R1 deposited! Total: 6
  [PHERO] Laid at (0.23, 0.33) density=4 prob=1.00 entries=3
  [TARGET] R1 → SITE (0.23, 0.33)
  [GIVE-UP] R3 returned empty after 1716 searching steps
  [TARGET] R3 → PHERO (0.23, 0.33)

======================================================================
Step 4000 (2.1 min) | Pickups: 6 | Deposits: 6 | Rate: 2.81 tags/min | phero_entries=3 max_w=0.356
======================================================================
R1[SEARCH    ]: carry=0 | base=0.41 | wall=2.18 | search= 15 | target=site(0.23,0.33)
R2[SEARCH    ]: carry=0 | base=0.58 | wall=1.93 | search=1554 | target=site(0.39,0.25)
R3[BASE_ESC  ]: carry=0 | base=0.22 | wall=2.30 | search=  0 | target=phero(0.23,0.33)
R4[SEARCH    ]: carry=0 | base=0.60 | wall=2.00 | search=3772 | target=none

[PICKUP] R1 picked up tag (density=3) | Total: 7
[DEPOSIT] R1 deposited! Total: 7
  [PHERO] Laid at (0.27, 0.35) density=3 prob=0.98 entries=3
  [TARGET] R1 → SITE (0.27, 0.35)
  [GIVE-UP] R4 returned empty after 3900 searching steps
  [TARGET] R4 → PHERO (0.27, 0.35)

======================================================================
Step 4500 (2.4 min) | Pickups: 7 | Deposits: 7 | Rate: 2.92 tags/min | phero_entries=3 max_w=0.476
======================================================================
R1[SITE      ]: carry=0 | base=0.33 | wall=2.21 | search=  0 | target=site(0.27,0.35)
R2[SEARCH    ]: carry=0 | base=0.33 | wall=2.17 | search=2054 | target=site(0.39,0.25)
R3[SEARCH    ]: carry=0 | base=0.44 | wall=2.10 | search=406 | target=phero(0.23,0.33)
R4[PHERO     ]: carry=0 | base=0.28 | wall=2.25 | search=  0 | target=phero(0.27,0.35)

[PICKUP] R1 picked up tag (density=2) | Total: 8

======================================================================
Step 5000 (2.7 min) | Pickups: 8 | Deposits: 7 | Rate: 2.62 tags/min | phero_entries=2 max_w=0.050
======================================================================
R1[SURVEY    ]: carry=1 | base=0.44 | wall=2.10 | search=  0 | target=none
R2[SEARCH    ]: carry=0 | base=0.29 | wall=2.22 | search=2554 | target=site(0.39,0.25)
R3[SEARCH    ]: carry=0 | base=0.36 | wall=2.14 | search=906 | target=phero(0.23,0.33)
R4[SEARCH    ]: carry=0 | base=0.26 | wall=2.31 | search=284 | target=phero(0.27,0.35)

[DEPOSIT] R1 deposited! Total: 8
  [PHERO] Laid at (0.17, 0.41) density=2 prob=0.92 entries=3
  [TARGET] R1 → SITE (0.17, 0.41)

======================================================================
Step 5500 (2.9 min) | Pickups: 8 | Deposits: 8 | Rate: 2.73 tags/min | phero_entries=2 max_w=0.272
======================================================================
R1[SEARCH    ]: carry=0 | base=0.41 | wall=2.11 | search= 70 | target=site(0.17,0.41)
R2[SEARCH    ]: carry=0 | base=0.35 | wall=2.19 | search=3054 | target=site(0.39,0.25)
R3[SEARCH    ]: carry=0 | base=0.27 | wall=2.23 | search=1406 | target=phero(0.23,0.33)
R4[SEARCH    ]: carry=0 | base=0.28 | wall=2.29 | search=784 | target=phero(0.27,0.35)

  [GIVE-UP] R1 returned empty after 156 searching steps
  [TARGET] R1 → PHERO (0.17, 0.41)
[PICKUP] R4 picked up tag (density=6) | Total: 9
[PICKUP] R1 picked up tag (density=1) | Total: 10

======================================================================
Step 6000 (3.2 min) | Pickups: 10 | Deposits: 8 | Rate: 2.50 tags/min | phero_entries=1 max_w=0.028
======================================================================
R1[SURVEY    ]: carry=1 | base=0.47 | wall=2.09 | search=  0 | target=none
R2[SEARCH    ]: carry=0 | base=0.29 | wall=2.28 | search=3554 | target=site(0.39,0.25)
R3[SEARCH    ]: carry=0 | base=0.53 | wall=1.97 | search=1906 | target=phero(0.23,0.33)
R4[SURVEY    ]: carry=1 | base=0.44 | wall=2.17 | search=  0 | target=none

[DEPOSIT] R1 deposited! Total: 9
  [TARGET] R1 → SITE (0.23, 0.41)
  [GIVE-UP] R2 returned empty after 3588 searching steps
  [TARGET] R2 → PHERO (0.17, 0.41)
[DEPOSIT] R4 deposited! Total: 10
  [PHERO] Laid at (0.33, -0.29) density=6 prob=1.00 entries=2
  [TARGET] R4 → SITE (0.33, -0.29)

======================================================================
Step 6500 (3.5 min) | Pickups: 10 | Deposits: 10 | Rate: 2.88 tags/min | phero_entries=2 max_w=0.300
======================================================================
R1[SEARCH    ]: carry=0 | base=0.48 | wall=2.04 | search=103 | target=site(0.23,0.41)
R2[PHERO     ]: carry=0 | base=0.34 | wall=2.26 | search=  0 | target=phero(0.17,0.41)
R3[BASE_ESC  ]: carry=0 | base=0.24 | wall=2.27 | search=2406 | target=phero(0.23,0.33)
R4[SEARCH    ]: carry=0 | base=0.45 | wall=2.16 | search= 16 | target=site(0.33,-0.29)

[PICKUP] R4 picked up tag (density=5) | Total: 11
[DEPOSIT] R4 deposited! Total: 11
  [PHERO] Laid at (0.34, -0.31) density=5 prob=1.00 entries=2
  [TARGET] R4 → SITE (0.34, -0.31)

======================================================================
Step 7000 (3.7 min) | Pickups: 11 | Deposits: 11 | Rate: 2.95 tags/min | phero_entries=2 max_w=0.565
======================================================================
R1[SEARCH    ]: carry=0 | base=0.46 | wall=2.17 | search=603 | target=site(0.23,0.41)
R2[SEARCH    ]: carry=0 | base=0.47 | wall=2.04 | search=465 | target=phero(0.17,0.41)
R3[SEARCH    ]: carry=0 | base=0.38 | wall=2.17 | search=2906 | target=phero(0.23,0.33)
R4[SITE      ]: carry=0 | base=0.27 | wall=2.24 | search=  0 | target=site(0.34,-0.31)


======================================================================
Step 7500 (4.0 min) | Pickups: 11 | Deposits: 11 | Rate: 2.75 tags/min | phero_entries=2 max_w=0.059
======================================================================
R1[SEARCH    ]: carry=0 | base=0.37 | wall=2.14 | search=1103 | target=site(0.23,0.41)
R2[SEARCH    ]: carry=0 | base=0.60 | wall=2.00 | search=965 | target=phero(0.17,0.41)
R3[SEARCH    ]: carry=0 | base=0.75 | wall=1.92 | search=3406 | target=phero(0.23,0.33)
R4[SEARCH    ]: carry=0 | base=0.76 | wall=1.74 | search=406 | target=site(0.34,-0.31)

  [GIVE-UP] R3 returned empty after 3588 searching steps
  [TARGET] R3 → PHERO (0.34, -0.31)

======================================================================
Step 8000 (4.3 min) | Pickups: 11 | Deposits: 11 | Rate: 2.58 tags/min | phero_entries=1 max_w=0.006
======================================================================
R1[SEARCH    ]: carry=0 | base=0.35 | wall=2.17 | search=1603 | target=site(0.23,0.41)
R2[SEARCH    ]: carry=0 | base=0.44 | wall=2.07 | search=1465 | target=phero(0.17,0.41)
R3[PHERO     ]: carry=0 | base=0.27 | wall=2.23 | search=  0 | target=phero(0.34,-0.31)
R4[SEARCH    ]: carry=0 | base=0.41 | wall=2.13 | search=906 | target=site(0.34,-0.31)


======================================================================
Step 8500 (4.5 min) | Pickups: 11 | Deposits: 11 | Rate: 2.43 tags/min | phero_entries=0 max_w=0.000
======================================================================
R1[SEARCH    ]: carry=0 | base=0.35 | wall=2.15 | search=2103 | target=site(0.23,0.41)
R2[SEARCH    ]: carry=0 | base=0.47 | wall=2.12 | search=1965 | target=phero(0.17,0.41)
R3[SEARCH    ]: carry=0 | base=0.58 | wall=1.96 | search=193 | target=phero(0.34,-0.31)
R4[SEARCH    ]: carry=0 | base=0.64 | wall=1.95 | search=1406 | target=site(0.34,-0.31)

[PICKUP] R4 picked up tag (density=4) | Total: 12

======================================================================
Step 9000 (4.8 min) | Pickups: 12 | Deposits: 11 | Rate: 2.29 tags/min | phero_entries=0 max_w=0.000
======================================================================
R1[SEARCH    ]: carry=0 | base=0.65 | wall=1.86 | search=2603 | target=site(0.23,0.41)
R2[SEARCH    ]: carry=0 | base=0.28 | wall=2.28 | search=2465 | target=phero(0.17,0.41)
R3[SEARCH    ]: carry=0 | base=0.38 | wall=2.19 | search=693 | target=phero(0.34,-0.31)
R4[RTB       ]: carry=1 | base=0.63 | wall=1.99 | search=  0 | target=none

[DEPOSIT] R4 deposited! Total: 12
  [PHERO] Laid at (0.49, -0.45) density=4 prob=1.00 entries=1
  [TARGET] R4 → SITE (0.49, -0.45)
  [GIVE-UP] R2 returned empty after 2652 searching steps
  [TARGET] R2 → PHERO (0.49, -0.45)

======================================================================
Step 9500 (5.1 min) | Pickups: 12 | Deposits: 12 | Rate: 2.37 tags/min | phero_entries=1 max_w=0.172
======================================================================
R1[SEARCH    ]: carry=0 | base=0.68 | wall=1.86 | search=3103 | target=site(0.23,0.41)
R2[SEARCH    ]: carry=0 | base=0.62 | wall=2.05 | search= 91 | target=phero(0.49,-0.45)
R3[SEARCH    ]: carry=0 | base=0.53 | wall=2.00 | search=1193 | target=phero(0.34,-0.31)
R4[SEARCH    ]: carry=0 | base=0.64 | wall=1.97 | search=148 | target=site(0.49,-0.45)

[PICKUP] R4 picked up tag (density=3) | Total: 13

======================================================================
Step 10000 (5.3 min) | Pickups: 13 | Deposits: 12 | Rate: 2.25 tags/min | phero_entries=1 max_w=0.018
======================================================================
R1[SEARCH    ]: carry=0 | base=0.80 | wall=1.82 | search=3603 | target=site(0.23,0.41)
R2[SEARCH    ]: carry=0 | base=0.31 | wall=2.20 | search=591 | target=phero(0.49,-0.45)
R3[SEARCH    ]: carry=0 | base=0.53 | wall=2.03 | search=1693 | target=phero(0.34,-0.31)
R4[SURVEY    ]: carry=1 | base=0.72 | wall=1.90 | search=  0 | target=none

[DEPOSIT] R4 deposited! Total: 13
  [PHERO] Laid at (0.40, -0.60) density=3 prob=0.98 entries=2
  [TARGET] R4 → SITE (0.40, -0.60)
[PICKUP] R4 picked up tag (density=2) | Total: 14

======================================================================
Step 10500 (5.6 min) | Pickups: 14 | Deposits: 13 | Rate: 2.32 tags/min | phero_entries=2 max_w=0.314
======================================================================
R1[SEARCH    ]: carry=0 | base=0.74 | wall=1.82 | search=4103 | target=site(0.23,0.41)
R2[BASE_ESC  ]: carry=0 | base=0.23 | wall=2.33 | search=1091 | target=phero(0.49,-0.45)
R3[SEARCH    ]: carry=0 | base=0.80 | wall=1.80 | search=2193 | target=phero(0.34,-0.31)
R4[SURVEY    ]: carry=1 | base=0.33 | wall=2.20 | search=  0 | target=none

[DEPOSIT] R4 deposited! Total: 14
  [PHERO] Laid at (0.14, -0.30) density=2 prob=0.92 entries=2
  [TARGET] R4 → SITE (0.14, -0.30)
[PICKUP] R4 picked up tag (density=1) | Total: 15
  [GIVE-UP] R2 returned empty after 1404 searching steps
  [TARGET] R2 → PHERO (0.40, -0.60)

======================================================================
Step 11000 (5.9 min) | Pickups: 15 | Deposits: 14 | Rate: 2.39 tags/min | phero_entries=2 max_w=0.226
======================================================================
R1[GIVE_UP   ]: carry=0 | base=0.48 | wall=2.15 | search=4524 | target=none
R2[BASE_ESC  ]: carry=0 | base=0.23 | wall=2.27 | search=  0 | target=phero(0.40,-0.60)
R3[SEARCH    ]: carry=0 | base=1.08 | wall=1.57 | search=2693 | target=phero(0.34,-0.31)
R4[SURVEY    ]: carry=1 | base=0.41 | wall=2.13 | search=  0 | target=none

  [GIVE-UP] R1 returned empty after 4524 searching steps
  [TARGET] R1 → PHERO (0.14, -0.30)
[DEPOSIT] R4 deposited! Total: 15
  [TARGET] R4 → PHERO (0.14, -0.30)
  [GIVE-UP] R3 returned empty after 2808 searching steps
  [TARGET] R3 → PHERO (0.14, -0.30)

======================================================================
Step 11500 (6.1 min) | Pickups: 15 | Deposits: 15 | Rate: 2.45 tags/min | phero_entries=2 max_w=0.023
======================================================================
R1[GIVE_UP   ]: carry=0 | base=0.39 | wall=2.12 | search=312 | target=none
R2[PHERO     ]: carry=0 | base=0.26 | wall=2.24 | search=  0 | target=phero(0.40,-0.60)
R3[PHERO     ]: carry=0 | base=0.31 | wall=2.22 | search=  0 | target=phero(0.14,-0.30)
R4[SEARCH    ]: carry=0 | base=0.35 | wall=2.20 | search= 16 | target=phero(0.14,-0.30)

  [GIVE-UP] R1 returned empty after 312 searching steps
  [TARGET] R1 → PHERO (0.14, -0.30)
  [GIVE-UP] R4 returned empty after 156 searching steps
  [TARGET] R4 → PHERO (0.40, -0.60)

======================================================================
Step 12000 (6.4 min) | Pickups: 15 | Deposits: 15 | Rate: 2.34 tags/min | phero_entries=1 max_w=0.002
======================================================================
R1[BASE_ESC  ]: carry=0 | base=0.23 | wall=2.33 | search=197 | target=phero(0.14,-0.30)
R2[SEARCH    ]: carry=0 | base=0.73 | wall=1.82 | search=244 | target=phero(0.40,-0.60)
R3[SEARCH    ]: carry=0 | base=0.43 | wall=2.07 | search=403 | target=phero(0.14,-0.30)
R4[SEARCH    ]: carry=0 | base=0.75 | wall=1.92 | search= 86 | target=phero(0.40,-0.60)


======================================================================
Step 12500 (6.7 min) | Pickups: 15 | Deposits: 15 | Rate: 2.25 tags/min | phero_entries=0 max_w=0.000
======================================================================
R1[SEARCH    ]: carry=0 | base=0.43 | wall=2.15 | search=697 | target=phero(0.14,-0.30)
R2[SEARCH    ]: carry=0 | base=0.70 | wall=1.94 | search=744 | target=phero(0.40,-0.60)
R3[SEARCH    ]: carry=0 | base=0.50 | wall=2.02 | search=903 | target=phero(0.14,-0.30)
R4[SEARCH    ]: carry=0 | base=0.88 | wall=1.72 | search=586 | target=phero(0.40,-0.60)

  [GIVE-UP] R2 returned empty after 780 searching steps
  [TARGET] R2 → WALL (-2.42, 0.12)

======================================================================
Step 13000 (6.9 min) | Pickups: 15 | Deposits: 15 | Rate: 2.16 tags/min | phero_entries=0 max_w=0.000
======================================================================
R1[SEARCH    ]: carry=0 | base=0.59 | wall=1.91 | search=1197 | target=phero(0.14,-0.30)
R2[DEPART    ]: carry=0 | base=0.33 | wall=2.21 | search=  0 | target=none
R3[SEARCH    ]: carry=0 | base=0.42 | wall=2.16 | search=1403 | target=phero(0.14,-0.30)
R4[SEARCH    ]: carry=0 | base=0.93 | wall=1.78 | search=1086 | target=phero(0.40,-0.60)

  [GIVE-UP] R1 returned empty after 1404 searching steps
  [TARGET] R1 → WALL (-2.42, 2.17)

======================================================================
Step 13500 (7.2 min) | Pickups: 15 | Deposits: 15 | Rate: 2.08 tags/min | phero_entries=0 max_w=0.000
======================================================================
R1[DEPART    ]: carry=0 | base=0.68 | wall=1.99 | search=  0 | target=none
R2[SEARCH    ]: carry=0 | base=0.82 | wall=1.68 | search=294 | target=none
R3[BASE_ESC  ]: carry=0 | base=0.24 | wall=2.32 | search=1903 | target=phero(0.14,-0.30)
R4[SEARCH    ]: carry=0 | base=0.90 | wall=1.78 | search=1586 | target=phero(0.40,-0.60)

  [GIVE-UP] R3 returned empty after 2028 searching steps
  [TARGET] R3 → WALL (-2.42, 2.35)

======================================================================
Step 14000 (7.5 min) | Pickups: 15 | Deposits: 15 | Rate: 2.01 tags/min | phero_entries=0 max_w=0.000
======================================================================
R1[SEARCH    ]: carry=0 | base=0.90 | wall=1.82 | search=462 | target=none
R2[SEARCH    ]: carry=0 | base=1.03 | wall=1.49 | search=794 | target=none
R3[SEARCH    ]: carry=0 | base=0.39 | wall=2.12 | search= 63 | target=none
R4[SEARCH    ]: carry=0 | base=0.65 | wall=1.91 | search=2086 | target=phero(0.40,-0.60)

  [GIVE-UP] R3 returned empty after 156 searching steps
  [TARGET] R3 → WALL (2.42, 0.73)

======================================================================
Step 14500 (7.7 min) | Pickups: 15 | Deposits: 15 | Rate: 1.94 tags/min | phero_entries=0 max_w=0.000
======================================================================
R1[SEARCH    ]: carry=0 | base=0.98 | wall=1.58 | search=962 | target=none
R2[SEARCH    ]: carry=0 | base=1.17 | wall=1.35 | search=1294 | target=none
R3[DEPART    ]: carry=0 | base=0.44 | wall=2.11 | search=  0 | target=none
R4[SEARCH    ]: carry=0 | base=0.92 | wall=1.75 | search=2586 | target=phero(0.40,-0.60)


======================================================================
Step 15000 (8.0 min) | Pickups: 15 | Deposits: 15 | Rate: 1.88 tags/min | phero_entries=0 max_w=0.000
======================================================================
R1[SEARCH    ]: carry=0 | base=1.04 | wall=1.61 | search=1462 | target=none
R2[SEARCH    ]: carry=0 | base=1.25 | wall=1.25 | search=1794 | target=none
R3[SEARCH    ]: carry=0 | base=0.54 | wall=2.04 | search=497 | target=none
R4[SEARCH    ]: carry=0 | base=1.15 | wall=1.65 | search=3086 | target=phero(0.40,-0.60)

  [GIVE-UP] R3 returned empty after 624 searching steps
  [TARGET] R3 → WALL (2.42, 0.92)
  [GIVE-UP] R1 returned empty after 1716 searching steps
  [TARGET] R1 → WALL (-0.02, 2.42)

======================================================================
Step 15500 (8.3 min) | Pickups: 15 | Deposits: 15 | Rate: 1.81 tags/min | phero_entries=0 max_w=0.000
======================================================================
R1[BASE_ESC  ]: carry=0 | base=0.22 | wall=2.28 | search=  0 | target=none
R2[GIVE_UP   ]: carry=0 | base=1.26 | wall=1.26 | search=2184 | target=none
R3[DEPART    ]: carry=0 | base=0.73 | wall=1.94 | search=  0 | target=none
R4[GIVE_UP   ]: carry=0 | base=0.50 | wall=2.09 | search=3432 | target=none

  [GIVE-UP] R4 returned empty after 3432 searching steps
  [TARGET] R4 → WALL (-2.07, 2.42)
  [GIVE-UP] R2 returned empty after 2184 searching steps
  [TARGET] R2 → WALL (2.42, 1.21)

======================================================================
Step 16000 (8.5 min) | Pickups: 15 | Deposits: 15 | Rate: 1.76 tags/min | phero_entries=0 max_w=0.000
======================================================================
R1[SEARCH    ]: carry=0 | base=0.39 | wall=2.22 | search=277 | target=none
R2[DEPART    ]: carry=0 | base=0.27 | wall=2.25 | search=  0 | target=none
R3[SEARCH    ]: carry=0 | base=1.02 | wall=1.52 | search=386 | target=none
R4[DEPART    ]: carry=0 | base=0.45 | wall=2.07 | search=  0 | target=none


======================================================================
Step 16500 (8.8 min) | Pickups: 15 | Deposits: 15 | Rate: 1.70 tags/min | phero_entries=0 max_w=0.000
======================================================================
R1[SEARCH    ]: carry=0 | base=0.77 | wall=1.84 | search=777 | target=none
R2[SEARCH    ]: carry=0 | base=0.87 | wall=1.84 | search=312 | target=none
R3[SEARCH    ]: carry=0 | base=0.79 | wall=1.75 | search=886 | target=none
R4[SEARCH    ]: carry=0 | base=0.82 | wall=1.85 | search=472 | target=none


======================================================================
Step 17000 (9.1 min) | Pickups: 15 | Deposits: 15 | Rate: 1.65 tags/min | phero_entries=0 max_w=0.000
======================================================================
R1[BASE_ESC  ]: carry=0 | base=0.24 | wall=2.26 | search=1277 | target=none
R2[SEARCH    ]: carry=0 | base=0.80 | wall=1.80 | search=812 | target=none
R3[SEARCH    ]: carry=0 | base=1.14 | wall=1.56 | search=1386 | target=none
R4[SEARCH    ]: carry=0 | base=0.68 | wall=1.95 | search=972 | target=none


======================================================================
Step 17500 (9.3 min) | Pickups: 15 | Deposits: 15 | Rate: 1.61 tags/min | phero_entries=0 max_w=0.000
======================================================================
R1[SEARCH    ]: carry=0 | base=0.42 | wall=2.08 | search=1777 | target=none
R2[SEARCH    ]: carry=0 | base=0.94 | wall=1.78 | search=1312 | target=none
R3[SEARCH    ]: carry=0 | base=1.21 | wall=1.45 | search=1886 | target=none
R4[GIVE_UP   ]: carry=0 | base=0.71 | wall=1.98 | search=1404 | target=none

  [GIVE-UP] R4 returned empty after 1404 searching steps
  [TARGET] R4 → WALL (0.22, -2.42)

======================================================================
Step 18000 (9.6 min) | Pickups: 15 | Deposits: 15 | Rate: 1.56 tags/min | phero_entries=0 max_w=0.000
======================================================================
R1[SEARCH    ]: carry=0 | base=0.63 | wall=1.89 | search=2277 | target=none
R2[GIVE_UP   ]: carry=0 | base=0.77 | wall=1.74 | search=1716 | target=none
R3[SEARCH    ]: carry=0 | base=1.12 | wall=1.50 | search=2386 | target=none
R4[DEPART    ]: carry=0 | base=0.63 | wall=1.90 | search=  0 | target=none

  [GIVE-UP] R2 returned empty after 1716 searching steps
  [TARGET] R2 → WALL (-2.42, 0.08)
  [GIVE-UP] R4 returned empty after 156 searching steps
  [TARGET] R4 → WALL (2.42, 1.50)

======================================================================
Step 18500 (9.9 min) | Pickups: 15 | Deposits: 15 | Rate: 1.52 tags/min | phero_entries=0 max_w=0.000
======================================================================
R1[SEARCH    ]: carry=0 | base=0.49 | wall=2.02 | search=2777 | target=none
R2[SEARCH    ]: carry=0 | base=0.26 | wall=2.31 | search= 31 | target=none
R3[SEARCH    ]: carry=0 | base=1.10 | wall=1.60 | search=2886 | target=none
R4[BASE_ESC  ]: carry=0 | base=0.23 | wall=2.29 | search=  0 | target=none

TIMEOUT_RESULT pickups=15 deposits=15 steps=18750 elapsed_min=10.000000
BATCH_RESULT pickups=15 deposits=15
