=================================================================
CPFA BASELINE — ARGoS-calibrated parameters
  Params file                  = /home/sara/Documents/RL-FL-Foraging/cpfa_tuning_20260715_155549/trial_021/params.yaml
  Results file                 = /home/sara/Documents/RL-FL-Foraging/controllers/cpfa_baseline/results/cpfa_baseline_results_20260715_165306.txt
  RateOfLayingPheromone        = 6.18088741054496
  RateOfSiteFidelity           = 2.967812359887452
  RateOfPheromoneDecay         = 0.10691275636305062 /s  (lifetime ~65s)
  ProbabilityOfReturningToNest = 0.13435030269359335 (every 5 sec → E[give-up] ~37s)
  UninformedSearchVariation    = 0.46 rad (26.4°)
  RateOfInformedSearchDecay    = 0.92914231446789 /waypoint
  ProbabilityOfSwitchingToSearching = 0.39886463865597666 (every 5 sec in uninformed DEPARTING)
=================================================================

[PICKUP] R3 picked up tag (density=12) | Total: 1

======================================================================
Step 500 (0.3 min) | Pickups: 1 | Deposits: 0 | Rate: 0.00 tags/min | phero_entries=0 max_w=0.000
======================================================================
R1[SEARCH    ]: carry=0 | base=0.86 | wall=1.66 | search=344 | target=none
R2[SEARCH    ]: carry=0 | base=1.33 | wall=1.34 | search=344 | target=none
R3[SURVEY    ]: carry=1 | base=1.15 | wall=1.65 | search=  0 | target=none
R4[SEARCH    ]: carry=0 | base=1.79 | wall=0.93 | search=188 | target=none

[DEPOSIT] R3 deposited! Total: 1
  [PHERO] Laid at (0.77, 0.85) density=12 prob=0.99 entries=1
  [TARGET] R3 → SITE (0.77, 0.85)

======================================================================
Step 1000 (0.5 min) | Pickups: 1 | Deposits: 1 | Rate: 1.88 tags/min | phero_entries=1 max_w=0.628
======================================================================
R1[SEARCH    ]: carry=0 | base=1.67 | wall=0.86 | search=844 | target=none
R2[GIVE_UP   ]: carry=0 | base=0.88 | wall=1.80 | search=624 | target=none
R3[SITE      ]: carry=0 | base=0.32 | wall=2.22 | search=  0 | target=site(0.77,0.85)
R4[SEARCH    ]: carry=0 | base=0.96 | wall=1.76 | search=688 | target=none

[PICKUP] R2 picked up tag (density=9) | Total: 2
[DEPOSIT] R2 deposited! Total: 2
  [PHERO] Laid at (0.62, -0.48) density=9 prob=0.90 entries=2
  [TARGET] R2 → SITE (0.62, -0.48)
[PICKUP] R3 picked up tag (density=11) | Total: 3

======================================================================
Step 1500 (0.8 min) | Pickups: 3 | Deposits: 2 | Rate: 2.50 tags/min | phero_entries=2 max_w=0.966
======================================================================
R1[WALL_ESC  ]: carry=0 | base=2.22 | wall=0.33 | search=1344 | target=none
R2[BASE_ESC  ]: carry=0 | base=0.23 | wall=2.30 | search=  0 | target=site(0.62,-0.48)
R3[SURVEY    ]: carry=1 | base=1.10 | wall=1.72 | search=  0 | target=none
R4[SEARCH    ]: carry=0 | base=1.41 | wall=1.09 | search=1188 | target=none

[PICKUP] R2 picked up tag (density=8) | Total: 4
[DEPOSIT] R2 deposited! Total: 3
  [PHERO] Laid at (0.31, -0.08) density=8 prob=0.83 entries=3
  [TARGET] R2 → SITE (0.31, -0.08)
[DEPOSIT] R3 deposited! Total: 4
  [PHERO] Laid at (0.77, 0.78) density=11 prob=0.98 entries=4
  [TARGET] R3 → SITE (0.77, 0.78)
  [GIVE-UP] R4 returned empty after 1404 searching steps
  [TARGET] R4 → PHERO (0.77, 0.78)

======================================================================
Step 2000 (1.1 min) | Pickups: 4 | Deposits: 4 | Rate: 3.75 tags/min | phero_entries=4 max_w=0.872
======================================================================
R1[WALL_ESC  ]: carry=0 | base=2.23 | wall=0.33 | search=1844 | target=none
R2[BASE_ESC  ]: carry=0 | base=0.23 | wall=2.28 | search=  0 | target=site(0.31,-0.08)
R3[BASE_ESC  ]: carry=0 | base=0.22 | wall=2.32 | search=  0 | target=site(0.77,0.78)
R4[BASE_ESC  ]: carry=0 | base=0.24 | wall=2.26 | search=  0 | target=phero(0.77,0.78)


======================================================================
Step 2500 (1.3 min) | Pickups: 4 | Deposits: 4 | Rate: 3.00 tags/min | phero_entries=4 max_w=0.158
======================================================================
R1[WALL_ESC  ]: carry=0 | base=2.22 | wall=0.34 | search=2344 | target=none
R2[SEARCH    ]: carry=0 | base=0.26 | wall=2.25 | search=306 | target=site(0.31,-0.08)
R3[SEARCH    ]: carry=0 | base=0.99 | wall=1.76 | search=156 | target=site(0.77,0.78)
R4[PHERO     ]: carry=0 | base=1.00 | wall=1.78 | search=  0 | target=phero(0.77,0.78)

[PICKUP] R3 picked up tag (density=10) | Total: 5
  [GIVE-UP] R2 returned empty after 468 searching steps
  [TARGET] R2 → PHERO (0.31, -0.08)

======================================================================
Step 3000 (1.6 min) | Pickups: 5 | Deposits: 4 | Rate: 2.50 tags/min | phero_entries=3 max_w=0.028
======================================================================
R1[GIVE_UP   ]: carry=0 | base=1.05 | wall=1.47 | search=2496 | target=none
R2[SEARCH    ]: carry=0 | base=0.27 | wall=2.23 | search= 87 | target=phero(0.31,-0.08)
R3[RTB       ]: carry=1 | base=0.67 | wall=1.94 | search=  0 | target=none
R4[GIVE_UP   ]: carry=0 | base=0.78 | wall=1.87 | search=312 | target=none

[DEPOSIT] R3 deposited! Total: 5
  [PHERO] Laid at (0.77, 0.71) density=10 prob=0.95 entries=4
  [TARGET] R3 → SITE (0.77, 0.71)
  [GIVE-UP] R4 returned empty after 312 searching steps
  [TARGET] R4 → PHERO (0.77, 0.71)
  [GIVE-UP] R1 returned empty after 2496 searching steps
  [TARGET] R1 → PHERO (0.77, 0.71)

======================================================================
Step 3500 (1.9 min) | Pickups: 5 | Deposits: 5 | Rate: 2.68 tags/min | phero_entries=4 max_w=0.263
======================================================================
R1[PHERO     ]: carry=0 | base=0.91 | wall=1.84 | search=  0 | target=phero(0.77,0.71)
R2[SEARCH    ]: carry=0 | base=0.26 | wall=2.25 | search=587 | target=phero(0.31,-0.08)
R3[SEARCH    ]: carry=0 | base=1.07 | wall=1.67 | search= 50 | target=site(0.77,0.71)
R4[SEARCH    ]: carry=0 | base=1.03 | wall=1.74 | search= 40 | target=phero(0.77,0.71)

[PICKUP] R3 picked up tag (density=9) | Total: 6
  [GIVE-UP] R2 returned empty after 624 searching steps
  [TARGET] R2 → PHERO (0.77, 0.78)
[PICKUP] R1 picked up tag (density=8) | Total: 7

======================================================================
Step 4000 (2.1 min) | Pickups: 7 | Deposits: 5 | Rate: 2.34 tags/min | phero_entries=1 max_w=0.048
======================================================================
R1[SURVEY    ]: carry=1 | base=1.14 | wall=1.65 | search=  0 | target=none
R2[SEARCH    ]: carry=0 | base=1.07 | wall=1.74 | search= 45 | target=phero(0.77,0.78)
R3[RTB       ]: carry=1 | base=0.29 | wall=2.25 | search=  0 | target=none
R4[SEARCH    ]: carry=0 | base=0.98 | wall=1.53 | search=540 | target=phero(0.77,0.71)

[DEPOSIT] R3 deposited! Total: 6
  [PHERO] Laid at (0.85, 0.68) density=9 prob=0.90 entries=2
  [TARGET] R3 → SITE (0.85, 0.68)
[PICKUP] R4 picked up tag (density=7) | Total: 8
[DEPOSIT] R1 deposited! Total: 7
  [PHERO] Laid at (0.85, 0.76) density=8 prob=0.83 entries=3
  [TARGET] R1 → SITE (0.85, 0.76)

======================================================================
Step 4500 (2.4 min) | Pickups: 8 | Deposits: 7 | Rate: 2.92 tags/min | phero_entries=3 max_w=0.663
======================================================================
R1[SITE      ]: carry=0 | base=0.27 | wall=2.25 | search=  0 | target=site(0.85,0.76)
R2[SEARCH    ]: carry=0 | base=0.99 | wall=1.66 | search=545 | target=phero(0.77,0.78)
R3[SEARCH    ]: carry=0 | base=1.14 | wall=1.61 | search=126 | target=site(0.85,0.68)
R4[SURVEY    ]: carry=1 | base=1.18 | wall=1.66 | search=  0 | target=none

[DEPOSIT] R4 deposited! Total: 8
  [PHERO] Laid at (0.83, 0.84) density=7 prob=0.72 entries=4
  [TARGET] R4 → SITE (0.83, 0.84)
  [GIVE-UP] R2 returned empty after 624 searching steps
  [TARGET] R2 → PHERO (0.83, 0.84)
[PICKUP] R1 picked up tag (density=6) | Total: 9

======================================================================
Step 5000 (2.7 min) | Pickups: 9 | Deposits: 8 | Rate: 3.00 tags/min | phero_entries=4 max_w=0.586
======================================================================
R1[SURVEY    ]: carry=1 | base=1.15 | wall=1.56 | search=  0 | target=none
R2[PHERO     ]: carry=0 | base=0.27 | wall=2.26 | search=  0 | target=phero(0.83,0.84)
R3[SEARCH    ]: carry=0 | base=0.71 | wall=1.90 | search=626 | target=site(0.85,0.68)
R4[SITE      ]: carry=0 | base=0.37 | wall=2.15 | search=  0 | target=site(0.83,0.84)

[PICKUP] R4 picked up tag (density=5) | Total: 10
[DEPOSIT] R1 deposited! Total: 9
  [TARGET] R1 → SITE (0.94, 0.65)

======================================================================
Step 5500 (2.9 min) | Pickups: 10 | Deposits: 9 | Rate: 3.07 tags/min | phero_entries=3 max_w=0.106
======================================================================
R1[BASE_ESC  ]: carry=0 | base=0.22 | wall=2.30 | search=  0 | target=site(0.94,0.65)
R2[SEARCH    ]: carry=0 | base=1.09 | wall=1.72 | search=258 | target=phero(0.83,0.84)
R3[SEARCH    ]: carry=0 | base=1.61 | wall=0.97 | search=1126 | target=site(0.85,0.68)
R4[RTB       ]: carry=1 | base=1.16 | wall=1.62 | search=  0 | target=none

[DEPOSIT] R4 deposited! Total: 10
  [TARGET] R4 → SITE (0.85, 0.85)
  [GIVE-UP] R2 returned empty after 312 searching steps
  [TARGET] R2 → PHERO (0.83, 0.84)
[PICKUP] R1 picked up tag (density=4) | Total: 11

======================================================================
Step 6000 (3.2 min) | Pickups: 11 | Deposits: 10 | Rate: 3.12 tags/min | phero_entries=3 max_w=0.019
======================================================================
R1[SURVEY    ]: carry=1 | base=1.20 | wall=1.50 | search=  0 | target=none
R2[BASE_ESC  ]: carry=0 | base=0.22 | wall=2.31 | search=  0 | target=phero(0.83,0.84)
R3[WALL_ESC  ]: carry=0 | base=2.23 | wall=0.34 | search=1626 | target=site(0.85,0.68)
R4[SITE      ]: carry=0 | base=0.74 | wall=1.93 | search=  0 | target=site(0.85,0.85)


======================================================================
Step 6500 (3.5 min) | Pickups: 11 | Deposits: 10 | Rate: 2.88 tags/min | phero_entries=1 max_w=0.003
======================================================================
R1[RTB       ]: carry=1 | base=0.31 | wall=2.23 | search=  0 | target=none
R2[GIVE_UP   ]: carry=0 | base=0.95 | wall=1.77 | search=156 | target=none
R3[SEARCH    ]: carry=0 | base=2.23 | wall=0.35 | search=2126 | target=site(0.85,0.68)
R4[GIVE_UP   ]: carry=0 | base=0.55 | wall=2.08 | search=312 | target=none

[DEPOSIT] R1 deposited! Total: 11
  [PHERO] Laid at (1.00, 0.67) density=4 prob=0.26 entries=2
  [TARGET] R1 → SITE (1.00, 0.67)
  [GIVE-UP] R4 returned empty after 312 searching steps
  [TARGET] R4 → PHERO (1.00, 0.67)
  [GIVE-UP] R2 returned empty after 156 searching steps
  [TARGET] R2 → PHERO (1.00, 0.67)

======================================================================
Step 7000 (3.7 min) | Pickups: 11 | Deposits: 11 | Rate: 2.95 tags/min | phero_entries=1 max_w=0.190
======================================================================
R1[SEARCH    ]: carry=0 | base=1.22 | wall=1.52 | search=120 | target=site(1.00,0.67)
R2[PHERO     ]: carry=0 | base=1.02 | wall=1.65 | search=  0 | target=phero(1.00,0.67)
R3[GIVE_UP   ]: carry=0 | base=1.94 | wall=0.63 | search=2496 | target=none
R4[SEARCH    ]: carry=0 | base=1.20 | wall=1.50 | search= 35 | target=phero(1.00,0.67)

  [GIVE-UP] R3 returned empty after 2496 searching steps
  [TARGET] R3 → PHERO (1.00, 0.67)

======================================================================
Step 7500 (4.0 min) | Pickups: 11 | Deposits: 11 | Rate: 2.75 tags/min | phero_entries=1 max_w=0.034
======================================================================
R1[SEARCH    ]: carry=0 | base=1.23 | wall=1.36 | search=620 | target=site(1.00,0.67)
R2[SEARCH    ]: carry=0 | base=0.62 | wall=1.98 | search=464 | target=phero(1.00,0.67)
R3[BASE_ESC  ]: carry=0 | base=0.22 | wall=2.30 | search=  0 | target=phero(1.00,0.67)
R4[SEARCH    ]: carry=0 | base=1.27 | wall=1.44 | search=535 | target=phero(1.00,0.67)

[PICKUP] R2 picked up tag (density=7) | Total: 12

======================================================================
Step 8000 (4.3 min) | Pickups: 12 | Deposits: 11 | Rate: 2.58 tags/min | phero_entries=1 max_w=0.006
======================================================================
R1[SEARCH    ]: carry=0 | base=0.41 | wall=2.17 | search=1120 | target=site(1.00,0.67)
R2[SURVEY    ]: carry=1 | base=0.34 | wall=2.25 | search=  0 | target=none
R3[SEARCH    ]: carry=0 | base=1.12 | wall=1.51 | search=176 | target=phero(1.00,0.67)
R4[SEARCH    ]: carry=0 | base=0.96 | wall=1.54 | search=1035 | target=phero(1.00,0.67)

[PICKUP] R4 picked up tag (density=6) | Total: 13
[DEPOSIT] R2 deposited! Total: 12
  [PHERO] Laid at (0.26, -0.23) density=7 prob=0.72 entries=2
  [TARGET] R2 → SITE (0.26, -0.23)
  [GIVE-UP] R1 returned empty after 1248 searching steps
  [TARGET] R1 → PHERO (0.26, -0.23)

======================================================================
Step 8500 (4.5 min) | Pickups: 13 | Deposits: 12 | Rate: 2.65 tags/min | phero_entries=2 max_w=0.431
======================================================================
R1[PHERO     ]: carry=0 | base=0.28 | wall=2.25 | search=  0 | target=phero(0.26,-0.23)
R2[SEARCH    ]: carry=0 | base=0.36 | wall=2.22 | search= 34 | target=site(0.26,-0.23)
R3[SEARCH    ]: carry=0 | base=0.77 | wall=1.73 | search=676 | target=phero(1.00,0.67)
R4[RTB       ]: carry=1 | base=0.69 | wall=1.81 | search=  0 | target=none

[DEPOSIT] R4 deposited! Total: 13
  [PHERO] Laid at (0.70, -0.19) density=6 prob=0.58 entries=2
  [TARGET] R4 → SITE (0.70, -0.19)
[PICKUP] R1 picked up tag (density=5) | Total: 14
[PICKUP] R4 picked up tag (density=4) | Total: 15

======================================================================
Step 9000 (4.8 min) | Pickups: 15 | Deposits: 13 | Rate: 2.71 tags/min | phero_entries=2 max_w=0.275
======================================================================
R1[RTB       ]: carry=1 | base=0.39 | wall=2.19 | search=  0 | target=none
R2[SEARCH    ]: carry=0 | base=0.66 | wall=1.85 | search=534 | target=site(0.26,-0.23)
R3[SEARCH    ]: carry=0 | base=1.25 | wall=1.50 | search=1176 | target=phero(1.00,0.67)
R4[SURVEY    ]: carry=1 | base=0.53 | wall=1.98 | search=  0 | target=none

[DEPOSIT] R1 deposited! Total: 14
  [PHERO] Laid at (0.28, -0.27) density=5 prob=0.42 entries=3
  [TARGET] R1 → SITE (0.28, -0.27)
[DEPOSIT] R4 deposited! Total: 15
  [TARGET] R4 → SITE (0.52, -0.05)
[PICKUP] R2 picked up tag (density=3) | Total: 16
[PICKUP] R1 picked up tag (density=2) | Total: 17
[PICKUP] R3 picked up tag (density=1) | Total: 18

======================================================================
Step 9500 (5.1 min) | Pickups: 18 | Deposits: 15 | Rate: 2.96 tags/min | phero_entries=3 max_w=0.224
======================================================================
R1[SURVEY    ]: carry=1 | base=0.48 | wall=2.15 | search=  0 | target=none
R2[SURVEY    ]: carry=1 | base=0.45 | wall=2.07 | search=  0 | target=none
R3[SURVEY    ]: carry=1 | base=0.76 | wall=1.82 | search=  0 | target=none
R4[SEARCH    ]: carry=0 | base=0.53 | wall=1.97 | search= 60 | target=site(0.52,-0.05)

  [GIVE-UP] R4 returned empty after 156 searching steps
  [TARGET] R4 → PHERO (0.28, -0.27)
[DEPOSIT] R1 deposited! Total: 16
  [TARGET] R1 → SITE (0.33, -0.35)
[DEPOSIT] R2 deposited! Total: 17
  [TARGET] R2 → PHERO (0.28, -0.27)
[DEPOSIT] R3 deposited! Total: 18
  [TARGET] R3 → SITE (0.69, -0.34)

======================================================================
Step 10000 (5.3 min) | Pickups: 18 | Deposits: 18 | Rate: 3.38 tags/min | phero_entries=3 max_w=0.041
======================================================================
R1[SEARCH    ]: carry=0 | base=0.44 | wall=2.18 | search=  1 | target=site(0.33,-0.35)
R2[PHERO     ]: carry=0 | base=0.32 | wall=2.18 | search=  0 | target=phero(0.28,-0.27)
R3[BASE_ESC  ]: carry=0 | base=0.23 | wall=2.29 | search=  0 | target=site(0.69,-0.34)
R4[PHERO     ]: carry=0 | base=0.34 | wall=2.21 | search=  0 | target=phero(0.28,-0.27)


======================================================================
Step 10500 (5.6 min) | Pickups: 18 | Deposits: 18 | Rate: 3.21 tags/min | phero_entries=2 max_w=0.007
======================================================================
R1[SEARCH    ]: carry=0 | base=0.38 | wall=2.13 | search=501 | target=site(0.33,-0.35)
R2[SEARCH    ]: carry=0 | base=0.50 | wall=2.12 | search=434 | target=phero(0.28,-0.27)
R3[SEARCH    ]: carry=0 | base=0.70 | wall=1.90 | search=278 | target=site(0.69,-0.34)
R4[SEARCH    ]: carry=0 | base=1.07 | wall=1.73 | search=486 | target=phero(0.28,-0.27)

  [GIVE-UP] R2 returned empty after 780 searching steps
  [TARGET] R2 → PHERO (0.28, -0.27)

======================================================================
Step 11000 (5.9 min) | Pickups: 18 | Deposits: 18 | Rate: 3.07 tags/min | phero_entries=1 max_w=0.001
======================================================================
R1[SEARCH    ]: carry=0 | base=1.30 | wall=1.42 | search=1001 | target=site(0.33,-0.35)
R2[BASE_ESC  ]: carry=0 | base=0.22 | wall=2.34 | search=  0 | target=phero(0.28,-0.27)
R3[GIVE_UP   ]: carry=0 | base=0.77 | wall=1.79 | search=624 | target=none
R4[SEARCH    ]: carry=0 | base=1.53 | wall=0.99 | search=986 | target=phero(0.28,-0.27)

  [GIVE-UP] R3 returned empty after 624 searching steps
  [TARGET] R3 → WALL (-2.42, -1.20)
  [GIVE-UP] R2 returned empty after 156 searching steps
  [TARGET] R2 → WALL (1.44, 2.42)
[PICKUP] R3 picked up tag (density=6) | Total: 19

======================================================================
Step 11500 (6.1 min) | Pickups: 19 | Deposits: 18 | Rate: 2.93 tags/min | phero_entries=0 max_w=0.000
======================================================================
R1[SEARCH    ]: carry=0 | base=1.79 | wall=0.85 | search=1501 | target=site(0.33,-0.35)
R2[DEPART    ]: carry=0 | base=0.44 | wall=2.10 | search=  0 | target=none
R3[SURVEY    ]: carry=1 | base=0.56 | wall=2.05 | search=  0 | target=none
R4[SEARCH    ]: carry=0 | base=1.44 | wall=1.11 | search=1486 | target=phero(0.28,-0.27)

[DEPOSIT] R3 deposited! Total: 19
  [PHERO] Laid at (-0.33, -0.45) density=6 prob=0.58 entries=1
  [TARGET] R3 → SITE (-0.33, -0.45)

======================================================================
Step 12000 (6.4 min) | Pickups: 19 | Deposits: 19 | Rate: 2.97 tags/min | phero_entries=1 max_w=0.524
======================================================================
R1[SEARCH    ]: carry=0 | base=2.24 | wall=0.36 | search=2001 | target=site(0.33,-0.35)
R2[SEARCH    ]: carry=0 | base=1.85 | wall=1.01 | search=264 | target=none
R3[SITE      ]: carry=0 | base=0.44 | wall=2.10 | search=  0 | target=site(-0.33,-0.45)
R4[SEARCH    ]: carry=0 | base=1.64 | wall=0.86 | search=1986 | target=phero(0.28,-0.27)

  [GIVE-UP] R3 returned empty after 156 searching steps
  [TARGET] R3 → PHERO (-0.33, -0.45)

======================================================================
Step 12500 (6.7 min) | Pickups: 19 | Deposits: 19 | Rate: 2.85 tags/min | phero_entries=1 max_w=0.095
======================================================================
R1[SEARCH    ]: carry=0 | base=2.25 | wall=0.36 | search=2501 | target=site(0.33,-0.35)
R2[SEARCH    ]: carry=0 | base=2.91 | wall=0.36 | search=764 | target=none
R3[PHERO     ]: carry=0 | base=0.49 | wall=2.07 | search=  0 | target=phero(-0.33,-0.45)
R4[SEARCH    ]: carry=0 | base=0.94 | wall=1.62 | search=2486 | target=phero(0.28,-0.27)

[PICKUP] R3 picked up tag (density=5) | Total: 20
  [GIVE-UP] R4 returned empty after 2652 searching steps
  [TARGET] R4 → PHERO (-0.33, -0.45)

======================================================================
Step 13000 (6.9 min) | Pickups: 20 | Deposits: 19 | Rate: 2.74 tags/min | phero_entries=1 max_w=0.017
======================================================================
R1[WALL_ESC  ]: carry=0 | base=2.26 | wall=0.35 | search=3001 | target=site(0.33,-0.35)
R2[SEARCH    ]: carry=0 | base=1.89 | wall=0.81 | search=1264 | target=none
R3[SURVEY    ]: carry=1 | base=0.40 | wall=2.20 | search=  0 | target=none
R4[BASE_ESC  ]: carry=0 | base=0.25 | wall=2.30 | search=  0 | target=phero(-0.33,-0.45)

[DEPOSIT] R3 deposited! Total: 20
  [PHERO] Laid at (-0.26, -0.30) density=5 prob=0.42 entries=2
  [TARGET] R3 → SITE (-0.26, -0.30)

======================================================================
Step 13500 (7.2 min) | Pickups: 20 | Deposits: 20 | Rate: 2.78 tags/min | phero_entries=2 max_w=0.226
======================================================================
R1[WALL_ESC  ]: carry=0 | base=2.26 | wall=0.34 | search=3501 | target=site(0.33,-0.35)
R2[GIVE_UP   ]: carry=0 | base=1.11 | wall=1.47 | search=1404 | target=none
R3[SEARCH    ]: carry=0 | base=0.36 | wall=2.17 | search=231 | target=site(-0.26,-0.30)
R4[SEARCH    ]: carry=0 | base=0.48 | wall=2.11 | search=257 | target=phero(-0.33,-0.45)

[PICKUP] R4 picked up tag (density=4) | Total: 21
  [GIVE-UP] R2 returned empty after 1404 searching steps
  [TARGET] R2 → PHERO (-0.26, -0.30)
  [GIVE-UP] R3 returned empty after 468 searching steps
  [TARGET] R3 → PHERO (-0.26, -0.30)
[DEPOSIT] R4 deposited! Total: 21
  [TARGET] R4 → SITE (-0.34, -0.38)

======================================================================
Step 14000 (7.5 min) | Pickups: 21 | Deposits: 21 | Rate: 2.81 tags/min | phero_entries=1 max_w=0.041
======================================================================
R1[WALL_ESC  ]: carry=0 | base=2.27 | wall=0.34 | search=4001 | target=site(0.33,-0.35)
R2[PHERO     ]: carry=0 | base=0.26 | wall=2.29 | search=  0 | target=phero(-0.26,-0.30)
R3[SEARCH    ]: carry=0 | base=0.40 | wall=2.18 | search= 64 | target=phero(-0.26,-0.30)
R4[BASE_ESC  ]: carry=0 | base=0.24 | wall=2.28 | search=  0 | target=site(-0.34,-0.38)

  [GIVE-UP] R3 returned empty after 156 searching steps
  [TARGET] R3 → PHERO (-0.26, -0.30)
[PICKUP] R3 picked up tag (density=3) | Total: 22
[PICKUP] R4 picked up tag (density=2) | Total: 23

======================================================================
Step 14500 (7.7 min) | Pickups: 23 | Deposits: 21 | Rate: 2.72 tags/min | phero_entries=1 max_w=0.007
======================================================================
R1[WALL_ESC  ]: carry=0 | base=2.26 | wall=0.34 | search=4501 | target=site(0.33,-0.35)
R2[SEARCH    ]: carry=0 | base=0.29 | wall=2.26 | search=353 | target=phero(-0.26,-0.30)
R3[SURVEY    ]: carry=1 | base=0.46 | wall=2.12 | search=  0 | target=none
R4[SURVEY    ]: carry=1 | base=0.52 | wall=2.09 | search=  0 | target=none

[DEPOSIT] R3 deposited! Total: 22
  [TARGET] R3 → SITE (-0.34, -0.30)
[DEPOSIT] R4 deposited! Total: 23
  [TARGET] R4 → PHERO (-0.26, -0.30)
  [GIVE-UP] R2 returned empty after 780 searching steps
  [TARGET] R2 → PHERO (-0.26, -0.30)

======================================================================
Step 15000 (8.0 min) | Pickups: 23 | Deposits: 23 | Rate: 2.88 tags/min | phero_entries=1 max_w=0.001
======================================================================
R1[WALL_ESC  ]: carry=0 | base=2.27 | wall=0.33 | search=5001 | target=site(0.33,-0.35)
R2[BASE_ESC  ]: carry=0 | base=0.25 | wall=2.28 | search=  0 | target=phero(-0.26,-0.30)
R3[SEARCH    ]: carry=0 | base=0.50 | wall=2.14 | search= 79 | target=site(-0.34,-0.30)
R4[PHERO     ]: carry=0 | base=0.36 | wall=2.20 | search=  0 | target=phero(-0.26,-0.30)


======================================================================
Step 15500 (8.3 min) | Pickups: 23 | Deposits: 23 | Rate: 2.78 tags/min | phero_entries=0 max_w=0.000
======================================================================
R1[GIVE_UP   ]: carry=0 | base=1.06 | wall=1.50 | search=5148 | target=none
R2[SEARCH    ]: carry=0 | base=0.43 | wall=2.12 | search=189 | target=phero(-0.26,-0.30)
R3[SEARCH    ]: carry=0 | base=0.27 | wall=2.27 | search=579 | target=site(-0.34,-0.30)
R4[SEARCH    ]: carry=0 | base=0.26 | wall=2.25 | search=494 | target=phero(-0.26,-0.30)

  [GIVE-UP] R2 returned empty after 312 searching steps
  [TARGET] R2 → WALL (-0.25, 2.42)
  [GIVE-UP] R1 returned empty after 5148 searching steps
  [TARGET] R1 → WALL (1.26, -2.42)

======================================================================
Step 16000 (8.5 min) | Pickups: 23 | Deposits: 23 | Rate: 2.70 tags/min | phero_entries=0 max_w=0.000
======================================================================
R1[DEPART    ]: carry=0 | base=0.88 | wall=1.67 | search=  0 | target=none
R2[DEPART    ]: carry=0 | base=0.26 | wall=2.30 | search=  0 | target=none
R3[SEARCH    ]: carry=0 | base=0.82 | wall=1.89 | search=1079 | target=site(-0.34,-0.30)
R4[SEARCH    ]: carry=0 | base=0.93 | wall=1.65 | search=994 | target=phero(-0.26,-0.30)


======================================================================
Step 16500 (8.8 min) | Pickups: 23 | Deposits: 23 | Rate: 2.61 tags/min | phero_entries=0 max_w=0.000
======================================================================
R1[SEARCH    ]: carry=0 | base=2.34 | wall=0.37 | search=209 | target=none
R2[SEARCH    ]: carry=0 | base=0.26 | wall=2.29 | search=393 | target=none
R3[SEARCH    ]: carry=0 | base=1.45 | wall=1.07 | search=1579 | target=site(-0.34,-0.30)
R4[SEARCH    ]: carry=0 | base=2.02 | wall=0.81 | search=1494 | target=phero(-0.26,-0.30)

[PICKUP] R3 picked up tag (density=9) | Total: 24

======================================================================
Step 17000 (9.1 min) | Pickups: 24 | Deposits: 23 | Rate: 2.54 tags/min | phero_entries=0 max_w=0.000
======================================================================
R1[GIVE_UP   ]: carry=0 | base=2.15 | wall=0.64 | search=624 | target=none
R2[SEARCH    ]: carry=0 | base=0.27 | wall=2.28 | search=893 | target=none
R3[SURVEY    ]: carry=1 | base=1.77 | wall=0.75 | search=  0 | target=none
R4[SEARCH    ]: carry=0 | base=2.70 | wall=0.43 | search=1994 | target=phero(-0.26,-0.30)

  [GIVE-UP] R2 returned empty after 1092 searching steps
  [TARGET] R2 → WALL (2.42, -0.38)
  [GIVE-UP] R1 returned empty after 624 searching steps
  [TARGET] R1 → WALL (2.42, 0.21)

======================================================================
Step 17500 (9.3 min) | Pickups: 24 | Deposits: 23 | Rate: 2.46 tags/min | phero_entries=0 max_w=0.000
======================================================================
R1[BASE_ESC  ]: carry=0 | base=0.24 | wall=2.29 | search=  0 | target=none
R2[DEPART    ]: carry=0 | base=0.25 | wall=2.28 | search=  0 | target=none
R3[RTB       ]: carry=1 | base=0.47 | wall=2.03 | search=  0 | target=none
R4[SEARCH    ]: carry=0 | base=2.42 | wall=0.51 | search=2494 | target=phero(-0.26,-0.30)

[DEPOSIT] R3 deposited! Total: 24
  [PHERO] Laid at (-0.21, 1.75) density=9 prob=0.90 entries=1
  [TARGET] R3 → SITE (-0.21, 1.75)

======================================================================
Step 18000 (9.6 min) | Pickups: 24 | Deposits: 24 | Rate: 2.50 tags/min | phero_entries=1 max_w=0.220
======================================================================
R1[DEPART    ]: carry=0 | base=1.33 | wall=1.17 | search=  0 | target=none
R2[SEARCH    ]: carry=0 | base=1.77 | wall=0.76 | search=192 | target=none
R3[SITE      ]: carry=0 | base=1.48 | wall=1.03 | search=  0 | target=site(-0.21,1.75)
R4[GIVE_UP   ]: carry=0 | base=1.95 | wall=1.03 | search=2964 | target=none

[PICKUP] R4 picked up tag (density=3) | Total: 25

======================================================================
Step 18500 (9.9 min) | Pickups: 25 | Deposits: 24 | Rate: 2.43 tags/min | phero_entries=1 max_w=0.040
======================================================================
R1[GIVE_UP   ]: carry=0 | base=1.19 | wall=1.32 | search=156 | target=none
R2[GIVE_UP   ]: carry=0 | base=2.08 | wall=0.56 | search=624 | target=none
R3[SEARCH    ]: carry=0 | base=1.81 | wall=0.69 | search=439 | target=site(-0.21,1.75)
R4[RTB       ]: carry=1 | base=1.25 | wall=1.49 | search=  0 | target=none

  [GIVE-UP] R1 returned empty after 156 searching steps
  [TARGET] R1 → PHERO (-0.21, 1.75)
TIMEOUT_RESULT pickups=25 deposits=24 steps=18750 elapsed_min=10.000000
BATCH_RESULT pickups=25 deposits=24
