=================================================================
CPFA BASELINE — ARGoS-calibrated parameters
  Params file                  = /home/sara/Documents/RL-FL-Foraging/cpfa_tuning_20260715_155549/trial_021/params.yaml
  Results file                 = /home/sara/Documents/RL-FL-Foraging/controllers/cpfa_baseline/results/cpfa_baseline_results_20260715_165318.txt
  RateOfLayingPheromone        = 6.18088741054496
  RateOfSiteFidelity           = 2.967812359887452
  RateOfPheromoneDecay         = 0.10691275636305062 /s  (lifetime ~65s)
  ProbabilityOfReturningToNest = 0.13435030269359335 (every 5 sec → E[give-up] ~37s)
  UninformedSearchVariation    = 0.46 rad (26.4°)
  RateOfInformedSearchDecay    = 0.92914231446789 /waypoint
  ProbabilityOfSwitchingToSearching = 0.39886463865597666 (every 5 sec in uninformed DEPARTING)
=================================================================

[PICKUP] R4 picked up tag (density=6) | Total: 1
[DEPOSIT] R4 deposited! Total: 1
  [PHERO] Laid at (0.00, -0.50) density=6 prob=0.58 entries=1
  [TARGET] R4 → SITE (0.00, -0.50)
[PICKUP] R4 picked up tag (density=5) | Total: 2

======================================================================
Step 500 (0.3 min) | Pickups: 2 | Deposits: 1 | Rate: 3.75 tags/min | phero_entries=1 max_w=0.493
======================================================================
R1[SEARCH    ]: carry=0 | base=1.57 | wall=1.01 | search= 32 | target=none
R2[SEARCH    ]: carry=0 | base=0.27 | wall=2.24 | search=344 | target=none
R3[DEPART    ]: carry=0 | base=0.71 | wall=2.00 | search=  0 | target=none
R4[SURVEY    ]: carry=1 | base=0.36 | wall=2.17 | search=  0 | target=none

[PICKUP] R2 picked up tag (density=9) | Total: 3
[DEPOSIT] R4 deposited! Total: 2
  [PHERO] Laid at (0.13, -0.33) density=5 prob=0.42 entries=2
  [TARGET] R4 → SITE (0.13, -0.33)
[DEPOSIT] R2 deposited! Total: 3
  [TARGET] R2 → SITE (-0.25, 0.30)
[PICKUP] R4 picked up tag (density=4) | Total: 4

======================================================================
Step 1000 (0.5 min) | Pickups: 4 | Deposits: 3 | Rate: 5.62 tags/min | phero_entries=2 max_w=0.458
======================================================================
R1[GIVE_UP   ]: carry=0 | base=1.95 | wall=0.57 | search=468 | target=none
R2[SITE      ]: carry=0 | base=0.25 | wall=2.26 | search=  0 | target=site(-0.25,0.30)
R3[WALL_ESC  ]: carry=0 | base=2.47 | wall=0.34 | search=  0 | target=none
R4[SURVEY    ]: carry=1 | base=0.37 | wall=2.17 | search=  0 | target=none

[PICKUP] R2 picked up tag (density=8) | Total: 5
[PICKUP] R1 picked up tag (density=3) | Total: 6
[DEPOSIT] R4 deposited! Total: 4
  [TARGET] R4 → SITE (0.17, -0.33)
[DEPOSIT] R2 deposited! Total: 5
  [PHERO] Laid at (-0.25, 0.32) density=8 prob=0.83 entries=3
  [TARGET] R2 → SITE (-0.25, 0.32)

======================================================================
Step 1500 (0.8 min) | Pickups: 6 | Deposits: 5 | Rate: 6.25 tags/min | phero_entries=3 max_w=0.784
======================================================================
R1[SURVEY    ]: carry=1 | base=0.69 | wall=1.82 | search=  0 | target=none
R2[BASE_ESC  ]: carry=0 | base=0.22 | wall=2.29 | search=  0 | target=site(-0.25,0.32)
R3[DEPART    ]: carry=0 | base=2.87 | wall=0.39 | search=  0 | target=none
R4[SITE      ]: carry=0 | base=0.32 | wall=2.25 | search=  0 | target=site(0.17,-0.33)

[PICKUP] R4 picked up tag (density=2) | Total: 7
[DEPOSIT] R1 deposited! Total: 6
  [TARGET] R1 → SITE (0.11, -0.68)
[PICKUP] R1 picked up tag (density=1) | Total: 8
[DEPOSIT] R4 deposited! Total: 7
  [TARGET] R4 → SITE (0.21, -0.34)
[PICKUP] R2 picked up tag (density=7) | Total: 9

======================================================================
Step 2000 (1.1 min) | Pickups: 9 | Deposits: 7 | Rate: 6.56 tags/min | phero_entries=3 max_w=0.142
======================================================================
R1[SURVEY    ]: carry=1 | base=0.47 | wall=2.06 | search=  0 | target=none
R2[SURVEY    ]: carry=1 | base=0.51 | wall=2.11 | search=  0 | target=none
R3[SEARCH    ]: carry=0 | base=2.11 | wall=0.68 | search=206 | target=none
R4[BASE_ESC  ]: carry=0 | base=0.24 | wall=2.29 | search=  0 | target=site(0.21,-0.34)

[DEPOSIT] R1 deposited! Total: 8
  [TARGET] R1 → PHERO (-0.25, 0.32)
[DEPOSIT] R2 deposited! Total: 9
  [PHERO] Laid at (-0.33, 0.39) density=7 prob=0.72 entries=4
  [TARGET] R2 → SITE (-0.33, 0.39)
[PICKUP] R3 picked up tag (density=12) | Total: 10

======================================================================
Step 2500 (1.3 min) | Pickups: 10 | Deposits: 9 | Rate: 6.75 tags/min | phero_entries=3 max_w=0.491
======================================================================
R1[BASE_ESC  ]: carry=0 | base=0.24 | wall=2.26 | search=  0 | target=phero(-0.25,0.32)
R2[SITE      ]: carry=0 | base=0.48 | wall=2.11 | search=  0 | target=site(-0.33,0.39)
R3[SURVEY    ]: carry=1 | base=1.46 | wall=1.41 | search=  0 | target=none
R4[SEARCH    ]: carry=0 | base=0.27 | wall=2.24 | search=382 | target=site(0.21,-0.34)

[PICKUP] R1 picked up tag (density=6) | Total: 11
[PICKUP] R2 picked up tag (density=5) | Total: 12
[DEPOSIT] R3 deposited! Total: 10
  [PHERO] Laid at (-0.96, -1.10) density=12 prob=0.99 entries=3
  [TARGET] R3 → SITE (-0.96, -1.10)
[DEPOSIT] R1 deposited! Total: 11
  [TARGET] R1 → PHERO (-0.96, -1.10)

======================================================================
Step 3000 (1.6 min) | Pickups: 12 | Deposits: 11 | Rate: 6.88 tags/min | phero_entries=3 max_w=0.628
======================================================================
R1[BASE_ESC  ]: carry=0 | base=0.22 | wall=2.33 | search=  0 | target=phero(-0.96,-1.10)
R2[RTB       ]: carry=1 | base=0.52 | wall=2.11 | search=  0 | target=none
R3[SITE      ]: carry=0 | base=0.32 | wall=2.20 | search=  0 | target=site(-0.96,-1.10)
R4[SEARCH    ]: carry=0 | base=0.26 | wall=2.30 | search=882 | target=site(0.21,-0.34)

  [GIVE-UP] R4 returned empty after 936 searching steps
  [TARGET] R4 → PHERO (-0.96, -1.10)
[DEPOSIT] R2 deposited! Total: 12
  [PHERO] Laid at (-0.41, 0.41) density=5 prob=0.42 entries=4
  [TARGET] R2 → SITE (-0.41, 0.41)
[PICKUP] R3 picked up tag (density=11) | Total: 13
[PICKUP] R2 picked up tag (density=4) | Total: 14
[PICKUP] R1 picked up tag (density=10) | Total: 15

======================================================================
Step 3500 (1.9 min) | Pickups: 15 | Deposits: 12 | Rate: 6.43 tags/min | phero_entries=3 max_w=0.254
======================================================================
R1[SURVEY    ]: carry=1 | base=1.06 | wall=1.73 | search=  0 | target=none
R2[SURVEY    ]: carry=1 | base=0.59 | wall=2.08 | search=  0 | target=none
R3[RTB       ]: carry=1 | base=1.14 | wall=1.60 | search=  0 | target=none
R4[PHERO     ]: carry=0 | base=0.65 | wall=1.96 | search=  0 | target=phero(-0.96,-1.10)

[PICKUP] R4 picked up tag (density=9) | Total: 16
[DEPOSIT] R2 deposited! Total: 13
  [PHERO] Laid at (-0.42, 0.41) density=4 prob=0.26 entries=4
  [TARGET] R2 → SITE (-0.42, 0.41)
[DEPOSIT] R3 deposited! Total: 14
  [PHERO] Laid at (-0.77, -0.92) density=11 prob=0.98 entries=5
  [TARGET] R3 → SITE (-0.77, -0.92)
[DEPOSIT] R1 deposited! Total: 15
  [PHERO] Laid at (-0.77, -0.73) density=10 prob=0.95 entries=6
  [TARGET] R1 → SITE (-0.77, -0.73)

======================================================================
Step 4000 (2.1 min) | Pickups: 16 | Deposits: 15 | Rate: 7.03 tags/min | phero_entries=6 max_w=0.696
======================================================================
R1[BASE_ESC  ]: carry=0 | base=0.24 | wall=2.29 | search=  0 | target=site(-0.77,-0.73)
R2[SEARCH    ]: carry=0 | base=0.47 | wall=2.16 | search=147 | target=site(-0.42,0.41)
R3[SITE      ]: carry=0 | base=0.78 | wall=1.86 | search=  0 | target=site(-0.77,-0.92)
R4[RTB       ]: carry=1 | base=0.62 | wall=2.02 | search=  0 | target=none

[DEPOSIT] R4 deposited! Total: 16
  [PHERO] Laid at (-0.77, -0.80) density=9 prob=0.90 entries=7
  [TARGET] R4 → SITE (-0.77, -0.80)
[PICKUP] R2 picked up tag (density=3) | Total: 17
[PICKUP] R3 picked up tag (density=8) | Total: 18

======================================================================
Step 4500 (2.4 min) | Pickups: 18 | Deposits: 16 | Rate: 6.67 tags/min | phero_entries=6 max_w=0.254
======================================================================
R1[GIVE_UP   ]: carry=0 | base=0.79 | wall=1.94 | search=156 | target=none
R2[RTB       ]: carry=1 | base=0.49 | wall=2.15 | search=  0 | target=none
R3[SURVEY    ]: carry=1 | base=1.14 | wall=1.68 | search=  0 | target=none
R4[SEARCH    ]: carry=0 | base=1.07 | wall=1.71 | search= 26 | target=site(-0.77,-0.80)

[DEPOSIT] R2 deposited! Total: 17
  [TARGET] R2 → PHERO (-0.41, 0.41)
  [GIVE-UP] R1 returned empty after 156 searching steps
  [TARGET] R1 → PHERO (-0.77, -0.92)
[PICKUP] R4 picked up tag (density=7) | Total: 19
[DEPOSIT] R3 deposited! Total: 18
  [PHERO] Laid at (-0.78, -0.82) density=8 prob=0.83 entries=7
  [TARGET] R3 → SITE (-0.78, -0.82)

======================================================================
Step 5000 (2.7 min) | Pickups: 19 | Deposits: 18 | Rate: 6.75 tags/min | phero_entries=6 max_w=0.657
======================================================================
R1[PHERO     ]: carry=0 | base=1.12 | wall=1.65 | search=  0 | target=phero(-0.77,-0.92)
R2[SEARCH    ]: carry=0 | base=0.43 | wall=2.14 | search=229 | target=phero(-0.41,0.41)
R3[SITE      ]: carry=0 | base=0.28 | wall=2.25 | search=  0 | target=site(-0.78,-0.82)
R4[SURVEY    ]: carry=1 | base=1.11 | wall=1.65 | search=  0 | target=none

[PICKUP] R1 picked up tag (density=6) | Total: 20
[DEPOSIT] R4 deposited! Total: 19
  [PHERO] Laid at (-0.85, -0.71) density=7 prob=0.72 entries=6
  [TARGET] R4 → SITE (-0.85, -0.71)

======================================================================
Step 5500 (2.9 min) | Pickups: 20 | Deposits: 19 | Rate: 6.48 tags/min | phero_entries=6 max_w=0.527
======================================================================
R1[SURVEY    ]: carry=1 | base=1.14 | wall=1.66 | search=  0 | target=none
R2[GIVE_UP   ]: carry=0 | base=1.04 | wall=1.66 | search=624 | target=none
R3[SEARCH    ]: carry=0 | base=1.07 | wall=1.74 | search=281 | target=site(-0.78,-0.82)
R4[SITE      ]: carry=0 | base=0.49 | wall=2.12 | search=  0 | target=site(-0.85,-0.71)

[PICKUP] R2 picked up tag (density=2) | Total: 21
[DEPOSIT] R1 deposited! Total: 20
  [PHERO] Laid at (-0.85, -0.78) density=6 prob=0.58 entries=5
  [TARGET] R1 → SITE (-0.85, -0.78)
[DEPOSIT] R2 deposited! Total: 21
  [TARGET] R2 → PHERO (-0.85, -0.78)

======================================================================
Step 6000 (3.2 min) | Pickups: 21 | Deposits: 21 | Rate: 6.56 tags/min | phero_entries=4 max_w=0.484
======================================================================
R1[SITE      ]: carry=0 | base=0.58 | wall=2.05 | search=  0 | target=site(-0.85,-0.78)
R2[BASE_ESC  ]: carry=0 | base=0.24 | wall=2.31 | search=  0 | target=phero(-0.85,-0.78)
R3[SEARCH    ]: carry=0 | base=1.63 | wall=0.90 | search=781 | target=site(-0.78,-0.82)
R4[SEARCH    ]: carry=0 | base=1.13 | wall=1.51 | search=344 | target=site(-0.85,-0.71)

[PICKUP] R2 picked up tag (density=5) | Total: 22
[PICKUP] R1 picked up tag (density=4) | Total: 23

======================================================================
Step 6500 (3.5 min) | Pickups: 23 | Deposits: 21 | Rate: 6.06 tags/min | phero_entries=3 max_w=0.088
======================================================================
R1[SURVEY    ]: carry=1 | base=1.20 | wall=1.57 | search=  0 | target=none
R2[SURVEY    ]: carry=1 | base=1.19 | wall=1.63 | search=  0 | target=none
R3[GIVE_UP   ]: carry=0 | base=1.51 | wall=0.99 | search=1092 | target=none
R4[SEARCH    ]: carry=0 | base=2.18 | wall=0.47 | search=844 | target=site(-0.85,-0.71)

  [GIVE-UP] R3 returned empty after 1092 searching steps
  [TARGET] R3 → PHERO (-0.85, -0.78)
[DEPOSIT] R2 deposited! Total: 22
  [PHERO] Laid at (-0.86, -0.80) density=5 prob=0.42 entries=3
  [TARGET] R2 → SITE (-0.86, -0.80)
[DEPOSIT] R1 deposited! Total: 23
  [TARGET] R1 → SITE (-0.93, -0.76)

======================================================================
Step 7000 (3.7 min) | Pickups: 23 | Deposits: 23 | Rate: 6.16 tags/min | phero_entries=3 max_w=0.705
======================================================================
R1[BASE_ESC  ]: carry=0 | base=0.24 | wall=2.32 | search=  0 | target=site(-0.93,-0.76)
R2[BASE_ESC  ]: carry=0 | base=0.23 | wall=2.30 | search=  0 | target=site(-0.86,-0.80)
R3[PHERO     ]: carry=0 | base=0.33 | wall=2.18 | search=  0 | target=phero(-0.85,-0.78)
R4[SEARCH    ]: carry=0 | base=2.26 | wall=0.39 | search=1344 | target=site(-0.85,-0.71)

[PICKUP] R1 picked up tag (density=3) | Total: 24

======================================================================
Step 7500 (4.0 min) | Pickups: 24 | Deposits: 23 | Rate: 5.75 tags/min | phero_entries=2 max_w=0.128
======================================================================
R1[SURVEY    ]: carry=1 | base=1.16 | wall=1.57 | search=  0 | target=none
R2[SEARCH    ]: carry=0 | base=1.09 | wall=1.70 | search=242 | target=site(-0.86,-0.80)
R3[SEARCH    ]: carry=0 | base=1.21 | wall=1.63 | search=229 | target=phero(-0.85,-0.78)
R4[SEARCH    ]: carry=0 | base=2.28 | wall=0.38 | search=1844 | target=site(-0.85,-0.71)

[DEPOSIT] R1 deposited! Total: 24
  [TARGET] R1 → SITE (-0.93, -0.69)
  [GIVE-UP] R3 returned empty after 468 searching steps
  [TARGET] R3 → PHERO (-0.86, -0.80)

======================================================================
Step 8000 (4.3 min) | Pickups: 24 | Deposits: 24 | Rate: 5.62 tags/min | phero_entries=1 max_w=0.023
======================================================================
R1[SITE      ]: carry=0 | base=0.39 | wall=2.19 | search=  0 | target=site(-0.93,-0.69)
R2[SEARCH    ]: carry=0 | base=1.36 | wall=1.16 | search=742 | target=site(-0.86,-0.80)
R3[BASE_ESC  ]: carry=0 | base=0.23 | wall=2.28 | search=  0 | target=phero(-0.86,-0.80)
R4[SEARCH    ]: carry=0 | base=2.28 | wall=0.39 | search=2344 | target=site(-0.85,-0.71)


======================================================================
Step 8500 (4.5 min) | Pickups: 24 | Deposits: 24 | Rate: 5.29 tags/min | phero_entries=1 max_w=0.004
======================================================================
R1[SEARCH    ]: carry=0 | base=1.16 | wall=1.57 | search=306 | target=site(-0.93,-0.69)
R2[SEARCH    ]: carry=0 | base=1.24 | wall=1.33 | search=1242 | target=site(-0.86,-0.80)
R3[SEARCH    ]: carry=0 | base=1.12 | wall=1.64 | search=108 | target=phero(-0.86,-0.80)
R4[SEARCH    ]: carry=0 | base=2.27 | wall=0.38 | search=2844 | target=site(-0.85,-0.71)

[PICKUP] R1 picked up tag (density=2) | Total: 25
[PICKUP] R3 picked up tag (density=1) | Total: 26

======================================================================
Step 9000 (4.8 min) | Pickups: 26 | Deposits: 24 | Rate: 5.00 tags/min | phero_entries=0 max_w=0.000
======================================================================
R1[RTB       ]: carry=1 | base=0.44 | wall=2.16 | search=  0 | target=none
R2[SEARCH    ]: carry=0 | base=0.63 | wall=1.97 | search=1742 | target=site(-0.86,-0.80)
R3[SURVEY    ]: carry=1 | base=1.31 | wall=1.57 | search=  0 | target=none
R4[SEARCH    ]: carry=0 | base=2.27 | wall=0.38 | search=3344 | target=site(-0.85,-0.71)

[DEPOSIT] R1 deposited! Total: 25
  [TARGET] R1 → WALL (-2.42, 0.59)
[DEPOSIT] R3 deposited! Total: 26
  [TARGET] R3 → WALL (-2.42, -0.50)

======================================================================
Step 9500 (5.1 min) | Pickups: 26 | Deposits: 26 | Rate: 5.13 tags/min | phero_entries=0 max_w=0.000
======================================================================
R1[SEARCH    ]: carry=0 | base=1.14 | wall=1.36 | search= 26 | target=none
R2[SEARCH    ]: carry=0 | base=1.46 | wall=1.04 | search=2242 | target=site(-0.86,-0.80)
R3[DEPART    ]: carry=0 | base=0.37 | wall=2.20 | search=  0 | target=none
R4[GIVE_UP   ]: carry=0 | base=1.94 | wall=0.71 | search=3744 | target=none

[PICKUP] R1 picked up tag (density=1) | Total: 27
  [GIVE-UP] R4 returned empty after 3744 searching steps
  [TARGET] R4 → WALL (2.42, 2.07)

======================================================================
Step 10000 (5.3 min) | Pickups: 27 | Deposits: 26 | Rate: 4.88 tags/min | phero_entries=0 max_w=0.000
======================================================================
R1[SURVEY    ]: carry=1 | base=0.69 | wall=1.82 | search=  0 | target=none
R2[SEARCH    ]: carry=0 | base=0.25 | wall=2.25 | search=2742 | target=site(-0.86,-0.80)
R3[DEPART    ]: carry=0 | base=2.11 | wall=0.44 | search=  0 | target=none
R4[BASE_ESC  ]: carry=0 | base=0.22 | wall=2.29 | search=  0 | target=none

[DEPOSIT] R1 deposited! Total: 27
  [TARGET] R1 → SITE (-0.68, 0.12)

======================================================================
Step 10500 (5.6 min) | Pickups: 27 | Deposits: 27 | Rate: 4.82 tags/min | phero_entries=0 max_w=0.000
======================================================================
R1[SEARCH    ]: carry=0 | base=0.69 | wall=1.81 | search= 75 | target=site(-0.68,0.12)
R2[SEARCH    ]: carry=0 | base=0.27 | wall=2.24 | search=3242 | target=site(-0.86,-0.80)
R3[SEARCH    ]: carry=0 | base=1.80 | wall=0.98 | search=152 | target=none
R4[SEARCH    ]: carry=0 | base=0.57 | wall=2.04 | search=251 | target=none


======================================================================
Step 11000 (5.9 min) | Pickups: 27 | Deposits: 27 | Rate: 4.60 tags/min | phero_entries=0 max_w=0.000
======================================================================
R1[SEARCH    ]: carry=0 | base=0.28 | wall=2.25 | search=575 | target=site(-0.68,0.12)
R2[SEARCH    ]: carry=0 | base=1.11 | wall=1.46 | search=3742 | target=site(-0.86,-0.80)
R3[SEARCH    ]: carry=0 | base=1.57 | wall=1.12 | search=652 | target=none
R4[SEARCH    ]: carry=0 | base=0.39 | wall=2.11 | search=751 | target=none

  [GIVE-UP] R4 returned empty after 780 searching steps
  [TARGET] R4 → WALL (-2.42, 0.98)
[PICKUP] R2 picked up tag (density=9) | Total: 28

======================================================================
Step 11500 (6.1 min) | Pickups: 28 | Deposits: 27 | Rate: 4.40 tags/min | phero_entries=0 max_w=0.000
======================================================================
R1[SEARCH    ]: carry=0 | base=1.45 | wall=1.05 | search=1075 | target=site(-0.68,0.12)
R2[RTB       ]: carry=1 | base=1.88 | wall=0.69 | search=  0 | target=none
R3[GIVE_UP   ]: carry=0 | base=0.92 | wall=1.67 | search=780 | target=none
R4[SEARCH    ]: carry=0 | base=0.48 | wall=2.05 | search=155 | target=none

  [GIVE-UP] R3 returned empty after 780 searching steps
  [TARGET] R3 → WALL (2.42, 1.97)
  [GIVE-UP] R1 returned empty after 1092 searching steps
  [TARGET] R1 → WALL (1.88, 2.42)
[DEPOSIT] R2 deposited! Total: 28
  [PHERO] Laid at (1.79, 0.53) density=9 prob=0.90 entries=1
  [TARGET] R2 → SITE (1.79, 0.53)

======================================================================
Step 12000 (6.4 min) | Pickups: 28 | Deposits: 28 | Rate: 4.38 tags/min | phero_entries=1 max_w=0.846
======================================================================
R1[BASE_ESC  ]: carry=0 | base=0.25 | wall=2.27 | search=  0 | target=none
R2[BASE_ESC  ]: carry=0 | base=0.22 | wall=2.29 | search=  0 | target=site(1.79,0.53)
R3[SEARCH    ]: carry=0 | base=0.33 | wall=2.17 | search= 52 | target=none
R4[SEARCH    ]: carry=0 | base=1.50 | wall=1.19 | search=655 | target=none


======================================================================
Step 12500 (6.7 min) | Pickups: 28 | Deposits: 28 | Rate: 4.20 tags/min | phero_entries=1 max_w=0.153
======================================================================
R1[GIVE_UP   ]: carry=0 | base=0.65 | wall=2.02 | search=156 | target=none
R2[SEARCH    ]: carry=0 | base=1.84 | wall=0.74 | search= 23 | target=site(1.79,0.53)
R3[SEARCH    ]: carry=0 | base=0.78 | wall=1.82 | search=552 | target=none
R4[GIVE_UP   ]: carry=0 | base=1.62 | wall=1.08 | search=936 | target=none

  [GIVE-UP] R1 returned empty after 156 searching steps
  [TARGET] R1 → PHERO (1.79, 0.53)
[PICKUP] R2 picked up tag (density=8) | Total: 29
  [GIVE-UP] R4 returned empty after 936 searching steps
  [TARGET] R4 → PHERO (1.79, 0.53)

======================================================================
Step 13000 (6.9 min) | Pickups: 29 | Deposits: 28 | Rate: 4.04 tags/min | phero_entries=1 max_w=0.028
======================================================================
R1[PHERO     ]: carry=0 | base=1.33 | wall=1.23 | search=  0 | target=phero(1.79,0.53)
R2[RTB       ]: carry=1 | base=1.62 | wall=0.90 | search=  0 | target=none
R3[BASE_ESC  ]: carry=0 | base=0.24 | wall=2.27 | search=1052 | target=none
R4[PHERO     ]: carry=0 | base=0.27 | wall=2.23 | search=  0 | target=phero(1.79,0.53)

[DEPOSIT] R2 deposited! Total: 29
  [PHERO] Laid at (1.75, 0.39) density=8 prob=0.83 entries=2
  [TARGET] R2 → SITE (1.75, 0.39)

======================================================================
Step 13500 (7.2 min) | Pickups: 29 | Deposits: 29 | Rate: 4.03 tags/min | phero_entries=2 max_w=0.615
======================================================================
R1[SEARCH    ]: carry=0 | base=1.75 | wall=0.80 | search=374 | target=phero(1.79,0.53)
R2[SITE      ]: carry=0 | base=0.33 | wall=2.20 | search=  0 | target=site(1.75,0.39)
R3[SEARCH    ]: carry=0 | base=0.27 | wall=2.23 | search=1552 | target=none
R4[PHERO     ]: carry=0 | base=0.74 | wall=1.85 | search=  0 | target=phero(1.79,0.53)

[PICKUP] R1 picked up tag (density=7) | Total: 30

======================================================================
Step 14000 (7.5 min) | Pickups: 30 | Deposits: 29 | Rate: 3.88 tags/min | phero_entries=1 max_w=0.111
======================================================================
R1[RTB       ]: carry=1 | base=1.20 | wall=1.31 | search=  0 | target=none
R2[SEARCH    ]: carry=0 | base=1.79 | wall=0.78 | search=129 | target=site(1.75,0.39)
R3[GIVE_UP   ]: carry=0 | base=0.50 | wall=2.05 | search=2028 | target=none
R4[SEARCH    ]: carry=0 | base=1.78 | wall=0.82 | search=214 | target=phero(1.79,0.53)

  [GIVE-UP] R3 returned empty after 2028 searching steps
  [TARGET] R3 → PHERO (1.75, 0.39)
[PICKUP] R4 picked up tag (density=6) | Total: 31
[DEPOSIT] R1 deposited! Total: 30
  [TARGET] R1 → SITE (1.75, 0.33)

======================================================================
Step 14500 (7.7 min) | Pickups: 31 | Deposits: 30 | Rate: 3.88 tags/min | phero_entries=1 max_w=0.020
======================================================================
R1[SITE      ]: carry=0 | base=0.74 | wall=1.77 | search=  0 | target=site(1.75,0.33)
R2[SEARCH    ]: carry=0 | base=1.81 | wall=0.77 | search=629 | target=site(1.75,0.39)
R3[PHERO     ]: carry=0 | base=1.37 | wall=1.17 | search=  0 | target=phero(1.75,0.39)
R4[RTB       ]: carry=1 | base=1.57 | wall=0.96 | search=  0 | target=none

[DEPOSIT] R4 deposited! Total: 31
  [PHERO] Laid at (1.86, 0.52) density=6 prob=0.58 entries=2
  [TARGET] R4 → SITE (1.86, 0.52)

======================================================================
Step 15000 (8.0 min) | Pickups: 31 | Deposits: 31 | Rate: 3.88 tags/min | phero_entries=2 max_w=0.691
======================================================================
R1[SEARCH    ]: carry=0 | base=1.67 | wall=0.85 | search=233 | target=site(1.75,0.33)
R2[SEARCH    ]: carry=0 | base=1.00 | wall=1.66 | search=1129 | target=site(1.75,0.39)
R3[SEARCH    ]: carry=0 | base=1.65 | wall=0.89 | search=370 | target=phero(1.75,0.39)
R4[BASE_ESC  ]: carry=0 | base=0.24 | wall=2.26 | search=  0 | target=site(1.86,0.52)

[PICKUP] R3 picked up tag (density=5) | Total: 32
  [GIVE-UP] R2 returned empty after 1248 searching steps
  [TARGET] R2 → PHERO (1.86, 0.52)

======================================================================
Step 15500 (8.3 min) | Pickups: 32 | Deposits: 31 | Rate: 3.75 tags/min | phero_entries=1 max_w=0.125
======================================================================
R1[SEARCH    ]: carry=0 | base=2.21 | wall=0.89 | search=733 | target=site(1.75,0.33)
R2[PHERO     ]: carry=0 | base=0.56 | wall=1.95 | search=  0 | target=phero(1.86,0.52)
R3[RTB       ]: carry=1 | base=1.42 | wall=1.08 | search=  0 | target=none
R4[SEARCH    ]: carry=0 | base=1.95 | wall=0.62 | search= 57 | target=site(1.86,0.52)

[DEPOSIT] R3 deposited! Total: 32
  [PHERO] Laid at (1.82, 0.29) density=5 prob=0.42 entries=2
  [TARGET] R3 → SITE (1.82, 0.29)

======================================================================
Step 16000 (8.5 min) | Pickups: 32 | Deposits: 32 | Rate: 3.75 tags/min | phero_entries=2 max_w=0.515
======================================================================
R1[SEARCH    ]: carry=0 | base=2.34 | wall=0.35 | search=1233 | target=site(1.75,0.33)
R2[SEARCH    ]: carry=0 | base=1.85 | wall=0.69 | search=156 | target=phero(1.86,0.52)
R3[SITE      ]: carry=0 | base=0.54 | wall=1.99 | search=  0 | target=site(1.82,0.29)
R4[SEARCH    ]: carry=0 | base=2.09 | wall=0.59 | search=557 | target=site(1.86,0.52)

[PICKUP] R2 picked up tag (density=4) | Total: 33

======================================================================
Step 16500 (8.8 min) | Pickups: 33 | Deposits: 32 | Rate: 3.64 tags/min | phero_entries=2 max_w=0.093
======================================================================
R1[GIVE_UP   ]: carry=0 | base=0.84 | wall=1.72 | search=1248 | target=none
R2[RTB       ]: carry=1 | base=1.63 | wall=0.88 | search=  0 | target=none
R3[SEARCH    ]: carry=0 | base=1.74 | wall=0.79 | search=168 | target=site(1.82,0.29)
R4[SEARCH    ]: carry=0 | base=2.50 | wall=0.35 | search=1057 | target=site(1.86,0.52)

  [GIVE-UP] R1 returned empty after 1248 searching steps
  [TARGET] R1 → PHERO (1.82, 0.29)
[DEPOSIT] R2 deposited! Total: 33
  [TARGET] R2 → PHERO (1.82, 0.29)
[PICKUP] R3 picked up tag (density=3) | Total: 34

======================================================================
Step 17000 (9.1 min) | Pickups: 34 | Deposits: 33 | Rate: 3.64 tags/min | phero_entries=1 max_w=0.017
======================================================================
R1[PHERO     ]: carry=0 | base=0.77 | wall=1.80 | search=  0 | target=phero(1.82,0.29)
R2[PHERO     ]: carry=0 | base=0.33 | wall=2.19 | search=  0 | target=phero(1.82,0.29)
R3[SURVEY    ]: carry=1 | base=1.93 | wall=0.60 | search=  0 | target=none
R4[SEARCH    ]: carry=0 | base=1.64 | wall=1.17 | search=1557 | target=site(1.86,0.52)


======================================================================
Step 17500 (9.3 min) | Pickups: 34 | Deposits: 33 | Rate: 3.54 tags/min | phero_entries=1 max_w=0.003
======================================================================
R1[GIVE_UP   ]: carry=0 | base=1.56 | wall=0.98 | search=156 | target=none
R2[SEARCH    ]: carry=0 | base=1.88 | wall=0.64 | search=115 | target=phero(1.82,0.29)
R3[RTB       ]: carry=1 | base=0.99 | wall=1.51 | search=  0 | target=none
R4[GIVE_UP   ]: carry=0 | base=1.05 | wall=1.66 | search=1716 | target=none

[DEPOSIT] R3 deposited! Total: 34
  [PHERO] Laid at (1.90, 0.33) density=3 prob=0.14 entries=2
  [TARGET] R3 → PHERO (1.90, 0.33)
  [GIVE-UP] R4 returned empty after 1716 searching steps
  [TARGET] R4 → PHERO (1.90, 0.33)
  [GIVE-UP] R1 returned empty after 156 searching steps
  [TARGET] R1 → PHERO (1.90, 0.33)

======================================================================
Step 18000 (9.6 min) | Pickups: 34 | Deposits: 34 | Rate: 3.54 tags/min | phero_entries=1 max_w=0.351
======================================================================
R1[PHERO     ]: carry=0 | base=0.29 | wall=2.26 | search=  0 | target=phero(1.90,0.33)
R2[GIVE_UP   ]: carry=0 | base=0.55 | wall=1.96 | search=156 | target=none
R3[PHERO     ]: carry=0 | base=0.76 | wall=1.77 | search=  0 | target=phero(1.90,0.33)
R4[PHERO     ]: carry=0 | base=0.69 | wall=1.89 | search=  0 | target=phero(1.90,0.33)

  [GIVE-UP] R2 returned empty after 156 searching steps
  [TARGET] R2 → PHERO (1.90, 0.33)
[PICKUP] R3 picked up tag (density=2) | Total: 35

======================================================================
Step 18500 (9.9 min) | Pickups: 35 | Deposits: 34 | Rate: 3.45 tags/min | phero_entries=1 max_w=0.063
======================================================================
R1[SEARCH    ]: carry=0 | base=1.93 | wall=0.60 | search= 68 | target=phero(1.90,0.33)
R2[PHERO     ]: carry=0 | base=1.37 | wall=1.16 | search=  0 | target=phero(1.90,0.33)
R3[SURVEY    ]: carry=1 | base=1.98 | wall=0.55 | search=  0 | target=none
R4[SEARCH    ]: carry=0 | base=1.82 | wall=0.70 | search=172 | target=phero(1.90,0.33)

TIMEOUT_RESULT pickups=35 deposits=34 steps=18750 elapsed_min=10.000000
BATCH_RESULT pickups=35 deposits=34
