=================================================================
CPFA BASELINE — ARGoS-calibrated parameters
  Params file                  = /home/sara/Documents/RL-FL-Foraging/cpfa_tuning_20260715_155549/trial_021/params.yaml
  Results file                 = /home/sara/Documents/RL-FL-Foraging/controllers/cpfa_baseline/results/cpfa_baseline_results_20260715_165305_7.txt
  RateOfLayingPheromone        = 6.18088741054496
  RateOfSiteFidelity           = 2.967812359887452
  RateOfPheromoneDecay         = 0.10691275636305062 /s  (lifetime ~65s)
  ProbabilityOfReturningToNest = 0.13435030269359335 (every 5 sec → E[give-up] ~37s)
  UninformedSearchVariation    = 0.46 rad (26.4°)
  RateOfInformedSearchDecay    = 0.92914231446789 /waypoint
  ProbabilityOfSwitchingToSearching = 0.39886463865597666 (every 5 sec in uninformed DEPARTING)
=================================================================

[PICKUP] R1 picked up tag (density=9) | Total: 1
[PICKUP] R4 picked up tag (density=7) | Total: 2
[DEPOSIT] R1 deposited! Total: 1
  [PHERO] Laid at (-0.50, 0.00) density=9 prob=0.90 entries=1
  [TARGET] R1 → SITE (-0.50, 0.00)
[DEPOSIT] R4 deposited! Total: 2
  [PHERO] Laid at (0.00, -0.50) density=7 prob=0.72 entries=2
  [TARGET] R4 → SITE (0.00, -0.50)
[PICKUP] R1 picked up tag (density=10) | Total: 3

======================================================================
Step 500 (0.3 min) | Pickups: 3 | Deposits: 2 | Rate: 7.50 tags/min | phero_entries=2 max_w=0.493
======================================================================
R1[SURVEY    ]: carry=1 | base=0.31 | wall=2.20 | search=  0 | target=none
R2[SEARCH    ]: carry=0 | base=1.81 | wall=0.94 | search=188 | target=none
R3[GIVE_UP   ]: carry=0 | base=1.20 | wall=1.32 | search=156 | target=none
R4[SITE      ]: carry=0 | base=0.45 | wall=2.05 | search=  0 | target=site(0.00,-0.50)

[PICKUP] R4 picked up tag (density=6) | Total: 4
[PICKUP] R2 picked up tag (density=9) | Total: 5
[DEPOSIT] R1 deposited! Total: 3
  [PHERO] Laid at (-0.29, -0.08) density=10 prob=0.95 entries=3
  [TARGET] R1 → SITE (-0.29, -0.08)
  [GIVE-UP] R3 returned empty after 156 searching steps
  [TARGET] R3 → PHERO (-0.29, -0.08)
[PICKUP] R1 picked up tag (density=11) | Total: 6
[DEPOSIT] R4 deposited! Total: 4
  [TARGET] R4 → SITE (-0.01, -0.51)

======================================================================
Step 1000 (0.5 min) | Pickups: 6 | Deposits: 4 | Rate: 7.50 tags/min | phero_entries=3 max_w=0.311
======================================================================
R1[SURVEY    ]: carry=1 | base=0.33 | wall=2.20 | search=  0 | target=none
R2[RTB       ]: carry=1 | base=1.09 | wall=1.62 | search=  0 | target=none
R3[BASE_ESC  ]: carry=0 | base=0.24 | wall=2.28 | search=  0 | target=phero(-0.29,-0.08)
R4[SITE      ]: carry=0 | base=0.25 | wall=2.27 | search=  0 | target=site(-0.01,-0.51)

[DEPOSIT] R1 deposited! Total: 5
  [PHERO] Laid at (-0.30, -0.13) density=11 prob=0.98 entries=4
  [TARGET] R1 → SITE (-0.30, -0.13)
[DEPOSIT] R2 deposited! Total: 6
  [PHERO] Laid at (1.06, 1.63) density=9 prob=0.90 entries=5
  [TARGET] R2 → SITE (1.06, 1.63)
[PICKUP] R4 picked up tag (density=10) | Total: 7

======================================================================
Step 1500 (0.8 min) | Pickups: 7 | Deposits: 6 | Rate: 7.50 tags/min | phero_entries=5 max_w=0.425
======================================================================
R1[BASE_ESC  ]: carry=0 | base=0.24 | wall=2.32 | search=201 | target=site(-0.30,-0.13)
R2[SITE      ]: carry=0 | base=0.75 | wall=1.85 | search=  0 | target=site(1.06,1.63)
R3[PHERO     ]: carry=0 | base=0.28 | wall=2.24 | search=  0 | target=phero(-0.29,-0.08)
R4[SURVEY    ]: carry=1 | base=0.42 | wall=2.20 | search=  0 | target=none

[PICKUP] R3 picked up tag (density=7) | Total: 8
[DEPOSIT] R4 deposited! Total: 7
  [PHERO] Laid at (-0.29, -0.29) density=10 prob=0.95 entries=6
  [TARGET] R4 → SITE (-0.29, -0.29)
[DEPOSIT] R3 deposited! Total: 8
  [PHERO] Laid at (-0.37, -0.09) density=7 prob=0.72 entries=7
  [TARGET] R3 → SITE (-0.37, -0.09)

======================================================================
Step 2000 (1.1 min) | Pickups: 8 | Deposits: 8 | Rate: 7.50 tags/min | phero_entries=7 max_w=0.691
======================================================================
R1[SEARCH    ]: carry=0 | base=0.54 | wall=1.99 | search=701 | target=site(-0.30,-0.13)
R2[SEARCH    ]: carry=0 | base=1.81 | wall=0.96 | search=201 | target=site(1.06,1.63)
R3[SITE      ]: carry=0 | base=0.25 | wall=2.28 | search=  0 | target=site(-0.37,-0.09)
R4[SEARCH    ]: carry=0 | base=0.43 | wall=2.17 | search= 34 | target=site(-0.29,-0.29)

[PICKUP] R4 picked up tag (density=8) | Total: 9
[PICKUP] R3 picked up tag (density=6) | Total: 10
[DEPOSIT] R4 deposited! Total: 9
  [PHERO] Laid at (-0.29, -0.38) density=8 prob=0.83 entries=6
  [TARGET] R4 → SITE (-0.29, -0.38)
[DEPOSIT] R3 deposited! Total: 10
  [PHERO] Laid at (-0.38, -0.13) density=6 prob=0.58 entries=7
  [TARGET] R3 → SITE (-0.38, -0.13)

======================================================================
Step 2500 (1.3 min) | Pickups: 10 | Deposits: 10 | Rate: 7.50 tags/min | phero_entries=7 max_w=0.750
======================================================================
R1[BASE_ESC  ]: carry=0 | base=0.24 | wall=2.26 | search=1201 | target=site(-0.30,-0.13)
R2[SEARCH    ]: carry=0 | base=0.92 | wall=1.81 | search=701 | target=site(1.06,1.63)
R3[BASE_ESC  ]: carry=0 | base=0.23 | wall=2.31 | search=  0 | target=site(-0.38,-0.13)
R4[SITE      ]: carry=0 | base=0.35 | wall=2.16 | search=  0 | target=site(-0.29,-0.38)

[PICKUP] R4 picked up tag (density=6) | Total: 11
[PICKUP] R3 picked up tag (density=5) | Total: 12
  [GIVE-UP] R2 returned empty after 780 searching steps
  [TARGET] R2 → PHERO (-0.38, -0.13)
[DEPOSIT] R4 deposited! Total: 11
  [TARGET] R4 → SITE (-0.20, -0.38)
[DEPOSIT] R3 deposited! Total: 12
  [TARGET] R3 → SITE (-0.42, -0.15)

======================================================================
Step 3000 (1.6 min) | Pickups: 12 | Deposits: 12 | Rate: 7.50 tags/min | phero_entries=6 max_w=0.136
======================================================================
R1[SEARCH    ]: carry=0 | base=0.29 | wall=2.23 | search=1701 | target=site(-0.30,-0.13)
R2[BASE_ESC  ]: carry=0 | base=0.24 | wall=2.26 | search=  0 | target=phero(-0.38,-0.13)
R3[BASE_ESC  ]: carry=0 | base=0.22 | wall=2.32 | search=  0 | target=site(-0.42,-0.15)
R4[SITE      ]: carry=0 | base=0.29 | wall=2.21 | search=  0 | target=site(-0.20,-0.38)

[PICKUP] R4 picked up tag (density=4) | Total: 13
[DEPOSIT] R4 deposited! Total: 13
  [TARGET] R4 → PHERO (-0.29, -0.38)

======================================================================
Step 3500 (1.9 min) | Pickups: 13 | Deposits: 13 | Rate: 6.96 tags/min | phero_entries=4 max_w=0.025
======================================================================
R1[GIVE_UP   ]: carry=0 | base=0.64 | wall=1.88 | search=2184 | target=none
R2[SEARCH    ]: carry=0 | base=0.35 | wall=2.16 | search= 85 | target=phero(-0.38,-0.13)
R3[SEARCH    ]: carry=0 | base=0.57 | wall=1.93 | search=373 | target=site(-0.42,-0.15)
R4[BASE_ESC  ]: carry=0 | base=0.22 | wall=2.28 | search=  0 | target=phero(-0.29,-0.38)

  [GIVE-UP] R1 returned empty after 2184 searching steps
  [TARGET] R1 → PHERO (-0.29, -0.38)
[PICKUP] R2 picked up tag (density=2) | Total: 14
[DEPOSIT] R2 deposited! Total: 14
  [TARGET] R2 → SITE (-0.46, -0.13)

======================================================================
Step 4000 (2.1 min) | Pickups: 14 | Deposits: 14 | Rate: 6.56 tags/min | phero_entries=2 max_w=0.004
======================================================================
R1[PHERO     ]: carry=0 | base=0.25 | wall=2.30 | search=  0 | target=phero(-0.29,-0.38)
R2[BASE_ESC  ]: carry=0 | base=0.24 | wall=2.27 | search=  0 | target=site(-0.46,-0.13)
R3[SEARCH    ]: carry=0 | base=1.31 | wall=1.39 | search=873 | target=site(-0.42,-0.15)
R4[SEARCH    ]: carry=0 | base=0.36 | wall=2.25 | search=306 | target=phero(-0.29,-0.38)

[PICKUP] R2 picked up tag (density=1) | Total: 15

======================================================================
Step 4500 (2.4 min) | Pickups: 15 | Deposits: 14 | Rate: 5.83 tags/min | phero_entries=0 max_w=0.000
======================================================================
R1[PHERO     ]: carry=0 | base=0.30 | wall=2.20 | search=  0 | target=phero(-0.29,-0.38)
R2[SURVEY    ]: carry=1 | base=0.53 | wall=1.99 | search=  0 | target=none
R3[SEARCH    ]: carry=0 | base=1.98 | wall=0.89 | search=1373 | target=site(-0.42,-0.15)
R4[SEARCH    ]: carry=0 | base=1.28 | wall=1.29 | search=806 | target=phero(-0.29,-0.38)

[DEPOSIT] R2 deposited! Total: 15
  [TARGET] R2 → WALL (-0.25, -2.42)
[PICKUP] R2 picked up tag (density=1) | Total: 16

======================================================================
Step 5000 (2.7 min) | Pickups: 16 | Deposits: 15 | Rate: 5.62 tags/min | phero_entries=0 max_w=0.000
======================================================================
R1[SEARCH    ]: carry=0 | base=0.68 | wall=1.98 | search=441 | target=phero(-0.29,-0.38)
R2[SURVEY    ]: carry=1 | base=0.53 | wall=2.04 | search=  0 | target=none
R3[GIVE_UP   ]: carry=0 | base=1.56 | wall=1.26 | search=1560 | target=none
R4[GIVE_UP   ]: carry=0 | base=0.29 | wall=2.28 | search=1092 | target=none

  [GIVE-UP] R4 returned empty after 1092 searching steps
  [TARGET] R4 → WALL (-1.94, 2.42)
[DEPOSIT] R2 deposited! Total: 16
  [TARGET] R2 → WALL (1.34, 2.42)
  [GIVE-UP] R3 returned empty after 1560 searching steps
  [TARGET] R3 → WALL (-2.42, -1.33)

======================================================================
Step 5500 (2.9 min) | Pickups: 16 | Deposits: 16 | Rate: 5.45 tags/min | phero_entries=0 max_w=0.000
======================================================================
R1[SEARCH    ]: carry=0 | base=1.92 | wall=0.77 | search=941 | target=phero(-0.29,-0.38)
R2[SEARCH    ]: carry=0 | base=0.27 | wall=2.23 | search= 41 | target=none
R3[DEPART    ]: carry=0 | base=0.29 | wall=2.28 | search=  0 | target=none
R4[SEARCH    ]: carry=0 | base=0.95 | wall=1.79 | search= 65 | target=none


======================================================================
Step 6000 (3.2 min) | Pickups: 16 | Deposits: 16 | Rate: 5.00 tags/min | phero_entries=0 max_w=0.000
======================================================================
R1[SEARCH    ]: carry=0 | base=2.03 | wall=0.66 | search=1441 | target=phero(-0.29,-0.38)
R2[GIVE_UP   ]: carry=0 | base=0.62 | wall=1.92 | search=468 | target=none
R3[SEARCH    ]: carry=0 | base=0.96 | wall=1.57 | search=392 | target=none
R4[SEARCH    ]: carry=0 | base=1.87 | wall=0.89 | search=565 | target=none

  [GIVE-UP] R2 returned empty after 468 searching steps
  [TARGET] R2 → WALL (0.71, -2.42)
  [GIVE-UP] R3 returned empty after 468 searching steps
  [TARGET] R3 → WALL (-1.95, -2.42)

======================================================================
Step 6500 (3.5 min) | Pickups: 16 | Deposits: 16 | Rate: 4.62 tags/min | phero_entries=0 max_w=0.000
======================================================================
R1[GIVE_UP   ]: carry=0 | base=1.40 | wall=1.11 | search=1872 | target=none
R2[SEARCH    ]: carry=0 | base=0.46 | wall=2.16 | search=127 | target=none
R3[BASE_ESC  ]: carry=0 | base=0.22 | wall=2.28 | search=  0 | target=none
R4[SEARCH    ]: carry=0 | base=1.40 | wall=1.29 | search=1065 | target=none

  [GIVE-UP] R1 returned empty after 1872 searching steps
  [TARGET] R1 → WALL (2.42, 1.16)
  [GIVE-UP] R4 returned empty after 1092 searching steps
  [TARGET] R4 → WALL (-1.65, 2.42)

======================================================================
Step 7000 (3.7 min) | Pickups: 16 | Deposits: 16 | Rate: 4.29 tags/min | phero_entries=0 max_w=0.000
======================================================================
R1[DEPART    ]: carry=0 | base=0.29 | wall=2.22 | search=  0 | target=none
R2[GIVE_UP   ]: carry=0 | base=0.58 | wall=1.94 | search=624 | target=none
R3[DEPART    ]: carry=0 | base=1.91 | wall=1.07 | search=  0 | target=none
R4[DEPART    ]: carry=0 | base=0.43 | wall=2.08 | search=  0 | target=none

  [GIVE-UP] R2 returned empty after 624 searching steps
  [TARGET] R2 → WALL (2.42, 0.63)

======================================================================
Step 7500 (4.0 min) | Pickups: 16 | Deposits: 16 | Rate: 4.00 tags/min | phero_entries=0 max_w=0.000
======================================================================
R1[DEPART    ]: carry=0 | base=1.65 | wall=0.97 | search=  0 | target=none
R2[DEPART    ]: carry=0 | base=0.99 | wall=1.58 | search=  0 | target=none
R3[DEPART    ]: carry=0 | base=2.43 | wall=0.52 | search=  0 | target=none
R4[DEPART    ]: carry=0 | base=2.32 | wall=0.56 | search=  0 | target=none

[PICKUP] R1 picked up tag (density=12) | Total: 17

======================================================================
Step 8000 (4.3 min) | Pickups: 17 | Deposits: 16 | Rate: 3.75 tags/min | phero_entries=0 max_w=0.000
======================================================================
R1[SURVEY    ]: carry=1 | base=1.52 | wall=1.21 | search=  0 | target=none
R2[DEPART    ]: carry=0 | base=2.15 | wall=0.40 | search=  0 | target=none
R3[SEARCH    ]: carry=0 | base=2.01 | wall=0.49 | search=220 | target=none
R4[SEARCH    ]: carry=0 | base=2.56 | wall=0.39 | search=437 | target=none


======================================================================
Step 8500 (4.5 min) | Pickups: 17 | Deposits: 16 | Rate: 3.53 tags/min | phero_entries=0 max_w=0.000
======================================================================
R1[RTB       ]: carry=1 | base=0.33 | wall=2.20 | search=  0 | target=none
R2[DEPART    ]: carry=0 | base=2.72 | wall=0.39 | search=  0 | target=none
R3[WALL_ESC  ]: carry=0 | base=2.24 | wall=0.34 | search=720 | target=none
R4[GIVE_UP   ]: carry=0 | base=2.27 | wall=0.70 | search=780 | target=none

[DEPOSIT] R1 deposited! Total: 17
  [PHERO] Laid at (1.30, 0.80) density=12 prob=0.99 entries=1
  [TARGET] R1 → SITE (1.30, 0.80)
[PICKUP] R1 picked up tag (density=11) | Total: 18

======================================================================
Step 9000 (4.8 min) | Pickups: 18 | Deposits: 17 | Rate: 3.54 tags/min | phero_entries=1 max_w=0.196
======================================================================
R1[SURVEY    ]: carry=1 | base=1.26 | wall=1.41 | search=  0 | target=none
R2[DEPART    ]: carry=0 | base=1.99 | wall=0.54 | search=  0 | target=none
R3[WALL_ESC  ]: carry=0 | base=2.24 | wall=0.34 | search=1220 | target=none
R4[GIVE_UP   ]: carry=0 | base=0.35 | wall=2.22 | search=780 | target=none

  [GIVE-UP] R4 returned empty after 780 searching steps
  [TARGET] R4 → PHERO (1.30, 0.80)
[DEPOSIT] R1 deposited! Total: 18
  [PHERO] Laid at (1.09, 0.64) density=11 prob=0.98 entries=2
  [TARGET] R1 → SITE (1.09, 0.64)
[PICKUP] R4 picked up tag (density=10) | Total: 19

======================================================================
Step 9500 (5.1 min) | Pickups: 19 | Deposits: 18 | Rate: 3.55 tags/min | phero_entries=2 max_w=0.814
======================================================================
R1[BASE_ESC  ]: carry=0 | base=0.22 | wall=2.29 | search=  0 | target=site(1.09,0.64)
R2[DEPART    ]: carry=0 | base=2.29 | wall=0.80 | search=  0 | target=none
R3[WALL_ESC  ]: carry=0 | base=2.25 | wall=0.33 | search=1720 | target=none
R4[SURVEY    ]: carry=1 | base=1.13 | wall=1.59 | search=  0 | target=none

[DEPOSIT] R4 deposited! Total: 19
  [PHERO] Laid at (0.91, 0.67) density=10 prob=0.95 entries=3
  [TARGET] R4 → SITE (0.91, 0.67)

======================================================================
Step 10000 (5.3 min) | Pickups: 19 | Deposits: 19 | Rate: 3.56 tags/min | phero_entries=3 max_w=0.809
======================================================================
R1[SEARCH    ]: carry=0 | base=1.13 | wall=1.56 | search=175 | target=site(1.09,0.64)
R2[SEARCH    ]: carry=0 | base=2.16 | wall=0.97 | search=128 | target=none
R3[WALL_ESC  ]: carry=0 | base=2.25 | wall=0.33 | search=2220 | target=none
R4[BASE_ESC  ]: carry=0 | base=0.22 | wall=2.30 | search=  0 | target=site(0.91,0.67)


======================================================================
Step 10500 (5.6 min) | Pickups: 19 | Deposits: 19 | Rate: 3.39 tags/min | phero_entries=3 max_w=0.146
======================================================================
R1[SEARCH    ]: carry=0 | base=1.64 | wall=1.10 | search=675 | target=site(1.09,0.64)
R2[SEARCH    ]: carry=0 | base=1.49 | wall=1.26 | search=628 | target=none
R3[GIVE_UP   ]: carry=0 | base=1.39 | wall=1.13 | search=2496 | target=none
R4[SEARCH    ]: carry=0 | base=0.99 | wall=1.71 | search=218 | target=site(0.91,0.67)

[PICKUP] R1 picked up tag (density=11) | Total: 20
[PICKUP] R4 picked up tag (density=8) | Total: 21
  [GIVE-UP] R3 returned empty after 2496 searching steps
  [TARGET] R3 → PHERO (0.91, 0.67)

======================================================================
Step 11000 (5.9 min) | Pickups: 21 | Deposits: 19 | Rate: 3.24 tags/min | phero_entries=2 max_w=0.026
======================================================================
R1[RTB       ]: carry=1 | base=1.02 | wall=1.64 | search=  0 | target=none
R2[SEARCH    ]: carry=0 | base=2.33 | wall=0.80 | search=1128 | target=none
R3[PHERO     ]: carry=0 | base=0.28 | wall=2.25 | search=  0 | target=phero(0.91,0.67)
R4[RTB       ]: carry=1 | base=0.79 | wall=1.82 | search=  0 | target=none

[DEPOSIT] R4 deposited! Total: 20
  [PHERO] Laid at (0.95, 0.72) density=8 prob=0.83 entries=3
  [TARGET] R4 → SITE (0.95, 0.72)
[DEPOSIT] R1 deposited! Total: 21
  [PHERO] Laid at (1.30, 0.96) density=11 prob=0.98 entries=4
  [TARGET] R1 → SITE (1.30, 0.96)

======================================================================
Step 11500 (6.1 min) | Pickups: 21 | Deposits: 21 | Rate: 3.42 tags/min | phero_entries=3 max_w=0.363
======================================================================
R1[SITE      ]: carry=0 | base=0.90 | wall=1.74 | search=  0 | target=site(1.30,0.96)
R2[GIVE_UP   ]: carry=0 | base=2.24 | wall=0.72 | search=1404 | target=none
R3[SEARCH    ]: carry=0 | base=1.04 | wall=1.72 | search=200 | target=phero(0.91,0.67)
R4[SITE      ]: carry=0 | base=1.11 | wall=1.61 | search=  0 | target=site(0.95,0.72)

[PICKUP] R1 picked up tag (density=7) | Total: 22

======================================================================
Step 12000 (6.4 min) | Pickups: 22 | Deposits: 21 | Rate: 3.28 tags/min | phero_entries=2 max_w=0.066
======================================================================
R1[RTB       ]: carry=1 | base=0.70 | wall=1.89 | search=  0 | target=none
R2[GIVE_UP   ]: carry=0 | base=0.32 | wall=2.24 | search=1404 | target=none
R3[GIVE_UP   ]: carry=0 | base=0.74 | wall=1.81 | search=468 | target=none
R4[GIVE_UP   ]: carry=0 | base=0.98 | wall=1.76 | search=312 | target=none

  [GIVE-UP] R2 returned empty after 1404 searching steps
  [TARGET] R2 → PHERO (1.30, 0.96)
[DEPOSIT] R1 deposited! Total: 22
  [TARGET] R1 → SITE (1.03, 0.72)
  [GIVE-UP] R3 returned empty after 468 searching steps
  [TARGET] R3 → PHERO (1.30, 0.96)
  [GIVE-UP] R4 returned empty after 312 searching steps
  [TARGET] R4 → PHERO (0.95, 0.72)

======================================================================
Step 12500 (6.7 min) | Pickups: 22 | Deposits: 22 | Rate: 3.30 tags/min | phero_entries=2 max_w=0.012
======================================================================
R1[SITE      ]: carry=0 | base=1.20 | wall=1.52 | search=  0 | target=site(1.03,0.72)
R2[PHERO     ]: carry=0 | base=0.90 | wall=1.86 | search=  0 | target=phero(1.30,0.96)
R3[PHERO     ]: carry=0 | base=1.10 | wall=1.57 | search=  0 | target=phero(1.30,0.96)
R4[PHERO     ]: carry=0 | base=0.96 | wall=1.72 | search=  0 | target=phero(0.95,0.72)

[PICKUP] R3 picked up tag (density=6) | Total: 23
[PICKUP] R2 picked up tag (density=5) | Total: 24
[PICKUP] R4 picked up tag (density=4) | Total: 25

======================================================================
Step 13000 (6.9 min) | Pickups: 25 | Deposits: 22 | Rate: 3.17 tags/min | phero_entries=2 max_w=0.002
======================================================================
R1[SEARCH    ]: carry=0 | base=1.23 | wall=1.50 | search=498 | target=site(1.03,0.72)
R2[RTB       ]: carry=1 | base=0.75 | wall=1.88 | search=  0 | target=none
R3[RTB       ]: carry=1 | base=0.97 | wall=1.72 | search=  0 | target=none
R4[SURVEY    ]: carry=1 | base=1.28 | wall=1.52 | search=  0 | target=none

[DEPOSIT] R2 deposited! Total: 23
  [PHERO] Laid at (0.95, 0.80) density=5 prob=0.42 entries=3
  [TARGET] R2 → SITE (0.95, 0.80)
[DEPOSIT] R3 deposited! Total: 24
  [PHERO] Laid at (1.08, 0.73) density=6 prob=0.58 entries=3
  [TARGET] R3 → SITE (1.08, 0.73)

======================================================================
Step 13500 (7.2 min) | Pickups: 25 | Deposits: 24 | Rate: 3.33 tags/min | phero_entries=2 max_w=0.345
======================================================================
R1[GIVE_UP   ]: carry=0 | base=0.28 | wall=2.29 | search=780 | target=none
R2[SITE      ]: carry=0 | base=1.00 | wall=1.72 | search=  0 | target=site(0.95,0.80)
R3[SITE      ]: carry=0 | base=0.96 | wall=1.68 | search=  0 | target=site(1.08,0.73)
R4[RTB       ]: carry=1 | base=0.33 | wall=2.22 | search=  0 | target=none

  [GIVE-UP] R1 returned empty after 780 searching steps
  [TARGET] R1 → PHERO (1.08, 0.73)
[DEPOSIT] R4 deposited! Total: 25
  [TARGET] R4 → SITE (0.98, 0.82)
[PICKUP] R2 picked up tag (density=3) | Total: 26

======================================================================
Step 14000 (7.5 min) | Pickups: 26 | Deposits: 25 | Rate: 3.35 tags/min | phero_entries=2 max_w=0.062
======================================================================
R1[SEARCH    ]: carry=0 | base=1.32 | wall=1.43 | search= 62 | target=phero(1.08,0.73)
R2[SURVEY    ]: carry=1 | base=1.36 | wall=1.46 | search=  0 | target=none
R3[SEARCH    ]: carry=0 | base=1.05 | wall=1.47 | search=424 | target=site(1.08,0.73)
R4[SEARCH    ]: carry=0 | base=1.28 | wall=1.53 | search= 47 | target=site(0.98,0.82)

[PICKUP] R4 picked up tag (density=2) | Total: 27
[DEPOSIT] R2 deposited! Total: 26
  [TARGET] R2 → SITE (1.04, 0.87)

======================================================================
Step 14500 (7.7 min) | Pickups: 27 | Deposits: 26 | Rate: 3.36 tags/min | phero_entries=2 max_w=0.011
======================================================================
R1[SEARCH    ]: carry=0 | base=1.81 | wall=1.01 | search=562 | target=phero(1.08,0.73)
R2[BASE_ESC  ]: carry=0 | base=0.22 | wall=2.31 | search=  0 | target=site(1.04,0.87)
R3[SEARCH    ]: carry=0 | base=1.46 | wall=1.10 | search=924 | target=site(1.08,0.73)
R4[SURVEY    ]: carry=1 | base=1.55 | wall=1.24 | search=  0 | target=none

[PICKUP] R1 picked up tag (density=8) | Total: 28
[PICKUP] R2 picked up tag (density=1) | Total: 29

======================================================================
Step 15000 (8.0 min) | Pickups: 29 | Deposits: 26 | Rate: 3.25 tags/min | phero_entries=2 max_w=0.002
======================================================================
R1[RTB       ]: carry=1 | base=1.58 | wall=1.28 | search=  0 | target=none
R2[SURVEY    ]: carry=1 | base=1.34 | wall=1.48 | search=  0 | target=none
R3[SEARCH    ]: carry=0 | base=1.98 | wall=0.89 | search=1424 | target=site(1.08,0.73)
R4[RTB       ]: carry=1 | base=0.34 | wall=2.21 | search=  0 | target=none

[DEPOSIT] R4 deposited! Total: 27
  [TARGET] R4 → PHERO (0.95, 0.80)
[DEPOSIT] R1 deposited! Total: 28
  [TARGET] R1 → SITE (1.44, 1.33)
[DEPOSIT] R2 deposited! Total: 29
  [TARGET] R2 → WALL (2.42, 2.05)

======================================================================
Step 15500 (8.3 min) | Pickups: 29 | Deposits: 29 | Rate: 3.51 tags/min | phero_entries=0 max_w=0.000
======================================================================
R1[SITE      ]: carry=0 | base=0.31 | wall=2.21 | search=  0 | target=site(1.44,1.33)
R2[BASE_ESC  ]: carry=0 | base=0.23 | wall=2.33 | search=  0 | target=none
R3[SEARCH    ]: carry=0 | base=2.28 | wall=0.40 | search=1924 | target=site(1.08,0.73)
R4[SEARCH    ]: carry=0 | base=1.26 | wall=1.57 | search= 99 | target=phero(0.95,0.80)

[PICKUP] R4 picked up tag (density=7) | Total: 30

======================================================================
Step 16000 (8.5 min) | Pickups: 30 | Deposits: 29 | Rate: 3.40 tags/min | phero_entries=0 max_w=0.000
======================================================================
R1[SEARCH    ]: carry=0 | base=1.95 | wall=1.05 | search= 69 | target=site(1.44,1.33)
R2[SEARCH    ]: carry=0 | base=1.66 | wall=1.18 | search=103 | target=none
R3[WALL_ESC  ]: carry=0 | base=2.40 | wall=0.33 | search=2424 | target=site(1.08,0.73)
R4[SURVEY    ]: carry=1 | base=1.74 | wall=1.16 | search=  0 | target=none


======================================================================
Step 16500 (8.8 min) | Pickups: 30 | Deposits: 29 | Rate: 3.30 tags/min | phero_entries=0 max_w=0.000
======================================================================
R1[GIVE_UP   ]: carry=0 | base=0.31 | wall=2.26 | search=156 | target=none
R2[SEARCH    ]: carry=0 | base=1.31 | wall=1.22 | search=603 | target=none
R3[GIVE_UP   ]: carry=0 | base=0.72 | wall=1.85 | search=2496 | target=none
R4[RTB       ]: carry=1 | base=0.79 | wall=1.93 | search=  0 | target=none

  [GIVE-UP] R1 returned empty after 156 searching steps
  [TARGET] R1 → WALL (1.27, -2.42)
  [GIVE-UP] R3 returned empty after 2496 searching steps
  [TARGET] R3 → WALL (-2.42, 0.88)
[DEPOSIT] R4 deposited! Total: 30
  [TARGET] R4 → SITE (1.12, 1.34)

======================================================================
Step 17000 (9.1 min) | Pickups: 30 | Deposits: 30 | Rate: 3.31 tags/min | phero_entries=0 max_w=0.000
======================================================================
R1[GIVE_UP   ]: carry=0 | base=0.61 | wall=1.91 | search=156 | target=none
R2[GIVE_UP   ]: carry=0 | base=1.42 | wall=1.08 | search=936 | target=none
R3[SEARCH    ]: carry=0 | base=0.34 | wall=2.25 | search= 80 | target=none
R4[SITE      ]: carry=0 | base=1.17 | wall=1.58 | search=  0 | target=site(1.12,1.34)

  [GIVE-UP] R1 returned empty after 156 searching steps
  [TARGET] R1 → WALL (-2.42, 2.16)
  [GIVE-UP] R3 returned empty after 156 searching steps
  [TARGET] R3 → WALL (-1.95, 2.42)
  [GIVE-UP] R2 returned empty after 936 searching steps
  [TARGET] R2 → WALL (0.55, -2.42)

======================================================================
Step 17500 (9.3 min) | Pickups: 30 | Deposits: 30 | Rate: 3.21 tags/min | phero_entries=0 max_w=0.000
======================================================================
R1[DEPART    ]: carry=0 | base=0.71 | wall=1.85 | search=  0 | target=none
R2[DEPART    ]: carry=0 | base=0.32 | wall=2.18 | search=  0 | target=none
R3[DEPART    ]: carry=0 | base=0.54 | wall=2.00 | search=  0 | target=none
R4[GIVE_UP   ]: carry=0 | base=1.14 | wall=1.58 | search=156 | target=none

  [GIVE-UP] R4 returned empty after 156 searching steps
  [TARGET] R4 → WALL (0.68, 2.42)
[PICKUP] R2 picked up tag (density=12) | Total: 31

======================================================================
Step 18000 (9.6 min) | Pickups: 31 | Deposits: 30 | Rate: 3.12 tags/min | phero_entries=0 max_w=0.000
======================================================================
R1[SEARCH    ]: carry=0 | base=1.67 | wall=1.29 | search=462 | target=none
R2[SURVEY    ]: carry=1 | base=1.10 | wall=1.46 | search=  0 | target=none
R3[DEPART    ]: carry=0 | base=2.38 | wall=0.69 | search=  0 | target=none
R4[DEPART    ]: carry=0 | base=0.84 | wall=1.69 | search=  0 | target=none

[DEPOSIT] R2 deposited! Total: 31
  [PHERO] Laid at (0.37, -1.03) density=12 prob=0.99 entries=1
  [TARGET] R2 → SITE (0.37, -1.03)
[PICKUP] R1 picked up tag (density=16) | Total: 32

======================================================================
Step 18500 (9.9 min) | Pickups: 32 | Deposits: 31 | Rate: 3.14 tags/min | phero_entries=1 max_w=0.535
======================================================================
R1[SURVEY    ]: carry=1 | base=2.24 | wall=0.48 | search=  0 | target=none
R2[SITE      ]: carry=0 | base=0.46 | wall=2.12 | search=  0 | target=site(0.37,-1.03)
R3[GIVE_UP   ]: carry=0 | base=2.34 | wall=0.82 | search=156 | target=none
R4[WALL_ESC  ]: carry=0 | base=2.27 | wall=0.33 | search=  0 | target=none

TIMEOUT_RESULT pickups=32 deposits=31 steps=18750 elapsed_min=10.000000
BATCH_RESULT pickups=32 deposits=31
