Gym has been unmaintained since 2022 and does not support NumPy 2.0 amongst other critical functionality.
Please upgrade to Gymnasium, the maintained drop-in replacement of Gym, or contact the authors of your software and request that they upgrade.
Users of this version of Gym should be able to simply replace 'import gym' with 'import gymnasium as gym' in the vast majority of cases.
See the migration guide at https://gymnasium.farama.org/introduction/migration_guide/ for additional information.
=================================================================
EXPERIMENT 4 — Central Server Disconnect Robustness
  Arena: 5x5m | Tags: 64 | Robots: 4 | Time: 10.0 min
  Disconnect: 4.0 → 6.0 min (2.0 min offline)
=================================================================

Loading model: ppo_cpfa_v9
Model loaded. Starting evaluation...

[PICKUP] Robot 3 picked up tag (density=9) | Total: 1
[PICKUP] Robot 4 picked up tag (density=6) | Total: 2
[DEPOSIT] Robot 3 deposited! Total: 1
  [TARGET] Robot 3 → SITE (0.00,0.50)
[DEPOSIT] Robot 4 deposited! Total: 2
  [TARGET] Robot 4 → SITE (0.28,-0.56)
[PICKUP] Robot 3 picked up tag (density=8) | Total: 3
[GIVE-UP] R1 giving up after 390 steps
[GIVE-UP] R2 giving up after 390 steps
[DEPOSIT] Robot 3 deposited! Total: 3
  [TARGET] Robot 3 → SITE (0.10,0.31)

======================================================================
Step 500 (0.3 min) [ONLINE] | Pickups: 3 | Deposits: 3 | Rate: 11.25 tags/min | phero=3
======================================================================
R1[GIVE_UP     ]: carry=0 | gave_up=1
R2[GIVE_UP     ]: carry=0 | gave_up=1
R3[BASE_ESC    ]: carry=0 | gave_up=0
R4[SITE        ]: carry=0 | gave_up=0

[PICKUP] Robot 3 picked up tag (density=7) | Total: 4
[EMPTY_RTN] R1 → phero(0.00,0.50)
[PICKUP] Robot 4 picked up tag (density=12) | Total: 5
[DEPOSIT] Robot 3 deposited! Total: 4
  [TARGET] Robot 3 → SITE (0.13,0.33)
[EMPTY_RTN] R2 → phero(0.10,0.31)

======================================================================
Step 1000 (0.5 min) [ONLINE] | Pickups: 5 | Deposits: 4 | Rate: 7.50 tags/min | phero=4
======================================================================
R1[PHERO       ]: carry=0 | gave_up=0
R2[BASE_ESC    ]: carry=0 | gave_up=0
R3[EXPLORE     ]: carry=0 | gave_up=0
R4[RTB         ]: carry=1 | gave_up=0

[DEPOSIT] Robot 4 deposited! Total: 5
  [TARGET] Robot 4 → SITE (0.14,-1.06)
[PICKUP] Robot 3 picked up tag (density=6) | Total: 6
[PICKUP] Robot 1 picked up tag (density=5) | Total: 7
[DEPOSIT] Robot 3 deposited! Total: 6
  [TARGET] Robot 3 → SITE (0.14,0.39)
[DEPOSIT] Robot 1 deposited! Total: 7
  [TARGET] Robot 1 → SITE (-0.11,0.54)
[PICKUP] Robot 4 picked up tag (density=11) | Total: 8

======================================================================
Step 1500 (0.8 min) [ONLINE] | Pickups: 8 | Deposits: 7 | Rate: 8.75 tags/min | phero=7
======================================================================
R1[SITE        ]: carry=0 | gave_up=0
R2[EXPLORE     ]: carry=0 | gave_up=0
R3[SITE        ]: carry=0 | gave_up=0
R4[RTB         ]: carry=1 | gave_up=0

[PICKUP] Robot 1 picked up tag (density=4) | Total: 9
[PICKUP] Robot 2 picked up tag (density=3) | Total: 10
[DEPOSIT] Robot 1 deposited! Total: 8
  [TARGET] Robot 1 → SITE (0.11,0.41)
[DEPOSIT] Robot 4 deposited! Total: 9
  [TARGET] Robot 4 → SITE (0.15,-1.08)
[DEPOSIT] Robot 2 deposited! Total: 10
  [TARGET] Robot 2 → PHERO (0.14,-1.06)

======================================================================
Step 2000 (1.1 min) [ONLINE] | Pickups: 10 | Deposits: 10 | Rate: 9.38 tags/min | phero=9
======================================================================
R1[EXPLORE     ]: carry=0 | gave_up=0
R2[BASE_ESC    ]: carry=0 | gave_up=0
R3[EXPLORE     ]: carry=0 | gave_up=0
R4[SITE        ]: carry=0 | gave_up=0

[PICKUP] Robot 4 picked up tag (density=10) | Total: 11
[DEPOSIT] Robot 4 deposited! Total: 11
  [TARGET] Robot 4 → SITE (0.15,-1.09)

======================================================================
Step 2500 (1.3 min) [ONLINE] | Pickups: 11 | Deposits: 11 | Rate: 8.25 tags/min | phero=10
======================================================================
R1[EXPLORE     ]: carry=0 | gave_up=0
R2[BASE_ESC    ]: carry=0 | gave_up=0
R3[EXPLORE     ]: carry=0 | gave_up=0
R4[BASE_ESC    ]: carry=0 | gave_up=0

[PICKUP] Robot 2 picked up tag (density=5) | Total: 12
[DEPOSIT] Robot 2 deposited! Total: 12
  [TARGET] Robot 2 → SITE (0.28,-0.17)
[PICKUP] Robot 4 picked up tag (density=9) | Total: 13

======================================================================
Step 3000 (1.6 min) [ONLINE] | Pickups: 13 | Deposits: 12 | Rate: 7.50 tags/min | phero=11
======================================================================
R1[EXPLORE     ]: carry=0 | gave_up=0
R2[EXPLORE     ]: carry=0 | gave_up=0
R3[EXPLORE     ]: carry=0 | gave_up=0
R4[RTB         ]: carry=1 | gave_up=0

[DEPOSIT] Robot 4 deposited! Total: 13
  [TARGET] Robot 4 → SITE (0.16,-1.14)
[PICKUP] Robot 1 picked up tag (density=4) | Total: 14
[DEPOSIT] Robot 1 deposited! Total: 14
  [TARGET] Robot 1 → SITE (0.50,-0.15)

======================================================================
Step 3500 (1.9 min) [ONLINE] | Pickups: 14 | Deposits: 14 | Rate: 7.50 tags/min | phero=13
======================================================================
R1[SITE        ]: carry=0 | gave_up=0
R2[EXPLORE     ]: carry=0 | gave_up=0
R3[EXPLORE     ]: carry=0 | gave_up=0
R4[SITE        ]: carry=0 | gave_up=0

[PICKUP] Robot 4 picked up tag (density=8) | Total: 15
[DEPOSIT] Robot 4 deposited! Total: 15
  [TARGET] Robot 4 → SITE (0.16,-1.15)

======================================================================
Step 4000 (2.1 min) [ONLINE] | Pickups: 15 | Deposits: 15 | Rate: 7.03 tags/min | phero=14
======================================================================
R1[EXPLORE     ]: carry=0 | gave_up=0
R2[EXPLORE     ]: carry=0 | gave_up=0
R3[EXPLORE     ]: carry=0 | gave_up=0
R4[BASE_ESC    ]: carry=0 | gave_up=0

[PICKUP] Robot 4 picked up tag (density=7) | Total: 16

======================================================================
Step 4500 (2.4 min) [ONLINE] | Pickups: 16 | Deposits: 15 | Rate: 6.25 tags/min | phero=13
======================================================================
R1[EXPLORE     ]: carry=0 | gave_up=0
R2[WALL_ESC    ]: carry=0 | gave_up=0
R3[EXPLORE     ]: carry=0 | gave_up=0
R4[RTB         ]: carry=1 | gave_up=0

[DEPOSIT] Robot 4 deposited! Total: 16
  [TARGET] Robot 4 → SITE (0.16,-1.17)

======================================================================
Step 5000 (2.7 min) [ONLINE] | Pickups: 16 | Deposits: 16 | Rate: 6.00 tags/min | phero=12
======================================================================
R1[EXPLORE     ]: carry=0 | gave_up=0
R2[EXPLORE     ]: carry=0 | gave_up=0
R3[EXPLORE     ]: carry=0 | gave_up=0
R4[EXPLORE     ]: carry=0 | gave_up=0

[PICKUP] Robot 4 picked up tag (density=6) | Total: 17
[DEPOSIT] Robot 4 deposited! Total: 17
  [TARGET] Robot 4 → SITE (0.17,-1.18)

======================================================================
Step 5500 (2.9 min) [ONLINE] | Pickups: 17 | Deposits: 17 | Rate: 5.80 tags/min | phero=11
======================================================================
R1[WALL_ESC    ]: carry=0 | gave_up=0
R2[EXPLORE     ]: carry=0 | gave_up=0
R3[EXPLORE     ]: carry=0 | gave_up=0
R4[SITE        ]: carry=0 | gave_up=0

[GIVE-UP] R3 giving up after 4243 steps
[GIVE-UP] R3 giving up after 4399 steps
[PICKUP] Robot 4 picked up tag (density=5) | Total: 18
[EMPTY_RTN] R3 → phero(0.16,-1.15)

======================================================================
Step 6000 (3.2 min) [ONLINE] | Pickups: 18 | Deposits: 17 | Rate: 5.31 tags/min | phero=8
======================================================================
R1[EXPLORE     ]: carry=0 | gave_up=0
R2[WALL_ESC    ]: carry=0 | gave_up=0
R3[BASE_ESC    ]: carry=0 | gave_up=0
R4[RTB         ]: carry=1 | gave_up=0

[DEPOSIT] Robot 4 deposited! Total: 18
  [TARGET] Robot 4 → SITE (0.18,-1.21)
[PICKUP] Robot 3 picked up tag (density=4) | Total: 19
[PICKUP] Robot 4 picked up tag (density=3) | Total: 20

======================================================================
Step 6500 (3.5 min) [ONLINE] | Pickups: 20 | Deposits: 18 | Rate: 5.19 tags/min | phero=8
======================================================================
R1[EXPLORE     ]: carry=0 | gave_up=0
R2[EXPLORE     ]: carry=0 | gave_up=0
R3[RTB         ]: carry=1 | gave_up=0
R4[RTB         ]: carry=1 | gave_up=0

[DEPOSIT] Robot 3 deposited! Total: 19
  [TARGET] Robot 3 → SITE (0.04,-1.22)
[DEPOSIT] Robot 4 deposited! Total: 20
  [TARGET] Robot 4 → SITE (0.14,-1.22)

======================================================================
Step 7000 (3.7 min) [ONLINE] | Pickups: 20 | Deposits: 20 | Rate: 5.36 tags/min | phero=8
======================================================================
R1[EXPLORE     ]: carry=0 | gave_up=0
R2[EXPLORE     ]: carry=0 | gave_up=0
R3[SITE        ]: carry=0 | gave_up=0
R4[SITE        ]: carry=0 | gave_up=0

[PICKUP] Robot 4 picked up tag (density=2) | Total: 21

======================================================================
Step 7500 (4.0 min) [ONLINE] | Pickups: 21 | Deposits: 20 | Rate: 5.00 tags/min | phero=6
======================================================================
R1[EXPLORE     ]: carry=0 | gave_up=0
R2[EXPLORE     ]: carry=0 | gave_up=0
R3[WALL_ESC    ]: carry=0 | gave_up=0
R4[RTB         ]: carry=1 | gave_up=0


[DISCONNECT] Central server OFFLINE at 4.00 min (will reconnect at 6.0 min)

[DEPOSIT] Robot 4 deposited! Total: 21
  [TARGET] Robot 4 → SITE (0.14,-1.24)
[GIVE-UP] R1 giving up after 4432 steps
[GIVE-UP] R2 giving up after 5097 steps

======================================================================
Step 8000 (4.3 min) [DISCONNECTED] | Pickups: 21 | Deposits: 21 | Rate: 4.92 tags/min | phero=6
======================================================================
R1[DISCONNECTED]: carry=0 | gave_up=1
R2[DISCONNECTED]: carry=0 | gave_up=1
R3[DISCONNECTED]: carry=0 | gave_up=0
R4[DISCONNECTED]: carry=0 | gave_up=0


======================================================================
Step 8500 (4.5 min) [DISCONNECTED] | Pickups: 21 | Deposits: 21 | Rate: 4.63 tags/min | phero=5
======================================================================
R1[DISCONNECTED]: carry=0 | gave_up=1
R2[DISCONNECTED]: carry=0 | gave_up=1
R3[DISCONNECTED]: carry=0 | gave_up=0
R4[DISCONNECTED]: carry=0 | gave_up=0

[PICKUP] Robot 2 picked up tag (density=16) | Total: 22

======================================================================
Step 9000 (4.8 min) [DISCONNECTED] | Pickups: 22 | Deposits: 21 | Rate: 4.38 tags/min | phero=4
======================================================================
R1[DISCONNECTED]: carry=0 | gave_up=1
R2[DISCONNECTED]: carry=1 | gave_up=0
R3[DISCONNECTED]: carry=0 | gave_up=0
R4[DISCONNECTED]: carry=0 | gave_up=0


======================================================================
Step 9500 (5.1 min) [DISCONNECTED] | Pickups: 22 | Deposits: 21 | Rate: 4.14 tags/min | phero=4
======================================================================
R1[DISCONNECTED]: carry=0 | gave_up=1
R2[DISCONNECTED]: carry=1 | gave_up=0
R3[DISCONNECTED]: carry=0 | gave_up=0
R4[DISCONNECTED]: carry=0 | gave_up=0

[PICKUP] Robot 1 picked up tag (density=1) | Total: 23

======================================================================
Step 10000 (5.3 min) [DISCONNECTED] | Pickups: 23 | Deposits: 21 | Rate: 3.94 tags/min | phero=3
======================================================================
R1[DISCONNECTED]: carry=1 | gave_up=0
R2[DISCONNECTED]: carry=1 | gave_up=0
R3[DISCONNECTED]: carry=0 | gave_up=0
R4[DISCONNECTED]: carry=0 | gave_up=0

[GIVE-UP] R3 giving up after 3345 steps

======================================================================
Step 10500 (5.6 min) [DISCONNECTED] | Pickups: 23 | Deposits: 21 | Rate: 3.75 tags/min | phero=2
======================================================================
R1[DISCONNECTED]: carry=1 | gave_up=0
R2[DISCONNECTED]: carry=1 | gave_up=0
R3[DISCONNECTED]: carry=0 | gave_up=1
R4[DISCONNECTED]: carry=0 | gave_up=0


======================================================================
Step 11000 (5.9 min) [DISCONNECTED] | Pickups: 23 | Deposits: 21 | Rate: 3.58 tags/min | phero=2
======================================================================
R1[DISCONNECTED]: carry=1 | gave_up=0
R2[DISCONNECTED]: carry=1 | gave_up=0
R3[DISCONNECTED]: carry=0 | gave_up=1
R4[DISCONNECTED]: carry=0 | gave_up=0

[GIVE-UP] R3 giving up after 4437 steps

[RECONNECT] Central server ONLINE at 6.00 min

[DEPOSIT] Robot 1 deposited! Total: 22
  [TARGET] Robot 1 → PHERO (0.14,-1.24)

======================================================================
Step 11500 (6.1 min) [ONLINE] | Pickups: 23 | Deposits: 22 | Rate: 3.59 tags/min | phero=1
======================================================================
R1[BASE_ESC    ]: carry=0 | gave_up=0
R2[RTB         ]: carry=1 | gave_up=0
R3[GIVE_UP     ]: carry=0 | gave_up=1
R4[SITE        ]: carry=0 | gave_up=0

[DEPOSIT] Robot 2 deposited! Total: 23
  [TARGET] Robot 2 → SITE (1.21,1.32)
[EMPTY_RTN] R3 → phero(1.21,1.32)

======================================================================
Step 12000 (6.4 min) [ONLINE] | Pickups: 23 | Deposits: 23 | Rate: 3.59 tags/min | phero=1
======================================================================
R1[PHERO       ]: carry=0 | gave_up=0
R2[SITE        ]: carry=0 | gave_up=0
R3[PHERO       ]: carry=0 | gave_up=0
R4[EXPLORE     ]: carry=0 | gave_up=0

[PICKUP] Robot 2 picked up tag (density=2) | Total: 24
[DEPOSIT] Robot 2 deposited! Total: 24
  [TARGET] Robot 2 → SITE (0.00,0.52)

======================================================================
Step 12500 (6.7 min) [ONLINE] | Pickups: 24 | Deposits: 24 | Rate: 3.60 tags/min | phero=1
======================================================================
R1[PHERO       ]: carry=0 | gave_up=0
R2[EXPLORE     ]: carry=0 | gave_up=0
R3[PHERO       ]: carry=0 | gave_up=0
R4[EXPLORE     ]: carry=0 | gave_up=0

[PICKUP] Robot 3 picked up tag (density=15) | Total: 25

======================================================================
Step 13000 (6.9 min) [ONLINE] | Pickups: 25 | Deposits: 24 | Rate: 3.46 tags/min | phero=1
======================================================================
R1[PHERO       ]: carry=0 | gave_up=0
R2[WALL_ESC    ]: carry=0 | gave_up=0
R3[RTB         ]: carry=1 | gave_up=0
R4[EXPLORE     ]: carry=0 | gave_up=0

[DEPOSIT] Robot 3 deposited! Total: 25
  [TARGET] Robot 3 → SITE (1.18,1.42)
[PICKUP] Robot 3 picked up tag (density=1) | Total: 26

======================================================================
Step 13500 (7.2 min) [ONLINE] | Pickups: 26 | Deposits: 25 | Rate: 3.47 tags/min | phero=2
======================================================================
R1[EXPLORE     ]: carry=0 | gave_up=0
R2[EXPLORE     ]: carry=0 | gave_up=0
R3[RTB         ]: carry=1 | gave_up=0
R4[EXPLORE     ]: carry=0 | gave_up=0

[DEPOSIT] Robot 3 deposited! Total: 26
  [TARGET] Robot 3 → SITE (0.10,0.50)
[GIVE-UP] R2 giving up after 1541 steps
[PICKUP] Robot 4 picked up tag (density=12) | Total: 27

======================================================================
Step 14000 (7.5 min) [ONLINE] | Pickups: 27 | Deposits: 26 | Rate: 3.48 tags/min | phero=2
======================================================================
R1[EXPLORE     ]: carry=0 | gave_up=0
R2[GIVE_UP     ]: carry=0 | gave_up=1
R3[EXPLORE     ]: carry=0 | gave_up=0
R4[RTB         ]: carry=1 | gave_up=0

[EMPTY_RTN] R2 → phero(1.18,1.42)
[DEPOSIT] Robot 4 deposited! Total: 27
  [TARGET] Robot 4 → SITE (-1.03,1.09)

======================================================================
Step 14500 (7.7 min) [ONLINE] | Pickups: 27 | Deposits: 27 | Rate: 3.49 tags/min | phero=3
======================================================================
R1[EXPLORE     ]: carry=0 | gave_up=0
R2[BASE_ESC    ]: carry=0 | gave_up=0
R3[EXPLORE     ]: carry=0 | gave_up=0
R4[SITE        ]: carry=0 | gave_up=0

[GIVE-UP] R3 giving up after 925 steps
[PICKUP] Robot 4 picked up tag (density=11) | Total: 28
[EMPTY_RTN] R3 → phero(1.18,1.42)
[DEPOSIT] Robot 4 deposited! Total: 28
  [TARGET] Robot 4 → SITE (-0.72,0.72)

======================================================================
Step 15000 (8.0 min) [ONLINE] | Pickups: 28 | Deposits: 28 | Rate: 3.50 tags/min | phero=4
======================================================================
R1[EXPLORE     ]: carry=0 | gave_up=0
R2[PHERO       ]: carry=0 | gave_up=0
R3[BASE_ESC    ]: carry=0 | gave_up=0
R4[BASE_ESC    ]: carry=0 | gave_up=0

[PICKUP] Robot 4 picked up tag (density=10) | Total: 29

======================================================================
Step 15500 (8.3 min) [ONLINE] | Pickups: 29 | Deposits: 28 | Rate: 3.39 tags/min | phero=4
======================================================================
R1[EXPLORE     ]: carry=0 | gave_up=0
R2[BASE_ESC    ]: carry=0 | gave_up=0
R3[PHERO       ]: carry=0 | gave_up=0
R4[RTB         ]: carry=1 | gave_up=0

[DEPOSIT] Robot 4 deposited! Total: 29
  [TARGET] Robot 4 → SITE (-0.76,0.75)
[GIVE-UP] R1 giving up after 4436 steps

======================================================================
Step 16000 (8.5 min) [ONLINE] | Pickups: 29 | Deposits: 29 | Rate: 3.40 tags/min | phero=5
======================================================================
R1[GIVE_UP     ]: carry=0 | gave_up=1
R2[PHERO       ]: carry=0 | gave_up=0
R3[PHERO       ]: carry=0 | gave_up=0
R4[SITE        ]: carry=0 | gave_up=0

[PICKUP] Robot 4 picked up tag (density=9) | Total: 30
[EMPTY_RTN] R1 → phero(-0.76,0.75)
[DEPOSIT] Robot 4 deposited! Total: 30
  [TARGET] Robot 4 → SITE (-0.78,0.77)

======================================================================
Step 16500 (8.8 min) [ONLINE] | Pickups: 30 | Deposits: 30 | Rate: 3.41 tags/min | phero=5
======================================================================
R1[PHERO       ]: carry=0 | gave_up=0
R2[EXPLORE     ]: carry=0 | gave_up=0
R3[EXPLORE     ]: carry=0 | gave_up=0
R4[BASE_ESC    ]: carry=0 | gave_up=0

[PICKUP] Robot 4 picked up tag (density=8) | Total: 31
[PICKUP] Robot 1 picked up tag (density=7) | Total: 32

======================================================================
Step 17000 (9.1 min) [ONLINE] | Pickups: 32 | Deposits: 30 | Rate: 3.31 tags/min | phero=5
======================================================================
R1[RTB         ]: carry=1 | gave_up=0
R2[EXPLORE     ]: carry=0 | gave_up=0
R3[EXPLORE     ]: carry=0 | gave_up=0
R4[RTB         ]: carry=1 | gave_up=0

[DEPOSIT] Robot 4 deposited! Total: 31
  [TARGET] Robot 4 → SITE (-0.81,0.78)
[DEPOSIT] Robot 1 deposited! Total: 32
  [TARGET] Robot 1 → SITE (-0.81,0.81)

======================================================================
Step 17500 (9.3 min) [ONLINE] | Pickups: 32 | Deposits: 32 | Rate: 3.43 tags/min | phero=7
======================================================================
R1[SITE        ]: carry=0 | gave_up=0
R2[EXPLORE     ]: carry=0 | gave_up=0
R3[EXPLORE     ]: carry=0 | gave_up=0
R4[SITE        ]: carry=0 | gave_up=0

[PICKUP] Robot 4 picked up tag (density=6) | Total: 33
[PICKUP] Robot 1 picked up tag (density=5) | Total: 34
[PICKUP] Robot 3 picked up tag (density=4) | Total: 35
[DEPOSIT] Robot 1 deposited! Total: 33
  [TARGET] Robot 1 → SITE (-0.86,0.86)
[DEPOSIT] Robot 4 deposited! Total: 34
  [TARGET] Robot 4 → SITE (-0.84,0.83)

======================================================================
Step 18000 (9.6 min) [ONLINE] | Pickups: 35 | Deposits: 34 | Rate: 3.54 tags/min | phero=8
======================================================================
R1[BASE_ESC    ]: carry=0 | gave_up=0
R2[EXPLORE     ]: carry=0 | gave_up=0
R3[RTB         ]: carry=1 | gave_up=0
R4[BASE_ESC    ]: carry=0 | gave_up=0

[DEPOSIT] Robot 3 deposited! Total: 35
  [TARGET] Robot 3 → SITE (-0.87,0.72)
[PICKUP] Robot 4 picked up tag (density=3) | Total: 36

======================================================================
Step 18500 (9.9 min) [ONLINE] | Pickups: 36 | Deposits: 35 | Rate: 3.55 tags/min | phero=8
======================================================================
R1[EXPLORE     ]: carry=0 | gave_up=0
R2[EXPLORE     ]: carry=0 | gave_up=0
R3[SITE        ]: carry=0 | gave_up=0
R4[RTB         ]: carry=1 | gave_up=0

TIMEOUT_RESULT pickups=36 deposits=35 steps=18750 elapsed_min=10.000000 disconnect_start=4.0 disconnect_duration=2.0
BATCH_RESULT pickups=36 deposits=35
