Gym has been unmaintained since 2022 and does not support NumPy 2.0 amongst other critical functionality.
Please upgrade to Gymnasium, the maintained drop-in replacement of Gym, or contact the authors of your software and request that they upgrade.
Users of this version of Gym should be able to simply replace 'import gym' with 'import gymnasium as gym' in the vast majority of cases.
See the migration guide at https://gymnasium.farama.org/introduction/migration_guide/ for additional information.
============================================================
EVALUATION MODE — CPFA-RL Trained Model
Arena: 7×7m  |  Robots: 4  (teams of 4: 1)  |  Tags: 64
Obs per team: 18 × 4 = 72  |  Total obs dim: 72
============================================================

Loading model: ppo_cpfa_v9
Model loaded. Starting evaluation...

============================================================


======================================================================
Step 500 (0.3 min) | Pickups: 0 | Deposits: 0 | Rate: 0.00 tags/min | phero_entries=0 phero_max=0.000
======================================================================
R1[T1][EXPLORE   ]: L=+1.00 R=+1.00 | carry=0 | base=0.49 ba=-1.00 | site=0 sd=0.00 sa=+0.00 | phero=0 pd=0.00 pa=+0.00 | srch=0.12 | wall=1.08
R2[T1][EXPLORE   ]: L=+1.00 R=+1.00 | carry=0 | base=0.41 ba=-0.92 | site=0 sd=0.00 sa=+0.00 | phero=0 pd=0.00 pa=+0.00 | srch=0.12 | wall=1.61
R3[T1][EXPLORE   ]: L=+1.00 R=+1.00 | carry=0 | base=0.30 ba=+0.98 | site=0 sd=0.00 sa=+0.00 | phero=0 pd=0.00 pa=+0.00 | srch=0.12 | wall=2.32
R4[T1][EXPLORE   ]: L=+1.00 R=+1.00 | carry=0 | base=0.40 ba=+0.92 | site=0 sd=0.00 sa=+0.00 | phero=0 pd=0.00 pa=+0.00 | srch=0.12 | wall=1.58


======================================================================
Step 1000 (0.5 min) | Pickups: 0 | Deposits: 0 | Rate: 0.00 tags/min | phero_entries=0 phero_max=0.000
======================================================================
R1[T1][EXPLORE   ]: L=+1.00 R=+1.00 | carry=0 | base=0.50 ba=-0.14 | site=0 sd=0.00 sa=+0.00 | phero=0 pd=0.00 pa=+0.00 | srch=0.25 | wall=1.03
R2[T1][EXPLORE   ]: L=+1.00 R=+1.00 | carry=0 | base=0.62 ba=-0.11 | site=0 sd=0.00 sa=+0.00 | phero=0 pd=0.00 pa=+0.00 | srch=0.25 | wall=0.51
R3[T1][EXPLORE   ]: L=+1.00 R=+1.00 | carry=0 | base=0.69 ba=+0.99 | site=0 sd=0.00 sa=+0.00 | phero=0 pd=0.00 pa=+0.00 | srch=0.25 | wall=0.88
R4[T1][EXPLORE   ]: L=+1.00 R=+1.00 | carry=0 | base=0.60 ba=+0.11 | site=0 sd=0.00 sa=+0.00 | phero=0 pd=0.00 pa=+0.00 | srch=0.25 | wall=0.55


======================================================================
Step 1500 (0.8 min) | Pickups: 0 | Deposits: 0 | Rate: 0.00 tags/min | phero_entries=0 phero_max=0.000
======================================================================
R1[T1][EXPLORE   ]: L=+1.00 R=+1.00 | carry=0 | base=0.22 ba=-0.40 | site=0 sd=0.00 sa=+0.00 | phero=0 pd=0.00 pa=+0.00 | srch=0.38 | wall=2.60
R2[T1][EXPLORE   ]: L=+1.00 R=+1.00 | carry=0 | base=0.29 ba=-0.26 | site=0 sd=0.00 sa=+0.00 | phero=0 pd=0.00 pa=+0.00 | srch=0.38 | wall=2.13
R3[T1][EXPLORE   ]: L=+1.00 R=+1.00 | carry=0 | base=0.77 ba=+0.40 | site=0 sd=0.00 sa=+0.00 | phero=0 pd=0.00 pa=+0.00 | srch=0.38 | wall=0.49
R4[T1][EXPLORE   ]: L=+1.00 R=+1.00 | carry=0 | base=0.27 ba=+0.27 | site=0 sd=0.00 sa=+0.00 | phero=0 pd=0.00 pa=+0.00 | srch=0.38 | wall=2.28


======================================================================
Step 2000 (1.1 min) | Pickups: 0 | Deposits: 0 | Rate: 0.00 tags/min | phero_entries=0 phero_max=0.000
======================================================================
R1[T1][EXPLORE   ]: L=+1.00 R=+1.00 | carry=0 | base=0.38 ba=-0.81 | site=0 sd=0.00 sa=+0.00 | phero=0 pd=0.00 pa=+0.00 | srch=0.50 | wall=2.00
R2[T1][EXPLORE   ]: L=+1.00 R=+1.00 | carry=0 | base=0.29 ba=-0.74 | site=0 sd=0.00 sa=+0.00 | phero=0 pd=0.00 pa=+0.00 | srch=0.50 | wall=2.10
R3[T1][EXPLORE   ]: L=+1.00 R=+1.00 | carry=0 | base=0.52 ba=+0.25 | site=0 sd=0.00 sa=+0.00 | phero=0 pd=0.00 pa=+0.00 | srch=0.50 | wall=1.04
R4[T1][EXPLORE   ]: L=+1.00 R=+1.00 | carry=0 | base=0.29 ba=+0.76 | site=0 sd=0.00 sa=+0.00 | phero=0 pd=0.00 pa=+0.00 | srch=0.50 | wall=2.16

[GIVE-UP] R2 giving up after 2028 steps
[EMPTY_RTN] R2 → EXPLORE

======================================================================
Step 2500 (1.3 min) | Pickups: 0 | Deposits: 0 | Rate: 0.00 tags/min | phero_entries=0 phero_max=0.000
======================================================================
R1[T1][EXPLORE   ]: L=+1.00 R=+1.00 | carry=0 | base=0.74 ba=-0.91 | site=0 sd=0.00 sa=+0.00 | phero=0 pd=0.00 pa=+0.00 | srch=0.62 | wall=0.51
R2[T1][BASE_ESC  ]: L=+0.00 R=+1.00 | carry=0 | base=0.04 ba=-0.57 | site=0 sd=0.00 sa=+0.00 | phero=0 pd=0.00 pa=+0.00 | srch=0.02 | wall=3.30
R3[T1][EXPLORE   ]: L=+1.00 R=+1.00 | carry=0 | base=0.36 ba=+0.52 | site=0 sd=0.00 sa=+0.00 | phero=0 pd=0.00 pa=+0.00 | srch=0.62 | wall=1.99
R4[T1][EXPLORE   ]: L=+1.00 R=+1.00 | carry=0 | base=0.63 ba=+0.90 | site=0 sd=0.00 sa=+0.00 | phero=0 pd=0.00 pa=+0.00 | srch=0.62 | wall=1.28

[GIVE-UP] R1 giving up after 2964 steps

======================================================================
Step 3000 (1.6 min) | Pickups: 0 | Deposits: 0 | Rate: 0.00 tags/min | phero_entries=0 phero_max=0.000
======================================================================
R1[T1][GIVE_UP   ]: L=+1.00 R=+0.97 | carry=0 | base=0.51 ba=-0.01 | site=0 sd=0.00 sa=+0.00 | phero=0 pd=0.00 pa=+0.00 | srch=0.75 | wall=1.29
R2[T1][EXPLORE   ]: L=+1.00 R=+1.00 | carry=0 | base=0.40 ba=-0.99 | site=0 sd=0.00 sa=+0.00 | phero=0 pd=0.00 pa=+0.00 | srch=0.14 | wall=1.98
R3[T1][EXPLORE   ]: L=+1.00 R=+1.00 | carry=0 | base=0.55 ba=+0.77 | site=0 sd=0.00 sa=+0.00 | phero=0 pd=0.00 pa=+0.00 | srch=0.75 | wall=0.85
R4[T1][EXPLORE   ]: L=+1.00 R=+1.00 | carry=0 | base=0.74 ba=+0.03 | site=0 sd=0.00 sa=+0.00 | phero=0 pd=0.00 pa=+0.00 | srch=0.75 | wall=0.62


======================================================================
Step 3500 (1.9 min) | Pickups: 0 | Deposits: 0 | Rate: 0.00 tags/min | phero_entries=0 phero_max=0.000
======================================================================
R1[T1][GIVE_UP   ]: L=+1.00 R=+1.00 | carry=0 | base=0.12 ba=-0.00 | site=0 sd=0.00 sa=+0.00 | phero=0 pd=0.00 pa=+0.00 | srch=0.88 | wall=2.97
R2[T1][EXPLORE   ]: L=+1.00 R=+1.00 | carry=0 | base=0.79 ba=-0.99 | site=0 sd=0.00 sa=+0.00 | phero=0 pd=0.00 pa=+0.00 | srch=0.27 | wall=0.46
R3[T1][EXPLORE   ]: L=+1.00 R=+1.00 | carry=0 | base=0.47 ba=+0.21 | site=0 sd=0.00 sa=+0.00 | phero=0 pd=0.00 pa=+0.00 | srch=0.88 | wall=1.21
R4[T1][EXPLORE   ]: L=+1.00 R=+0.96 | carry=0 | base=0.37 ba=+0.16 | site=0 sd=0.00 sa=+0.00 | phero=0 pd=0.00 pa=+0.00 | srch=0.88 | wall=1.94

[EMPTY_RTN] R1 → EXPLORE

======================================================================
Step 4000 (2.1 min) | Pickups: 0 | Deposits: 0 | Rate: 0.00 tags/min | phero_entries=0 phero_max=0.000
======================================================================
R1[T1][EXPLORE   ]: L=+1.00 R=+1.00 | carry=0 | base=0.28 ba=-0.98 | site=0 sd=0.00 sa=+0.00 | phero=0 pd=0.00 pa=+0.00 | srch=0.10 | wall=2.12
R2[T1][EXPLORE   ]: L=+1.00 R=+1.00 | carry=0 | base=0.56 ba=-0.04 | site=0 sd=0.00 sa=+0.00 | phero=0 pd=0.00 pa=+0.00 | srch=0.39 | wall=1.26
R3[T1][EXPLORE   ]: L=+1.00 R=+1.00 | carry=0 | base=0.29 ba=+0.53 | site=0 sd=0.00 sa=+0.00 | phero=0 pd=0.00 pa=+0.00 | srch=1.00 | wall=2.21
R4[T1][EXPLORE   ]: L=+1.00 R=+1.00 | carry=0 | base=0.25 ba=+0.63 | site=0 sd=0.00 sa=+0.00 | phero=0 pd=0.00 pa=+0.00 | srch=1.00 | wall=2.64

[PICKUP] Robot 1 picked up tag (density=16) | Total: 1
[PICKUP] Robot 3 picked up tag (density=16) | Total: 2
[GIVE-UP] R4 giving up after 4212 steps

======================================================================
Step 4500 (2.4 min) | Pickups: 2 | Deposits: 0 | Rate: 0.00 tags/min | phero_entries=0 phero_max=0.000
======================================================================
R1[T1][RTB       ]: L=+1.00 R=+1.00 | carry=1 | base=0.10 ba=-0.00 | site=0 sd=0.00 sa=+0.00 | phero=0 pd=0.00 pa=+0.00 | srch=0.00 | wall=3.03
R2[T1][EXPLORE   ]: L=+1.00 R=+1.00 | carry=0 | base=0.18 ba=-0.14 | site=0 sd=0.00 sa=+0.00 | phero=0 pd=0.00 pa=+0.00 | srch=0.52 | wall=2.65
R3[T1][RTB       ]: L=+1.00 R=+1.00 | carry=1 | base=0.13 ba=+0.00 | site=0 sd=0.00 sa=+0.00 | phero=0 pd=0.00 pa=+0.00 | srch=0.00 | wall=2.87
R4[T1][GIVE_UP   ]: L=+1.00 R=+1.00 | carry=0 | base=0.19 ba=+0.00 | site=0 sd=0.00 sa=+0.00 | phero=0 pd=0.00 pa=+0.00 | srch=1.00 | wall=2.58

[DEPOSIT] Robot 1 deposited! Total: 1
  [PHERO] Laid at (-1.66, 0.03) density=16 prob=1.00 total_entries=1
  [TARGET] Robot 1 → SITE (-1.66,0.03)
[DEPOSIT] Robot 3 deposited! Total: 2
  [PHERO] Laid at (0.09, 1.63) density=16 prob=1.00 total_entries=2
  [TARGET] Robot 3 → SITE (0.09,1.63)
[EMPTY_RTN] R4 → phero(0.09,1.63)

======================================================================
Step 5000 (2.7 min) | Pickups: 2 | Deposits: 2 | Rate: 0.75 tags/min | phero_entries=2 phero_max=0.526
======================================================================
R1[T1][SITE      ]: L=+1.00 R=+1.00 | carry=0 | base=0.30 ba=+0.98 | site=1 sd=0.14 sa=+0.48 | phero=0 pd=0.00 pa=+0.00 | srch=0.11 | wall=2.14
R2[T1][EXPLORE   ]: L=+1.00 R=+1.00 | carry=0 | base=0.25 ba=+0.90 | site=0 sd=0.00 sa=+0.00 | phero=0 pd=0.00 pa=+0.00 | srch=0.64 | wall=2.31
R3[T1][SITE      ]: L=+0.41 R=+0.44 | carry=0 | base=0.19 ba=-0.90 | site=1 sd=0.15 sa=-0.06 | phero=0 pd=0.00 pa=+0.00 | srch=0.10 | wall=2.58
R4[T1][BASE_ESC  ]: L=+1.00 R=+0.00 | carry=0 | base=0.05 ba=+0.65 | site=0 sd=0.00 sa=+0.00 | phero=1 pd=0.38 pa=+0.55 | srch=0.08 | wall=3.26

[GIVE-UP] R2 giving up after 2730 steps
[PICKUP] Robot 1 picked up tag (density=15) | Total: 3
[PICKUP] Robot 3 picked up tag (density=15) | Total: 4

======================================================================
Step 5500 (2.9 min) | Pickups: 4 | Deposits: 2 | Rate: 0.68 tags/min | phero_entries=2 phero_max=0.237
======================================================================
R1[T1][RTB       ]: L=+1.00 R=+1.00 | carry=1 | base=0.28 ba=+0.00 | site=0 sd=0.00 sa=+0.00 | phero=0 pd=0.00 pa=+0.00 | srch=0.00 | wall=2.13
R2[T1][GIVE_UP   ]: L=+1.00 R=+1.00 | carry=0 | base=0.20 ba=+0.00 | site=0 sd=0.00 sa=+0.00 | phero=0 pd=0.00 pa=+0.00 | srch=0.77 | wall=2.52
R3[T1][RTB       ]: L=+1.00 R=+0.99 | carry=1 | base=0.27 ba=-0.00 | site=0 sd=0.00 sa=+0.00 | phero=0 pd=0.00 pa=+0.00 | srch=0.00 | wall=2.16
R4[T1][PHERO     ]: L=+0.99 R=+1.00 | carry=0 | base=0.17 ba=+0.90 | site=0 sd=0.00 sa=+0.00 | phero=1 pd=0.19 pa=+0.14 | srch=0.20 | wall=2.75

[EMPTY_RTN] R2 → phero(-1.66,0.03)
[DEPOSIT] Robot 3 deposited! Total: 3
  [PHERO] Laid at (0.09, 1.64) density=15 prob=1.00 total_entries=3
  [TARGET] Robot 3 → SITE (0.09,1.64)
[DEPOSIT] Robot 1 deposited! Total: 4
  [PHERO] Laid at (-2.07, 0.18) density=15 prob=1.00 total_entries=4
  [TARGET] Robot 1 → SITE (-2.07,0.18)
[PICKUP] Robot 4 picked up tag (density=14) | Total: 5

======================================================================
Step 6000 (3.2 min) | Pickups: 5 | Deposits: 4 | Rate: 1.25 tags/min | phero_entries=4 phero_max=0.724
======================================================================
R1[T1][SITE      ]: L=+1.00 R=+1.00 | carry=0 | base=0.12 ba=-0.95 | site=1 sd=0.31 sa=+0.25 | phero=0 pd=0.00 pa=+0.00 | srch=0.05 | wall=2.98
R2[T1][PHERO     ]: L=+0.47 R=+0.46 | carry=0 | base=0.15 ba=-0.95 | site=0 sd=0.00 sa=+0.00 | phero=1 pd=0.19 pa=-0.08 | srch=0.08 | wall=2.77
R3[T1][SITE      ]: L=+0.65 R=+0.64 | carry=0 | base=0.08 ba=+0.88 | site=1 sd=0.25 sa=-0.09 | phero=0 pd=0.00 pa=+0.00 | srch=0.05 | wall=3.10
R4[T1][RTB       ]: L=+1.00 R=+1.00 | carry=1 | base=0.25 ba=+0.00 | site=0 sd=0.00 sa=+0.00 | phero=0 pd=0.00 pa=+0.00 | srch=0.00 | wall=2.27

[PICKUP] Robot 2 picked up tag (density=14) | Total: 6

======================================================================
Step 6500 (3.5 min) | Pickups: 6 | Deposits: 4 | Rate: 1.15 tags/min | phero_entries=4 phero_max=0.325
======================================================================
R1[T1][SITE      ]: L=+0.94 R=+1.00 | carry=0 | base=0.49 ba=+0.77 | site=1 sd=0.22 sa=+0.45 | phero=0 pd=0.00 pa=+0.00 | srch=0.18 | wall=1.42
R2[T1][RTB       ]: L=+1.00 R=+0.90 | carry=1 | base=0.31 ba=-0.04 | site=0 sd=0.00 sa=+0.00 | phero=0 pd=0.00 pa=+0.00 | srch=0.00 | wall=1.97
R3[T1][SITE      ]: L=-0.14 R=-0.15 | carry=0 | base=0.08 ba=-0.99 | site=1 sd=0.25 sa=-0.03 | phero=0 pd=0.00 pa=+0.00 | srch=0.18 | wall=3.09
R4[T1][RTB       ]: L=+1.00 R=+0.99 | carry=1 | base=0.10 ba=-0.00 | site=0 sd=0.00 sa=+0.00 | phero=0 pd=0.00 pa=+0.00 | srch=0.00 | wall=3.02

[DEPOSIT] Robot 4 deposited! Total: 5
  [PHERO] Laid at (0.06, 1.66) density=14 prob=1.00 total_entries=5
  [TARGET] Robot 4 → SITE (0.06,1.66)
[DEPOSIT] Robot 2 deposited! Total: 6
  [PHERO] Laid at (-1.65, -0.05) density=14 prob=1.00 total_entries=6
  [TARGET] Robot 2 → SITE (-1.65,-0.05)

======================================================================
Step 7000 (3.7 min) | Pickups: 6 | Deposits: 6 | Rate: 1.61 tags/min | phero_entries=6 phero_max=0.768
======================================================================
R1[T1][SITE      ]: L=+0.70 R=+1.00 | carry=0 | base=0.50 ba=+0.15 | site=1 sd=0.09 sa=+0.29 | phero=0 pd=0.00 pa=+0.00 | srch=0.30 | wall=1.01
R2[T1][SITE      ]: L=+1.00 R=+1.00 | carry=0 | base=0.09 ba=+1.00 | site=1 sd=0.25 sa=+0.16 | phero=0 pd=0.00 pa=+0.00 | srch=0.04 | wall=3.08
R3[T1][SITE      ]: L=+0.48 R=+0.45 | carry=0 | base=0.13 ba=-0.95 | site=1 sd=0.20 sa=+0.03 | phero=0 pd=0.00 pa=+0.00 | srch=0.30 | wall=2.86
R4[T1][SITE      ]: L=+0.73 R=+1.00 | carry=0 | base=0.18 ba=+0.93 | site=1 sd=0.17 sa=+0.12 | phero=0 pd=0.00 pa=+0.00 | srch=0.07 | wall=2.64

[PICKUP] Robot 1 picked up tag (density=13) | Total: 7
[PICKUP] Robot 4 picked up tag (density=13) | Total: 8
[PICKUP] Robot 2 picked up tag (density=12) | Total: 9

======================================================================
Step 7500 (4.0 min) | Pickups: 9 | Deposits: 6 | Rate: 1.50 tags/min | phero_entries=6 phero_max=0.345
======================================================================
R1[T1][RTB       ]: L=+1.00 R=+1.00 | carry=1 | base=0.13 ba=-0.00 | site=0 sd=0.00 sa=+0.00 | phero=0 pd=0.00 pa=+0.00 | srch=0.00 | wall=2.88
R2[T1][RTB       ]: L=+0.92 R=+1.00 | carry=1 | base=0.31 ba=+0.03 | site=0 sd=0.00 sa=+0.00 | phero=0 pd=0.00 pa=+0.00 | srch=0.00 | wall=1.99
R3[T1][SITE      ]: L=-0.23 R=-0.22 | carry=0 | base=0.30 ba=-0.98 | site=1 sd=0.03 sa=-0.07 | phero=0 pd=0.00 pa=+0.00 | srch=0.43 | wall=2.02
R4[T1][RTB       ]: L=+1.00 R=+1.00 | carry=1 | base=0.25 ba=+0.00 | site=0 sd=0.00 sa=+0.00 | phero=0 pd=0.00 pa=+0.00 | srch=0.00 | wall=2.27

[DEPOSIT] Robot 1 deposited! Total: 7
  [PHERO] Laid at (-2.18, -0.02) density=13 prob=1.00 total_entries=7
  [TARGET] Robot 1 → SITE (-2.18,-0.02)
[DEPOSIT] Robot 4 deposited! Total: 8
  [PHERO] Laid at (0.04, 1.71) density=13 prob=1.00 total_entries=8
  [TARGET] Robot 4 → SITE (0.04,1.71)
[DEPOSIT] Robot 2 deposited! Total: 9
  [PHERO] Laid at (-1.67, -0.06) density=12 prob=1.00 total_entries=9
  [TARGET] Robot 2 → SITE (-1.67,-0.06)

======================================================================
Step 8000 (4.3 min) | Pickups: 9 | Deposits: 9 | Rate: 2.11 tags/min | phero_entries=9 phero_max=0.763
======================================================================
R1[T1][SITE      ]: L=+0.96 R=+1.00 | carry=0 | base=0.27 ba=+0.93 | site=1 sd=0.20 sa=+0.17 | phero=0 pd=0.00 pa=+0.00 | srch=0.10 | wall=2.23
R2[T1][SITE      ]: L=+1.00 R=+1.00 | carry=0 | base=0.09 ba=+0.93 | site=1 sd=0.26 sa=-0.28 | phero=0 pd=0.00 pa=+0.00 | srch=0.04 | wall=3.10
R3[T1][SITE      ]: L=+0.08 R=+0.08 | carry=0 | base=0.32 ba=-0.96 | site=1 sd=0.02 sa=+0.01 | phero=0 pd=0.00 pa=+0.00 | srch=0.55 | wall=1.94
R4[T1][SITE      ]: L=+0.99 R=+1.00 | carry=0 | base=0.13 ba=-0.92 | site=1 sd=0.21 sa=+0.08 | phero=0 pd=0.00 pa=+0.00 | srch=0.06 | wall=2.86

[PICKUP] Robot 3 picked up tag (density=12) | Total: 10
[PICKUP] Robot 1 picked up tag (density=11) | Total: 11
[PICKUP] Robot 4 picked up tag (density=11) | Total: 12
[PICKUP] Robot 2 picked up tag (density=10) | Total: 13

======================================================================
Step 8500 (4.5 min) | Pickups: 13 | Deposits: 9 | Rate: 1.99 tags/min | phero_entries=9 phero_max=0.343
======================================================================
R1[T1][RTB       ]: L=+1.00 R=+1.00 | carry=1 | base=0.25 ba=+0.00 | site=0 sd=0.00 sa=+0.00 | phero=0 pd=0.00 pa=+0.00 | srch=0.00 | wall=2.28
R2[T1][RTB       ]: L=+1.00 R=+0.93 | carry=1 | base=0.30 ba=-0.03 | site=0 sd=0.00 sa=+0.00 | phero=0 pd=0.00 pa=+0.00 | srch=0.00 | wall=2.00
R3[T1][RTB       ]: L=+1.00 R=+1.00 | carry=1 | base=0.12 ba=-0.00 | site=0 sd=0.00 sa=+0.00 | phero=0 pd=0.00 pa=+0.00 | srch=0.00 | wall=2.91
R4[T1][RTB       ]: L=+0.99 R=+1.00 | carry=1 | base=0.28 ba=+0.00 | site=0 sd=0.00 sa=+0.00 | phero=0 pd=0.00 pa=+0.00 | srch=0.00 | wall=2.10

[DEPOSIT] Robot 3 deposited! Total: 10
  [PHERO] Laid at (0.15, 1.71) density=12 prob=1.00 total_entries=10
  [TARGET] Robot 3 → SITE (0.15,1.71)
[DEPOSIT] Robot 1 deposited! Total: 11
  [PHERO] Laid at (-1.97, 0.19) density=11 prob=1.00 total_entries=11
  [TARGET] Robot 1 → SITE (-1.97,0.19)
[DEPOSIT] Robot 4 deposited! Total: 12
  [PHERO] Laid at (0.05, 1.73) density=11 prob=1.00 total_entries=12
  [TARGET] Robot 4 → SITE (0.05,1.73)
[DEPOSIT] Robot 2 deposited! Total: 13
  [PHERO] Laid at (-1.66, -0.16) density=10 prob=1.00 total_entries=13
  [TARGET] Robot 2 → SITE (-1.66,-0.16)

======================================================================
Step 9000 (4.8 min) | Pickups: 13 | Deposits: 13 | Rate: 2.71 tags/min | phero_entries=11 phero_max=0.772
======================================================================
R1[T1][SITE      ]: L=+1.00 R=+0.62 | carry=0 | base=0.14 ba=-0.93 | site=1 sd=0.28 sa=-0.14 | phero=0 pd=0.00 pa=+0.00 | srch=0.06 | wall=2.83
R2[T1][SITE      ]: L=+0.96 R=+1.00 | carry=0 | base=0.07 ba=+0.88 | site=1 sd=0.26 sa=-0.04 | phero=0 pd=0.00 pa=+0.00 | srch=0.04 | wall=3.13
R3[T1][SITE      ]: L=+0.90 R=+1.00 | carry=0 | base=0.17 ba=+0.95 | site=1 sd=0.18 sa=-0.02 | phero=0 pd=0.00 pa=+0.00 | srch=0.10 | wall=2.68
R4[T1][SITE      ]: L=+1.00 R=+1.00 | carry=0 | base=0.11 ba=-0.95 | site=1 sd=0.25 sa=-0.04 | phero=0 pd=0.00 pa=+0.00 | srch=0.05 | wall=2.98

[PICKUP] Robot 1 picked up tag (density=9) | Total: 14
[PICKUP] Robot 2 picked up tag (density=8) | Total: 15
[PICKUP] Robot 4 picked up tag (density=10) | Total: 16
[PICKUP] Robot 3 picked up tag (density=9) | Total: 17

======================================================================
Step 9500 (5.1 min) | Pickups: 17 | Deposits: 13 | Rate: 2.57 tags/min | phero_entries=11 phero_max=0.347
======================================================================
R1[T1][RTB       ]: L=+1.00 R=+0.90 | carry=1 | base=0.34 ba=-0.04 | site=0 sd=0.00 sa=+0.00 | phero=0 pd=0.00 pa=+0.00 | srch=0.00 | wall=1.85
R2[T1][RTB       ]: L=+1.00 R=+0.79 | carry=1 | base=0.34 ba=-0.08 | site=0 sd=0.00 sa=+0.00 | phero=0 pd=0.00 pa=+0.00 | srch=0.00 | wall=1.83
R3[T1][RTB       ]: L=+0.43 R=+1.00 | carry=1 | base=0.35 ba=+0.23 | site=0 sd=0.00 sa=+0.00 | phero=0 pd=0.00 pa=+0.00 | srch=0.00 | wall=1.75
R4[T1][RTB       ]: L=+1.00 R=+0.65 | carry=1 | base=0.36 ba=-0.15 | site=0 sd=0.00 sa=+0.00 | phero=0 pd=0.00 pa=+0.00 | srch=0.00 | wall=1.74

[DEPOSIT] Robot 2 deposited! Total: 14
  [PHERO] Laid at (-1.73, -0.13) density=8 prob=1.00 total_entries=12
  [TARGET] Robot 2 → SITE (-1.73,-0.13)
[DEPOSIT] Robot 1 deposited! Total: 15
  [PHERO] Laid at (-1.78, 0.15) density=9 prob=1.00 total_entries=13
  [TARGET] Robot 1 → SITE (-1.78,0.15)
[DEPOSIT] Robot 4 deposited! Total: 16
  [PHERO] Laid at (0.08, 1.79) density=10 prob=1.00 total_entries=14
  [TARGET] Robot 4 → SITE (0.08,1.79)
[DEPOSIT] Robot 3 deposited! Total: 17
  [PHERO] Laid at (0.05, 1.76) density=9 prob=1.00 total_entries=15
  [TARGET] Robot 3 → SITE (0.05,1.76)

======================================================================
Step 10000 (5.3 min) | Pickups: 17 | Deposits: 17 | Rate: 3.19 tags/min | phero_entries=15 phero_max=0.862
======================================================================
R1[T1][SITE      ]: L=+0.41 R=+1.00 | carry=0 | base=0.05 ba=-0.94 | site=1 sd=0.32 sa=+0.25 | phero=0 pd=0.00 pa=+0.00 | srch=0.03 | wall=3.28
R2[T1][SITE      ]: L=-0.39 R=+1.00 | carry=0 | base=0.05 ba=-0.99 | site=1 sd=0.30 sa=+0.13 | phero=0 pd=0.00 pa=+0.00 | srch=0.03 | wall=3.25
R3[T1][BASE_ESC  ]: L=+1.00 R=+0.14 | carry=0 | base=0.05 ba=+0.78 | site=1 sd=0.31 sa=-0.33 | phero=0 pd=0.00 pa=+0.00 | srch=0.02 | wall=3.28
R4[T1][BASE_ESC  ]: L=+0.29 R=+1.00 | carry=0 | base=0.05 ba=-0.84 | site=1 sd=0.32 sa=+0.29 | phero=0 pd=0.00 pa=+0.00 | srch=0.02 | wall=3.28

[PICKUP] Robot 2 picked up tag (density=7) | Total: 18
[PICKUP] Robot 4 picked up tag (density=8) | Total: 19

======================================================================
Step 10500 (5.6 min) | Pickups: 19 | Deposits: 17 | Rate: 3.04 tags/min | phero_entries=13 phero_max=0.387
======================================================================
R1[T1][SITE      ]: L=+1.00 R=+1.00 | carry=0 | base=0.40 ba=+0.78 | site=1 sd=0.07 sa=+0.49 | phero=0 pd=0.00 pa=+0.00 | srch=0.15 | wall=1.58
R2[T1][RTB       ]: L=+0.21 R=+1.00 | carry=1 | base=0.36 ba=+0.30 | site=0 sd=0.00 sa=+0.00 | phero=0 pd=0.00 pa=+0.00 | srch=0.00 | wall=1.75
R3[T1][SITE      ]: L=+0.11 R=+0.10 | carry=0 | base=0.17 ba=+0.96 | site=1 sd=0.18 sa=-0.05 | phero=0 pd=0.00 pa=+0.00 | srch=0.15 | wall=2.64
R4[T1][RTB       ]: L=+0.00 R=+1.00 | carry=1 | base=0.37 ba=+0.67 | site=0 sd=0.00 sa=+0.00 | phero=0 pd=0.00 pa=+0.00 | srch=0.00 | wall=1.69

[PICKUP] Robot 1 picked up tag (density=6) | Total: 20
[DEPOSIT] Robot 2 deposited! Total: 18
  [PHERO] Laid at (-1.73, -0.16) density=7 prob=0.99 total_entries=14
  [TARGET] Robot 2 → SITE (-1.73,-0.16)
[DEPOSIT] Robot 4 deposited! Total: 19
  [PHERO] Laid at (0.20, 1.80) density=8 prob=1.00 total_entries=15
  [TARGET] Robot 4 → SITE (0.20,1.80)

======================================================================
Step 11000 (5.9 min) | Pickups: 20 | Deposits: 19 | Rate: 3.24 tags/min | phero_entries=15 phero_max=0.979
======================================================================
R1[T1][RTB       ]: L=+1.00 R=+1.00 | carry=1 | base=0.21 ba=+0.00 | site=0 sd=0.00 sa=+0.00 | phero=0 pd=0.00 pa=+0.00 | srch=0.00 | wall=2.47
R2[T1][BASE_ESC  ]: L=+1.00 R=+0.00 | carry=0 | base=0.04 ba=+0.69 | site=1 sd=0.31 sa=-0.40 | phero=0 pd=0.00 pa=+0.00 | srch=0.02 | wall=3.29
R3[T1][SITE      ]: L=+1.00 R=+0.56 | carry=0 | base=0.30 ba=-0.91 | site=1 sd=0.07 sa=-0.04 | phero=0 pd=0.00 pa=+0.00 | srch=0.27 | wall=2.04
R4[T1][BASE_ESC  ]: L=+1.00 R=+0.00 | carry=0 | base=0.05 ba=+0.14 | site=1 sd=0.32 sa=-0.88 | phero=0 pd=0.00 pa=+0.00 | srch=0.00 | wall=3.27

[PICKUP] Robot 3 picked up tag (density=7) | Total: 21
[DEPOSIT] Robot 1 deposited! Total: 20
  [PHERO] Laid at (-2.16, -0.04) density=6 prob=0.97 total_entries=14
  [TARGET] Robot 1 → SITE (-2.16,-0.04)

======================================================================
Step 11500 (6.1 min) | Pickups: 21 | Deposits: 20 | Rate: 3.26 tags/min | phero_entries=14 phero_max=0.624
======================================================================
R1[T1][SITE      ]: L=+1.00 R=+1.00 | carry=0 | base=0.17 ba=-0.95 | site=1 sd=0.27 sa=+0.02 | phero=0 pd=0.00 pa=+0.00 | srch=0.07 | wall=2.66
R2[T1][EXPLORE   ]: L=+1.00 R=+1.00 | carry=0 | base=0.36 ba=-0.76 | site=0 sd=0.00 sa=+0.00 | phero=0 pd=0.00 pa=+0.00 | srch=0.15 | wall=1.74
R3[T1][RTB       ]: L=+1.00 R=+1.00 | carry=1 | base=0.16 ba=-0.00 | site=0 sd=0.00 sa=+0.00 | phero=0 pd=0.00 pa=+0.00 | srch=0.00 | wall=2.73
R4[T1][SITE      ]: L=+0.95 R=+1.00 | carry=0 | base=0.33 ba=+0.95 | site=1 sd=0.04 sa=+0.20 | phero=0 pd=0.00 pa=+0.00 | srch=0.13 | wall=1.87

[PICKUP] Robot 2 picked up tag (density=5) | Total: 22
[PICKUP] Robot 4 picked up tag (density=6) | Total: 23
[DEPOSIT] Robot 3 deposited! Total: 21
  [PHERO] Laid at (0.06, 1.81) density=7 prob=0.99 total_entries=15
  [TARGET] Robot 3 → SITE (0.06,1.81)
[PICKUP] Robot 1 picked up tag (density=4) | Total: 24

======================================================================
Step 12000 (6.4 min) | Pickups: 24 | Deposits: 21 | Rate: 3.28 tags/min | phero_entries=14 phero_max=0.559
======================================================================
R1[T1][RTB       ]: L=+1.00 R=+0.45 | carry=1 | base=0.38 ba=-0.23 | site=0 sd=0.00 sa=+0.00 | phero=0 pd=0.00 pa=+0.00 | srch=0.00 | wall=1.64
R2[T1][RTB       ]: L=+1.00 R=+1.00 | carry=1 | base=0.15 ba=+0.00 | site=0 sd=0.00 sa=+0.00 | phero=0 pd=0.00 pa=+0.00 | srch=0.00 | wall=2.73
R3[T1][SITE      ]: L=+0.69 R=+0.67 | carry=0 | base=0.15 ba=+0.97 | site=1 sd=0.22 sa=-0.08 | phero=0 pd=0.00 pa=+0.00 | srch=0.09 | wall=2.75
R4[T1][RTB       ]: L=+1.00 R=+1.00 | carry=1 | base=0.13 ba=+0.00 | site=0 sd=0.00 sa=+0.00 | phero=0 pd=0.00 pa=+0.00 | srch=0.00 | wall=2.84

[DEPOSIT] Robot 4 deposited! Total: 22
  [PHERO] Laid at (0.24, 1.91) density=6 prob=0.97 total_entries=14
  [TARGET] Robot 4 → SITE (0.24,1.91)
[DEPOSIT] Robot 2 deposited! Total: 23
  [PHERO] Laid at (-1.77, -0.14) density=5 prob=0.92 total_entries=15
  [TARGET] Robot 2 → SITE (-1.77,-0.14)
[DEPOSIT] Robot 1 deposited! Total: 24
  [TARGET] Robot 1 → SITE (-1.86,0.07)
[PICKUP] Robot 3 picked up tag (density=5) | Total: 25

======================================================================
Step 12500 (6.7 min) | Pickups: 25 | Deposits: 24 | Rate: 3.60 tags/min | phero_entries=14 phero_max=0.558
======================================================================
R1[T1][BASE_ESC  ]: L=+0.00 R=+1.00 | carry=0 | base=0.04 ba=-0.55 | site=1 sd=0.33 sa=+0.52 | phero=0 pd=0.00 pa=+0.00 | srch=0.02 | wall=3.28
R2[T1][SITE      ]: L=+1.00 R=+1.00 | carry=0 | base=0.22 ba=-0.94 | site=1 sd=0.14 sa=-0.08 | phero=0 pd=0.00 pa=+0.00 | srch=0.09 | wall=2.42
R3[T1][RTB       ]: L=+0.00 R=+1.00 | carry=1 | base=0.38 ba=+0.59 | site=0 sd=0.00 sa=+0.00 | phero=0 pd=0.00 pa=+0.00 | srch=0.00 | wall=1.61
R4[T1][SITE      ]: L=+1.00 R=+1.00 | carry=0 | base=0.22 ba=+0.99 | site=1 sd=0.16 sa=+0.01 | phero=0 pd=0.00 pa=+0.00 | srch=0.10 | wall=2.41

[PICKUP] Robot 2 picked up tag (density=3) | Total: 26
[GIVE-UP] R4 giving up after 767 steps
[DEPOSIT] Robot 3 deposited! Total: 25
  [PHERO] Laid at (0.05, 1.86) density=5 prob=0.92 total_entries=14
  [TARGET] Robot 3 → SITE (0.05,1.86)

======================================================================
Step 13000 (6.9 min) | Pickups: 26 | Deposits: 25 | Rate: 3.61 tags/min | phero_entries=14 phero_max=0.989
======================================================================
R1[T1][SITE      ]: L=+0.18 R=+1.00 | carry=0 | base=0.38 ba=+0.70 | site=1 sd=0.06 sa=+0.26 | phero=0 pd=0.00 pa=+0.00 | srch=0.14 | wall=1.65
R2[T1][RTB       ]: L=+1.00 R=+1.00 | carry=1 | base=0.20 ba=-0.00 | site=0 sd=0.00 sa=+0.00 | phero=0 pd=0.00 pa=+0.00 | srch=0.00 | wall=2.50
R3[T1][BASE_ESC  ]: L=+1.00 R=+0.00 | carry=0 | base=0.05 ba=+0.14 | site=1 sd=0.33 sa=-0.88 | phero=0 pd=0.00 pa=+0.00 | srch=0.00 | wall=3.27
R4[T1][GIVE_UP   ]: L=+1.00 R=+0.93 | carry=0 | base=0.45 ba=-0.03 | site=0 sd=0.00 sa=+0.00 | phero=0 pd=0.00 pa=+0.00 | srch=0.22 | wall=1.33

[DEPOSIT] Robot 2 deposited! Total: 26
  [TARGET] Robot 2 → SITE (-1.81,-0.15)

======================================================================
Step 13500 (7.2 min) | Pickups: 26 | Deposits: 26 | Rate: 3.61 tags/min | phero_entries=11 phero_max=0.444
======================================================================
R1[T1][EXPLORE   ]: L=+1.00 R=+1.00 | carry=0 | base=0.39 ba=-0.62 | site=0 sd=0.00 sa=+0.00 | phero=0 pd=0.00 pa=+0.00 | srch=0.27 | wall=1.85
R2[T1][SITE      ]: L=+1.00 R=+1.00 | carry=0 | base=0.20 ba=+1.00 | site=1 sd=0.21 sa=+0.29 | phero=0 pd=0.00 pa=+0.00 | srch=0.08 | wall=2.60
R3[T1][SITE      ]: L=+0.80 R=+0.79 | carry=0 | base=0.29 ba=-0.96 | site=1 sd=0.09 sa=-0.05 | phero=0 pd=0.00 pa=+0.00 | srch=0.13 | wall=2.06
R4[T1][GIVE_UP   ]: L=+1.00 R=+1.00 | carry=0 | base=0.07 ba=-0.00 | site=0 sd=0.00 sa=+0.00 | phero=0 pd=0.00 pa=+0.00 | srch=0.35 | wall=3.18

[EMPTY_RTN] R4 → phero(0.06,1.81)
[PICKUP] Robot 3 picked up tag (density=4) | Total: 27
[GIVE-UP] R1 giving up after 1355 steps
[PICKUP] Robot 2 picked up tag (density=2) | Total: 28

======================================================================
Step 14000 (7.5 min) | Pickups: 28 | Deposits: 26 | Rate: 3.48 tags/min | phero_entries=11 phero_max=0.200
======================================================================
R1[T1][GIVE_UP   ]: L=+1.00 R=+1.00 | carry=0 | base=0.48 ba=-0.00 | site=0 sd=0.00 sa=+0.00 | phero=0 pd=0.00 pa=+0.00 | srch=0.39 | wall=1.73
R2[T1][RTB       ]: L=+1.00 R=+0.97 | carry=1 | base=0.33 ba=-0.01 | site=0 sd=0.00 sa=+0.00 | phero=0 pd=0.00 pa=+0.00 | srch=0.00 | wall=1.88
R3[T1][RTB       ]: L=+1.00 R=+1.00 | carry=1 | base=0.13 ba=-0.00 | site=0 sd=0.00 sa=+0.00 | phero=0 pd=0.00 pa=+0.00 | srch=0.00 | wall=2.86
R4[T1][PHERO     ]: L=+0.95 R=+1.00 | carry=0 | base=0.24 ba=-0.98 | site=0 sd=0.00 sa=+0.00 | phero=1 pd=0.16 pa=+0.27 | srch=0.12 | wall=2.38

[DEPOSIT] Robot 3 deposited! Total: 27
  [TARGET] Robot 3 → SITE (-0.08,1.71)
[GIVE-UP] R1 giving up after 1745 steps
[PICKUP] Robot 4 picked up tag (density=3) | Total: 29
[DEPOSIT] Robot 2 deposited! Total: 28
  [TARGET] Robot 2 → SITE (-1.81,-0.19)
[GIVE-UP] R1 giving up after 2057 steps

======================================================================
Step 14500 (7.7 min) | Pickups: 29 | Deposits: 28 | Rate: 3.62 tags/min | phero_entries=7 phero_max=0.090
======================================================================
R1[T1][GIVE_UP   ]: L=+1.00 R=+1.00 | carry=0 | base=0.09 ba=-0.00 | site=0 sd=0.00 sa=+0.00 | phero=0 pd=0.00 pa=+0.00 | srch=0.52 | wall=3.16
R2[T1][SITE      ]: L=+1.00 R=+1.00 | carry=0 | base=0.07 ba=+0.98 | site=1 sd=0.31 sa=+0.10 | phero=0 pd=0.00 pa=+0.00 | srch=0.04 | wall=3.19
R3[T1][SITE      ]: L=+0.40 R=+0.40 | carry=0 | base=0.16 ba=+0.97 | site=1 sd=0.19 sa=-0.07 | phero=0 pd=0.00 pa=+0.00 | srch=0.10 | wall=2.71
R4[T1][RTB       ]: L=+1.00 R=+1.00 | carry=1 | base=0.30 ba=+0.00 | site=0 sd=0.00 sa=+0.00 | phero=0 pd=0.00 pa=+0.00 | srch=0.00 | wall=2.03

[EMPTY_RTN] R1 → phero(0.05,1.86)
[DEPOSIT] Robot 4 deposited! Total: 29
  [PHERO] Laid at (0.12, 1.96) density=3 prob=0.65 total_entries=8
  [TARGET] Robot 4 → SITE (0.12,1.96)

======================================================================
Step 15000 (8.0 min) | Pickups: 29 | Deposits: 29 | Rate: 3.62 tags/min | phero_entries=8 phero_max=0.749
======================================================================
R1[T1][PHERO     ]: L=+1.00 R=+0.99 | carry=0 | base=0.17 ba=-0.91 | site=0 sd=0.00 sa=+0.00 | phero=1 pd=0.22 pa=-0.04 | srch=0.11 | wall=2.70
R2[T1][EXPLORE   ]: L=+1.00 R=+0.93 | carry=0 | base=0.38 ba=+0.64 | site=0 sd=0.00 sa=+0.00 | phero=0 pd=0.00 pa=+0.00 | srch=0.16 | wall=1.63
R3[T1][SITE      ]: L=-0.25 R=-0.25 | carry=0 | base=0.12 ba=-0.82 | site=1 sd=0.23 sa=+0.09 | phero=0 pd=0.00 pa=+0.00 | srch=0.22 | wall=2.94
R4[T1][SITE      ]: L=+1.00 R=+1.00 | carry=0 | base=0.08 ba=-0.88 | site=1 sd=0.31 sa=+0.08 | phero=0 pd=0.00 pa=+0.00 | srch=0.05 | wall=3.09

[GIVE-UP] R2 giving up after 900 steps

======================================================================
Step 15500 (8.3 min) | Pickups: 29 | Deposits: 29 | Rate: 3.51 tags/min | phero_entries=6 phero_max=0.336
======================================================================
R1[T1][EXPLORE   ]: L=+1.00 R=+1.00 | carry=0 | base=0.53 ba=-0.91 | site=0 sd=0.00 sa=+0.00 | phero=0 pd=0.00 pa=+0.00 | srch=0.24 | wall=0.89
R2[T1][GIVE_UP   ]: L=+1.00 R=+1.00 | carry=0 | base=0.39 ba=-0.00 | site=0 sd=0.00 sa=+0.00 | phero=0 pd=0.00 pa=+0.00 | srch=0.29 | wall=1.63
R3[T1][SITE      ]: L=+1.00 R=+1.00 | carry=0 | base=0.24 ba=-0.98 | site=1 sd=0.11 sa=-0.04 | phero=0 pd=0.00 pa=+0.00 | srch=0.35 | wall=2.33
R4[T1][EXPLORE   ]: L=+1.00 R=+0.93 | carry=0 | base=0.43 ba=+0.88 | site=0 sd=0.00 sa=+0.00 | phero=0 pd=0.00 pa=+0.00 | srch=0.17 | wall=1.38

[PICKUP] Robot 3 picked up tag (density=2) | Total: 30
[EMPTY_RTN] R2 → phero(0.12,1.96)

======================================================================
Step 16000 (8.5 min) | Pickups: 30 | Deposits: 29 | Rate: 3.40 tags/min | phero_entries=4 phero_max=0.151
======================================================================
R1[T1][EXPLORE   ]: L=+1.00 R=+1.00 | carry=0 | base=0.51 ba=-0.26 | site=0 sd=0.00 sa=+0.00 | phero=0 pd=0.00 pa=+0.00 | srch=0.36 | wall=1.21
R2[T1][BASE_ESC  ]: L=+0.00 R=+1.00 | carry=0 | base=0.04 ba=-0.48 | site=0 sd=0.00 sa=+0.00 | phero=1 pd=0.41 pa=-0.09 | srch=0.01 | wall=3.29
R3[T1][RTB       ]: L=+1.00 R=+1.00 | carry=1 | base=0.18 ba=-0.00 | site=0 sd=0.00 sa=+0.00 | phero=0 pd=0.00 pa=+0.00 | srch=0.00 | wall=2.59
R4[T1][EXPLORE   ]: L=+1.00 R=+1.00 | carry=0 | base=0.56 ba=+0.13 | site=0 sd=0.00 sa=+0.00 | phero=0 pd=0.00 pa=+0.00 | srch=0.30 | wall=0.74

[DEPOSIT] Robot 3 deposited! Total: 30
  [PHERO] Laid at (-0.07, 1.79) density=2 prob=0.42 total_entries=5
  [TARGET] Robot 3 → SITE (-0.07,1.79)

======================================================================
Step 16500 (8.8 min) | Pickups: 30 | Deposits: 30 | Rate: 3.41 tags/min | phero_entries=3 phero_max=0.593
======================================================================
R1[T1][EXPLORE   ]: L=+1.00 R=+1.00 | carry=0 | base=0.37 ba=-0.53 | site=0 sd=0.00 sa=+0.00 | phero=0 pd=0.00 pa=+0.00 | srch=0.49 | wall=1.76
R2[T1][PHERO     ]: L=+1.00 R=+0.98 | carry=0 | base=0.31 ba=-0.89 | site=0 sd=0.00 sa=+0.00 | phero=1 pd=0.10 pa=-0.09 | srch=0.14 | wall=1.97
R3[T1][SITE      ]: L=+0.97 R=+1.00 | carry=0 | base=0.21 ba=+0.95 | site=1 sd=0.17 sa=+0.13 | phero=0 pd=0.00 pa=+0.00 | srch=0.08 | wall=2.49
R4[T1][EXPLORE   ]: L=+1.00 R=+1.00 | carry=0 | base=0.61 ba=+0.97 | site=0 sd=0.00 sa=+0.00 | phero=0 pd=0.00 pa=+0.00 | srch=0.42 | wall=0.64

[PICKUP] Robot 3 picked up tag (density=1) | Total: 31

======================================================================
Step 17000 (9.1 min) | Pickups: 31 | Deposits: 30 | Rate: 3.31 tags/min | phero_entries=3 phero_max=0.266
======================================================================
R1[T1][EXPLORE   ]: L=+1.00 R=+1.00 | carry=0 | base=0.56 ba=-0.77 | site=0 sd=0.00 sa=+0.00 | phero=0 pd=0.00 pa=+0.00 | srch=0.61 | wall=1.05
R2[T1][EXPLORE   ]: L=+1.00 R=+1.00 | carry=0 | base=0.61 ba=-0.83 | site=0 sd=0.00 sa=+0.00 | phero=0 pd=0.00 pa=+0.00 | srch=0.26 | wall=0.72
R3[T1][RTB       ]: L=+1.00 R=+1.00 | carry=1 | base=0.26 ba=+0.00 | site=0 sd=0.00 sa=+0.00 | phero=0 pd=0.00 pa=+0.00 | srch=0.00 | wall=2.21
R4[T1][EXPLORE   ]: L=+1.00 R=+1.00 | carry=0 | base=0.49 ba=+0.27 | site=0 sd=0.00 sa=+0.00 | phero=0 pd=0.00 pa=+0.00 | srch=0.55 | wall=1.51

[DEPOSIT] Robot 3 deposited! Total: 31
  [TARGET] Robot 3 → PHERO (-0.07,1.79)

======================================================================
Step 17500 (9.3 min) | Pickups: 31 | Deposits: 31 | Rate: 3.32 tags/min | phero_entries=2 phero_max=0.120
======================================================================
R1[T1][WALL_ESC  ]: L=+1.00 R=+0.00 | carry=0 | base=0.88 ba=-0.71 | site=0 sd=0.00 sa=+0.00 | phero=0 pd=0.00 pa=+0.00 | srch=0.74 | wall=0.35
R2[T1][EXPLORE   ]: L=+1.00 R=+1.00 | carry=0 | base=0.57 ba=-0.00 | site=0 sd=0.00 sa=+0.00 | phero=0 pd=0.00 pa=+0.00 | srch=0.39 | wall=1.14
R3[T1][PHERO     ]: L=+1.00 R=+0.96 | carry=0 | base=0.14 ba=+1.00 | site=0 sd=0.00 sa=+0.00 | phero=1 pd=0.25 pa=-0.26 | srch=0.06 | wall=2.93
R4[T1][EXPLORE   ]: L=+1.00 R=+1.00 | carry=0 | base=0.48 ba=+0.67 | site=0 sd=0.00 sa=+0.00 | phero=0 pd=0.00 pa=+0.00 | srch=0.67 | wall=1.18


======================================================================
Step 18000 (9.6 min) | Pickups: 31 | Deposits: 31 | Rate: 3.23 tags/min | phero_entries=2 phero_max=0.054
======================================================================
R1[T1][EXPLORE   ]: L=+1.00 R=+1.00 | carry=0 | base=0.60 ba=-0.13 | site=0 sd=0.00 sa=+0.00 | phero=0 pd=0.00 pa=+0.00 | srch=0.86 | wall=1.08
R2[T1][EXPLORE   ]: L=+1.00 R=+1.00 | carry=0 | base=0.19 ba=-0.00 | site=0 sd=0.00 sa=+0.00 | phero=0 pd=0.00 pa=+0.00 | srch=0.51 | wall=2.74
R3[T1][EXPLORE   ]: L=+1.00 R=+1.00 | carry=0 | base=0.45 ba=-0.81 | site=0 sd=0.00 sa=+0.00 | phero=0 pd=0.00 pa=+0.00 | srch=0.18 | wall=1.28
R4[T1][EXPLORE   ]: L=+1.00 R=+1.00 | carry=0 | base=0.38 ba=+0.24 | site=0 sd=0.00 sa=+0.00 | phero=0 pd=0.00 pa=+0.00 | srch=0.80 | wall=1.64


======================================================================
Step 18500 (9.9 min) | Pickups: 31 | Deposits: 31 | Rate: 3.14 tags/min | phero_entries=2 phero_max=0.024
======================================================================
R1[T1][EXPLORE   ]: L=+1.00 R=+1.00 | carry=0 | base=0.29 ba=-0.31 | site=0 sd=0.00 sa=+0.00 | phero=0 pd=0.00 pa=+0.00 | srch=0.99 | wall=2.06
R2[T1][EXPLORE   ]: L=+1.00 R=+1.00 | carry=0 | base=0.22 ba=-0.98 | site=0 sd=0.00 sa=+0.00 | phero=0 pd=0.00 pa=+0.00 | srch=0.64 | wall=2.54
R3[T1][EXPLORE   ]: L=+1.00 R=+1.00 | carry=0 | base=0.64 ba=-0.30 | site=0 sd=0.00 sa=+0.00 | phero=0 pd=0.00 pa=+0.00 | srch=0.31 | wall=0.65
R4[T1][EXPLORE   ]: L=+1.00 R=+1.00 | carry=0 | base=0.29 ba=+0.63 | site=0 sd=0.00 sa=+0.00 | phero=0 pd=0.00 pa=+0.00 | srch=0.92 | wall=2.21


======================================================================
Step 19000 (10.1 min) | Pickups: 31 | Deposits: 31 | Rate: 3.06 tags/min | phero_entries=2 phero_max=0.011
======================================================================
R1[T1][EXPLORE   ]: L=+1.00 R=+1.00 | carry=0 | base=0.33 ba=-0.74 | site=0 sd=0.00 sa=+0.00 | phero=0 pd=0.00 pa=+0.00 | srch=1.00 | wall=1.93
R2[T1][EXPLORE   ]: L=+1.00 R=+1.00 | carry=0 | base=0.60 ba=-0.99 | site=0 sd=0.00 sa=+0.00 | phero=0 pd=0.00 pa=+0.00 | srch=0.76 | wall=0.77
R3[T1][EXPLORE   ]: L=+1.00 R=+1.00 | carry=0 | base=0.51 ba=-0.50 | site=0 sd=0.00 sa=+0.00 | phero=0 pd=0.00 pa=+0.00 | srch=0.43 | wall=1.24
R4[T1][EXPLORE   ]: L=+1.00 R=+1.00 | carry=0 | base=0.57 ba=+0.85 | site=0 sd=0.00 sa=+0.00 | phero=0 pd=0.00 pa=+0.00 | srch=1.00 | wall=0.78

[GIVE-UP] R3 giving up after 1735 steps
[PICKUP] Robot 1 picked up tag (density=1) | Total: 32

======================================================================
Step 19500 (10.4 min) | Pickups: 32 | Deposits: 31 | Rate: 2.98 tags/min | phero_entries=1 phero_max=0.005
======================================================================
R1[T1][RTB       ]: L=+1.00 R=+1.00 | carry=1 | base=0.15 ba=-0.00 | site=0 sd=0.00 sa=+0.00 | phero=0 pd=0.00 pa=+0.00 | srch=0.00 | wall=2.78
R2[T1][EXPLORE   ]: L=+1.00 R=+1.00 | carry=0 | base=0.50 ba=-0.08 | site=0 sd=0.00 sa=+0.00 | phero=0 pd=0.00 pa=+0.00 | srch=0.89 | wall=1.15
R3[T1][GIVE_UP   ]: L=+1.00 R=+1.00 | carry=0 | base=0.17 ba=-0.00 | site=0 sd=0.00 sa=+0.00 | phero=0 pd=0.00 pa=+0.00 | srch=0.56 | wall=2.75
R4[T1][EXPLORE   ]: L=+1.00 R=+1.00 | carry=0 | base=0.57 ba=+0.37 | site=0 sd=0.00 sa=+0.00 | phero=0 pd=0.00 pa=+0.00 | srch=1.00 | wall=1.24

[PICKUP] Robot 4 picked up tag (density=16) | Total: 33
[DEPOSIT] Robot 1 deposited! Total: 32
  [TARGET] Robot 1 → PHERO (-0.07,1.79)
[EMPTY_RTN] R3 → phero(-0.07,1.79)
[GIVE-UP] R2 giving up after 4038 steps

======================================================================
Step 20000 (10.7 min) | Pickups: 33 | Deposits: 32 | Rate: 3.00 tags/min | phero_entries=1 phero_max=0.002
======================================================================
R1[T1][PHERO     ]: L=+1.00 R=+0.97 | carry=0 | base=0.25 ba=-0.89 | site=0 sd=0.00 sa=+0.00 | phero=1 pd=0.31 pa=-0.44 | srch=0.09 | wall=2.46
R2[T1][GIVE_UP   ]: L=+0.04 R=+1.00 | carry=0 | base=0.49 ba=+0.36 | site=0 sd=0.00 sa=+0.00 | phero=0 pd=0.00 pa=+0.00 | srch=1.00 | wall=1.38
R3[T1][PHERO     ]: L=+0.40 R=+0.41 | carry=0 | base=0.08 ba=+0.76 | site=0 sd=0.00 sa=+0.00 | phero=1 pd=0.31 pa=+0.08 | srch=0.09 | wall=3.23
R4[T1][RTB       ]: L=+1.00 R=+1.00 | carry=1 | base=0.25 ba=+0.00 | site=0 sd=0.00 sa=+0.00 | phero=0 pd=0.00 pa=+0.00 | srch=0.00 | wall=2.63

[DEPOSIT] Robot 4 deposited! Total: 33
  [PHERO] Laid at (1.83, -1.98) density=16 prob=1.00 total_entries=2
  [TARGET] Robot 4 → SITE (1.83,-1.98)

======================================================================
Step 20500 (10.9 min) | Pickups: 33 | Deposits: 33 | Rate: 3.02 tags/min | phero_entries=1 phero_max=0.676
======================================================================
R1[T1][PHERO     ]: L=+1.00 R=+0.95 | carry=0 | base=0.52 ba=-0.63 | site=0 sd=0.00 sa=+0.00 | phero=1 pd=0.23 pa=-0.43 | srch=0.22 | wall=1.15
R2[T1][GIVE_UP   ]: L=+1.00 R=+1.00 | carry=0 | base=0.13 ba=+0.00 | site=0 sd=0.00 sa=+0.00 | phero=0 pd=0.00 pa=+0.00 | srch=1.00 | wall=2.95
R3[T1][PHERO     ]: L=+0.92 R=+1.00 | carry=0 | base=0.34 ba=+0.81 | site=0 sd=0.00 sa=+0.00 | phero=1 pd=0.09 pa=+0.25 | srch=0.21 | wall=1.87
R4[T1][SITE      ]: L=+1.00 R=+0.99 | carry=0 | base=0.15 ba=-0.96 | site=1 sd=0.40 sa=-0.06 | phero=0 pd=0.00 pa=+0.00 | srch=0.06 | wall=2.90

[EMPTY_RTN] R2 → phero(1.83,-1.98)

======================================================================
Step 21000 (11.2 min) | Pickups: 33 | Deposits: 33 | Rate: 2.95 tags/min | phero_entries=1 phero_max=0.304
======================================================================
R1[T1][PHERO     ]: L=+1.00 R=+1.00 | carry=0 | base=0.37 ba=+0.05 | site=0 sd=0.00 sa=+0.00 | phero=1 pd=0.04 pa=-0.36 | srch=0.34 | wall=1.67
R2[T1][PHERO     ]: L=+0.21 R=+0.25 | carry=0 | base=0.07 ba=-0.72 | site=0 sd=0.00 sa=+0.00 | phero=1 pd=0.50 pa=-0.00 | srch=0.10 | wall=3.16
R3[T1][EXPLORE   ]: L=+1.00 R=+0.61 | carry=0 | base=0.38 ba=+0.89 | site=0 sd=0.00 sa=+0.00 | phero=0 pd=0.00 pa=+0.00 | srch=0.34 | wall=1.64
R4[T1][SITE      ]: L=+0.81 R=+0.79 | carry=0 | base=0.46 ba=+1.00 | site=1 sd=0.08 sa=+0.04 | phero=0 pd=0.00 pa=+0.00 | srch=0.19 | wall=1.78

[PICKUP] Robot 4 picked up tag (density=15) | Total: 34

======================================================================
Step 21500 (11.5 min) | Pickups: 34 | Deposits: 33 | Rate: 2.88 tags/min | phero_entries=1 phero_max=0.136
======================================================================
R1[T1][PHERO     ]: L=+1.00 R=+0.80 | carry=0 | base=0.34 ba=+0.77 | site=0 sd=0.00 sa=+0.00 | phero=1 pd=0.04 pa=-0.58 | srch=0.47 | wall=1.83
R2[T1][PHERO     ]: L=+0.79 R=+0.80 | carry=0 | base=0.34 ba=-0.97 | site=0 sd=0.00 sa=+0.00 | phero=1 pd=0.20 pa=+0.00 | srch=0.22 | wall=2.30
R3[T1][EXPLORE   ]: L=+0.73 R=+0.58 | carry=0 | base=0.27 ba=+0.52 | site=0 sd=0.00 sa=+0.00 | phero=0 pd=0.00 pa=+0.00 | srch=0.46 | wall=2.26
R4[T1][RTB       ]: L=+1.00 R=+1.00 | carry=1 | base=0.20 ba=-0.00 | site=0 sd=0.00 sa=+0.00 | phero=0 pd=0.00 pa=+0.00 | srch=0.00 | wall=2.71

[GIVE-UP] R3 giving up after 1991 steps
[DEPOSIT] Robot 4 deposited! Total: 34
  [PHERO] Laid at (1.57, -1.77) density=15 prob=1.00 total_entries=2
  [TARGET] Robot 4 → SITE (1.57,-1.77)
[PICKUP] Robot 2 picked up tag (density=14) | Total: 35
[EMPTY_RTN] R3 → phero(1.83,-1.98)

======================================================================
Step 22000 (11.7 min) | Pickups: 35 | Deposits: 34 | Rate: 2.90 tags/min | phero_entries=2 phero_max=0.618
======================================================================
R1[T1][PHERO     ]: L=+1.00 R=+0.92 | carry=0 | base=0.38 ba=-0.79 | site=0 sd=0.00 sa=+0.00 | phero=1 pd=0.03 pa=-0.57 | srch=0.59 | wall=1.61
R2[T1][RTB       ]: L=+1.00 R=+0.00 | carry=1 | base=0.48 ba=-0.64 | site=0 sd=0.00 sa=+0.00 | phero=0 pd=0.00 pa=+0.00 | srch=0.00 | wall=1.70
R3[T1][BASE_ESC  ]: L=+1.00 R=+0.00 | carry=0 | base=0.05 ba=+0.17 | site=0 sd=0.00 sa=+0.00 | phero=1 pd=0.59 pa=+0.17 | srch=0.00 | wall=3.33
R4[T1][SITE      ]: L=+1.00 R=+0.91 | carry=0 | base=0.19 ba=-0.96 | site=1 sd=0.31 sa=+0.21 | phero=0 pd=0.00 pa=+0.00 | srch=0.08 | wall=2.64


======================================================================
Step 22500 (12.0 min) | Pickups: 35 | Deposits: 34 | Rate: 2.83 tags/min | phero_entries=2 phero_max=0.278
======================================================================
R1[T1][PHERO     ]: L=+1.00 R=+0.98 | carry=0 | base=0.58 ba=-0.58 | site=0 sd=0.00 sa=+0.00 | phero=1 pd=0.35 pa=-0.78 | srch=0.72 | wall=1.09
R2[T1][RTB       ]: L=+1.00 R=+1.00 | carry=1 | base=0.15 ba=-0.00 | site=0 sd=0.00 sa=+0.00 | phero=0 pd=0.00 pa=+0.00 | srch=0.00 | wall=2.91
R3[T1][PHERO     ]: L=+0.70 R=+0.70 | carry=0 | base=0.05 ba=+0.61 | site=0 sd=0.00 sa=+0.00 | phero=1 pd=0.55 pa=+0.15 | srch=0.13 | wall=3.30
R4[T1][SITE      ]: L=+0.92 R=+1.00 | carry=0 | base=0.53 ba=+0.67 | site=1 sd=0.11 sa=+0.36 | phero=0 pd=0.00 pa=+0.00 | srch=0.20 | wall=1.25

[DEPOSIT] Robot 2 deposited! Total: 35
  [PHERO] Laid at (1.58, -1.77) density=14 prob=1.00 total_entries=3
  [TARGET] Robot 2 → SITE (1.58,-1.77)
[PICKUP] Robot 4 picked up tag (density=13) | Total: 36

======================================================================
Step 23000 (12.3 min) | Pickups: 36 | Deposits: 35 | Rate: 2.85 tags/min | phero_entries=3 phero_max=0.554
======================================================================
R1[T1][PHERO     ]: L=+1.00 R=+0.98 | carry=0 | base=0.49 ba=-0.33 | site=0 sd=0.00 sa=+0.00 | phero=1 pd=0.50 pa=-0.57 | srch=0.84 | wall=1.24
R2[T1][SITE      ]: L=+0.98 R=+1.00 | carry=0 | base=0.24 ba=+0.96 | site=1 sd=0.25 sa=+0.07 | phero=0 pd=0.00 pa=+0.00 | srch=0.09 | wall=2.50
R3[T1][PHERO     ]: L=+0.22 R=+0.22 | carry=0 | base=0.18 ba=+0.84 | site=0 sd=0.00 sa=+0.00 | phero=1 pd=0.40 pa=+0.10 | srch=0.25 | wall=2.60
R4[T1][RTB       ]: L=+1.00 R=+1.00 | carry=1 | base=0.29 ba=+0.00 | site=0 sd=0.00 sa=+0.00 | phero=0 pd=0.00 pa=+0.00 | srch=0.00 | wall=2.46

[DEPOSIT] Robot 4 deposited! Total: 36
  [PHERO] Laid at (1.76, -1.93) density=13 prob=1.00 total_entries=4
  [TARGET] Robot 4 → SITE (1.76,-1.93)
[PICKUP] Robot 2 picked up tag (density=12) | Total: 37

======================================================================
Step 23500 (12.5 min) | Pickups: 37 | Deposits: 36 | Rate: 2.87 tags/min | phero_entries=4 phero_max=0.733
======================================================================
R1[T1][PHERO     ]: L=+1.00 R=+1.00 | carry=0 | base=0.29 ba=-0.34 | site=0 sd=0.00 sa=+0.00 | phero=1 pd=0.56 pa=-0.53 | srch=0.97 | wall=2.23
R2[T1][RTB       ]: L=+0.96 R=+1.00 | carry=1 | base=0.46 ba=+0.01 | site=0 sd=0.00 sa=+0.00 | phero=0 pd=0.00 pa=+0.00 | srch=0.00 | wall=1.88
R3[T1][PHERO     ]: L=+0.45 R=+0.46 | carry=0 | base=0.29 ba=+0.89 | site=0 sd=0.00 sa=+0.00 | phero=1 pd=0.31 pa=+0.16 | srch=0.38 | wall=2.13
R4[T1][SITE      ]: L=+1.00 R=+1.00 | carry=0 | base=0.08 ba=-0.83 | site=1 sd=0.44 sa=+0.18 | phero=0 pd=0.00 pa=+0.00 | srch=0.05 | wall=3.19


======================================================================
Step 24000 (12.8 min) | Pickups: 37 | Deposits: 36 | Rate: 2.81 tags/min | phero_entries=4 phero_max=0.329
======================================================================
R1[T1][PHERO     ]: L=+1.00 R=+1.00 | carry=0 | base=0.33 ba=-0.68 | site=0 sd=0.00 sa=+0.00 | phero=1 pd=0.69 pa=-0.64 | srch=1.00 | wall=1.88
R2[T1][RTB       ]: L=+1.00 R=+1.00 | carry=1 | base=0.07 ba=+0.00 | site=0 sd=0.00 sa=+0.00 | phero=0 pd=0.00 pa=+0.00 | srch=0.00 | wall=3.24
R3[T1][PHERO     ]: L=+0.59 R=+0.73 | carry=0 | base=0.44 ba=+0.82 | site=0 sd=0.00 sa=+0.00 | phero=1 pd=0.16 pa=+0.15 | srch=0.50 | wall=1.57
R4[T1][SITE      ]: L=+1.00 R=+1.00 | carry=0 | base=0.46 ba=+1.00 | site=1 sd=0.24 sa=+0.49 | phero=0 pd=0.00 pa=+0.00 | srch=0.17 | wall=1.30

[DEPOSIT] Robot 2 deposited! Total: 37
  [PHERO] Laid at (1.66, -1.82) density=12 prob=1.00 total_entries=5
  [TARGET] Robot 2 → SITE (1.66,-1.82)
[PICKUP] Robot 3 picked up tag (density=11) | Total: 38

======================================================================
Step 24500 (13.1 min) | Pickups: 38 | Deposits: 37 | Rate: 2.83 tags/min | phero_entries=5 phero_max=0.471
======================================================================
R1[T1][PHERO     ]: L=+1.00 R=+1.00 | carry=0 | base=0.37 ba=-0.46 | site=0 sd=0.00 sa=+0.00 | phero=1 pd=0.60 pa=-0.27 | srch=1.00 | wall=1.79
R2[T1][SITE      ]: L=+1.00 R=+1.00 | carry=0 | base=0.30 ba=-0.95 | site=1 sd=0.20 sa=+0.17 | phero=0 pd=0.00 pa=+0.00 | srch=0.12 | wall=2.25
R3[T1][RTB       ]: L=+1.00 R=+1.00 | carry=1 | base=0.41 ba=+0.00 | site=0 sd=0.00 sa=+0.00 | phero=0 pd=0.00 pa=+0.00 | srch=0.00 | wall=2.06
R4[T1][EXPLORE   ]: L=+1.00 R=+0.11 | carry=0 | base=0.53 ba=-0.01 | site=0 sd=0.00 sa=+0.00 | phero=0 pd=0.00 pa=+0.00 | srch=0.30 | wall=1.61

[PICKUP] Robot 4 picked up tag (density=10) | Total: 39
[PICKUP] Robot 2 picked up tag (density=9) | Total: 40
[DEPOSIT] Robot 3 deposited! Total: 38
  [PHERO] Laid at (1.88, -1.96) density=11 prob=1.00 total_entries=5
  [TARGET] Robot 3 → SITE (1.88,-1.96)

======================================================================
Step 25000 (13.3 min) | Pickups: 40 | Deposits: 38 | Rate: 2.85 tags/min | phero_entries=5 phero_max=0.940
======================================================================
R1[T1][PHERO     ]: L=+1.00 R=+1.00 | carry=0 | base=0.47 ba=-0.66 | site=0 sd=0.00 sa=+0.00 | phero=1 pd=0.40 pa=-0.39 | srch=1.00 | wall=1.53
R2[T1][RTB       ]: L=+1.00 R=+1.00 | carry=1 | base=0.43 ba=+0.00 | site=0 sd=0.00 sa=+0.00 | phero=0 pd=0.00 pa=+0.00 | srch=0.00 | wall=1.97
R3[T1][BASE_ESC  ]: L=+1.00 R=+0.00 | carry=0 | base=0.04 ba=+0.34 | site=1 sd=0.50 sa=-0.69 | phero=0 pd=0.00 pa=+0.00 | srch=0.01 | wall=3.33
R4[T1][RTB       ]: L=+1.00 R=+1.00 | carry=1 | base=0.17 ba=+0.00 | site=0 sd=0.00 sa=+0.00 | phero=0 pd=0.00 pa=+0.00 | srch=0.00 | wall=2.91

[DEPOSIT] Robot 4 deposited! Total: 39
  [PHERO] Laid at (1.78, -1.87) density=10 prob=1.00 total_entries=6
  [TARGET] Robot 4 → SITE (1.78,-1.87)
[DEPOSIT] Robot 2 deposited! Total: 40
  [PHERO] Laid at (1.71, -1.83) density=9 prob=1.00 total_entries=7
  [TARGET] Robot 2 → SITE (1.71,-1.83)

======================================================================
Step 25500 (13.6 min) | Pickups: 40 | Deposits: 40 | Rate: 2.94 tags/min | phero_entries=7 phero_max=0.992
======================================================================
R1[T1][PHERO     ]: L=+1.00 R=+1.00 | carry=0 | base=0.68 ba=-0.60 | site=0 sd=0.00 sa=+0.00 | phero=1 pd=0.39 pa=-0.47 | srch=1.00 | wall=0.49
R2[T1][BASE_ESC  ]: L=+0.00 R=+1.00 | carry=0 | base=0.05 ba=-0.09 | site=1 sd=0.46 sa=+0.91 | phero=0 pd=0.00 pa=+0.00 | srch=0.00 | wall=3.33
R3[T1][SITE      ]: L=+0.51 R=+0.51 | carry=0 | base=0.20 ba=-0.95 | site=1 sd=0.35 sa=+0.12 | phero=0 pd=0.00 pa=+0.00 | srch=0.13 | wall=2.71
R4[T1][SITE      ]: L=+0.55 R=+1.00 | carry=0 | base=0.22 ba=+0.98 | site=1 sd=0.38 sa=+0.33 | phero=0 pd=0.00 pa=+0.00 | srch=0.09 | wall=2.40


======================================================================
Step 26000 (13.9 min) | Pickups: 40 | Deposits: 40 | Rate: 2.88 tags/min | phero_entries=7 phero_max=0.446
======================================================================
R1[T1][PHERO     ]: L=+1.00 R=+1.00 | carry=0 | base=0.46 ba=-0.28 | site=0 sd=0.00 sa=+0.00 | phero=1 pd=0.10 pa=-0.26 | srch=1.00 | wall=1.21
R2[T1][SITE      ]: L=+0.97 R=+1.00 | carry=0 | base=0.35 ba=+0.96 | site=1 sd=0.23 sa=+0.30 | phero=0 pd=0.00 pa=+0.00 | srch=0.13 | wall=1.86
R3[T1][SITE      ]: L=+0.59 R=+0.63 | carry=0 | base=0.50 ba=+0.85 | site=1 sd=0.06 sa=+0.09 | phero=0 pd=0.00 pa=+0.00 | srch=0.26 | wall=1.58
R4[T1][SITE      ]: L=+0.69 R=+0.71 | carry=0 | base=0.49 ba=+0.72 | site=1 sd=0.07 sa=+0.10 | phero=0 pd=0.00 pa=+0.00 | srch=0.21 | wall=1.55

[GIVE-UP] R3 giving up after 1223 steps
[PICKUP] Robot 4 picked up tag (density=8) | Total: 41
[PICKUP] Robot 3 picked up tag (density=7) | Total: 42
[PICKUP] Robot 2 picked up tag (density=6) | Total: 43

======================================================================
Step 26500 (14.1 min) | Pickups: 43 | Deposits: 40 | Rate: 2.83 tags/min | phero_entries=6 phero_max=0.200
======================================================================
R1[T1][PHERO     ]: L=+1.00 R=+1.00 | carry=0 | base=0.34 ba=+0.87 | site=0 sd=0.00 sa=+0.00 | phero=1 pd=0.10 pa=-0.61 | srch=1.00 | wall=1.88
R2[T1][RTB       ]: L=+0.91 R=+1.00 | carry=1 | base=0.52 ba=+0.03 | site=0 sd=0.00 sa=+0.00 | phero=0 pd=0.00 pa=+0.00 | srch=0.00 | wall=1.67
R3[T1][RTB       ]: L=+1.00 R=+1.00 | carry=1 | base=0.43 ba=+0.00 | site=0 sd=0.00 sa=+0.00 | phero=0 pd=0.00 pa=+0.00 | srch=0.00 | wall=1.92
R4[T1][RTB       ]: L=+1.00 R=+1.00 | carry=1 | base=0.36 ba=+0.00 | site=0 sd=0.00 sa=+0.00 | phero=0 pd=0.00 pa=+0.00 | srch=0.00 | wall=2.19

[DEPOSIT] Robot 4 deposited! Total: 41
  [PHERO] Laid at (1.86, -1.87) density=8 prob=1.00 total_entries=7
  [TARGET] Robot 4 → SITE (1.86,-1.87)
[DEPOSIT] Robot 3 deposited! Total: 42
  [PHERO] Laid at (1.98, -1.82) density=7 prob=0.99 total_entries=7
  [TARGET] Robot 3 → SITE (1.98,-1.82)

======================================================================
Step 27000 (14.4 min) | Pickups: 43 | Deposits: 42 | Rate: 2.92 tags/min | phero_entries=7 phero_max=0.995
======================================================================
R1[T1][PHERO     ]: L=+1.00 R=+1.00 | carry=0 | base=0.43 ba=-0.23 | site=0 sd=0.00 sa=+0.00 | phero=1 pd=0.10 pa=-0.47 | srch=1.00 | wall=1.41
R2[T1][RTB       ]: L=+1.00 R=+1.00 | carry=1 | base=0.13 ba=+0.00 | site=0 sd=0.00 sa=+0.00 | phero=0 pd=0.00 pa=+0.00 | srch=0.00 | wall=3.05
R3[T1][BASE_ESC  ]: L=+0.00 R=+1.00 | carry=0 | base=0.05 ba=-0.05 | site=1 sd=0.49 sa=+0.96 | phero=0 pd=0.00 pa=+0.00 | srch=0.00 | wall=3.33
R4[T1][BASE_ESC  ]: L=+1.00 R=+0.34 | carry=0 | base=0.05 ba=+0.85 | site=1 sd=0.49 sa=-0.26 | phero=0 pd=0.00 pa=+0.00 | srch=0.02 | wall=3.30

[DEPOSIT] Robot 2 deposited! Total: 43
  [PHERO] Laid at (1.86, -1.82) density=6 prob=0.97 total_entries=8
  [TARGET] Robot 2 → SITE (1.86,-1.82)

======================================================================
Step 27500 (14.7 min) | Pickups: 43 | Deposits: 43 | Rate: 2.93 tags/min | phero_entries=8 phero_max=0.530
======================================================================
R1[T1][PHERO     ]: L=+1.00 R=+0.95 | carry=0 | base=0.26 ba=+0.67 | site=0 sd=0.00 sa=+0.00 | phero=1 pd=0.16 pa=-0.68 | srch=1.00 | wall=2.35
R2[T1][SITE      ]: L=+1.00 R=+1.00 | carry=0 | base=0.27 ba=+1.00 | site=1 sd=0.28 sa=+0.19 | phero=0 pd=0.00 pa=+0.00 | srch=0.10 | wall=2.32
R3[T1][SITE      ]: L=+0.83 R=+0.84 | carry=0 | base=0.32 ba=+0.94 | site=1 sd=0.23 sa=+0.05 | phero=0 pd=0.00 pa=+0.00 | srch=0.13 | wall=2.26
R4[T1][SITE      ]: L=+0.78 R=+0.78 | carry=0 | base=0.32 ba=+0.99 | site=1 sd=0.25 sa=+0.21 | phero=0 pd=0.00 pa=+0.00 | srch=0.15 | wall=2.11

[PICKUP] Robot 3 picked up tag (density=5) | Total: 44

======================================================================
Step 28000 (14.9 min) | Pickups: 44 | Deposits: 43 | Rate: 2.88 tags/min | phero_entries=7 phero_max=0.238
======================================================================
R1[T1][PHERO     ]: L=+1.00 R=+0.95 | carry=0 | base=0.51 ba=-0.59 | site=0 sd=0.00 sa=+0.00 | phero=1 pd=0.25 pa=-0.36 | srch=1.00 | wall=1.27
R2[T1][SITE      ]: L=+0.79 R=+1.00 | carry=0 | base=0.57 ba=+0.43 | site=1 sd=0.04 sa=+0.31 | phero=0 pd=0.00 pa=+0.00 | srch=0.22 | wall=1.48
R3[T1][RTB       ]: L=+1.00 R=+1.00 | carry=1 | base=0.37 ba=+0.00 | site=0 sd=0.00 sa=+0.00 | phero=0 pd=0.00 pa=+0.00 | srch=0.00 | wall=2.19
R4[T1][SITE      ]: L=+0.57 R=+0.67 | carry=0 | base=0.54 ba=+0.57 | site=1 sd=0.04 sa=+0.18 | phero=0 pd=0.00 pa=+0.00 | srch=0.27 | wall=1.47

[PICKUP] Robot 2 picked up tag (density=4) | Total: 45
TIMEOUT_RESULT pickups=45 deposits=43 steps=28125 elapsed_min=15.000000
BATCH_RESULT pickups=45 deposits=43
