Gym has been unmaintained since 2022 and does not support NumPy 2.0 amongst other critical functionality.
Please upgrade to Gymnasium, the maintained drop-in replacement of Gym, or contact the authors of your software and request that they upgrade.
Users of this version of Gym should be able to simply replace 'import gym' with 'import gymnasium as gym' in the vast majority of cases.
See the migration guide at https://gymnasium.farama.org/introduction/migration_guide/ for additional information.
============================================================
EVALUATION MODE — CPFA-RL Trained Model
Arena: 7×7m  |  Robots: 4  (teams of 4: 1)  |  Tags: 64
Obs per team: 18 × 4 = 72  |  Total obs dim: 72
============================================================

Loading model: ppo_cpfa_v9
Model loaded. Starting evaluation...

============================================================

[GIVE-UP] R3 giving up after 78 steps
[EMPTY_RTN] R3 → EXPLORE

======================================================================
Step 500 (0.3 min) | Pickups: 0 | Deposits: 0 | Rate: 0.00 tags/min | phero_entries=0 phero_max=0.000
======================================================================
R1[T1][EXPLORE   ]: L=+1.00 R=+1.00 | carry=0 | base=0.49 ba=-1.00 | site=0 sd=0.00 sa=+0.00 | phero=0 pd=0.00 pa=+0.00 | srch=0.12 | wall=1.08
R2[T1][EXPLORE   ]: L=+1.00 R=+1.00 | carry=0 | base=0.41 ba=-0.92 | site=0 sd=0.00 sa=+0.00 | phero=0 pd=0.00 pa=+0.00 | srch=0.12 | wall=1.61
R3[T1][EXPLORE   ]: L=+1.00 R=+1.00 | carry=0 | base=0.30 ba=+0.98 | site=0 sd=0.00 sa=+0.00 | phero=0 pd=0.00 pa=+0.00 | srch=0.11 | wall=2.32
R4[T1][EXPLORE   ]: L=+1.00 R=+1.00 | carry=0 | base=0.40 ba=+0.92 | site=0 sd=0.00 sa=+0.00 | phero=0 pd=0.00 pa=+0.00 | srch=0.12 | wall=1.58


======================================================================
Step 1000 (0.5 min) | Pickups: 0 | Deposits: 0 | Rate: 0.00 tags/min | phero_entries=0 phero_max=0.000
======================================================================
R1[T1][EXPLORE   ]: L=+1.00 R=+1.00 | carry=0 | base=0.50 ba=-0.14 | site=0 sd=0.00 sa=+0.00 | phero=0 pd=0.00 pa=+0.00 | srch=0.25 | wall=1.03
R2[T1][EXPLORE   ]: L=+1.00 R=+1.00 | carry=0 | base=0.62 ba=-0.11 | site=0 sd=0.00 sa=+0.00 | phero=0 pd=0.00 pa=+0.00 | srch=0.25 | wall=0.51
R3[T1][EXPLORE   ]: L=+1.00 R=+1.00 | carry=0 | base=0.69 ba=+0.99 | site=0 sd=0.00 sa=+0.00 | phero=0 pd=0.00 pa=+0.00 | srch=0.23 | wall=0.88
R4[T1][EXPLORE   ]: L=+1.00 R=+1.00 | carry=0 | base=0.60 ba=+0.11 | site=0 sd=0.00 sa=+0.00 | phero=0 pd=0.00 pa=+0.00 | srch=0.25 | wall=0.55


======================================================================
Step 1500 (0.8 min) | Pickups: 0 | Deposits: 0 | Rate: 0.00 tags/min | phero_entries=0 phero_max=0.000
======================================================================
R1[T1][EXPLORE   ]: L=+1.00 R=+1.00 | carry=0 | base=0.22 ba=-0.40 | site=0 sd=0.00 sa=+0.00 | phero=0 pd=0.00 pa=+0.00 | srch=0.38 | wall=2.60
R2[T1][EXPLORE   ]: L=+1.00 R=+1.00 | carry=0 | base=0.29 ba=-0.26 | site=0 sd=0.00 sa=+0.00 | phero=0 pd=0.00 pa=+0.00 | srch=0.38 | wall=2.13
R3[T1][EXPLORE   ]: L=+1.00 R=+1.00 | carry=0 | base=0.77 ba=+0.40 | site=0 sd=0.00 sa=+0.00 | phero=0 pd=0.00 pa=+0.00 | srch=0.36 | wall=0.49
R4[T1][EXPLORE   ]: L=+1.00 R=+1.00 | carry=0 | base=0.27 ba=+0.27 | site=0 sd=0.00 sa=+0.00 | phero=0 pd=0.00 pa=+0.00 | srch=0.38 | wall=2.28

[GIVE-UP] R3 giving up after 1872 steps

======================================================================
Step 2000 (1.1 min) | Pickups: 0 | Deposits: 0 | Rate: 0.00 tags/min | phero_entries=0 phero_max=0.000
======================================================================
R1[T1][EXPLORE   ]: L=+1.00 R=+1.00 | carry=0 | base=0.38 ba=-0.81 | site=0 sd=0.00 sa=+0.00 | phero=0 pd=0.00 pa=+0.00 | srch=0.50 | wall=2.00
R2[T1][EXPLORE   ]: L=+1.00 R=+1.00 | carry=0 | base=0.29 ba=-0.74 | site=0 sd=0.00 sa=+0.00 | phero=0 pd=0.00 pa=+0.00 | srch=0.50 | wall=2.10
R3[T1][GIVE_UP   ]: L=+0.93 R=+1.00 | carry=0 | base=0.52 ba=+0.02 | site=0 sd=0.00 sa=+0.00 | phero=0 pd=0.00 pa=+0.00 | srch=0.48 | wall=1.07
R4[T1][EXPLORE   ]: L=+1.00 R=+1.00 | carry=0 | base=0.29 ba=+0.76 | site=0 sd=0.00 sa=+0.00 | phero=0 pd=0.00 pa=+0.00 | srch=0.50 | wall=2.16

[PICKUP] Robot 4 picked up tag (density=16) | Total: 1
[DEPOSIT] Robot 4 deposited! Total: 1
  [PHERO] Laid at (-0.54, 1.36) density=16 prob=1.00 total_entries=1
  [TARGET] Robot 4 → SITE (-0.54,1.36)

======================================================================
Step 2500 (1.3 min) | Pickups: 1 | Deposits: 1 | Rate: 0.75 tags/min | phero_entries=1 phero_max=0.867
======================================================================
R1[T1][EXPLORE   ]: L=+1.00 R=+1.00 | carry=0 | base=0.74 ba=+0.98 | site=0 sd=0.00 sa=+0.00 | phero=0 pd=0.00 pa=+0.00 | srch=0.62 | wall=0.59
R2[T1][EXPLORE   ]: L=+1.00 R=+1.00 | carry=0 | base=0.48 ba=-0.42 | site=0 sd=0.00 sa=+0.00 | phero=0 pd=0.00 pa=+0.00 | srch=0.62 | wall=1.75
R3[T1][GIVE_UP   ]: L=+1.00 R=+1.00 | carry=0 | base=0.13 ba=+0.00 | site=0 sd=0.00 sa=+0.00 | phero=0 pd=0.00 pa=+0.00 | srch=0.61 | wall=2.90
R4[T1][BASE_ESC  ]: L=+1.00 R=+0.00 | carry=0 | base=0.05 ba=+0.74 | site=1 sd=0.25 sa=-0.36 | phero=0 pd=0.00 pa=+0.00 | srch=0.02 | wall=3.32

[EMPTY_RTN] R3 → phero(-0.54,1.36)
[PICKUP] Robot 4 picked up tag (density=15) | Total: 2

======================================================================
Step 3000 (1.6 min) | Pickups: 2 | Deposits: 1 | Rate: 0.62 tags/min | phero_entries=1 phero_max=0.390
======================================================================
R1[T1][EXPLORE   ]: L=+1.00 R=+1.00 | carry=0 | base=0.59 ba=-0.00 | site=0 sd=0.00 sa=+0.00 | phero=0 pd=0.00 pa=+0.00 | srch=0.75 | wall=1.33
R2[T1][EXPLORE   ]: L=+1.00 R=+1.00 | carry=0 | base=0.47 ba=+0.72 | site=0 sd=0.00 sa=+0.00 | phero=0 pd=0.00 pa=+0.00 | srch=0.75 | wall=1.68
R3[T1][BASE_ESC  ]: L=+0.00 R=+1.00 | carry=0 | base=0.05 ba=-0.29 | site=0 sd=0.00 sa=+0.00 | phero=1 pd=0.34 pa=-0.11 | srch=0.10 | wall=3.27
R4[T1][RTB       ]: L=+0.64 R=+1.00 | carry=1 | base=0.29 ba=+0.14 | site=0 sd=0.00 sa=+0.00 | phero=0 pd=0.00 pa=+0.00 | srch=0.00 | wall=2.19

[DEPOSIT] Robot 4 deposited! Total: 2
  [PHERO] Laid at (-0.54, 1.38) density=15 prob=1.00 total_entries=2
  [TARGET] Robot 4 → SITE (-0.54,1.38)

======================================================================
Step 3500 (1.9 min) | Pickups: 2 | Deposits: 2 | Rate: 1.07 tags/min | phero_entries=2 phero_max=0.744
======================================================================
R1[T1][EXPLORE   ]: L=+0.75 R=+1.00 | carry=0 | base=0.62 ba=+0.29 | site=0 sd=0.00 sa=+0.00 | phero=0 pd=0.00 pa=+0.00 | srch=0.88 | wall=1.17
R2[T1][EXPLORE   ]: L=+1.00 R=+0.70 | carry=0 | base=0.48 ba=-0.13 | site=0 sd=0.00 sa=+0.00 | phero=0 pd=0.00 pa=+0.00 | srch=0.88 | wall=1.37
R3[T1][BASE_ESC  ]: L=+0.00 R=+1.00 | carry=0 | base=0.05 ba=-0.55 | site=0 sd=0.00 sa=+0.00 | phero=1 pd=0.30 pa=-0.10 | srch=0.22 | wall=3.27
R4[T1][SITE      ]: L=+1.00 R=+1.00 | carry=0 | base=0.09 ba=-0.89 | site=1 sd=0.21 sa=+0.05 | phero=0 pd=0.00 pa=+0.00 | srch=0.05 | wall=3.13

[PICKUP] Robot 4 picked up tag (density=14) | Total: 3

======================================================================
Step 4000 (2.1 min) | Pickups: 3 | Deposits: 2 | Rate: 0.94 tags/min | phero_entries=2 phero_max=0.334
======================================================================
R1[T1][WALL_ESC  ]: L=+1.00 R=+0.00 | carry=0 | base=0.76 ba=-0.56 | site=0 sd=0.00 sa=+0.00 | phero=0 pd=0.00 pa=+0.00 | srch=1.00 | wall=0.32
R2[T1][EXPLORE   ]: L=+1.00 R=+1.00 | carry=0 | base=0.46 ba=+0.08 | site=0 sd=0.00 sa=+0.00 | phero=0 pd=0.00 pa=+0.00 | srch=1.00 | wall=1.44
R3[T1][PHERO     ]: L=+0.90 R=+1.00 | carry=0 | base=0.28 ba=+0.79 | site=0 sd=0.00 sa=+0.00 | phero=1 pd=0.04 pa=+0.16 | srch=0.35 | wall=2.17
R4[T1][RTB       ]: L=+1.00 R=+1.00 | carry=1 | base=0.23 ba=+0.00 | site=0 sd=0.00 sa=+0.00 | phero=0 pd=0.00 pa=+0.00 | srch=0.00 | wall=2.46

[PICKUP] Robot 3 picked up tag (density=13) | Total: 4
[DEPOSIT] Robot 4 deposited! Total: 3
  [PHERO] Laid at (-0.55, 1.42) density=14 prob=1.00 total_entries=3
  [TARGET] Robot 4 → SITE (-0.55,1.42)
[DEPOSIT] Robot 3 deposited! Total: 4
  [PHERO] Laid at (-0.66, 1.39) density=13 prob=1.00 total_entries=4
  [TARGET] Robot 3 → SITE (-0.66,1.39)

======================================================================
Step 4500 (2.4 min) | Pickups: 4 | Deposits: 4 | Rate: 1.67 tags/min | phero_entries=4 phero_max=0.987
======================================================================
R1[T1][WALL_ESC  ]: L=+0.00 R=+1.00 | carry=0 | base=0.69 ba=+0.82 | site=0 sd=0.00 sa=+0.00 | phero=0 pd=0.00 pa=+0.00 | srch=1.00 | wall=0.34
R2[T1][EXPLORE   ]: L=+1.00 R=+1.00 | carry=0 | base=0.17 ba=+0.47 | site=0 sd=0.00 sa=+0.00 | phero=0 pd=0.00 pa=+0.00 | srch=1.00 | wall=2.66
R3[T1][BASE_ESC  ]: L=+1.00 R=+0.00 | carry=0 | base=0.05 ba=+0.17 | site=1 sd=0.27 sa=-0.86 | phero=0 pd=0.00 pa=+0.00 | srch=0.00 | wall=3.30
R4[T1][SITE      ]: L=+1.00 R=+1.00 | carry=0 | base=0.15 ba=-0.84 | site=1 sd=0.16 sa=+0.07 | phero=0 pd=0.00 pa=+0.00 | srch=0.07 | wall=2.84

[PICKUP] Robot 4 picked up tag (density=12) | Total: 5
[GIVE-UP] R1 giving up after 4836 steps

======================================================================
Step 5000 (2.7 min) | Pickups: 5 | Deposits: 4 | Rate: 1.50 tags/min | phero_entries=4 phero_max=0.444
======================================================================
R1[T1][GIVE_UP   ]: L=+1.00 R=+1.00 | carry=0 | base=0.43 ba=+0.00 | site=0 sd=0.00 sa=+0.00 | phero=0 pd=0.00 pa=+0.00 | srch=1.00 | wall=1.78
R2[T1][EXPLORE   ]: L=+1.00 R=+1.00 | carry=0 | base=0.49 ba=+0.96 | site=0 sd=0.00 sa=+0.00 | phero=0 pd=0.00 pa=+0.00 | srch=1.00 | wall=1.35
R3[T1][SITE      ]: L=+0.92 R=+0.93 | carry=0 | base=0.25 ba=+0.94 | site=1 sd=0.06 sa=+0.01 | phero=0 pd=0.00 pa=+0.00 | srch=0.13 | wall=2.34
R4[T1][RTB       ]: L=+1.00 R=+0.95 | carry=1 | base=0.20 ba=-0.02 | site=0 sd=0.00 sa=+0.00 | phero=0 pd=0.00 pa=+0.00 | srch=0.00 | wall=2.59

[PICKUP] Robot 3 picked up tag (density=11) | Total: 6
[DEPOSIT] Robot 4 deposited! Total: 5
  [PHERO] Laid at (-0.51, 1.44) density=12 prob=1.00 total_entries=5
  [TARGET] Robot 4 → SITE (-0.51,1.44)
[EMPTY_RTN] R1 → phero(-0.51,1.44)

======================================================================
Step 5500 (2.9 min) | Pickups: 6 | Deposits: 5 | Rate: 1.70 tags/min | phero_entries=5 phero_max=0.615
======================================================================
R1[T1][BASE_ESC  ]: L=+1.00 R=+0.00 | carry=0 | base=0.05 ba=+0.17 | site=0 sd=0.00 sa=+0.00 | phero=1 pd=0.32 pa=+0.53 | srch=0.00 | wall=3.31
R2[T1][EXPLORE   ]: L=+1.00 R=+0.57 | carry=0 | base=0.59 ba=+0.92 | site=0 sd=0.00 sa=+0.00 | phero=0 pd=0.00 pa=+0.00 | srch=1.00 | wall=0.97
R3[T1][RTB       ]: L=+1.00 R=+1.00 | carry=1 | base=0.10 ba=+0.00 | site=0 sd=0.00 sa=+0.00 | phero=0 pd=0.00 pa=+0.00 | srch=0.00 | wall=3.06
R4[T1][SITE      ]: L=+1.00 R=+1.00 | carry=0 | base=0.20 ba=+0.97 | site=1 sd=0.14 sa=+0.26 | phero=0 pd=0.00 pa=+0.00 | srch=0.08 | wall=2.53

[DEPOSIT] Robot 3 deposited! Total: 6
  [PHERO] Laid at (-0.70, 1.44) density=11 prob=1.00 total_entries=6
  [TARGET] Robot 3 → SITE (-0.70,1.44)
[PICKUP] Robot 4 picked up tag (density=10) | Total: 7
[PICKUP] Robot 2 picked up tag (density=16) | Total: 8

======================================================================
Step 6000 (3.2 min) | Pickups: 8 | Deposits: 6 | Rate: 1.88 tags/min | phero_entries=6 phero_max=0.500
======================================================================
R1[T1][PHERO     ]: L=+1.00 R=+1.00 | carry=0 | base=0.25 ba=-0.82 | site=0 sd=0.00 sa=+0.00 | phero=1 pd=0.20 pa=-0.35 | srch=0.13 | wall=2.41
R2[T1][RTB       ]: L=+1.00 R=+1.00 | carry=1 | base=0.44 ba=+0.00 | site=0 sd=0.00 sa=+0.00 | phero=0 pd=0.00 pa=+0.00 | srch=0.00 | wall=1.70
R3[T1][SITE      ]: L=+0.02 R=+0.03 | carry=0 | base=0.09 ba=+0.96 | site=1 sd=0.23 sa=-0.07 | phero=0 pd=0.00 pa=+0.00 | srch=0.11 | wall=3.11
R4[T1][RTB       ]: L=+1.00 R=+1.00 | carry=1 | base=0.21 ba=+0.00 | site=0 sd=0.00 sa=+0.00 | phero=0 pd=0.00 pa=+0.00 | srch=0.00 | wall=2.52

[DEPOSIT] Robot 4 deposited! Total: 7
  [PHERO] Laid at (-0.37, 1.69) density=10 prob=1.00 total_entries=7
  [TARGET] Robot 4 → SITE (-0.37,1.69)
[PICKUP] Robot 1 picked up tag (density=9) | Total: 9

======================================================================
Step 6500 (3.5 min) | Pickups: 9 | Deposits: 7 | Rate: 2.02 tags/min | phero_entries=7 phero_max=0.620
======================================================================
R1[T1][RTB       ]: L=+1.00 R=+0.96 | carry=1 | base=0.36 ba=-0.02 | site=0 sd=0.00 sa=+0.00 | phero=0 pd=0.00 pa=+0.00 | srch=0.00 | wall=1.87
R2[T1][RTB       ]: L=+1.00 R=+1.00 | carry=1 | base=0.05 ba=+0.00 | site=0 sd=0.00 sa=+0.00 | phero=0 pd=0.00 pa=+0.00 | srch=0.00 | wall=3.28
R3[T1][SITE      ]: L=+0.45 R=+0.45 | carry=0 | base=0.16 ba=-0.99 | site=1 sd=0.16 sa=+0.02 | phero=0 pd=0.00 pa=+0.00 | srch=0.23 | wall=2.78
R4[T1][SITE      ]: L=+1.00 R=+1.00 | carry=0 | base=0.15 ba=-0.90 | site=1 sd=0.22 sa=+0.29 | phero=0 pd=0.00 pa=+0.00 | srch=0.07 | wall=2.77

[DEPOSIT] Robot 2 deposited! Total: 8
  [PHERO] Laid at (1.41, -2.14) density=16 prob=1.00 total_entries=8
  [TARGET] Robot 2 → SITE (1.41,-2.14)
[PICKUP] Robot 3 picked up tag (density=8) | Total: 10
[PICKUP] Robot 4 picked up tag (density=7) | Total: 11
[DEPOSIT] Robot 1 deposited! Total: 9
  [PHERO] Laid at (-0.90, 1.78) density=9 prob=1.00 total_entries=8
  [TARGET] Robot 1 → SITE (-0.90,1.78)

======================================================================
Step 7000 (3.7 min) | Pickups: 11 | Deposits: 9 | Rate: 2.41 tags/min | phero_entries=8 phero_max=0.880
======================================================================
R1[T1][BASE_ESC  ]: L=+1.00 R=+0.00 | carry=0 | base=0.04 ba=+0.68 | site=1 sd=0.36 sa=-0.36 | phero=0 pd=0.00 pa=+0.00 | srch=0.02 | wall=3.31
R2[T1][SITE      ]: L=+1.00 R=+1.00 | carry=0 | base=0.34 ba=-0.97 | site=1 sd=0.20 sa=-0.14 | phero=0 pd=0.00 pa=+0.00 | srch=0.12 | wall=2.31
R3[T1][RTB       ]: L=+1.00 R=+1.00 | carry=1 | base=0.23 ba=+0.00 | site=0 sd=0.00 sa=+0.00 | phero=0 pd=0.00 pa=+0.00 | srch=0.00 | wall=2.53
R4[T1][RTB       ]: L=+0.98 R=+1.00 | carry=1 | base=0.31 ba=+0.01 | site=0 sd=0.00 sa=+0.00 | phero=0 pd=0.00 pa=+0.00 | srch=0.00 | wall=2.04

[PICKUP] Robot 2 picked up tag (density=19) | Total: 12
[DEPOSIT] Robot 3 deposited! Total: 10
  [PHERO] Laid at (-0.70, 1.45) density=8 prob=1.00 total_entries=9
  [TARGET] Robot 3 → SITE (-0.70,1.45)
[DEPOSIT] Robot 4 deposited! Total: 11
  [PHERO] Laid at (-0.38, 1.70) density=7 prob=0.99 total_entries=10
  [TARGET] Robot 4 → SITE (-0.38,1.70)

======================================================================
Step 7500 (4.0 min) | Pickups: 12 | Deposits: 11 | Rate: 2.75 tags/min | phero_entries=10 phero_max=0.764
======================================================================
R1[T1][SITE      ]: L=+1.00 R=+0.94 | carry=0 | base=0.37 ba=-0.69 | site=1 sd=0.09 sa=-0.13 | phero=0 pd=0.00 pa=+0.00 | srch=0.14 | wall=2.07
R2[T1][RTB       ]: L=+1.00 R=+1.00 | carry=1 | base=0.26 ba=-0.00 | site=0 sd=0.00 sa=+0.00 | phero=0 pd=0.00 pa=+0.00 | srch=0.00 | wall=2.52
R3[T1][SITE      ]: L=+0.48 R=+0.48 | carry=0 | base=0.13 ba=-0.94 | site=1 sd=0.20 sa=+0.01 | phero=0 pd=0.00 pa=+0.00 | srch=0.07 | wall=2.96
R4[T1][SITE      ]: L=+1.00 R=+0.98 | carry=0 | base=0.08 ba=-0.88 | site=1 sd=0.28 sa=+0.03 | phero=0 pd=0.00 pa=+0.00 | srch=0.04 | wall=3.15

[PICKUP] Robot 1 picked up tag (density=6) | Total: 13
[DEPOSIT] Robot 2 deposited! Total: 12
  [PHERO] Laid at (1.51, -1.62) density=19 prob=1.00 total_entries=10
  [TARGET] Robot 2 → SITE (1.51,-1.62)
[PICKUP] Robot 4 picked up tag (density=5) | Total: 14

======================================================================
Step 8000 (4.3 min) | Pickups: 14 | Deposits: 12 | Rate: 2.81 tags/min | phero_entries=10 phero_max=0.690
======================================================================
R1[T1][RTB       ]: L=+1.00 R=+1.00 | carry=1 | base=0.19 ba=-0.00 | site=0 sd=0.00 sa=+0.00 | phero=0 pd=0.00 pa=+0.00 | srch=0.00 | wall=2.64
R2[T1][SITE      ]: L=+0.72 R=+1.00 | carry=0 | base=0.14 ba=+0.91 | site=1 sd=0.32 sa=+0.05 | phero=0 pd=0.00 pa=+0.00 | srch=0.06 | wall=2.88
R3[T1][EXPLORE   ]: L=+0.68 R=+1.00 | carry=0 | base=0.32 ba=+0.92 | site=0 sd=0.00 sa=+0.00 | phero=0 pd=0.00 pa=+0.00 | srch=0.19 | wall=2.07
R4[T1][RTB       ]: L=+0.31 R=+1.00 | carry=1 | base=0.37 ba=+0.26 | site=0 sd=0.00 sa=+0.00 | phero=0 pd=0.00 pa=+0.00 | srch=0.00 | wall=1.76

[DEPOSIT] Robot 1 deposited! Total: 13
  [PHERO] Laid at (-0.77, 1.86) density=6 prob=0.97 total_entries=11
  [TARGET] Robot 1 → SITE (-0.77,1.86)
[DEPOSIT] Robot 4 deposited! Total: 14
  [PHERO] Laid at (-0.45, 1.76) density=5 prob=0.92 total_entries=12
  [TARGET] Robot 4 → SITE (-0.45,1.76)
[PICKUP] Robot 2 picked up tag (density=17) | Total: 15

======================================================================
Step 8500 (4.5 min) | Pickups: 15 | Deposits: 14 | Rate: 3.09 tags/min | phero_entries=12 phero_max=0.887
======================================================================
R1[T1][SITE      ]: L=+1.00 R=+1.00 | carry=0 | base=0.20 ba=+0.90 | site=1 sd=0.21 sa=+0.01 | phero=0 pd=0.00 pa=+0.00 | srch=0.08 | wall=2.54
R2[T1][RTB       ]: L=+1.00 R=+0.00 | carry=1 | base=0.46 ba=-0.40 | site=0 sd=0.00 sa=+0.00 | phero=0 pd=0.00 pa=+0.00 | srch=0.00 | wall=1.83
R3[T1][EXPLORE   ]: L=+1.00 R=+0.86 | carry=0 | base=0.27 ba=+0.06 | site=0 sd=0.00 sa=+0.00 | phero=0 pd=0.00 pa=+0.00 | srch=0.32 | wall=2.43
R4[T1][BASE_ESC  ]: L=+1.00 R=+0.00 | carry=0 | base=0.04 ba=+0.63 | site=1 sd=0.32 sa=-0.45 | phero=0 pd=0.00 pa=+0.00 | srch=0.02 | wall=3.30

[PICKUP] Robot 1 picked up tag (density=4) | Total: 16
[GIVE-UP] R3 giving up after 1617 steps
[PICKUP] Robot 4 picked up tag (density=3) | Total: 17

======================================================================
Step 9000 (4.8 min) | Pickups: 17 | Deposits: 14 | Rate: 2.92 tags/min | phero_entries=10 phero_max=0.399
======================================================================
R1[T1][RTB       ]: L=+1.00 R=+1.00 | carry=1 | base=0.13 ba=+0.00 | site=0 sd=0.00 sa=+0.00 | phero=0 pd=0.00 pa=+0.00 | srch=0.00 | wall=2.90
R2[T1][RTB       ]: L=+1.00 R=+1.00 | carry=1 | base=0.10 ba=-0.00 | site=0 sd=0.00 sa=+0.00 | phero=0 pd=0.00 pa=+0.00 | srch=0.00 | wall=3.13
R3[T1][GIVE_UP   ]: L=+0.98 R=+1.00 | carry=0 | base=0.26 ba=+0.01 | site=0 sd=0.00 sa=+0.00 | phero=0 pd=0.00 pa=+0.00 | srch=0.44 | wall=2.22
R4[T1][RTB       ]: L=+1.00 R=+0.26 | carry=1 | base=0.33 ba=-0.30 | site=0 sd=0.00 sa=+0.00 | phero=0 pd=0.00 pa=+0.00 | srch=0.00 | wall=1.92

[DEPOSIT] Robot 2 deposited! Total: 15
  [PHERO] Laid at (1.54, -1.64) density=17 prob=1.00 total_entries=11
  [TARGET] Robot 2 → SITE (1.54,-1.64)
[DEPOSIT] Robot 1 deposited! Total: 16
  [PHERO] Laid at (-0.51, 1.47) density=4 prob=0.82 total_entries=12
  [TARGET] Robot 1 → SITE (-0.51,1.47)
[EMPTY_RTN] R3 → phero(-0.51,1.47)
[DEPOSIT] Robot 4 deposited! Total: 17
  [PHERO] Laid at (-0.49, 1.56) density=3 prob=0.65 total_entries=13
  [TARGET] Robot 4 → SITE (-0.49,1.56)

======================================================================
Step 9500 (5.1 min) | Pickups: 17 | Deposits: 17 | Rate: 3.36 tags/min | phero_entries=13 phero_max=0.832
======================================================================
R1[T1][SITE      ]: L=+0.48 R=+0.48 | carry=0 | base=0.20 ba=-0.96 | site=1 sd=0.12 sa=-0.12 | phero=0 pd=0.00 pa=+0.00 | srch=0.10 | wall=2.63
R2[T1][SITE      ]: L=+0.52 R=+0.55 | carry=0 | base=0.12 ba=+0.96 | site=1 sd=0.33 sa=-0.04 | phero=0 pd=0.00 pa=+0.00 | srch=0.11 | wall=3.07
R3[T1][PHERO     ]: L=+0.62 R=+0.58 | carry=0 | base=0.06 ba=-0.60 | site=0 sd=0.00 sa=+0.00 | phero=1 pd=0.28 pa=+0.05 | srch=0.06 | wall=3.23
R4[T1][SITE      ]: L=+0.37 R=+1.00 | carry=0 | base=0.05 ba=-0.93 | site=1 sd=0.28 sa=+0.19 | phero=0 pd=0.00 pa=+0.00 | srch=0.03 | wall=3.24

[PICKUP] Robot 1 picked up tag (density=2) | Total: 18
[PICKUP] Robot 4 picked up tag (density=1) | Total: 19

======================================================================
Step 10000 (5.3 min) | Pickups: 19 | Deposits: 17 | Rate: 3.19 tags/min | phero_entries=11 phero_max=0.374
======================================================================
R1[T1][RTB       ]: L=+1.00 R=+1.00 | carry=1 | base=0.24 ba=+0.00 | site=0 sd=0.00 sa=+0.00 | phero=0 pd=0.00 pa=+0.00 | srch=0.00 | wall=2.41
R2[T1][SITE      ]: L=+0.72 R=+0.68 | carry=0 | base=0.43 ba=-0.85 | site=1 sd=0.03 sa=-0.05 | phero=0 pd=0.00 pa=+0.00 | srch=0.23 | wall=1.99
R3[T1][EXPLORE   ]: L=+0.83 R=+1.00 | carry=0 | base=0.34 ba=+0.77 | site=0 sd=0.00 sa=+0.00 | phero=0 pd=0.00 pa=+0.00 | srch=0.18 | wall=1.92
R4[T1][RTB       ]: L=+0.00 R=+1.00 | carry=1 | base=0.36 ba=+0.73 | site=0 sd=0.00 sa=+0.00 | phero=0 pd=0.00 pa=+0.00 | srch=0.00 | wall=1.81

[PICKUP] Robot 2 picked up tag (density=15) | Total: 20
[DEPOSIT] Robot 1 deposited! Total: 18
  [TARGET] Robot 1 → PHERO (-0.51,1.47)
[DEPOSIT] Robot 4 deposited! Total: 19
  [TARGET] Robot 4 → SITE (-0.61,1.68)

======================================================================
Step 10500 (5.6 min) | Pickups: 20 | Deposits: 19 | Rate: 3.39 tags/min | phero_entries=11 phero_max=0.168
======================================================================
R1[T1][PHERO     ]: L=+1.00 R=+0.22 | carry=0 | base=0.16 ba=-0.99 | site=0 sd=0.00 sa=+0.00 | phero=1 pd=0.20 pa=-0.31 | srch=0.06 | wall=2.89
R2[T1][RTB       ]: L=+1.00 R=+1.00 | carry=1 | base=0.20 ba=-0.00 | site=0 sd=0.00 sa=+0.00 | phero=0 pd=0.00 pa=+0.00 | srch=0.00 | wall=2.73
R3[T1][EXPLORE   ]: L=+1.00 R=+0.17 | carry=0 | base=0.31 ba=-0.06 | site=0 sd=0.00 sa=+0.00 | phero=0 pd=0.00 pa=+0.00 | srch=0.31 | wall=2.21
R4[T1][BASE_ESC  ]: L=+1.00 R=+0.00 | carry=0 | base=0.05 ba=+0.17 | site=1 sd=0.31 sa=-0.86 | phero=0 pd=0.00 pa=+0.00 | srch=0.00 | wall=3.29

[DEPOSIT] Robot 2 deposited! Total: 20
  [PHERO] Laid at (1.55, -1.69) density=15 prob=1.00 total_entries=11
  [TARGET] Robot 2 → SITE (1.55,-1.69)

======================================================================
Step 11000 (5.9 min) | Pickups: 20 | Deposits: 20 | Rate: 3.41 tags/min | phero_entries=10 phero_max=0.614
======================================================================
R1[T1][EXPLORE   ]: L=+0.43 R=+1.00 | carry=0 | base=0.40 ba=-0.98 | site=0 sd=0.00 sa=+0.00 | phero=0 pd=0.00 pa=+0.00 | srch=0.19 | wall=1.55
R2[T1][SITE      ]: L=+0.98 R=+1.00 | carry=0 | base=0.19 ba=+0.97 | site=1 sd=0.28 sa=+0.08 | phero=0 pd=0.00 pa=+0.00 | srch=0.08 | wall=2.69
R3[T1][EXPLORE   ]: L=+1.00 R=+1.00 | carry=0 | base=0.21 ba=+0.38 | site=0 sd=0.00 sa=+0.00 | phero=0 pd=0.00 pa=+0.00 | srch=0.43 | wall=2.55
R4[T1][SITE      ]: L=+1.00 R=+0.88 | carry=0 | base=0.34 ba=-0.95 | site=1 sd=0.03 sa=-0.12 | phero=0 pd=0.00 pa=+0.00 | srch=0.13 | wall=1.96

[PICKUP] Robot 2 picked up tag (density=12) | Total: 21
[GIVE-UP] R4 giving up after 1008 steps

======================================================================
Step 11500 (6.1 min) | Pickups: 21 | Deposits: 20 | Rate: 3.26 tags/min | phero_entries=9 phero_max=0.276
======================================================================
R1[T1][EXPLORE   ]: L=+1.00 R=+1.00 | carry=0 | base=0.60 ba=+0.16 | site=0 sd=0.00 sa=+0.00 | phero=0 pd=0.00 pa=+0.00 | srch=0.31 | wall=0.58
R2[T1][RTB       ]: L=+1.00 R=+1.00 | carry=1 | base=0.33 ba=+0.00 | site=0 sd=0.00 sa=+0.00 | phero=0 pd=0.00 pa=+0.00 | srch=0.00 | wall=2.23
R3[T1][EXPLORE   ]: L=+1.00 R=+1.00 | carry=0 | base=0.40 ba=+0.83 | site=0 sd=0.00 sa=+0.00 | phero=0 pd=0.00 pa=+0.00 | srch=0.56 | wall=2.08
R4[T1][WALL_ESC  ]: L=+1.00 R=+0.00 | carry=0 | base=0.64 ba=-0.45 | site=0 sd=0.00 sa=+0.00 | phero=0 pd=0.00 pa=+0.00 | srch=0.25 | wall=0.32

[GIVE-UP] R3 giving up after 2474 steps
[DEPOSIT] Robot 2 deposited! Total: 21
  [PHERO] Laid at (1.20, -1.66) density=12 prob=1.00 total_entries=8
  [TARGET] Robot 2 → SITE (1.20,-1.66)

======================================================================
Step 12000 (6.4 min) | Pickups: 21 | Deposits: 21 | Rate: 3.28 tags/min | phero_entries=8 phero_max=0.802
======================================================================
R1[T1][EXPLORE   ]: L=+1.00 R=+1.00 | carry=0 | base=0.32 ba=+0.36 | site=0 sd=0.00 sa=+0.00 | phero=0 pd=0.00 pa=+0.00 | srch=0.44 | wall=2.33
R2[T1][SITE      ]: L=+1.00 R=+1.00 | carry=0 | base=0.07 ba=+0.92 | site=1 sd=0.35 sa=-0.23 | phero=0 pd=0.00 pa=+0.00 | srch=0.03 | wall=3.21
R3[T1][GIVE_UP   ]: L=+1.00 R=+1.00 | carry=0 | base=0.46 ba=+0.00 | site=0 sd=0.00 sa=+0.00 | phero=0 pd=0.00 pa=+0.00 | srch=0.68 | wall=1.61
R4[T1][GIVE_UP   ]: L=+1.00 R=+1.00 | carry=0 | base=0.29 ba=-0.00 | site=0 sd=0.00 sa=+0.00 | phero=0 pd=0.00 pa=+0.00 | srch=0.38 | wall=2.07

[EMPTY_RTN] R4 → phero(1.20,-1.66)

======================================================================
Step 12500 (6.7 min) | Pickups: 21 | Deposits: 21 | Rate: 3.15 tags/min | phero_entries=6 phero_max=0.360
======================================================================
R1[T1][EXPLORE   ]: L=-0.12 R=+1.00 | carry=0 | base=0.32 ba=-0.63 | site=0 sd=0.00 sa=+0.00 | phero=0 pd=0.00 pa=+0.00 | srch=0.56 | wall=1.91
R2[T1][SITE      ]: L=+0.20 R=+0.16 | carry=0 | base=0.34 ba=-0.74 | site=1 sd=0.09 sa=+0.04 | phero=0 pd=0.00 pa=+0.00 | srch=0.16 | wall=2.27
R3[T1][GIVE_UP   ]: L=+1.00 R=+1.00 | carry=0 | base=0.07 ba=+0.00 | site=0 sd=0.00 sa=+0.00 | phero=0 pd=0.00 pa=+0.00 | srch=0.81 | wall=3.22
R4[T1][BASE_ESC  ]: L=+0.00 R=+1.00 | carry=0 | base=0.05 ba=-0.41 | site=0 sd=0.00 sa=+0.00 | phero=1 pd=0.45 pa=-0.15 | srch=0.05 | wall=3.27

[EMPTY_RTN] R3 → phero(1.20,-1.66)

======================================================================
Step 13000 (6.9 min) | Pickups: 21 | Deposits: 21 | Rate: 3.03 tags/min | phero_entries=5 phero_max=0.162
======================================================================
R1[T1][EXPLORE   ]: L=+1.00 R=+1.00 | carry=0 | base=0.33 ba=+0.98 | site=0 sd=0.00 sa=+0.00 | phero=0 pd=0.00 pa=+0.00 | srch=0.69 | wall=1.92
R2[T1][SITE      ]: L=+0.45 R=+0.45 | carry=0 | base=0.31 ba=-0.87 | site=1 sd=0.13 sa=-0.11 | phero=0 pd=0.00 pa=+0.00 | srch=0.28 | wall=2.36
R3[T1][PHERO     ]: L=+0.97 R=+1.00 | carry=0 | base=0.31 ba=+0.84 | site=0 sd=0.00 sa=+0.00 | phero=1 pd=0.15 pa=+0.14 | srch=0.12 | wall=2.04
R4[T1][PHERO     ]: L=+0.43 R=+0.43 | carry=0 | base=0.07 ba=-0.69 | site=0 sd=0.00 sa=+0.00 | phero=1 pd=0.36 pa=+0.06 | srch=0.17 | wall=3.16

[PICKUP] Robot 3 picked up tag (density=11) | Total: 22
[PICKUP] Robot 2 picked up tag (density=10) | Total: 23

======================================================================
Step 13500 (7.2 min) | Pickups: 23 | Deposits: 21 | Rate: 2.92 tags/min | phero_entries=3 phero_max=0.073
======================================================================
R1[T1][WALL_ESC  ]: L=+0.00 R=+1.00 | carry=0 | base=0.67 ba=+0.44 | site=0 sd=0.00 sa=+0.00 | phero=0 pd=0.00 pa=+0.00 | srch=0.81 | wall=0.33
R2[T1][RTB       ]: L=+1.00 R=+1.00 | carry=1 | base=0.33 ba=-0.00 | site=0 sd=0.00 sa=+0.00 | phero=0 pd=0.00 pa=+0.00 | srch=0.00 | wall=2.09
R3[T1][RTB       ]: L=+1.00 R=+1.00 | carry=1 | base=0.27 ba=+0.00 | site=0 sd=0.00 sa=+0.00 | phero=0 pd=0.00 pa=+0.00 | srch=0.00 | wall=2.50
R4[T1][PHERO     ]: L=+0.94 R=+1.00 | carry=0 | base=0.28 ba=-0.99 | site=0 sd=0.00 sa=+0.00 | phero=1 pd=0.17 pa=+0.26 | srch=0.30 | wall=2.19

[PICKUP] Robot 4 picked up tag (density=9) | Total: 24
[DEPOSIT] Robot 3 deposited! Total: 22
  [PHERO] Laid at (1.28, -1.66) density=11 prob=1.00 total_entries=3
  [TARGET] Robot 3 → SITE (1.28,-1.66)
[DEPOSIT] Robot 2 deposited! Total: 23
  [PHERO] Laid at (1.18, -1.76) density=10 prob=1.00 total_entries=4
  [TARGET] Robot 2 → SITE (1.18,-1.76)

======================================================================
Step 14000 (7.5 min) | Pickups: 24 | Deposits: 23 | Rate: 3.08 tags/min | phero_entries=4 phero_max=0.802
======================================================================
R1[T1][EXPLORE   ]: L=+1.00 R=+1.00 | carry=0 | base=0.38 ba=+0.29 | site=0 sd=0.00 sa=+0.00 | phero=0 pd=0.00 pa=+0.00 | srch=0.94 | wall=2.08
R2[T1][SITE      ]: L=+1.00 R=+1.00 | carry=0 | base=0.07 ba=-0.93 | site=1 sd=0.36 sa=+0.22 | phero=0 pd=0.00 pa=+0.00 | srch=0.03 | wall=3.15
R3[T1][SITE      ]: L=+0.55 R=+0.54 | carry=0 | base=0.09 ba=-0.94 | site=1 sd=0.34 sa=-0.01 | phero=0 pd=0.00 pa=+0.00 | srch=0.06 | wall=3.19
R4[T1][RTB       ]: L=+1.00 R=+1.00 | carry=1 | base=0.31 ba=+0.00 | site=0 sd=0.00 sa=+0.00 | phero=0 pd=0.00 pa=+0.00 | srch=0.00 | wall=2.24

[DEPOSIT] Robot 4 deposited! Total: 24
  [PHERO] Laid at (1.17, -1.85) density=9 prob=1.00 total_entries=5
  [TARGET] Robot 4 → SITE (1.17,-1.85)

======================================================================
Step 14500 (7.7 min) | Pickups: 24 | Deposits: 24 | Rate: 3.10 tags/min | phero_entries=5 phero_max=0.767
======================================================================
R1[T1][EXPLORE   ]: L=+1.00 R=+1.00 | carry=0 | base=0.28 ba=+0.47 | site=0 sd=0.00 sa=+0.00 | phero=0 pd=0.00 pa=+0.00 | srch=1.00 | wall=2.19
R2[T1][SITE      ]: L=+0.93 R=+1.00 | carry=0 | base=0.44 ba=+0.81 | site=1 sd=0.18 sa=+0.40 | phero=0 pd=0.00 pa=+0.00 | srch=0.16 | wall=1.33
R3[T1][SITE      ]: L=+0.41 R=+0.43 | carry=0 | base=0.24 ba=-0.97 | site=1 sd=0.18 sa=+0.05 | phero=0 pd=0.00 pa=+0.00 | srch=0.18 | wall=2.52
R4[T1][SITE      ]: L=+1.00 R=+0.90 | carry=0 | base=0.07 ba=-0.82 | site=1 sd=0.37 sa=+0.12 | phero=0 pd=0.00 pa=+0.00 | srch=0.04 | wall=3.25

[PICKUP] Robot 1 picked up tag (density=16) | Total: 25
[PICKUP] Robot 2 picked up tag (density=8) | Total: 26
[PICKUP] Robot 3 picked up tag (density=7) | Total: 27

======================================================================
Step 15000 (8.0 min) | Pickups: 27 | Deposits: 24 | Rate: 3.00 tags/min | phero_entries=5 phero_max=0.345
======================================================================
R1[T1][RTB       ]: L=+1.00 R=+1.00 | carry=1 | base=0.25 ba=+0.00 | site=0 sd=0.00 sa=+0.00 | phero=0 pd=0.00 pa=+0.00 | srch=0.00 | wall=2.40
R2[T1][RTB       ]: L=+1.00 R=+1.00 | carry=1 | base=0.39 ba=+0.00 | site=0 sd=0.00 sa=+0.00 | phero=0 pd=0.00 pa=+0.00 | srch=0.00 | wall=1.89
R3[T1][RTB       ]: L=+0.00 R=+1.00 | carry=1 | base=0.44 ba=+0.63 | site=0 sd=0.00 sa=+0.00 | phero=0 pd=0.00 pa=+0.00 | srch=0.00 | wall=1.78
R4[T1][SITE      ]: L=+1.00 R=+1.00 | carry=0 | base=0.40 ba=+0.95 | site=1 sd=0.07 sa=+0.28 | phero=0 pd=0.00 pa=+0.00 | srch=0.17 | wall=1.69

[PICKUP] Robot 4 picked up tag (density=6) | Total: 28
[DEPOSIT] Robot 1 deposited! Total: 25
  [PHERO] Laid at (1.47, -0.92) density=16 prob=1.00 total_entries=5
  [TARGET] Robot 1 → SITE (1.47,-0.92)
[DEPOSIT] Robot 2 deposited! Total: 26
  [PHERO] Laid at (1.38, -2.12) density=8 prob=1.00 total_entries=6
  [TARGET] Robot 2 → SITE (1.38,-2.12)

======================================================================
Step 15500 (8.3 min) | Pickups: 28 | Deposits: 26 | Rate: 3.15 tags/min | phero_entries=6 phero_max=0.906
======================================================================
R1[T1][SITE      ]: L=+0.88 R=+0.94 | carry=0 | base=0.13 ba=-0.78 | site=1 sd=0.24 sa=+0.05 | phero=0 pd=0.00 pa=+0.00 | srch=0.06 | wall=2.89
R2[T1][BASE_ESC  ]: L=+1.00 R=+0.00 | carry=0 | base=0.04 ba=+0.57 | site=1 sd=0.47 sa=-0.48 | phero=0 pd=0.00 pa=+0.00 | srch=0.02 | wall=3.34
R3[T1][RTB       ]: L=+1.00 R=+1.00 | carry=1 | base=0.11 ba=+0.00 | site=0 sd=0.00 sa=+0.00 | phero=0 pd=0.00 pa=+0.00 | srch=0.00 | wall=3.11
R4[T1][RTB       ]: L=+1.00 R=+1.00 | carry=1 | base=0.22 ba=+0.00 | site=0 sd=0.00 sa=+0.00 | phero=0 pd=0.00 pa=+0.00 | srch=0.00 | wall=2.61

[DEPOSIT] Robot 3 deposited! Total: 27
  [PHERO] Laid at (1.32, -1.70) density=7 prob=0.99 total_entries=7
  [TARGET] Robot 3 → SITE (1.32,-1.70)
[DEPOSIT] Robot 4 deposited! Total: 28
  [PHERO] Laid at (1.23, -1.94) density=6 prob=0.97 total_entries=8
  [TARGET] Robot 4 → SITE (1.23,-1.94)
[PICKUP] Robot 1 picked up tag (density=15) | Total: 29

======================================================================
Step 16000 (8.5 min) | Pickups: 29 | Deposits: 28 | Rate: 3.28 tags/min | phero_entries=8 phero_max=0.634
======================================================================
R1[T1][RTB       ]: L=+1.00 R=+0.91 | carry=1 | base=0.33 ba=-0.03 | site=0 sd=0.00 sa=+0.00 | phero=0 pd=0.00 pa=+0.00 | srch=0.00 | wall=2.16
R2[T1][SITE      ]: L=+1.00 R=+1.00 | carry=0 | base=0.36 ba=-0.97 | site=1 sd=0.16 sa=-0.07 | phero=0 pd=0.00 pa=+0.00 | srch=0.14 | wall=2.11
R3[T1][SITE      ]: L=+0.85 R=+0.85 | carry=0 | base=0.27 ba=-0.96 | site=1 sd=0.16 sa=-0.01 | phero=0 pd=0.00 pa=+0.00 | srch=0.11 | wall=2.48
R4[T1][SITE      ]: L=+0.84 R=+0.85 | carry=0 | base=0.16 ba=-0.93 | site=1 sd=0.31 sa=+0.10 | phero=0 pd=0.00 pa=+0.00 | srch=0.07 | wall=2.81

[PICKUP] Robot 2 picked up tag (density=5) | Total: 30
[DEPOSIT] Robot 1 deposited! Total: 29
  [PHERO] Laid at (1.50, -0.95) density=15 prob=1.00 total_entries=8
  [TARGET] Robot 1 → SITE (1.50,-0.95)

======================================================================
Step 16500 (8.8 min) | Pickups: 30 | Deposits: 29 | Rate: 3.30 tags/min | phero_entries=8 phero_max=0.807
======================================================================
R1[T1][SITE      ]: L=+1.00 R=+1.00 | carry=0 | base=0.07 ba=-0.92 | site=1 sd=0.30 sa=+0.23 | phero=0 pd=0.00 pa=+0.00 | srch=0.03 | wall=3.23
R2[T1][RTB       ]: L=+1.00 R=+1.00 | carry=1 | base=0.24 ba=-0.00 | site=0 sd=0.00 sa=+0.00 | phero=0 pd=0.00 pa=+0.00 | srch=0.00 | wall=2.51
R3[T1][SITE      ]: L=+0.16 R=+0.14 | carry=0 | base=0.40 ba=-0.99 | site=1 sd=0.03 sa=-0.03 | phero=0 pd=0.00 pa=+0.00 | srch=0.23 | wall=1.93
R4[T1][SITE      ]: L=+0.77 R=+1.00 | carry=0 | base=0.49 ba=+0.62 | site=1 sd=0.04 sa=+0.35 | phero=0 pd=0.00 pa=+0.00 | srch=0.20 | wall=1.38

[PICKUP] Robot 4 picked up tag (density=4) | Total: 31
[DEPOSIT] Robot 2 deposited! Total: 30
  [PHERO] Laid at (1.32, -1.79) density=5 prob=0.92 total_entries=9
  [TARGET] Robot 2 → SITE (1.32,-1.79)

======================================================================
Step 17000 (9.1 min) | Pickups: 31 | Deposits: 30 | Rate: 3.31 tags/min | phero_entries=9 phero_max=0.665
======================================================================
R1[T1][SITE      ]: L=+0.93 R=+1.00 | carry=0 | base=0.43 ba=+0.75 | site=1 sd=0.19 sa=+0.45 | phero=0 pd=0.00 pa=+0.00 | srch=0.16 | wall=1.70
R2[T1][SITE      ]: L=+1.00 R=+1.00 | carry=0 | base=0.16 ba=+1.00 | site=1 sd=0.30 sa=+0.16 | phero=0 pd=0.00 pa=+0.00 | srch=0.06 | wall=2.75
R3[T1][SITE      ]: L=+0.01 R=+0.00 | carry=0 | base=0.38 ba=+0.95 | site=1 sd=0.05 sa=-0.06 | phero=0 pd=0.00 pa=+0.00 | srch=0.36 | wall=2.00
R4[T1][RTB       ]: L=+1.00 R=+1.00 | carry=1 | base=0.16 ba=+0.00 | site=0 sd=0.00 sa=+0.00 | phero=0 pd=0.00 pa=+0.00 | srch=0.00 | wall=2.85

[PICKUP] Robot 1 picked up tag (density=3) | Total: 32
[DEPOSIT] Robot 4 deposited! Total: 31
  [PHERO] Laid at (1.31, -2.01) density=4 prob=0.82 total_entries=10
  [TARGET] Robot 4 → SITE (1.31,-2.01)
[PICKUP] Robot 3 picked up tag (density=2) | Total: 33

======================================================================
Step 17500 (9.3 min) | Pickups: 33 | Deposits: 31 | Rate: 3.32 tags/min | phero_entries=10 phero_max=0.564
======================================================================
R1[T1][RTB       ]: L=+1.00 R=+0.76 | carry=1 | base=0.19 ba=-0.09 | site=0 sd=0.00 sa=+0.00 | phero=0 pd=0.00 pa=+0.00 | srch=0.00 | wall=2.78
R2[T1][EXPLORE   ]: L=+1.00 R=+1.00 | carry=0 | base=0.47 ba=+0.61 | site=0 sd=0.00 sa=+0.00 | phero=0 pd=0.00 pa=+0.00 | srch=0.19 | wall=1.78
R3[T1][RTB       ]: L=+1.00 R=+1.00 | carry=1 | base=0.35 ba=-0.00 | site=0 sd=0.00 sa=+0.00 | phero=0 pd=0.00 pa=+0.00 | srch=0.00 | wall=2.06
R4[T1][SITE      ]: L=+1.00 R=+0.59 | carry=0 | base=0.20 ba=+0.91 | site=1 sd=0.28 sa=-0.12 | phero=0 pd=0.00 pa=+0.00 | srch=0.09 | wall=2.69

[DEPOSIT] Robot 1 deposited! Total: 32
  [PHERO] Laid at (1.35, -1.82) density=3 prob=0.65 total_entries=11
  [TARGET] Robot 1 → SITE (1.35,-1.82)
[DEPOSIT] Robot 3 deposited! Total: 33
  [TARGET] Robot 3 → PHERO (1.35,-1.82)

======================================================================
Step 18000 (9.6 min) | Pickups: 33 | Deposits: 33 | Rate: 3.44 tags/min | phero_entries=11 phero_max=0.603
======================================================================
R1[T1][SITE      ]: L=+1.00 R=+1.00 | carry=0 | base=0.21 ba=+0.99 | site=1 sd=0.26 sa=+0.13 | phero=0 pd=0.00 pa=+0.00 | srch=0.08 | wall=2.55
R2[T1][WALL_ESC  ]: L=+0.00 R=+1.00 | carry=0 | base=0.67 ba=+0.39 | site=0 sd=0.00 sa=+0.00 | phero=0 pd=0.00 pa=+0.00 | srch=0.31 | wall=0.33
R3[T1][BASE_ESC  ]: L=+0.52 R=+1.00 | carry=0 | base=0.05 ba=-0.89 | site=0 sd=0.00 sa=+0.00 | phero=1 pd=0.41 pa=+0.21 | srch=0.03 | wall=3.27
R4[T1][EXPLORE   ]: L=+1.00 R=+0.84 | carry=0 | base=0.58 ba=-0.91 | site=0 sd=0.00 sa=+0.00 | phero=0 pd=0.00 pa=+0.00 | srch=0.21 | wall=1.09

[PICKUP] Robot 1 picked up tag (density=1) | Total: 34

======================================================================
Step 18500 (9.9 min) | Pickups: 34 | Deposits: 33 | Rate: 3.34 tags/min | phero_entries=9 phero_max=0.271
======================================================================
R1[T1][RTB       ]: L=+0.51 R=+1.00 | carry=1 | base=0.50 ba=+0.20 | site=0 sd=0.00 sa=+0.00 | phero=0 pd=0.00 pa=+0.00 | srch=0.00 | wall=1.50
R2[T1][EXPLORE   ]: L=+1.00 R=+1.00 | carry=0 | base=0.38 ba=+0.27 | site=0 sd=0.00 sa=+0.00 | phero=0 pd=0.00 pa=+0.00 | srch=0.44 | wall=1.63
R3[T1][PHERO     ]: L=+1.00 R=+1.00 | carry=0 | base=0.41 ba=+0.96 | site=0 sd=0.00 sa=+0.00 | phero=1 pd=0.06 pa=+0.14 | srch=0.15 | wall=1.80
R4[T1][EXPLORE   ]: L=+1.00 R=+1.00 | carry=0 | base=0.56 ba=-0.11 | site=0 sd=0.00 sa=+0.00 | phero=0 pd=0.00 pa=+0.00 | srch=0.34 | wall=0.91

[PICKUP] Robot 2 picked up tag (density=16) | Total: 35
[GIVE-UP] R4 giving up after 1662 steps

======================================================================
Step 19000 (10.1 min) | Pickups: 35 | Deposits: 33 | Rate: 3.26 tags/min | phero_entries=8 phero_max=0.122
======================================================================
R1[T1][RTB       ]: L=+1.00 R=+1.00 | carry=1 | base=0.12 ba=+0.00 | site=0 sd=0.00 sa=+0.00 | phero=0 pd=0.00 pa=+0.00 | srch=0.00 | wall=3.04
R2[T1][RTB       ]: L=+1.00 R=+1.00 | carry=1 | base=0.11 ba=+0.00 | site=0 sd=0.00 sa=+0.00 | phero=0 pd=0.00 pa=+0.00 | srch=0.00 | wall=3.06
R3[T1][EXPLORE   ]: L=+1.00 R=+1.00 | carry=0 | base=0.68 ba=+0.80 | site=0 sd=0.00 sa=+0.00 | phero=0 pd=0.00 pa=+0.00 | srch=0.28 | wall=0.60
R4[T1][GIVE_UP   ]: L=+1.00 R=+1.00 | carry=0 | base=0.20 ba=-0.00 | site=0 sd=0.00 sa=+0.00 | phero=0 pd=0.00 pa=+0.00 | srch=0.46 | wall=2.51

[DEPOSIT] Robot 2 deposited! Total: 34
  [PHERO] Laid at (1.23, 0.80) density=16 prob=1.00 total_entries=9
  [TARGET] Robot 2 → SITE (1.23,0.80)
[DEPOSIT] Robot 1 deposited! Total: 35
  [TARGET] Robot 1 → SITE (1.40,-2.05)
[EMPTY_RTN] R4 → phero(1.23,0.80)

======================================================================
Step 19500 (10.4 min) | Pickups: 35 | Deposits: 35 | Rate: 3.37 tags/min | phero_entries=9 phero_max=0.508
======================================================================
R1[T1][SITE      ]: L=+0.76 R=+0.63 | carry=0 | base=0.23 ba=-0.96 | site=1 sd=0.28 sa=+0.06 | phero=0 pd=0.00 pa=+0.00 | srch=0.10 | wall=2.56
R2[T1][SITE      ]: L=+1.00 R=+0.98 | carry=0 | base=0.27 ba=-0.80 | site=1 sd=0.05 sa=-0.12 | phero=0 pd=0.00 pa=+0.00 | srch=0.11 | wall=2.50
R3[T1][EXPLORE   ]: L=+0.72 R=+1.00 | carry=0 | base=0.67 ba=+1.00 | site=0 sd=0.00 sa=+0.00 | phero=0 pd=0.00 pa=+0.00 | srch=0.40 | wall=0.60
R4[T1][BASE_ESC  ]: L=+1.00 R=+0.00 | carry=0 | base=0.05 ba=+0.51 | site=0 sd=0.00 sa=+0.00 | phero=1 pd=0.32 pa=+0.21 | srch=0.08 | wall=3.26

[PICKUP] Robot 2 picked up tag (density=15) | Total: 36
[DEPOSIT] Robot 2 deposited! Total: 36
  [PHERO] Laid at (1.01, 0.87) density=15 prob=1.00 total_entries=8
  [TARGET] Robot 2 → SITE (1.01,0.87)

======================================================================
Step 20000 (10.7 min) | Pickups: 36 | Deposits: 36 | Rate: 3.38 tags/min | phero_entries=7 phero_max=0.820
======================================================================
R1[T1][SITE      ]: L=+0.22 R=+1.00 | carry=0 | base=0.51 ba=+0.16 | site=1 sd=0.01 sa=+0.31 | phero=0 pd=0.00 pa=+0.00 | srch=0.23 | wall=1.42
R2[T1][SITE      ]: L=+0.18 R=+1.00 | carry=0 | base=0.05 ba=-0.97 | site=1 sd=0.22 sa=+0.16 | phero=0 pd=0.00 pa=+0.00 | srch=0.03 | wall=3.26
R3[T1][EXPLORE   ]: L=+1.00 R=+1.00 | carry=0 | base=0.73 ba=-0.73 | site=0 sd=0.00 sa=+0.00 | phero=0 pd=0.00 pa=+0.00 | srch=0.53 | wall=0.62
R4[T1][PHERO     ]: L=+0.46 R=+0.47 | carry=0 | base=0.26 ba=+0.62 | site=0 sd=0.00 sa=+0.00 | phero=1 pd=0.09 pa=+0.06 | srch=0.20 | wall=2.24

[PICKUP] Robot 4 picked up tag (density=14) | Total: 37

======================================================================
Step 20500 (10.9 min) | Pickups: 37 | Deposits: 36 | Rate: 3.29 tags/min | phero_entries=6 phero_max=0.368
======================================================================
R1[T1][EXPLORE   ]: L=+1.00 R=+1.00 | carry=0 | base=0.14 ba=+0.02 | site=0 sd=0.00 sa=+0.00 | phero=0 pd=0.00 pa=+0.00 | srch=0.35 | wall=2.95
R2[T1][EXPLORE   ]: L=+1.00 R=+1.00 | carry=0 | base=0.31 ba=+0.66 | site=0 sd=0.00 sa=+0.00 | phero=0 pd=0.00 pa=+0.00 | srch=0.16 | wall=2.12
R3[T1][EXPLORE   ]: L=+0.17 R=+0.81 | carry=0 | base=0.88 ba=+0.88 | site=0 sd=0.00 sa=+0.00 | phero=0 pd=0.00 pa=+0.00 | srch=0.65 | wall=0.37
R4[T1][RTB       ]: L=+1.00 R=+1.00 | carry=1 | base=0.17 ba=+0.00 | site=0 sd=0.00 sa=+0.00 | phero=0 pd=0.00 pa=+0.00 | srch=0.00 | wall=2.85

[DEPOSIT] Robot 4 deposited! Total: 37
  [PHERO] Laid at (1.24, 0.80) density=14 prob=1.00 total_entries=7
  [TARGET] Robot 4 → SITE (1.24,0.80)

======================================================================
Step 21000 (11.2 min) | Pickups: 37 | Deposits: 37 | Rate: 3.30 tags/min | phero_entries=6 phero_max=0.570
======================================================================
R1[T1][EXPLORE   ]: L=+1.00 R=+1.00 | carry=0 | base=0.27 ba=+0.97 | site=0 sd=0.00 sa=+0.00 | phero=0 pd=0.00 pa=+0.00 | srch=0.48 | wall=2.22
R2[T1][EXPLORE   ]: L=+1.00 R=+1.00 | carry=0 | base=0.62 ba=+0.87 | site=0 sd=0.00 sa=+0.00 | phero=0 pd=0.00 pa=+0.00 | srch=0.28 | wall=0.45
R3[T1][EXPLORE   ]: L=+0.95 R=+0.28 | carry=0 | base=0.88 ba=-0.61 | site=0 sd=0.00 sa=+0.00 | phero=0 pd=0.00 pa=+0.00 | srch=0.78 | wall=0.38
R4[T1][SITE      ]: L=+0.91 R=+0.94 | carry=0 | base=0.21 ba=-0.90 | site=1 sd=0.08 sa=+0.07 | phero=0 pd=0.00 pa=+0.00 | srch=0.09 | wall=2.63

[PICKUP] Robot 4 picked up tag (density=13) | Total: 38

======================================================================
Step 21500 (11.5 min) | Pickups: 38 | Deposits: 37 | Rate: 3.23 tags/min | phero_entries=4 phero_max=0.256
======================================================================
R1[T1][WALL_ESC  ]: L=+0.00 R=+1.00 | carry=0 | base=0.65 ba=+0.88 | site=0 sd=0.00 sa=+0.00 | phero=0 pd=0.00 pa=+0.00 | srch=0.60 | wall=0.33
R2[T1][EXPLORE   ]: L=+1.00 R=+1.00 | carry=0 | base=0.42 ba=+0.28 | site=0 sd=0.00 sa=+0.00 | phero=0 pd=0.00 pa=+0.00 | srch=0.41 | wall=1.66
R3[T1][EXPLORE   ]: L=+0.67 R=+0.78 | carry=0 | base=0.79 ba=-0.25 | site=0 sd=0.00 sa=+0.00 | phero=0 pd=0.00 pa=+0.00 | srch=0.90 | wall=0.43
R4[T1][RTB       ]: L=+1.00 R=+1.00 | carry=1 | base=0.12 ba=-0.00 | site=0 sd=0.00 sa=+0.00 | phero=0 pd=0.00 pa=+0.00 | srch=0.00 | wall=2.96

[DEPOSIT] Robot 4 deposited! Total: 38
  [PHERO] Laid at (1.29, 0.82) density=13 prob=1.00 total_entries=5
  [TARGET] Robot 4 → SITE (1.29,0.82)

======================================================================
Step 22000 (11.7 min) | Pickups: 38 | Deposits: 38 | Rate: 3.24 tags/min | phero_entries=5 phero_max=0.523
======================================================================
R1[T1][EXPLORE   ]: L=+1.00 R=+1.00 | carry=0 | base=0.37 ba=+0.17 | site=0 sd=0.00 sa=+0.00 | phero=0 pd=0.00 pa=+0.00 | srch=0.73 | wall=1.65
R2[T1][EXPLORE   ]: L=+1.00 R=+1.00 | carry=0 | base=0.46 ba=+0.71 | site=0 sd=0.00 sa=+0.00 | phero=0 pd=0.00 pa=+0.00 | srch=0.53 | wall=1.28
R3[T1][EXPLORE   ]: L=+1.00 R=+0.97 | carry=0 | base=0.51 ba=-0.04 | site=0 sd=0.00 sa=+0.00 | phero=0 pd=0.00 pa=+0.00 | srch=1.00 | wall=1.32
R4[T1][SITE      ]: L=+0.94 R=+1.00 | carry=0 | base=0.27 ba=+0.87 | site=1 sd=0.05 sa=+0.08 | phero=0 pd=0.00 pa=+0.00 | srch=0.10 | wall=2.32

[PICKUP] Robot 4 picked up tag (density=12) | Total: 39

======================================================================
Step 22500 (12.0 min) | Pickups: 39 | Deposits: 38 | Rate: 3.17 tags/min | phero_entries=4 phero_max=0.235
======================================================================
R1[T1][EXPLORE   ]: L=+1.00 R=+1.00 | carry=0 | base=0.20 ba=+0.62 | site=0 sd=0.00 sa=+0.00 | phero=0 pd=0.00 pa=+0.00 | srch=0.85 | wall=2.53
R2[T1][EXPLORE   ]: L=+1.00 R=+1.00 | carry=0 | base=0.58 ba=+0.24 | site=0 sd=0.00 sa=+0.00 | phero=0 pd=0.00 pa=+0.00 | srch=0.66 | wall=0.69
R3[T1][EXPLORE   ]: L=+0.74 R=+0.65 | carry=0 | base=0.43 ba=-0.65 | site=0 sd=0.00 sa=+0.00 | phero=0 pd=0.00 pa=+0.00 | srch=1.00 | wall=1.39
R4[T1][RTB       ]: L=+1.00 R=+1.00 | carry=1 | base=0.08 ba=+0.00 | site=0 sd=0.00 sa=+0.00 | phero=0 pd=0.00 pa=+0.00 | srch=0.00 | wall=3.21

[DEPOSIT] Robot 4 deposited! Total: 39
  [PHERO] Laid at (1.33, 0.88) density=12 prob=1.00 total_entries=5
  [TARGET] Robot 4 → SITE (1.33,0.88)

======================================================================
Step 23000 (12.3 min) | Pickups: 39 | Deposits: 39 | Rate: 3.18 tags/min | phero_entries=5 phero_max=0.474
======================================================================
R1[T1][EXPLORE   ]: L=+1.00 R=+1.00 | carry=0 | base=0.27 ba=+0.99 | site=0 sd=0.00 sa=+0.00 | phero=0 pd=0.00 pa=+0.00 | srch=0.98 | wall=2.15
R2[T1][EXPLORE   ]: L=+1.00 R=+0.56 | carry=0 | base=0.52 ba=-0.12 | site=0 sd=0.00 sa=+0.00 | phero=0 pd=0.00 pa=+0.00 | srch=0.78 | wall=1.14
R3[T1][EXPLORE   ]: L=+1.00 R=+0.94 | carry=0 | base=0.29 ba=+0.75 | site=0 sd=0.00 sa=+0.00 | phero=0 pd=0.00 pa=+0.00 | srch=1.00 | wall=2.21
R4[T1][SITE      ]: L=+0.91 R=+1.00 | carry=0 | base=0.30 ba=-0.90 | site=1 sd=0.02 sa=+0.14 | phero=0 pd=0.00 pa=+0.00 | srch=0.12 | wall=2.26

[PICKUP] Robot 4 picked up tag (density=11) | Total: 40

======================================================================
Step 23500 (12.5 min) | Pickups: 40 | Deposits: 39 | Rate: 3.11 tags/min | phero_entries=4 phero_max=0.213
======================================================================
R1[T1][WALL_ESC  ]: L=+0.00 R=+1.00 | carry=0 | base=0.64 ba=+0.72 | site=0 sd=0.00 sa=+0.00 | phero=0 pd=0.00 pa=+0.00 | srch=1.00 | wall=0.32
R2[T1][EXPLORE   ]: L=+1.00 R=+1.00 | carry=0 | base=0.15 ba=-0.14 | site=0 sd=0.00 sa=+0.00 | phero=0 pd=0.00 pa=+0.00 | srch=0.91 | wall=2.74
R3[T1][EXPLORE   ]: L=+1.00 R=+1.00 | carry=0 | base=0.63 ba=+0.91 | site=0 sd=0.00 sa=+0.00 | phero=0 pd=0.00 pa=+0.00 | srch=1.00 | wall=1.18
R4[T1][RTB       ]: L=+1.00 R=+1.00 | carry=1 | base=0.07 ba=-0.00 | site=0 sd=0.00 sa=+0.00 | phero=0 pd=0.00 pa=+0.00 | srch=0.00 | wall=3.21

[DEPOSIT] Robot 4 deposited! Total: 40
  [PHERO] Laid at (1.37, 0.87) density=11 prob=1.00 total_entries=5
  [TARGET] Robot 4 → SITE (1.37,0.87)

======================================================================
Step 24000 (12.8 min) | Pickups: 40 | Deposits: 40 | Rate: 3.12 tags/min | phero_entries=5 phero_max=0.465
======================================================================
R1[T1][EXPLORE   ]: L=+1.00 R=+1.00 | carry=0 | base=0.36 ba=+0.21 | site=0 sd=0.00 sa=+0.00 | phero=0 pd=0.00 pa=+0.00 | srch=1.00 | wall=1.84
R2[T1][EXPLORE   ]: L=+1.00 R=+1.00 | carry=0 | base=0.29 ba=+0.88 | site=0 sd=0.00 sa=+0.00 | phero=0 pd=0.00 pa=+0.00 | srch=1.00 | wall=2.05
R3[T1][EXPLORE   ]: L=+1.00 R=+1.00 | carry=0 | base=0.71 ba=+0.04 | site=0 sd=0.00 sa=+0.00 | phero=0 pd=0.00 pa=+0.00 | srch=1.00 | wall=0.71
R4[T1][SITE      ]: L=+0.89 R=+1.00 | carry=0 | base=0.31 ba=+0.76 | site=1 sd=0.04 sa=+0.13 | phero=0 pd=0.00 pa=+0.00 | srch=0.12 | wall=2.12

[PICKUP] Robot 4 picked up tag (density=10) | Total: 41
[GIVE-UP] R3 giving up after 6311 steps
[PICKUP] Robot 3 picked up tag (density=14) | Total: 42

======================================================================
Step 24500 (13.1 min) | Pickups: 42 | Deposits: 40 | Rate: 3.06 tags/min | phero_entries=4 phero_max=0.209
======================================================================
R1[T1][EXPLORE   ]: L=+1.00 R=+1.00 | carry=0 | base=0.25 ba=+0.64 | site=0 sd=0.00 sa=+0.00 | phero=0 pd=0.00 pa=+0.00 | srch=1.00 | wall=2.30
R2[T1][WALL_ESC  ]: L=+0.00 R=+1.00 | carry=0 | base=0.67 ba=+0.81 | site=0 sd=0.00 sa=+0.00 | phero=0 pd=0.00 pa=+0.00 | srch=1.00 | wall=0.34
R3[T1][RTB       ]: L=+1.00 R=+1.00 | carry=1 | base=0.33 ba=+0.00 | site=0 sd=0.00 sa=+0.00 | phero=0 pd=0.00 pa=+0.00 | srch=0.00 | wall=2.14
R4[T1][RTB       ]: L=+1.00 R=+1.00 | carry=1 | base=0.06 ba=+0.00 | site=0 sd=0.00 sa=+0.00 | phero=0 pd=0.00 pa=+0.00 | srch=0.00 | wall=3.28

[DEPOSIT] Robot 4 deposited! Total: 41
  [PHERO] Laid at (1.39, 0.95) density=10 prob=1.00 total_entries=5
  [TARGET] Robot 4 → SITE (1.39,0.95)
[DEPOSIT] Robot 3 deposited! Total: 42
  [PHERO] Laid at (1.96, -1.29) density=14 prob=1.00 total_entries=6
  [TARGET] Robot 3 → SITE (1.96,-1.29)

======================================================================
Step 25000 (13.3 min) | Pickups: 42 | Deposits: 42 | Rate: 3.15 tags/min | phero_entries=5 phero_max=0.798
======================================================================
R1[T1][EXPLORE   ]: L=+1.00 R=+1.00 | carry=0 | base=0.23 ba=+0.55 | site=0 sd=0.00 sa=+0.00 | phero=0 pd=0.00 pa=+0.00 | srch=1.00 | wall=2.55
R2[T1][EXPLORE   ]: L=+1.00 R=+0.55 | carry=0 | base=0.66 ba=-0.65 | site=0 sd=0.00 sa=+0.00 | phero=0 pd=0.00 pa=+0.00 | srch=1.00 | wall=0.75
R3[T1][SITE      ]: L=+1.00 R=+0.50 | carry=0 | base=0.06 ba=-0.92 | site=1 sd=0.41 sa=-0.02 | phero=0 pd=0.00 pa=+0.00 | srch=0.04 | wall=3.20
R4[T1][SITE      ]: L=+0.68 R=+1.00 | carry=0 | base=0.32 ba=-0.98 | site=1 sd=0.03 sa=+0.28 | phero=0 pd=0.00 pa=+0.00 | srch=0.12 | wall=2.14

[PICKUP] Robot 4 picked up tag (density=9) | Total: 43
[PICKUP] Robot 3 picked up tag (density=13) | Total: 44

======================================================================
Step 25500 (13.6 min) | Pickups: 44 | Deposits: 42 | Rate: 3.09 tags/min | phero_entries=5 phero_max=0.359
======================================================================
R1[T1][EXPLORE   ]: L=+1.00 R=+1.00 | carry=0 | base=0.49 ba=+0.84 | site=0 sd=0.00 sa=+0.00 | phero=0 pd=0.00 pa=+0.00 | srch=1.00 | wall=1.10
R2[T1][EXPLORE   ]: L=+1.00 R=+1.00 | carry=0 | base=0.51 ba=-0.44 | site=0 sd=0.00 sa=+0.00 | phero=0 pd=0.00 pa=+0.00 | srch=1.00 | wall=0.96
R3[T1][RTB       ]: L=+0.00 R=+1.00 | carry=1 | base=0.37 ba=+0.72 | site=0 sd=0.00 sa=+0.00 | phero=0 pd=0.00 pa=+0.00 | srch=0.00 | wall=1.99
R4[T1][RTB       ]: L=+1.00 R=+1.00 | carry=1 | base=0.14 ba=+0.00 | site=0 sd=0.00 sa=+0.00 | phero=0 pd=0.00 pa=+0.00 | srch=0.00 | wall=2.96

[DEPOSIT] Robot 4 deposited! Total: 43
  [PHERO] Laid at (1.45, 1.05) density=9 prob=1.00 total_entries=6
  [TARGET] Robot 4 → SITE (1.45,1.05)
[DEPOSIT] Robot 3 deposited! Total: 44
  [PHERO] Laid at (1.48, -1.05) density=13 prob=1.00 total_entries=6
  [TARGET] Robot 3 → SITE (1.48,-1.05)

======================================================================
Step 26000 (13.9 min) | Pickups: 44 | Deposits: 44 | Rate: 3.17 tags/min | phero_entries=6 phero_max=0.998
======================================================================
R1[T1][EXPLORE   ]: L=+1.00 R=+1.00 | carry=0 | base=0.56 ba=+0.32 | site=0 sd=0.00 sa=+0.00 | phero=0 pd=0.00 pa=+0.00 | srch=1.00 | wall=0.86
R2[T1][EXPLORE   ]: L=+1.00 R=+0.06 | carry=0 | base=0.50 ba=-0.59 | site=0 sd=0.00 sa=+0.00 | phero=0 pd=0.00 pa=+0.00 | srch=1.00 | wall=1.74
R3[T1][BASE_ESC  ]: L=+1.00 R=+0.00 | carry=0 | base=0.05 ba=+0.00 | site=1 sd=0.32 sa=+0.98 | phero=0 pd=0.00 pa=+0.00 | srch=0.00 | wall=3.29
R4[T1][SITE      ]: L=+0.93 R=+0.06 | carry=0 | base=0.24 ba=-0.96 | site=1 sd=0.12 sa=+0.05 | phero=0 pd=0.00 pa=+0.00 | srch=0.10 | wall=2.53

[GIVE-UP] R4 giving up after 732 steps

======================================================================
Step 26500 (14.1 min) | Pickups: 44 | Deposits: 44 | Rate: 3.11 tags/min | phero_entries=6 phero_max=0.449
======================================================================
R1[T1][EXPLORE   ]: L=+1.00 R=+1.00 | carry=0 | base=0.20 ba=-0.09 | site=0 sd=0.00 sa=+0.00 | phero=0 pd=0.00 pa=+0.00 | srch=1.00 | wall=2.54
R2[T1][EXPLORE   ]: L=+1.00 R=+1.00 | carry=0 | base=0.36 ba=+0.49 | site=0 sd=0.00 sa=+0.00 | phero=0 pd=0.00 pa=+0.00 | srch=1.00 | wall=1.75
R3[T1][SITE      ]: L=+0.91 R=+1.00 | carry=0 | base=0.33 ba=+0.99 | site=1 sd=0.04 sa=+0.16 | phero=0 pd=0.00 pa=+0.00 | srch=0.13 | wall=2.21
R4[T1][GIVE_UP   ]: L=+1.00 R=+0.94 | carry=0 | base=0.43 ba=-0.02 | site=0 sd=0.00 sa=+0.00 | phero=0 pd=0.00 pa=+0.00 | srch=0.22 | wall=1.82

[PICKUP] Robot 3 picked up tag (density=12) | Total: 45
[PICKUP] Robot 4 picked up tag (density=8) | Total: 46
[DEPOSIT] Robot 4 deposited! Total: 45
  [PHERO] Laid at (1.44, 1.12) density=8 prob=1.00 total_entries=6
  [TARGET] Robot 4 → SITE (1.44,1.12)

======================================================================
Step 27000 (14.4 min) | Pickups: 46 | Deposits: 45 | Rate: 3.12 tags/min | phero_entries=6 phero_max=0.984
======================================================================
R1[T1][EXPLORE   ]: L=+1.00 R=+1.00 | carry=0 | base=0.24 ba=+0.96 | site=0 sd=0.00 sa=+0.00 | phero=0 pd=0.00 pa=+0.00 | srch=1.00 | wall=2.36
R2[T1][EXPLORE   ]: L=+1.00 R=+0.38 | carry=0 | base=0.52 ba=+0.85 | site=0 sd=0.00 sa=+0.00 | phero=0 pd=0.00 pa=+0.00 | srch=1.00 | wall=1.40
R3[T1][RTB       ]: L=+1.00 R=+1.00 | carry=1 | base=0.12 ba=+0.00 | site=0 sd=0.00 sa=+0.00 | phero=0 pd=0.00 pa=+0.00 | srch=0.00 | wall=3.01
R4[T1][BASE_ESC  ]: L=+0.00 R=+1.00 | carry=0 | base=0.05 ba=-0.17 | site=1 sd=0.32 sa=+0.84 | phero=0 pd=0.00 pa=+0.00 | srch=0.00 | wall=3.32

[DEPOSIT] Robot 3 deposited! Total: 46
  [PHERO] Laid at (1.53, -1.08) density=12 prob=1.00 total_entries=7
  [TARGET] Robot 3 → SITE (1.53,-1.08)
[GIVE-UP] R1 giving up after 8345 steps

======================================================================
Step 27500 (14.7 min) | Pickups: 46 | Deposits: 46 | Rate: 3.14 tags/min | phero_entries=7 phero_max=0.516
======================================================================
R1[T1][GIVE_UP   ]: L=+0.39 R=+1.00 | carry=0 | base=0.45 ba=+0.25 | site=0 sd=0.00 sa=+0.00 | phero=0 pd=0.00 pa=+0.00 | srch=1.00 | wall=1.86
R2[T1][EXPLORE   ]: L=+1.00 R=+1.00 | carry=0 | base=0.32 ba=-0.05 | site=0 sd=0.00 sa=+0.00 | phero=0 pd=0.00 pa=+0.00 | srch=1.00 | wall=2.07
R3[T1][SITE      ]: L=+1.00 R=+1.00 | carry=0 | base=0.26 ba=-0.96 | site=1 sd=0.12 sa=+0.15 | phero=0 pd=0.00 pa=+0.00 | srch=0.10 | wall=2.54
R4[T1][SITE      ]: L=+0.91 R=+1.00 | carry=0 | base=0.34 ba=+0.76 | site=1 sd=0.09 sa=+0.18 | phero=0 pd=0.00 pa=+0.00 | srch=0.13 | wall=1.98

[PICKUP] Robot 4 picked up tag (density=7) | Total: 47
[PICKUP] Robot 3 picked up tag (density=11) | Total: 48
[GIVE-UP] R2 giving up after 7948 steps

======================================================================
Step 28000 (14.9 min) | Pickups: 48 | Deposits: 46 | Rate: 3.08 tags/min | phero_entries=6 phero_max=0.232
======================================================================
R1[T1][GIVE_UP   ]: L=+1.00 R=+1.00 | carry=0 | base=0.08 ba=+0.00 | site=0 sd=0.00 sa=+0.00 | phero=0 pd=0.00 pa=+0.00 | srch=1.00 | wall=3.21
R2[T1][GIVE_UP   ]: L=+1.00 R=+1.00 | carry=0 | base=0.19 ba=+0.00 | site=0 sd=0.00 sa=+0.00 | phero=0 pd=0.00 pa=+0.00 | srch=1.00 | wall=2.66
R3[T1][RTB       ]: L=+1.00 R=+1.00 | carry=1 | base=0.19 ba=+0.00 | site=0 sd=0.00 sa=+0.00 | phero=0 pd=0.00 pa=+0.00 | srch=0.00 | wall=2.73
R4[T1][RTB       ]: L=+1.00 R=+1.00 | carry=1 | base=0.13 ba=+0.00 | site=0 sd=0.00 sa=+0.00 | phero=0 pd=0.00 pa=+0.00 | srch=0.00 | wall=3.02

[EMPTY_RTN] R1 → phero(1.53,-1.08)
[DEPOSIT] Robot 4 deposited! Total: 47
  [PHERO] Laid at (1.44, 1.16) density=7 prob=0.99 total_entries=7
  [TARGET] Robot 4 → SITE (1.44,1.16)
TIMEOUT_RESULT pickups=48 deposits=47 steps=28125 elapsed_min=15.000000
BATCH_RESULT pickups=48 deposits=47
