Gym has been unmaintained since 2022 and does not support NumPy 2.0 amongst other critical functionality.
Please upgrade to Gymnasium, the maintained drop-in replacement of Gym, or contact the authors of your software and request that they upgrade.
Users of this version of Gym should be able to simply replace 'import gym' with 'import gymnasium as gym' in the vast majority of cases.
See the migration guide at https://gymnasium.farama.org/introduction/migration_guide/ for additional information.
============================================================
EVALUATION MODE — CPFA-RL Trained Model
Arena: 7×7m  |  Robots: 4  (teams of 4: 1)  |  Tags: 64
Obs per team: 18 × 4 = 72  |  Total obs dim: 72
============================================================

Loading model: ppo_cpfa_v9
Model loaded. Starting evaluation...

============================================================

[PICKUP] Robot 2 picked up tag (density=16) | Total: 1
[DEPOSIT] Robot 2 deposited! Total: 1
  [PHERO] Laid at (0.00, 0.50) density=16 prob=1.00 total_entries=1
  [TARGET] Robot 2 → SITE (0.00,0.50)
[PICKUP] Robot 2 picked up tag (density=15) | Total: 2

======================================================================
Step 500 (0.3 min) | Pickups: 2 | Deposits: 1 | Rate: 3.75 tags/min | phero_entries=1 phero_max=0.548
======================================================================
R1[T1][EXPLORE   ]: L=+1.00 R=+1.00 | carry=0 | base=0.49 ba=+1.00 | site=0 sd=0.00 sa=+0.00 | phero=0 pd=0.00 pa=+0.00 | srch=0.12 | wall=1.08
R2[T1][RTB       ]: L=+0.92 R=+1.00 | carry=1 | base=0.07 ba=+0.03 | site=0 sd=0.00 sa=+0.00 | phero=0 pd=0.00 pa=+0.00 | srch=0.00 | wall=3.18
R3[T1][EXPLORE   ]: L=+1.00 R=+1.00 | carry=0 | base=0.30 ba=+0.98 | site=0 sd=0.00 sa=+0.00 | phero=0 pd=0.00 pa=+0.00 | srch=0.12 | wall=2.32
R4[T1][EXPLORE   ]: L=+1.00 R=+1.00 | carry=0 | base=0.42 ba=+0.96 | site=0 sd=0.00 sa=+0.00 | phero=0 pd=0.00 pa=+0.00 | srch=0.12 | wall=1.71

[DEPOSIT] Robot 2 deposited! Total: 2
  [PHERO] Laid at (-0.02, 0.50) density=15 prob=1.00 total_entries=2
  [TARGET] Robot 2 → SITE (-0.02,0.50)
[PICKUP] Robot 2 picked up tag (density=14) | Total: 3
[DEPOSIT] Robot 2 deposited! Total: 3
  [PHERO] Laid at (-0.16, 0.49) density=14 prob=1.00 total_entries=3
  [TARGET] Robot 2 → SITE (-0.16,0.49)

======================================================================
Step 1000 (0.5 min) | Pickups: 3 | Deposits: 3 | Rate: 5.62 tags/min | phero_entries=3 phero_max=0.835
======================================================================
R1[T1][EXPLORE   ]: L=+1.00 R=+1.00 | carry=0 | base=0.51 ba=+0.17 | site=0 sd=0.00 sa=+0.00 | phero=0 pd=0.00 pa=+0.00 | srch=0.25 | wall=1.02
R2[T1][SITE      ]: L=-0.63 R=+1.00 | carry=0 | base=0.05 ba=-0.96 | site=1 sd=0.06 sa=+0.32 | phero=0 pd=0.00 pa=+0.00 | srch=0.03 | wall=3.25
R3[T1][EXPLORE   ]: L=+1.00 R=+1.00 | carry=0 | base=0.69 ba=+0.98 | site=0 sd=0.00 sa=+0.00 | phero=0 pd=0.00 pa=+0.00 | srch=0.25 | wall=0.88
R4[T1][EXPLORE   ]: L=+1.00 R=+1.00 | carry=0 | base=0.66 ba=+0.09 | site=0 sd=0.00 sa=+0.00 | phero=0 pd=0.00 pa=+0.00 | srch=0.25 | wall=0.42

[PICKUP] Robot 2 picked up tag (density=13) | Total: 4
[DEPOSIT] Robot 2 deposited! Total: 4
  [PHERO] Laid at (-0.12, 0.52) density=13 prob=1.00 total_entries=4
  [TARGET] Robot 2 → SITE (-0.12,0.52)
[PICKUP] Robot 1 picked up tag (density=16) | Total: 5

======================================================================
Step 1500 (0.8 min) | Pickups: 5 | Deposits: 4 | Rate: 5.00 tags/min | phero_entries=4 phero_max=0.693
======================================================================
R1[T1][RTB       ]: L=+0.82 R=+1.00 | carry=1 | base=0.25 ba=+0.07 | site=0 sd=0.00 sa=+0.00 | phero=0 pd=0.00 pa=+0.00 | srch=0.00 | wall=2.54
R2[T1][SITE      ]: L=+1.00 R=+0.65 | carry=0 | base=0.11 ba=-0.63 | site=1 sd=0.02 sa=-0.24 | phero=0 pd=0.00 pa=+0.00 | srch=0.06 | wall=2.99
R3[T1][EXPLORE   ]: L=+1.00 R=+1.00 | carry=0 | base=0.79 ba=+0.44 | site=0 sd=0.00 sa=+0.00 | phero=0 pd=0.00 pa=+0.00 | srch=0.38 | wall=0.39
R4[T1][EXPLORE   ]: L=+1.00 R=+1.00 | carry=0 | base=0.30 ba=-0.15 | site=0 sd=0.00 sa=+0.00 | phero=0 pd=0.00 pa=+0.00 | srch=0.38 | wall=2.10

[PICKUP] Robot 2 picked up tag (density=12) | Total: 6
[DEPOSIT] Robot 2 deposited! Total: 5
  [PHERO] Laid at (-0.09, 0.57) density=12 prob=1.00 total_entries=5
  [TARGET] Robot 2 → SITE (-0.09,0.57)
[GIVE-UP] R4 giving up after 1716 steps
[DEPOSIT] Robot 1 deposited! Total: 6
  [PHERO] Laid at (0.90, 0.99) density=16 prob=1.00 total_entries=6
  [TARGET] Robot 1 → SITE (0.90,0.99)
[EMPTY_RTN] R4 → phero(-0.09,0.57)
[PICKUP] Robot 2 picked up tag (density=11) | Total: 7

======================================================================
Step 2000 (1.1 min) | Pickups: 7 | Deposits: 6 | Rate: 5.62 tags/min | phero_entries=6 phero_max=0.681
======================================================================
R1[T1][SITE      ]: L=+0.95 R=+1.00 | carry=0 | base=0.12 ba=+0.99 | site=1 sd=0.16 sa=-0.19 | phero=0 pd=0.00 pa=+0.00 | srch=0.06 | wall=2.94
R2[T1][RTB       ]: L=+0.00 R=+1.00 | carry=1 | base=0.12 ba=+0.42 | site=0 sd=0.00 sa=+0.00 | phero=0 pd=0.00 pa=+0.00 | srch=0.00 | wall=2.92
R3[T1][EXPLORE   ]: L=+1.00 R=+0.24 | carry=0 | base=0.58 ba=+0.73 | site=0 sd=0.00 sa=+0.00 | phero=0 pd=0.00 pa=+0.00 | srch=0.50 | wall=0.74
R4[T1][PHERO     ]: L=+1.00 R=-1.00 | carry=0 | base=0.05 ba=-0.86 | site=0 sd=0.00 sa=+0.00 | phero=1 pd=0.17 pa=-0.92 | srch=0.03 | wall=3.27

[DEPOSIT] Robot 2 deposited! Total: 7
  [PHERO] Laid at (-0.11, 0.57) density=11 prob=1.00 total_entries=7
  [TARGET] Robot 2 → SITE (-0.11,0.57)
[PICKUP] Robot 3 picked up tag (density=16) | Total: 8
[PICKUP] Robot 1 picked up tag (density=15) | Total: 9
[PICKUP] Robot 2 picked up tag (density=10) | Total: 10

======================================================================
Step 2500 (1.3 min) | Pickups: 10 | Deposits: 7 | Rate: 5.25 tags/min | phero_entries=7 phero_max=0.555
======================================================================
R1[T1][RTB       ]: L=+1.00 R=+0.65 | carry=1 | base=0.22 ba=-0.13 | site=0 sd=0.00 sa=+0.00 | phero=0 pd=0.00 pa=+0.00 | srch=0.00 | wall=2.62
R2[T1][RTB       ]: L=+1.00 R=+0.00 | carry=1 | base=0.13 ba=-0.44 | site=0 sd=0.00 sa=+0.00 | phero=0 pd=0.00 pa=+0.00 | srch=0.00 | wall=2.88
R3[T1][RTB       ]: L=+1.00 R=+1.00 | carry=1 | base=0.46 ba=+0.00 | site=0 sd=0.00 sa=+0.00 | phero=0 pd=0.00 pa=+0.00 | srch=0.00 | wall=1.27
R4[T1][BASE_ESC  ]: L=+0.00 R=+1.00 | carry=0 | base=0.05 ba=-0.60 | site=0 sd=0.00 sa=+0.00 | phero=1 pd=0.16 pa=-0.53 | srch=0.15 | wall=3.27

[DEPOSIT] Robot 2 deposited! Total: 8
  [PHERO] Laid at (-0.12, 0.60) density=10 prob=1.00 total_entries=8
  [TARGET] Robot 2 → SITE (-0.12,0.60)
[DEPOSIT] Robot 1 deposited! Total: 9
  [PHERO] Laid at (0.62, 0.98) density=15 prob=1.00 total_entries=9
  [TARGET] Robot 1 → SITE (0.62,0.98)
[PICKUP] Robot 2 picked up tag (density=9) | Total: 11

======================================================================
Step 3000 (1.6 min) | Pickups: 11 | Deposits: 9 | Rate: 5.62 tags/min | phero_entries=9 phero_max=0.644
======================================================================
R1[T1][SITE      ]: L=+0.91 R=+1.00 | carry=0 | base=0.15 ba=+0.98 | site=1 sd=0.09 sa=+0.02 | phero=0 pd=0.00 pa=+0.00 | srch=0.07 | wall=2.91
R2[T1][RTB       ]: L=+1.00 R=+0.00 | carry=1 | base=0.14 ba=-0.64 | site=0 sd=0.00 sa=+0.00 | phero=0 pd=0.00 pa=+0.00 | srch=0.00 | wall=2.83
R3[T1][RTB       ]: L=+1.00 R=+1.00 | carry=1 | base=0.07 ba=+0.00 | site=0 sd=0.00 sa=+0.00 | phero=0 pd=0.00 pa=+0.00 | srch=0.00 | wall=3.15
R4[T1][BASE_ESC  ]: L=+0.00 R=+1.00 | carry=0 | base=0.05 ba=-0.64 | site=0 sd=0.00 sa=+0.00 | phero=1 pd=0.15 pa=-0.43 | srch=0.28 | wall=3.33

[DEPOSIT] Robot 3 deposited! Total: 10
  [PHERO] Laid at (-0.61, -2.93) density=16 prob=1.00 total_entries=10
  [TARGET] Robot 3 → SITE (-0.61,-2.93)
[PICKUP] Robot 1 picked up tag (density=14) | Total: 12
[DEPOSIT] Robot 2 deposited! Total: 11
  [PHERO] Laid at (-0.14, 0.65) density=9 prob=1.00 total_entries=11
  [TARGET] Robot 2 → SITE (-0.14,0.65)
[PICKUP] Robot 2 picked up tag (density=8) | Total: 13
[DEPOSIT] Robot 1 deposited! Total: 12
  [PHERO] Laid at (0.56, 1.05) density=14 prob=1.00 total_entries=12
  [TARGET] Robot 1 → SITE (0.56,1.05)

======================================================================
Step 3500 (1.9 min) | Pickups: 13 | Deposits: 12 | Rate: 6.43 tags/min | phero_entries=12 phero_max=0.995
======================================================================
R1[T1][BASE_ESC  ]: L=+0.00 R=+1.00 | carry=0 | base=0.05 ba=-0.04 | site=1 sd=0.19 sa=+0.99 | phero=0 pd=0.00 pa=+0.00 | srch=0.00 | wall=3.30
R2[T1][RTB       ]: L=+0.00 R=+1.00 | carry=1 | base=0.14 ba=+0.49 | site=0 sd=0.00 sa=+0.00 | phero=0 pd=0.00 pa=+0.00 | srch=0.00 | wall=2.82
R3[T1][SITE      ]: L=+1.00 R=+1.00 | carry=0 | base=0.29 ba=+1.00 | site=1 sd=0.32 sa=-0.02 | phero=0 pd=0.00 pa=+0.00 | srch=0.12 | wall=2.10
R4[T1][PHERO     ]: L=+1.00 R=+1.00 | carry=0 | base=0.05 ba=-0.59 | site=0 sd=0.00 sa=+0.00 | phero=1 pd=0.09 pa=+0.01 | srch=0.40 | wall=3.29

[PICKUP] Robot 4 picked up tag (density=7) | Total: 14
[DEPOSIT] Robot 2 deposited! Total: 13
  [PHERO] Laid at (-0.15, 0.66) density=8 prob=1.00 total_entries=13
  [TARGET] Robot 2 → SITE (-0.15,0.66)
[DEPOSIT] Robot 4 deposited! Total: 14
  [PHERO] Laid at (-0.01, 0.57) density=7 prob=0.99 total_entries=14
  [TARGET] Robot 4 → SITE (-0.01,0.57)
[PICKUP] Robot 1 picked up tag (density=13) | Total: 15

======================================================================
Step 4000 (2.1 min) | Pickups: 15 | Deposits: 14 | Rate: 6.56 tags/min | phero_entries=14 phero_max=0.792
======================================================================
R1[T1][RTB       ]: L=+0.24 R=+1.00 | carry=1 | base=0.24 ba=+0.30 | site=0 sd=0.00 sa=+0.00 | phero=0 pd=0.00 pa=+0.00 | srch=0.00 | wall=2.43
R2[T1][SITE      ]: L=+1.00 R=+0.26 | carry=0 | base=0.15 ba=-0.40 | site=1 sd=0.01 sa=-0.22 | phero=0 pd=0.00 pa=+0.00 | srch=0.08 | wall=2.79
R3[T1][SITE      ]: L=+0.50 R=+0.51 | carry=0 | base=0.44 ba=-0.93 | site=1 sd=0.17 sa=+0.04 | phero=0 pd=0.00 pa=+0.00 | srch=0.24 | wall=1.37
R4[T1][SITE      ]: L=+1.00 R=-0.06 | carry=0 | base=0.05 ba=-0.77 | site=1 sd=0.07 sa=-0.03 | phero=0 pd=0.00 pa=+0.00 | srch=0.04 | wall=3.28

[PICKUP] Robot 2 picked up tag (density=6) | Total: 16
[DEPOSIT] Robot 2 deposited! Total: 15
  [PHERO] Laid at (-0.17, 0.70) density=6 prob=0.97 total_entries=15
  [TARGET] Robot 2 → SITE (-0.17,0.70)
[DEPOSIT] Robot 1 deposited! Total: 16
  [PHERO] Laid at (0.58, 1.06) density=13 prob=1.00 total_entries=16
  [TARGET] Robot 1 → SITE (0.58,1.06)
[PICKUP] Robot 3 picked up tag (density=15) | Total: 17
[PICKUP] Robot 4 picked up tag (density=5) | Total: 18

======================================================================
Step 4500 (2.4 min) | Pickups: 18 | Deposits: 16 | Rate: 6.67 tags/min | phero_entries=15 phero_max=0.697
======================================================================
R1[T1][SITE      ]: L=+0.99 R=+0.98 | carry=0 | base=0.10 ba=-0.84 | site=1 sd=0.15 sa=+0.01 | phero=0 pd=0.00 pa=+0.00 | srch=0.06 | wall=3.02
R2[T1][SITE      ]: L=+1.00 R=+1.00 | carry=0 | base=0.13 ba=-0.84 | site=1 sd=0.02 sa=-0.07 | phero=0 pd=0.00 pa=+0.00 | srch=0.08 | wall=2.89
R3[T1][RTB       ]: L=+0.99 R=+1.00 | carry=1 | base=0.45 ba=+0.00 | site=0 sd=0.00 sa=+0.00 | phero=0 pd=0.00 pa=+0.00 | srch=0.00 | wall=1.27
R4[T1][RTB       ]: L=+0.98 R=+1.00 | carry=1 | base=0.14 ba=+0.01 | site=0 sd=0.00 sa=+0.00 | phero=0 pd=0.00 pa=+0.00 | srch=0.00 | wall=2.81

[PICKUP] Robot 2 picked up tag (density=4) | Total: 19
[DEPOSIT] Robot 4 deposited! Total: 17
  [PHERO] Laid at (-0.15, 0.72) density=5 prob=0.92 total_entries=16
  [TARGET] Robot 4 → SITE (-0.15,0.72)
[PICKUP] Robot 1 picked up tag (density=12) | Total: 20
[DEPOSIT] Robot 2 deposited! Total: 18
  [PHERO] Laid at (-0.18, 0.73) density=4 prob=0.82 total_entries=16
  [TARGET] Robot 2 → SITE (-0.18,0.73)

======================================================================
Step 5000 (2.7 min) | Pickups: 20 | Deposits: 18 | Rate: 6.75 tags/min | phero_entries=16 phero_max=0.782
======================================================================
R1[T1][RTB       ]: L=+1.00 R=+1.00 | carry=1 | base=0.12 ba=-0.00 | site=0 sd=0.00 sa=+0.00 | phero=0 pd=0.00 pa=+0.00 | srch=0.00 | wall=3.02
R2[T1][SITE      ]: L=+1.00 R=+1.00 | carry=0 | base=0.08 ba=+0.98 | site=1 sd=0.07 sa=-0.11 | phero=0 pd=0.00 pa=+0.00 | srch=0.04 | wall=3.13
R3[T1][RTB       ]: L=+1.00 R=+1.00 | carry=1 | base=0.07 ba=+0.00 | site=0 sd=0.00 sa=+0.00 | phero=0 pd=0.00 pa=+0.00 | srch=0.00 | wall=3.17
R4[T1][EXPLORE   ]: L=+1.00 R=+1.00 | carry=0 | base=0.16 ba=+0.86 | site=0 sd=0.00 sa=+0.00 | phero=0 pd=0.00 pa=+0.00 | srch=0.08 | wall=2.73

[DEPOSIT] Robot 3 deposited! Total: 19
  [PHERO] Laid at (-0.47, -2.45) density=15 prob=1.00 total_entries=17
  [TARGET] Robot 3 → SITE (-0.47,-2.45)
[DEPOSIT] Robot 1 deposited! Total: 20
  [PHERO] Laid at (0.60, 1.09) density=12 prob=1.00 total_entries=18
  [TARGET] Robot 1 → SITE (0.60,1.09)
[PICKUP] Robot 2 picked up tag (density=3) | Total: 21
[DEPOSIT] Robot 2 deposited! Total: 21
  [PHERO] Laid at (-0.19, 0.81) density=3 prob=0.65 total_entries=18
  [TARGET] Robot 2 → SITE (-0.19,0.81)

======================================================================
Step 5500 (2.9 min) | Pickups: 21 | Deposits: 21 | Rate: 7.16 tags/min | phero_entries=18 phero_max=0.819
======================================================================
R1[T1][SITE      ]: L=+0.86 R=+1.00 | carry=0 | base=0.26 ba=+0.72 | site=1 sd=0.07 sa=+0.30 | phero=0 pd=0.00 pa=+0.00 | srch=0.10 | wall=2.57
R2[T1][SITE      ]: L=+0.77 R=+1.00 | carry=0 | base=0.06 ba=-0.97 | site=1 sd=0.12 sa=+0.23 | phero=0 pd=0.00 pa=+0.00 | srch=0.03 | wall=3.22
R3[T1][SITE      ]: L=+0.67 R=+0.68 | carry=0 | base=0.22 ba=-0.94 | site=1 sd=0.29 sa=+0.00 | phero=0 pd=0.00 pa=+0.00 | srch=0.12 | wall=2.43
R4[T1][EXPLORE   ]: L=+1.00 R=+0.40 | carry=0 | base=0.36 ba=+0.26 | site=0 sd=0.00 sa=+0.00 | phero=0 pd=0.00 pa=+0.00 | srch=0.20 | wall=1.78

[PICKUP] Robot 1 picked up tag (density=11) | Total: 22
[PICKUP] Robot 2 picked up tag (density=2) | Total: 23
[DEPOSIT] Robot 2 deposited! Total: 22
  [PHERO] Laid at (0.10, 0.67) density=2 prob=0.42 total_entries=18
  [TARGET] Robot 2 → SITE (0.10,0.67)
[DEPOSIT] Robot 1 deposited! Total: 23
  [PHERO] Laid at (0.87, 1.02) density=11 prob=1.00 total_entries=19
  [TARGET] Robot 1 → SITE (0.87,1.02)
[PICKUP] Robot 3 picked up tag (density=14) | Total: 24

======================================================================
Step 6000 (3.2 min) | Pickups: 24 | Deposits: 23 | Rate: 7.19 tags/min | phero_entries=19 phero_max=0.824
======================================================================
R1[T1][SITE      ]: L=+1.00 R=+0.54 | carry=0 | base=0.06 ba=+0.95 | site=1 sd=0.22 sa=-0.18 | phero=0 pd=0.00 pa=+0.00 | srch=0.03 | wall=3.24
R2[T1][SITE      ]: L=+1.00 R=+1.00 | carry=0 | base=0.09 ba=+0.94 | site=1 sd=0.08 sa=-0.47 | phero=0 pd=0.00 pa=+0.00 | srch=0.04 | wall=3.10
R3[T1][RTB       ]: L=+1.00 R=+0.00 | carry=1 | base=0.51 ba=-0.52 | site=0 sd=0.00 sa=+0.00 | phero=0 pd=0.00 pa=+0.00 | srch=0.00 | wall=1.03
R4[T1][EXPLORE   ]: L=+1.00 R=+1.00 | carry=0 | base=0.44 ba=-0.33 | site=0 sd=0.00 sa=+0.00 | phero=0 pd=0.00 pa=+0.00 | srch=0.33 | wall=1.33

[PICKUP] Robot 2 picked up tag (density=1) | Total: 25
[DEPOSIT] Robot 2 deposited! Total: 24
  [TARGET] Robot 2 → SITE (-0.01,0.73)
[PICKUP] Robot 4 picked up tag (density=10) | Total: 26

======================================================================
Step 6500 (3.5 min) | Pickups: 26 | Deposits: 24 | Rate: 6.92 tags/min | phero_entries=16 phero_max=0.370
======================================================================
R1[T1][EXPLORE   ]: L=+1.00 R=+1.00 | carry=0 | base=0.41 ba=+1.00 | site=0 sd=0.00 sa=+0.00 | phero=0 pd=0.00 pa=+0.00 | srch=0.16 | wall=1.95
R2[T1][SITE      ]: L=+0.93 R=+1.00 | carry=0 | base=0.08 ba=+0.90 | site=1 sd=0.07 sa=+0.11 | phero=0 pd=0.00 pa=+0.00 | srch=0.04 | wall=3.11
R3[T1][RTB       ]: L=+1.00 R=+1.00 | carry=1 | base=0.16 ba=-0.00 | site=0 sd=0.00 sa=+0.00 | phero=0 pd=0.00 pa=+0.00 | srch=0.00 | wall=2.72
R4[T1][RTB       ]: L=+1.00 R=+1.00 | carry=1 | base=0.30 ba=+0.00 | site=0 sd=0.00 sa=+0.00 | phero=0 pd=0.00 pa=+0.00 | srch=0.00 | wall=2.27

[DEPOSIT] Robot 3 deposited! Total: 25
  [PHERO] Laid at (-0.46, -2.45) density=14 prob=1.00 total_entries=17
  [TARGET] Robot 3 → SITE (-0.46,-2.45)
[DEPOSIT] Robot 4 deposited! Total: 26
  [PHERO] Laid at (0.99, 1.39) density=10 prob=1.00 total_entries=18
  [TARGET] Robot 4 → SITE (0.99,1.39)

======================================================================
Step 7000 (3.7 min) | Pickups: 26 | Deposits: 26 | Rate: 6.96 tags/min | phero_entries=17 phero_max=0.758
======================================================================
R1[T1][EXPLORE   ]: L=+1.00 R=+1.00 | carry=0 | base=0.80 ba=+1.00 | site=0 sd=0.00 sa=+0.00 | phero=0 pd=0.00 pa=+0.00 | srch=0.28 | wall=0.49
R2[T1][EXPLORE   ]: L=+1.00 R=+1.00 | carry=0 | base=0.43 ba=+0.93 | site=0 sd=0.00 sa=+0.00 | phero=0 pd=0.00 pa=+0.00 | srch=0.17 | wall=1.60
R3[T1][SITE      ]: L=+0.91 R=+0.91 | carry=0 | base=0.20 ba=+0.97 | site=1 sd=0.31 sa=+0.02 | phero=0 pd=0.00 pa=+0.00 | srch=0.09 | wall=2.56
R4[T1][SITE      ]: L=+1.00 R=+0.98 | carry=0 | base=0.09 ba=-0.91 | site=1 sd=0.26 sa=+0.01 | phero=0 pd=0.00 pa=+0.00 | srch=0.04 | wall=3.11

[PICKUP] Robot 4 picked up tag (density=9) | Total: 27

======================================================================
Step 7500 (4.0 min) | Pickups: 27 | Deposits: 26 | Rate: 6.50 tags/min | phero_entries=15 phero_max=0.341
======================================================================
R1[T1][EXPLORE   ]: L=+1.00 R=+1.00 | carry=0 | base=0.59 ba=+0.04 | site=0 sd=0.00 sa=+0.00 | phero=0 pd=0.00 pa=+0.00 | srch=0.41 | wall=1.19
R2[T1][WALL_ESC  ]: L=+0.00 R=+1.00 | carry=0 | base=0.77 ba=+0.40 | site=0 sd=0.00 sa=+0.00 | phero=0 pd=0.00 pa=+0.00 | srch=0.29 | wall=0.34
R3[T1][SITE      ]: L=+0.45 R=+0.43 | carry=0 | base=0.45 ba=+0.97 | site=1 sd=0.05 sa=-0.08 | phero=0 pd=0.00 pa=+0.00 | srch=0.21 | wall=1.30
R4[T1][RTB       ]: L=+1.00 R=+1.00 | carry=1 | base=0.16 ba=-0.00 | site=0 sd=0.00 sa=+0.00 | phero=0 pd=0.00 pa=+0.00 | srch=0.00 | wall=2.91

[DEPOSIT] Robot 4 deposited! Total: 27
  [PHERO] Laid at (0.82, 1.06) density=9 prob=1.00 total_entries=15
  [TARGET] Robot 4 → SITE (0.82,1.06)
[PICKUP] Robot 3 picked up tag (density=13) | Total: 28
[PICKUP] Robot 1 picked up tag (density=8) | Total: 29

======================================================================
Step 8000 (4.3 min) | Pickups: 29 | Deposits: 27 | Rate: 6.33 tags/min | phero_entries=13 phero_max=0.566
======================================================================
R1[T1][RTB       ]: L=+1.00 R=+1.00 | carry=1 | base=0.21 ba=+0.00 | site=0 sd=0.00 sa=+0.00 | phero=0 pd=0.00 pa=+0.00 | srch=0.00 | wall=2.64
R2[T1][WALL_ESC  ]: L=+0.00 R=+1.00 | carry=0 | base=0.73 ba=+0.35 | site=0 sd=0.00 sa=+0.00 | phero=0 pd=0.00 pa=+0.00 | srch=0.42 | wall=0.34
R3[T1][RTB       ]: L=+1.00 R=+1.00 | carry=1 | base=0.44 ba=-0.00 | site=0 sd=0.00 sa=+0.00 | phero=0 pd=0.00 pa=+0.00 | srch=0.00 | wall=1.37
R4[T1][SITE      ]: L=+0.92 R=+1.00 | carry=0 | base=0.23 ba=+0.88 | site=1 sd=0.06 sa=+0.16 | phero=0 pd=0.00 pa=+0.00 | srch=0.09 | wall=2.67

[PICKUP] Robot 4 picked up tag (density=7) | Total: 30
[DEPOSIT] Robot 1 deposited! Total: 28
  [PHERO] Laid at (0.92, 1.41) density=8 prob=1.00 total_entries=13
  [TARGET] Robot 1 → SITE (0.92,1.41)
[GIVE-UP] R2 giving up after 2056 steps
[DEPOSIT] Robot 4 deposited! Total: 29
  [PHERO] Laid at (0.85, 1.08) density=7 prob=0.99 total_entries=14
  [TARGET] Robot 4 → SITE (0.85,1.08)

======================================================================
Step 8500 (4.5 min) | Pickups: 30 | Deposits: 29 | Rate: 6.40 tags/min | phero_entries=13 phero_max=0.932
======================================================================
R1[T1][SITE      ]: L=+0.79 R=+0.75 | carry=0 | base=0.17 ba=-0.76 | site=1 sd=0.20 sa=-0.02 | phero=0 pd=0.00 pa=+0.00 | srch=0.07 | wall=2.64
R2[T1][GIVE_UP   ]: L=+1.00 R=+1.00 | carry=0 | base=0.41 ba=+0.00 | site=0 sd=0.00 sa=+0.00 | phero=0 pd=0.00 pa=+0.00 | srch=0.54 | wall=1.51
R3[T1][RTB       ]: L=+1.00 R=+1.00 | carry=1 | base=0.06 ba=-0.00 | site=0 sd=0.00 sa=+0.00 | phero=0 pd=0.00 pa=+0.00 | srch=0.00 | wall=3.23
R4[T1][BASE_ESC  ]: L=+1.00 R=+0.00 | carry=0 | base=0.04 ba=+0.40 | site=1 sd=0.23 sa=-0.66 | phero=0 pd=0.00 pa=+0.00 | srch=0.01 | wall=3.31

[DEPOSIT] Robot 3 deposited! Total: 30
  [PHERO] Laid at (-0.55, -2.53) density=13 prob=1.00 total_entries=14
  [TARGET] Robot 3 → SITE (-0.55,-2.53)
[PICKUP] Robot 1 picked up tag (density=6) | Total: 31
[EMPTY_RTN] R2 → phero(-0.55,-2.53)
[DEPOSIT] Robot 1 deposited! Total: 31
  [PHERO] Laid at (0.50, 1.18) density=6 prob=0.97 total_entries=14
  [TARGET] Robot 1 → SITE (0.50,1.18)

======================================================================
Step 9000 (4.8 min) | Pickups: 31 | Deposits: 31 | Rate: 6.46 tags/min | phero_entries=14 phero_max=0.989
======================================================================
R1[T1][BASE_ESC  ]: L=+0.00 R=+1.00 | carry=0 | base=0.05 ba=-0.14 | site=1 sd=0.21 sa=+0.90 | phero=0 pd=0.00 pa=+0.00 | srch=0.00 | wall=3.30
R2[T1][BASE_ESC  ]: L=+1.00 R=+0.00 | carry=0 | base=0.04 ba=+0.31 | site=0 sd=0.00 sa=+0.00 | phero=1 pd=0.52 pa=-0.17 | srch=0.01 | wall=3.28
R3[T1][SITE      ]: L=+0.23 R=+1.00 | carry=0 | base=0.33 ba=+0.88 | site=1 sd=0.21 sa=+0.05 | phero=0 pd=0.00 pa=+0.00 | srch=0.12 | wall=1.99
R4[T1][EXPLORE   ]: L=+1.00 R=+1.00 | carry=0 | base=0.36 ba=+0.99 | site=0 sd=0.00 sa=+0.00 | phero=0 pd=0.00 pa=+0.00 | srch=0.14 | wall=2.10


======================================================================
Step 9500 (5.1 min) | Pickups: 31 | Deposits: 31 | Rate: 6.12 tags/min | phero_entries=10 phero_max=0.444
======================================================================
R1[T1][SITE      ]: L=+0.91 R=+1.00 | carry=0 | base=0.28 ba=+0.55 | site=1 sd=0.08 sa=+0.19 | phero=0 pd=0.00 pa=+0.00 | srch=0.13 | wall=2.41
R2[T1][PHERO     ]: L=+1.00 R=+1.00 | carry=0 | base=0.31 ba=+0.94 | site=0 sd=0.00 sa=+0.00 | phero=1 pd=0.21 pa=-0.02 | srch=0.13 | wall=2.00
R3[T1][EXPLORE   ]: L=+1.00 R=+1.00 | carry=0 | base=0.59 ba=-0.86 | site=0 sd=0.00 sa=+0.00 | phero=0 pd=0.00 pa=+0.00 | srch=0.25 | wall=0.67
R4[T1][EXPLORE   ]: L=+1.00 R=+1.00 | carry=0 | base=0.74 ba=-0.86 | site=0 sd=0.00 sa=+0.00 | phero=0 pd=0.00 pa=+0.00 | srch=0.26 | wall=0.80

[PICKUP] Robot 1 picked up tag (density=5) | Total: 32
[PICKUP] Robot 2 picked up tag (density=12) | Total: 33
[DEPOSIT] Robot 1 deposited! Total: 32
  [PHERO] Laid at (0.82, 1.14) density=5 prob=0.92 total_entries=10
  [TARGET] Robot 1 → SITE (0.82,1.14)
[PICKUP] Robot 3 picked up tag (density=16) | Total: 34

======================================================================
Step 10000 (5.3 min) | Pickups: 34 | Deposits: 32 | Rate: 6.00 tags/min | phero_entries=10 phero_max=0.823
======================================================================
R1[T1][SITE      ]: L=+1.00 R=+1.00 | carry=0 | base=0.06 ba=+0.91 | site=1 sd=0.23 sa=-0.23 | phero=0 pd=0.00 pa=+0.00 | srch=0.03 | wall=3.22
R2[T1][RTB       ]: L=+1.00 R=+1.00 | carry=1 | base=0.45 ba=-0.00 | site=0 sd=0.00 sa=+0.00 | phero=0 pd=0.00 pa=+0.00 | srch=0.00 | wall=1.35
R3[T1][RTB       ]: L=+1.00 R=+0.99 | carry=1 | base=0.52 ba=-0.00 | site=0 sd=0.00 sa=+0.00 | phero=0 pd=0.00 pa=+0.00 | srch=0.00 | wall=1.34
R4[T1][EXPLORE   ]: L=+1.00 R=+1.00 | carry=0 | base=0.72 ba=-0.01 | site=0 sd=0.00 sa=+0.00 | phero=0 pd=0.00 pa=+0.00 | srch=0.39 | wall=0.84

[PICKUP] Robot 1 picked up tag (density=4) | Total: 35

======================================================================
Step 10500 (5.6 min) | Pickups: 35 | Deposits: 32 | Rate: 5.71 tags/min | phero_entries=8 phero_max=0.370
======================================================================
R1[T1][RTB       ]: L=+1.00 R=+1.00 | carry=1 | base=0.19 ba=-0.00 | site=0 sd=0.00 sa=+0.00 | phero=0 pd=0.00 pa=+0.00 | srch=0.00 | wall=2.65
R2[T1][RTB       ]: L=+1.00 R=+1.00 | carry=1 | base=0.06 ba=-0.00 | site=0 sd=0.00 sa=+0.00 | phero=0 pd=0.00 pa=+0.00 | srch=0.00 | wall=3.22
R3[T1][RTB       ]: L=+1.00 R=+1.00 | carry=1 | base=0.13 ba=-0.00 | site=0 sd=0.00 sa=+0.00 | phero=0 pd=0.00 pa=+0.00 | srch=0.00 | wall=2.96
R4[T1][EXPLORE   ]: L=+1.00 R=+1.00 | carry=0 | base=0.34 ba=-0.03 | site=0 sd=0.00 sa=+0.00 | phero=0 pd=0.00 pa=+0.00 | srch=0.51 | wall=2.20

[DEPOSIT] Robot 2 deposited! Total: 33
  [PHERO] Laid at (-0.50, -2.55) density=12 prob=1.00 total_entries=9
  [TARGET] Robot 2 → SITE (-0.50,-2.55)
[DEPOSIT] Robot 3 deposited! Total: 34
  [PHERO] Laid at (-1.46, -2.44) density=16 prob=1.00 total_entries=10
  [TARGET] Robot 3 → SITE (-1.46,-2.44)
[DEPOSIT] Robot 1 deposited! Total: 35
  [PHERO] Laid at (0.51, 1.25) density=4 prob=0.82 total_entries=11
  [TARGET] Robot 1 → SITE (0.51,1.25)

======================================================================
Step 11000 (5.9 min) | Pickups: 35 | Deposits: 35 | Rate: 5.97 tags/min | phero_entries=10 phero_max=0.603
======================================================================
R1[T1][SITE      ]: L=+1.00 R=+1.00 | carry=0 | base=0.21 ba=+1.00 | site=1 sd=0.14 sa=+0.43 | phero=0 pd=0.00 pa=+0.00 | srch=0.08 | wall=2.70
R2[T1][SITE      ]: L=+1.00 R=+1.00 | carry=0 | base=0.32 ba=+0.97 | site=1 sd=0.21 sa=+0.10 | phero=0 pd=0.00 pa=+0.00 | srch=0.12 | wall=2.01
R3[T1][SITE      ]: L=+0.99 R=+1.00 | carry=0 | base=0.25 ba=+0.94 | site=1 sd=0.33 sa=-0.03 | phero=0 pd=0.00 pa=+0.00 | srch=0.10 | wall=2.48
R4[T1][EXPLORE   ]: L=+1.00 R=+1.00 | carry=0 | base=0.37 ba=+0.80 | site=0 sd=0.00 sa=+0.00 | phero=0 pd=0.00 pa=+0.00 | srch=0.64 | wall=1.68

[PICKUP] Robot 2 picked up tag (density=11) | Total: 36

======================================================================
Step 11500 (6.1 min) | Pickups: 36 | Deposits: 35 | Rate: 5.71 tags/min | phero_entries=9 phero_max=0.271
======================================================================
R1[T1][SITE      ]: L=+0.71 R=+1.00 | carry=0 | base=0.28 ba=-0.12 | site=1 sd=0.03 sa=+0.33 | phero=0 pd=0.00 pa=+0.00 | srch=0.20 | wall=2.19
R2[T1][RTB       ]: L=+1.00 R=+1.00 | carry=1 | base=0.45 ba=+0.00 | site=0 sd=0.00 sa=+0.00 | phero=0 pd=0.00 pa=+0.00 | srch=0.00 | wall=1.32
R3[T1][SITE      ]: L=+0.63 R=+0.56 | carry=0 | base=0.56 ba=-0.88 | site=1 sd=0.01 sa=-0.05 | phero=0 pd=0.00 pa=+0.00 | srch=0.22 | wall=1.09
R4[T1][EXPLORE   ]: L=+1.00 R=+0.68 | carry=0 | base=0.60 ba=-0.08 | site=0 sd=0.00 sa=+0.00 | phero=0 pd=0.00 pa=+0.00 | srch=0.76 | wall=0.55

[PICKUP] Robot 1 picked up tag (density=3) | Total: 37
[GIVE-UP] R4 giving up after 3152 steps
[GIVE-UP] R3 giving up after 1050 steps
[PICKUP] Robot 3 picked up tag (density=15) | Total: 38
[DEPOSIT] Robot 1 deposited! Total: 36
  [PHERO] Laid at (0.55, 1.22) density=3 prob=0.65 total_entries=10
  [TARGET] Robot 1 → SITE (0.55,1.22)

======================================================================
Step 12000 (6.4 min) | Pickups: 38 | Deposits: 36 | Rate: 5.62 tags/min | phero_entries=9 phero_max=0.906
======================================================================
R1[T1][BASE_ESC  ]: L=+0.00 R=+1.00 | carry=0 | base=0.04 ba=-0.54 | site=1 sd=0.23 sa=+0.53 | phero=0 pd=0.00 pa=+0.00 | srch=0.02 | wall=3.32
R2[T1][RTB       ]: L=+1.00 R=+1.00 | carry=1 | base=0.06 ba=+0.00 | site=0 sd=0.00 sa=+0.00 | phero=0 pd=0.00 pa=+0.00 | srch=0.00 | wall=3.21
R3[T1][RTB       ]: L=+1.00 R=+1.00 | carry=1 | base=0.49 ba=-0.00 | site=0 sd=0.00 sa=+0.00 | phero=0 pd=0.00 pa=+0.00 | srch=0.00 | wall=1.53
R4[T1][GIVE_UP   ]: L=+1.00 R=+1.00 | carry=0 | base=0.21 ba=-0.00 | site=0 sd=0.00 sa=+0.00 | phero=0 pd=0.00 pa=+0.00 | srch=0.89 | wall=2.45

[DEPOSIT] Robot 2 deposited! Total: 37
  [PHERO] Laid at (-0.50, -2.60) density=11 prob=1.00 total_entries=10
  [TARGET] Robot 2 → SITE (-0.50,-2.60)
[EMPTY_RTN] R4 → phero(0.55,1.22)

======================================================================
Step 12500 (6.7 min) | Pickups: 38 | Deposits: 37 | Rate: 5.55 tags/min | phero_entries=10 phero_max=0.457
======================================================================
R1[T1][EXPLORE   ]: L=+1.00 R=+1.00 | carry=0 | base=0.31 ba=+0.73 | site=0 sd=0.00 sa=+0.00 | phero=0 pd=0.00 pa=+0.00 | srch=0.14 | wall=1.99
R2[T1][SITE      ]: L=+1.00 R=+0.97 | carry=0 | base=0.33 ba=-0.89 | site=1 sd=0.28 sa=-0.21 | phero=0 pd=0.00 pa=+0.00 | srch=0.12 | wall=1.91
R3[T1][RTB       ]: L=+1.00 R=+1.00 | carry=1 | base=0.11 ba=-0.00 | site=0 sd=0.00 sa=+0.00 | phero=0 pd=0.00 pa=+0.00 | srch=0.00 | wall=3.08
R4[T1][PHERO     ]: L=+0.50 R=+0.50 | carry=0 | base=0.14 ba=-0.96 | site=0 sd=0.00 sa=+0.00 | phero=1 pd=0.13 pa=+0.10 | srch=0.07 | wall=2.90

[DEPOSIT] Robot 3 deposited! Total: 38
  [PHERO] Laid at (-1.82, -2.48) density=15 prob=1.00 total_entries=10
  [TARGET] Robot 3 → SITE (-1.82,-2.48)
[PICKUP] Robot 2 picked up tag (density=10) | Total: 39
[PICKUP] Robot 4 picked up tag (density=2) | Total: 40

======================================================================
Step 13000 (6.9 min) | Pickups: 40 | Deposits: 38 | Rate: 5.48 tags/min | phero_entries=8 phero_max=0.504
======================================================================
R1[T1][EXPLORE   ]: L=+1.00 R=+1.00 | carry=0 | base=0.63 ba=+0.87 | site=0 sd=0.00 sa=+0.00 | phero=0 pd=0.00 pa=+0.00 | srch=0.27 | wall=0.48
R2[T1][RTB       ]: L=+1.00 R=+1.00 | carry=1 | base=0.44 ba=-0.00 | site=0 sd=0.00 sa=+0.00 | phero=0 pd=0.00 pa=+0.00 | srch=0.00 | wall=1.34
R3[T1][SITE      ]: L=+0.68 R=+0.67 | carry=0 | base=0.26 ba=+0.93 | site=1 sd=0.37 sa=-0.09 | phero=0 pd=0.00 pa=+0.00 | srch=0.11 | wall=2.46
R4[T1][RTB       ]: L=+0.47 R=+1.00 | carry=1 | base=0.28 ba=+0.20 | site=0 sd=0.00 sa=+0.00 | phero=0 pd=0.00 pa=+0.00 | srch=0.00 | wall=2.27

[DEPOSIT] Robot 4 deposited! Total: 39
  [PHERO] Laid at (0.68, 1.21) density=2 prob=0.42 total_entries=9
  [TARGET] Robot 4 → PHERO (0.68,1.21)
[DEPOSIT] Robot 2 deposited! Total: 40
  [PHERO] Laid at (-0.12, -2.57) density=10 prob=1.00 total_entries=9
  [TARGET] Robot 2 → SITE (-0.12,-2.57)

======================================================================
Step 13500 (7.2 min) | Pickups: 40 | Deposits: 40 | Rate: 5.56 tags/min | phero_entries=9 phero_max=0.998
======================================================================
R1[T1][EXPLORE   ]: L=+1.00 R=+1.00 | carry=0 | base=0.44 ba=+0.21 | site=0 sd=0.00 sa=+0.00 | phero=0 pd=0.00 pa=+0.00 | srch=0.39 | wall=1.72
R2[T1][BASE_ESC  ]: L=+0.00 R=+1.00 | carry=0 | base=0.05 ba=-0.00 | site=1 sd=0.47 sa=-0.98 | phero=0 pd=0.00 pa=+0.00 | srch=0.00 | wall=3.26
R3[T1][SITE      ]: L=+1.00 R=+1.00 | carry=0 | base=0.50 ba=+0.97 | site=1 sd=0.13 sa=-0.07 | phero=0 pd=0.00 pa=+0.00 | srch=0.23 | wall=1.48
R4[T1][PHERO     ]: L=-0.35 R=+1.00 | carry=0 | base=0.08 ba=-0.82 | site=0 sd=0.00 sa=+0.00 | phero=1 pd=0.21 pa=+0.18 | srch=0.05 | wall=3.18

[PICKUP] Robot 3 picked up tag (density=14) | Total: 41
[PICKUP] Robot 4 picked up tag (density=1) | Total: 42

======================================================================
Step 14000 (7.5 min) | Pickups: 42 | Deposits: 40 | Rate: 5.36 tags/min | phero_entries=9 phero_max=0.449
======================================================================
R1[T1][EXPLORE   ]: L=+1.00 R=+1.00 | carry=0 | base=0.28 ba=+0.55 | site=0 sd=0.00 sa=+0.00 | phero=0 pd=0.00 pa=+0.00 | srch=0.52 | wall=2.13
R2[T1][SITE      ]: L=+1.00 R=+1.00 | carry=0 | base=0.35 ba=+0.97 | site=1 sd=0.20 sa=+0.17 | phero=0 pd=0.00 pa=+0.00 | srch=0.13 | wall=1.85
R3[T1][RTB       ]: L=+1.00 R=+1.00 | carry=1 | base=0.22 ba=-0.00 | site=0 sd=0.00 sa=+0.00 | phero=0 pd=0.00 pa=+0.00 | srch=0.00 | wall=2.62
R4[T1][RTB       ]: L=+0.90 R=+1.00 | carry=1 | base=0.26 ba=+0.04 | site=0 sd=0.00 sa=+0.00 | phero=0 pd=0.00 pa=+0.00 | srch=0.00 | wall=2.34

[DEPOSIT] Robot 3 deposited! Total: 41
  [PHERO] Laid at (-1.42, -2.05) density=14 prob=1.00 total_entries=9
  [TARGET] Robot 3 → SITE (-1.42,-2.05)
[PICKUP] Robot 2 picked up tag (density=9) | Total: 43
[DEPOSIT] Robot 4 deposited! Total: 42
  [TARGET] Robot 4 → SITE (0.70,1.23)

======================================================================
Step 14500 (7.7 min) | Pickups: 43 | Deposits: 42 | Rate: 5.43 tags/min | phero_entries=9 phero_max=0.642
======================================================================
R1[T1][EXPLORE   ]: L=+1.00 R=+1.00 | carry=0 | base=0.50 ba=+0.80 | site=0 sd=0.00 sa=+0.00 | phero=0 pd=0.00 pa=+0.00 | srch=0.64 | wall=1.45
R2[T1][RTB       ]: L=+1.00 R=+1.00 | carry=1 | base=0.38 ba=+0.00 | site=0 sd=0.00 sa=+0.00 | phero=0 pd=0.00 pa=+0.00 | srch=0.00 | wall=1.64
R3[T1][SITE      ]: L=+0.96 R=+0.96 | carry=0 | base=0.17 ba=+0.95 | site=1 sd=0.34 sa=+0.02 | phero=0 pd=0.00 pa=+0.00 | srch=0.07 | wall=2.89
R4[T1][SITE      ]: L=+1.00 R=+1.00 | carry=0 | base=0.11 ba=-0.90 | site=1 sd=0.17 sa=+0.11 | phero=0 pd=0.00 pa=+0.00 | srch=0.06 | wall=3.01

[DEPOSIT] Robot 2 deposited! Total: 43
  [PHERO] Laid at (-0.31, -2.53) density=9 prob=1.00 total_entries=9
  [TARGET] Robot 2 → SITE (-0.31,-2.53)
[PICKUP] Robot 3 picked up tag (density=13) | Total: 44

======================================================================
Step 15000 (8.0 min) | Pickups: 44 | Deposits: 43 | Rate: 5.38 tags/min | phero_entries=8 phero_max=0.881
======================================================================
R1[T1][EXPLORE   ]: L=+1.00 R=+1.00 | carry=0 | base=0.61 ba=+0.11 | site=0 sd=0.00 sa=+0.00 | phero=0 pd=0.00 pa=+0.00 | srch=0.77 | wall=0.65
R2[T1][BASE_ESC  ]: L=+1.00 R=+0.00 | carry=0 | base=0.04 ba=+0.66 | site=1 sd=0.47 sa=-0.41 | phero=0 pd=0.00 pa=+0.00 | srch=0.02 | wall=3.28
R3[T1][RTB       ]: L=+0.00 R=+1.00 | carry=1 | base=0.52 ba=+0.81 | site=0 sd=0.00 sa=+0.00 | phero=0 pd=0.00 pa=+0.00 | srch=0.00 | wall=1.40
R4[T1][EXPLORE   ]: L=+1.00 R=+1.00 | carry=0 | base=0.29 ba=-0.64 | site=0 sd=0.00 sa=+0.00 | phero=0 pd=0.00 pa=+0.00 | srch=0.18 | wall=2.28

[GIVE-UP] R1 giving up after 3424 steps

======================================================================
Step 15500 (8.3 min) | Pickups: 44 | Deposits: 43 | Rate: 5.20 tags/min | phero_entries=7 phero_max=0.396
======================================================================
R1[T1][GIVE_UP   ]: L=+1.00 R=+1.00 | carry=0 | base=0.26 ba=+0.00 | site=0 sd=0.00 sa=+0.00 | phero=0 pd=0.00 pa=+0.00 | srch=0.89 | wall=2.21
R2[T1][SITE      ]: L=+1.00 R=+0.96 | carry=0 | base=0.39 ba=-0.80 | site=1 sd=0.23 sa=-0.18 | phero=0 pd=0.00 pa=+0.00 | srch=0.14 | wall=1.67
R3[T1][RTB       ]: L=+1.00 R=+1.00 | carry=1 | base=0.21 ba=+0.00 | site=0 sd=0.00 sa=+0.00 | phero=0 pd=0.00 pa=+0.00 | srch=0.00 | wall=2.62
R4[T1][EXPLORE   ]: L=+1.00 R=+0.70 | carry=0 | base=0.42 ba=+0.16 | site=0 sd=0.00 sa=+0.00 | phero=0 pd=0.00 pa=+0.00 | srch=0.31 | wall=1.54

[DEPOSIT] Robot 3 deposited! Total: 44
  [PHERO] Laid at (-1.45, -2.08) density=13 prob=1.00 total_entries=8
  [TARGET] Robot 3 → SITE (-1.45,-2.08)
[EMPTY_RTN] R1 → phero(-0.31,-2.53)
[PICKUP] Robot 2 picked up tag (density=8) | Total: 45

======================================================================
Step 16000 (8.5 min) | Pickups: 45 | Deposits: 44 | Rate: 5.16 tags/min | phero_entries=8 phero_max=0.624
======================================================================
R1[T1][PHERO     ]: L=+1.00 R=+1.00 | carry=0 | base=0.14 ba=+0.97 | site=0 sd=0.00 sa=+0.00 | phero=1 pd=0.40 pa=-0.24 | srch=0.06 | wall=2.87
R2[T1][RTB       ]: L=+1.00 R=+1.00 | carry=1 | base=0.40 ba=-0.00 | site=0 sd=0.00 sa=+0.00 | phero=0 pd=0.00 pa=+0.00 | srch=0.00 | wall=1.54
R3[T1][SITE      ]: L=+0.36 R=+0.33 | carry=0 | base=0.12 ba=-0.92 | site=1 sd=0.39 sa=+0.04 | phero=0 pd=0.00 pa=+0.00 | srch=0.07 | wall=2.98
R4[T1][EXPLORE   ]: L=+1.00 R=-0.14 | carry=0 | base=0.50 ba=-0.98 | site=0 sd=0.00 sa=+0.00 | phero=0 pd=0.00 pa=+0.00 | srch=0.43 | wall=1.20

[DEPOSIT] Robot 2 deposited! Total: 45
  [PHERO] Laid at (-0.23, -2.53) density=8 prob=1.00 total_entries=7
  [TARGET] Robot 2 → SITE (-0.23,-2.53)

======================================================================
Step 16500 (8.8 min) | Pickups: 45 | Deposits: 45 | Rate: 5.11 tags/min | phero_entries=7 phero_max=0.922
======================================================================
R1[T1][PHERO     ]: L=+1.00 R=+0.95 | carry=0 | base=0.52 ba=-0.89 | site=0 sd=0.00 sa=+0.00 | phero=1 pd=0.28 pa=-0.48 | srch=0.18 | wall=1.17
R2[T1][BASE_ESC  ]: L=+0.00 R=+1.00 | carry=0 | base=0.04 ba=-0.49 | site=1 sd=0.47 sa=+0.56 | phero=0 pd=0.00 pa=+0.00 | srch=0.01 | wall=3.29
R3[T1][SITE      ]: L=+1.00 R=+1.00 | carry=0 | base=0.31 ba=+0.96 | site=1 sd=0.20 sa=-0.03 | phero=0 pd=0.00 pa=+0.00 | srch=0.20 | wall=2.24
R4[T1][EXPLORE   ]: L=+1.00 R=+0.74 | carry=0 | base=0.50 ba=+0.62 | site=0 sd=0.00 sa=+0.00 | phero=0 pd=0.00 pa=+0.00 | srch=0.56 | wall=1.22

[PICKUP] Robot 3 picked up tag (density=12) | Total: 46
[PICKUP] Robot 1 picked up tag (density=7) | Total: 47

======================================================================
Step 17000 (9.1 min) | Pickups: 47 | Deposits: 45 | Rate: 4.96 tags/min | phero_entries=6 phero_max=0.414
======================================================================
R1[T1][RTB       ]: L=+1.00 R=+0.76 | carry=1 | base=0.57 ba=-0.09 | site=0 sd=0.00 sa=+0.00 | phero=0 pd=0.00 pa=+0.00 | srch=0.00 | wall=0.69
R2[T1][SITE      ]: L=+0.94 R=+1.00 | carry=0 | base=0.39 ba=+0.97 | site=1 sd=0.19 sa=+0.28 | phero=0 pd=0.00 pa=+0.00 | srch=0.14 | wall=1.73
R3[T1][RTB       ]: L=+1.00 R=+0.98 | carry=1 | base=0.48 ba=-0.01 | site=0 sd=0.00 sa=+0.00 | phero=0 pd=0.00 pa=+0.00 | srch=0.00 | wall=1.60
R4[T1][EXPLORE   ]: L=+1.00 R=+1.00 | carry=0 | base=0.56 ba=+0.55 | site=0 sd=0.00 sa=+0.00 | phero=0 pd=0.00 pa=+0.00 | srch=0.68 | wall=1.01

[PICKUP] Robot 2 picked up tag (density=6) | Total: 48

======================================================================
Step 17500 (9.3 min) | Pickups: 48 | Deposits: 45 | Rate: 4.82 tags/min | phero_entries=6 phero_max=0.186
======================================================================
R1[T1][RTB       ]: L=+1.00 R=+1.00 | carry=1 | base=0.18 ba=-0.00 | site=0 sd=0.00 sa=+0.00 | phero=0 pd=0.00 pa=+0.00 | srch=0.00 | wall=2.60
R2[T1][RTB       ]: L=+1.00 R=+1.00 | carry=1 | base=0.40 ba=+0.00 | site=0 sd=0.00 sa=+0.00 | phero=0 pd=0.00 pa=+0.00 | srch=0.00 | wall=1.56
R3[T1][RTB       ]: L=+1.00 R=+1.00 | carry=1 | base=0.09 ba=-0.00 | site=0 sd=0.00 sa=+0.00 | phero=0 pd=0.00 pa=+0.00 | srch=0.00 | wall=3.13
R4[T1][EXPLORE   ]: L=+1.00 R=+1.00 | carry=0 | base=0.73 ba=+0.72 | site=0 sd=0.00 sa=+0.00 | phero=0 pd=0.00 pa=+0.00 | srch=0.81 | wall=0.42

[DEPOSIT] Robot 3 deposited! Total: 46
  [PHERO] Laid at (-1.49, -2.13) density=12 prob=1.00 total_entries=7
  [TARGET] Robot 3 → SITE (-1.49,-2.13)
[DEPOSIT] Robot 1 deposited! Total: 47
  [PHERO] Laid at (-0.14, -2.90) density=7 prob=0.99 total_entries=7
  [TARGET] Robot 1 → SITE (-0.14,-2.90)
[DEPOSIT] Robot 2 deposited! Total: 48
  [PHERO] Laid at (-0.43, -2.60) density=6 prob=0.97 total_entries=7
  [TARGET] Robot 2 → SITE (-0.43,-2.60)

======================================================================
Step 18000 (9.6 min) | Pickups: 48 | Deposits: 48 | Rate: 5.00 tags/min | phero_entries=7 phero_max=0.917
======================================================================
R1[T1][SITE      ]: L=+1.00 R=+1.00 | carry=0 | base=0.22 ba=-0.97 | site=1 sd=0.42 sa=+0.29 | phero=0 pd=0.00 pa=+0.00 | srch=0.08 | wall=2.61
R2[T1][BASE_ESC  ]: L=+1.00 R=+0.00 | carry=0 | base=0.04 ba=+0.46 | site=1 sd=0.49 sa=-0.59 | phero=0 pd=0.00 pa=+0.00 | srch=0.01 | wall=3.28
R3[T1][SITE      ]: L=+1.00 R=+1.00 | carry=0 | base=0.28 ba=+0.97 | site=1 sd=0.24 sa=-0.09 | phero=0 pd=0.00 pa=+0.00 | srch=0.11 | wall=2.29
R4[T1][EXPLORE   ]: L=+1.00 R=+1.00 | carry=0 | base=0.54 ba=+0.23 | site=0 sd=0.00 sa=+0.00 | phero=0 pd=0.00 pa=+0.00 | srch=0.93 | wall=0.91

[GIVE-UP] R4 giving up after 4057 steps
[PICKUP] Robot 3 picked up tag (density=11) | Total: 49

======================================================================
Step 18500 (9.9 min) | Pickups: 49 | Deposits: 48 | Rate: 4.86 tags/min | phero_entries=7 phero_max=0.412
======================================================================
R1[T1][SITE      ]: L=+0.94 R=+1.00 | carry=0 | base=0.57 ba=+0.73 | site=1 sd=0.23 sa=+0.27 | phero=0 pd=0.00 pa=+0.00 | srch=0.21 | wall=0.96
R2[T1][SITE      ]: L=+1.00 R=+1.00 | carry=0 | base=0.39 ba=+0.99 | site=1 sd=0.30 sa=-0.46 | phero=0 pd=0.00 pa=+0.00 | srch=0.14 | wall=1.73
R3[T1][RTB       ]: L=+1.00 R=+0.99 | carry=1 | base=0.47 ba=-0.00 | site=0 sd=0.00 sa=+0.00 | phero=0 pd=0.00 pa=+0.00 | srch=0.00 | wall=1.65
R4[T1][GIVE_UP   ]: L=+1.00 R=+1.00 | carry=0 | base=0.33 ba=+0.00 | site=0 sd=0.00 sa=+0.00 | phero=0 pd=0.00 pa=+0.00 | srch=1.00 | wall=1.90

[EMPTY_RTN] R4 → phero(-0.14,-2.90)

======================================================================
Step 19000 (10.1 min) | Pickups: 49 | Deposits: 48 | Rate: 4.74 tags/min | phero_entries=6 phero_max=0.185
======================================================================
R1[T1][EXPLORE   ]: L=+1.00 R=+1.00 | carry=0 | base=0.51 ba=+0.11 | site=0 sd=0.00 sa=+0.00 | phero=0 pd=0.00 pa=+0.00 | srch=0.33 | wall=0.97
R2[T1][SITE      ]: L=+1.00 R=+0.93 | carry=0 | base=0.60 ba=-0.44 | site=1 sd=0.14 sa=-0.14 | phero=0 pd=0.00 pa=+0.00 | srch=0.26 | wall=0.52
R3[T1][RTB       ]: L=+1.00 R=+1.00 | carry=1 | base=0.08 ba=-0.00 | site=0 sd=0.00 sa=+0.00 | phero=0 pd=0.00 pa=+0.00 | srch=0.00 | wall=3.19
R4[T1][PHERO     ]: L=-1.00 R=+1.00 | carry=0 | base=0.05 ba=+0.53 | site=0 sd=0.00 sa=+0.00 | phero=1 pd=0.63 pa=+0.37 | srch=0.03 | wall=3.27

[DEPOSIT] Robot 3 deposited! Total: 49
  [PHERO] Laid at (-1.49, -2.16) density=11 prob=1.00 total_entries=7
  [TARGET] Robot 3 → SITE (-1.49,-2.16)
[PICKUP] Robot 2 picked up tag (density=5) | Total: 50

======================================================================
Step 19500 (10.4 min) | Pickups: 50 | Deposits: 49 | Rate: 4.71 tags/min | phero_entries=6 phero_max=0.477
======================================================================
R1[T1][EXPLORE   ]: L=+1.00 R=+1.00 | carry=0 | base=0.17 ba=+0.29 | site=0 sd=0.00 sa=+0.00 | phero=0 pd=0.00 pa=+0.00 | srch=0.46 | wall=2.81
R2[T1][RTB       ]: L=+1.00 R=+1.00 | carry=1 | base=0.29 ba=-0.00 | site=0 sd=0.00 sa=+0.00 | phero=0 pd=0.00 pa=+0.00 | srch=0.00 | wall=2.09
R3[T1][SITE      ]: L=+1.00 R=+1.00 | carry=0 | base=0.30 ba=+0.97 | site=1 sd=0.23 sa=-0.10 | phero=0 pd=0.00 pa=+0.00 | srch=0.12 | wall=2.19
R4[T1][PHERO     ]: L=+0.98 R=+1.00 | carry=0 | base=0.27 ba=+0.90 | site=0 sd=0.00 sa=+0.00 | phero=1 pd=0.44 pa=+0.29 | srch=0.16 | wall=2.49

[DEPOSIT] Robot 2 deposited! Total: 50
  [PHERO] Laid at (-0.15, -2.84) density=5 prob=0.92 total_entries=7
  [TARGET] Robot 2 → SITE (-0.15,-2.84)
[PICKUP] Robot 3 picked up tag (density=10) | Total: 51
[GIVE-UP] R1 giving up after 2305 steps

======================================================================
Step 20000 (10.7 min) | Pickups: 51 | Deposits: 50 | Rate: 4.69 tags/min | phero_entries=7 phero_max=0.731
======================================================================
R1[T1][GIVE_UP   ]: L=+0.00 R=+1.00 | carry=0 | base=0.30 ba=+0.60 | site=0 sd=0.00 sa=+0.00 | phero=0 pd=0.00 pa=+0.00 | srch=0.58 | wall=2.40
R2[T1][SITE      ]: L=+1.00 R=+1.00 | carry=0 | base=0.11 ba=-0.98 | site=1 sd=0.47 sa=+0.19 | phero=0 pd=0.00 pa=+0.00 | srch=0.05 | wall=3.00
R3[T1][RTB       ]: L=+1.00 R=+0.00 | carry=1 | base=0.54 ba=-0.49 | site=0 sd=0.00 sa=+0.00 | phero=0 pd=0.00 pa=+0.00 | srch=0.00 | wall=1.33
R4[T1][PHERO     ]: L=+0.60 R=+0.63 | carry=0 | base=0.52 ba=+0.65 | site=0 sd=0.00 sa=+0.00 | phero=1 pd=0.22 pa=+0.11 | srch=0.28 | wall=1.17

[PICKUP] Robot 4 picked up tag (density=4) | Total: 52
[EMPTY_RTN] R1 → phero(-0.15,-2.84)

======================================================================
Step 20500 (10.9 min) | Pickups: 52 | Deposits: 50 | Rate: 4.57 tags/min | phero_entries=6 phero_max=0.328
======================================================================
R1[T1][PHERO     ]: L=+1.00 R=+0.49 | carry=0 | base=0.05 ba=+0.87 | site=0 sd=0.00 sa=+0.00 | phero=1 pd=0.62 pa=+0.98 | srch=0.03 | wall=3.27
R2[T1][SITE      ]: L=+0.96 R=+1.00 | carry=0 | base=0.48 ba=+0.77 | site=1 sd=0.16 sa=+0.11 | phero=0 pd=0.00 pa=+0.00 | srch=0.17 | wall=1.24
R3[T1][RTB       ]: L=+1.00 R=+1.00 | carry=1 | base=0.19 ba=-0.00 | site=0 sd=0.00 sa=+0.00 | phero=0 pd=0.00 pa=+0.00 | srch=0.00 | wall=2.77
R4[T1][RTB       ]: L=+1.00 R=+1.00 | carry=1 | base=0.36 ba=+0.00 | site=0 sd=0.00 sa=+0.00 | phero=0 pd=0.00 pa=+0.00 | srch=0.00 | wall=1.73

[PICKUP] Robot 2 picked up tag (density=3) | Total: 53
[DEPOSIT] Robot 3 deposited! Total: 51
  [PHERO] Laid at (-1.50, -2.17) density=10 prob=1.00 total_entries=7
  [TARGET] Robot 3 → SITE (-1.50,-2.17)
[DEPOSIT] Robot 4 deposited! Total: 52
  [PHERO] Laid at (-0.62, -2.66) density=4 prob=0.82 total_entries=7
  [TARGET] Robot 4 → SITE (-0.62,-2.66)

======================================================================
Step 21000 (11.2 min) | Pickups: 53 | Deposits: 52 | Rate: 4.64 tags/min | phero_entries=7 phero_max=0.858
======================================================================
R1[T1][PHERO     ]: L=+1.00 R=+1.00 | carry=0 | base=0.26 ba=+0.81 | site=0 sd=0.00 sa=+0.00 | phero=1 pd=0.70 pa=+0.52 | srch=0.15 | wall=2.31
R2[T1][RTB       ]: L=+1.00 R=+1.00 | carry=1 | base=0.31 ba=+0.00 | site=0 sd=0.00 sa=+0.00 | phero=0 pd=0.00 pa=+0.00 | srch=0.00 | wall=2.00
R3[T1][SITE      ]: L=+0.21 R=+0.25 | carry=0 | base=0.07 ba=-0.96 | site=1 sd=0.47 sa=+0.19 | phero=0 pd=0.00 pa=+0.00 | srch=0.08 | wall=3.20
R4[T1][BASE_ESC  ]: L=+1.00 R=+0.12 | carry=0 | base=0.05 ba=+0.81 | site=1 sd=0.51 sa=-0.27 | phero=0 pd=0.00 pa=+0.00 | srch=0.02 | wall=3.27

[DEPOSIT] Robot 2 deposited! Total: 53
  [PHERO] Laid at (-0.46, -2.65) density=3 prob=0.65 total_entries=8
  [TARGET] Robot 2 → SITE (-0.46,-2.65)

======================================================================
Step 21500 (11.5 min) | Pickups: 53 | Deposits: 53 | Rate: 4.62 tags/min | phero_entries=8 phero_max=0.763
======================================================================
R1[T1][PHERO     ]: L=+1.00 R=+1.00 | carry=0 | base=0.62 ba=+0.93 | site=0 sd=0.00 sa=+0.00 | phero=1 pd=0.82 pa=+0.68 | srch=0.28 | wall=0.44
R2[T1][SITE      ]: L=+1.00 R=+0.98 | carry=0 | base=0.08 ba=-0.88 | site=1 sd=0.47 sa=+0.04 | phero=0 pd=0.00 pa=+0.00 | srch=0.04 | wall=3.11
R3[T1][SITE      ]: L=+0.75 R=+0.76 | carry=0 | base=0.18 ba=+1.00 | site=1 sd=0.37 sa=+0.16 | phero=0 pd=0.00 pa=+0.00 | srch=0.21 | wall=2.75
R4[T1][SITE      ]: L=+1.00 R=+1.00 | carry=0 | base=0.40 ba=-0.98 | site=1 sd=0.15 sa=+0.13 | phero=0 pd=0.00 pa=+0.00 | srch=0.15 | wall=1.60

[PICKUP] Robot 4 picked up tag (density=2) | Total: 54

======================================================================
Step 22000 (11.7 min) | Pickups: 54 | Deposits: 53 | Rate: 4.52 tags/min | phero_entries=6 phero_max=0.343
======================================================================
R1[T1][PHERO     ]: L=+1.00 R=+1.00 | carry=0 | base=0.40 ba=+0.25 | site=0 sd=0.00 sa=+0.00 | phero=1 pd=0.56 pa=-0.14 | srch=0.40 | wall=1.62
R2[T1][SITE      ]: L=+1.00 R=+1.00 | carry=0 | base=0.46 ba=+1.00 | site=1 sd=0.09 sa=+0.14 | phero=0 pd=0.00 pa=+0.00 | srch=0.17 | wall=1.28
R3[T1][SITE      ]: L=-0.10 R=-0.10 | carry=0 | base=0.45 ba=+0.82 | site=1 sd=0.10 sa=+0.01 | phero=0 pd=0.00 pa=+0.00 | srch=0.33 | wall=1.82
R4[T1][RTB       ]: L=+0.89 R=+1.00 | carry=1 | base=0.52 ba=+0.04 | site=0 sd=0.00 sa=+0.00 | phero=0 pd=0.00 pa=+0.00 | srch=0.00 | wall=0.93

[PICKUP] Robot 2 picked up tag (density=1) | Total: 55

======================================================================
Step 22500 (12.0 min) | Pickups: 55 | Deposits: 53 | Rate: 4.42 tags/min | phero_entries=5 phero_max=0.154
======================================================================
R1[T1][PHERO     ]: L=+1.00 R=+1.00 | carry=0 | base=0.31 ba=+0.61 | site=0 sd=0.00 sa=+0.00 | phero=1 pd=0.27 pa=-0.36 | srch=0.53 | wall=1.98
R2[T1][RTB       ]: L=+1.00 R=+1.00 | carry=1 | base=0.33 ba=+0.00 | site=0 sd=0.00 sa=+0.00 | phero=0 pd=0.00 pa=+0.00 | srch=0.00 | wall=1.86
R3[T1][SITE      ]: L=-0.17 R=-0.17 | carry=0 | base=0.39 ba=+0.77 | site=1 sd=0.17 sa=-0.01 | phero=0 pd=0.00 pa=+0.00 | srch=0.46 | wall=2.09
R4[T1][RTB       ]: L=+1.00 R=+1.00 | carry=1 | base=0.14 ba=+0.00 | site=0 sd=0.00 sa=+0.00 | phero=0 pd=0.00 pa=+0.00 | srch=0.00 | wall=2.83

[DEPOSIT] Robot 4 deposited! Total: 54
  [PHERO] Laid at (-0.48, -2.69) density=2 prob=0.42 total_entries=6
  [TARGET] Robot 4 → SITE (-0.48,-2.69)
[DEPOSIT] Robot 2 deposited! Total: 55
  [TARGET] Robot 2 → PHERO (-0.48,-2.69)

======================================================================
Step 23000 (12.3 min) | Pickups: 55 | Deposits: 55 | Rate: 4.48 tags/min | phero_entries=6 phero_max=0.538
======================================================================
R1[T1][PHERO     ]: L=+1.00 R=+0.94 | carry=0 | base=0.58 ba=+0.97 | site=0 sd=0.00 sa=+0.00 | phero=1 pd=0.33 pa=-0.63 | srch=0.65 | wall=1.01
R2[T1][PHERO     ]: L=+1.00 R=+0.97 | carry=0 | base=0.07 ba=+0.98 | site=0 sd=0.00 sa=+0.00 | phero=1 pd=0.49 pa=-0.15 | srch=0.03 | wall=3.18
R3[T1][SITE      ]: L=+0.27 R=+0.29 | carry=0 | base=0.50 ba=+0.79 | site=1 sd=0.06 sa=+0.09 | phero=0 pd=0.00 pa=+0.00 | srch=0.58 | wall=1.59
R4[T1][SITE      ]: L=+0.91 R=+0.93 | carry=0 | base=0.20 ba=-0.97 | site=1 sd=0.38 sa=+0.24 | phero=0 pd=0.00 pa=+0.00 | srch=0.10 | wall=2.70

[PICKUP] Robot 3 picked up tag (density=9) | Total: 56

======================================================================
Step 23500 (12.5 min) | Pickups: 56 | Deposits: 55 | Rate: 4.39 tags/min | phero_entries=5 phero_max=0.242
======================================================================
R1[T1][PHERO     ]: L=+1.00 R=+1.00 | carry=0 | base=0.55 ba=-0.14 | site=0 sd=0.00 sa=+0.00 | phero=1 pd=0.23 pa=+0.33 | srch=0.78 | wall=0.94
R2[T1][PHERO     ]: L=+0.90 R=+0.91 | carry=0 | base=0.43 ba=-0.96 | site=0 sd=0.00 sa=+0.00 | phero=1 pd=0.13 pa=+0.13 | srch=0.16 | wall=1.45
R3[T1][RTB       ]: L=+1.00 R=+1.00 | carry=1 | base=0.29 ba=+0.00 | site=0 sd=0.00 sa=+0.00 | phero=0 pd=0.00 pa=+0.00 | srch=0.00 | wall=2.28
R4[T1][SITE      ]: L=+0.93 R=+1.00 | carry=0 | base=0.53 ba=+0.70 | site=1 sd=0.06 sa=+0.11 | phero=0 pd=0.00 pa=+0.00 | srch=0.22 | wall=0.98

[DEPOSIT] Robot 3 deposited! Total: 56
  [PHERO] Laid at (-1.51, -2.17) density=9 prob=1.00 total_entries=6
  [TARGET] Robot 3 → SITE (-1.51,-2.17)

======================================================================
Step 24000 (12.8 min) | Pickups: 56 | Deposits: 56 | Rate: 4.38 tags/min | phero_entries=6 phero_max=0.740
======================================================================
R1[T1][EXPLORE   ]: L=+1.00 R=+1.00 | carry=0 | base=0.64 ba=-0.89 | site=0 sd=0.00 sa=+0.00 | phero=0 pd=0.00 pa=+0.00 | srch=0.90 | wall=0.36
R2[T1][EXPLORE   ]: L=+1.00 R=+1.00 | carry=0 | base=0.48 ba=+0.40 | site=0 sd=0.00 sa=+0.00 | phero=0 pd=0.00 pa=+0.00 | srch=0.28 | wall=1.14
R3[T1][SITE      ]: L=+1.00 R=+0.99 | carry=0 | base=0.11 ba=+0.95 | site=1 sd=0.44 sa=-0.23 | phero=0 pd=0.00 pa=+0.00 | srch=0.05 | wall=2.96
R4[T1][EXPLORE   ]: L=+1.00 R=+1.00 | carry=0 | base=0.66 ba=+0.44 | site=0 sd=0.00 sa=+0.00 | phero=0 pd=0.00 pa=+0.00 | srch=0.35 | wall=0.36

[GIVE-UP] R2 giving up after 1531 steps

======================================================================
Step 24500 (13.1 min) | Pickups: 56 | Deposits: 56 | Rate: 4.29 tags/min | phero_entries=5 phero_max=0.333
======================================================================
R1[T1][EXPLORE   ]: L=+1.00 R=+1.00 | carry=0 | base=0.42 ba=-0.31 | site=0 sd=0.00 sa=+0.00 | phero=0 pd=0.00 pa=+0.00 | srch=1.00 | wall=1.73
R2[T1][GIVE_UP   ]: L=+0.95 R=+1.00 | carry=0 | base=0.45 ba=+0.02 | site=0 sd=0.00 sa=+0.00 | phero=0 pd=0.00 pa=+0.00 | srch=0.41 | wall=1.88
R3[T1][SITE      ]: L=+1.00 R=+0.69 | carry=0 | base=0.47 ba=-0.88 | site=1 sd=0.08 sa=-0.05 | phero=0 pd=0.00 pa=+0.00 | srch=0.17 | wall=1.51
R4[T1][EXPLORE   ]: L=+1.00 R=+0.71 | carry=0 | base=0.68 ba=-0.99 | site=0 sd=0.00 sa=+0.00 | phero=0 pd=0.00 pa=+0.00 | srch=0.47 | wall=0.56

[PICKUP] Robot 3 picked up tag (density=8) | Total: 57

======================================================================
Step 25000 (13.3 min) | Pickups: 57 | Deposits: 56 | Rate: 4.20 tags/min | phero_entries=4 phero_max=0.149
======================================================================
R1[T1][EXPLORE   ]: L=+1.00 R=+1.00 | carry=0 | base=0.38 ba=-0.64 | site=0 sd=0.00 sa=+0.00 | phero=0 pd=0.00 pa=+0.00 | srch=1.00 | wall=1.61
R2[T1][GIVE_UP   ]: L=+1.00 R=+1.00 | carry=0 | base=0.06 ba=+0.00 | site=0 sd=0.00 sa=+0.00 | phero=0 pd=0.00 pa=+0.00 | srch=0.53 | wall=3.28
R3[T1][RTB       ]: L=+1.00 R=+1.00 | carry=1 | base=0.32 ba=-0.00 | site=0 sd=0.00 sa=+0.00 | phero=0 pd=0.00 pa=+0.00 | srch=0.00 | wall=2.25
R4[T1][EXPLORE   ]: L=+1.00 R=+1.00 | carry=0 | base=0.49 ba=-0.26 | site=0 sd=0.00 sa=+0.00 | phero=0 pd=0.00 pa=+0.00 | srch=0.60 | wall=1.11

[EMPTY_RTN] R2 → phero(-1.51,-2.17)
[DEPOSIT] Robot 3 deposited! Total: 57
  [PHERO] Laid at (-1.57, -2.20) density=8 prob=1.00 total_entries=4
  [TARGET] Robot 3 → SITE (-1.57,-2.20)

======================================================================
Step 25500 (13.6 min) | Pickups: 57 | Deposits: 57 | Rate: 4.19 tags/min | phero_entries=4 phero_max=0.785
======================================================================
R1[T1][EXPLORE   ]: L=+1.00 R=+1.00 | carry=0 | base=0.64 ba=-0.13 | site=0 sd=0.00 sa=+0.00 | phero=0 pd=0.00 pa=+0.00 | srch=1.00 | wall=0.36
R2[T1][PHERO     ]: L=+1.00 R=+1.00 | carry=0 | base=0.22 ba=-0.85 | site=0 sd=0.00 sa=+0.00 | phero=1 pd=0.32 pa=+0.10 | srch=0.12 | wall=2.56
R3[T1][SITE      ]: L=+0.98 R=+1.00 | carry=0 | base=0.08 ba=-0.98 | site=1 sd=0.47 sa=+0.15 | phero=0 pd=0.00 pa=+0.00 | srch=0.04 | wall=3.17
R4[T1][EXPLORE   ]: L=+1.00 R=+0.35 | carry=0 | base=0.24 ba=+0.94 | site=0 sd=0.00 sa=+0.00 | phero=0 pd=0.00 pa=+0.00 | srch=0.72 | wall=2.35

[PICKUP] Robot 2 picked up tag (density=7) | Total: 58

======================================================================
Step 26000 (13.9 min) | Pickups: 58 | Deposits: 57 | Rate: 4.11 tags/min | phero_entries=3 phero_max=0.353
======================================================================
R1[T1][EXPLORE   ]: L=+1.00 R=+1.00 | carry=0 | base=0.33 ba=-0.30 | site=0 sd=0.00 sa=+0.00 | phero=0 pd=0.00 pa=+0.00 | srch=1.00 | wall=2.20
R2[T1][RTB       ]: L=+0.32 R=+1.00 | carry=1 | base=0.52 ba=+0.26 | site=0 sd=0.00 sa=+0.00 | phero=0 pd=0.00 pa=+0.00 | srch=0.00 | wall=1.42
R3[T1][SITE      ]: L=+1.00 R=+1.00 | carry=0 | base=0.44 ba=+0.83 | site=1 sd=0.12 sa=+0.00 | phero=0 pd=0.00 pa=+0.00 | srch=0.16 | wall=1.86
R4[T1][EXPLORE   ]: L=+1.00 R=+0.88 | carry=0 | base=0.39 ba=-0.46 | site=0 sd=0.00 sa=+0.00 | phero=0 pd=0.00 pa=+0.00 | srch=0.85 | wall=1.88

[PICKUP] Robot 3 picked up tag (density=6) | Total: 59
[GIVE-UP] R1 giving up after 6008 steps

======================================================================
Step 26500 (14.1 min) | Pickups: 59 | Deposits: 57 | Rate: 4.03 tags/min | phero_entries=3 phero_max=0.159
======================================================================
R1[T1][GIVE_UP   ]: L=+1.00 R=+0.93 | carry=0 | base=0.25 ba=-0.03 | site=0 sd=0.00 sa=+0.00 | phero=0 pd=0.00 pa=+0.00 | srch=1.00 | wall=2.27
R2[T1][RTB       ]: L=+1.00 R=+1.00 | carry=1 | base=0.15 ba=+0.00 | site=0 sd=0.00 sa=+0.00 | phero=0 pd=0.00 pa=+0.00 | srch=0.00 | wall=2.89
R3[T1][RTB       ]: L=+1.00 R=+1.00 | carry=1 | base=0.35 ba=+0.00 | site=0 sd=0.00 sa=+0.00 | phero=0 pd=0.00 pa=+0.00 | srch=0.00 | wall=2.05
R4[T1][EXPLORE   ]: L=+1.00 R=+0.90 | carry=0 | base=0.12 ba=-0.27 | site=0 sd=0.00 sa=+0.00 | phero=0 pd=0.00 pa=+0.00 | srch=0.97 | wall=2.89

[DEPOSIT] Robot 2 deposited! Total: 58
  [PHERO] Laid at (-1.58, -2.04) density=7 prob=0.99 total_entries=4
  [TARGET] Robot 2 → SITE (-1.58,-2.04)
[EMPTY_RTN] R1 → phero(-1.58,-2.04)
[DEPOSIT] Robot 3 deposited! Total: 59
  [PHERO] Laid at (-1.57, -2.20) density=6 prob=0.97 total_entries=5
  [TARGET] Robot 3 → SITE (-1.57,-2.20)

======================================================================
Step 27000 (14.4 min) | Pickups: 59 | Deposits: 59 | Rate: 4.10 tags/min | phero_entries=4 phero_max=0.833
======================================================================
R1[T1][PHERO     ]: L=+1.00 R=+0.72 | carry=0 | base=0.06 ba=-0.58 | site=0 sd=0.00 sa=+0.00 | phero=1 pd=0.57 pa=-0.42 | srch=0.06 | wall=3.24
R2[T1][SITE      ]: L=+1.00 R=+0.95 | carry=0 | base=0.24 ba=-0.86 | site=1 sd=0.31 sa=-0.09 | phero=0 pd=0.00 pa=+0.00 | srch=0.09 | wall=2.33
R3[T1][SITE      ]: L=+1.00 R=+0.82 | carry=0 | base=0.05 ba=+0.91 | site=1 sd=0.50 sa=-0.20 | phero=0 pd=0.00 pa=+0.00 | srch=0.03 | wall=3.25
R4[T1][EXPLORE   ]: L=+1.00 R=+0.73 | carry=0 | base=0.07 ba=+0.18 | site=0 sd=0.00 sa=+0.00 | phero=0 pd=0.00 pa=+0.00 | srch=1.00 | wall=3.21

[PICKUP] Robot 2 picked up tag (density=5) | Total: 60

======================================================================
Step 27500 (14.7 min) | Pickups: 60 | Deposits: 59 | Rate: 4.02 tags/min | phero_entries=4 phero_max=0.374
======================================================================
R1[T1][PHERO     ]: L=+1.00 R=+1.00 | carry=0 | base=0.33 ba=-0.85 | site=0 sd=0.00 sa=+0.00 | phero=1 pd=0.30 pa=-0.23 | srch=0.18 | wall=1.89
R2[T1][RTB       ]: L=+1.00 R=+0.48 | carry=1 | base=0.53 ba=-0.21 | site=0 sd=0.00 sa=+0.00 | phero=0 pd=0.00 pa=+0.00 | srch=0.00 | wall=1.50
R3[T1][SITE      ]: L=+0.66 R=+0.66 | carry=0 | base=0.40 ba=-0.94 | site=1 sd=0.15 sa=-0.02 | phero=0 pd=0.00 pa=+0.00 | srch=0.15 | wall=1.82
R4[T1][EXPLORE   ]: L=+1.00 R=+0.07 | carry=0 | base=0.10 ba=-0.52 | site=0 sd=0.00 sa=+0.00 | phero=0 pd=0.00 pa=+0.00 | srch=1.00 | wall=2.98

[PICKUP] Robot 3 picked up tag (density=4) | Total: 61

======================================================================
Step 28000 (14.9 min) | Pickups: 61 | Deposits: 59 | Rate: 3.95 tags/min | phero_entries=4 phero_max=0.168
======================================================================
R1[T1][PHERO     ]: L=+1.00 R=+0.96 | carry=0 | base=0.63 ba=-0.68 | site=0 sd=0.00 sa=+0.00 | phero=1 pd=0.14 pa=-0.50 | srch=0.31 | wall=0.77
R2[T1][RTB       ]: L=+1.00 R=+1.00 | carry=1 | base=0.15 ba=-0.00 | site=0 sd=0.00 sa=+0.00 | phero=0 pd=0.00 pa=+0.00 | srch=0.00 | wall=2.95
R3[T1][RTB       ]: L=+1.00 R=+1.00 | carry=1 | base=0.46 ba=-0.00 | site=0 sd=0.00 sa=+0.00 | phero=0 pd=0.00 pa=+0.00 | srch=0.00 | wall=1.71
R4[T1][EXPLORE   ]: L=+1.00 R=+0.31 | carry=0 | base=0.06 ba=+0.70 | site=0 sd=0.00 sa=+0.00 | phero=0 pd=0.00 pa=+0.00 | srch=1.00 | wall=3.20

TIMEOUT_RESULT pickups=61 deposits=59 steps=28125 elapsed_min=15.000000
BATCH_RESULT pickups=61 deposits=59
