=================================================================
CPFA BASELINE — ARGoS-calibrated parameters
  Params file                  = /home/sara/Documents/RL-FL-Foraging/cpfa_tuning_20260715_155549/trial_020/params.yaml
  Results file                 = /home/sara/Documents/RL-FL-Foraging/controllers/cpfa_baseline/results/cpfa_baseline_results_20260715_165018.txt
  RateOfLayingPheromone        = 9.231928909743877
  RateOfSiteFidelity           = 3.296383038811038
  RateOfPheromoneDecay         = 0.1996919211929644 /s  (lifetime ~35s)
  ProbabilityOfReturningToNest = 0.05729848356580571 (every 5 sec → E[give-up] ~87s)
  UninformedSearchVariation    = 0.45 rad (25.9°)
  RateOfInformedSearchDecay    = 0.601260987461514 /waypoint
  ProbabilityOfSwitchingToSearching = 0.4844088165052496 (every 5 sec in uninformed DEPARTING)
=================================================================

[PICKUP] R4 picked up tag (density=6) | Total: 1
[PICKUP] R1 picked up tag (density=9) | Total: 2
[DEPOSIT] R1 deposited! Total: 1
  [PHERO] Laid at (-0.43, 0.05) density=9 prob=0.56 entries=1
  [TARGET] R1 → SITE (-0.43, 0.05)
[DEPOSIT] R4 deposited! Total: 2
  [TARGET] R4 → SITE (0.00, -0.50)
[PICKUP] R3 picked up tag (density=12) | Total: 3
[PICKUP] R1 picked up tag (density=8) | Total: 4
[PICKUP] R4 picked up tag (density=5) | Total: 5

======================================================================
Step 500 (0.3 min) | Pickups: 5 | Deposits: 2 | Rate: 7.50 tags/min | phero_entries=1 max_w=0.241
======================================================================
R1[SURVEY    ]: carry=1 | base=0.37 | wall=2.15 | search=  0 | target=none
R2[SEARCH    ]: carry=0 | base=1.53 | wall=0.97 | search= 32 | target=none
R3[SURVEY    ]: carry=1 | base=1.09 | wall=1.43 | search=  0 | target=none
R4[SURVEY    ]: carry=1 | base=0.36 | wall=2.17 | search=  0 | target=none

[DEPOSIT] R1 deposited! Total: 3
  [PHERO] Laid at (-0.35, 0.12) density=8 prob=0.43 entries=2
  [TARGET] R1 → SITE (-0.35, 0.12)
[DEPOSIT] R4 deposited! Total: 4
  [TARGET] R4 → SITE (0.13, -0.33)
[DEPOSIT] R3 deposited! Total: 5
  [PHERO] Laid at (1.07, -0.20) density=12 prob=0.86 entries=3
  [TARGET] R3 → SITE (1.07, -0.20)
[PICKUP] R1 picked up tag (density=7) | Total: 6
[PICKUP] R4 picked up tag (density=4) | Total: 7

======================================================================
Step 1000 (0.5 min) | Pickups: 7 | Deposits: 5 | Rate: 9.38 tags/min | phero_entries=3 max_w=0.427
======================================================================
R1[SURVEY    ]: carry=1 | base=0.33 | wall=2.22 | search=  0 | target=none
R2[SEARCH    ]: carry=0 | base=1.39 | wall=1.45 | search=532 | target=none
R3[SITE      ]: carry=0 | base=0.30 | wall=2.21 | search=  0 | target=site(1.07,-0.20)
R4[SURVEY    ]: carry=1 | base=0.37 | wall=2.17 | search=  0 | target=none

[DEPOSIT] R1 deposited! Total: 6
  [TARGET] R1 → SITE (-0.29, 0.18)
[DEPOSIT] R4 deposited! Total: 7
  [TARGET] R4 → SITE (0.17, -0.33)
[PICKUP] R1 picked up tag (density=6) | Total: 8

======================================================================
Step 1500 (0.8 min) | Pickups: 8 | Deposits: 7 | Rate: 8.75 tags/min | phero_entries=2 max_w=0.018
======================================================================
R1[SURVEY    ]: carry=1 | base=0.38 | wall=2.20 | search=  0 | target=none
R2[SEARCH    ]: carry=0 | base=0.89 | wall=1.61 | search=1032 | target=none
R3[SEARCH    ]: carry=0 | base=0.95 | wall=1.59 | search=295 | target=site(1.07,-0.20)
R4[SITE      ]: carry=0 | base=0.33 | wall=2.25 | search=  0 | target=site(0.17,-0.33)

[PICKUP] R3 picked up tag (density=11) | Total: 9
[DEPOSIT] R1 deposited! Total: 8
  [TARGET] R1 → SITE (-0.31, 0.24)
[PICKUP] R1 picked up tag (density=5) | Total: 10

======================================================================
Step 2000 (1.1 min) | Pickups: 10 | Deposits: 8 | Rate: 7.50 tags/min | phero_entries=0 max_w=0.000
======================================================================
R1[SURVEY    ]: carry=1 | base=0.41 | wall=2.18 | search=  0 | target=none
R2[SEARCH    ]: carry=0 | base=1.38 | wall=1.12 | search=1532 | target=none
R3[RTB       ]: carry=1 | base=0.59 | wall=1.92 | search=  0 | target=none
R4[SEARCH    ]: carry=0 | base=0.27 | wall=2.28 | search=461 | target=site(0.17,-0.33)

[PICKUP] R4 picked up tag (density=3) | Total: 11
[DEPOSIT] R3 deposited! Total: 9
  [PHERO] Laid at (1.01, -0.34) density=11 prob=0.78 entries=1
  [TARGET] R3 → SITE (1.01, -0.34)
[DEPOSIT] R1 deposited! Total: 10
  [TARGET] R1 → PHERO (1.01, -0.34)
[DEPOSIT] R4 deposited! Total: 11
  [TARGET] R4 → PHERO (1.01, -0.34)

======================================================================
Step 2500 (1.3 min) | Pickups: 11 | Deposits: 11 | Rate: 8.25 tags/min | phero_entries=1 max_w=0.073
======================================================================
R1[PHERO     ]: carry=0 | base=0.27 | wall=2.24 | search=  0 | target=phero(1.01,-0.34)
R2[SEARCH    ]: carry=0 | base=1.46 | wall=1.14 | search=2032 | target=none
R3[SEARCH    ]: carry=0 | base=1.05 | wall=1.53 | search= 78 | target=site(1.01,-0.34)
R4[PHERO     ]: carry=0 | base=0.31 | wall=2.21 | search=  0 | target=phero(1.01,-0.34)

  [GIVE-UP] R2 returned empty after 2184 searching steps
  [TARGET] R2 → PHERO (1.01, -0.34)

======================================================================
Step 3000 (1.6 min) | Pickups: 11 | Deposits: 11 | Rate: 6.88 tags/min | phero_entries=1 max_w=0.003
======================================================================
R1[SEARCH    ]: carry=0 | base=0.95 | wall=1.62 | search=202 | target=phero(1.01,-0.34)
R2[BASE_ESC  ]: carry=0 | base=0.22 | wall=2.28 | search=  0 | target=phero(1.01,-0.34)
R3[SEARCH    ]: carry=0 | base=0.85 | wall=1.88 | search=578 | target=site(1.01,-0.34)
R4[SEARCH    ]: carry=0 | base=1.05 | wall=1.50 | search=308 | target=phero(1.01,-0.34)


======================================================================
Step 3500 (1.9 min) | Pickups: 11 | Deposits: 11 | Rate: 5.89 tags/min | phero_entries=0 max_w=0.000
======================================================================
R1[SEARCH    ]: carry=0 | base=0.90 | wall=1.77 | search=702 | target=phero(1.01,-0.34)
R2[SEARCH    ]: carry=0 | base=1.05 | wall=1.51 | search= 47 | target=phero(1.01,-0.34)
R3[SEARCH    ]: carry=0 | base=1.11 | wall=1.45 | search=1078 | target=site(1.01,-0.34)
R4[SEARCH    ]: carry=0 | base=0.29 | wall=2.24 | search=808 | target=phero(1.01,-0.34)

[PICKUP] R3 picked up tag (density=10) | Total: 12
[PICKUP] R1 picked up tag (density=9) | Total: 13

======================================================================
Step 4000 (2.1 min) | Pickups: 13 | Deposits: 11 | Rate: 5.16 tags/min | phero_entries=0 max_w=0.000
======================================================================
R1[RTB       ]: carry=1 | base=1.14 | wall=1.49 | search=  0 | target=none
R2[SEARCH    ]: carry=0 | base=0.87 | wall=1.67 | search=547 | target=phero(1.01,-0.34)
R3[RTB       ]: carry=1 | base=1.10 | wall=1.48 | search=  0 | target=none
R4[SEARCH    ]: carry=0 | base=0.31 | wall=2.28 | search=1308 | target=phero(1.01,-0.34)

[PICKUP] R2 picked up tag (density=8) | Total: 14
[DEPOSIT] R3 deposited! Total: 12
  [PHERO] Laid at (0.99, -0.56) density=10 prob=0.68 entries=1
  [TARGET] R3 → SITE (0.99, -0.56)
[DEPOSIT] R1 deposited! Total: 13
  [PHERO] Laid at (1.00, -0.53) density=9 prob=0.56 entries=2
  [TARGET] R1 → SITE (1.00, -0.53)

======================================================================
Step 4500 (2.4 min) | Pickups: 14 | Deposits: 13 | Rate: 5.42 tags/min | phero_entries=2 max_w=0.374
======================================================================
R1[SITE      ]: carry=0 | base=0.39 | wall=2.19 | search=  0 | target=site(1.00,-0.53)
R2[RTB       ]: carry=1 | base=0.80 | wall=1.72 | search=  0 | target=none
R3[SITE      ]: carry=0 | base=0.65 | wall=1.89 | search=  0 | target=site(0.99,-0.56)
R4[GIVE_UP   ]: carry=0 | base=1.11 | wall=1.41 | search=1716 | target=none

[PICKUP] R4 picked up tag (density=4) | Total: 15
[DEPOSIT] R2 deposited! Total: 14
  [TARGET] R2 → SITE (1.08, -0.36)
[DEPOSIT] R4 deposited! Total: 15
  [TARGET] R4 → SITE (-0.70, 0.18)

======================================================================
Step 5000 (2.7 min) | Pickups: 15 | Deposits: 15 | Rate: 5.62 tags/min | phero_entries=2 max_w=0.015
======================================================================
R1[GIVE_UP   ]: carry=0 | base=0.49 | wall=2.08 | search=156 | target=none
R2[SEARCH    ]: carry=0 | base=1.10 | wall=1.45 | search=  6 | target=site(1.08,-0.36)
R3[SEARCH    ]: carry=0 | base=1.13 | wall=1.51 | search=382 | target=site(0.99,-0.56)
R4[BASE_ESC  ]: carry=0 | base=0.22 | wall=2.30 | search=  0 | target=site(-0.70,0.18)

[PICKUP] R2 picked up tag (density=7) | Total: 16
  [GIVE-UP] R1 returned empty after 156 searching steps
  [TARGET] R1 → PHERO (0.99, -0.56)
[PICKUP] R4 picked up tag (density=3) | Total: 17
[DEPOSIT] R4 deposited! Total: 16
  [TARGET] R4 → SITE (-0.44, 0.19)

======================================================================
Step 5500 (2.9 min) | Pickups: 17 | Deposits: 16 | Rate: 5.45 tags/min | phero_entries=0 max_w=0.000
======================================================================
R1[SEARCH    ]: carry=0 | base=1.12 | wall=1.50 | search=100 | target=phero(0.99,-0.56)
R2[RTB       ]: carry=1 | base=0.43 | wall=2.08 | search=  0 | target=none
R3[BASE_ESC  ]: carry=0 | base=0.23 | wall=2.29 | search=882 | target=site(0.99,-0.56)
R4[BASE_ESC  ]: carry=0 | base=0.22 | wall=2.32 | search=  0 | target=site(-0.44,0.19)

[DEPOSIT] R2 deposited! Total: 17
  [PHERO] Laid at (1.09, -0.34) density=7 prob=0.30 entries=1
  [TARGET] R2 → SITE (1.09, -0.34)
[PICKUP] R4 picked up tag (density=2) | Total: 18
[PICKUP] R3 picked up tag (density=2) | Total: 19
[DEPOSIT] R4 deposited! Total: 18
  [TARGET] R4 → SITE (-0.42, 0.21)

======================================================================
Step 6000 (3.2 min) | Pickups: 19 | Deposits: 18 | Rate: 5.62 tags/min | phero_entries=1 max_w=0.059
======================================================================
R1[SEARCH    ]: carry=0 | base=0.96 | wall=1.78 | search=600 | target=phero(0.99,-0.56)
R2[SEARCH    ]: carry=0 | base=1.16 | wall=1.37 | search=131 | target=site(1.09,-0.34)
R3[SURVEY    ]: carry=1 | base=0.44 | wall=2.09 | search=  0 | target=none
R4[BASE_ESC  ]: carry=0 | base=0.22 | wall=2.32 | search=  0 | target=site(-0.42,0.21)

[PICKUP] R2 picked up tag (density=6) | Total: 20
[DEPOSIT] R3 deposited! Total: 19
  [TARGET] R3 → PHERO (1.09, -0.34)

======================================================================
Step 6500 (3.5 min) | Pickups: 20 | Deposits: 19 | Rate: 5.48 tags/min | phero_entries=1 max_w=0.002
======================================================================
R1[SEARCH    ]: carry=0 | base=1.25 | wall=1.31 | search=1100 | target=phero(0.99,-0.56)
R2[RTB       ]: carry=1 | base=0.87 | wall=1.65 | search=  0 | target=none
R3[PHERO     ]: carry=0 | base=0.84 | wall=1.71 | search=  0 | target=phero(1.09,-0.34)
R4[SEARCH    ]: carry=0 | base=0.46 | wall=2.08 | search=364 | target=site(-0.42,0.21)

[DEPOSIT] R2 deposited! Total: 20
  [PHERO] Laid at (1.14, -0.36) density=6 prob=0.19 entries=1
  [TARGET] R2 → SITE (1.14, -0.36)
[PICKUP] R1 picked up tag (density=12) | Total: 21

======================================================================
Step 7000 (3.7 min) | Pickups: 21 | Deposits: 20 | Rate: 5.36 tags/min | phero_entries=1 max_w=0.115
======================================================================
R1[SURVEY    ]: carry=1 | base=1.55 | wall=1.40 | search=  0 | target=none
R2[SITE      ]: carry=0 | base=1.02 | wall=1.52 | search=  0 | target=site(1.14,-0.36)
R3[SEARCH    ]: carry=0 | base=1.06 | wall=1.46 | search=435 | target=phero(1.09,-0.34)
R4[SEARCH    ]: carry=0 | base=0.87 | wall=1.64 | search=864 | target=site(-0.42,0.21)

[PICKUP] R2 picked up tag (density=5) | Total: 22
[PICKUP] R3 picked up tag (density=4) | Total: 23
[DEPOSIT] R1 deposited! Total: 21
  [PHERO] Laid at (-1.10, -1.10) density=12 prob=0.86 entries=2
  [TARGET] R1 → SITE (-1.10, -1.10)

======================================================================
Step 7500 (4.0 min) | Pickups: 23 | Deposits: 21 | Rate: 5.25 tags/min | phero_entries=2 max_w=0.406
======================================================================
R1[SITE      ]: carry=0 | base=0.34 | wall=2.21 | search=  0 | target=site(-1.10,-1.10)
R2[SURVEY    ]: carry=1 | base=1.22 | wall=1.34 | search=  0 | target=none
R3[SURVEY    ]: carry=1 | base=1.21 | wall=1.37 | search=  0 | target=none
R4[SEARCH    ]: carry=0 | base=1.28 | wall=1.55 | search=1364 | target=site(-0.42,0.21)

[PICKUP] R1 picked up tag (density=11) | Total: 24
[DEPOSIT] R3 deposited! Total: 22
  [TARGET] R3 → SITE (1.13, -0.44)
[DEPOSIT] R2 deposited! Total: 23
  [PHERO] Laid at (1.15, -0.38) density=5 prob=0.10 entries=2
  [TARGET] R2 → SITE (1.15, -0.38)

======================================================================
Step 8000 (4.3 min) | Pickups: 24 | Deposits: 23 | Rate: 5.39 tags/min | phero_entries=2 max_w=0.686
======================================================================
R1[RTB       ]: carry=1 | base=0.79 | wall=1.93 | search=  0 | target=none
R2[BASE_ESC  ]: carry=0 | base=0.24 | wall=2.27 | search=  0 | target=site(1.15,-0.38)
R3[BASE_ESC  ]: carry=0 | base=0.16 | wall=2.34 | search=  0 | target=site(1.13,-0.44)
R4[SEARCH    ]: carry=0 | base=0.68 | wall=1.86 | search=1864 | target=site(-0.42,0.21)

[DEPOSIT] R1 deposited! Total: 24
  [TARGET] R1 → SITE (-0.77, -0.72)
  [GIVE-UP] R4 returned empty after 1872 searching steps
  [TARGET] R4 → PHERO (1.15, -0.38)
[PICKUP] R2 picked up tag (density=3) | Total: 25

======================================================================
Step 8500 (4.5 min) | Pickups: 25 | Deposits: 24 | Rate: 5.29 tags/min | phero_entries=1 max_w=0.028
======================================================================
R1[SEARCH    ]: carry=0 | base=1.03 | wall=1.75 | search= 34 | target=site(-0.77,-0.72)
R2[SURVEY    ]: carry=1 | base=1.21 | wall=1.34 | search=  0 | target=none
R3[SEARCH    ]: carry=0 | base=1.13 | wall=1.47 | search=176 | target=site(1.13,-0.44)
R4[PHERO     ]: carry=0 | base=0.35 | wall=2.20 | search=  0 | target=phero(1.15,-0.38)

[PICKUP] R3 picked up tag (density=2) | Total: 26
[PICKUP] R1 picked up tag (density=10) | Total: 27
[DEPOSIT] R2 deposited! Total: 25
  [TARGET] R2 → SITE (1.16, -0.37)

======================================================================
Step 9000 (4.8 min) | Pickups: 27 | Deposits: 25 | Rate: 5.21 tags/min | phero_entries=1 max_w=0.001
======================================================================
R1[SURVEY    ]: carry=1 | base=1.06 | wall=1.71 | search=  0 | target=none
R2[BASE_ESC  ]: carry=0 | base=0.23 | wall=2.29 | search=  0 | target=site(1.16,-0.37)
R3[RTB       ]: carry=1 | base=1.30 | wall=1.32 | search=  0 | target=none
R4[SEARCH    ]: carry=0 | base=1.11 | wall=1.44 | search=243 | target=phero(1.15,-0.38)

[DEPOSIT] R1 deposited! Total: 26
  [PHERO] Laid at (-0.80, -0.71) density=10 prob=0.68 entries=1
  [TARGET] R1 → SITE (-0.80, -0.71)
[DEPOSIT] R3 deposited! Total: 27
  [TARGET] R3 → PHERO (-0.80, -0.71)

======================================================================
Step 9500 (5.1 min) | Pickups: 27 | Deposits: 27 | Rate: 5.33 tags/min | phero_entries=1 max_w=0.194
======================================================================
R1[SITE      ]: carry=0 | base=0.75 | wall=1.96 | search=  0 | target=site(-0.80,-0.71)
R2[SEARCH    ]: carry=0 | base=1.11 | wall=1.47 | search=176 | target=site(1.16,-0.37)
R3[PHERO     ]: carry=0 | base=0.28 | wall=2.22 | search=  0 | target=phero(-0.80,-0.71)
R4[SEARCH    ]: carry=0 | base=1.00 | wall=1.62 | search=743 | target=phero(1.15,-0.38)

[PICKUP] R1 picked up tag (density=9) | Total: 28

======================================================================
Step 10000 (5.3 min) | Pickups: 28 | Deposits: 27 | Rate: 5.06 tags/min | phero_entries=1 max_w=0.008
======================================================================
R1[RTB       ]: carry=1 | base=1.06 | wall=1.72 | search=  0 | target=none
R2[SEARCH    ]: carry=0 | base=0.95 | wall=1.72 | search=676 | target=site(1.16,-0.37)
R3[SEARCH    ]: carry=0 | base=1.00 | wall=1.78 | search=105 | target=phero(-0.80,-0.71)
R4[SEARCH    ]: carry=0 | base=0.70 | wall=1.89 | search=1243 | target=phero(1.15,-0.38)

[PICKUP] R4 picked up tag (density=1) | Total: 29
[PICKUP] R3 picked up tag (density=8) | Total: 30
[DEPOSIT] R1 deposited! Total: 28
  [PHERO] Laid at (-0.81, -0.77) density=9 prob=0.56 entries=2
  [TARGET] R1 → SITE (-0.81, -0.77)
[DEPOSIT] R4 deposited! Total: 29
  [TARGET] R4 → PHERO (-0.81, -0.77)

======================================================================
Step 10500 (5.6 min) | Pickups: 30 | Deposits: 29 | Rate: 5.18 tags/min | phero_entries=1 max_w=0.167
======================================================================
R1[SITE      ]: carry=0 | base=0.82 | wall=1.90 | search=  0 | target=site(-0.81,-0.77)
R2[SEARCH    ]: carry=0 | base=1.74 | wall=0.78 | search=1176 | target=site(1.16,-0.37)
R3[RTB       ]: carry=1 | base=0.92 | wall=1.83 | search=  0 | target=none
R4[BASE_ESC  ]: carry=0 | base=0.23 | wall=2.29 | search=  0 | target=phero(-0.81,-0.77)

[PICKUP] R1 picked up tag (density=7) | Total: 31
[DEPOSIT] R3 deposited! Total: 30
  [TARGET] R3 → SITE (-0.85, -0.73)

======================================================================
Step 11000 (5.9 min) | Pickups: 31 | Deposits: 30 | Rate: 5.11 tags/min | phero_entries=1 max_w=0.007
======================================================================
R1[RTB       ]: carry=1 | base=0.99 | wall=1.78 | search=  0 | target=none
R2[SEARCH    ]: carry=0 | base=1.01 | wall=1.50 | search=1676 | target=site(1.16,-0.37)
R3[SITE      ]: carry=0 | base=0.93 | wall=1.81 | search=  0 | target=site(-0.85,-0.73)
R4[SEARCH    ]: carry=0 | base=1.12 | wall=1.67 | search= 44 | target=phero(-0.81,-0.77)

[DEPOSIT] R1 deposited! Total: 31
  [TARGET] R1 → SITE (-0.85, -0.80)
[PICKUP] R4 picked up tag (density=6) | Total: 32

======================================================================
Step 11500 (6.1 min) | Pickups: 32 | Deposits: 31 | Rate: 5.05 tags/min | phero_entries=0 max_w=0.000
======================================================================
R1[SITE      ]: carry=0 | base=0.93 | wall=1.83 | search=  0 | target=site(-0.85,-0.80)
R2[SEARCH    ]: carry=0 | base=0.27 | wall=2.30 | search=2176 | target=site(1.16,-0.37)
R3[SEARCH    ]: carry=0 | base=1.04 | wall=1.73 | search=456 | target=site(-0.85,-0.73)
R4[SURVEY    ]: carry=1 | base=1.16 | wall=1.57 | search=  0 | target=none

  [GIVE-UP] R3 returned empty after 624 searching steps
  [TARGET] R3 → WALL (-2.42, 1.72)
[DEPOSIT] R4 deposited! Total: 32
  [PHERO] Laid at (-0.93, -0.70) density=6 prob=0.19 entries=1
  [TARGET] R4 → SITE (-0.93, -0.70)

======================================================================
Step 12000 (6.4 min) | Pickups: 32 | Deposits: 32 | Rate: 5.00 tags/min | phero_entries=1 max_w=0.975
======================================================================
R1[SEARCH    ]: carry=0 | base=1.01 | wall=1.75 | search=440 | target=site(-0.85,-0.80)
R2[SEARCH    ]: carry=0 | base=0.26 | wall=2.30 | search=2676 | target=site(1.16,-0.37)
R3[DEPART    ]: carry=0 | base=0.28 | wall=2.24 | search=  0 | target=none
R4[BASE_ESC  ]: carry=0 | base=0.24 | wall=2.32 | search=  0 | target=site(-0.93,-0.70)


======================================================================
Step 12500 (6.7 min) | Pickups: 32 | Deposits: 32 | Rate: 4.80 tags/min | phero_entries=1 max_w=0.040
======================================================================
R1[SEARCH    ]: carry=0 | base=1.01 | wall=1.49 | search=940 | target=site(-0.85,-0.80)
R2[SEARCH    ]: carry=0 | base=0.26 | wall=2.26 | search=3176 | target=site(1.16,-0.37)
R3[SEARCH    ]: carry=0 | base=1.81 | wall=0.97 | search=200 | target=none
R4[SEARCH    ]: carry=0 | base=1.12 | wall=1.56 | search=153 | target=site(-0.93,-0.70)

  [GIVE-UP] R2 returned empty after 3276 searching steps
  [TARGET] R2 → PHERO (-0.93, -0.70)
[PICKUP] R4 picked up tag (density=5) | Total: 33

======================================================================
Step 13000 (6.9 min) | Pickups: 33 | Deposits: 32 | Rate: 4.62 tags/min | phero_entries=1 max_w=0.002
======================================================================
R1[SEARCH    ]: carry=0 | base=1.77 | wall=0.96 | search=1440 | target=site(-0.85,-0.80)
R2[SEARCH    ]: carry=0 | base=1.14 | wall=1.58 | search= 25 | target=phero(-0.93,-0.70)
R3[SEARCH    ]: carry=0 | base=2.58 | wall=0.38 | search=700 | target=none
R4[RTB       ]: carry=1 | base=0.99 | wall=1.67 | search=  0 | target=none

[DEPOSIT] R4 deposited! Total: 33
  [TARGET] R4 → SITE (-1.05, -0.65)
  [GIVE-UP] R2 returned empty after 156 searching steps
  [TARGET] R2 → WALL (-2.42, 0.58)

======================================================================
Step 13500 (7.2 min) | Pickups: 33 | Deposits: 33 | Rate: 4.58 tags/min | phero_entries=0 max_w=0.000
======================================================================
R1[SEARCH    ]: carry=0 | base=1.04 | wall=1.62 | search=1940 | target=site(-0.85,-0.80)
R2[DEPART    ]: carry=0 | base=0.28 | wall=2.30 | search=  0 | target=none
R3[WALL_ESC  ]: carry=0 | base=2.49 | wall=0.34 | search=1200 | target=none
R4[SITE      ]: carry=0 | base=0.96 | wall=1.71 | search=  0 | target=site(-1.05,-0.65)

[PICKUP] R4 picked up tag (density=4) | Total: 34

======================================================================
Step 14000 (7.5 min) | Pickups: 34 | Deposits: 33 | Rate: 4.42 tags/min | phero_entries=0 max_w=0.000
======================================================================
R1[SEARCH    ]: carry=0 | base=1.96 | wall=0.80 | search=2440 | target=site(-0.85,-0.80)
R2[SEARCH    ]: carry=0 | base=1.32 | wall=1.19 | search=375 | target=none
R3[WALL_ESC  ]: carry=0 | base=2.49 | wall=0.33 | search=1700 | target=none
R4[SURVEY    ]: carry=1 | base=1.24 | wall=1.50 | search=  0 | target=none

[DEPOSIT] R4 deposited! Total: 34
  [TARGET] R4 → SITE (-1.00, -0.73)

======================================================================
Step 14500 (7.7 min) | Pickups: 34 | Deposits: 34 | Rate: 4.40 tags/min | phero_entries=0 max_w=0.000
======================================================================
R1[SEARCH    ]: carry=0 | base=1.54 | wall=1.06 | search=2940 | target=site(-0.85,-0.80)
R2[SEARCH    ]: carry=0 | base=1.13 | wall=1.48 | search=875 | target=none
R3[SEARCH    ]: carry=0 | base=2.40 | wall=0.39 | search=2200 | target=none
R4[BASE_ESC  ]: carry=0 | base=0.23 | wall=2.32 | search=  0 | target=site(-1.00,-0.73)


======================================================================
Step 15000 (8.0 min) | Pickups: 34 | Deposits: 34 | Rate: 4.25 tags/min | phero_entries=0 max_w=0.000
======================================================================
R1[SEARCH    ]: carry=0 | base=0.87 | wall=1.63 | search=3440 | target=site(-0.85,-0.80)
R2[SEARCH    ]: carry=0 | base=1.75 | wall=0.97 | search=1375 | target=none
R3[WALL_ESC  ]: carry=0 | base=2.50 | wall=0.31 | search=2700 | target=none
R4[SEARCH    ]: carry=0 | base=1.15 | wall=1.57 | search=230 | target=site(-1.00,-0.73)


======================================================================
Step 15500 (8.3 min) | Pickups: 34 | Deposits: 34 | Rate: 4.11 tags/min | phero_entries=0 max_w=0.000
======================================================================
R1[SEARCH    ]: carry=0 | base=1.44 | wall=1.06 | search=3940 | target=site(-0.85,-0.80)
R2[SEARCH    ]: carry=0 | base=2.73 | wall=0.49 | search=1875 | target=none
R3[GIVE_UP   ]: carry=0 | base=1.04 | wall=1.61 | search=2808 | target=none
R4[GIVE_UP   ]: carry=0 | base=1.26 | wall=1.26 | search=624 | target=none

[PICKUP] R3 picked up tag (density=1) | Total: 35
  [GIVE-UP] R4 returned empty after 624 searching steps
  [TARGET] R4 → WALL (2.42, 0.92)
[DEPOSIT] R3 deposited! Total: 35
  [TARGET] R3 → WALL (2.42, -1.95)

======================================================================
Step 16000 (8.5 min) | Pickups: 35 | Deposits: 35 | Rate: 4.10 tags/min | phero_entries=0 max_w=0.000
======================================================================
R1[SEARCH    ]: carry=0 | base=1.85 | wall=0.65 | search=4440 | target=site(-0.85,-0.80)
R2[WALL_ESC  ]: carry=0 | base=2.85 | wall=0.32 | search=2375 | target=none
R3[DEPART    ]: carry=0 | base=0.25 | wall=2.30 | search=  0 | target=none
R4[BASE_ESC  ]: carry=0 | base=0.25 | wall=2.29 | search=  0 | target=none


======================================================================
Step 16500 (8.8 min) | Pickups: 35 | Deposits: 35 | Rate: 3.98 tags/min | phero_entries=0 max_w=0.000
======================================================================
R1[WALL_ESC  ]: carry=0 | base=2.27 | wall=0.33 | search=4940 | target=site(-0.85,-0.80)
R2[GIVE_UP   ]: carry=0 | base=2.40 | wall=0.64 | search=2652 | target=none
R3[SEARCH    ]: carry=0 | base=0.85 | wall=1.65 | search=137 | target=none
R4[SEARCH    ]: carry=0 | base=0.75 | wall=1.81 | search=448 | target=none


======================================================================
Step 17000 (9.1 min) | Pickups: 35 | Deposits: 35 | Rate: 3.86 tags/min | phero_entries=0 max_w=0.000
======================================================================
R1[SEARCH    ]: carry=0 | base=1.98 | wall=0.63 | search=5440 | target=site(-0.85,-0.80)
R2[GIVE_UP   ]: carry=0 | base=0.48 | wall=2.13 | search=2652 | target=none
R3[SEARCH    ]: carry=0 | base=0.81 | wall=1.88 | search=637 | target=none
R4[SEARCH    ]: carry=0 | base=0.79 | wall=1.74 | search=948 | target=none

  [GIVE-UP] R2 returned empty after 2652 searching steps
  [TARGET] R2 → WALL (-2.42, 0.19)

======================================================================
Step 17500 (9.3 min) | Pickups: 35 | Deposits: 35 | Rate: 3.75 tags/min | phero_entries=0 max_w=0.000
======================================================================
R1[GIVE_UP   ]: carry=0 | base=0.90 | wall=1.60 | search=5616 | target=none
R2[SEARCH    ]: carry=0 | base=1.02 | wall=1.52 | search=171 | target=none
R3[BASE_ESC  ]: carry=0 | base=0.23 | wall=2.30 | search=1137 | target=none
R4[SEARCH    ]: carry=0 | base=1.40 | wall=1.48 | search=1448 | target=none

  [GIVE-UP] R1 returned empty after 5616 searching steps
  [TARGET] R1 → WALL (-1.33, 2.42)

======================================================================
Step 18000 (9.6 min) | Pickups: 35 | Deposits: 35 | Rate: 3.65 tags/min | phero_entries=0 max_w=0.000
======================================================================
R1[DEPART    ]: carry=0 | base=0.76 | wall=1.93 | search=  0 | target=none
R2[SEARCH    ]: carry=0 | base=1.44 | wall=1.47 | search=671 | target=none
R3[SEARCH    ]: carry=0 | base=0.89 | wall=1.77 | search=1637 | target=none
R4[SEARCH    ]: carry=0 | base=2.19 | wall=0.65 | search=1948 | target=none


======================================================================
Step 18500 (9.9 min) | Pickups: 35 | Deposits: 35 | Rate: 3.55 tags/min | phero_entries=0 max_w=0.000
======================================================================
R1[SEARCH    ]: carry=0 | base=1.61 | wall=1.26 | search=407 | target=none
R2[SEARCH    ]: carry=0 | base=0.77 | wall=1.90 | search=1171 | target=none
R3[SEARCH    ]: carry=0 | base=1.28 | wall=1.30 | search=2137 | target=none
R4[WALL_ESC  ]: carry=0 | base=2.61 | wall=0.31 | search=2448 | target=none

[PICKUP] R3 picked up tag (density=3) | Total: 36
TIMEOUT_RESULT pickups=36 deposits=35 steps=18750 elapsed_min=10.000000
BATCH_RESULT pickups=36 deposits=35
