=================================================================
CPFA BASELINE — ARGoS-calibrated parameters
  Params file                  = /home/sara/Documents/RL-FL-Foraging/cpfa_tuning_20260715_155549/trial_020/params.yaml
  Results file                 = /home/sara/Documents/RL-FL-Foraging/controllers/cpfa_baseline/results/cpfa_baseline_results_20260715_165019.txt
  RateOfLayingPheromone        = 9.231928909743877
  RateOfSiteFidelity           = 3.296383038811038
  RateOfPheromoneDecay         = 0.1996919211929644 /s  (lifetime ~35s)
  ProbabilityOfReturningToNest = 0.05729848356580571 (every 5 sec → E[give-up] ~87s)
  UninformedSearchVariation    = 0.45 rad (25.9°)
  RateOfInformedSearchDecay    = 0.601260987461514 /waypoint
  ProbabilityOfSwitchingToSearching = 0.4844088165052496 (every 5 sec in uninformed DEPARTING)
=================================================================

[PICKUP] R4 picked up tag (density=12) | Total: 1

======================================================================
Step 500 (0.3 min) | Pickups: 1 | Deposits: 0 | Rate: 0.00 tags/min | phero_entries=0 max_w=0.000
======================================================================
R1[SEARCH    ]: carry=0 | base=1.41 | wall=1.10 | search=188 | target=none
R2[SEARCH    ]: carry=0 | base=0.88 | wall=1.67 | search=344 | target=none
R3[DEPART    ]: carry=0 | base=0.82 | wall=1.87 | search=  0 | target=none
R4[RTB       ]: carry=1 | base=1.00 | wall=1.50 | search=  0 | target=none

[DEPOSIT] R4 deposited! Total: 1
  [PHERO] Laid at (-0.01, -1.11) density=12 prob=0.86 entries=1
  [TARGET] R4 → SITE (-0.01, -1.11)
[PICKUP] R4 picked up tag (density=6) | Total: 2

======================================================================
Step 1000 (0.5 min) | Pickups: 2 | Deposits: 1 | Rate: 1.88 tags/min | phero_entries=1 max_w=0.144
======================================================================
R1[SEARCH    ]: carry=0 | base=1.98 | wall=0.75 | search=688 | target=none
R2[SEARCH    ]: carry=0 | base=1.15 | wall=1.51 | search=844 | target=none
R3[SEARCH    ]: carry=0 | base=1.88 | wall=0.83 | search=307 | target=none
R4[SURVEY    ]: carry=1 | base=0.34 | wall=2.18 | search=  0 | target=none

[DEPOSIT] R4 deposited! Total: 2
  [TARGET] R4 → SITE (0.11, -0.32)

======================================================================
Step 1500 (0.8 min) | Pickups: 2 | Deposits: 2 | Rate: 2.50 tags/min | phero_entries=1 max_w=0.006
======================================================================
R1[SEARCH    ]: carry=0 | base=2.52 | wall=0.39 | search=1188 | target=none
R2[SEARCH    ]: carry=0 | base=1.64 | wall=1.21 | search=1344 | target=none
R3[WALL_ESC  ]: carry=0 | base=2.49 | wall=0.34 | search=807 | target=none
R4[SEARCH    ]: carry=0 | base=0.29 | wall=2.25 | search=154 | target=site(0.11,-0.32)

[PICKUP] R4 picked up tag (density=5) | Total: 3
[PICKUP] R2 picked up tag (density=16) | Total: 4

======================================================================
Step 2000 (1.1 min) | Pickups: 4 | Deposits: 2 | Rate: 1.88 tags/min | phero_entries=0 max_w=0.000
======================================================================
R1[WALL_ESC  ]: carry=0 | base=2.63 | wall=0.31 | search=1688 | target=none
R2[SURVEY    ]: carry=1 | base=1.97 | wall=0.94 | search=  0 | target=none
R3[SEARCH    ]: carry=0 | base=2.40 | wall=0.39 | search=1307 | target=none
R4[RTB       ]: carry=1 | base=0.35 | wall=2.20 | search=  0 | target=none

[DEPOSIT] R4 deposited! Total: 3
  [TARGET] R4 → WALL (2.42, -1.60)

======================================================================
Step 2500 (1.3 min) | Pickups: 4 | Deposits: 3 | Rate: 2.25 tags/min | phero_entries=0 max_w=0.000
======================================================================
R1[SEARCH    ]: carry=0 | base=2.60 | wall=0.37 | search=2188 | target=none
R2[RTB       ]: carry=1 | base=0.61 | wall=2.00 | search=  0 | target=none
R3[WALL_ESC  ]: carry=0 | base=2.50 | wall=0.31 | search=1807 | target=none
R4[SEARCH    ]: carry=0 | base=0.91 | wall=1.66 | search=208 | target=none

[DEPOSIT] R2 deposited! Total: 4
  [PHERO] Laid at (1.56, 1.21) density=16 prob=0.99 entries=1
  [TARGET] R2 → SITE (1.56, 1.21)

======================================================================
Step 3000 (1.6 min) | Pickups: 4 | Deposits: 4 | Rate: 2.50 tags/min | phero_entries=1 max_w=0.075
======================================================================
R1[SEARCH    ]: carry=0 | base=2.54 | wall=0.38 | search=2688 | target=none
R2[SITE      ]: carry=0 | base=1.32 | wall=1.43 | search=  0 | target=site(1.56,1.21)
R3[SEARCH    ]: carry=0 | base=2.45 | wall=0.37 | search=2307 | target=none
R4[SEARCH    ]: carry=0 | base=1.48 | wall=1.04 | search=708 | target=none

[PICKUP] R2 picked up tag (density=15) | Total: 5

======================================================================
Step 3500 (1.9 min) | Pickups: 5 | Deposits: 4 | Rate: 2.14 tags/min | phero_entries=1 max_w=0.003
======================================================================
R1[WALL_ESC  ]: carry=0 | base=2.64 | wall=0.31 | search=3188 | target=none
R2[RTB       ]: carry=1 | base=1.96 | wall=0.90 | search=  0 | target=none
R3[SEARCH    ]: carry=0 | base=2.42 | wall=0.37 | search=2807 | target=none
R4[SEARCH    ]: carry=0 | base=2.18 | wall=0.39 | search=1208 | target=none

[DEPOSIT] R2 deposited! Total: 5
  [PHERO] Laid at (1.57, 1.16) density=15 prob=0.97 entries=1
  [TARGET] R2 → SITE (1.57, 1.16)

======================================================================
Step 4000 (2.1 min) | Pickups: 5 | Deposits: 5 | Rate: 2.34 tags/min | phero_entries=1 max_w=0.836
======================================================================
R1[SEARCH    ]: carry=0 | base=2.55 | wall=0.39 | search=3688 | target=none
R2[BASE_ESC  ]: carry=0 | base=0.22 | wall=2.32 | search=  0 | target=site(1.57,1.16)
R3[WALL_ESC  ]: carry=0 | base=2.51 | wall=0.31 | search=3307 | target=none
R4[SEARCH    ]: carry=0 | base=2.20 | wall=0.38 | search=1708 | target=none

[PICKUP] R2 picked up tag (density=9) | Total: 6
[DEPOSIT] R2 deposited! Total: 6
  [PHERO] Laid at (0.22, 0.25) density=9 prob=0.56 entries=2
  [TARGET] R2 → SITE (0.22, 0.25)

======================================================================
Step 4500 (2.4 min) | Pickups: 6 | Deposits: 6 | Rate: 2.50 tags/min | phero_entries=2 max_w=0.473
======================================================================
R1[SEARCH    ]: carry=0 | base=2.55 | wall=0.36 | search=4188 | target=none
R2[SITE      ]: carry=0 | base=0.27 | wall=2.24 | search=  0 | target=site(0.22,0.25)
R3[GIVE_UP   ]: carry=0 | base=1.04 | wall=1.60 | search=3432 | target=none
R4[SEARCH    ]: carry=0 | base=2.22 | wall=0.36 | search=2208 | target=none

  [GIVE-UP] R3 returned empty after 3432 searching steps
  [TARGET] R3 → PHERO (1.57, 1.16)
[PICKUP] R2 picked up tag (density=8) | Total: 7

======================================================================
Step 5000 (2.7 min) | Pickups: 7 | Deposits: 6 | Rate: 2.25 tags/min | phero_entries=2 max_w=0.019
======================================================================
R1[WALL_ESC  ]: carry=0 | base=2.64 | wall=0.33 | search=4688 | target=none
R2[SURVEY    ]: carry=1 | base=0.35 | wall=2.25 | search=  0 | target=none
R3[PHERO     ]: carry=0 | base=0.26 | wall=2.26 | search=  0 | target=phero(1.57,1.16)
R4[WALL_ESC  ]: carry=0 | base=2.25 | wall=0.34 | search=2708 | target=none

[DEPOSIT] R2 deposited! Total: 7
  [TARGET] R2 → SITE (0.25, 0.25)
[PICKUP] R3 picked up tag (density=7) | Total: 8
[PICKUP] R2 picked up tag (density=6) | Total: 9

======================================================================
Step 5500 (2.9 min) | Pickups: 9 | Deposits: 7 | Rate: 2.39 tags/min | phero_entries=0 max_w=0.000
======================================================================
R1[SEARCH    ]: carry=0 | base=2.53 | wall=0.40 | search=5188 | target=none
R2[SURVEY    ]: carry=1 | base=0.38 | wall=2.23 | search=  0 | target=none
R3[RTB       ]: carry=1 | base=0.38 | wall=2.13 | search=  0 | target=none
R4[WALL_ESC  ]: carry=0 | base=2.25 | wall=0.33 | search=3208 | target=none

[DEPOSIT] R3 deposited! Total: 8
  [PHERO] Laid at (0.10, 0.37) density=7 prob=0.30 entries=1
  [TARGET] R3 → SITE (0.10, 0.37)
[DEPOSIT] R2 deposited! Total: 9
  [PHERO] Laid at (0.26, 0.28) density=6 prob=0.19 entries=2
  [TARGET] R2 → SITE (0.26, 0.28)
[PICKUP] R3 picked up tag (density=5) | Total: 10

======================================================================
Step 6000 (3.2 min) | Pickups: 10 | Deposits: 9 | Rate: 2.81 tags/min | phero_entries=2 max_w=0.263
======================================================================
R1[WALL_ESC  ]: carry=0 | base=2.61 | wall=0.32 | search=5688 | target=none
R2[SITE      ]: carry=0 | base=0.38 | wall=2.20 | search=  0 | target=site(0.26,0.28)
R3[SURVEY    ]: carry=1 | base=0.44 | wall=2.08 | search=  0 | target=none
R4[GIVE_UP   ]: carry=0 | base=1.47 | wall=1.06 | search=3432 | target=none

[PICKUP] R2 picked up tag (density=4) | Total: 11
[DEPOSIT] R3 deposited! Total: 10
  [TARGET] R3 → SITE (0.12, 0.42)
  [GIVE-UP] R4 returned empty after 3432 searching steps
  [TARGET] R4 → PHERO (0.26, 0.28)
[DEPOSIT] R2 deposited! Total: 11
  [TARGET] R2 → PHERO (0.26, 0.28)

======================================================================
Step 6500 (3.5 min) | Pickups: 11 | Deposits: 11 | Rate: 3.17 tags/min | phero_entries=2 max_w=0.011
======================================================================
R1[WALL_ESC  ]: carry=0 | base=2.62 | wall=0.34 | search=6188 | target=none
R2[BASE_ESC  ]: carry=0 | base=0.22 | wall=2.31 | search=  0 | target=phero(0.26,0.28)
R3[SEARCH    ]: carry=0 | base=0.36 | wall=2.17 | search=139 | target=site(0.12,0.42)
R4[PHERO     ]: carry=0 | base=0.34 | wall=2.22 | search=  0 | target=phero(0.26,0.28)

[PICKUP] R2 picked up tag (density=3) | Total: 12

======================================================================
Step 7000 (3.7 min) | Pickups: 12 | Deposits: 11 | Rate: 2.95 tags/min | phero_entries=0 max_w=0.000
======================================================================
R1[SEARCH    ]: carry=0 | base=2.53 | wall=0.39 | search=6688 | target=none
R2[RTB       ]: carry=1 | base=0.51 | wall=2.11 | search=  0 | target=none
R3[SEARCH    ]: carry=0 | base=0.44 | wall=2.17 | search=639 | target=site(0.12,0.42)
R4[SEARCH    ]: carry=0 | base=0.47 | wall=2.03 | search=485 | target=phero(0.26,0.28)

[PICKUP] R3 picked up tag (density=2) | Total: 13
[DEPOSIT] R2 deposited! Total: 12
  [TARGET] R2 → SITE (0.28, 0.34)
[DEPOSIT] R3 deposited! Total: 13
  [TARGET] R3 → SITE (0.24, 0.41)

======================================================================
Step 7500 (4.0 min) | Pickups: 13 | Deposits: 13 | Rate: 3.25 tags/min | phero_entries=0 max_w=0.000
======================================================================
R1[WALL_ESC  ]: carry=0 | base=2.64 | wall=0.31 | search=7188 | target=none
R2[SEARCH    ]: carry=0 | base=0.37 | wall=2.20 | search=209 | target=site(0.28,0.34)
R3[BASE_ESC  ]: carry=0 | base=0.22 | wall=2.34 | search=  0 | target=site(0.24,0.41)
R4[GIVE_UP   ]: carry=0 | base=0.91 | wall=1.59 | search=936 | target=none

  [GIVE-UP] R4 returned empty after 936 searching steps
  [TARGET] R4 → WALL (1.26, 2.42)
[PICKUP] R4 picked up tag (density=1) | Total: 14
  [GIVE-UP] R3 returned empty after 156 searching steps
  [TARGET] R3 → WALL (-1.04, 2.42)

======================================================================
Step 8000 (4.3 min) | Pickups: 14 | Deposits: 13 | Rate: 3.05 tags/min | phero_entries=0 max_w=0.000
======================================================================
R1[SEARCH    ]: carry=0 | base=2.57 | wall=0.39 | search=7688 | target=none
R2[SEARCH    ]: carry=0 | base=0.50 | wall=2.00 | search=709 | target=site(0.28,0.34)
R3[BASE_ESC  ]: carry=0 | base=0.23 | wall=2.32 | search=  0 | target=none
R4[SURVEY    ]: carry=1 | base=0.68 | wall=2.02 | search=  0 | target=none

[DEPOSIT] R4 deposited! Total: 14
  [TARGET] R4 → WALL (0.08, 2.42)

======================================================================
Step 8500 (4.5 min) | Pickups: 14 | Deposits: 14 | Rate: 3.09 tags/min | phero_entries=0 max_w=0.000
======================================================================
R1[SEARCH    ]: carry=0 | base=2.55 | wall=0.37 | search=8188 | target=none
R2[SEARCH    ]: carry=0 | base=0.87 | wall=1.73 | search=1209 | target=site(0.28,0.34)
R3[SEARCH    ]: carry=0 | base=0.92 | wall=1.67 | search=244 | target=none
R4[DEPART    ]: carry=0 | base=0.29 | wall=2.23 | search=  0 | target=none

[PICKUP] R2 picked up tag (density=4) | Total: 15

======================================================================
Step 9000 (4.8 min) | Pickups: 15 | Deposits: 14 | Rate: 2.92 tags/min | phero_entries=0 max_w=0.000
======================================================================
R1[WALL_ESC  ]: carry=0 | base=2.64 | wall=0.32 | search=8688 | target=none
R2[RTB       ]: carry=1 | base=0.67 | wall=2.01 | search=  0 | target=none
R3[SEARCH    ]: carry=0 | base=1.03 | wall=1.52 | search=744 | target=none
R4[SEARCH    ]: carry=0 | base=0.26 | wall=2.24 | search=389 | target=none

[DEPOSIT] R2 deposited! Total: 15
  [TARGET] R2 → WALL (1.09, 2.42)

======================================================================
Step 9500 (5.1 min) | Pickups: 15 | Deposits: 15 | Rate: 2.96 tags/min | phero_entries=0 max_w=0.000
======================================================================
R1[SEARCH    ]: carry=0 | base=2.54 | wall=0.40 | search=9188 | target=none
R2[SEARCH    ]: carry=0 | base=0.82 | wall=1.88 | search=121 | target=none
R3[SEARCH    ]: carry=0 | base=1.53 | wall=1.15 | search=1244 | target=none
R4[SEARCH    ]: carry=0 | base=0.68 | wall=1.90 | search=889 | target=none


======================================================================
Step 10000 (5.3 min) | Pickups: 15 | Deposits: 15 | Rate: 2.81 tags/min | phero_entries=0 max_w=0.000
======================================================================
R1[WALL_ESC  ]: carry=0 | base=2.59 | wall=0.33 | search=9688 | target=none
R2[SEARCH    ]: carry=0 | base=1.41 | wall=1.11 | search=621 | target=none
R3[SEARCH    ]: carry=0 | base=1.32 | wall=1.43 | search=1744 | target=none
R4[SEARCH    ]: carry=0 | base=1.70 | wall=0.81 | search=1389 | target=none


======================================================================
Step 10500 (5.6 min) | Pickups: 15 | Deposits: 15 | Rate: 2.68 tags/min | phero_entries=0 max_w=0.000
======================================================================
R1[GIVE_UP   ]: carry=0 | base=2.59 | wall=0.38 | search=10140 | target=none
R2[SEARCH    ]: carry=0 | base=2.08 | wall=0.42 | search=1121 | target=none
R3[SEARCH    ]: carry=0 | base=1.82 | wall=0.82 | search=2244 | target=none
R4[GIVE_UP   ]: carry=0 | base=1.15 | wall=1.36 | search=1560 | target=none

  [GIVE-UP] R4 returned empty after 1560 searching steps
  [TARGET] R4 → WALL (-1.52, 2.42)

======================================================================
Step 11000 (5.9 min) | Pickups: 15 | Deposits: 15 | Rate: 2.56 tags/min | phero_entries=0 max_w=0.000
======================================================================
R1[GIVE_UP   ]: carry=0 | base=0.88 | wall=1.80 | search=10140 | target=none
R2[WALL_ESC  ]: carry=0 | base=2.16 | wall=0.34 | search=1621 | target=none
R3[SEARCH    ]: carry=0 | base=1.28 | wall=1.56 | search=2744 | target=none
R4[DEPART    ]: carry=0 | base=0.78 | wall=1.93 | search=  0 | target=none

  [GIVE-UP] R1 returned empty after 10140 searching steps
  [TARGET] R1 → WALL (-0.06, -2.42)

======================================================================
Step 11500 (6.1 min) | Pickups: 15 | Deposits: 15 | Rate: 2.45 tags/min | phero_entries=0 max_w=0.000
======================================================================
R1[SEARCH    ]: carry=0 | base=0.42 | wall=2.16 | search= 73 | target=none
R2[WALL_ESC  ]: carry=0 | base=2.16 | wall=0.34 | search=2121 | target=none
R3[SEARCH    ]: carry=0 | base=0.88 | wall=1.69 | search=3244 | target=none
R4[SEARCH    ]: carry=0 | base=1.04 | wall=1.47 | search=499 | target=none


======================================================================
Step 12000 (6.4 min) | Pickups: 15 | Deposits: 15 | Rate: 2.34 tags/min | phero_entries=0 max_w=0.000
======================================================================
R1[BASE_ESC  ]: carry=0 | base=0.24 | wall=2.28 | search=573 | target=none
R2[SEARCH    ]: carry=0 | base=2.14 | wall=0.36 | search=2621 | target=none
R3[SEARCH    ]: carry=0 | base=0.95 | wall=1.55 | search=3744 | target=none
R4[GIVE_UP   ]: carry=0 | base=1.30 | wall=1.53 | search=936 | target=none

  [GIVE-UP] R4 returned empty after 936 searching steps
  [TARGET] R4 → WALL (2.42, -0.01)

======================================================================
Step 12500 (6.7 min) | Pickups: 15 | Deposits: 15 | Rate: 2.25 tags/min | phero_entries=0 max_w=0.000
======================================================================
R1[SEARCH    ]: carry=0 | base=0.79 | wall=1.71 | search=1073 | target=none
R2[SEARCH    ]: carry=0 | base=2.14 | wall=0.36 | search=3121 | target=none
R3[GIVE_UP   ]: carry=0 | base=0.87 | wall=1.69 | search=4056 | target=none
R4[DEPART    ]: carry=0 | base=0.31 | wall=2.21 | search=  0 | target=none

  [GIVE-UP] R3 returned empty after 4056 searching steps
  [TARGET] R3 → WALL (-0.08, 2.42)
  [GIVE-UP] R1 returned empty after 1248 searching steps
  [TARGET] R1 → WALL (0.04, 2.42)

======================================================================
Step 13000 (6.9 min) | Pickups: 15 | Deposits: 15 | Rate: 2.16 tags/min | phero_entries=0 max_w=0.000
======================================================================
R1[BASE_ESC  ]: carry=0 | base=0.22 | wall=2.29 | search=  0 | target=none
R2[SEARCH    ]: carry=0 | base=2.13 | wall=0.37 | search=3621 | target=none
R3[DEPART    ]: carry=0 | base=0.99 | wall=1.51 | search=  0 | target=none
R4[SEARCH    ]: carry=0 | base=1.33 | wall=1.21 | search=294 | target=none


======================================================================
Step 13500 (7.2 min) | Pickups: 15 | Deposits: 15 | Rate: 2.08 tags/min | phero_entries=0 max_w=0.000
======================================================================
R1[SEARCH    ]: carry=0 | base=1.70 | wall=0.80 | search=140 | target=none
R2[GIVE_UP   ]: carry=0 | base=2.03 | wall=0.47 | search=4056 | target=none
R3[GIVE_UP   ]: carry=0 | base=1.52 | wall=0.99 | search=312 | target=none
R4[SEARCH    ]: carry=0 | base=1.08 | wall=1.52 | search=794 | target=none

  [GIVE-UP] R3 returned empty after 312 searching steps
  [TARGET] R3 → WALL (-2.42, 2.05)
  [GIVE-UP] R2 returned empty after 4056 searching steps
  [TARGET] R2 → WALL (-2.42, 0.37)

======================================================================
Step 14000 (7.5 min) | Pickups: 15 | Deposits: 15 | Rate: 2.01 tags/min | phero_entries=0 max_w=0.000
======================================================================
R1[SEARCH    ]: carry=0 | base=2.36 | wall=0.52 | search=640 | target=none
R2[BASE_ESC  ]: carry=0 | base=0.22 | wall=2.28 | search=  0 | target=none
R3[DEPART    ]: carry=0 | base=0.34 | wall=2.17 | search=  0 | target=none
R4[SEARCH    ]: carry=0 | base=1.08 | wall=1.63 | search=1294 | target=none

[PICKUP] R2 picked up tag (density=3) | Total: 16
[PICKUP] R4 picked up tag (density=14) | Total: 17

======================================================================
Step 14500 (7.7 min) | Pickups: 17 | Deposits: 15 | Rate: 1.94 tags/min | phero_entries=0 max_w=0.000
======================================================================
R1[SEARCH    ]: carry=0 | base=2.87 | wall=0.36 | search=1140 | target=none
R2[SURVEY    ]: carry=1 | base=0.41 | wall=2.10 | search=  0 | target=none
R3[SEARCH    ]: carry=0 | base=1.41 | wall=1.16 | search=399 | target=none
R4[SURVEY    ]: carry=1 | base=1.81 | wall=0.95 | search=  0 | target=none

[DEPOSIT] R2 deposited! Total: 16
  [TARGET] R2 → SITE (0.11, -0.39)
[PICKUP] R2 picked up tag (density=2) | Total: 18

======================================================================
Step 15000 (8.0 min) | Pickups: 18 | Deposits: 16 | Rate: 2.00 tags/min | phero_entries=0 max_w=0.000
======================================================================
R1[SEARCH    ]: carry=0 | base=2.86 | wall=0.35 | search=1640 | target=none
R2[SURVEY    ]: carry=1 | base=0.46 | wall=2.07 | search=  0 | target=none
R3[SEARCH    ]: carry=0 | base=2.00 | wall=0.54 | search=899 | target=none
R4[RTB       ]: carry=1 | base=0.40 | wall=2.15 | search=  0 | target=none

[DEPOSIT] R4 deposited! Total: 17
  [PHERO] Laid at (1.55, 0.93) density=14 prob=0.95 entries=1
  [TARGET] R4 → SITE (1.55, 0.93)
[DEPOSIT] R2 deposited! Total: 18
  [TARGET] R2 → PHERO (1.55, 0.93)

======================================================================
Step 15500 (8.3 min) | Pickups: 18 | Deposits: 18 | Rate: 2.18 tags/min | phero_entries=1 max_w=0.052
======================================================================
R1[SEARCH    ]: carry=0 | base=2.78 | wall=0.38 | search=2140 | target=none
R2[PHERO     ]: carry=0 | base=0.50 | wall=2.00 | search=  0 | target=phero(1.55,0.93)
R3[SEARCH    ]: carry=0 | base=2.14 | wall=0.36 | search=1399 | target=none
R4[SITE      ]: carry=0 | base=1.54 | wall=1.16 | search=  0 | target=site(1.55,0.93)

[PICKUP] R4 picked up tag (density=13) | Total: 19
[PICKUP] R2 picked up tag (density=12) | Total: 20

======================================================================
Step 16000 (8.5 min) | Pickups: 20 | Deposits: 18 | Rate: 2.11 tags/min | phero_entries=1 max_w=0.002
======================================================================
R1[WALL_ESC  ]: carry=0 | base=2.90 | wall=0.32 | search=2640 | target=none
R2[SURVEY    ]: carry=1 | base=1.84 | wall=0.94 | search=  0 | target=none
R3[SEARCH    ]: carry=0 | base=2.13 | wall=0.37 | search=1899 | target=none
R4[SURVEY    ]: carry=1 | base=1.93 | wall=0.74 | search=  0 | target=none


======================================================================
Step 16500 (8.8 min) | Pickups: 20 | Deposits: 18 | Rate: 2.05 tags/min | phero_entries=0 max_w=0.000
======================================================================
R1[SEARCH    ]: carry=0 | base=2.79 | wall=0.40 | search=3140 | target=none
R2[RTB       ]: carry=1 | base=0.74 | wall=1.85 | search=  0 | target=none
R3[SEARCH    ]: carry=0 | base=2.13 | wall=0.37 | search=2399 | target=none
R4[RTB       ]: carry=1 | base=0.71 | wall=1.83 | search=  0 | target=none

[DEPOSIT] R4 deposited! Total: 19
  [PHERO] Laid at (1.76, 0.79) density=13 prob=0.91 entries=1
  [TARGET] R4 → SITE (1.76, 0.79)
[DEPOSIT] R2 deposited! Total: 20
  [PHERO] Laid at (1.56, 0.99) density=12 prob=0.86 entries=2
  [TARGET] R2 → SITE (1.56, 0.99)

======================================================================
Step 17000 (9.1 min) | Pickups: 20 | Deposits: 20 | Rate: 2.21 tags/min | phero_entries=2 max_w=0.094
======================================================================
R1[WALL_ESC  ]: carry=0 | base=2.83 | wall=0.34 | search=3588 | target=none
R2[SITE      ]: carry=0 | base=1.22 | wall=1.49 | search=  0 | target=site(1.56,0.99)
R3[SEARCH    ]: carry=0 | base=2.12 | wall=0.38 | search=2899 | target=none
R4[SITE      ]: carry=0 | base=1.22 | wall=1.36 | search=  0 | target=site(1.76,0.79)


======================================================================
Step 17500 (9.3 min) | Pickups: 20 | Deposits: 20 | Rate: 2.14 tags/min | phero_entries=2 max_w=0.004
======================================================================
R1[GIVE_UP   ]: carry=0 | base=0.92 | wall=1.80 | search=3588 | target=none
R2[GIVE_UP   ]: carry=0 | base=1.00 | wall=1.64 | search=156 | target=none
R3[SEARCH    ]: carry=0 | base=2.12 | wall=0.38 | search=3399 | target=none
R4[SEARCH    ]: carry=0 | base=1.88 | wall=0.79 | search=329 | target=site(1.76,0.79)

  [GIVE-UP] R1 returned empty after 3588 searching steps
  [TARGET] R1 → PHERO (1.76, 0.79)
  [GIVE-UP] R2 returned empty after 156 searching steps
  [TARGET] R2 → PHERO (1.56, 0.99)

======================================================================
Step 18000 (9.6 min) | Pickups: 20 | Deposits: 20 | Rate: 2.08 tags/min | phero_entries=0 max_w=0.000
======================================================================
R1[PHERO     ]: carry=0 | base=1.05 | wall=1.55 | search=  0 | target=phero(1.76,0.79)
R2[PHERO     ]: carry=0 | base=0.93 | wall=1.68 | search=  0 | target=phero(1.56,0.99)
R3[SEARCH    ]: carry=0 | base=2.11 | wall=0.39 | search=3899 | target=none
R4[SEARCH    ]: carry=0 | base=1.82 | wall=0.76 | search=829 | target=site(1.76,0.79)

[PICKUP] R1 picked up tag (density=11) | Total: 21

======================================================================
Step 18500 (9.9 min) | Pickups: 21 | Deposits: 20 | Rate: 2.03 tags/min | phero_entries=0 max_w=0.000
======================================================================
R1[RTB       ]: carry=1 | base=1.93 | wall=0.75 | search=  0 | target=none
R2[SEARCH    ]: carry=0 | base=1.78 | wall=1.00 | search=273 | target=phero(1.56,0.99)
R3[SEARCH    ]: carry=0 | base=2.11 | wall=0.39 | search=4399 | target=none
R4[WALL_ESC  ]: carry=0 | base=2.30 | wall=0.33 | search=1329 | target=site(1.76,0.79)

TIMEOUT_RESULT pickups=21 deposits=20 steps=18750 elapsed_min=10.000000
BATCH_RESULT pickups=21 deposits=20
