=================================================================
CPFA BASELINE — ARGoS-calibrated parameters
  Params file                  = /home/sara/Documents/RL-FL-Foraging/cpfa_tuning_20260715_155549/trial_049/params.yaml
  Results file                 = /home/sara/Documents/RL-FL-Foraging/controllers/cpfa_baseline/results/cpfa_baseline_results_20260715_180945_3.txt
  RateOfLayingPheromone        = 7.700301478464535
  RateOfSiteFidelity           = 3.035039743728315
  RateOfPheromoneDecay         = 0.06264095498934033 /s  (lifetime ~110s)
  ProbabilityOfReturningToNest = 0.10611878600242085 (every 5 sec → E[give-up] ~47s)
  UninformedSearchVariation    = 0.08 rad (4.7°)
  RateOfInformedSearchDecay    = 1.5922354578198974 /waypoint
  ProbabilityOfSwitchingToSearching = 0.5065836111914602 (every 5 sec in uninformed DEPARTING)
=================================================================

[PICKUP] R1 picked up tag (density=14) | Total: 1
[DEPOSIT] R1 deposited! Total: 1
  [PHERO] Laid at (-0.50, 0.00) density=14 prob=0.99 entries=1
  [TARGET] R1 → SITE (-0.50, 0.00)
[PICKUP] R2 picked up tag (density=12) | Total: 2
[PICKUP] R1 picked up tag (density=11) | Total: 3

======================================================================
Step 500 (0.3 min) | Pickups: 3 | Deposits: 1 | Rate: 3.75 tags/min | phero_entries=1 max_w=0.594
======================================================================
R1[SURVEY    ]: carry=1 | base=0.38 | wall=2.12 | search=  0 | target=none
R2[SURVEY    ]: carry=1 | base=1.14 | wall=1.36 | search=  0 | target=none
R3[SEARCH    ]: carry=0 | base=1.70 | wall=1.18 | search=188 | target=none
R4[SEARCH    ]: carry=0 | base=1.69 | wall=1.13 | search=188 | target=none

[DEPOSIT] R1 deposited! Total: 2
  [PHERO] Laid at (-0.38, -0.07) density=11 prob=0.91 entries=2
  [TARGET] R1 → SITE (-0.38, -0.07)
[DEPOSIT] R2 deposited! Total: 3
  [PHERO] Laid at (0.06, 1.14) density=12 prob=0.95 entries=3
  [TARGET] R2 → SITE (0.06, 1.14)

======================================================================
Step 1000 (0.5 min) | Pickups: 3 | Deposits: 3 | Rate: 5.62 tags/min | phero_entries=3 max_w=0.749
======================================================================
R1[SEARCH    ]: carry=0 | base=0.46 | wall=2.09 | search=119 | target=site(-0.38,-0.07)
R2[SITE      ]: carry=0 | base=0.34 | wall=2.19 | search=  0 | target=site(0.06,1.14)
R3[GIVE_UP   ]: carry=0 | base=2.31 | wall=0.75 | search=468 | target=none
R4[WALL_ESC  ]: carry=0 | base=2.64 | wall=0.35 | search=688 | target=none

[PICKUP] R2 picked up tag (density=11) | Total: 4
[PICKUP] R3 picked up tag (density=12) | Total: 5

======================================================================
Step 1500 (0.8 min) | Pickups: 5 | Deposits: 3 | Rate: 3.75 tags/min | phero_entries=3 max_w=0.275
======================================================================
R1[SEARCH    ]: carry=0 | base=1.24 | wall=1.33 | search=619 | target=site(-0.38,-0.07)
R2[RTB       ]: carry=1 | base=1.10 | wall=1.41 | search=  0 | target=none
R3[SURVEY    ]: carry=1 | base=0.79 | wall=1.90 | search=  0 | target=none
R4[WALL_ESC  ]: carry=0 | base=2.63 | wall=0.31 | search=1188 | target=none

[DEPOSIT] R3 deposited! Total: 4
  [PHERO] Laid at (-0.61, 0.52) density=12 prob=0.95 entries=4
  [TARGET] R3 → SITE (-0.61, 0.52)
[DEPOSIT] R2 deposited! Total: 5
  [PHERO] Laid at (0.05, 1.14) density=11 prob=0.91 entries=5
  [TARGET] R2 → SITE (0.05, 1.14)
[PICKUP] R3 picked up tag (density=10) | Total: 6

======================================================================
Step 2000 (1.1 min) | Pickups: 6 | Deposits: 5 | Rate: 4.69 tags/min | phero_entries=5 max_w=0.581
======================================================================
R1[SEARCH    ]: carry=0 | base=2.24 | wall=0.39 | search=1119 | target=site(-0.38,-0.07)
R2[SITE      ]: carry=0 | base=0.79 | wall=1.71 | search=  0 | target=site(0.05,1.14)
R3[SURVEY    ]: carry=1 | base=0.33 | wall=2.22 | search=  0 | target=none
R4[SEARCH    ]: carry=0 | base=2.56 | wall=0.39 | search=1688 | target=none

[DEPOSIT] R3 deposited! Total: 6
  [PHERO] Laid at (-0.17, 0.28) density=10 prob=0.84 entries=6
  [TARGET] R3 → SITE (-0.17, 0.28)
[PICKUP] R3 picked up tag (density=8) | Total: 7

======================================================================
Step 2500 (1.3 min) | Pickups: 7 | Deposits: 6 | Rate: 4.50 tags/min | phero_entries=6 max_w=0.479
======================================================================
R1[SEARCH    ]: carry=0 | base=2.24 | wall=0.40 | search=1619 | target=site(-0.38,-0.07)
R2[SEARCH    ]: carry=0 | base=1.56 | wall=1.18 | search=420 | target=site(0.05,1.14)
R3[SURVEY    ]: carry=1 | base=0.38 | wall=2.16 | search=  0 | target=none
R4[SEARCH    ]: carry=0 | base=2.54 | wall=0.37 | search=2188 | target=none

[DEPOSIT] R3 deposited! Total: 7
  [PHERO] Laid at (-0.17, 0.34) density=8 prob=0.63 entries=7
  [TARGET] R3 → SITE (-0.17, 0.34)

======================================================================
Step 3000 (1.6 min) | Pickups: 7 | Deposits: 7 | Rate: 4.38 tags/min | phero_entries=7 max_w=0.497
======================================================================
R1[SEARCH    ]: carry=0 | base=2.25 | wall=0.40 | search=2119 | target=site(-0.38,-0.07)
R2[SEARCH    ]: carry=0 | base=2.27 | wall=0.36 | search=920 | target=site(0.05,1.14)
R3[SEARCH    ]: carry=0 | base=0.27 | wall=2.26 | search=146 | target=site(-0.17,0.34)
R4[WALL_ESC  ]: carry=0 | base=2.63 | wall=0.32 | search=2688 | target=none

[PICKUP] R2 picked up tag (density=9) | Total: 8
  [GIVE-UP] R3 returned empty after 312 searching steps
  [TARGET] R3 → PHERO (-0.17, 0.34)

======================================================================
Step 3500 (1.9 min) | Pickups: 8 | Deposits: 7 | Rate: 3.75 tags/min | phero_entries=7 max_w=0.182
======================================================================
R1[GIVE_UP   ]: carry=0 | base=1.06 | wall=1.53 | search=2184 | target=none
R2[WALL_ESC  ]: carry=1 | base=2.25 | wall=0.34 | search=  0 | target=none
R3[SEARCH    ]: carry=0 | base=0.45 | wall=2.07 | search=102 | target=phero(-0.17,0.34)
R4[SEARCH    ]: carry=0 | base=2.53 | wall=0.40 | search=3188 | target=none

[PICKUP] R3 picked up tag (density=6) | Total: 9
  [GIVE-UP] R1 returned empty after 2184 searching steps
  [TARGET] R1 → PHERO (-0.17, 0.34)
[DEPOSIT] R3 deposited! Total: 8
  [TARGET] R3 → SITE (-0.17, 0.52)

======================================================================
Step 4000 (2.1 min) | Pickups: 9 | Deposits: 8 | Rate: 3.75 tags/min | phero_entries=6 max_w=0.067
======================================================================
R1[PHERO     ]: carry=0 | base=0.27 | wall=2.30 | search=  0 | target=phero(-0.17,0.34)
R2[RTB       ]: carry=1 | base=0.39 | wall=2.12 | search=  0 | target=none
R3[BASE_ESC  ]: carry=0 | base=0.22 | wall=2.28 | search=  0 | target=site(-0.17,0.52)
R4[GIVE_UP   ]: carry=0 | base=1.61 | wall=1.17 | search=3432 | target=none

[DEPOSIT] R2 deposited! Total: 9
  [PHERO] Laid at (2.14, 0.67) density=9 prob=0.75 entries=7
  [TARGET] R2 → SITE (2.14, 0.67)
  [GIVE-UP] R4 returned empty after 3432 searching steps
  [TARGET] R4 → PHERO (2.14, 0.67)

======================================================================
Step 4500 (2.4 min) | Pickups: 9 | Deposits: 9 | Rate: 3.75 tags/min | phero_entries=5 max_w=0.396
======================================================================
R1[SEARCH    ]: carry=0 | base=0.84 | wall=1.69 | search=378 | target=phero(-0.17,0.34)
R2[SITE      ]: carry=0 | base=1.54 | wall=1.02 | search=  0 | target=site(2.14,0.67)
R3[SEARCH    ]: carry=0 | base=1.57 | wall=1.03 | search=367 | target=site(-0.17,0.52)
R4[PHERO     ]: carry=0 | base=0.27 | wall=2.24 | search=  0 | target=phero(2.14,0.67)

[PICKUP] R2 picked up tag (density=8) | Total: 10

======================================================================
Step 5000 (2.7 min) | Pickups: 10 | Deposits: 9 | Rate: 3.38 tags/min | phero_entries=5 max_w=0.145
======================================================================
R1[WALL_ESC  ]: carry=0 | base=2.21 | wall=0.34 | search=878 | target=phero(-0.17,0.34)
R2[RTB       ]: carry=1 | base=1.14 | wall=1.39 | search=  0 | target=none
R3[WALL_ESC  ]: carry=0 | base=2.20 | wall=0.35 | search=867 | target=site(-0.17,0.52)
R4[PHERO     ]: carry=0 | base=0.69 | wall=1.91 | search=  0 | target=phero(2.14,0.67)

[DEPOSIT] R2 deposited! Total: 10
  [PHERO] Laid at (1.71, 0.51) density=8 prob=0.63 entries=4
  [TARGET] R2 → SITE (1.71, 0.51)
[PICKUP] R4 picked up tag (density=7) | Total: 11

======================================================================
Step 5500 (2.9 min) | Pickups: 11 | Deposits: 10 | Rate: 3.41 tags/min | phero_entries=4 max_w=0.584
======================================================================
R1[SEARCH    ]: carry=0 | base=2.19 | wall=0.36 | search=1378 | target=phero(-0.17,0.34)
R2[SITE      ]: carry=0 | base=0.80 | wall=1.72 | search=  0 | target=site(1.71,0.51)
R3[SEARCH    ]: carry=0 | base=2.25 | wall=0.36 | search=1367 | target=site(-0.17,0.52)
R4[RTB       ]: carry=1 | base=1.82 | wall=0.77 | search=  0 | target=none

[PICKUP] R2 picked up tag (density=6) | Total: 12
[DEPOSIT] R4 deposited! Total: 11
  [PHERO] Laid at (1.71, 0.59) density=7 prob=0.50 entries=4
  [TARGET] R4 → SITE (1.71, 0.59)

======================================================================
Step 6000 (3.2 min) | Pickups: 12 | Deposits: 11 | Rate: 3.44 tags/min | phero_entries=4 max_w=0.970
======================================================================
R1[SEARCH    ]: carry=0 | base=2.19 | wall=0.37 | search=1878 | target=phero(-0.17,0.34)
R2[SURVEY    ]: carry=1 | base=1.77 | wall=0.79 | search=  0 | target=none
R3[GIVE_UP   ]: carry=0 | base=2.00 | wall=0.62 | search=1716 | target=none
R4[BASE_ESC  ]: carry=0 | base=0.23 | wall=2.27 | search=  0 | target=site(1.71,0.59)

  [GIVE-UP] R3 returned empty after 1716 searching steps
  [TARGET] R3 → PHERO (1.71, 0.59)

======================================================================
Step 6500 (3.5 min) | Pickups: 12 | Deposits: 11 | Rate: 3.17 tags/min | phero_entries=3 max_w=0.356
======================================================================
R1[SEARCH    ]: carry=0 | base=2.18 | wall=0.37 | search=2378 | target=phero(-0.17,0.34)
R2[RTB       ]: carry=1 | base=0.43 | wall=2.08 | search=  0 | target=none
R3[BASE_ESC  ]: carry=0 | base=0.22 | wall=2.30 | search=  0 | target=phero(1.71,0.59)
R4[SEARCH    ]: carry=0 | base=1.76 | wall=0.84 | search=  3 | target=site(1.71,0.59)

[DEPOSIT] R2 deposited! Total: 12
  [TARGET] R2 → SITE (1.71, 0.47)
[PICKUP] R4 picked up tag (density=5) | Total: 13

======================================================================
Step 7000 (3.7 min) | Pickups: 13 | Deposits: 12 | Rate: 3.21 tags/min | phero_entries=3 max_w=0.131
======================================================================
R1[SEARCH    ]: carry=0 | base=2.18 | wall=0.38 | search=2878 | target=phero(-0.17,0.34)
R2[SITE      ]: carry=0 | base=1.50 | wall=1.05 | search=  0 | target=site(1.71,0.47)
R3[SEARCH    ]: carry=0 | base=1.79 | wall=0.80 | search= 24 | target=phero(1.71,0.59)
R4[RTB       ]: carry=1 | base=1.68 | wall=0.85 | search=  0 | target=none

[PICKUP] R3 picked up tag (density=4) | Total: 14
[DEPOSIT] R4 deposited! Total: 13
  [TARGET] R4 → SITE (1.78, 0.43)

======================================================================
Step 7500 (4.0 min) | Pickups: 14 | Deposits: 13 | Rate: 3.25 tags/min | phero_entries=2 max_w=0.048
======================================================================
R1[GIVE_UP   ]: carry=0 | base=1.25 | wall=1.31 | search=3120 | target=none
R2[SEARCH    ]: carry=0 | base=2.19 | wall=0.73 | search=442 | target=site(1.71,0.47)
R3[RTB       ]: carry=1 | base=1.25 | wall=1.29 | search=  0 | target=none
R4[SITE      ]: carry=0 | base=0.29 | wall=2.21 | search=  0 | target=site(1.78,0.43)

  [GIVE-UP] R1 returned empty after 3120 searching steps
  [TARGET] R1 → PHERO (1.71, 0.59)
[DEPOSIT] R3 deposited! Total: 14
  [TARGET] R3 → PHERO (1.71, 0.59)

======================================================================
Step 8000 (4.3 min) | Pickups: 14 | Deposits: 14 | Rate: 3.28 tags/min | phero_entries=2 max_w=0.018
======================================================================
R1[PHERO     ]: carry=0 | base=0.53 | wall=2.11 | search=  0 | target=phero(1.71,0.59)
R2[SEARCH    ]: carry=0 | base=2.37 | wall=0.40 | search=942 | target=site(1.71,0.47)
R3[PHERO     ]: carry=0 | base=0.69 | wall=1.83 | search=  0 | target=phero(1.71,0.59)
R4[SEARCH    ]: carry=0 | base=1.81 | wall=0.73 | search=100 | target=site(1.78,0.43)


======================================================================
Step 8500 (4.5 min) | Pickups: 14 | Deposits: 14 | Rate: 3.09 tags/min | phero_entries=2 max_w=0.006
======================================================================
R1[SEARCH    ]: carry=0 | base=1.70 | wall=0.87 | search=146 | target=phero(1.71,0.59)
R2[SEARCH    ]: carry=0 | base=2.41 | wall=0.38 | search=1442 | target=site(1.71,0.47)
R3[SEARCH    ]: carry=0 | base=1.64 | wall=0.95 | search=219 | target=phero(1.71,0.59)
R4[SEARCH    ]: carry=0 | base=2.18 | wall=0.53 | search=600 | target=site(1.78,0.43)


======================================================================
Step 9000 (4.8 min) | Pickups: 14 | Deposits: 14 | Rate: 2.92 tags/min | phero_entries=1 max_w=0.002
======================================================================
R1[WALL_ESC  ]: carry=0 | base=2.17 | wall=0.33 | search=646 | target=phero(1.71,0.59)
R2[SEARCH    ]: carry=0 | base=2.40 | wall=0.37 | search=1942 | target=site(1.71,0.47)
R3[SEARCH    ]: carry=0 | base=2.42 | wall=0.38 | search=719 | target=phero(1.71,0.59)
R4[GIVE_UP   ]: carry=0 | base=2.40 | wall=0.74 | search=936 | target=none

[PICKUP] R4 picked up tag (density=12) | Total: 15

======================================================================
Step 9500 (5.1 min) | Pickups: 15 | Deposits: 14 | Rate: 2.76 tags/min | phero_entries=0 max_w=0.000
======================================================================
R1[WALL_ESC  ]: carry=0 | base=2.17 | wall=0.33 | search=1146 | target=phero(1.71,0.59)
R2[GIVE_UP   ]: carry=0 | base=2.28 | wall=0.54 | search=2340 | target=none
R3[SEARCH    ]: carry=0 | base=2.45 | wall=0.37 | search=1219 | target=phero(1.71,0.59)
R4[RTB       ]: carry=1 | base=1.56 | wall=1.33 | search=  0 | target=none

[DEPOSIT] R4 deposited! Total: 15
  [PHERO] Laid at (1.14, -1.06) density=12 prob=0.95 entries=1
  [TARGET] R4 → SITE (1.14, -1.06)

======================================================================
Step 10000 (5.3 min) | Pickups: 15 | Deposits: 15 | Rate: 2.81 tags/min | phero_entries=1 max_w=0.772
======================================================================
R1[WALL_ESC  ]: carry=0 | base=2.16 | wall=0.34 | search=1646 | target=phero(1.71,0.59)
R2[GIVE_UP   ]: carry=0 | base=0.36 | wall=2.19 | search=2340 | target=none
R3[WALL_ESC  ]: carry=0 | base=2.56 | wall=0.32 | search=1719 | target=phero(1.71,0.59)
R4[SITE      ]: carry=0 | base=0.30 | wall=2.22 | search=  0 | target=site(1.14,-1.06)

  [GIVE-UP] R2 returned empty after 2340 searching steps
  [TARGET] R2 → PHERO (1.14, -1.06)
[PICKUP] R4 picked up tag (density=11) | Total: 16

======================================================================
Step 10500 (5.6 min) | Pickups: 16 | Deposits: 15 | Rate: 2.68 tags/min | phero_entries=1 max_w=0.283
======================================================================
R1[WALL_ESC  ]: carry=0 | base=2.16 | wall=0.34 | search=2146 | target=phero(1.71,0.59)
R2[PHERO     ]: carry=0 | base=0.90 | wall=1.76 | search=  0 | target=phero(1.14,-1.06)
R3[SEARCH    ]: carry=0 | base=2.47 | wall=0.40 | search=2219 | target=phero(1.71,0.59)
R4[RTB       ]: carry=1 | base=0.97 | wall=1.70 | search=  0 | target=none

[PICKUP] R2 picked up tag (density=10) | Total: 17
[DEPOSIT] R4 deposited! Total: 16
  [PHERO] Laid at (0.79, -0.66) density=11 prob=0.91 entries=2
  [TARGET] R4 → SITE (0.79, -0.66)

======================================================================
Step 11000 (5.9 min) | Pickups: 17 | Deposits: 16 | Rate: 2.73 tags/min | phero_entries=2 max_w=0.570
======================================================================
R1[GIVE_UP   ]: carry=0 | base=1.24 | wall=1.26 | search=2340 | target=none
R2[RTB       ]: carry=1 | base=0.68 | wall=1.92 | search=  0 | target=none
R3[WALL_ESC  ]: carry=0 | base=2.50 | wall=0.34 | search=2719 | target=phero(1.71,0.59)
R4[SITE      ]: carry=0 | base=0.74 | wall=1.92 | search=  0 | target=site(0.79,-0.66)

[DEPOSIT] R2 deposited! Total: 17
  [PHERO] Laid at (0.85, -0.67) density=10 prob=0.84 entries=3
  [TARGET] R2 → SITE (0.85, -0.67)
[PICKUP] R4 picked up tag (density=9) | Total: 18
  [GIVE-UP] R1 returned empty after 2340 searching steps
  [TARGET] R1 → PHERO (0.79, -0.66)

======================================================================
Step 11500 (6.1 min) | Pickups: 18 | Deposits: 17 | Rate: 2.77 tags/min | phero_entries=3 max_w=0.463
======================================================================
R1[PHERO     ]: carry=0 | base=0.49 | wall=2.02 | search=  0 | target=phero(0.79,-0.66)
R2[SEARCH    ]: carry=0 | base=1.14 | wall=1.59 | search= 58 | target=site(0.85,-0.67)
R3[WALL_ESC  ]: carry=0 | base=2.55 | wall=0.34 | search=3219 | target=phero(1.71,0.59)
R4[RTB       ]: carry=1 | base=0.79 | wall=1.85 | search=  0 | target=none

[PICKUP] R2 picked up tag (density=8) | Total: 19
[DEPOSIT] R4 deposited! Total: 18
  [TARGET] R4 → SITE (0.83, -0.73)

======================================================================
Step 12000 (6.4 min) | Pickups: 19 | Deposits: 18 | Rate: 2.81 tags/min | phero_entries=3 max_w=0.170
======================================================================
R1[SEARCH    ]: carry=0 | base=0.31 | wall=2.27 | search=351 | target=phero(0.79,-0.66)
R2[RTB       ]: carry=1 | base=0.28 | wall=2.25 | search=  0 | target=none
R3[SEARCH    ]: carry=0 | base=2.46 | wall=0.39 | search=3719 | target=phero(1.71,0.59)
R4[SEARCH    ]: carry=0 | base=1.08 | wall=1.68 | search= 13 | target=site(0.83,-0.73)

[DEPOSIT] R2 deposited! Total: 19
  [PHERO] Laid at (0.91, -0.68) density=8 prob=0.63 entries=4
  [TARGET] R2 → SITE (0.91, -0.68)
  [GIVE-UP] R4 returned empty after 312 searching steps
  [TARGET] R4 → PHERO (0.91, -0.68)
  [GIVE-UP] R1 returned empty after 780 searching steps
  [TARGET] R1 → PHERO (0.91, -0.68)

======================================================================
Step 12500 (6.7 min) | Pickups: 19 | Deposits: 19 | Rate: 2.85 tags/min | phero_entries=4 max_w=0.374
======================================================================
R1[PHERO     ]: carry=0 | base=0.29 | wall=2.22 | search=  0 | target=phero(0.91,-0.68)
R2[SEARCH    ]: carry=0 | base=1.12 | wall=1.57 | search=105 | target=site(0.91,-0.68)
R3[WALL_ESC  ]: carry=0 | base=2.55 | wall=0.31 | search=4219 | target=phero(1.71,0.59)
R4[BASE_ESC  ]: carry=0 | base=0.24 | wall=2.26 | search=  0 | target=phero(0.91,-0.68)

  [GIVE-UP] R2 returned empty after 156 searching steps
  [TARGET] R2 → PHERO (0.91, -0.68)

======================================================================
Step 13000 (6.9 min) | Pickups: 19 | Deposits: 19 | Rate: 2.74 tags/min | phero_entries=4 max_w=0.137
======================================================================
R1[SEARCH    ]: carry=0 | base=0.85 | wall=1.81 | search=221 | target=phero(0.91,-0.68)
R2[PHERO     ]: carry=0 | base=0.58 | wall=1.99 | search=  0 | target=phero(0.91,-0.68)
R3[SEARCH    ]: carry=0 | base=2.52 | wall=0.36 | search=4719 | target=phero(1.71,0.59)
R4[SEARCH    ]: carry=0 | base=0.97 | wall=1.74 | search=238 | target=phero(0.91,-0.68)


======================================================================
Step 13500 (7.2 min) | Pickups: 19 | Deposits: 19 | Rate: 2.64 tags/min | phero_entries=3 max_w=0.050
======================================================================
R1[SEARCH    ]: carry=0 | base=1.67 | wall=1.02 | search=721 | target=phero(0.91,-0.68)
R2[SEARCH    ]: carry=0 | base=2.17 | wall=0.41 | search=365 | target=phero(0.91,-0.68)
R3[SEARCH    ]: carry=0 | base=2.47 | wall=0.38 | search=5219 | target=phero(1.71,0.59)
R4[SEARCH    ]: carry=0 | base=1.86 | wall=0.72 | search=738 | target=phero(0.91,-0.68)


======================================================================
Step 14000 (7.5 min) | Pickups: 19 | Deposits: 19 | Rate: 2.54 tags/min | phero_entries=3 max_w=0.018
======================================================================
R1[GIVE_UP   ]: carry=0 | base=0.65 | wall=1.95 | search=780 | target=none
R2[SEARCH    ]: carry=0 | base=2.20 | wall=0.38 | search=865 | target=phero(0.91,-0.68)
R3[GIVE_UP   ]: carry=0 | base=2.44 | wall=0.47 | search=5616 | target=none
R4[SEARCH    ]: carry=0 | base=2.37 | wall=0.39 | search=1238 | target=phero(0.91,-0.68)

  [GIVE-UP] R1 returned empty after 780 searching steps
  [TARGET] R1 → PHERO (0.85, -0.67)

======================================================================
Step 14500 (7.7 min) | Pickups: 19 | Deposits: 19 | Rate: 2.46 tags/min | phero_entries=2 max_w=0.007
======================================================================
R1[PHERO     ]: carry=0 | base=0.72 | wall=1.96 | search=  0 | target=phero(0.85,-0.67)
R2[SEARCH    ]: carry=0 | base=2.21 | wall=0.37 | search=1365 | target=phero(0.91,-0.68)
R3[GIVE_UP   ]: carry=0 | base=0.54 | wall=2.06 | search=5616 | target=none
R4[GIVE_UP   ]: carry=0 | base=1.08 | wall=1.52 | search=1404 | target=none

  [GIVE-UP] R3 returned empty after 5616 searching steps
  [TARGET] R3 → PHERO (0.91, -0.68)
  [GIVE-UP] R4 returned empty after 1404 searching steps
  [TARGET] R4 → PHERO (0.91, -0.68)
[PICKUP] R3 picked up tag (density=7) | Total: 20
  [GIVE-UP] R1 returned empty after 312 searching steps
  [TARGET] R1 → PHERO (0.91, -0.68)

======================================================================
Step 15000 (8.0 min) | Pickups: 20 | Deposits: 19 | Rate: 2.38 tags/min | phero_entries=1 max_w=0.002
======================================================================
R1[BASE_ESC  ]: carry=0 | base=0.24 | wall=2.26 | search=  0 | target=phero(0.91,-0.68)
R2[GIVE_UP   ]: carry=0 | base=1.79 | wall=0.80 | search=1716 | target=none
R3[SURVEY    ]: carry=1 | base=1.15 | wall=1.61 | search=  0 | target=none
R4[PHERO     ]: carry=0 | base=0.41 | wall=2.10 | search=  0 | target=phero(0.91,-0.68)

  [GIVE-UP] R2 returned empty after 1716 searching steps
  [TARGET] R2 → PHERO (0.91, -0.68)

======================================================================
Step 15500 (8.3 min) | Pickups: 20 | Deposits: 19 | Rate: 2.30 tags/min | phero_entries=0 max_w=0.000
======================================================================
R1[SEARCH    ]: carry=0 | base=1.13 | wall=1.54 | search= 93 | target=phero(0.91,-0.68)
R2[BASE_ESC  ]: carry=0 | base=0.23 | wall=2.27 | search=  0 | target=phero(0.91,-0.68)
R3[RTB       ]: carry=1 | base=0.36 | wall=2.21 | search=  0 | target=none
R4[SEARCH    ]: carry=0 | base=1.46 | wall=1.04 | search=290 | target=phero(0.91,-0.68)

[DEPOSIT] R3 deposited! Total: 20
  [TARGET] R3 → SITE (0.89, -0.73)
  [GIVE-UP] R4 returned empty after 312 searching steps
  [TARGET] R4 → WALL (2.42, -1.23)

======================================================================
Step 16000 (8.5 min) | Pickups: 20 | Deposits: 20 | Rate: 2.34 tags/min | phero_entries=0 max_w=0.000
======================================================================
R1[SEARCH    ]: carry=0 | base=1.68 | wall=1.31 | search=593 | target=phero(0.91,-0.68)
R2[SEARCH    ]: carry=0 | base=0.99 | wall=1.74 | search=229 | target=phero(0.91,-0.68)
R3[SEARCH    ]: carry=0 | base=1.16 | wall=1.63 | search= 73 | target=site(0.89,-0.73)
R4[BASE_ESC  ]: carry=0 | base=0.22 | wall=2.29 | search=  0 | target=none


======================================================================
Step 16500 (8.8 min) | Pickups: 20 | Deposits: 20 | Rate: 2.27 tags/min | phero_entries=0 max_w=0.000
======================================================================
R1[SEARCH    ]: carry=0 | base=2.55 | wall=0.40 | search=1093 | target=phero(0.91,-0.68)
R2[WALL_ESC  ]: carry=0 | base=2.16 | wall=0.34 | search=729 | target=phero(0.91,-0.68)
R3[SEARCH    ]: carry=0 | base=1.84 | wall=0.69 | search=573 | target=site(0.89,-0.73)
R4[SEARCH    ]: carry=0 | base=1.68 | wall=0.90 | search=287 | target=none


======================================================================
Step 17000 (9.1 min) | Pickups: 20 | Deposits: 20 | Rate: 2.21 tags/min | phero_entries=0 max_w=0.000
======================================================================
R1[WALL_ESC  ]: carry=0 | base=2.68 | wall=0.31 | search=1593 | target=phero(0.91,-0.68)
R2[GIVE_UP   ]: carry=0 | base=0.67 | wall=1.83 | search=780 | target=none
R3[SEARCH    ]: carry=0 | base=1.67 | wall=1.21 | search=1073 | target=site(0.89,-0.73)
R4[SEARCH    ]: carry=0 | base=2.13 | wall=0.39 | search=787 | target=none

  [GIVE-UP] R2 returned empty after 780 searching steps
  [TARGET] R2 → WALL (0.53, -2.42)

======================================================================
Step 17500 (9.3 min) | Pickups: 20 | Deposits: 20 | Rate: 2.14 tags/min | phero_entries=0 max_w=0.000
======================================================================
R1[SEARCH    ]: carry=0 | base=2.66 | wall=0.36 | search=2093 | target=phero(0.91,-0.68)
R2[SEARCH    ]: carry=0 | base=1.17 | wall=1.35 | search=122 | target=none
R3[SEARCH    ]: carry=0 | base=2.15 | wall=0.39 | search=1573 | target=site(0.89,-0.73)
R4[SEARCH    ]: carry=0 | base=2.13 | wall=0.39 | search=1287 | target=none


======================================================================
Step 18000 (9.6 min) | Pickups: 20 | Deposits: 20 | Rate: 2.08 tags/min | phero_entries=0 max_w=0.000
======================================================================
R1[GIVE_UP   ]: carry=0 | base=2.43 | wall=0.50 | search=2496 | target=none
R2[SEARCH    ]: carry=0 | base=2.61 | wall=0.55 | search=622 | target=none
R3[SEARCH    ]: carry=0 | base=2.14 | wall=0.40 | search=2073 | target=site(0.89,-0.73)
R4[GIVE_UP   ]: carry=0 | base=1.90 | wall=0.63 | search=1716 | target=none

  [GIVE-UP] R4 returned empty after 1716 searching steps
  [TARGET] R4 → WALL (0.02, -2.42)

======================================================================
Step 18500 (9.9 min) | Pickups: 20 | Deposits: 20 | Rate: 2.03 tags/min | phero_entries=0 max_w=0.000
======================================================================
R1[GIVE_UP   ]: carry=0 | base=0.51 | wall=2.08 | search=2496 | target=none
R2[SEARCH    ]: carry=0 | base=2.81 | wall=0.36 | search=1122 | target=none
R3[SEARCH    ]: carry=0 | base=2.14 | wall=0.39 | search=2573 | target=site(0.89,-0.73)
R4[BASE_ESC  ]: carry=0 | base=0.22 | wall=2.28 | search=  0 | target=none

  [GIVE-UP] R1 returned empty after 2496 searching steps
  [TARGET] R1 → WALL (0.67, -2.42)
TIMEOUT_RESULT pickups=20 deposits=20 steps=18750 elapsed_min=10.000000
BATCH_RESULT pickups=20 deposits=20
