=================================================================
CPFA BASELINE — ARGoS-calibrated parameters
  Params file                  = /home/sara/Documents/RL-FL-Foraging/cpfa_tuning_20260715_155549/trial_049/params.yaml
  Results file                 = /home/sara/Documents/RL-FL-Foraging/controllers/cpfa_baseline/results/cpfa_baseline_results_20260715_180944_3.txt
  RateOfLayingPheromone        = 7.700301478464535
  RateOfSiteFidelity           = 3.035039743728315
  RateOfPheromoneDecay         = 0.06264095498934033 /s  (lifetime ~110s)
  ProbabilityOfReturningToNest = 0.10611878600242085 (every 5 sec → E[give-up] ~47s)
  UninformedSearchVariation    = 0.08 rad (4.7°)
  RateOfInformedSearchDecay    = 1.5922354578198974 /waypoint
  ProbabilityOfSwitchingToSearching = 0.5065836111914602 (every 5 sec in uninformed DEPARTING)
=================================================================

[PICKUP] R1 picked up tag (density=9) | Total: 1
[PICKUP] R4 picked up tag (density=7) | Total: 2
[DEPOSIT] R1 deposited! Total: 1
  [PHERO] Laid at (-0.50, 0.00) density=9 prob=0.75 entries=1
  [TARGET] R1 → SITE (-0.50, 0.00)
[DEPOSIT] R4 deposited! Total: 2
  [PHERO] Laid at (0.00, -0.50) density=7 prob=0.50 entries=2
  [TARGET] R4 → SITE (0.00, -0.50)
[PICKUP] R1 picked up tag (density=10) | Total: 3

======================================================================
Step 500 (0.3 min) | Pickups: 3 | Deposits: 2 | Rate: 7.50 tags/min | phero_entries=2 max_w=0.660
======================================================================
R1[SURVEY    ]: carry=1 | base=0.31 | wall=2.20 | search=  0 | target=none
R2[SEARCH    ]: carry=0 | base=1.53 | wall=0.98 | search= 32 | target=none
R3[DEPART    ]: carry=0 | base=2.15 | wall=0.35 | search=  0 | target=none
R4[SITE      ]: carry=0 | base=0.45 | wall=2.05 | search=  0 | target=site(0.00,-0.50)

[DEPOSIT] R1 deposited! Total: 3
  [TARGET] R1 → SITE (-0.29, -0.08)
[PICKUP] R1 picked up tag (density=11) | Total: 4

======================================================================
Step 1000 (0.5 min) | Pickups: 4 | Deposits: 3 | Rate: 5.62 tags/min | phero_entries=2 max_w=0.242
======================================================================
R1[SURVEY    ]: carry=1 | base=0.33 | wall=2.20 | search=  0 | target=none
R2[WALL_ESC  ]: carry=0 | base=2.19 | wall=0.33 | search=532 | target=none
R3[DEPART    ]: carry=0 | base=1.13 | wall=1.58 | search=  0 | target=none
R4[SEARCH    ]: carry=0 | base=1.00 | wall=1.62 | search=493 | target=site(0.00,-0.50)

[PICKUP] R4 picked up tag (density=12) | Total: 5
[DEPOSIT] R1 deposited! Total: 4
  [TARGET] R1 → SITE (-0.30, -0.13)
[PICKUP] R1 picked up tag (density=11) | Total: 6

======================================================================
Step 1500 (0.8 min) | Pickups: 6 | Deposits: 4 | Rate: 5.00 tags/min | phero_entries=2 max_w=0.089
======================================================================
R1[SURVEY    ]: carry=1 | base=0.36 | wall=2.18 | search=  0 | target=none
R2[WALL_ESC  ]: carry=0 | base=2.19 | wall=0.33 | search=1032 | target=none
R3[SEARCH    ]: carry=0 | base=2.01 | wall=0.50 | search=451 | target=none
R4[RTB       ]: carry=1 | base=0.44 | wall=2.11 | search=  0 | target=none

[DEPOSIT] R4 deposited! Total: 5
  [PHERO] Laid at (0.94, 0.65) density=12 prob=0.95 entries=3
  [TARGET] R4 → SITE (0.94, 0.65)
[DEPOSIT] R1 deposited! Total: 6
  [TARGET] R1 → SITE (-0.32, -0.17)
[PICKUP] R1 picked up tag (density=10) | Total: 7
[PICKUP] R4 picked up tag (density=11) | Total: 8

======================================================================
Step 2000 (1.1 min) | Pickups: 8 | Deposits: 6 | Rate: 5.62 tags/min | phero_entries=3 max_w=0.406
======================================================================
R1[SURVEY    ]: carry=1 | base=0.42 | wall=2.13 | search=  0 | target=none
R2[WALL_ESC  ]: carry=0 | base=2.19 | wall=0.34 | search=1532 | target=none
R3[SEARCH    ]: carry=0 | base=2.15 | wall=0.40 | search=951 | target=none
R4[SURVEY    ]: carry=1 | base=1.20 | wall=1.48 | search=  0 | target=none

[DEPOSIT] R1 deposited! Total: 7
  [PHERO] Laid at (-0.37, -0.21) density=10 prob=0.84 entries=4
  [TARGET] R1 → SITE (-0.37, -0.21)
[PICKUP] R1 picked up tag (density=9) | Total: 9

======================================================================
Step 2500 (1.3 min) | Pickups: 9 | Deposits: 7 | Rate: 5.25 tags/min | phero_entries=4 max_w=0.511
======================================================================
R1[SURVEY    ]: carry=1 | base=0.44 | wall=2.13 | search=  0 | target=none
R2[GIVE_UP   ]: carry=0 | base=0.42 | wall=2.09 | search=1560 | target=none
R3[GIVE_UP   ]: carry=0 | base=2.04 | wall=0.51 | search=1404 | target=none
R4[RTB       ]: carry=1 | base=0.26 | wall=2.27 | search=  0 | target=none

[DEPOSIT] R4 deposited! Total: 8
  [PHERO] Laid at (1.02, 0.64) density=11 prob=0.91 entries=5
  [TARGET] R4 → SITE (1.02, 0.64)
  [GIVE-UP] R2 returned empty after 1560 searching steps
  [TARGET] R2 → PHERO (-0.37, -0.21)
[DEPOSIT] R1 deposited! Total: 9
  [PHERO] Laid at (-0.37, -0.24) density=9 prob=0.75 entries=6
  [TARGET] R1 → SITE (-0.37, -0.24)
[PICKUP] R3 picked up tag (density=3) | Total: 10
[PICKUP] R4 picked up tag (density=10) | Total: 11

======================================================================
Step 3000 (1.6 min) | Pickups: 11 | Deposits: 9 | Rate: 5.62 tags/min | phero_entries=6 max_w=0.554
======================================================================
R1[SEARCH    ]: carry=0 | base=0.42 | wall=2.15 | search= 97 | target=site(-0.37,-0.24)
R2[SEARCH    ]: carry=0 | base=0.28 | wall=2.24 | search=163 | target=phero(-0.37,-0.21)
R3[RTB       ]: carry=1 | base=0.75 | wall=1.76 | search=  0 | target=none
R4[SURVEY    ]: carry=1 | base=1.23 | wall=1.50 | search=  0 | target=none

[DEPOSIT] R3 deposited! Total: 10
  [TARGET] R3 → SITE (-0.74, -0.16)
[PICKUP] R3 picked up tag (density=5) | Total: 12
[DEPOSIT] R4 deposited! Total: 11
  [PHERO] Laid at (1.00, 0.71) density=10 prob=0.84 entries=7
  [TARGET] R4 → SITE (1.00, 0.71)

======================================================================
Step 3500 (1.9 min) | Pickups: 12 | Deposits: 11 | Rate: 5.89 tags/min | phero_entries=7 max_w=0.986
======================================================================
R1[SEARCH    ]: carry=0 | base=0.92 | wall=1.58 | search=597 | target=site(-0.37,-0.24)
R2[SEARCH    ]: carry=0 | base=1.84 | wall=1.12 | search=663 | target=phero(-0.37,-0.21)
R3[SURVEY    ]: carry=1 | base=0.39 | wall=2.13 | search=  0 | target=none
R4[BASE_ESC  ]: carry=0 | base=0.23 | wall=2.30 | search=  0 | target=site(1.00,0.71)

[DEPOSIT] R3 deposited! Total: 12
  [TARGET] R3 → SITE (-0.37, -0.13)
[PICKUP] R3 picked up tag (density=4) | Total: 13

======================================================================
Step 4000 (2.1 min) | Pickups: 13 | Deposits: 12 | Rate: 5.62 tags/min | phero_entries=5 max_w=0.362
======================================================================
R1[SEARCH    ]: carry=0 | base=2.17 | wall=0.36 | search=1097 | target=site(-0.37,-0.24)
R2[SEARCH    ]: carry=0 | base=2.54 | wall=0.35 | search=1163 | target=phero(-0.37,-0.21)
R3[SURVEY    ]: carry=1 | base=0.52 | wall=2.01 | search=  0 | target=none
R4[SEARCH    ]: carry=0 | base=1.17 | wall=1.49 | search=135 | target=site(1.00,0.71)

[DEPOSIT] R3 deposited! Total: 13
  [TARGET] R3 → SITE (-0.49, -0.16)

======================================================================
Step 4500 (2.4 min) | Pickups: 13 | Deposits: 13 | Rate: 5.42 tags/min | phero_entries=5 max_w=0.133
======================================================================
R1[SEARCH    ]: carry=0 | base=2.17 | wall=0.36 | search=1597 | target=site(-0.37,-0.24)
R2[SEARCH    ]: carry=0 | base=2.47 | wall=0.38 | search=1663 | target=phero(-0.37,-0.21)
R3[SEARCH    ]: carry=0 | base=0.59 | wall=1.92 | search= 85 | target=site(-0.49,-0.16)
R4[GIVE_UP   ]: carry=0 | base=1.86 | wall=0.73 | search=468 | target=none

  [GIVE-UP] R3 returned empty after 156 searching steps
  [TARGET] R3 → PHERO (-0.37, -0.24)
  [GIVE-UP] R4 returned empty after 468 searching steps
  [TARGET] R4 → PHERO (1.02, 0.64)

======================================================================
Step 5000 (2.7 min) | Pickups: 13 | Deposits: 13 | Rate: 4.88 tags/min | phero_entries=4 max_w=0.049
======================================================================
R1[SEARCH    ]: carry=0 | base=2.16 | wall=0.37 | search=2097 | target=site(-0.37,-0.24)
R2[WALL_ESC  ]: carry=0 | base=2.57 | wall=0.31 | search=2163 | target=phero(-0.37,-0.21)
R3[PHERO     ]: carry=0 | base=0.28 | wall=2.23 | search=  0 | target=phero(-0.37,-0.24)
R4[BASE_ESC  ]: carry=0 | base=0.22 | wall=2.30 | search=  0 | target=phero(1.02,0.64)

  [GIVE-UP] R3 returned empty after 156 searching steps
  [TARGET] R3 → PHERO (1.00, 0.71)

======================================================================
Step 5500 (2.9 min) | Pickups: 13 | Deposits: 13 | Rate: 4.43 tags/min | phero_entries=4 max_w=0.018
======================================================================
R1[SEARCH    ]: carry=0 | base=2.16 | wall=0.37 | search=2597 | target=site(-0.37,-0.24)
R2[SEARCH    ]: carry=0 | base=2.48 | wall=0.39 | search=2663 | target=phero(-0.37,-0.21)
R3[PHERO     ]: carry=0 | base=0.27 | wall=2.25 | search=  0 | target=phero(1.00,0.71)
R4[SEARCH    ]: carry=0 | base=0.79 | wall=1.89 | search=232 | target=phero(1.02,0.64)


======================================================================
Step 6000 (3.2 min) | Pickups: 13 | Deposits: 13 | Rate: 4.06 tags/min | phero_entries=2 max_w=0.007
======================================================================
R1[SEARCH    ]: carry=0 | base=2.15 | wall=0.38 | search=3097 | target=site(-0.37,-0.24)
R2[SEARCH    ]: carry=0 | base=2.49 | wall=0.36 | search=3163 | target=phero(-0.37,-0.21)
R3[SEARCH    ]: carry=0 | base=1.18 | wall=1.51 | search=106 | target=phero(1.00,0.71)
R4[SEARCH    ]: carry=0 | base=0.50 | wall=2.13 | search=732 | target=phero(1.02,0.64)


======================================================================
Step 6500 (3.5 min) | Pickups: 13 | Deposits: 13 | Rate: 3.75 tags/min | phero_entries=1 max_w=0.002
======================================================================
R1[SEARCH    ]: carry=0 | base=2.15 | wall=0.39 | search=3597 | target=site(-0.37,-0.24)
R2[WALL_ESC  ]: carry=0 | base=2.57 | wall=0.33 | search=3663 | target=phero(-0.37,-0.21)
R3[WALL_ESC  ]: carry=0 | base=2.27 | wall=0.32 | search=606 | target=phero(1.00,0.71)
R4[SEARCH    ]: carry=0 | base=2.29 | wall=0.77 | search=1232 | target=phero(1.02,0.64)


======================================================================
Step 7000 (3.7 min) | Pickups: 13 | Deposits: 13 | Rate: 3.48 tags/min | phero_entries=0 max_w=0.000
======================================================================
R1[SEARCH    ]: carry=0 | base=2.14 | wall=0.39 | search=4097 | target=site(-0.37,-0.24)
R2[SEARCH    ]: carry=0 | base=2.47 | wall=0.40 | search=4163 | target=phero(-0.37,-0.21)
R3[WALL_ESC  ]: carry=0 | base=2.24 | wall=0.34 | search=1106 | target=phero(1.00,0.71)
R4[GIVE_UP   ]: carry=0 | base=2.00 | wall=0.95 | search=1404 | target=none

  [GIVE-UP] R4 returned empty after 1404 searching steps
  [TARGET] R4 → WALL (2.37, 2.42)

======================================================================
Step 7500 (4.0 min) | Pickups: 13 | Deposits: 13 | Rate: 3.25 tags/min | phero_entries=0 max_w=0.000
======================================================================
R1[SEARCH    ]: carry=0 | base=2.14 | wall=0.39 | search=4597 | target=site(-0.37,-0.24)
R2[WALL_ESC  ]: carry=0 | base=2.55 | wall=0.32 | search=4663 | target=phero(-0.37,-0.21)
R3[WALL_ESC  ]: carry=0 | base=2.25 | wall=0.33 | search=1606 | target=phero(1.00,0.71)
R4[BASE_ESC  ]: carry=0 | base=0.22 | wall=2.34 | search=  0 | target=none


======================================================================
Step 8000 (4.3 min) | Pickups: 13 | Deposits: 13 | Rate: 3.05 tags/min | phero_entries=0 max_w=0.000
======================================================================
R1[SEARCH    ]: carry=0 | base=2.14 | wall=0.39 | search=5097 | target=site(-0.37,-0.24)
R2[GIVE_UP   ]: carry=0 | base=1.70 | wall=1.10 | search=4836 | target=none
R3[WALL_ESC  ]: carry=0 | base=2.24 | wall=0.33 | search=2106 | target=phero(1.00,0.71)
R4[DEPART    ]: carry=0 | base=1.61 | wall=1.24 | search=  0 | target=none

[PICKUP] R4 picked up tag (density=17) | Total: 14
  [GIVE-UP] R2 returned empty after 4836 searching steps
  [TARGET] R2 → WALL (1.77, -2.42)

======================================================================
Step 8500 (4.5 min) | Pickups: 14 | Deposits: 13 | Rate: 2.87 tags/min | phero_entries=0 max_w=0.000
======================================================================
R1[SEARCH    ]: carry=0 | base=2.14 | wall=0.39 | search=5597 | target=site(-0.37,-0.24)
R2[DEPART    ]: carry=0 | base=0.26 | wall=2.30 | search=  0 | target=none
R3[WALL_ESC  ]: carry=0 | base=2.24 | wall=0.34 | search=2606 | target=phero(1.00,0.71)
R4[RTB       ]: carry=1 | base=0.89 | wall=1.84 | search=  0 | target=none

[DEPOSIT] R4 deposited! Total: 14
  [PHERO] Laid at (1.10, 1.35) density=17 prob=1.00 entries=1
  [TARGET] R4 → SITE (1.10, 1.35)

======================================================================
Step 9000 (4.8 min) | Pickups: 14 | Deposits: 14 | Rate: 2.92 tags/min | phero_entries=1 max_w=0.514
======================================================================
R1[SEARCH    ]: carry=0 | base=2.14 | wall=0.39 | search=6097 | target=site(-0.37,-0.24)
R2[SEARCH    ]: carry=0 | base=0.91 | wall=1.64 | search=135 | target=none
R3[WALL_ESC  ]: carry=0 | base=2.24 | wall=0.34 | search=3106 | target=phero(1.00,0.71)
R4[SITE      ]: carry=0 | base=1.04 | wall=1.73 | search=  0 | target=site(1.10,1.35)

[PICKUP] R4 picked up tag (density=9) | Total: 15
  [GIVE-UP] R2 returned empty after 156 searching steps
  [TARGET] R2 → PHERO (1.10, 1.35)

======================================================================
Step 9500 (5.1 min) | Pickups: 15 | Deposits: 14 | Rate: 2.76 tags/min | phero_entries=1 max_w=0.189
======================================================================
R1[SEARCH    ]: carry=0 | base=2.15 | wall=0.39 | search=6597 | target=site(-0.37,-0.24)
R2[PHERO     ]: carry=0 | base=0.30 | wall=2.25 | search=  0 | target=phero(1.10,1.35)
R3[WALL_ESC  ]: carry=0 | base=2.24 | wall=0.34 | search=3606 | target=phero(1.00,0.71)
R4[RTB       ]: carry=1 | base=0.58 | wall=2.09 | search=  0 | target=none

[DEPOSIT] R4 deposited! Total: 15
  [PHERO] Laid at (0.85, 0.98) density=9 prob=0.75 entries=2
  [TARGET] R4 → SITE (0.85, 0.98)
[PICKUP] R2 picked up tag (density=8) | Total: 16

======================================================================
Step 10000 (5.3 min) | Pickups: 16 | Deposits: 15 | Rate: 2.81 tags/min | phero_entries=2 max_w=0.436
======================================================================
R1[SEARCH    ]: carry=0 | base=2.15 | wall=0.39 | search=7097 | target=site(-0.37,-0.24)
R2[RTB       ]: carry=1 | base=1.25 | wall=1.61 | search=  0 | target=none
R3[WALL_ESC  ]: carry=0 | base=2.23 | wall=0.34 | search=4106 | target=phero(1.00,0.71)
R4[SEARCH    ]: carry=0 | base=1.28 | wall=1.54 | search= 11 | target=site(0.85,0.98)

[DEPOSIT] R2 deposited! Total: 16
  [PHERO] Laid at (0.85, 0.89) density=8 prob=0.63 entries=3
  [TARGET] R2 → SITE (0.85, 0.89)

======================================================================
Step 10500 (5.6 min) | Pickups: 16 | Deposits: 16 | Rate: 2.86 tags/min | phero_entries=3 max_w=0.713
======================================================================
R1[GIVE_UP   ]: carry=0 | base=0.84 | wall=1.68 | search=7176 | target=none
R2[SITE      ]: carry=0 | base=0.42 | wall=2.13 | search=  0 | target=site(0.85,0.89)
R3[GIVE_UP   ]: carry=0 | base=0.86 | wall=1.68 | search=4212 | target=none
R4[SEARCH    ]: carry=0 | base=2.33 | wall=0.36 | search=511 | target=site(0.85,0.98)

  [GIVE-UP] R1 returned empty after 7176 searching steps
  [TARGET] R1 → PHERO (0.85, 0.98)
  [GIVE-UP] R3 returned empty after 4212 searching steps
  [TARGET] R3 → PHERO (0.85, 0.89)
[PICKUP] R2 picked up tag (density=7) | Total: 17

======================================================================
Step 11000 (5.9 min) | Pickups: 17 | Deposits: 16 | Rate: 2.73 tags/min | phero_entries=3 max_w=0.262
======================================================================
R1[PHERO     ]: carry=0 | base=1.14 | wall=1.64 | search=  0 | target=phero(0.85,0.98)
R2[SURVEY    ]: carry=1 | base=1.24 | wall=1.51 | search=  0 | target=none
R3[PHERO     ]: carry=0 | base=1.12 | wall=1.70 | search=  0 | target=phero(0.85,0.89)
R4[GIVE_UP   ]: carry=0 | base=1.13 | wall=1.44 | search=624 | target=none

  [GIVE-UP] R4 returned empty after 624 searching steps
  [TARGET] R4 → PHERO (0.85, 0.89)
[DEPOSIT] R2 deposited! Total: 17
  [TARGET] R2 → SITE (0.99, 0.74)

======================================================================
Step 11500 (6.1 min) | Pickups: 17 | Deposits: 17 | Rate: 2.77 tags/min | phero_entries=3 max_w=0.096
======================================================================
R1[SEARCH    ]: carry=0 | base=1.14 | wall=1.48 | search=471 | target=phero(0.85,0.98)
R2[BASE_ESC  ]: carry=0 | base=0.22 | wall=2.30 | search=  0 | target=site(0.99,0.74)
R3[SEARCH    ]: carry=0 | base=0.70 | wall=1.86 | search=483 | target=phero(0.85,0.89)
R4[PHERO     ]: carry=0 | base=0.70 | wall=1.91 | search=  0 | target=phero(0.85,0.89)

[PICKUP] R3 picked up tag (density=12) | Total: 18
[PICKUP] R4 picked up tag (density=6) | Total: 19
[PICKUP] R2 picked up tag (density=5) | Total: 20

======================================================================
Step 12000 (6.4 min) | Pickups: 20 | Deposits: 17 | Rate: 2.66 tags/min | phero_entries=3 max_w=0.035
======================================================================
R1[SEARCH    ]: carry=0 | base=2.85 | wall=0.41 | search=971 | target=phero(0.85,0.98)
R2[SURVEY    ]: carry=1 | base=1.29 | wall=1.45 | search=  0 | target=none
R3[RTB       ]: carry=1 | base=1.07 | wall=1.52 | search=  0 | target=none
R4[RTB       ]: carry=1 | base=1.29 | wall=1.49 | search=  0 | target=none

[DEPOSIT] R3 deposited! Total: 18
  [PHERO] Laid at (0.39, -1.04) density=12 prob=0.95 entries=3
  [TARGET] R3 → SITE (0.39, -1.04)
[DEPOSIT] R4 deposited! Total: 19
  [PHERO] Laid at (1.00, 0.77) density=6 prob=0.35 entries=4
  [TARGET] R4 → SITE (1.00, 0.77)
[DEPOSIT] R2 deposited! Total: 20
  [TARGET] R2 → SITE (1.05, 0.75)

======================================================================
Step 12500 (6.7 min) | Pickups: 20 | Deposits: 20 | Rate: 3.00 tags/min | phero_entries=4 max_w=0.763
======================================================================
R1[GIVE_UP   ]: carry=0 | base=1.51 | wall=1.36 | search=1092 | target=none
R2[SITE      ]: carry=0 | base=0.26 | wall=2.27 | search=  0 | target=site(1.05,0.75)
R3[SITE      ]: carry=0 | base=0.81 | wall=1.76 | search=  0 | target=site(0.39,-1.04)
R4[BASE_ESC  ]: carry=0 | base=0.19 | wall=2.33 | search=  0 | target=site(1.00,0.77)

  [GIVE-UP] R1 returned empty after 1092 searching steps
  [TARGET] R1 → PHERO (1.00, 0.77)
[PICKUP] R4 picked up tag (density=4) | Total: 21
[PICKUP] R2 picked up tag (density=3) | Total: 22

======================================================================
Step 13000 (6.9 min) | Pickups: 22 | Deposits: 20 | Rate: 2.88 tags/min | phero_entries=4 max_w=0.280
======================================================================
R1[PHERO     ]: carry=0 | base=0.33 | wall=2.19 | search=  0 | target=phero(1.00,0.77)
R2[SURVEY    ]: carry=1 | base=1.34 | wall=1.45 | search=  0 | target=none
R3[BASE_ESC  ]: carry=0 | base=0.24 | wall=2.26 | search=435 | target=site(0.39,-1.04)
R4[SURVEY    ]: carry=1 | base=1.28 | wall=1.52 | search=  0 | target=none

[DEPOSIT] R4 deposited! Total: 21
  [TARGET] R4 → SITE (0.99, 0.81)

======================================================================
Step 13500 (7.2 min) | Pickups: 22 | Deposits: 21 | Rate: 2.92 tags/min | phero_entries=3 max_w=0.103
======================================================================
R1[SEARCH    ]: carry=0 | base=1.02 | wall=1.77 | search=205 | target=phero(1.00,0.77)
R2[RTB       ]: carry=1 | base=0.45 | wall=2.12 | search=  0 | target=none
R3[SEARCH    ]: carry=0 | base=1.39 | wall=1.24 | search=935 | target=site(0.39,-1.04)
R4[BASE_ESC  ]: carry=0 | base=0.22 | wall=2.31 | search=  0 | target=site(0.99,0.81)

[DEPOSIT] R2 deposited! Total: 22
  [TARGET] R2 → SITE (1.05, 0.83)
  [GIVE-UP] R1 returned empty after 468 searching steps
  [TARGET] R1 → PHERO (1.00, 0.77)
[PICKUP] R4 picked up tag (density=2) | Total: 23

======================================================================
Step 14000 (7.5 min) | Pickups: 23 | Deposits: 22 | Rate: 2.95 tags/min | phero_entries=2 max_w=0.038
======================================================================
R1[PHERO     ]: carry=0 | base=0.35 | wall=2.19 | search=  0 | target=phero(1.00,0.77)
R2[SEARCH    ]: carry=0 | base=1.40 | wall=1.39 | search= 57 | target=site(1.05,0.83)
R3[WALL_ESC  ]: carry=0 | base=2.62 | wall=0.34 | search=1435 | target=site(0.39,-1.04)
R4[SURVEY    ]: carry=1 | base=1.36 | wall=1.47 | search=  0 | target=none

[PICKUP] R2 picked up tag (density=1) | Total: 24
[DEPOSIT] R4 deposited! Total: 23
  [TARGET] R4 → SITE (1.04, 0.87)

======================================================================
Step 14500 (7.7 min) | Pickups: 24 | Deposits: 23 | Rate: 2.97 tags/min | phero_entries=2 max_w=0.014
======================================================================
R1[GIVE_UP   ]: carry=0 | base=1.23 | wall=1.47 | search=156 | target=none
R2[RTB       ]: carry=1 | base=0.59 | wall=2.00 | search=  0 | target=none
R3[SEARCH    ]: carry=0 | base=2.92 | wall=0.36 | search=1935 | target=site(0.39,-1.04)
R4[BASE_ESC  ]: carry=0 | base=0.22 | wall=2.34 | search=  0 | target=site(1.04,0.87)

[DEPOSIT] R2 deposited! Total: 24
  [TARGET] R2 → PHERO (0.39, -1.04)
  [GIVE-UP] R1 returned empty after 156 searching steps
  [TARGET] R1 → PHERO (0.39, -1.04)

======================================================================
Step 15000 (8.0 min) | Pickups: 24 | Deposits: 24 | Rate: 3.00 tags/min | phero_entries=2 max_w=0.005
======================================================================
R1[PHERO     ]: carry=0 | base=0.28 | wall=2.27 | search=  0 | target=phero(0.39,-1.04)
R2[PHERO     ]: carry=0 | base=0.99 | wall=1.59 | search=  0 | target=phero(0.39,-1.04)
R3[WALL_ESC  ]: carry=0 | base=2.96 | wall=0.31 | search=2435 | target=site(0.39,-1.04)
R4[SEARCH    ]: carry=0 | base=1.27 | wall=1.59 | search=146 | target=site(1.04,0.87)


======================================================================
Step 15500 (8.3 min) | Pickups: 24 | Deposits: 24 | Rate: 2.90 tags/min | phero_entries=2 max_w=0.002
======================================================================
R1[SEARCH    ]: carry=0 | base=1.12 | wall=1.50 | search=120 | target=phero(0.39,-1.04)
R2[SEARCH    ]: carry=0 | base=2.14 | wall=0.62 | search=480 | target=phero(0.39,-1.04)
R3[GIVE_UP   ]: carry=0 | base=2.34 | wall=0.81 | search=2652 | target=none
R4[SEARCH    ]: carry=0 | base=2.14 | wall=0.36 | search=646 | target=site(1.04,0.87)

  [GIVE-UP] R1 returned empty after 156 searching steps
  [TARGET] R1 → PHERO (1.00, 0.77)

======================================================================
Step 16000 (8.5 min) | Pickups: 24 | Deposits: 24 | Rate: 2.81 tags/min | phero_entries=0 max_w=0.000
======================================================================
R1[PHERO     ]: carry=0 | base=0.46 | wall=2.04 | search=  0 | target=phero(1.00,0.77)
R2[GIVE_UP   ]: carry=0 | base=1.01 | wall=1.55 | search=624 | target=none
R3[GIVE_UP   ]: carry=0 | base=0.42 | wall=2.20 | search=2652 | target=none
R4[GIVE_UP   ]: carry=0 | base=1.64 | wall=0.86 | search=936 | target=none

  [GIVE-UP] R3 returned empty after 2652 searching steps
  [TARGET] R3 → WALL (2.42, -0.75)
  [GIVE-UP] R2 returned empty after 624 searching steps
  [TARGET] R2 → WALL (2.28, 2.42)
  [GIVE-UP] R4 returned empty after 936 searching steps
  [TARGET] R4 → WALL (-1.66, -2.42)

======================================================================
Step 16500 (8.8 min) | Pickups: 24 | Deposits: 24 | Rate: 2.73 tags/min | phero_entries=0 max_w=0.000
======================================================================
R1[SEARCH    ]: carry=0 | base=1.64 | wall=0.99 | search=278 | target=phero(1.00,0.77)
R2[DEPART    ]: carry=0 | base=0.62 | wall=1.91 | search=  0 | target=none
R3[DEPART    ]: carry=0 | base=0.81 | wall=1.69 | search=  0 | target=none
R4[DEPART    ]: carry=0 | base=0.27 | wall=2.24 | search=  0 | target=none

[PICKUP] R4 picked up tag (density=5) | Total: 25
[DEPOSIT] R4 deposited! Total: 25
  [TARGET] R4 → SITE (-0.01, -0.51)

======================================================================
Step 17000 (9.1 min) | Pickups: 25 | Deposits: 25 | Rate: 2.76 tags/min | phero_entries=0 max_w=0.000
======================================================================
R1[GIVE_UP   ]: carry=0 | base=1.21 | wall=1.29 | search=468 | target=none
R2[SEARCH    ]: carry=0 | base=2.41 | wall=0.64 | search=381 | target=none
R3[WALL_ESC  ]: carry=0 | base=2.24 | wall=0.33 | search=205 | target=none
R4[BASE_ESC  ]: carry=0 | base=0.23 | wall=2.27 | search=  0 | target=site(-0.01,-0.51)

  [GIVE-UP] R1 returned empty after 468 searching steps
  [TARGET] R1 → WALL (-2.42, 0.65)

======================================================================
Step 17500 (9.3 min) | Pickups: 25 | Deposits: 25 | Rate: 2.68 tags/min | phero_entries=0 max_w=0.000
======================================================================
R1[DEPART    ]: carry=0 | base=0.40 | wall=2.13 | search=  0 | target=none
R2[WALL_ESC  ]: carry=0 | base=3.03 | wall=0.34 | search=881 | target=none
R3[GIVE_UP   ]: carry=0 | base=0.88 | wall=1.66 | search=312 | target=none
R4[SEARCH    ]: carry=0 | base=1.18 | wall=1.54 | search=295 | target=site(-0.01,-0.51)

  [GIVE-UP] R3 returned empty after 312 searching steps
  [TARGET] R3 → WALL (-2.23, 2.42)
[PICKUP] R1 picked up tag (density=16) | Total: 26

======================================================================
Step 18000 (9.6 min) | Pickups: 26 | Deposits: 25 | Rate: 2.60 tags/min | phero_entries=0 max_w=0.000
======================================================================
R1[SURVEY    ]: carry=1 | base=1.82 | wall=0.78 | search=  0 | target=none
R2[WALL_ESC  ]: carry=0 | base=3.04 | wall=0.32 | search=1381 | target=none
R3[DEPART    ]: carry=0 | base=0.26 | wall=2.27 | search=  0 | target=none
R4[GIVE_UP   ]: carry=0 | base=0.78 | wall=1.85 | search=468 | target=none

  [GIVE-UP] R4 returned empty after 468 searching steps
  [TARGET] R4 → WALL (-1.26, 2.42)

======================================================================
Step 18500 (9.9 min) | Pickups: 26 | Deposits: 25 | Rate: 2.53 tags/min | phero_entries=0 max_w=0.000
======================================================================
R1[RTB       ]: carry=1 | base=0.53 | wall=2.00 | search=  0 | target=none
R2[SEARCH    ]: carry=0 | base=2.93 | wall=0.41 | search=1881 | target=none
R3[DEPART    ]: carry=0 | base=1.11 | wall=1.63 | search=  0 | target=none
R4[DEPART    ]: carry=0 | base=0.56 | wall=1.94 | search=  0 | target=none

[DEPOSIT] R1 deposited! Total: 26
  [PHERO] Laid at (-1.71, 0.61) density=16 prob=1.00 entries=1
  [TARGET] R1 → SITE (-1.71, 0.61)
TIMEOUT_RESULT pickups=26 deposits=26 steps=18750 elapsed_min=10.000000
BATCH_RESULT pickups=26 deposits=26
