=================================================================
CPFA BASELINE — ARGoS-calibrated parameters
  Params file                  = /home/sara/Documents/RL-FL-Foraging/cpfa_tuning_20260715_155549/trial_040/params.yaml
  Results file                 = /home/sara/Documents/RL-FL-Foraging/controllers/cpfa_baseline/results/cpfa_baseline_results_20260715_174533.txt
  RateOfLayingPheromone        = 8.75199594407187
  RateOfSiteFidelity           = 1.7956637418483257
  RateOfPheromoneDecay         = 0.06086729732649149 /s  (lifetime ~113s)
  ProbabilityOfReturningToNest = 0.07690131626967225 (every 5 sec → E[give-up] ~65s)
  UninformedSearchVariation    = 0.39 rad (22.6°)
  RateOfInformedSearchDecay    = 0.7745623550790114 /waypoint
  ProbabilityOfSwitchingToSearching = 0.380040923216568 (every 5 sec in uninformed DEPARTING)
=================================================================

[PICKUP] R1 picked up tag (density=6) | Total: 1
[PICKUP] R4 picked up tag (density=9) | Total: 2
[DEPOSIT] R1 deposited! Total: 1
  [PHERO] Laid at (-0.50, 0.00) density=6 prob=0.23 entries=1
  [TARGET] R1 → SITE (-0.50, 0.00)
[DEPOSIT] R4 deposited! Total: 2
  [PHERO] Laid at (0.00, -0.50) density=9 prob=0.62 entries=2
  [TARGET] R4 → SITE (0.00, -0.50)
[PICKUP] R1 picked up tag (density=5) | Total: 3
[PICKUP] R4 picked up tag (density=8) | Total: 4

======================================================================
Step 500 (0.3 min) | Pickups: 4 | Deposits: 2 | Rate: 7.50 tags/min | phero_entries=2 max_w=0.668
======================================================================
R1[SURVEY    ]: carry=1 | base=0.38 | wall=2.13 | search=  0 | target=none
R2[SEARCH    ]: carry=0 | base=2.18 | wall=0.36 | search=188 | target=none
R3[GIVE_UP   ]: carry=0 | base=0.50 | wall=2.02 | search=312 | target=none
R4[SURVEY    ]: carry=1 | base=0.31 | wall=2.22 | search=  0 | target=none

  [GIVE-UP] R3 returned empty after 312 searching steps
  [TARGET] R3 → PHERO (-0.50, 0.00)
[DEPOSIT] R1 deposited! Total: 3
  [TARGET] R1 → SITE (-0.37, -0.08)
[DEPOSIT] R4 deposited! Total: 4
  [TARGET] R4 → SITE (0.13, -0.28)
[PICKUP] R4 picked up tag (density=7) | Total: 5

======================================================================
Step 1000 (0.5 min) | Pickups: 5 | Deposits: 4 | Rate: 7.50 tags/min | phero_entries=2 max_w=0.252
======================================================================
R1[SEARCH    ]: carry=0 | base=0.47 | wall=2.06 | search=122 | target=site(-0.37,-0.08)
R2[SEARCH    ]: carry=0 | base=2.19 | wall=0.35 | search=688 | target=none
R3[PHERO     ]: carry=0 | base=0.26 | wall=2.30 | search=  0 | target=phero(-0.50,0.00)
R4[SURVEY    ]: carry=1 | base=0.34 | wall=2.22 | search=  0 | target=none

[PICKUP] R3 picked up tag (density=4) | Total: 6
[DEPOSIT] R4 deposited! Total: 5
  [PHERO] Laid at (0.19, -0.28) density=7 prob=0.35 entries=3
  [TARGET] R4 → SITE (0.19, -0.28)

======================================================================
Step 1500 (0.8 min) | Pickups: 6 | Deposits: 5 | Rate: 6.25 tags/min | phero_entries=3 max_w=0.646
======================================================================
R1[SEARCH    ]: carry=0 | base=0.40 | wall=2.11 | search=622 | target=site(-0.37,-0.08)
R2[WALL_ESC  ]: carry=0 | base=2.20 | wall=0.34 | search=1188 | target=none
R3[RTB       ]: carry=1 | base=0.35 | wall=2.16 | search=  0 | target=none
R4[SEARCH    ]: carry=0 | base=0.36 | wall=2.23 | search= 18 | target=site(0.19,-0.28)

[DEPOSIT] R3 deposited! Total: 6
  [PHERO] Laid at (-0.41, -0.06) density=4 prob=0.06 entries=4
  [TARGET] R3 → SITE (-0.41, -0.06)
[PICKUP] R4 picked up tag (density=6) | Total: 7

======================================================================
Step 2000 (1.1 min) | Pickups: 7 | Deposits: 6 | Rate: 5.62 tags/min | phero_entries=4 max_w=0.397
======================================================================
R1[SEARCH    ]: carry=0 | base=1.70 | wall=0.93 | search=1122 | target=site(-0.37,-0.08)
R2[WALL_ESC  ]: carry=0 | base=2.20 | wall=0.34 | search=1688 | target=none
R3[SEARCH    ]: carry=0 | base=0.39 | wall=2.11 | search=290 | target=site(-0.41,-0.06)
R4[SURVEY    ]: carry=1 | base=0.36 | wall=2.20 | search=  0 | target=none

[PICKUP] R3 picked up tag (density=3) | Total: 8
[DEPOSIT] R4 deposited! Total: 7
  [TARGET] R4 → SITE (0.21, -0.31)
[DEPOSIT] R3 deposited! Total: 8
  [TARGET] R3 → PHERO (-0.41, -0.06)
[PICKUP] R4 picked up tag (density=5) | Total: 9

======================================================================
Step 2500 (1.3 min) | Pickups: 9 | Deposits: 8 | Rate: 6.00 tags/min | phero_entries=4 max_w=0.150
======================================================================
R1[SEARCH    ]: carry=0 | base=1.38 | wall=1.12 | search=1622 | target=site(-0.37,-0.08)
R2[GIVE_UP   ]: carry=0 | base=0.57 | wall=1.94 | search=1716 | target=none
R3[PHERO     ]: carry=0 | base=0.28 | wall=2.24 | search=  0 | target=phero(-0.41,-0.06)
R4[SURVEY    ]: carry=1 | base=0.45 | wall=2.14 | search=  0 | target=none

  [GIVE-UP] R2 returned empty after 1716 searching steps
  [TARGET] R2 → PHERO (-0.41, -0.06)
[DEPOSIT] R4 deposited! Total: 9
  [TARGET] R4 → SITE (0.27, -0.36)

======================================================================
Step 3000 (1.6 min) | Pickups: 9 | Deposits: 9 | Rate: 5.62 tags/min | phero_entries=4 max_w=0.057
======================================================================
R1[SEARCH    ]: carry=0 | base=0.78 | wall=1.89 | search=2122 | target=site(-0.37,-0.08)
R2[BASE_ESC  ]: carry=0 | base=0.25 | wall=2.25 | search=  0 | target=phero(-0.41,-0.06)
R3[SEARCH    ]: carry=0 | base=0.27 | wall=2.25 | search=452 | target=phero(-0.41,-0.06)
R4[SITE      ]: carry=0 | base=0.38 | wall=2.19 | search=  0 | target=site(0.27,-0.36)

[PICKUP] R4 picked up tag (density=4) | Total: 10
  [GIVE-UP] R3 returned empty after 468 searching steps
  [TARGET] R3 → PHERO (0.19, -0.28)
  [GIVE-UP] R1 returned empty after 2184 searching steps
  [TARGET] R1 → PHERO (-0.41, -0.06)
[PICKUP] R2 picked up tag (density=2) | Total: 11
[DEPOSIT] R4 deposited! Total: 10
  [TARGET] R4 → SITE (0.26, -0.36)

======================================================================
Step 3500 (1.9 min) | Pickups: 11 | Deposits: 10 | Rate: 5.36 tags/min | phero_entries=4 max_w=0.021
======================================================================
R1[BASE_ESC  ]: carry=0 | base=0.24 | wall=2.26 | search=  0 | target=phero(-0.41,-0.06)
R2[SURVEY    ]: carry=1 | base=0.38 | wall=2.13 | search=  0 | target=none
R3[PHERO     ]: carry=0 | base=0.27 | wall=2.23 | search=  0 | target=phero(0.19,-0.28)
R4[BASE_ESC  ]: carry=0 | base=0.22 | wall=2.31 | search=  0 | target=site(0.26,-0.36)

[DEPOSIT] R2 deposited! Total: 11
  [TARGET] R2 → PHERO (-0.41, -0.06)

======================================================================
Step 4000 (2.1 min) | Pickups: 11 | Deposits: 11 | Rate: 5.16 tags/min | phero_entries=2 max_w=0.008
======================================================================
R1[PHERO     ]: carry=0 | base=0.31 | wall=2.25 | search=  0 | target=phero(-0.41,-0.06)
R2[SEARCH    ]: carry=0 | base=0.46 | wall=2.04 | search= 99 | target=phero(-0.41,-0.06)
R3[SEARCH    ]: carry=0 | base=0.33 | wall=2.25 | search=155 | target=phero(0.19,-0.28)
R4[SEARCH    ]: carry=0 | base=0.39 | wall=2.18 | search=330 | target=site(0.26,-0.36)

[PICKUP] R4 picked up tag (density=3) | Total: 12
[PICKUP] R3 picked up tag (density=2) | Total: 13
[DEPOSIT] R4 deposited! Total: 12
  [TARGET] R4 → SITE (0.21, -0.43)

======================================================================
Step 4500 (2.4 min) | Pickups: 13 | Deposits: 12 | Rate: 5.00 tags/min | phero_entries=2 max_w=0.003
======================================================================
R1[SEARCH    ]: carry=0 | base=0.60 | wall=1.99 | search=458 | target=phero(-0.41,-0.06)
R2[SEARCH    ]: carry=0 | base=0.33 | wall=2.19 | search=599 | target=phero(-0.41,-0.06)
R3[SURVEY    ]: carry=1 | base=0.54 | wall=2.07 | search=  0 | target=none
R4[BASE_ESC  ]: carry=0 | base=0.23 | wall=2.32 | search=  0 | target=site(0.21,-0.43)

[PICKUP] R1 picked up tag (density=12) | Total: 14
[DEPOSIT] R3 deposited! Total: 13
  [TARGET] R3 → SITE (0.32, -0.43)

======================================================================
Step 5000 (2.7 min) | Pickups: 14 | Deposits: 13 | Rate: 4.88 tags/min | phero_entries=1 max_w=0.001
======================================================================
R1[RTB       ]: carry=1 | base=0.82 | wall=1.79 | search=  0 | target=none
R2[SEARCH    ]: carry=0 | base=1.08 | wall=1.48 | search=1099 | target=phero(-0.41,-0.06)
R3[SEARCH    ]: carry=0 | base=0.57 | wall=2.09 | search= 86 | target=site(0.32,-0.43)
R4[SEARCH    ]: carry=0 | base=0.51 | wall=2.10 | search=375 | target=site(0.21,-0.43)

[DEPOSIT] R1 deposited! Total: 14
  [PHERO] Laid at (-0.64, 0.96) density=12 prob=0.89 entries=1
  [TARGET] R1 → SITE (-0.64, 0.96)
  [GIVE-UP] R4 returned empty after 468 searching steps
  [TARGET] R4 → PHERO (-0.64, 0.96)

======================================================================
Step 5500 (2.9 min) | Pickups: 14 | Deposits: 14 | Rate: 4.77 tags/min | phero_entries=1 max_w=0.505
======================================================================
R1[SEARCH    ]: carry=0 | base=1.11 | wall=1.58 | search=  2 | target=site(-0.64,0.96)
R2[SEARCH    ]: carry=0 | base=1.00 | wall=1.51 | search=1599 | target=phero(-0.41,-0.06)
R3[SEARCH    ]: carry=0 | base=1.06 | wall=1.51 | search=586 | target=site(0.32,-0.43)
R4[PHERO     ]: carry=0 | base=0.52 | wall=2.00 | search=  0 | target=phero(-0.64,0.96)

[PICKUP] R1 picked up tag (density=11) | Total: 15
[PICKUP] R3 picked up tag (density=12) | Total: 16
[PICKUP] R4 picked up tag (density=10) | Total: 17

======================================================================
Step 6000 (3.2 min) | Pickups: 17 | Deposits: 14 | Rate: 4.38 tags/min | phero_entries=1 max_w=0.191
======================================================================
R1[RTB       ]: carry=1 | base=0.33 | wall=2.22 | search=  0 | target=none
R2[SEARCH    ]: carry=0 | base=0.91 | wall=1.60 | search=2099 | target=phero(-0.41,-0.06)
R3[RTB       ]: carry=1 | base=0.84 | wall=1.67 | search=  0 | target=none
R4[SURVEY    ]: carry=1 | base=1.11 | wall=1.60 | search=  0 | target=none

[DEPOSIT] R1 deposited! Total: 15
  [PHERO] Laid at (-0.64, 0.97) density=11 prob=0.83 entries=2
  [TARGET] R1 → SITE (-0.64, 0.97)
[PICKUP] R2 picked up tag (density=11) | Total: 18
[DEPOSIT] R3 deposited! Total: 16
  [PHERO] Laid at (1.12, -0.35) density=12 prob=0.89 entries=3
  [TARGET] R3 → SITE (1.12, -0.35)
[DEPOSIT] R4 deposited! Total: 17
  [TARGET] R4 → SITE (-0.65, 0.91)

======================================================================
Step 6500 (3.5 min) | Pickups: 18 | Deposits: 17 | Rate: 4.90 tags/min | phero_entries=3 max_w=0.511
======================================================================
R1[SEARCH    ]: carry=0 | base=1.21 | wall=1.49 | search=128 | target=site(-0.64,0.97)
R2[RTB       ]: carry=1 | base=0.53 | wall=1.97 | search=  0 | target=none
R3[SITE      ]: carry=0 | base=1.07 | wall=1.48 | search=  0 | target=site(1.12,-0.35)
R4[SITE      ]: carry=0 | base=0.74 | wall=1.86 | search=  0 | target=site(-0.65,0.91)

[DEPOSIT] R2 deposited! Total: 18
  [PHERO] Laid at (1.06, 0.02) density=11 prob=0.83 entries=4
  [TARGET] R2 → SITE (1.06, 0.02)
  [GIVE-UP] R1 returned empty after 312 searching steps
  [TARGET] R1 → PHERO (1.12, -0.35)
[PICKUP] R3 picked up tag (density=10) | Total: 19

======================================================================
Step 7000 (3.7 min) | Pickups: 19 | Deposits: 18 | Rate: 4.82 tags/min | phero_entries=4 max_w=0.435
======================================================================
R1[PHERO     ]: carry=0 | base=0.27 | wall=2.28 | search=  0 | target=phero(1.12,-0.35)
R2[SEARCH    ]: carry=0 | base=1.04 | wall=1.46 | search= 96 | target=site(1.06,0.02)
R3[SURVEY    ]: carry=1 | base=1.17 | wall=1.37 | search=  0 | target=none
R4[SEARCH    ]: carry=0 | base=1.26 | wall=1.27 | search=413 | target=site(-0.65,0.91)

[DEPOSIT] R3 deposited! Total: 19
  [PHERO] Laid at (1.13, -0.30) density=10 prob=0.73 entries=5
  [TARGET] R3 → SITE (1.13, -0.30)

======================================================================
Step 7500 (4.0 min) | Pickups: 19 | Deposits: 19 | Rate: 4.75 tags/min | phero_entries=5 max_w=0.874
======================================================================
R1[PHERO     ]: carry=0 | base=0.27 | wall=2.24 | search=  0 | target=phero(1.12,-0.35)
R2[SEARCH    ]: carry=0 | base=0.92 | wall=1.84 | search=596 | target=site(1.06,0.02)
R3[BASE_ESC  ]: carry=0 | base=0.22 | wall=2.28 | search=  0 | target=site(1.13,-0.30)
R4[SEARCH    ]: carry=0 | base=1.05 | wall=1.64 | search=913 | target=site(-0.65,0.91)

  [GIVE-UP] R2 returned empty after 936 searching steps
  [TARGET] R2 → PHERO (-0.64, 0.97)
[PICKUP] R3 picked up tag (density=9) | Total: 20

======================================================================
Step 8000 (4.3 min) | Pickups: 20 | Deposits: 19 | Rate: 4.45 tags/min | phero_entries=5 max_w=0.330
======================================================================
R1[SEARCH    ]: carry=0 | base=1.08 | wall=1.46 | search=198 | target=phero(1.12,-0.35)
R2[BASE_ESC  ]: carry=0 | base=0.24 | wall=2.31 | search=  0 | target=phero(-0.64,0.97)
R3[SURVEY    ]: carry=1 | base=1.24 | wall=1.30 | search=  0 | target=none
R4[SEARCH    ]: carry=0 | base=1.64 | wall=0.86 | search=1413 | target=site(-0.65,0.91)

[DEPOSIT] R3 deposited! Total: 20
  [PHERO] Laid at (1.20, -0.29) density=9 prob=0.62 entries=6
  [TARGET] R3 → SITE (1.20, -0.29)

======================================================================
Step 8500 (4.5 min) | Pickups: 20 | Deposits: 20 | Rate: 4.41 tags/min | phero_entries=6 max_w=0.967
======================================================================
R1[WALL_ESC  ]: carry=0 | base=2.19 | wall=0.32 | search=698 | target=phero(1.12,-0.35)
R2[SEARCH    ]: carry=0 | base=1.11 | wall=1.58 | search=257 | target=phero(-0.64,0.97)
R3[BASE_ESC  ]: carry=0 | base=0.23 | wall=2.27 | search=  0 | target=site(1.20,-0.29)
R4[SEARCH    ]: carry=0 | base=0.94 | wall=1.77 | search=1913 | target=site(-0.65,0.91)

[PICKUP] R3 picked up tag (density=8) | Total: 21

======================================================================
Step 9000 (4.8 min) | Pickups: 21 | Deposits: 20 | Rate: 4.17 tags/min | phero_entries=5 max_w=0.365
======================================================================
R1[WALL_ESC  ]: carry=0 | base=2.17 | wall=0.34 | search=1198 | target=phero(1.12,-0.35)
R2[SEARCH    ]: carry=0 | base=0.48 | wall=2.07 | search=757 | target=phero(-0.64,0.97)
R3[SURVEY    ]: carry=1 | base=1.09 | wall=1.43 | search=  0 | target=none
R4[SEARCH    ]: carry=0 | base=0.86 | wall=1.66 | search=2413 | target=site(-0.65,0.91)

[PICKUP] R1 picked up tag (density=7) | Total: 22
[DEPOSIT] R3 deposited! Total: 21
  [TARGET] R3 → SITE (1.06, -0.23)

======================================================================
Step 9500 (5.1 min) | Pickups: 22 | Deposits: 21 | Rate: 4.14 tags/min | phero_entries=5 max_w=0.138
======================================================================
R1[RTB       ]: carry=1 | base=1.58 | wall=0.92 | search=  0 | target=none
R2[SEARCH    ]: carry=0 | base=0.29 | wall=2.23 | search=1257 | target=phero(-0.64,0.97)
R3[SITE      ]: carry=0 | base=0.35 | wall=2.16 | search=  0 | target=site(1.06,-0.23)
R4[SEARCH    ]: carry=0 | base=0.74 | wall=1.76 | search=2913 | target=site(-0.65,0.91)

[PICKUP] R2 picked up tag (density=1) | Total: 23
[DEPOSIT] R1 deposited! Total: 22
  [PHERO] Laid at (1.55, -0.15) density=7 prob=0.35 entries=4
  [TARGET] R1 → SITE (1.55, -0.15)
[DEPOSIT] R2 deposited! Total: 23
  [TARGET] R2 → PHERO (1.55, -0.15)

======================================================================
Step 10000 (5.3 min) | Pickups: 23 | Deposits: 23 | Rate: 4.31 tags/min | phero_entries=4 max_w=0.854
======================================================================
R1[BASE_ESC  ]: carry=0 | base=0.22 | wall=2.28 | search=  0 | target=site(1.55,-0.15)
R2[BASE_ESC  ]: carry=0 | base=0.22 | wall=2.32 | search=  0 | target=phero(1.55,-0.15)
R3[SEARCH    ]: carry=0 | base=0.95 | wall=1.60 | search=310 | target=site(1.06,-0.23)
R4[SEARCH    ]: carry=0 | base=1.51 | wall=1.24 | search=3413 | target=site(-0.65,0.91)

[PICKUP] R1 picked up tag (density=6) | Total: 24
  [GIVE-UP] R4 returned empty after 3588 searching steps
  [TARGET] R4 → PHERO (1.55, -0.15)

======================================================================
Step 10500 (5.6 min) | Pickups: 24 | Deposits: 23 | Rate: 4.11 tags/min | phero_entries=3 max_w=0.323
======================================================================
R1[RTB       ]: carry=1 | base=1.14 | wall=1.37 | search=  0 | target=none
R2[PHERO     ]: carry=0 | base=1.03 | wall=1.47 | search=  0 | target=phero(1.55,-0.15)
R3[GIVE_UP   ]: carry=0 | base=0.55 | wall=2.07 | search=624 | target=none
R4[BASE_ESC  ]: carry=0 | base=0.22 | wall=2.32 | search=  0 | target=phero(1.55,-0.15)

[PICKUP] R2 picked up tag (density=5) | Total: 25
  [GIVE-UP] R3 returned empty after 624 searching steps
  [TARGET] R3 → PHERO (1.55, -0.15)
[DEPOSIT] R1 deposited! Total: 24
  [TARGET] R1 → SITE (1.11, -0.06)
[PICKUP] R4 picked up tag (density=4) | Total: 26

======================================================================
Step 11000 (5.9 min) | Pickups: 26 | Deposits: 24 | Rate: 4.09 tags/min | phero_entries=2 max_w=0.122
======================================================================
R1[SITE      ]: carry=0 | base=0.54 | wall=1.98 | search=  0 | target=site(1.11,-0.06)
R2[RTB       ]: carry=1 | base=0.51 | wall=2.00 | search=  0 | target=none
R3[PHERO     ]: carry=0 | base=1.13 | wall=1.39 | search=  0 | target=phero(1.55,-0.15)
R4[SURVEY    ]: carry=1 | base=1.21 | wall=1.30 | search=  0 | target=none

[DEPOSIT] R2 deposited! Total: 25
  [TARGET] R2 → SITE (1.15, -0.03)
[PICKUP] R3 picked up tag (density=3) | Total: 27

======================================================================
Step 11500 (6.1 min) | Pickups: 27 | Deposits: 25 | Rate: 4.08 tags/min | phero_entries=2 max_w=0.046
======================================================================
R1[GIVE_UP   ]: carry=0 | base=0.32 | wall=2.18 | search=156 | target=none
R2[SITE      ]: carry=0 | base=1.08 | wall=1.42 | search=  0 | target=site(1.15,-0.03)
R3[RTB       ]: carry=1 | base=0.77 | wall=1.73 | search=  0 | target=none
R4[RTB       ]: carry=1 | base=0.60 | wall=1.90 | search=  0 | target=none

  [GIVE-UP] R1 returned empty after 156 searching steps
  [TARGET] R1 → PHERO (1.55, -0.15)
[DEPOSIT] R4 deposited! Total: 26
  [TARGET] R4 → SITE (1.19, -0.19)
[DEPOSIT] R3 deposited! Total: 27
  [PHERO] Laid at (1.24, -0.17) density=3 prob=0.03 entries=3
  [TARGET] R3 → SITE (1.24, -0.17)
[PICKUP] R1 picked up tag (density=2) | Total: 28

======================================================================
Step 12000 (6.4 min) | Pickups: 28 | Deposits: 27 | Rate: 4.22 tags/min | phero_entries=3 max_w=0.499
======================================================================
R1[SURVEY    ]: carry=1 | base=1.29 | wall=1.21 | search=  0 | target=none
R2[SEARCH    ]: carry=0 | base=1.70 | wall=0.92 | search=494 | target=site(1.15,-0.03)
R3[SITE      ]: carry=0 | base=1.15 | wall=1.36 | search=  0 | target=site(1.24,-0.17)
R4[SEARCH    ]: carry=0 | base=1.23 | wall=1.29 | search= 24 | target=site(1.19,-0.19)

[PICKUP] R4 picked up tag (density=1) | Total: 29
[DEPOSIT] R1 deposited! Total: 28
  [TARGET] R1 → SITE (1.28, -0.14)

======================================================================
Step 12500 (6.7 min) | Pickups: 29 | Deposits: 28 | Rate: 4.20 tags/min | phero_entries=2 max_w=0.188
======================================================================
R1[BASE_ESC  ]: carry=0 | base=0.23 | wall=2.27 | search=  0 | target=site(1.28,-0.14)
R2[SEARCH    ]: carry=0 | base=2.13 | wall=0.39 | search=994 | target=site(1.15,-0.03)
R3[SEARCH    ]: carry=0 | base=1.56 | wall=0.98 | search=431 | target=site(1.24,-0.17)
R4[SURVEY    ]: carry=1 | base=1.32 | wall=1.19 | search=  0 | target=none


======================================================================
Step 13000 (6.9 min) | Pickups: 29 | Deposits: 28 | Rate: 4.04 tags/min | phero_entries=2 max_w=0.071
======================================================================
R1[SEARCH    ]: carry=0 | base=1.26 | wall=1.25 | search= 52 | target=site(1.28,-0.14)
R2[SEARCH    ]: carry=0 | base=2.13 | wall=0.39 | search=1494 | target=site(1.15,-0.03)
R3[SEARCH    ]: carry=0 | base=2.02 | wall=1.05 | search=931 | target=site(1.24,-0.17)
R4[RTB       ]: carry=1 | base=0.29 | wall=2.21 | search=  0 | target=none

[DEPOSIT] R4 deposited! Total: 29
  [TARGET] R4 → SITE (1.31, -0.17)

======================================================================
Step 13500 (7.2 min) | Pickups: 29 | Deposits: 29 | Rate: 4.03 tags/min | phero_entries=1 max_w=0.027
======================================================================
R1[GIVE_UP   ]: carry=0 | base=0.77 | wall=1.75 | search=312 | target=none
R2[SEARCH    ]: carry=0 | base=2.13 | wall=0.39 | search=1994 | target=site(1.15,-0.03)
R3[GIVE_UP   ]: carry=0 | base=0.91 | wall=1.71 | search=1092 | target=none
R4[SEARCH    ]: carry=0 | base=1.36 | wall=1.15 | search= 86 | target=site(1.31,-0.17)

  [GIVE-UP] R1 returned empty after 312 searching steps
  [TARGET] R1 → PHERO (1.24, -0.17)
  [GIVE-UP] R3 returned empty after 1092 searching steps
  [TARGET] R3 → PHERO (1.24, -0.17)
  [GIVE-UP] R4 returned empty after 156 searching steps
  [TARGET] R4 → PHERO (1.24, -0.17)

======================================================================
Step 14000 (7.5 min) | Pickups: 29 | Deposits: 29 | Rate: 3.88 tags/min | phero_entries=1 max_w=0.010
======================================================================
R1[PHERO     ]: carry=0 | base=1.15 | wall=1.36 | search=  0 | target=phero(1.24,-0.17)
R2[SEARCH    ]: carry=0 | base=2.13 | wall=0.39 | search=2494 | target=site(1.15,-0.03)
R3[PHERO     ]: carry=0 | base=0.73 | wall=1.82 | search=  0 | target=phero(1.24,-0.17)
R4[PHERO     ]: carry=0 | base=0.27 | wall=2.23 | search=  0 | target=phero(1.24,-0.17)


======================================================================
Step 14500 (7.7 min) | Pickups: 29 | Deposits: 29 | Rate: 3.75 tags/min | phero_entries=1 max_w=0.004
======================================================================
R1[SEARCH    ]: carry=0 | base=1.26 | wall=1.24 | search=488 | target=phero(1.24,-0.17)
R2[GIVE_UP   ]: carry=0 | base=0.49 | wall=2.02 | search=2496 | target=none
R3[SEARCH    ]: carry=0 | base=0.80 | wall=1.74 | search=367 | target=phero(1.24,-0.17)
R4[SEARCH    ]: carry=0 | base=1.15 | wall=1.36 | search=242 | target=phero(1.24,-0.17)

  [GIVE-UP] R2 returned empty after 2496 searching steps
  [TARGET] R2 → PHERO (1.24, -0.17)

======================================================================
Step 15000 (8.0 min) | Pickups: 29 | Deposits: 29 | Rate: 3.62 tags/min | phero_entries=1 max_w=0.001
======================================================================
R1[SEARCH    ]: carry=0 | base=0.74 | wall=1.96 | search=988 | target=phero(1.24,-0.17)
R2[SEARCH    ]: carry=0 | base=1.27 | wall=1.24 | search= 60 | target=phero(1.24,-0.17)
R3[BASE_ESC  ]: carry=0 | base=0.25 | wall=2.26 | search=867 | target=phero(1.24,-0.17)
R4[GIVE_UP   ]: carry=0 | base=1.15 | wall=1.36 | search=624 | target=none

  [GIVE-UP] R4 returned empty after 624 searching steps
  [TARGET] R4 → WALL (-1.24, 2.42)

======================================================================
Step 15500 (8.3 min) | Pickups: 29 | Deposits: 29 | Rate: 3.51 tags/min | phero_entries=0 max_w=0.000
======================================================================
R1[SEARCH    ]: carry=0 | base=1.86 | wall=0.85 | search=1488 | target=phero(1.24,-0.17)
R2[SEARCH    ]: carry=0 | base=1.31 | wall=1.25 | search=560 | target=phero(1.24,-0.17)
R3[BASE_ESC  ]: carry=0 | base=0.25 | wall=2.27 | search=1367 | target=phero(1.24,-0.17)
R4[DEPART    ]: carry=0 | base=0.50 | wall=2.01 | search=  0 | target=none


======================================================================
Step 16000 (8.5 min) | Pickups: 29 | Deposits: 29 | Rate: 3.40 tags/min | phero_entries=0 max_w=0.000
======================================================================
R1[SEARCH    ]: carry=0 | base=2.28 | wall=0.66 | search=1988 | target=phero(1.24,-0.17)
R2[SEARCH    ]: carry=0 | base=0.67 | wall=1.85 | search=1060 | target=phero(1.24,-0.17)
R3[SEARCH    ]: carry=0 | base=1.50 | wall=1.35 | search=1867 | target=phero(1.24,-0.17)
R4[SEARCH    ]: carry=0 | base=2.03 | wall=0.55 | search=186 | target=none


======================================================================
Step 16500 (8.8 min) | Pickups: 29 | Deposits: 29 | Rate: 3.30 tags/min | phero_entries=0 max_w=0.000
======================================================================
R1[SEARCH    ]: carry=0 | base=2.78 | wall=0.36 | search=2488 | target=phero(1.24,-0.17)
R2[SEARCH    ]: carry=0 | base=1.44 | wall=1.20 | search=1560 | target=phero(1.24,-0.17)
R3[SEARCH    ]: carry=0 | base=1.98 | wall=0.72 | search=2367 | target=phero(1.24,-0.17)
R4[SEARCH    ]: carry=0 | base=2.22 | wall=0.39 | search=686 | target=none


======================================================================
Step 17000 (9.1 min) | Pickups: 29 | Deposits: 29 | Rate: 3.20 tags/min | phero_entries=0 max_w=0.000
======================================================================
R1[GIVE_UP   ]: carry=0 | base=0.97 | wall=1.74 | search=2496 | target=none
R2[SEARCH    ]: carry=0 | base=2.36 | wall=0.36 | search=2060 | target=phero(1.24,-0.17)
R3[SEARCH    ]: carry=0 | base=1.17 | wall=1.49 | search=2867 | target=phero(1.24,-0.17)
R4[SEARCH    ]: carry=0 | base=2.22 | wall=0.38 | search=1186 | target=none

  [GIVE-UP] R1 returned empty after 2496 searching steps
  [TARGET] R1 → WALL (-0.96, 2.42)

======================================================================
Step 17500 (9.3 min) | Pickups: 29 | Deposits: 29 | Rate: 3.11 tags/min | phero_entries=0 max_w=0.000
======================================================================
R1[DEPART    ]: carry=0 | base=0.26 | wall=2.24 | search=  0 | target=none
R2[SEARCH    ]: carry=0 | base=2.37 | wall=0.39 | search=2560 | target=phero(1.24,-0.17)
R3[SEARCH    ]: carry=0 | base=1.63 | wall=0.98 | search=3367 | target=phero(1.24,-0.17)
R4[SEARCH    ]: carry=0 | base=2.23 | wall=0.37 | search=1686 | target=none

[PICKUP] R1 picked up tag (density=1) | Total: 30
  [GIVE-UP] R3 returned empty after 3432 searching steps
  [TARGET] R3 → WALL (0.29, 2.42)
[DEPOSIT] R1 deposited! Total: 30
  [TARGET] R1 → WALL (-2.42, 1.42)

======================================================================
Step 18000 (9.6 min) | Pickups: 30 | Deposits: 30 | Rate: 3.12 tags/min | phero_entries=0 max_w=0.000
======================================================================
R1[BASE_ESC  ]: carry=0 | base=0.23 | wall=2.28 | search=  0 | target=none
R2[SEARCH    ]: carry=0 | base=2.39 | wall=0.38 | search=3060 | target=phero(1.24,-0.17)
R3[BASE_ESC  ]: carry=0 | base=0.22 | wall=2.32 | search=  0 | target=none
R4[SEARCH    ]: carry=0 | base=2.23 | wall=0.36 | search=2186 | target=none


======================================================================
Step 18500 (9.9 min) | Pickups: 30 | Deposits: 30 | Rate: 3.04 tags/min | phero_entries=0 max_w=0.000
======================================================================
R1[SEARCH    ]: carry=0 | base=0.79 | wall=1.72 | search=206 | target=none
R2[GIVE_UP   ]: carry=0 | base=1.56 | wall=1.04 | search=3276 | target=none
R3[SEARCH    ]: carry=0 | base=0.96 | wall=1.58 | search= 93 | target=none
R4[SEARCH    ]: carry=0 | base=2.24 | wall=0.35 | search=2686 | target=none

TIMEOUT_RESULT pickups=30 deposits=30 steps=18750 elapsed_min=10.000000
BATCH_RESULT pickups=30 deposits=30
