Gym has been unmaintained since 2022 and does not support NumPy 2.0 amongst other critical functionality.
Please upgrade to Gymnasium, the maintained drop-in replacement of Gym, or contact the authors of your software and request that they upgrade.
Users of this version of Gym should be able to simply replace 'import gym' with 'import gymnasium as gym' in the vast majority of cases.
See the migration guide at https://gymnasium.farama.org/introduction/migration_guide/ for additional information.
=================================================================
EXPERIMENT 4 — Central Server Disconnect Robustness
  Arena: 5x5m | Tags: 64 | Robots: 4 | Time: 10.0 min
  Disconnect: 5.0 → 6.0 min (1.0 min offline)
=================================================================

Loading model: ppo_cpfa_v9
Model loaded. Starting evaluation...

[PICKUP] Robot 2 picked up tag (density=9) | Total: 1
[DEPOSIT] Robot 2 deposited! Total: 1
  [TARGET] Robot 2 → SITE (0.50,0.00)
[PICKUP] Robot 1 picked up tag (density=12) | Total: 2
[PICKUP] Robot 2 picked up tag (density=8) | Total: 3

======================================================================
Step 500 (0.3 min) [ONLINE] | Pickups: 3 | Deposits: 1 | Rate: 3.75 tags/min | phero=1
======================================================================
R1[RTB         ]: carry=1 | gave_up=0
R2[RTB         ]: carry=1 | gave_up=0
R3[EXPLORE     ]: carry=0 | gave_up=0
R4[EXPLORE     ]: carry=0 | gave_up=0

[PICKUP] Robot 4 picked up tag (density=6) | Total: 4
[DEPOSIT] Robot 2 deposited! Total: 2
  [TARGET] Robot 2 → SITE (0.43,-0.11)
[DEPOSIT] Robot 4 deposited! Total: 3
  [TARGET] Robot 4 → SITE (-0.19,-0.73)
[DEPOSIT] Robot 1 deposited! Total: 4
  [TARGET] Robot 1 → SITE (-0.91,-0.62)
[PICKUP] Robot 4 picked up tag (density=5) | Total: 5
[PICKUP] Robot 2 picked up tag (density=7) | Total: 6
[PICKUP] Robot 1 picked up tag (density=4) | Total: 7
[DEPOSIT] Robot 4 deposited! Total: 5
  [TARGET] Robot 4 → SITE (-0.20,-0.28)
[DEPOSIT] Robot 2 deposited! Total: 6
  [TARGET] Robot 2 → SITE (0.32,0.04)

======================================================================
Step 1000 (0.5 min) [ONLINE] | Pickups: 7 | Deposits: 6 | Rate: 11.25 tags/min | phero=6
======================================================================
R1[RTB         ]: carry=1 | gave_up=0
R2[BASE_ESC    ]: carry=0 | gave_up=0
R3[EXPLORE     ]: carry=0 | gave_up=0
R4[BASE_ESC    ]: carry=0 | gave_up=0

[DEPOSIT] Robot 1 deposited! Total: 7
  [TARGET] Robot 1 → SITE (-0.19,-0.29)
[PICKUP] Robot 2 picked up tag (density=6) | Total: 8
[PICKUP] Robot 4 picked up tag (density=3) | Total: 9
[DEPOSIT] Robot 2 deposited! Total: 8
  [TARGET] Robot 2 → SITE (0.33,0.08)
[DEPOSIT] Robot 4 deposited! Total: 9
  [TARGET] Robot 4 → PHERO (-0.15,-0.36)
[PICKUP] Robot 3 picked up tag (density=5) | Total: 10

======================================================================
Step 1500 (0.8 min) [ONLINE] | Pickups: 10 | Deposits: 9 | Rate: 11.25 tags/min | phero=9
======================================================================
R1[EXPLORE     ]: carry=0 | gave_up=0
R2[SITE        ]: carry=0 | gave_up=0
R3[RTB         ]: carry=1 | gave_up=0
R4[BASE_ESC    ]: carry=0 | gave_up=0

[PICKUP] Robot 1 picked up tag (density=2) | Total: 11
[PICKUP] Robot 2 picked up tag (density=4) | Total: 12
[DEPOSIT] Robot 3 deposited! Total: 10
  [TARGET] Robot 3 → SITE (0.53,-0.13)
[DEPOSIT] Robot 1 deposited! Total: 11
  [TARGET] Robot 1 → SITE (-0.41,-0.57)
[DEPOSIT] Robot 2 deposited! Total: 12
  [TARGET] Robot 2 → SITE (0.40,0.06)
[PICKUP] Robot 1 picked up tag (density=1) | Total: 13
[PICKUP] Robot 2 picked up tag (density=3) | Total: 14

======================================================================
Step 2000 (1.1 min) [ONLINE] | Pickups: 14 | Deposits: 12 | Rate: 11.25 tags/min | phero=11
======================================================================
R1[RTB         ]: carry=1 | gave_up=0
R2[RTB         ]: carry=1 | gave_up=0
R3[EXPLORE     ]: carry=0 | gave_up=0
R4[EXPLORE     ]: carry=0 | gave_up=0

[DEPOSIT] Robot 1 deposited! Total: 13
  [TARGET] Robot 1 → PHERO (0.33,0.08)
[DEPOSIT] Robot 2 deposited! Total: 14
  [TARGET] Robot 2 → SITE (0.43,0.04)
[PICKUP] Robot 2 picked up tag (density=2) | Total: 15
[DEPOSIT] Robot 2 deposited! Total: 15
  [TARGET] Robot 2 → SITE (0.48,0.03)

======================================================================
Step 2500 (1.3 min) [ONLINE] | Pickups: 15 | Deposits: 15 | Rate: 11.25 tags/min | phero=12
======================================================================
R1[BASE_ESC    ]: carry=0 | gave_up=0
R2[BASE_ESC    ]: carry=0 | gave_up=0
R3[EXPLORE     ]: carry=0 | gave_up=0
R4[EXPLORE     ]: carry=0 | gave_up=0

[PICKUP] Robot 2 picked up tag (density=1) | Total: 16
[DEPOSIT] Robot 2 deposited! Total: 16
  [TARGET] Robot 2 → PHERO (0.43,0.04)

======================================================================
Step 3000 (1.6 min) [ONLINE] | Pickups: 16 | Deposits: 16 | Rate: 10.00 tags/min | phero=12
======================================================================
R1[BASE_ESC    ]: carry=0 | gave_up=0
R2[PHERO       ]: carry=0 | gave_up=0
R3[EXPLORE     ]: carry=0 | gave_up=0
R4[EXPLORE     ]: carry=0 | gave_up=0

[PICKUP] Robot 3 picked up tag (density=16) | Total: 17
[PICKUP] Robot 2 picked up tag (density=15) | Total: 18

======================================================================
Step 3500 (1.9 min) [ONLINE] | Pickups: 18 | Deposits: 16 | Rate: 8.57 tags/min | phero=12
======================================================================
R1[EXPLORE     ]: carry=0 | gave_up=0
R2[RTB         ]: carry=1 | gave_up=0
R3[RTB         ]: carry=1 | gave_up=0
R4[EXPLORE     ]: carry=0 | gave_up=0

[DEPOSIT] Robot 3 deposited! Total: 17
  [TARGET] Robot 3 → SITE (1.71,-0.62)
[DEPOSIT] Robot 2 deposited! Total: 18
  [TARGET] Robot 2 → SITE (1.66,-0.79)

======================================================================
Step 4000 (2.1 min) [ONLINE] | Pickups: 18 | Deposits: 18 | Rate: 8.44 tags/min | phero=14
======================================================================
R1[EXPLORE     ]: carry=0 | gave_up=0
R2[BASE_ESC    ]: carry=0 | gave_up=0
R3[SITE        ]: carry=0 | gave_up=0
R4[EXPLORE     ]: carry=0 | gave_up=0

[PICKUP] Robot 3 picked up tag (density=14) | Total: 19
[GIVE-UP] R4 giving up after 3108 steps

======================================================================
Step 4500 (2.4 min) [ONLINE] | Pickups: 19 | Deposits: 18 | Rate: 7.50 tags/min | phero=14
======================================================================
R1[EXPLORE     ]: carry=0 | gave_up=0
R2[SITE        ]: carry=0 | gave_up=0
R3[RTB         ]: carry=1 | gave_up=0
R4[GIVE_UP     ]: carry=0 | gave_up=1

[PICKUP] Robot 4 picked up tag (density=9) | Total: 20
[DEPOSIT] Robot 3 deposited! Total: 19
  [TARGET] Robot 3 → SITE (1.76,-0.65)
[PICKUP] Robot 2 picked up tag (density=13) | Total: 21
[PICKUP] Robot 1 picked up tag (density=8) | Total: 22

======================================================================
Step 5000 (2.7 min) [ONLINE] | Pickups: 22 | Deposits: 19 | Rate: 7.12 tags/min | phero=13
======================================================================
R1[RTB         ]: carry=1 | gave_up=0
R2[RTB         ]: carry=1 | gave_up=0
R3[SITE        ]: carry=0 | gave_up=0
R4[RTB         ]: carry=1 | gave_up=0

[DEPOSIT] Robot 4 deposited! Total: 20
  [TARGET] Robot 4 → SITE (-1.76,1.11)
[DEPOSIT] Robot 2 deposited! Total: 21
  [TARGET] Robot 2 → SITE (1.70,-1.08)
[DEPOSIT] Robot 1 deposited! Total: 22
  [TARGET] Robot 1 → SITE (-1.33,1.26)
[PICKUP] Robot 3 picked up tag (density=12) | Total: 23

======================================================================
Step 5500 (2.9 min) [ONLINE] | Pickups: 23 | Deposits: 22 | Rate: 7.50 tags/min | phero=11
======================================================================
R1[SITE        ]: carry=0 | gave_up=0
R2[SITE        ]: carry=0 | gave_up=0
R3[RTB         ]: carry=1 | gave_up=0
R4[SITE        ]: carry=0 | gave_up=0

[PICKUP] Robot 4 picked up tag (density=7) | Total: 24
[PICKUP] Robot 2 picked up tag (density=11) | Total: 25
[PICKUP] Robot 1 picked up tag (density=6) | Total: 26
[DEPOSIT] Robot 3 deposited! Total: 23
  [TARGET] Robot 3 → SITE (1.82,-0.68)

======================================================================
Step 6000 (3.2 min) [ONLINE] | Pickups: 26 | Deposits: 23 | Rate: 7.19 tags/min | phero=9
======================================================================
R1[RTB         ]: carry=1 | gave_up=0
R2[RTB         ]: carry=1 | gave_up=0
R3[BASE_ESC    ]: carry=0 | gave_up=0
R4[RTB         ]: carry=1 | gave_up=0

[DEPOSIT] Robot 4 deposited! Total: 24
  [TARGET] Robot 4 → SITE (-1.45,1.04)
[DEPOSIT] Robot 2 deposited! Total: 25
  [TARGET] Robot 2 → SITE (1.75,-0.76)
[DEPOSIT] Robot 1 deposited! Total: 26
  [TARGET] Robot 1 → SITE (-1.34,1.27)

======================================================================
Step 6500 (3.5 min) [ONLINE] | Pickups: 26 | Deposits: 26 | Rate: 7.50 tags/min | phero=10
======================================================================
R1[SITE        ]: carry=0 | gave_up=0
R2[SITE        ]: carry=0 | gave_up=0
R3[SITE        ]: carry=0 | gave_up=0
R4[SITE        ]: carry=0 | gave_up=0

[PICKUP] Robot 4 picked up tag (density=5) | Total: 27
[PICKUP] Robot 2 picked up tag (density=10) | Total: 28

======================================================================
Step 7000 (3.7 min) [ONLINE] | Pickups: 28 | Deposits: 26 | Rate: 6.96 tags/min | phero=10
======================================================================
R1[SITE        ]: carry=0 | gave_up=0
R2[RTB         ]: carry=1 | gave_up=0
R3[SITE        ]: carry=0 | gave_up=0
R4[RTB         ]: carry=1 | gave_up=0

[DEPOSIT] Robot 4 deposited! Total: 27
  [TARGET] Robot 4 → SITE (-1.46,1.06)
[DEPOSIT] Robot 2 deposited! Total: 28
  [TARGET] Robot 2 → SITE (1.75,-1.04)
[PICKUP] Robot 3 picked up tag (density=9) | Total: 29

======================================================================
Step 7500 (4.0 min) [ONLINE] | Pickups: 29 | Deposits: 28 | Rate: 7.00 tags/min | phero=12
======================================================================
R1[SITE        ]: carry=0 | gave_up=0
R2[BASE_ESC    ]: carry=0 | gave_up=0
R3[RTB         ]: carry=1 | gave_up=0
R4[SITE        ]: carry=0 | gave_up=0

[PICKUP] Robot 4 picked up tag (density=4) | Total: 30

======================================================================
Step 8000 (4.3 min) [ONLINE] | Pickups: 30 | Deposits: 28 | Rate: 6.56 tags/min | phero=11
======================================================================
R1[WALL_ESC    ]: carry=0 | gave_up=0
R2[SITE        ]: carry=0 | gave_up=0
R3[RTB         ]: carry=1 | gave_up=0
R4[RTB         ]: carry=1 | gave_up=0

[DEPOSIT] Robot 3 deposited! Total: 29
  [TARGET] Robot 3 → SITE (1.82,-0.68)
[PICKUP] Robot 2 picked up tag (density=8) | Total: 31
[DEPOSIT] Robot 4 deposited! Total: 30
  [TARGET] Robot 4 → SITE (-1.51,1.12)
[PICKUP] Robot 1 picked up tag (density=12) | Total: 32

======================================================================
Step 8500 (4.5 min) [ONLINE] | Pickups: 32 | Deposits: 30 | Rate: 6.62 tags/min | phero=12
======================================================================
R1[RTB         ]: carry=1 | gave_up=0
R2[RTB         ]: carry=1 | gave_up=0
R3[SITE        ]: carry=0 | gave_up=0
R4[SITE        ]: carry=0 | gave_up=0

[DEPOSIT] Robot 2 deposited! Total: 31
  [TARGET] Robot 2 → SITE (1.75,-0.82)
[DEPOSIT] Robot 1 deposited! Total: 32
  [TARGET] Robot 1 → SITE (0.27,1.22)
[PICKUP] Robot 4 picked up tag (density=3) | Total: 33

======================================================================
Step 9000 (4.8 min) [ONLINE] | Pickups: 33 | Deposits: 32 | Rate: 6.67 tags/min | phero=13
======================================================================
R1[SITE        ]: carry=0 | gave_up=0
R2[SITE        ]: carry=0 | gave_up=0
R3[SITE        ]: carry=0 | gave_up=0
R4[RTB         ]: carry=1 | gave_up=0

[PICKUP] Robot 1 picked up tag (density=11) | Total: 34
[PICKUP] Robot 2 picked up tag (density=7) | Total: 35

[DISCONNECT] Central server OFFLINE at 5.00 min (will reconnect at 6.0 min)

[DEPOSIT] Robot 1 deposited! Total: 33
  [TARGET] Robot 1 → SITE (0.60,0.97)
[DEPOSIT] Robot 4 deposited! Total: 34
  [TARGET] Robot 4 → SITE (-1.56,1.13)

======================================================================
Step 9500 (5.1 min) [DISCONNECTED] | Pickups: 35 | Deposits: 34 | Rate: 6.71 tags/min | phero=13
======================================================================
R1[DISCONNECTED]: carry=0 | gave_up=0
R2[DISCONNECTED]: carry=1 | gave_up=0
R3[DISCONNECTED]: carry=0 | gave_up=0
R4[DISCONNECTED]: carry=0 | gave_up=0

[PICKUP] Robot 3 picked up tag (density=6) | Total: 36

======================================================================
Step 10000 (5.3 min) [DISCONNECTED] | Pickups: 36 | Deposits: 34 | Rate: 6.38 tags/min | phero=11
======================================================================
R1[DISCONNECTED]: carry=0 | gave_up=0
R2[DISCONNECTED]: carry=1 | gave_up=0
R3[DISCONNECTED]: carry=1 | gave_up=0
R4[DISCONNECTED]: carry=0 | gave_up=0

[PICKUP] Robot 4 picked up tag (density=11) | Total: 37

======================================================================
Step 10500 (5.6 min) [DISCONNECTED] | Pickups: 37 | Deposits: 34 | Rate: 6.07 tags/min | phero=9
======================================================================
R1[DISCONNECTED]: carry=0 | gave_up=0
R2[DISCONNECTED]: carry=1 | gave_up=0
R3[DISCONNECTED]: carry=1 | gave_up=0
R4[DISCONNECTED]: carry=1 | gave_up=0


======================================================================
Step 11000 (5.9 min) [DISCONNECTED] | Pickups: 37 | Deposits: 34 | Rate: 5.80 tags/min | phero=7
======================================================================
R1[DISCONNECTED]: carry=0 | gave_up=0
R2[DISCONNECTED]: carry=1 | gave_up=0
R3[DISCONNECTED]: carry=1 | gave_up=0
R4[DISCONNECTED]: carry=1 | gave_up=0


[RECONNECT] Central server ONLINE at 6.00 min

[PICKUP] Robot 1 picked up tag (density=10) | Total: 38

======================================================================
Step 11500 (6.1 min) [ONLINE] | Pickups: 38 | Deposits: 34 | Rate: 5.54 tags/min | phero=7
======================================================================
R1[RTB         ]: carry=1 | gave_up=0
R2[RTB         ]: carry=1 | gave_up=0
R3[RTB         ]: carry=1 | gave_up=0
R4[RTB         ]: carry=1 | gave_up=0

[DEPOSIT] Robot 3 deposited! Total: 35
  [TARGET] Robot 3 → SITE (1.88,-0.69)
[DEPOSIT] Robot 2 deposited! Total: 36
  [TARGET] Robot 2 → SITE (1.81,-1.01)
[DEPOSIT] Robot 1 deposited! Total: 37
  [TARGET] Robot 1 → SITE (-1.26,-0.79)
[DEPOSIT] Robot 4 deposited! Total: 38
  [TARGET] Robot 4 → SITE (-1.24,-0.35)

======================================================================
Step 12000 (6.4 min) [ONLINE] | Pickups: 38 | Deposits: 38 | Rate: 5.94 tags/min | phero=9
======================================================================
R1[SITE        ]: carry=0 | gave_up=0
R2[SITE        ]: carry=0 | gave_up=0
R3[SITE        ]: carry=0 | gave_up=0
R4[SITE        ]: carry=0 | gave_up=0

[PICKUP] Robot 1 picked up tag (density=9) | Total: 39
[DEPOSIT] Robot 1 deposited! Total: 39
  [TARGET] Robot 1 → SITE (-1.01,-0.35)

======================================================================
Step 12500 (6.7 min) [ONLINE] | Pickups: 39 | Deposits: 39 | Rate: 5.85 tags/min | phero=9
======================================================================
R1[BASE_ESC    ]: carry=0 | gave_up=0
R2[EXPLORE     ]: carry=0 | gave_up=0
R3[SITE        ]: carry=0 | gave_up=0
R4[SITE        ]: carry=0 | gave_up=0

[PICKUP] Robot 3 picked up tag (density=5) | Total: 40
[PICKUP] Robot 2 picked up tag (density=4) | Total: 41
[PICKUP] Robot 1 picked up tag (density=8) | Total: 42
[PICKUP] Robot 4 picked up tag (density=7) | Total: 43

======================================================================
Step 13000 (6.9 min) [ONLINE] | Pickups: 43 | Deposits: 39 | Rate: 5.62 tags/min | phero=7
======================================================================
R1[RTB         ]: carry=1 | gave_up=0
R2[RTB         ]: carry=1 | gave_up=0
R3[RTB         ]: carry=1 | gave_up=0
R4[RTB         ]: carry=1 | gave_up=0

[DEPOSIT] Robot 3 deposited! Total: 40
  [TARGET] Robot 3 → SITE (1.89,-0.70)
[DEPOSIT] Robot 1 deposited! Total: 41
  [TARGET] Robot 1 → SITE (-1.08,-0.35)
[DEPOSIT] Robot 4 deposited! Total: 42
  [TARGET] Robot 4 → SITE (-1.35,-0.36)
[DEPOSIT] Robot 2 deposited! Total: 43
  [TARGET] Robot 2 → SITE (2.12,-1.09)

======================================================================
Step 13500 (7.2 min) [ONLINE] | Pickups: 43 | Deposits: 43 | Rate: 5.97 tags/min | phero=10
======================================================================
R1[SITE        ]: carry=0 | gave_up=0
R2[SITE        ]: carry=0 | gave_up=0
R3[SITE        ]: carry=0 | gave_up=0
R4[SITE        ]: carry=0 | gave_up=0

[PICKUP] Robot 1 picked up tag (density=6) | Total: 44
[PICKUP] Robot 3 picked up tag (density=3) | Total: 45

======================================================================
Step 14000 (7.5 min) [ONLINE] | Pickups: 45 | Deposits: 43 | Rate: 5.76 tags/min | phero=9
======================================================================
R1[RTB         ]: carry=1 | gave_up=0
R2[SITE        ]: carry=0 | gave_up=0
R3[RTB         ]: carry=1 | gave_up=0
R4[EXPLORE     ]: carry=0 | gave_up=0

[DEPOSIT] Robot 1 deposited! Total: 44
  [TARGET] Robot 1 → SITE (-1.22,-0.42)
[PICKUP] Robot 2 picked up tag (density=2) | Total: 46
[DEPOSIT] Robot 3 deposited! Total: 45
  [TARGET] Robot 3 → SITE (1.95,-0.70)
[PICKUP] Robot 1 picked up tag (density=5) | Total: 47

======================================================================
Step 14500 (7.7 min) [ONLINE] | Pickups: 47 | Deposits: 45 | Rate: 5.82 tags/min | phero=11
======================================================================
R1[RTB         ]: carry=1 | gave_up=0
R2[RTB         ]: carry=1 | gave_up=0
R3[SITE        ]: carry=0 | gave_up=0
R4[EXPLORE     ]: carry=0 | gave_up=0

[DEPOSIT] Robot 2 deposited! Total: 46
  [TARGET] Robot 2 → SITE (2.04,-0.74)
[DEPOSIT] Robot 1 deposited! Total: 47
  [TARGET] Robot 1 → SITE (-1.05,-0.77)

======================================================================
Step 15000 (8.0 min) [ONLINE] | Pickups: 47 | Deposits: 47 | Rate: 5.88 tags/min | phero=11
======================================================================
R1[SITE        ]: carry=0 | gave_up=0
R2[SITE        ]: carry=0 | gave_up=0
R3[SITE        ]: carry=0 | gave_up=0
R4[EXPLORE     ]: carry=0 | gave_up=0

[PICKUP] Robot 3 picked up tag (density=1) | Total: 48
[PICKUP] Robot 1 picked up tag (density=4) | Total: 49
[DEPOSIT] Robot 1 deposited! Total: 48
  [TARGET] Robot 1 → SITE (-1.03,-0.42)

======================================================================
Step 15500 (8.3 min) [ONLINE] | Pickups: 49 | Deposits: 48 | Rate: 5.81 tags/min | phero=12
======================================================================
R1[BASE_ESC    ]: carry=0 | gave_up=0
R2[SITE        ]: carry=0 | gave_up=0
R3[RTB         ]: carry=1 | gave_up=0
R4[EXPLORE     ]: carry=0 | gave_up=0

[DEPOSIT] Robot 3 deposited! Total: 49
  [TARGET] Robot 3 → SITE (1.99,-0.75)
[PICKUP] Robot 1 picked up tag (density=3) | Total: 50

======================================================================
Step 16000 (8.5 min) [ONLINE] | Pickups: 50 | Deposits: 49 | Rate: 5.74 tags/min | phero=11
======================================================================
R1[RTB         ]: carry=1 | gave_up=0
R2[EXPLORE     ]: carry=0 | gave_up=0
R3[SITE        ]: carry=0 | gave_up=0
R4[EXPLORE     ]: carry=0 | gave_up=0

[GIVE-UP] R4 giving up after 2849 steps
[DEPOSIT] Robot 1 deposited! Total: 50
  [TARGET] Robot 1 → SITE (-0.98,-0.60)

======================================================================
Step 16500 (8.8 min) [ONLINE] | Pickups: 50 | Deposits: 50 | Rate: 5.68 tags/min | phero=9
======================================================================
R1[SITE        ]: carry=0 | gave_up=0
R2[EXPLORE     ]: carry=0 | gave_up=0
R3[EXPLORE     ]: carry=0 | gave_up=0
R4[GIVE_UP     ]: carry=0 | gave_up=1

[PICKUP] Robot 1 picked up tag (density=2) | Total: 51
[EMPTY_RTN] R4 → phero(-1.03,-0.42)
[DEPOSIT] Robot 1 deposited! Total: 51
  [TARGET] Robot 1 → SITE (-1.12,-0.53)

======================================================================
Step 17000 (9.1 min) [ONLINE] | Pickups: 51 | Deposits: 51 | Rate: 5.62 tags/min | phero=8
======================================================================
R1[BASE_ESC    ]: carry=0 | gave_up=0
R2[EXPLORE     ]: carry=0 | gave_up=0
R3[EXPLORE     ]: carry=0 | gave_up=0
R4[PHERO       ]: carry=0 | gave_up=0

[GIVE-UP] R2 giving up after 2461 steps
[PICKUP] Robot 2 picked up tag (density=2) | Total: 52
[PICKUP] Robot 4 picked up tag (density=1) | Total: 53

======================================================================
Step 17500 (9.3 min) [ONLINE] | Pickups: 53 | Deposits: 51 | Rate: 5.46 tags/min | phero=6
======================================================================
R1[EXPLORE     ]: carry=0 | gave_up=0
R2[RTB         ]: carry=1 | gave_up=0
R3[EXPLORE     ]: carry=0 | gave_up=0
R4[RTB         ]: carry=1 | gave_up=0

[DEPOSIT] Robot 4 deposited! Total: 52
  [TARGET] Robot 4 → SITE (-1.18,-0.46)
[DEPOSIT] Robot 2 deposited! Total: 53
  [TARGET] Robot 2 → SITE (-1.60,1.48)

======================================================================
Step 18000 (9.6 min) [ONLINE] | Pickups: 53 | Deposits: 53 | Rate: 5.52 tags/min | phero=5
======================================================================
R1[EXPLORE     ]: carry=0 | gave_up=0
R2[SITE        ]: carry=0 | gave_up=0
R3[EXPLORE     ]: carry=0 | gave_up=0
R4[SITE        ]: carry=0 | gave_up=0


======================================================================
Step 18500 (9.9 min) [ONLINE] | Pickups: 53 | Deposits: 53 | Rate: 5.37 tags/min | phero=4
======================================================================
R1[EXPLORE     ]: carry=0 | gave_up=0
R2[EXPLORE     ]: carry=0 | gave_up=0
R3[EXPLORE     ]: carry=0 | gave_up=0
R4[EXPLORE     ]: carry=0 | gave_up=0

TIMEOUT_RESULT pickups=53 deposits=53 steps=18750 elapsed_min=10.000000 disconnect_start=5.0 disconnect_duration=1.0
BATCH_RESULT pickups=53 deposits=53
