Gym has been unmaintained since 2022 and does not support NumPy 2.0 amongst other critical functionality.
Please upgrade to Gymnasium, the maintained drop-in replacement of Gym, or contact the authors of your software and request that they upgrade.
Users of this version of Gym should be able to simply replace 'import gym' with 'import gymnasium as gym' in the vast majority of cases.
See the migration guide at https://gymnasium.farama.org/introduction/migration_guide/ for additional information.
=================================================================
EXPERIMENT 4 — Central Server Disconnect Robustness
  Arena: 5x5m | Tags: 64 | Robots: 4 | Time: 10.0 min
  Disconnect: 5.0 → 6.0 min (1.0 min offline)
=================================================================

Loading model: ppo_cpfa_v9
Model loaded. Starting evaluation...

[PICKUP] Robot 2 picked up tag (density=12) | Total: 1
[PICKUP] Robot 1 picked up tag (density=12) | Total: 2

======================================================================
Step 500 (0.3 min) [ONLINE] | Pickups: 2 | Deposits: 0 | Rate: 0.00 tags/min | phero=0
======================================================================
R1[RTB         ]: carry=1 | gave_up=0
R2[RTB         ]: carry=1 | gave_up=0
R3[EXPLORE     ]: carry=0 | gave_up=0
R4[EXPLORE     ]: carry=0 | gave_up=0

[DEPOSIT] Robot 2 deposited! Total: 1
  [TARGET] Robot 2 → SITE (1.14,0.00)
[DEPOSIT] Robot 1 deposited! Total: 2
  [TARGET] Robot 1 → SITE (-0.89,-0.48)
[PICKUP] Robot 2 picked up tag (density=11) | Total: 3

======================================================================
Step 1000 (0.5 min) [ONLINE] | Pickups: 3 | Deposits: 2 | Rate: 3.75 tags/min | phero=2
======================================================================
R1[SITE        ]: carry=0 | gave_up=0
R2[RTB         ]: carry=1 | gave_up=0
R3[EXPLORE     ]: carry=0 | gave_up=0
R4[EXPLORE     ]: carry=0 | gave_up=0

[GIVE-UP] R3 giving up after 1014 steps
[PICKUP] Robot 1 picked up tag (density=11) | Total: 4
[DEPOSIT] Robot 2 deposited! Total: 3
  [TARGET] Robot 2 → SITE (1.05,-0.13)
[PICKUP] Robot 3 picked up tag (density=6) | Total: 5
[PICKUP] Robot 2 picked up tag (density=5) | Total: 6
[DEPOSIT] Robot 1 deposited! Total: 4
  [TARGET] Robot 1 → SITE (-0.96,-0.50)
[DEPOSIT] Robot 3 deposited! Total: 5
  [TARGET] Robot 3 → SITE (0.66,0.18)
[DEPOSIT] Robot 2 deposited! Total: 6
  [TARGET] Robot 2 → SITE (0.30,0.13)

======================================================================
Step 1500 (0.8 min) [ONLINE] | Pickups: 6 | Deposits: 6 | Rate: 7.50 tags/min | phero=6
======================================================================
R1[SITE        ]: carry=0 | gave_up=0
R2[BASE_ESC    ]: carry=0 | gave_up=0
R3[SITE        ]: carry=0 | gave_up=0
R4[EXPLORE     ]: carry=0 | gave_up=0

[PICKUP] Robot 3 picked up tag (density=4) | Total: 7
[DEPOSIT] Robot 3 deposited! Total: 7
  [TARGET] Robot 3 → SITE (0.32,0.18)
[PICKUP] Robot 1 picked up tag (density=10) | Total: 8
[PICKUP] Robot 3 picked up tag (density=3) | Total: 9

======================================================================
Step 2000 (1.1 min) [ONLINE] | Pickups: 9 | Deposits: 7 | Rate: 6.56 tags/min | phero=7
======================================================================
R1[RTB         ]: carry=1 | gave_up=0
R2[EXPLORE     ]: carry=0 | gave_up=0
R3[RTB         ]: carry=1 | gave_up=0
R4[EXPLORE     ]: carry=0 | gave_up=0

[DEPOSIT] Robot 1 deposited! Total: 8
  [TARGET] Robot 1 → SITE (-1.00,-0.50)
[DEPOSIT] Robot 3 deposited! Total: 9
  [TARGET] Robot 3 → SITE (0.34,0.24)
[GIVE-UP] R4 giving up after 2106 steps
[PICKUP] Robot 3 picked up tag (density=2) | Total: 10
[PICKUP] Robot 1 picked up tag (density=9) | Total: 11
[DEPOSIT] Robot 3 deposited! Total: 10
  [TARGET] Robot 3 → SITE (0.37,0.25)

======================================================================
Step 2500 (1.3 min) [ONLINE] | Pickups: 11 | Deposits: 10 | Rate: 7.50 tags/min | phero=9
======================================================================
R1[RTB         ]: carry=1 | gave_up=0
R2[EXPLORE     ]: carry=0 | gave_up=0
R3[BASE_ESC    ]: carry=0 | gave_up=0
R4[GIVE_UP     ]: carry=0 | gave_up=1

[EMPTY_RTN] R4 → phero(0.37,0.25)
[PICKUP] Robot 3 picked up tag (density=1) | Total: 12
[DEPOSIT] Robot 1 deposited! Total: 11
  [TARGET] Robot 1 → SITE (-1.03,-0.51)
[DEPOSIT] Robot 3 deposited! Total: 12
  [TARGET] Robot 3 → PHERO (-1.03,-0.51)

======================================================================
Step 3000 (1.6 min) [ONLINE] | Pickups: 12 | Deposits: 12 | Rate: 7.50 tags/min | phero=11
======================================================================
R1[SITE        ]: carry=0 | gave_up=0
R2[EXPLORE     ]: carry=0 | gave_up=0
R3[PHERO       ]: carry=0 | gave_up=0
R4[BASE_ESC    ]: carry=0 | gave_up=0

[PICKUP] Robot 3 picked up tag (density=9) | Total: 13
[PICKUP] Robot 1 picked up tag (density=8) | Total: 14
[DEPOSIT] Robot 3 deposited! Total: 13
  [TARGET] Robot 3 → SITE (-0.26,0.23)
[GIVE-UP] R2 giving up after 1739 steps
[PICKUP] Robot 3 picked up tag (density=8) | Total: 15

======================================================================
Step 3500 (1.9 min) [ONLINE] | Pickups: 15 | Deposits: 13 | Rate: 6.96 tags/min | phero=12
======================================================================
R1[RTB         ]: carry=1 | gave_up=0
R2[GIVE_UP     ]: carry=0 | gave_up=1
R3[RTB         ]: carry=1 | gave_up=0
R4[EXPLORE     ]: carry=0 | gave_up=0

[DEPOSIT] Robot 1 deposited! Total: 14
  [TARGET] Robot 1 → SITE (-1.05,-0.51)
[DEPOSIT] Robot 3 deposited! Total: 15
  [TARGET] Robot 3 → SITE (-0.26,0.23)
[EMPTY_RTN] R2 → phero(0.38,0.29)
[PICKUP] Robot 3 picked up tag (density=7) | Total: 16
[PICKUP] Robot 1 picked up tag (density=7) | Total: 17
[DEPOSIT] Robot 3 deposited! Total: 16
  [TARGET] Robot 3 → SITE (-0.33,0.22)

======================================================================
Step 4000 (2.1 min) [ONLINE] | Pickups: 17 | Deposits: 16 | Rate: 7.50 tags/min | phero=15
======================================================================
R1[RTB         ]: carry=1 | gave_up=0
R2[EXPLORE     ]: carry=0 | gave_up=0
R3[SITE        ]: carry=0 | gave_up=0
R4[EXPLORE     ]: carry=0 | gave_up=0

[PICKUP] Robot 3 picked up tag (density=6) | Total: 18
[PICKUP] Robot 2 picked up tag (density=10) | Total: 19
[DEPOSIT] Robot 1 deposited! Total: 17
  [TARGET] Robot 1 → SITE (-0.90,-0.62)
[DEPOSIT] Robot 3 deposited! Total: 18
  [TARGET] Robot 3 → SITE (-0.33,0.22)
[DEPOSIT] Robot 2 deposited! Total: 19
  [TARGET] Robot 2 → SITE (1.09,-0.16)
[PICKUP] Robot 3 picked up tag (density=5) | Total: 20

======================================================================
Step 4500 (2.4 min) [ONLINE] | Pickups: 20 | Deposits: 19 | Rate: 7.92 tags/min | phero=18
======================================================================
R1[SITE        ]: carry=0 | gave_up=0
R2[BASE_ESC    ]: carry=0 | gave_up=0
R3[RTB         ]: carry=1 | gave_up=0
R4[EXPLORE     ]: carry=0 | gave_up=0

[DEPOSIT] Robot 3 deposited! Total: 20
  [TARGET] Robot 3 → SITE (-0.34,0.22)
[PICKUP] Robot 4 picked up tag (density=9) | Total: 21
[PICKUP] Robot 2 picked up tag (density=9) | Total: 22

======================================================================
Step 5000 (2.7 min) [ONLINE] | Pickups: 22 | Deposits: 20 | Rate: 7.50 tags/min | phero=18
======================================================================
R1[EXPLORE     ]: carry=0 | gave_up=0
R2[RTB         ]: carry=1 | gave_up=0
R3[SITE        ]: carry=0 | gave_up=0
R4[RTB         ]: carry=1 | gave_up=0

[DEPOSIT] Robot 2 deposited! Total: 21
  [TARGET] Robot 2 → SITE (1.07,-0.19)
[DEPOSIT] Robot 4 deposited! Total: 22
  [TARGET] Robot 4 → SITE (0.51,-1.71)
[PICKUP] Robot 1 picked up tag (density=8) | Total: 23
[PICKUP] Robot 3 picked up tag (density=4) | Total: 24
[DEPOSIT] Robot 3 deposited! Total: 23
  [TARGET] Robot 3 → SITE (-0.35,0.28)

======================================================================
Step 5500 (2.9 min) [ONLINE] | Pickups: 24 | Deposits: 23 | Rate: 7.84 tags/min | phero=19
======================================================================
R1[RTB         ]: carry=1 | gave_up=0
R2[SITE        ]: carry=0 | gave_up=0
R3[BASE_ESC    ]: carry=0 | gave_up=0
R4[SITE        ]: carry=0 | gave_up=0

[PICKUP] Robot 2 picked up tag (density=7) | Total: 25
[DEPOSIT] Robot 1 deposited! Total: 24
  [TARGET] Robot 1 → SITE (1.20,-0.06)
[PICKUP] Robot 3 picked up tag (density=3) | Total: 26
[DEPOSIT] Robot 2 deposited! Total: 25
  [TARGET] Robot 2 → SITE (1.10,-0.20)
[DEPOSIT] Robot 3 deposited! Total: 26
  [TARGET] Robot 3 → SITE (-0.41,0.28)
[PICKUP] Robot 4 picked up tag (density=8) | Total: 27

======================================================================
Step 6000 (3.2 min) [ONLINE] | Pickups: 27 | Deposits: 26 | Rate: 8.12 tags/min | phero=19
======================================================================
R1[SITE        ]: carry=0 | gave_up=0
R2[SITE        ]: carry=0 | gave_up=0
R3[SITE        ]: carry=0 | gave_up=0
R4[RTB         ]: carry=1 | gave_up=0

[PICKUP] Robot 1 picked up tag (density=6) | Total: 28
[PICKUP] Robot 2 picked up tag (density=5) | Total: 29
[DEPOSIT] Robot 1 deposited! Total: 27
  [TARGET] Robot 1 → SITE (1.23,-0.11)
[DEPOSIT] Robot 4 deposited! Total: 28
  [TARGET] Robot 4 → SITE (0.33,-2.11)

======================================================================
Step 6500 (3.5 min) [ONLINE] | Pickups: 29 | Deposits: 28 | Rate: 8.08 tags/min | phero=19
======================================================================
R1[BASE_ESC    ]: carry=0 | gave_up=0
R2[RTB         ]: carry=1 | gave_up=0
R3[SITE        ]: carry=0 | gave_up=0
R4[BASE_ESC    ]: carry=0 | gave_up=0

[DEPOSIT] Robot 2 deposited! Total: 29
  [TARGET] Robot 2 → SITE (1.13,-0.21)
[PICKUP] Robot 3 picked up tag (density=2) | Total: 30
[DEPOSIT] Robot 3 deposited! Total: 30
  [TARGET] Robot 3 → SITE (-0.42,0.29)
[PICKUP] Robot 1 picked up tag (density=4) | Total: 31

======================================================================
Step 7000 (3.7 min) [ONLINE] | Pickups: 31 | Deposits: 30 | Rate: 8.04 tags/min | phero=20
======================================================================
R1[RTB         ]: carry=1 | gave_up=0
R2[EXPLORE     ]: carry=0 | gave_up=0
R3[SITE        ]: carry=0 | gave_up=0
R4[SITE        ]: carry=0 | gave_up=0

[PICKUP] Robot 2 picked up tag (density=3) | Total: 32
[PICKUP] Robot 3 picked up tag (density=1) | Total: 33
[DEPOSIT] Robot 1 deposited! Total: 31
  [TARGET] Robot 1 → SITE (1.26,-0.11)
[DEPOSIT] Robot 3 deposited! Total: 32
  [TARGET] Robot 3 → SITE (-0.44,0.29)
[PICKUP] Robot 4 picked up tag (density=7) | Total: 34
[DEPOSIT] Robot 2 deposited! Total: 33
  [TARGET] Robot 2 → SITE (1.18,-0.27)

======================================================================
Step 7500 (4.0 min) [ONLINE] | Pickups: 34 | Deposits: 33 | Rate: 8.25 tags/min | phero=20
======================================================================
R1[SITE        ]: carry=0 | gave_up=0
R2[SITE        ]: carry=0 | gave_up=0
R3[SITE        ]: carry=0 | gave_up=0
R4[RTB         ]: carry=1 | gave_up=0

[PICKUP] Robot 1 picked up tag (density=2) | Total: 35
[PICKUP] Robot 2 picked up tag (density=1) | Total: 36
[DEPOSIT] Robot 4 deposited! Total: 34
  [TARGET] Robot 4 → SITE (0.36,-2.06)

======================================================================
Step 8000 (4.3 min) [ONLINE] | Pickups: 36 | Deposits: 34 | Rate: 7.97 tags/min | phero=18
======================================================================
R1[RTB         ]: carry=1 | gave_up=0
R2[RTB         ]: carry=1 | gave_up=0
R3[EXPLORE     ]: carry=0 | gave_up=0
R4[SITE        ]: carry=0 | gave_up=0

[DEPOSIT] Robot 1 deposited! Total: 35
  [TARGET] Robot 1 → SITE (1.28,-0.13)
[DEPOSIT] Robot 2 deposited! Total: 36
  [TARGET] Robot 2 → SITE (1.26,-0.23)
[PICKUP] Robot 4 picked up tag (density=6) | Total: 37

======================================================================
Step 8500 (4.5 min) [ONLINE] | Pickups: 37 | Deposits: 36 | Rate: 7.94 tags/min | phero=17
======================================================================
R1[EXPLORE     ]: carry=0 | gave_up=0
R2[SITE        ]: carry=0 | gave_up=0
R3[EXPLORE     ]: carry=0 | gave_up=0
R4[RTB         ]: carry=1 | gave_up=0

[GIVE-UP] R1 giving up after 811 steps
[DEPOSIT] Robot 4 deposited! Total: 37
  [TARGET] Robot 4 → SITE (0.34,-1.74)

======================================================================
Step 9000 (4.8 min) [ONLINE] | Pickups: 37 | Deposits: 37 | Rate: 7.71 tags/min | phero=15
======================================================================
R1[GIVE_UP     ]: carry=0 | gave_up=1
R2[EXPLORE     ]: carry=0 | gave_up=0
R3[EXPLORE     ]: carry=0 | gave_up=0
R4[SITE        ]: carry=0 | gave_up=0

[PICKUP] Robot 2 picked up tag (density=5) | Total: 38
[EMPTY_RTN] R1 → phero(0.34,-1.74)

[DISCONNECT] Central server OFFLINE at 5.00 min (will reconnect at 6.0 min)


======================================================================
Step 9500 (5.1 min) [DISCONNECTED] | Pickups: 38 | Deposits: 37 | Rate: 7.30 tags/min | phero=14
======================================================================
R1[DISCONNECTED]: carry=0 | gave_up=0
R2[DISCONNECTED]: carry=1 | gave_up=0
R3[DISCONNECTED]: carry=0 | gave_up=0
R4[DISCONNECTED]: carry=0 | gave_up=0

[DEPOSIT] Robot 2 deposited! Total: 38
  [TARGET] Robot 2 → SITE (0.74,-1.81)

======================================================================
Step 10000 (5.3 min) [DISCONNECTED] | Pickups: 38 | Deposits: 38 | Rate: 7.12 tags/min | phero=12
======================================================================
R1[DISCONNECTED]: carry=0 | gave_up=0
R2[DISCONNECTED]: carry=0 | gave_up=0
R3[DISCONNECTED]: carry=0 | gave_up=0
R4[DISCONNECTED]: carry=0 | gave_up=0

[GIVE-UP] R3 giving up after 2812 steps

======================================================================
Step 10500 (5.6 min) [DISCONNECTED] | Pickups: 38 | Deposits: 38 | Rate: 6.79 tags/min | phero=10
======================================================================
R1[DISCONNECTED]: carry=0 | gave_up=0
R2[DISCONNECTED]: carry=0 | gave_up=0
R3[DISCONNECTED]: carry=0 | gave_up=1
R4[DISCONNECTED]: carry=0 | gave_up=0

[PICKUP] Robot 4 picked up tag (density=16) | Total: 39

======================================================================
Step 11000 (5.9 min) [DISCONNECTED] | Pickups: 39 | Deposits: 38 | Rate: 6.48 tags/min | phero=7
======================================================================
R1[DISCONNECTED]: carry=0 | gave_up=0
R2[DISCONNECTED]: carry=0 | gave_up=0
R3[DISCONNECTED]: carry=0 | gave_up=1
R4[DISCONNECTED]: carry=1 | gave_up=0


[RECONNECT] Central server ONLINE at 6.00 min

[EMPTY_RTN] R3 → phero(1.28,-0.13)

======================================================================
Step 11500 (6.1 min) [ONLINE] | Pickups: 39 | Deposits: 38 | Rate: 6.20 tags/min | phero=6
======================================================================
R1[PHERO       ]: carry=0 | gave_up=0
R2[BASE_ESC    ]: carry=0 | gave_up=0
R3[BASE_ESC    ]: carry=0 | gave_up=0
R4[RTB         ]: carry=1 | gave_up=0

[PICKUP] Robot 1 picked up tag (density=4) | Total: 40
[DEPOSIT] Robot 4 deposited! Total: 39
  [TARGET] Robot 4 → SITE (-0.80,1.63)

======================================================================
Step 12000 (6.4 min) [ONLINE] | Pickups: 40 | Deposits: 39 | Rate: 6.09 tags/min | phero=5
======================================================================
R1[RTB         ]: carry=1 | gave_up=0
R2[SITE        ]: carry=0 | gave_up=0
R3[PHERO       ]: carry=0 | gave_up=0
R4[SITE        ]: carry=0 | gave_up=0

[DEPOSIT] Robot 1 deposited! Total: 40
  [TARGET] Robot 1 → SITE (0.68,-1.81)

======================================================================
Step 12500 (6.7 min) [ONLINE] | Pickups: 40 | Deposits: 40 | Rate: 6.00 tags/min | phero=3
======================================================================
R1[SITE        ]: carry=0 | gave_up=0
R2[EXPLORE     ]: carry=0 | gave_up=0
R3[EXPLORE     ]: carry=0 | gave_up=0
R4[EXPLORE     ]: carry=0 | gave_up=0

[PICKUP] Robot 2 picked up tag (density=3) | Total: 41

======================================================================
Step 13000 (6.9 min) [ONLINE] | Pickups: 41 | Deposits: 40 | Rate: 5.77 tags/min | phero=3
======================================================================
R1[WALL_ESC    ]: carry=0 | gave_up=0
R2[RTB         ]: carry=1 | gave_up=0
R3[EXPLORE     ]: carry=0 | gave_up=0
R4[EXPLORE     ]: carry=0 | gave_up=0

[DEPOSIT] Robot 2 deposited! Total: 41
  [TARGET] Robot 2 → SITE (0.74,-1.97)
[PICKUP] Robot 1 picked up tag (density=2) | Total: 42

======================================================================
Step 13500 (7.2 min) [ONLINE] | Pickups: 42 | Deposits: 41 | Rate: 5.69 tags/min | phero=3
======================================================================
R1[RTB         ]: carry=1 | gave_up=0
R2[SITE        ]: carry=0 | gave_up=0
R3[EXPLORE     ]: carry=0 | gave_up=0
R4[EXPLORE     ]: carry=0 | gave_up=0

[DEPOSIT] Robot 1 deposited! Total: 42
  [TARGET] Robot 1 → SITE (0.38,-1.88)
[GIVE-UP] R4 giving up after 1990 steps

======================================================================
Step 14000 (7.5 min) [ONLINE] | Pickups: 42 | Deposits: 42 | Rate: 5.62 tags/min | phero=2
======================================================================
R1[SITE        ]: carry=0 | gave_up=0
R2[EXPLORE     ]: carry=0 | gave_up=0
R3[WALL_ESC    ]: carry=0 | gave_up=0
R4[GIVE_UP     ]: carry=0 | gave_up=1

[GIVE-UP] R3 giving up after 2798 steps
[PICKUP] Robot 3 picked up tag (density=6) | Total: 43
[PICKUP] Robot 1 picked up tag (density=1) | Total: 44
[EMPTY_RTN] R4 → phero(0.74,-1.97)

======================================================================
Step 14500 (7.7 min) [ONLINE] | Pickups: 44 | Deposits: 42 | Rate: 5.43 tags/min | phero=2
======================================================================
R1[RTB         ]: carry=1 | gave_up=0
R2[EXPLORE     ]: carry=0 | gave_up=0
R3[RTB         ]: carry=1 | gave_up=0
R4[BASE_ESC    ]: carry=0 | gave_up=0

[DEPOSIT] Robot 3 deposited! Total: 43
  [TARGET] Robot 3 → SITE (-1.36,-0.82)
[DEPOSIT] Robot 1 deposited! Total: 44
  [TARGET] Robot 1 → SITE (0.53,-1.86)

======================================================================
Step 15000 (8.0 min) [ONLINE] | Pickups: 44 | Deposits: 44 | Rate: 5.50 tags/min | phero=3
======================================================================
R1[SITE        ]: carry=0 | gave_up=0
R2[EXPLORE     ]: carry=0 | gave_up=0
R3[SITE        ]: carry=0 | gave_up=0
R4[PHERO       ]: carry=0 | gave_up=0

[PICKUP] Robot 3 picked up tag (density=5) | Total: 45
[DEPOSIT] Robot 3 deposited! Total: 45
  [TARGET] Robot 3 → SITE (-0.94,-0.69)

======================================================================
Step 15500 (8.3 min) [ONLINE] | Pickups: 45 | Deposits: 45 | Rate: 5.44 tags/min | phero=4
======================================================================
R1[WALL_ESC    ]: carry=0 | gave_up=0
R2[WALL_ESC    ]: carry=0 | gave_up=0
R3[BASE_ESC    ]: carry=0 | gave_up=0
R4[EXPLORE     ]: carry=0 | gave_up=0


======================================================================
Step 16000 (8.5 min) [ONLINE] | Pickups: 45 | Deposits: 45 | Rate: 5.27 tags/min | phero=4
======================================================================
R1[EXPLORE     ]: carry=0 | gave_up=0
R2[EXPLORE     ]: carry=0 | gave_up=0
R3[EXPLORE     ]: carry=0 | gave_up=0
R4[EXPLORE     ]: carry=0 | gave_up=0


======================================================================
Step 16500 (8.8 min) [ONLINE] | Pickups: 45 | Deposits: 45 | Rate: 5.11 tags/min | phero=3
======================================================================
R1[EXPLORE     ]: carry=0 | gave_up=0
R2[EXPLORE     ]: carry=0 | gave_up=0
R3[EXPLORE     ]: carry=0 | gave_up=0
R4[EXPLORE     ]: carry=0 | gave_up=0

[GIVE-UP] R2 giving up after 3677 steps

======================================================================
Step 17000 (9.1 min) [ONLINE] | Pickups: 45 | Deposits: 45 | Rate: 4.96 tags/min | phero=3
======================================================================
R1[EXPLORE     ]: carry=0 | gave_up=0
R2[GIVE_UP     ]: carry=0 | gave_up=1
R3[EXPLORE     ]: carry=0 | gave_up=0
R4[EXPLORE     ]: carry=0 | gave_up=0

[GIVE-UP] R4 giving up after 2610 steps
[EMPTY_RTN] R2 → phero(-1.36,-0.82)

======================================================================
Step 17500 (9.3 min) [ONLINE] | Pickups: 45 | Deposits: 45 | Rate: 4.82 tags/min | phero=2
======================================================================
R1[EXPLORE     ]: carry=0 | gave_up=0
R2[PHERO       ]: carry=0 | gave_up=0
R3[EXPLORE     ]: carry=0 | gave_up=0
R4[GIVE_UP     ]: carry=0 | gave_up=1

[EMPTY_RTN] R4 → phero(-0.94,-0.69)
[GIVE-UP] R1 giving up after 2779 steps
[PICKUP] Robot 2 picked up tag (density=4) | Total: 46
[EMPTY_RTN] R1 → phero(-0.94,-0.69)

======================================================================
Step 18000 (9.6 min) [ONLINE] | Pickups: 46 | Deposits: 45 | Rate: 4.69 tags/min | phero=2
======================================================================
R1[BASE_ESC    ]: carry=0 | gave_up=0
R2[RTB         ]: carry=1 | gave_up=0
R3[EXPLORE     ]: carry=0 | gave_up=0
R4[PHERO       ]: carry=0 | gave_up=0

[PICKUP] Robot 4 picked up tag (density=3) | Total: 47
[DEPOSIT] Robot 2 deposited! Total: 46
  [TARGET] Robot 2 → SITE (-1.02,-0.69)
[DEPOSIT] Robot 4 deposited! Total: 47
  [TARGET] Robot 4 → SITE (-1.11,-0.51)

======================================================================
Step 18500 (9.9 min) [ONLINE] | Pickups: 47 | Deposits: 47 | Rate: 4.76 tags/min | phero=4
======================================================================
R1[PHERO       ]: carry=0 | gave_up=0
R2[SITE        ]: carry=0 | gave_up=0
R3[EXPLORE     ]: carry=0 | gave_up=0
R4[BASE_ESC    ]: carry=0 | gave_up=0

[PICKUP] Robot 2 picked up tag (density=2) | Total: 48
TIMEOUT_RESULT pickups=48 deposits=47 steps=18750 elapsed_min=10.000000 disconnect_start=5.0 disconnect_duration=1.0
BATCH_RESULT pickups=48 deposits=47
