Gym has been unmaintained since 2022 and does not support NumPy 2.0 amongst other critical functionality.
Please upgrade to Gymnasium, the maintained drop-in replacement of Gym, or contact the authors of your software and request that they upgrade.
Users of this version of Gym should be able to simply replace 'import gym' with 'import gymnasium as gym' in the vast majority of cases.
See the migration guide at https://gymnasium.farama.org/introduction/migration_guide/ for additional information.
=================================================================
EXPERIMENT 4 — Central Server Disconnect Robustness
  Arena: 5x5m | Tags: 64 | Robots: 4 | Time: 10.0 min
  Disconnect: 5.0 → 6.0 min (1.0 min offline)
=================================================================

Loading model: ppo_cpfa_v9
Model loaded. Starting evaluation...

[PICKUP] Robot 1 picked up tag (density=9) | Total: 1
[PICKUP] Robot 3 picked up tag (density=6) | Total: 2
[DEPOSIT] Robot 1 deposited! Total: 1
  [TARGET] Robot 1 → SITE (-0.50,0.00)
[DEPOSIT] Robot 3 deposited! Total: 2
  [TARGET] Robot 3 → SITE (0.04,0.50)
[PICKUP] Robot 1 picked up tag (density=8) | Total: 3
[PICKUP] Robot 3 picked up tag (density=5) | Total: 4
[DEPOSIT] Robot 1 deposited! Total: 3
  [TARGET] Robot 1 → SITE (-0.32,-0.09)
[DEPOSIT] Robot 3 deposited! Total: 4
  [TARGET] Robot 3 → SITE (0.10,0.30)

======================================================================
Step 500 (0.3 min) [ONLINE] | Pickups: 4 | Deposits: 4 | Rate: 15.00 tags/min | phero=4
======================================================================
R1[SITE        ]: carry=0 | gave_up=0
R2[WALL_ESC    ]: carry=0 | gave_up=0
R3[BASE_ESC    ]: carry=0 | gave_up=0
R4[EXPLORE     ]: carry=0 | gave_up=0

[PICKUP] Robot 4 picked up tag (density=12) | Total: 5
[PICKUP] Robot 1 picked up tag (density=7) | Total: 6
[DEPOSIT] Robot 1 deposited! Total: 5
  [TARGET] Robot 1 → SITE (-0.32,0.03)
[PICKUP] Robot 2 picked up tag (density=12) | Total: 7
[DEPOSIT] Robot 4 deposited! Total: 6
  [TARGET] Robot 4 → SITE (-0.26,-1.27)

======================================================================
Step 1000 (0.5 min) [ONLINE] | Pickups: 7 | Deposits: 6 | Rate: 11.25 tags/min | phero=5
======================================================================
R1[EXPLORE     ]: carry=0 | gave_up=0
R2[RTB         ]: carry=1 | gave_up=0
R3[SITE        ]: carry=0 | gave_up=0
R4[SITE        ]: carry=0 | gave_up=0

[DEPOSIT] Robot 2 deposited! Total: 7
  [TARGET] Robot 2 → SITE (1.29,0.34)
[PICKUP] Robot 3 picked up tag (density=4) | Total: 8
[DEPOSIT] Robot 3 deposited! Total: 8
  [TARGET] Robot 3 → SITE (0.16,0.32)
[PICKUP] Robot 4 picked up tag (density=11) | Total: 9
[PICKUP] Robot 2 picked up tag (density=11) | Total: 10

======================================================================
Step 1500 (0.8 min) [ONLINE] | Pickups: 10 | Deposits: 8 | Rate: 10.00 tags/min | phero=7
======================================================================
R1[WALL_ESC    ]: carry=0 | gave_up=0
R2[RTB         ]: carry=1 | gave_up=0
R3[EXPLORE     ]: carry=0 | gave_up=0
R4[RTB         ]: carry=1 | gave_up=0

[DEPOSIT] Robot 4 deposited! Total: 9
  [TARGET] Robot 4 → SITE (-0.39,-0.96)
[DEPOSIT] Robot 2 deposited! Total: 10
  [TARGET] Robot 2 → SITE (0.90,0.47)
[PICKUP] Robot 1 picked up tag (density=16) | Total: 11
[PICKUP] Robot 4 picked up tag (density=10) | Total: 12

======================================================================
Step 2000 (1.1 min) [ONLINE] | Pickups: 12 | Deposits: 10 | Rate: 9.38 tags/min | phero=9
======================================================================
R1[RTB         ]: carry=1 | gave_up=0
R2[SITE        ]: carry=0 | gave_up=0
R3[EXPLORE     ]: carry=0 | gave_up=0
R4[RTB         ]: carry=1 | gave_up=0

[PICKUP] Robot 2 picked up tag (density=10) | Total: 13
[DEPOSIT] Robot 1 deposited! Total: 11
  [TARGET] Robot 1 → SITE (-1.76,1.11)
[DEPOSIT] Robot 4 deposited! Total: 12
  [TARGET] Robot 4 → SITE (-0.40,-0.99)
[PICKUP] Robot 1 picked up tag (density=6) | Total: 14
[DEPOSIT] Robot 2 deposited! Total: 13
  [TARGET] Robot 2 → SITE (0.92,0.51)
[PICKUP] Robot 3 picked up tag (density=15) | Total: 15

======================================================================
Step 2500 (1.3 min) [ONLINE] | Pickups: 15 | Deposits: 13 | Rate: 9.75 tags/min | phero=12
======================================================================
R1[RTB         ]: carry=1 | gave_up=0
R2[BASE_ESC    ]: carry=0 | gave_up=0
R3[RTB         ]: carry=1 | gave_up=0
R4[SITE        ]: carry=0 | gave_up=0

[DEPOSIT] Robot 1 deposited! Total: 14
  [TARGET] Robot 1 → SITE (-0.41,0.08)
[PICKUP] Robot 2 picked up tag (density=3) | Total: 16
[PICKUP] Robot 4 picked up tag (density=9) | Total: 17
[PICKUP] Robot 1 picked up tag (density=5) | Total: 18
[DEPOSIT] Robot 2 deposited! Total: 15
  [TARGET] Robot 2 → SITE (0.28,0.35)
[DEPOSIT] Robot 1 deposited! Total: 16
  [TARGET] Robot 1 → SITE (-0.32,-0.12)

======================================================================
Step 3000 (1.6 min) [ONLINE] | Pickups: 18 | Deposits: 16 | Rate: 10.00 tags/min | phero=15
======================================================================
R1[SITE        ]: carry=0 | gave_up=0
R2[EXPLORE     ]: carry=0 | gave_up=0
R3[RTB         ]: carry=1 | gave_up=0
R4[RTB         ]: carry=1 | gave_up=0

[DEPOSIT] Robot 4 deposited! Total: 17
  [TARGET] Robot 4 → SITE (-0.42,-1.04)
[PICKUP] Robot 2 picked up tag (density=2) | Total: 19
[DEPOSIT] Robot 3 deposited! Total: 18
  [TARGET] Robot 3 → SITE (-1.66,0.85)
[DEPOSIT] Robot 2 deposited! Total: 19
  [TARGET] Robot 2 → SITE (0.27,0.43)
[PICKUP] Robot 2 picked up tag (density=1) | Total: 20
[PICKUP] Robot 4 picked up tag (density=8) | Total: 21

======================================================================
Step 3500 (1.9 min) [ONLINE] | Pickups: 21 | Deposits: 19 | Rate: 10.18 tags/min | phero=17
======================================================================
R1[EXPLORE     ]: carry=0 | gave_up=0
R2[RTB         ]: carry=1 | gave_up=0
R3[SITE        ]: carry=0 | gave_up=0
R4[RTB         ]: carry=1 | gave_up=0

[DEPOSIT] Robot 2 deposited! Total: 20
  [TARGET] Robot 2 → PHERO (-0.41,0.08)
[GIVE-UP] R1 giving up after 845 steps
[DEPOSIT] Robot 4 deposited! Total: 21
  [TARGET] Robot 4 → SITE (-0.53,-0.97)

======================================================================
Step 4000 (2.1 min) [ONLINE] | Pickups: 21 | Deposits: 21 | Rate: 9.84 tags/min | phero=18
======================================================================
R1[GIVE_UP     ]: carry=0 | gave_up=1
R2[BASE_ESC    ]: carry=0 | gave_up=0
R3[SITE        ]: carry=0 | gave_up=0
R4[SITE        ]: carry=0 | gave_up=0

[PICKUP] Robot 3 picked up tag (density=14) | Total: 22
[PICKUP] Robot 2 picked up tag (density=4) | Total: 23
[PICKUP] Robot 4 picked up tag (density=7) | Total: 24
[DEPOSIT] Robot 2 deposited! Total: 22
  [TARGET] Robot 2 → SITE (-0.46,0.06)
[EMPTY_RTN] R1 → phero(-0.46,0.06)
[DEPOSIT] Robot 4 deposited! Total: 23
  [TARGET] Robot 4 → SITE (-0.56,-0.99)

======================================================================
Step 4500 (2.4 min) [ONLINE] | Pickups: 24 | Deposits: 23 | Rate: 9.58 tags/min | phero=18
======================================================================
R1[PHERO       ]: carry=0 | gave_up=0
R2[SITE        ]: carry=0 | gave_up=0
R3[RTB         ]: carry=1 | gave_up=0
R4[BASE_ESC    ]: carry=0 | gave_up=0

[DEPOSIT] Robot 3 deposited! Total: 24
  [TARGET] Robot 3 → SITE (-1.66,0.86)
[PICKUP] Robot 1 picked up tag (density=3) | Total: 25
[PICKUP] Robot 4 picked up tag (density=6) | Total: 26
[DEPOSIT] Robot 1 deposited! Total: 25
  [TARGET] Robot 1 → SITE (-0.50,-0.22)

======================================================================
Step 5000 (2.7 min) [ONLINE] | Pickups: 26 | Deposits: 25 | Rate: 9.38 tags/min | phero=17
======================================================================
R1[BASE_ESC    ]: carry=0 | gave_up=0
R2[EXPLORE     ]: carry=0 | gave_up=0
R3[SITE        ]: carry=0 | gave_up=0
R4[RTB         ]: carry=1 | gave_up=0

[PICKUP] Robot 2 picked up tag (density=9) | Total: 27
[PICKUP] Robot 1 picked up tag (density=2) | Total: 28
[DEPOSIT] Robot 4 deposited! Total: 26
  [TARGET] Robot 4 → SITE (-0.56,-1.04)
[DEPOSIT] Robot 1 deposited! Total: 27
  [TARGET] Robot 1 → SITE (-0.48,0.05)
[DEPOSIT] Robot 2 deposited! Total: 28
  [TARGET] Robot 2 → SITE (0.91,0.60)

======================================================================
Step 5500 (2.9 min) [ONLINE] | Pickups: 28 | Deposits: 28 | Rate: 9.55 tags/min | phero=17
======================================================================
R1[SITE        ]: carry=0 | gave_up=0
R2[BASE_ESC    ]: carry=0 | gave_up=0
R3[SITE        ]: carry=0 | gave_up=0
R4[SITE        ]: carry=0 | gave_up=0

[PICKUP] Robot 4 picked up tag (density=5) | Total: 29
[PICKUP] Robot 2 picked up tag (density=8) | Total: 30

======================================================================
Step 6000 (3.2 min) [ONLINE] | Pickups: 30 | Deposits: 28 | Rate: 8.75 tags/min | phero=15
======================================================================
R1[EXPLORE     ]: carry=0 | gave_up=0
R2[RTB         ]: carry=1 | gave_up=0
R3[SITE        ]: carry=0 | gave_up=0
R4[RTB         ]: carry=1 | gave_up=0

[DEPOSIT] Robot 4 deposited! Total: 29
  [TARGET] Robot 4 → SITE (-0.57,-1.06)
[PICKUP] Robot 3 picked up tag (density=13) | Total: 31
[DEPOSIT] Robot 2 deposited! Total: 30
  [TARGET] Robot 2 → SITE (0.98,0.63)
[GIVE-UP] R1 giving up after 861 steps

======================================================================
Step 6500 (3.5 min) [ONLINE] | Pickups: 31 | Deposits: 30 | Rate: 8.65 tags/min | phero=15
======================================================================
R1[GIVE_UP     ]: carry=0 | gave_up=1
R2[SITE        ]: carry=0 | gave_up=0
R3[RTB         ]: carry=1 | gave_up=0
R4[EXPLORE     ]: carry=0 | gave_up=0

[PICKUP] Robot 2 picked up tag (density=7) | Total: 32
[DEPOSIT] Robot 3 deposited! Total: 31
  [TARGET] Robot 3 → SITE (-1.74,0.93)
[DEPOSIT] Robot 2 deposited! Total: 32
  [TARGET] Robot 2 → SITE (1.02,0.67)
[EMPTY_RTN] R1 → phero(1.02,0.67)

======================================================================
Step 7000 (3.7 min) [ONLINE] | Pickups: 32 | Deposits: 32 | Rate: 8.57 tags/min | phero=13
======================================================================
R1[BASE_ESC    ]: carry=0 | gave_up=0
R2[BASE_ESC    ]: carry=0 | gave_up=0
R3[SITE        ]: carry=0 | gave_up=0
R4[EXPLORE     ]: carry=0 | gave_up=0

[GIVE-UP] R4 giving up after 1106 steps
[PICKUP] Robot 2 picked up tag (density=6) | Total: 33

======================================================================
Step 7500 (4.0 min) [ONLINE] | Pickups: 33 | Deposits: 32 | Rate: 8.00 tags/min | phero=9
======================================================================
R1[PHERO       ]: carry=0 | gave_up=0
R2[RTB         ]: carry=1 | gave_up=0
R3[SITE        ]: carry=0 | gave_up=0
R4[GIVE_UP     ]: carry=0 | gave_up=1

[EMPTY_RTN] R4 → phero(1.02,0.67)
[DEPOSIT] Robot 2 deposited! Total: 33
  [TARGET] Robot 2 → SITE (0.98,0.47)
[PICKUP] Robot 3 picked up tag (density=12) | Total: 34

======================================================================
Step 8000 (4.3 min) [ONLINE] | Pickups: 34 | Deposits: 33 | Rate: 7.73 tags/min | phero=10
======================================================================
R1[EXPLORE     ]: carry=0 | gave_up=0
R2[SITE        ]: carry=0 | gave_up=0
R3[RTB         ]: carry=1 | gave_up=0
R4[BASE_ESC    ]: carry=0 | gave_up=0

[PICKUP] Robot 1 picked up tag (density=5) | Total: 35
[PICKUP] Robot 2 picked up tag (density=4) | Total: 36
[DEPOSIT] Robot 1 deposited! Total: 34
  [TARGET] Robot 1 → SITE (1.06,0.64)

======================================================================
Step 8500 (4.5 min) [ONLINE] | Pickups: 36 | Deposits: 34 | Rate: 7.50 tags/min | phero=10
======================================================================
R1[BASE_ESC    ]: carry=0 | gave_up=0
R2[RTB         ]: carry=1 | gave_up=0
R3[RTB         ]: carry=1 | gave_up=0
R4[BASE_ESC    ]: carry=0 | gave_up=0

[DEPOSIT] Robot 3 deposited! Total: 35
  [TARGET] Robot 3 → SITE (-1.70,0.85)
[DEPOSIT] Robot 2 deposited! Total: 36
  [TARGET] Robot 2 → SITE (1.06,0.52)
[PICKUP] Robot 2 picked up tag (density=3) | Total: 37
[PICKUP] Robot 1 picked up tag (density=2) | Total: 38

======================================================================
Step 9000 (4.8 min) [ONLINE] | Pickups: 38 | Deposits: 36 | Rate: 7.50 tags/min | phero=9
======================================================================
R1[RTB         ]: carry=1 | gave_up=0
R2[RTB         ]: carry=1 | gave_up=0
R3[SITE        ]: carry=0 | gave_up=0
R4[PHERO       ]: carry=0 | gave_up=0

[PICKUP] Robot 3 picked up tag (density=11) | Total: 39
[DEPOSIT] Robot 2 deposited! Total: 37
  [TARGET] Robot 2 → SITE (1.07,0.52)
[DEPOSIT] Robot 1 deposited! Total: 38
  [TARGET] Robot 1 → SITE (1.14,0.64)

[DISCONNECT] Central server OFFLINE at 5.00 min (will reconnect at 6.0 min)


======================================================================
Step 9500 (5.1 min) [DISCONNECTED] | Pickups: 39 | Deposits: 38 | Rate: 7.50 tags/min | phero=11
======================================================================
R1[DISCONNECTED]: carry=0 | gave_up=0
R2[DISCONNECTED]: carry=0 | gave_up=0
R3[DISCONNECTED]: carry=1 | gave_up=0
R4[DISCONNECTED]: carry=0 | gave_up=0

[DEPOSIT] Robot 3 deposited! Total: 39
  [TARGET] Robot 3 → SITE (-1.74,0.91)
[GIVE-UP] R4 giving up after 2224 steps
[PICKUP] Robot 3 picked up tag (density=1) | Total: 40

======================================================================
Step 10000 (5.3 min) [DISCONNECTED] | Pickups: 40 | Deposits: 39 | Rate: 7.31 tags/min | phero=10
======================================================================
R1[DISCONNECTED]: carry=0 | gave_up=0
R2[DISCONNECTED]: carry=0 | gave_up=0
R3[DISCONNECTED]: carry=1 | gave_up=0
R4[DISCONNECTED]: carry=0 | gave_up=1


======================================================================
Step 10500 (5.6 min) [DISCONNECTED] | Pickups: 40 | Deposits: 39 | Rate: 6.96 tags/min | phero=10
======================================================================
R1[DISCONNECTED]: carry=0 | gave_up=0
R2[DISCONNECTED]: carry=0 | gave_up=0
R3[DISCONNECTED]: carry=1 | gave_up=0
R4[DISCONNECTED]: carry=0 | gave_up=1


======================================================================
Step 11000 (5.9 min) [DISCONNECTED] | Pickups: 40 | Deposits: 39 | Rate: 6.65 tags/min | phero=8
======================================================================
R1[DISCONNECTED]: carry=0 | gave_up=0
R2[DISCONNECTED]: carry=0 | gave_up=0
R3[DISCONNECTED]: carry=1 | gave_up=0
R4[DISCONNECTED]: carry=0 | gave_up=1


[RECONNECT] Central server ONLINE at 6.00 min


======================================================================
Step 11500 (6.1 min) [ONLINE] | Pickups: 40 | Deposits: 39 | Rate: 6.36 tags/min | phero=7
======================================================================
R1[SITE        ]: carry=0 | gave_up=0
R2[SITE        ]: carry=0 | gave_up=0
R3[RTB         ]: carry=1 | gave_up=0
R4[GIVE_UP     ]: carry=0 | gave_up=1

[PICKUP] Robot 2 picked up tag (density=1) | Total: 41
[DEPOSIT] Robot 3 deposited! Total: 40
  [TARGET] Robot 3 → PHERO (-1.70,0.85)
[EMPTY_RTN] R4 → phero(1.14,0.64)
[DEPOSIT] Robot 2 deposited! Total: 41
  [TARGET] Robot 2 → PHERO (-1.74,0.91)

======================================================================
Step 12000 (6.4 min) [ONLINE] | Pickups: 41 | Deposits: 41 | Rate: 6.41 tags/min | phero=6
======================================================================
R1[SITE        ]: carry=0 | gave_up=0
R2[BASE_ESC    ]: carry=0 | gave_up=0
R3[PHERO       ]: carry=0 | gave_up=0
R4[PHERO       ]: carry=0 | gave_up=0


======================================================================
Step 12500 (6.7 min) [ONLINE] | Pickups: 41 | Deposits: 41 | Rate: 6.15 tags/min | phero=6
======================================================================
R1[SITE        ]: carry=0 | gave_up=0
R2[PHERO       ]: carry=0 | gave_up=0
R3[PHERO       ]: carry=0 | gave_up=0
R4[EXPLORE     ]: carry=0 | gave_up=0

[PICKUP] Robot 3 picked up tag (density=10) | Total: 42

======================================================================
Step 13000 (6.9 min) [ONLINE] | Pickups: 42 | Deposits: 41 | Rate: 5.91 tags/min | phero=3
======================================================================
R1[SITE        ]: carry=0 | gave_up=0
R2[PHERO       ]: carry=0 | gave_up=0
R3[RTB         ]: carry=1 | gave_up=0
R4[EXPLORE     ]: carry=0 | gave_up=0

[DEPOSIT] Robot 3 deposited! Total: 42
  [TARGET] Robot 3 → SITE (-1.75,0.88)
[PICKUP] Robot 2 picked up tag (density=9) | Total: 43

======================================================================
Step 13500 (7.2 min) [ONLINE] | Pickups: 43 | Deposits: 42 | Rate: 5.83 tags/min | phero=4
======================================================================
R1[SITE        ]: carry=0 | gave_up=0
R2[RTB         ]: carry=1 | gave_up=0
R3[SITE        ]: carry=0 | gave_up=0
R4[EXPLORE     ]: carry=0 | gave_up=0

[DEPOSIT] Robot 2 deposited! Total: 43
  [TARGET] Robot 2 → SITE (-1.80,0.86)
[PICKUP] Robot 3 picked up tag (density=8) | Total: 44

======================================================================
Step 14000 (7.5 min) [ONLINE] | Pickups: 44 | Deposits: 43 | Rate: 5.76 tags/min | phero=3
======================================================================
R1[EXPLORE     ]: carry=0 | gave_up=0
R2[SITE        ]: carry=0 | gave_up=0
R3[RTB         ]: carry=1 | gave_up=0
R4[EXPLORE     ]: carry=0 | gave_up=0

[GIVE-UP] R1 giving up after 4769 steps
[PICKUP] Robot 4 picked up tag (density=7) | Total: 45
[EMPTY_RTN] R1 → phero(-1.75,0.88)
[DEPOSIT] Robot 3 deposited! Total: 44
  [TARGET] Robot 3 → SITE (-1.81,0.94)

======================================================================
Step 14500 (7.7 min) [ONLINE] | Pickups: 45 | Deposits: 44 | Rate: 5.69 tags/min | phero=3
======================================================================
R1[PHERO       ]: carry=0 | gave_up=0
R2[SITE        ]: carry=0 | gave_up=0
R3[BASE_ESC    ]: carry=0 | gave_up=0
R4[RTB         ]: carry=1 | gave_up=0

[PICKUP] Robot 2 picked up tag (density=6) | Total: 46
[DEPOSIT] Robot 4 deposited! Total: 45
  [TARGET] Robot 4 → SITE (-1.92,1.07)

======================================================================
Step 15000 (8.0 min) [ONLINE] | Pickups: 46 | Deposits: 45 | Rate: 5.62 tags/min | phero=4
======================================================================
R1[PHERO       ]: carry=0 | gave_up=0
R2[RTB         ]: carry=1 | gave_up=0
R3[SITE        ]: carry=0 | gave_up=0
R4[SITE        ]: carry=0 | gave_up=0

[DEPOSIT] Robot 2 deposited! Total: 46
  [TARGET] Robot 2 → SITE (-1.81,0.91)

======================================================================
Step 15500 (8.3 min) [ONLINE] | Pickups: 46 | Deposits: 46 | Rate: 5.56 tags/min | phero=5
======================================================================
R1[PHERO       ]: carry=0 | gave_up=0
R2[SITE        ]: carry=0 | gave_up=0
R3[SITE        ]: carry=0 | gave_up=0
R4[EXPLORE     ]: carry=0 | gave_up=0

[PICKUP] Robot 3 picked up tag (density=5) | Total: 47
[PICKUP] Robot 2 picked up tag (density=4) | Total: 48

======================================================================
Step 16000 (8.5 min) [ONLINE] | Pickups: 48 | Deposits: 46 | Rate: 5.39 tags/min | phero=5
======================================================================
R1[PHERO       ]: carry=0 | gave_up=0
R2[RTB         ]: carry=1 | gave_up=0
R3[RTB         ]: carry=1 | gave_up=0
R4[EXPLORE     ]: carry=0 | gave_up=0

[PICKUP] Robot 1 picked up tag (density=3) | Total: 49
[DEPOSIT] Robot 3 deposited! Total: 47
  [TARGET] Robot 3 → SITE (-1.90,0.95)
[DEPOSIT] Robot 2 deposited! Total: 48
  [TARGET] Robot 2 → SITE (-1.96,1.02)

======================================================================
Step 16500 (8.8 min) [ONLINE] | Pickups: 49 | Deposits: 48 | Rate: 5.45 tags/min | phero=6
======================================================================
R1[RTB         ]: carry=1 | gave_up=0
R2[BASE_ESC    ]: carry=0 | gave_up=0
R3[SITE        ]: carry=0 | gave_up=0
R4[EXPLORE     ]: carry=0 | gave_up=0

[DEPOSIT] Robot 1 deposited! Total: 49
  [TARGET] Robot 1 → SITE (-1.98,0.59)
[PICKUP] Robot 3 picked up tag (density=2) | Total: 50

======================================================================
Step 17000 (9.1 min) [ONLINE] | Pickups: 50 | Deposits: 49 | Rate: 5.40 tags/min | phero=6
======================================================================
R1[SITE        ]: carry=0 | gave_up=0
R2[SITE        ]: carry=0 | gave_up=0
R3[RTB         ]: carry=1 | gave_up=0
R4[EXPLORE     ]: carry=0 | gave_up=0

[PICKUP] Robot 2 picked up tag (density=1) | Total: 51
[DEPOSIT] Robot 3 deposited! Total: 50
  [TARGET] Robot 3 → SITE (-1.93,0.64)

======================================================================
Step 17500 (9.3 min) [ONLINE] | Pickups: 51 | Deposits: 50 | Rate: 5.36 tags/min | phero=7
======================================================================
R1[SITE        ]: carry=0 | gave_up=0
R2[RTB         ]: carry=1 | gave_up=0
R3[BASE_ESC    ]: carry=0 | gave_up=0
R4[EXPLORE     ]: carry=0 | gave_up=0

[DEPOSIT] Robot 2 deposited! Total: 51
  [TARGET] Robot 2 → SITE (-2.12,0.69)

======================================================================
Step 18000 (9.6 min) [ONLINE] | Pickups: 51 | Deposits: 51 | Rate: 5.31 tags/min | phero=6
======================================================================
R1[EXPLORE     ]: carry=0 | gave_up=0
R2[SITE        ]: carry=0 | gave_up=0
R3[SITE        ]: carry=0 | gave_up=0
R4[EXPLORE     ]: carry=0 | gave_up=0


======================================================================
Step 18500 (9.9 min) [ONLINE] | Pickups: 51 | Deposits: 51 | Rate: 5.17 tags/min | phero=5
======================================================================
R1[EXPLORE     ]: carry=0 | gave_up=0
R2[SITE        ]: carry=0 | gave_up=0
R3[EXPLORE     ]: carry=0 | gave_up=0
R4[EXPLORE     ]: carry=0 | gave_up=0

TIMEOUT_RESULT pickups=51 deposits=51 steps=18750 elapsed_min=10.000000 disconnect_start=5.0 disconnect_duration=1.0
BATCH_RESULT pickups=51 deposits=51
