============================================================
EVALUATION MODE — CPFA-RL Trained Model
Arena: 7×7m  |  Obs space: 18 per robot × 4 robots = 72 total
============================================================

Loading model: ppo_cpfa_v9
Model loaded. Starting evaluation...

============================================================

[PICKUP] Robot 3 picked up tag (density=9) | Total: 1
[DEPOSIT] Robot 3 deposited! Total: 1
  [PHERO] Laid at (0.31, 0.50) density=9 prob=1.00 total_entries=1
  [TARGET] Robot 3 → SITE (0.31,0.50)
[PICKUP] Robot 1 picked up tag (density=9) | Total: 2
[DEPOSIT] Robot 1 deposited! Total: 2
  [PHERO] Laid at (-0.50, -0.23) density=9 prob=1.00 total_entries=2
  [TARGET] Robot 1 → SITE (-0.50,-0.23)

======================================================================
Step 500 (0.3 min) | Pickups: 2 | Deposits: 2 | Rate: 7.50 tags/min | phero_entries=2 phero_max=0.929
======================================================================
R1[BASE_ESC  ]: L=+1.00 R=+0.00 | carry=0 | base=0.06 ba=+0.40 | site=1 sd=0.10 sa=-0.77 | phero=0 pd=0.00 pa=+0.00 | srch=0.01 | wall=2.34
R2[WALL_ESC  ]: L=+1.00 R=+1.00 | carry=0 | base=0.69 ba=+0.99 | site=0 sd=0.00 sa=+0.00 | phero=0 pd=0.00 pa=+0.00 | srch=0.12 | wall=0.09
R3[EXPLORE   ]: L=+1.00 R=+1.00 | carry=0 | base=0.17 ba=+0.91 | site=0 sd=0.00 sa=+0.00 | phero=0 pd=0.00 pa=+0.00 | srch=0.06 | wall=2.00
R4[EXPLORE   ]: L=+1.00 R=+1.00 | carry=0 | base=0.18 ba=+0.20 | site=0 sd=0.00 sa=+0.00 | phero=0 pd=0.00 pa=+0.00 | srch=0.12 | wall=2.03

[PICKUP] Robot 1 picked up tag (density=8) | Total: 3
[DEPOSIT] Robot 1 deposited! Total: 3
  [PHERO] Laid at (-0.32, -0.31) density=8 prob=1.00 total_entries=3
  [TARGET] Robot 1 → SITE (-0.32,-0.31)

======================================================================
Step 1000 (0.5 min) | Pickups: 3 | Deposits: 3 | Rate: 5.62 tags/min | phero_entries=3 phero_max=0.720
======================================================================
R1[SITE      ]: L=+0.74 R=+1.00 | carry=0 | base=0.14 ba=+0.71 | site=1 sd=0.04 sa=+0.37 | phero=0 pd=0.00 pa=+0.00 | srch=0.05 | wall=2.05
R2[WALL_ESC  ]: L=+1.00 R=+1.00 | carry=0 | base=0.71 ba=+0.16 | site=0 sd=0.00 sa=+0.00 | phero=0 pd=0.00 pa=+0.00 | srch=0.25 | wall=0.03
R3[WALL_ESC  ]: L=+1.00 R=+1.00 | carry=0 | base=0.67 ba=+0.81 | site=0 sd=0.00 sa=+0.00 | phero=0 pd=0.00 pa=+0.00 | srch=0.19 | wall=0.19
R4[EXPLORE   ]: L=+1.00 R=+1.00 | carry=0 | base=0.42 ba=+0.92 | site=0 sd=0.00 sa=+0.00 | phero=0 pd=0.00 pa=+0.00 | srch=0.25 | wall=1.05

[PICKUP] Robot 1 picked up tag (density=7) | Total: 4
[PICKUP] Robot 4 picked up tag (density=9) | Total: 5
[GIVE-UP] R3 giving up after 864 steps
[PICKUP] Robot 2 picked up tag (density=12) | Total: 6
[DEPOSIT] Robot 1 deposited! Total: 4
  [PHERO] Laid at (-0.45, -0.30) density=7 prob=0.99 total_entries=4
  [TARGET] Robot 1 → SITE (-0.45,-0.30)
[PICKUP] Robot 3 picked up tag (density=8) | Total: 7
[PICKUP] Robot 1 picked up tag (density=6) | Total: 8

======================================================================
Step 1500 (0.8 min) | Pickups: 8 | Deposits: 4 | Rate: 5.00 tags/min | phero_entries=4 phero_max=0.592
======================================================================
R1[RTB       ]: L=+1.00 R=+0.69 | carry=1 | base=0.14 ba=-0.12 | site=0 sd=0.00 sa=+0.00 | phero=0 pd=0.00 pa=+0.00 | srch=0.00 | wall=2.10
R2[RTB       ]: L=+1.00 R=+1.00 | carry=1 | base=0.20 ba=+0.00 | site=0 sd=0.00 sa=+0.00 | phero=0 pd=0.00 pa=+0.00 | srch=0.00 | wall=1.83
R3[RTB       ]: L=+1.00 R=+1.00 | carry=1 | base=0.35 ba=+0.00 | site=0 sd=0.00 sa=+0.00 | phero=0 pd=0.00 pa=+0.00 | srch=0.00 | wall=1.27
R4[RTB       ]: L=+1.00 R=+1.00 | carry=1 | base=0.07 ba=+0.00 | site=0 sd=0.00 sa=+0.00 | phero=0 pd=0.00 pa=+0.00 | srch=0.00 | wall=2.24

[DEPOSIT] Robot 4 deposited! Total: 5
  [PHERO] Laid at (0.01, 1.60) density=9 prob=1.00 total_entries=5
  [TARGET] Robot 4 → SITE (0.01,1.60)
[DEPOSIT] Robot 1 deposited! Total: 6
  [PHERO] Laid at (-0.41, -0.37) density=6 prob=0.97 total_entries=6
  [TARGET] Robot 1 → SITE (-0.41,-0.37)
[DEPOSIT] Robot 2 deposited! Total: 7
  [PHERO] Laid at (1.96, 0.54) density=12 prob=1.00 total_entries=7
  [TARGET] Robot 2 → SITE (1.96,0.54)
[DEPOSIT] Robot 3 deposited! Total: 8
  [PHERO] Laid at (0.01, 1.99) density=8 prob=1.00 total_entries=8
  [TARGET] Robot 3 → SITE (0.01,1.99)
[PICKUP] Robot 2 picked up tag (density=8) | Total: 9
[PICKUP] Robot 1 picked up tag (density=5) | Total: 10
[DEPOSIT] Robot 2 deposited! Total: 9
  [PHERO] Laid at (0.35, 0.27) density=8 prob=1.00 total_entries=9
  [TARGET] Robot 2 → SITE (0.35,0.27)
[DEPOSIT] Robot 1 deposited! Total: 10
  [PHERO] Laid at (-0.38, -0.40) density=5 prob=0.92 total_entries=10
  [TARGET] Robot 1 → SITE (-0.38,-0.40)

======================================================================
Step 2000 (1.1 min) | Pickups: 10 | Deposits: 10 | Rate: 9.38 tags/min | phero_entries=10 phero_max=0.995
======================================================================
R1[BASE_ESC  ]: L=+1.00 R=+0.00 | carry=0 | base=0.07 ba=+0.05 | site=1 sd=0.09 sa=+0.91 | phero=0 pd=0.00 pa=+0.00 | srch=0.00 | wall=2.29
R2[BASE_ESC  ]: L=+1.00 R=+0.00 | carry=0 | base=0.06 ba=+0.42 | site=1 sd=0.07 sa=-0.81 | phero=0 pd=0.00 pa=+0.00 | srch=0.01 | wall=2.31
R3[SITE      ]: L=+0.18 R=+0.52 | carry=0 | base=0.15 ba=-0.95 | site=1 sd=0.42 sa=+0.03 | phero=0 pd=0.00 pa=+0.00 | srch=0.06 | wall=1.99
R4[SITE      ]: L=+0.15 R=+0.10 | carry=0 | base=0.44 ba=+0.92 | site=1 sd=0.02 sa=-0.00 | phero=0 pd=0.00 pa=+0.00 | srch=0.12 | wall=0.97

[PICKUP] Robot 4 picked up tag (density=7) | Total: 11
[PICKUP] Robot 2 picked up tag (density=7) | Total: 12
[PICKUP] Robot 1 picked up tag (density=4) | Total: 13
[DEPOSIT] Robot 2 deposited! Total: 11
  [PHERO] Laid at (0.43, 0.27) density=7 prob=0.99 total_entries=11
  [TARGET] Robot 2 → SITE (0.43,0.27)
[DEPOSIT] Robot 1 deposited! Total: 12
  [PHERO] Laid at (-0.40, -0.47) density=4 prob=0.82 total_entries=12
  [TARGET] Robot 1 → SITE (-0.40,-0.47)

======================================================================
Step 2500 (1.3 min) | Pickups: 13 | Deposits: 12 | Rate: 9.00 tags/min | phero_entries=12 phero_max=0.887
======================================================================
R1[BASE_ESC  ]: L=+0.00 R=+1.00 | carry=0 | base=0.06 ba=-0.64 | site=1 sd=0.12 sa=+0.53 | phero=0 pd=0.00 pa=+0.00 | srch=0.02 | wall=2.31
R2[SITE      ]: L=+0.58 R=+1.00 | carry=0 | base=0.07 ba=+0.96 | site=1 sd=0.09 sa=+0.26 | phero=0 pd=0.00 pa=+0.00 | srch=0.03 | wall=2.24
R3[SITE      ]: L=-0.57 R=-0.62 | carry=0 | base=0.27 ba=-0.94 | site=1 sd=0.31 sa=-0.05 | phero=0 pd=0.00 pa=+0.00 | srch=0.19 | wall=1.57
R4[RTB       ]: L=+1.00 R=+1.00 | carry=1 | base=0.13 ba=-0.00 | site=0 sd=0.00 sa=+0.00 | phero=0 pd=0.00 pa=+0.00 | srch=0.00 | wall=2.05

[DEPOSIT] Robot 4 deposited! Total: 13
  [PHERO] Laid at (0.00, 1.67) density=7 prob=0.99 total_entries=13
  [TARGET] Robot 4 → SITE (0.00,1.67)
[PICKUP] Robot 2 picked up tag (density=6) | Total: 14
[PICKUP] Robot 1 picked up tag (density=3) | Total: 15
[DEPOSIT] Robot 2 deposited! Total: 14
  [PHERO] Laid at (0.45, 0.30) density=6 prob=0.97 total_entries=14
  [TARGET] Robot 2 → SITE (0.45,0.30)
[DEPOSIT] Robot 1 deposited! Total: 15
  [PHERO] Laid at (-0.49, -0.29) density=3 prob=0.65 total_entries=15
  [TARGET] Robot 1 → SITE (-0.49,-0.29)
[PICKUP] Robot 3 picked up tag (density=6) | Total: 16

======================================================================
Step 3000 (1.6 min) | Pickups: 16 | Deposits: 15 | Rate: 9.38 tags/min | phero_entries=15 phero_max=0.770
======================================================================
R1[SITE      ]: L=+1.00 R=+0.67 | carry=0 | base=0.09 ba=-0.78 | site=1 sd=0.09 sa=-0.04 | phero=0 pd=0.00 pa=+0.00 | srch=0.04 | wall=2.25
R2[SITE      ]: L=+1.00 R=+0.88 | carry=0 | base=0.15 ba=-0.66 | site=1 sd=0.02 sa=-0.08 | phero=0 pd=0.00 pa=+0.00 | srch=0.06 | wall=2.11
R3[RTB       ]: L=+1.00 R=+0.00 | carry=1 | base=0.47 ba=-0.54 | site=0 sd=0.00 sa=+0.00 | phero=0 pd=0.00 pa=+0.00 | srch=0.00 | wall=0.87
R4[SITE      ]: L=+0.88 R=+1.00 | carry=0 | base=0.39 ba=+0.93 | site=1 sd=0.11 sa=+0.16 | phero=0 pd=0.00 pa=+0.00 | srch=0.11 | wall=1.16

[PICKUP] Robot 2 picked up tag (density=5) | Total: 17
[PICKUP] Robot 1 picked up tag (density=2) | Total: 18
[PICKUP] Robot 4 picked up tag (density=5) | Total: 19
[DEPOSIT] Robot 2 deposited! Total: 16
  [PHERO] Laid at (0.48, 0.30) density=5 prob=0.92 total_entries=16
  [TARGET] Robot 2 → SITE (0.48,0.30)
[DEPOSIT] Robot 1 deposited! Total: 17
  [PHERO] Laid at (-0.57, -0.31) density=2 prob=0.42 total_entries=17
  [TARGET] Robot 1 → SITE (-0.57,-0.31)
[DEPOSIT] Robot 3 deposited! Total: 18
  [PHERO] Laid at (-0.05, 1.61) density=6 prob=0.97 total_entries=18
  [TARGET] Robot 3 → SITE (-0.05,1.61)
[PICKUP] Robot 2 picked up tag (density=4) | Total: 20

======================================================================
Step 3500 (1.9 min) | Pickups: 20 | Deposits: 18 | Rate: 9.64 tags/min | phero_entries=18 phero_max=0.877
======================================================================
R1[SITE      ]: L=+1.00 R=+1.00 | carry=0 | base=0.15 ba=+1.00 | site=1 sd=0.10 sa=+0.46 | phero=0 pd=0.00 pa=+0.00 | srch=0.05 | wall=1.99
R2[RTB       ]: L=+0.30 R=+1.00 | carry=1 | base=0.16 ba=+0.28 | site=0 sd=0.00 sa=+0.00 | phero=0 pd=0.00 pa=+0.00 | srch=0.00 | wall=2.04
R3[BASE_ESC  ]: L=+0.00 R=+1.00 | carry=0 | base=0.06 ba=-0.69 | site=1 sd=0.40 sa=+0.40 | phero=0 pd=0.00 pa=+0.00 | srch=0.02 | wall=2.28
R4[RTB       ]: L=+1.00 R=+1.00 | carry=1 | base=0.18 ba=+0.00 | site=0 sd=0.00 sa=+0.00 | phero=0 pd=0.00 pa=+0.00 | srch=0.00 | wall=1.88

[DEPOSIT] Robot 4 deposited! Total: 19
  [PHERO] Laid at (-0.02, 1.74) density=5 prob=0.92 total_entries=19
  [TARGET] Robot 4 → SITE (-0.02,1.74)
[DEPOSIT] Robot 2 deposited! Total: 20
  [PHERO] Laid at (0.48, 0.31) density=4 prob=0.82 total_entries=20
  [TARGET] Robot 2 → SITE (0.48,0.31)
[PICKUP] Robot 2 picked up tag (density=3) | Total: 21

======================================================================
Step 4000 (2.1 min) | Pickups: 21 | Deposits: 20 | Rate: 9.38 tags/min | phero_entries=20 phero_max=0.534
======================================================================
R1[EXPLORE   ]: L=+1.00 R=+1.00 | carry=0 | base=0.09 ba=+0.88 | site=0 sd=0.00 sa=+0.00 | phero=0 pd=0.00 pa=+0.00 | srch=0.17 | wall=2.23
R2[RTB       ]: L=+1.00 R=+0.87 | carry=1 | base=0.15 ba=-0.05 | site=0 sd=0.00 sa=+0.00 | phero=0 pd=0.00 pa=+0.00 | srch=0.00 | wall=2.01
R3[SITE      ]: L=+0.45 R=+0.41 | carry=0 | base=0.39 ba=+0.98 | site=1 sd=0.08 sa=+0.01 | phero=0 pd=0.00 pa=+0.00 | srch=0.15 | wall=1.15
R4[SITE      ]: L=+1.00 R=+1.00 | carry=0 | base=0.36 ba=-0.93 | site=1 sd=0.13 sa=+0.05 | phero=0 pd=0.00 pa=+0.00 | srch=0.10 | wall=1.22

[DEPOSIT] Robot 2 deposited! Total: 21
  [PHERO] Laid at (0.55, 0.31) density=3 prob=0.65 total_entries=21
  [TARGET] Robot 2 → SITE (0.55,0.31)
[PICKUP] Robot 4 picked up tag (density=4) | Total: 22
[PICKUP] Robot 3 picked up tag (density=3) | Total: 23
[PICKUP] Robot 2 picked up tag (density=2) | Total: 24

======================================================================
Step 4500 (2.4 min) | Pickups: 24 | Deposits: 21 | Rate: 8.75 tags/min | phero_entries=21 phero_max=0.503
======================================================================
R1[WALL_ESC  ]: L=+1.00 R=+1.00 | carry=0 | base=0.63 ba=+0.98 | site=0 sd=0.00 sa=+0.00 | phero=0 pd=0.00 pa=+0.00 | srch=0.30 | wall=0.32
R2[RTB       ]: L=+0.97 R=+1.00 | carry=1 | base=0.13 ba=+0.01 | site=0 sd=0.00 sa=+0.00 | phero=0 pd=0.00 pa=+0.00 | srch=0.00 | wall=2.16
R3[RTB       ]: L=+1.00 R=+1.00 | carry=1 | base=0.28 ba=-0.00 | site=0 sd=0.00 sa=+0.00 | phero=0 pd=0.00 pa=+0.00 | srch=0.00 | wall=1.53
R4[RTB       ]: L=+1.00 R=+1.00 | carry=1 | base=0.30 ba=-0.00 | site=0 sd=0.00 sa=+0.00 | phero=0 pd=0.00 pa=+0.00 | srch=0.00 | wall=1.46

[DEPOSIT] Robot 2 deposited! Total: 22
  [TARGET] Robot 2 → SITE (0.59,0.38)
[DEPOSIT] Robot 3 deposited! Total: 23
  [TARGET] Robot 3 → SITE (-0.09,1.70)
[DEPOSIT] Robot 4 deposited! Total: 24
  [PHERO] Laid at (-0.02, 1.81) density=4 prob=0.82 total_entries=21
  [TARGET] Robot 4 → SITE (-0.02,1.81)

======================================================================
Step 5000 (2.7 min) | Pickups: 24 | Deposits: 24 | Rate: 9.00 tags/min | phero_entries=20 phero_max=0.628
======================================================================
R1[WALL_ESC  ]: L=+1.00 R=+1.00 | carry=0 | base=0.78 ba=+0.12 | site=0 sd=0.00 sa=+0.00 | phero=0 pd=0.00 pa=+0.00 | srch=0.42 | wall=-0.21
R2[EXPLORE   ]: L=+1.00 R=+1.00 | carry=0 | base=0.36 ba=-0.94 | site=0 sd=0.00 sa=+0.00 | phero=0 pd=0.00 pa=+0.00 | srch=0.11 | wall=1.33
R3[SITE      ]: L=+1.00 R=+1.00 | carry=0 | base=0.25 ba=+0.96 | site=1 sd=0.24 sa=+0.03 | phero=0 pd=0.00 pa=+0.00 | srch=0.08 | wall=1.61
R4[SITE      ]: L=+0.96 R=+1.00 | carry=0 | base=0.27 ba=+0.98 | site=1 sd=0.27 sa=+0.17 | phero=0 pd=0.00 pa=+0.00 | srch=0.07 | wall=1.58

[PICKUP] Robot 2 picked up tag (density=11) | Total: 25
[PICKUP] Robot 1 picked up tag (density=21) | Total: 26
[PICKUP] Robot 3 picked up tag (density=2) | Total: 27
[PICKUP] Robot 4 picked up tag (density=1) | Total: 28

======================================================================
Step 5500 (2.9 min) | Pickups: 28 | Deposits: 24 | Rate: 8.18 tags/min | phero_entries=18 phero_max=0.282
======================================================================
R1[RTB       ]: L=+1.00 R=+1.00 | carry=1 | base=0.26 ba=+0.00 | site=0 sd=0.00 sa=+0.00 | phero=0 pd=0.00 pa=+0.00 | srch=0.00 | wall=1.60
R2[RTB       ]: L=+1.00 R=+1.00 | carry=1 | base=0.14 ba=-0.00 | site=0 sd=0.00 sa=+0.00 | phero=0 pd=0.00 pa=+0.00 | srch=0.00 | wall=2.03
R3[RTB       ]: L=+1.00 R=+1.00 | carry=1 | base=0.32 ba=+0.00 | site=0 sd=0.00 sa=+0.00 | phero=0 pd=0.00 pa=+0.00 | srch=0.00 | wall=1.38
R4[RTB       ]: L=+1.00 R=+1.00 | carry=1 | base=0.40 ba=+0.00 | site=0 sd=0.00 sa=+0.00 | phero=0 pd=0.00 pa=+0.00 | srch=0.00 | wall=1.09

[DEPOSIT] Robot 2 deposited! Total: 25
  [PHERO] Laid at (1.51, 0.58) density=11 prob=1.00 total_entries=19
  [TARGET] Robot 2 → SITE (1.51,0.58)
[DEPOSIT] Robot 1 deposited! Total: 26
  [PHERO] Laid at (0.20, -2.01) density=21 prob=1.00 total_entries=20
  [TARGET] Robot 1 → SITE (0.20,-2.01)
[DEPOSIT] Robot 3 deposited! Total: 27
  [PHERO] Laid at (-0.10, 1.73) density=2 prob=0.42 total_entries=21
  [TARGET] Robot 3 → SITE (-0.10,1.73)
[DEPOSIT] Robot 4 deposited! Total: 28
  [TARGET] Robot 4 → SITE (-0.08,1.86)

======================================================================
Step 6000 (3.2 min) | Pickups: 28 | Deposits: 28 | Rate: 8.75 tags/min | phero_entries=18 phero_max=0.649
======================================================================
R1[SITE      ]: L=+1.00 R=+1.00 | carry=0 | base=0.29 ba=-0.83 | site=1 sd=0.35 sa=-0.11 | phero=0 pd=0.00 pa=+0.00 | srch=0.08 | wall=1.64
R2[SITE      ]: L=+1.00 R=+0.97 | carry=0 | base=0.40 ba=+0.95 | site=1 sd=0.08 sa=-0.23 | phero=0 pd=0.00 pa=+0.00 | srch=0.11 | wall=1.25
R3[SITE      ]: L=+1.00 R=+1.00 | carry=0 | base=0.22 ba=-0.95 | site=1 sd=0.28 sa=-0.06 | phero=0 pd=0.00 pa=+0.00 | srch=0.07 | wall=1.77
R4[SITE      ]: L=+0.96 R=+1.00 | carry=0 | base=0.16 ba=+1.00 | site=1 sd=0.39 sa=+0.18 | phero=0 pd=0.00 pa=+0.00 | srch=0.05 | wall=1.98

[PICKUP] Robot 2 picked up tag (density=10) | Total: 29
[PICKUP] Robot 1 picked up tag (density=20) | Total: 30

======================================================================
Step 6500 (3.5 min) | Pickups: 30 | Deposits: 28 | Rate: 8.08 tags/min | phero_entries=15 phero_max=0.292
======================================================================
R1[RTB       ]: L=+1.00 R=+0.97 | carry=1 | base=0.55 ba=-0.01 | site=0 sd=0.00 sa=+0.00 | phero=0 pd=0.00 pa=+0.00 | srch=0.00 | wall=0.59
R2[RTB       ]: L=+1.00 R=+1.00 | carry=1 | base=0.11 ba=-0.00 | site=0 sd=0.00 sa=+0.00 | phero=0 pd=0.00 pa=+0.00 | srch=0.00 | wall=2.12
R3[WALL_ESC  ]: L=+1.00 R=+1.00 | carry=0 | base=0.69 ba=-0.89 | site=0 sd=0.00 sa=+0.00 | phero=0 pd=0.00 pa=+0.00 | srch=0.19 | wall=0.08
R4[SITE      ]: L=+0.85 R=+1.00 | carry=0 | base=0.61 ba=+0.45 | site=1 sd=0.11 sa=+0.23 | phero=0 pd=0.00 pa=+0.00 | srch=0.17 | wall=0.36

[DEPOSIT] Robot 2 deposited! Total: 29
  [PHERO] Laid at (1.54, 0.59) density=10 prob=1.00 total_entries=16
  [TARGET] Robot 2 → SITE (1.54,0.59)
[DEPOSIT] Robot 1 deposited! Total: 30
  [PHERO] Laid at (0.15, -2.05) density=20 prob=1.00 total_entries=14
  [TARGET] Robot 1 → SITE (0.15,-2.05)

======================================================================
Step 7000 (3.7 min) | Pickups: 30 | Deposits: 30 | Rate: 8.04 tags/min | phero_entries=14 phero_max=0.901
======================================================================
R1[BASE_ESC  ]: L=+0.00 R=+1.00 | carry=0 | base=0.06 ba=-0.53 | site=1 sd=0.52 sa=+0.52 | phero=0 pd=0.00 pa=+0.00 | srch=0.02 | wall=2.28
R2[SITE      ]: L=+0.77 R=+1.00 | carry=0 | base=0.44 ba=+0.79 | site=1 sd=0.19 sa=+0.29 | phero=0 pd=0.00 pa=+0.00 | srch=0.12 | wall=0.98
R3[WALL_ESC  ]: L=+0.67 R=+1.00 | carry=0 | base=0.93 ba=+0.90 | site=0 sd=0.00 sa=+0.00 | phero=0 pd=0.00 pa=+0.00 | srch=0.32 | wall=-0.26
R4[EXPLORE   ]: L=+1.00 R=+1.00 | carry=0 | base=0.25 ba=+0.48 | site=0 sd=0.00 sa=+0.00 | phero=0 pd=0.00 pa=+0.00 | srch=0.30 | wall=1.86

[PICKUP] Robot 2 picked up tag (density=9) | Total: 31
[PICKUP] Robot 4 picked up tag (density=12) | Total: 32

======================================================================
Step 7500 (4.0 min) | Pickups: 32 | Deposits: 30 | Rate: 7.50 tags/min | phero_entries=12 phero_max=0.405
======================================================================
R1[SITE      ]: L=+1.00 R=+1.00 | carry=0 | base=0.56 ba=+0.88 | site=1 sd=0.27 sa=+0.43 | phero=0 pd=0.00 pa=+0.00 | srch=0.14 | wall=0.69
R2[RTB       ]: L=+1.00 R=+1.00 | carry=1 | base=0.12 ba=+0.00 | site=0 sd=0.00 sa=+0.00 | phero=0 pd=0.00 pa=+0.00 | srch=0.00 | wall=2.09
R3[WALL_ESC  ]: L=+0.30 R=+0.87 | carry=0 | base=0.75 ba=+0.94 | site=0 sd=0.00 sa=+0.00 | phero=0 pd=0.00 pa=+0.00 | srch=0.44 | wall=0.05
R4[RTB       ]: L=+0.93 R=+1.00 | carry=1 | base=0.42 ba=+0.03 | site=0 sd=0.00 sa=+0.00 | phero=0 pd=0.00 pa=+0.00 | srch=0.00 | wall=1.16

[DEPOSIT] Robot 2 deposited! Total: 31
  [PHERO] Laid at (1.71, 0.21) density=9 prob=1.00 total_entries=12
  [TARGET] Robot 2 → SITE (1.71,0.21)
[PICKUP] Robot 2 picked up tag (density=1) | Total: 33
[DEPOSIT] Robot 4 deposited! Total: 32
  [PHERO] Laid at (-1.52, -0.55) density=12 prob=1.00 total_entries=11
  [TARGET] Robot 4 → SITE (-1.52,-0.55)
[PICKUP] Robot 1 picked up tag (density=19) | Total: 34
[DEPOSIT] Robot 2 deposited! Total: 33
  [TARGET] Robot 2 → SITE (0.48,0.39)

======================================================================
Step 8000 (4.3 min) | Pickups: 34 | Deposits: 33 | Rate: 7.73 tags/min | phero_entries=9 phero_max=0.747
======================================================================
R1[RTB       ]: L=+0.99 R=+1.00 | carry=1 | base=0.51 ba=+0.00 | site=0 sd=0.00 sa=+0.00 | phero=0 pd=0.00 pa=+0.00 | srch=0.00 | wall=0.71
R2[BASE_ESC  ]: L=+1.00 R=+0.00 | carry=0 | base=0.06 ba=+0.31 | site=1 sd=0.12 sa=-0.82 | phero=0 pd=0.00 pa=+0.00 | srch=0.01 | wall=2.32
R3[WALL_ESC  ]: L=+1.00 R=+1.00 | carry=0 | base=0.80 ba=-0.55 | site=0 sd=0.00 sa=+0.00 | phero=0 pd=0.00 pa=+0.00 | srch=0.57 | wall=0.06
R4[SITE      ]: L=+0.77 R=+0.75 | carry=0 | base=0.13 ba=-0.97 | site=1 sd=0.34 sa=-0.08 | phero=0 pd=0.00 pa=+0.00 | srch=0.05 | wall=2.13

[PICKUP] Robot 4 picked up tag (density=1) | Total: 35
[DEPOSIT] Robot 4 deposited! Total: 34
  [TARGET] Robot 4 → SITE (-0.64,-0.38)
[DEPOSIT] Robot 1 deposited! Total: 35
  [PHERO] Laid at (0.18, -2.02) density=19 prob=1.00 total_entries=9
  [TARGET] Robot 1 → SITE (0.18,-2.02)

======================================================================
Step 8500 (4.5 min) | Pickups: 35 | Deposits: 35 | Rate: 7.72 tags/min | phero_entries=9 phero_max=0.856
======================================================================
R1[BASE_ESC  ]: L=+1.00 R=+0.14 | carry=0 | base=0.07 ba=+0.81 | site=1 sd=0.51 sa=-0.26 | phero=0 pd=0.00 pa=+0.00 | srch=0.02 | wall=2.28
R2[EXPLORE   ]: L=+1.00 R=+1.00 | carry=0 | base=0.28 ba=-0.53 | site=0 sd=0.00 sa=+0.00 | phero=0 pd=0.00 pa=+0.00 | srch=0.13 | wall=1.53
R3[WALL_ESC  ]: L=+0.86 R=+0.91 | carry=0 | base=0.83 ba=-0.63 | site=0 sd=0.00 sa=+0.00 | phero=0 pd=0.00 pa=+0.00 | srch=0.69 | wall=0.33
R4[SITE      ]: L=+0.84 R=+1.00 | carry=0 | base=0.12 ba=+0.97 | site=1 sd=0.12 sa=+0.30 | phero=0 pd=0.00 pa=+0.00 | srch=0.04 | wall=2.08

[PICKUP] Robot 1 picked up tag (density=17) | Total: 36

======================================================================
Step 9000 (4.8 min) | Pickups: 36 | Deposits: 35 | Rate: 7.29 tags/min | phero_entries=9 phero_max=0.385
======================================================================
R1[RTB       ]: L=+1.00 R=+0.02 | carry=1 | base=0.50 ba=-0.39 | site=0 sd=0.00 sa=+0.00 | phero=0 pd=0.00 pa=+0.00 | srch=0.00 | wall=0.77
R2[EXPLORE   ]: L=+1.00 R=+1.00 | carry=0 | base=0.64 ba=-0.86 | site=0 sd=0.00 sa=+0.00 | phero=0 pd=0.00 pa=+0.00 | srch=0.26 | wall=0.47
R3[WALL_ESC  ]: L=+1.00 R=+1.00 | carry=0 | base=0.88 ba=-0.59 | site=0 sd=0.00 sa=+0.00 | phero=0 pd=0.00 pa=+0.00 | srch=0.82 | wall=-0.49
R4[EXPLORE   ]: L=+1.00 R=+1.00 | carry=0 | base=0.20 ba=+0.75 | site=0 sd=0.00 sa=+0.00 | phero=0 pd=0.00 pa=+0.00 | srch=0.16 | wall=1.94

[GIVE-UP] R4 giving up after 834 steps
[DEPOSIT] Robot 1 deposited! Total: 36
  [PHERO] Laid at (0.38, -1.71) density=17 prob=1.00 total_entries=9
  [TARGET] Robot 1 → SITE (0.38,-1.71)

======================================================================
Step 9500 (5.1 min) | Pickups: 36 | Deposits: 36 | Rate: 7.11 tags/min | phero_entries=9 phero_max=0.901
======================================================================
R1[BASE_ESC  ]: L=+0.00 R=+1.00 | carry=0 | base=0.06 ba=-0.53 | site=1 sd=0.44 sa=+0.54 | phero=0 pd=0.00 pa=+0.00 | srch=0.02 | wall=2.28
R2[WALL_ESC  ]: L=+1.00 R=+1.00 | carry=0 | base=0.83 ba=-0.10 | site=0 sd=0.00 sa=+0.00 | phero=0 pd=0.00 pa=+0.00 | srch=0.38 | wall=-0.34
R3[WALL_ESC  ]: L=+0.55 R=+1.00 | carry=0 | base=0.69 ba=-0.70 | site=0 sd=0.00 sa=+0.00 | phero=0 pd=0.00 pa=+0.00 | srch=0.94 | wall=0.17
R4[GIVE_UP   ]: L=+1.00 R=+1.00 | carry=0 | base=0.12 ba=+0.00 | site=0 sd=0.00 sa=+0.00 | phero=0 pd=0.00 pa=+0.00 | srch=0.29 | wall=2.11

[EMPTY_RTN] R4 → phero(0.18,-2.02)
[PICKUP] Robot 2 picked up tag (density=17) | Total: 37
[PICKUP] Robot 1 picked up tag (density=16) | Total: 38

======================================================================
Step 10000 (5.3 min) | Pickups: 38 | Deposits: 36 | Rate: 6.75 tags/min | phero_entries=7 phero_max=0.405
======================================================================
R1[RTB       ]: L=+0.04 R=+1.00 | carry=1 | base=0.47 ba=+0.39 | site=0 sd=0.00 sa=+0.00 | phero=0 pd=0.00 pa=+0.00 | srch=0.00 | wall=0.89
R2[RTB       ]: L=+0.94 R=+1.00 | carry=1 | base=0.32 ba=+0.03 | site=0 sd=0.00 sa=+0.00 | phero=0 pd=0.00 pa=+0.00 | srch=0.00 | wall=1.37
R3[WALL_ESC  ]: L=+1.00 R=+1.00 | carry=0 | base=0.77 ba=-0.20 | site=0 sd=0.00 sa=+0.00 | phero=0 pd=0.00 pa=+0.00 | srch=1.00 | wall=-0.19
R4[PHERO     ]: L=+1.00 R=+1.00 | carry=0 | base=0.30 ba=-0.91 | site=0 sd=0.00 sa=+0.00 | phero=1 pd=0.27 pa=+0.13 | srch=0.11 | wall=1.43

[PICKUP] Robot 4 picked up tag (density=15) | Total: 39
[DEPOSIT] Robot 2 deposited! Total: 37
  [PHERO] Laid at (0.16, -2.00) density=17 prob=1.00 total_entries=7
  [TARGET] Robot 2 → SITE (0.16,-2.00)
[DEPOSIT] Robot 1 deposited! Total: 38
  [PHERO] Laid at (0.24, -1.59) density=16 prob=1.00 total_entries=8
  [TARGET] Robot 1 → SITE (0.24,-1.59)

======================================================================
Step 10500 (5.6 min) | Pickups: 39 | Deposits: 38 | Rate: 6.79 tags/min | phero_entries=8 phero_max=0.863
======================================================================
R1[BASE_ESC  ]: L=+1.00 R=+0.26 | carry=0 | base=0.07 ba=+0.81 | site=1 sd=0.40 sa=-0.31 | phero=0 pd=0.00 pa=+0.00 | srch=0.02 | wall=2.29
R2[SITE      ]: L=+1.00 R=+1.00 | carry=0 | base=0.21 ba=+0.97 | site=1 sd=0.41 sa=-0.28 | phero=0 pd=0.00 pa=+0.00 | srch=0.06 | wall=1.90
R3[WALL_ESC  ]: L=-0.04 R=+1.00 | carry=0 | base=0.74 ba=-0.99 | site=0 sd=0.00 sa=+0.00 | phero=0 pd=0.00 pa=+0.00 | srch=1.00 | wall=-0.04
R4[RTB       ]: L=+1.00 R=+1.00 | carry=1 | base=0.19 ba=+0.00 | site=0 sd=0.00 sa=+0.00 | phero=0 pd=0.00 pa=+0.00 | srch=0.00 | wall=1.84

[DEPOSIT] Robot 4 deposited! Total: 39
  [PHERO] Laid at (-0.07, -1.54) density=15 prob=1.00 total_entries=9
  [TARGET] Robot 4 → SITE (-0.07,-1.54)
[PICKUP] Robot 2 picked up tag (density=14) | Total: 40
[PICKUP] Robot 3 picked up tag (density=8) | Total: 41

======================================================================
Step 11000 (5.9 min) | Pickups: 41 | Deposits: 39 | Rate: 6.65 tags/min | phero_entries=8 phero_max=0.533
======================================================================
R1[EXPLORE   ]: L=+1.00 R=+1.00 | carry=0 | base=0.45 ba=-0.92 | site=0 sd=0.00 sa=+0.00 | phero=0 pd=0.00 pa=+0.00 | srch=0.15 | wall=0.93
R2[RTB       ]: L=+1.00 R=+0.93 | carry=1 | base=0.47 ba=-0.03 | site=0 sd=0.00 sa=+0.00 | phero=0 pd=0.00 pa=+0.00 | srch=0.00 | wall=0.86
R3[RTB       ]: L=+0.95 R=+1.00 | carry=1 | base=0.54 ba=+0.02 | site=0 sd=0.00 sa=+0.00 | phero=0 pd=0.00 pa=+0.00 | srch=0.00 | wall=0.71
R4[SITE      ]: L=+1.00 R=+0.92 | carry=0 | base=0.36 ba=-0.84 | site=1 sd=0.09 sa=+0.01 | phero=0 pd=0.00 pa=+0.00 | srch=0.10 | wall=1.25

[PICKUP] Robot 1 picked up tag (density=13) | Total: 42
[PICKUP] Robot 4 picked up tag (density=12) | Total: 43
[DEPOSIT] Robot 3 deposited! Total: 40
  [PHERO] Laid at (1.96, 0.60) density=8 prob=1.00 total_entries=8
  [TARGET] Robot 3 → SITE (1.96,0.60)
[DEPOSIT] Robot 1 deposited! Total: 41
  [PHERO] Laid at (0.20, -1.59) density=13 prob=1.00 total_entries=9
  [TARGET] Robot 1 → SITE (0.20,-1.59)

======================================================================
Step 11500 (6.1 min) | Pickups: 43 | Deposits: 41 | Rate: 6.68 tags/min | phero_entries=9 phero_max=0.984
======================================================================
R1[BASE_ESC  ]: L=+1.00 R=+0.00 | carry=0 | base=0.06 ba=+0.12 | site=1 sd=0.40 sa=-0.86 | phero=0 pd=0.00 pa=+0.00 | srch=0.00 | wall=2.29
R2[RTB       ]: L=+1.00 R=+1.00 | carry=1 | base=0.08 ba=-0.00 | site=0 sd=0.00 sa=+0.00 | phero=0 pd=0.00 pa=+0.00 | srch=0.00 | wall=2.22
R3[BASE_ESC  ]: L=+1.00 R=+0.00 | carry=0 | base=0.06 ba=+0.63 | site=1 sd=0.52 sa=-0.43 | phero=0 pd=0.00 pa=+0.00 | srch=0.02 | wall=2.30
R4[RTB       ]: L=+1.00 R=+1.00 | carry=1 | base=0.15 ba=-0.00 | site=0 sd=0.00 sa=+0.00 | phero=0 pd=0.00 pa=+0.00 | srch=0.00 | wall=1.97

[DEPOSIT] Robot 2 deposited! Total: 42
  [PHERO] Laid at (0.37, -1.73) density=14 prob=1.00 total_entries=10
  [TARGET] Robot 2 → SITE (0.37,-1.73)
[DEPOSIT] Robot 4 deposited! Total: 43
  [PHERO] Laid at (-0.14, -1.63) density=12 prob=1.00 total_entries=11
  [TARGET] Robot 4 → SITE (-0.14,-1.63)

======================================================================
Step 12000 (6.4 min) | Pickups: 43 | Deposits: 43 | Rate: 6.72 tags/min | phero_entries=10 phero_max=0.523
======================================================================
R1[SITE      ]: L=+0.81 R=+0.85 | carry=0 | base=0.44 ba=-0.81 | site=1 sd=0.03 sa=+0.03 | phero=0 pd=0.00 pa=+0.00 | srch=0.13 | wall=0.99
R2[SITE      ]: L=+1.00 R=+1.00 | carry=0 | base=0.41 ba=+0.90 | site=1 sd=0.11 sa=+0.05 | phero=0 pd=0.00 pa=+0.00 | srch=0.12 | wall=1.09
R3[SITE      ]: L=+0.36 R=+0.36 | carry=0 | base=0.45 ba=-0.96 | site=1 sd=0.14 sa=+0.01 | phero=0 pd=0.00 pa=+0.00 | srch=0.14 | wall=1.00
R4[SITE      ]: L=+0.94 R=+0.98 | carry=0 | base=0.38 ba=-0.92 | site=1 sd=0.09 sa=+0.07 | phero=0 pd=0.00 pa=+0.00 | srch=0.10 | wall=1.18

[PICKUP] Robot 3 picked up tag (density=7) | Total: 44
[PICKUP] Robot 1 picked up tag (density=11) | Total: 45
[PICKUP] Robot 4 picked up tag (density=10) | Total: 46
[DEPOSIT] Robot 3 deposited! Total: 44
  [PHERO] Laid at (1.52, 0.49) density=7 prob=0.99 total_entries=10
  [TARGET] Robot 3 → SITE (1.52,0.49)

======================================================================
Step 12500 (6.7 min) | Pickups: 46 | Deposits: 44 | Rate: 6.60 tags/min | phero_entries=10 phero_max=0.998
======================================================================
R1[RTB       ]: L=+1.00 R=+1.00 | carry=1 | base=0.10 ba=-0.00 | site=0 sd=0.00 sa=+0.00 | phero=0 pd=0.00 pa=+0.00 | srch=0.00 | wall=2.15
R2[WALL_ESC  ]: L=+1.00 R=+1.00 | carry=0 | base=0.90 ba=+0.89 | site=0 sd=0.00 sa=+0.00 | phero=0 pd=0.00 pa=+0.00 | srch=0.25 | wall=-0.31
R3[BASE_ESC  ]: L=+0.00 R=+1.00 | carry=0 | base=0.07 ba=-0.00 | site=1 sd=0.39 sa=-0.97 | phero=0 pd=0.00 pa=+0.00 | srch=0.00 | wall=2.26
R4[RTB       ]: L=+1.00 R=+1.00 | carry=1 | base=0.21 ba=-0.00 | site=0 sd=0.00 sa=+0.00 | phero=0 pd=0.00 pa=+0.00 | srch=0.00 | wall=1.78

[DEPOSIT] Robot 1 deposited! Total: 45
  [PHERO] Laid at (0.19, -1.62) density=11 prob=1.00 total_entries=11
  [TARGET] Robot 1 → SITE (0.19,-1.62)
[DEPOSIT] Robot 4 deposited! Total: 46
  [PHERO] Laid at (-0.17, -1.72) density=10 prob=1.00 total_entries=12
  [TARGET] Robot 4 → SITE (-0.17,-1.72)

======================================================================
Step 13000 (6.9 min) | Pickups: 46 | Deposits: 46 | Rate: 6.63 tags/min | phero_entries=11 phero_max=0.559
======================================================================
R1[SITE      ]: L=+0.92 R=+1.00 | carry=0 | base=0.40 ba=+0.91 | site=1 sd=0.17 sa=+0.36 | phero=0 pd=0.00 pa=+0.00 | srch=0.12 | wall=1.13
R2[WALL_ESC  ]: L=+1.00 R=+1.00 | carry=0 | base=0.88 ba=+0.39 | site=0 sd=0.00 sa=+0.00 | phero=0 pd=0.00 pa=+0.00 | srch=0.37 | wall=0.26
R3[SITE      ]: L=+0.17 R=+0.17 | carry=0 | base=0.33 ba=-0.97 | site=1 sd=0.13 sa=+0.04 | phero=0 pd=0.00 pa=+0.00 | srch=0.13 | wall=1.40
R4[SITE      ]: L=+0.94 R=+1.00 | carry=0 | base=0.33 ba=-0.88 | site=1 sd=0.17 sa=+0.16 | phero=0 pd=0.00 pa=+0.00 | srch=0.09 | wall=1.36

[PICKUP] Robot 2 picked up tag (density=12) | Total: 47
[PICKUP] Robot 4 picked up tag (density=9) | Total: 48

======================================================================
Step 13500 (7.2 min) | Pickups: 48 | Deposits: 46 | Rate: 6.39 tags/min | phero_entries=11 phero_max=0.251
======================================================================
R1[WALL_ESC  ]: L=+1.00 R=+1.00 | carry=0 | base=0.74 ba=+0.45 | site=1 sd=0.29 sa=+0.54 | phero=0 pd=0.00 pa=+0.00 | srch=0.24 | wall=0.01
R2[RTB       ]: L=+1.00 R=+1.00 | carry=1 | base=0.38 ba=+0.00 | site=0 sd=0.00 sa=+0.00 | phero=0 pd=0.00 pa=+0.00 | srch=0.00 | wall=1.49
R3[SITE      ]: L=+0.15 R=+0.13 | carry=0 | base=0.43 ba=+0.97 | site=1 sd=0.03 sa=-0.08 | phero=0 pd=0.00 pa=+0.00 | srch=0.25 | wall=1.07
R4[RTB       ]: L=+1.00 R=+1.00 | carry=1 | base=0.28 ba=+0.00 | site=0 sd=0.00 sa=+0.00 | phero=0 pd=0.00 pa=+0.00 | srch=0.00 | wall=1.53

[DEPOSIT] Robot 4 deposited! Total: 47
  [PHERO] Laid at (-0.16, -1.79) density=9 prob=1.00 total_entries=12
  [TARGET] Robot 4 → SITE (-0.16,-1.79)
[PICKUP] Robot 3 picked up tag (density=6) | Total: 49
[DEPOSIT] Robot 2 deposited! Total: 48
  [PHERO] Laid at (2.27, -2.06) density=12 prob=1.00 total_entries=12
  [TARGET] Robot 2 → SITE (2.27,-2.06)

======================================================================
Step 14000 (7.5 min) | Pickups: 49 | Deposits: 48 | Rate: 6.43 tags/min | phero_entries=12 phero_max=0.704
======================================================================
R1[SITE      ]: L=+0.68 R=+0.70 | carry=0 | base=0.48 ba=-0.40 | site=1 sd=0.07 sa=+0.03 | phero=0 pd=0.00 pa=+0.00 | srch=0.37 | wall=0.89
R2[SITE      ]: L=+1.00 R=+1.00 | carry=0 | base=0.19 ba=+0.96 | site=1 sd=0.71 sa=-0.22 | phero=0 pd=0.00 pa=+0.00 | srch=0.05 | wall=1.87
R3[RTB       ]: L=+1.00 R=+1.00 | carry=1 | base=0.32 ba=-0.00 | site=0 sd=0.00 sa=+0.00 | phero=0 pd=0.00 pa=+0.00 | srch=0.00 | wall=1.41
R4[SITE      ]: L=+1.00 R=+0.96 | carry=0 | base=0.28 ba=-0.94 | site=1 sd=0.25 sa=-0.13 | phero=0 pd=0.00 pa=+0.00 | srch=0.08 | wall=1.52

[PICKUP] Robot 1 picked up tag (density=8) | Total: 50
[PICKUP] Robot 4 picked up tag (density=7) | Total: 51
[DEPOSIT] Robot 3 deposited! Total: 49
  [PHERO] Laid at (1.57, 0.47) density=6 prob=0.97 total_entries=13
  [TARGET] Robot 3 → SITE (1.57,0.47)

======================================================================
Step 14500 (7.7 min) | Pickups: 51 | Deposits: 49 | Rate: 6.34 tags/min | phero_entries=13 phero_max=0.644
======================================================================
R1[RTB       ]: L=+1.00 R=+1.00 | carry=1 | base=0.11 ba=-0.00 | site=0 sd=0.00 sa=+0.00 | phero=0 pd=0.00 pa=+0.00 | srch=0.00 | wall=2.11
R2[SITE      ]: L=+1.00 R=+0.97 | carry=0 | base=0.68 ba=-0.84 | site=1 sd=0.24 sa=-0.06 | phero=0 pd=0.00 pa=+0.00 | srch=0.18 | wall=0.49
R3[SITE      ]: L=+1.00 R=+1.00 | carry=0 | base=0.21 ba=+0.93 | site=1 sd=0.25 sa=-0.12 | phero=0 pd=0.00 pa=+0.00 | srch=0.07 | wall=1.80
R4[RTB       ]: L=+1.00 R=+1.00 | carry=1 | base=0.16 ba=-0.00 | site=0 sd=0.00 sa=+0.00 | phero=0 pd=0.00 pa=+0.00 | srch=0.00 | wall=1.94

[DEPOSIT] Robot 1 deposited! Total: 50
  [PHERO] Laid at (0.15, -1.63) density=8 prob=1.00 total_entries=14
  [TARGET] Robot 1 → SITE (0.15,-1.63)
[PICKUP] Robot 2 picked up tag (density=11) | Total: 52
[DEPOSIT] Robot 4 deposited! Total: 51
  [PHERO] Laid at (0.04, -1.54) density=7 prob=0.99 total_entries=14
  [TARGET] Robot 4 → SITE (0.04,-1.54)

======================================================================
Step 15000 (8.0 min) | Pickups: 52 | Deposits: 51 | Rate: 6.38 tags/min | phero_entries=12 phero_max=0.520
======================================================================
R1[SITE      ]: L=+1.00 R=+1.00 | carry=0 | base=0.42 ba=+1.00 | site=1 sd=0.25 sa=+0.53 | phero=0 pd=0.00 pa=+0.00 | srch=0.12 | wall=1.20
R2[RTB       ]: L=+1.00 R=+1.00 | carry=1 | base=0.40 ba=-0.00 | site=0 sd=0.00 sa=+0.00 | phero=0 pd=0.00 pa=+0.00 | srch=0.00 | wall=1.38
R3[SITE      ]: L=+0.20 R=+0.19 | carry=0 | base=0.37 ba=-0.87 | site=1 sd=0.10 sa=-0.01 | phero=0 pd=0.00 pa=+0.00 | srch=0.19 | wall=1.30
R4[SITE      ]: L=+0.93 R=+1.00 | carry=0 | base=0.37 ba=+0.83 | site=1 sd=0.26 sa=+0.36 | phero=0 pd=0.00 pa=+0.00 | srch=0.10 | wall=1.43

[PICKUP] Robot 1 picked up tag (density=16) | Total: 53
[PICKUP] Robot 4 picked up tag (density=6) | Total: 54
[DEPOSIT] Robot 2 deposited! Total: 52
  [PHERO] Laid at (2.16, -1.53) density=11 prob=1.00 total_entries=13
  [TARGET] Robot 2 → SITE (2.16,-1.53)
[PICKUP] Robot 3 picked up tag (density=5) | Total: 55

======================================================================
Step 15500 (8.3 min) | Pickups: 55 | Deposits: 52 | Rate: 6.29 tags/min | phero_entries=13 phero_max=0.730
======================================================================
R1[RTB       ]: L=+1.00 R=+1.00 | carry=1 | base=0.60 ba=+0.00 | site=0 sd=0.00 sa=+0.00 | phero=0 pd=0.00 pa=+0.00 | srch=0.00 | wall=0.49
R2[SITE      ]: L=+1.00 R=+1.00 | carry=0 | base=0.16 ba=-0.95 | site=1 sd=0.62 sa=+0.23 | phero=0 pd=0.00 pa=+0.00 | srch=0.05 | wall=1.99
R3[RTB       ]: L=+1.00 R=+0.00 | carry=1 | base=0.48 ba=-0.50 | site=0 sd=0.00 sa=+0.00 | phero=0 pd=0.00 pa=+0.00 | srch=0.00 | wall=0.87
R4[RTB       ]: L=+1.00 R=+1.00 | carry=1 | base=0.34 ba=+0.00 | site=0 sd=0.00 sa=+0.00 | phero=0 pd=0.00 pa=+0.00 | srch=0.00 | wall=1.32

[DEPOSIT] Robot 4 deposited! Total: 53
  [PHERO] Laid at (-0.14, -1.80) density=6 prob=0.97 total_entries=14
  [TARGET] Robot 4 → SITE (-0.14,-1.80)
[DEPOSIT] Robot 3 deposited! Total: 54
  [PHERO] Laid at (1.59, 0.49) density=5 prob=0.92 total_entries=11
  [TARGET] Robot 3 → SITE (1.59,0.49)
[DEPOSIT] Robot 1 deposited! Total: 55
  [PHERO] Laid at (-0.89, -2.37) density=16 prob=1.00 total_entries=12
  [TARGET] Robot 1 → SITE (-0.89,-2.37)

======================================================================
Step 16000 (8.5 min) | Pickups: 55 | Deposits: 55 | Rate: 6.45 tags/min | phero_entries=12 phero_max=0.979
======================================================================
R1[BASE_ESC  ]: L=+1.00 R=+0.00 | carry=0 | base=0.07 ba=+0.14 | site=1 sd=0.66 sa=-0.88 | phero=0 pd=0.00 pa=+0.00 | srch=0.00 | wall=2.28
R2[SITE      ]: L=+0.99 R=+1.00 | carry=0 | base=0.65 ba=+0.71 | site=1 sd=0.16 sa=-0.00 | phero=0 pd=0.00 pa=+0.00 | srch=0.17 | wall=0.90
R3[BASE_ESC  ]: L=+0.00 R=+1.00 | carry=0 | base=0.06 ba=-0.60 | site=1 sd=0.41 sa=+0.47 | phero=0 pd=0.00 pa=+0.00 | srch=0.02 | wall=2.28
R4[SITE      ]: L=+1.00 R=+0.98 | carry=0 | base=0.18 ba=-0.88 | site=1 sd=0.34 sa=+0.06 | phero=0 pd=0.00 pa=+0.00 | srch=0.06 | wall=1.86

[PICKUP] Robot 4 picked up tag (density=5) | Total: 56

======================================================================
Step 16500 (8.8 min) | Pickups: 56 | Deposits: 55 | Rate: 6.25 tags/min | phero_entries=12 phero_max=0.440
======================================================================
R1[SITE      ]: L=+1.00 R=+1.00 | carry=0 | base=0.51 ba=+0.99 | site=1 sd=0.39 sa=-0.42 | phero=0 pd=0.00 pa=+0.00 | srch=0.13 | wall=0.75
R2[WALL_ESC  ]: L=+0.38 R=+1.00 | carry=0 | base=0.97 ba=+0.15 | site=0 sd=0.00 sa=+0.00 | phero=0 pd=0.00 pa=+0.00 | srch=0.30 | wall=-0.67
R3[SITE      ]: L=+0.25 R=+0.23 | carry=0 | base=0.43 ba=-0.94 | site=1 sd=0.05 sa=-0.09 | phero=0 pd=0.00 pa=+0.00 | srch=0.14 | wall=1.08
R4[RTB       ]: L=+0.98 R=+1.00 | carry=1 | base=0.47 ba=+0.01 | site=0 sd=0.00 sa=+0.00 | phero=0 pd=0.00 pa=+0.00 | srch=0.00 | wall=0.84

[PICKUP] Robot 3 picked up tag (density=4) | Total: 57
[DEPOSIT] Robot 4 deposited! Total: 56
  [PHERO] Laid at (-0.15, -1.90) density=5 prob=0.92 total_entries=11
  [TARGET] Robot 4 → SITE (-0.15,-1.90)
[PICKUP] Robot 1 picked up tag (density=15) | Total: 58

======================================================================
Step 17000 (9.1 min) | Pickups: 58 | Deposits: 56 | Rate: 6.18 tags/min | phero_entries=10 phero_max=0.810
======================================================================
R1[WALL_ESC  ]: L=+1.00 R=+0.20 | carry=1 | base=0.77 ba=-0.30 | site=0 sd=0.00 sa=+0.00 | phero=0 pd=0.00 pa=+0.00 | srch=0.00 | wall=-0.11
R2[EXPLORE   ]: L=+1.00 R=+1.00 | carry=0 | base=0.49 ba=+0.22 | site=0 sd=0.00 sa=+0.00 | phero=0 pd=0.00 pa=+0.00 | srch=0.42 | wall=0.77
R3[RTB       ]: L=+1.00 R=+1.00 | carry=1 | base=0.23 ba=+0.00 | site=0 sd=0.00 sa=+0.00 | phero=0 pd=0.00 pa=+0.00 | srch=0.00 | wall=1.75
R4[SITE      ]: L=+1.00 R=+0.86 | carry=0 | base=0.09 ba=+1.00 | site=1 sd=0.46 sa=-0.12 | phero=0 pd=0.00 pa=+0.00 | srch=0.03 | wall=2.20

[DEPOSIT] Robot 3 deposited! Total: 57
  [PHERO] Laid at (1.61, 0.52) density=4 prob=0.82 total_entries=11
  [TARGET] Robot 3 → SITE (1.61,0.52)
[PICKUP] Robot 4 picked up tag (density=4) | Total: 59

======================================================================
Step 17500 (9.3 min) | Pickups: 59 | Deposits: 57 | Rate: 6.11 tags/min | phero_entries=11 phero_max=0.567
======================================================================
R1[RTB       ]: L=+1.00 R=+1.00 | carry=1 | base=0.25 ba=-0.00 | site=0 sd=0.00 sa=+0.00 | phero=0 pd=0.00 pa=+0.00 | srch=0.00 | wall=1.65
R2[EXPLORE   ]: L=+1.00 R=+1.00 | carry=0 | base=0.36 ba=+0.66 | site=0 sd=0.00 sa=+0.00 | phero=0 pd=0.00 pa=+0.00 | srch=0.55 | wall=1.26
R3[SITE      ]: L=+0.39 R=+0.39 | carry=0 | base=0.22 ba=-0.99 | site=1 sd=0.27 sa=-0.02 | phero=0 pd=0.00 pa=+0.00 | srch=0.09 | wall=1.79
R4[RTB       ]: L=+1.00 R=+0.92 | carry=1 | base=0.43 ba=-0.03 | site=0 sd=0.00 sa=+0.00 | phero=0 pd=0.00 pa=+0.00 | srch=0.00 | wall=1.00

[DEPOSIT] Robot 1 deposited! Total: 58
  [PHERO] Laid at (-0.70, -2.63) density=15 prob=1.00 total_entries=12
  [TARGET] Robot 1 → SITE (-0.70,-2.63)
[DEPOSIT] Robot 4 deposited! Total: 59
  [PHERO] Laid at (-0.08, -1.64) density=4 prob=0.82 total_entries=13
  [TARGET] Robot 4 → SITE (-0.08,-1.64)

======================================================================
Step 18000 (9.6 min) | Pickups: 59 | Deposits: 59 | Rate: 6.15 tags/min | phero_entries=13 phero_max=0.761
======================================================================
R1[SITE      ]: L=+1.00 R=+1.00 | carry=0 | base=0.31 ba=+1.00 | site=1 sd=0.53 sa=+0.26 | phero=0 pd=0.00 pa=+0.00 | srch=0.08 | wall=1.72
R2[WALL_ESC  ]: L=+1.00 R=+1.00 | carry=0 | base=0.79 ba=+0.87 | site=0 sd=0.00 sa=+0.00 | phero=0 pd=0.00 pa=+0.00 | srch=0.67 | wall=0.01
R3[SITE      ]: L=+0.37 R=+0.36 | carry=0 | base=0.45 ba=-0.83 | site=1 sd=0.04 sa=-0.01 | phero=0 pd=0.00 pa=+0.00 | srch=0.21 | wall=1.02
R4[SITE      ]: L=+1.00 R=+1.00 | carry=0 | base=0.13 ba=-0.94 | site=1 sd=0.35 sa=+0.27 | phero=0 pd=0.00 pa=+0.00 | srch=0.04 | wall=2.09

[PICKUP] Robot 3 picked up tag (density=3) | Total: 60

======================================================================
Step 18500 (9.9 min) | Pickups: 60 | Deposits: 59 | Rate: 5.98 tags/min | phero_entries=11 phero_max=0.342
======================================================================
R1[WALL_ESC  ]: L=+0.96 R=+1.00 | carry=0 | base=0.85 ba=+0.83 | site=1 sd=0.37 sa=+0.46 | phero=0 pd=0.00 pa=+0.00 | srch=0.21 | wall=0.25
R2[WALL_ESC  ]: L=+1.00 R=+1.00 | carry=0 | base=1.01 ba=+0.43 | site=0 sd=0.00 sa=+0.00 | phero=0 pd=0.00 pa=+0.00 | srch=0.80 | wall=-0.14
R3[RTB       ]: L=+1.00 R=+1.00 | carry=1 | base=0.12 ba=-0.00 | site=0 sd=0.00 sa=+0.00 | phero=0 pd=0.00 pa=+0.00 | srch=0.00 | wall=2.08
R4[EXPLORE   ]: L=+1.00 R=+0.95 | carry=0 | base=0.46 ba=+0.46 | site=0 sd=0.00 sa=+0.00 | phero=0 pd=0.00 pa=+0.00 | srch=0.17 | wall=0.88

[DEPOSIT] Robot 3 deposited! Total: 60
  [PHERO] Laid at (1.62, 0.52) density=3 prob=0.65 total_entries=11
  [TARGET] Robot 3 → SITE (1.62,0.52)
[PICKUP] Robot 4 picked up tag (density=3) | Total: 61

======================================================================
Step 19000 (10.1 min) | Pickups: 61 | Deposits: 60 | Rate: 5.92 tags/min | phero_entries=9 phero_max=0.486
======================================================================
R1[WALL_ESC  ]: L=+1.00 R=+1.00 | carry=0 | base=0.86 ba=+0.09 | site=1 sd=0.19 sa=-0.22 | phero=0 pd=0.00 pa=+0.00 | srch=0.33 | wall=-0.19
R2[WALL_ESC  ]: L=+1.00 R=+1.00 | carry=0 | base=0.90 ba=+0.20 | site=0 sd=0.00 sa=+0.00 | phero=0 pd=0.00 pa=+0.00 | srch=0.92 | wall=-0.43
R3[SITE      ]: L=+1.00 R=+0.91 | carry=0 | base=0.42 ba=+0.99 | site=1 sd=0.07 sa=-0.13 | phero=0 pd=0.00 pa=+0.00 | srch=0.11 | wall=1.14
R4[RTB       ]: L=+1.00 R=+1.00 | carry=1 | base=0.29 ba=-0.00 | site=0 sd=0.00 sa=+0.00 | phero=0 pd=0.00 pa=+0.00 | srch=0.00 | wall=1.47

[PICKUP] Robot 1 picked up tag (density=14) | Total: 62
[PICKUP] Robot 3 picked up tag (density=2) | Total: 63
[DEPOSIT] Robot 4 deposited! Total: 61
  [PHERO] Laid at (0.27, -1.89) density=3 prob=0.65 total_entries=10
  [TARGET] Robot 4 → SITE (0.27,-1.89)
[PICKUP] Robot 2 picked up tag (density=11) | Total: 64

======================================================================
Step 19500 (10.4 min) | Pickups: 64 | Deposits: 61 | Rate: 5.87 tags/min | phero_entries=10 phero_max=0.623
======================================================================
R1[RTB       ]: L=+1.00 R=+1.00 | carry=1 | base=0.32 ba=+0.00 | site=0 sd=0.00 sa=+0.00 | phero=0 pd=0.00 pa=+0.00 | srch=0.00 | wall=1.49
R2[RTB       ]: L=+0.57 R=+1.00 | carry=1 | base=0.56 ba=+0.18 | site=0 sd=0.00 sa=+0.00 | phero=0 pd=0.00 pa=+0.00 | srch=0.00 | wall=0.58
R3[RTB       ]: L=+1.00 R=+1.00 | carry=1 | base=0.18 ba=-0.00 | site=0 sd=0.00 sa=+0.00 | phero=0 pd=0.00 pa=+0.00 | srch=0.00 | wall=1.88
R4[SITE      ]: L=+1.00 R=+1.00 | carry=0 | base=0.27 ba=+1.00 | site=1 sd=0.33 sa=+0.28 | phero=0 pd=0.00 pa=+0.00 | srch=0.07 | wall=1.61

[DEPOSIT] Robot 3 deposited! Total: 62
  [PHERO] Laid at (1.70, 0.52) density=2 prob=0.42 total_entries=11
  [TARGET] Robot 3 → SITE (1.70,0.52)
[DEPOSIT] Robot 1 deposited! Total: 63
  [PHERO] Laid at (-1.22, -2.56) density=14 prob=1.00 total_entries=11
  [TARGET] Robot 1 → SITE (-1.22,-2.56)
[DEPOSIT] Robot 2 deposited! Total: 64
  [PHERO] Laid at (-1.97, -0.35) density=11 prob=1.00 total_entries=12
  [TARGET] Robot 2 → SITE (-1.97,-0.35)

======================================================================
Step 20000 (10.7 min) | Pickups: 64 | Deposits: 64 | Rate: 6.00 tags/min | phero_entries=12 phero_max=0.929
======================================================================
R1[SITE      ]: L=+1.00 R=+1.00 | carry=0 | base=0.25 ba=+0.97 | site=1 sd=0.60 sa=-0.25 | phero=0 pd=0.00 pa=+0.00 | srch=0.07 | wall=1.63
R2[BASE_ESC  ]: L=+1.00 R=+0.00 | carry=0 | base=0.06 ba=+0.42 | site=1 sd=0.51 sa=-0.62 | phero=0 pd=0.00 pa=+0.00 | srch=0.01 | wall=2.29
R3[SITE      ]: L=+1.00 R=+1.00 | carry=0 | base=0.34 ba=+0.98 | site=1 sd=0.18 sa=-0.12 | phero=0 pd=0.00 pa=+0.00 | srch=0.10 | wall=1.42
R4[WALL_ESC  ]: L=+0.66 R=+1.00 | carry=0 | base=0.69 ba=+0.37 | site=1 sd=0.16 sa=+0.26 | phero=0 pd=0.00 pa=+0.00 | srch=0.20 | wall=0.08

[PICKUP] Robot 3 picked up tag (density=1) | Total: 65
[PICKUP] Robot 4 picked up tag (density=2) | Total: 66

======================================================================
Step 20500 (10.9 min) | Pickups: 66 | Deposits: 64 | Rate: 5.85 tags/min | phero_entries=9 phero_max=0.417
======================================================================
R1[WALL_ESC  ]: L=+1.00 R=+0.96 | carry=0 | base=0.71 ba=-0.82 | site=1 sd=0.13 sa=-0.07 | phero=0 pd=0.00 pa=+0.00 | srch=0.19 | wall=0.14
R2[SITE      ]: L=+1.00 R=+0.93 | carry=0 | base=0.50 ba=-0.73 | site=1 sd=0.19 sa=-0.18 | phero=0 pd=0.00 pa=+0.00 | srch=0.14 | wall=0.96
R3[RTB       ]: L=+1.00 R=+1.00 | carry=1 | base=0.34 ba=-0.00 | site=0 sd=0.00 sa=+0.00 | phero=0 pd=0.00 pa=+0.00 | srch=0.00 | wall=1.34
R4[RTB       ]: L=+1.00 R=+1.00 | carry=1 | base=0.24 ba=-0.00 | site=0 sd=0.00 sa=+0.00 | phero=0 pd=0.00 pa=+0.00 | srch=0.00 | wall=1.65

[PICKUP] Robot 1 picked up tag (density=13) | Total: 67
[PICKUP] Robot 2 picked up tag (density=10) | Total: 68
[DEPOSIT] Robot 4 deposited! Total: 65
  [PHERO] Laid at (0.22, -1.84) density=2 prob=0.42 total_entries=10
  [TARGET] Robot 4 → SITE (0.22,-1.84)
[DEPOSIT] Robot 3 deposited! Total: 66
  [TARGET] Robot 3 → PHERO (1.70,0.52)

======================================================================
Step 21000 (11.2 min) | Pickups: 68 | Deposits: 66 | Rate: 5.89 tags/min | phero_entries=10 phero_max=0.578
======================================================================
R1[RTB       ]: L=+1.00 R=+1.00 | carry=1 | base=0.31 ba=-0.00 | site=0 sd=0.00 sa=+0.00 | phero=0 pd=0.00 pa=+0.00 | srch=0.00 | wall=1.49
R2[RTB       ]: L=+1.00 R=+1.00 | carry=1 | base=0.18 ba=-0.00 | site=0 sd=0.00 sa=+0.00 | phero=0 pd=0.00 pa=+0.00 | srch=0.00 | wall=1.92
R3[PHERO     ]: L=+0.99 R=+1.00 | carry=0 | base=0.20 ba=+0.96 | site=0 sd=0.00 sa=+0.00 | phero=1 pd=0.31 pa=+0.05 | srch=0.06 | wall=1.80
R4[SITE      ]: L=+1.00 R=+1.00 | carry=0 | base=0.29 ba=+0.98 | site=1 sd=0.31 sa=+0.29 | phero=0 pd=0.00 pa=+0.00 | srch=0.09 | wall=1.56

[DEPOSIT] Robot 2 deposited! Total: 67
  [PHERO] Laid at (-1.80, -0.73) density=10 prob=1.00 total_entries=11
  [TARGET] Robot 2 → SITE (-1.80,-0.73)
[DEPOSIT] Robot 1 deposited! Total: 68
  [PHERO] Laid at (-0.82, -2.37) density=13 prob=1.00 total_entries=11
  [TARGET] Robot 1 → SITE (-0.82,-2.37)
[PICKUP] Robot 4 picked up tag (density=1) | Total: 69

======================================================================
Step 21500 (11.5 min) | Pickups: 69 | Deposits: 68 | Rate: 5.93 tags/min | phero_entries=10 phero_max=0.654
======================================================================
R1[SITE      ]: L=+1.00 R=+1.00 | carry=0 | base=0.24 ba=+0.97 | site=1 sd=0.51 sa=-0.23 | phero=0 pd=0.00 pa=+0.00 | srch=0.07 | wall=1.68
R2[SITE      ]: L=+1.00 R=+1.00 | carry=0 | base=0.35 ba=+0.95 | site=1 sd=0.22 sa=-0.22 | phero=0 pd=0.00 pa=+0.00 | srch=0.10 | wall=1.49
R3[EXPLORE   ]: L=+0.35 R=+1.00 | carry=0 | base=0.45 ba=-0.35 | site=0 sd=0.00 sa=+0.00 | phero=0 pd=0.00 pa=+0.00 | srch=0.19 | wall=1.03
R4[RTB       ]: L=+1.00 R=+1.00 | carry=1 | base=0.32 ba=+0.00 | site=0 sd=0.00 sa=+0.00 | phero=0 pd=0.00 pa=+0.00 | srch=0.00 | wall=1.38

[DEPOSIT] Robot 4 deposited! Total: 69
  [TARGET] Robot 4 → PHERO (0.22,-1.84)

======================================================================
Step 22000 (11.7 min) | Pickups: 69 | Deposits: 69 | Rate: 5.88 tags/min | phero_entries=9 phero_max=0.294
======================================================================
R1[WALL_ESC  ]: L=+1.00 R=+1.00 | carry=0 | base=0.66 ba=-0.70 | site=1 sd=0.07 sa=+0.08 | phero=0 pd=0.00 pa=+0.00 | srch=0.19 | wall=0.27
R2[WALL_ESC  ]: L=+1.00 R=+1.00 | carry=0 | base=0.70 ba=-0.81 | site=0 sd=0.00 sa=+0.00 | phero=0 pd=0.00 pa=+0.00 | srch=0.23 | wall=0.08
R3[EXPLORE   ]: L=+1.00 R=+1.00 | carry=0 | base=0.51 ba=+0.59 | site=0 sd=0.00 sa=+0.00 | phero=0 pd=0.00 pa=+0.00 | srch=0.31 | wall=1.02
R4[PHERO     ]: L=+0.87 R=+0.88 | carry=0 | base=0.22 ba=-0.96 | site=0 sd=0.00 sa=+0.00 | phero=1 pd=0.31 pa=+0.01 | srch=0.07 | wall=1.73

[PICKUP] Robot 1 picked up tag (density=12) | Total: 70
[GIVE-UP] R2 giving up after 1019 steps
[PICKUP] Robot 3 picked up tag (density=16) | Total: 71

======================================================================
Step 22500 (12.0 min) | Pickups: 71 | Deposits: 69 | Rate: 5.75 tags/min | phero_entries=8 phero_max=0.132
======================================================================
R1[RTB       ]: L=+1.00 R=+1.00 | carry=1 | base=0.39 ba=-0.00 | site=0 sd=0.00 sa=+0.00 | phero=0 pd=0.00 pa=+0.00 | srch=0.00 | wall=1.24
R2[GIVE_UP   ]: L=+1.00 R=+1.00 | carry=0 | base=0.49 ba=-0.00 | site=0 sd=0.00 sa=+0.00 | phero=0 pd=0.00 pa=+0.00 | srch=0.35 | wall=0.79
R3[WALL_ESC  ]: L=+0.39 R=+1.00 | carry=1 | base=0.78 ba=+0.23 | site=0 sd=0.00 sa=+0.00 | phero=0 pd=0.00 pa=+0.00 | srch=0.00 | wall=-0.22
R4[WALL_ESC  ]: L=+1.00 R=+1.00 | carry=0 | base=0.70 ba=-0.97 | site=0 sd=0.00 sa=+0.00 | phero=0 pd=0.00 pa=+0.00 | srch=0.19 | wall=0.06

[DEPOSIT] Robot 1 deposited! Total: 70
  [PHERO] Laid at (-0.91, -2.40) density=12 prob=1.00 total_entries=9
  [TARGET] Robot 1 → SITE (-0.91,-2.40)
[EMPTY_RTN] R2 → phero(-0.91,-2.40)

======================================================================
Step 23000 (12.3 min) | Pickups: 71 | Deposits: 70 | Rate: 5.71 tags/min | phero_entries=8 phero_max=0.719
======================================================================
R1[SITE      ]: L=+1.00 R=+1.00 | carry=0 | base=0.17 ba=+0.99 | site=1 sd=0.58 sa=+0.14 | phero=0 pd=0.00 pa=+0.00 | srch=0.05 | wall=2.06
R2[PHERO     ]: L=-0.70 R=+1.00 | carry=0 | base=0.07 ba=+0.97 | site=0 sd=0.00 sa=+0.00 | phero=1 pd=0.72 pa=+0.45 | srch=0.03 | wall=2.26
R3[RTB       ]: L=+1.00 R=+1.00 | carry=1 | base=0.24 ba=+0.00 | site=0 sd=0.00 sa=+0.00 | phero=0 pd=0.00 pa=+0.00 | srch=0.00 | wall=1.64
R4[WALL_ESC  ]: L=+1.00 R=+1.00 | carry=0 | base=0.71 ba=+0.22 | site=0 sd=0.00 sa=+0.00 | phero=0 pd=0.00 pa=+0.00 | srch=0.32 | wall=-0.00

[DEPOSIT] Robot 3 deposited! Total: 71
  [PHERO] Laid at (-0.03, 2.73) density=16 prob=1.00 total_entries=9
  [TARGET] Robot 3 → SITE (-0.03,2.73)

======================================================================
Step 23500 (12.5 min) | Pickups: 71 | Deposits: 71 | Rate: 5.66 tags/min | phero_entries=9 phero_max=0.579
======================================================================
R1[SITE      ]: L=+0.90 R=+1.00 | carry=0 | base=0.72 ba=+0.99 | site=1 sd=0.25 sa=+0.53 | phero=0 pd=0.00 pa=+0.00 | srch=0.18 | wall=0.60
R2[PHERO     ]: L=+1.00 R=+1.00 | carry=0 | base=0.52 ba=+0.94 | site=0 sd=0.00 sa=+0.00 | phero=1 pd=0.23 pa=+0.09 | srch=0.16 | wall=0.92
R3[SITE      ]: L=+1.00 R=+0.76 | carry=0 | base=0.31 ba=-0.91 | site=1 sd=0.49 sa=-0.05 | phero=0 pd=0.00 pa=+0.00 | srch=0.09 | wall=1.45
R4[EXPLORE   ]: L=+1.00 R=+0.84 | carry=0 | base=0.55 ba=-0.99 | site=0 sd=0.00 sa=+0.00 | phero=0 pd=0.00 pa=+0.00 | srch=0.44 | wall=1.10

[PICKUP] Robot 2 picked up tag (density=11) | Total: 72

======================================================================
Step 24000 (12.8 min) | Pickups: 72 | Deposits: 71 | Rate: 5.55 tags/min | phero_entries=7 phero_max=0.260
======================================================================
R1[WALL_ESC  ]: L=+1.00 R=+1.00 | carry=0 | base=0.94 ba=+0.14 | site=1 sd=0.22 sa=+0.08 | phero=0 pd=0.00 pa=+0.00 | srch=0.30 | wall=-0.52
R2[RTB       ]: L=+1.00 R=+1.00 | carry=1 | base=0.58 ba=+0.00 | site=0 sd=0.00 sa=+0.00 | phero=0 pd=0.00 pa=+0.00 | srch=0.00 | wall=0.64
R3[WALL_ESC  ]: L=+1.00 R=+1.00 | carry=0 | base=0.78 ba=-0.76 | site=0 sd=0.00 sa=+0.00 | phero=0 pd=0.00 pa=+0.00 | srch=0.21 | wall=-0.24
R4[EXPLORE   ]: L=+1.00 R=+0.93 | carry=0 | base=0.62 ba=-0.52 | site=0 sd=0.00 sa=+0.00 | phero=0 pd=0.00 pa=+0.00 | srch=0.57 | wall=0.66

[PICKUP] Robot 3 picked up tag (density=15) | Total: 73
[PICKUP] Robot 1 picked up tag (density=10) | Total: 74
[DEPOSIT] Robot 2 deposited! Total: 72
  [PHERO] Laid at (-1.15, -2.39) density=11 prob=1.00 total_entries=6
  [TARGET] Robot 2 → SITE (-1.15,-2.39)

======================================================================
Step 24500 (13.1 min) | Pickups: 74 | Deposits: 72 | Rate: 5.51 tags/min | phero_entries=6 phero_max=0.941
======================================================================
R1[RTB       ]: L=+1.00 R=+1.00 | carry=1 | base=0.41 ba=+0.00 | site=0 sd=0.00 sa=+0.00 | phero=0 pd=0.00 pa=+0.00 | srch=0.00 | wall=1.17
R2[BASE_ESC  ]: L=+1.00 R=+0.00 | carry=0 | base=0.06 ba=+0.33 | site=1 sd=0.69 sa=-0.70 | phero=0 pd=0.00 pa=+0.00 | srch=0.01 | wall=2.29
R3[RTB       ]: L=+1.00 R=+1.00 | carry=1 | base=0.34 ba=-0.00 | site=0 sd=0.00 sa=+0.00 | phero=0 pd=0.00 pa=+0.00 | srch=0.00 | wall=1.33
R4[EXPLORE   ]: L=+1.00 R=+1.00 | carry=0 | base=0.57 ba=-0.61 | site=0 sd=0.00 sa=+0.00 | phero=0 pd=0.00 pa=+0.00 | srch=0.69 | wall=0.65

[DEPOSIT] Robot 3 deposited! Total: 73
  [PHERO] Laid at (-0.04, 2.76) density=15 prob=1.00 total_entries=7
  [TARGET] Robot 3 → SITE (-0.04,2.76)
[DEPOSIT] Robot 1 deposited! Total: 74
  [PHERO] Laid at (-1.17, -2.86) density=10 prob=1.00 total_entries=8
  [TARGET] Robot 1 → SITE (-1.17,-2.86)
[GIVE-UP] R4 giving up after 3255 steps

======================================================================
Step 25000 (13.3 min) | Pickups: 74 | Deposits: 74 | Rate: 5.55 tags/min | phero_entries=7 phero_max=0.734
======================================================================
R1[SITE      ]: L=+1.00 R=+1.00 | carry=0 | base=0.16 ba=+0.95 | site=1 sd=0.74 sa=-0.23 | phero=0 pd=0.00 pa=+0.00 | srch=0.05 | wall=1.95
R2[SITE      ]: L=+1.00 R=+1.00 | carry=0 | base=0.52 ba=-0.95 | site=1 sd=0.33 sa=-0.27 | phero=0 pd=0.00 pa=+0.00 | srch=0.13 | wall=0.67
R3[SITE      ]: L=+0.99 R=+1.00 | carry=0 | base=0.22 ba=+0.97 | site=1 sd=0.57 sa=+0.08 | phero=0 pd=0.00 pa=+0.00 | srch=0.06 | wall=1.74
R4[GIVE_UP   ]: L=+1.00 R=+0.10 | carry=0 | base=0.70 ba=-0.34 | site=0 sd=0.00 sa=+0.00 | phero=0 pd=0.00 pa=+0.00 | srch=0.82 | wall=0.35


======================================================================
Step 25500 (13.6 min) | Pickups: 74 | Deposits: 74 | Rate: 5.44 tags/min | phero_entries=6 phero_max=0.330
======================================================================
R1[WALL_ESC  ]: L=+1.00 R=+1.00 | carry=0 | base=0.71 ba=+0.99 | site=1 sd=0.49 sa=-0.49 | phero=0 pd=0.00 pa=+0.00 | srch=0.17 | wall=0.08
R2[WALL_ESC  ]: L=+1.00 R=+0.92 | carry=0 | base=0.93 ba=-0.52 | site=1 sd=0.17 sa=-0.46 | phero=0 pd=0.00 pa=+0.00 | srch=0.26 | wall=-0.49
R3[WALL_ESC  ]: L=+0.94 R=+1.00 | carry=0 | base=0.75 ba=+0.86 | site=1 sd=0.04 sa=+0.06 | phero=0 pd=0.00 pa=+0.00 | srch=0.19 | wall=-0.14
R4[GIVE_UP   ]: L=+1.00 R=+1.00 | carry=0 | base=0.18 ba=-0.00 | site=0 sd=0.00 sa=+0.00 | phero=0 pd=0.00 pa=+0.00 | srch=0.94 | wall=1.95

[PICKUP] Robot 3 picked up tag (density=14) | Total: 75
[EMPTY_RTN] R4 → phero(-1.17,-2.86)
[PICKUP] Robot 1 picked up tag (density=9) | Total: 76
[PICKUP] Robot 2 picked up tag (density=8) | Total: 77

======================================================================
Step 26000 (13.9 min) | Pickups: 77 | Deposits: 74 | Rate: 5.34 tags/min | phero_entries=5 phero_max=0.148
======================================================================
R1[WALL_ESC  ]: L=+1.00 R=+0.55 | carry=1 | base=0.78 ba=-0.19 | site=0 sd=0.00 sa=+0.00 | phero=0 pd=0.00 pa=+0.00 | srch=0.00 | wall=-0.14
R2[WALL_ESC  ]: L=+1.00 R=+0.00 | carry=1 | base=0.82 ba=-0.66 | site=0 sd=0.00 sa=+0.00 | phero=0 pd=0.00 pa=+0.00 | srch=0.00 | wall=-0.09
R3[RTB       ]: L=+1.00 R=+1.00 | carry=1 | base=0.38 ba=+0.00 | site=0 sd=0.00 sa=+0.00 | phero=0 pd=0.00 pa=+0.00 | srch=0.00 | wall=1.17
R4[PHERO     ]: L=+1.00 R=+1.00 | carry=0 | base=0.24 ba=-0.98 | site=0 sd=0.00 sa=+0.00 | phero=1 pd=0.66 pa=+0.16 | srch=0.10 | wall=1.85

[DEPOSIT] Robot 3 deposited! Total: 75
  [PHERO] Laid at (-0.02, 2.75) density=14 prob=1.00 total_entries=6
  [TARGET] Robot 3 → SITE (-0.02,2.75)

======================================================================
Step 26500 (14.1 min) | Pickups: 77 | Deposits: 75 | Rate: 5.31 tags/min | phero_entries=6 phero_max=0.707
======================================================================
R1[RTB       ]: L=+1.00 R=+1.00 | carry=1 | base=0.25 ba=-0.00 | site=0 sd=0.00 sa=+0.00 | phero=0 pd=0.00 pa=+0.00 | srch=0.00 | wall=1.68
R2[RTB       ]: L=+1.00 R=+1.00 | carry=1 | base=0.35 ba=-0.00 | site=0 sd=0.00 sa=+0.00 | phero=0 pd=0.00 pa=+0.00 | srch=0.00 | wall=1.42
R3[SITE      ]: L=+1.00 R=+1.00 | carry=0 | base=0.18 ba=+0.96 | site=1 sd=0.63 sa=-0.23 | phero=0 pd=0.00 pa=+0.00 | srch=0.05 | wall=1.93
R4[WALL_ESC  ]: L=+0.95 R=+1.00 | carry=0 | base=0.78 ba=+0.90 | site=0 sd=0.00 sa=+0.00 | phero=1 pd=0.25 pa=+0.31 | srch=0.23 | wall=0.33

[DEPOSIT] Robot 1 deposited! Total: 76
  [PHERO] Laid at (-0.71, -2.68) density=9 prob=1.00 total_entries=7
  [TARGET] Robot 1 → SITE (-0.71,-2.68)
[DEPOSIT] Robot 2 deposited! Total: 77
  [PHERO] Laid at (-1.18, -2.57) density=8 prob=1.00 total_entries=8
  [TARGET] Robot 2 → SITE (-1.18,-2.57)
[PICKUP] Robot 4 picked up tag (density=7) | Total: 78

======================================================================
Step 27000 (14.4 min) | Pickups: 78 | Deposits: 77 | Rate: 5.35 tags/min | phero_entries=8 phero_max=0.687
======================================================================
R1[SITE      ]: L=+1.00 R=+1.00 | carry=0 | base=0.31 ba=-0.99 | site=1 sd=0.54 sa=+0.26 | phero=0 pd=0.00 pa=+0.00 | srch=0.09 | wall=1.71
R2[SITE      ]: L=+1.00 R=+1.00 | carry=0 | base=0.19 ba=-0.95 | site=1 sd=0.64 sa=+0.23 | phero=0 pd=0.00 pa=+0.00 | srch=0.06 | wall=2.00
R3[SITE      ]: L=+0.55 R=+0.53 | carry=0 | base=0.62 ba=-0.84 | site=1 sd=0.24 sa=-0.14 | phero=0 pd=0.00 pa=+0.00 | srch=0.18 | wall=0.41
R4[WALL_ESC  ]: L=+1.00 R=+1.00 | carry=1 | base=0.74 ba=+0.00 | site=0 sd=0.00 sa=+0.00 | phero=0 pd=0.00 pa=+0.00 | srch=0.00 | wall=0.07


======================================================================
Step 27500 (14.7 min) | Pickups: 78 | Deposits: 77 | Rate: 5.25 tags/min | phero_entries=6 phero_max=0.309
======================================================================
R1[WALL_ESC  ]: L=+0.97 R=+1.00 | carry=0 | base=0.86 ba=+0.96 | site=1 sd=0.42 sa=+0.59 | phero=0 pd=0.00 pa=+0.00 | srch=0.21 | wall=0.33
R2[SITE      ]: L=+1.00 R=+1.00 | carry=0 | base=0.73 ba=+1.00 | site=1 sd=0.42 sa=+0.53 | phero=0 pd=0.00 pa=+0.00 | srch=0.18 | wall=0.37
R3[WALL_ESC  ]: L=-0.01 R=-0.01 | carry=0 | base=0.73 ba=-0.69 | site=1 sd=0.11 sa=-0.05 | phero=0 pd=0.00 pa=+0.00 | srch=0.30 | wall=-0.03
R4[RTB       ]: L=+1.00 R=+1.00 | carry=1 | base=0.19 ba=+0.00 | site=0 sd=0.00 sa=+0.00 | phero=0 pd=0.00 pa=+0.00 | srch=0.00 | wall=1.86

[DEPOSIT] Robot 4 deposited! Total: 78
  [PHERO] Laid at (-1.12, -2.83) density=7 prob=0.99 total_entries=7
  [TARGET] Robot 4 → SITE (-1.12,-2.83)
[PICKUP] Robot 3 picked up tag (density=13) | Total: 79

======================================================================
Step 28000 (14.9 min) | Pickups: 79 | Deposits: 78 | Rate: 5.22 tags/min | phero_entries=7 phero_max=0.538
======================================================================
R1[WALL_ESC  ]: L=+1.00 R=+1.00 | carry=0 | base=0.93 ba=+0.15 | site=1 sd=0.25 sa=-0.12 | phero=0 pd=0.00 pa=+0.00 | srch=0.34 | wall=-0.38
R2[WALL_ESC  ]: L=+0.94 R=+1.00 | carry=0 | base=1.13 ba=+0.54 | site=1 sd=0.42 sa=+0.35 | phero=0 pd=0.00 pa=+0.00 | srch=0.31 | wall=-0.46
R3[RTB       ]: L=+1.00 R=+1.00 | carry=1 | base=0.60 ba=-0.00 | site=0 sd=0.00 sa=+0.00 | phero=0 pd=0.00 pa=+0.00 | srch=0.00 | wall=0.39
R4[SITE      ]: L=+1.00 R=+0.98 | carry=0 | base=0.36 ba=-0.97 | site=1 sd=0.51 sa=-0.07 | phero=0 pd=0.00 pa=+0.00 | srch=0.10 | wall=1.25

[PICKUP] Robot 1 picked up tag (density=6) | Total: 80
[PICKUP] Robot 4 picked up tag (density=5) | Total: 81
[DEPOSIT] Robot 3 deposited! Total: 79
  [PHERO] Laid at (0.01, 2.78) density=13 prob=1.00 total_entries=8
  [TARGET] Robot 3 → SITE (0.01,2.78)

======================================================================
Step 28500 (15.2 min) | Pickups: 81 | Deposits: 79 | Rate: 5.20 tags/min | phero_entries=8 phero_max=0.975
======================================================================
R1[RTB       ]: L=+1.00 R=+1.00 | carry=1 | base=0.42 ba=+0.00 | site=0 sd=0.00 sa=+0.00 | phero=0 pd=0.00 pa=+0.00 | srch=0.00 | wall=1.16
R2[WALL_ESC  ]: L=+1.00 R=+1.00 | carry=0 | base=0.77 ba=+0.12 | site=0 sd=0.00 sa=+0.00 | phero=0 pd=0.00 pa=+0.00 | srch=0.43 | wall=0.04
R3[BASE_ESC  ]: L=+0.00 R=+1.00 | carry=0 | base=0.07 ba=-0.14 | site=1 sd=0.73 sa=+0.87 | phero=0 pd=0.00 pa=+0.00 | srch=0.00 | wall=2.27
R4[WALL_ESC  ]: L=+1.00 R=+0.93 | carry=1 | base=0.71 ba=-0.03 | site=0 sd=0.00 sa=+0.00 | phero=0 pd=0.00 pa=+0.00 | srch=0.00 | wall=0.22

[DEPOSIT] Robot 1 deposited! Total: 80
  [PHERO] Laid at (-1.15, -2.61) density=6 prob=0.97 total_entries=8
  [TARGET] Robot 1 → SITE (-1.15,-2.61)

======================================================================
Step 29000 (15.5 min) | Pickups: 81 | Deposits: 80 | Rate: 5.17 tags/min | phero_entries=8 phero_max=0.744
======================================================================
R1[SITE      ]: L=+1.00 R=+1.00 | carry=0 | base=0.15 ba=+0.95 | site=1 sd=0.68 sa=-0.23 | phero=0 pd=0.00 pa=+0.00 | srch=0.05 | wall=1.98
R2[EXPLORE   ]: L=+1.00 R=+1.00 | carry=0 | base=0.33 ba=+0.34 | site=0 sd=0.00 sa=+0.00 | phero=0 pd=0.00 pa=+0.00 | srch=0.56 | wall=1.38
R3[SITE      ]: L=+0.78 R=+0.76 | carry=0 | base=0.46 ba=+0.98 | site=1 sd=0.34 sa=-0.09 | phero=0 pd=0.00 pa=+0.00 | srch=0.13 | wall=0.89
R4[RTB       ]: L=+1.00 R=+1.00 | carry=1 | base=0.16 ba=-0.00 | site=0 sd=0.00 sa=+0.00 | phero=0 pd=0.00 pa=+0.00 | srch=0.00 | wall=1.98

[DEPOSIT] Robot 4 deposited! Total: 81
  [PHERO] Laid at (-0.91, -2.45) density=5 prob=0.92 total_entries=8
  [TARGET] Robot 4 → SITE (-0.91,-2.45)
[PICKUP] Robot 3 picked up tag (density=12) | Total: 82

======================================================================
Step 29500 (15.7 min) | Pickups: 82 | Deposits: 81 | Rate: 5.15 tags/min | phero_entries=7 phero_max=0.512
======================================================================
R1[WALL_ESC  ]: L=+1.00 R=+0.98 | carry=0 | base=0.67 ba=-0.79 | site=1 sd=0.39 sa=-0.25 | phero=0 pd=0.00 pa=+0.00 | srch=0.17 | wall=0.17
R2[EXPLORE   ]: L=+1.00 R=+1.00 | carry=0 | base=0.49 ba=+0.80 | site=0 sd=0.00 sa=+0.00 | phero=0 pd=0.00 pa=+0.00 | srch=0.68 | wall=0.81
R3[WALL_ESC  ]: L=+1.00 R=+0.01 | carry=1 | base=0.81 ba=-0.40 | site=0 sd=0.00 sa=+0.00 | phero=0 pd=0.00 pa=+0.00 | srch=0.00 | wall=-0.34
R4[SITE      ]: L=+1.00 R=+1.00 | carry=0 | base=0.40 ba=-1.00 | site=1 sd=0.45 sa=+0.33 | phero=0 pd=0.00 pa=+0.00 | srch=0.10 | wall=1.39

[PICKUP] Robot 1 picked up tag (density=4) | Total: 83

======================================================================
Step 30000 (16.0 min) | Pickups: 83 | Deposits: 81 | Rate: 5.06 tags/min | phero_entries=7 phero_max=0.230
======================================================================
R1[WALL_ESC  ]: L=+1.00 R=+0.81 | carry=1 | base=0.83 ba=-0.07 | site=0 sd=0.00 sa=+0.00 | phero=0 pd=0.00 pa=+0.00 | srch=0.00 | wall=-0.28
R2[WALL_ESC  ]: L=+1.00 R=+1.00 | carry=0 | base=0.98 ba=+0.90 | site=0 sd=0.00 sa=+0.00 | phero=0 pd=0.00 pa=+0.00 | srch=0.81 | wall=-0.55
R3[RTB       ]: L=+1.00 R=+1.00 | carry=1 | base=0.30 ba=-0.00 | site=0 sd=0.00 sa=+0.00 | phero=0 pd=0.00 pa=+0.00 | srch=0.00 | wall=1.45
R4[WALL_ESC  ]: L=+0.96 R=+1.00 | carry=0 | base=0.81 ba=+0.49 | site=1 sd=0.17 sa=+0.14 | phero=0 pd=0.00 pa=+0.00 | srch=0.23 | wall=0.11

[PICKUP] Robot 4 picked up tag (density=3) | Total: 84
[DEPOSIT] Robot 3 deposited! Total: 82
  [PHERO] Laid at (0.01, 2.82) density=12 prob=1.00 total_entries=8
  [TARGET] Robot 3 → SITE (0.01,2.82)

======================================================================
Step 30500 (16.3 min) | Pickups: 84 | Deposits: 82 | Rate: 5.04 tags/min | phero_entries=8 phero_max=0.627
======================================================================
R1[RTB       ]: L=+1.00 R=+1.00 | carry=1 | base=0.29 ba=-0.00 | site=0 sd=0.00 sa=+0.00 | phero=0 pd=0.00 pa=+0.00 | srch=0.00 | wall=1.54
R2[WALL_ESC  ]: L=+1.00 R=+1.00 | carry=0 | base=0.83 ba=+0.42 | site=0 sd=0.00 sa=+0.00 | phero=0 pd=0.00 pa=+0.00 | srch=0.93 | wall=0.20
R3[SITE      ]: L=+0.98 R=+1.00 | carry=0 | base=0.26 ba=+0.95 | site=1 sd=0.56 sa=+0.03 | phero=0 pd=0.00 pa=+0.00 | srch=0.07 | wall=1.62
R4[RTB       ]: L=+1.00 R=+1.00 | carry=1 | base=0.41 ba=+0.00 | site=0 sd=0.00 sa=+0.00 | phero=0 pd=0.00 pa=+0.00 | srch=0.00 | wall=1.16

[DEPOSIT] Robot 1 deposited! Total: 83
  [PHERO] Laid at (-0.87, -2.89) density=4 prob=0.82 total_entries=8
  [TARGET] Robot 1 → SITE (-0.87,-2.89)
[DEPOSIT] Robot 4 deposited! Total: 84
  [PHERO] Laid at (-1.06, -2.53) density=3 prob=0.65 total_entries=9
  [TARGET] Robot 4 → SITE (-1.06,-2.53)
[PICKUP] Robot 2 picked up tag (density=11) | Total: 85

======================================================================
Step 31000 (16.5 min) | Pickups: 85 | Deposits: 84 | Rate: 5.08 tags/min | phero_entries=8 phero_max=0.741
======================================================================
R1[SITE      ]: L=+1.00 R=+1.00 | carry=0 | base=0.27 ba=-0.99 | site=1 sd=0.62 sa=+0.21 | phero=0 pd=0.00 pa=+0.00 | srch=0.08 | wall=1.79
R2[WALL_ESC  ]: L=+0.66 R=+1.00 | carry=1 | base=0.83 ba=+0.13 | site=0 sd=0.00 sa=+0.00 | phero=0 pd=0.00 pa=+0.00 | srch=0.00 | wall=-0.41
R3[WALL_ESC  ]: L=+0.49 R=+0.45 | carry=0 | base=0.72 ba=-0.92 | site=1 sd=0.11 sa=-0.13 | phero=0 pd=0.00 pa=+0.00 | srch=0.20 | wall=-0.00
R4[SITE      ]: L=+1.00 R=+1.00 | carry=0 | base=0.15 ba=-0.94 | site=1 sd=0.65 sa=+0.22 | phero=0 pd=0.00 pa=+0.00 | srch=0.05 | wall=2.12

[PICKUP] Robot 3 picked up tag (density=10) | Total: 86

======================================================================
Step 31500 (16.8 min) | Pickups: 86 | Deposits: 84 | Rate: 5.00 tags/min | phero_entries=7 phero_max=0.333
======================================================================
R1[SITE      ]: L=+1.00 R=+1.00 | carry=0 | base=0.82 ba=+1.00 | site=1 sd=0.37 sa=+0.53 | phero=0 pd=0.00 pa=+0.00 | srch=0.20 | wall=0.37
R2[RTB       ]: L=+1.00 R=+1.00 | carry=1 | base=0.29 ba=+0.00 | site=0 sd=0.00 sa=+0.00 | phero=0 pd=0.00 pa=+0.00 | srch=0.00 | wall=1.49
R3[RTB       ]: L=+1.00 R=+1.00 | carry=1 | base=0.59 ba=-0.00 | site=0 sd=0.00 sa=+0.00 | phero=0 pd=0.00 pa=+0.00 | srch=0.00 | wall=0.45
R4[SITE      ]: L=+0.94 R=+1.00 | carry=0 | base=0.69 ba=+0.87 | site=1 sd=0.37 sa=+0.36 | phero=0 pd=0.00 pa=+0.00 | srch=0.17 | wall=0.63

[DEPOSIT] Robot 2 deposited! Total: 85
  [PHERO] Laid at (0.26, 2.96) density=11 prob=1.00 total_entries=8
  [TARGET] Robot 2 → SITE (0.26,2.96)
[DEPOSIT] Robot 3 deposited! Total: 86
  [PHERO] Laid at (-0.03, 2.81) density=10 prob=1.00 total_entries=8
  [TARGET] Robot 3 → SITE (-0.03,2.81)
[PICKUP] Robot 4 picked up tag (density=2) | Total: 87

======================================================================
Step 32000 (17.1 min) | Pickups: 87 | Deposits: 86 | Rate: 5.04 tags/min | phero_entries=8 phero_max=0.953
======================================================================
R1[WALL_ESC  ]: L=+1.00 R=+1.00 | carry=0 | base=1.07 ba=+0.06 | site=1 sd=0.40 sa=-0.22 | phero=0 pd=0.00 pa=+0.00 | srch=0.33 | wall=-0.48
R2[SITE      ]: L=+1.00 R=+1.00 | carry=0 | base=0.27 ba=+0.97 | site=1 sd=0.62 sa=-0.26 | phero=0 pd=0.00 pa=+0.00 | srch=0.08 | wall=1.62
R3[BASE_ESC  ]: L=+0.00 R=+1.00 | carry=0 | base=0.06 ba=-0.31 | site=1 sd=0.74 sa=+0.72 | phero=0 pd=0.00 pa=+0.00 | srch=0.01 | wall=2.28
R4[WALL_ESC  ]: L=+0.00 R=+1.00 | carry=1 | base=0.79 ba=+0.53 | site=0 sd=0.00 sa=+0.00 | phero=0 pd=0.00 pa=+0.00 | srch=0.00 | wall=-0.07


======================================================================
Step 32500 (17.3 min) | Pickups: 87 | Deposits: 86 | Rate: 4.96 tags/min | phero_entries=8 phero_max=0.428
======================================================================
R1[SITE      ]: L=+1.00 R=+0.93 | carry=0 | base=0.64 ba=+0.51 | site=1 sd=0.22 sa=-0.46 | phero=0 pd=0.00 pa=+0.00 | srch=0.45 | wall=0.36
R2[WALL_ESC  ]: L=+1.00 R=+0.97 | carry=0 | base=0.76 ba=-0.77 | site=1 sd=0.23 sa=-0.19 | phero=0 pd=0.00 pa=+0.00 | srch=0.20 | wall=-0.12
R3[SITE      ]: L=+1.00 R=+1.00 | carry=0 | base=0.51 ba=+0.94 | site=1 sd=0.30 sa=-0.06 | phero=0 pd=0.00 pa=+0.00 | srch=0.13 | wall=0.73
R4[RTB       ]: L=+1.00 R=+1.00 | carry=1 | base=0.31 ba=+0.00 | site=0 sd=0.00 sa=+0.00 | phero=0 pd=0.00 pa=+0.00 | srch=0.00 | wall=1.48

[PICKUP] Robot 2 picked up tag (density=9) | Total: 88
[DEPOSIT] Robot 4 deposited! Total: 87
  [TARGET] Robot 4 → SITE (-1.02,-2.56)
[PICKUP] Robot 3 picked up tag (density=8) | Total: 89

======================================================================
Step 33000 (17.6 min) | Pickups: 89 | Deposits: 87 | Rate: 4.94 tags/min | phero_entries=7 phero_max=0.192
======================================================================
R1[WALL_ESC  ]: L=+0.96 R=+1.00 | carry=0 | base=0.87 ba=-0.18 | site=1 sd=0.21 sa=+0.27 | phero=0 pd=0.00 pa=+0.00 | srch=0.58 | wall=-0.55
R2[RTB       ]: L=+1.00 R=+1.00 | carry=1 | base=0.53 ba=+0.00 | site=0 sd=0.00 sa=+0.00 | phero=0 pd=0.00 pa=+0.00 | srch=0.00 | wall=0.63
R3[WALL_ESC  ]: L=+1.00 R=+0.34 | carry=1 | base=0.83 ba=-0.25 | site=0 sd=0.00 sa=+0.00 | phero=0 pd=0.00 pa=+0.00 | srch=0.00 | wall=-0.40
R4[SITE      ]: L=+1.00 R=+1.00 | carry=0 | base=0.24 ba=-0.96 | site=1 sd=0.55 sa=-0.02 | phero=0 pd=0.00 pa=+0.00 | srch=0.07 | wall=1.69

[DEPOSIT] Robot 2 deposited! Total: 88
  [PHERO] Laid at (-0.26, 2.91) density=9 prob=1.00 total_entries=6
  [TARGET] Robot 2 → SITE (-0.26,2.91)

======================================================================
Step 33500 (17.9 min) | Pickups: 89 | Deposits: 88 | Rate: 4.93 tags/min | phero_entries=6 phero_max=0.883
======================================================================
R1[WALL_ESC  ]: L=+1.00 R=+1.00 | carry=0 | base=0.91 ba=-0.19 | site=0 sd=0.00 sa=+0.00 | phero=0 pd=0.00 pa=+0.00 | srch=0.70 | wall=-0.47
R2[BASE_ESC  ]: L=+1.00 R=+0.00 | carry=0 | base=0.06 ba=+0.67 | site=1 sd=0.77 sa=-0.37 | phero=0 pd=0.00 pa=+0.00 | srch=0.02 | wall=2.28
R3[RTB       ]: L=+1.00 R=+1.00 | carry=1 | base=0.29 ba=-0.00 | site=0 sd=0.00 sa=+0.00 | phero=0 pd=0.00 pa=+0.00 | srch=0.00 | wall=1.47
R4[WALL_ESC  ]: L=+0.91 R=+0.80 | carry=0 | base=0.76 ba=-0.98 | site=1 sd=0.03 sa=-0.06 | phero=0 pd=0.00 pa=+0.00 | srch=0.20 | wall=0.01

[DEPOSIT] Robot 3 deposited! Total: 89
  [PHERO] Laid at (-0.03, 2.89) density=8 prob=1.00 total_entries=7
  [TARGET] Robot 3 → SITE (-0.03,2.89)
[GIVE-UP] R4 giving up after 1188 steps

======================================================================
Step 34000 (18.1 min) | Pickups: 89 | Deposits: 89 | Rate: 4.91 tags/min | phero_entries=7 phero_max=0.623
======================================================================
R1[EXPLORE   ]: L=+1.00 R=+1.00 | carry=0 | base=0.55 ba=-0.39 | site=0 sd=0.00 sa=+0.00 | phero=0 pd=0.00 pa=+0.00 | srch=0.83 | wall=0.93
R2[SITE      ]: L=+1.00 R=+0.97 | carry=0 | base=0.56 ba=-0.85 | site=1 sd=0.39 sa=-0.18 | phero=0 pd=0.00 pa=+0.00 | srch=0.14 | wall=0.77
R3[SITE      ]: L=+1.00 R=+1.00 | carry=0 | base=0.27 ba=+1.00 | site=1 sd=0.58 sa=+0.18 | phero=0 pd=0.00 pa=+0.00 | srch=0.07 | wall=1.62
R4[WALL_ESC  ]: L=+1.00 R=+0.99 | carry=0 | base=0.88 ba=-0.00 | site=0 sd=0.00 sa=+0.00 | phero=0 pd=0.00 pa=+0.00 | srch=0.32 | wall=-0.10

[PICKUP] Robot 1 picked up tag (density=9) | Total: 90
[PICKUP] Robot 2 picked up tag (density=7) | Total: 91

======================================================================
Step 34500 (18.4 min) | Pickups: 91 | Deposits: 89 | Rate: 4.84 tags/min | phero_entries=7 phero_max=0.280
======================================================================
R1[RTB       ]: L=+1.00 R=+1.00 | carry=1 | base=0.13 ba=-0.00 | site=0 sd=0.00 sa=+0.00 | phero=0 pd=0.00 pa=+0.00 | srch=0.00 | wall=2.06
R2[WALL_ESC  ]: L=+1.00 R=+0.77 | carry=1 | base=0.85 ba=-0.09 | site=0 sd=0.00 sa=+0.00 | phero=0 pd=0.00 pa=+0.00 | srch=0.00 | wall=-0.46
R3[WALL_ESC  ]: L=+1.00 R=+1.00 | carry=0 | base=0.76 ba=+0.77 | site=1 sd=0.07 sa=-0.07 | phero=0 pd=0.00 pa=+0.00 | srch=0.20 | wall=-0.16
R4[GIVE_UP   ]: L=+1.00 R=+1.00 | carry=0 | base=0.33 ba=-0.00 | site=0 sd=0.00 sa=+0.00 | phero=0 pd=0.00 pa=+0.00 | srch=0.45 | wall=1.52

[DEPOSIT] Robot 1 deposited! Total: 90
  [PHERO] Laid at (-1.68, -0.72) density=9 prob=1.00 total_entries=7
  [TARGET] Robot 1 → SITE (-1.68,-0.72)
[PICKUP] Robot 3 picked up tag (density=6) | Total: 92
[EMPTY_RTN] R4 → phero(-0.26,2.91)

======================================================================
Step 35000 (18.7 min) | Pickups: 92 | Deposits: 90 | Rate: 4.82 tags/min | phero_entries=7 phero_max=0.491
======================================================================
R1[SITE      ]: L=+1.00 R=+1.00 | carry=0 | base=0.39 ba=+0.85 | site=1 sd=0.14 sa=-0.02 | phero=0 pd=0.00 pa=+0.00 | srch=0.11 | wall=1.19
R2[RTB       ]: L=+1.00 R=+1.00 | carry=1 | base=0.30 ba=-0.00 | site=0 sd=0.00 sa=+0.00 | phero=0 pd=0.00 pa=+0.00 | srch=0.00 | wall=1.44
R3[RTB       ]: L=+1.00 R=+1.00 | carry=1 | base=0.53 ba=+0.00 | site=0 sd=0.00 sa=+0.00 | phero=0 pd=0.00 pa=+0.00 | srch=0.00 | wall=0.66
R4[PHERO     ]: L=+1.00 R=+0.01 | carry=0 | base=0.07 ba=-0.38 | site=0 sd=0.00 sa=+0.00 | phero=1 pd=0.87 pa=-0.07 | srch=0.07 | wall=2.29

[DEPOSIT] Robot 2 deposited! Total: 91
  [PHERO] Laid at (-0.26, 3.04) density=7 prob=0.99 total_entries=6
  [TARGET] Robot 2 → SITE (-0.26,3.04)
[DEPOSIT] Robot 3 deposited! Total: 92
  [PHERO] Laid at (-0.12, 2.97) density=6 prob=0.97 total_entries=7
  [TARGET] Robot 3 → SITE (-0.12,2.97)

======================================================================
Step 35500 (18.9 min) | Pickups: 92 | Deposits: 92 | Rate: 4.86 tags/min | phero_entries=7 phero_max=0.874
======================================================================
R1[WALL_ESC  ]: L=+1.00 R=+1.00 | carry=0 | base=0.92 ba=+0.95 | site=0 sd=0.00 sa=+0.00 | phero=0 pd=0.00 pa=+0.00 | srch=0.24 | wall=-0.29
R2[SITE      ]: L=+1.00 R=+1.00 | carry=0 | base=0.26 ba=+1.00 | site=1 sd=0.63 sa=+0.12 | phero=0 pd=0.00 pa=+0.00 | srch=0.07 | wall=1.61
R3[BASE_ESC  ]: L=+1.00 R=+0.00 | carry=0 | base=0.06 ba=+0.69 | site=1 sd=0.79 sa=-0.38 | phero=0 pd=0.00 pa=+0.00 | srch=0.02 | wall=2.28
R4[PHERO     ]: L=+1.00 R=+1.00 | carry=0 | base=0.25 ba=-0.92 | site=0 sd=0.00 sa=+0.00 | phero=1 pd=0.59 pa=-0.00 | srch=0.19 | wall=1.64


======================================================================
Step 36000 (19.2 min) | Pickups: 92 | Deposits: 92 | Rate: 4.79 tags/min | phero_entries=7 phero_max=0.393
======================================================================
R1[WALL_ESC  ]: L=+1.00 R=+1.00 | carry=0 | base=0.92 ba=+0.40 | site=0 sd=0.00 sa=+0.00 | phero=0 pd=0.00 pa=+0.00 | srch=0.36 | wall=0.09
R2[WALL_ESC  ]: L=+0.99 R=+1.00 | carry=0 | base=0.80 ba=+0.96 | site=1 sd=0.15 sa=+0.33 | phero=0 pd=0.00 pa=+0.00 | srch=0.20 | wall=-0.30
R3[SITE      ]: L=+1.00 R=+0.96 | carry=0 | base=0.56 ba=-0.82 | site=1 sd=0.38 sa=-0.10 | phero=0 pd=0.00 pa=+0.00 | srch=0.15 | wall=0.70
R4[WALL_ESC  ]: L=+0.37 R=+0.36 | carry=0 | base=0.63 ba=-0.92 | site=0 sd=0.00 sa=+0.00 | phero=1 pd=0.20 pa=+0.08 | srch=0.32 | wall=0.29

[PICKUP] Robot 2 picked up tag (density=5) | Total: 93
[PICKUP] Robot 3 picked up tag (density=4) | Total: 94

======================================================================
Step 36500 (19.5 min) | Pickups: 94 | Deposits: 92 | Rate: 4.73 tags/min | phero_entries=5 phero_max=0.177
======================================================================
R1[WALL_ESC  ]: L=+0.00 R=+1.00 | carry=0 | base=0.91 ba=+0.34 | site=0 sd=0.00 sa=+0.00 | phero=0 pd=0.00 pa=+0.00 | srch=0.49 | wall=-0.65
R2[RTB       ]: L=+1.00 R=+1.00 | carry=1 | base=0.44 ba=+0.00 | site=0 sd=0.00 sa=+0.00 | phero=0 pd=0.00 pa=+0.00 | srch=0.00 | wall=0.96
R3[WALL_ESC  ]: L=+1.00 R=+0.93 | carry=1 | base=0.81 ba=-0.03 | site=0 sd=0.00 sa=+0.00 | phero=0 pd=0.00 pa=+0.00 | srch=0.00 | wall=-0.34
R4[WALL_ESC  ]: L=+1.00 R=+0.76 | carry=0 | base=0.78 ba=+0.22 | site=0 sd=0.00 sa=+0.00 | phero=0 pd=0.00 pa=+0.00 | srch=0.44 | wall=-0.20

[DEPOSIT] Robot 2 deposited! Total: 93
  [PHERO] Laid at (0.18, 2.91) density=5 prob=0.92 total_entries=6
  [TARGET] Robot 2 → SITE (0.18,2.91)

======================================================================
Step 37000 (19.7 min) | Pickups: 94 | Deposits: 93 | Rate: 4.71 tags/min | phero_entries=6 phero_max=0.770
======================================================================
R1[EXPLORE   ]: L=+1.00 R=+1.00 | carry=0 | base=0.63 ba=+0.43 | site=0 sd=0.00 sa=+0.00 | phero=0 pd=0.00 pa=+0.00 | srch=0.61 | wall=0.53
R2[SITE      ]: L=+1.00 R=+1.00 | carry=0 | base=0.13 ba=+0.94 | site=1 sd=0.72 sa=-0.22 | phero=0 pd=0.00 pa=+0.00 | srch=0.04 | wall=2.09
R3[RTB       ]: L=+1.00 R=+1.00 | carry=1 | base=0.26 ba=-0.00 | site=0 sd=0.00 sa=+0.00 | phero=0 pd=0.00 pa=+0.00 | srch=0.00 | wall=1.58
R4[WALL_ESC  ]: L=+1.00 R=+1.00 | carry=0 | base=0.80 ba=-0.14 | site=0 sd=0.00 sa=+0.00 | phero=0 pd=0.00 pa=+0.00 | srch=0.57 | wall=-0.25

[DEPOSIT] Robot 3 deposited! Total: 94
  [PHERO] Laid at (-0.12, 3.00) density=4 prob=0.82 total_entries=7
  [TARGET] Robot 3 → SITE (-0.12,3.00)

======================================================================
Step 37500 (20.0 min) | Pickups: 94 | Deposits: 94 | Rate: 4.70 tags/min | phero_entries=7 phero_max=0.595
======================================================================
R1[WALL_ESC  ]: L=+1.00 R=+1.00 | carry=0 | base=0.73 ba=+0.68 | site=0 sd=0.00 sa=+0.00 | phero=0 pd=0.00 pa=+0.00 | srch=0.74 | wall=0.04
R2[SITE      ]: L=+1.00 R=+0.98 | carry=0 | base=0.65 ba=-0.84 | site=1 sd=0.39 sa=-0.27 | phero=0 pd=0.00 pa=+0.00 | srch=0.17 | wall=0.41
R3[SITE      ]: L=+1.00 R=+1.00 | carry=0 | base=0.30 ba=+1.00 | site=1 sd=0.59 sa=+0.20 | phero=0 pd=0.00 pa=+0.00 | srch=0.08 | wall=1.52
R4[WALL_ESC  ]: L=+1.00 R=+0.67 | carry=0 | base=0.67 ba=-0.40 | site=0 sd=0.00 sa=+0.00 | phero=0 pd=0.00 pa=+0.00 | srch=0.69 | wall=0.15


======================================================================
Step 38000 (20.3 min) | Pickups: 94 | Deposits: 94 | Rate: 4.64 tags/min | phero_entries=6 phero_max=0.267
======================================================================
R1[WALL_ESC  ]: L=+1.00 R=+1.00 | carry=0 | base=0.74 ba=+0.24 | site=0 sd=0.00 sa=+0.00 | phero=0 pd=0.00 pa=+0.00 | srch=0.86 | wall=-0.08
R2[WALL_ESC  ]: L=+1.00 R=+1.00 | carry=0 | base=0.81 ba=-0.26 | site=1 sd=0.08 sa=+0.31 | phero=0 pd=0.00 pa=+0.00 | srch=0.29 | wall=-0.33
R3[WALL_ESC  ]: L=+0.95 R=+1.00 | carry=0 | base=0.79 ba=+0.73 | site=1 sd=0.12 sa=+0.07 | phero=0 pd=0.00 pa=+0.00 | srch=0.21 | wall=-0.25
R4[EXPLORE   ]: L=+1.00 R=+0.55 | carry=0 | base=0.58 ba=+0.23 | site=0 sd=0.00 sa=+0.00 | phero=0 pd=0.00 pa=+0.00 | srch=0.82 | wall=0.47

[PICKUP] Robot 3 picked up tag (density=3) | Total: 95
[GIVE-UP] R1 giving up after 3525 steps
[PICKUP] Robot 2 picked up tag (density=2) | Total: 96

======================================================================
Step 38500 (20.5 min) | Pickups: 96 | Deposits: 94 | Rate: 4.58 tags/min | phero_entries=5 phero_max=0.120
======================================================================
R1[GIVE_UP   ]: L=+1.00 R=+1.00 | carry=0 | base=0.24 ba=+0.00 | site=0 sd=0.00 sa=+0.00 | phero=0 pd=0.00 pa=+0.00 | srch=0.99 | wall=1.69
R2[WALL_ESC  ]: L=+1.00 R=+1.00 | carry=1 | base=0.66 ba=+0.00 | site=0 sd=0.00 sa=+0.00 | phero=0 pd=0.00 pa=+0.00 | srch=0.00 | wall=0.20
R3[RTB       ]: L=+1.00 R=+1.00 | carry=1 | base=0.43 ba=-0.00 | site=0 sd=0.00 sa=+0.00 | phero=0 pd=0.00 pa=+0.00 | srch=0.00 | wall=0.99
R4[EXPLORE   ]: L=+1.00 R=+0.69 | carry=0 | base=0.60 ba=+0.94 | site=0 sd=0.00 sa=+0.00 | phero=0 pd=0.00 pa=+0.00 | srch=0.94 | wall=0.41

[GIVE-UP] R4 giving up after 3879 steps
[EMPTY_RTN] R1 → phero(-0.12,3.00)
[DEPOSIT] Robot 3 deposited! Total: 95
  [PHERO] Laid at (0.07, 2.89) density=3 prob=0.65 total_entries=6
  [TARGET] Robot 3 → SITE (0.07,2.89)

======================================================================
Step 39000 (20.8 min) | Pickups: 96 | Deposits: 95 | Rate: 4.57 tags/min | phero_entries=5 phero_max=0.762
======================================================================
R1[PHERO     ]: L=+1.00 R=+1.00 | carry=0 | base=0.33 ba=+0.98 | site=0 sd=0.00 sa=+0.00 | phero=1 pd=0.68 pa=+0.36 | srch=0.09 | wall=1.68
R2[RTB       ]: L=+1.00 R=+1.00 | carry=1 | base=0.11 ba=+0.00 | site=0 sd=0.00 sa=+0.00 | phero=0 pd=0.00 pa=+0.00 | srch=0.00 | wall=2.11
R3[SITE      ]: L=+0.91 R=+0.91 | carry=0 | base=0.13 ba=-0.99 | site=1 sd=0.70 sa=+0.11 | phero=0 pd=0.00 pa=+0.00 | srch=0.04 | wall=2.07
R4[GIVE_UP   ]: L=+1.00 R=+1.00 | carry=0 | base=0.31 ba=-0.00 | site=0 sd=0.00 sa=+0.00 | phero=0 pd=0.00 pa=+0.00 | srch=1.00 | wall=1.43

[DEPOSIT] Robot 2 deposited! Total: 96
  [PHERO] Laid at (0.25, 3.06) density=2 prob=0.42 total_entries=6
  [TARGET] Robot 2 → SITE (0.25,3.06)
[EMPTY_RTN] R4 → phero(0.25,3.06)

======================================================================
Step 39500 (21.1 min) | Pickups: 96 | Deposits: 96 | Rate: 4.56 tags/min | phero_entries=6 phero_max=0.476
======================================================================
R1[WALL_ESC  ]: L=+1.00 R=+1.00 | carry=0 | base=0.87 ba=+0.99 | site=0 sd=0.00 sa=+0.00 | phero=1 pd=0.67 pa=+0.62 | srch=0.21 | wall=0.26
R2[SITE      ]: L=+1.00 R=+1.00 | carry=0 | base=0.44 ba=-0.93 | site=1 sd=0.48 sa=-0.12 | phero=0 pd=0.00 pa=+0.00 | srch=0.12 | wall=1.00
R3[WALL_ESC  ]: L=+0.97 R=+1.00 | carry=0 | base=0.64 ba=+0.95 | site=1 sd=0.20 sa=+0.10 | phero=0 pd=0.00 pa=+0.00 | srch=0.17 | wall=0.27
R4[PHERO     ]: L=+0.94 R=+0.94 | carry=0 | base=0.25 ba=+0.99 | site=0 sd=0.00 sa=+0.00 | phero=1 pd=0.63 pa=+0.08 | srch=0.07 | wall=1.64

[PICKUP] Robot 3 picked up tag (density=1) | Total: 97

======================================================================
Step 40000 (21.3 min) | Pickups: 97 | Deposits: 96 | Rate: 4.50 tags/min | phero_entries=4 phero_max=0.214
======================================================================
R1[WALL_ESC  ]: L=+1.00 R=+1.00 | carry=0 | base=1.16 ba=+0.09 | site=0 sd=0.00 sa=+0.00 | phero=1 pd=0.80 pa=-0.17 | srch=0.34 | wall=-0.57
R2[WALL_ESC  ]: L=+1.00 R=+0.00 | carry=0 | base=0.90 ba=-0.37 | site=1 sd=0.11 sa=+0.02 | phero=0 pd=0.00 pa=+0.00 | srch=0.24 | wall=-0.66
R3[WALL_ESC  ]: L=+1.00 R=+1.00 | carry=1 | base=0.63 ba=+0.00 | site=0 sd=0.00 sa=+0.00 | phero=0 pd=0.00 pa=+0.00 | srch=0.00 | wall=0.30
R4[WALL_ESC  ]: L=+0.53 R=+0.54 | carry=0 | base=0.67 ba=-0.96 | site=0 sd=0.00 sa=+0.00 | phero=1 pd=0.25 pa=+0.26 | srch=0.20 | wall=0.25


======================================================================
Step 40500 (21.6 min) | Pickups: 97 | Deposits: 96 | Rate: 4.44 tags/min | phero_entries=4 phero_max=0.096
======================================================================
R1[PHERO     ]: L=+1.00 R=+0.94 | carry=0 | base=0.66 ba=+0.19 | site=0 sd=0.00 sa=+0.00 | phero=1 pd=0.43 pa=-0.37 | srch=0.46 | wall=0.45
R2[WALL_ESC  ]: L=+1.00 R=+1.00 | carry=0 | base=0.93 ba=-0.54 | site=0 sd=0.00 sa=+0.00 | phero=0 pd=0.00 pa=+0.00 | srch=0.37 | wall=-0.38
R3[RTB       ]: L=+1.00 R=+1.00 | carry=1 | base=0.08 ba=+0.00 | site=0 sd=0.00 sa=+0.00 | phero=0 pd=0.00 pa=+0.00 | srch=0.00 | wall=2.21
R4[WALL_ESC  ]: L=+0.00 R=+1.00 | carry=0 | base=0.91 ba=+0.53 | site=0 sd=0.00 sa=+0.00 | phero=1 pd=0.06 pa=+0.22 | srch=0.32 | wall=-0.65

[DEPOSIT] Robot 3 deposited! Total: 97
  [TARGET] Robot 3 → SITE (0.02,2.97)

======================================================================
Step 41000 (21.9 min) | Pickups: 97 | Deposits: 97 | Rate: 4.44 tags/min | phero_entries=4 phero_max=0.043
======================================================================
R1[PHERO     ]: L=+1.00 R=+1.00 | carry=0 | base=0.52 ba=+0.65 | site=0 sd=0.00 sa=+0.00 | phero=1 pd=0.43 pa=-0.62 | srch=0.59 | wall=0.86
R2[WALL_ESC  ]: L=+1.00 R=+0.00 | carry=0 | base=1.11 ba=-0.34 | site=0 sd=0.00 sa=+0.00 | phero=0 pd=0.00 pa=+0.00 | srch=0.49 | wall=-0.67
R3[SITE      ]: L=+1.00 R=+1.00 | carry=0 | base=0.46 ba=-0.90 | site=1 sd=0.40 sa=+0.03 | phero=0 pd=0.00 pa=+0.00 | srch=0.12 | wall=0.90
R4[WALL_ESC  ]: L=+1.00 R=-0.55 | carry=0 | base=0.86 ba=-0.29 | site=0 sd=0.00 sa=+0.00 | phero=0 pd=0.00 pa=+0.00 | srch=0.45 | wall=-0.50

[PICKUP] Robot 1 picked up tag (density=12) | Total: 98

======================================================================
Step 41500 (22.1 min) | Pickups: 98 | Deposits: 97 | Rate: 4.38 tags/min | phero_entries=2 phero_max=0.019
======================================================================
R1[RTB       ]: L=+0.99 R=+1.00 | carry=1 | base=0.70 ba=+0.00 | site=0 sd=0.00 sa=+0.00 | phero=0 pd=0.00 pa=+0.00 | srch=0.00 | wall=0.71
R2[EXPLORE   ]: L=+1.00 R=+1.00 | carry=0 | base=0.62 ba=-0.13 | site=0 sd=0.00 sa=+0.00 | phero=0 pd=0.00 pa=+0.00 | srch=0.62 | wall=0.53
R3[WALL_ESC  ]: L=+0.00 R=+1.00 | carry=0 | base=0.91 ba=+0.36 | site=0 sd=0.00 sa=+0.00 | phero=0 pd=0.00 pa=+0.00 | srch=0.25 | wall=-0.67
R4[WALL_ESC  ]: L=+1.00 R=+1.00 | carry=0 | base=0.84 ba=+0.22 | site=0 sd=0.00 sa=+0.00 | phero=0 pd=0.00 pa=+0.00 | srch=0.57 | wall=-0.44

[GIVE-UP] R3 giving up after 1092 steps

======================================================================
Step 42000 (22.4 min) | Pickups: 98 | Deposits: 97 | Rate: 4.33 tags/min | phero_entries=2 phero_max=0.009
======================================================================
R1[RTB       ]: L=+1.00 R=+1.00 | carry=1 | base=0.15 ba=+0.00 | site=0 sd=0.00 sa=+0.00 | phero=0 pd=0.00 pa=+0.00 | srch=0.00 | wall=2.11
R2[EXPLORE   ]: L=+1.00 R=+1.00 | carry=0 | base=0.25 ba=-0.48 | site=0 sd=0.00 sa=+0.00 | phero=0 pd=0.00 pa=+0.00 | srch=0.74 | wall=1.82
R3[GIVE_UP   ]: L=+1.00 R=+1.00 | carry=0 | base=0.41 ba=+0.00 | site=0 sd=0.00 sa=+0.00 | phero=0 pd=0.00 pa=+0.00 | srch=0.37 | wall=1.08
R4[EXPLORE   ]: L=+1.00 R=+1.00 | carry=0 | base=0.54 ba=+0.44 | site=0 sd=0.00 sa=+0.00 | phero=0 pd=0.00 pa=+0.00 | srch=0.70 | wall=1.05

[DEPOSIT] Robot 1 deposited! Total: 98
  [PHERO] Laid at (-1.92, 1.95) density=12 prob=1.00 total_entries=3
  [TARGET] Robot 1 → SITE (-1.92,1.95)
[EMPTY_RTN] R3 → phero(-1.92,1.95)

======================================================================
Step 42500 (22.7 min) | Pickups: 98 | Deposits: 98 | Rate: 4.32 tags/min | phero_entries=3 phero_max=0.506
======================================================================
R1[SITE      ]: L=+1.00 R=+1.00 | carry=0 | base=0.41 ba=+0.98 | site=1 sd=0.50 sa=-0.36 | phero=0 pd=0.00 pa=+0.00 | srch=0.11 | wall=1.08
R2[EXPLORE   ]: L=+1.00 R=+1.00 | carry=0 | base=0.60 ba=+0.99 | site=0 sd=0.00 sa=+0.00 | phero=0 pd=0.00 pa=+0.00 | srch=0.87 | wall=0.40
R3[PHERO     ]: L=+1.00 R=+1.00 | carry=0 | base=0.16 ba=+0.94 | site=0 sd=0.00 sa=+0.00 | phero=1 pd=0.63 pa=+0.03 | srch=0.05 | wall=2.02
R4[WALL_ESC  ]: L=+1.00 R=+1.00 | carry=0 | base=0.70 ba=+0.72 | site=0 sd=0.00 sa=+0.00 | phero=0 pd=0.00 pa=+0.00 | srch=0.82 | wall=0.06


======================================================================
Step 43000 (22.9 min) | Pickups: 98 | Deposits: 98 | Rate: 4.27 tags/min | phero_entries=3 phero_max=0.227
======================================================================
R1[WALL_ESC  ]: L=+0.00 R=+1.00 | carry=0 | base=0.92 ba=+0.60 | site=1 sd=0.55 sa=+0.92 | phero=0 pd=0.00 pa=+0.00 | srch=0.23 | wall=-0.68
R2[WALL_ESC  ]: L=+1.00 R=+1.00 | carry=0 | base=0.80 ba=+0.12 | site=0 sd=0.00 sa=+0.00 | phero=0 pd=0.00 pa=+0.00 | srch=0.99 | wall=-0.29
R3[PHERO     ]: L=+0.94 R=+1.00 | carry=0 | base=0.71 ba=+0.96 | site=0 sd=0.00 sa=+0.00 | phero=1 pd=0.10 pa=+0.18 | srch=0.17 | wall=0.61
R4[WALL_ESC  ]: L=+1.00 R=+1.00 | carry=0 | base=0.88 ba=+0.40 | site=0 sd=0.00 sa=+0.00 | phero=0 pd=0.00 pa=+0.00 | srch=0.95 | wall=-0.27

[PICKUP] Robot 3 picked up tag (density=11) | Total: 99

======================================================================
Step 43500 (23.2 min) | Pickups: 99 | Deposits: 98 | Rate: 4.22 tags/min | phero_entries=1 phero_max=0.102
======================================================================
R1[SITE      ]: L=+0.96 R=+1.00 | carry=0 | base=0.48 ba=-0.00 | site=1 sd=0.59 sa=+0.51 | phero=0 pd=0.00 pa=+0.00 | srch=0.36 | wall=0.82
R2[EXPLORE   ]: L=+1.00 R=+1.00 | carry=0 | base=0.35 ba=+0.32 | site=0 sd=0.00 sa=+0.00 | phero=0 pd=0.00 pa=+0.00 | srch=1.00 | wall=1.47
R3[RTB       ]: L=+1.00 R=+1.00 | carry=1 | base=0.46 ba=+0.00 | site=0 sd=0.00 sa=+0.00 | phero=0 pd=0.00 pa=+0.00 | srch=0.00 | wall=1.32
R4[WALL_ESC  ]: L=+1.00 R=+1.00 | carry=0 | base=0.89 ba=+0.60 | site=0 sd=0.00 sa=+0.00 | phero=0 pd=0.00 pa=+0.00 | srch=1.00 | wall=-0.25

[DEPOSIT] Robot 3 deposited! Total: 99
  [PHERO] Laid at (-1.99, 1.97) density=11 prob=1.00 total_entries=2
  [TARGET] Robot 3 → SITE (-1.99,1.97)

======================================================================
Step 44000 (23.5 min) | Pickups: 99 | Deposits: 99 | Rate: 4.22 tags/min | phero_entries=2 phero_max=0.794
======================================================================
R1[SITE      ]: L=+1.00 R=+1.00 | carry=0 | base=0.43 ba=-0.90 | site=1 sd=0.36 sa=+0.18 | phero=0 pd=0.00 pa=+0.00 | srch=0.48 | wall=1.33
R2[EXPLORE   ]: L=+1.00 R=+1.00 | carry=0 | base=0.46 ba=+0.78 | site=0 sd=0.00 sa=+0.00 | phero=0 pd=0.00 pa=+0.00 | srch=1.00 | wall=1.04
R3[SITE      ]: L=+1.00 R=+1.00 | carry=0 | base=0.11 ba=+0.93 | site=1 sd=0.70 sa=-0.21 | phero=0 pd=0.00 pa=+0.00 | srch=0.04 | wall=2.16
R4[WALL_ESC  ]: L=+1.00 R=+1.00 | carry=0 | base=0.70 ba=+0.25 | site=0 sd=0.00 sa=+0.00 | phero=0 pd=0.00 pa=+0.00 | srch=1.00 | wall=0.07


======================================================================
Step 44500 (23.7 min) | Pickups: 99 | Deposits: 99 | Rate: 4.17 tags/min | phero_entries=2 phero_max=0.357
======================================================================
R1[WALL_ESC  ]: L=+0.88 R=+1.00 | carry=0 | base=0.89 ba=+0.56 | site=1 sd=0.12 sa=+0.43 | phero=0 pd=0.00 pa=+0.00 | srch=0.61 | wall=0.14
R2[WALL_ESC  ]: L=+1.00 R=+1.00 | carry=0 | base=0.95 ba=+0.90 | site=0 sd=0.00 sa=+0.00 | phero=0 pd=0.00 pa=+0.00 | srch=1.00 | wall=0.02
R3[SITE      ]: L=+1.00 R=+0.98 | carry=0 | base=0.61 ba=-0.85 | site=1 sd=0.27 sa=-0.15 | phero=0 pd=0.00 pa=+0.00 | srch=0.16 | wall=0.61
R4[EXPLORE   ]: L=+1.00 R=+0.87 | carry=0 | base=0.59 ba=+0.88 | site=0 sd=0.00 sa=+0.00 | phero=0 pd=0.00 pa=+0.00 | srch=1.00 | wall=0.96

[PICKUP] Robot 1 picked up tag (density=10) | Total: 100
[PICKUP] Robot 3 picked up tag (density=9) | Total: 101
[GIVE-UP] R2 giving up after 5696 steps

======================================================================
Step 45000 (24.0 min) | Pickups: 101 | Deposits: 99 | Rate: 4.12 tags/min | phero_entries=2 phero_max=0.160
======================================================================
R1[RTB       ]: L=+1.00 R=+1.00 | carry=1 | base=0.44 ba=+0.00 | site=0 sd=0.00 sa=+0.00 | phero=0 pd=0.00 pa=+0.00 | srch=0.00 | wall=1.37
R2[WALL_ESC  ]: L=+1.00 R=+1.00 | carry=0 | base=0.94 ba=+0.00 | site=0 sd=0.00 sa=+0.00 | phero=0 pd=0.00 pa=+0.00 | srch=1.00 | wall=-0.11
R3[RTB       ]: L=+1.00 R=+1.00 | carry=1 | base=0.45 ba=-0.00 | site=0 sd=0.00 sa=+0.00 | phero=0 pd=0.00 pa=+0.00 | srch=0.00 | wall=1.27
R4[WALL_ESC  ]: L=+1.00 R=+1.00 | carry=0 | base=1.14 ba=-1.00 | site=0 sd=0.00 sa=+0.00 | phero=0 pd=0.00 pa=+0.00 | srch=1.00 | wall=-0.45

[GIVE-UP] R4 giving up after 5980 steps
[DEPOSIT] Robot 1 deposited! Total: 100
  [PHERO] Laid at (-2.20, 2.06) density=10 prob=1.00 total_entries=3
  [TARGET] Robot 1 → SITE (-2.20,2.06)
[DEPOSIT] Robot 3 deposited! Total: 101
  [PHERO] Laid at (-2.10, 1.54) density=9 prob=1.00 total_entries=4
  [TARGET] Robot 3 → SITE (-2.10,1.54)

======================================================================
Step 45500 (24.3 min) | Pickups: 101 | Deposits: 101 | Rate: 4.16 tags/min | phero_entries=4 phero_max=0.789
======================================================================
R1[SITE      ]: L=+1.00 R=+1.00 | carry=0 | base=0.13 ba=-0.98 | site=1 sd=0.75 sa=+0.20 | phero=0 pd=0.00 pa=+0.00 | srch=0.04 | wall=2.07
R2[GIVE_UP   ]: L=+1.00 R=+1.00 | carry=0 | base=0.39 ba=+0.00 | site=0 sd=0.00 sa=+0.00 | phero=0 pd=0.00 pa=+0.00 | srch=1.00 | wall=1.41
R3[SITE      ]: L=+1.00 R=+1.00 | carry=0 | base=0.11 ba=+0.94 | site=1 sd=0.64 sa=-0.20 | phero=0 pd=0.00 pa=+0.00 | srch=0.04 | wall=2.12
R4[WALL_ESC  ]: L=+1.00 R=+1.00 | carry=0 | base=0.88 ba=-0.00 | site=0 sd=0.00 sa=+0.00 | phero=0 pd=0.00 pa=+0.00 | srch=1.00 | wall=0.18

[EMPTY_RTN] R2 → phero(-2.10,1.54)

======================================================================
Step 46000 (24.5 min) | Pickups: 101 | Deposits: 101 | Rate: 4.12 tags/min | phero_entries=4 phero_max=0.355
======================================================================
R1[WALL_ESC  ]: L=+1.00 R=+1.00 | carry=0 | base=0.68 ba=+1.00 | site=1 sd=0.45 sa=+0.46 | phero=0 pd=0.00 pa=+0.00 | srch=0.17 | wall=0.22
R2[PHERO     ]: L=+1.00 R=+1.00 | carry=0 | base=0.16 ba=+0.90 | site=0 sd=0.00 sa=+0.00 | phero=1 pd=0.67 pa=+0.28 | srch=0.05 | wall=1.94
R3[SITE      ]: L=+0.52 R=+0.52 | carry=0 | base=0.57 ba=-0.74 | site=1 sd=0.26 sa=-0.07 | phero=0 pd=0.00 pa=+0.00 | srch=0.16 | wall=0.61
R4[GIVE_UP   ]: L=+1.00 R=+1.00 | carry=0 | base=0.33 ba=-0.00 | site=0 sd=0.00 sa=+0.00 | phero=0 pd=0.00 pa=+0.00 | srch=1.00 | wall=1.63

[EMPTY_RTN] R4 → phero(-2.10,1.54)
[PICKUP] Robot 3 picked up tag (density=8) | Total: 102

======================================================================
Step 46500 (24.8 min) | Pickups: 102 | Deposits: 101 | Rate: 4.07 tags/min | phero_entries=3 phero_max=0.159
======================================================================
R1[WALL_ESC  ]: L=+1.00 R=+1.00 | carry=0 | base=0.80 ba=+0.23 | site=1 sd=0.35 sa=-0.26 | phero=0 pd=0.00 pa=+0.00 | srch=0.29 | wall=-0.09
R2[PHERO     ]: L=+0.91 R=+1.00 | carry=0 | base=0.59 ba=+0.71 | site=0 sd=0.00 sa=+0.00 | phero=1 pd=0.30 pa=+0.11 | srch=0.18 | wall=0.73
R3[RTB       ]: L=+1.00 R=+0.10 | carry=1 | base=0.75 ba=-0.36 | site=0 sd=0.00 sa=+0.00 | phero=0 pd=0.00 pa=+0.00 | srch=0.00 | wall=0.40
R4[BASE_ESC  ]: L=+0.00 R=+1.00 | carry=0 | base=0.07 ba=-0.73 | site=0 sd=0.00 sa=+0.00 | phero=1 pd=0.80 pa=-0.54 | srch=0.07 | wall=2.27

[PICKUP] Robot 1 picked up tag (density=7) | Total: 103
BATCH_RESULT pickups=103 deposits=101
