=================================================================
CPFA BASELINE — ARGoS-calibrated parameters
  Params file                  = /home/fabian_hernandez/foraging/RL-FL-Foraging/controllers/cpfa_baseline/cpfa_params.yaml
  Results file                 = /home/fabian_hernandez/foraging/RL-FL-Foraging/controllers/cpfa_baseline/cpfa_baseline_results_20260527_182436.txt
  RateOfLayingPheromone        = 9.0
  RateOfSiteFidelity           = 2.29
  RateOfPheromoneDecay         = 0.1 /s  (lifetime ~69s)
  ProbabilityOfReturningToNest = 0.08 (every 5 sec → E[give-up] ~62s)
  UninformedSearchVariation    = 0.13 rad (7.4°)
  RateOfInformedSearchDecay    = 1.26 /waypoint
  ProbabilityOfSwitchingToSearching = 0.55 (every 5 sec in uninformed DEPARTING)
=================================================================

[PICKUP] R1 picked up tag (density=6) | Total: 1
[PICKUP] R2 picked up tag (density=5) | Total: 2
[DEPOSIT] R1 deposited! Total: 1
  [TARGET] R1 → SITE (-0.30, 0.44)

======================================================================
Step 500 (0.3 min) | Pickups: 2 | Deposits: 1 | Rate: 3.75 tags/min | phero_entries=0 max_w=0.000
======================================================================
R1[BASE_ESC  ]: carry=0 | base=0.22 | wall=2.29 | search=  0 | target=site(-0.30,0.44)
R2[SURVEY    ]: carry=1 | base=0.93 | wall=1.61 | search=  0 | target=none
R3[SEARCH    ]: carry=0 | base=0.55 | wall=2.05 | search= 78 | target=none
R4[SEARCH    ]: carry=0 | base=1.08 | wall=1.68 | search=344 | target=none

[PICKUP] R3 picked up tag (density=8) | Total: 3
  [GIVE-UP] R1 returned empty after 156 searching steps
  [TARGET] R1 → WALL (-0.77, 2.42)
[DEPOSIT] R2 deposited! Total: 2
  [TARGET] R2 → SITE (-0.28, 0.89)
[DEPOSIT] R3 deposited! Total: 3
  [PHERO] Laid at (-0.55, -0.58) density=8 prob=0.46 entries=1
  [TARGET] R3 → SITE (-0.55, -0.58)

======================================================================
Step 1000 (0.5 min) | Pickups: 3 | Deposits: 3 | Rate: 5.62 tags/min | phero_entries=1 max_w=0.836
======================================================================
R1[BASE_ESC  ]: carry=0 | base=0.23 | wall=2.28 | search=  0 | target=none
R2[SITE      ]: carry=0 | base=0.30 | wall=2.22 | search=  0 | target=site(-0.28,0.89)
R3[BASE_ESC  ]: carry=0 | base=0.22 | wall=2.31 | search=  0 | target=site(-0.55,-0.58)
R4[WALL_ESC  ]: carry=0 | base=2.26 | wall=0.32 | search=844 | target=none

[PICKUP] R2 picked up tag (density=4) | Total: 4
[PICKUP] R3 picked up tag (density=7) | Total: 5
[DEPOSIT] R2 deposited! Total: 4
  [TARGET] R2 → SITE (-0.22, 0.55)

======================================================================
Step 1500 (0.8 min) | Pickups: 5 | Deposits: 4 | Rate: 5.00 tags/min | phero_entries=1 max_w=0.169
======================================================================
R1[SEARCH    ]: carry=0 | base=1.97 | wall=0.71 | search=338 | target=none
R2[BASE_ESC  ]: carry=0 | base=0.23 | wall=2.27 | search=  0 | target=site(-0.22,0.55)
R3[RTB       ]: carry=1 | base=0.69 | wall=1.96 | search=  0 | target=none
R4[GIVE_UP   ]: carry=0 | base=2.03 | wall=0.54 | search=1248 | target=none

[DEPOSIT] R3 deposited! Total: 5
  [TARGET] R3 → SITE (-0.53, -0.59)
  [GIVE-UP] R4 returned empty after 1248 searching steps
  [TARGET] R4 → PHERO (-0.55, -0.58)

======================================================================
Step 2000 (1.1 min) | Pickups: 5 | Deposits: 5 | Rate: 4.69 tags/min | phero_entries=1 max_w=0.034
======================================================================
R1[SEARCH    ]: carry=0 | base=2.51 | wall=0.39 | search=838 | target=none
R2[SEARCH    ]: carry=0 | base=0.97 | wall=1.53 | search=373 | target=site(-0.22,0.55)
R3[SEARCH    ]: carry=0 | base=0.72 | wall=1.96 | search=121 | target=site(-0.53,-0.59)
R4[BASE_ESC  ]: carry=0 | base=0.22 | wall=2.28 | search=  0 | target=phero(-0.55,-0.58)


======================================================================
Step 2500 (1.3 min) | Pickups: 5 | Deposits: 5 | Rate: 3.75 tags/min | phero_entries=1 max_w=0.007
======================================================================
R1[SEARCH    ]: carry=0 | base=2.46 | wall=0.37 | search=1338 | target=none
R2[SEARCH    ]: carry=0 | base=2.12 | wall=0.38 | search=873 | target=site(-0.22,0.55)
R3[SEARCH    ]: carry=0 | base=2.13 | wall=0.91 | search=621 | target=site(-0.53,-0.59)
R4[SEARCH    ]: carry=0 | base=0.77 | wall=1.94 | search=  9 | target=phero(-0.55,-0.58)


======================================================================
Step 3000 (1.6 min) | Pickups: 5 | Deposits: 5 | Rate: 3.12 tags/min | phero_entries=1 max_w=0.001
======================================================================
R1[WALL_ESC  ]: carry=0 | base=2.55 | wall=0.32 | search=1838 | target=none
R2[GIVE_UP   ]: carry=0 | base=1.07 | wall=1.43 | search=1092 | target=none
R3[GIVE_UP   ]: carry=0 | base=2.21 | wall=0.81 | search=936 | target=none
R4[SEARCH    ]: carry=0 | base=1.48 | wall=1.02 | search=509 | target=phero(-0.55,-0.58)

  [GIVE-UP] R2 returned empty after 1092 searching steps
  [TARGET] R2 → WALL (0.04, 2.42)

======================================================================
Step 3500 (1.9 min) | Pickups: 5 | Deposits: 5 | Rate: 2.68 tags/min | phero_entries=0 max_w=0.000
======================================================================
R1[SEARCH    ]: carry=0 | base=2.46 | wall=0.40 | search=2338 | target=none
R2[DEPART    ]: carry=0 | base=0.89 | wall=1.62 | search=  0 | target=none
R3[GIVE_UP   ]: carry=0 | base=0.29 | wall=2.28 | search=936 | target=none
R4[WALL_ESC  ]: carry=0 | base=2.21 | wall=0.32 | search=1009 | target=phero(-0.55,-0.58)

  [GIVE-UP] R3 returned empty after 936 searching steps
  [TARGET] R3 → WALL (2.42, -0.58)
[PICKUP] R1 picked up tag (density=3) | Total: 6

======================================================================
Step 4000 (2.1 min) | Pickups: 6 | Deposits: 5 | Rate: 2.34 tags/min | phero_entries=0 max_w=0.000
======================================================================
R1[SURVEY    ]: carry=1 | base=0.95 | wall=1.71 | search=  0 | target=none
R2[SEARCH    ]: carry=0 | base=2.12 | wall=0.38 | search=206 | target=none
R3[SEARCH    ]: carry=0 | base=0.82 | wall=1.81 | search= 70 | target=none
R4[WALL_ESC  ]: carry=0 | base=2.18 | wall=0.34 | search=1509 | target=phero(-0.55,-0.58)

[DEPOSIT] R1 deposited! Total: 6
  [TARGET] R1 → WALL (2.03, 2.42)

======================================================================
Step 4500 (2.4 min) | Pickups: 6 | Deposits: 6 | Rate: 2.50 tags/min | phero_entries=0 max_w=0.000
======================================================================
R1[DEPART    ]: carry=0 | base=0.31 | wall=2.20 | search=  0 | target=none
R2[SEARCH    ]: carry=0 | base=2.11 | wall=0.39 | search=706 | target=none
R3[SEARCH    ]: carry=0 | base=2.17 | wall=0.44 | search=570 | target=none
R4[SEARCH    ]: carry=0 | base=2.17 | wall=0.35 | search=2009 | target=phero(-0.55,-0.58)


======================================================================
Step 5000 (2.7 min) | Pickups: 6 | Deposits: 6 | Rate: 2.25 tags/min | phero_entries=0 max_w=0.000
======================================================================
R1[SEARCH    ]: carry=0 | base=2.08 | wall=0.87 | search= 56 | target=none
R2[SEARCH    ]: carry=0 | base=2.11 | wall=0.39 | search=1206 | target=none
R3[WALL_ESC  ]: carry=0 | base=2.26 | wall=0.33 | search=1070 | target=none
R4[GIVE_UP   ]: carry=0 | base=2.14 | wall=0.39 | search=2496 | target=none

  [GIVE-UP] R4 returned empty after 2496 searching steps
  [TARGET] R4 → WALL (0.47, -2.42)

======================================================================
Step 5500 (2.9 min) | Pickups: 6 | Deposits: 6 | Rate: 2.05 tags/min | phero_entries=0 max_w=0.000
======================================================================
R1[SEARCH    ]: carry=0 | base=2.84 | wall=0.40 | search=556 | target=none
R2[GIVE_UP   ]: carry=0 | base=0.98 | wall=1.52 | search=1404 | target=none
R3[WALL_ESC  ]: carry=0 | base=2.27 | wall=0.33 | search=1570 | target=none
R4[BASE_ESC  ]: carry=0 | base=0.24 | wall=2.26 | search=  0 | target=none

  [GIVE-UP] R2 returned empty after 1404 searching steps
  [TARGET] R2 → WALL (0.64, 2.42)

======================================================================
Step 6000 (3.2 min) | Pickups: 6 | Deposits: 6 | Rate: 1.88 tags/min | phero_entries=0 max_w=0.000
======================================================================
R1[GIVE_UP   ]: carry=0 | base=1.82 | wall=1.15 | search=780 | target=none
R2[DEPART    ]: carry=0 | base=0.91 | wall=1.59 | search=  0 | target=none
R3[GIVE_UP   ]: carry=0 | base=1.47 | wall=1.08 | search=1872 | target=none
R4[GIVE_UP   ]: carry=0 | base=1.12 | wall=1.38 | search=156 | target=none

[PICKUP] R2 picked up tag (density=12) | Total: 7
  [GIVE-UP] R4 returned empty after 156 searching steps
  [TARGET] R4 → WALL (-2.04, -2.42)
  [GIVE-UP] R3 returned empty after 1872 searching steps
  [TARGET] R3 → WALL (-1.99, -2.42)
  [GIVE-UP] R1 returned empty after 780 searching steps
  [TARGET] R1 → WALL (1.88, -2.42)

======================================================================
Step 6500 (3.5 min) | Pickups: 7 | Deposits: 6 | Rate: 1.73 tags/min | phero_entries=0 max_w=0.000
======================================================================
R1[BASE_ESC  ]: carry=0 | base=0.22 | wall=2.31 | search=  0 | target=none
R2[RTB       ]: carry=1 | base=0.98 | wall=1.56 | search=  0 | target=none
R3[DEPART    ]: carry=0 | base=0.46 | wall=2.07 | search=  0 | target=none
R4[DEPART    ]: carry=0 | base=0.53 | wall=1.97 | search=  0 | target=none

[PICKUP] R3 picked up tag (density=6) | Total: 8
[PICKUP] R4 picked up tag (density=5) | Total: 9
[DEPOSIT] R2 deposited! Total: 7
  [PHERO] Laid at (0.30, 1.44) density=12 prob=0.88 entries=1
  [TARGET] R2 → SITE (0.30, 1.44)
[DEPOSIT] R3 deposited! Total: 8
  [TARGET] R3 → SITE (-0.39, -0.70)

======================================================================
Step 7000 (3.7 min) | Pickups: 9 | Deposits: 8 | Rate: 2.14 tags/min | phero_entries=1 max_w=0.371
======================================================================
R1[SEARCH    ]: carry=0 | base=1.43 | wall=1.12 | search=322 | target=none
R2[SITE      ]: carry=0 | base=0.96 | wall=1.58 | search=  0 | target=site(0.30,1.44)
R3[BASE_ESC  ]: carry=0 | base=0.24 | wall=2.28 | search=  0 | target=site(-0.39,-0.70)
R4[RTB       ]: carry=1 | base=0.68 | wall=1.84 | search=  0 | target=none

[DEPOSIT] R4 deposited! Total: 9
  [PHERO] Laid at (-0.34, -0.95) density=5 prob=0.12 entries=2
  [TARGET] R4 → SITE (-0.34, -0.95)
[PICKUP] R2 picked up tag (density=11) | Total: 10

======================================================================
Step 7500 (4.0 min) | Pickups: 10 | Deposits: 9 | Rate: 2.25 tags/min | phero_entries=2 max_w=0.343
======================================================================
R1[WALL_ESC  ]: carry=0 | base=2.19 | wall=0.34 | search=822 | target=none
R2[RTB       ]: carry=1 | base=1.35 | wall=1.22 | search=  0 | target=none
R3[SEARCH    ]: carry=0 | base=0.73 | wall=1.83 | search=164 | target=site(-0.39,-0.70)
R4[SITE      ]: carry=0 | base=0.94 | wall=1.61 | search=  0 | target=site(-0.34,-0.95)

[DEPOSIT] R2 deposited! Total: 10
  [PHERO] Laid at (0.38, 1.44) density=11 prob=0.80 entries=3
  [TARGET] R2 → SITE (0.38, 1.44)

======================================================================
Step 8000 (4.3 min) | Pickups: 10 | Deposits: 10 | Rate: 2.34 tags/min | phero_entries=3 max_w=0.507
======================================================================
R1[GIVE_UP   ]: carry=0 | base=2.02 | wall=0.51 | search=1248 | target=none
R2[SITE      ]: carry=0 | base=0.58 | wall=1.97 | search=  0 | target=site(0.38,1.44)
R3[SEARCH    ]: carry=0 | base=0.47 | wall=2.03 | search=664 | target=site(-0.39,-0.70)
R4[SEARCH    ]: carry=0 | base=0.65 | wall=1.86 | search=493 | target=site(-0.34,-0.95)

  [GIVE-UP] R3 returned empty after 780 searching steps
  [TARGET] R3 → PHERO (-0.34, -0.95)
  [GIVE-UP] R1 returned empty after 1248 searching steps
  [TARGET] R1 → PHERO (0.38, 1.44)

======================================================================
Step 8500 (4.5 min) | Pickups: 10 | Deposits: 10 | Rate: 2.21 tags/min | phero_entries=3 max_w=0.102
======================================================================
R1[BASE_ESC  ]: carry=0 | base=0.24 | wall=2.27 | search=  0 | target=phero(0.38,1.44)
R2[SEARCH    ]: carry=0 | base=0.97 | wall=1.57 | search=275 | target=site(0.38,1.44)
R3[BASE_ESC  ]: carry=0 | base=0.17 | wall=2.34 | search=  0 | target=phero(-0.34,-0.95)
R4[SEARCH    ]: carry=0 | base=1.88 | wall=0.95 | search=993 | target=site(-0.34,-0.95)


======================================================================
Step 9000 (4.8 min) | Pickups: 10 | Deposits: 10 | Rate: 2.08 tags/min | phero_entries=2 max_w=0.021
======================================================================
R1[PHERO     ]: carry=0 | base=0.91 | wall=1.67 | search=  0 | target=phero(0.38,1.44)
R2[SEARCH    ]: carry=0 | base=1.16 | wall=1.52 | search=775 | target=site(0.38,1.44)
R3[SEARCH    ]: carry=0 | base=0.96 | wall=1.57 | search=171 | target=phero(-0.34,-0.95)
R4[SEARCH    ]: carry=0 | base=2.96 | wall=0.35 | search=1493 | target=site(-0.34,-0.95)

[PICKUP] R2 picked up tag (density=19) | Total: 11
[PICKUP] R3 picked up tag (density=4) | Total: 12
[PICKUP] R1 picked up tag (density=10) | Total: 13

======================================================================
Step 9500 (5.1 min) | Pickups: 13 | Deposits: 10 | Rate: 1.97 tags/min | phero_entries=1 max_w=0.004
======================================================================
R1[RTB       ]: carry=1 | base=1.32 | wall=1.25 | search=  0 | target=none
R2[RTB       ]: carry=1 | base=1.23 | wall=1.50 | search=  0 | target=none
R3[RTB       ]: carry=1 | base=0.42 | wall=2.14 | search=  0 | target=none
R4[GIVE_UP   ]: carry=0 | base=2.15 | wall=0.93 | search=1716 | target=none

[DEPOSIT] R3 deposited! Total: 11
  [TARGET] R3 → SITE (-0.49, -0.68)
[DEPOSIT] R2 deposited! Total: 12
  [PHERO] Laid at (1.21, -1.00) density=19 prob=1.00 entries=2
  [TARGET] R2 → SITE (1.21, -1.00)
[DEPOSIT] R1 deposited! Total: 13
  [PHERO] Laid at (0.40, 1.46) density=10 prob=0.71 entries=3
  [TARGET] R1 → SITE (0.40, 1.46)
  [GIVE-UP] R4 returned empty after 1716 searching steps
  [TARGET] R4 → PHERO (1.21, -1.00)

======================================================================
Step 10000 (5.3 min) | Pickups: 13 | Deposits: 13 | Rate: 2.44 tags/min | phero_entries=2 max_w=0.493
======================================================================
R1[SITE      ]: carry=0 | base=0.62 | wall=1.93 | search=  0 | target=site(0.40,1.46)
R2[SITE      ]: carry=0 | base=0.71 | wall=1.90 | search=  0 | target=site(1.21,-1.00)
R3[SEARCH    ]: carry=0 | base=0.72 | wall=1.96 | search=182 | target=site(-0.49,-0.68)
R4[BASE_ESC  ]: carry=0 | base=0.24 | wall=2.33 | search=  0 | target=phero(1.21,-1.00)

[PICKUP] R1 picked up tag (density=9) | Total: 14

======================================================================
Step 10500 (5.6 min) | Pickups: 14 | Deposits: 13 | Rate: 2.32 tags/min | phero_entries=2 max_w=0.100
======================================================================
R1[SURVEY    ]: carry=1 | base=1.53 | wall=1.01 | search=  0 | target=none
R2[SEARCH    ]: carry=0 | base=1.08 | wall=1.49 | search=289 | target=site(1.21,-1.00)
R3[SEARCH    ]: carry=0 | base=2.10 | wall=0.49 | search=682 | target=site(-0.49,-0.68)
R4[PHERO     ]: carry=0 | base=1.16 | wall=1.55 | search=  0 | target=phero(1.21,-1.00)

  [GIVE-UP] R2 returned empty after 312 searching steps
  [TARGET] R2 → PHERO (1.21, -1.00)
[DEPOSIT] R1 deposited! Total: 14
  [TARGET] R1 → SITE (0.35, 1.49)

======================================================================
Step 11000 (5.9 min) | Pickups: 14 | Deposits: 14 | Rate: 2.39 tags/min | phero_entries=2 max_w=0.020
======================================================================
R1[BASE_ESC  ]: carry=0 | base=0.22 | wall=2.30 | search=  0 | target=site(0.35,1.49)
R2[PHERO     ]: carry=0 | base=0.69 | wall=1.88 | search=  0 | target=phero(1.21,-1.00)
R3[SEARCH    ]: carry=0 | base=2.19 | wall=0.39 | search=1182 | target=site(-0.49,-0.68)
R4[SEARCH    ]: carry=0 | base=1.44 | wall=1.20 | search=405 | target=phero(1.21,-1.00)


======================================================================
Step 11500 (6.1 min) | Pickups: 14 | Deposits: 14 | Rate: 2.28 tags/min | phero_entries=2 max_w=0.004
======================================================================
R1[SEARCH    ]: carry=0 | base=1.47 | wall=1.06 | search=116 | target=site(0.35,1.49)
R2[SEARCH    ]: carry=0 | base=1.58 | wall=0.98 | search=276 | target=phero(1.21,-1.00)
R3[WALL_ESC  ]: carry=0 | base=2.22 | wall=0.34 | search=1682 | target=site(-0.49,-0.68)
R4[WALL_ESC  ]: carry=0 | base=2.24 | wall=0.33 | search=905 | target=phero(1.21,-1.00)


======================================================================
Step 12000 (6.4 min) | Pickups: 14 | Deposits: 14 | Rate: 2.19 tags/min | phero_entries=0 max_w=0.000
======================================================================
R1[SEARCH    ]: carry=0 | base=2.16 | wall=0.89 | search=616 | target=site(0.35,1.49)
R2[SEARCH    ]: carry=0 | base=2.16 | wall=0.36 | search=776 | target=phero(1.21,-1.00)
R3[WALL_ESC  ]: carry=0 | base=2.23 | wall=0.34 | search=2182 | target=site(-0.49,-0.68)
R4[GIVE_UP   ]: carry=0 | base=1.68 | wall=0.88 | search=1248 | target=none

  [GIVE-UP] R4 returned empty after 1248 searching steps
  [TARGET] R4 → WALL (2.06, -2.42)

======================================================================
Step 12500 (6.7 min) | Pickups: 14 | Deposits: 14 | Rate: 2.10 tags/min | phero_entries=0 max_w=0.000
======================================================================
R1[SEARCH    ]: carry=0 | base=1.75 | wall=0.75 | search=1116 | target=site(0.35,1.49)
R2[SEARCH    ]: carry=0 | base=2.13 | wall=0.39 | search=1276 | target=phero(1.21,-1.00)
R3[GIVE_UP   ]: carry=0 | base=0.52 | wall=2.00 | search=2184 | target=none
R4[DEPART    ]: carry=0 | base=0.26 | wall=2.27 | search=  0 | target=none

  [GIVE-UP] R3 returned empty after 2184 searching steps
  [TARGET] R3 → WALL (-2.42, 0.64)
[PICKUP] R3 picked up tag (density=9) | Total: 15

======================================================================
Step 13000 (6.9 min) | Pickups: 15 | Deposits: 14 | Rate: 2.02 tags/min | phero_entries=0 max_w=0.000
======================================================================
R1[GIVE_UP   ]: carry=0 | base=0.64 | wall=1.91 | search=1248 | target=none
R2[SEARCH    ]: carry=0 | base=2.12 | wall=0.39 | search=1776 | target=phero(1.21,-1.00)
R3[SURVEY    ]: carry=1 | base=1.08 | wall=1.45 | search=  0 | target=none
R4[SEARCH    ]: carry=0 | base=1.78 | wall=0.79 | search=360 | target=none

  [GIVE-UP] R1 returned empty after 1248 searching steps
  [TARGET] R1 → WALL (-0.99, -2.42)
[PICKUP] R2 picked up tag (density=9) | Total: 16
[DEPOSIT] R3 deposited! Total: 15
  [TARGET] R3 → SITE (-1.05, 0.23)

======================================================================
Step 13500 (7.2 min) | Pickups: 16 | Deposits: 15 | Rate: 2.08 tags/min | phero_entries=0 max_w=0.000
======================================================================
R1[DEPART    ]: carry=0 | base=0.77 | wall=1.73 | search=  0 | target=none
R2[SURVEY    ]: carry=1 | base=1.73 | wall=0.80 | search=  0 | target=none
R3[SITE      ]: carry=0 | base=0.34 | wall=2.20 | search=  0 | target=site(-1.05,0.23)
R4[GIVE_UP   ]: carry=0 | base=1.86 | wall=0.66 | search=780 | target=none

[PICKUP] R3 picked up tag (density=8) | Total: 17
  [GIVE-UP] R4 returned empty after 780 searching steps
  [TARGET] R4 → WALL (0.36, 2.42)

======================================================================
Step 14000 (7.5 min) | Pickups: 17 | Deposits: 15 | Rate: 2.01 tags/min | phero_entries=0 max_w=0.000
======================================================================
R1[WALL_ESC  ]: carry=0 | base=2.37 | wall=0.32 | search=475 | target=none
R2[RTB       ]: carry=1 | base=0.41 | wall=2.09 | search=  0 | target=none
R3[RTB       ]: carry=1 | base=0.95 | wall=1.58 | search=  0 | target=none
R4[BASE_ESC  ]: carry=0 | base=0.22 | wall=2.29 | search=  0 | target=none

[DEPOSIT] R2 deposited! Total: 16
  [PHERO] Laid at (1.70, 0.34) density=9 prob=0.59 entries=1
  [TARGET] R2 → SITE (1.70, 0.34)
[DEPOSIT] R3 deposited! Total: 17
  [TARGET] R3 → SITE (-1.05, 0.22)
[PICKUP] R2 picked up tag (density=8) | Total: 18

======================================================================
Step 14500 (7.7 min) | Pickups: 18 | Deposits: 17 | Rate: 2.20 tags/min | phero_entries=1 max_w=0.231
======================================================================
R1[WALL_ESC  ]: carry=0 | base=2.35 | wall=0.34 | search=975 | target=none
R2[SURVEY    ]: carry=1 | base=1.28 | wall=1.24 | search=  0 | target=none
R3[SITE      ]: carry=0 | base=0.99 | wall=1.54 | search=  0 | target=site(-1.05,0.22)
R4[SEARCH    ]: carry=0 | base=1.14 | wall=1.64 | search=283 | target=none

[PICKUP] R3 picked up tag (density=7) | Total: 19
[DEPOSIT] R2 deposited! Total: 18
  [TARGET] R2 → SITE (1.26, 0.21)

======================================================================
Step 15000 (8.0 min) | Pickups: 19 | Deposits: 18 | Rate: 2.25 tags/min | phero_entries=1 max_w=0.047
======================================================================
R1[SEARCH    ]: carry=0 | base=2.30 | wall=0.39 | search=1475 | target=none
R2[BASE_ESC  ]: carry=0 | base=0.23 | wall=2.27 | search=  0 | target=site(1.26,0.21)
R3[SURVEY    ]: carry=1 | base=1.16 | wall=1.42 | search=  0 | target=none
R4[GIVE_UP   ]: carry=0 | base=2.02 | wall=0.65 | search=624 | target=none

[DEPOSIT] R3 deposited! Total: 19
  [TARGET] R3 → SITE (-1.07, 0.43)
[PICKUP] R2 picked up tag (density=7) | Total: 20
  [GIVE-UP] R4 returned empty after 624 searching steps
  [TARGET] R4 → PHERO (1.70, 0.34)

======================================================================
Step 15500 (8.3 min) | Pickups: 20 | Deposits: 19 | Rate: 2.30 tags/min | phero_entries=1 max_w=0.009
======================================================================
R1[SEARCH    ]: carry=0 | base=2.32 | wall=0.36 | search=1975 | target=none
R2[SURVEY    ]: carry=1 | base=1.29 | wall=1.23 | search=  0 | target=none
R3[SITE      ]: carry=0 | base=0.55 | wall=2.02 | search=  0 | target=site(-1.07,0.43)
R4[BASE_ESC  ]: carry=0 | base=0.22 | wall=2.29 | search=  0 | target=phero(1.70,0.34)

[PICKUP] R3 picked up tag (density=6) | Total: 21
[PICKUP] R4 picked up tag (density=6) | Total: 22
[DEPOSIT] R2 deposited! Total: 20
  [PHERO] Laid at (1.27, 0.22) density=7 prob=0.32 entries=2
  [TARGET] R2 → SITE (1.27, 0.22)

======================================================================
Step 16000 (8.5 min) | Pickups: 22 | Deposits: 20 | Rate: 2.34 tags/min | phero_entries=2 max_w=0.956
======================================================================
R1[WALL_ESC  ]: carry=0 | base=2.38 | wall=0.33 | search=2475 | target=none
R2[BASE_ESC  ]: carry=0 | base=0.24 | wall=2.27 | search=  0 | target=site(1.27,0.22)
R3[SURVEY    ]: carry=1 | base=1.33 | wall=1.27 | search=  0 | target=none
R4[SURVEY    ]: carry=1 | base=1.39 | wall=1.15 | search=  0 | target=none

[DEPOSIT] R3 deposited! Total: 21
  [TARGET] R3 → SITE (-1.23, 0.49)

======================================================================
Step 16500 (8.8 min) | Pickups: 22 | Deposits: 21 | Rate: 2.39 tags/min | phero_entries=1 max_w=0.193
======================================================================
R1[GIVE_UP   ]: carry=0 | base=1.23 | wall=1.39 | search=2652 | target=none
R2[SEARCH    ]: carry=0 | base=1.33 | wall=1.19 | search= 67 | target=site(1.27,0.22)
R3[BASE_ESC  ]: carry=0 | base=0.23 | wall=2.31 | search=  0 | target=site(-1.23,0.49)
R4[RTB       ]: carry=1 | base=0.64 | wall=1.87 | search=  0 | target=none

[PICKUP] R1 picked up tag (density=3) | Total: 23
[DEPOSIT] R4 deposited! Total: 22
  [PHERO] Laid at (1.35, 0.34) density=6 prob=0.21 entries=2
  [TARGET] R4 → SITE (1.35, 0.34)
[PICKUP] R3 picked up tag (density=5) | Total: 24
  [GIVE-UP] R2 returned empty after 156 searching steps
  [TARGET] R2 → PHERO (1.35, 0.34)
[DEPOSIT] R1 deposited! Total: 23
  [TARGET] R1 → PHERO (1.27, 0.22)

======================================================================
Step 17000 (9.1 min) | Pickups: 24 | Deposits: 23 | Rate: 2.54 tags/min | phero_entries=2 max_w=0.279
======================================================================
R1[BASE_ESC  ]: carry=0 | base=0.22 | wall=2.29 | search=  0 | target=phero(1.27,0.22)
R2[PHERO     ]: carry=0 | base=0.25 | wall=2.30 | search=  0 | target=phero(1.35,0.34)
R3[SURVEY    ]: carry=1 | base=1.34 | wall=1.24 | search=  0 | target=none
R4[SITE      ]: carry=0 | base=1.27 | wall=1.26 | search=  0 | target=site(1.35,0.34)

[DEPOSIT] R3 deposited! Total: 24
  [TARGET] R3 → SITE (-1.25, 0.46)

======================================================================
Step 17500 (9.3 min) | Pickups: 24 | Deposits: 24 | Rate: 2.57 tags/min | phero_entries=2 max_w=0.056
======================================================================
R1[SEARCH    ]: carry=0 | base=1.28 | wall=1.24 | search= 18 | target=phero(1.27,0.22)
R2[SEARCH    ]: carry=0 | base=1.51 | wall=1.19 | search=190 | target=phero(1.35,0.34)
R3[SITE      ]: carry=0 | base=0.26 | wall=2.29 | search=  0 | target=site(-1.25,0.46)
R4[GIVE_UP   ]: carry=0 | base=1.11 | wall=1.63 | search=312 | target=none

[PICKUP] R1 picked up tag (density=5) | Total: 25
  [GIVE-UP] R4 returned empty after 312 searching steps
  [TARGET] R4 → PHERO (1.35, 0.34)
[PICKUP] R2 picked up tag (density=8) | Total: 26
[PICKUP] R3 picked up tag (density=4) | Total: 27

======================================================================
Step 18000 (9.6 min) | Pickups: 27 | Deposits: 24 | Rate: 2.50 tags/min | phero_entries=2 max_w=0.011
======================================================================
R1[RTB       ]: carry=1 | base=0.53 | wall=1.97 | search=  0 | target=none
R2[SURVEY    ]: carry=1 | base=1.76 | wall=0.85 | search=  0 | target=none
R3[SURVEY    ]: carry=1 | base=1.45 | wall=1.11 | search=  0 | target=none
R4[PHERO     ]: carry=0 | base=0.65 | wall=1.94 | search=  0 | target=phero(1.35,0.34)

[DEPOSIT] R1 deposited! Total: 25
  [TARGET] R1 → SITE (1.28, 0.21)
[DEPOSIT] R3 deposited! Total: 26
  [PHERO] Laid at (-1.39, 0.41) density=4 prob=0.05 entries=2
  [TARGET] R3 → SITE (-1.39, 0.41)
[DEPOSIT] R2 deposited! Total: 27
  [TARGET] R2 → SITE (0.62, 1.65)

======================================================================
Step 18500 (9.9 min) | Pickups: 27 | Deposits: 27 | Rate: 2.74 tags/min | phero_entries=2 max_w=0.929
======================================================================
R1[SEARCH    ]: carry=0 | base=1.29 | wall=1.22 | search= 34 | target=site(1.28,0.21)
R2[BASE_ESC  ]: carry=0 | base=0.23 | wall=2.29 | search=  0 | target=site(0.62,1.65)
R3[BASE_ESC  ]: carry=0 | base=0.23 | wall=2.29 | search=  0 | target=site(-1.39,0.41)
R4[SEARCH    ]: carry=0 | base=1.31 | wall=1.21 | search=309 | target=phero(1.35,0.34)

[PICKUP] R4 picked up tag (density=4) | Total: 28
[PICKUP] R3 picked up tag (density=3) | Total: 29

======================================================================
Step 19000 (10.1 min) | Pickups: 29 | Deposits: 27 | Rate: 2.66 tags/min | phero_entries=1 max_w=0.188
======================================================================
R1[SEARCH    ]: carry=0 | base=0.80 | wall=1.82 | search=534 | target=site(1.28,0.21)
R2[SEARCH    ]: carry=0 | base=1.73 | wall=0.88 | search= 12 | target=site(0.62,1.65)
R3[SURVEY    ]: carry=1 | base=1.22 | wall=1.34 | search=  0 | target=none
R4[RTB       ]: carry=1 | base=0.68 | wall=1.83 | search=  0 | target=none

[PICKUP] R2 picked up tag (density=7) | Total: 30
[DEPOSIT] R4 deposited! Total: 28
  [TARGET] R4 → SITE (1.34, 0.22)
[DEPOSIT] R3 deposited! Total: 29
  [TARGET] R3 → SITE (-1.16, 0.37)

======================================================================
Step 19500 (10.4 min) | Pickups: 30 | Deposits: 29 | Rate: 2.79 tags/min | phero_entries=1 max_w=0.038
======================================================================
R1[SEARCH    ]: carry=0 | base=1.61 | wall=1.12 | search=1034 | target=site(1.28,0.21)
R2[RTB       ]: carry=1 | base=1.14 | wall=1.45 | search=  0 | target=none
R3[SITE      ]: carry=0 | base=0.36 | wall=2.19 | search=  0 | target=site(-1.16,0.37)
R4[SITE      ]: carry=0 | base=1.25 | wall=1.26 | search=  0 | target=site(1.34,0.22)

[PICKUP] R4 picked up tag (density=3) | Total: 31
[DEPOSIT] R2 deposited! Total: 30
  [TARGET] R2 → SITE (0.58, 1.64)
[PICKUP] R1 picked up tag (density=2) | Total: 32

======================================================================
Step 20000 (10.7 min) | Pickups: 32 | Deposits: 30 | Rate: 2.81 tags/min | phero_entries=1 max_w=0.008
======================================================================
R1[RTB       ]: carry=1 | base=1.09 | wall=1.64 | search=  0 | target=none
R2[SITE      ]: carry=0 | base=0.80 | wall=1.78 | search=  0 | target=site(0.58,1.64)
R3[SEARCH    ]: carry=0 | base=1.58 | wall=0.95 | search=286 | target=site(-1.16,0.37)
R4[RTB       ]: carry=1 | base=0.79 | wall=1.71 | search=  0 | target=none

[DEPOSIT] R4 deposited! Total: 31
  [TARGET] R4 → SITE (1.36, 0.21)
[DEPOSIT] R1 deposited! Total: 32
  [TARGET] R1 → SITE (-0.72, -0.87)
[PICKUP] R2 picked up tag (density=6) | Total: 33

======================================================================
Step 20500 (10.9 min) | Pickups: 33 | Deposits: 32 | Rate: 2.93 tags/min | phero_entries=1 max_w=0.002
======================================================================
R1[SITE      ]: carry=0 | base=0.80 | wall=1.85 | search=  0 | target=site(-0.72,-0.87)
R2[SURVEY    ]: carry=1 | base=1.72 | wall=0.86 | search=  0 | target=none
R3[SEARCH    ]: carry=0 | base=2.17 | wall=0.35 | search=786 | target=site(-1.16,0.37)
R4[SITE      ]: carry=0 | base=1.13 | wall=1.38 | search=  0 | target=site(1.36,0.21)

[PICKUP] R1 picked up tag (density=1) | Total: 34
[DEPOSIT] R2 deposited! Total: 33
  [TARGET] R2 → SITE (0.54, 1.64)

======================================================================
Step 21000 (11.2 min) | Pickups: 34 | Deposits: 33 | Rate: 2.95 tags/min | phero_entries=0 max_w=0.000
======================================================================
R1[RTB       ]: carry=1 | base=0.61 | wall=1.98 | search=  0 | target=none
R2[BASE_ESC  ]: carry=0 | base=0.23 | wall=2.29 | search=  0 | target=site(0.54,1.64)
R3[GIVE_UP   ]: carry=0 | base=2.03 | wall=0.49 | search=1248 | target=none
R4[SEARCH    ]: carry=0 | base=0.34 | wall=2.20 | search=448 | target=site(1.36,0.21)

[DEPOSIT] R1 deposited! Total: 34
  [TARGET] R1 → SITE (-0.64, -0.90)
  [GIVE-UP] R3 returned empty after 1248 searching steps
  [TARGET] R3 → WALL (-1.24, 2.42)

======================================================================
Step 21500 (11.5 min) | Pickups: 34 | Deposits: 34 | Rate: 2.97 tags/min | phero_entries=0 max_w=0.000
======================================================================
R1[SEARCH    ]: carry=0 | base=1.13 | wall=1.56 | search= 71 | target=site(-0.64,-0.90)
R2[SEARCH    ]: carry=0 | base=1.69 | wall=0.90 | search= 11 | target=site(0.54,1.64)
R3[BASE_ESC  ]: carry=0 | base=0.22 | wall=2.28 | search=  0 | target=none
R4[SEARCH    ]: carry=0 | base=1.44 | wall=1.10 | search=948 | target=site(1.36,0.21)

[PICKUP] R3 picked up tag (density=2) | Total: 35

======================================================================
Step 22000 (11.7 min) | Pickups: 35 | Deposits: 34 | Rate: 2.90 tags/min | phero_entries=0 max_w=0.000
======================================================================
R1[SEARCH    ]: carry=0 | base=1.35 | wall=1.48 | search=571 | target=site(-0.64,-0.90)
R2[WALL_ESC  ]: carry=0 | base=2.47 | wall=0.34 | search=511 | target=site(0.54,1.64)
R3[RTB       ]: carry=1 | base=0.44 | wall=2.17 | search=  0 | target=none
R4[SEARCH    ]: carry=0 | base=2.19 | wall=0.36 | search=1448 | target=site(1.36,0.21)

[DEPOSIT] R3 deposited! Total: 35
  [TARGET] R3 → SITE (-0.48, 0.47)
[PICKUP] R1 picked up tag (density=2) | Total: 36
[PICKUP] R4 picked up tag (density=2) | Total: 37

======================================================================
Step 22500 (12.0 min) | Pickups: 37 | Deposits: 35 | Rate: 2.92 tags/min | phero_entries=0 max_w=0.000
======================================================================
R1[RTB       ]: carry=1 | base=1.59 | wall=0.91 | search=  0 | target=none
R2[SEARCH    ]: carry=0 | base=2.44 | wall=0.37 | search=1011 | target=site(0.54,1.64)
R3[SEARCH    ]: carry=0 | base=0.40 | wall=2.11 | search=215 | target=site(-0.48,0.47)
R4[RTB       ]: carry=1 | base=1.51 | wall=1.01 | search=  0 | target=none

[DEPOSIT] R4 deposited! Total: 36
  [TARGET] R4 → SITE (-1.49, 0.24)
[DEPOSIT] R1 deposited! Total: 37
  [TARGET] R1 → SITE (1.57, -0.02)

======================================================================
Step 23000 (12.3 min) | Pickups: 37 | Deposits: 37 | Rate: 3.02 tags/min | phero_entries=0 max_w=0.000
======================================================================
R1[BASE_ESC  ]: carry=0 | base=0.22 | wall=2.28 | search=  0 | target=site(1.57,-0.02)
R2[WALL_ESC  ]: carry=0 | base=2.54 | wall=0.32 | search=1511 | target=site(0.54,1.64)
R3[SEARCH    ]: carry=0 | base=1.62 | wall=0.88 | search=715 | target=site(-0.48,0.47)
R4[SITE      ]: carry=0 | base=0.45 | wall=2.05 | search=  0 | target=site(-1.49,0.24)

[PICKUP] R4 picked up tag (density=1) | Total: 38

======================================================================
Step 23500 (12.5 min) | Pickups: 38 | Deposits: 37 | Rate: 2.95 tags/min | phero_entries=0 max_w=0.000
======================================================================
R1[SEARCH    ]: carry=0 | base=1.53 | wall=0.97 | search=109 | target=site(1.57,-0.02)
R2[SEARCH    ]: carry=0 | base=2.45 | wall=0.40 | search=2011 | target=site(0.54,1.64)
R3[WALL_ESC  ]: carry=0 | base=2.16 | wall=0.34 | search=1215 | target=site(-0.48,0.47)
R4[RTB       ]: carry=1 | base=0.85 | wall=1.65 | search=  0 | target=none

[DEPOSIT] R4 deposited! Total: 38
  [TARGET] R4 → WALL (2.42, -1.50)

======================================================================
Step 24000 (12.8 min) | Pickups: 38 | Deposits: 38 | Rate: 2.97 tags/min | phero_entries=0 max_w=0.000
======================================================================
R1[SEARCH    ]: carry=0 | base=2.16 | wall=0.36 | search=609 | target=site(1.57,-0.02)
R2[SEARCH    ]: carry=0 | base=2.47 | wall=0.35 | search=2511 | target=site(0.54,1.64)
R3[SEARCH    ]: carry=0 | base=2.15 | wall=0.36 | search=1715 | target=site(-0.48,0.47)
R4[DEPART    ]: carry=0 | base=0.26 | wall=2.28 | search=  0 | target=none


======================================================================
Step 24500 (13.1 min) | Pickups: 38 | Deposits: 38 | Rate: 2.91 tags/min | phero_entries=0 max_w=0.000
======================================================================
R1[SEARCH    ]: carry=0 | base=2.15 | wall=0.37 | search=1109 | target=site(1.57,-0.02)
R2[GIVE_UP   ]: carry=0 | base=1.73 | wall=0.99 | search=2808 | target=none
R3[SEARCH    ]: carry=0 | base=2.14 | wall=0.36 | search=2215 | target=site(-0.48,0.47)
R4[DEPART    ]: carry=0 | base=1.21 | wall=1.40 | search=  0 | target=none

  [GIVE-UP] R2 returned empty after 2808 searching steps
  [TARGET] R2 → WALL (2.42, -1.55)

======================================================================
Step 25000 (13.3 min) | Pickups: 38 | Deposits: 38 | Rate: 2.85 tags/min | phero_entries=0 max_w=0.000
======================================================================
R1[SEARCH    ]: carry=0 | base=2.15 | wall=0.37 | search=1609 | target=site(1.57,-0.02)
R2[DEPART    ]: carry=0 | base=0.25 | wall=2.25 | search=  0 | target=none
R3[SEARCH    ]: carry=0 | base=2.14 | wall=0.37 | search=2715 | target=site(-0.48,0.47)
R4[SEARCH    ]: carry=0 | base=2.47 | wall=0.35 | search=328 | target=none


======================================================================
Step 25500 (13.6 min) | Pickups: 38 | Deposits: 38 | Rate: 2.79 tags/min | phero_entries=0 max_w=0.000
======================================================================
R1[SEARCH    ]: carry=0 | base=2.14 | wall=0.38 | search=2109 | target=site(1.57,-0.02)
R2[SEARCH    ]: carry=0 | base=1.30 | wall=1.56 | search=348 | target=none
R3[SEARCH    ]: carry=0 | base=2.13 | wall=0.38 | search=3215 | target=site(-0.48,0.47)
R4[SEARCH    ]: carry=0 | base=2.48 | wall=0.36 | search=828 | target=none


======================================================================
Step 26000 (13.9 min) | Pickups: 38 | Deposits: 38 | Rate: 2.74 tags/min | phero_entries=0 max_w=0.000
======================================================================
R1[SEARCH    ]: carry=0 | base=2.14 | wall=0.38 | search=2609 | target=site(1.57,-0.02)
R2[WALL_ESC  ]: carry=0 | base=2.15 | wall=0.35 | search=848 | target=none
R3[SEARCH    ]: carry=0 | base=2.14 | wall=0.36 | search=3715 | target=site(-0.48,0.47)
R4[WALL_ESC  ]: carry=0 | base=2.56 | wall=0.33 | search=1328 | target=none


======================================================================
Step 26500 (14.1 min) | Pickups: 38 | Deposits: 38 | Rate: 2.69 tags/min | phero_entries=0 max_w=0.000
======================================================================
R1[SEARCH    ]: carry=0 | base=2.13 | wall=0.39 | search=3109 | target=site(1.57,-0.02)
R2[WALL_ESC  ]: carry=0 | base=2.49 | wall=0.35 | search=1348 | target=none
R3[SEARCH    ]: carry=0 | base=2.13 | wall=0.38 | search=4215 | target=site(-0.48,0.47)
R4[SEARCH    ]: carry=0 | base=2.46 | wall=0.40 | search=1828 | target=none


======================================================================
Step 27000 (14.4 min) | Pickups: 38 | Deposits: 38 | Rate: 2.64 tags/min | phero_entries=0 max_w=0.000
======================================================================
R1[SEARCH    ]: carry=0 | base=2.13 | wall=0.39 | search=3609 | target=site(1.57,-0.02)
R2[WALL_ESC  ]: carry=0 | base=2.86 | wall=0.33 | search=1848 | target=none
R3[GIVE_UP   ]: carry=0 | base=2.03 | wall=0.48 | search=4680 | target=none
R4[WALL_ESC  ]: carry=0 | base=2.55 | wall=0.32 | search=2328 | target=none

  [GIVE-UP] R3 returned empty after 4680 searching steps
  [TARGET] R3 → WALL (-2.34, -2.42)

======================================================================
Step 27500 (14.7 min) | Pickups: 38 | Deposits: 38 | Rate: 2.59 tags/min | phero_entries=0 max_w=0.000
======================================================================
R1[SEARCH    ]: carry=0 | base=2.13 | wall=0.39 | search=4109 | target=site(1.57,-0.02)
R2[GIVE_UP   ]: carry=0 | base=2.74 | wall=0.40 | search=2340 | target=none
R3[BASE_ESC  ]: carry=0 | base=0.22 | wall=2.28 | search=  0 | target=none
R4[WALL_ESC  ]: carry=0 | base=2.55 | wall=0.35 | search=2828 | target=none


======================================================================
Step 28000 (14.9 min) | Pickups: 38 | Deposits: 38 | Rate: 2.54 tags/min | phero_entries=0 max_w=0.000
======================================================================
R1[GIVE_UP   ]: carry=0 | base=0.96 | wall=1.56 | search=4212 | target=none
R2[GIVE_UP   ]: carry=0 | base=0.98 | wall=1.78 | search=2340 | target=none
R3[SEARCH    ]: carry=0 | base=1.77 | wall=1.22 | search=114 | target=none
R4[SEARCH    ]: carry=0 | base=2.47 | wall=0.38 | search=3328 | target=none

  [GIVE-UP] R1 returned empty after 4212 searching steps
  [TARGET] R1 → WALL (2.02, -2.42)
  [GIVE-UP] R2 returned empty after 2340 searching steps
  [TARGET] R2 → WALL (-2.14, 2.42)

======================================================================
Step 28500 (15.2 min) | Pickups: 38 | Deposits: 38 | Rate: 2.50 tags/min | phero_entries=0 max_w=0.000
======================================================================
R1[DEPART    ]: carry=0 | base=0.81 | wall=1.82 | search=  0 | target=none
R2[SEARCH    ]: carry=0 | base=0.45 | wall=2.05 | search= 42 | target=none
R3[SEARCH    ]: carry=0 | base=2.79 | wall=0.38 | search=614 | target=none
R4[GIVE_UP   ]: carry=0 | base=1.58 | wall=1.14 | search=3588 | target=none

[PICKUP] R1 picked up tag (density=19) | Total: 39
  [GIVE-UP] R4 returned empty after 3588 searching steps
  [TARGET] R4 → WALL (2.42, -2.40)

======================================================================
Step 29000 (15.5 min) | Pickups: 39 | Deposits: 38 | Rate: 2.46 tags/min | phero_entries=0 max_w=0.000
======================================================================
R1[RTB       ]: carry=1 | base=1.59 | wall=1.32 | search=  0 | target=none
R2[SEARCH    ]: carry=0 | base=2.02 | wall=0.91 | search=542 | target=none
R3[WALL_ESC  ]: carry=0 | base=2.93 | wall=0.31 | search=1114 | target=none
R4[DEPART    ]: carry=0 | base=0.40 | wall=2.20 | search=  0 | target=none

[PICKUP] R4 picked up tag (density=18) | Total: 40
[DEPOSIT] R1 deposited! Total: 39
  [PHERO] Laid at (1.15, -1.15) density=19 prob=1.00 entries=1
  [TARGET] R1 → SITE (1.15, -1.15)
[PICKUP] R2 picked up tag (density=5) | Total: 41

======================================================================
Step 29500 (15.7 min) | Pickups: 41 | Deposits: 39 | Rate: 2.48 tags/min | phero_entries=1 max_w=0.635
======================================================================
R1[SITE      ]: carry=0 | base=0.33 | wall=2.20 | search=  0 | target=site(1.15,-1.15)
R2[SURVEY    ]: carry=1 | base=1.54 | wall=0.98 | search=  0 | target=none
R3[GIVE_UP   ]: carry=0 | base=1.57 | wall=1.35 | search=1248 | target=none
R4[SURVEY    ]: carry=1 | base=1.67 | wall=1.31 | search=  0 | target=none

  [GIVE-UP] R3 returned empty after 1248 searching steps
  [TARGET] R3 → PHERO (1.15, -1.15)
[DEPOSIT] R4 deposited! Total: 40
  [PHERO] Laid at (1.18, -1.19) density=18 prob=1.00 entries=2
  [TARGET] R4 → SITE (1.18, -1.19)

======================================================================
Step 30000 (16.0 min) | Pickups: 41 | Deposits: 40 | Rate: 2.50 tags/min | phero_entries=2 max_w=0.965
======================================================================
R1[SEARCH    ]: carry=0 | base=1.57 | wall=1.33 | search=154 | target=site(1.15,-1.15)
R2[RTB       ]: carry=1 | base=0.42 | wall=2.09 | search=  0 | target=none
R3[PHERO     ]: carry=0 | base=0.28 | wall=2.26 | search=  0 | target=phero(1.15,-1.15)
R4[BASE_ESC  ]: carry=0 | base=0.23 | wall=2.33 | search=  0 | target=site(1.18,-1.19)

[DEPOSIT] R2 deposited! Total: 41
  [TARGET] R2 → SITE (0.20, 1.52)
  [GIVE-UP] R1 returned empty after 156 searching steps
  [TARGET] R1 → PHERO (1.18, -1.19)

======================================================================
Step 30500 (16.3 min) | Pickups: 41 | Deposits: 41 | Rate: 2.52 tags/min | phero_entries=2 max_w=0.195
======================================================================
R1[PHERO     ]: carry=0 | base=0.37 | wall=2.17 | search=  0 | target=phero(1.18,-1.19)
R2[SEARCH    ]: carry=0 | base=1.50 | wall=1.01 | search=  8 | target=site(0.20,1.52)
R3[SEARCH    ]: carry=0 | base=1.60 | wall=1.37 | search= 19 | target=phero(1.15,-1.15)
R4[SEARCH    ]: carry=0 | base=1.67 | wall=1.30 | search= 34 | target=site(1.18,-1.19)

[PICKUP] R3 picked up tag (density=17) | Total: 42
[PICKUP] R2 picked up tag (density=4) | Total: 43
[PICKUP] R4 picked up tag (density=16) | Total: 44

======================================================================
Step 31000 (16.5 min) | Pickups: 44 | Deposits: 41 | Rate: 2.48 tags/min | phero_entries=2 max_w=0.039
======================================================================
R1[SEARCH    ]: carry=0 | base=1.54 | wall=1.33 | search=167 | target=phero(1.18,-1.19)
R2[RTB       ]: carry=1 | base=1.39 | wall=1.16 | search=  0 | target=none
R3[RTB       ]: carry=1 | base=1.56 | wall=1.36 | search=  0 | target=none
R4[SURVEY    ]: carry=1 | base=1.79 | wall=1.14 | search=  0 | target=none

[DEPOSIT] R2 deposited! Total: 42
  [PHERO] Laid at (0.34, 1.52) density=4 prob=0.05 entries=3
  [TARGET] R2 → SITE (0.34, 1.52)
[DEPOSIT] R3 deposited! Total: 43
  [PHERO] Laid at (1.18, -1.25) density=17 prob=0.99 entries=4
  [TARGET] R3 → SITE (1.18, -1.25)

======================================================================
Step 31500 (16.8 min) | Pickups: 44 | Deposits: 43 | Rate: 2.56 tags/min | phero_entries=4 max_w=0.603
======================================================================
R1[WALL_ESC  ]: carry=0 | base=2.24 | wall=0.32 | search=667 | target=phero(1.18,-1.19)
R2[SITE      ]: carry=0 | base=0.57 | wall=1.94 | search=  0 | target=site(0.34,1.52)
R3[SITE      ]: carry=0 | base=0.39 | wall=2.16 | search=  0 | target=site(1.18,-1.25)
R4[RTB       ]: carry=1 | base=0.38 | wall=2.23 | search=  0 | target=none

[DEPOSIT] R4 deposited! Total: 44
  [PHERO] Laid at (1.16, -1.35) density=16 prob=0.99 entries=4
  [TARGET] R4 → SITE (1.16, -1.35)

======================================================================
Step 32000 (17.1 min) | Pickups: 44 | Deposits: 44 | Rate: 2.58 tags/min | phero_entries=4 max_w=0.224
======================================================================
R1[WALL_ESC  ]: carry=0 | base=2.22 | wall=0.34 | search=1167 | target=phero(1.18,-1.19)
R2[SEARCH    ]: carry=0 | base=1.43 | wall=1.11 | search=254 | target=site(0.34,1.52)
R3[SEARCH    ]: carry=0 | base=1.64 | wall=1.31 | search=161 | target=site(1.18,-1.25)
R4[SITE      ]: carry=0 | base=1.58 | wall=1.29 | search=  0 | target=site(1.16,-1.35)

[PICKUP] R4 picked up tag (density=15) | Total: 45

======================================================================
Step 32500 (17.3 min) | Pickups: 45 | Deposits: 44 | Rate: 2.54 tags/min | phero_entries=3 max_w=0.045
======================================================================
R1[WALL_ESC  ]: carry=0 | base=2.21 | wall=0.34 | search=1667 | target=phero(1.18,-1.19)
R2[SEARCH    ]: carry=0 | base=2.53 | wall=0.56 | search=754 | target=site(0.34,1.52)
R3[GIVE_UP   ]: carry=0 | base=2.10 | wall=0.40 | search=624 | target=none
R4[RTB       ]: carry=1 | base=1.39 | wall=1.50 | search=  0 | target=none

[DEPOSIT] R4 deposited! Total: 45
  [PHERO] Laid at (1.22, -1.33) density=15 prob=0.98 entries=4
  [TARGET] R4 → SITE (1.22, -1.33)

======================================================================
Step 33000 (17.6 min) | Pickups: 45 | Deposits: 45 | Rate: 2.56 tags/min | phero_entries=4 max_w=0.522
======================================================================
R1[SEARCH    ]: carry=0 | base=2.20 | wall=0.35 | search=2167 | target=phero(1.18,-1.19)
R2[SEARCH    ]: carry=0 | base=2.62 | wall=0.36 | search=1254 | target=site(0.34,1.52)
R3[GIVE_UP   ]: carry=0 | base=0.29 | wall=2.21 | search=624 | target=none
R4[SITE      ]: carry=0 | base=0.57 | wall=2.03 | search=  0 | target=site(1.22,-1.33)

  [GIVE-UP] R3 returned empty after 624 searching steps
  [TARGET] R3 → PHERO (1.22, -1.33)
[PICKUP] R4 picked up tag (density=14) | Total: 46

======================================================================
Step 33500 (17.9 min) | Pickups: 46 | Deposits: 45 | Rate: 2.52 tags/min | phero_entries=3 max_w=0.105
======================================================================
R1[SEARCH    ]: carry=0 | base=2.19 | wall=0.36 | search=2667 | target=phero(1.18,-1.19)
R2[WALL_ESC  ]: carry=0 | base=2.72 | wall=0.33 | search=1754 | target=site(0.34,1.52)
R3[PHERO     ]: carry=0 | base=1.65 | wall=1.28 | search=  0 | target=phero(1.22,-1.33)
R4[SURVEY    ]: carry=1 | base=1.79 | wall=1.19 | search=  0 | target=none


======================================================================
Step 34000 (18.1 min) | Pickups: 46 | Deposits: 45 | Rate: 2.48 tags/min | phero_entries=1 max_w=0.021
======================================================================
R1[GIVE_UP   ]: carry=0 | base=1.25 | wall=1.31 | search=2808 | target=none
R2[SEARCH    ]: carry=0 | base=2.61 | wall=0.40 | search=2254 | target=site(0.34,1.52)
R3[SEARCH    ]: carry=0 | base=1.31 | wall=1.20 | search=451 | target=phero(1.22,-1.33)
R4[RTB       ]: carry=1 | base=0.35 | wall=2.25 | search=  0 | target=none

[DEPOSIT] R4 deposited! Total: 46
  [PHERO] Laid at (1.23, -1.31) density=14 prob=0.96 entries=2
  [TARGET] R4 → SITE (1.23, -1.31)
  [GIVE-UP] R1 returned empty after 2808 searching steps
  [TARGET] R1 → PHERO (1.23, -1.31)

======================================================================
Step 34500 (18.4 min) | Pickups: 46 | Deposits: 46 | Rate: 2.50 tags/min | phero_entries=2 max_w=0.219
======================================================================
R1[PHERO     ]: carry=0 | base=0.73 | wall=1.95 | search=  0 | target=phero(1.23,-1.31)
R2[GIVE_UP   ]: carry=0 | base=1.55 | wall=1.24 | search=2340 | target=none
R3[SEARCH    ]: carry=0 | base=1.55 | wall=1.08 | search=951 | target=phero(1.22,-1.33)
R4[SITE      ]: carry=0 | base=1.61 | wall=1.32 | search=  0 | target=site(1.23,-1.31)

[PICKUP] R4 picked up tag (density=13) | Total: 47
  [GIVE-UP] R2 returned empty after 2340 searching steps
  [TARGET] R2 → PHERO (1.23, -1.31)

======================================================================
Step 35000 (18.7 min) | Pickups: 47 | Deposits: 46 | Rate: 2.46 tags/min | phero_entries=1 max_w=0.044
======================================================================
R1[SEARCH    ]: carry=0 | base=1.88 | wall=1.03 | search=234 | target=phero(1.23,-1.31)
R2[PHERO     ]: carry=0 | base=0.36 | wall=2.14 | search=  0 | target=phero(1.23,-1.31)
R3[SEARCH    ]: carry=0 | base=2.13 | wall=0.37 | search=1451 | target=phero(1.22,-1.33)
R4[RTB       ]: carry=1 | base=1.39 | wall=1.46 | search=  0 | target=none

[PICKUP] R1 picked up tag (density=12) | Total: 48
[DEPOSIT] R4 deposited! Total: 47
  [TARGET] R4 → SITE (1.24, -1.26)

======================================================================
Step 35500 (18.9 min) | Pickups: 48 | Deposits: 47 | Rate: 2.48 tags/min | phero_entries=1 max_w=0.009
======================================================================
R1[RTB       ]: carry=1 | base=1.14 | wall=1.66 | search=  0 | target=none
R2[SEARCH    ]: carry=0 | base=1.81 | wall=1.22 | search= 86 | target=phero(1.23,-1.31)
R3[GIVE_UP   ]: carry=0 | base=1.88 | wall=0.62 | search=1872 | target=none
R4[SITE      ]: carry=0 | base=0.55 | wall=2.04 | search=  0 | target=site(1.24,-1.26)

[PICKUP] R2 picked up tag (density=11) | Total: 49
[DEPOSIT] R1 deposited! Total: 48
  [PHERO] Laid at (1.24, -1.50) density=12 prob=0.88 entries=2
  [TARGET] R1 → SITE (1.24, -1.50)
  [GIVE-UP] R3 returned empty after 1872 searching steps
  [TARGET] R3 → PHERO (1.24, -1.50)

======================================================================
Step 36000 (19.2 min) | Pickups: 49 | Deposits: 48 | Rate: 2.50 tags/min | phero_entries=2 max_w=0.423
======================================================================
R1[SITE      ]: carry=0 | base=0.80 | wall=1.93 | search=  0 | target=site(1.24,-1.50)
R2[RTB       ]: carry=1 | base=1.20 | wall=1.58 | search=  0 | target=none
R3[BASE_ESC  ]: carry=0 | base=0.22 | wall=2.28 | search=  0 | target=phero(1.24,-1.50)
R4[SEARCH    ]: carry=0 | base=1.79 | wall=1.14 | search=192 | target=site(1.24,-1.26)

[PICKUP] R4 picked up tag (density=10) | Total: 50
[DEPOSIT] R2 deposited! Total: 49
  [TARGET] R2 → SITE (1.29, -1.24)

======================================================================
Step 36500 (19.5 min) | Pickups: 50 | Deposits: 49 | Rate: 2.52 tags/min | phero_entries=1 max_w=0.085
======================================================================
R1[SEARCH    ]: carry=0 | base=1.78 | wall=1.13 | search=214 | target=site(1.24,-1.50)
R2[SITE      ]: carry=0 | base=0.74 | wall=1.91 | search=  0 | target=site(1.29,-1.24)
R3[PHERO     ]: carry=0 | base=1.45 | wall=1.33 | search=  0 | target=phero(1.24,-1.50)
R4[RTB       ]: carry=1 | base=1.17 | wall=1.65 | search=  0 | target=none

[DEPOSIT] R4 deposited! Total: 50
  [PHERO] Laid at (1.31, -1.39) density=10 prob=0.71 entries=2
  [TARGET] R4 → SITE (1.31, -1.39)

======================================================================
Step 37000 (19.7 min) | Pickups: 50 | Deposits: 50 | Rate: 2.53 tags/min | phero_entries=2 max_w=0.438
======================================================================
R1[WALL_ESC  ]: carry=0 | base=2.19 | wall=0.34 | search=714 | target=site(1.24,-1.50)
R2[SEARCH    ]: carry=0 | base=1.75 | wall=1.17 | search=237 | target=site(1.29,-1.24)
R3[SEARCH    ]: carry=0 | base=2.12 | wall=0.70 | search=384 | target=phero(1.24,-1.50)
R4[SITE      ]: carry=0 | base=0.78 | wall=1.89 | search=  0 | target=site(1.31,-1.39)

[PICKUP] R4 picked up tag (density=9) | Total: 51

======================================================================
Step 37500 (20.0 min) | Pickups: 51 | Deposits: 50 | Rate: 2.50 tags/min | phero_entries=2 max_w=0.088
======================================================================
R1[SEARCH    ]: carry=0 | base=2.17 | wall=0.35 | search=1214 | target=site(1.24,-1.50)
R2[SEARCH    ]: carry=0 | base=1.82 | wall=0.70 | search=737 | target=site(1.29,-1.24)
R3[WALL_ESC  ]: carry=0 | base=2.51 | wall=0.31 | search=884 | target=phero(1.24,-1.50)
R4[RTB       ]: carry=1 | base=1.89 | wall=1.13 | search=  0 | target=none


======================================================================
Step 38000 (20.3 min) | Pickups: 51 | Deposits: 50 | Rate: 2.47 tags/min | phero_entries=1 max_w=0.018
======================================================================
R1[SEARCH    ]: carry=0 | base=2.17 | wall=0.36 | search=1714 | target=site(1.24,-1.50)
R2[SEARCH    ]: carry=0 | base=1.68 | wall=1.20 | search=1237 | target=site(1.29,-1.24)
R3[SEARCH    ]: carry=0 | base=2.49 | wall=0.35 | search=1384 | target=phero(1.24,-1.50)
R4[RTB       ]: carry=1 | base=0.28 | wall=2.30 | search=  0 | target=none

[DEPOSIT] R4 deposited! Total: 51
  [PHERO] Laid at (1.30, -1.37) density=9 prob=0.59 entries=2
  [TARGET] R4 → SITE (1.30, -1.37)

======================================================================
80% COMPLETE: 51/64 deposits
Step 38008 (20.27 min)
Rate: 2.516 tags/min
======================================================================

  [GIVE-UP] R2 returned empty after 1248 searching steps
  [TARGET] R2 → PHERO (1.30, -1.37)

======================================================================
Step 38500 (20.5 min) | Pickups: 51 | Deposits: 51 | Rate: 2.48 tags/min | phero_entries=2 max_w=0.207
======================================================================
R1[SEARCH    ]: carry=0 | base=2.17 | wall=0.36 | search=2214 | target=site(1.24,-1.50)
R2[BASE_ESC  ]: carry=0 | base=0.23 | wall=2.31 | search=  0 | target=phero(1.30,-1.37)
R3[SEARCH    ]: carry=0 | base=2.42 | wall=0.38 | search=1884 | target=phero(1.24,-1.50)
R4[SITE      ]: carry=0 | base=1.65 | wall=1.31 | search=  0 | target=site(1.30,-1.37)

[PICKUP] R4 picked up tag (density=8) | Total: 52

======================================================================
Step 39000 (20.8 min) | Pickups: 52 | Deposits: 51 | Rate: 2.45 tags/min | phero_entries=1 max_w=0.042
======================================================================
R1[SEARCH    ]: carry=0 | base=2.16 | wall=0.37 | search=2714 | target=site(1.24,-1.50)
R2[PHERO     ]: carry=0 | base=1.15 | wall=1.58 | search=  0 | target=phero(1.30,-1.37)
R3[GIVE_UP   ]: carry=0 | base=1.72 | wall=1.02 | search=2184 | target=none
R4[RTB       ]: carry=1 | base=1.42 | wall=1.45 | search=  0 | target=none

[PICKUP] R2 picked up tag (density=7) | Total: 53
[DEPOSIT] R4 deposited! Total: 52
  [PHERO] Laid at (1.33, -1.36) density=8 prob=0.46 entries=2
  [TARGET] R4 → SITE (1.33, -1.36)
  [GIVE-UP] R3 returned empty after 2184 searching steps
  [TARGET] R3 → PHERO (1.33, -1.36)

======================================================================
Step 39500 (21.1 min) | Pickups: 53 | Deposits: 52 | Rate: 2.47 tags/min | phero_entries=2 max_w=0.538
======================================================================
R1[SEARCH    ]: carry=0 | base=2.16 | wall=0.37 | search=3214 | target=site(1.24,-1.50)
R2[RTB       ]: carry=1 | base=1.97 | wall=1.10 | search=  0 | target=none
R3[PHERO     ]: carry=0 | base=0.27 | wall=2.24 | search=  0 | target=phero(1.33,-1.36)
R4[SITE      ]: carry=0 | base=0.52 | wall=2.07 | search=  0 | target=site(1.33,-1.36)

[PICKUP] R4 picked up tag (density=6) | Total: 54

======================================================================
Step 40000 (21.3 min) | Pickups: 54 | Deposits: 52 | Rate: 2.44 tags/min | phero_entries=2 max_w=0.109
======================================================================
R1[SEARCH    ]: carry=0 | base=2.15 | wall=0.38 | search=3714 | target=site(1.24,-1.50)
R2[RTB       ]: carry=1 | base=0.28 | wall=2.29 | search=  0 | target=none
R3[SEARCH    ]: carry=0 | base=1.93 | wall=1.09 | search= 59 | target=phero(1.33,-1.36)
R4[SURVEY    ]: carry=1 | base=1.90 | wall=1.13 | search=  0 | target=none

[DEPOSIT] R2 deposited! Total: 53
  [TARGET] R2 → SITE (1.38, -1.39)
[PICKUP] R3 picked up tag (density=5) | Total: 55

======================================================================
Step 40500 (21.6 min) | Pickups: 55 | Deposits: 53 | Rate: 2.45 tags/min | phero_entries=1 max_w=0.022
======================================================================
R1[GIVE_UP   ]: carry=0 | base=1.86 | wall=0.65 | search=4056 | target=none
R2[SITE      ]: carry=0 | base=1.68 | wall=1.30 | search=  0 | target=site(1.38,-1.39)
R3[RTB       ]: carry=1 | base=1.34 | wall=1.51 | search=  0 | target=none
R4[RTB       ]: carry=1 | base=0.85 | wall=1.85 | search=  0 | target=none

[DEPOSIT] R4 deposited! Total: 54
  [TARGET] R4 → SITE (1.37, -1.32)
[PICKUP] R2 picked up tag (density=4) | Total: 56
[DEPOSIT] R3 deposited! Total: 55
  [TARGET] R3 → SITE (1.40, -1.42)
  [GIVE-UP] R1 returned empty after 4056 searching steps
  [TARGET] R1 → PHERO (1.33, -1.36)

======================================================================
Step 41000 (21.9 min) | Pickups: 56 | Deposits: 55 | Rate: 2.52 tags/min | phero_entries=1 max_w=0.004
======================================================================
R1[BASE_ESC  ]: carry=0 | base=0.22 | wall=2.29 | search=  0 | target=phero(1.33,-1.36)
R2[RTB       ]: carry=1 | base=1.72 | wall=1.19 | search=  0 | target=none
R3[SITE      ]: carry=0 | base=0.61 | wall=2.01 | search=  0 | target=site(1.40,-1.42)
R4[SITE      ]: carry=0 | base=1.10 | wall=1.71 | search=  0 | target=site(1.37,-1.32)

[PICKUP] R4 picked up tag (density=3) | Total: 57
[DEPOSIT] R2 deposited! Total: 56
  [TARGET] R2 → SITE (1.46, -1.40)

======================================================================
Step 41500 (22.1 min) | Pickups: 57 | Deposits: 56 | Rate: 2.53 tags/min | phero_entries=0 max_w=0.000
======================================================================
R1[PHERO     ]: carry=0 | base=1.68 | wall=1.27 | search=  0 | target=phero(1.33,-1.36)
R2[BASE_ESC  ]: carry=0 | base=0.25 | wall=2.30 | search=  0 | target=site(1.46,-1.40)
R3[SEARCH    ]: carry=0 | base=2.00 | wall=0.97 | search=133 | target=site(1.40,-1.42)
R4[RTB       ]: carry=1 | base=1.93 | wall=1.06 | search=  0 | target=none

[PICKUP] R3 picked up tag (density=2) | Total: 58
[DEPOSIT] R4 deposited! Total: 57
  [TARGET] R4 → SITE (1.42, -1.29)

======================================================================
Step 42000 (22.4 min) | Pickups: 58 | Deposits: 57 | Rate: 2.54 tags/min | phero_entries=0 max_w=0.000
======================================================================
R1[SEARCH    ]: carry=0 | base=2.46 | wall=0.43 | search=455 | target=phero(1.33,-1.36)
R2[SEARCH    ]: carry=0 | base=2.01 | wall=1.04 | search= 40 | target=site(1.46,-1.40)
R3[RTB       ]: carry=1 | base=1.19 | wall=1.54 | search=  0 | target=none
R4[BASE_ESC  ]: carry=0 | base=0.23 | wall=2.33 | search=  0 | target=site(1.42,-1.29)

[DEPOSIT] R3 deposited! Total: 58
  [TARGET] R3 → SITE (1.54, -1.26)

======================================================================
Step 42500 (22.7 min) | Pickups: 58 | Deposits: 58 | Rate: 2.56 tags/min | phero_entries=0 max_w=0.000
======================================================================
R1[SEARCH    ]: carry=0 | base=2.43 | wall=0.38 | search=955 | target=phero(1.33,-1.36)
R2[WALL_ESC  ]: carry=0 | base=2.53 | wall=0.32 | search=540 | target=site(1.46,-1.40)
R3[SITE      ]: carry=0 | base=0.77 | wall=1.95 | search=  0 | target=site(1.54,-1.26)
R4[SITE      ]: carry=0 | base=1.79 | wall=1.18 | search=  0 | target=site(1.42,-1.29)

[PICKUP] R4 picked up tag (density=1) | Total: 59

======================================================================
Step 43000 (22.9 min) | Pickups: 59 | Deposits: 58 | Rate: 2.53 tags/min | phero_entries=0 max_w=0.000
======================================================================
R1[SEARCH    ]: carry=0 | base=2.44 | wall=0.37 | search=1455 | target=phero(1.33,-1.36)
R2[WALL_ESC  ]: carry=0 | base=2.51 | wall=0.34 | search=1040 | target=site(1.46,-1.40)
R3[SEARCH    ]: carry=0 | base=2.14 | wall=0.65 | search=190 | target=site(1.54,-1.26)
R4[RTB       ]: carry=1 | base=1.49 | wall=1.33 | search=  0 | target=none

[DEPOSIT] R4 deposited! Total: 59
  [TARGET] R4 → SITE (1.46, -1.27)

======================================================================
Step 43500 (23.2 min) | Pickups: 59 | Deposits: 59 | Rate: 2.54 tags/min | phero_entries=0 max_w=0.000
======================================================================
R1[WALL_ESC  ]: carry=0 | base=2.55 | wall=0.32 | search=1955 | target=phero(1.33,-1.36)
R2[SEARCH    ]: carry=0 | base=2.45 | wall=0.39 | search=1540 | target=site(1.46,-1.40)
R3[SEARCH    ]: carry=0 | base=0.70 | wall=1.80 | search=690 | target=site(1.54,-1.26)
R4[SITE      ]: carry=0 | base=0.46 | wall=2.09 | search=  0 | target=site(1.46,-1.27)


======================================================================
Step 44000 (23.5 min) | Pickups: 59 | Deposits: 59 | Rate: 2.51 tags/min | phero_entries=0 max_w=0.000
======================================================================
R1[GIVE_UP   ]: carry=0 | base=1.84 | wall=0.98 | search=2184 | target=none
R2[WALL_ESC  ]: carry=0 | base=2.56 | wall=0.31 | search=2028 | target=none
R3[SEARCH    ]: carry=0 | base=0.47 | wall=2.03 | search=1190 | target=site(1.54,-1.26)
R4[SEARCH    ]: carry=0 | base=1.92 | wall=1.00 | search=127 | target=site(1.46,-1.27)

  [GIVE-UP] R1 returned empty after 2184 searching steps
  [TARGET] R1 → WALL (2.42, -1.66)

======================================================================
Step 44500 (23.7 min) | Pickups: 59 | Deposits: 59 | Rate: 2.49 tags/min | phero_entries=0 max_w=0.000
======================================================================
R1[BASE_ESC  ]: carry=0 | base=0.22 | wall=2.34 | search=  0 | target=none
R2[GIVE_UP   ]: carry=0 | base=0.72 | wall=1.88 | search=2028 | target=none
R3[GIVE_UP   ]: carry=0 | base=1.59 | wall=1.07 | search=1560 | target=none
R4[SEARCH    ]: carry=0 | base=1.43 | wall=1.07 | search=627 | target=site(1.46,-1.27)

  [GIVE-UP] R2 returned empty after 2028 searching steps
  [TARGET] R2 → WALL (-1.59, -2.42)
  [GIVE-UP] R3 returned empty after 1560 searching steps
  [TARGET] R3 → WALL (0.74, -2.42)

======================================================================
Step 45000 (24.0 min) | Pickups: 59 | Deposits: 59 | Rate: 2.46 tags/min | phero_entries=0 max_w=0.000
======================================================================
R1[SEARCH    ]: carry=0 | base=2.06 | wall=0.81 | search=  9 | target=none
R2[SEARCH    ]: carry=0 | base=0.88 | wall=1.65 | search=110 | target=none
R3[DEPART    ]: carry=0 | base=0.33 | wall=2.24 | search=  0 | target=none
R4[SEARCH    ]: carry=0 | base=2.27 | wall=0.83 | search=1127 | target=site(1.46,-1.27)


======================================================================
Step 45500 (24.3 min) | Pickups: 59 | Deposits: 59 | Rate: 2.43 tags/min | phero_entries=0 max_w=0.000
======================================================================
R1[GIVE_UP   ]: carry=0 | base=2.38 | wall=0.65 | search=312 | target=none
R2[SEARCH    ]: carry=0 | base=2.17 | wall=0.36 | search=610 | target=none
R3[SEARCH    ]: carry=0 | base=1.97 | wall=0.54 | search=382 | target=none
R4[GIVE_UP   ]: carry=0 | base=2.82 | wall=0.40 | search=1560 | target=none


======================================================================
Step 46000 (24.5 min) | Pickups: 59 | Deposits: 59 | Rate: 2.40 tags/min | phero_entries=0 max_w=0.000
======================================================================
R1[GIVE_UP   ]: carry=0 | base=0.46 | wall=2.14 | search=312 | target=none
R2[WALL_ESC  ]: carry=0 | base=2.26 | wall=0.34 | search=1110 | target=none
R3[SEARCH    ]: carry=0 | base=2.11 | wall=0.39 | search=882 | target=none
R4[GIVE_UP   ]: carry=0 | base=1.02 | wall=1.76 | search=1560 | target=none

  [GIVE-UP] R1 returned empty after 312 searching steps
  [TARGET] R1 → WALL (-1.92, -2.42)
  [GIVE-UP] R4 returned empty after 1560 searching steps
  [TARGET] R4 → WALL (-0.16, -2.42)

======================================================================
Step 46500 (24.8 min) | Pickups: 59 | Deposits: 59 | Rate: 2.38 tags/min | phero_entries=0 max_w=0.000
======================================================================
R1[SEARCH    ]: carry=0 | base=1.03 | wall=1.57 | search= 21 | target=none
R2[WALL_ESC  ]: carry=0 | base=2.26 | wall=0.33 | search=1610 | target=none
R3[SEARCH    ]: carry=0 | base=2.11 | wall=0.39 | search=1382 | target=none
R4[DEPART    ]: carry=0 | base=0.94 | wall=1.57 | search=  0 | target=none


======================================================================
Step 47000 (25.1 min) | Pickups: 59 | Deposits: 59 | Rate: 2.35 tags/min | phero_entries=0 max_w=0.000
======================================================================
R1[GIVE_UP   ]: carry=0 | base=2.32 | wall=0.74 | search=468 | target=none
R2[WALL_ESC  ]: carry=0 | base=2.26 | wall=0.34 | search=2110 | target=none
R3[SEARCH    ]: carry=0 | base=2.12 | wall=0.39 | search=1882 | target=none
R4[GIVE_UP   ]: carry=0 | base=1.44 | wall=1.06 | search=156 | target=none

  [GIVE-UP] R4 returned empty after 156 searching steps
  [TARGET] R4 → WALL (2.42, 1.64)

======================================================================
Step 47500 (25.3 min) | Pickups: 59 | Deposits: 59 | Rate: 2.33 tags/min | phero_entries=0 max_w=0.000
======================================================================
R1[GIVE_UP   ]: carry=0 | base=0.60 | wall=2.03 | search=468 | target=none
R2[WALL_ESC  ]: carry=0 | base=2.26 | wall=0.33 | search=2610 | target=none
R3[SEARCH    ]: carry=0 | base=2.13 | wall=0.38 | search=2382 | target=none
R4[DEPART    ]: carry=0 | base=0.29 | wall=2.21 | search=  0 | target=none

  [GIVE-UP] R1 returned empty after 468 searching steps
  [TARGET] R1 → WALL (2.09, -2.42)

======================================================================
Step 48000 (25.6 min) | Pickups: 59 | Deposits: 59 | Rate: 2.30 tags/min | phero_entries=0 max_w=0.000
======================================================================
R1[SEARCH    ]: carry=0 | base=1.07 | wall=1.59 | search=143 | target=none
R2[WALL_ESC  ]: carry=0 | base=2.26 | wall=0.33 | search=3110 | target=none
R3[SEARCH    ]: carry=0 | base=2.15 | wall=0.36 | search=2882 | target=none
R4[SEARCH    ]: carry=0 | base=1.46 | wall=1.31 | search=422 | target=none


======================================================================
Step 48500 (25.9 min) | Pickups: 59 | Deposits: 59 | Rate: 2.28 tags/min | phero_entries=0 max_w=0.000
======================================================================
R1[SEARCH    ]: carry=0 | base=2.43 | wall=0.35 | search=643 | target=none
R2[WALL_ESC  ]: carry=0 | base=2.26 | wall=0.33 | search=3588 | target=none
R3[WALL_ESC  ]: carry=0 | base=2.16 | wall=0.35 | search=3382 | target=none
R4[WALL_ESC  ]: carry=0 | base=2.74 | wall=0.32 | search=922 | target=none


======================================================================
Step 49000 (26.1 min) | Pickups: 59 | Deposits: 59 | Rate: 2.26 tags/min | phero_entries=0 max_w=0.000
======================================================================
R1[SEARCH    ]: carry=0 | base=2.38 | wall=0.40 | search=1143 | target=none
R2[GIVE_UP   ]: carry=0 | base=0.43 | wall=2.08 | search=3588 | target=none
R3[GIVE_UP   ]: carry=0 | base=0.66 | wall=1.85 | search=3432 | target=none
R4[WALL_ESC  ]: carry=0 | base=2.78 | wall=0.34 | search=1422 | target=none

  [GIVE-UP] R2 returned empty after 3588 searching steps
  [TARGET] R2 → WALL (-2.42, 0.06)
  [GIVE-UP] R3 returned empty after 3432 searching steps
  [TARGET] R3 → WALL (-1.03, 2.42)

======================================================================
Step 49500 (26.4 min) | Pickups: 59 | Deposits: 59 | Rate: 2.23 tags/min | phero_entries=0 max_w=0.000
======================================================================
R1[WALL_ESC  ]: carry=0 | base=2.47 | wall=0.32 | search=1643 | target=none
R2[SEARCH    ]: carry=0 | base=0.84 | wall=1.69 | search= 34 | target=none
R3[DEPART    ]: carry=0 | base=0.42 | wall=2.13 | search=  0 | target=none
R4[GIVE_UP   ]: carry=0 | base=2.53 | wall=0.50 | search=1872 | target=none

[PICKUP] R3 picked up tag (density=1) | Total: 60
[DEPOSIT] R3 deposited! Total: 60
  [TARGET] R3 → WALL (-2.42, -0.45)

======================================================================
Step 50000 (26.7 min) | Pickups: 60 | Deposits: 60 | Rate: 2.25 tags/min | phero_entries=0 max_w=0.000
======================================================================
R1[GIVE_UP   ]: carry=0 | base=0.85 | wall=1.76 | search=1716 | target=none
R2[SEARCH    ]: carry=0 | base=2.33 | wall=0.48 | search=534 | target=none
R3[BASE_ESC  ]: carry=0 | base=0.22 | wall=2.31 | search=  0 | target=none
R4[GIVE_UP   ]: carry=0 | base=0.61 | wall=2.02 | search=1872 | target=none

  [GIVE-UP] R4 returned empty after 1872 searching steps
  [TARGET] R4 → WALL (-0.10, -2.42)
  [GIVE-UP] R1 returned empty after 1716 searching steps
  [TARGET] R1 → WALL (-2.37, -2.42)

======================================================================
Step 50500 (26.9 min) | Pickups: 60 | Deposits: 60 | Rate: 2.23 tags/min | phero_entries=0 max_w=0.000
======================================================================
R1[DEPART    ]: carry=0 | base=0.99 | wall=1.66 | search=  0 | target=none
R2[SEARCH    ]: carry=0 | base=2.95 | wall=0.35 | search=1034 | target=none
R3[DEPART    ]: carry=0 | base=1.55 | wall=0.96 | search=  0 | target=none
R4[SEARCH    ]: carry=0 | base=0.44 | wall=2.12 | search=140 | target=none


======================================================================
Step 51000 (27.2 min) | Pickups: 60 | Deposits: 60 | Rate: 2.21 tags/min | phero_entries=0 max_w=0.000
======================================================================
R1[DEPART    ]: carry=0 | base=2.88 | wall=0.41 | search=  0 | target=none
R2[SEARCH    ]: carry=0 | base=2.86 | wall=0.38 | search=1534 | target=none
R3[WALL_ESC  ]: carry=0 | base=2.19 | wall=0.33 | search=483 | target=none
R4[SEARCH    ]: carry=0 | base=2.13 | wall=0.37 | search=640 | target=none


======================================================================
Step 51500 (27.5 min) | Pickups: 60 | Deposits: 60 | Rate: 2.18 tags/min | phero_entries=0 max_w=0.000
======================================================================
R1[DEPART    ]: carry=0 | base=2.26 | wall=0.62 | search=  0 | target=none
R2[WALL_ESC  ]: carry=0 | base=2.97 | wall=0.32 | search=2034 | target=none
R3[WALL_ESC  ]: carry=0 | base=2.18 | wall=0.34 | search=983 | target=none
R4[GIVE_UP   ]: carry=0 | base=0.76 | wall=1.74 | search=780 | target=none

  [GIVE-UP] R4 returned empty after 780 searching steps
  [TARGET] R4 → WALL (-0.92, 2.42)

======================================================================
Step 52000 (27.7 min) | Pickups: 60 | Deposits: 60 | Rate: 2.16 tags/min | phero_entries=0 max_w=0.000
======================================================================
R1[SEARCH    ]: carry=0 | base=1.94 | wall=0.65 | search= 99 | target=none
R2[SEARCH    ]: carry=0 | base=2.86 | wall=0.40 | search=2534 | target=none
R3[GIVE_UP   ]: carry=0 | base=0.81 | wall=1.70 | search=1092 | target=none
R4[DEPART    ]: carry=0 | base=0.45 | wall=2.13 | search=  0 | target=none

  [GIVE-UP] R3 returned empty after 1092 searching steps
  [TARGET] R3 → WALL (-1.92, 2.42)

======================================================================
Step 52500 (28.0 min) | Pickups: 60 | Deposits: 60 | Rate: 2.14 tags/min | phero_entries=0 max_w=0.000
======================================================================
R1[WALL_ESC  ]: carry=0 | base=2.38 | wall=0.34 | search=599 | target=none
R2[WALL_ESC  ]: carry=0 | base=2.90 | wall=0.34 | search=3034 | target=none
R3[DEPART    ]: carry=0 | base=1.08 | wall=1.71 | search=  0 | target=none
R4[SEARCH    ]: carry=0 | base=2.08 | wall=0.49 | search=424 | target=none


======================================================================
Step 53000 (28.3 min) | Pickups: 60 | Deposits: 60 | Rate: 2.12 tags/min | phero_entries=0 max_w=0.000
======================================================================
R1[WALL_ESC  ]: carry=0 | base=2.38 | wall=0.34 | search=1099 | target=none
R2[WALL_ESC  ]: carry=0 | base=2.96 | wall=0.34 | search=3534 | target=none
R3[WALL_ESC  ]: carry=0 | base=2.77 | wall=0.32 | search=275 | target=none
R4[SEARCH    ]: carry=0 | base=2.19 | wall=0.39 | search=924 | target=none


======================================================================
Step 53500 (28.5 min) | Pickups: 60 | Deposits: 60 | Rate: 2.10 tags/min | phero_entries=0 max_w=0.000
======================================================================
R1[SEARCH    ]: carry=0 | base=2.37 | wall=0.35 | search=1599 | target=none
R2[SEARCH    ]: carry=0 | base=2.85 | wall=0.39 | search=4034 | target=none
R3[SEARCH    ]: carry=0 | base=2.68 | wall=0.40 | search=775 | target=none
R4[SEARCH    ]: carry=0 | base=2.19 | wall=0.39 | search=1424 | target=none


======================================================================
Step 54000 (28.8 min) | Pickups: 60 | Deposits: 60 | Rate: 2.08 tags/min | phero_entries=0 max_w=0.000
======================================================================
R1[SEARCH    ]: carry=0 | base=2.37 | wall=0.36 | search=2099 | target=none
R2[GIVE_UP   ]: carry=0 | base=2.43 | wall=0.77 | search=4368 | target=none
R3[WALL_ESC  ]: carry=0 | base=2.75 | wall=0.33 | search=1275 | target=none
R4[SEARCH    ]: carry=0 | base=2.19 | wall=0.39 | search=1924 | target=none


======================================================================
Step 54500 (29.1 min) | Pickups: 60 | Deposits: 60 | Rate: 2.06 tags/min | phero_entries=0 max_w=0.000
======================================================================
R1[SEARCH    ]: carry=0 | base=2.36 | wall=0.37 | search=2599 | target=none
R2[GIVE_UP   ]: carry=0 | base=0.51 | wall=2.14 | search=4368 | target=none
R3[WALL_ESC  ]: carry=0 | base=2.79 | wall=0.34 | search=1775 | target=none
R4[GIVE_UP   ]: carry=0 | base=1.91 | wall=0.67 | search=2340 | target=none

  [GIVE-UP] R2 returned empty after 4368 searching steps
  [TARGET] R2 → WALL (2.42, -0.67)
  [GIVE-UP] R4 returned empty after 2340 searching steps
  [TARGET] R4 → WALL (0.20, 2.42)

======================================================================
Step 55000 (29.3 min) | Pickups: 60 | Deposits: 60 | Rate: 2.05 tags/min | phero_entries=0 max_w=0.000
======================================================================
R1[SEARCH    ]: carry=0 | base=2.36 | wall=0.37 | search=3099 | target=none
R2[SEARCH    ]: carry=0 | base=0.95 | wall=1.63 | search=168 | target=none
R3[SEARCH    ]: carry=0 | base=2.69 | wall=0.39 | search=2275 | target=none
R4[BASE_ESC  ]: carry=0 | base=0.22 | wall=2.28 | search=  0 | target=none

[PICKUP] R4 picked up tag (density=3) | Total: 61

======================================================================
Step 55500 (29.6 min) | Pickups: 61 | Deposits: 60 | Rate: 2.03 tags/min | phero_entries=0 max_w=0.000
======================================================================
R1[SEARCH    ]: carry=0 | base=2.35 | wall=0.38 | search=3599 | target=none
R2[SEARCH    ]: carry=0 | base=2.43 | wall=0.56 | search=668 | target=none
R3[WALL_ESC  ]: carry=0 | base=2.80 | wall=0.31 | search=2775 | target=none
R4[SURVEY    ]: carry=1 | base=1.68 | wall=0.82 | search=  0 | target=none


======================================================================
Step 56000 (29.9 min) | Pickups: 61 | Deposits: 60 | Rate: 2.01 tags/min | phero_entries=0 max_w=0.000
======================================================================
R1[SEARCH    ]: carry=0 | base=2.35 | wall=0.38 | search=4099 | target=none
R2[SEARCH    ]: carry=0 | base=2.75 | wall=0.40 | search=1168 | target=none
R3[SEARCH    ]: carry=0 | base=2.72 | wall=0.39 | search=3275 | target=none
R4[RTB       ]: carry=1 | base=0.39 | wall=2.11 | search=  0 | target=none

[DEPOSIT] R4 deposited! Total: 61
  [PHERO] Laid at (0.10, 1.68) density=3 prob=0.02 entries=1
  [TARGET] R4 → SITE (0.10, 1.68)

======================================================================
Step 56500 (30.1 min) | Pickups: 61 | Deposits: 61 | Rate: 2.02 tags/min | phero_entries=1 max_w=0.227
======================================================================
R1[SEARCH    ]: carry=0 | base=2.34 | wall=0.38 | search=4599 | target=none
R2[SEARCH    ]: carry=0 | base=2.72 | wall=0.41 | search=1668 | target=none
R3[GIVE_UP   ]: carry=0 | base=1.22 | wall=1.59 | search=3276 | target=none
R4[SITE      ]: carry=0 | base=1.56 | wall=0.94 | search=  0 | target=site(0.10,1.68)

  [GIVE-UP] R3 returned empty after 3276 searching steps
  [TARGET] R3 → PHERO (0.10, 1.68)

======================================================================
Step 57000 (30.4 min) | Pickups: 61 | Deposits: 61 | Rate: 2.01 tags/min | phero_entries=1 max_w=0.046
======================================================================
R1[GIVE_UP   ]: carry=0 | base=1.42 | wall=1.21 | search=4836 | target=none
R2[WALL_ESC  ]: carry=0 | base=2.84 | wall=0.32 | search=2168 | target=none
R3[PHERO     ]: carry=0 | base=0.72 | wall=1.78 | search=  0 | target=phero(0.10,1.68)
R4[SEARCH    ]: carry=0 | base=2.00 | wall=0.76 | search=482 | target=site(0.10,1.68)

  [GIVE-UP] R1 returned empty after 4836 searching steps
  [TARGET] R1 → PHERO (0.10, 1.68)
[PICKUP] R3 picked up tag (density=2) | Total: 62

======================================================================
Step 57500 (30.7 min) | Pickups: 62 | Deposits: 61 | Rate: 1.99 tags/min | phero_entries=1 max_w=0.009
======================================================================
R1[PHERO     ]: carry=0 | base=0.27 | wall=2.23 | search=  0 | target=phero(0.10,1.68)
R2[GIVE_UP   ]: carry=0 | base=2.05 | wall=1.02 | search=2340 | target=none
R3[SURVEY    ]: carry=1 | base=1.63 | wall=0.89 | search=  0 | target=none
R4[GIVE_UP   ]: carry=0 | base=1.99 | wall=0.86 | search=780 | target=none

  [GIVE-UP] R4 returned empty after 780 searching steps
  [TARGET] R4 → PHERO (0.10, 1.68)
  [GIVE-UP] R2 returned empty after 2340 searching steps
  [TARGET] R2 → PHERO (0.10, 1.68)

======================================================================
Step 58000 (30.9 min) | Pickups: 62 | Deposits: 61 | Rate: 1.97 tags/min | phero_entries=1 max_w=0.002
======================================================================
R1[PHERO     ]: carry=0 | base=0.56 | wall=1.97 | search=  0 | target=phero(0.10,1.68)
R2[BASE_ESC  ]: carry=0 | base=0.22 | wall=2.34 | search=  0 | target=phero(0.10,1.68)
R3[RTB       ]: carry=1 | base=0.57 | wall=1.95 | search=  0 | target=none
R4[BASE_ESC  ]: carry=0 | base=0.22 | wall=2.31 | search=  0 | target=phero(0.10,1.68)

[DEPOSIT] R3 deposited! Total: 62
  [TARGET] R3 → PHERO (0.10, 1.68)

======================================================================
Step 58500 (31.2 min) | Pickups: 62 | Deposits: 62 | Rate: 1.99 tags/min | phero_entries=0 max_w=0.000
======================================================================
R1[SEARCH    ]: carry=0 | base=1.44 | wall=1.07 | search=208 | target=phero(0.10,1.68)
R2[PHERO     ]: carry=0 | base=1.25 | wall=1.25 | search=  0 | target=phero(0.10,1.68)
R3[PHERO     ]: carry=0 | base=1.03 | wall=1.48 | search=  0 | target=phero(0.10,1.68)
R4[PHERO     ]: carry=0 | base=1.50 | wall=1.01 | search=  0 | target=phero(0.10,1.68)

[PICKUP] R3 picked up tag (density=1) | Total: 63

======================================================================
Step 59000 (31.5 min) | Pickups: 63 | Deposits: 62 | Rate: 1.97 tags/min | phero_entries=0 max_w=0.000
======================================================================
R1[SEARCH    ]: carry=0 | base=1.29 | wall=1.22 | search=708 | target=phero(0.10,1.68)
R2[SEARCH    ]: carry=0 | base=0.89 | wall=1.65 | search=394 | target=phero(0.10,1.68)
R3[SURVEY    ]: carry=1 | base=1.66 | wall=0.86 | search=  0 | target=none
R4[GIVE_UP   ]: carry=0 | base=0.63 | wall=1.88 | search=156 | target=none

  [GIVE-UP] R4 returned empty after 156 searching steps
  [TARGET] R4 → WALL (2.42, -2.39)
  [GIVE-UP] R2 returned empty after 624 searching steps
  [TARGET] R2 → WALL (-2.06, -2.42)
[DEPOSIT] R3 deposited! Total: 63
  [TARGET] R3 → WALL (-2.42, 1.56)

======================================================================
Step 59500 (31.7 min) | Pickups: 63 | Deposits: 63 | Rate: 1.99 tags/min | phero_entries=0 max_w=0.000
======================================================================
R1[SEARCH    ]: carry=0 | base=1.58 | wall=1.12 | search=1208 | target=phero(0.10,1.68)
R2[DEPART    ]: carry=0 | base=0.26 | wall=2.25 | search=  0 | target=none
R3[BASE_ESC  ]: carry=0 | base=0.23 | wall=2.27 | search=  0 | target=none
R4[SEARCH    ]: carry=0 | base=0.88 | wall=1.69 | search=136 | target=none

[PICKUP] R4 picked up tag (density=1) | Total: 64
  [GIVE-UP] R1 returned empty after 1248 searching steps
  [TARGET] R1 → WALL (2.42, -0.03)

======================================================================
Step 60000 (32.0 min) | Pickups: 64 | Deposits: 63 | Rate: 1.97 tags/min | phero_entries=0 max_w=0.000
======================================================================
R1[DEPART    ]: carry=0 | base=0.27 | wall=2.29 | search=  0 | target=none
R2[GIVE_UP   ]: carry=0 | base=1.81 | wall=0.97 | search=156 | target=none
R3[DEPART    ]: carry=0 | base=1.62 | wall=1.21 | search=  0 | target=none
R4[RTB       ]: carry=1 | base=1.52 | wall=0.98 | search=  0 | target=none

[DEPOSIT] R4 deposited! Total: 64
  [TARGET] R4 → WALL (2.30, -2.42)

======================================================================
COMPLETE: all 64 tags deposited
80% completion: 51/64 deposits at step 38008 (20.27 min), rate 2.516 tags/min
Step 60376 (32.20 min)
Pickups: 64
Deposits: 64
Rate: 1.988 tags/min
======================================================================

COMPLETION_RESULT pickups=64 deposits=64 steps=60376 elapsed_min=32.200533
BATCH_RESULT pickups=64 deposits=64
