Gym has been unmaintained since 2022 and does not support NumPy 2.0 amongst other critical functionality.
Please upgrade to Gymnasium, the maintained drop-in replacement of Gym, or contact the authors of your software and request that they upgrade.
Users of this version of Gym should be able to simply replace 'import gym' with 'import gymnasium as gym' in the vast majority of cases.
See the migration guide at https://gymnasium.farama.org/introduction/migration_guide/ for additional information.
=================================================================
EXPERIMENT 4b (2-fault) — Double Robot Fault Tolerance
  Arena: 5x5m | Tags: 64 | Robots: 4 | Time: 10.0 min
  Fault 1: R1 (index 0) at 2.4622 sim-min
  Fault 2: R3 (index 2) at 2.1482 sim-min
=================================================================

Loading model: logs/ppo_cpfa_v8/ppo_cpfa_v8_2000000_steps
Model loaded. Starting evaluation...

[PICKUP] Robot 2 picked up tag (density=9) | Total: 1
[PICKUP] Robot 4 picked up tag (density=6) | Total: 2
[DEPOSIT] Robot 4 deposited! Total: 1
  [TARGET] Robot 4 → SITE (-0.04,-0.52)
[DEPOSIT] Robot 2 deposited! Total: 2
  [TARGET] Robot 2 → SITE (0.50,0.00)
[PICKUP] Robot 4 picked up tag (density=5) | Total: 3
[PICKUP] Robot 2 picked up tag (density=8) | Total: 4

======================================================================
Step 500 (0.3 min) | Pickups: 4 | Deposits: 2 | Rate: 7.50 tags/min | phero=1
======================================================================
R1[EXPLORE     ]: carry=0 | gave_up=0
R2[RTB         ]: carry=1 | gave_up=0
R3[EXPLORE     ]: carry=0 | gave_up=0
R4[RTB         ]: carry=1 | gave_up=0

[DEPOSIT] Robot 2 deposited! Total: 3
  [TARGET] Robot 2 → SITE (0.35,-0.03)
[DEPOSIT] Robot 4 deposited! Total: 4
  [TARGET] Robot 4 → SITE (-0.05,-0.51)
[PICKUP] Robot 4 picked up tag (density=4) | Total: 5
[DEPOSIT] Robot 4 deposited! Total: 5
  [TARGET] Robot 4 → SITE (-0.10,-0.30)

======================================================================
Step 1000 (0.5 min) | Pickups: 5 | Deposits: 5 | Rate: 9.38 tags/min | phero=4
======================================================================
R1[EXPLORE     ]: carry=0 | gave_up=0
R2[BASE_ESC    ]: carry=0 | gave_up=0
R3[EXPLORE     ]: carry=0 | gave_up=0
R4[SITE        ]: carry=0 | gave_up=0


======================================================================
Step 1500 (0.8 min) | Pickups: 5 | Deposits: 5 | Rate: 6.25 tags/min | phero=4
======================================================================
R1[EXPLORE     ]: carry=0 | gave_up=0
R2[BASE_ESC    ]: carry=0 | gave_up=0
R3[EXPLORE     ]: carry=0 | gave_up=0
R4[EXPLORE     ]: carry=0 | gave_up=0


======================================================================
Step 2000 (1.1 min) | Pickups: 5 | Deposits: 5 | Rate: 4.69 tags/min | phero=4
======================================================================
R1[EXPLORE     ]: carry=0 | gave_up=0
R2[BASE_ESC    ]: carry=0 | gave_up=0
R3[EXPLORE     ]: carry=0 | gave_up=0
R4[EXPLORE     ]: carry=0 | gave_up=0

[PICKUP] Robot 1 picked up tag (density=12) | Total: 6
[DEPOSIT] Robot 1 deposited! Total: 6
  [TARGET] Robot 1 → SITE (0.26,1.18)

======================================================================
Step 2500 (1.3 min) | Pickups: 6 | Deposits: 6 | Rate: 4.50 tags/min | phero=5
======================================================================
R1[SITE        ]: carry=0 | gave_up=0
R2[BASE_ESC    ]: carry=0 | gave_up=0
R3[EXPLORE     ]: carry=0 | gave_up=0
R4[EXPLORE     ]: carry=0 | gave_up=0

[GIVE-UP] R3 giving up after 2652 steps
[PICKUP] Robot 3 picked up tag (density=12) | Total: 7

======================================================================
Step 3000 (1.6 min) | Pickups: 7 | Deposits: 6 | Rate: 3.75 tags/min | phero=5
======================================================================
R1[BASE_ESC    ]: carry=0 | gave_up=0
R2[BASE_ESC    ]: carry=0 | gave_up=0
R3[RTB         ]: carry=1 | gave_up=0
R4[EXPLORE     ]: carry=0 | gave_up=0

[DEPOSIT] Robot 3 deposited! Total: 7
  [TARGET] Robot 3 → SITE (-1.41,-0.72)

======================================================================
Step 3500 (1.9 min) | Pickups: 7 | Deposits: 7 | Rate: 3.75 tags/min | phero=6
======================================================================
R1[SITE        ]: carry=0 | gave_up=0
R2[EXPLORE     ]: carry=0 | gave_up=0
R3[SITE        ]: carry=0 | gave_up=0
R4[EXPLORE     ]: carry=0 | gave_up=0

[PICKUP] Robot 3 picked up tag (density=11) | Total: 8

======================================================================
Step 4000 (2.1 min) | Pickups: 8 | Deposits: 7 | Rate: 3.28 tags/min | phero=6
======================================================================
R1[SITE        ]: carry=0 | gave_up=0
R2[EXPLORE     ]: carry=0 | gave_up=0
R3[RTB         ]: carry=1 | gave_up=0
R4[EXPLORE     ]: carry=0 | gave_up=0

[FAULT] Robot 3 failed at t=2.148 sim-min (scheduled 2.1482 min)

======================================================================
Step 4500 (2.4 min) | Pickups: 8 | Deposits: 7 | Rate: 2.92 tags/min | phero=6
======================================================================
R1[SITE        ]: carry=0 | gave_up=0
R2[EXPLORE     ]: carry=0 | gave_up=0
R3[FAULT       ]: carry=1 | gave_up=0
R4[EXPLORE     ]: carry=0 | gave_up=0

[FAULT] Robot 1 failed at t=2.462 sim-min (scheduled 2.4622 min)

======================================================================
Step 5000 (2.7 min) | Pickups: 8 | Deposits: 7 | Rate: 2.62 tags/min | phero=3
======================================================================
R1[FAULT       ]: carry=0 | gave_up=0
R2[EXPLORE     ]: carry=0 | gave_up=0
R3[FAULT       ]: carry=1 | gave_up=0
R4[EXPLORE     ]: carry=0 | gave_up=0


======================================================================
Step 5500 (2.9 min) | Pickups: 8 | Deposits: 7 | Rate: 2.39 tags/min | phero=2
======================================================================
R1[FAULT       ]: carry=0 | gave_up=0
R2[EXPLORE     ]: carry=0 | gave_up=0
R3[FAULT       ]: carry=1 | gave_up=0
R4[EXPLORE     ]: carry=0 | gave_up=0

[GIVE-UP] R2 giving up after 5321 steps

======================================================================
Step 6000 (3.2 min) | Pickups: 8 | Deposits: 7 | Rate: 2.19 tags/min | phero=2
======================================================================
R1[FAULT       ]: carry=0 | gave_up=0
R2[GIVE_UP     ]: carry=0 | gave_up=1
R3[FAULT       ]: carry=1 | gave_up=0
R4[EXPLORE     ]: carry=0 | gave_up=0

[EMPTY_RTN] R2 → phero(0.26,1.18)

======================================================================
Step 6500 (3.5 min) | Pickups: 8 | Deposits: 7 | Rate: 2.02 tags/min | phero=2
======================================================================
R1[FAULT       ]: carry=0 | gave_up=0
R2[PHERO       ]: carry=0 | gave_up=0
R3[FAULT       ]: carry=1 | gave_up=0
R4[EXPLORE     ]: carry=0 | gave_up=0

[PICKUP] Robot 2 picked up tag (density=10) | Total: 9
[GIVE-UP] R4 giving up after 5836 steps
[DEPOSIT] Robot 2 deposited! Total: 8
  [TARGET] Robot 2 → SITE (-0.91,-0.69)
[EMPTY_RTN] R4 → phero(-0.91,-0.69)

======================================================================
Step 7000 (3.7 min) | Pickups: 9 | Deposits: 8 | Rate: 2.14 tags/min | phero=2
======================================================================
R1[FAULT       ]: carry=0 | gave_up=0
R2[SITE        ]: carry=0 | gave_up=0
R3[FAULT       ]: carry=1 | gave_up=0
R4[BASE_ESC    ]: carry=0 | gave_up=0

[PICKUP] Robot 2 picked up tag (density=3) | Total: 10
[DEPOSIT] Robot 2 deposited! Total: 9
  [TARGET] Robot 2 → SITE (-0.33,-0.29)
[PICKUP] Robot 4 picked up tag (density=11) | Total: 11

======================================================================
Step 7500 (4.0 min) | Pickups: 11 | Deposits: 9 | Rate: 2.25 tags/min | phero=1
======================================================================
R1[FAULT       ]: carry=0 | gave_up=0
R2[SITE        ]: carry=0 | gave_up=0
R3[FAULT       ]: carry=1 | gave_up=0
R4[RTB         ]: carry=1 | gave_up=0

[DEPOSIT] Robot 4 deposited! Total: 10
  [TARGET] Robot 4 → SITE (0.40,0.96)

======================================================================
Step 8000 (4.3 min) | Pickups: 11 | Deposits: 10 | Rate: 2.34 tags/min | phero=2
======================================================================
R1[FAULT       ]: carry=0 | gave_up=0
R2[EXPLORE     ]: carry=0 | gave_up=0
R3[FAULT       ]: carry=1 | gave_up=0
R4[SITE        ]: carry=0 | gave_up=0


======================================================================
Step 8500 (4.5 min) | Pickups: 11 | Deposits: 10 | Rate: 2.21 tags/min | phero=2
======================================================================
R1[FAULT       ]: carry=0 | gave_up=0
R2[EXPLORE     ]: carry=0 | gave_up=0
R3[FAULT       ]: carry=1 | gave_up=0
R4[EXPLORE     ]: carry=0 | gave_up=0

[GIVE-UP] R2 giving up after 1573 steps
[GIVE-UP] R4 giving up after 1220 steps
[EMPTY_RTN] R2 → phero(0.40,0.96)

======================================================================
Step 9000 (4.8 min) | Pickups: 11 | Deposits: 10 | Rate: 2.08 tags/min | phero=2
======================================================================
R1[FAULT       ]: carry=0 | gave_up=0
R2[BASE_ESC    ]: carry=0 | gave_up=0
R3[FAULT       ]: carry=1 | gave_up=0
R4[GIVE_UP     ]: carry=0 | gave_up=1

[EMPTY_RTN] R4 → phero(0.40,0.96)

======================================================================
Step 9500 (5.1 min) | Pickups: 11 | Deposits: 10 | Rate: 1.97 tags/min | phero=2
======================================================================
R1[FAULT       ]: carry=0 | gave_up=0
R2[BASE_ESC    ]: carry=0 | gave_up=0
R3[FAULT       ]: carry=1 | gave_up=0
R4[BASE_ESC    ]: carry=0 | gave_up=0


======================================================================
Step 10000 (5.3 min) | Pickups: 11 | Deposits: 10 | Rate: 1.88 tags/min | phero=2
======================================================================
R1[FAULT       ]: carry=0 | gave_up=0
R2[PHERO       ]: carry=0 | gave_up=0
R3[FAULT       ]: carry=1 | gave_up=0
R4[PHERO       ]: carry=0 | gave_up=0


======================================================================
Step 10500 (5.6 min) | Pickups: 11 | Deposits: 10 | Rate: 1.79 tags/min | phero=2
======================================================================
R1[FAULT       ]: carry=0 | gave_up=0
R2[BASE_ESC    ]: carry=0 | gave_up=0
R3[FAULT       ]: carry=1 | gave_up=0
R4[PHERO       ]: carry=0 | gave_up=0

[PICKUP] Robot 4 picked up tag (density=7) | Total: 12
[DEPOSIT] Robot 4 deposited! Total: 11
  [TARGET] Robot 4 → SITE (0.41,-0.08)

======================================================================
Step 11000 (5.9 min) | Pickups: 12 | Deposits: 11 | Rate: 1.88 tags/min | phero=3
======================================================================
R1[FAULT       ]: carry=0 | gave_up=0
R2[PHERO       ]: carry=0 | gave_up=0
R3[FAULT       ]: carry=1 | gave_up=0
R4[EXPLORE     ]: carry=0 | gave_up=0


======================================================================
Step 11500 (6.1 min) | Pickups: 12 | Deposits: 11 | Rate: 1.79 tags/min | phero=2
======================================================================
R1[FAULT       ]: carry=0 | gave_up=0
R2[PHERO       ]: carry=0 | gave_up=0
R3[FAULT       ]: carry=1 | gave_up=0
R4[EXPLORE     ]: carry=0 | gave_up=0


======================================================================
Step 12000 (6.4 min) | Pickups: 12 | Deposits: 11 | Rate: 1.72 tags/min | phero=1
======================================================================
R1[FAULT       ]: carry=0 | gave_up=0
R2[PHERO       ]: carry=0 | gave_up=0
R3[FAULT       ]: carry=1 | gave_up=0
R4[EXPLORE     ]: carry=0 | gave_up=0

[PICKUP] Robot 2 picked up tag (density=9) | Total: 13
[DEPOSIT] Robot 2 deposited! Total: 12
  [TARGET] Robot 2 → SITE (-1.09,-0.35)

======================================================================
Step 12500 (6.7 min) | Pickups: 13 | Deposits: 12 | Rate: 1.80 tags/min | phero=2
======================================================================
R1[FAULT       ]: carry=0 | gave_up=0
R2[SITE        ]: carry=0 | gave_up=0
R3[FAULT       ]: carry=1 | gave_up=0
R4[EXPLORE     ]: carry=0 | gave_up=0


======================================================================
Step 13000 (6.9 min) | Pickups: 13 | Deposits: 12 | Rate: 1.73 tags/min | phero=2
======================================================================
R1[FAULT       ]: carry=0 | gave_up=0
R2[SITE        ]: carry=0 | gave_up=0
R3[FAULT       ]: carry=1 | gave_up=0
R4[EXPLORE     ]: carry=0 | gave_up=0


======================================================================
Step 13500 (7.2 min) | Pickups: 13 | Deposits: 12 | Rate: 1.67 tags/min | phero=2
======================================================================
R1[FAULT       ]: carry=0 | gave_up=0
R2[SITE        ]: carry=0 | gave_up=0
R3[FAULT       ]: carry=1 | gave_up=0
R4[EXPLORE     ]: carry=0 | gave_up=0

[PICKUP] Robot 4 picked up tag (density=6) | Total: 14
[DEPOSIT] Robot 4 deposited! Total: 13
  [TARGET] Robot 4 → SITE (0.37,0.02)
[PICKUP] Robot 2 picked up tag (density=8) | Total: 15
[DEPOSIT] Robot 2 deposited! Total: 14
  [TARGET] Robot 2 → SITE (-1.08,-0.41)

======================================================================
Step 14000 (7.5 min) | Pickups: 15 | Deposits: 14 | Rate: 1.88 tags/min | phero=4
======================================================================
R1[FAULT       ]: carry=0 | gave_up=0
R2[BASE_ESC    ]: carry=0 | gave_up=0
R3[FAULT       ]: carry=1 | gave_up=0
R4[SITE        ]: carry=0 | gave_up=0

[PICKUP] Robot 4 picked up tag (density=5) | Total: 16
[DEPOSIT] Robot 4 deposited! Total: 15
  [TARGET] Robot 4 → SITE (0.40,0.05)

======================================================================
Step 14500 (7.7 min) | Pickups: 16 | Deposits: 15 | Rate: 1.94 tags/min | phero=5
======================================================================
R1[FAULT       ]: carry=0 | gave_up=0
R2[SITE        ]: carry=0 | gave_up=0
R3[FAULT       ]: carry=1 | gave_up=0
R4[EXPLORE     ]: carry=0 | gave_up=0

[PICKUP] Robot 4 picked up tag (density=4) | Total: 17
[DEPOSIT] Robot 4 deposited! Total: 16
  [TARGET] Robot 4 → SITE (0.42,0.06)

======================================================================
Step 15000 (8.0 min) | Pickups: 17 | Deposits: 16 | Rate: 2.00 tags/min | phero=5
======================================================================
R1[FAULT       ]: carry=0 | gave_up=0
R2[SITE        ]: carry=0 | gave_up=0
R3[FAULT       ]: carry=1 | gave_up=0
R4[EXPLORE     ]: carry=0 | gave_up=0


======================================================================
Step 15500 (8.3 min) | Pickups: 17 | Deposits: 16 | Rate: 1.94 tags/min | phero=5
======================================================================
R1[FAULT       ]: carry=0 | gave_up=0
R2[SITE        ]: carry=0 | gave_up=0
R3[FAULT       ]: carry=1 | gave_up=0
R4[EXPLORE     ]: carry=0 | gave_up=0


======================================================================
Step 16000 (8.5 min) | Pickups: 17 | Deposits: 16 | Rate: 1.88 tags/min | phero=5
======================================================================
R1[FAULT       ]: carry=0 | gave_up=0
R2[SITE        ]: carry=0 | gave_up=0
R3[FAULT       ]: carry=1 | gave_up=0
R4[EXPLORE     ]: carry=0 | gave_up=0


======================================================================
Step 16500 (8.8 min) | Pickups: 17 | Deposits: 16 | Rate: 1.82 tags/min | phero=5
======================================================================
R1[FAULT       ]: carry=0 | gave_up=0
R2[SITE        ]: carry=0 | gave_up=0
R3[FAULT       ]: carry=1 | gave_up=0
R4[EXPLORE     ]: carry=0 | gave_up=0

[GIVE-UP] R4 giving up after 1951 steps
[EMPTY_RTN] R4 → phero(-1.08,-0.41)

======================================================================
Step 17000 (9.1 min) | Pickups: 17 | Deposits: 16 | Rate: 1.76 tags/min | phero=4
======================================================================
R1[FAULT       ]: carry=0 | gave_up=0
R2[SITE        ]: carry=0 | gave_up=0
R3[FAULT       ]: carry=1 | gave_up=0
R4[PHERO       ]: carry=0 | gave_up=0


======================================================================
Step 17500 (9.3 min) | Pickups: 17 | Deposits: 16 | Rate: 1.71 tags/min | phero=4
======================================================================
R1[FAULT       ]: carry=0 | gave_up=0
R2[SITE        ]: carry=0 | gave_up=0
R3[FAULT       ]: carry=1 | gave_up=0
R4[PHERO       ]: carry=0 | gave_up=0


======================================================================
Step 18000 (9.6 min) | Pickups: 17 | Deposits: 16 | Rate: 1.67 tags/min | phero=3
======================================================================
R1[FAULT       ]: carry=0 | gave_up=0
R2[EXPLORE     ]: carry=0 | gave_up=0
R3[FAULT       ]: carry=1 | gave_up=0
R4[WALL_ESC    ]: carry=0 | gave_up=0

[PICKUP] Robot 2 picked up tag (density=7) | Total: 18
[DEPOSIT] Robot 2 deposited! Total: 17
  [TARGET] Robot 2 → SITE (-1.07,-0.42)

======================================================================
Step 18500 (9.9 min) | Pickups: 18 | Deposits: 17 | Rate: 1.72 tags/min | phero=3
======================================================================
R1[FAULT       ]: carry=0 | gave_up=0
R2[BASE_ESC    ]: carry=0 | gave_up=0
R3[FAULT       ]: carry=1 | gave_up=0
R4[PHERO       ]: carry=0 | gave_up=0

TIMEOUT_RESULT pickups=18 deposits=17 steps=18750 elapsed_min=10.000000 fault_robot_1=0 failure_time_min_1=2.4622 fault_robot_2=2 failure_time_min_2=2.1482
BATCH_RESULT pickups=18 deposits=17
