Gym has been unmaintained since 2022 and does not support NumPy 2.0 amongst other critical functionality.
Please upgrade to Gymnasium, the maintained drop-in replacement of Gym, or contact the authors of your software and request that they upgrade.
Users of this version of Gym should be able to simply replace 'import gym' with 'import gymnasium as gym' in the vast majority of cases.
See the migration guide at https://gymnasium.farama.org/introduction/migration_guide/ for additional information.
=================================================================
EXPERIMENT 4b (2-fault) — Double Robot Fault Tolerance
  Arena: 5x5m | Tags: 64 | Robots: 4 | Time: 10.0 min
  Fault 1: R1 (index 0) at 2.6896 sim-min
  Fault 2: R4 (index 3) at 1.9148 sim-min
=================================================================

Loading model: logs/ppo_cpfa_v8/ppo_cpfa_v8_2000000_steps
Model loaded. Starting evaluation...

[PICKUP] Robot 2 picked up tag (density=6) | Total: 1
[PICKUP] Robot 3 picked up tag (density=9) | Total: 2
[DEPOSIT] Robot 3 deposited! Total: 1
  [TARGET] Robot 3 → SITE (0.00,0.50)
[DEPOSIT] Robot 2 deposited! Total: 2
  [TARGET] Robot 2 → SITE (0.50,0.00)
[PICKUP] Robot 2 picked up tag (density=5) | Total: 3

======================================================================
Step 500 (0.3 min) | Pickups: 3 | Deposits: 2 | Rate: 7.50 tags/min | phero=2
======================================================================
R1[EXPLORE     ]: carry=0 | gave_up=0
R2[RTB         ]: carry=1 | gave_up=0
R3[SITE        ]: carry=0 | gave_up=0
R4[BASE_ESC    ]: carry=0 | gave_up=0

[DEPOSIT] Robot 2 deposited! Total: 3
  [TARGET] Robot 2 → SITE (0.36,-0.03)
[PICKUP] Robot 4 picked up tag (density=4) | Total: 4
[DEPOSIT] Robot 4 deposited! Total: 4
  [TARGET] Robot 4 → SITE (0.37,-0.03)
[PICKUP] Robot 3 picked up tag (density=8) | Total: 5

======================================================================
Step 1000 (0.5 min) | Pickups: 5 | Deposits: 4 | Rate: 7.50 tags/min | phero=4
======================================================================
R1[EXPLORE     ]: carry=0 | gave_up=0
R2[EXPLORE     ]: carry=0 | gave_up=0
R3[RTB         ]: carry=1 | gave_up=0
R4[EXPLORE     ]: carry=0 | gave_up=0

[DEPOSIT] Robot 3 deposited! Total: 5
  [TARGET] Robot 3 → SITE (-0.02,0.51)

======================================================================
Step 1500 (0.8 min) | Pickups: 5 | Deposits: 5 | Rate: 6.25 tags/min | phero=5
======================================================================
R1[EXPLORE     ]: carry=0 | gave_up=0
R2[EXPLORE     ]: carry=0 | gave_up=0
R3[SITE        ]: carry=0 | gave_up=0
R4[EXPLORE     ]: carry=0 | gave_up=0


======================================================================
Step 2000 (1.1 min) | Pickups: 5 | Deposits: 5 | Rate: 4.69 tags/min | phero=5
======================================================================
R1[WALL_ESC    ]: carry=0 | gave_up=0
R2[EXPLORE     ]: carry=0 | gave_up=0
R3[BASE_ESC    ]: carry=0 | gave_up=0
R4[EXPLORE     ]: carry=0 | gave_up=0

[PICKUP] Robot 4 picked up tag (density=3) | Total: 6
[DEPOSIT] Robot 4 deposited! Total: 6
  [TARGET] Robot 4 → SITE (0.50,-0.26)

======================================================================
Step 2500 (1.3 min) | Pickups: 6 | Deposits: 6 | Rate: 4.50 tags/min | phero=6
======================================================================
R1[EXPLORE     ]: carry=0 | gave_up=0
R2[EXPLORE     ]: carry=0 | gave_up=0
R3[SITE        ]: carry=0 | gave_up=0
R4[BASE_ESC    ]: carry=0 | gave_up=0

[PICKUP] Robot 3 picked up tag (density=7) | Total: 7
[DEPOSIT] Robot 3 deposited! Total: 7
  [TARGET] Robot 3 → SITE (-0.08,0.29)
[PICKUP] Robot 3 picked up tag (density=6) | Total: 8
[DEPOSIT] Robot 3 deposited! Total: 8
  [TARGET] Robot 3 → SITE (-0.13,0.31)

======================================================================
Step 3000 (1.6 min) | Pickups: 8 | Deposits: 8 | Rate: 5.00 tags/min | phero=8
======================================================================
R1[EXPLORE     ]: carry=0 | gave_up=0
R2[EXPLORE     ]: carry=0 | gave_up=0
R3[BASE_ESC    ]: carry=0 | gave_up=0
R4[SITE        ]: carry=0 | gave_up=0

[PICKUP] Robot 4 picked up tag (density=2) | Total: 9
[DEPOSIT] Robot 4 deposited! Total: 9
  [TARGET] Robot 4 → SITE (0.46,-0.14)
[PICKUP] Robot 3 picked up tag (density=5) | Total: 10

======================================================================
Step 3500 (1.9 min) | Pickups: 10 | Deposits: 9 | Rate: 4.82 tags/min | phero=8
======================================================================
R1[EXPLORE     ]: carry=0 | gave_up=0
R2[EXPLORE     ]: carry=0 | gave_up=0
R3[RTB         ]: carry=1 | gave_up=0
R4[BASE_ESC    ]: carry=0 | gave_up=0

[DEPOSIT] Robot 3 deposited! Total: 10
  [TARGET] Robot 3 → SITE (-0.19,0.32)
[GIVE-UP] R1 giving up after 3588 steps
[FAULT] Robot 4 failed at t=1.915 sim-min (scheduled 1.9148 min)

======================================================================
Step 4000 (2.1 min) | Pickups: 10 | Deposits: 10 | Rate: 4.69 tags/min | phero=9
======================================================================
R1[GIVE_UP     ]: carry=0 | gave_up=1
R2[EXPLORE     ]: carry=0 | gave_up=0
R3[EXPLORE     ]: carry=0 | gave_up=0
R4[FAULT       ]: carry=0 | gave_up=0

[PICKUP] Robot 1 picked up tag (density=4) | Total: 11
[DEPOSIT] Robot 1 deposited! Total: 11
  [TARGET] Robot 1 → SITE (-0.45,0.52)
[PICKUP] Robot 3 picked up tag (density=12) | Total: 12

======================================================================
Step 4500 (2.4 min) | Pickups: 12 | Deposits: 11 | Rate: 4.58 tags/min | phero=9
======================================================================
R1[SITE        ]: carry=0 | gave_up=0
R2[EXPLORE     ]: carry=0 | gave_up=0
R3[RTB         ]: carry=1 | gave_up=0
R4[FAULT       ]: carry=0 | gave_up=0

[DEPOSIT] Robot 3 deposited! Total: 12
  [TARGET] Robot 3 → SITE (0.64,-0.88)

======================================================================
Step 5000 (2.7 min) | Pickups: 12 | Deposits: 12 | Rate: 4.50 tags/min | phero=8
======================================================================
R1[SITE        ]: carry=0 | gave_up=0
R2[EXPLORE     ]: carry=0 | gave_up=0
R3[SITE        ]: carry=0 | gave_up=0
R4[FAULT       ]: carry=0 | gave_up=0

[FAULT] Robot 1 failed at t=2.690 sim-min (scheduled 2.6896 min)
[PICKUP] Robot 3 picked up tag (density=11) | Total: 13
[DEPOSIT] Robot 3 deposited! Total: 13
  [TARGET] Robot 3 → SITE (0.66,-0.85)

======================================================================
Step 5500 (2.9 min) | Pickups: 13 | Deposits: 13 | Rate: 4.43 tags/min | phero=7
======================================================================
R1[FAULT       ]: carry=0 | gave_up=0
R2[EXPLORE     ]: carry=0 | gave_up=0
R3[BASE_ESC    ]: carry=0 | gave_up=0
R4[FAULT       ]: carry=0 | gave_up=0

[PICKUP] Robot 3 picked up tag (density=10) | Total: 14

======================================================================
Step 6000 (3.2 min) | Pickups: 14 | Deposits: 13 | Rate: 4.06 tags/min | phero=7
======================================================================
R1[FAULT       ]: carry=0 | gave_up=0
R2[WALL_ESC    ]: carry=0 | gave_up=0
R3[RTB         ]: carry=1 | gave_up=0
R4[FAULT       ]: carry=0 | gave_up=0

[DEPOSIT] Robot 3 deposited! Total: 14
  [TARGET] Robot 3 → SITE (0.72,-0.88)
[PICKUP] Robot 3 picked up tag (density=9) | Total: 15

======================================================================
Step 6500 (3.5 min) | Pickups: 15 | Deposits: 14 | Rate: 4.04 tags/min | phero=8
======================================================================
R1[FAULT       ]: carry=0 | gave_up=0
R2[WALL_ESC    ]: carry=0 | gave_up=0
R3[RTB         ]: carry=1 | gave_up=0
R4[FAULT       ]: carry=0 | gave_up=0

[DEPOSIT] Robot 3 deposited! Total: 15
  [TARGET] Robot 3 → SITE (0.75,-0.84)

======================================================================
Step 7000 (3.7 min) | Pickups: 15 | Deposits: 15 | Rate: 4.02 tags/min | phero=8
======================================================================
R1[FAULT       ]: carry=0 | gave_up=0
R2[EXPLORE     ]: carry=0 | gave_up=0
R3[SITE        ]: carry=0 | gave_up=0
R4[FAULT       ]: carry=0 | gave_up=0

[PICKUP] Robot 3 picked up tag (density=8) | Total: 16

======================================================================
Step 7500 (4.0 min) | Pickups: 16 | Deposits: 15 | Rate: 3.75 tags/min | phero=6
======================================================================
R1[FAULT       ]: carry=0 | gave_up=0
R2[EXPLORE     ]: carry=0 | gave_up=0
R3[RTB         ]: carry=1 | gave_up=0
R4[FAULT       ]: carry=0 | gave_up=0

[DEPOSIT] Robot 3 deposited! Total: 16
  [TARGET] Robot 3 → SITE (0.78,-0.86)
[PICKUP] Robot 3 picked up tag (density=7) | Total: 17

======================================================================
Step 8000 (4.3 min) | Pickups: 17 | Deposits: 16 | Rate: 3.75 tags/min | phero=6
======================================================================
R1[FAULT       ]: carry=0 | gave_up=0
R2[EXPLORE     ]: carry=0 | gave_up=0
R3[RTB         ]: carry=1 | gave_up=0
R4[FAULT       ]: carry=0 | gave_up=0

[DEPOSIT] Robot 3 deposited! Total: 17
  [TARGET] Robot 3 → SITE (0.81,-0.79)

======================================================================
Step 8500 (4.5 min) | Pickups: 17 | Deposits: 17 | Rate: 3.75 tags/min | phero=7
======================================================================
R1[FAULT       ]: carry=0 | gave_up=0
R2[WALL_ESC    ]: carry=0 | gave_up=0
R3[SITE        ]: carry=0 | gave_up=0
R4[FAULT       ]: carry=0 | gave_up=0

[PICKUP] Robot 3 picked up tag (density=6) | Total: 18
[DEPOSIT] Robot 3 deposited! Total: 18
  [TARGET] Robot 3 → SITE (0.87,-0.80)

======================================================================
Step 9000 (4.8 min) | Pickups: 18 | Deposits: 18 | Rate: 3.75 tags/min | phero=7
======================================================================
R1[FAULT       ]: carry=0 | gave_up=0
R2[WALL_ESC    ]: carry=0 | gave_up=0
R3[BASE_ESC    ]: carry=0 | gave_up=0
R4[FAULT       ]: carry=0 | gave_up=0

[PICKUP] Robot 3 picked up tag (density=5) | Total: 19

======================================================================
Step 9500 (5.1 min) | Pickups: 19 | Deposits: 18 | Rate: 3.55 tags/min | phero=6
======================================================================
R1[FAULT       ]: carry=0 | gave_up=0
R2[EXPLORE     ]: carry=0 | gave_up=0
R3[RTB         ]: carry=1 | gave_up=0
R4[FAULT       ]: carry=0 | gave_up=0

[DEPOSIT] Robot 3 deposited! Total: 19
  [TARGET] Robot 3 → SITE (0.90,-0.77)

======================================================================
Step 10000 (5.3 min) | Pickups: 19 | Deposits: 19 | Rate: 3.56 tags/min | phero=6
======================================================================
R1[FAULT       ]: carry=0 | gave_up=0
R2[WALL_ESC    ]: carry=0 | gave_up=0
R3[SITE        ]: carry=0 | gave_up=0
R4[FAULT       ]: carry=0 | gave_up=0


======================================================================
Step 10500 (5.6 min) | Pickups: 19 | Deposits: 19 | Rate: 3.39 tags/min | phero=5
======================================================================
R1[FAULT       ]: carry=0 | gave_up=0
R2[EXPLORE     ]: carry=0 | gave_up=0
R3[EXPLORE     ]: carry=0 | gave_up=0
R4[FAULT       ]: carry=0 | gave_up=0

[GIVE-UP] R2 giving up after 10158 steps

======================================================================
Step 11000 (5.9 min) | Pickups: 19 | Deposits: 19 | Rate: 3.24 tags/min | phero=5
======================================================================
R1[FAULT       ]: carry=0 | gave_up=0
R2[GIVE_UP     ]: carry=0 | gave_up=1
R3[EXPLORE     ]: carry=0 | gave_up=0
R4[FAULT       ]: carry=0 | gave_up=0

[EMPTY_RTN] R2 → phero(0.90,-0.77)

======================================================================
Step 11500 (6.1 min) | Pickups: 19 | Deposits: 19 | Rate: 3.10 tags/min | phero=4
======================================================================
R1[FAULT       ]: carry=0 | gave_up=0
R2[PHERO       ]: carry=0 | gave_up=0
R3[EXPLORE     ]: carry=0 | gave_up=0
R4[FAULT       ]: carry=0 | gave_up=0


======================================================================
Step 12000 (6.4 min) | Pickups: 19 | Deposits: 19 | Rate: 2.97 tags/min | phero=3
======================================================================
R1[FAULT       ]: carry=0 | gave_up=0
R2[PHERO       ]: carry=0 | gave_up=0
R3[WALL_ESC    ]: carry=0 | gave_up=0
R4[FAULT       ]: carry=0 | gave_up=0

[PICKUP] Robot 3 picked up tag (density=12) | Total: 20

======================================================================
Step 12500 (6.7 min) | Pickups: 20 | Deposits: 19 | Rate: 2.85 tags/min | phero=3
======================================================================
R1[FAULT       ]: carry=0 | gave_up=0
R2[PHERO       ]: carry=0 | gave_up=0
R3[RTB         ]: carry=1 | gave_up=0
R4[FAULT       ]: carry=0 | gave_up=0

[DEPOSIT] Robot 3 deposited! Total: 20
  [TARGET] Robot 3 → SITE (-1.42,0.36)

======================================================================
Step 13000 (6.9 min) | Pickups: 20 | Deposits: 20 | Rate: 2.88 tags/min | phero=3
======================================================================
R1[FAULT       ]: carry=0 | gave_up=0
R2[WALL_ESC    ]: carry=0 | gave_up=0
R3[SITE        ]: carry=0 | gave_up=0
R4[FAULT       ]: carry=0 | gave_up=0

[PICKUP] Robot 3 picked up tag (density=11) | Total: 21
[DEPOSIT] Robot 3 deposited! Total: 21
  [TARGET] Robot 3 → SITE (-1.04,-0.01)

======================================================================
Step 13500 (7.2 min) | Pickups: 21 | Deposits: 21 | Rate: 2.92 tags/min | phero=3
======================================================================
R1[FAULT       ]: carry=0 | gave_up=0
R2[PHERO       ]: carry=0 | gave_up=0
R3[SITE        ]: carry=0 | gave_up=0
R4[FAULT       ]: carry=0 | gave_up=0

[PICKUP] Robot 3 picked up tag (density=10) | Total: 22

======================================================================
Step 14000 (7.5 min) | Pickups: 22 | Deposits: 21 | Rate: 2.81 tags/min | phero=2
======================================================================
R1[FAULT       ]: carry=0 | gave_up=0
R2[WALL_ESC    ]: carry=0 | gave_up=0
R3[RTB         ]: carry=1 | gave_up=0
R4[FAULT       ]: carry=0 | gave_up=0

[DEPOSIT] Robot 3 deposited! Total: 22
  [TARGET] Robot 3 → SITE (-1.14,-0.04)
[PICKUP] Robot 3 picked up tag (density=9) | Total: 23

======================================================================
Step 14500 (7.7 min) | Pickups: 23 | Deposits: 22 | Rate: 2.84 tags/min | phero=3
======================================================================
R1[FAULT       ]: carry=0 | gave_up=0
R2[PHERO       ]: carry=0 | gave_up=0
R3[RTB         ]: carry=1 | gave_up=0
R4[FAULT       ]: carry=0 | gave_up=0

[DEPOSIT] Robot 3 deposited! Total: 23
  [TARGET] Robot 3 → SITE (-1.19,-0.01)

======================================================================
Step 15000 (8.0 min) | Pickups: 23 | Deposits: 23 | Rate: 2.88 tags/min | phero=4
======================================================================
R1[FAULT       ]: carry=0 | gave_up=0
R2[WALL_ESC    ]: carry=0 | gave_up=0
R3[SITE        ]: carry=0 | gave_up=0
R4[FAULT       ]: carry=0 | gave_up=0

[PICKUP] Robot 3 picked up tag (density=8) | Total: 24

======================================================================
Step 15500 (8.3 min) | Pickups: 24 | Deposits: 23 | Rate: 2.78 tags/min | phero=4
======================================================================
R1[FAULT       ]: carry=0 | gave_up=0
R2[PHERO       ]: carry=0 | gave_up=0
R3[RTB         ]: carry=1 | gave_up=0
R4[FAULT       ]: carry=0 | gave_up=0

[DEPOSIT] Robot 3 deposited! Total: 24
  [TARGET] Robot 3 → SITE (-1.20,-0.01)
[PICKUP] Robot 3 picked up tag (density=7) | Total: 25

======================================================================
Step 16000 (8.5 min) | Pickups: 25 | Deposits: 24 | Rate: 2.81 tags/min | phero=5
======================================================================
R1[FAULT       ]: carry=0 | gave_up=0
R2[WALL_ESC    ]: carry=0 | gave_up=0
R3[RTB         ]: carry=1 | gave_up=0
R4[FAULT       ]: carry=0 | gave_up=0

[DEPOSIT] Robot 3 deposited! Total: 25
  [TARGET] Robot 3 → SITE (-1.23,-0.01)

======================================================================
Step 16500 (8.8 min) | Pickups: 25 | Deposits: 25 | Rate: 2.84 tags/min | phero=6
======================================================================
R1[FAULT       ]: carry=0 | gave_up=0
R2[PHERO       ]: carry=0 | gave_up=0
R3[SITE        ]: carry=0 | gave_up=0
R4[FAULT       ]: carry=0 | gave_up=0

[PICKUP] Robot 3 picked up tag (density=6) | Total: 26

======================================================================
Step 17000 (9.1 min) | Pickups: 26 | Deposits: 25 | Rate: 2.76 tags/min | phero=6
======================================================================
R1[FAULT       ]: carry=0 | gave_up=0
R2[WALL_ESC    ]: carry=0 | gave_up=0
R3[RTB         ]: carry=1 | gave_up=0
R4[FAULT       ]: carry=0 | gave_up=0

[DEPOSIT] Robot 3 deposited! Total: 26
  [TARGET] Robot 3 → SITE (-1.29,-0.03)

======================================================================
Step 17500 (9.3 min) | Pickups: 26 | Deposits: 26 | Rate: 2.79 tags/min | phero=6
======================================================================
R1[FAULT       ]: carry=0 | gave_up=0
R2[PHERO       ]: carry=0 | gave_up=0
R3[EXPLORE     ]: carry=0 | gave_up=0
R4[FAULT       ]: carry=0 | gave_up=0

[PICKUP] Robot 3 picked up tag (density=5) | Total: 27
[DEPOSIT] Robot 3 deposited! Total: 27
  [TARGET] Robot 3 → SITE (-1.32,-0.01)

======================================================================
Step 18000 (9.6 min) | Pickups: 27 | Deposits: 27 | Rate: 2.81 tags/min | phero=5
======================================================================
R1[FAULT       ]: carry=0 | gave_up=0
R2[WALL_ESC    ]: carry=0 | gave_up=0
R3[SITE        ]: carry=0 | gave_up=0
R4[FAULT       ]: carry=0 | gave_up=0


======================================================================
Step 18500 (9.9 min) | Pickups: 27 | Deposits: 27 | Rate: 2.74 tags/min | phero=4
======================================================================
R1[FAULT       ]: carry=0 | gave_up=0
R2[PHERO       ]: carry=0 | gave_up=0
R3[EXPLORE     ]: carry=0 | gave_up=0
R4[FAULT       ]: carry=0 | gave_up=0

TIMEOUT_RESULT pickups=27 deposits=27 steps=18750 elapsed_min=10.000000 fault_robot_1=0 failure_time_min_1=2.6896 fault_robot_2=3 failure_time_min_2=1.9148
BATCH_RESULT pickups=27 deposits=27
