============================================================
EVALUATION MODE — CPFA-RL Trained Model
Arena: 12×12m  |  Obs space: 18 per robot × 4 robots = 72 total
============================================================

Loading model: ppo_cpfa_v9
Model loaded. Starting evaluation...

============================================================

[PICKUP] Robot 3 picked up tag (density=9) | Total: 1
[GIVE-UP] R1 giving up after 156 steps
[EMPTY_RTN] R1 → EXPLORE
[PICKUP] Robot 4 picked up tag (density=12) | Total: 2
[DEPOSIT] Robot 3 deposited! Total: 1
  [PHERO] Laid at (0.37, 0.50) density=9 prob=1.00 total_entries=1
  [TARGET] Robot 3 → SITE (0.37,0.50)
[PICKUP] Robot 1 picked up tag (density=9) | Total: 3
[DEPOSIT] Robot 4 deposited! Total: 2
  [PHERO] Laid at (0.61, -0.69) density=12 prob=1.00 total_entries=2
  [TARGET] Robot 4 → SITE (0.61,-0.69)

======================================================================
Step 500 (0.3 min) | Pickups: 3 | Deposits: 2 | Rate: 7.50 tags/min | phero_entries=2 phero_max=0.978
======================================================================
R1[RTB       ]: L=+0.99 R=+1.00 | carry=1 | base=0.11 ba=+0.00 | site=0 sd=0.00 sa=+0.00 | phero=0 pd=0.00 pa=+0.00 | srch=0.00 | wall=5.68
R2[EXPLORE   ]: L=+1.00 R=-0.46 | carry=0 | base=0.68 ba=-0.75 | site=0 sd=0.00 sa=+0.00 | phero=0 pd=0.00 pa=+0.00 | srch=0.12 | wall=3.61
R3[SITE      ]: L=+0.56 R=+0.56 | carry=0 | base=0.09 ba=+0.80 | site=1 sd=0.09 sa=-0.07 | phero=0 pd=0.00 pa=+0.00 | srch=0.06 | wall=5.76
R4[BASE_ESC  ]: L=+0.00 R=+1.00 | carry=0 | base=0.07 ba=-0.17 | site=1 sd=0.20 sa=+0.90 | phero=0 pd=0.00 pa=+0.00 | srch=0.00 | wall=5.81

[DEPOSIT] Robot 1 deposited! Total: 3
  [PHERO] Laid at (-0.64, -0.31) density=9 prob=1.00 total_entries=3
  [TARGET] Robot 1 → SITE (-0.64,-0.31)
[PICKUP] Robot 3 picked up tag (density=8) | Total: 4
[PICKUP] Robot 2 picked up tag (density=12) | Total: 5
[PICKUP] Robot 1 picked up tag (density=8) | Total: 6
[PICKUP] Robot 4 picked up tag (density=11) | Total: 7
[DEPOSIT] Robot 3 deposited! Total: 4
  [PHERO] Laid at (0.39, 0.54) density=8 prob=1.00 total_entries=4
  [TARGET] Robot 3 → SITE (0.39,0.54)
[DEPOSIT] Robot 1 deposited! Total: 5
  [PHERO] Laid at (-0.42, -0.35) density=8 prob=1.00 total_entries=5
  [TARGET] Robot 1 → SITE (-0.42,-0.35)

======================================================================
Step 1000 (0.5 min) | Pickups: 7 | Deposits: 5 | Rate: 9.38 tags/min | phero_entries=5 phero_max=0.893
======================================================================
R1[BASE_ESC  ]: L=+0.00 R=+1.00 | carry=0 | base=0.06 ba=-0.64 | site=1 sd=0.10 sa=+0.57 | phero=0 pd=0.00 pa=+0.00 | srch=0.02 | wall=5.79
R2[RTB       ]: L=+1.00 R=+1.00 | carry=1 | base=0.34 ba=-0.00 | site=0 sd=0.00 sa=+0.00 | phero=0 pd=0.00 pa=+0.00 | srch=0.00 | wall=4.84
R3[SITE      ]: L=+0.01 R=-1.00 | carry=0 | base=0.07 ba=-0.92 | site=1 sd=0.13 sa=-0.13 | phero=0 pd=0.00 pa=+0.00 | srch=0.03 | wall=5.75
R4[RTB       ]: L=+0.99 R=+1.00 | carry=1 | base=0.20 ba=+0.00 | site=0 sd=0.00 sa=+0.00 | phero=0 pd=0.00 pa=+0.00 | srch=0.00 | wall=5.45

[DEPOSIT] Robot 4 deposited! Total: 6
  [PHERO] Laid at (0.54, -0.88) density=11 prob=1.00 total_entries=6
  [TARGET] Robot 4 → SITE (0.54,-0.88)
[PICKUP] Robot 1 picked up tag (density=7) | Total: 8
[DEPOSIT] Robot 2 deposited! Total: 7
  [PHERO] Laid at (2.11, -0.42) density=12 prob=1.00 total_entries=7
  [TARGET] Robot 2 → SITE (2.11,-0.42)
[DEPOSIT] Robot 1 deposited! Total: 8
  [PHERO] Laid at (-0.40, -0.44) density=7 prob=0.99 total_entries=8
  [TARGET] Robot 1 → SITE (-0.40,-0.44)
[PICKUP] Robot 3 picked up tag (density=7) | Total: 9

======================================================================
Step 1500 (0.8 min) | Pickups: 9 | Deposits: 8 | Rate: 10.00 tags/min | phero_entries=8 phero_max=0.824
======================================================================
R1[SITE      ]: L=+1.00 R=+0.30 | carry=0 | base=0.08 ba=+0.95 | site=1 sd=0.11 sa=-0.30 | phero=0 pd=0.00 pa=+0.00 | srch=0.03 | wall=5.74
R2[SITE      ]: L=+1.00 R=+1.00 | carry=0 | base=0.22 ba=+0.95 | site=1 sd=0.40 sa=+0.05 | phero=0 pd=0.00 pa=+0.00 | srch=0.06 | wall=5.28
R3[RTB       ]: L=+1.00 R=+0.00 | carry=1 | base=0.19 ba=-0.46 | site=0 sd=0.00 sa=+0.00 | phero=0 pd=0.00 pa=+0.00 | srch=0.00 | wall=5.47
R4[SITE      ]: L=+0.22 R=+1.00 | carry=0 | base=0.30 ba=+0.85 | site=1 sd=0.02 sa=+0.39 | phero=0 pd=0.00 pa=+0.00 | srch=0.10 | wall=5.08

[PICKUP] Robot 4 picked up tag (density=10) | Total: 10
[PICKUP] Robot 1 picked up tag (density=6) | Total: 11
[DEPOSIT] Robot 3 deposited! Total: 9
  [PHERO] Laid at (0.38, 0.52) density=7 prob=0.99 total_entries=9
  [TARGET] Robot 3 → SITE (0.38,0.52)
[PICKUP] Robot 2 picked up tag (density=11) | Total: 12
[DEPOSIT] Robot 4 deposited! Total: 10
  [PHERO] Laid at (0.55, -0.92) density=10 prob=1.00 total_entries=10
  [TARGET] Robot 4 → SITE (0.55,-0.92)
[DEPOSIT] Robot 1 deposited! Total: 11
  [PHERO] Laid at (-0.45, -0.48) density=6 prob=0.97 total_entries=11
  [TARGET] Robot 1 → SITE (-0.45,-0.48)

======================================================================
Step 2000 (1.1 min) | Pickups: 12 | Deposits: 11 | Rate: 10.31 tags/min | phero_entries=11 phero_max=0.849
======================================================================
R1[BASE_ESC  ]: L=+1.00 R=+0.32 | carry=0 | base=0.07 ba=+0.83 | site=1 sd=0.13 sa=-0.37 | phero=0 pd=0.00 pa=+0.00 | srch=0.03 | wall=5.78
R2[RTB       ]: L=+1.00 R=+1.00 | carry=1 | base=0.37 ba=+0.00 | site=0 sd=0.00 sa=+0.00 | phero=0 pd=0.00 pa=+0.00 | srch=0.00 | wall=4.74
R3[EXPLORE   ]: L=+1.00 R=+0.94 | carry=0 | base=0.23 ba=+0.92 | site=0 sd=0.00 sa=+0.00 | phero=0 pd=0.00 pa=+0.00 | srch=0.09 | wall=5.31
R4[SITE      ]: L=+1.00 R=+0.95 | carry=0 | base=0.13 ba=-0.92 | site=1 sd=0.18 sa=-0.08 | phero=0 pd=0.00 pa=+0.00 | srch=0.04 | wall=5.65

[PICKUP] Robot 1 picked up tag (density=5) | Total: 13
[DEPOSIT] Robot 2 deposited! Total: 12
  [PHERO] Laid at (1.71, -0.41) density=11 prob=1.00 total_entries=12
  [TARGET] Robot 2 → SITE (1.71,-0.41)
[DEPOSIT] Robot 1 deposited! Total: 13
  [PHERO] Laid at (-0.45, -0.49) density=5 prob=0.92 total_entries=13
  [TARGET] Robot 1 → SITE (-0.45,-0.49)

======================================================================
Step 2500 (1.3 min) | Pickups: 13 | Deposits: 13 | Rate: 9.75 tags/min | phero_entries=13 phero_max=0.841
======================================================================
R1[BASE_ESC  ]: L=+0.50 R=+1.00 | carry=0 | base=0.07 ba=-0.88 | site=1 sd=0.13 sa=+0.34 | phero=0 pd=0.00 pa=+0.00 | srch=0.03 | wall=5.77
R2[SITE      ]: L=+1.00 R=+0.94 | carry=0 | base=0.20 ba=+0.97 | site=1 sd=0.34 sa=-0.28 | phero=0 pd=0.00 pa=+0.00 | srch=0.06 | wall=5.33
R3[EXPLORE   ]: L=+1.00 R=+1.00 | carry=0 | base=0.69 ba=+0.98 | site=0 sd=0.00 sa=+0.00 | phero=0 pd=0.00 pa=+0.00 | srch=0.21 | wall=4.13
R4[EXPLORE   ]: L=+1.00 R=+1.00 | carry=0 | base=0.60 ba=+0.78 | site=0 sd=0.00 sa=+0.00 | phero=0 pd=0.00 pa=+0.00 | srch=0.17 | wall=4.12

[PICKUP] Robot 1 picked up tag (density=4) | Total: 14
[DEPOSIT] Robot 1 deposited! Total: 14
  [PHERO] Laid at (-0.58, -0.39) density=4 prob=0.82 total_entries=14
  [TARGET] Robot 1 → SITE (-0.58,-0.39)
[PICKUP] Robot 2 picked up tag (density=10) | Total: 15

======================================================================
Step 3000 (1.6 min) | Pickups: 15 | Deposits: 14 | Rate: 8.75 tags/min | phero_entries=14 phero_max=0.792
======================================================================
R1[SITE      ]: L=+1.00 R=+1.00 | carry=0 | base=0.11 ba=+0.92 | site=1 sd=0.12 sa=-0.41 | phero=0 pd=0.00 pa=+0.00 | srch=0.04 | wall=5.66
R2[RTB       ]: L=+1.00 R=+0.37 | carry=1 | base=0.56 ba=-0.24 | site=0 sd=0.00 sa=+0.00 | phero=0 pd=0.00 pa=+0.00 | srch=0.00 | wall=4.10
R3[EXPLORE   ]: L=+1.00 R=+1.00 | carry=0 | base=1.23 ba=+0.97 | site=0 sd=0.00 sa=+0.00 | phero=0 pd=0.00 pa=+0.00 | srch=0.34 | wall=2.74
R4[EXPLORE   ]: L=+1.00 R=+1.00 | carry=0 | base=1.07 ba=+0.87 | site=0 sd=0.00 sa=+0.00 | phero=0 pd=0.00 pa=+0.00 | srch=0.29 | wall=3.32

[PICKUP] Robot 1 picked up tag (density=3) | Total: 16
[DEPOSIT] Robot 1 deposited! Total: 15
  [PHERO] Laid at (-0.45, -0.66) density=3 prob=0.65 total_entries=15
  [TARGET] Robot 1 → SITE (-0.45,-0.66)
[DEPOSIT] Robot 2 deposited! Total: 16
  [PHERO] Laid at (1.93, -0.39) density=10 prob=1.00 total_entries=16
  [TARGET] Robot 2 → SITE (1.93,-0.39)

======================================================================
Step 3500 (1.9 min) | Pickups: 16 | Deposits: 16 | Rate: 8.57 tags/min | phero_entries=16 phero_max=0.935
======================================================================
R1[SITE      ]: L=+0.99 R=+1.00 | carry=0 | base=0.09 ba=-0.91 | site=1 sd=0.15 sa=+0.34 | phero=0 pd=0.00 pa=+0.00 | srch=0.03 | wall=5.71
R2[BASE_ESC  ]: L=+0.00 R=+1.00 | carry=0 | base=0.06 ba=-0.38 | site=1 sd=0.50 sa=+0.66 | phero=0 pd=0.00 pa=+0.00 | srch=0.01 | wall=5.79
R3[EXPLORE   ]: L=+0.72 R=+1.00 | carry=0 | base=1.68 ba=+0.30 | site=0 sd=0.00 sa=+0.00 | phero=0 pd=0.00 pa=+0.00 | srch=0.46 | wall=1.85
R4[EXPLORE   ]: L=+1.00 R=+1.00 | carry=0 | base=1.59 ba=+0.89 | site=0 sd=0.00 sa=+0.00 | phero=0 pd=0.00 pa=+0.00 | srch=0.42 | wall=1.51

[GIVE-UP] R4 giving up after 1751 steps
[PICKUP] Robot 2 picked up tag (density=9) | Total: 17

======================================================================
Step 4000 (2.1 min) | Pickups: 17 | Deposits: 16 | Rate: 7.50 tags/min | phero_entries=16 phero_max=0.420
======================================================================
R1[SITE      ]: L=+0.69 R=+1.00 | carry=0 | base=0.20 ba=-0.21 | site=1 sd=0.05 sa=+0.45 | phero=0 pd=0.00 pa=+0.00 | srch=0.16 | wall=5.36
R2[RTB       ]: L=+1.00 R=+1.00 | carry=1 | base=0.15 ba=-0.00 | site=0 sd=0.00 sa=+0.00 | phero=0 pd=0.00 pa=+0.00 | srch=0.00 | wall=5.58
R3[EXPLORE   ]: L=+0.87 R=+1.00 | carry=0 | base=1.49 ba=+0.83 | site=0 sd=0.00 sa=+0.00 | phero=0 pd=0.00 pa=+0.00 | srch=0.58 | wall=2.10
R4[GIVE_UP   ]: L=+1.00 R=+1.00 | carry=0 | base=1.30 ba=+0.00 | site=0 sd=0.00 sa=+0.00 | phero=0 pd=0.00 pa=+0.00 | srch=0.54 | wall=2.22

[DEPOSIT] Robot 2 deposited! Total: 17
  [PHERO] Laid at (0.71, -0.68) density=9 prob=1.00 total_entries=17
  [TARGET] Robot 2 → SITE (0.71,-0.68)
[PICKUP] Robot 1 picked up tag (density=2) | Total: 18
[DEPOSIT] Robot 1 deposited! Total: 18
  [PHERO] Laid at (-0.52, -0.59) density=2 prob=0.42 total_entries=18
  [TARGET] Robot 1 → SITE (-0.52,-0.59)
[PICKUP] Robot 2 picked up tag (density=8) | Total: 19

======================================================================
Step 4500 (2.4 min) | Pickups: 19 | Deposits: 18 | Rate: 7.50 tags/min | phero_entries=18 phero_max=0.867
======================================================================
R1[BASE_ESC  ]: L=+1.00 R=+0.04 | carry=0 | base=0.06 ba=+0.76 | site=1 sd=0.17 sa=-0.39 | phero=0 pd=0.00 pa=+0.00 | srch=0.02 | wall=5.79
R2[RTB       ]: L=+0.01 R=+1.00 | carry=1 | base=0.33 ba=+0.40 | site=0 sd=0.00 sa=+0.00 | phero=0 pd=0.00 pa=+0.00 | srch=0.00 | wall=5.03
R3[EXPLORE   ]: L=+0.89 R=+1.00 | carry=0 | base=1.31 ba=+0.08 | site=0 sd=0.00 sa=+0.00 | phero=0 pd=0.00 pa=+0.00 | srch=0.71 | wall=2.17
R4[GIVE_UP   ]: L=+1.00 R=+1.00 | carry=0 | base=0.76 ba=+0.00 | site=0 sd=0.00 sa=+0.00 | phero=0 pd=0.00 pa=+0.00 | srch=0.67 | wall=3.81

[PICKUP] Robot 1 picked up tag (density=1) | Total: 20
[DEPOSIT] Robot 2 deposited! Total: 19
  [PHERO] Laid at (0.62, -0.98) density=8 prob=1.00 total_entries=18
  [TARGET] Robot 2 → SITE (0.62,-0.98)
[DEPOSIT] Robot 1 deposited! Total: 20
  [TARGET] Robot 1 → PHERO (-0.52,-0.59)

======================================================================
Step 5000 (2.7 min) | Pickups: 20 | Deposits: 20 | Rate: 7.50 tags/min | phero_entries=16 phero_max=0.693
======================================================================
R1[BASE_ESC  ]: L=+0.00 R=+1.00 | carry=0 | base=0.06 ba=-0.40 | site=0 sd=0.00 sa=+0.00 | phero=1 pd=0.17 pa=+0.70 | srch=0.01 | wall=5.82
R2[SITE      ]: L=+1.00 R=+0.90 | carry=0 | base=0.17 ba=-0.76 | site=1 sd=0.19 sa=-0.03 | phero=0 pd=0.00 pa=+0.00 | srch=0.06 | wall=5.49
R3[EXPLORE   ]: L=+1.00 R=+0.79 | carry=0 | base=0.82 ba=+0.02 | site=0 sd=0.00 sa=+0.00 | phero=0 pd=0.00 pa=+0.00 | srch=0.83 | wall=3.94
R4[GIVE_UP   ]: L=+1.00 R=+1.00 | carry=0 | base=0.21 ba=+0.00 | site=0 sd=0.00 sa=+0.00 | phero=0 pd=0.00 pa=+0.00 | srch=0.79 | wall=5.40

[EMPTY_RTN] R4 → phero(-0.52,-0.59)

======================================================================
Step 5500 (2.9 min) | Pickups: 20 | Deposits: 20 | Rate: 6.82 tags/min | phero_entries=13 phero_max=0.311
======================================================================
R1[PHERO     ]: L=+0.16 R=+1.00 | carry=0 | base=0.21 ba=-0.73 | site=0 sd=0.00 sa=+0.00 | phero=1 pd=0.02 pa=+0.44 | srch=0.14 | wall=5.46
R2[EXPLORE   ]: L=+1.00 R=+0.51 | carry=0 | base=0.54 ba=-0.22 | site=0 sd=0.00 sa=+0.00 | phero=0 pd=0.00 pa=+0.00 | srch=0.18 | wall=4.23
R3[EXPLORE   ]: L=+1.00 R=+0.37 | carry=0 | base=0.70 ba=-0.99 | site=0 sd=0.00 sa=+0.00 | phero=0 pd=0.00 pa=+0.00 | srch=0.96 | wall=3.99
R4[PHERO     ]: L=+1.00 R=+0.96 | carry=0 | base=0.19 ba=-0.87 | site=0 sd=0.00 sa=+0.00 | phero=1 pd=0.05 pa=-0.10 | srch=0.09 | wall=5.45

[PICKUP] Robot 1 picked up tag (density=12) | Total: 21

======================================================================
Step 6000 (3.2 min) | Pickups: 21 | Deposits: 20 | Rate: 6.25 tags/min | phero_entries=10 phero_max=0.140
======================================================================
R1[RTB       ]: L=+1.00 R=+0.94 | carry=1 | base=0.40 ba=-0.02 | site=0 sd=0.00 sa=+0.00 | phero=0 pd=0.00 pa=+0.00 | srch=0.00 | wall=4.90
R2[EXPLORE   ]: L=+1.00 R=+1.00 | carry=0 | base=0.39 ba=-0.62 | site=0 sd=0.00 sa=+0.00 | phero=0 pd=0.00 pa=+0.00 | srch=0.31 | wall=4.97
R3[EXPLORE   ]: L=+1.00 R=+1.00 | carry=0 | base=1.19 ba=+0.99 | site=0 sd=0.00 sa=+0.00 | phero=0 pd=0.00 pa=+0.00 | srch=1.00 | wall=2.70
R4[EXPLORE   ]: L=+1.00 R=+1.00 | carry=0 | base=0.67 ba=-0.93 | site=0 sd=0.00 sa=+0.00 | phero=0 pd=0.00 pa=+0.00 | srch=0.22 | wall=3.84

[DEPOSIT] Robot 1 deposited! Total: 21
  [PHERO] Laid at (-1.26, -1.16) density=12 prob=1.00 total_entries=9
  [TARGET] Robot 1 → SITE (-1.26,-1.16)

======================================================================
Step 6500 (3.5 min) | Pickups: 21 | Deposits: 21 | Rate: 6.06 tags/min | phero_entries=9 phero_max=0.746
======================================================================
R1[SITE      ]: L=+1.00 R=+1.00 | carry=0 | base=0.15 ba=-0.95 | site=1 sd=0.37 sa=+0.29 | phero=0 pd=0.00 pa=+0.00 | srch=0.05 | wall=5.48
R2[EXPLORE   ]: L=+1.00 R=+1.00 | carry=0 | base=0.78 ba=-0.85 | site=0 sd=0.00 sa=+0.00 | phero=0 pd=0.00 pa=+0.00 | srch=0.43 | wall=3.27
R3[EXPLORE   ]: L=+0.72 R=+1.00 | carry=0 | base=1.54 ba=-0.00 | site=0 sd=0.00 sa=+0.00 | phero=0 pd=0.00 pa=+0.00 | srch=1.00 | wall=1.51
R4[EXPLORE   ]: L=+1.00 R=+1.00 | carry=0 | base=1.21 ba=-0.96 | site=0 sd=0.00 sa=+0.00 | phero=0 pd=0.00 pa=+0.00 | srch=0.34 | wall=1.95


======================================================================
Step 7000 (3.7 min) | Pickups: 21 | Deposits: 21 | Rate: 5.62 tags/min | phero_entries=7 phero_max=0.335
======================================================================
R1[SITE      ]: L=+1.00 R=+1.00 | carry=0 | base=0.70 ba=+0.95 | site=1 sd=0.37 sa=+0.72 | phero=0 pd=0.00 pa=+0.00 | srch=0.17 | wall=3.61
R2[EXPLORE   ]: L=+1.00 R=+1.00 | carry=0 | base=1.29 ba=-0.91 | site=0 sd=0.00 sa=+0.00 | phero=0 pd=0.00 pa=+0.00 | srch=0.56 | wall=1.54
R3[EXPLORE   ]: L=+1.00 R=+1.00 | carry=0 | base=1.84 ba=+0.74 | site=0 sd=0.00 sa=+0.00 | phero=0 pd=0.00 pa=+0.00 | srch=1.00 | wall=0.52
R4[WALL_ESC  ]: L=+1.00 R=+0.00 | carry=0 | base=1.66 ba=-0.29 | site=0 sd=0.00 sa=+0.00 | phero=0 pd=0.00 pa=+0.00 | srch=0.47 | wall=0.32

[GIVE-UP] R2 giving up after 2596 steps

======================================================================
Step 7500 (4.0 min) | Pickups: 21 | Deposits: 21 | Rate: 5.25 tags/min | phero_entries=6 phero_max=0.151
======================================================================
R1[SITE      ]: L=+1.00 R=+1.00 | carry=0 | base=1.23 ba=+0.93 | site=1 sd=0.81 sa=+0.85 | phero=0 pd=0.00 pa=+0.00 | srch=0.30 | wall=1.92
R2[GIVE_UP   ]: L=+1.00 R=+0.97 | carry=0 | base=1.61 ba=-0.01 | site=0 sd=0.00 sa=+0.00 | phero=0 pd=0.00 pa=+0.00 | srch=0.68 | wall=0.53
R3[EXPLORE   ]: L=+1.00 R=+1.00 | carry=0 | base=1.49 ba=+0.11 | site=0 sd=0.00 sa=+0.00 | phero=0 pd=0.00 pa=+0.00 | srch=1.00 | wall=1.32
R4[EXPLORE   ]: L=+1.00 R=+0.87 | carry=0 | base=1.61 ba=-0.21 | site=0 sd=0.00 sa=+0.00 | phero=0 pd=0.00 pa=+0.00 | srch=0.59 | wall=0.47


======================================================================
Step 8000 (4.3 min) | Pickups: 21 | Deposits: 21 | Rate: 4.92 tags/min | phero_entries=4 phero_max=0.068
======================================================================
R1[WALL_ESC  ]: L=+0.00 R=+1.00 | carry=0 | base=1.75 ba=+0.72 | site=1 sd=1.00 sa=+0.68 | phero=0 pd=0.00 pa=+0.00 | srch=0.42 | wall=0.33
R2[GIVE_UP   ]: L=+1.00 R=+1.00 | carry=0 | base=1.07 ba=-0.00 | site=0 sd=0.00 sa=+0.00 | phero=0 pd=0.00 pa=+0.00 | srch=0.81 | wall=2.39
R3[EXPLORE   ]: L=+1.00 R=+1.00 | carry=0 | base=0.99 ba=+0.17 | site=0 sd=0.00 sa=+0.00 | phero=0 pd=0.00 pa=+0.00 | srch=1.00 | wall=2.66
R4[WALL_ESC  ]: L=+1.00 R=+0.00 | carry=0 | base=1.68 ba=-0.81 | site=0 sd=0.00 sa=+0.00 | phero=0 pd=0.00 pa=+0.00 | srch=0.72 | wall=0.33

[PICKUP] Robot 3 picked up tag (density=12) | Total: 22

======================================================================
Step 8500 (4.5 min) | Pickups: 22 | Deposits: 21 | Rate: 4.63 tags/min | phero_entries=3 phero_max=0.030
======================================================================
R1[SITE      ]: L=+1.00 R=+1.00 | carry=0 | base=1.41 ba=+0.27 | site=1 sd=0.93 sa=+0.25 | phero=0 pd=0.00 pa=+0.00 | srch=0.55 | wall=1.92
R2[GIVE_UP   ]: L=+1.00 R=+1.00 | carry=0 | base=0.52 ba=-0.00 | site=0 sd=0.00 sa=+0.00 | phero=0 pd=0.00 pa=+0.00 | srch=0.93 | wall=4.25
R3[RTB       ]: L=+0.96 R=+1.00 | carry=1 | base=0.57 ba=+0.02 | site=0 sd=0.00 sa=+0.00 | phero=0 pd=0.00 pa=+0.00 | srch=0.00 | wall=4.02
R4[EXPLORE   ]: L=+1.00 R=+1.00 | carry=0 | base=1.27 ba=-0.15 | site=0 sd=0.00 sa=+0.00 | phero=0 pd=0.00 pa=+0.00 | srch=0.84 | wall=1.58

[PICKUP] Robot 4 picked up tag (density=19) | Total: 23
[EMPTY_RTN] R2 → phero(-1.26,-1.16)
[DEPOSIT] Robot 3 deposited! Total: 22
  [PHERO] Laid at (-0.29, 2.18) density=12 prob=1.00 total_entries=3
  [TARGET] Robot 3 → SITE (-0.29,2.18)

======================================================================
Step 9000 (4.8 min) | Pickups: 23 | Deposits: 22 | Rate: 4.58 tags/min | phero_entries=3 phero_max=0.937
======================================================================
R1[SITE      ]: L=+1.00 R=+1.00 | carry=0 | base=1.12 ba=+0.29 | site=1 sd=0.66 sa=+0.35 | phero=0 pd=0.00 pa=+0.00 | srch=0.67 | wall=2.76
R2[BASE_ESC  ]: L=+0.04 R=+1.00 | carry=0 | base=0.07 ba=-0.76 | site=0 sd=0.00 sa=+0.00 | phero=1 pd=0.47 pa=+0.66 | srch=0.02 | wall=5.79
R3[BASE_ESC  ]: L=+1.00 R=+0.00 | carry=0 | base=0.06 ba=+0.40 | site=1 sd=0.57 sa=-0.63 | phero=0 pd=0.00 pa=+0.00 | srch=0.01 | wall=5.79
R4[RTB       ]: L=+1.00 R=+1.00 | carry=1 | base=0.75 ba=-0.00 | site=0 sd=0.00 sa=+0.00 | phero=0 pd=0.00 pa=+0.00 | srch=0.00 | wall=3.39

[PICKUP] Robot 1 picked up tag (density=19) | Total: 24

======================================================================
Step 9500 (5.1 min) | Pickups: 24 | Deposits: 22 | Rate: 4.34 tags/min | phero_entries=2 phero_max=0.421
======================================================================
R1[RTB       ]: L=+1.00 R=+1.00 | carry=1 | base=0.67 ba=+0.00 | site=0 sd=0.00 sa=+0.00 | phero=0 pd=0.00 pa=+0.00 | srch=0.00 | wall=3.90
R2[PHERO     ]: L=+0.89 R=+1.00 | carry=0 | base=0.49 ba=+0.71 | site=0 sd=0.00 sa=+0.00 | phero=1 pd=0.09 pa=+0.25 | srch=0.15 | wall=4.54
R3[SITE      ]: L=+0.32 R=+0.32 | carry=0 | base=0.30 ba=-0.99 | site=1 sd=0.34 sa=-0.08 | phero=0 pd=0.00 pa=+0.00 | srch=0.14 | wall=5.00
R4[RTB       ]: L=+1.00 R=+1.00 | carry=1 | base=0.20 ba=-0.00 | site=0 sd=0.00 sa=+0.00 | phero=0 pd=0.00 pa=+0.00 | srch=0.00 | wall=5.30

[PICKUP] Robot 2 picked up tag (density=11) | Total: 25
[DEPOSIT] Robot 4 deposited! Total: 23
  [PHERO] Laid at (-4.04, -0.37) density=19 prob=1.00 total_entries=3
  [TARGET] Robot 4 → SITE (-4.04,-0.37)
[PICKUP] Robot 3 picked up tag (density=11) | Total: 26

======================================================================
Step 10000 (5.3 min) | Pickups: 26 | Deposits: 23 | Rate: 4.31 tags/min | phero_entries=3 phero_max=0.543
======================================================================
R1[RTB       ]: L=+1.00 R=+1.00 | carry=1 | base=0.12 ba=+0.00 | site=0 sd=0.00 sa=+0.00 | phero=0 pd=0.00 pa=+0.00 | srch=0.00 | wall=5.62
R2[RTB       ]: L=+1.00 R=+1.00 | carry=1 | base=0.09 ba=+0.00 | site=0 sd=0.00 sa=+0.00 | phero=0 pd=0.00 pa=+0.00 | srch=0.00 | wall=5.76
R3[RTB       ]: L=+1.00 R=+1.00 | carry=1 | base=0.41 ba=-0.00 | site=0 sd=0.00 sa=+0.00 | phero=0 pd=0.00 pa=+0.00 | srch=0.00 | wall=4.60
R4[SITE      ]: L=+1.00 R=+1.00 | carry=0 | base=0.36 ba=-0.98 | site=1 sd=0.86 sa=+0.25 | phero=0 pd=0.00 pa=+0.00 | srch=0.10 | wall=4.84

[DEPOSIT] Robot 2 deposited! Total: 24
  [PHERO] Laid at (-1.43, -1.11) density=11 prob=1.00 total_entries=4
  [TARGET] Robot 2 → SITE (-1.43,-1.11)
[DEPOSIT] Robot 1 deposited! Total: 25
  [PHERO] Laid at (-1.69, -3.22) density=19 prob=1.00 total_entries=5
  [TARGET] Robot 1 → SITE (-1.69,-3.22)
[DEPOSIT] Robot 3 deposited! Total: 26
  [PHERO] Laid at (-0.44, 1.73) density=11 prob=1.00 total_entries=6
  [TARGET] Robot 3 → SITE (-0.44,1.73)

======================================================================
Step 10500 (5.6 min) | Pickups: 26 | Deposits: 26 | Rate: 4.64 tags/min | phero_entries=6 phero_max=0.734
======================================================================
R1[SITE      ]: L=+1.00 R=+1.00 | carry=0 | base=0.44 ba=+0.98 | site=1 sd=0.69 sa=-0.29 | phero=0 pd=0.00 pa=+0.00 | srch=0.11 | wall=4.45
R2[SITE      ]: L=+1.00 R=+0.94 | carry=0 | base=0.46 ba=-0.82 | site=1 sd=0.26 sa=-0.33 | phero=0 pd=0.00 pa=+0.00 | srch=0.12 | wall=4.51
R3[SITE      ]: L=+0.99 R=+1.00 | carry=0 | base=0.14 ba=+0.95 | site=1 sd=0.37 sa=+0.05 | phero=0 pd=0.00 pa=+0.00 | srch=0.05 | wall=5.50
R4[SITE      ]: L=+1.00 R=+1.00 | carry=0 | base=0.86 ba=+0.88 | site=1 sd=0.36 sa=+0.10 | phero=0 pd=0.00 pa=+0.00 | srch=0.22 | wall=3.00

[PICKUP] Robot 4 picked up tag (density=19) | Total: 27
[PICKUP] Robot 2 picked up tag (density=10) | Total: 28
[PICKUP] Robot 3 picked up tag (density=10) | Total: 29

======================================================================
Step 11000 (5.9 min) | Pickups: 29 | Deposits: 26 | Rate: 4.43 tags/min | phero_entries=5 phero_max=0.330
======================================================================
R1[SITE      ]: L=+1.00 R=+1.00 | carry=0 | base=0.99 ba=+0.99 | site=1 sd=0.57 sa=-0.57 | phero=0 pd=0.00 pa=+0.00 | srch=0.24 | wall=2.54
R2[RTB       ]: L=+1.00 R=+1.00 | carry=1 | base=0.42 ba=-0.00 | site=0 sd=0.00 sa=+0.00 | phero=0 pd=0.00 pa=+0.00 | srch=0.00 | wall=4.92
R3[RTB       ]: L=+1.00 R=+0.00 | carry=1 | base=0.52 ba=-0.67 | site=0 sd=0.00 sa=+0.00 | phero=0 pd=0.00 pa=+0.00 | srch=0.00 | wall=4.23
R4[RTB       ]: L=+1.00 R=+1.00 | carry=1 | base=0.78 ba=+0.00 | site=0 sd=0.00 sa=+0.00 | phero=0 pd=0.00 pa=+0.00 | srch=0.00 | wall=3.29

[DEPOSIT] Robot 2 deposited! Total: 27
  [PHERO] Laid at (-1.53, -1.57) density=10 prob=1.00 total_entries=6
  [TARGET] Robot 2 → SITE (-1.53,-1.57)
[PICKUP] Robot 1 picked up tag (density=24) | Total: 30
[DEPOSIT] Robot 3 deposited! Total: 28
  [PHERO] Laid at (-0.47, 1.75) density=10 prob=1.00 total_entries=7
  [TARGET] Robot 3 → SITE (-0.47,1.75)

======================================================================
Step 11500 (6.1 min) | Pickups: 30 | Deposits: 28 | Rate: 4.57 tags/min | phero_entries=7 phero_max=0.983
======================================================================
R1[RTB       ]: L=+1.00 R=+0.85 | carry=1 | base=1.37 ba=-0.06 | site=0 sd=0.00 sa=+0.00 | phero=0 pd=0.00 pa=+0.00 | srch=0.00 | wall=1.20
R2[SITE      ]: L=+0.91 R=+1.00 | carry=0 | base=0.14 ba=+0.97 | site=1 sd=0.49 sa=+0.11 | phero=0 pd=0.00 pa=+0.00 | srch=0.04 | wall=5.56
R3[BASE_ESC  ]: L=+0.00 R=+1.00 | carry=0 | base=0.07 ba=-0.14 | site=1 sd=0.45 sa=+0.88 | phero=0 pd=0.00 pa=+0.00 | srch=0.00 | wall=5.77
R4[RTB       ]: L=+1.00 R=+1.00 | carry=1 | base=0.23 ba=+0.00 | site=0 sd=0.00 sa=+0.00 | phero=0 pd=0.00 pa=+0.00 | srch=0.00 | wall=5.21

[DEPOSIT] Robot 4 deposited! Total: 29
  [PHERO] Laid at (-3.60, 0.15) density=19 prob=1.00 total_entries=8
  [TARGET] Robot 4 → SITE (-3.60,0.15)
[PICKUP] Robot 2 picked up tag (density=9) | Total: 31

======================================================================
Step 12000 (6.4 min) | Pickups: 31 | Deposits: 29 | Rate: 4.53 tags/min | phero_entries=8 phero_max=0.564
======================================================================
R1[RTB       ]: L=+1.00 R=+1.00 | carry=1 | base=0.82 ba=-0.00 | site=0 sd=0.00 sa=+0.00 | phero=0 pd=0.00 pa=+0.00 | srch=0.00 | wall=3.12
R2[RTB       ]: L=+0.93 R=+1.00 | carry=1 | base=0.48 ba=+0.03 | site=0 sd=0.00 sa=+0.00 | phero=0 pd=0.00 pa=+0.00 | srch=0.00 | wall=4.74
R3[SITE      ]: L=+1.00 R=+1.00 | carry=0 | base=0.48 ba=+0.98 | site=1 sd=0.03 sa=-0.10 | phero=0 pd=0.00 pa=+0.00 | srch=0.13 | wall=4.37
R4[SITE      ]: L=+1.00 R=+1.00 | carry=0 | base=0.34 ba=-0.97 | site=1 sd=0.74 sa=-0.17 | phero=0 pd=0.00 pa=+0.00 | srch=0.09 | wall=4.91

[PICKUP] Robot 3 picked up tag (density=9) | Total: 32
[DEPOSIT] Robot 2 deposited! Total: 30
  [PHERO] Laid at (-1.43, -1.15) density=9 prob=1.00 total_entries=9
  [TARGET] Robot 2 → SITE (-1.43,-1.15)

======================================================================
Step 12500 (6.7 min) | Pickups: 32 | Deposits: 30 | Rate: 4.50 tags/min | phero_entries=9 phero_max=0.821
======================================================================
R1[RTB       ]: L=+1.00 R=+1.00 | carry=1 | base=0.28 ba=-0.00 | site=0 sd=0.00 sa=+0.00 | phero=0 pd=0.00 pa=+0.00 | srch=0.00 | wall=5.03
R2[SITE      ]: L=+1.00 R=+1.00 | carry=0 | base=0.08 ba=+0.90 | site=1 sd=0.45 sa=-0.23 | phero=0 pd=0.00 pa=+0.00 | srch=0.03 | wall=5.75
R3[RTB       ]: L=+1.00 R=+1.00 | carry=1 | base=0.15 ba=-0.00 | site=0 sd=0.00 sa=+0.00 | phero=0 pd=0.00 pa=+0.00 | srch=0.00 | wall=5.48
R4[SITE      ]: L=+1.00 R=+0.97 | carry=0 | base=0.85 ba=-0.89 | site=1 sd=0.21 sa=-0.09 | phero=0 pd=0.00 pa=+0.00 | srch=0.21 | wall=3.04

[DEPOSIT] Robot 3 deposited! Total: 31
  [PHERO] Laid at (-0.49, 1.78) density=9 prob=1.00 total_entries=10
  [TARGET] Robot 3 → SITE (-0.49,1.78)
[DEPOSIT] Robot 1 deposited! Total: 32
  [PHERO] Laid at (0.30, -4.90) density=24 prob=1.00 total_entries=11
  [TARGET] Robot 1 → SITE (0.30,-4.90)
[PICKUP] Robot 2 picked up tag (density=8) | Total: 33

======================================================================
Step 13000 (6.9 min) | Pickups: 33 | Deposits: 32 | Rate: 4.62 tags/min | phero_entries=11 phero_max=0.606
======================================================================
R1[SITE      ]: L=+1.00 R=+1.00 | carry=0 | base=0.29 ba=-0.97 | site=1 sd=1.00 sa=+0.23 | phero=0 pd=0.00 pa=+0.00 | srch=0.08 | wall=5.09
R2[RTB       ]: L=+1.00 R=+0.02 | carry=1 | base=0.52 ba=-0.37 | site=0 sd=0.00 sa=+0.00 | phero=0 pd=0.00 pa=+0.00 | srch=0.00 | wall=4.61
R3[SITE      ]: L=+1.00 R=+1.00 | carry=0 | base=0.38 ba=+0.97 | site=1 sd=0.15 sa=-0.15 | phero=0 pd=0.00 pa=+0.00 | srch=0.11 | wall=4.76
R4[EXPLORE   ]: L=+1.00 R=+1.00 | carry=0 | base=1.25 ba=-0.85 | site=0 sd=0.00 sa=+0.00 | phero=0 pd=0.00 pa=+0.00 | srch=0.34 | wall=1.67

[PICKUP] Robot 3 picked up tag (density=8) | Total: 34
[DEPOSIT] Robot 2 deposited! Total: 33
  [PHERO] Laid at (-1.35, -1.19) density=8 prob=1.00 total_entries=11
  [TARGET] Robot 2 → SITE (-1.35,-1.19)

======================================================================
Step 13500 (7.2 min) | Pickups: 34 | Deposits: 33 | Rate: 4.58 tags/min | phero_entries=11 phero_max=0.919
======================================================================
R1[SITE      ]: L=+1.00 R=+1.00 | carry=0 | base=0.84 ba=-0.99 | site=1 sd=0.83 sa=+0.38 | phero=0 pd=0.00 pa=+0.00 | srch=0.20 | wall=3.45
R2[BASE_ESC  ]: L=+0.00 R=+1.00 | carry=0 | base=0.06 ba=-0.48 | site=1 sd=0.45 sa=+0.59 | phero=0 pd=0.00 pa=+0.00 | srch=0.01 | wall=5.81
R3[RTB       ]: L=+1.00 R=+1.00 | carry=1 | base=0.26 ba=-0.00 | site=0 sd=0.00 sa=+0.00 | phero=0 pd=0.00 pa=+0.00 | srch=0.00 | wall=5.11
R4[WALL_ESC  ]: L=+1.00 R=+0.00 | carry=0 | base=1.68 ba=-0.30 | site=0 sd=0.00 sa=+0.00 | phero=0 pd=0.00 pa=+0.00 | srch=0.46 | wall=0.34

[PICKUP] Robot 1 picked up tag (density=19) | Total: 35
[DEPOSIT] Robot 3 deposited! Total: 34
  [PHERO] Laid at (-0.50, 1.81) density=8 prob=1.00 total_entries=12
  [TARGET] Robot 3 → SITE (-0.50,1.81)

======================================================================
Step 14000 (7.5 min) | Pickups: 35 | Deposits: 34 | Rate: 4.55 tags/min | phero_entries=11 phero_max=0.593
======================================================================
R1[RTB       ]: L=+1.00 R=+1.00 | carry=1 | base=0.46 ba=-0.00 | site=0 sd=0.00 sa=+0.00 | phero=0 pd=0.00 pa=+0.00 | srch=0.00 | wall=4.62
R2[SITE      ]: L=+0.91 R=+1.00 | carry=0 | base=0.51 ba=+0.72 | site=1 sd=0.10 sa=+0.23 | phero=0 pd=0.00 pa=+0.00 | srch=0.14 | wall=4.47
R3[SITE      ]: L=+0.97 R=+1.00 | carry=0 | base=0.29 ba=+0.92 | site=1 sd=0.25 sa=+0.04 | phero=0 pd=0.00 pa=+0.00 | srch=0.08 | wall=4.98
R4[EXPLORE   ]: L=+1.00 R=+1.00 | carry=0 | base=1.48 ba=-0.47 | site=0 sd=0.00 sa=+0.00 | phero=0 pd=0.00 pa=+0.00 | srch=0.59 | wall=1.60

[PICKUP] Robot 2 picked up tag (density=7) | Total: 36
[PICKUP] Robot 3 picked up tag (density=7) | Total: 37
[DEPOSIT] Robot 1 deposited! Total: 35
  [PHERO] Laid at (-1.48, -2.62) density=19 prob=1.00 total_entries=11
  [TARGET] Robot 1 → SITE (-1.48,-2.62)

======================================================================
Step 14500 (7.7 min) | Pickups: 37 | Deposits: 35 | Rate: 4.53 tags/min | phero_entries=10 phero_max=0.795
======================================================================
R1[SITE      ]: L=+1.00 R=+1.00 | carry=0 | base=0.10 ba=-0.93 | site=1 sd=0.76 sa=+0.21 | phero=0 pd=0.00 pa=+0.00 | srch=0.04 | wall=5.71
R2[RTB       ]: L=+1.00 R=+1.00 | carry=1 | base=0.14 ba=+0.00 | site=0 sd=0.00 sa=+0.00 | phero=0 pd=0.00 pa=+0.00 | srch=0.00 | wall=5.64
R3[RTB       ]: L=+1.00 R=+1.00 | carry=1 | base=0.37 ba=+0.00 | site=0 sd=0.00 sa=+0.00 | phero=0 pd=0.00 pa=+0.00 | srch=0.00 | wall=4.77
R4[EXPLORE   ]: L=+1.00 R=+1.00 | carry=0 | base=1.53 ba=-0.59 | site=0 sd=0.00 sa=+0.00 | phero=0 pd=0.00 pa=+0.00 | srch=0.71 | wall=1.75

[DEPOSIT] Robot 2 deposited! Total: 36
  [PHERO] Laid at (-1.50, -1.15) density=7 prob=0.99 total_entries=11
  [TARGET] Robot 2 → SITE (-1.50,-1.15)
[DEPOSIT] Robot 3 deposited! Total: 37
  [PHERO] Laid at (-0.52, 1.82) density=7 prob=0.99 total_entries=11
  [TARGET] Robot 3 → SITE (-0.52,1.82)
[GIVE-UP] R4 giving up after 3144 steps

======================================================================
Step 15000 (8.0 min) | Pickups: 37 | Deposits: 37 | Rate: 4.62 tags/min | phero_entries=11 phero_max=0.698
======================================================================
R1[SITE      ]: L=+1.00 R=+1.00 | carry=0 | base=0.65 ba=+0.99 | site=1 sd=0.43 sa=+0.41 | phero=0 pd=0.00 pa=+0.00 | srch=0.16 | wall=4.08
R2[SITE      ]: L=+1.00 R=+1.00 | carry=0 | base=0.42 ba=+0.94 | site=1 sd=0.21 sa=+0.30 | phero=0 pd=0.00 pa=+0.00 | srch=0.11 | wall=4.61
R3[SITE      ]: L=+1.00 R=+0.84 | carry=0 | base=0.19 ba=-0.91 | site=1 sd=0.38 sa=-0.12 | phero=0 pd=0.00 pa=+0.00 | srch=0.06 | wall=5.50
R4[GIVE_UP   ]: L=+1.00 R=+1.00 | carry=0 | base=1.47 ba=-0.00 | site=0 sd=0.00 sa=+0.00 | phero=0 pd=0.00 pa=+0.00 | srch=0.84 | wall=1.35

[PICKUP] Robot 3 picked up tag (density=12) | Total: 38
[PICKUP] Robot 2 picked up tag (density=6) | Total: 39
[DEPOSIT] Robot 3 deposited! Total: 38
  [PHERO] Laid at (-0.54, 0.94) density=12 prob=1.00 total_entries=12
  [TARGET] Robot 3 → SITE (-0.54,0.94)

======================================================================
Step 15500 (8.3 min) | Pickups: 39 | Deposits: 38 | Rate: 4.60 tags/min | phero_entries=12 phero_max=0.916
======================================================================
R1[SITE      ]: L=+1.00 R=+1.00 | carry=0 | base=1.17 ba=+0.85 | site=1 sd=0.51 sa=+0.62 | phero=0 pd=0.00 pa=+0.00 | srch=0.29 | wall=2.76
R2[RTB       ]: L=+1.00 R=+1.00 | carry=1 | base=0.54 ba=+0.00 | site=0 sd=0.00 sa=+0.00 | phero=0 pd=0.00 pa=+0.00 | srch=0.00 | wall=4.57
R3[BASE_ESC  ]: L=+0.00 R=+1.00 | carry=0 | base=0.06 ba=-0.48 | site=1 sd=0.25 sa=+0.60 | phero=0 pd=0.00 pa=+0.00 | srch=0.01 | wall=5.79
R4[GIVE_UP   ]: L=+1.00 R=+1.00 | carry=0 | base=0.92 ba=-0.00 | site=0 sd=0.00 sa=+0.00 | phero=0 pd=0.00 pa=+0.00 | srch=0.96 | wall=3.09

[PICKUP] Robot 3 picked up tag (density=11) | Total: 40
[DEPOSIT] Robot 2 deposited! Total: 39
  [PHERO] Laid at (-1.75, -1.40) density=6 prob=0.97 total_entries=11
  [TARGET] Robot 2 → SITE (-1.75,-1.40)

======================================================================
Step 16000 (8.5 min) | Pickups: 40 | Deposits: 39 | Rate: 4.57 tags/min | phero_entries=10 phero_max=0.886
======================================================================
R1[SITE      ]: L=+1.00 R=+1.00 | carry=0 | base=1.68 ba=+0.88 | site=1 sd=0.87 sa=+0.81 | phero=0 pd=0.00 pa=+0.00 | srch=0.41 | wall=1.75
R2[BASE_ESC  ]: L=+1.00 R=+0.00 | carry=0 | base=0.06 ba=+0.66 | site=1 sd=0.58 sa=-0.41 | phero=0 pd=0.00 pa=+0.00 | srch=0.02 | wall=5.83
R3[RTB       ]: L=+0.99 R=+1.00 | carry=1 | base=0.22 ba=+0.00 | site=0 sd=0.00 sa=+0.00 | phero=0 pd=0.00 pa=+0.00 | srch=0.00 | wall=5.37
R4[GIVE_UP   ]: L=+1.00 R=+1.00 | carry=0 | base=0.37 ba=-0.00 | site=0 sd=0.00 sa=+0.00 | phero=0 pd=0.00 pa=+0.00 | srch=1.00 | wall=4.82

[DEPOSIT] Robot 3 deposited! Total: 40
  [PHERO] Laid at (-0.55, 0.95) density=11 prob=1.00 total_entries=11
  [TARGET] Robot 3 → SITE (-0.55,0.95)
[EMPTY_RTN] R4 → phero(-0.54,0.94)
[PICKUP] Robot 3 picked up tag (density=10) | Total: 41

======================================================================
Step 16500 (8.8 min) | Pickups: 41 | Deposits: 40 | Rate: 4.55 tags/min | phero_entries=11 phero_max=0.561
======================================================================
R1[SITE      ]: L=+1.00 R=+1.00 | carry=0 | base=1.97 ba=+0.08 | site=1 sd=1.00 sa=+0.06 | phero=0 pd=0.00 pa=+0.00 | srch=0.54 | wall=0.40
R2[SITE      ]: L=+1.00 R=+1.00 | carry=0 | base=0.58 ba=+0.99 | site=1 sd=0.33 sa=-0.54 | phero=0 pd=0.00 pa=+0.00 | srch=0.14 | wall=4.10
R3[RTB       ]: L=+1.00 R=+0.00 | carry=1 | base=0.31 ba=-0.65 | site=0 sd=0.00 sa=+0.00 | phero=0 pd=0.00 pa=+0.00 | srch=0.00 | wall=5.15
R4[PHERO     ]: L=+0.46 R=+0.48 | carry=0 | base=0.11 ba=+0.94 | site=0 sd=0.00 sa=+0.00 | phero=1 pd=0.20 pa=+0.06 | srch=0.06 | wall=5.62

[DEPOSIT] Robot 3 deposited! Total: 41
  [PHERO] Laid at (-0.85, 0.67) density=10 prob=1.00 total_entries=11
  [TARGET] Robot 3 → SITE (-0.85,0.67)
[PICKUP] Robot 2 picked up tag (density=18) | Total: 42

======================================================================
Step 17000 (9.1 min) | Pickups: 42 | Deposits: 41 | Rate: 4.52 tags/min | phero_entries=10 phero_max=0.720
======================================================================
R1[SITE      ]: L=+1.00 R=+1.00 | carry=0 | base=1.45 ba=+0.12 | site=1 sd=0.59 sa=+0.11 | phero=0 pd=0.00 pa=+0.00 | srch=0.66 | wall=1.60
R2[RTB       ]: L=+1.00 R=+1.00 | carry=1 | base=0.79 ba=-0.00 | site=0 sd=0.00 sa=+0.00 | phero=0 pd=0.00 pa=+0.00 | srch=0.00 | wall=3.53
R3[SITE      ]: L=+1.00 R=+1.00 | carry=0 | base=0.14 ba=+0.86 | site=1 sd=0.17 sa=-0.10 | phero=0 pd=0.00 pa=+0.00 | srch=0.05 | wall=5.65
R4[PHERO     ]: L=+0.23 R=+1.00 | carry=0 | base=0.32 ba=+0.30 | site=0 sd=0.00 sa=+0.00 | phero=1 pd=0.02 pa=+0.53 | srch=0.18 | wall=5.04

[PICKUP] Robot 4 picked up tag (density=9) | Total: 43
[PICKUP] Robot 3 picked up tag (density=8) | Total: 44
[DEPOSIT] Robot 4 deposited! Total: 42
  [PHERO] Laid at (-0.61, 0.94) density=9 prob=1.00 total_entries=10
  [TARGET] Robot 4 → SITE (-0.61,0.94)

======================================================================
Step 17500 (9.3 min) | Pickups: 44 | Deposits: 42 | Rate: 4.50 tags/min | phero_entries=10 phero_max=0.675
======================================================================
R1[SITE      ]: L=+0.90 R=+1.00 | carry=0 | base=0.94 ba=-0.03 | site=1 sd=0.15 sa=+0.26 | phero=0 pd=0.00 pa=+0.00 | srch=0.79 | wall=2.93
R2[RTB       ]: L=+1.00 R=+1.00 | carry=1 | base=0.24 ba=-0.00 | site=0 sd=0.00 sa=+0.00 | phero=0 pd=0.00 pa=+0.00 | srch=0.00 | wall=5.25
R3[RTB       ]: L=+1.00 R=+1.00 | carry=1 | base=0.14 ba=-0.00 | site=0 sd=0.00 sa=+0.00 | phero=0 pd=0.00 pa=+0.00 | srch=0.00 | wall=5.66
R4[SITE      ]: L=+1.00 R=+1.00 | carry=0 | base=0.18 ba=-0.91 | site=1 sd=0.14 sa=+0.12 | phero=0 pd=0.00 pa=+0.00 | srch=0.06 | wall=5.45

[DEPOSIT] Robot 3 deposited! Total: 43
  [PHERO] Laid at (-0.87, 0.67) density=8 prob=1.00 total_entries=11
  [TARGET] Robot 3 → SITE (-0.87,0.67)
[DEPOSIT] Robot 2 deposited! Total: 44
  [PHERO] Laid at (-1.29, -2.87) density=18 prob=1.00 total_entries=12
  [TARGET] Robot 2 → SITE (-1.29,-2.87)
[PICKUP] Robot 4 picked up tag (density=7) | Total: 45
[PICKUP] Robot 1 picked up tag (density=16) | Total: 46
[PICKUP] Robot 3 picked up tag (density=6) | Total: 47
[DEPOSIT] Robot 4 deposited! Total: 45
  [PHERO] Laid at (-0.61, 0.97) density=7 prob=0.99 total_entries=11
  [TARGET] Robot 4 → SITE (-0.61,0.97)

======================================================================
Step 18000 (9.6 min) | Pickups: 47 | Deposits: 45 | Rate: 4.69 tags/min | phero_entries=11 phero_max=0.986
======================================================================
R1[RTB       ]: L=+0.97 R=+1.00 | carry=1 | base=0.83 ba=+0.01 | site=0 sd=0.00 sa=+0.00 | phero=0 pd=0.00 pa=+0.00 | srch=0.00 | wall=3.51
R2[SITE      ]: L=+1.00 R=+1.00 | carry=0 | base=0.33 ba=+0.93 | site=1 sd=0.61 sa=+0.12 | phero=0 pd=0.00 pa=+0.00 | srch=0.09 | wall=5.17
R3[RTB       ]: L=+0.00 R=+1.00 | carry=1 | base=0.35 ba=+0.85 | site=0 sd=0.00 sa=+0.00 | phero=0 pd=0.00 pa=+0.00 | srch=0.00 | wall=5.02
R4[BASE_ESC  ]: L=+1.00 R=+0.00 | carry=0 | base=0.07 ba=+0.17 | site=1 sd=0.26 sa=-0.88 | phero=0 pd=0.00 pa=+0.00 | srch=0.00 | wall=5.82

[PICKUP] Robot 2 picked up tag (density=5) | Total: 48
[DEPOSIT] Robot 3 deposited! Total: 46
  [PHERO] Laid at (-0.97, 0.75) density=6 prob=0.97 total_entries=12
  [TARGET] Robot 3 → SITE (-0.97,0.75)

======================================================================
Step 18500 (9.9 min) | Pickups: 48 | Deposits: 46 | Rate: 4.66 tags/min | phero_entries=12 phero_max=0.808
======================================================================
R1[RTB       ]: L=+1.00 R=+1.00 | carry=1 | base=0.28 ba=+0.00 | site=0 sd=0.00 sa=+0.00 | phero=0 pd=0.00 pa=+0.00 | srch=0.00 | wall=5.16
R2[RTB       ]: L=+1.00 R=+1.00 | carry=1 | base=0.31 ba=+0.00 | site=0 sd=0.00 sa=+0.00 | phero=0 pd=0.00 pa=+0.00 | srch=0.00 | wall=5.15
R3[SITE      ]: L=+1.00 R=+0.31 | carry=0 | base=0.09 ba=-0.98 | site=1 sd=0.27 sa=-0.14 | phero=0 pd=0.00 pa=+0.00 | srch=0.03 | wall=5.70
R4[EXPLORE   ]: L=+1.00 R=+0.89 | carry=0 | base=0.47 ba=-0.95 | site=0 sd=0.00 sa=+0.00 | phero=0 pd=0.00 pa=+0.00 | srch=0.13 | wall=4.51

[PICKUP] Robot 4 picked up tag (density=6) | Total: 49
[DEPOSIT] Robot 1 deposited! Total: 47
  [PHERO] Laid at (-1.68, -2.61) density=16 prob=1.00 total_entries=12
  [TARGET] Robot 1 → SITE (-1.68,-2.61)
[DEPOSIT] Robot 2 deposited! Total: 48
  [PHERO] Laid at (-1.23, -1.38) density=5 prob=0.92 total_entries=13
  [TARGET] Robot 2 → SITE (-1.23,-1.38)

======================================================================
Step 19000 (10.1 min) | Pickups: 49 | Deposits: 48 | Rate: 4.74 tags/min | phero_entries=12 phero_max=0.638
======================================================================
R1[SITE      ]: L=+1.00 R=+1.00 | carry=0 | base=0.28 ba=+0.98 | site=1 sd=0.66 sa=-0.26 | phero=0 pd=0.00 pa=+0.00 | srch=0.08 | wall=5.01
R2[SITE      ]: L=+1.00 R=+1.00 | carry=0 | base=0.26 ba=+1.00 | site=1 sd=0.31 sa=+0.24 | phero=0 pd=0.00 pa=+0.00 | srch=0.07 | wall=5.17
R3[SITE      ]: L=+0.14 R=+0.12 | carry=0 | base=0.30 ba=-0.90 | site=1 sd=0.06 sa=-0.09 | phero=0 pd=0.00 pa=+0.00 | srch=0.16 | wall=5.10
R4[RTB       ]: L=+1.00 R=+1.00 | carry=1 | base=0.21 ba=-0.00 | site=0 sd=0.00 sa=+0.00 | phero=0 pd=0.00 pa=+0.00 | srch=0.00 | wall=5.29

[DEPOSIT] Robot 4 deposited! Total: 49
  [PHERO] Laid at (-0.49, 1.86) density=6 prob=0.97 total_entries=12
  [TARGET] Robot 4 → SITE (-0.49,1.86)

======================================================================
Step 19500 (10.4 min) | Pickups: 49 | Deposits: 49 | Rate: 4.71 tags/min | phero_entries=12 phero_max=0.550
======================================================================
R1[SITE      ]: L=+1.00 R=+1.00 | carry=0 | base=0.77 ba=-0.85 | site=1 sd=0.26 sa=-0.25 | phero=0 pd=0.00 pa=+0.00 | srch=0.20 | wall=3.41
R2[EXPLORE   ]: L=+1.00 R=+1.00 | carry=0 | base=0.58 ba=+0.67 | site=0 sd=0.00 sa=+0.00 | phero=0 pd=0.00 pa=+0.00 | srch=0.20 | wall=4.18
R3[EXPLORE   ]: L=+1.00 R=+1.00 | carry=0 | base=0.69 ba=+1.00 | site=0 sd=0.00 sa=+0.00 | phero=0 pd=0.00 pa=+0.00 | srch=0.28 | wall=4.12
R4[SITE      ]: L=+0.96 R=+1.00 | carry=0 | base=0.35 ba=+0.96 | site=1 sd=0.23 sa=+0.19 | phero=0 pd=0.00 pa=+0.00 | srch=0.09 | wall=4.76

[PICKUP] Robot 4 picked up tag (density=5) | Total: 50
[PICKUP] Robot 1 picked up tag (density=16) | Total: 51

======================================================================
Step 20000 (10.7 min) | Pickups: 51 | Deposits: 49 | Rate: 4.59 tags/min | phero_entries=11 phero_max=0.247
======================================================================
R1[RTB       ]: L=+1.00 R=+1.00 | carry=1 | base=0.65 ba=-0.00 | site=0 sd=0.00 sa=+0.00 | phero=0 pd=0.00 pa=+0.00 | srch=0.00 | wall=3.96
R2[EXPLORE   ]: L=+1.00 R=+1.00 | carry=0 | base=0.99 ba=+0.83 | site=0 sd=0.00 sa=+0.00 | phero=0 pd=0.00 pa=+0.00 | srch=0.32 | wall=2.55
R3[EXPLORE   ]: L=+0.45 R=+1.00 | carry=0 | base=0.89 ba=-0.49 | site=0 sd=0.00 sa=+0.00 | phero=0 pd=0.00 pa=+0.00 | srch=0.41 | wall=3.40
R4[RTB       ]: L=+1.00 R=+1.00 | carry=1 | base=0.24 ba=+0.00 | site=0 sd=0.00 sa=+0.00 | phero=0 pd=0.00 pa=+0.00 | srch=0.00 | wall=5.18

[DEPOSIT] Robot 4 deposited! Total: 50
  [PHERO] Laid at (-0.18, 1.79) density=5 prob=0.92 total_entries=12
  [TARGET] Robot 4 → SITE (-0.18,1.79)

======================================================================
Step 20500 (10.9 min) | Pickups: 51 | Deposits: 50 | Rate: 4.57 tags/min | phero_entries=10 phero_max=0.574
======================================================================
R1[RTB       ]: L=+1.00 R=+1.00 | carry=1 | base=0.10 ba=-0.00 | site=0 sd=0.00 sa=+0.00 | phero=0 pd=0.00 pa=+0.00 | srch=0.00 | wall=5.69
R2[EXPLORE   ]: L=+1.00 R=+1.00 | carry=0 | base=1.49 ba=+0.90 | site=0 sd=0.00 sa=+0.00 | phero=0 pd=0.00 pa=+0.00 | srch=0.45 | wall=0.91
R3[EXPLORE   ]: L=+1.00 R=+1.00 | carry=0 | base=1.15 ba=+0.72 | site=0 sd=0.00 sa=+0.00 | phero=0 pd=0.00 pa=+0.00 | srch=0.53 | wall=2.11
R4[SITE      ]: L=+1.00 R=+0.97 | carry=0 | base=0.32 ba=-0.92 | site=1 sd=0.21 sa=-0.07 | phero=0 pd=0.00 pa=+0.00 | srch=0.09 | wall=4.93

[DEPOSIT] Robot 1 deposited! Total: 51
  [PHERO] Laid at (-1.29, -2.96) density=16 prob=1.00 total_entries=11
  [TARGET] Robot 1 → SITE (-1.29,-2.96)

======================================================================
Step 21000 (11.2 min) | Pickups: 51 | Deposits: 51 | Rate: 4.55 tags/min | phero_entries=11 phero_max=0.468
======================================================================
R1[SITE      ]: L=+1.00 R=+1.00 | carry=0 | base=0.47 ba=-0.99 | site=1 sd=0.59 sa=+0.33 | phero=0 pd=0.00 pa=+0.00 | srch=0.12 | wall=4.65
R2[EXPLORE   ]: L=+1.00 R=+1.00 | carry=0 | base=1.47 ba=+0.24 | site=0 sd=0.00 sa=+0.00 | phero=0 pd=0.00 pa=+0.00 | srch=0.57 | wall=1.19
R3[EXPLORE   ]: L=+0.99 R=+1.00 | carry=0 | base=1.29 ba=+0.78 | site=0 sd=0.00 sa=+0.00 | phero=0 pd=0.00 pa=+0.00 | srch=0.66 | wall=1.62
R4[EXPLORE   ]: L=+1.00 R=+1.00 | carry=0 | base=0.80 ba=-0.87 | site=0 sd=0.00 sa=+0.00 | phero=0 pd=0.00 pa=+0.00 | srch=0.21 | wall=3.22

[GIVE-UP] R3 giving up after 2992 steps

======================================================================
Step 21500 (11.5 min) | Pickups: 51 | Deposits: 51 | Rate: 4.45 tags/min | phero_entries=10 phero_max=0.210
======================================================================
R1[SITE      ]: L=+1.00 R=+1.00 | carry=0 | base=1.01 ba=+1.00 | site=1 sd=0.55 sa=+0.64 | phero=0 pd=0.00 pa=+0.00 | srch=0.24 | wall=3.05
R2[EXPLORE   ]: L=+1.00 R=+1.00 | carry=0 | base=1.13 ba=+0.35 | site=0 sd=0.00 sa=+0.00 | phero=0 pd=0.00 pa=+0.00 | srch=0.70 | wall=2.96
R3[GIVE_UP   ]: L=+0.96 R=+1.00 | carry=0 | base=1.56 ba=+0.01 | site=0 sd=0.00 sa=+0.00 | phero=0 pd=0.00 pa=+0.00 | srch=0.78 | wall=0.56
R4[EXPLORE   ]: L=+1.00 R=+1.00 | carry=0 | base=1.32 ba=-0.92 | site=0 sd=0.00 sa=+0.00 | phero=0 pd=0.00 pa=+0.00 | srch=0.34 | wall=1.60

[PICKUP] Robot 1 picked up tag (density=25) | Total: 52

======================================================================
Step 22000 (11.7 min) | Pickups: 52 | Deposits: 51 | Rate: 4.35 tags/min | phero_entries=7 phero_max=0.094
======================================================================
R1[RTB       ]: L=+1.00 R=+1.00 | carry=1 | base=0.98 ba=+0.00 | site=0 sd=0.00 sa=+0.00 | phero=0 pd=0.00 pa=+0.00 | srch=0.00 | wall=3.19
R2[EXPLORE   ]: L=+1.00 R=+1.00 | carry=0 | base=1.01 ba=+0.51 | site=0 sd=0.00 sa=+0.00 | phero=0 pd=0.00 pa=+0.00 | srch=0.82 | wall=2.71
R3[GIVE_UP   ]: L=+1.00 R=+1.00 | carry=0 | base=1.01 ba=+0.00 | site=0 sd=0.00 sa=+0.00 | phero=0 pd=0.00 pa=+0.00 | srch=0.91 | wall=2.48
R4[EXPLORE   ]: L=+1.00 R=+1.00 | carry=0 | base=1.72 ba=-0.24 | site=0 sd=0.00 sa=+0.00 | phero=0 pd=0.00 pa=+0.00 | srch=0.46 | wall=0.43


======================================================================
Step 22500 (12.0 min) | Pickups: 52 | Deposits: 51 | Rate: 4.25 tags/min | phero_entries=6 phero_max=0.042
======================================================================
R1[RTB       ]: L=+1.00 R=+1.00 | carry=1 | base=0.43 ba=+0.00 | site=0 sd=0.00 sa=+0.00 | phero=0 pd=0.00 pa=+0.00 | srch=0.00 | wall=4.76
R2[EXPLORE   ]: L=+1.00 R=+1.00 | carry=0 | base=1.16 ba=+0.67 | site=0 sd=0.00 sa=+0.00 | phero=0 pd=0.00 pa=+0.00 | srch=0.95 | wall=1.96
R3[GIVE_UP   ]: L=+1.00 R=+1.00 | carry=0 | base=0.46 ba=+0.00 | site=0 sd=0.00 sa=+0.00 | phero=0 pd=0.00 pa=+0.00 | srch=1.00 | wall=4.40
R4[EXPLORE   ]: L=+1.00 R=+1.00 | carry=0 | base=1.38 ba=-0.33 | site=0 sd=0.00 sa=+0.00 | phero=0 pd=0.00 pa=+0.00 | srch=0.59 | wall=2.22

[DEPOSIT] Robot 1 deposited! Total: 52
  [PHERO] Laid at (-3.52, -2.34) density=25 prob=1.00 total_entries=6
  [TARGET] Robot 1 → SITE (-3.52,-2.34)
[EMPTY_RTN] R3 → phero(-3.52,-2.34)
[PICKUP] Robot 4 picked up tag (density=24) | Total: 53

======================================================================
Step 23000 (12.3 min) | Pickups: 53 | Deposits: 52 | Rate: 4.24 tags/min | phero_entries=6 phero_max=0.763
======================================================================
R1[SITE      ]: L=+1.00 R=+1.00 | carry=0 | base=0.13 ba=+0.94 | site=1 sd=1.00 sa=-0.22 | phero=0 pd=0.00 pa=+0.00 | srch=0.04 | wall=5.60
R2[EXPLORE   ]: L=+1.00 R=+1.00 | carry=0 | base=1.51 ba=+0.77 | site=0 sd=0.00 sa=+0.00 | phero=0 pd=0.00 pa=+0.00 | srch=1.00 | wall=1.22
R3[PHERO     ]: L=+0.83 R=+0.85 | carry=0 | base=0.10 ba=+0.81 | site=0 sd=0.00 sa=+0.00 | phero=1 pd=1.00 pa=-0.12 | srch=0.04 | wall=5.69
R4[RTB       ]: L=+1.00 R=+1.00 | carry=1 | base=1.11 ba=-0.00 | site=0 sd=0.00 sa=+0.00 | phero=0 pd=0.00 pa=+0.00 | srch=0.00 | wall=2.78

[GIVE-UP] R2 giving up after 4374 steps
[PICKUP] Robot 2 picked up tag (density=24) | Total: 54

======================================================================
Step 23500 (12.5 min) | Pickups: 54 | Deposits: 52 | Rate: 4.15 tags/min | phero_entries=3 phero_max=0.343
======================================================================
R1[SITE      ]: L=+1.00 R=+1.00 | carry=0 | base=0.68 ba=+0.99 | site=1 sd=0.76 sa=-0.38 | phero=0 pd=0.00 pa=+0.00 | srch=0.17 | wall=3.79
R2[RTB       ]: L=+1.00 R=+1.00 | carry=1 | base=1.23 ba=+0.00 | site=0 sd=0.00 sa=+0.00 | phero=0 pd=0.00 pa=+0.00 | srch=0.00 | wall=2.22
R3[PHERO     ]: L=+0.60 R=+0.59 | carry=0 | base=0.56 ba=+0.96 | site=0 sd=0.00 sa=+0.00 | phero=1 pd=0.68 pa=-0.19 | srch=0.16 | wall=4.51
R4[RTB       ]: L=+1.00 R=+1.00 | carry=1 | base=0.56 ba=-0.00 | site=0 sd=0.00 sa=+0.00 | phero=0 pd=0.00 pa=+0.00 | srch=0.00 | wall=4.37

[DEPOSIT] Robot 4 deposited! Total: 53
  [PHERO] Laid at (3.51, 2.51) density=24 prob=1.00 total_entries=4
  [TARGET] Robot 4 → SITE (3.51,2.51)

======================================================================
Step 24000 (12.8 min) | Pickups: 54 | Deposits: 53 | Rate: 4.14 tags/min | phero_entries=4 phero_max=0.923
======================================================================
R1[SITE      ]: L=+1.00 R=+1.00 | carry=0 | base=1.23 ba=+0.99 | site=1 sd=0.76 sa=-0.62 | phero=0 pd=0.00 pa=+0.00 | srch=0.29 | wall=1.97
R2[RTB       ]: L=+1.00 R=+1.00 | carry=1 | base=0.68 ba=+0.00 | site=0 sd=0.00 sa=+0.00 | phero=0 pd=0.00 pa=+0.00 | srch=0.00 | wall=3.90
R3[PHERO     ]: L=+1.00 R=+0.95 | carry=0 | base=0.85 ba=-0.95 | site=0 sd=0.00 sa=+0.00 | phero=1 pd=0.42 pa=-0.17 | srch=0.29 | wall=3.86
R4[BASE_ESC  ]: L=+0.00 R=+1.00 | carry=0 | base=0.06 ba=-0.45 | site=1 sd=1.00 sa=+0.59 | phero=0 pd=0.00 pa=+0.00 | srch=0.01 | wall=5.81

[PICKUP] Robot 3 picked up tag (density=23) | Total: 55

======================================================================
Step 24500 (13.1 min) | Pickups: 55 | Deposits: 53 | Rate: 4.06 tags/min | phero_entries=3 phero_max=0.415
======================================================================
R1[WALL_ESC  ]: L=+0.00 R=+1.00 | carry=0 | base=1.73 ba=+0.54 | site=1 sd=1.00 sa=+0.78 | phero=0 pd=0.00 pa=+0.00 | srch=0.42 | wall=0.31
R2[RTB       ]: L=+1.00 R=+1.00 | carry=1 | base=0.14 ba=+0.00 | site=0 sd=0.00 sa=+0.00 | phero=0 pd=0.00 pa=+0.00 | srch=0.00 | wall=5.58
R3[RTB       ]: L=+1.00 R=+0.66 | carry=1 | base=1.21 ba=-0.13 | site=0 sd=0.00 sa=+0.00 | phero=0 pd=0.00 pa=+0.00 | srch=0.00 | wall=2.50
R4[SITE      ]: L=+1.00 R=+1.00 | carry=0 | base=0.55 ba=-0.99 | site=1 sd=0.82 sa=+0.31 | phero=0 pd=0.00 pa=+0.00 | srch=0.14 | wall=4.08

[DEPOSIT] Robot 2 deposited! Total: 54
  [PHERO] Laid at (4.12, 2.28) density=24 prob=1.00 total_entries=4
  [TARGET] Robot 2 → SITE (4.12,2.28)

======================================================================
Step 25000 (13.3 min) | Pickups: 55 | Deposits: 54 | Rate: 4.05 tags/min | phero_entries=3 phero_max=0.494
======================================================================
R1[SITE      ]: L=+1.00 R=+1.00 | carry=0 | base=1.26 ba=+0.11 | site=1 sd=0.89 sa=+0.47 | phero=0 pd=0.00 pa=+0.00 | srch=0.54 | wall=1.71
R2[SITE      ]: L=+1.00 R=+1.00 | carry=0 | base=0.43 ba=+0.98 | site=1 sd=1.00 sa=-0.26 | phero=0 pd=0.00 pa=+0.00 | srch=0.11 | wall=4.70
R3[RTB       ]: L=+1.00 R=+1.00 | carry=1 | base=0.67 ba=-0.00 | site=0 sd=0.00 sa=+0.00 | phero=0 pd=0.00 pa=+0.00 | srch=0.00 | wall=4.06
R4[SITE      ]: L=+0.99 R=+1.00 | carry=0 | base=0.96 ba=+0.76 | site=1 sd=0.33 sa=-0.02 | phero=0 pd=0.00 pa=+0.00 | srch=0.26 | wall=2.97

[PICKUP] Robot 4 picked up tag (density=22) | Total: 56

======================================================================
Step 25500 (13.6 min) | Pickups: 56 | Deposits: 54 | Rate: 3.97 tags/min | phero_entries=3 phero_max=0.222
======================================================================
R1[SITE      ]: L=+0.96 R=+1.00 | carry=0 | base=0.76 ba=+0.12 | site=1 sd=1.00 sa=+0.60 | phero=0 pd=0.00 pa=+0.00 | srch=0.67 | wall=3.33
R2[SITE      ]: L=+1.00 R=+1.00 | carry=0 | base=0.98 ba=+0.99 | site=1 sd=0.74 sa=-0.44 | phero=0 pd=0.00 pa=+0.00 | srch=0.24 | wall=2.99
R3[RTB       ]: L=+1.00 R=+1.00 | carry=1 | base=0.12 ba=-0.00 | site=0 sd=0.00 sa=+0.00 | phero=0 pd=0.00 pa=+0.00 | srch=0.00 | wall=5.65
R4[RTB       ]: L=+0.94 R=+1.00 | carry=1 | base=1.20 ba=+0.02 | site=0 sd=0.00 sa=+0.00 | phero=0 pd=0.00 pa=+0.00 | srch=0.00 | wall=2.65

[PICKUP] Robot 2 picked up tag (density=19) | Total: 57
[DEPOSIT] Robot 3 deposited! Total: 55
  [PHERO] Laid at (-3.52, -2.51) density=23 prob=1.00 total_entries=4
  [TARGET] Robot 3 → SITE (-3.52,-2.51)

======================================================================
Step 26000 (13.9 min) | Pickups: 57 | Deposits: 55 | Rate: 3.97 tags/min | phero_entries=4 phero_max=0.484
======================================================================
R1[SITE      ]: L=+1.00 R=+1.00 | carry=0 | base=0.29 ba=+0.28 | site=1 sd=1.00 sa=+0.71 | phero=0 pd=0.00 pa=+0.00 | srch=0.79 | wall=5.15
R2[RTB       ]: L=+1.00 R=+1.00 | carry=1 | base=0.59 ba=+0.00 | site=0 sd=0.00 sa=+0.00 | phero=0 pd=0.00 pa=+0.00 | srch=0.00 | wall=4.15
R3[SITE      ]: L=+0.91 R=+0.90 | carry=0 | base=0.40 ba=+0.97 | site=1 sd=0.84 sa=-0.13 | phero=0 pd=0.00 pa=+0.00 | srch=0.11 | wall=4.96
R4[RTB       ]: L=+1.00 R=+1.00 | carry=1 | base=0.65 ba=+0.00 | site=0 sd=0.00 sa=+0.00 | phero=0 pd=0.00 pa=+0.00 | srch=0.00 | wall=4.18

[PICKUP] Robot 3 picked up tag (density=4) | Total: 58
[PICKUP] Robot 1 picked up tag (density=6) | Total: 59
[DEPOSIT] Robot 2 deposited! Total: 56
  [PHERO] Laid at (1.65, 3.05) density=19 prob=1.00 total_entries=5
  [TARGET] Robot 2 → SITE (1.65,3.05)

======================================================================
Step 26500 (14.1 min) | Pickups: 59 | Deposits: 56 | Rate: 3.96 tags/min | phero_entries=5 phero_max=0.959
======================================================================
R1[RTB       ]: L=+1.00 R=+1.00 | carry=1 | base=0.08 ba=+0.00 | site=0 sd=0.00 sa=+0.00 | phero=0 pd=0.00 pa=+0.00 | srch=0.00 | wall=5.77
R2[BASE_ESC  ]: L=+1.00 R=+0.00 | carry=0 | base=0.06 ba=+0.26 | site=1 sd=0.93 sa=-0.76 | phero=0 pd=0.00 pa=+0.00 | srch=0.01 | wall=5.80
R3[RTB       ]: L=+1.00 R=+1.00 | carry=1 | base=0.33 ba=-0.00 | site=0 sd=0.00 sa=+0.00 | phero=0 pd=0.00 pa=+0.00 | srch=0.00 | wall=5.17
R4[RTB       ]: L=+1.00 R=+1.00 | carry=1 | base=0.11 ba=+0.00 | site=0 sd=0.00 sa=+0.00 | phero=0 pd=0.00 pa=+0.00 | srch=0.00 | wall=5.71

[DEPOSIT] Robot 1 deposited! Total: 57
  [PHERO] Laid at (0.69, 0.31) density=6 prob=0.97 total_entries=6
  [TARGET] Robot 1 → SITE (0.69,0.31)
[DEPOSIT] Robot 4 deposited! Total: 58
  [PHERO] Laid at (3.54, 2.54) density=22 prob=1.00 total_entries=7
  [TARGET] Robot 4 → SITE (3.54,2.54)
[DEPOSIT] Robot 3 deposited! Total: 59
  [PHERO] Laid at (-1.30, -1.40) density=4 prob=0.82 total_entries=8
  [TARGET] Robot 3 → SITE (-1.30,-1.40)
[PICKUP] Robot 1 picked up tag (density=5) | Total: 60
[DEPOSIT] Robot 1 deposited! Total: 60
  [PHERO] Laid at (0.53, 0.33) density=5 prob=0.92 total_entries=9
  [TARGET] Robot 1 → SITE (0.53,0.33)

======================================================================
Step 27000 (14.4 min) | Pickups: 60 | Deposits: 60 | Rate: 4.17 tags/min | phero_entries=9 phero_max=0.961
======================================================================
R1[BASE_ESC  ]: L=+0.00 R=+1.00 | carry=0 | base=0.06 ba=-0.24 | site=1 sd=0.12 sa=+0.88 | phero=0 pd=0.00 pa=+0.00 | srch=0.01 | wall=5.78
R2[SITE      ]: L=+1.00 R=+1.00 | carry=0 | base=0.52 ba=+1.00 | site=1 sd=0.62 sa=-0.33 | phero=0 pd=0.00 pa=+0.00 | srch=0.13 | wall=4.17
R3[SITE      ]: L=+0.77 R=+1.00 | carry=0 | base=0.22 ba=+0.84 | site=1 sd=0.34 sa=-0.06 | phero=0 pd=0.00 pa=+0.00 | srch=0.07 | wall=5.39
R4[SITE      ]: L=+1.00 R=+1.00 | carry=0 | base=0.44 ba=-0.95 | site=1 sd=0.87 sa=-0.17 | phero=0 pd=0.00 pa=+0.00 | srch=0.12 | wall=4.65

[PICKUP] Robot 1 picked up tag (density=4) | Total: 61
[PICKUP] Robot 3 picked up tag (density=3) | Total: 62
[DEPOSIT] Robot 1 deposited! Total: 61
  [PHERO] Laid at (0.53, 0.40) density=4 prob=0.82 total_entries=9
  [TARGET] Robot 1 → SITE (0.53,0.40)

======================================================================
Step 27500 (14.7 min) | Pickups: 62 | Deposits: 61 | Rate: 4.16 tags/min | phero_entries=9 phero_max=0.917
======================================================================
R1[BASE_ESC  ]: L=+1.00 R=+0.00 | carry=0 | base=0.06 ba=+0.46 | site=1 sd=0.13 sa=-0.67 | phero=0 pd=0.00 pa=+0.00 | srch=0.01 | wall=5.83
R2[SITE      ]: L=+1.00 R=+1.00 | carry=0 | base=1.00 ba=-0.72 | site=1 sd=0.33 sa=-0.27 | phero=0 pd=0.00 pa=+0.00 | srch=0.26 | wall=2.56
R3[RTB       ]: L=+1.00 R=+0.98 | carry=1 | base=0.49 ba=-0.01 | site=0 sd=0.00 sa=+0.00 | phero=0 pd=0.00 pa=+0.00 | srch=0.00 | wall=4.77
R4[SITE      ]: L=+1.00 R=+1.00 | carry=0 | base=0.91 ba=-0.83 | site=1 sd=0.36 sa=+0.02 | phero=0 pd=0.00 pa=+0.00 | srch=0.24 | wall=3.69

[PICKUP] Robot 1 picked up tag (density=3) | Total: 63
[PICKUP] Robot 2 picked up tag (density=19) | Total: 64
[PICKUP] Robot 4 picked up tag (density=22) | Total: 65
[DEPOSIT] Robot 3 deposited! Total: 62
  [PHERO] Laid at (-1.33, -1.44) density=3 prob=0.65 total_entries=10
  [TARGET] Robot 3 → SITE (-1.33,-1.44)

======================================================================
Step 28000 (14.9 min) | Pickups: 65 | Deposits: 62 | Rate: 4.15 tags/min | phero_entries=10 phero_max=0.827
======================================================================
R1[RTB       ]: L=+1.00 R=+1.00 | carry=1 | base=0.08 ba=+0.00 | site=0 sd=0.00 sa=+0.00 | phero=0 pd=0.00 pa=+0.00 | srch=0.00 | wall=5.79
R2[RTB       ]: L=+1.00 R=+1.00 | carry=1 | base=0.85 ba=-0.00 | site=0 sd=0.00 sa=+0.00 | phero=0 pd=0.00 pa=+0.00 | srch=0.00 | wall=3.34
R3[SITE      ]: L=-0.77 R=+1.00 | carry=0 | base=0.07 ba=-0.97 | site=1 sd=0.49 sa=+0.14 | phero=0 pd=0.00 pa=+0.00 | srch=0.03 | wall=5.78
R4[RTB       ]: L=+0.80 R=+1.00 | carry=1 | base=1.22 ba=+0.07 | site=0 sd=0.00 sa=+0.00 | phero=0 pd=0.00 pa=+0.00 | srch=0.00 | wall=2.57

[DEPOSIT] Robot 1 deposited! Total: 63
  [PHERO] Laid at (0.56, 0.44) density=3 prob=0.65 total_entries=11
  [TARGET] Robot 1 → SITE (0.56,0.44)
