=================================================================
CPFA BASELINE — ARGoS-calibrated parameters
  Params file                  = /home/sara/Documents/RL-FL-Foraging/cpfa_tuning_20260715_155549/trial_041/params.yaml
  Results file                 = /home/sara/Documents/RL-FL-Foraging/controllers/cpfa_baseline/results/cpfa_baseline_results_20260715_174740.txt
  RateOfLayingPheromone        = 9.563268218696594
  RateOfSiteFidelity           = 2.4619624862435883
  RateOfPheromoneDecay         = 0.07557380778709819 /s  (lifetime ~91s)
  ProbabilityOfReturningToNest = 0.06483871438258247 (every 5 sec → E[give-up] ~77s)
  UninformedSearchVariation    = 0.25 rad (14.3°)
  RateOfInformedSearchDecay    = 1.1976363104234489 /waypoint
  ProbabilityOfSwitchingToSearching = 0.5447827541714519 (every 5 sec in uninformed DEPARTING)
=================================================================

[PICKUP] R4 picked up tag (density=6) | Total: 1
[PICKUP] R3 picked up tag (density=9) | Total: 2
[PICKUP] R1 picked up tag (density=5) | Total: 3
[DEPOSIT] R4 deposited! Total: 1
  [TARGET] R4 → SITE (0.00, -0.50)
[DEPOSIT] R1 deposited! Total: 2
  [PHERO] Laid at (0.02, -0.36) density=5 prob=0.09 entries=1
  [TARGET] R1 → SITE (0.02, -0.36)
[PICKUP] R4 picked up tag (density=4) | Total: 4
[DEPOSIT] R3 deposited! Total: 3
  [PHERO] Laid at (-0.25, 0.29) density=9 prob=0.51 entries=2
  [TARGET] R3 → SITE (-0.25, 0.29)

======================================================================
Step 500 (0.3 min) | Pickups: 4 | Deposits: 3 | Rate: 11.25 tags/min | phero_entries=2 max_w=0.981
======================================================================
R1[BASE_ESC  ]: carry=0 | base=0.23 | wall=2.29 | search=  0 | target=site(0.02,-0.36)
R2[WALL_ESC  ]: carry=0 | base=2.17 | wall=0.33 | search=344 | target=none
R3[BASE_ESC  ]: carry=0 | base=0.23 | wall=2.30 | search=  0 | target=site(-0.25,0.29)
R4[SURVEY    ]: carry=1 | base=0.37 | wall=2.16 | search=  0 | target=none

[PICKUP] R3 picked up tag (density=8) | Total: 5
[PICKUP] R1 picked up tag (density=3) | Total: 6
[DEPOSIT] R4 deposited! Total: 4
  [TARGET] R4 → SITE (0.14, -0.34)

======================================================================
Step 1000 (0.5 min) | Pickups: 6 | Deposits: 4 | Rate: 7.50 tags/min | phero_entries=2 max_w=0.293
======================================================================
R1[RTB       ]: carry=1 | base=0.49 | wall=2.01 | search=  0 | target=none
R2[WALL_ESC  ]: carry=0 | base=2.16 | wall=0.34 | search=844 | target=none
R3[RTB       ]: carry=1 | base=0.31 | wall=2.22 | search=  0 | target=none
R4[SITE      ]: carry=0 | base=0.32 | wall=2.27 | search=  0 | target=site(0.14,-0.34)

[DEPOSIT] R3 deposited! Total: 5
  [TARGET] R3 → SITE (-0.25, 0.33)
[DEPOSIT] R1 deposited! Total: 6
  [TARGET] R1 → SITE (0.06, -0.49)
[PICKUP] R3 picked up tag (density=7) | Total: 7
[PICKUP] R1 picked up tag (density=2) | Total: 8

======================================================================
Step 1500 (0.8 min) | Pickups: 8 | Deposits: 6 | Rate: 7.50 tags/min | phero_entries=2 max_w=0.087
======================================================================
R1[SURVEY    ]: carry=1 | base=0.52 | wall=2.00 | search=  0 | target=none
R2[WALL_ESC  ]: carry=0 | base=2.16 | wall=0.34 | search=1344 | target=none
R3[SURVEY    ]: carry=1 | base=0.49 | wall=2.14 | search=  0 | target=none
R4[SEARCH    ]: carry=0 | base=0.74 | wall=1.77 | search=459 | target=site(0.14,-0.34)

[DEPOSIT] R3 deposited! Total: 7
  [PHERO] Laid at (-0.33, 0.36) density=7 prob=0.26 entries=3
  [TARGET] R3 → SITE (-0.33, 0.36)
[DEPOSIT] R1 deposited! Total: 8
  [TARGET] R1 → SITE (0.12, -0.50)
[PICKUP] R1 picked up tag (density=1) | Total: 9
[PICKUP] R3 picked up tag (density=6) | Total: 10

======================================================================
Step 2000 (1.1 min) | Pickups: 10 | Deposits: 8 | Rate: 7.50 tags/min | phero_entries=3 max_w=0.423
======================================================================
R1[SURVEY    ]: carry=1 | base=0.49 | wall=2.03 | search=  0 | target=none
R2[WALL_ESC  ]: carry=0 | base=2.17 | wall=0.34 | search=1844 | target=none
R3[SURVEY    ]: carry=1 | base=0.56 | wall=2.10 | search=  0 | target=none
R4[SEARCH    ]: carry=0 | base=1.90 | wall=1.02 | search=959 | target=site(0.14,-0.34)

[DEPOSIT] R3 deposited! Total: 9
  [TARGET] R3 → SITE (-0.39, 0.40)
[DEPOSIT] R1 deposited! Total: 10
  [TARGET] R1 → PHERO (-0.33, 0.36)
[PICKUP] R4 picked up tag (density=12) | Total: 11

======================================================================
Step 2500 (1.3 min) | Pickups: 11 | Deposits: 10 | Rate: 7.50 tags/min | phero_entries=3 max_w=0.126
======================================================================
R1[PHERO     ]: carry=0 | base=0.27 | wall=2.28 | search=  0 | target=phero(-0.33,0.36)
R2[WALL_ESC  ]: carry=0 | base=2.17 | wall=0.33 | search=2344 | target=none
R3[SITE      ]: carry=0 | base=0.41 | wall=2.15 | search=  0 | target=site(-0.39,0.40)
R4[SURVEY    ]: carry=1 | base=1.57 | wall=1.29 | search=  0 | target=none

[PICKUP] R3 picked up tag (density=5) | Total: 12
[DEPOSIT] R3 deposited! Total: 11
  [TARGET] R3 → SITE (-0.41, 0.37)
[DEPOSIT] R4 deposited! Total: 12
  [TARGET] R4 → SITE (-1.22, -0.99)

======================================================================
Step 3000 (1.6 min) | Pickups: 12 | Deposits: 12 | Rate: 7.50 tags/min | phero_entries=3 max_w=0.038
======================================================================
R1[SEARCH    ]: carry=0 | base=0.46 | wall=2.16 | search= 36 | target=phero(-0.33,0.36)
R2[WALL_ESC  ]: carry=0 | base=2.17 | wall=0.33 | search=2844 | target=none
R3[BASE_ESC  ]: carry=0 | base=0.22 | wall=2.31 | search=  0 | target=site(-0.41,0.37)
R4[BASE_ESC  ]: carry=0 | base=0.22 | wall=2.34 | search=  0 | target=site(-1.22,-0.99)

[PICKUP] R1 picked up tag (density=4) | Total: 13
[PICKUP] R3 picked up tag (density=3) | Total: 14
[PICKUP] R4 picked up tag (density=11) | Total: 15
[DEPOSIT] R1 deposited! Total: 13
  [TARGET] R1 → SITE (-0.32, 0.32)

======================================================================
Step 3500 (1.9 min) | Pickups: 15 | Deposits: 13 | Rate: 6.96 tags/min | phero_entries=1 max_w=0.011
======================================================================
R1[SITE      ]: carry=0 | base=0.42 | wall=2.17 | search=  0 | target=site(-0.32,0.32)
R2[WALL_ESC  ]: carry=0 | base=2.17 | wall=0.33 | search=3344 | target=none
R3[RTB       ]: carry=1 | base=0.38 | wall=2.21 | search=  0 | target=none
R4[SURVEY    ]: carry=1 | base=1.04 | wall=1.73 | search=  0 | target=none

[DEPOSIT] R3 deposited! Total: 14
  [TARGET] R3 → SITE (-0.43, 0.36)
[PICKUP] R1 picked up tag (density=2) | Total: 16
[DEPOSIT] R4 deposited! Total: 15
  [PHERO] Laid at (-0.77, -0.69) density=11 prob=0.75 entries=2
  [TARGET] R4 → SITE (-0.77, -0.69)
[DEPOSIT] R1 deposited! Total: 16
  [TARGET] R1 → SITE (-0.42, 0.34)

======================================================================
Step 4000 (2.1 min) | Pickups: 16 | Deposits: 16 | Rate: 7.50 tags/min | phero_entries=2 max_w=0.532
======================================================================
R1[BASE_ESC  ]: carry=0 | base=0.23 | wall=2.33 | search=  0 | target=site(-0.42,0.34)
R2[WALL_ESC  ]: carry=0 | base=2.17 | wall=0.33 | search=3844 | target=none
R3[SEARCH    ]: carry=0 | base=0.55 | wall=2.05 | search=235 | target=site(-0.43,0.36)
R4[SITE      ]: carry=0 | base=0.76 | wall=1.96 | search=  0 | target=site(-0.77,-0.69)

[PICKUP] R4 picked up tag (density=10) | Total: 17

======================================================================
Step 4500 (2.4 min) | Pickups: 17 | Deposits: 16 | Rate: 6.67 tags/min | phero_entries=2 max_w=0.159
======================================================================
R1[SEARCH    ]: carry=0 | base=0.59 | wall=2.05 | search=297 | target=site(-0.42,0.34)
R2[WALL_ESC  ]: carry=0 | base=2.17 | wall=0.33 | search=4344 | target=none
R3[SEARCH    ]: carry=0 | base=1.60 | wall=0.90 | search=735 | target=site(-0.43,0.36)
R4[RTB       ]: carry=1 | base=0.73 | wall=1.96 | search=  0 | target=none

[DEPOSIT] R4 deposited! Total: 17
  [PHERO] Laid at (-0.83, -0.67) density=10 prob=0.64 entries=2
  [TARGET] R4 → SITE (-0.83, -0.67)

======================================================================
Step 5000 (2.7 min) | Pickups: 17 | Deposits: 17 | Rate: 6.38 tags/min | phero_entries=2 max_w=0.404
======================================================================
R1[SEARCH    ]: carry=0 | base=1.82 | wall=0.73 | search=797 | target=site(-0.42,0.34)
R2[WALL_ESC  ]: carry=0 | base=2.16 | wall=0.34 | search=4844 | target=none
R3[GIVE_UP   ]: carry=0 | base=2.02 | wall=0.70 | search=1092 | target=none
R4[SEARCH    ]: carry=0 | base=1.09 | wall=1.65 | search= 45 | target=site(-0.83,-0.67)

[PICKUP] R4 picked up tag (density=9) | Total: 18
  [GIVE-UP] R3 returned empty after 1092 searching steps
  [TARGET] R3 → PHERO (-0.83, -0.67)
[DEPOSIT] R4 deposited! Total: 18
  [TARGET] R4 → SITE (-0.85, -0.68)

======================================================================
Step 5500 (2.9 min) | Pickups: 18 | Deposits: 18 | Rate: 6.14 tags/min | phero_entries=2 max_w=0.121
======================================================================
R1[WALL_ESC  ]: carry=0 | base=2.20 | wall=0.33 | search=1297 | target=site(-0.42,0.34)
R2[WALL_ESC  ]: carry=0 | base=2.16 | wall=0.34 | search=5344 | target=none
R3[BASE_ESC  ]: carry=0 | base=0.22 | wall=2.31 | search=  0 | target=phero(-0.83,-0.67)
R4[BASE_ESC  ]: carry=0 | base=0.22 | wall=2.34 | search=  0 | target=site(-0.85,-0.68)


======================================================================
Step 6000 (3.2 min) | Pickups: 18 | Deposits: 18 | Rate: 5.62 tags/min | phero_entries=2 max_w=0.036
======================================================================
R1[GIVE_UP   ]: carry=0 | base=2.15 | wall=0.38 | search=1716 | target=none
R2[WALL_ESC  ]: carry=0 | base=2.16 | wall=0.34 | search=5844 | target=none
R3[BASE_ESC  ]: carry=0 | base=0.25 | wall=2.29 | search=  0 | target=phero(-0.83,-0.67)
R4[SEARCH    ]: carry=0 | base=0.86 | wall=1.85 | search=202 | target=site(-0.85,-0.68)

[PICKUP] R3 picked up tag (density=8) | Total: 19

======================================================================
Step 6500 (3.5 min) | Pickups: 19 | Deposits: 18 | Rate: 5.19 tags/min | phero_entries=2 max_w=0.011
======================================================================
R1[GIVE_UP   ]: carry=0 | base=0.29 | wall=2.22 | search=1716 | target=none
R2[SEARCH    ]: carry=0 | base=2.15 | wall=0.35 | search=6344 | target=none
R3[SURVEY    ]: carry=1 | base=1.13 | wall=1.60 | search=  0 | target=none
R4[SEARCH    ]: carry=0 | base=0.41 | wall=2.12 | search=702 | target=site(-0.85,-0.68)

  [GIVE-UP] R1 returned empty after 1716 searching steps
  [TARGET] R1 → PHERO (-0.83, -0.67)
[DEPOSIT] R3 deposited! Total: 19
  [PHERO] Laid at (-0.90, -0.68) density=8 prob=0.38 entries=2
  [TARGET] R3 → SITE (-0.90, -0.68)

======================================================================
Step 7000 (3.7 min) | Pickups: 19 | Deposits: 19 | Rate: 5.09 tags/min | phero_entries=2 max_w=0.725
======================================================================
R1[SEARCH    ]: carry=0 | base=0.95 | wall=1.80 | search=169 | target=phero(-0.83,-0.67)
R2[SEARCH    ]: carry=0 | base=2.15 | wall=0.36 | search=6844 | target=none
R3[SITE      ]: carry=0 | base=0.30 | wall=2.25 | search=  0 | target=site(-0.90,-0.68)
R4[GIVE_UP   ]: carry=0 | base=0.43 | wall=2.08 | search=936 | target=none

  [GIVE-UP] R4 returned empty after 936 searching steps
  [TARGET] R4 → PHERO (-0.90, -0.68)
[PICKUP] R3 picked up tag (density=7) | Total: 20

======================================================================
Step 7500 (4.0 min) | Pickups: 20 | Deposits: 19 | Rate: 4.75 tags/min | phero_entries=1 max_w=0.216
======================================================================
R1[SEARCH    ]: carry=0 | base=2.10 | wall=0.67 | search=669 | target=phero(-0.83,-0.67)
R2[GIVE_UP   ]: carry=0 | base=0.30 | wall=2.20 | search=6864 | target=none
R3[RTB       ]: carry=1 | base=1.14 | wall=1.62 | search=  0 | target=none
R4[PHERO     ]: carry=0 | base=0.44 | wall=2.06 | search=  0 | target=phero(-0.90,-0.68)

  [GIVE-UP] R2 returned empty after 6864 searching steps
  [TARGET] R2 → PHERO (-0.90, -0.68)
[DEPOSIT] R3 deposited! Total: 20
  [TARGET] R3 → SITE (-0.91, -0.73)

======================================================================
Step 8000 (4.3 min) | Pickups: 20 | Deposits: 20 | Rate: 4.69 tags/min | phero_entries=1 max_w=0.065
======================================================================
R1[SEARCH    ]: carry=0 | base=2.48 | wall=0.36 | search=1169 | target=phero(-0.83,-0.67)
R2[PHERO     ]: carry=0 | base=0.98 | wall=1.74 | search=  0 | target=phero(-0.90,-0.68)
R3[SITE      ]: carry=0 | base=0.77 | wall=1.94 | search=  0 | target=site(-0.91,-0.73)
R4[SEARCH    ]: carry=0 | base=0.96 | wall=1.57 | search=316 | target=phero(-0.90,-0.68)

[PICKUP] R2 picked up tag (density=6) | Total: 21
[PICKUP] R3 picked up tag (density=5) | Total: 22

======================================================================
Step 8500 (4.5 min) | Pickups: 22 | Deposits: 20 | Rate: 4.41 tags/min | phero_entries=1 max_w=0.019
======================================================================
R1[SEARCH    ]: carry=0 | base=2.43 | wall=0.40 | search=1669 | target=phero(-0.83,-0.67)
R2[RTB       ]: carry=1 | base=0.52 | wall=2.10 | search=  0 | target=none
R3[RTB       ]: carry=1 | base=0.71 | wall=1.99 | search=  0 | target=none
R4[SEARCH    ]: carry=0 | base=1.06 | wall=1.55 | search=816 | target=phero(-0.90,-0.68)

[DEPOSIT] R2 deposited! Total: 21
  [TARGET] R2 → SITE (-0.92, -0.72)
[DEPOSIT] R3 deposited! Total: 22
  [TARGET] R3 → SITE (-0.90, -0.76)
[PICKUP] R2 picked up tag (density=4) | Total: 23

======================================================================
Step 9000 (4.8 min) | Pickups: 23 | Deposits: 22 | Rate: 4.58 tags/min | phero_entries=1 max_w=0.006
======================================================================
R1[WALL_ESC  ]: carry=0 | base=2.50 | wall=0.33 | search=2169 | target=phero(-0.83,-0.67)
R2[SURVEY    ]: carry=1 | base=1.19 | wall=1.56 | search=  0 | target=none
R3[SEARCH    ]: carry=0 | base=1.14 | wall=1.63 | search= 18 | target=site(-0.90,-0.76)
R4[SEARCH    ]: carry=0 | base=2.10 | wall=0.68 | search=1316 | target=phero(-0.90,-0.68)

[PICKUP] R3 picked up tag (density=3) | Total: 24
[DEPOSIT] R2 deposited! Total: 23
  [TARGET] R2 → SITE (-0.94, -0.73)

======================================================================
Step 9500 (5.1 min) | Pickups: 24 | Deposits: 23 | Rate: 4.54 tags/min | phero_entries=1 max_w=0.002
======================================================================
R1[WALL_ESC  ]: carry=0 | base=2.53 | wall=0.34 | search=2669 | target=phero(-0.83,-0.67)
R2[BASE_ESC  ]: carry=0 | base=0.22 | wall=2.34 | search=  0 | target=site(-0.94,-0.73)
R3[RTB       ]: carry=1 | base=1.06 | wall=1.68 | search=  0 | target=none
R4[SEARCH    ]: carry=0 | base=2.32 | wall=0.40 | search=1816 | target=phero(-0.90,-0.68)

[DEPOSIT] R3 deposited! Total: 24
  [TARGET] R3 → SITE (-0.99, -0.75)

======================================================================
Step 10000 (5.3 min) | Pickups: 24 | Deposits: 24 | Rate: 4.50 tags/min | phero_entries=0 max_w=0.000
======================================================================
R1[SEARCH    ]: carry=0 | base=2.44 | wall=0.39 | search=3169 | target=phero(-0.83,-0.67)
R2[SEARCH    ]: carry=0 | base=1.05 | wall=1.73 | search=185 | target=site(-0.94,-0.73)
R3[SITE      ]: carry=0 | base=0.86 | wall=1.84 | search=  0 | target=site(-0.99,-0.75)
R4[GIVE_UP   ]: carry=0 | base=1.33 | wall=1.32 | search=2028 | target=none

[PICKUP] R4 picked up tag (density=1) | Total: 25
[PICKUP] R3 picked up tag (density=2) | Total: 26
[DEPOSIT] R4 deposited! Total: 25
  [TARGET] R4 → WALL (2.42, -2.07)

======================================================================
Step 10500 (5.6 min) | Pickups: 26 | Deposits: 25 | Rate: 4.46 tags/min | phero_entries=0 max_w=0.000
======================================================================
R1[GIVE_UP   ]: carry=0 | base=1.57 | wall=1.15 | search=3432 | target=none
R2[SEARCH    ]: carry=0 | base=2.12 | wall=0.86 | search=685 | target=site(-0.94,-0.73)
R3[RTB       ]: carry=1 | base=0.90 | wall=1.82 | search=  0 | target=none
R4[BASE_ESC  ]: carry=0 | base=0.22 | wall=2.32 | search=  0 | target=none

[DEPOSIT] R3 deposited! Total: 26
  [TARGET] R3 → SITE (-1.02, -0.81)
  [GIVE-UP] R1 returned empty after 3432 searching steps
  [TARGET] R1 → WALL (2.42, -1.47)

======================================================================
Step 11000 (5.9 min) | Pickups: 26 | Deposits: 26 | Rate: 4.43 tags/min | phero_entries=0 max_w=0.000
======================================================================
R1[DEPART    ]: carry=0 | base=0.28 | wall=2.23 | search=  0 | target=none
R2[WALL_ESC  ]: carry=0 | base=2.35 | wall=0.35 | search=1185 | target=site(-0.94,-0.73)
R3[SITE      ]: carry=0 | base=1.02 | wall=1.72 | search=  0 | target=site(-1.02,-0.81)
R4[SEARCH    ]: carry=0 | base=0.71 | wall=1.84 | search=210 | target=none

[PICKUP] R3 picked up tag (density=1) | Total: 27
[PICKUP] R4 picked up tag (density=9) | Total: 28
[PICKUP] R1 picked up tag (density=12) | Total: 29

======================================================================
Step 11500 (6.1 min) | Pickups: 29 | Deposits: 26 | Rate: 4.24 tags/min | phero_entries=0 max_w=0.000
======================================================================
R1[SURVEY    ]: carry=1 | base=1.23 | wall=1.47 | search=  0 | target=none
R2[SEARCH    ]: carry=0 | base=2.33 | wall=0.37 | search=1685 | target=site(-0.94,-0.73)
R3[RTB       ]: carry=1 | base=0.69 | wall=1.98 | search=  0 | target=none
R4[SURVEY    ]: carry=1 | base=1.86 | wall=0.64 | search=  0 | target=none

[DEPOSIT] R3 deposited! Total: 27
  [TARGET] R3 → WALL (-2.42, 2.30)
[DEPOSIT] R1 deposited! Total: 28
  [PHERO] Laid at (1.03, -0.66) density=12 prob=0.83 entries=1
  [TARGET] R1 → SITE (1.03, -0.66)

======================================================================
Step 12000 (6.4 min) | Pickups: 29 | Deposits: 28 | Rate: 4.38 tags/min | phero_entries=1 max_w=0.995
======================================================================
R1[BASE_ESC  ]: carry=0 | base=0.24 | wall=2.28 | search=  0 | target=site(1.03,-0.66)
R2[SEARCH    ]: carry=0 | base=2.33 | wall=0.37 | search=2185 | target=site(-0.94,-0.73)
R3[DEPART    ]: carry=0 | base=0.77 | wall=1.79 | search=  0 | target=none
R4[RTB       ]: carry=1 | base=0.58 | wall=1.92 | search=  0 | target=none

[DEPOSIT] R4 deposited! Total: 29
  [PHERO] Laid at (1.85, 0.13) density=9 prob=0.51 entries=2
  [TARGET] R4 → SITE (1.85, 0.13)
[PICKUP] R1 picked up tag (density=11) | Total: 30

======================================================================
Step 12500 (6.7 min) | Pickups: 30 | Deposits: 29 | Rate: 4.35 tags/min | phero_entries=2 max_w=0.368
======================================================================
R1[SURVEY    ]: carry=1 | base=1.23 | wall=1.43 | search=  0 | target=none
R2[SEARCH    ]: carry=0 | base=2.32 | wall=0.38 | search=2685 | target=site(-0.94,-0.73)
R3[GIVE_UP   ]: carry=0 | base=1.21 | wall=1.38 | search=312 | target=none
R4[SITE      ]: carry=0 | base=1.37 | wall=1.14 | search=  0 | target=site(1.85,0.13)

[PICKUP] R4 picked up tag (density=8) | Total: 31
  [GIVE-UP] R3 returned empty after 312 searching steps
  [TARGET] R3 → PHERO (1.03, -0.66)
[DEPOSIT] R1 deposited! Total: 30
  [PHERO] Laid at (1.07, -0.61) density=11 prob=0.75 entries=3
  [TARGET] R1 → SITE (1.07, -0.61)

======================================================================
Step 13000 (6.9 min) | Pickups: 31 | Deposits: 30 | Rate: 4.33 tags/min | phero_entries=3 max_w=0.981
======================================================================
R1[BASE_ESC  ]: carry=0 | base=0.23 | wall=2.29 | search=  0 | target=site(1.07,-0.61)
R2[SEARCH    ]: carry=0 | base=2.32 | wall=0.38 | search=3185 | target=site(-0.94,-0.73)
R3[PHERO     ]: carry=0 | base=0.27 | wall=2.27 | search=  0 | target=phero(1.03,-0.66)
R4[RTB       ]: carry=1 | base=1.84 | wall=0.67 | search=  0 | target=none

[DEPOSIT] R4 deposited! Total: 31
  [TARGET] R4 → SITE (1.87, 0.16)

======================================================================
Step 13500 (7.2 min) | Pickups: 31 | Deposits: 31 | Rate: 4.31 tags/min | phero_entries=3 max_w=0.293
======================================================================
R1[SEARCH    ]: carry=0 | base=1.25 | wall=1.46 | search=136 | target=site(1.07,-0.61)
R2[SEARCH    ]: carry=0 | base=2.32 | wall=0.38 | search=3685 | target=site(-0.94,-0.73)
R3[SEARCH    ]: carry=0 | base=1.20 | wall=1.56 | search=220 | target=phero(1.03,-0.66)
R4[BASE_ESC  ]: carry=0 | base=0.22 | wall=2.28 | search=  0 | target=site(1.87,0.16)

[PICKUP] R1 picked up tag (density=10) | Total: 32
[PICKUP] R3 picked up tag (density=9) | Total: 33

======================================================================
Step 14000 (7.5 min) | Pickups: 33 | Deposits: 31 | Rate: 4.15 tags/min | phero_entries=3 max_w=0.087
======================================================================
R1[RTB       ]: carry=1 | base=0.71 | wall=1.86 | search=  0 | target=none
R2[SEARCH    ]: carry=0 | base=2.31 | wall=0.39 | search=4185 | target=site(-0.94,-0.73)
R3[RTB       ]: carry=1 | base=1.14 | wall=1.46 | search=  0 | target=none
R4[SEARCH    ]: carry=0 | base=1.85 | wall=0.65 | search= 47 | target=site(1.87,0.16)

[DEPOSIT] R1 deposited! Total: 32
  [PHERO] Laid at (1.18, -0.70) density=10 prob=0.64 entries=4
  [TARGET] R1 → SITE (1.18, -0.70)
[DEPOSIT] R3 deposited! Total: 33
  [TARGET] R3 → SITE (1.28, -0.71)
[PICKUP] R4 picked up tag (density=7) | Total: 34

======================================================================
Step 14500 (7.7 min) | Pickups: 34 | Deposits: 33 | Rate: 4.27 tags/min | phero_entries=4 max_w=0.400
======================================================================
R1[SITE      ]: carry=0 | base=1.20 | wall=1.46 | search=  0 | target=site(1.18,-0.70)
R2[GIVE_UP   ]: carry=0 | base=0.65 | wall=1.89 | search=4212 | target=none
R3[SITE      ]: carry=0 | base=0.81 | wall=1.82 | search=  0 | target=site(1.28,-0.71)
R4[SURVEY    ]: carry=1 | base=2.11 | wall=0.39 | search=  0 | target=none

  [GIVE-UP] R2 returned empty after 4212 searching steps
  [TARGET] R2 → PHERO (1.18, -0.70)

======================================================================
Step 15000 (8.0 min) | Pickups: 34 | Deposits: 33 | Rate: 4.12 tags/min | phero_entries=2 max_w=0.119
======================================================================
R1[SEARCH    ]: carry=0 | base=2.12 | wall=0.56 | search=467 | target=site(1.18,-0.70)
R2[PHERO     ]: carry=0 | base=1.09 | wall=1.61 | search=  0 | target=phero(1.18,-0.70)
R3[SEARCH    ]: carry=0 | base=2.08 | wall=0.54 | search=343 | target=site(1.28,-0.71)
R4[RTB       ]: carry=1 | base=0.97 | wall=1.53 | search=  0 | target=none

[DEPOSIT] R4 deposited! Total: 34
  [TARGET] R4 → SITE (2.11, 0.14)
[PICKUP] R2 picked up tag (density=8) | Total: 35

======================================================================
Step 15500 (8.3 min) | Pickups: 35 | Deposits: 34 | Rate: 4.11 tags/min | phero_entries=2 max_w=0.036
======================================================================
R1[WALL_ESC  ]: carry=0 | base=2.27 | wall=0.35 | search=967 | target=site(1.18,-0.70)
R2[RTB       ]: carry=1 | base=1.35 | wall=1.30 | search=  0 | target=none
R3[GIVE_UP   ]: carry=0 | base=2.22 | wall=0.38 | search=780 | target=none
R4[SITE      ]: carry=0 | base=0.95 | wall=1.55 | search=  0 | target=site(2.11,0.14)

[PICKUP] R3 picked up tag (density=7) | Total: 36
[DEPOSIT] R2 deposited! Total: 35
  [PHERO] Laid at (1.18, -0.63) density=8 prob=0.38 entries=3
  [TARGET] R2 → SITE (1.18, -0.63)
[PICKUP] R4 picked up tag (density=6) | Total: 37

======================================================================
Step 16000 (8.5 min) | Pickups: 37 | Deposits: 35 | Rate: 4.10 tags/min | phero_entries=2 max_w=0.647
======================================================================
R1[WALL_ESC  ]: carry=0 | base=2.23 | wall=0.33 | search=1467 | target=site(1.18,-0.70)
R2[SITE      ]: carry=0 | base=0.47 | wall=2.05 | search=  0 | target=site(1.18,-0.63)
R3[RTB       ]: carry=1 | base=1.54 | wall=1.03 | search=  0 | target=none
R4[SURVEY    ]: carry=1 | base=2.09 | wall=0.42 | search=  0 | target=none

[PICKUP] R1 picked up tag (density=6) | Total: 38
[PICKUP] R2 picked up tag (density=5) | Total: 39
[DEPOSIT] R3 deposited! Total: 36
  [PHERO] Laid at (1.45, -0.49) density=7 prob=0.26 entries=3
  [TARGET] R3 → SITE (1.45, -0.49)

======================================================================
Step 16500 (8.8 min) | Pickups: 39 | Deposits: 36 | Rate: 4.09 tags/min | phero_entries=3 max_w=0.750
======================================================================
R1[SURVEY    ]: carry=1 | base=1.50 | wall=1.06 | search=  0 | target=none
R2[SURVEY    ]: carry=1 | base=1.33 | wall=1.29 | search=  0 | target=none
R3[SITE      ]: carry=0 | base=0.27 | wall=2.23 | search=  0 | target=site(1.45,-0.49)
R4[RTB       ]: carry=1 | base=0.98 | wall=1.52 | search=  0 | target=none

[DEPOSIT] R4 deposited! Total: 37
  [TARGET] R4 → SITE (2.08, 0.20)
[PICKUP] R3 picked up tag (density=4) | Total: 40
[DEPOSIT] R2 deposited! Total: 38
  [PHERO] Laid at (1.21, -0.56) density=5 prob=0.09 entries=4
  [TARGET] R2 → SITE (1.21, -0.56)
[DEPOSIT] R1 deposited! Total: 39
  [TARGET] R1 → SITE (1.45, -0.39)

======================================================================
Step 17000 (9.1 min) | Pickups: 40 | Deposits: 39 | Rate: 4.30 tags/min | phero_entries=3 max_w=0.867
======================================================================
R1[BASE_ESC  ]: carry=0 | base=0.24 | wall=2.26 | search=  0 | target=site(1.45,-0.39)
R2[BASE_ESC  ]: carry=0 | base=0.18 | wall=2.33 | search=  0 | target=site(1.21,-0.56)
R3[RTB       ]: carry=1 | base=1.03 | wall=1.50 | search=  0 | target=none
R4[SITE      ]: carry=0 | base=0.98 | wall=1.54 | search=  0 | target=site(2.08,0.20)

[DEPOSIT] R3 deposited! Total: 40
  [TARGET] R3 → SITE (1.00, -0.28)
[PICKUP] R1 picked up tag (density=3) | Total: 41
[PICKUP] R2 picked up tag (density=2) | Total: 42
[PICKUP] R4 picked up tag (density=5) | Total: 43

======================================================================
Step 17500 (9.3 min) | Pickups: 43 | Deposits: 40 | Rate: 4.29 tags/min | phero_entries=3 max_w=0.259
======================================================================
R1[SURVEY    ]: carry=1 | base=1.13 | wall=1.40 | search=  0 | target=none
R2[SURVEY    ]: carry=1 | base=1.10 | wall=1.50 | search=  0 | target=none
R3[SITE      ]: carry=0 | base=0.71 | wall=1.82 | search=  0 | target=site(1.00,-0.28)
R4[SURVEY    ]: carry=1 | base=2.15 | wall=0.37 | search=  0 | target=none

[DEPOSIT] R1 deposited! Total: 41
  [TARGET] R1 → SITE (1.10, -0.24)
[DEPOSIT] R2 deposited! Total: 42
  [TARGET] R2 → SITE (1.00, -0.44)

======================================================================
Step 18000 (9.6 min) | Pickups: 43 | Deposits: 42 | Rate: 4.38 tags/min | phero_entries=3 max_w=0.077
======================================================================
R1[SITE      ]: carry=0 | base=0.32 | wall=2.19 | search=  0 | target=site(1.10,-0.24)
R2[BASE_ESC  ]: carry=0 | base=0.23 | wall=2.30 | search=  0 | target=site(1.00,-0.44)
R3[SEARCH    ]: carry=0 | base=1.16 | wall=1.42 | search=428 | target=site(1.00,-0.28)
R4[RTB       ]: carry=1 | base=0.89 | wall=1.61 | search=  0 | target=none

[DEPOSIT] R4 deposited! Total: 43
  [TARGET] R4 → PHERO (1.21, -0.56)

======================================================================
Step 18500 (9.9 min) | Pickups: 43 | Deposits: 43 | Rate: 4.36 tags/min | phero_entries=3 max_w=0.023
======================================================================
R1[SEARCH    ]: carry=0 | base=0.97 | wall=1.58 | search=291 | target=site(1.10,-0.24)
R2[SEARCH    ]: carry=0 | base=0.90 | wall=1.61 | search=269 | target=site(1.00,-0.44)
R3[WALL_ESC  ]: carry=0 | base=2.16 | wall=0.35 | search=928 | target=site(1.00,-0.28)
R4[PHERO     ]: carry=0 | base=0.89 | wall=1.65 | search=  0 | target=phero(1.21,-0.56)

[PICKUP] R4 picked up tag (density=1) | Total: 44
TIMEOUT_RESULT pickups=44 deposits=43 steps=18750 elapsed_min=10.000000
BATCH_RESULT pickups=44 deposits=43
