=================================================================
CPFA BASELINE — ARGoS-calibrated parameters
  Params file                  = /home/sara/Documents/RL-FL-Foraging/cpfa_tuning_20260715_155549/trial_041/params.yaml
  Results file                 = /home/sara/Documents/RL-FL-Foraging/controllers/cpfa_baseline/results/cpfa_baseline_results_20260715_174737_1.txt
  RateOfLayingPheromone        = 9.563268218696594
  RateOfSiteFidelity           = 2.4619624862435883
  RateOfPheromoneDecay         = 0.07557380778709819 /s  (lifetime ~91s)
  ProbabilityOfReturningToNest = 0.06483871438258247 (every 5 sec → E[give-up] ~77s)
  UninformedSearchVariation    = 0.25 rad (14.3°)
  RateOfInformedSearchDecay    = 1.1976363104234489 /waypoint
  ProbabilityOfSwitchingToSearching = 0.5447827541714519 (every 5 sec in uninformed DEPARTING)
=================================================================

[PICKUP] R4 picked up tag (density=6) | Total: 1
[PICKUP] R3 picked up tag (density=9) | Total: 2
[PICKUP] R2 picked up tag (density=8) | Total: 3
[PICKUP] R1 picked up tag (density=7) | Total: 4
[DEPOSIT] R4 deposited! Total: 1
  [TARGET] R4 → SITE (0.05, -0.50)
[DEPOSIT] R3 deposited! Total: 2
  [TARGET] R3 → SITE (0.05, 0.49)
[PICKUP] R4 picked up tag (density=5) | Total: 5
[DEPOSIT] R1 deposited! Total: 3
  [TARGET] R1 → SITE (0.05, 0.39)
[PICKUP] R3 picked up tag (density=6) | Total: 6

======================================================================
Step 500 (0.3 min) | Pickups: 6 | Deposits: 3 | Rate: 11.25 tags/min | phero_entries=0 max_w=0.000
======================================================================
R1[BASE_ESC  ]: carry=0 | base=0.24 | wall=2.29 | search=  0 | target=site(0.05,0.39)
R2[RTB       ]: carry=1 | base=0.34 | wall=2.19 | search=  0 | target=none
R3[SURVEY    ]: carry=1 | base=0.34 | wall=2.21 | search=  0 | target=none
R4[SURVEY    ]: carry=1 | base=0.34 | wall=2.21 | search=  0 | target=none

[DEPOSIT] R2 deposited! Total: 4
  [PHERO] Laid at (0.34, 0.25) density=8 prob=0.38 entries=1
  [TARGET] R2 → SITE (0.34, 0.25)
[DEPOSIT] R4 deposited! Total: 5
  [TARGET] R4 → SITE (0.17, -0.29)
[DEPOSIT] R3 deposited! Total: 6
  [TARGET] R3 → SITE (0.18, 0.28)
[PICKUP] R4 picked up tag (density=4) | Total: 7

======================================================================
Step 1000 (0.5 min) | Pickups: 7 | Deposits: 6 | Rate: 11.25 tags/min | phero_entries=1 max_w=0.319
======================================================================
R1[SEARCH    ]: carry=0 | base=0.27 | wall=2.26 | search=276 | target=site(0.05,0.39)
R2[SEARCH    ]: carry=0 | base=0.26 | wall=2.27 | search=252 | target=site(0.34,0.25)
R3[SITE      ]: carry=0 | base=0.35 | wall=2.25 | search=  0 | target=site(0.18,0.28)
R4[SURVEY    ]: carry=1 | base=0.37 | wall=2.19 | search=  0 | target=none

[PICKUP] R3 picked up tag (density=5) | Total: 8
[DEPOSIT] R4 deposited! Total: 7
  [TARGET] R4 → SITE (0.20, -0.31)

======================================================================
Step 1500 (0.8 min) | Pickups: 8 | Deposits: 7 | Rate: 8.75 tags/min | phero_entries=1 max_w=0.095
======================================================================
R1[SEARCH    ]: carry=0 | base=1.43 | wall=1.14 | search=776 | target=site(0.05,0.39)
R2[SEARCH    ]: carry=0 | base=1.57 | wall=1.12 | search=752 | target=site(0.34,0.25)
R3[RTB       ]: carry=1 | base=0.50 | wall=2.12 | search=  0 | target=none
R4[SITE      ]: carry=0 | base=0.30 | wall=2.24 | search=  0 | target=site(0.20,-0.31)

[PICKUP] R4 picked up tag (density=3) | Total: 9
[DEPOSIT] R3 deposited! Total: 8
  [TARGET] R3 → SITE (0.37, 0.33)
[DEPOSIT] R4 deposited! Total: 9
  [TARGET] R4 → PHERO (0.34, 0.25)

======================================================================
Step 2000 (1.1 min) | Pickups: 9 | Deposits: 9 | Rate: 8.44 tags/min | phero_entries=1 max_w=0.028
======================================================================
R1[SEARCH    ]: carry=0 | base=0.92 | wall=1.74 | search=1276 | target=site(0.05,0.39)
R2[WALL_ESC  ]: carry=0 | base=2.80 | wall=0.34 | search=1248 | target=none
R3[SEARCH    ]: carry=0 | base=0.41 | wall=2.21 | search=135 | target=site(0.37,0.33)
R4[BASE_ESC  ]: carry=0 | base=0.22 | wall=2.31 | search=  0 | target=phero(0.34,0.25)

  [GIVE-UP] R3 returned empty after 156 searching steps
  [TARGET] R3 → PHERO (0.34, 0.25)

======================================================================
Step 2500 (1.3 min) | Pickups: 9 | Deposits: 9 | Rate: 6.75 tags/min | phero_entries=1 max_w=0.008
======================================================================
R1[SEARCH    ]: carry=0 | base=1.96 | wall=0.55 | search=1776 | target=site(0.05,0.39)
R2[GIVE_UP   ]: carry=0 | base=1.35 | wall=1.44 | search=1248 | target=none
R3[SEARCH    ]: carry=0 | base=0.25 | wall=2.26 | search=231 | target=phero(0.34,0.25)
R4[SEARCH    ]: carry=0 | base=0.65 | wall=1.85 | search=331 | target=phero(0.34,0.25)

  [GIVE-UP] R2 returned empty after 1248 searching steps
  [TARGET] R2 → PHERO (0.34, 0.25)

======================================================================
Step 3000 (1.6 min) | Pickups: 9 | Deposits: 9 | Rate: 5.62 tags/min | phero_entries=1 max_w=0.003
======================================================================
R1[WALL_ESC  ]: carry=0 | base=2.17 | wall=0.33 | search=2276 | target=site(0.05,0.39)
R2[BASE_ESC  ]: carry=0 | base=0.25 | wall=2.27 | search=  0 | target=phero(0.34,0.25)
R3[SEARCH    ]: carry=0 | base=0.71 | wall=1.79 | search=731 | target=phero(0.34,0.25)
R4[WALL_ESC  ]: carry=0 | base=2.16 | wall=0.35 | search=831 | target=phero(0.34,0.25)


======================================================================
Step 3500 (1.9 min) | Pickups: 9 | Deposits: 9 | Rate: 4.82 tags/min | phero_entries=0 max_w=0.000
======================================================================
R1[WALL_ESC  ]: carry=0 | base=2.17 | wall=0.33 | search=2776 | target=site(0.05,0.39)
R2[SEARCH    ]: carry=0 | base=0.43 | wall=2.15 | search= 28 | target=phero(0.34,0.25)
R3[WALL_ESC  ]: carry=0 | base=2.19 | wall=0.32 | search=1231 | target=phero(0.34,0.25)
R4[WALL_ESC  ]: carry=0 | base=2.17 | wall=0.34 | search=1331 | target=phero(0.34,0.25)

[PICKUP] R2 picked up tag (density=4) | Total: 10
[DEPOSIT] R2 deposited! Total: 10
  [PHERO] Laid at (0.33, 0.34) density=4 prob=0.04 entries=1
  [TARGET] R2 → SITE (0.33, 0.34)

======================================================================
Step 4000 (2.1 min) | Pickups: 10 | Deposits: 10 | Rate: 4.69 tags/min | phero_entries=1 max_w=0.941
======================================================================
R1[WALL_ESC  ]: carry=0 | base=2.17 | wall=0.33 | search=3276 | target=site(0.05,0.39)
R2[BASE_ESC  ]: carry=0 | base=0.23 | wall=2.30 | search=  0 | target=site(0.33,0.34)
R3[WALL_ESC  ]: carry=0 | base=2.18 | wall=0.33 | search=1731 | target=phero(0.34,0.25)
R4[WALL_ESC  ]: carry=0 | base=2.16 | wall=0.34 | search=1831 | target=phero(0.34,0.25)

[PICKUP] R1 picked up tag (density=12) | Total: 11

======================================================================
Step 4500 (2.4 min) | Pickups: 11 | Deposits: 10 | Rate: 4.17 tags/min | phero_entries=1 max_w=0.281
======================================================================
R1[SURVEY    ]: carry=1 | base=1.55 | wall=0.96 | search=  0 | target=none
R2[SEARCH    ]: carry=0 | base=0.42 | wall=2.15 | search=307 | target=site(0.33,0.34)
R3[WALL_ESC  ]: carry=0 | base=2.18 | wall=0.33 | search=2231 | target=phero(0.34,0.25)
R4[WALL_ESC  ]: carry=0 | base=2.16 | wall=0.35 | search=2331 | target=phero(0.34,0.25)

[PICKUP] R2 picked up tag (density=2) | Total: 12
[DEPOSIT] R2 deposited! Total: 11
  [TARGET] R2 → SITE (0.27, -0.37)

======================================================================
Step 5000 (2.7 min) | Pickups: 12 | Deposits: 11 | Rate: 4.12 tags/min | phero_entries=1 max_w=0.084
======================================================================
R1[RTB       ]: carry=1 | base=0.41 | wall=2.09 | search=  0 | target=none
R2[BASE_ESC  ]: carry=0 | base=0.22 | wall=2.30 | search=  0 | target=site(0.27,-0.37)
R3[WALL_ESC  ]: carry=0 | base=2.18 | wall=0.33 | search=2731 | target=phero(0.34,0.25)
R4[SEARCH    ]: carry=0 | base=2.15 | wall=0.36 | search=2831 | target=phero(0.34,0.25)

[DEPOSIT] R1 deposited! Total: 12
  [PHERO] Laid at (-0.19, -1.54) density=12 prob=0.83 entries=2
  [TARGET] R1 → SITE (-0.19, -1.54)
[PICKUP] R2 picked up tag (density=1) | Total: 13
[PICKUP] R1 picked up tag (density=11) | Total: 14

======================================================================
Step 5500 (2.9 min) | Pickups: 14 | Deposits: 12 | Rate: 4.09 tags/min | phero_entries=2 max_w=0.331
======================================================================
R1[SURVEY    ]: carry=1 | base=1.04 | wall=1.46 | search=  0 | target=none
R2[RTB       ]: carry=1 | base=0.34 | wall=2.23 | search=  0 | target=none
R3[GIVE_UP   ]: carry=0 | base=0.53 | wall=1.97 | search=2808 | target=none
R4[SEARCH    ]: carry=0 | base=2.14 | wall=0.36 | search=3331 | target=phero(0.34,0.25)

[DEPOSIT] R2 deposited! Total: 13
  [TARGET] R2 → PHERO (-0.19, -1.54)
  [GIVE-UP] R3 returned empty after 2808 searching steps
  [TARGET] R3 → PHERO (-0.19, -1.54)
[DEPOSIT] R1 deposited! Total: 14
  [PHERO] Laid at (-0.07, -1.03) density=11 prob=0.75 entries=3
  [TARGET] R1 → SITE (-0.07, -1.03)
[PICKUP] R2 picked up tag (density=10) | Total: 15

======================================================================
Step 6000 (3.2 min) | Pickups: 15 | Deposits: 14 | Rate: 4.38 tags/min | phero_entries=3 max_w=0.676
======================================================================
R1[SITE      ]: carry=0 | base=0.39 | wall=2.12 | search=  0 | target=site(-0.07,-1.03)
R2[SURVEY    ]: carry=1 | base=1.14 | wall=1.36 | search=  0 | target=none
R3[PHERO     ]: carry=0 | base=0.92 | wall=1.62 | search=  0 | target=phero(-0.19,-1.54)
R4[SEARCH    ]: carry=0 | base=2.14 | wall=0.36 | search=3831 | target=phero(0.34,0.25)

[PICKUP] R3 picked up tag (density=9) | Total: 16
[PICKUP] R1 picked up tag (density=8) | Total: 17
[DEPOSIT] R2 deposited! Total: 15
  [PHERO] Laid at (-0.04, -1.14) density=10 prob=0.64 entries=4
  [TARGET] R2 → SITE (-0.04, -1.14)
[DEPOSIT] R3 deposited! Total: 16
  [TARGET] R3 → SITE (-0.24, -1.02)

======================================================================
Step 6500 (3.5 min) | Pickups: 17 | Deposits: 16 | Rate: 4.62 tags/min | phero_entries=4 max_w=0.944
======================================================================
R1[SURVEY    ]: carry=1 | base=1.12 | wall=1.39 | search=  0 | target=none
R2[BASE_ESC  ]: carry=0 | base=0.22 | wall=2.28 | search=  0 | target=site(-0.04,-1.14)
R3[BASE_ESC  ]: carry=0 | base=0.24 | wall=2.27 | search=  0 | target=site(-0.24,-1.02)
R4[SEARCH    ]: carry=0 | base=2.13 | wall=0.37 | search=4331 | target=phero(0.34,0.25)

[DEPOSIT] R1 deposited! Total: 17
  [PHERO] Laid at (-0.15, -1.11) density=8 prob=0.38 entries=5
  [TARGET] R1 → SITE (-0.15, -1.11)

======================================================================
Step 7000 (3.7 min) | Pickups: 17 | Deposits: 17 | Rate: 4.55 tags/min | phero_entries=4 max_w=0.595
======================================================================
R1[SITE      ]: carry=0 | base=0.58 | wall=1.92 | search=  0 | target=site(-0.15,-1.11)
R2[SEARCH    ]: carry=0 | base=1.07 | wall=1.43 | search=174 | target=site(-0.04,-1.14)
R3[SEARCH    ]: carry=0 | base=0.92 | wall=1.60 | search=190 | target=site(-0.24,-1.02)
R4[GIVE_UP   ]: carry=0 | base=0.44 | wall=2.06 | search=4368 | target=none

  [GIVE-UP] R4 returned empty after 4368 searching steps
  [TARGET] R4 → PHERO (-0.15, -1.11)

======================================================================
Step 7500 (4.0 min) | Pickups: 17 | Deposits: 17 | Rate: 4.25 tags/min | phero_entries=4 max_w=0.177
======================================================================
R1[SEARCH    ]: carry=0 | base=0.60 | wall=1.91 | search=355 | target=site(-0.15,-1.11)
R2[SEARCH    ]: carry=0 | base=0.39 | wall=2.12 | search=674 | target=site(-0.04,-1.14)
R3[SEARCH    ]: carry=0 | base=1.72 | wall=0.79 | search=690 | target=site(-0.24,-1.02)
R4[PHERO     ]: carry=0 | base=0.58 | wall=1.92 | search=  0 | target=phero(-0.15,-1.11)


======================================================================
Step 8000 (4.3 min) | Pickups: 17 | Deposits: 17 | Rate: 3.98 tags/min | phero_entries=3 max_w=0.053
======================================================================
R1[SEARCH    ]: carry=0 | base=1.15 | wall=1.39 | search=855 | target=site(-0.15,-1.11)
R2[SEARCH    ]: carry=0 | base=1.61 | wall=1.05 | search=1174 | target=site(-0.04,-1.14)
R3[SEARCH    ]: carry=0 | base=1.84 | wall=0.96 | search=1190 | target=site(-0.24,-1.02)
R4[SEARCH    ]: carry=0 | base=0.67 | wall=1.94 | search=367 | target=phero(-0.15,-1.11)

  [GIVE-UP] R1 returned empty after 936 searching steps
  [TARGET] R1 → PHERO (-0.04, -1.14)

======================================================================
Step 8500 (4.5 min) | Pickups: 17 | Deposits: 17 | Rate: 3.75 tags/min | phero_entries=3 max_w=0.016
======================================================================
R1[PHERO     ]: carry=0 | base=0.31 | wall=2.22 | search=  0 | target=phero(-0.04,-1.14)
R2[SEARCH    ]: carry=0 | base=1.61 | wall=1.15 | search=1674 | target=site(-0.04,-1.14)
R3[SEARCH    ]: carry=0 | base=2.00 | wall=0.50 | search=1690 | target=site(-0.24,-1.02)
R4[SEARCH    ]: carry=0 | base=0.85 | wall=1.66 | search=867 | target=phero(-0.15,-1.11)

[PICKUP] R4 picked up tag (density=12) | Total: 18
[PICKUP] R3 picked up tag (density=7) | Total: 19

======================================================================
Step 9000 (4.8 min) | Pickups: 19 | Deposits: 17 | Rate: 3.54 tags/min | phero_entries=2 max_w=0.005
======================================================================
R1[SEARCH    ]: carry=0 | base=0.99 | wall=1.52 | search=231 | target=phero(-0.04,-1.14)
R2[SEARCH    ]: carry=0 | base=0.57 | wall=2.03 | search=2174 | target=site(-0.04,-1.14)
R3[RTB       ]: carry=1 | base=1.43 | wall=1.09 | search=  0 | target=none
R4[RTB       ]: carry=1 | base=0.69 | wall=1.84 | search=  0 | target=none

  [GIVE-UP] R2 returned empty after 2184 searching steps
  [TARGET] R2 → PHERO (-0.15, -1.11)
[DEPOSIT] R4 deposited! Total: 18
  [TARGET] R4 → SITE (-0.43, 1.05)
[DEPOSIT] R3 deposited! Total: 19
  [TARGET] R3 → SITE (-0.36, -1.53)

======================================================================
Step 9500 (5.1 min) | Pickups: 19 | Deposits: 19 | Rate: 3.75 tags/min | phero_entries=1 max_w=0.001
======================================================================
R1[SEARCH    ]: carry=0 | base=0.69 | wall=1.88 | search=731 | target=phero(-0.04,-1.14)
R2[BASE_ESC  ]: carry=0 | base=0.24 | wall=2.26 | search=  0 | target=phero(-0.15,-1.11)
R3[SITE      ]: carry=0 | base=0.50 | wall=2.00 | search=  0 | target=site(-0.36,-1.53)
R4[SEARCH    ]: carry=0 | base=1.13 | wall=1.45 | search= 38 | target=site(-0.43,1.05)

[PICKUP] R4 picked up tag (density=11) | Total: 20
[PICKUP] R3 picked up tag (density=6) | Total: 21

======================================================================
Step 10000 (5.3 min) | Pickups: 21 | Deposits: 19 | Rate: 3.56 tags/min | phero_entries=0 max_w=0.000
======================================================================
R1[SEARCH    ]: carry=0 | base=2.01 | wall=0.96 | search=1231 | target=phero(-0.04,-1.14)
R2[PHERO     ]: carry=0 | base=0.87 | wall=1.65 | search=  0 | target=phero(-0.15,-1.11)
R3[RTB       ]: carry=1 | base=0.72 | wall=1.78 | search=  0 | target=none
R4[RTB       ]: carry=1 | base=0.80 | wall=1.74 | search=  0 | target=none

[DEPOSIT] R3 deposited! Total: 20
  [TARGET] R3 → SITE (-0.20, -1.06)
[DEPOSIT] R4 deposited! Total: 21
  [TARGET] R4 → SITE (-0.43, 1.13)

======================================================================
Step 10500 (5.6 min) | Pickups: 21 | Deposits: 21 | Rate: 3.75 tags/min | phero_entries=0 max_w=0.000
======================================================================
R1[WALL_ESC  ]: carry=0 | base=2.83 | wall=0.33 | search=1731 | target=phero(-0.04,-1.14)
R2[SEARCH    ]: carry=0 | base=0.75 | wall=1.82 | search=444 | target=phero(-0.15,-1.11)
R3[SEARCH    ]: carry=0 | base=1.06 | wall=1.45 | search= 41 | target=site(-0.20,-1.06)
R4[SITE      ]: carry=0 | base=1.13 | wall=1.44 | search=  0 | target=site(-0.43,1.13)

[PICKUP] R4 picked up tag (density=10) | Total: 22

======================================================================
Step 11000 (5.9 min) | Pickups: 22 | Deposits: 21 | Rate: 3.58 tags/min | phero_entries=0 max_w=0.000
======================================================================
R1[WALL_ESC  ]: carry=0 | base=2.82 | wall=0.31 | search=2231 | target=phero(-0.04,-1.14)
R2[SEARCH    ]: carry=0 | base=0.74 | wall=1.79 | search=944 | target=phero(-0.15,-1.11)
R3[SEARCH    ]: carry=0 | base=1.32 | wall=1.42 | search=541 | target=site(-0.20,-1.06)
R4[RTB       ]: carry=1 | base=0.44 | wall=2.08 | search=  0 | target=none

[DEPOSIT] R4 deposited! Total: 22
  [TARGET] R4 → SITE (-0.43, 1.14)

======================================================================
Step 11500 (6.1 min) | Pickups: 22 | Deposits: 22 | Rate: 3.59 tags/min | phero_entries=0 max_w=0.000
======================================================================
R1[SEARCH    ]: carry=0 | base=2.82 | wall=0.35 | search=2731 | target=phero(-0.04,-1.14)
R2[SEARCH    ]: carry=0 | base=1.10 | wall=1.48 | search=1444 | target=phero(-0.15,-1.11)
R3[SEARCH    ]: carry=0 | base=2.37 | wall=0.36 | search=1041 | target=site(-0.20,-1.06)
R4[SEARCH    ]: carry=0 | base=1.20 | wall=1.36 | search= 83 | target=site(-0.43,1.14)

[PICKUP] R4 picked up tag (density=9) | Total: 23

======================================================================
Step 12000 (6.4 min) | Pickups: 23 | Deposits: 22 | Rate: 3.44 tags/min | phero_entries=0 max_w=0.000
======================================================================
R1[SEARCH    ]: carry=0 | base=2.73 | wall=0.38 | search=3231 | target=phero(-0.04,-1.14)
R2[SEARCH    ]: carry=0 | base=1.76 | wall=0.78 | search=1944 | target=phero(-0.15,-1.11)
R3[WALL_ESC  ]: carry=0 | base=2.44 | wall=0.33 | search=1541 | target=site(-0.20,-1.06)
R4[SURVEY    ]: carry=1 | base=1.41 | wall=1.16 | search=  0 | target=none

[PICKUP] R2 picked up tag (density=16) | Total: 24
[DEPOSIT] R4 deposited! Total: 23
  [TARGET] R4 → SITE (-0.46, 1.33)

======================================================================
Step 12500 (6.7 min) | Pickups: 24 | Deposits: 23 | Rate: 3.45 tags/min | phero_entries=0 max_w=0.000
======================================================================
R1[WALL_ESC  ]: carry=0 | base=2.85 | wall=0.31 | search=3731 | target=phero(-0.04,-1.14)
R2[SURVEY    ]: carry=1 | base=2.11 | wall=0.54 | search=  0 | target=none
R3[SEARCH    ]: carry=0 | base=2.35 | wall=0.40 | search=2041 | target=site(-0.20,-1.06)
R4[BASE_ESC  ]: carry=0 | base=0.23 | wall=2.27 | search=  0 | target=site(-0.46,1.33)

[PICKUP] R4 picked up tag (density=8) | Total: 25

======================================================================
Step 13000 (6.9 min) | Pickups: 25 | Deposits: 23 | Rate: 3.32 tags/min | phero_entries=0 max_w=0.000
======================================================================
R1[SEARCH    ]: carry=0 | base=2.76 | wall=0.40 | search=4231 | target=phero(-0.04,-1.14)
R2[RTB       ]: carry=1 | base=0.58 | wall=1.95 | search=  0 | target=none
R3[GIVE_UP   ]: carry=0 | base=1.28 | wall=1.35 | search=2184 | target=none
R4[SURVEY    ]: carry=1 | base=1.52 | wall=1.11 | search=  0 | target=none

[DEPOSIT] R2 deposited! Total: 24
  [PHERO] Laid at (1.96, 0.79) density=16 prob=0.98 entries=1
  [TARGET] R2 → SITE (1.96, 0.79)
  [GIVE-UP] R3 returned empty after 2184 searching steps
  [TARGET] R3 → PHERO (1.96, 0.79)

======================================================================
Step 13500 (7.2 min) | Pickups: 25 | Deposits: 24 | Rate: 3.33 tags/min | phero_entries=1 max_w=0.369
======================================================================
R1[SEARCH    ]: carry=0 | base=2.75 | wall=0.36 | search=4731 | target=phero(-0.04,-1.14)
R2[SITE      ]: carry=0 | base=1.35 | wall=1.26 | search=  0 | target=site(1.96,0.79)
R3[BASE_ESC  ]: carry=0 | base=0.25 | wall=2.28 | search=  0 | target=phero(1.96,0.79)
R4[RTB       ]: carry=1 | base=0.47 | wall=2.06 | search=  0 | target=none

[DEPOSIT] R4 deposited! Total: 25
  [TARGET] R4 → SITE (-0.62, 1.39)
[PICKUP] R2 picked up tag (density=15) | Total: 26
[PICKUP] R4 picked up tag (density=7) | Total: 27

======================================================================
Step 14000 (7.5 min) | Pickups: 27 | Deposits: 25 | Rate: 3.35 tags/min | phero_entries=1 max_w=0.110
======================================================================
R1[WALL_ESC  ]: carry=0 | base=2.84 | wall=0.33 | search=5231 | target=phero(-0.04,-1.14)
R2[RTB       ]: carry=1 | base=2.11 | wall=0.54 | search=  0 | target=none
R3[PHERO     ]: carry=0 | base=1.40 | wall=1.17 | search=  0 | target=phero(1.96,0.79)
R4[SURVEY    ]: carry=1 | base=1.29 | wall=1.31 | search=  0 | target=none

[PICKUP] R3 picked up tag (density=14) | Total: 28
[DEPOSIT] R4 deposited! Total: 26
  [PHERO] Laid at (-0.50, 1.18) density=7 prob=0.26 entries=2
  [TARGET] R4 → SITE (-0.50, 1.18)

======================================================================
Step 14500 (7.7 min) | Pickups: 28 | Deposits: 26 | Rate: 3.36 tags/min | phero_entries=2 max_w=0.899
======================================================================
R1[SEARCH    ]: carry=0 | base=2.73 | wall=0.40 | search=5731 | target=phero(-0.04,-1.14)
R2[RTB       ]: carry=1 | base=0.39 | wall=2.14 | search=  0 | target=none
R3[SURVEY    ]: carry=1 | base=2.06 | wall=0.61 | search=  0 | target=none
R4[BASE_ESC  ]: carry=0 | base=0.22 | wall=2.29 | search=  0 | target=site(-0.50,1.18)

[DEPOSIT] R2 deposited! Total: 27
  [PHERO] Laid at (1.93, 0.81) density=15 prob=0.96 entries=3
  [TARGET] R2 → SITE (1.93, 0.81)

======================================================================
Step 15000 (8.0 min) | Pickups: 28 | Deposits: 27 | Rate: 3.38 tags/min | phero_entries=3 max_w=0.326
======================================================================
R1[WALL_ESC  ]: carry=0 | base=2.83 | wall=0.31 | search=6231 | target=phero(-0.04,-1.14)
R2[SITE      ]: carry=0 | base=1.57 | wall=1.06 | search=  0 | target=site(1.93,0.81)
R3[RTB       ]: carry=1 | base=0.93 | wall=1.63 | search=  0 | target=none
R4[SEARCH    ]: carry=0 | base=1.38 | wall=1.21 | search=159 | target=site(-0.50,1.18)

[PICKUP] R4 picked up tag (density=6) | Total: 29
[DEPOSIT] R3 deposited! Total: 28
  [PHERO] Laid at (1.88, 0.82) density=14 prob=0.94 entries=4
  [TARGET] R3 → SITE (1.88, 0.82)
[PICKUP] R2 picked up tag (density=13) | Total: 30

======================================================================
Step 15500 (8.3 min) | Pickups: 30 | Deposits: 28 | Rate: 3.39 tags/min | phero_entries=4 max_w=0.458
======================================================================
R1[SEARCH    ]: carry=0 | base=2.82 | wall=0.35 | search=6731 | target=phero(-0.04,-1.14)
R2[RTB       ]: carry=1 | base=2.12 | wall=0.55 | search=  0 | target=none
R3[SITE      ]: carry=0 | base=1.01 | wall=1.55 | search=  0 | target=site(1.88,0.82)
R4[RTB       ]: carry=1 | base=0.67 | wall=1.88 | search=  0 | target=none

[DEPOSIT] R4 deposited! Total: 29
  [PHERO] Laid at (-0.61, 1.34) density=6 prob=0.16 entries=5
  [TARGET] R4 → SITE (-0.61, 1.34)
[PICKUP] R3 picked up tag (density=12) | Total: 31

======================================================================
Step 16000 (8.5 min) | Pickups: 31 | Deposits: 29 | Rate: 3.40 tags/min | phero_entries=4 max_w=0.389
======================================================================
R1[SEARCH    ]: carry=0 | base=2.73 | wall=0.38 | search=7231 | target=phero(-0.04,-1.14)
R2[RTB       ]: carry=1 | base=0.33 | wall=2.19 | search=  0 | target=none
R3[SURVEY    ]: carry=1 | base=2.02 | wall=0.67 | search=  0 | target=none
R4[SITE      ]: carry=0 | base=1.27 | wall=1.34 | search=  0 | target=site(-0.61,1.34)

[DEPOSIT] R2 deposited! Total: 30
  [PHERO] Laid at (1.93, 0.86) density=13 prob=0.89 entries=5
  [TARGET] R2 → SITE (1.93, 0.86)
[PICKUP] R4 picked up tag (density=5) | Total: 32

======================================================================
Step 16500 (8.8 min) | Pickups: 32 | Deposits: 30 | Rate: 3.41 tags/min | phero_entries=5 max_w=0.314
======================================================================
R1[GIVE_UP   ]: carry=0 | base=1.73 | wall=1.23 | search=7332 | target=none
R2[SITE      ]: carry=0 | base=1.63 | wall=1.02 | search=  0 | target=site(1.93,0.86)
R3[RTB       ]: carry=1 | base=0.86 | wall=1.70 | search=  0 | target=none
R4[RTB       ]: carry=1 | base=0.99 | wall=1.59 | search=  0 | target=none

[PICKUP] R2 picked up tag (density=11) | Total: 33
[DEPOSIT] R3 deposited! Total: 31
  [TARGET] R3 → SITE (1.83, 0.86)
[DEPOSIT] R4 deposited! Total: 32
  [TARGET] R4 → SITE (-0.64, 1.29)
  [GIVE-UP] R1 returned empty after 7332 searching steps
  [TARGET] R1 → PHERO (1.93, 0.86)

======================================================================
Step 17000 (9.1 min) | Pickups: 33 | Deposits: 32 | Rate: 3.53 tags/min | phero_entries=5 max_w=0.094
======================================================================
R1[PHERO     ]: carry=0 | base=0.26 | wall=2.27 | search=  0 | target=phero(1.93,0.86)
R2[RTB       ]: carry=1 | base=1.88 | wall=0.75 | search=  0 | target=none
R3[SITE      ]: carry=0 | base=1.08 | wall=1.49 | search=  0 | target=site(1.83,0.86)
R4[SITE      ]: carry=0 | base=0.94 | wall=1.63 | search=  0 | target=site(-0.64,1.29)

[PICKUP] R4 picked up tag (density=4) | Total: 34
[PICKUP] R1 picked up tag (density=3) | Total: 35
[DEPOSIT] R2 deposited! Total: 33
  [PHERO] Laid at (1.91, 0.87) density=11 prob=0.75 entries=4
  [TARGET] R2 → SITE (1.91, 0.87)
[PICKUP] R3 picked up tag (density=10) | Total: 36

======================================================================
Step 17500 (9.3 min) | Pickups: 36 | Deposits: 33 | Rate: 3.54 tags/min | phero_entries=4 max_w=0.846
======================================================================
R1[RTB       ]: carry=1 | base=0.51 | wall=2.13 | search=  0 | target=none
R2[BASE_ESC  ]: carry=0 | base=0.22 | wall=2.29 | search=  0 | target=site(1.91,0.87)
R3[SURVEY    ]: carry=1 | base=2.19 | wall=0.53 | search=  0 | target=none
R4[RTB       ]: carry=1 | base=0.40 | wall=2.13 | search=  0 | target=none

[DEPOSIT] R4 deposited! Total: 34
  [TARGET] R4 → SITE (-0.50, 1.07)
[DEPOSIT] R1 deposited! Total: 35
  [TARGET] R1 → SITE (0.35, 0.41)
[PICKUP] R1 picked up tag (density=2) | Total: 37

======================================================================
Step 18000 (9.6 min) | Pickups: 37 | Deposits: 35 | Rate: 3.65 tags/min | phero_entries=4 max_w=0.253
======================================================================
R1[SURVEY    ]: carry=1 | base=0.54 | wall=2.08 | search=  0 | target=none
R2[SITE      ]: carry=0 | base=1.76 | wall=0.88 | search=  0 | target=site(1.91,0.87)
R3[RTB       ]: carry=1 | base=1.38 | wall=1.23 | search=  0 | target=none
R4[SEARCH    ]: carry=0 | base=1.16 | wall=1.43 | search=104 | target=site(-0.50,1.07)

[PICKUP] R2 picked up tag (density=9) | Total: 38
[DEPOSIT] R1 deposited! Total: 36
  [TARGET] R1 → PHERO (1.93, 0.86)
[DEPOSIT] R3 deposited! Total: 37
  [PHERO] Laid at (1.97, 0.95) density=10 prob=0.64 entries=4
  [TARGET] R3 → SITE (1.97, 0.95)

======================================================================
Step 18500 (9.9 min) | Pickups: 38 | Deposits: 37 | Rate: 3.75 tags/min | phero_entries=3 max_w=0.623
======================================================================
R1[PHERO     ]: carry=0 | base=0.65 | wall=1.91 | search=  0 | target=phero(1.93,0.86)
R2[RTB       ]: carry=1 | base=2.08 | wall=0.60 | search=  0 | target=none
R3[SITE      ]: carry=0 | base=0.51 | wall=2.00 | search=  0 | target=site(1.97,0.95)
R4[SEARCH    ]: carry=0 | base=2.15 | wall=0.41 | search=604 | target=site(-0.50,1.07)

TIMEOUT_RESULT pickups=38 deposits=37 steps=18750 elapsed_min=10.000000
BATCH_RESULT pickups=38 deposits=37
