=================================================================
CPFA BASELINE — ARGoS-calibrated parameters
  Params file                  = /home/sara/Documents/RL-FL-Foraging/cpfa_tuning_20260715_155549/trial_037/params.yaml
  Results file                 = /home/sara/Documents/RL-FL-Foraging/controllers/cpfa_baseline/results/cpfa_baseline_results_20260715_173646_5.txt
  RateOfLayingPheromone        = 9.989654024296016
  RateOfSiteFidelity           = 3.4997240051466143
  RateOfPheromoneDecay         = 0.18643196946407514 /s  (lifetime ~37s)
  ProbabilityOfReturningToNest = 0.05087452138535862 (every 5 sec → E[give-up] ~98s)
  UninformedSearchVariation    = 3.40 rad (195.0°)
  RateOfInformedSearchDecay    = 0.9560007411266228 /waypoint
  ProbabilityOfSwitchingToSearching = 0.4566845532993116 (every 5 sec in uninformed DEPARTING)
=================================================================

[PICKUP] R2 picked up tag (density=6) | Total: 1
[PICKUP] R4 picked up tag (density=9) | Total: 2
[DEPOSIT] R4 deposited! Total: 1
  [PHERO] Laid at (0.00, -0.50) density=9 prob=0.46 entries=1
  [TARGET] R4 → SITE (0.00, -0.50)
[DEPOSIT] R2 deposited! Total: 2
  [TARGET] R2 → SITE (0.50, 0.00)
[PICKUP] R4 picked up tag (density=10) | Total: 3

======================================================================
Step 500 (0.3 min) | Pickups: 3 | Deposits: 2 | Rate: 7.50 tags/min | phero_entries=1 max_w=0.291
======================================================================
R1[SEARCH    ]: carry=0 | base=1.14 | wall=1.60 | search=188 | target=none
R2[SITE      ]: carry=0 | base=0.28 | wall=2.25 | search=  0 | target=site(0.50,0.00)
R3[SEARCH    ]: carry=0 | base=1.49 | wall=1.09 | search=188 | target=none
R4[SURVEY    ]: carry=1 | base=0.35 | wall=2.18 | search=  0 | target=none

[PICKUP] R2 picked up tag (density=8) | Total: 4
[DEPOSIT] R4 deposited! Total: 3
  [TARGET] R4 → SITE (0.13, -0.32)
[DEPOSIT] R2 deposited! Total: 4
  [PHERO] Laid at (0.37, -0.12) density=8 prob=0.33 entries=2
  [TARGET] R2 → SITE (0.37, -0.12)
[PICKUP] R4 picked up tag (density=9) | Total: 5

======================================================================
Step 1000 (0.5 min) | Pickups: 5 | Deposits: 4 | Rate: 7.50 tags/min | phero_entries=2 max_w=0.495
======================================================================
R1[SEARCH    ]: carry=0 | base=1.29 | wall=1.43 | search=688 | target=none
R2[SITE      ]: carry=0 | base=0.27 | wall=2.24 | search=  0 | target=site(0.37,-0.12)
R3[SEARCH    ]: carry=0 | base=1.54 | wall=1.04 | search=688 | target=none
R4[SURVEY    ]: carry=1 | base=0.36 | wall=2.18 | search=  0 | target=none

[PICKUP] R2 picked up tag (density=4) | Total: 6
[DEPOSIT] R4 deposited! Total: 5
  [TARGET] R4 → SITE (0.18, -0.32)

======================================================================
Step 1500 (0.8 min) | Pickups: 6 | Deposits: 5 | Rate: 6.25 tags/min | phero_entries=1 max_w=0.025
======================================================================
R1[SEARCH    ]: carry=0 | base=1.41 | wall=1.33 | search=1188 | target=none
R2[RTB       ]: carry=1 | base=0.41 | wall=2.09 | search=  0 | target=none
R3[SEARCH    ]: carry=0 | base=1.45 | wall=1.14 | search=1188 | target=none
R4[SITE      ]: carry=0 | base=0.34 | wall=2.24 | search=  0 | target=site(0.18,-0.32)

[DEPOSIT] R2 deposited! Total: 6
  [TARGET] R2 → SITE (0.44, -0.09)
[PICKUP] R4 picked up tag (density=6) | Total: 7
[DEPOSIT] R4 deposited! Total: 7
  [TARGET] R4 → SITE (0.14, -0.38)

======================================================================
Step 2000 (1.1 min) | Pickups: 7 | Deposits: 7 | Rate: 6.56 tags/min | phero_entries=1 max_w=0.001
======================================================================
R1[SEARCH    ]: carry=0 | base=1.38 | wall=1.40 | search=1688 | target=none
R2[SEARCH    ]: carry=0 | base=0.37 | wall=2.18 | search=232 | target=site(0.44,-0.09)
R3[SEARCH    ]: carry=0 | base=1.60 | wall=0.99 | search=1688 | target=none
R4[BASE_ESC  ]: carry=0 | base=0.23 | wall=2.32 | search=  0 | target=site(0.14,-0.38)

[PICKUP] R4 picked up tag (density=6) | Total: 8

======================================================================
Step 2500 (1.3 min) | Pickups: 8 | Deposits: 7 | Rate: 5.25 tags/min | phero_entries=0 max_w=0.000
======================================================================
R1[SEARCH    ]: carry=0 | base=1.20 | wall=1.48 | search=2188 | target=none
R2[SEARCH    ]: carry=0 | base=0.43 | wall=2.08 | search=732 | target=site(0.44,-0.09)
R3[SEARCH    ]: carry=0 | base=1.61 | wall=1.06 | search=2188 | target=none
R4[RTB       ]: carry=1 | base=0.40 | wall=2.16 | search=  0 | target=none

[DEPOSIT] R4 deposited! Total: 8
  [TARGET] R4 → SITE (0.18, -0.39)
  [GIVE-UP] R2 returned empty after 780 searching steps
  [TARGET] R2 → WALL (-0.58, -2.42)

======================================================================
Step 3000 (1.6 min) | Pickups: 8 | Deposits: 8 | Rate: 5.00 tags/min | phero_entries=0 max_w=0.000
======================================================================
R1[SEARCH    ]: carry=0 | base=1.14 | wall=1.55 | search=2688 | target=none
R2[DEPART    ]: carry=0 | base=0.27 | wall=2.25 | search=  0 | target=none
R3[GIVE_UP   ]: carry=0 | base=0.67 | wall=1.87 | search=2340 | target=none
R4[SEARCH    ]: carry=0 | base=0.27 | wall=2.23 | search=236 | target=site(0.18,-0.39)

[PICKUP] R2 picked up tag (density=4) | Total: 9
  [GIVE-UP] R3 returned empty after 2340 searching steps
  [TARGET] R3 → WALL (2.42, -0.87)
[PICKUP] R3 picked up tag (density=3) | Total: 10
[DEPOSIT] R2 deposited! Total: 9
  [TARGET] R2 → WALL (-0.21, -2.42)

======================================================================
Step 3500 (1.9 min) | Pickups: 10 | Deposits: 9 | Rate: 4.82 tags/min | phero_entries=0 max_w=0.000
======================================================================
R1[SEARCH    ]: carry=0 | base=1.24 | wall=1.46 | search=3188 | target=none
R2[BASE_ESC  ]: carry=0 | base=0.22 | wall=2.34 | search=  0 | target=none
R3[RTB       ]: carry=1 | base=0.50 | wall=2.00 | search=  0 | target=none
R4[SEARCH    ]: carry=0 | base=0.34 | wall=2.22 | search=736 | target=site(0.18,-0.39)

[DEPOSIT] R3 deposited! Total: 10
  [TARGET] R3 → SITE (0.47, -0.06)
[PICKUP] R2 picked up tag (density=3) | Total: 11

======================================================================
Step 4000 (2.1 min) | Pickups: 11 | Deposits: 10 | Rate: 4.69 tags/min | phero_entries=0 max_w=0.000
======================================================================
R1[SEARCH    ]: carry=0 | base=1.17 | wall=1.62 | search=3688 | target=none
R2[RTB       ]: carry=1 | base=0.39 | wall=2.19 | search=  0 | target=none
R3[SEARCH    ]: carry=0 | base=0.48 | wall=2.05 | search=128 | target=site(0.47,-0.06)
R4[SEARCH    ]: carry=0 | base=0.40 | wall=2.11 | search=1236 | target=site(0.18,-0.39)

[PICKUP] R4 picked up tag (density=2) | Total: 12
[DEPOSIT] R2 deposited! Total: 11
  [TARGET] R2 → SITE (0.22, -0.48)
[PICKUP] R2 picked up tag (density=1) | Total: 13
[DEPOSIT] R4 deposited! Total: 12
  [TARGET] R4 → WALL (2.42, 0.95)

======================================================================
Step 4500 (2.4 min) | Pickups: 13 | Deposits: 12 | Rate: 5.00 tags/min | phero_entries=0 max_w=0.000
======================================================================
R1[SEARCH    ]: carry=0 | base=1.33 | wall=1.56 | search=4188 | target=none
R2[SURVEY    ]: carry=1 | base=0.57 | wall=1.97 | search=  0 | target=none
R3[SEARCH    ]: carry=0 | base=0.33 | wall=2.17 | search=628 | target=site(0.47,-0.06)
R4[DEPART    ]: carry=0 | base=0.28 | wall=2.29 | search=  0 | target=none

[PICKUP] R4 picked up tag (density=2) | Total: 14
[DEPOSIT] R2 deposited! Total: 13
  [TARGET] R2 → WALL (-1.75, 2.42)
[DEPOSIT] R4 deposited! Total: 14
  [TARGET] R4 → WALL (-0.59, -2.42)

======================================================================
Step 5000 (2.7 min) | Pickups: 14 | Deposits: 14 | Rate: 5.25 tags/min | phero_entries=0 max_w=0.000
======================================================================
R1[GIVE_UP   ]: carry=0 | base=0.40 | wall=2.17 | search=4368 | target=none
R2[DEPART    ]: carry=0 | base=0.26 | wall=2.26 | search=  0 | target=none
R3[SEARCH    ]: carry=0 | base=0.64 | wall=1.99 | search=1128 | target=site(0.47,-0.06)
R4[BASE_ESC  ]: carry=0 | base=0.23 | wall=2.28 | search=  0 | target=none

  [GIVE-UP] R1 returned empty after 4368 searching steps
  [TARGET] R1 → WALL (-0.27, -2.42)

======================================================================
Step 5500 (2.9 min) | Pickups: 14 | Deposits: 14 | Rate: 4.77 tags/min | phero_entries=0 max_w=0.000
======================================================================
R1[SEARCH    ]: carry=0 | base=0.47 | wall=2.13 | search=  1 | target=none
R2[SEARCH    ]: carry=0 | base=0.98 | wall=1.61 | search= 45 | target=none
R3[SEARCH    ]: carry=0 | base=0.58 | wall=2.03 | search=1628 | target=site(0.47,-0.06)
R4[SEARCH    ]: carry=0 | base=0.44 | wall=2.08 | search=258 | target=none

  [GIVE-UP] R4 returned empty after 468 searching steps
  [TARGET] R4 → WALL (1.41, -2.42)

======================================================================
Step 6000 (3.2 min) | Pickups: 14 | Deposits: 14 | Rate: 4.38 tags/min | phero_entries=0 max_w=0.000
======================================================================
R1[SEARCH    ]: carry=0 | base=0.47 | wall=2.05 | search=501 | target=none
R2[SEARCH    ]: carry=0 | base=1.03 | wall=1.57 | search=545 | target=none
R3[SEARCH    ]: carry=0 | base=0.55 | wall=2.06 | search=2128 | target=site(0.47,-0.06)
R4[DEPART    ]: carry=0 | base=0.63 | wall=1.94 | search=  0 | target=none

  [GIVE-UP] R3 returned empty after 2496 searching steps
  [TARGET] R3 → WALL (0.46, 2.42)

======================================================================
Step 6500 (3.5 min) | Pickups: 14 | Deposits: 14 | Rate: 4.04 tags/min | phero_entries=0 max_w=0.000
======================================================================
R1[SEARCH    ]: carry=0 | base=0.51 | wall=2.14 | search=1001 | target=none
R2[SEARCH    ]: carry=0 | base=1.03 | wall=1.54 | search=1045 | target=none
R3[BASE_ESC  ]: carry=0 | base=0.24 | wall=2.26 | search=  0 | target=none
R4[SEARCH    ]: carry=0 | base=2.00 | wall=0.81 | search=137 | target=none


======================================================================
Step 7000 (3.7 min) | Pickups: 14 | Deposits: 14 | Rate: 3.75 tags/min | phero_entries=0 max_w=0.000
======================================================================
R1[SEARCH    ]: carry=0 | base=0.48 | wall=2.06 | search=1501 | target=none
R2[SEARCH    ]: carry=0 | base=1.10 | wall=1.45 | search=1545 | target=none
R3[SEARCH    ]: carry=0 | base=0.48 | wall=2.09 | search=338 | target=none
R4[SEARCH    ]: carry=0 | base=1.62 | wall=1.16 | search=637 | target=none

  [GIVE-UP] R3 returned empty after 468 searching steps
  [TARGET] R3 → WALL (2.42, -1.00)
[PICKUP] R3 picked up tag (density=1) | Total: 15

======================================================================
Step 7500 (4.0 min) | Pickups: 15 | Deposits: 14 | Rate: 3.50 tags/min | phero_entries=0 max_w=0.000
======================================================================
R1[SEARCH    ]: carry=0 | base=0.68 | wall=1.82 | search=2001 | target=none
R2[SEARCH    ]: carry=0 | base=1.18 | wall=1.37 | search=2045 | target=none
R3[SURVEY    ]: carry=1 | base=0.58 | wall=1.92 | search=  0 | target=none
R4[SEARCH    ]: carry=0 | base=1.70 | wall=1.04 | search=1137 | target=none

[DEPOSIT] R3 deposited! Total: 15
  [TARGET] R3 → SITE (0.58, -0.03)

======================================================================
Step 8000 (4.3 min) | Pickups: 15 | Deposits: 15 | Rate: 3.52 tags/min | phero_entries=0 max_w=0.000
======================================================================
R1[GIVE_UP   ]: carry=0 | base=0.69 | wall=1.82 | search=2496 | target=none
R2[SEARCH    ]: carry=0 | base=0.91 | wall=1.64 | search=2545 | target=none
R3[SITE      ]: carry=0 | base=0.39 | wall=2.14 | search=  0 | target=site(0.58,-0.03)
R4[SEARCH    ]: carry=0 | base=1.69 | wall=1.10 | search=1637 | target=none

  [GIVE-UP] R1 returned empty after 2496 searching steps
  [TARGET] R1 → WALL (2.02, 2.42)

======================================================================
Step 8500 (4.5 min) | Pickups: 15 | Deposits: 15 | Rate: 3.31 tags/min | phero_entries=0 max_w=0.000
======================================================================
R1[SEARCH    ]: carry=0 | base=0.48 | wall=2.02 | search=119 | target=none
R2[SEARCH    ]: carry=0 | base=1.06 | wall=1.47 | search=3045 | target=none
R3[SEARCH    ]: carry=0 | base=0.54 | wall=1.96 | search=447 | target=site(0.58,-0.03)
R4[SEARCH    ]: carry=0 | base=1.63 | wall=1.24 | search=2137 | target=none

  [GIVE-UP] R3 returned empty after 780 searching steps
  [TARGET] R3 → WALL (2.42, -1.17)

======================================================================
Step 9000 (4.8 min) | Pickups: 15 | Deposits: 15 | Rate: 3.12 tags/min | phero_entries=0 max_w=0.000
======================================================================
R1[SEARCH    ]: carry=0 | base=0.50 | wall=2.02 | search=619 | target=none
R2[GIVE_UP   ]: carry=0 | base=0.35 | wall=2.16 | search=3276 | target=none
R3[DEPART    ]: carry=0 | base=0.28 | wall=2.23 | search=  0 | target=none
R4[SEARCH    ]: carry=0 | base=1.68 | wall=1.14 | search=2637 | target=none

  [GIVE-UP] R2 returned empty after 3276 searching steps
  [TARGET] R2 → WALL (-1.31, 2.42)

======================================================================
Step 9500 (5.1 min) | Pickups: 15 | Deposits: 15 | Rate: 2.96 tags/min | phero_entries=0 max_w=0.000
======================================================================
R1[SEARCH    ]: carry=0 | base=0.36 | wall=2.16 | search=1119 | target=none
R2[SEARCH    ]: carry=0 | base=0.88 | wall=1.77 | search=208 | target=none
R3[SEARCH    ]: carry=0 | base=0.70 | wall=1.81 | search=365 | target=none
R4[GIVE_UP   ]: carry=0 | base=1.37 | wall=1.31 | search=2964 | target=none

  [GIVE-UP] R4 returned empty after 2964 searching steps
  [TARGET] R4 → WALL (-1.88, -2.42)
  [GIVE-UP] R3 returned empty after 468 searching steps
  [TARGET] R3 → WALL (1.15, -2.42)

======================================================================
Step 10000 (5.3 min) | Pickups: 15 | Deposits: 15 | Rate: 2.81 tags/min | phero_entries=0 max_w=0.000
======================================================================
R1[SEARCH    ]: carry=0 | base=0.33 | wall=2.24 | search=1619 | target=none
R2[SEARCH    ]: carry=0 | base=1.04 | wall=1.58 | search=708 | target=none
R3[DEPART    ]: carry=0 | base=0.27 | wall=2.24 | search=  0 | target=none
R4[DEPART    ]: carry=0 | base=0.54 | wall=1.97 | search=  0 | target=none


======================================================================
Step 10500 (5.6 min) | Pickups: 15 | Deposits: 15 | Rate: 2.68 tags/min | phero_entries=0 max_w=0.000
======================================================================
R1[SEARCH    ]: carry=0 | base=0.36 | wall=2.16 | search=2119 | target=none
R2[SEARCH    ]: carry=0 | base=1.22 | wall=1.30 | search=1208 | target=none
R3[SEARCH    ]: carry=0 | base=0.94 | wall=1.83 | search=216 | target=none
R4[DEPART    ]: carry=0 | base=2.41 | wall=0.56 | search=  0 | target=none


======================================================================
Step 11000 (5.9 min) | Pickups: 15 | Deposits: 15 | Rate: 2.56 tags/min | phero_entries=0 max_w=0.000
======================================================================
R1[SEARCH    ]: carry=0 | base=0.42 | wall=2.17 | search=2619 | target=none
R2[SEARCH    ]: carry=0 | base=1.09 | wall=1.43 | search=1708 | target=none
R3[SEARCH    ]: carry=0 | base=1.06 | wall=1.73 | search=716 | target=none
R4[SEARCH    ]: carry=0 | base=2.65 | wall=0.43 | search=476 | target=none


======================================================================
Step 11500 (6.1 min) | Pickups: 15 | Deposits: 15 | Rate: 2.45 tags/min | phero_entries=0 max_w=0.000
======================================================================
R1[SEARCH    ]: carry=0 | base=0.42 | wall=2.18 | search=3119 | target=none
R2[SEARCH    ]: carry=0 | base=1.34 | wall=1.18 | search=2208 | target=none
R3[SEARCH    ]: carry=0 | base=1.12 | wall=1.55 | search=1216 | target=none
R4[SEARCH    ]: carry=0 | base=2.58 | wall=0.38 | search=976 | target=none


======================================================================
Step 12000 (6.4 min) | Pickups: 15 | Deposits: 15 | Rate: 2.34 tags/min | phero_entries=0 max_w=0.000
======================================================================
R1[SEARCH    ]: carry=0 | base=0.60 | wall=1.96 | search=3619 | target=none
R2[SEARCH    ]: carry=0 | base=1.20 | wall=1.30 | search=2708 | target=none
R3[SEARCH    ]: carry=0 | base=1.14 | wall=1.45 | search=1716 | target=none
R4[WALL_ESC  ]: carry=0 | base=2.62 | wall=0.32 | search=1476 | target=none


======================================================================
Step 12500 (6.7 min) | Pickups: 15 | Deposits: 15 | Rate: 2.25 tags/min | phero_entries=0 max_w=0.000
======================================================================
R1[GIVE_UP   ]: carry=0 | base=0.52 | wall=1.98 | search=4056 | target=none
R2[SEARCH    ]: carry=0 | base=1.41 | wall=1.10 | search=3208 | target=none
R3[SEARCH    ]: carry=0 | base=0.90 | wall=1.71 | search=2216 | target=none
R4[SEARCH    ]: carry=0 | base=2.61 | wall=0.38 | search=1976 | target=none

  [GIVE-UP] R1 returned empty after 4056 searching steps
  [TARGET] R1 → WALL (0.33, -2.42)
  [GIVE-UP] R3 returned empty after 2340 searching steps
  [TARGET] R3 → WALL (-2.42, -0.00)

======================================================================
Step 13000 (6.9 min) | Pickups: 15 | Deposits: 15 | Rate: 2.16 tags/min | phero_entries=0 max_w=0.000
======================================================================
R1[DEPART    ]: carry=0 | base=1.19 | wall=1.31 | search=  0 | target=none
R2[SEARCH    ]: carry=0 | base=1.27 | wall=1.23 | search=3708 | target=none
R3[DEPART    ]: carry=0 | base=0.25 | wall=2.32 | search=  0 | target=none
R4[SEARCH    ]: carry=0 | base=2.55 | wall=0.43 | search=2476 | target=none


======================================================================
Step 13500 (7.2 min) | Pickups: 15 | Deposits: 15 | Rate: 2.08 tags/min | phero_entries=0 max_w=0.000
======================================================================
R1[SEARCH    ]: carry=0 | base=2.08 | wall=0.45 | search= 39 | target=none
R2[SEARCH    ]: carry=0 | base=1.07 | wall=1.44 | search=4208 | target=none
R3[BASE_ESC  ]: carry=0 | base=0.25 | wall=2.25 | search=345 | target=none
R4[SEARCH    ]: carry=0 | base=2.59 | wall=0.36 | search=2976 | target=none


======================================================================
Step 14000 (7.5 min) | Pickups: 15 | Deposits: 15 | Rate: 2.01 tags/min | phero_entries=0 max_w=0.000
======================================================================
R1[SEARCH    ]: carry=0 | base=1.89 | wall=0.67 | search=539 | target=none
R2[SEARCH    ]: carry=0 | base=1.05 | wall=1.46 | search=4708 | target=none
R3[SEARCH    ]: carry=0 | base=0.30 | wall=2.26 | search=845 | target=none
R4[GIVE_UP   ]: carry=0 | base=2.29 | wall=0.70 | search=3276 | target=none


======================================================================
Step 14500 (7.7 min) | Pickups: 15 | Deposits: 15 | Rate: 1.94 tags/min | phero_entries=0 max_w=0.000
======================================================================
R1[SEARCH    ]: carry=0 | base=1.82 | wall=0.72 | search=1039 | target=none
R2[SEARCH    ]: carry=0 | base=0.93 | wall=1.57 | search=5208 | target=none
R3[SEARCH    ]: carry=0 | base=0.26 | wall=2.24 | search=1345 | target=none
R4[GIVE_UP   ]: carry=0 | base=0.37 | wall=2.21 | search=3276 | target=none

  [GIVE-UP] R4 returned empty after 3276 searching steps
  [TARGET] R4 → WALL (0.53, -2.42)

======================================================================
Step 15000 (8.0 min) | Pickups: 15 | Deposits: 15 | Rate: 1.88 tags/min | phero_entries=0 max_w=0.000
======================================================================
R1[SEARCH    ]: carry=0 | base=1.74 | wall=0.79 | search=1539 | target=none
R2[SEARCH    ]: carry=0 | base=1.15 | wall=1.35 | search=5708 | target=none
R3[SEARCH    ]: carry=0 | base=0.27 | wall=2.23 | search=1845 | target=none
R4[SEARCH    ]: carry=0 | base=0.96 | wall=1.54 | search=203 | target=none


======================================================================
Step 15500 (8.3 min) | Pickups: 15 | Deposits: 15 | Rate: 1.81 tags/min | phero_entries=0 max_w=0.000
======================================================================
R1[SEARCH    ]: carry=0 | base=1.72 | wall=0.81 | search=2039 | target=none
R2[SEARCH    ]: carry=0 | base=1.08 | wall=1.42 | search=6208 | target=none
R3[SEARCH    ]: carry=0 | base=0.33 | wall=2.25 | search=2345 | target=none
R4[SEARCH    ]: carry=0 | base=1.24 | wall=1.26 | search=703 | target=none

  [GIVE-UP] R3 returned empty after 2652 searching steps
  [TARGET] R3 → WALL (2.42, 1.05)

======================================================================
Step 16000 (8.5 min) | Pickups: 15 | Deposits: 15 | Rate: 1.76 tags/min | phero_entries=0 max_w=0.000
======================================================================
R1[SEARCH    ]: carry=0 | base=1.63 | wall=0.89 | search=2539 | target=none
R2[SEARCH    ]: carry=0 | base=1.15 | wall=1.36 | search=6708 | target=none
R3[BASE_ESC  ]: carry=0 | base=0.25 | wall=2.26 | search=  0 | target=none
R4[SEARCH    ]: carry=0 | base=1.36 | wall=1.16 | search=1203 | target=none


======================================================================
Step 16500 (8.8 min) | Pickups: 15 | Deposits: 15 | Rate: 1.70 tags/min | phero_entries=0 max_w=0.000
======================================================================
R1[SEARCH    ]: carry=0 | base=1.68 | wall=0.84 | search=3039 | target=none
R2[SEARCH    ]: carry=0 | base=1.31 | wall=1.20 | search=7208 | target=none
R3[SEARCH    ]: carry=0 | base=0.43 | wall=2.08 | search=  3 | target=none
R4[SEARCH    ]: carry=0 | base=1.45 | wall=1.10 | search=1703 | target=none

  [GIVE-UP] R4 returned empty after 1716 searching steps
  [TARGET] R4 → WALL (-0.67, -2.42)

======================================================================
Step 17000 (9.1 min) | Pickups: 15 | Deposits: 15 | Rate: 1.65 tags/min | phero_entries=0 max_w=0.000
======================================================================
R1[SEARCH    ]: carry=0 | base=1.64 | wall=0.93 | search=3539 | target=none
R2[SEARCH    ]: carry=0 | base=1.28 | wall=1.22 | search=7708 | target=none
R3[GIVE_UP   ]: carry=0 | base=0.46 | wall=2.06 | search=468 | target=none
R4[BASE_ESC  ]: carry=0 | base=0.22 | wall=2.30 | search=  0 | target=none

  [GIVE-UP] R3 returned empty after 468 searching steps
  [TARGET] R3 → WALL (2.42, 1.89)

======================================================================
Step 17500 (9.3 min) | Pickups: 15 | Deposits: 15 | Rate: 1.61 tags/min | phero_entries=0 max_w=0.000
======================================================================
R1[SEARCH    ]: carry=0 | base=1.68 | wall=0.87 | search=4039 | target=none
R2[SEARCH    ]: carry=0 | base=1.12 | wall=1.41 | search=8208 | target=none
R3[SEARCH    ]: carry=0 | base=0.59 | wall=1.91 | search=176 | target=none
R4[DEPART    ]: carry=0 | base=1.91 | wall=0.67 | search=  0 | target=none


======================================================================
Step 18000 (9.6 min) | Pickups: 15 | Deposits: 15 | Rate: 1.56 tags/min | phero_entries=0 max_w=0.000
======================================================================
R1[SEARCH    ]: carry=0 | base=1.90 | wall=0.69 | search=4539 | target=none
R2[SEARCH    ]: carry=0 | base=1.34 | wall=1.25 | search=8708 | target=none
R3[SEARCH    ]: carry=0 | base=0.52 | wall=2.00 | search=676 | target=none
R4[SEARCH    ]: carry=0 | base=2.06 | wall=0.56 | search=481 | target=none


======================================================================
Step 18500 (9.9 min) | Pickups: 15 | Deposits: 15 | Rate: 1.52 tags/min | phero_entries=0 max_w=0.000
======================================================================
R1[SEARCH    ]: carry=0 | base=1.81 | wall=0.82 | search=5039 | target=none
R2[SEARCH    ]: carry=0 | base=1.40 | wall=1.18 | search=9208 | target=none
R3[SEARCH    ]: carry=0 | base=0.36 | wall=2.14 | search=1176 | target=none
R4[SEARCH    ]: carry=0 | base=2.10 | wall=0.48 | search=981 | target=none

TIMEOUT_RESULT pickups=15 deposits=15 steps=18750 elapsed_min=10.000000
BATCH_RESULT pickups=15 deposits=15
