=================================================================
CPFA BASELINE — ARGoS-calibrated parameters
  Params file                  = /home/sara/Documents/RL-FL-Foraging/cpfa_tuning_20260715_155549/trial_037/params.yaml
  Results file                 = /home/sara/Documents/RL-FL-Foraging/controllers/cpfa_baseline/results/cpfa_baseline_results_20260715_173646_8.txt
  RateOfLayingPheromone        = 9.989654024296016
  RateOfSiteFidelity           = 3.4997240051466143
  RateOfPheromoneDecay         = 0.18643196946407514 /s  (lifetime ~37s)
  ProbabilityOfReturningToNest = 0.05087452138535862 (every 5 sec → E[give-up] ~98s)
  UninformedSearchVariation    = 3.40 rad (195.0°)
  RateOfInformedSearchDecay    = 0.9560007411266228 /waypoint
  ProbabilityOfSwitchingToSearching = 0.4566845532993116 (every 5 sec in uninformed DEPARTING)
=================================================================

[PICKUP] R2 picked up tag (density=6) | Total: 1
[PICKUP] R3 picked up tag (density=9) | Total: 2
[DEPOSIT] R3 deposited! Total: 1
  [TARGET] R3 → SITE (0.00, 0.50)
[DEPOSIT] R2 deposited! Total: 2
  [TARGET] R2 → SITE (0.50, 0.00)

======================================================================
Step 500 (0.3 min) | Pickups: 2 | Deposits: 2 | Rate: 7.50 tags/min | phero_entries=0 max_w=0.000
======================================================================
R1[SEARCH    ]: carry=0 | base=0.54 | wall=1.96 | search=344 | target=none
R2[SITE      ]: carry=0 | base=0.28 | wall=2.25 | search=  0 | target=site(0.50,0.00)
R3[SEARCH    ]: carry=0 | base=0.48 | wall=2.02 | search=  5 | target=site(0.00,0.50)
R4[WALL_ESC  ]: carry=0 | base=2.19 | wall=0.34 | search= 32 | target=none

[PICKUP] R2 picked up tag (density=5) | Total: 3
[PICKUP] R3 picked up tag (density=8) | Total: 4
[DEPOSIT] R2 deposited! Total: 3
  [TARGET] R2 → SITE (0.37, -0.12)
[DEPOSIT] R3 deposited! Total: 4
  [PHERO] Laid at (-0.00, 0.54) density=8 prob=0.33 entries=1
  [TARGET] R3 → SITE (-0.00, 0.54)

======================================================================
Step 1000 (0.5 min) | Pickups: 4 | Deposits: 4 | Rate: 7.50 tags/min | phero_entries=1 max_w=0.683
======================================================================
R1[SEARCH    ]: carry=0 | base=0.43 | wall=2.09 | search=844 | target=none
R2[SITE      ]: carry=0 | base=0.27 | wall=2.25 | search=  0 | target=site(0.37,-0.12)
R3[BASE_ESC  ]: carry=0 | base=0.22 | wall=2.29 | search=  0 | target=site(-0.00,0.54)
R4[SEARCH    ]: carry=0 | base=2.01 | wall=0.54 | search=532 | target=none

[PICKUP] R2 picked up tag (density=4) | Total: 5
[PICKUP] R3 picked up tag (density=7) | Total: 6
[DEPOSIT] R2 deposited! Total: 5
  [TARGET] R2 → PHERO (-0.00, 0.54)

======================================================================
Step 1500 (0.8 min) | Pickups: 6 | Deposits: 5 | Rate: 6.25 tags/min | phero_entries=1 max_w=0.035
======================================================================
R1[SEARCH    ]: carry=0 | base=0.50 | wall=2.00 | search=1344 | target=none
R2[BASE_ESC  ]: carry=0 | base=0.23 | wall=2.30 | search=  0 | target=phero(-0.00,0.54)
R3[RTB       ]: carry=1 | base=0.49 | wall=2.01 | search=  0 | target=none
R4[SEARCH    ]: carry=0 | base=1.87 | wall=0.67 | search=1032 | target=none

[DEPOSIT] R3 deposited! Total: 6
  [TARGET] R3 → SITE (-0.02, 0.51)
[PICKUP] R3 picked up tag (density=6) | Total: 7

======================================================================
Step 2000 (1.1 min) | Pickups: 7 | Deposits: 6 | Rate: 5.62 tags/min | phero_entries=1 max_w=0.002
======================================================================
R1[SEARCH    ]: carry=0 | base=0.49 | wall=2.01 | search=1844 | target=none
R2[SEARCH    ]: carry=0 | base=0.38 | wall=2.13 | search=175 | target=phero(-0.00,0.54)
R3[SURVEY    ]: carry=1 | base=0.52 | wall=1.99 | search=  0 | target=none
R4[WALL_ESC  ]: carry=0 | base=2.21 | wall=0.35 | search=1532 | target=none

[PICKUP] R2 picked up tag (density=5) | Total: 8
[DEPOSIT] R3 deposited! Total: 7
  [TARGET] R3 → WALL (1.38, -2.42)
[DEPOSIT] R2 deposited! Total: 8
  [TARGET] R2 → SITE (-0.08, 0.37)

======================================================================
Step 2500 (1.3 min) | Pickups: 8 | Deposits: 8 | Rate: 6.00 tags/min | phero_entries=0 max_w=0.000
======================================================================
R1[SEARCH    ]: carry=0 | base=0.58 | wall=1.93 | search=2344 | target=none
R2[SITE      ]: carry=0 | base=0.36 | wall=2.14 | search=  0 | target=site(-0.08,0.37)
R3[DEPART    ]: carry=0 | base=0.37 | wall=2.15 | search=  0 | target=none
R4[GIVE_UP   ]: carry=0 | base=0.64 | wall=1.87 | search=1560 | target=none

  [GIVE-UP] R4 returned empty after 1560 searching steps
  [TARGET] R4 → WALL (2.42, -0.15)
  [GIVE-UP] R1 returned empty after 2496 searching steps
  [TARGET] R1 → WALL (-1.29, -2.42)
[PICKUP] R4 picked up tag (density=3) | Total: 9
  [GIVE-UP] R2 returned empty after 312 searching steps
  [TARGET] R2 → WALL (-0.90, -2.42)

======================================================================
Step 3000 (1.6 min) | Pickups: 9 | Deposits: 8 | Rate: 5.00 tags/min | phero_entries=0 max_w=0.000
======================================================================
R1[DEPART    ]: carry=0 | base=0.39 | wall=2.13 | search=  0 | target=none
R2[BASE_ESC  ]: carry=0 | base=0.22 | wall=2.30 | search=  0 | target=none
R3[SEARCH    ]: carry=0 | base=0.73 | wall=1.97 | search=357 | target=none
R4[RTB       ]: carry=1 | base=0.58 | wall=1.98 | search=  0 | target=none

[DEPOSIT] R4 deposited! Total: 9
  [TARGET] R4 → WALL (2.42, 1.59)
  [GIVE-UP] R3 returned empty after 468 searching steps
  [TARGET] R3 → WALL (-2.42, 1.67)
[PICKUP] R1 picked up tag (density=9) | Total: 10

======================================================================
Step 3500 (1.9 min) | Pickups: 10 | Deposits: 9 | Rate: 4.82 tags/min | phero_entries=0 max_w=0.000
======================================================================
R1[SURVEY    ]: carry=1 | base=1.81 | wall=0.85 | search=  0 | target=none
R2[SEARCH    ]: carry=0 | base=0.90 | wall=1.81 | search=126 | target=none
R3[DEPART    ]: carry=0 | base=0.26 | wall=2.24 | search=  0 | target=none
R4[SEARCH    ]: carry=0 | base=0.84 | wall=1.73 | search= 42 | target=none

[PICKUP] R3 picked up tag (density=4) | Total: 11

======================================================================
Step 4000 (2.1 min) | Pickups: 11 | Deposits: 9 | Rate: 4.22 tags/min | phero_entries=0 max_w=0.000
======================================================================
R1[RTB       ]: carry=1 | base=0.49 | wall=2.05 | search=  0 | target=none
R2[SEARCH    ]: carry=0 | base=1.10 | wall=1.66 | search=626 | target=none
R3[RTB       ]: carry=1 | base=0.26 | wall=2.25 | search=  0 | target=none
R4[SEARCH    ]: carry=0 | base=0.91 | wall=1.63 | search=542 | target=none

[DEPOSIT] R3 deposited! Total: 10
  [TARGET] R3 → SITE (-0.15, 0.41)
[DEPOSIT] R1 deposited! Total: 11
  [PHERO] Laid at (-0.75, -1.64) density=9 prob=0.46 entries=1
  [TARGET] R1 → SITE (-0.75, -1.64)
  [GIVE-UP] R4 returned empty after 624 searching steps
  [TARGET] R4 → PHERO (-0.75, -1.64)
[PICKUP] R3 picked up tag (density=3) | Total: 12

======================================================================
Step 4500 (2.4 min) | Pickups: 12 | Deposits: 11 | Rate: 4.58 tags/min | phero_entries=1 max_w=0.073
======================================================================
R1[SITE      ]: carry=0 | base=1.46 | wall=1.18 | search=  0 | target=site(-0.75,-1.64)
R2[SEARCH    ]: carry=0 | base=1.20 | wall=1.57 | search=1126 | target=none
R3[RTB       ]: carry=1 | base=0.44 | wall=2.08 | search=  0 | target=none
R4[PHERO     ]: carry=0 | base=0.26 | wall=2.24 | search=  0 | target=phero(-0.75,-1.64)

[DEPOSIT] R3 deposited! Total: 12
  [TARGET] R3 → PHERO (-0.75, -1.64)

======================================================================
Step 5000 (2.7 min) | Pickups: 12 | Deposits: 12 | Rate: 4.50 tags/min | phero_entries=1 max_w=0.004
======================================================================
R1[SEARCH    ]: carry=0 | base=1.67 | wall=1.01 | search=423 | target=site(-0.75,-1.64)
R2[SEARCH    ]: carry=0 | base=1.27 | wall=1.51 | search=1626 | target=none
R3[BASE_ESC  ]: carry=0 | base=0.25 | wall=2.30 | search=  0 | target=phero(-0.75,-1.64)
R4[PHERO     ]: carry=0 | base=1.57 | wall=1.05 | search=  0 | target=phero(-0.75,-1.64)

[PICKUP] R4 picked up tag (density=8) | Total: 13

======================================================================
Step 5500 (2.9 min) | Pickups: 13 | Deposits: 12 | Rate: 4.09 tags/min | phero_entries=0 max_w=0.000
======================================================================
R1[SEARCH    ]: carry=0 | base=1.60 | wall=1.03 | search=923 | target=site(-0.75,-1.64)
R2[SEARCH    ]: carry=0 | base=1.22 | wall=1.58 | search=2126 | target=none
R3[PHERO     ]: carry=0 | base=1.22 | wall=1.36 | search=  0 | target=phero(-0.75,-1.64)
R4[RTB       ]: carry=1 | base=1.37 | wall=1.22 | search=  0 | target=none

[DEPOSIT] R4 deposited! Total: 13
  [TARGET] R4 → SITE (-0.78, -1.64)

======================================================================
Step 6000 (3.2 min) | Pickups: 13 | Deposits: 13 | Rate: 4.06 tags/min | phero_entries=0 max_w=0.000
======================================================================
R1[SEARCH    ]: carry=0 | base=1.43 | wall=1.20 | search=1423 | target=site(-0.75,-1.64)
R2[GIVE_UP   ]: carry=0 | base=0.28 | wall=2.29 | search=2340 | target=none
R3[SEARCH    ]: carry=0 | base=1.79 | wall=0.88 | search=310 | target=phero(-0.75,-1.64)
R4[SITE      ]: carry=0 | base=0.47 | wall=2.11 | search=  0 | target=site(-0.78,-1.64)

  [GIVE-UP] R2 returned empty after 2340 searching steps
  [TARGET] R2 → WALL (0.11, -2.42)
[PICKUP] R3 picked up tag (density=7) | Total: 14

======================================================================
Step 6500 (3.5 min) | Pickups: 14 | Deposits: 13 | Rate: 3.75 tags/min | phero_entries=0 max_w=0.000
======================================================================
R1[SEARCH    ]: carry=0 | base=1.47 | wall=1.25 | search=1923 | target=site(-0.75,-1.64)
R2[SEARCH    ]: carry=0 | base=0.54 | wall=2.10 | search=226 | target=none
R3[RTB       ]: carry=1 | base=1.02 | wall=1.55 | search=  0 | target=none
R4[SEARCH    ]: carry=0 | base=1.83 | wall=0.86 | search=104 | target=site(-0.78,-1.64)

[DEPOSIT] R3 deposited! Total: 14
  [TARGET] R3 → SITE (-0.74, -1.68)

======================================================================
Step 7000 (3.7 min) | Pickups: 14 | Deposits: 14 | Rate: 3.75 tags/min | phero_entries=0 max_w=0.000
======================================================================
R1[SEARCH    ]: carry=0 | base=1.55 | wall=1.16 | search=2423 | target=site(-0.75,-1.64)
R2[SEARCH    ]: carry=0 | base=0.47 | wall=2.14 | search=726 | target=none
R3[SITE      ]: carry=0 | base=0.93 | wall=1.63 | search=  0 | target=site(-0.74,-1.68)
R4[SEARCH    ]: carry=0 | base=1.80 | wall=0.87 | search=604 | target=site(-0.78,-1.64)

  [GIVE-UP] R2 returned empty after 780 searching steps
  [TARGET] R2 → WALL (2.42, 0.54)
[PICKUP] R4 picked up tag (density=6) | Total: 15

======================================================================
Step 7500 (4.0 min) | Pickups: 15 | Deposits: 14 | Rate: 3.50 tags/min | phero_entries=0 max_w=0.000
======================================================================
R1[SEARCH    ]: carry=0 | base=1.44 | wall=1.37 | search=2923 | target=site(-0.75,-1.64)
R2[DEPART    ]: carry=0 | base=0.25 | wall=2.31 | search=  0 | target=none
R3[SEARCH    ]: carry=0 | base=1.67 | wall=0.97 | search=275 | target=site(-0.74,-1.68)
R4[SURVEY    ]: carry=1 | base=1.89 | wall=0.78 | search=  0 | target=none


======================================================================
Step 8000 (4.3 min) | Pickups: 15 | Deposits: 14 | Rate: 3.28 tags/min | phero_entries=0 max_w=0.000
======================================================================
R1[SEARCH    ]: carry=0 | base=1.40 | wall=1.43 | search=3423 | target=site(-0.75,-1.64)
R2[SEARCH    ]: carry=0 | base=0.40 | wall=2.14 | search=375 | target=none
R3[SEARCH    ]: carry=0 | base=1.83 | wall=0.89 | search=775 | target=site(-0.74,-1.68)
R4[RTB       ]: carry=1 | base=0.47 | wall=2.07 | search=  0 | target=none

[DEPOSIT] R4 deposited! Total: 15
  [PHERO] Laid at (-0.79, -1.72) density=6 prob=0.13 entries=1
  [TARGET] R4 → SITE (-0.79, -1.72)

======================================================================
Step 8500 (4.5 min) | Pickups: 15 | Deposits: 15 | Rate: 3.31 tags/min | phero_entries=1 max_w=0.071
======================================================================
R1[GIVE_UP   ]: carry=0 | base=0.48 | wall=2.13 | search=3588 | target=none
R2[GIVE_UP   ]: carry=0 | base=0.38 | wall=2.14 | search=780 | target=none
R3[SEARCH    ]: carry=0 | base=2.08 | wall=0.64 | search=1275 | target=site(-0.74,-1.68)
R4[SITE      ]: carry=0 | base=1.47 | wall=1.15 | search=  0 | target=site(-0.79,-1.72)

[PICKUP] R3 picked up tag (density=5) | Total: 16
  [GIVE-UP] R2 returned empty after 780 searching steps
  [TARGET] R2 → PHERO (-0.79, -1.72)
  [GIVE-UP] R1 returned empty after 3588 searching steps
  [TARGET] R1 → PHERO (-0.79, -1.72)

======================================================================
Step 9000 (4.8 min) | Pickups: 16 | Deposits: 15 | Rate: 3.12 tags/min | phero_entries=1 max_w=0.004
======================================================================
R1[PHERO     ]: carry=0 | base=1.44 | wall=1.19 | search=  0 | target=phero(-0.79,-1.72)
R2[PHERO     ]: carry=0 | base=0.38 | wall=2.14 | search=  0 | target=phero(-0.79,-1.72)
R3[RTB       ]: carry=1 | base=1.12 | wall=1.46 | search=  0 | target=none
R4[SEARCH    ]: carry=0 | base=1.77 | wall=0.84 | search=405 | target=site(-0.79,-1.72)

[DEPOSIT] R3 deposited! Total: 16
  [TARGET] R3 → SITE (-0.92, -1.87)

======================================================================
Step 9500 (5.1 min) | Pickups: 16 | Deposits: 16 | Rate: 3.16 tags/min | phero_entries=0 max_w=0.000
======================================================================
R1[SEARCH    ]: carry=0 | base=1.89 | wall=0.89 | search=397 | target=phero(-0.79,-1.72)
R2[SEARCH    ]: carry=0 | base=1.88 | wall=0.82 | search= 85 | target=phero(-0.79,-1.72)
R3[SITE      ]: carry=0 | base=0.83 | wall=1.78 | search=  0 | target=site(-0.92,-1.87)
R4[GIVE_UP   ]: carry=0 | base=0.57 | wall=1.98 | search=624 | target=none

  [GIVE-UP] R4 returned empty after 624 searching steps
  [TARGET] R4 → WALL (2.42, 1.81)
[PICKUP] R3 picked up tag (density=4) | Total: 17

======================================================================
Step 10000 (5.3 min) | Pickups: 17 | Deposits: 16 | Rate: 3.00 tags/min | phero_entries=0 max_w=0.000
======================================================================
R1[SEARCH    ]: carry=0 | base=1.77 | wall=0.94 | search=897 | target=phero(-0.79,-1.72)
R2[GIVE_UP   ]: carry=0 | base=1.69 | wall=0.98 | search=468 | target=none
R3[SURVEY    ]: carry=1 | base=2.07 | wall=0.62 | search=  0 | target=none
R4[SEARCH    ]: carry=0 | base=0.38 | wall=2.20 | search=145 | target=none

  [GIVE-UP] R2 returned empty after 468 searching steps
  [TARGET] R2 → WALL (0.97, -2.42)

======================================================================
Step 10500 (5.6 min) | Pickups: 17 | Deposits: 16 | Rate: 2.86 tags/min | phero_entries=0 max_w=0.000
======================================================================
R1[SEARCH    ]: carry=0 | base=1.60 | wall=1.26 | search=1397 | target=phero(-0.79,-1.72)
R2[DEPART    ]: carry=0 | base=0.26 | wall=2.30 | search=  0 | target=none
R3[RTB       ]: carry=1 | base=0.55 | wall=1.99 | search=  0 | target=none
R4[SEARCH    ]: carry=0 | base=0.36 | wall=2.18 | search=645 | target=none

[DEPOSIT] R3 deposited! Total: 17
  [TARGET] R3 → WALL (2.42, -1.52)
[PICKUP] R3 picked up tag (density=12) | Total: 18

======================================================================
Step 11000 (5.9 min) | Pickups: 18 | Deposits: 17 | Rate: 2.90 tags/min | phero_entries=0 max_w=0.000
======================================================================
R1[SEARCH    ]: carry=0 | base=1.32 | wall=1.54 | search=1897 | target=phero(-0.79,-1.72)
R2[SEARCH    ]: carry=0 | base=0.58 | wall=1.93 | search=357 | target=none
R3[SURVEY    ]: carry=1 | base=1.05 | wall=1.73 | search=  0 | target=none
R4[SEARCH    ]: carry=0 | base=0.33 | wall=2.26 | search=1145 | target=none

[DEPOSIT] R3 deposited! Total: 18
  [PHERO] Laid at (0.77, -0.71) density=12 prob=0.79 entries=1
  [TARGET] R3 → SITE (0.77, -0.71)

======================================================================
Step 11500 (6.1 min) | Pickups: 18 | Deposits: 18 | Rate: 2.93 tags/min | phero_entries=1 max_w=0.655
======================================================================
R1[SEARCH    ]: carry=0 | base=1.06 | wall=1.66 | search=2397 | target=phero(-0.79,-1.72)
R2[SEARCH    ]: carry=0 | base=0.77 | wall=1.74 | search=857 | target=none
R3[BASE_ESC  ]: carry=0 | base=0.22 | wall=2.31 | search=  0 | target=site(0.77,-0.71)
R4[SEARCH    ]: carry=0 | base=0.39 | wall=2.14 | search=1645 | target=none

[PICKUP] R4 picked up tag (density=2) | Total: 19

======================================================================
Step 12000 (6.4 min) | Pickups: 19 | Deposits: 18 | Rate: 2.81 tags/min | phero_entries=1 max_w=0.033
======================================================================
R1[SEARCH    ]: carry=0 | base=1.13 | wall=1.68 | search=2897 | target=phero(-0.79,-1.72)
R2[SEARCH    ]: carry=0 | base=0.96 | wall=1.56 | search=1357 | target=none
R3[SEARCH    ]: carry=0 | base=0.94 | wall=1.81 | search=243 | target=site(0.77,-0.71)
R4[SURVEY    ]: carry=1 | base=0.47 | wall=2.05 | search=  0 | target=none

[DEPOSIT] R4 deposited! Total: 19
  [TARGET] R4 → SITE (0.45, -0.12)

======================================================================
Step 12500 (6.7 min) | Pickups: 19 | Deposits: 19 | Rate: 2.85 tags/min | phero_entries=1 max_w=0.002
======================================================================
R1[SEARCH    ]: carry=0 | base=1.31 | wall=1.48 | search=3397 | target=phero(-0.79,-1.72)
R2[SEARCH    ]: carry=0 | base=1.08 | wall=1.43 | search=1857 | target=none
R3[SEARCH    ]: carry=0 | base=0.85 | wall=1.83 | search=743 | target=site(0.77,-0.71)
R4[SEARCH    ]: carry=0 | base=0.47 | wall=2.06 | search= 47 | target=site(0.45,-0.12)


======================================================================
Step 13000 (6.9 min) | Pickups: 19 | Deposits: 19 | Rate: 2.74 tags/min | phero_entries=0 max_w=0.000
======================================================================
R1[SEARCH    ]: carry=0 | base=1.37 | wall=1.41 | search=3897 | target=phero(-0.79,-1.72)
R2[SEARCH    ]: carry=0 | base=1.17 | wall=1.34 | search=2357 | target=none
R3[GIVE_UP   ]: carry=0 | base=0.72 | wall=1.84 | search=1092 | target=none
R4[SEARCH    ]: carry=0 | base=0.65 | wall=1.92 | search=547 | target=site(0.45,-0.12)

  [GIVE-UP] R3 returned empty after 1092 searching steps
  [TARGET] R3 → WALL (-2.42, 0.92)

======================================================================
Step 13500 (7.2 min) | Pickups: 19 | Deposits: 19 | Rate: 2.64 tags/min | phero_entries=0 max_w=0.000
======================================================================
R1[SEARCH    ]: carry=0 | base=1.38 | wall=1.43 | search=4397 | target=phero(-0.79,-1.72)
R2[SEARCH    ]: carry=0 | base=1.08 | wall=1.46 | search=2857 | target=none
R3[DEPART    ]: carry=0 | base=0.27 | wall=2.28 | search=  0 | target=none
R4[SEARCH    ]: carry=0 | base=0.65 | wall=1.90 | search=1047 | target=site(0.45,-0.12)

[PICKUP] R4 picked up tag (density=1) | Total: 20
[PICKUP] R3 picked up tag (density=12) | Total: 21

======================================================================
Step 14000 (7.5 min) | Pickups: 21 | Deposits: 19 | Rate: 2.54 tags/min | phero_entries=0 max_w=0.000
======================================================================
R1[SEARCH    ]: carry=0 | base=1.44 | wall=1.30 | search=4897 | target=phero(-0.79,-1.72)
R2[SEARCH    ]: carry=0 | base=1.31 | wall=1.24 | search=3357 | target=none
R3[RTB       ]: carry=1 | base=1.02 | wall=1.50 | search=  0 | target=none
R4[RTB       ]: carry=1 | base=0.40 | wall=2.10 | search=  0 | target=none

[DEPOSIT] R4 deposited! Total: 20
  [TARGET] R4 → WALL (-1.03, 2.42)
[DEPOSIT] R3 deposited! Total: 21
  [PHERO] Laid at (-1.03, 0.22) density=12 prob=0.79 entries=1
  [TARGET] R3 → SITE (-1.03, 0.22)

======================================================================
Step 14500 (7.7 min) | Pickups: 21 | Deposits: 21 | Rate: 2.72 tags/min | phero_entries=1 max_w=0.168
======================================================================
R1[SEARCH    ]: carry=0 | base=1.41 | wall=1.30 | search=5397 | target=phero(-0.79,-1.72)
R2[SEARCH    ]: carry=0 | base=1.36 | wall=1.28 | search=3857 | target=none
R3[SITE      ]: carry=0 | base=0.91 | wall=1.61 | search=  0 | target=site(-1.03,0.22)
R4[SEARCH    ]: carry=0 | base=0.42 | wall=2.09 | search=192 | target=none


======================================================================
Step 15000 (8.0 min) | Pickups: 21 | Deposits: 21 | Rate: 2.62 tags/min | phero_entries=1 max_w=0.009
======================================================================
R1[SEARCH    ]: carry=0 | base=1.48 | wall=1.16 | search=5897 | target=phero(-0.79,-1.72)
R2[SEARCH    ]: carry=0 | base=1.18 | wall=1.53 | search=4357 | target=none
R3[GIVE_UP   ]: carry=0 | base=0.87 | wall=1.68 | search=468 | target=none
R4[SEARCH    ]: carry=0 | base=0.58 | wall=2.05 | search=692 | target=none

  [GIVE-UP] R3 returned empty after 468 searching steps
  [TARGET] R3 → PHERO (-1.03, 0.22)

======================================================================
Step 15500 (8.3 min) | Pickups: 21 | Deposits: 21 | Rate: 2.54 tags/min | phero_entries=0 max_w=0.000
======================================================================
R1[GIVE_UP   ]: carry=0 | base=0.72 | wall=1.85 | search=6084 | target=none
R2[SEARCH    ]: carry=0 | base=1.07 | wall=1.52 | search=4857 | target=none
R3[PHERO     ]: carry=0 | base=0.81 | wall=1.70 | search=  0 | target=phero(-1.03,0.22)
R4[GIVE_UP   ]: carry=0 | base=0.27 | wall=2.28 | search=1092 | target=none

  [GIVE-UP] R4 returned empty after 1092 searching steps
  [TARGET] R4 → WALL (2.42, 0.78)
  [GIVE-UP] R1 returned empty after 6084 searching steps
  [TARGET] R1 → WALL (-0.71, -2.42)

======================================================================
Step 16000 (8.5 min) | Pickups: 21 | Deposits: 21 | Rate: 2.46 tags/min | phero_entries=0 max_w=0.000
======================================================================
R1[SEARCH    ]: carry=0 | base=0.93 | wall=1.60 | search=112 | target=none
R2[SEARCH    ]: carry=0 | base=0.95 | wall=1.63 | search=5357 | target=none
R3[SEARCH    ]: carry=0 | base=0.84 | wall=1.68 | search=451 | target=phero(-1.03,0.22)
R4[DEPART    ]: carry=0 | base=1.72 | wall=0.86 | search=  0 | target=none


======================================================================
Step 16500 (8.8 min) | Pickups: 21 | Deposits: 21 | Rate: 2.39 tags/min | phero_entries=0 max_w=0.000
======================================================================
R1[SEARCH    ]: carry=0 | base=0.94 | wall=1.62 | search=612 | target=none
R2[GIVE_UP   ]: carry=0 | base=0.49 | wall=2.05 | search=5772 | target=none
R3[SEARCH    ]: carry=0 | base=0.92 | wall=1.63 | search=951 | target=phero(-1.03,0.22)
R4[SEARCH    ]: carry=0 | base=1.91 | wall=0.66 | search=419 | target=none

  [GIVE-UP] R2 returned empty after 5772 searching steps
  [TARGET] R2 → WALL (-1.14, 2.42)

======================================================================
Step 17000 (9.1 min) | Pickups: 21 | Deposits: 21 | Rate: 2.32 tags/min | phero_entries=0 max_w=0.000
======================================================================
R1[SEARCH    ]: carry=0 | base=1.12 | wall=1.60 | search=1112 | target=none
R2[SEARCH    ]: carry=0 | base=0.34 | wall=2.19 | search=172 | target=none
R3[SEARCH    ]: carry=0 | base=1.08 | wall=1.47 | search=1451 | target=phero(-1.03,0.22)
R4[SEARCH    ]: carry=0 | base=2.09 | wall=0.56 | search=919 | target=none

[PICKUP] R3 picked up tag (density=11) | Total: 22

======================================================================
Step 17500 (9.3 min) | Pickups: 22 | Deposits: 21 | Rate: 2.25 tags/min | phero_entries=0 max_w=0.000
======================================================================
R1[SEARCH    ]: carry=0 | base=1.11 | wall=1.66 | search=1612 | target=none
R2[SEARCH    ]: carry=0 | base=0.33 | wall=2.18 | search=672 | target=none
R3[SURVEY    ]: carry=1 | base=1.19 | wall=1.36 | search=  0 | target=none
R4[SEARCH    ]: carry=0 | base=1.89 | wall=0.81 | search=1419 | target=none

[DEPOSIT] R3 deposited! Total: 22
  [PHERO] Laid at (-1.14, 0.31) density=11 prob=0.70 entries=1
  [TARGET] R3 → SITE (-1.14, 0.31)

======================================================================
Step 18000 (9.6 min) | Pickups: 22 | Deposits: 22 | Rate: 2.29 tags/min | phero_entries=1 max_w=0.383
======================================================================
R1[SEARCH    ]: carry=0 | base=1.40 | wall=1.50 | search=2112 | target=none
R2[SEARCH    ]: carry=0 | base=0.35 | wall=2.24 | search=1172 | target=none
R3[SITE      ]: carry=0 | base=0.40 | wall=2.15 | search=  0 | target=site(-1.14,0.31)
R4[GIVE_UP   ]: carry=0 | base=0.84 | wall=1.72 | search=1560 | target=none

  [GIVE-UP] R4 returned empty after 1560 searching steps
  [TARGET] R4 → PHERO (-1.14, 0.31)

======================================================================
Step 18500 (9.9 min) | Pickups: 22 | Deposits: 22 | Rate: 2.23 tags/min | phero_entries=1 max_w=0.019
======================================================================
R1[SEARCH    ]: carry=0 | base=1.23 | wall=1.44 | search=2612 | target=none
R2[SEARCH    ]: carry=0 | base=0.37 | wall=2.19 | search=1672 | target=none
R3[SEARCH    ]: carry=0 | base=1.09 | wall=1.52 | search=305 | target=site(-1.14,0.31)
R4[PHERO     ]: carry=0 | base=0.26 | wall=2.26 | search=  0 | target=phero(-1.14,0.31)

TIMEOUT_RESULT pickups=22 deposits=22 steps=18750 elapsed_min=10.000000
BATCH_RESULT pickups=22 deposits=22
