=================================================================
CPFA BASELINE — ARGoS-calibrated parameters
  Params file                  = /home/sara/Documents/RL-FL-Foraging/cpfa_tuning_20260715_140546/trial_021/params.yaml
  Results file                 = /home/sara/Documents/RL-FL-Foraging/controllers/cpfa_baseline/results/cpfa_baseline_results_20260715_144237_2.txt
  RateOfLayingPheromone        = 11.882215033888992
  RateOfSiteFidelity           = 2.2612715253508777
  RateOfPheromoneDecay         = 0.029748400079120732 /s  (lifetime ~232s)
  ProbabilityOfReturningToNest = 0.11829960362200143 (every 5 sec → E[give-up] ~42s)
  UninformedSearchVariation    = 0.08 rad (4.6°)
  RateOfInformedSearchDecay    = 1.0323672822480112 /waypoint
  ProbabilityOfSwitchingToSearching = 0.5626466613425891 (every 5 sec in uninformed DEPARTING)
=================================================================

[PICKUP] R2 picked up tag (density=6) | Total: 1
[PICKUP] R4 picked up tag (density=9) | Total: 2
[PICKUP] R3 picked up tag (density=12) | Total: 3
[DEPOSIT] R4 deposited! Total: 1
  [TARGET] R4 → SITE (0.00, -0.50)
[DEPOSIT] R2 deposited! Total: 2
  [TARGET] R2 → SITE (0.50, 0.00)
[PICKUP] R4 picked up tag (density=10) | Total: 4

======================================================================
Step 500 (0.3 min) | Pickups: 4 | Deposits: 2 | Rate: 7.50 tags/min | phero_entries=0 max_w=0.000
======================================================================
R1[SEARCH    ]: carry=0 | base=1.61 | wall=0.94 | search= 32 | target=none
R2[SITE      ]: carry=0 | base=0.28 | wall=2.25 | search=  0 | target=site(0.50,0.00)
R3[RTB       ]: carry=1 | base=1.25 | wall=1.49 | search=  0 | target=none
R4[SURVEY    ]: carry=1 | base=0.35 | wall=2.18 | search=  0 | target=none

[PICKUP] R2 picked up tag (density=8) | Total: 5
[DEPOSIT] R3 deposited! Total: 3
  [PHERO] Laid at (0.70, 1.09) density=12 prob=0.59 entries=1
  [TARGET] R3 → SITE (0.70, 1.09)
[DEPOSIT] R4 deposited! Total: 4
  [TARGET] R4 → SITE (0.13, -0.32)
[DEPOSIT] R2 deposited! Total: 5
  [TARGET] R2 → SITE (0.37, -0.12)
[PICKUP] R4 picked up tag (density=9) | Total: 6

======================================================================
Step 1000 (0.5 min) | Pickups: 6 | Deposits: 5 | Rate: 9.38 tags/min | phero_entries=1 max_w=0.800
======================================================================
R1[WALL_ESC  ]: carry=0 | base=2.24 | wall=0.33 | search=532 | target=none
R2[SITE      ]: carry=0 | base=0.27 | wall=2.24 | search=  0 | target=site(0.37,-0.12)
R3[SITE      ]: carry=0 | base=0.66 | wall=2.00 | search=  0 | target=site(0.70,1.09)
R4[SURVEY    ]: carry=1 | base=0.36 | wall=2.18 | search=  0 | target=none

[PICKUP] R2 picked up tag (density=4) | Total: 7
[PICKUP] R3 picked up tag (density=11) | Total: 8
[DEPOSIT] R4 deposited! Total: 6
  [PHERO] Laid at (0.18, -0.32) density=9 prob=0.25 entries=2
  [TARGET] R4 → SITE (0.18, -0.32)

======================================================================
Step 1500 (0.8 min) | Pickups: 8 | Deposits: 6 | Rate: 7.50 tags/min | phero_entries=2 max_w=0.843
======================================================================
R1[GIVE_UP   ]: carry=0 | base=0.66 | wall=1.86 | search=624 | target=none
R2[RTB       ]: carry=1 | base=0.30 | wall=2.20 | search=  0 | target=none
R3[RTB       ]: carry=1 | base=1.23 | wall=1.53 | search=  0 | target=none
R4[SITE      ]: carry=0 | base=0.34 | wall=2.24 | search=  0 | target=site(0.18,-0.32)

[DEPOSIT] R2 deposited! Total: 7
  [TARGET] R2 → SITE (0.44, -0.12)
  [GIVE-UP] R1 returned empty after 624 searching steps
  [TARGET] R1 → PHERO (0.18, -0.32)
[DEPOSIT] R3 deposited! Total: 8
  [PHERO] Laid at (0.73, 1.06) density=11 prob=0.48 entries=3
  [TARGET] R3 → SITE (0.73, 1.06)
[PICKUP] R2 picked up tag (density=4) | Total: 9

======================================================================
Step 2000 (1.1 min) | Pickups: 9 | Deposits: 8 | Rate: 7.50 tags/min | phero_entries=3 max_w=0.797
======================================================================
R1[PHERO     ]: carry=0 | base=0.26 | wall=2.29 | search=  0 | target=phero(0.18,-0.32)
R2[SURVEY    ]: carry=1 | base=0.54 | wall=1.99 | search=  0 | target=none
R3[SITE      ]: carry=0 | base=0.67 | wall=2.01 | search=  0 | target=site(0.73,1.06)
R4[GIVE_UP   ]: carry=0 | base=0.45 | wall=2.17 | search=468 | target=none

  [GIVE-UP] R4 returned empty after 468 searching steps
  [TARGET] R4 → PHERO (0.18, -0.32)
[PICKUP] R3 picked up tag (density=10) | Total: 10
[DEPOSIT] R2 deposited! Total: 9
  [TARGET] R2 → SITE (0.51, -0.19)

======================================================================
Step 2500 (1.3 min) | Pickups: 10 | Deposits: 9 | Rate: 6.75 tags/min | phero_entries=3 max_w=0.495
======================================================================
R1[PHERO     ]: carry=0 | base=0.30 | wall=2.21 | search=  0 | target=phero(0.18,-0.32)
R2[SITE      ]: carry=0 | base=0.48 | wall=2.03 | search=  0 | target=site(0.51,-0.19)
R3[RTB       ]: carry=1 | base=1.15 | wall=1.64 | search=  0 | target=none
R4[SEARCH    ]: carry=0 | base=0.35 | wall=2.18 | search= 30 | target=phero(0.18,-0.32)

[PICKUP] R4 picked up tag (density=6) | Total: 11
[DEPOSIT] R3 deposited! Total: 10
  [PHERO] Laid at (0.77, 1.03) density=10 prob=0.36 entries=4
  [TARGET] R3 → SITE (0.77, 1.03)
  [GIVE-UP] R1 returned empty after 312 searching steps
  [TARGET] R1 → PHERO (0.77, 1.03)
[DEPOSIT] R4 deposited! Total: 11
  [PHERO] Laid at (0.20, -0.39) density=6 prob=0.05 entries=5
  [TARGET] R4 → SITE (0.20, -0.39)

======================================================================
Step 3000 (1.6 min) | Pickups: 11 | Deposits: 11 | Rate: 6.88 tags/min | phero_entries=5 max_w=0.952
======================================================================
R1[PHERO     ]: carry=0 | base=0.53 | wall=2.04 | search=  0 | target=phero(0.77,1.03)
R2[SEARCH    ]: carry=0 | base=1.08 | wall=1.51 | search=492 | target=site(0.51,-0.19)
R3[SITE      ]: carry=0 | base=0.78 | wall=1.92 | search=  0 | target=site(0.77,1.03)
R4[BASE_ESC  ]: carry=0 | base=0.22 | wall=2.34 | search=  0 | target=site(0.20,-0.39)

[PICKUP] R3 picked up tag (density=9) | Total: 12
[PICKUP] R1 picked up tag (density=8) | Total: 13

======================================================================
Step 3500 (1.9 min) | Pickups: 13 | Deposits: 11 | Rate: 5.89 tags/min | phero_entries=5 max_w=0.591
======================================================================
R1[RTB       ]: carry=1 | base=0.72 | wall=1.96 | search=  0 | target=none
R2[SEARCH    ]: carry=0 | base=2.29 | wall=0.36 | search=992 | target=site(0.51,-0.19)
R3[RTB       ]: carry=1 | base=0.68 | wall=1.99 | search=  0 | target=none
R4[SEARCH    ]: carry=0 | base=0.26 | wall=2.24 | search=346 | target=site(0.20,-0.39)

[DEPOSIT] R3 deposited! Total: 12
  [TARGET] R3 → SITE (0.69, 0.89)
[DEPOSIT] R1 deposited! Total: 13
  [TARGET] R1 → SITE (0.69, 0.82)

======================================================================
Step 4000 (2.1 min) | Pickups: 13 | Deposits: 13 | Rate: 6.09 tags/min | phero_entries=5 max_w=0.367
======================================================================
R1[SEARCH    ]: carry=0 | base=1.04 | wall=1.70 | search= 16 | target=site(0.69,0.82)
R2[SEARCH    ]: carry=0 | base=2.29 | wall=0.37 | search=1492 | target=site(0.51,-0.19)
R3[SEARCH    ]: carry=0 | base=1.10 | wall=1.63 | search= 29 | target=site(0.69,0.89)
R4[SEARCH    ]: carry=0 | base=1.01 | wall=1.63 | search=846 | target=site(0.20,-0.39)

[PICKUP] R3 picked up tag (density=7) | Total: 14

======================================================================
Step 4500 (2.4 min) | Pickups: 14 | Deposits: 13 | Rate: 5.42 tags/min | phero_entries=5 max_w=0.228
======================================================================
R1[GIVE_UP   ]: carry=0 | base=0.69 | wall=1.95 | search=312 | target=none
R2[SEARCH    ]: carry=0 | base=2.28 | wall=0.38 | search=1992 | target=site(0.51,-0.19)
R3[RTB       ]: carry=1 | base=0.74 | wall=1.95 | search=  0 | target=none
R4[WALL_ESC  ]: carry=0 | base=2.71 | wall=0.33 | search=1346 | target=site(0.20,-0.39)

  [GIVE-UP] R1 returned empty after 312 searching steps
  [TARGET] R1 → PHERO (0.77, 1.03)
[DEPOSIT] R3 deposited! Total: 14
  [TARGET] R3 → SITE (0.77, 0.83)

======================================================================
Step 5000 (2.7 min) | Pickups: 14 | Deposits: 14 | Rate: 5.25 tags/min | phero_entries=5 max_w=0.142
======================================================================
R1[PHERO     ]: carry=0 | base=1.12 | wall=1.63 | search=  0 | target=phero(0.77,1.03)
R2[SEARCH    ]: carry=0 | base=2.27 | wall=0.38 | search=2492 | target=site(0.51,-0.19)
R3[SITE      ]: carry=0 | base=1.05 | wall=1.72 | search=  0 | target=site(0.77,0.83)
R4[SEARCH    ]: carry=0 | base=2.59 | wall=0.39 | search=1846 | target=site(0.20,-0.39)

[PICKUP] R1 picked up tag (density=6) | Total: 15
[PICKUP] R3 picked up tag (density=5) | Total: 16
[PICKUP] R2 picked up tag (density=2) | Total: 17

======================================================================
Step 5500 (2.9 min) | Pickups: 17 | Deposits: 14 | Rate: 4.77 tags/min | phero_entries=5 max_w=0.088
======================================================================
R1[RTB       ]: carry=1 | base=0.53 | wall=2.11 | search=  0 | target=none
R2[SURVEY    ]: carry=1 | base=0.79 | wall=1.76 | search=  0 | target=none
R3[SURVEY    ]: carry=1 | base=1.14 | wall=1.62 | search=  0 | target=none
R4[WALL_ESC  ]: carry=0 | base=2.74 | wall=0.32 | search=2346 | target=site(0.20,-0.39)

[DEPOSIT] R1 deposited! Total: 15
  [TARGET] R1 → SITE (0.78, 1.00)
[DEPOSIT] R3 deposited! Total: 16
  [TARGET] R3 → SITE (0.87, 0.72)
[DEPOSIT] R2 deposited! Total: 17
  [TARGET] R2 → SITE (0.75, -0.27)

======================================================================
Step 6000 (3.2 min) | Pickups: 17 | Deposits: 17 | Rate: 5.31 tags/min | phero_entries=5 max_w=0.055
======================================================================
R1[SEARCH    ]: carry=0 | base=1.25 | wall=1.51 | search= 41 | target=site(0.78,1.00)
R2[BASE_ESC  ]: carry=0 | base=0.23 | wall=2.27 | search=  0 | target=site(0.75,-0.27)
R3[SITE      ]: carry=0 | base=0.37 | wall=2.22 | search=  0 | target=site(0.87,0.72)
R4[SEARCH    ]: carry=0 | base=2.63 | wall=0.40 | search=2846 | target=site(0.20,-0.39)

[PICKUP] R2 picked up tag (density=1) | Total: 18
[PICKUP] R3 picked up tag (density=4) | Total: 19
[PICKUP] R1 picked up tag (density=3) | Total: 20
[DEPOSIT] R2 deposited! Total: 18
  [TARGET] R2 → SITE (0.52, -0.09)

======================================================================
Step 6500 (3.5 min) | Pickups: 20 | Deposits: 18 | Rate: 5.19 tags/min | phero_entries=5 max_w=0.034
======================================================================
R1[RTB       ]: carry=1 | base=1.33 | wall=1.50 | search=  0 | target=none
R2[BASE_ESC  ]: carry=0 | base=0.24 | wall=2.26 | search=  0 | target=site(0.52,-0.09)
R3[RTB       ]: carry=1 | base=1.10 | wall=1.62 | search=  0 | target=none
R4[WALL_ESC  ]: carry=0 | base=2.71 | wall=0.32 | search=3346 | target=site(0.20,-0.39)

[DEPOSIT] R3 deposited! Total: 19
  [TARGET] R3 → SITE (0.87, 0.74)
[DEPOSIT] R1 deposited! Total: 20
  [TARGET] R1 → SITE (0.85, 1.01)

======================================================================
Step 7000 (3.7 min) | Pickups: 20 | Deposits: 20 | Rate: 5.36 tags/min | phero_entries=5 max_w=0.021
======================================================================
R1[SITE      ]: carry=0 | base=0.48 | wall=2.11 | search=  0 | target=site(0.85,1.01)
R2[SEARCH    ]: carry=0 | base=0.36 | wall=2.15 | search=280 | target=site(0.52,-0.09)
R3[SITE      ]: carry=0 | base=0.81 | wall=1.85 | search=  0 | target=site(0.87,0.74)
R4[WALL_ESC  ]: carry=0 | base=2.73 | wall=0.34 | search=3846 | target=site(0.20,-0.39)

[PICKUP] R1 picked up tag (density=2) | Total: 21

======================================================================
Step 7500 (4.0 min) | Pickups: 21 | Deposits: 20 | Rate: 5.00 tags/min | phero_entries=5 max_w=0.013
======================================================================
R1[RTB       ]: carry=1 | base=1.19 | wall=1.66 | search=  0 | target=none
R2[SEARCH    ]: carry=0 | base=2.04 | wall=0.58 | search=780 | target=site(0.52,-0.09)
R3[SEARCH    ]: carry=0 | base=1.46 | wall=1.06 | search=425 | target=site(0.87,0.74)
R4[GIVE_UP   ]: carry=0 | base=2.44 | wall=0.53 | search=4212 | target=none

[DEPOSIT] R1 deposited! Total: 21
  [TARGET] R1 → SITE (0.85, 0.99)

======================================================================
Step 8000 (4.3 min) | Pickups: 21 | Deposits: 21 | Rate: 4.92 tags/min | phero_entries=5 max_w=0.008
======================================================================
R1[SITE      ]: carry=0 | base=0.74 | wall=1.96 | search=  0 | target=site(0.85,0.99)
R2[GIVE_UP   ]: carry=0 | base=1.14 | wall=1.46 | search=936 | target=none
R3[SEARCH    ]: carry=0 | base=2.46 | wall=0.35 | search=925 | target=site(0.87,0.74)
R4[GIVE_UP   ]: carry=0 | base=0.52 | wall=2.08 | search=4212 | target=none

  [GIVE-UP] R4 returned empty after 4212 searching steps
  [TARGET] R4 → PHERO (0.20, -0.39)
  [GIVE-UP] R2 returned empty after 936 searching steps
  [TARGET] R2 → PHERO (0.20, -0.39)
[PICKUP] R2 picked up tag (density=5) | Total: 22

======================================================================
Step 8500 (4.5 min) | Pickups: 22 | Deposits: 21 | Rate: 4.63 tags/min | phero_entries=4 max_w=0.005
======================================================================
R1[SEARCH    ]: carry=0 | base=0.66 | wall=1.92 | search=363 | target=site(0.85,0.99)
R2[SURVEY    ]: carry=1 | base=0.42 | wall=2.11 | search=  0 | target=none
R3[WALL_ESC  ]: carry=0 | base=2.91 | wall=0.34 | search=1425 | target=site(0.87,0.74)
R4[PHERO     ]: carry=0 | base=0.26 | wall=2.26 | search=  0 | target=phero(0.20,-0.39)

[PICKUP] R4 picked up tag (density=4) | Total: 23
[DEPOSIT] R2 deposited! Total: 22
  [TARGET] R2 → PHERO (0.77, 1.03)
[DEPOSIT] R4 deposited! Total: 23
  [TARGET] R4 → SITE (0.17, -0.41)

======================================================================
Step 9000 (4.8 min) | Pickups: 23 | Deposits: 23 | Rate: 4.79 tags/min | phero_entries=3 max_w=0.003
======================================================================
R1[SEARCH    ]: carry=0 | base=0.26 | wall=2.25 | search=863 | target=site(0.85,0.99)
R2[PHERO     ]: carry=0 | base=0.30 | wall=2.23 | search=  0 | target=phero(0.77,1.03)
R3[WALL_ESC  ]: carry=0 | base=3.01 | wall=0.33 | search=1925 | target=site(0.87,0.74)
R4[BASE_ESC  ]: carry=0 | base=0.22 | wall=2.34 | search=  0 | target=site(0.17,-0.41)

[PICKUP] R1 picked up tag (density=3) | Total: 24
[PICKUP] R4 picked up tag (density=2) | Total: 25
[DEPOSIT] R1 deposited! Total: 24
  [TARGET] R1 → SITE (0.09, -0.41)

======================================================================
Step 9500 (5.1 min) | Pickups: 25 | Deposits: 24 | Rate: 4.74 tags/min | phero_entries=2 max_w=0.002
======================================================================
R1[BASE_ESC  ]: carry=0 | base=0.23 | wall=2.29 | search=  0 | target=site(0.09,-0.41)
R2[SEARCH    ]: carry=0 | base=1.25 | wall=1.58 | search=170 | target=phero(0.77,1.03)
R3[SEARCH    ]: carry=0 | base=2.92 | wall=0.39 | search=2425 | target=site(0.87,0.74)
R4[SURVEY    ]: carry=1 | base=0.49 | wall=2.03 | search=  0 | target=none

[PICKUP] R2 picked up tag (density=1) | Total: 26
[DEPOSIT] R4 deposited! Total: 25
  [TARGET] R4 → SITE (0.13, -0.47)
[PICKUP] R3 picked up tag (density=16) | Total: 27
  [GIVE-UP] R1 returned empty after 156 searching steps
  [TARGET] R1 → PHERO (0.77, 1.03)

======================================================================
Step 10000 (5.3 min) | Pickups: 27 | Deposits: 25 | Rate: 4.69 tags/min | phero_entries=1 max_w=0.001
======================================================================
R1[BASE_ESC  ]: carry=0 | base=0.22 | wall=2.33 | search=  0 | target=phero(0.77,1.03)
R2[RTB       ]: carry=1 | base=0.28 | wall=2.29 | search=  0 | target=none
R3[SURVEY    ]: carry=1 | base=2.40 | wall=0.76 | search=  0 | target=none
R4[SITE      ]: carry=0 | base=0.46 | wall=2.07 | search=  0 | target=site(0.13,-0.47)

[DEPOSIT] R2 deposited! Total: 26
  [TARGET] R2 → SITE (0.85, 0.92)
[PICKUP] R4 picked up tag (density=1) | Total: 28
[DEPOSIT] R4 deposited! Total: 27
  [TARGET] R4 → SITE (0.15, -0.47)

======================================================================
Step 10500 (5.6 min) | Pickups: 28 | Deposits: 27 | Rate: 4.82 tags/min | phero_entries=0 max_w=0.000
======================================================================
R1[SEARCH    ]: carry=0 | base=1.26 | wall=1.48 | search= 70 | target=phero(0.77,1.03)
R2[SEARCH    ]: carry=0 | base=1.22 | wall=1.60 | search=114 | target=site(0.85,0.92)
R3[RTB       ]: carry=1 | base=1.19 | wall=1.60 | search=  0 | target=none
R4[SITE      ]: carry=0 | base=0.28 | wall=2.30 | search=  0 | target=site(0.15,-0.47)

[DEPOSIT] R3 deposited! Total: 28
  [PHERO] Laid at (1.74, -1.66) density=16 prob=0.90 entries=1
  [TARGET] R3 → SITE (1.74, -1.66)

======================================================================
Step 11000 (5.9 min) | Pickups: 28 | Deposits: 28 | Rate: 4.77 tags/min | phero_entries=1 max_w=0.784
======================================================================
R1[SEARCH    ]: carry=0 | base=2.22 | wall=0.75 | search=570 | target=phero(0.77,1.03)
R2[SEARCH    ]: carry=0 | base=2.12 | wall=0.42 | search=614 | target=site(0.85,0.92)
R3[SITE      ]: carry=0 | base=0.77 | wall=1.92 | search=  0 | target=site(1.74,-1.66)
R4[SEARCH    ]: carry=0 | base=1.12 | wall=1.60 | search=417 | target=site(0.15,-0.47)

[PICKUP] R3 picked up tag (density=15) | Total: 29

======================================================================
Step 11500 (6.1 min) | Pickups: 29 | Deposits: 28 | Rate: 4.57 tags/min | phero_entries=1 max_w=0.487
======================================================================
R1[SEARCH    ]: carry=0 | base=2.81 | wall=0.36 | search=1070 | target=phero(0.77,1.03)
R2[GIVE_UP   ]: carry=0 | base=0.67 | wall=1.84 | search=624 | target=none
R3[RTB       ]: carry=1 | base=1.80 | wall=1.19 | search=  0 | target=none
R4[SEARCH    ]: carry=0 | base=2.25 | wall=0.37 | search=917 | target=site(0.15,-0.47)

  [GIVE-UP] R2 returned empty after 624 searching steps
  [TARGET] R2 → PHERO (1.74, -1.66)
[DEPOSIT] R3 deposited! Total: 29
  [PHERO] Laid at (1.28, -1.25) density=15 prob=0.85 entries=2
  [TARGET] R3 → SITE (1.28, -1.25)

======================================================================
Step 12000 (6.4 min) | Pickups: 29 | Deposits: 29 | Rate: 4.53 tags/min | phero_entries=2 max_w=0.946
======================================================================
R1[SEARCH    ]: carry=0 | base=2.73 | wall=0.38 | search=1570 | target=phero(0.77,1.03)
R2[PHERO     ]: carry=0 | base=0.49 | wall=2.03 | search=  0 | target=phero(1.74,-1.66)
R3[BASE_ESC  ]: carry=0 | base=0.22 | wall=2.34 | search=  0 | target=site(1.28,-1.25)
R4[SEARCH    ]: carry=0 | base=2.24 | wall=0.38 | search=1417 | target=site(0.15,-0.47)

[PICKUP] R2 picked up tag (density=14) | Total: 30

======================================================================
Step 12500 (6.7 min) | Pickups: 30 | Deposits: 29 | Rate: 4.35 tags/min | phero_entries=2 max_w=0.588
======================================================================
R1[GIVE_UP   ]: carry=0 | base=1.87 | wall=1.04 | search=1716 | target=none
R2[SURVEY    ]: carry=1 | base=1.86 | wall=1.12 | search=  0 | target=none
R3[SEARCH    ]: carry=0 | base=1.80 | wall=1.20 | search= 49 | target=site(1.28,-1.25)
R4[SEARCH    ]: carry=0 | base=2.23 | wall=0.38 | search=1917 | target=site(0.15,-0.47)

  [GIVE-UP] R1 returned empty after 1716 searching steps
  [TARGET] R1 → PHERO (1.28, -1.25)

======================================================================
Step 13000 (6.9 min) | Pickups: 30 | Deposits: 29 | Rate: 4.18 tags/min | phero_entries=2 max_w=0.365
======================================================================
R1[BASE_ESC  ]: carry=0 | base=0.22 | wall=2.33 | search=  0 | target=phero(1.28,-1.25)
R2[RTB       ]: carry=1 | base=0.53 | wall=2.09 | search=  0 | target=none
R3[SEARCH    ]: carry=0 | base=1.73 | wall=0.78 | search=549 | target=site(1.28,-1.25)
R4[SEARCH    ]: carry=0 | base=2.23 | wall=0.39 | search=2417 | target=site(0.15,-0.47)

[DEPOSIT] R2 deposited! Total: 30
  [PHERO] Laid at (1.38, -1.23) density=14 prob=0.78 entries=3
  [TARGET] R2 → SITE (1.38, -1.23)

======================================================================
Step 13500 (7.2 min) | Pickups: 30 | Deposits: 30 | Rate: 4.17 tags/min | phero_entries=3 max_w=0.665
======================================================================
R1[PHERO     ]: carry=0 | base=1.45 | wall=1.42 | search=  0 | target=phero(1.28,-1.25)
R2[SITE      ]: carry=0 | base=1.38 | wall=1.45 | search=  0 | target=site(1.38,-1.23)
R3[WALL_ESC  ]: carry=0 | base=2.22 | wall=0.33 | search=1049 | target=site(1.28,-1.25)
R4[GIVE_UP   ]: carry=0 | base=1.03 | wall=1.55 | search=2496 | target=none

  [GIVE-UP] R4 returned empty after 2496 searching steps
  [TARGET] R4 → PHERO (1.28, -1.25)
[PICKUP] R1 picked up tag (density=13) | Total: 31
[PICKUP] R2 picked up tag (density=12) | Total: 32

======================================================================
Step 14000 (7.5 min) | Pickups: 32 | Deposits: 30 | Rate: 4.02 tags/min | phero_entries=3 max_w=0.413
======================================================================
R1[RTB       ]: carry=1 | base=1.74 | wall=1.22 | search=  0 | target=none
R2[SURVEY    ]: carry=1 | base=1.90 | wall=1.14 | search=  0 | target=none
R3[WALL_ESC  ]: carry=0 | base=2.22 | wall=0.33 | search=1549 | target=site(1.28,-1.25)
R4[PHERO     ]: carry=0 | base=0.95 | wall=1.81 | search=  0 | target=phero(1.28,-1.25)

[DEPOSIT] R1 deposited! Total: 31
  [PHERO] Laid at (1.28, -1.33) density=13 prob=0.69 entries=4
  [TARGET] R1 → SITE (1.28, -1.33)

======================================================================
Step 14500 (7.7 min) | Pickups: 32 | Deposits: 31 | Rate: 4.01 tags/min | phero_entries=4 max_w=0.908
======================================================================
R1[BASE_ESC  ]: carry=0 | base=0.23 | wall=2.30 | search=  0 | target=site(1.28,-1.33)
R2[RTB       ]: carry=1 | base=0.96 | wall=1.78 | search=  0 | target=none
R3[WALL_ESC  ]: carry=0 | base=2.22 | wall=0.33 | search=2049 | target=site(1.28,-1.25)
R4[SEARCH    ]: carry=0 | base=1.74 | wall=1.14 | search=288 | target=phero(1.28,-1.25)

[DEPOSIT] R2 deposited! Total: 32
  [PHERO] Laid at (1.33, -1.36) density=12 prob=0.59 entries=5
  [TARGET] R2 → SITE (1.33, -1.36)

======================================================================
Step 15000 (8.0 min) | Pickups: 32 | Deposits: 32 | Rate: 4.00 tags/min | phero_entries=5 max_w=0.742
======================================================================
R1[SEARCH    ]: carry=0 | base=1.85 | wall=1.18 | search= 68 | target=site(1.28,-1.33)
R2[SITE      ]: carry=0 | base=0.99 | wall=1.76 | search=  0 | target=site(1.33,-1.36)
R3[WALL_ESC  ]: carry=0 | base=2.21 | wall=0.34 | search=2549 | target=site(1.28,-1.25)
R4[SEARCH    ]: carry=0 | base=2.25 | wall=0.37 | search=788 | target=phero(1.28,-1.25)


======================================================================
Step 15500 (8.3 min) | Pickups: 32 | Deposits: 32 | Rate: 3.87 tags/min | phero_entries=5 max_w=0.461
======================================================================
R1[SEARCH    ]: carry=0 | base=2.00 | wall=0.51 | search=568 | target=site(1.28,-1.33)
R2[SEARCH    ]: carry=0 | base=1.85 | wall=1.12 | search=275 | target=site(1.33,-1.36)
R3[WALL_ESC  ]: carry=0 | base=2.21 | wall=0.34 | search=3049 | target=site(1.28,-1.25)
R4[GIVE_UP   ]: carry=0 | base=1.62 | wall=0.99 | search=1092 | target=none

[PICKUP] R2 picked up tag (density=11) | Total: 33
  [GIVE-UP] R4 returned empty after 1092 searching steps
  [TARGET] R4 → PHERO (1.33, -1.36)

======================================================================
Step 16000 (8.5 min) | Pickups: 33 | Deposits: 32 | Rate: 3.75 tags/min | phero_entries=5 max_w=0.287
======================================================================
R1[WALL_ESC  ]: carry=0 | base=2.16 | wall=0.34 | search=1068 | target=site(1.28,-1.33)
R2[RTB       ]: carry=1 | base=1.11 | wall=1.71 | search=  0 | target=none
R3[GIVE_UP   ]: carry=0 | base=1.96 | wall=0.58 | search=3432 | target=none
R4[PHERO     ]: carry=0 | base=0.31 | wall=2.19 | search=  0 | target=phero(1.33,-1.36)

[DEPOSIT] R2 deposited! Total: 33
  [TARGET] R2 → SITE (1.25, -1.43)
  [GIVE-UP] R3 returned empty after 3432 searching steps
  [TARGET] R3 → PHERO (1.28, -1.33)

======================================================================
Step 16500 (8.8 min) | Pickups: 33 | Deposits: 33 | Rate: 3.75 tags/min | phero_entries=5 max_w=0.178
======================================================================
R1[WALL_ESC  ]: carry=0 | base=2.16 | wall=0.34 | search=1568 | target=site(1.28,-1.33)
R2[SITE      ]: carry=0 | base=0.85 | wall=1.83 | search=  0 | target=site(1.25,-1.43)
R3[BASE_ESC  ]: carry=0 | base=0.22 | wall=2.29 | search=  0 | target=phero(1.28,-1.33)
R4[SEARCH    ]: carry=0 | base=1.88 | wall=1.17 | search= 74 | target=phero(1.33,-1.36)

[PICKUP] R4 picked up tag (density=10) | Total: 34

======================================================================
Step 17000 (9.1 min) | Pickups: 34 | Deposits: 33 | Rate: 3.64 tags/min | phero_entries=5 max_w=0.111
======================================================================
R1[WALL_ESC  ]: carry=0 | base=2.17 | wall=0.33 | search=2068 | target=site(1.28,-1.33)
R2[SEARCH    ]: carry=0 | base=1.80 | wall=1.12 | search=238 | target=site(1.25,-1.43)
R3[PHERO     ]: carry=0 | base=1.57 | wall=1.34 | search=  0 | target=phero(1.28,-1.33)
R4[RTB       ]: carry=1 | base=1.95 | wall=1.07 | search=  0 | target=none

[DEPOSIT] R4 deposited! Total: 34
  [PHERO] Laid at (1.30, -1.47) density=10 prob=0.36 entries=6
  [TARGET] R4 → SITE (1.30, -1.47)

======================================================================
Step 17500 (9.3 min) | Pickups: 34 | Deposits: 34 | Rate: 3.64 tags/min | phero_entries=6 max_w=0.971
======================================================================
R1[WALL_ESC  ]: carry=0 | base=2.17 | wall=0.33 | search=2568 | target=site(1.28,-1.33)
R2[GIVE_UP   ]: carry=0 | base=1.63 | wall=0.97 | search=468 | target=none
R3[SEARCH    ]: carry=0 | base=0.81 | wall=1.91 | search=423 | target=phero(1.28,-1.33)
R4[BASE_ESC  ]: carry=0 | base=0.22 | wall=2.33 | search=  0 | target=site(1.30,-1.47)

  [GIVE-UP] R2 returned empty after 468 searching steps
  [TARGET] R2 → PHERO (1.28, -1.33)

======================================================================
Step 18000 (9.6 min) | Pickups: 34 | Deposits: 34 | Rate: 3.54 tags/min | phero_entries=6 max_w=0.603
======================================================================
R1[GIVE_UP   ]: carry=0 | base=1.89 | wall=0.61 | search=2964 | target=none
R2[PHERO     ]: carry=0 | base=0.30 | wall=2.20 | search=  0 | target=phero(1.28,-1.33)
R3[SEARCH    ]: carry=0 | base=0.29 | wall=2.21 | search=923 | target=phero(1.28,-1.33)
R4[SITE      ]: carry=0 | base=1.75 | wall=1.20 | search=  0 | target=site(1.30,-1.47)

[PICKUP] R4 picked up tag (density=9) | Total: 35
  [GIVE-UP] R1 returned empty after 2964 searching steps
  [TARGET] R1 → PHERO (1.30, -1.47)

======================================================================
Step 18500 (9.9 min) | Pickups: 35 | Deposits: 34 | Rate: 3.45 tags/min | phero_entries=5 max_w=0.375
======================================================================
R1[BASE_ESC  ]: carry=0 | base=0.22 | wall=2.28 | search=  0 | target=phero(1.30,-1.47)
R2[SEARCH    ]: carry=0 | base=1.82 | wall=1.21 | search= 77 | target=phero(1.28,-1.33)
R3[SEARCH    ]: carry=0 | base=1.76 | wall=0.88 | search=1423 | target=phero(1.28,-1.33)
R4[RTB       ]: carry=1 | base=1.34 | wall=1.54 | search=  0 | target=none

TIMEOUT_RESULT pickups=35 deposits=34 steps=18750 elapsed_min=10.000000
BATCH_RESULT pickups=35 deposits=34
