=================================================================
CPFA BASELINE — ARGoS-calibrated parameters
  Params file                  = /home/sara/Documents/RL-FL-Foraging/cpfa_tuning_20260715_140546/trial_021/params.yaml
  Results file                 = /home/sara/Documents/RL-FL-Foraging/controllers/cpfa_baseline/results/cpfa_baseline_results_20260715_144237_4.txt
  RateOfLayingPheromone        = 11.882215033888992
  RateOfSiteFidelity           = 2.2612715253508777
  RateOfPheromoneDecay         = 0.029748400079120732 /s  (lifetime ~232s)
  ProbabilityOfReturningToNest = 0.11829960362200143 (every 5 sec → E[give-up] ~42s)
  UninformedSearchVariation    = 0.08 rad (4.6°)
  RateOfInformedSearchDecay    = 1.0323672822480112 /waypoint
  ProbabilityOfSwitchingToSearching = 0.5626466613425891 (every 5 sec in uninformed DEPARTING)
=================================================================

[PICKUP] R3 picked up tag (density=6) | Total: 1
[DEPOSIT] R3 deposited! Total: 1
  [TARGET] R3 → SITE (0.00, 0.50)
[PICKUP] R2 picked up tag (density=5) | Total: 2
[PICKUP] R4 picked up tag (density=9) | Total: 3

======================================================================
Step 500 (0.3 min) | Pickups: 3 | Deposits: 1 | Rate: 3.75 tags/min | phero_entries=0 max_w=0.000
======================================================================
R1[GIVE_UP   ]: carry=0 | base=0.79 | wall=1.78 | search=312 | target=none
R2[SURVEY    ]: carry=1 | base=0.70 | wall=1.80 | search=  0 | target=none
R3[SEARCH    ]: carry=0 | base=0.48 | wall=2.02 | search=  6 | target=site(0.00,0.50)
R4[SURVEY    ]: carry=1 | base=1.81 | wall=1.19 | search=  0 | target=none

  [GIVE-UP] R1 returned empty after 312 searching steps
  [TARGET] R1 → WALL (0.47, 2.42)

======================================================================
Step 1000 (0.5 min) | Pickups: 3 | Deposits: 1 | Rate: 1.88 tags/min | phero_entries=0 max_w=0.000
======================================================================
R1[SEARCH    ]: carry=0 | base=0.83 | wall=1.73 | search= 31 | target=none
R2[RTB       ]: carry=1 | base=0.58 | wall=1.92 | search=  0 | target=none
R3[SEARCH    ]: carry=0 | base=0.52 | wall=1.98 | search=506 | target=site(0.00,0.50)
R4[RTB       ]: carry=1 | base=0.89 | wall=1.83 | search=  0 | target=none

[PICKUP] R1 picked up tag (density=12) | Total: 4
[DEPOSIT] R4 deposited! Total: 2
  [TARGET] R4 → SITE (-1.24, -1.31)
[DEPOSIT] R2 deposited! Total: 3
  [TARGET] R2 → SITE (-0.01, 0.70)

======================================================================
Step 1500 (0.8 min) | Pickups: 4 | Deposits: 3 | Rate: 3.75 tags/min | phero_entries=0 max_w=0.000
======================================================================
R1[RTB       ]: carry=1 | base=0.61 | wall=1.91 | search=  0 | target=none
R2[SEARCH    ]: carry=0 | base=0.70 | wall=1.80 | search= 43 | target=site(-0.01,0.70)
R3[SEARCH    ]: carry=0 | base=1.79 | wall=0.77 | search=1006 | target=site(0.00,0.50)
R4[SITE      ]: carry=0 | base=1.05 | wall=1.70 | search=  0 | target=site(-1.24,-1.31)

[PICKUP] R2 picked up tag (density=4) | Total: 5
[DEPOSIT] R1 deposited! Total: 4
  [TARGET] R1 → SITE (0.19, 1.12)
[PICKUP] R4 picked up tag (density=8) | Total: 6
[DEPOSIT] R2 deposited! Total: 5
  [TARGET] R2 → SITE (-0.07, 0.67)
[PICKUP] R1 picked up tag (density=11) | Total: 7

======================================================================
Step 2000 (1.1 min) | Pickups: 7 | Deposits: 5 | Rate: 4.69 tags/min | phero_entries=0 max_w=0.000
======================================================================
R1[SURVEY    ]: carry=1 | base=1.14 | wall=1.37 | search=  0 | target=none
R2[BASE_ESC  ]: carry=0 | base=0.22 | wall=2.28 | search=  0 | target=site(-0.07,0.67)
R3[SEARCH    ]: carry=0 | base=2.47 | wall=0.36 | search=1506 | target=site(0.00,0.50)
R4[RTB       ]: carry=1 | base=1.65 | wall=1.27 | search=  0 | target=none

[DEPOSIT] R4 deposited! Total: 6
  [TARGET] R4 → SITE (-1.25, -1.31)
[DEPOSIT] R1 deposited! Total: 7
  [PHERO] Laid at (0.19, 1.12) density=11 prob=0.48 entries=1
  [TARGET] R1 → SITE (0.19, 1.12)

======================================================================
Step 2500 (1.3 min) | Pickups: 7 | Deposits: 7 | Rate: 5.25 tags/min | phero_entries=1 max_w=0.975
======================================================================
R1[BASE_ESC  ]: carry=0 | base=0.23 | wall=2.28 | search=  0 | target=site(0.19,1.12)
R2[SEARCH    ]: carry=0 | base=0.75 | wall=1.75 | search=309 | target=site(-0.07,0.67)
R3[WALL_ESC  ]: carry=0 | base=3.04 | wall=0.35 | search=2006 | target=site(0.00,0.50)
R4[SITE      ]: carry=0 | base=0.31 | wall=2.22 | search=  0 | target=site(-1.25,-1.31)


======================================================================
Step 3000 (1.6 min) | Pickups: 7 | Deposits: 7 | Rate: 4.38 tags/min | phero_entries=1 max_w=0.606
======================================================================
R1[GIVE_UP   ]: carry=0 | base=0.99 | wall=1.51 | search=156 | target=none
R2[SEARCH    ]: carry=0 | base=1.98 | wall=0.79 | search=809 | target=site(-0.07,0.67)
R3[GIVE_UP   ]: carry=0 | base=2.51 | wall=0.66 | search=2340 | target=none
R4[SEARCH    ]: carry=0 | base=1.77 | wall=1.17 | search=116 | target=site(-1.25,-1.31)

  [GIVE-UP] R1 returned empty after 156 searching steps
  [TARGET] R1 → PHERO (0.19, 1.12)
  [GIVE-UP] R4 returned empty after 156 searching steps
  [TARGET] R4 → PHERO (0.19, 1.12)

======================================================================
Step 3500 (1.9 min) | Pickups: 7 | Deposits: 7 | Rate: 3.75 tags/min | phero_entries=1 max_w=0.376
======================================================================
R1[PHERO     ]: carry=0 | base=0.96 | wall=1.56 | search=  0 | target=phero(0.19,1.12)
R2[WALL_ESC  ]: carry=0 | base=2.34 | wall=0.35 | search=1309 | target=site(-0.07,0.67)
R3[GIVE_UP   ]: carry=0 | base=0.59 | wall=2.07 | search=2340 | target=none
R4[BASE_ESC  ]: carry=0 | base=0.22 | wall=2.33 | search=  0 | target=phero(0.19,1.12)

  [GIVE-UP] R3 returned empty after 2340 searching steps
  [TARGET] R3 → PHERO (0.19, 1.12)
[PICKUP] R4 picked up tag (density=3) | Total: 8
[PICKUP] R1 picked up tag (density=2) | Total: 9

======================================================================
Step 4000 (2.1 min) | Pickups: 9 | Deposits: 7 | Rate: 3.28 tags/min | phero_entries=1 max_w=0.234
======================================================================
R1[SURVEY    ]: carry=1 | base=0.65 | wall=1.87 | search=  0 | target=none
R2[SEARCH    ]: carry=0 | base=2.33 | wall=0.36 | search=1809 | target=site(-0.07,0.67)
R3[PHERO     ]: carry=0 | base=0.92 | wall=1.59 | search=  0 | target=phero(0.19,1.12)
R4[RTB       ]: carry=1 | base=0.54 | wall=1.98 | search=  0 | target=none

[DEPOSIT] R4 deposited! Total: 8
  [TARGET] R4 → SITE (-0.16, 0.38)
[DEPOSIT] R1 deposited! Total: 9
  [TARGET] R1 → SITE (-0.14, 0.63)
[PICKUP] R3 picked up tag (density=10) | Total: 10
[PICKUP] R4 picked up tag (density=1) | Total: 11

======================================================================
Step 4500 (2.4 min) | Pickups: 11 | Deposits: 9 | Rate: 3.75 tags/min | phero_entries=1 max_w=0.145
======================================================================
R1[SEARCH    ]: carry=0 | base=0.66 | wall=1.86 | search= 78 | target=site(-0.14,0.63)
R2[SEARCH    ]: carry=0 | base=2.32 | wall=0.36 | search=2309 | target=site(-0.07,0.67)
R3[SURVEY    ]: carry=1 | base=1.17 | wall=1.36 | search=  0 | target=none
R4[SURVEY    ]: carry=1 | base=0.73 | wall=1.79 | search=  0 | target=none

[PICKUP] R2 picked up tag (density=12) | Total: 12
[DEPOSIT] R4 deposited! Total: 10
  [TARGET] R4 → PHERO (0.19, 1.12)
[DEPOSIT] R3 deposited! Total: 11
  [PHERO] Laid at (0.24, 1.14) density=10 prob=0.36 entries=2
  [TARGET] R3 → SITE (0.24, 1.14)

======================================================================
Step 5000 (2.7 min) | Pickups: 12 | Deposits: 11 | Rate: 4.12 tags/min | phero_entries=2 max_w=0.871
======================================================================
R1[SEARCH    ]: carry=0 | base=0.90 | wall=1.60 | search=578 | target=site(-0.14,0.63)
R2[RTB       ]: carry=1 | base=1.23 | wall=1.37 | search=  0 | target=none
R3[SITE      ]: carry=0 | base=0.36 | wall=2.14 | search=  0 | target=site(0.24,1.14)
R4[PHERO     ]: carry=0 | base=0.67 | wall=1.83 | search=  0 | target=phero(0.19,1.12)

[DEPOSIT] R2 deposited! Total: 12
  [TARGET] R2 → SITE (-1.35, 0.55)

======================================================================
Step 5500 (2.9 min) | Pickups: 12 | Deposits: 12 | Rate: 4.09 tags/min | phero_entries=2 max_w=0.541
======================================================================
R1[SEARCH    ]: carry=0 | base=2.19 | wall=0.91 | search=1078 | target=site(-0.14,0.63)
R2[SITE      ]: carry=0 | base=0.71 | wall=1.87 | search=  0 | target=site(-1.35,0.55)
R3[GIVE_UP   ]: carry=0 | base=0.65 | wall=1.86 | search=156 | target=none
R4[SEARCH    ]: carry=0 | base=1.21 | wall=1.32 | search=393 | target=phero(0.19,1.12)

[PICKUP] R4 picked up tag (density=9) | Total: 13
[PICKUP] R2 picked up tag (density=11) | Total: 14
  [GIVE-UP] R3 returned empty after 156 searching steps
  [TARGET] R3 → PHERO (0.24, 1.14)

======================================================================
Step 6000 (3.2 min) | Pickups: 14 | Deposits: 12 | Rate: 3.75 tags/min | phero_entries=2 max_w=0.336
======================================================================
R1[SEARCH    ]: carry=0 | base=2.44 | wall=0.40 | search=1578 | target=site(-0.14,0.63)
R2[RTB       ]: carry=1 | base=0.38 | wall=2.16 | search=  0 | target=none
R3[PHERO     ]: carry=0 | base=0.88 | wall=1.65 | search=  0 | target=phero(0.24,1.14)
R4[RTB       ]: carry=1 | base=0.83 | wall=1.68 | search=  0 | target=none

[DEPOSIT] R2 deposited! Total: 13
  [TARGET] R2 → SITE (-0.94, 0.43)
[DEPOSIT] R4 deposited! Total: 14
  [TARGET] R4 → SITE (0.22, 1.19)

======================================================================
Step 6500 (3.5 min) | Pickups: 14 | Deposits: 14 | Rate: 4.04 tags/min | phero_entries=2 max_w=0.209
======================================================================
R1[GIVE_UP   ]: carry=0 | base=1.41 | wall=1.35 | search=1716 | target=none
R2[SEARCH    ]: carry=0 | base=0.95 | wall=1.60 | search=147 | target=site(-0.94,0.43)
R3[GIVE_UP   ]: carry=0 | base=1.20 | wall=1.39 | search=312 | target=none
R4[SITE      ]: carry=0 | base=1.11 | wall=1.41 | search=  0 | target=site(0.22,1.19)

[PICKUP] R2 picked up tag (density=10) | Total: 15
[PICKUP] R1 picked up tag (density=9) | Total: 16
  [GIVE-UP] R3 returned empty after 312 searching steps
  [TARGET] R3 → PHERO (0.24, 1.14)
[PICKUP] R4 picked up tag (density=8) | Total: 17

======================================================================
Step 7000 (3.7 min) | Pickups: 17 | Deposits: 14 | Rate: 3.75 tags/min | phero_entries=2 max_w=0.130
======================================================================
R1[RTB       ]: carry=1 | base=0.74 | wall=1.86 | search=  0 | target=none
R2[RTB       ]: carry=1 | base=0.58 | wall=2.01 | search=  0 | target=none
R3[PHERO     ]: carry=0 | base=0.69 | wall=1.85 | search=  0 | target=phero(0.24,1.14)
R4[SURVEY    ]: carry=1 | base=1.25 | wall=1.30 | search=  0 | target=none

[DEPOSIT] R2 deposited! Total: 15
  [TARGET] R2 → SITE (-0.91, 0.55)
[DEPOSIT] R1 deposited! Total: 16
  [TARGET] R1 → SITE (0.65, -0.46)
[PICKUP] R1 picked up tag (density=8) | Total: 18
[DEPOSIT] R4 deposited! Total: 17
  [TARGET] R4 → SITE (0.36, 1.20)
[PICKUP] R3 picked up tag (density=7) | Total: 19

======================================================================
Step 7500 (4.0 min) | Pickups: 19 | Deposits: 17 | Rate: 4.25 tags/min | phero_entries=2 max_w=0.081
======================================================================
R1[RTB       ]: carry=1 | base=0.35 | wall=2.15 | search=  0 | target=none
R2[SEARCH    ]: carry=0 | base=1.03 | wall=1.59 | search= 86 | target=site(-0.91,0.55)
R3[SURVEY    ]: carry=1 | base=1.28 | wall=1.25 | search=  0 | target=none
R4[SITE      ]: carry=0 | base=0.36 | wall=2.21 | search=  0 | target=site(0.36,1.20)

[DEPOSIT] R1 deposited! Total: 18
  [TARGET] R1 → SITE (0.32, -0.07)
  [GIVE-UP] R2 returned empty after 156 searching steps
  [TARGET] R2 → PHERO (0.24, 1.14)
  [GIVE-UP] R1 returned empty after 156 searching steps
  [TARGET] R1 → PHERO (0.24, 1.14)

======================================================================
Step 8000 (4.3 min) | Pickups: 19 | Deposits: 18 | Rate: 4.22 tags/min | phero_entries=2 max_w=0.050
======================================================================
R1[BASE_ESC  ]: carry=0 | base=0.24 | wall=2.26 | search=  0 | target=phero(0.24,1.14)
R2[PHERO     ]: carry=0 | base=0.55 | wall=1.95 | search=  0 | target=phero(0.24,1.14)
R3[RTB       ]: carry=1 | base=0.43 | wall=2.08 | search=  0 | target=none
R4[SEARCH    ]: carry=0 | base=1.07 | wall=1.49 | search=205 | target=site(0.36,1.20)

[DEPOSIT] R3 deposited! Total: 19
  [TARGET] R3 → SITE (0.28, 1.25)

======================================================================
Step 8500 (4.5 min) | Pickups: 19 | Deposits: 19 | Rate: 4.19 tags/min | phero_entries=2 max_w=0.031
======================================================================
R1[SEARCH    ]: carry=0 | base=1.15 | wall=1.36 | search=136 | target=phero(0.24,1.14)
R2[SEARCH    ]: carry=0 | base=1.24 | wall=1.34 | search=339 | target=phero(0.24,1.14)
R3[SEARCH    ]: carry=0 | base=1.26 | wall=1.27 | search= 47 | target=site(0.28,1.25)
R4[SEARCH    ]: carry=0 | base=1.86 | wall=0.64 | search=705 | target=site(0.36,1.20)

[PICKUP] R4 picked up tag (density=16) | Total: 20
[PICKUP] R3 picked up tag (density=6) | Total: 21

======================================================================
Step 9000 (4.8 min) | Pickups: 21 | Deposits: 19 | Rate: 3.96 tags/min | phero_entries=2 max_w=0.019
======================================================================
R1[SEARCH    ]: carry=0 | base=1.69 | wall=0.92 | search=636 | target=phero(0.24,1.14)
R2[SEARCH    ]: carry=0 | base=2.28 | wall=0.39 | search=839 | target=phero(0.24,1.14)
R3[RTB       ]: carry=1 | base=1.32 | wall=1.23 | search=  0 | target=none
R4[RTB       ]: carry=1 | base=1.46 | wall=1.05 | search=  0 | target=none

[DEPOSIT] R3 deposited! Total: 20
  [TARGET] R3 → SITE (0.34, 1.27)
[DEPOSIT] R4 deposited! Total: 21
  [PHERO] Laid at (2.00, -0.10) density=16 prob=0.90 entries=3
  [TARGET] R4 → SITE (2.00, -0.10)
[PICKUP] R4 picked up tag (density=7) | Total: 22

======================================================================
Step 9500 (5.1 min) | Pickups: 22 | Deposits: 21 | Rate: 4.14 tags/min | phero_entries=3 max_w=0.839
======================================================================
R1[WALL_ESC  ]: carry=0 | base=2.31 | wall=0.33 | search=1136 | target=phero(0.24,1.14)
R2[SEARCH    ]: carry=0 | base=2.29 | wall=0.39 | search=1339 | target=phero(0.24,1.14)
R3[SITE      ]: carry=0 | base=0.51 | wall=2.04 | search=  0 | target=site(0.34,1.27)
R4[SURVEY    ]: carry=1 | base=0.37 | wall=2.15 | search=  0 | target=none

[DEPOSIT] R4 deposited! Total: 22
  [TARGET] R4 → SITE (0.34, -0.13)

======================================================================
Step 10000 (5.3 min) | Pickups: 22 | Deposits: 22 | Rate: 4.12 tags/min | phero_entries=2 max_w=0.521
======================================================================
R1[GIVE_UP   ]: carry=0 | base=0.82 | wall=1.73 | search=1248 | target=none
R2[GIVE_UP   ]: carry=0 | base=1.34 | wall=1.30 | search=1560 | target=none
R3[SEARCH    ]: carry=0 | base=1.36 | wall=1.26 | search=300 | target=site(0.34,1.27)
R4[SITE      ]: carry=0 | base=0.37 | wall=2.13 | search=  0 | target=site(0.34,-0.13)

[PICKUP] R4 picked up tag (density=6) | Total: 23
  [GIVE-UP] R1 returned empty after 1248 searching steps
  [TARGET] R1 → PHERO (2.00, -0.10)
  [GIVE-UP] R2 returned empty after 1560 searching steps
  [TARGET] R2 → PHERO (2.00, -0.10)
[DEPOSIT] R4 deposited! Total: 23
  [TARGET] R4 → SITE (0.37, -0.13)

======================================================================
Step 10500 (5.6 min) | Pickups: 23 | Deposits: 23 | Rate: 4.11 tags/min | phero_entries=2 max_w=0.324
======================================================================
R1[PHERO     ]: carry=0 | base=1.17 | wall=1.33 | search=  0 | target=phero(2.00,-0.10)
R2[PHERO     ]: carry=0 | base=0.38 | wall=2.20 | search=  0 | target=phero(2.00,-0.10)
R3[SEARCH    ]: carry=0 | base=2.88 | wall=0.36 | search=800 | target=site(0.34,1.27)
R4[SITE      ]: carry=0 | base=0.26 | wall=2.25 | search=  0 | target=site(0.37,-0.13)

[PICKUP] R1 picked up tag (density=15) | Total: 24
[PICKUP] R4 picked up tag (density=5) | Total: 25

======================================================================
Step 11000 (5.9 min) | Pickups: 25 | Deposits: 23 | Rate: 3.92 tags/min | phero_entries=2 max_w=0.201
======================================================================
R1[RTB       ]: carry=1 | base=1.90 | wall=0.61 | search=  0 | target=none
R2[SEARCH    ]: carry=0 | base=1.99 | wall=0.51 | search= 35 | target=phero(2.00,-0.10)
R3[SEARCH    ]: carry=0 | base=2.96 | wall=0.36 | search=1300 | target=site(0.34,1.27)
R4[RTB       ]: carry=1 | base=0.41 | wall=2.14 | search=  0 | target=none

[DEPOSIT] R4 deposited! Total: 24
  [TARGET] R4 → SITE (0.35, -0.20)
[PICKUP] R2 picked up tag (density=14) | Total: 26
[DEPOSIT] R1 deposited! Total: 25
  [PHERO] Laid at (1.95, -0.10) density=15 prob=0.85 entries=3
  [TARGET] R1 → SITE (1.95, -0.10)
[PICKUP] R4 picked up tag (density=4) | Total: 27

======================================================================
Step 11500 (6.1 min) | Pickups: 27 | Deposits: 25 | Rate: 4.08 tags/min | phero_entries=3 max_w=0.939
======================================================================
R1[BASE_ESC  ]: carry=0 | base=0.22 | wall=2.28 | search=  0 | target=site(1.95,-0.10)
R2[RTB       ]: carry=1 | base=1.91 | wall=0.60 | search=  0 | target=none
R3[GIVE_UP   ]: carry=0 | base=2.90 | wall=0.41 | search=1716 | target=none
R4[SURVEY    ]: carry=1 | base=0.38 | wall=2.21 | search=  0 | target=none

[DEPOSIT] R4 deposited! Total: 26
  [TARGET] R4 → SITE (0.30, -0.24)

======================================================================
Step 12000 (6.4 min) | Pickups: 27 | Deposits: 26 | Rate: 4.06 tags/min | phero_entries=3 max_w=0.583
======================================================================
R1[SITE      ]: carry=0 | base=1.80 | wall=0.70 | search=  0 | target=site(1.95,-0.10)
R2[RTB       ]: carry=1 | base=0.33 | wall=2.17 | search=  0 | target=none
R3[GIVE_UP   ]: carry=0 | base=1.01 | wall=1.76 | search=1716 | target=none
R4[SITE      ]: carry=0 | base=0.30 | wall=2.21 | search=  0 | target=site(0.30,-0.24)

[DEPOSIT] R2 deposited! Total: 27
  [PHERO] Laid at (1.88, -0.20) density=14 prob=0.78 entries=4
  [TARGET] R2 → SITE (1.88, -0.20)
[PICKUP] R2 picked up tag (density=3) | Total: 28
  [GIVE-UP] R3 returned empty after 1716 searching steps
  [TARGET] R3 → PHERO (1.88, -0.20)
[PICKUP] R1 picked up tag (density=13) | Total: 29
[PICKUP] R4 picked up tag (density=2) | Total: 30

======================================================================
Step 12500 (6.7 min) | Pickups: 30 | Deposits: 27 | Rate: 4.05 tags/min | phero_entries=3 max_w=0.634
======================================================================
R1[SURVEY    ]: carry=1 | base=1.89 | wall=0.63 | search=  0 | target=none
R2[RTB       ]: carry=1 | base=0.35 | wall=2.15 | search=  0 | target=none
R3[PHERO     ]: carry=0 | base=0.67 | wall=1.85 | search=  0 | target=phero(1.88,-0.20)
R4[SURVEY    ]: carry=1 | base=0.55 | wall=2.07 | search=  0 | target=none

[DEPOSIT] R2 deposited! Total: 28
  [TARGET] R2 → SITE (0.42, -0.13)
[DEPOSIT] R4 deposited! Total: 29
  [TARGET] R4 → SITE (0.35, -0.43)

======================================================================
Step 13000 (6.9 min) | Pickups: 30 | Deposits: 29 | Rate: 4.18 tags/min | phero_entries=3 max_w=0.394
======================================================================
R1[RTB       ]: carry=1 | base=0.50 | wall=2.01 | search=  0 | target=none
R2[SEARCH    ]: carry=0 | base=0.25 | wall=2.25 | search=251 | target=site(0.42,-0.13)
R3[SEARCH    ]: carry=0 | base=1.82 | wall=0.68 | search=173 | target=phero(1.88,-0.20)
R4[SEARCH    ]: carry=0 | base=0.60 | wall=2.06 | search=100 | target=site(0.35,-0.43)

[PICKUP] R4 picked up tag (density=1) | Total: 31
[DEPOSIT] R1 deposited! Total: 30
  [PHERO] Laid at (1.86, -0.28) density=13 prob=0.69 entries=4
  [TARGET] R1 → SITE (1.86, -0.28)
[PICKUP] R3 picked up tag (density=12) | Total: 32
[DEPOSIT] R4 deposited! Total: 31
  [TARGET] R4 → SITE (0.45, -0.38)

======================================================================
Step 13500 (7.2 min) | Pickups: 32 | Deposits: 31 | Rate: 4.31 tags/min | phero_entries=4 max_w=0.667
======================================================================
R1[SITE      ]: carry=0 | base=1.39 | wall=1.12 | search=  0 | target=site(1.86,-0.28)
R2[SEARCH    ]: carry=0 | base=0.62 | wall=2.00 | search=751 | target=site(0.42,-0.13)
R3[RTB       ]: carry=1 | base=1.67 | wall=0.85 | search=  0 | target=none
R4[BASE_ESC  ]: carry=0 | base=0.23 | wall=2.28 | search=  0 | target=site(0.45,-0.38)

[PICKUP] R1 picked up tag (density=11) | Total: 33
[DEPOSIT] R3 deposited! Total: 32
  [PHERO] Laid at (1.84, -0.38) density=12 prob=0.59 entries=5
  [TARGET] R3 → SITE (1.84, -0.38)

======================================================================
Step 14000 (7.5 min) | Pickups: 33 | Deposits: 32 | Rate: 4.29 tags/min | phero_entries=5 max_w=0.977
======================================================================
R1[SURVEY    ]: carry=1 | base=1.92 | wall=0.62 | search=  0 | target=none
R2[SEARCH    ]: carry=0 | base=2.34 | wall=0.43 | search=1251 | target=site(0.42,-0.13)
R3[BASE_ESC  ]: carry=0 | base=0.22 | wall=2.28 | search=  0 | target=site(1.84,-0.38)
R4[SEARCH    ]: carry=0 | base=0.55 | wall=2.05 | search=358 | target=site(0.45,-0.38)


======================================================================
Step 14500 (7.7 min) | Pickups: 33 | Deposits: 32 | Rate: 4.14 tags/min | phero_entries=5 max_w=0.607
======================================================================
R1[RTB       ]: carry=1 | base=0.80 | wall=1.71 | search=  0 | target=none
R2[SEARCH    ]: carry=0 | base=2.40 | wall=0.38 | search=1751 | target=site(0.42,-0.13)
R3[SITE      ]: carry=0 | base=1.55 | wall=0.98 | search=  0 | target=site(1.84,-0.38)
R4[SEARCH    ]: carry=0 | base=2.31 | wall=0.36 | search=858 | target=site(0.45,-0.38)

[DEPOSIT] R1 deposited! Total: 33
  [TARGET] R1 → SITE (1.88, -0.38)

======================================================================
Step 15000 (8.0 min) | Pickups: 33 | Deposits: 33 | Rate: 4.12 tags/min | phero_entries=5 max_w=0.377
======================================================================
R1[SITE      ]: carry=0 | base=1.13 | wall=1.38 | search=  0 | target=site(1.88,-0.38)
R2[GIVE_UP   ]: carry=0 | base=2.15 | wall=0.55 | search=2184 | target=none
R3[GIVE_UP   ]: carry=0 | base=1.14 | wall=1.42 | search=156 | target=none
R4[SEARCH    ]: carry=0 | base=2.30 | wall=0.37 | search=1358 | target=site(0.45,-0.38)

[PICKUP] R1 picked up tag (density=10) | Total: 34
  [GIVE-UP] R3 returned empty after 156 searching steps
  [TARGET] R3 → PHERO (1.84, -0.38)
  [GIVE-UP] R2 returned empty after 2184 searching steps
  [TARGET] R2 → PHERO (1.84, -0.38)

======================================================================
Step 15500 (8.3 min) | Pickups: 34 | Deposits: 33 | Rate: 3.99 tags/min | phero_entries=5 max_w=0.234
======================================================================
R1[RTB       ]: carry=1 | base=1.92 | wall=0.60 | search=  0 | target=none
R2[BASE_ESC  ]: carry=0 | base=0.24 | wall=2.28 | search=  0 | target=phero(1.84,-0.38)
R3[PHERO     ]: carry=0 | base=0.78 | wall=1.76 | search=  0 | target=phero(1.84,-0.38)
R4[SEARCH    ]: carry=0 | base=2.31 | wall=0.36 | search=1858 | target=site(0.45,-0.38)

[DEPOSIT] R1 deposited! Total: 34
  [TARGET] R1 → SITE (1.89, -0.38)

======================================================================
Step 16000 (8.5 min) | Pickups: 34 | Deposits: 34 | Rate: 3.98 tags/min | phero_entries=5 max_w=0.146
======================================================================
R1[BASE_ESC  ]: carry=0 | base=0.22 | wall=2.29 | search=  0 | target=site(1.89,-0.38)
R2[PHERO     ]: carry=0 | base=1.10 | wall=1.45 | search=  0 | target=phero(1.84,-0.38)
R3[SEARCH    ]: carry=0 | base=1.76 | wall=0.79 | search=224 | target=phero(1.84,-0.38)
R4[WALL_ESC  ]: carry=0 | base=2.32 | wall=0.35 | search=2358 | target=site(0.45,-0.38)


======================================================================
Step 16500 (8.8 min) | Pickups: 34 | Deposits: 34 | Rate: 3.86 tags/min | phero_entries=5 max_w=0.090
======================================================================
R1[SEARCH    ]: carry=0 | base=1.89 | wall=0.65 | search=  6 | target=site(1.89,-0.38)
R2[SEARCH    ]: carry=0 | base=1.56 | wall=0.94 | search=307 | target=phero(1.84,-0.38)
R3[GIVE_UP   ]: carry=0 | base=1.32 | wall=1.52 | search=468 | target=none
R4[WALL_ESC  ]: carry=0 | base=2.32 | wall=0.34 | search=2858 | target=site(0.45,-0.38)

  [GIVE-UP] R3 returned empty after 468 searching steps
  [TARGET] R3 → PHERO (1.84, -0.38)

======================================================================
Step 17000 (9.1 min) | Pickups: 34 | Deposits: 34 | Rate: 3.75 tags/min | phero_entries=4 max_w=0.056
======================================================================
R1[GIVE_UP   ]: carry=0 | base=1.45 | wall=1.17 | search=312 | target=none
R2[GIVE_UP   ]: carry=0 | base=0.42 | wall=2.14 | search=468 | target=none
R3[PHERO     ]: carry=0 | base=0.67 | wall=1.86 | search=  0 | target=phero(1.84,-0.38)
R4[GIVE_UP   ]: carry=0 | base=1.79 | wall=0.88 | search=3120 | target=none

  [GIVE-UP] R2 returned empty after 468 searching steps
  [TARGET] R2 → PHERO (1.84, -0.38)
  [GIVE-UP] R1 returned empty after 312 searching steps
  [TARGET] R1 → PHERO (1.84, -0.38)
  [GIVE-UP] R4 returned empty after 3120 searching steps
  [TARGET] R4 → PHERO (1.84, -0.38)

======================================================================
Step 17500 (9.3 min) | Pickups: 34 | Deposits: 34 | Rate: 3.64 tags/min | phero_entries=4 max_w=0.035
======================================================================
R1[PHERO     ]: carry=0 | base=0.47 | wall=2.09 | search=  0 | target=phero(1.84,-0.38)
R2[PHERO     ]: carry=0 | base=1.29 | wall=1.22 | search=  0 | target=phero(1.84,-0.38)
R3[SEARCH    ]: carry=0 | base=1.75 | wall=0.78 | search=197 | target=phero(1.84,-0.38)
R4[BASE_ESC  ]: carry=0 | base=0.23 | wall=2.28 | search=  0 | target=phero(1.84,-0.38)

[PICKUP] R3 picked up tag (density=9) | Total: 35

======================================================================
Step 18000 (9.6 min) | Pickups: 35 | Deposits: 34 | Rate: 3.54 tags/min | phero_entries=4 max_w=0.022
======================================================================
R1[SEARCH    ]: carry=0 | base=1.90 | wall=0.66 | search=136 | target=phero(1.84,-0.38)
R2[SEARCH    ]: carry=0 | base=1.60 | wall=1.08 | search=357 | target=phero(1.84,-0.38)
R3[RTB       ]: carry=1 | base=1.81 | wall=0.73 | search=  0 | target=none
R4[PHERO     ]: carry=0 | base=1.74 | wall=0.80 | search=  0 | target=phero(1.84,-0.38)

[DEPOSIT] R3 deposited! Total: 35
  [TARGET] R3 → SITE (1.89, -0.54)

======================================================================
Step 18500 (9.9 min) | Pickups: 35 | Deposits: 35 | Rate: 3.55 tags/min | phero_entries=4 max_w=0.013
======================================================================
R1[GIVE_UP   ]: carry=0 | base=0.74 | wall=1.77 | search=156 | target=none
R2[WALL_ESC  ]: carry=0 | base=2.28 | wall=0.34 | search=857 | target=phero(1.84,-0.38)
R3[BASE_ESC  ]: carry=0 | base=0.23 | wall=2.27 | search=  0 | target=site(1.89,-0.54)
R4[SEARCH    ]: carry=0 | base=0.75 | wall=1.79 | search=405 | target=phero(1.84,-0.38)

  [GIVE-UP] R1 returned empty after 156 searching steps
  [TARGET] R1 → PHERO (1.84, -0.38)
TIMEOUT_RESULT pickups=35 deposits=35 steps=18750 elapsed_min=10.000000
BATCH_RESULT pickups=35 deposits=35
