=================================================================
CPFA BASELINE — ARGoS-calibrated parameters  (7×7m arena  128 tags)
  Params file                  = /home/sara/Documents/RL-FL-Foraging/controllers/cpfa_baseline/cpfa_params.yaml
  Results file                 = /home/sara/Documents/RL-FL-Foraging/controllers/cpfa_baseline/cpfa_baseline_7x7_results_20260811_121429_1.txt
  RateOfLayingPheromone        = 9.0
  RateOfSiteFidelity           = 2.29
  RateOfPheromoneDecay         = 0.1 /s  (lifetime ~69s)
  ProbabilityOfReturningToNest = 0.08 (every 5 sec → E[give-up] ~62s)
  UninformedSearchVariation    = 0.13 rad (7.4°)
  RateOfInformedSearchDecay    = 1.26 /waypoint
  ProbabilityOfSwitchingToSearching = 0.55 (every 5 sec in uninformed DEPARTING)
=================================================================


======================================================================
Step 500 (0.3 min) | Pickups: 0 | Deposits: 0 | Rate: 0.00 tags/min | phero_entries=0 max_w=0.000
======================================================================
R1[GIVE_UP   ]: carry=0 | base=1.43 | wall=2.15 | search=156 | target=none
R2[DEPART    ]: carry=0 | base=2.17 | wall=1.90 | search=  0 | target=none
R3[SEARCH    ]: carry=0 | base=0.81 | wall=2.88 | search=344 | target=none
R4[SEARCH    ]: carry=0 | base=1.51 | wall=2.27 | search= 32 | target=none
R5[SEARCH    ]: carry=0 | base=1.35 | wall=2.41 | search= 32 | target=none
R6[DEPART    ]: carry=0 | base=1.84 | wall=1.86 | search=  0 | target=none
R7[SEARCH    ]: carry=0 | base=2.04 | wall=1.88 | search= 32 | target=none
R8[SEARCH    ]: carry=0 | base=1.29 | wall=2.49 | search=344 | target=none

[PICKUP] R2 picked up tag (density=16) | Total: 1
[PICKUP] R4 picked up tag (density=15) | Total: 2
  [GIVE-UP] R1 returned empty after 156 searching steps
  [TARGET] R1 → WALL (-0.42, -3.42)

======================================================================
Step 1000 (0.5 min) | Pickups: 2 | Deposits: 0 | Rate: 0.00 tags/min | phero_entries=0 max_w=0.000
======================================================================
R1[DEPART    ]: carry=0 | base=0.26 | wall=3.30 | search=  0 | target=none
R2[RTB       ]: carry=1 | base=2.08 | wall=1.96 | search=  0 | target=none
R3[SEARCH    ]: carry=0 | base=2.54 | wall=1.24 | search=844 | target=none
R4[RTB       ]: carry=1 | base=2.48 | wall=1.65 | search=  0 | target=none
R5[SEARCH    ]: carry=0 | base=2.81 | wall=0.96 | search=532 | target=none
R6[WALL_ESC  ]: carry=0 | base=3.30 | wall=0.33 | search=376 | target=none
R7[GIVE_UP   ]: carry=0 | base=1.26 | wall=2.60 | search=156 | target=none
R8[SEARCH    ]: carry=0 | base=2.44 | wall=1.07 | search=844 | target=none

[PICKUP] R8 picked up tag (density=16) | Total: 3
  [GIVE-UP] R7 returned empty after 156 searching steps
  [TARGET] R7 → WALL (2.41, -3.42)
[DEPOSIT] R2 deposited! Total: 1
  [PHERO] Laid at (1.85, 1.83) density=16 prob=0.99 entries=1
  [TARGET] R2 → SITE (1.85, 1.83)

======================================================================
Step 1500 (0.8 min) | Pickups: 3 | Deposits: 1 | Rate: 1.25 tags/min | phero_entries=1 max_w=0.932
======================================================================
R1[SEARCH    ]: carry=0 | base=1.09 | wall=2.41 | search=330 | target=none
R2[BASE_ESC  ]: carry=0 | base=0.22 | wall=3.33 | search=  0 | target=site(1.85,1.83)
R3[SEARCH    ]: carry=0 | base=3.29 | wall=0.38 | search=1344 | target=none
R4[RTB       ]: carry=1 | base=0.81 | wall=2.92 | search=  0 | target=none
R5[WALL_ESC  ]: carry=0 | base=3.43 | wall=0.33 | search=1032 | target=none
R6[WALL_ESC  ]: carry=0 | base=3.27 | wall=0.34 | search=876 | target=none
R7[DEPART    ]: carry=0 | base=0.39 | wall=3.15 | search=  0 | target=none
R8[RTB       ]: carry=1 | base=2.74 | wall=0.82 | search=  0 | target=none

[DEPOSIT] R4 deposited! Total: 2
  [PHERO] Laid at (1.64, 1.84) density=15 prob=0.98 entries=2
  [TARGET] R4 → SITE (1.64, 1.84)
[PICKUP] R7 picked up tag (density=16) | Total: 4

======================================================================
Step 2000 (1.1 min) | Pickups: 4 | Deposits: 2 | Rate: 1.88 tags/min | phero_entries=2 max_w=0.323
======================================================================
R1[SEARCH    ]: carry=0 | base=2.29 | wall=1.81 | search=830 | target=none
R2[SITE      ]: carry=0 | base=1.78 | wall=2.21 | search=  0 | target=site(1.85,1.83)
R3[GIVE_UP   ]: carry=0 | base=2.81 | wall=0.82 | search=1716 | target=none
R4[SITE      ]: carry=0 | base=1.14 | wall=2.61 | search=  0 | target=site(1.64,1.84)
R5[WALL_ESC  ]: carry=0 | base=3.43 | wall=0.33 | search=1532 | target=none
R6[SEARCH    ]: carry=0 | base=3.26 | wall=0.35 | search=1376 | target=none
R7[SURVEY    ]: carry=1 | base=1.43 | wall=2.42 | search=  0 | target=none
R8[RTB       ]: carry=1 | base=0.82 | wall=2.70 | search=  0 | target=none

[DEPOSIT] R8 deposited! Total: 3
  [PHERO] Laid at (-3.00, 0.67) density=16 prob=0.99 entries=3
  [TARGET] R8 → SITE (-3.00, 0.67)
[PICKUP] R2 picked up tag (density=14) | Total: 5
[PICKUP] R4 picked up tag (density=13) | Total: 6
[PICKUP] R5 picked up tag (density=15) | Total: 7
[DEPOSIT] R7 deposited! Total: 4
  [PHERO] Laid at (0.93, -1.08) density=16 prob=0.99 entries=4
  [TARGET] R7 → SITE (0.93, -1.08)

======================================================================
Step 2500 (1.3 min) | Pickups: 7 | Deposits: 4 | Rate: 3.00 tags/min | phero_entries=4 max_w=0.852
======================================================================
R1[SEARCH    ]: carry=0 | base=3.87 | wall=0.47 | search=1330 | target=none
R2[SURVEY    ]: carry=1 | base=2.59 | wall=1.66 | search=  0 | target=none
R3[GIVE_UP   ]: carry=0 | base=0.89 | wall=2.65 | search=1716 | target=none
R4[SURVEY    ]: carry=1 | base=2.53 | wall=1.57 | search=  0 | target=none
R5[SURVEY    ]: carry=1 | base=3.11 | wall=0.62 | search=  0 | target=none
R6[SEARCH    ]: carry=0 | base=3.25 | wall=0.36 | search=1876 | target=none
R7[BASE_ESC  ]: carry=0 | base=0.22 | wall=3.33 | search=  0 | target=site(0.93,-1.08)
R8[SITE      ]: carry=0 | base=1.13 | wall=2.39 | search=  0 | target=site(-3.00,0.67)

  [GIVE-UP] R3 returned empty after 1716 searching steps
  [TARGET] R3 → PHERO (0.93, -1.08)

======================================================================
Step 3000 (1.6 min) | Pickups: 7 | Deposits: 4 | Rate: 2.50 tags/min | phero_entries=4 max_w=0.172
======================================================================
R1[SEARCH    ]: carry=0 | base=4.38 | wall=0.39 | search=1830 | target=none
R2[RTB       ]: carry=1 | base=0.97 | wall=2.79 | search=  0 | target=none
R3[PHERO     ]: carry=0 | base=0.73 | wall=2.85 | search=  0 | target=phero(0.93,-1.08)
R4[RTB       ]: carry=1 | base=1.37 | wall=2.49 | search=  0 | target=none
R5[RTB       ]: carry=1 | base=1.61 | wall=2.01 | search=  0 | target=none
R6[SEARCH    ]: carry=0 | base=3.25 | wall=0.37 | search=2376 | target=none
R7[SEARCH    ]: carry=0 | base=1.42 | wall=2.45 | search=128 | target=site(0.93,-1.08)
R8[SEARCH    ]: carry=0 | base=3.04 | wall=0.53 | search=  4 | target=site(-3.00,0.67)

[PICKUP] R8 picked up tag (density=14) | Total: 8
[DEPOSIT] R2 deposited! Total: 5
  [TARGET] R2 → SITE (1.82, 1.84)
[DEPOSIT] R4 deposited! Total: 6
  [PHERO] Laid at (1.64, 1.92) density=13 prob=0.93 entries=5
  [TARGET] R4 → SITE (1.64, 1.92)
[DEPOSIT] R5 deposited! Total: 7
  [PHERO] Laid at (-2.88, 1.19) density=15 prob=0.98 entries=6
  [TARGET] R5 → SITE (-2.88, 1.19)

======================================================================
Step 3500 (1.9 min) | Pickups: 8 | Deposits: 7 | Rate: 3.75 tags/min | phero_entries=6 max_w=0.629
======================================================================
R1[GIVE_UP   ]: carry=0 | base=4.25 | wall=0.43 | search=2184 | target=none
R2[SITE      ]: carry=0 | base=0.98 | wall=2.75 | search=  0 | target=site(1.82,1.84)
R3[GIVE_UP   ]: carry=0 | base=0.71 | wall=2.99 | search=156 | target=none
R4[SITE      ]: carry=0 | base=0.58 | wall=3.01 | search=  0 | target=site(1.64,1.92)
R5[SITE      ]: carry=0 | base=0.36 | wall=3.14 | search=  0 | target=site(-2.88,1.19)
R6[GIVE_UP   ]: carry=0 | base=2.21 | wall=1.40 | search=2496 | target=none
R7[SEARCH    ]: carry=0 | base=1.47 | wall=2.20 | search=628 | target=site(0.93,-1.08)
R8[RTB       ]: carry=1 | base=2.26 | wall=1.31 | search=  0 | target=none

  [GIVE-UP] R3 returned empty after 156 searching steps
  [TARGET] R3 → PHERO (-2.88, 1.19)
[PICKUP] R7 picked up tag (density=16) | Total: 9
[PICKUP] R2 picked up tag (density=12) | Total: 10

======================================================================
Step 4000 (2.1 min) | Pickups: 10 | Deposits: 7 | Rate: 3.28 tags/min | phero_entries=4 max_w=0.127
======================================================================
R1[GIVE_UP   ]: carry=0 | base=2.33 | wall=1.82 | search=2184 | target=none
R2[SURVEY    ]: carry=1 | base=2.62 | wall=1.63 | search=  0 | target=none
R3[PHERO     ]: carry=0 | base=0.53 | wall=2.97 | search=  0 | target=phero(-2.88,1.19)
R4[SEARCH    ]: carry=0 | base=2.49 | wall=1.60 | search=  4 | target=site(1.64,1.92)
R5[SITE      ]: carry=0 | base=2.26 | wall=1.40 | search=  0 | target=site(-2.88,1.19)
R6[GIVE_UP   ]: carry=0 | base=0.29 | wall=3.22 | search=2496 | target=none
R7[RTB       ]: carry=1 | base=1.78 | wall=2.04 | search=  0 | target=none
R8[RTB       ]: carry=1 | base=0.34 | wall=3.17 | search=  0 | target=none

  [GIVE-UP] R6 returned empty after 2496 searching steps
  [TARGET] R6 → PHERO (-2.88, 1.19)
[DEPOSIT] R8 deposited! Total: 8
  [PHERO] Laid at (-3.00, 0.73) density=14 prob=0.96 entries=5
  [TARGET] R8 → SITE (-3.00, 0.73)
[PICKUP] R5 picked up tag (density=13) | Total: 11
[DEPOSIT] R7 deposited! Total: 9
  [PHERO] Laid at (1.00, 1.48) density=16 prob=0.99 entries=5
  [TARGET] R7 → SITE (1.00, 1.48)

======================================================================
Step 4500 (2.4 min) | Pickups: 11 | Deposits: 9 | Rate: 3.75 tags/min | phero_entries=5 max_w=0.772
======================================================================
R1[GIVE_UP   ]: carry=0 | base=0.41 | wall=3.20 | search=2184 | target=none
R2[RTB       ]: carry=1 | base=1.59 | wall=2.34 | search=  0 | target=none
R3[PHERO     ]: carry=0 | base=2.38 | wall=1.27 | search=  0 | target=phero(-2.88,1.19)
R4[SEARCH    ]: carry=0 | base=1.53 | wall=2.12 | search=504 | target=site(1.64,1.92)
R5[RTB       ]: carry=1 | base=2.28 | wall=1.39 | search=  0 | target=none
R6[PHERO     ]: carry=0 | base=0.57 | wall=3.07 | search=  0 | target=phero(-2.88,1.19)
R7[BASE_ESC  ]: carry=0 | base=0.22 | wall=3.34 | search=  0 | target=site(1.00,1.48)
R8[SITE      ]: carry=0 | base=1.61 | wall=1.92 | search=  0 | target=site(-3.00,0.73)

  [GIVE-UP] R1 returned empty after 2184 searching steps
  [TARGET] R1 → PHERO (-3.00, 0.73)
[PICKUP] R3 picked up tag (density=12) | Total: 12
[PICKUP] R8 picked up tag (density=11) | Total: 13
[DEPOSIT] R2 deposited! Total: 10
  [PHERO] Laid at (1.84, 1.87) density=12 prob=0.88 entries=5
  [TARGET] R2 → SITE (1.84, 1.87)

======================================================================
Step 5000 (2.7 min) | Pickups: 13 | Deposits: 10 | Rate: 3.75 tags/min | phero_entries=5 max_w=0.617
======================================================================
R1[PHERO     ]: carry=0 | base=1.23 | wall=2.27 | search=  0 | target=phero(-3.00,0.73)
R2[SITE      ]: carry=0 | base=0.36 | wall=3.19 | search=  0 | target=site(1.84,1.87)
R3[RTB       ]: carry=1 | base=2.17 | wall=1.49 | search=  0 | target=none
R4[SEARCH    ]: carry=0 | base=2.32 | wall=1.36 | search=1004 | target=site(1.64,1.92)
R5[RTB       ]: carry=1 | base=0.36 | wall=3.17 | search=  0 | target=none
R6[PHERO     ]: carry=0 | base=2.42 | wall=1.29 | search=  0 | target=phero(-2.88,1.19)
R7[SEARCH    ]: carry=0 | base=1.77 | wall=2.02 | search= 68 | target=site(1.00,1.48)
R8[SURVEY    ]: carry=1 | base=2.84 | wall=0.73 | search=  0 | target=none

[DEPOSIT] R5 deposited! Total: 11
  [PHERO] Laid at (-2.56, 1.04) density=13 prob=0.93 entries=6
  [TARGET] R5 → SITE (-2.56, 1.04)
[PICKUP] R6 picked up tag (density=10) | Total: 14

======================================================================
Step 5500 (2.9 min) | Pickups: 14 | Deposits: 11 | Rate: 3.75 tags/min | phero_entries=5 max_w=0.222
======================================================================
R1[SEARCH    ]: carry=0 | base=3.08 | wall=0.50 | search= 23 | target=phero(-3.00,0.73)
R2[SITE      ]: carry=0 | base=2.27 | wall=1.87 | search=  0 | target=site(1.84,1.87)
R3[RTB       ]: carry=1 | base=0.25 | wall=3.26 | search=  0 | target=none
R4[GIVE_UP   ]: carry=0 | base=2.55 | wall=1.31 | search=1248 | target=none
R5[SITE      ]: carry=0 | base=1.58 | wall=2.05 | search=  0 | target=site(-2.56,1.04)
R6[RTB       ]: carry=1 | base=2.39 | wall=1.31 | search=  0 | target=none
R7[SEARCH    ]: carry=0 | base=2.55 | wall=1.59 | search=568 | target=site(1.00,1.48)
R8[RTB       ]: carry=1 | base=1.16 | wall=2.37 | search=  0 | target=none

[DEPOSIT] R3 deposited! Total: 12
  [PHERO] Laid at (-2.58, 1.03) density=12 prob=0.88 entries=6
  [TARGET] R3 → SITE (-2.58, 1.03)
[DEPOSIT] R8 deposited! Total: 13
  [PHERO] Laid at (-2.76, 0.66) density=11 prob=0.80 entries=6
  [TARGET] R8 → SITE (-2.76, 0.66)

======================================================================
Step 6000 (3.2 min) | Pickups: 14 | Deposits: 13 | Rate: 4.06 tags/min | phero_entries=6 max_w=0.431
======================================================================
R1[GIVE_UP   ]: carry=0 | base=1.67 | wall=1.85 | search=156 | target=none
R2[SEARCH    ]: carry=0 | base=2.08 | wall=1.71 | search=422 | target=site(1.84,1.87)
R3[SITE      ]: carry=0 | base=1.67 | wall=1.96 | search=  0 | target=site(-2.58,1.03)
R4[GIVE_UP   ]: carry=0 | base=0.63 | wall=2.96 | search=1248 | target=none
R5[SEARCH    ]: carry=0 | base=2.75 | wall=0.92 | search=119 | target=site(-2.56,1.04)
R6[RTB       ]: carry=1 | base=0.78 | wall=2.78 | search=  0 | target=none
R7[WALL_ESC  ]: carry=0 | base=3.82 | wall=0.33 | search=1068 | target=site(1.00,1.48)
R8[SITE      ]: carry=0 | base=0.79 | wall=2.71 | search=  0 | target=site(-2.76,0.66)

  [GIVE-UP] R4 returned empty after 1248 searching steps
  [TARGET] R4 → PHERO (-2.56, 1.04)
[DEPOSIT] R6 deposited! Total: 14
  [PHERO] Laid at (-2.67, 1.12) density=10 prob=0.71 entries=7
  [TARGET] R6 → SITE (-2.67, 1.12)
  [GIVE-UP] R1 returned empty after 156 searching steps
  [TARGET] R1 → PHERO (-2.67, 1.12)

======================================================================
Step 6500 (3.5 min) | Pickups: 14 | Deposits: 14 | Rate: 4.04 tags/min | phero_entries=6 max_w=0.314
======================================================================
R1[PHERO     ]: carry=0 | base=0.27 | wall=3.23 | search=  0 | target=phero(-2.67,1.12)
R2[SEARCH    ]: carry=0 | base=1.99 | wall=1.61 | search=922 | target=site(1.84,1.87)
R3[GIVE_UP   ]: carry=0 | base=2.42 | wall=1.24 | search=156 | target=none
R4[PHERO     ]: carry=0 | base=1.14 | wall=2.52 | search=  0 | target=phero(-2.56,1.04)
R5[SEARCH    ]: carry=0 | base=1.38 | wall=2.45 | search=619 | target=site(-2.56,1.04)
R6[SITE      ]: carry=0 | base=1.17 | wall=2.45 | search=  0 | target=site(-2.67,1.12)
R7[GIVE_UP   ]: carry=0 | base=3.17 | wall=0.88 | search=1404 | target=none
R8[SITE      ]: carry=0 | base=2.61 | wall=0.96 | search=  0 | target=site(-2.76,0.66)


======================================================================
Step 7000 (3.7 min) | Pickups: 14 | Deposits: 14 | Rate: 3.75 tags/min | phero_entries=5 max_w=0.063
======================================================================
R1[PHERO     ]: carry=0 | base=2.11 | wall=1.54 | search=  0 | target=phero(-2.67,1.12)
R2[SEARCH    ]: carry=0 | base=3.31 | wall=0.56 | search=1422 | target=site(1.84,1.87)
R3[GIVE_UP   ]: carry=0 | base=0.50 | wall=3.03 | search=156 | target=none
R4[SEARCH    ]: carry=0 | base=2.77 | wall=0.91 | search= 77 | target=phero(-2.56,1.04)
R5[GIVE_UP   ]: carry=0 | base=0.99 | wall=2.74 | search=1092 | target=none
R6[SEARCH    ]: carry=0 | base=2.93 | wall=0.80 | search= 65 | target=site(-2.67,1.12)
R7[GIVE_UP   ]: carry=0 | base=1.25 | wall=2.46 | search=1404 | target=none
R8[SEARCH    ]: carry=0 | base=2.35 | wall=1.17 | search=453 | target=site(-2.76,0.66)

[PICKUP] R6 picked up tag (density=9) | Total: 15
  [GIVE-UP] R3 returned empty after 156 searching steps
  [TARGET] R3 → PHERO (-2.67, 1.12)
  [GIVE-UP] R5 returned empty after 1092 searching steps
  [TARGET] R5 → PHERO (-2.67, 1.12)
  [GIVE-UP] R7 returned empty after 1404 searching steps
  [TARGET] R7 → PHERO (-2.67, 1.12)

======================================================================
Step 7500 (4.0 min) | Pickups: 15 | Deposits: 14 | Rate: 3.50 tags/min | phero_entries=3 max_w=0.013
======================================================================
R1[SEARCH    ]: carry=0 | base=2.66 | wall=1.07 | search=263 | target=phero(-2.67,1.12)
R2[GIVE_UP   ]: carry=0 | base=2.55 | wall=1.28 | search=1560 | target=none
R3[PHERO     ]: carry=0 | base=1.44 | wall=2.15 | search=  0 | target=phero(-2.67,1.12)
R4[SEARCH    ]: carry=0 | base=1.84 | wall=2.13 | search=577 | target=phero(-2.56,1.04)
R5[PHERO     ]: carry=0 | base=0.28 | wall=3.28 | search=  0 | target=phero(-2.67,1.12)
R6[RTB       ]: carry=1 | base=2.47 | wall=1.22 | search=  0 | target=none
R7[PHERO     ]: carry=0 | base=0.32 | wall=3.24 | search=  0 | target=phero(-2.67,1.12)
R8[SEARCH    ]: carry=0 | base=3.38 | wall=0.36 | search=953 | target=site(-2.76,0.66)


======================================================================
Step 8000 (4.3 min) | Pickups: 15 | Deposits: 14 | Rate: 3.28 tags/min | phero_entries=1 max_w=0.003
======================================================================
R1[SEARCH    ]: carry=0 | base=1.80 | wall=2.02 | search=763 | target=phero(-2.67,1.12)
R2[GIVE_UP   ]: carry=0 | base=0.63 | wall=2.95 | search=1560 | target=none
R3[SEARCH    ]: carry=0 | base=2.88 | wall=0.82 | search=127 | target=phero(-2.67,1.12)
R4[SEARCH    ]: carry=0 | base=3.17 | wall=0.56 | search=1077 | target=phero(-2.56,1.04)
R5[PHERO     ]: carry=0 | base=1.83 | wall=1.86 | search=  0 | target=phero(-2.67,1.12)
R6[RTB       ]: carry=1 | base=0.58 | wall=2.97 | search=  0 | target=none
R7[PHERO     ]: carry=0 | base=1.74 | wall=1.95 | search=  0 | target=phero(-2.67,1.12)
R8[GIVE_UP   ]: carry=0 | base=3.30 | wall=0.42 | search=1404 | target=none

[PICKUP] R3 picked up tag (density=8) | Total: 16
[DEPOSIT] R6 deposited! Total: 15
  [TARGET] R6 → SITE (-2.73, 1.10)
  [GIVE-UP] R2 returned empty after 1560 searching steps
  [TARGET] R2 → PHERO (-2.67, 1.12)

======================================================================
Step 8500 (4.5 min) | Pickups: 16 | Deposits: 15 | Rate: 3.31 tags/min | phero_entries=0 max_w=0.000
======================================================================
R1[SEARCH    ]: carry=0 | base=2.30 | wall=1.20 | search=1263 | target=phero(-2.67,1.12)
R2[PHERO     ]: carry=0 | base=0.27 | wall=3.26 | search=  0 | target=phero(-2.67,1.12)
R3[RTB       ]: carry=1 | base=1.69 | wall=1.93 | search=  0 | target=none
R4[SEARCH    ]: carry=0 | base=3.37 | wall=0.39 | search=1577 | target=phero(-2.56,1.04)
R5[SEARCH    ]: carry=0 | base=2.76 | wall=0.99 | search=234 | target=phero(-2.67,1.12)
R6[SITE      ]: carry=0 | base=1.38 | wall=2.20 | search=  0 | target=site(-2.73,1.10)
R7[SEARCH    ]: carry=0 | base=2.67 | wall=1.03 | search=195 | target=phero(-2.67,1.12)
R8[GIVE_UP   ]: carry=0 | base=1.39 | wall=2.21 | search=1404 | target=none

  [GIVE-UP] R8 returned empty after 1404 searching steps
  [TARGET] R8 → WALL (2.28, 3.42)
[DEPOSIT] R3 deposited! Total: 16
  [TARGET] R3 → SITE (-2.68, 1.03)
[PICKUP] R5 picked up tag (density=16) | Total: 17

======================================================================
Step 9000 (4.8 min) | Pickups: 17 | Deposits: 16 | Rate: 3.33 tags/min | phero_entries=0 max_w=0.000
======================================================================
R1[GIVE_UP   ]: carry=0 | base=1.81 | wall=1.71 | search=1404 | target=none
R2[PHERO     ]: carry=0 | base=1.88 | wall=1.81 | search=  0 | target=phero(-2.67,1.12)
R3[BASE_ESC  ]: carry=0 | base=0.23 | wall=3.27 | search=  0 | target=site(-2.68,1.03)
R4[WALL_ESC  ]: carry=0 | base=3.46 | wall=0.31 | search=2077 | target=phero(-2.56,1.04)
R5[SURVEY    ]: carry=1 | base=3.67 | wall=0.88 | search=  0 | target=none
R6[SEARCH    ]: carry=0 | base=2.92 | wall=0.82 | search= 93 | target=site(-2.73,1.10)
R7[SEARCH    ]: carry=0 | base=1.55 | wall=2.14 | search=695 | target=phero(-2.67,1.12)
R8[DEPART    ]: carry=0 | base=0.29 | wall=3.23 | search=  0 | target=none

  [GIVE-UP] R1 returned empty after 1404 searching steps
  [TARGET] R1 → WALL (2.72, 3.42)
[PICKUP] R7 picked up tag (density=15) | Total: 18

======================================================================
Step 9500 (5.1 min) | Pickups: 18 | Deposits: 16 | Rate: 3.16 tags/min | phero_entries=0 max_w=0.000
======================================================================
R1[BASE_ESC  ]: carry=0 | base=0.23 | wall=3.27 | search=  0 | target=none
R2[SEARCH    ]: carry=0 | base=2.78 | wall=0.97 | search=248 | target=phero(-2.67,1.12)
R3[SITE      ]: carry=0 | base=2.11 | wall=1.52 | search=  0 | target=site(-2.68,1.03)
R4[GIVE_UP   ]: carry=0 | base=2.80 | wall=0.91 | search=2340 | target=none
R5[RTB       ]: carry=1 | base=2.44 | wall=1.73 | search=  0 | target=none
R6[SEARCH    ]: carry=0 | base=3.35 | wall=0.39 | search=593 | target=site(-2.73,1.10)
R7[SURVEY    ]: carry=1 | base=1.74 | wall=1.97 | search=  0 | target=none
R8[SEARCH    ]: carry=0 | base=1.71 | wall=2.03 | search=435 | target=none

[PICKUP] R8 picked up tag (density=14) | Total: 19

======================================================================
Step 10000 (5.3 min) | Pickups: 19 | Deposits: 16 | Rate: 3.00 tags/min | phero_entries=0 max_w=0.000
======================================================================
R1[GIVE_UP   ]: carry=0 | base=1.54 | wall=2.29 | search=312 | target=none
R2[GIVE_UP   ]: carry=0 | base=2.80 | wall=1.07 | search=468 | target=none
R3[GIVE_UP   ]: carry=0 | base=2.64 | wall=1.12 | search=156 | target=none
R4[GIVE_UP   ]: carry=0 | base=0.88 | wall=2.68 | search=2340 | target=none
R5[RTB       ]: carry=1 | base=0.52 | wall=3.12 | search=  0 | target=none
R6[SEARCH    ]: carry=0 | base=3.37 | wall=0.39 | search=1093 | target=site(-2.73,1.10)
R7[RTB       ]: carry=1 | base=0.81 | wall=2.80 | search=  0 | target=none
R8[RTB       ]: carry=1 | base=1.01 | wall=2.65 | search=  0 | target=none

[DEPOSIT] R5 deposited! Total: 17
  [PHERO] Laid at (-2.57, 2.62) density=16 prob=0.99 entries=1
  [TARGET] R5 → SITE (-2.57, 2.62)
[DEPOSIT] R7 deposited! Total: 18
  [PHERO] Laid at (0.83, 1.49) density=15 prob=0.98 entries=2
  [TARGET] R7 → SITE (0.83, 1.49)
  [GIVE-UP] R4 returned empty after 2340 searching steps
  [TARGET] R4 → PHERO (0.83, 1.49)
[DEPOSIT] R8 deposited! Total: 19
  [PHERO] Laid at (0.91, 1.55) density=14 prob=0.96 entries=3
  [TARGET] R8 → SITE (0.91, 1.55)
  [GIVE-UP] R1 returned empty after 312 searching steps
  [TARGET] R1 → PHERO (0.83, 1.49)

======================================================================
Step 10500 (5.6 min) | Pickups: 19 | Deposits: 19 | Rate: 3.39 tags/min | phero_entries=3 max_w=0.383
======================================================================
R1[BASE_ESC  ]: carry=0 | base=0.22 | wall=3.33 | search=  0 | target=phero(0.83,1.49)
R2[GIVE_UP   ]: carry=0 | base=0.88 | wall=2.74 | search=468 | target=none
R3[GIVE_UP   ]: carry=0 | base=0.72 | wall=2.85 | search=156 | target=none
R4[PHERO     ]: carry=0 | base=1.04 | wall=2.55 | search=  0 | target=phero(0.83,1.49)
R5[SITE      ]: carry=0 | base=1.43 | wall=2.45 | search=  0 | target=site(-2.57,2.62)
R6[GIVE_UP   ]: carry=0 | base=2.11 | wall=1.57 | search=1248 | target=none
R7[SITE      ]: carry=0 | base=1.05 | wall=2.63 | search=  0 | target=site(0.83,1.49)
R8[SITE      ]: carry=0 | base=0.90 | wall=2.76 | search=  0 | target=site(0.91,1.55)

  [GIVE-UP] R3 returned empty after 156 searching steps
  [TARGET] R3 → PHERO (0.91, 1.55)
  [GIVE-UP] R2 returned empty after 468 searching steps
  [TARGET] R2 → PHERO (0.91, 1.55)
[PICKUP] R8 picked up tag (density=13) | Total: 20
  [GIVE-UP] R6 returned empty after 1248 searching steps
  [TARGET] R6 → PHERO (0.83, 1.49)

======================================================================
Step 11000 (5.9 min) | Pickups: 20 | Deposits: 19 | Rate: 3.24 tags/min | phero_entries=3 max_w=0.077
======================================================================
R1[SEARCH    ]: carry=0 | base=1.72 | wall=2.00 | search= 46 | target=phero(0.83,1.49)
R2[PHERO     ]: carry=0 | base=0.51 | wall=2.99 | search=  0 | target=phero(0.91,1.55)
R3[PHERO     ]: carry=0 | base=0.98 | wall=2.58 | search=  0 | target=phero(0.91,1.55)
R4[SEARCH    ]: carry=0 | base=1.66 | wall=2.14 | search=289 | target=phero(0.83,1.49)
R5[SITE      ]: carry=0 | base=3.35 | wall=1.12 | search=  0 | target=site(-2.57,2.62)
R6[BASE_ESC  ]: carry=0 | base=0.23 | wall=3.29 | search=  0 | target=phero(0.83,1.49)
R7[SEARCH    ]: carry=0 | base=1.77 | wall=2.02 | search=311 | target=site(0.83,1.49)
R8[SURVEY    ]: carry=1 | base=1.81 | wall=1.94 | search=  0 | target=none

[PICKUP] R7 picked up tag (density=12) | Total: 21
[PICKUP] R3 picked up tag (density=11) | Total: 22

======================================================================
Step 11500 (6.1 min) | Pickups: 22 | Deposits: 19 | Rate: 3.10 tags/min | phero_entries=3 max_w=0.016
======================================================================
R1[SEARCH    ]: carry=0 | base=2.68 | wall=0.84 | search=546 | target=phero(0.83,1.49)
R2[SEARCH    ]: carry=0 | base=1.79 | wall=1.93 | search=151 | target=phero(0.91,1.55)
R3[RTB       ]: carry=1 | base=1.86 | wall=1.86 | search=  0 | target=none
R4[SEARCH    ]: carry=0 | base=3.13 | wall=0.92 | search=789 | target=phero(0.83,1.49)
R5[SEARCH    ]: carry=0 | base=2.65 | wall=1.61 | search=430 | target=site(-2.57,2.62)
R6[PHERO     ]: carry=0 | base=1.12 | wall=2.47 | search=  0 | target=phero(0.83,1.49)
R7[RTB       ]: carry=1 | base=0.97 | wall=2.72 | search=  0 | target=none
R8[RTB       ]: carry=1 | base=0.30 | wall=3.25 | search=  0 | target=none

[DEPOSIT] R8 deposited! Total: 20
  [PHERO] Laid at (0.91, 1.56) density=13 prob=0.93 entries=4
  [TARGET] R8 → SITE (0.91, 1.56)
[DEPOSIT] R7 deposited! Total: 21
  [PHERO] Laid at (1.00, 1.55) density=12 prob=0.88 entries=5
  [TARGET] R7 → SITE (1.00, 1.55)
  [GIVE-UP] R2 returned empty after 156 searching steps
  [TARGET] R2 → PHERO (1.00, 1.55)
[DEPOSIT] R3 deposited! Total: 22
  [TARGET] R3 → SITE (0.88, 1.58)

======================================================================
Step 12000 (6.4 min) | Pickups: 22 | Deposits: 22 | Rate: 3.44 tags/min | phero_entries=5 max_w=0.370
======================================================================
R1[WALL_ESC  ]: carry=0 | base=3.22 | wall=0.34 | search=1046 | target=phero(0.83,1.49)
R2[BASE_ESC  ]: carry=0 | base=0.19 | wall=3.31 | search=  0 | target=phero(1.00,1.55)
R3[BASE_ESC  ]: carry=0 | base=0.23 | wall=3.31 | search=  0 | target=site(0.88,1.58)
R4[SEARCH    ]: carry=0 | base=2.53 | wall=1.04 | search=1289 | target=phero(0.83,1.49)
R5[SEARCH    ]: carry=0 | base=2.02 | wall=1.49 | search=930 | target=site(-2.57,2.62)
R6[SEARCH    ]: carry=0 | base=1.75 | wall=2.11 | search=355 | target=phero(0.83,1.49)
R7[SITE      ]: carry=0 | base=0.96 | wall=2.74 | search=  0 | target=site(1.00,1.55)
R8[SITE      ]: carry=0 | base=1.63 | wall=2.10 | search=  0 | target=site(0.91,1.56)

[PICKUP] R6 picked up tag (density=11) | Total: 23
[PICKUP] R5 picked up tag (density=16) | Total: 24

======================================================================
Step 12500 (6.7 min) | Pickups: 24 | Deposits: 22 | Rate: 3.30 tags/min | phero_entries=2 max_w=0.075
======================================================================
R1[SEARCH    ]: carry=0 | base=3.20 | wall=0.36 | search=1546 | target=phero(0.83,1.49)
R2[PHERO     ]: carry=0 | base=1.71 | wall=2.05 | search=  0 | target=phero(1.00,1.55)
R3[SEARCH    ]: carry=0 | base=1.78 | wall=1.94 | search=  8 | target=site(0.88,1.58)
R4[GIVE_UP   ]: carry=0 | base=0.73 | wall=2.81 | search=1560 | target=none
R5[SURVEY    ]: carry=1 | base=2.07 | wall=1.69 | search=  0 | target=none
R6[RTB       ]: carry=1 | base=2.69 | wall=1.32 | search=  0 | target=none
R7[SEARCH    ]: carry=0 | base=1.77 | wall=2.15 | search=282 | target=site(1.00,1.55)
R8[SEARCH    ]: carry=0 | base=1.93 | wall=1.87 | search=466 | target=site(0.91,1.56)

[PICKUP] R2 picked up tag (density=10) | Total: 25
  [GIVE-UP] R4 returned empty after 1560 searching steps
  [TARGET] R4 → PHERO (1.00, 1.55)

======================================================================
Step 13000 (6.9 min) | Pickups: 25 | Deposits: 22 | Rate: 3.17 tags/min | phero_entries=2 max_w=0.015
======================================================================
R1[SEARCH    ]: carry=0 | base=3.19 | wall=0.36 | search=2046 | target=phero(0.83,1.49)
R2[RTB       ]: carry=1 | base=1.22 | wall=2.51 | search=  0 | target=none
R3[GIVE_UP   ]: carry=0 | base=0.39 | wall=3.15 | search=156 | target=none
R4[PHERO     ]: carry=0 | base=1.17 | wall=2.52 | search=  0 | target=phero(1.00,1.55)
R5[RTB       ]: carry=1 | base=0.30 | wall=3.24 | search=  0 | target=none
R6[RTB       ]: carry=1 | base=0.91 | wall=2.79 | search=  0 | target=none
R7[GIVE_UP   ]: carry=0 | base=0.28 | wall=3.30 | search=312 | target=none
R8[WALL_ESC  ]: carry=0 | base=3.37 | wall=0.35 | search=966 | target=site(0.91,1.56)

  [GIVE-UP] R7 returned empty after 312 searching steps
  [TARGET] R7 → PHERO (1.00, 1.55)
[DEPOSIT] R5 deposited! Total: 23
  [PHERO] Laid at (-1.81, -1.00) density=16 prob=0.99 entries=3
  [TARGET] R5 → SITE (-1.81, -1.00)
  [GIVE-UP] R3 returned empty after 156 searching steps
  [TARGET] R3 → PHERO (-1.81, -1.00)
[DEPOSIT] R6 deposited! Total: 24
  [PHERO] Laid at (1.55, 2.21) density=11 prob=0.80 entries=4
  [TARGET] R6 → SITE (1.55, 2.21)
[PICKUP] R4 picked up tag (density=9) | Total: 26
[DEPOSIT] R2 deposited! Total: 25
  [PHERO] Laid at (0.99, 1.56) density=10 prob=0.71 entries=5
  [TARGET] R2 → SITE (0.99, 1.56)

======================================================================
Step 13500 (7.2 min) | Pickups: 26 | Deposits: 25 | Rate: 3.47 tags/min | phero_entries=5 max_w=0.512
======================================================================
R1[SEARCH    ]: carry=0 | base=3.19 | wall=0.37 | search=2546 | target=phero(0.83,1.49)
R2[SITE      ]: carry=0 | base=0.60 | wall=2.93 | search=  0 | target=site(0.99,1.56)
R3[PHERO     ]: carry=0 | base=0.26 | wall=3.25 | search=  0 | target=phero(-1.81,-1.00)
R4[RTB       ]: carry=1 | base=1.87 | wall=1.96 | search=  0 | target=none
R5[SITE      ]: carry=0 | base=1.64 | wall=2.08 | search=  0 | target=site(-1.81,-1.00)
R6[SITE      ]: carry=0 | base=0.96 | wall=2.65 | search=  0 | target=site(1.55,2.21)
R7[PHERO     ]: carry=0 | base=1.61 | wall=2.16 | search=  0 | target=phero(1.00,1.55)
R8[SEARCH    ]: carry=0 | base=3.35 | wall=0.36 | search=1466 | target=site(0.91,1.56)

[PICKUP] R6 picked up tag (density=8) | Total: 27
[DEPOSIT] R4 deposited! Total: 26
  [PHERO] Laid at (1.03, 1.59) density=9 prob=0.59 entries=4
  [TARGET] R4 → SITE (1.03, 1.59)

======================================================================
Step 14000 (7.5 min) | Pickups: 27 | Deposits: 26 | Rate: 3.48 tags/min | phero_entries=4 max_w=0.807
======================================================================
R1[GIVE_UP   ]: carry=0 | base=2.01 | wall=1.55 | search=2652 | target=none
R2[SEARCH    ]: carry=0 | base=1.72 | wall=2.00 | search=181 | target=site(0.99,1.56)
R3[PHERO     ]: carry=0 | base=1.83 | wall=1.88 | search=  0 | target=phero(-1.81,-1.00)
R4[BASE_ESC  ]: carry=0 | base=0.22 | wall=3.31 | search=  0 | target=site(1.03,1.59)
R5[SEARCH    ]: carry=0 | base=2.50 | wall=1.21 | search=401 | target=site(-1.81,-1.00)
R6[RTB       ]: carry=1 | base=1.95 | wall=1.91 | search=  0 | target=none
R7[SEARCH    ]: carry=0 | base=2.26 | wall=1.81 | search=452 | target=phero(1.00,1.55)
R8[SEARCH    ]: carry=0 | base=3.35 | wall=0.36 | search=1966 | target=site(0.91,1.56)

[DEPOSIT] R6 deposited! Total: 27
  [TARGET] R6 → SITE (1.09, 1.64)
  [GIVE-UP] R1 returned empty after 2652 searching steps
  [TARGET] R1 → PHERO (1.03, 1.59)

======================================================================
Step 14500 (7.7 min) | Pickups: 27 | Deposits: 27 | Rate: 3.49 tags/min | phero_entries=4 max_w=0.163
======================================================================
R1[BASE_ESC  ]: carry=0 | base=0.22 | wall=3.28 | search=  0 | target=phero(1.03,1.59)
R2[BASE_ESC  ]: carry=0 | base=0.21 | wall=3.32 | search=681 | target=site(0.99,1.56)
R3[SEARCH    ]: carry=0 | base=2.54 | wall=1.14 | search=451 | target=phero(-1.81,-1.00)
R4[SEARCH    ]: carry=0 | base=1.87 | wall=1.94 | search= 33 | target=site(1.03,1.59)
R5[SEARCH    ]: carry=0 | base=3.30 | wall=0.40 | search=901 | target=site(-1.81,-1.00)
R6[BASE_ESC  ]: carry=0 | base=0.22 | wall=3.31 | search=  0 | target=site(1.09,1.64)
R7[WALL_ESC  ]: carry=0 | base=3.61 | wall=0.31 | search=952 | target=phero(1.00,1.55)
R8[SEARCH    ]: carry=0 | base=3.34 | wall=0.37 | search=2466 | target=site(0.91,1.56)

  [GIVE-UP] R2 returned empty after 780 searching steps
  [TARGET] R2 → PHERO (1.03, 1.59)

======================================================================
Step 15000 (8.0 min) | Pickups: 27 | Deposits: 27 | Rate: 3.38 tags/min | phero_entries=4 max_w=0.033
======================================================================
R1[PHERO     ]: carry=0 | base=1.82 | wall=1.97 | search=  0 | target=phero(1.03,1.59)
R2[PHERO     ]: carry=0 | base=0.49 | wall=3.01 | search=  0 | target=phero(1.03,1.59)
R3[SEARCH    ]: carry=0 | base=3.74 | wall=0.37 | search=951 | target=phero(-1.81,-1.00)
R4[SEARCH    ]: carry=0 | base=2.64 | wall=1.63 | search=533 | target=site(1.03,1.59)
R5[SEARCH    ]: carry=0 | base=3.31 | wall=0.40 | search=1401 | target=site(-1.81,-1.00)
R6[SITE      ]: carry=0 | base=1.89 | wall=1.93 | search=  0 | target=site(1.09,1.64)
R7[WALL_ESC  ]: carry=0 | base=3.58 | wall=0.33 | search=1452 | target=phero(1.00,1.55)
R8[SEARCH    ]: carry=0 | base=3.34 | wall=0.37 | search=2966 | target=site(0.91,1.56)

[PICKUP] R6 picked up tag (density=7) | Total: 28
[PICKUP] R2 picked up tag (density=6) | Total: 29

======================================================================
Step 15500 (8.3 min) | Pickups: 29 | Deposits: 27 | Rate: 3.27 tags/min | phero_entries=1 max_w=0.007
======================================================================
R1[SEARCH    ]: carry=0 | base=1.50 | wall=2.11 | search=495 | target=phero(1.03,1.59)
R2[SURVEY    ]: carry=1 | base=1.90 | wall=1.87 | search=  0 | target=none
R3[SEARCH    ]: carry=0 | base=3.72 | wall=0.40 | search=1451 | target=phero(-1.81,-1.00)
R4[SEARCH    ]: carry=0 | base=3.91 | wall=0.37 | search=1033 | target=site(1.03,1.59)
R5[GIVE_UP   ]: carry=0 | base=1.64 | wall=1.98 | search=1404 | target=none
R6[RTB       ]: carry=1 | base=1.28 | wall=2.47 | search=  0 | target=none
R7[GIVE_UP   ]: carry=0 | base=2.95 | wall=0.89 | search=1716 | target=none
R8[SEARCH    ]: carry=0 | base=3.33 | wall=0.38 | search=3466 | target=site(0.91,1.56)

[DEPOSIT] R6 deposited! Total: 28
  [TARGET] R6 → SITE (1.07, 1.63)
  [GIVE-UP] R5 returned empty after 1404 searching steps
  [TARGET] R5 → PHERO (1.03, 1.59)
[PICKUP] R3 picked up tag (density=15) | Total: 30

======================================================================
Step 16000 (8.5 min) | Pickups: 30 | Deposits: 28 | Rate: 3.28 tags/min | phero_entries=1 max_w=0.001
======================================================================
R1[SEARCH    ]: carry=0 | base=2.66 | wall=0.93 | search=995 | target=phero(1.03,1.59)
R2[RTB       ]: carry=1 | base=1.11 | wall=2.58 | search=  0 | target=none
R3[SURVEY    ]: carry=1 | base=2.66 | wall=1.26 | search=  0 | target=none
R4[SEARCH    ]: carry=0 | base=4.38 | wall=0.36 | search=1533 | target=site(1.03,1.59)
R5[PHERO     ]: carry=0 | base=0.27 | wall=3.23 | search=  0 | target=phero(1.03,1.59)
R6[SITE      ]: carry=0 | base=0.69 | wall=2.89 | search=  0 | target=site(1.07,1.63)
R7[GIVE_UP   ]: carry=0 | base=1.03 | wall=2.59 | search=1716 | target=none
R8[SEARCH    ]: carry=0 | base=3.33 | wall=0.38 | search=3966 | target=site(0.91,1.56)

  [GIVE-UP] R7 returned empty after 1716 searching steps
  [TARGET] R7 → WALL (3.42, -2.24)
[DEPOSIT] R2 deposited! Total: 29
  [TARGET] R2 → SITE (0.98, 1.63)

======================================================================
Step 16500 (8.8 min) | Pickups: 30 | Deposits: 29 | Rate: 3.30 tags/min | phero_entries=0 max_w=0.000
======================================================================
R1[SEARCH    ]: carry=0 | base=3.33 | wall=0.37 | search=1495 | target=phero(1.03,1.59)
R2[SITE      ]: carry=0 | base=0.77 | wall=2.88 | search=  0 | target=site(0.98,1.63)
R3[RTB       ]: carry=1 | base=1.33 | wall=2.39 | search=  0 | target=none
R4[WALL_ESC  ]: carry=0 | base=4.44 | wall=0.31 | search=2028 | target=none
R5[PHERO     ]: carry=0 | base=1.58 | wall=2.15 | search=  0 | target=phero(1.03,1.59)
R6[SEARCH    ]: carry=0 | base=1.84 | wall=1.92 | search=180 | target=site(1.07,1.63)
R7[DEPART    ]: carry=0 | base=0.56 | wall=2.94 | search=  0 | target=none
R8[SEARCH    ]: carry=0 | base=3.33 | wall=0.38 | search=4466 | target=site(0.91,1.56)

[PICKUP] R5 picked up tag (density=5) | Total: 31
[DEPOSIT] R3 deposited! Total: 30
  [PHERO] Laid at (-2.24, -1.44) density=15 prob=0.98 entries=1
  [TARGET] R3 → SITE (-2.24, -1.44)
[PICKUP] R4 picked up tag (density=10) | Total: 32

======================================================================
Step 17000 (9.1 min) | Pickups: 32 | Deposits: 30 | Rate: 3.31 tags/min | phero_entries=1 max_w=0.498
======================================================================
R1[SEARCH    ]: carry=0 | base=3.33 | wall=0.37 | search=1995 | target=phero(1.03,1.59)
R2[SEARCH    ]: carry=0 | base=1.67 | wall=2.00 | search=216 | target=site(0.98,1.63)
R3[SITE      ]: carry=0 | base=0.63 | wall=2.93 | search=  0 | target=site(-2.24,-1.44)
R4[SURVEY    ]: carry=1 | base=3.02 | wall=1.32 | search=  0 | target=none
R5[RTB       ]: carry=1 | base=1.89 | wall=1.89 | search=  0 | target=none
R6[SEARCH    ]: carry=0 | base=2.41 | wall=1.19 | search=680 | target=site(1.07,1.63)
R7[SEARCH    ]: carry=0 | base=2.12 | wall=1.77 | search=493 | target=none
R8[SEARCH    ]: carry=0 | base=3.32 | wall=0.39 | search=4966 | target=site(0.91,1.56)

[PICKUP] R3 picked up tag (density=14) | Total: 33
[DEPOSIT] R5 deposited! Total: 31
  [PHERO] Laid at (0.98, 1.66) density=5 prob=0.12 entries=2
  [TARGET] R5 → SITE (0.98, 1.66)

======================================================================
Step 17500 (9.3 min) | Pickups: 33 | Deposits: 31 | Rate: 3.32 tags/min | phero_entries=2 max_w=0.802
======================================================================
R1[SEARCH    ]: carry=0 | base=3.32 | wall=0.38 | search=2495 | target=phero(1.03,1.59)
R2[BASE_ESC  ]: carry=0 | base=0.23 | wall=3.30 | search=716 | target=site(0.98,1.63)
R3[SURVEY    ]: carry=1 | base=2.09 | wall=1.72 | search=  0 | target=none
R4[RTB       ]: carry=1 | base=1.80 | wall=2.21 | search=  0 | target=none
R5[BASE_ESC  ]: carry=0 | base=0.22 | wall=3.33 | search=  0 | target=site(0.98,1.66)
R6[SEARCH    ]: carry=0 | base=3.09 | wall=0.56 | search=1180 | target=site(1.07,1.63)
R7[SEARCH    ]: carry=0 | base=3.22 | wall=0.64 | search=993 | target=none
R8[SEARCH    ]: carry=0 | base=3.32 | wall=0.39 | search=5466 | target=site(0.91,1.56)

[DEPOSIT] R4 deposited! Total: 32
  [PHERO] Laid at (2.08, 2.19) density=10 prob=0.71 entries=3
  [TARGET] R4 → SITE (2.08, 2.19)

======================================================================
Step 18000 (9.6 min) | Pickups: 33 | Deposits: 32 | Rate: 3.33 tags/min | phero_entries=3 max_w=0.736
======================================================================
R1[SEARCH    ]: carry=0 | base=3.31 | wall=0.38 | search=2995 | target=phero(1.03,1.59)
R2[SEARCH    ]: carry=0 | base=0.64 | wall=2.88 | search=1216 | target=site(0.98,1.63)
R3[RTB       ]: carry=1 | base=0.66 | wall=2.94 | search=  0 | target=none
R4[BASE_ESC  ]: carry=0 | base=0.23 | wall=3.31 | search=  0 | target=site(2.08,2.19)
R5[SEARCH    ]: carry=0 | base=1.90 | wall=1.87 | search= 21 | target=site(0.98,1.66)
R6[GIVE_UP   ]: carry=0 | base=1.99 | wall=1.66 | search=1248 | target=none
R7[SEARCH    ]: carry=0 | base=3.26 | wall=0.37 | search=1493 | target=none
R8[SEARCH    ]: carry=0 | base=3.32 | wall=0.39 | search=5966 | target=site(0.91,1.56)

[DEPOSIT] R3 deposited! Total: 33
  [PHERO] Laid at (-1.77, -1.11) density=14 prob=0.96 entries=4
  [TARGET] R3 → SITE (-1.77, -1.11)
[PICKUP] R5 picked up tag (density=4) | Total: 34
  [GIVE-UP] R6 returned empty after 1248 searching steps
  [TARGET] R6 → PHERO (-1.77, -1.11)

======================================================================
Step 18500 (9.9 min) | Pickups: 34 | Deposits: 33 | Rate: 3.34 tags/min | phero_entries=4 max_w=0.285
======================================================================
R1[SEARCH    ]: carry=0 | base=3.31 | wall=0.39 | search=3495 | target=phero(1.03,1.59)
R2[SEARCH    ]: carry=0 | base=2.22 | wall=1.60 | search=1716 | target=site(0.98,1.63)
R3[SITE      ]: carry=0 | base=1.28 | wall=2.44 | search=  0 | target=site(-1.77,-1.11)
R4[SITE      ]: carry=0 | base=2.07 | wall=2.03 | search=  0 | target=site(2.08,2.19)
R5[RTB       ]: carry=1 | base=1.77 | wall=2.05 | search=  0 | target=none
R6[BASE_ESC  ]: carry=0 | base=0.22 | wall=3.30 | search=  0 | target=phero(-1.77,-1.11)
R7[SEARCH    ]: carry=0 | base=3.27 | wall=0.38 | search=1993 | target=none
R8[SEARCH    ]: carry=0 | base=3.32 | wall=0.40 | search=6466 | target=site(0.91,1.56)

[PICKUP] R4 picked up tag (density=9) | Total: 35
[DEPOSIT] R5 deposited! Total: 34
  [TARGET] R5 → PHERO (-1.77, -1.11)

======================================================================
Step 19000 (10.1 min) | Pickups: 35 | Deposits: 34 | Rate: 3.36 tags/min | phero_entries=3 max_w=0.058
======================================================================
R1[SEARCH    ]: carry=0 | base=3.30 | wall=0.39 | search=3995 | target=phero(1.03,1.59)
R2[SEARCH    ]: carry=0 | base=3.21 | wall=0.68 | search=2216 | target=site(0.98,1.63)
R3[SEARCH    ]: carry=0 | base=1.57 | wall=2.33 | search=302 | target=site(-1.77,-1.11)
R4[RTB       ]: carry=1 | base=2.27 | wall=1.86 | search=  0 | target=none
R5[BASE_ESC  ]: carry=0 | base=0.24 | wall=3.33 | search=  0 | target=phero(-1.77,-1.11)
R6[PHERO     ]: carry=0 | base=1.37 | wall=2.40 | search=  0 | target=phero(-1.77,-1.11)
R7[SEARCH    ]: carry=0 | base=3.27 | wall=0.39 | search=2493 | target=none
R8[SEARCH    ]: carry=0 | base=3.32 | wall=0.40 | search=6966 | target=site(0.91,1.56)


======================================================================
Step 19500 (10.4 min) | Pickups: 35 | Deposits: 34 | Rate: 3.27 tags/min | phero_entries=3 max_w=0.012
======================================================================
R1[GIVE_UP   ]: carry=0 | base=2.35 | wall=1.29 | search=4212 | target=none
R2[SEARCH    ]: carry=0 | base=3.24 | wall=0.37 | search=2716 | target=site(0.98,1.63)
R3[GIVE_UP   ]: carry=0 | base=0.94 | wall=2.69 | search=780 | target=none
R4[RTB       ]: carry=1 | base=0.35 | wall=3.24 | search=  0 | target=none
R5[PHERO     ]: carry=0 | base=0.36 | wall=3.15 | search=  0 | target=phero(-1.77,-1.11)
R6[SEARCH    ]: carry=0 | base=1.62 | wall=2.01 | search=323 | target=phero(-1.77,-1.11)
R7[SEARCH    ]: carry=0 | base=3.26 | wall=0.39 | search=2993 | target=none
R8[SEARCH    ]: carry=0 | base=3.33 | wall=0.40 | search=7466 | target=site(0.91,1.56)

[DEPOSIT] R4 deposited! Total: 35
  [PHERO] Laid at (1.84, 1.91) density=9 prob=0.59 entries=4
  [TARGET] R4 → SITE (1.84, 1.91)
  [GIVE-UP] R3 returned empty after 780 searching steps
  [TARGET] R3 → PHERO (1.84, 1.91)

======================================================================
Step 20000 (10.7 min) | Pickups: 35 | Deposits: 35 | Rate: 3.28 tags/min | phero_entries=3 max_w=0.221
======================================================================
R1[GIVE_UP   ]: carry=0 | base=0.43 | wall=3.10 | search=4212 | target=none
R2[SEARCH    ]: carry=0 | base=3.25 | wall=0.37 | search=3216 | target=site(0.98,1.63)
R3[PHERO     ]: carry=0 | base=0.65 | wall=2.89 | search=  0 | target=phero(1.84,1.91)
R4[SITE      ]: carry=0 | base=1.58 | wall=2.36 | search=  0 | target=site(1.84,1.91)
R5[SEARCH    ]: carry=0 | base=2.07 | wall=1.74 | search= 24 | target=phero(-1.77,-1.11)
R6[SEARCH    ]: carry=0 | base=0.61 | wall=2.93 | search=823 | target=phero(-1.77,-1.11)
R7[SEARCH    ]: carry=0 | base=3.26 | wall=0.39 | search=3493 | target=none
R8[SEARCH    ]: carry=0 | base=3.34 | wall=0.39 | search=7966 | target=site(0.91,1.56)

  [GIVE-UP] R1 returned empty after 4212 searching steps
  [TARGET] R1 → PHERO (1.84, 1.91)
[PICKUP] R5 picked up tag (density=13) | Total: 36
[PICKUP] R4 picked up tag (density=8) | Total: 37

======================================================================
Step 20500 (10.9 min) | Pickups: 37 | Deposits: 35 | Rate: 3.20 tags/min | phero_entries=1 max_w=0.045
======================================================================
R1[PHERO     ]: carry=0 | base=1.44 | wall=2.42 | search=  0 | target=phero(1.84,1.91)
R2[SEARCH    ]: carry=0 | base=3.24 | wall=0.38 | search=3716 | target=site(0.98,1.63)
R3[PHERO     ]: carry=0 | base=2.50 | wall=1.71 | search=  0 | target=phero(1.84,1.91)
R4[SURVEY    ]: carry=1 | base=2.71 | wall=1.58 | search=  0 | target=none
R5[RTB       ]: carry=1 | base=1.67 | wall=2.06 | search=  0 | target=none
R6[SEARCH    ]: carry=0 | base=1.55 | wall=2.26 | search=1323 | target=phero(-1.77,-1.11)
R7[SEARCH    ]: carry=0 | base=3.26 | wall=0.39 | search=3993 | target=none
R8[SEARCH    ]: carry=0 | base=3.34 | wall=0.39 | search=8466 | target=site(0.91,1.56)

[PICKUP] R3 picked up tag (density=7) | Total: 38
[DEPOSIT] R5 deposited! Total: 36
  [PHERO] Laid at (-1.85, -1.03) density=13 prob=0.93 entries=2
  [TARGET] R5 → SITE (-1.85, -1.03)

======================================================================
Step 21000 (11.2 min) | Pickups: 38 | Deposits: 36 | Rate: 3.21 tags/min | phero_entries=2 max_w=0.658
======================================================================
R1[SEARCH    ]: carry=0 | base=2.55 | wall=1.65 | search=187 | target=phero(1.84,1.91)
R2[SEARCH    ]: carry=0 | base=3.24 | wall=0.38 | search=4216 | target=site(0.98,1.63)
R3[RTB       ]: carry=1 | base=2.46 | wall=1.74 | search=  0 | target=none
R4[RTB       ]: carry=1 | base=1.33 | wall=2.52 | search=  0 | target=none
R5[SITE      ]: carry=0 | base=0.31 | wall=3.28 | search=  0 | target=site(-1.85,-1.03)
R6[SEARCH    ]: carry=0 | base=2.32 | wall=1.20 | search=1823 | target=phero(-1.77,-1.11)
R7[SEARCH    ]: carry=0 | base=3.26 | wall=0.40 | search=4493 | target=none
R8[SEARCH    ]: carry=0 | base=3.35 | wall=0.38 | search=8966 | target=site(0.91,1.56)

[DEPOSIT] R4 deposited! Total: 37
  [TARGET] R4 → SITE (1.92, 1.91)

======================================================================
Step 21500 (11.5 min) | Pickups: 38 | Deposits: 37 | Rate: 3.23 tags/min | phero_entries=2 max_w=0.133
======================================================================
R1[SEARCH    ]: carry=0 | base=3.67 | wall=0.63 | search=687 | target=phero(1.84,1.91)
R2[SEARCH    ]: carry=0 | base=3.24 | wall=0.39 | search=4716 | target=site(0.98,1.63)
R3[RTB       ]: carry=1 | base=0.54 | wall=3.11 | search=  0 | target=none
R4[SITE      ]: carry=0 | base=0.63 | wall=3.00 | search=  0 | target=site(1.92,1.91)
R5[SEARCH    ]: carry=0 | base=2.09 | wall=1.68 | search= 36 | target=site(-1.85,-1.03)
R6[GIVE_UP   ]: carry=0 | base=2.72 | wall=0.81 | search=2184 | target=none
R7[SEARCH    ]: carry=0 | base=3.26 | wall=0.40 | search=4993 | target=none
R8[SEARCH    ]: carry=0 | base=3.37 | wall=0.37 | search=9466 | target=site(0.91,1.56)

[DEPOSIT] R3 deposited! Total: 38
  [TARGET] R3 → SITE (1.81, 1.91)

======================================================================
Step 22000 (11.7 min) | Pickups: 38 | Deposits: 38 | Rate: 3.24 tags/min | phero_entries=1 max_w=0.027
======================================================================
R1[WALL_ESC  ]: carry=0 | base=3.99 | wall=0.31 | search=1187 | target=phero(1.84,1.91)
R2[SEARCH    ]: carry=0 | base=3.23 | wall=0.39 | search=5216 | target=site(0.98,1.63)
R3[SITE      ]: carry=0 | base=1.41 | wall=2.44 | search=  0 | target=site(1.81,1.91)
R4[SITE      ]: carry=0 | base=2.55 | wall=1.70 | search=  0 | target=site(1.92,1.91)
R5[SEARCH    ]: carry=0 | base=1.59 | wall=1.92 | search=536 | target=site(-1.85,-1.03)
R6[GIVE_UP   ]: carry=0 | base=0.80 | wall=2.71 | search=2184 | target=none
R7[SEARCH    ]: carry=0 | base=3.27 | wall=0.40 | search=5493 | target=none
R8[SEARCH    ]: carry=0 | base=3.38 | wall=0.36 | search=9966 | target=site(0.91,1.56)

  [GIVE-UP] R6 returned empty after 2184 searching steps
  [TARGET] R6 → PHERO (-1.85, -1.03)
[PICKUP] R3 picked up tag (density=6) | Total: 39

======================================================================
Step 22500 (12.0 min) | Pickups: 39 | Deposits: 38 | Rate: 3.17 tags/min | phero_entries=1 max_w=0.005
======================================================================
R1[SEARCH    ]: carry=0 | base=3.97 | wall=0.36 | search=1687 | target=phero(1.84,1.91)
R2[SEARCH    ]: carry=0 | base=3.23 | wall=0.39 | search=5716 | target=site(0.98,1.63)
R3[SURVEY    ]: carry=1 | base=2.68 | wall=1.51 | search=  0 | target=none
R4[SEARCH    ]: carry=0 | base=3.39 | wall=0.75 | search=472 | target=site(1.92,1.91)
R5[GIVE_UP   ]: carry=0 | base=2.27 | wall=1.86 | search=936 | target=none
R6[PHERO     ]: carry=0 | base=0.58 | wall=3.05 | search=  0 | target=phero(-1.85,-1.03)
R7[GIVE_UP   ]: carry=0 | base=2.04 | wall=1.59 | search=5616 | target=none
R8[GIVE_UP   ]: carry=0 | base=3.38 | wall=0.36 | search=10452 | target=none

[PICKUP] R1 picked up tag (density=5) | Total: 40
  [GIVE-UP] R7 returned empty after 5616 searching steps
  [TARGET] R7 → PHERO (-1.85, -1.03)

======================================================================
Step 23000 (12.3 min) | Pickups: 40 | Deposits: 38 | Rate: 3.10 tags/min | phero_entries=1 max_w=0.001
======================================================================
R1[SURVEY    ]: carry=1 | base=2.92 | wall=1.15 | search=  0 | target=none
R2[SEARCH    ]: carry=0 | base=3.23 | wall=0.40 | search=6216 | target=site(0.98,1.63)
R3[RTB       ]: carry=1 | base=1.51 | wall=2.42 | search=  0 | target=none
R4[WALL_ESC  ]: carry=0 | base=3.86 | wall=0.31 | search=972 | target=site(1.92,1.91)
R5[GIVE_UP   ]: carry=0 | base=0.37 | wall=3.24 | search=936 | target=none
R6[SEARCH    ]: carry=0 | base=2.10 | wall=1.63 | search=100 | target=phero(-1.85,-1.03)
R7[BASE_ESC  ]: carry=0 | base=0.22 | wall=3.30 | search=  0 | target=phero(-1.85,-1.03)
R8[GIVE_UP   ]: carry=0 | base=1.80 | wall=1.85 | search=10452 | target=none

  [GIVE-UP] R5 returned empty after 936 searching steps
  [TARGET] R5 → WALL (-0.46, -3.42)
[PICKUP] R6 picked up tag (density=12) | Total: 41
[DEPOSIT] R3 deposited! Total: 39
  [TARGET] R3 → SITE (1.80, 1.99)
  [GIVE-UP] R8 returned empty after 10452 searching steps
  [TARGET] R8 → WALL (3.42, -2.68)

======================================================================
Step 23500 (12.5 min) | Pickups: 41 | Deposits: 39 | Rate: 3.11 tags/min | phero_entries=0 max_w=0.000
======================================================================
R1[RTB       ]: carry=1 | base=1.75 | wall=2.13 | search=  0 | target=none
R2[SEARCH    ]: carry=0 | base=3.24 | wall=0.40 | search=6716 | target=site(0.98,1.63)
R3[SITE      ]: carry=0 | base=0.46 | wall=3.11 | search=  0 | target=site(1.80,1.99)
R4[SEARCH    ]: carry=0 | base=3.78 | wall=0.39 | search=1472 | target=site(1.92,1.91)
R5[GIVE_UP   ]: carry=0 | base=0.48 | wall=3.03 | search=156 | target=none
R6[RTB       ]: carry=1 | base=1.50 | wall=2.18 | search=  0 | target=none
R7[PHERO     ]: carry=0 | base=1.31 | wall=2.43 | search=  0 | target=phero(-1.85,-1.03)
R8[BASE_ESC  ]: carry=0 | base=0.23 | wall=3.31 | search=  0 | target=none

  [GIVE-UP] R5 returned empty after 156 searching steps
  [TARGET] R5 → WALL (-3.42, -2.83)
[DEPOSIT] R6 deposited! Total: 40
  [PHERO] Laid at (-1.96, -1.00) density=12 prob=0.88 entries=1
  [TARGET] R6 → SITE (-1.96, -1.00)
[DEPOSIT] R1 deposited! Total: 41
  [TARGET] R1 → SITE (1.74, 2.35)

======================================================================
Step 24000 (12.8 min) | Pickups: 41 | Deposits: 41 | Rate: 3.20 tags/min | phero_entries=1 max_w=0.573
======================================================================
R1[BASE_ESC  ]: carry=0 | base=0.22 | wall=3.34 | search=  0 | target=site(1.74,2.35)
R2[SEARCH    ]: carry=0 | base=3.24 | wall=0.40 | search=7216 | target=site(0.98,1.63)
R3[SITE      ]: carry=0 | base=2.27 | wall=1.81 | search=  0 | target=site(1.80,1.99)
R4[GIVE_UP   ]: carry=0 | base=3.74 | wall=0.39 | search=1872 | target=none
R5[DEPART    ]: carry=0 | base=1.06 | wall=2.65 | search=  0 | target=none
R6[SITE      ]: carry=0 | base=0.44 | wall=3.17 | search=  0 | target=site(-1.96,-1.00)
R7[SEARCH    ]: carry=0 | base=2.01 | wall=1.65 | search=298 | target=phero(-1.85,-1.03)
R8[SEARCH    ]: carry=0 | base=1.60 | wall=1.91 | search=332 | target=none


======================================================================
Step 24500 (13.1 min) | Pickups: 41 | Deposits: 41 | Rate: 3.14 tags/min | phero_entries=1 max_w=0.116
======================================================================
R1[SITE      ]: carry=0 | base=2.00 | wall=1.92 | search=  0 | target=site(1.74,2.35)
R2[SEARCH    ]: carry=0 | base=3.26 | wall=0.38 | search=7716 | target=site(0.98,1.63)
R3[GIVE_UP   ]: carry=0 | base=2.08 | wall=1.98 | search=156 | target=none
R4[GIVE_UP   ]: carry=0 | base=1.83 | wall=1.98 | search=1872 | target=none
R5[SEARCH    ]: carry=0 | base=2.94 | wall=1.31 | search= 14 | target=none
R6[SEARCH    ]: carry=0 | base=2.18 | wall=1.55 | search= 50 | target=site(-1.96,-1.00)
R7[GIVE_UP   ]: carry=0 | base=0.38 | wall=3.14 | search=312 | target=none
R8[SEARCH    ]: carry=0 | base=3.04 | wall=0.81 | search=832 | target=none

  [GIVE-UP] R7 returned empty after 312 searching steps
  [TARGET] R7 → PHERO (-1.96, -1.00)
[PICKUP] R1 picked up tag (density=4) | Total: 42
[PICKUP] R6 picked up tag (density=11) | Total: 43
  [GIVE-UP] R4 returned empty after 1872 searching steps
  [TARGET] R4 → PHERO (-1.96, -1.00)
  [GIVE-UP] R3 returned empty after 156 searching steps
  [TARGET] R3 → PHERO (-1.96, -1.00)

======================================================================
Step 25000 (13.3 min) | Pickups: 43 | Deposits: 41 | Rate: 3.07 tags/min | phero_entries=1 max_w=0.023
======================================================================
R1[RTB       ]: carry=1 | base=2.23 | wall=1.77 | search=  0 | target=none
R2[SEARCH    ]: carry=0 | base=3.27 | wall=0.38 | search=8216 | target=site(0.98,1.63)
R3[BASE_ESC  ]: carry=0 | base=0.23 | wall=3.34 | search=  0 | target=phero(-1.96,-1.00)
R4[BASE_ESC  ]: carry=0 | base=0.22 | wall=3.29 | search=  0 | target=phero(-1.96,-1.00)
R5[WALL_ESC  ]: carry=0 | base=4.04 | wall=0.34 | search=514 | target=none
R6[RTB       ]: carry=1 | base=1.98 | wall=1.72 | search=  0 | target=none
R7[PHERO     ]: carry=0 | base=1.59 | wall=2.09 | search=  0 | target=phero(-1.96,-1.00)
R8[SEARCH    ]: carry=0 | base=4.26 | wall=0.42 | search=1332 | target=none

[DEPOSIT] R6 deposited! Total: 42
  [PHERO] Laid at (-2.11, -0.98) density=11 prob=0.80 entries=2
  [TARGET] R6 → SITE (-2.11, -0.98)

======================================================================
Step 25500 (13.6 min) | Pickups: 43 | Deposits: 42 | Rate: 3.09 tags/min | phero_entries=2 max_w=0.903
======================================================================
R1[RTB       ]: carry=1 | base=0.31 | wall=3.26 | search=  0 | target=none
R2[SEARCH    ]: carry=0 | base=3.29 | wall=0.36 | search=8716 | target=site(0.98,1.63)
R3[PHERO     ]: carry=0 | base=0.88 | wall=2.65 | search=  0 | target=phero(-1.96,-1.00)
R4[PHERO     ]: carry=0 | base=0.68 | wall=3.02 | search=  0 | target=phero(-1.96,-1.00)
R5[WALL_ESC  ]: carry=0 | base=4.04 | wall=0.32 | search=1014 | target=none
R6[BASE_ESC  ]: carry=0 | base=0.22 | wall=3.30 | search=  0 | target=site(-2.11,-0.98)
R7[SEARCH    ]: carry=0 | base=2.19 | wall=1.40 | search=346 | target=phero(-1.96,-1.00)
R8[SEARCH    ]: carry=0 | base=4.21 | wall=0.39 | search=1832 | target=none

[DEPOSIT] R1 deposited! Total: 43
  [TARGET] R1 → PHERO (-2.11, -0.98)
[PICKUP] R5 picked up tag (density=10) | Total: 44
[PICKUP] R4 picked up tag (density=9) | Total: 45

======================================================================
Step 26000 (13.9 min) | Pickups: 45 | Deposits: 43 | Rate: 3.10 tags/min | phero_entries=1 max_w=0.182
======================================================================
R1[PHERO     ]: carry=0 | base=0.26 | wall=3.29 | search=  0 | target=phero(-2.11,-0.98)
R2[GIVE_UP   ]: carry=0 | base=1.86 | wall=1.74 | search=8736 | target=none
R3[SEARCH    ]: carry=0 | base=2.12 | wall=1.57 | search=163 | target=phero(-1.96,-1.00)
R4[SURVEY    ]: carry=1 | base=2.23 | wall=1.53 | search=  0 | target=none
R5[SURVEY    ]: carry=1 | base=2.49 | wall=1.51 | search=  0 | target=none
R6[SITE      ]: carry=0 | base=1.82 | wall=1.87 | search=  0 | target=site(-2.11,-0.98)
R7[SEARCH    ]: carry=0 | base=3.29 | wall=0.37 | search=846 | target=phero(-1.96,-1.00)
R8[WALL_ESC  ]: carry=0 | base=4.32 | wall=0.31 | search=2332 | target=none

[PICKUP] R8 picked up tag (density=3) | Total: 46
  [GIVE-UP] R2 returned empty after 8736 searching steps
  [TARGET] R2 → PHERO (-2.11, -0.98)

======================================================================
Step 26500 (14.1 min) | Pickups: 46 | Deposits: 43 | Rate: 3.04 tags/min | phero_entries=1 max_w=0.037
======================================================================
R1[PHERO     ]: carry=0 | base=1.56 | wall=2.12 | search=  0 | target=phero(-2.11,-0.98)
R2[BASE_ESC  ]: carry=0 | base=0.22 | wall=3.28 | search=  0 | target=phero(-2.11,-0.98)
R3[SEARCH    ]: carry=0 | base=3.21 | wall=0.38 | search=663 | target=phero(-1.96,-1.00)
R4[RTB       ]: carry=1 | base=1.13 | wall=2.51 | search=  0 | target=none
R5[RTB       ]: carry=1 | base=1.17 | wall=2.58 | search=  0 | target=none
R6[GIVE_UP   ]: carry=0 | base=1.63 | wall=2.05 | search=156 | target=none
R7[SEARCH    ]: carry=0 | base=3.28 | wall=0.39 | search=1346 | target=phero(-1.96,-1.00)
R8[SURVEY    ]: carry=1 | base=3.03 | wall=1.25 | search=  0 | target=none

[DEPOSIT] R4 deposited! Total: 44
  [PHERO] Laid at (-1.97, -1.06) density=9 prob=0.59 entries=2
  [TARGET] R4 → SITE (-1.97, -1.06)
[DEPOSIT] R5 deposited! Total: 45
  [PHERO] Laid at (-1.99, -1.51) density=10 prob=0.71 entries=3
  [TARGET] R5 → SITE (-1.99, -1.51)
  [GIVE-UP] R6 returned empty after 156 searching steps
  [TARGET] R6 → PHERO (-1.99, -1.51)

======================================================================
Step 27000 (14.4 min) | Pickups: 46 | Deposits: 45 | Rate: 3.12 tags/min | phero_entries=3 max_w=0.439
======================================================================
R1[SEARCH    ]: carry=0 | base=2.22 | wall=1.43 | search=271 | target=phero(-2.11,-0.98)
R2[PHERO     ]: carry=0 | base=1.98 | wall=1.70 | search=  0 | target=phero(-2.11,-0.98)
R3[SEARCH    ]: carry=0 | base=3.22 | wall=0.38 | search=1163 | target=phero(-1.96,-1.00)
R4[SITE      ]: carry=0 | base=0.80 | wall=2.76 | search=  0 | target=site(-1.97,-1.06)
R5[SITE      ]: carry=0 | base=0.76 | wall=2.96 | search=  0 | target=site(-1.99,-1.51)
R6[BASE_ESC  ]: carry=0 | base=0.25 | wall=3.31 | search=  0 | target=phero(-1.99,-1.51)
R7[GIVE_UP   ]: carry=0 | base=2.31 | wall=1.30 | search=1560 | target=none
R8[RTB       ]: carry=1 | base=1.72 | wall=2.26 | search=  0 | target=none

[PICKUP] R5 picked up tag (density=8) | Total: 47
[DEPOSIT] R8 deposited! Total: 46
  [TARGET] R8 → SITE (2.03, 2.26)

======================================================================
Step 27500 (14.7 min) | Pickups: 47 | Deposits: 46 | Rate: 3.14 tags/min | phero_entries=3 max_w=0.089
======================================================================
R1[WALL_ESC  ]: carry=0 | base=3.18 | wall=0.34 | search=771 | target=phero(-2.11,-0.98)
R2[SEARCH    ]: carry=0 | base=3.23 | wall=0.54 | search=421 | target=phero(-2.11,-0.98)
R3[GIVE_UP   ]: carry=0 | base=2.51 | wall=1.08 | search=1404 | target=none
R4[SEARCH    ]: carry=0 | base=2.17 | wall=1.63 | search=138 | target=site(-1.97,-1.06)
R5[SURVEY    ]: carry=1 | base=2.20 | wall=1.75 | search=  0 | target=none
R6[PHERO     ]: carry=0 | base=2.13 | wall=1.81 | search=  0 | target=phero(-1.99,-1.51)
R7[GIVE_UP   ]: carry=0 | base=0.39 | wall=3.13 | search=1560 | target=none
R8[SITE      ]: carry=0 | base=0.27 | wall=3.26 | search=  0 | target=site(2.03,2.26)

  [GIVE-UP] R7 returned empty after 1560 searching steps
  [TARGET] R7 → PHERO (-1.99, -1.51)
[PICKUP] R6 picked up tag (density=7) | Total: 48

======================================================================
Step 28000 (14.9 min) | Pickups: 48 | Deposits: 46 | Rate: 3.08 tags/min | phero_entries=2 max_w=0.018
======================================================================
R1[GIVE_UP   ]: carry=0 | base=1.36 | wall=2.15 | search=780 | target=none
R2[SEARCH    ]: carry=0 | base=3.44 | wall=0.38 | search=921 | target=phero(-2.11,-0.98)
R3[GIVE_UP   ]: carry=0 | base=0.59 | wall=2.93 | search=1404 | target=none
R4[GIVE_UP   ]: carry=0 | base=0.31 | wall=3.23 | search=156 | target=none
R5[RTB       ]: carry=1 | base=1.07 | wall=2.63 | search=  0 | target=none
R6[RTB       ]: carry=1 | base=1.46 | wall=2.39 | search=  0 | target=none
R7[PHERO     ]: carry=0 | base=1.52 | wall=2.30 | search=  0 | target=phero(-1.99,-1.51)
R8[SITE      ]: carry=0 | base=2.16 | wall=1.87 | search=  0 | target=site(2.03,2.26)

  [GIVE-UP] R4 returned empty after 156 searching steps
  [TARGET] R4 → PHERO (-1.99, -1.51)
  [GIVE-UP] R3 returned empty after 1404 searching steps
  [TARGET] R3 → PHERO (-1.99, -1.51)
BATCH_RESULT pickups=48 deposits=46
