=================================================================
CPFA BASELINE — ARGoS-calibrated parameters  (7×7m arena  128 tags)
  Params file                  = /home/sara/Documents/RL-FL-Foraging/controllers/cpfa_baseline/cpfa_params.yaml
  Results file                 = /home/sara/Documents/RL-FL-Foraging/controllers/cpfa_baseline/cpfa_baseline_7x7_results_20260811_121429_3.txt
  RateOfLayingPheromone        = 9.0
  RateOfSiteFidelity           = 2.29
  RateOfPheromoneDecay         = 0.1 /s  (lifetime ~69s)
  ProbabilityOfReturningToNest = 0.08 (every 5 sec → E[give-up] ~62s)
  UninformedSearchVariation    = 0.13 rad (7.4°)
  RateOfInformedSearchDecay    = 1.26 /waypoint
  ProbabilityOfSwitchingToSearching = 0.55 (every 5 sec in uninformed DEPARTING)
=================================================================


======================================================================
Step 500 (0.3 min) | Pickups: 0 | Deposits: 0 | Rate: 0.00 tags/min | phero_entries=0 max_w=0.000
======================================================================
R1[SEARCH    ]: carry=0 | base=1.51 | wall=2.01 | search=344 | target=none
R2[DEPART    ]: carry=0 | base=0.48 | wall=3.12 | search=  0 | target=none
R3[SEARCH    ]: carry=0 | base=1.11 | wall=2.57 | search=181 | target=none
R4[SEARCH    ]: carry=0 | base=1.77 | wall=2.16 | search=188 | target=none
R5[SEARCH    ]: carry=0 | base=0.48 | wall=3.03 | search=343 | target=none
R6[SEARCH    ]: carry=0 | base=0.97 | wall=2.54 | search=259 | target=none
R7[SEARCH    ]: carry=0 | base=1.40 | wall=2.24 | search=344 | target=none
R8[DEPART    ]: carry=0 | base=1.76 | wall=2.08 | search=  0 | target=none

[PICKUP] R7 picked up tag (density=16) | Total: 1

======================================================================
Step 1000 (0.5 min) | Pickups: 1 | Deposits: 0 | Rate: 0.00 tags/min | phero_entries=0 max_w=0.000
======================================================================
R1[GIVE_UP   ]: carry=0 | base=2.84 | wall=0.66 | search=780 | target=none
R2[SEARCH    ]: carry=0 | base=2.29 | wall=1.26 | search=140 | target=none
R3[SEARCH    ]: carry=0 | base=2.49 | wall=1.19 | search=681 | target=none
R4[SEARCH    ]: carry=0 | base=3.32 | wall=0.81 | search=688 | target=none
R5[SEARCH    ]: carry=0 | base=2.03 | wall=1.81 | search=843 | target=none
R6[SEARCH    ]: carry=0 | base=2.72 | wall=0.84 | search=759 | target=none
R7[RTB       ]: carry=1 | base=1.41 | wall=2.15 | search=  0 | target=none
R8[SEARCH    ]: carry=0 | base=3.42 | wall=0.78 | search=376 | target=none

[PICKUP] R1 picked up tag (density=16) | Total: 2
[DEPOSIT] R7 deposited! Total: 1
  [PHERO] Laid at (1.69, -0.62) density=16 prob=0.99 entries=1
  [TARGET] R7 → SITE (1.69, -0.62)
[PICKUP] R5 picked up tag (density=16) | Total: 3

======================================================================
Step 1500 (0.8 min) | Pickups: 3 | Deposits: 1 | Rate: 1.25 tags/min | phero_entries=1 max_w=0.531
======================================================================
R1[RTB       ]: carry=1 | base=2.03 | wall=1.47 | search=  0 | target=none
R2[SEARCH    ]: carry=0 | base=3.54 | wall=0.42 | search=640 | target=none
R3[SEARCH    ]: carry=0 | base=3.20 | wall=0.37 | search=1181 | target=none
R4[SEARCH    ]: carry=0 | base=4.16 | wall=0.37 | search=1188 | target=none
R5[SURVEY    ]: carry=1 | base=3.14 | wall=0.77 | search=  0 | target=none
R6[GIVE_UP   ]: carry=0 | base=2.67 | wall=0.87 | search=1092 | target=none
R7[SITE      ]: carry=0 | base=0.53 | wall=2.97 | search=  0 | target=site(1.69,-0.62)
R8[WALL_ESC  ]: carry=0 | base=3.85 | wall=0.31 | search=876 | target=none

[PICKUP] R2 picked up tag (density=16) | Total: 4
[PICKUP] R7 picked up tag (density=15) | Total: 5
[DEPOSIT] R1 deposited! Total: 2
  [PHERO] Laid at (-0.12, -2.79) density=16 prob=0.99 entries=2
  [TARGET] R1 → SITE (-0.12, -2.79)

======================================================================
Step 2000 (1.1 min) | Pickups: 5 | Deposits: 2 | Rate: 1.88 tags/min | phero_entries=2 max_w=0.891
======================================================================
R1[BASE_ESC  ]: carry=0 | base=0.22 | wall=3.28 | search=  0 | target=site(-0.12,-2.79)
R2[SURVEY    ]: carry=1 | base=3.76 | wall=0.73 | search=  0 | target=none
R3[SEARCH    ]: carry=0 | base=3.21 | wall=0.36 | search=1681 | target=none
R4[WALL_ESC  ]: carry=0 | base=4.26 | wall=0.32 | search=1688 | target=none
R5[RTB       ]: carry=1 | base=1.49 | wall=2.21 | search=  0 | target=none
R6[GIVE_UP   ]: carry=0 | base=0.75 | wall=2.76 | search=1092 | target=none
R7[SURVEY    ]: carry=1 | base=1.78 | wall=1.81 | search=  0 | target=none
R8[GIVE_UP   ]: carry=0 | base=3.28 | wall=0.76 | search=1248 | target=none

  [GIVE-UP] R6 returned empty after 1092 searching steps
  [TARGET] R6 → PHERO (-0.12, -2.79)
[DEPOSIT] R5 deposited! Total: 3
  [PHERO] Laid at (-2.72, -1.56) density=16 prob=0.99 entries=3
  [TARGET] R5 → SITE (-2.72, -1.56)

======================================================================
Step 2500 (1.3 min) | Pickups: 5 | Deposits: 3 | Rate: 2.25 tags/min | phero_entries=3 max_w=0.571
======================================================================
R1[SITE      ]: carry=0 | base=1.83 | wall=1.67 | search=  0 | target=site(-0.12,-2.79)
R2[RTB       ]: carry=1 | base=1.96 | wall=2.04 | search=  0 | target=none
R3[WALL_ESC  ]: carry=0 | base=3.23 | wall=0.34 | search=2181 | target=none
R4[SEARCH    ]: carry=0 | base=4.15 | wall=0.40 | search=2188 | target=none
R5[SITE      ]: carry=0 | base=0.47 | wall=3.05 | search=  0 | target=site(-2.72,-1.56)
R6[PHERO     ]: carry=0 | base=0.58 | wall=2.97 | search=  0 | target=phero(-0.12,-2.79)
R7[RTB       ]: carry=1 | base=0.63 | wall=2.89 | search=  0 | target=none
R8[GIVE_UP   ]: carry=0 | base=1.36 | wall=2.36 | search=1248 | target=none

[DEPOSIT] R7 deposited! Total: 4
  [PHERO] Laid at (1.69, -0.57) density=15 prob=0.98 entries=4
  [TARGET] R7 → SITE (1.69, -0.57)
[PICKUP] R1 picked up tag (density=15) | Total: 6
  [GIVE-UP] R8 returned empty after 1248 searching steps
  [TARGET] R8 → PHERO (1.69, -0.57)
[DEPOSIT] R2 deposited! Total: 5
  [PHERO] Laid at (-2.54, 2.77) density=16 prob=0.99 entries=5
  [TARGET] R2 → SITE (-2.54, 2.77)

======================================================================
Step 3000 (1.6 min) | Pickups: 6 | Deposits: 5 | Rate: 3.12 tags/min | phero_entries=5 max_w=0.839
======================================================================
R1[RTB       ]: carry=1 | base=2.08 | wall=1.42 | search=  0 | target=none
R2[BASE_ESC  ]: carry=0 | base=0.22 | wall=3.34 | search=  0 | target=site(-2.54,2.77)
R3[WALL_ESC  ]: carry=0 | base=3.24 | wall=0.34 | search=2681 | target=none
R4[WALL_ESC  ]: carry=0 | base=4.22 | wall=0.33 | search=2688 | target=none
R5[SITE      ]: carry=0 | base=2.38 | wall=1.42 | search=  0 | target=site(-2.72,-1.56)
R6[PHERO     ]: carry=0 | base=2.34 | wall=1.16 | search=  0 | target=phero(-0.12,-2.79)
R7[SITE      ]: carry=0 | base=1.30 | wall=2.26 | search=  0 | target=site(1.69,-0.57)
R8[PHERO     ]: carry=0 | base=0.30 | wall=3.25 | search=  0 | target=phero(1.69,-0.57)

[PICKUP] R6 picked up tag (density=14) | Total: 7
[PICKUP] R7 picked up tag (density=14) | Total: 8
[DEPOSIT] R1 deposited! Total: 6
  [PHERO] Laid at (-0.08, -2.32) density=15 prob=0.98 entries=5
  [TARGET] R1 → SITE (-0.08, -2.32)

======================================================================
Step 3500 (1.9 min) | Pickups: 8 | Deposits: 6 | Rate: 3.21 tags/min | phero_entries=5 max_w=0.929
======================================================================
R1[BASE_ESC  ]: carry=0 | base=0.23 | wall=3.27 | search=  0 | target=site(-0.08,-2.32)
R2[SITE      ]: carry=0 | base=1.91 | wall=2.13 | search=  0 | target=site(-2.54,2.77)
R3[WALL_ESC  ]: carry=0 | base=3.24 | wall=0.34 | search=3181 | target=none
R4[WALL_ESC  ]: carry=0 | base=4.25 | wall=0.34 | search=3188 | target=none
R5[SEARCH    ]: carry=0 | base=2.94 | wall=1.41 | search=316 | target=site(-2.72,-1.56)
R6[RTB       ]: carry=1 | base=1.54 | wall=1.96 | search=  0 | target=none
R7[RTB       ]: carry=1 | base=1.83 | wall=1.79 | search=  0 | target=none
R8[SEARCH    ]: carry=0 | base=1.77 | wall=1.83 | search= 17 | target=phero(1.69,-0.57)

[PICKUP] R8 picked up tag (density=13) | Total: 9
[DEPOSIT] R6 deposited! Total: 7
  [PHERO] Laid at (-0.06, -2.41) density=14 prob=0.96 entries=6
  [TARGET] R6 → SITE (-0.06, -2.41)
[PICKUP] R3 picked up tag (density=13) | Total: 10

======================================================================
Step 4000 (2.1 min) | Pickups: 10 | Deposits: 7 | Rate: 3.28 tags/min | phero_entries=6 max_w=0.592
======================================================================
R1[SITE      ]: carry=0 | base=1.77 | wall=1.73 | search=  0 | target=site(-0.08,-2.32)
R2[SEARCH    ]: carry=0 | base=3.77 | wall=0.72 | search= 31 | target=site(-2.54,2.77)
R3[SURVEY    ]: carry=1 | base=2.83 | wall=0.72 | search=  0 | target=none
R4[GIVE_UP   ]: carry=0 | base=2.76 | wall=1.42 | search=3276 | target=none
R5[GIVE_UP   ]: carry=0 | base=2.82 | wall=0.74 | search=780 | target=none
R6[SITE      ]: carry=0 | base=0.43 | wall=3.08 | search=  0 | target=site(-0.06,-2.41)
R7[RTB       ]: carry=1 | base=0.36 | wall=3.16 | search=  0 | target=none
R8[RTB       ]: carry=1 | base=1.29 | wall=2.25 | search=  0 | target=none

[DEPOSIT] R7 deposited! Total: 8
  [PHERO] Laid at (1.69, -0.68) density=14 prob=0.96 entries=7
  [TARGET] R7 → SITE (1.69, -0.68)
[PICKUP] R5 picked up tag (density=12) | Total: 11
[DEPOSIT] R8 deposited! Total: 9
  [PHERO] Laid at (1.72, -0.58) density=13 prob=0.93 entries=7
  [TARGET] R8 → SITE (1.72, -0.58)

======================================================================
Step 4500 (2.4 min) | Pickups: 11 | Deposits: 9 | Rate: 3.75 tags/min | phero_entries=6 max_w=0.488
======================================================================
R1[SEARCH    ]: carry=0 | base=2.39 | wall=1.17 | search=369 | target=site(-0.08,-2.32)
R2[WALL_ESC  ]: carry=0 | base=3.45 | wall=0.34 | search=531 | target=site(-2.54,2.77)
R3[RTB       ]: carry=1 | base=1.40 | wall=2.11 | search=  0 | target=none
R4[GIVE_UP   ]: carry=0 | base=0.84 | wall=2.87 | search=3276 | target=none
R5[RTB       ]: carry=1 | base=1.89 | wall=1.64 | search=  0 | target=none
R6[SITE      ]: carry=0 | base=2.34 | wall=1.16 | search=  0 | target=site(-0.06,-2.41)
R7[SITE      ]: carry=0 | base=1.53 | wall=2.07 | search=  0 | target=site(1.69,-0.68)
R8[SITE      ]: carry=0 | base=0.64 | wall=2.87 | search=  0 | target=site(1.72,-0.58)

[PICKUP] R6 picked up tag (density=11) | Total: 12
  [GIVE-UP] R4 returned empty after 3276 searching steps
  [TARGET] R4 → PHERO (1.72, -0.58)
[DEPOSIT] R3 deposited! Total: 10
  [PHERO] Laid at (-0.49, -2.79) density=13 prob=0.93 entries=6
  [TARGET] R3 → SITE (-0.49, -2.79)
[DEPOSIT] R5 deposited! Total: 11
  [PHERO] Laid at (-0.51, -2.69) density=12 prob=0.88 entries=7
  [TARGET] R5 → SITE (-0.51, -2.69)

======================================================================
Step 5000 (2.7 min) | Pickups: 12 | Deposits: 11 | Rate: 4.12 tags/min | phero_entries=7 max_w=0.839
======================================================================
R1[SEARCH    ]: carry=0 | base=2.99 | wall=1.30 | search=869 | target=site(-0.08,-2.32)
R2[WALL_ESC  ]: carry=0 | base=3.44 | wall=0.34 | search=1031 | target=site(-2.54,2.77)
R3[SITE      ]: carry=0 | base=0.55 | wall=2.95 | search=  0 | target=site(-0.49,-2.79)
R4[PHERO     ]: carry=0 | base=0.34 | wall=3.18 | search=  0 | target=phero(1.72,-0.58)
R5[BASE_ESC  ]: carry=0 | base=0.22 | wall=3.29 | search=  0 | target=site(-0.51,-2.69)
R6[RTB       ]: carry=1 | base=1.96 | wall=1.54 | search=  0 | target=none
R7[SEARCH    ]: carry=0 | base=1.65 | wall=1.95 | search=438 | target=site(1.69,-0.68)
R8[SEARCH    ]: carry=0 | base=1.57 | wall=1.98 | search=206 | target=site(1.72,-0.58)

[PICKUP] R1 picked up tag (density=15) | Total: 13
[DEPOSIT] R6 deposited! Total: 12
  [PHERO] Laid at (-0.12, -2.38) density=11 prob=0.80 entries=7
  [TARGET] R6 → SITE (-0.12, -2.38)
[PICKUP] R3 picked up tag (density=10) | Total: 14

======================================================================
Step 5500 (2.9 min) | Pickups: 14 | Deposits: 12 | Rate: 4.09 tags/min | phero_entries=7 max_w=0.886
======================================================================
R1[RTB       ]: carry=1 | base=3.13 | wall=0.80 | search=  0 | target=none
R2[WALL_ESC  ]: carry=0 | base=3.45 | wall=0.34 | search=1531 | target=site(-2.54,2.77)
R3[SURVEY    ]: carry=1 | base=2.32 | wall=1.21 | search=  0 | target=none
R4[SEARCH    ]: carry=0 | base=1.78 | wall=1.80 | search= 94 | target=phero(1.72,-0.58)
R5[SITE      ]: carry=0 | base=1.88 | wall=1.65 | search=  0 | target=site(-0.51,-2.69)
R6[BASE_ESC  ]: carry=0 | base=0.22 | wall=3.28 | search=  0 | target=site(-0.12,-2.38)
R7[SEARCH    ]: carry=0 | base=2.18 | wall=1.44 | search=938 | target=site(1.69,-0.68)
R8[BASE_ESC  ]: carry=0 | base=0.25 | wall=3.26 | search=706 | target=site(1.72,-0.58)

[PICKUP] R5 picked up tag (density=9) | Total: 15

======================================================================
Step 6000 (3.2 min) | Pickups: 15 | Deposits: 12 | Rate: 3.75 tags/min | phero_entries=5 max_w=0.179
======================================================================
R1[RTB       ]: carry=1 | base=1.21 | wall=2.45 | search=  0 | target=none
R2[WALL_ESC  ]: carry=0 | base=3.45 | wall=0.34 | search=2031 | target=site(-2.54,2.77)
R3[RTB       ]: carry=1 | base=1.33 | wall=2.18 | search=  0 | target=none
R4[SEARCH    ]: carry=0 | base=2.49 | wall=1.70 | search=594 | target=phero(1.72,-0.58)
R5[RTB       ]: carry=1 | base=1.85 | wall=1.67 | search=  0 | target=none
R6[SITE      ]: carry=0 | base=1.83 | wall=1.67 | search=  0 | target=site(-0.12,-2.38)
R7[GIVE_UP   ]: carry=0 | base=2.64 | wall=0.86 | search=1248 | target=none
R8[SEARCH    ]: carry=0 | base=0.96 | wall=2.57 | search=1206 | target=site(1.72,-0.58)

[DEPOSIT] R1 deposited! Total: 13
  [PHERO] Laid at (-2.86, -1.65) density=15 prob=0.98 entries=5
  [TARGET] R1 → SITE (-2.86, -1.65)
[DEPOSIT] R3 deposited! Total: 14
  [TARGET] R3 → SITE (-0.37, -2.28)
[DEPOSIT] R5 deposited! Total: 15
  [PHERO] Laid at (-0.41, -2.30) density=9 prob=0.59 entries=6
  [TARGET] R5 → SITE (-0.41, -2.30)

======================================================================
Step 6500 (3.5 min) | Pickups: 15 | Deposits: 15 | Rate: 4.33 tags/min | phero_entries=5 max_w=0.764
======================================================================
R1[SITE      ]: carry=0 | base=0.74 | wall=2.91 | search=  0 | target=site(-2.86,-1.65)
R2[WALL_ESC  ]: carry=0 | base=3.44 | wall=0.35 | search=2531 | target=site(-2.54,2.77)
R3[SITE      ]: carry=0 | base=0.62 | wall=2.88 | search=  0 | target=site(-0.37,-2.28)
R4[GIVE_UP   ]: carry=0 | base=3.22 | wall=0.40 | search=1092 | target=none
R5[BASE_ESC  ]: carry=0 | base=0.23 | wall=3.29 | search=  0 | target=site(-0.41,-2.30)
R6[SEARCH    ]: carry=0 | base=2.35 | wall=1.24 | search=369 | target=site(-0.12,-2.38)
R7[GIVE_UP   ]: carry=0 | base=0.72 | wall=2.78 | search=1248 | target=none
R8[GIVE_UP   ]: carry=0 | base=1.80 | wall=1.86 | search=1560 | target=none

  [GIVE-UP] R7 returned empty after 1248 searching steps
  [TARGET] R7 → PHERO (-0.41, -2.30)
  [GIVE-UP] R8 returned empty after 1560 searching steps
  [TARGET] R8 → PHERO (-0.41, -2.30)

======================================================================
Step 7000 (3.7 min) | Pickups: 15 | Deposits: 15 | Rate: 4.02 tags/min | phero_entries=4 max_w=0.154
======================================================================
R1[SITE      ]: carry=0 | base=2.65 | wall=1.22 | search=  0 | target=site(-2.86,-1.65)
R2[SEARCH    ]: carry=0 | base=3.44 | wall=0.35 | search=3031 | target=site(-2.54,2.77)
R3[SEARCH    ]: carry=0 | base=2.29 | wall=1.23 | search= 70 | target=site(-0.37,-2.28)
R4[GIVE_UP   ]: carry=0 | base=1.39 | wall=2.15 | search=1092 | target=none
R5[SITE      ]: carry=0 | base=2.03 | wall=1.50 | search=  0 | target=site(-0.41,-2.30)
R6[SEARCH    ]: carry=0 | base=3.44 | wall=0.89 | search=869 | target=site(-0.12,-2.38)
R7[PHERO     ]: carry=0 | base=0.26 | wall=3.26 | search=  0 | target=phero(-0.41,-2.30)
R8[BASE_ESC  ]: carry=0 | base=0.23 | wall=3.31 | search=  0 | target=phero(-0.41,-2.30)

  [GIVE-UP] R4 returned empty after 1092 searching steps
  [TARGET] R4 → PHERO (-2.86, -1.65)

======================================================================
Step 7500 (4.0 min) | Pickups: 15 | Deposits: 15 | Rate: 3.75 tags/min | phero_entries=3 max_w=0.031
======================================================================
R1[SEARCH    ]: carry=0 | base=2.62 | wall=1.38 | search=344 | target=site(-2.86,-1.65)
R2[SEARCH    ]: carry=0 | base=3.43 | wall=0.36 | search=3531 | target=site(-2.54,2.77)
R3[SEARCH    ]: carry=0 | base=3.19 | wall=0.47 | search=570 | target=site(-0.37,-2.28)
R4[PHERO     ]: carry=0 | base=0.37 | wall=3.15 | search=  0 | target=phero(-2.86,-1.65)
R5[GIVE_UP   ]: carry=0 | base=1.17 | wall=2.35 | search=156 | target=none
R6[WALL_ESC  ]: carry=0 | base=4.02 | wall=0.32 | search=1369 | target=site(-0.12,-2.38)
R7[PHERO     ]: carry=0 | base=1.56 | wall=1.95 | search=  0 | target=phero(-0.41,-2.30)
R8[PHERO     ]: carry=0 | base=1.13 | wall=2.37 | search=  0 | target=phero(-0.41,-2.30)

  [GIVE-UP] R5 returned empty after 156 searching steps
  [TARGET] R5 → PHERO (-0.41, -2.30)
[PICKUP] R7 picked up tag (density=8) | Total: 16

======================================================================
Step 8000 (4.3 min) | Pickups: 16 | Deposits: 15 | Rate: 3.52 tags/min | phero_entries=2 max_w=0.006
======================================================================
R1[SEARCH    ]: carry=0 | base=1.48 | wall=2.08 | search=844 | target=site(-2.86,-1.65)
R2[SEARCH    ]: carry=0 | base=3.43 | wall=0.36 | search=4031 | target=site(-2.54,2.77)
R3[SEARCH    ]: carry=0 | base=3.89 | wall=0.47 | search=1070 | target=site(-0.37,-2.28)
R4[PHERO     ]: carry=0 | base=2.18 | wall=1.67 | search=  0 | target=phero(-2.86,-1.65)
R5[PHERO     ]: carry=0 | base=0.79 | wall=2.74 | search=  0 | target=phero(-0.41,-2.30)
R6[SEARCH    ]: carry=0 | base=3.91 | wall=0.40 | search=1869 | target=site(-0.12,-2.38)
R7[SURVEY    ]: carry=1 | base=2.41 | wall=1.13 | search=  0 | target=none
R8[SEARCH    ]: carry=0 | base=2.21 | wall=1.31 | search=195 | target=phero(-0.41,-2.30)

[PICKUP] R4 picked up tag (density=14) | Total: 17
  [GIVE-UP] R1 returned empty after 1092 searching steps
  [TARGET] R1 → PHERO (-0.41, -2.30)

======================================================================
Step 8500 (4.5 min) | Pickups: 17 | Deposits: 15 | Rate: 3.31 tags/min | phero_entries=1 max_w=0.001
======================================================================
R1[BASE_ESC  ]: carry=0 | base=0.23 | wall=3.29 | search=  0 | target=phero(-0.41,-2.30)
R2[SEARCH    ]: carry=0 | base=3.42 | wall=0.37 | search=4531 | target=site(-2.54,2.77)
R3[WALL_ESC  ]: carry=0 | base=4.42 | wall=0.33 | search=1570 | target=site(-0.37,-2.28)
R4[SURVEY    ]: carry=1 | base=3.28 | wall=0.64 | search=  0 | target=none
R5[SEARCH    ]: carry=0 | base=2.34 | wall=1.22 | search=108 | target=phero(-0.41,-2.30)
R6[WALL_ESC  ]: carry=0 | base=3.98 | wall=0.32 | search=2369 | target=site(-0.12,-2.38)
R7[RTB       ]: carry=1 | base=0.81 | wall=2.70 | search=  0 | target=none
R8[GIVE_UP   ]: carry=0 | base=1.36 | wall=2.40 | search=468 | target=none

[PICKUP] R5 picked up tag (density=7) | Total: 18
[DEPOSIT] R7 deposited! Total: 16
  [PHERO] Laid at (-0.47, -2.37) density=8 prob=0.46 entries=1
  [TARGET] R7 → SITE (-0.47, -2.37)
  [GIVE-UP] R8 returned empty after 468 searching steps
  [TARGET] R8 → PHERO (-0.47, -2.37)

======================================================================
Step 9000 (4.8 min) | Pickups: 18 | Deposits: 16 | Rate: 3.33 tags/min | phero_entries=1 max_w=0.323
======================================================================
R1[PHERO     ]: carry=0 | base=1.59 | wall=1.92 | search=  0 | target=phero(-0.41,-2.30)
R2[GIVE_UP   ]: carry=0 | base=2.89 | wall=0.86 | search=4836 | target=none
R3[GIVE_UP   ]: carry=0 | base=2.98 | wall=1.35 | search=1716 | target=none
R4[RTB       ]: carry=1 | base=1.65 | wall=2.07 | search=  0 | target=none
R5[RTB       ]: carry=1 | base=1.81 | wall=1.71 | search=  0 | target=none
R6[WALL_ESC  ]: carry=0 | base=4.01 | wall=0.34 | search=2869 | target=site(-0.12,-2.38)
R7[SITE      ]: carry=0 | base=1.10 | wall=2.43 | search=  0 | target=site(-0.47,-2.37)
R8[PHERO     ]: carry=0 | base=0.48 | wall=3.12 | search=  0 | target=phero(-0.47,-2.37)

[PICKUP] R2 picked up tag (density=16) | Total: 19
[DEPOSIT] R4 deposited! Total: 17
  [PHERO] Laid at (-2.86, -1.60) density=14 prob=0.96 entries=2
  [TARGET] R4 → SITE (-2.86, -1.60)
[DEPOSIT] R5 deposited! Total: 18
  [TARGET] R5 → SITE (-0.47, -2.44)

======================================================================
Step 9500 (5.1 min) | Pickups: 19 | Deposits: 18 | Rate: 3.55 tags/min | phero_entries=2 max_w=0.649
======================================================================
R1[SEARCH    ]: carry=0 | base=1.80 | wall=1.70 | search=294 | target=phero(-0.41,-2.30)
R2[RTB       ]: carry=1 | base=1.66 | wall=1.99 | search=  0 | target=none
R3[GIVE_UP   ]: carry=0 | base=1.06 | wall=2.73 | search=1716 | target=none
R4[SITE      ]: carry=0 | base=0.33 | wall=3.18 | search=  0 | target=site(-2.86,-1.60)
R5[BASE_ESC  ]: carry=0 | base=0.22 | wall=3.29 | search=  0 | target=site(-0.47,-2.44)
R6[SEARCH    ]: carry=0 | base=3.91 | wall=0.39 | search=3369 | target=site(-0.12,-2.38)
R7[SEARCH    ]: carry=0 | base=2.31 | wall=1.26 | search=173 | target=site(-0.47,-2.37)
R8[PHERO     ]: carry=0 | base=2.34 | wall=1.21 | search=  0 | target=phero(-0.47,-2.37)

[PICKUP] R8 picked up tag (density=6) | Total: 20
  [GIVE-UP] R3 returned empty after 1716 searching steps
  [TARGET] R3 → PHERO (-2.86, -1.60)
[DEPOSIT] R2 deposited! Total: 19
  [PHERO] Laid at (-2.00, 0.90) density=16 prob=0.99 entries=3
  [TARGET] R2 → SITE (-2.00, 0.90)

======================================================================
Step 10000 (5.3 min) | Pickups: 20 | Deposits: 19 | Rate: 3.56 tags/min | phero_entries=3 max_w=0.653
======================================================================
R1[BASE_ESC  ]: carry=0 | base=0.22 | wall=3.29 | search=794 | target=phero(-0.41,-2.30)
R2[SITE      ]: carry=0 | base=0.31 | wall=3.19 | search=  0 | target=site(-2.00,0.90)
R3[PHERO     ]: carry=0 | base=0.84 | wall=2.85 | search=  0 | target=phero(-2.86,-1.60)
R4[SITE      ]: carry=0 | base=2.23 | wall=1.54 | search=  0 | target=site(-2.86,-1.60)
R5[SITE      ]: carry=0 | base=1.89 | wall=1.65 | search=  0 | target=site(-0.47,-2.44)
R6[GIVE_UP   ]: carry=0 | base=2.62 | wall=1.48 | search=3432 | target=none
R7[GIVE_UP   ]: carry=0 | base=1.64 | wall=1.91 | search=312 | target=none
R8[RTB       ]: carry=1 | base=2.00 | wall=1.52 | search=  0 | target=none

[PICKUP] R2 picked up tag (density=15) | Total: 21
  [GIVE-UP] R7 returned empty after 312 searching steps
  [TARGET] R7 → PHERO (-2.00, 0.90)
[DEPOSIT] R8 deposited! Total: 20
  [TARGET] R8 → SITE (-0.45, -2.49)

======================================================================
Step 10500 (5.6 min) | Pickups: 21 | Deposits: 20 | Rate: 3.57 tags/min | phero_entries=3 max_w=0.132
======================================================================
R1[SEARCH    ]: carry=0 | base=0.57 | wall=2.99 | search=1294 | target=phero(-0.41,-2.30)
R2[SURVEY    ]: carry=1 | base=1.67 | wall=1.96 | search=  0 | target=none
R3[PHERO     ]: carry=0 | base=2.75 | wall=1.12 | search=  0 | target=phero(-2.86,-1.60)
R4[SEARCH    ]: carry=0 | base=2.87 | wall=1.07 | search=241 | target=site(-2.86,-1.60)
R5[SEARCH    ]: carry=0 | base=2.22 | wall=1.48 | search=359 | target=site(-0.47,-2.44)
R6[GIVE_UP   ]: carry=0 | base=0.70 | wall=2.96 | search=3432 | target=none
R7[BASE_ESC  ]: carry=0 | base=0.22 | wall=3.28 | search=  0 | target=phero(-2.00,0.90)
R8[BASE_ESC  ]: carry=0 | base=0.23 | wall=3.28 | search=  0 | target=site(-0.45,-2.49)

  [GIVE-UP] R6 returned empty after 3432 searching steps
  [TARGET] R6 → PHERO (-2.86, -1.60)
[PICKUP] R3 picked up tag (density=13) | Total: 22
[DEPOSIT] R2 deposited! Total: 21
  [PHERO] Laid at (-1.54, 0.66) density=15 prob=0.98 entries=3
  [TARGET] R2 → SITE (-1.54, 0.66)

======================================================================
Step 11000 (5.9 min) | Pickups: 22 | Deposits: 21 | Rate: 3.58 tags/min | phero_entries=3 max_w=0.900
======================================================================
R1[GIVE_UP   ]: carry=0 | base=1.93 | wall=1.57 | search=1716 | target=none
R2[BASE_ESC  ]: carry=0 | base=0.22 | wall=3.30 | search=  0 | target=site(-1.54,0.66)
R3[RTB       ]: carry=1 | base=2.96 | wall=0.92 | search=  0 | target=none
R4[SEARCH    ]: carry=0 | base=1.27 | wall=2.46 | search=741 | target=site(-2.86,-1.60)
R5[GIVE_UP   ]: carry=0 | base=1.97 | wall=1.69 | search=780 | target=none
R6[PHERO     ]: carry=0 | base=1.24 | wall=2.42 | search=  0 | target=phero(-2.86,-1.60)
R7[PHERO     ]: carry=0 | base=1.35 | wall=2.22 | search=  0 | target=phero(-2.00,0.90)
R8[SITE      ]: carry=0 | base=1.74 | wall=1.79 | search=  0 | target=site(-0.45,-2.49)

[PICKUP] R7 picked up tag (density=14) | Total: 23
[PICKUP] R8 picked up tag (density=5) | Total: 24
  [GIVE-UP] R5 returned empty after 780 searching steps
  [TARGET] R5 → PHERO (-1.54, 0.66)
  [GIVE-UP] R1 returned empty after 1716 searching steps
  [TARGET] R1 → PHERO (-1.54, 0.66)

======================================================================
Step 11500 (6.1 min) | Pickups: 24 | Deposits: 21 | Rate: 3.42 tags/min | phero_entries=3 max_w=0.182
======================================================================
R1[BASE_ESC  ]: carry=0 | base=0.23 | wall=3.27 | search=  0 | target=phero(-1.54,0.66)
R2[SEARCH    ]: carry=0 | base=1.66 | wall=1.97 | search= 32 | target=site(-1.54,0.66)
R3[RTB       ]: carry=1 | base=1.24 | wall=2.41 | search=  0 | target=none
R4[SEARCH    ]: carry=0 | base=1.53 | wall=2.27 | search=1241 | target=site(-2.86,-1.60)
R5[BASE_ESC  ]: carry=0 | base=0.22 | wall=3.31 | search=  0 | target=phero(-1.54,0.66)
R6[PHERO     ]: carry=0 | base=2.92 | wall=0.96 | search=  0 | target=phero(-2.86,-1.60)
R7[RTB       ]: carry=1 | base=1.19 | wall=2.40 | search=  0 | target=none
R8[RTB       ]: carry=1 | base=2.48 | wall=1.05 | search=  0 | target=none

[DEPOSIT] R7 deposited! Total: 22
  [PHERO] Laid at (-1.63, 0.65) density=14 prob=0.96 entries=3
  [TARGET] R7 → SITE (-1.63, 0.65)
[DEPOSIT] R3 deposited! Total: 23
  [PHERO] Laid at (-2.86, -1.58) density=13 prob=0.93 entries=4
  [TARGET] R3 → SITE (-2.86, -1.58)
[PICKUP] R6 picked up tag (density=12) | Total: 25

======================================================================
Step 12000 (6.4 min) | Pickups: 25 | Deposits: 23 | Rate: 3.59 tags/min | phero_entries=4 max_w=0.461
======================================================================
R1[PHERO     ]: carry=0 | base=1.36 | wall=2.28 | search=  0 | target=phero(-1.54,0.66)
R2[SEARCH    ]: carry=0 | base=0.58 | wall=2.98 | search=532 | target=site(-1.54,0.66)
R3[SITE      ]: carry=0 | base=0.71 | wall=2.92 | search=  0 | target=site(-2.86,-1.58)
R4[SEARCH    ]: carry=0 | base=3.04 | wall=1.28 | search=1741 | target=site(-2.86,-1.60)
R5[PHERO     ]: carry=0 | base=1.61 | wall=2.01 | search=  0 | target=phero(-1.54,0.66)
R6[SURVEY    ]: carry=1 | base=3.13 | wall=0.74 | search=  0 | target=none
R7[SITE      ]: carry=0 | base=0.76 | wall=2.83 | search=  0 | target=site(-1.63,0.65)
R8[RTB       ]: carry=1 | base=0.62 | wall=2.89 | search=  0 | target=none

[DEPOSIT] R8 deposited! Total: 24
  [TARGET] R8 → SITE (-0.40, -2.47)
[PICKUP] R1 picked up tag (density=13) | Total: 26

======================================================================
Step 12500 (6.7 min) | Pickups: 26 | Deposits: 24 | Rate: 3.60 tags/min | phero_entries=3 max_w=0.093
======================================================================
R1[SURVEY    ]: carry=1 | base=1.78 | wall=2.02 | search=  0 | target=none
R2[SEARCH    ]: carry=0 | base=1.61 | wall=2.00 | search=1032 | target=site(-1.54,0.66)
R3[SITE      ]: carry=0 | base=2.58 | wall=1.26 | search=  0 | target=site(-2.86,-1.58)
R4[WALL_ESC  ]: carry=0 | base=3.72 | wall=0.34 | search=2241 | target=site(-2.86,-1.60)
R5[SEARCH    ]: carry=0 | base=1.83 | wall=1.77 | search=498 | target=phero(-1.54,0.66)
R6[RTB       ]: carry=1 | base=1.43 | wall=2.24 | search=  0 | target=none
R7[GIVE_UP   ]: carry=0 | base=1.35 | wall=2.18 | search=156 | target=none
R8[SITE      ]: carry=0 | base=1.32 | wall=2.19 | search=  0 | target=site(-0.40,-2.47)

[PICKUP] R3 picked up tag (density=11) | Total: 27
  [GIVE-UP] R7 returned empty after 156 searching steps
  [TARGET] R7 → PHERO (-1.63, 0.65)
[DEPOSIT] R6 deposited! Total: 25
  [TARGET] R6 → SITE (-2.76, -1.48)

======================================================================
Step 13000 (6.9 min) | Pickups: 27 | Deposits: 25 | Rate: 3.61 tags/min | phero_entries=3 max_w=0.019
======================================================================
R1[RTB       ]: carry=1 | base=0.31 | wall=3.24 | search=  0 | target=none
R2[SEARCH    ]: carry=0 | base=3.24 | wall=0.68 | search=1532 | target=site(-1.54,0.66)
R3[RTB       ]: carry=1 | base=3.09 | wall=0.77 | search=  0 | target=none
R4[GIVE_UP   ]: carry=0 | base=2.14 | wall=1.66 | search=2340 | target=none
R5[SEARCH    ]: carry=0 | base=3.50 | wall=0.52 | search=998 | target=phero(-1.54,0.66)
R6[SITE      ]: carry=0 | base=0.51 | wall=3.01 | search=  0 | target=site(-2.76,-1.48)
R7[PHERO     ]: carry=0 | base=0.56 | wall=2.94 | search=  0 | target=phero(-1.63,0.65)
R8[SEARCH    ]: carry=0 | base=2.44 | wall=1.12 | search=205 | target=site(-0.40,-2.47)

[DEPOSIT] R1 deposited! Total: 26
  [PHERO] Laid at (-1.48, 0.98) density=13 prob=0.93 entries=4
  [TARGET] R1 → SITE (-1.48, 0.98)
  [GIVE-UP] R4 returned empty after 2340 searching steps
  [TARGET] R4 → PHERO (-1.48, 0.98)

======================================================================
Step 13500 (7.2 min) | Pickups: 27 | Deposits: 26 | Rate: 3.61 tags/min | phero_entries=3 max_w=0.213
======================================================================
R1[SITE      ]: carry=0 | base=1.64 | wall=2.13 | search=  0 | target=site(-1.48,0.98)
R2[WALL_ESC  ]: carry=0 | base=4.33 | wall=0.32 | search=2032 | target=site(-1.54,0.66)
R3[RTB       ]: carry=1 | base=1.18 | wall=2.46 | search=  0 | target=none
R4[BASE_ESC  ]: carry=0 | base=0.23 | wall=3.30 | search=  0 | target=phero(-1.48,0.98)
R5[WALL_ESC  ]: carry=0 | base=3.89 | wall=0.35 | search=1498 | target=phero(-1.54,0.66)
R6[SITE      ]: carry=0 | base=2.41 | wall=1.36 | search=  0 | target=site(-2.76,-1.48)
R7[SEARCH    ]: carry=0 | base=1.53 | wall=2.02 | search=199 | target=phero(-1.63,0.65)
R8[GIVE_UP   ]: carry=0 | base=3.05 | wall=0.45 | search=624 | target=none

[PICKUP] R1 picked up tag (density=12) | Total: 28
[DEPOSIT] R3 deposited! Total: 27
  [PHERO] Laid at (-2.86, -1.50) density=11 prob=0.80 entries=4
  [TARGET] R3 → SITE (-2.86, -1.50)

======================================================================
Step 14000 (7.5 min) | Pickups: 28 | Deposits: 27 | Rate: 3.62 tags/min | phero_entries=2 max_w=0.439
======================================================================
R1[SURVEY    ]: carry=1 | base=1.78 | wall=2.01 | search=  0 | target=none
R2[SEARCH    ]: carry=0 | base=4.24 | wall=0.40 | search=2532 | target=site(-1.54,0.66)
R3[SITE      ]: carry=0 | base=0.77 | wall=2.87 | search=  0 | target=site(-2.86,-1.50)
R4[PHERO     ]: carry=0 | base=0.94 | wall=2.64 | search=  0 | target=phero(-1.48,0.98)
R5[SEARCH    ]: carry=0 | base=3.83 | wall=0.40 | search=1998 | target=phero(-1.54,0.66)
R6[SEARCH    ]: carry=0 | base=2.65 | wall=1.05 | search=326 | target=site(-2.76,-1.48)
R7[SEARCH    ]: carry=0 | base=0.49 | wall=3.01 | search=699 | target=phero(-1.63,0.65)
R8[GIVE_UP   ]: carry=0 | base=1.13 | wall=2.37 | search=624 | target=none

  [GIVE-UP] R8 returned empty after 624 searching steps
  [TARGET] R8 → PHERO (-2.86, -1.50)
[PICKUP] R4 picked up tag (density=11) | Total: 29

======================================================================
Step 14500 (7.7 min) | Pickups: 29 | Deposits: 27 | Rate: 3.49 tags/min | phero_entries=2 max_w=0.089
======================================================================
R1[RTB       ]: carry=1 | base=0.45 | wall=3.11 | search=  0 | target=none
R2[WALL_ESC  ]: carry=0 | base=4.32 | wall=0.32 | search=3032 | target=site(-1.54,0.66)
R3[SITE      ]: carry=0 | base=2.68 | wall=1.13 | search=  0 | target=site(-2.86,-1.50)
R4[SURVEY    ]: carry=1 | base=1.77 | wall=2.00 | search=  0 | target=none
R5[WALL_ESC  ]: carry=0 | base=3.91 | wall=0.32 | search=2498 | target=phero(-1.54,0.66)
R6[SEARCH    ]: carry=0 | base=1.59 | wall=1.99 | search=826 | target=site(-2.76,-1.48)
R7[GIVE_UP   ]: carry=0 | base=1.62 | wall=2.32 | search=1092 | target=none
R8[PHERO     ]: carry=0 | base=0.77 | wall=2.93 | search=  0 | target=phero(-2.86,-1.50)

[DEPOSIT] R1 deposited! Total: 28
  [TARGET] R1 → SITE (-1.49, 0.98)
  [GIVE-UP] R7 returned empty after 1092 searching steps
  [TARGET] R7 → PHERO (-2.86, -1.50)
[DEPOSIT] R4 deposited! Total: 29
  [PHERO] Laid at (-1.50, 0.93) density=11 prob=0.80 entries=3
  [TARGET] R4 → SITE (-1.50, 0.93)

======================================================================
Step 15000 (8.0 min) | Pickups: 29 | Deposits: 29 | Rate: 3.62 tags/min | phero_entries=3 max_w=0.777
======================================================================
R1[SITE      ]: carry=0 | base=1.49 | wall=2.24 | search=  0 | target=site(-1.49,0.98)
R2[GIVE_UP   ]: carry=0 | base=4.01 | wall=0.61 | search=3432 | target=none
R3[SEARCH    ]: carry=0 | base=2.44 | wall=1.32 | search=371 | target=site(-2.86,-1.50)
R4[BASE_ESC  ]: carry=0 | base=0.22 | wall=3.30 | search=  0 | target=site(-1.50,0.93)
R5[GIVE_UP   ]: carry=0 | base=3.90 | wall=0.37 | search=2964 | target=none
R6[SEARCH    ]: carry=0 | base=2.05 | wall=1.57 | search=1326 | target=site(-2.76,-1.48)
R7[PHERO     ]: carry=0 | base=0.27 | wall=3.26 | search=  0 | target=phero(-2.86,-1.50)
R8[PHERO     ]: carry=0 | base=2.66 | wall=1.16 | search=  0 | target=phero(-2.86,-1.50)

[PICKUP] R2 picked up tag (density=16) | Total: 30
[PICKUP] R8 picked up tag (density=10) | Total: 31

======================================================================
Step 15500 (8.3 min) | Pickups: 31 | Deposits: 29 | Rate: 3.51 tags/min | phero_entries=2 max_w=0.157
======================================================================
R1[SEARCH    ]: carry=0 | base=2.13 | wall=1.92 | search=437 | target=site(-1.49,0.98)
R2[RTB       ]: carry=1 | base=3.25 | wall=1.18 | search=  0 | target=none
R3[SEARCH    ]: carry=0 | base=1.42 | wall=2.15 | search=871 | target=site(-2.86,-1.50)
R4[SEARCH    ]: carry=0 | base=1.76 | wall=1.97 | search= 77 | target=site(-1.50,0.93)
R5[GIVE_UP   ]: carry=0 | base=2.26 | wall=1.72 | search=2964 | target=none
R6[SEARCH    ]: carry=0 | base=2.14 | wall=1.62 | search=1826 | target=site(-2.76,-1.48)
R7[PHERO     ]: carry=0 | base=0.73 | wall=2.97 | search=  0 | target=phero(-2.86,-1.50)
R8[RTB       ]: carry=1 | base=2.93 | wall=0.90 | search=  0 | target=none

[PICKUP] R3 picked up tag (density=4) | Total: 32

======================================================================
Step 16000 (8.5 min) | Pickups: 32 | Deposits: 29 | Rate: 3.40 tags/min | phero_entries=1 max_w=0.032
======================================================================
R1[SEARCH    ]: carry=0 | base=3.55 | wall=0.66 | search=937 | target=site(-1.49,0.98)
R2[RTB       ]: carry=1 | base=1.33 | wall=2.55 | search=  0 | target=none
R3[SURVEY    ]: carry=1 | base=2.47 | wall=1.03 | search=  0 | target=none
R4[SEARCH    ]: carry=0 | base=1.03 | wall=2.47 | search=577 | target=site(-1.50,0.93)
R5[GIVE_UP   ]: carry=0 | base=0.34 | wall=3.23 | search=2964 | target=none
R6[SEARCH    ]: carry=0 | base=3.49 | wall=0.75 | search=2326 | target=site(-2.76,-1.48)
R7[PHERO     ]: carry=0 | base=2.62 | wall=1.21 | search=  0 | target=phero(-2.86,-1.50)
R8[RTB       ]: carry=1 | base=1.01 | wall=2.60 | search=  0 | target=none

  [GIVE-UP] R5 returned empty after 2964 searching steps
  [TARGET] R5 → PHERO (-1.50, 0.93)
[PICKUP] R7 picked up tag (density=9) | Total: 33
[DEPOSIT] R8 deposited! Total: 30
  [TARGET] R8 → SITE (-2.87, -1.44)
[DEPOSIT] R2 deposited! Total: 31
  [PHERO] Laid at (2.59, 2.68) density=16 prob=0.99 entries=2
  [TARGET] R2 → SITE (2.59, 2.68)

======================================================================
Step 16500 (8.8 min) | Pickups: 33 | Deposits: 31 | Rate: 3.52 tags/min | phero_entries=2 max_w=0.496
======================================================================
R1[SEARCH    ]: carry=0 | base=3.81 | wall=0.38 | search=1437 | target=site(-1.49,0.98)
R2[SITE      ]: carry=0 | base=0.63 | wall=2.99 | search=  0 | target=site(2.59,2.68)
R3[RTB       ]: carry=1 | base=0.99 | wall=2.51 | search=  0 | target=none
R4[SEARCH    ]: carry=0 | base=1.88 | wall=1.84 | search=1077 | target=site(-1.50,0.93)
R5[PHERO     ]: carry=0 | base=1.47 | wall=2.22 | search=  0 | target=phero(-1.50,0.93)
R6[WALL_ESC  ]: carry=0 | base=3.94 | wall=0.31 | search=2808 | target=none
R7[RTB       ]: carry=1 | base=3.01 | wall=0.84 | search=  0 | target=none
R8[SITE      ]: carry=0 | base=0.94 | wall=2.70 | search=  0 | target=site(-2.87,-1.44)

[DEPOSIT] R3 deposited! Total: 32
  [TARGET] R3 → SITE (-0.08, -2.47)

======================================================================
Step 17000 (9.1 min) | Pickups: 33 | Deposits: 32 | Rate: 3.53 tags/min | phero_entries=2 max_w=0.100
======================================================================
R1[WALL_ESC  ]: carry=0 | base=3.77 | wall=0.34 | search=1937 | target=site(-1.49,0.98)
R2[SITE      ]: carry=0 | base=2.55 | wall=1.65 | search=  0 | target=site(2.59,2.68)
R3[SITE      ]: carry=0 | base=0.96 | wall=2.55 | search=  0 | target=site(-0.08,-2.47)
R4[SEARCH    ]: carry=0 | base=2.78 | wall=0.75 | search=1577 | target=site(-1.50,0.93)
R5[GIVE_UP   ]: carry=0 | base=0.65 | wall=2.92 | search=156 | target=none
R6[GIVE_UP   ]: carry=0 | base=2.19 | wall=1.71 | search=2808 | target=none
R7[RTB       ]: carry=1 | base=1.19 | wall=2.45 | search=  0 | target=none
R8[SITE      ]: carry=0 | base=2.70 | wall=1.10 | search=  0 | target=site(-2.87,-1.44)

  [GIVE-UP] R5 returned empty after 156 searching steps
  [TARGET] R5 → PHERO (2.59, 2.68)
[PICKUP] R8 picked up tag (density=8) | Total: 34
[PICKUP] R2 picked up tag (density=15) | Total: 35
[DEPOSIT] R7 deposited! Total: 33
  [PHERO] Laid at (-2.88, -1.48) density=9 prob=0.59 entries=2
  [TARGET] R7 → SITE (-2.88, -1.48)
[PICKUP] R3 picked up tag (density=3) | Total: 36

======================================================================
Step 17500 (9.3 min) | Pickups: 36 | Deposits: 33 | Rate: 3.54 tags/min | phero_entries=2 max_w=0.442
======================================================================
R1[GIVE_UP   ]: carry=0 | base=3.05 | wall=0.94 | search=2184 | target=none
R2[RTB       ]: carry=1 | base=3.20 | wall=1.21 | search=  0 | target=none
R3[SURVEY    ]: carry=1 | base=2.51 | wall=0.99 | search=  0 | target=none
R4[WALL_ESC  ]: carry=0 | base=3.39 | wall=0.35 | search=2077 | target=site(-1.50,0.93)
R5[PHERO     ]: carry=0 | base=0.64 | wall=2.90 | search=  0 | target=phero(2.59,2.68)
R6[GIVE_UP   ]: carry=0 | base=0.27 | wall=3.28 | search=2808 | target=none
R7[SITE      ]: carry=0 | base=0.77 | wall=2.78 | search=  0 | target=site(-2.88,-1.48)
R8[RTB       ]: carry=1 | base=2.83 | wall=0.98 | search=  0 | target=none

  [GIVE-UP] R6 returned empty after 2808 searching steps
  [TARGET] R6 → PHERO (-2.88, -1.48)
[PICKUP] R1 picked up tag (density=10) | Total: 37

======================================================================
Step 18000 (9.6 min) | Pickups: 37 | Deposits: 33 | Rate: 3.44 tags/min | phero_entries=2 max_w=0.089
======================================================================
R1[RTB       ]: carry=1 | base=1.85 | wall=1.97 | search=  0 | target=none
R2[RTB       ]: carry=1 | base=1.28 | wall=2.58 | search=  0 | target=none
R3[RTB       ]: carry=1 | base=1.48 | wall=2.02 | search=  0 | target=none
R4[SEARCH    ]: carry=0 | base=3.65 | wall=0.36 | search=2577 | target=site(-1.50,0.93)
R5[PHERO     ]: carry=0 | base=2.50 | wall=1.63 | search=  0 | target=phero(2.59,2.68)
R6[PHERO     ]: carry=0 | base=0.70 | wall=2.81 | search=  0 | target=phero(-2.88,-1.48)
R7[SITE      ]: carry=0 | base=2.67 | wall=1.11 | search=  0 | target=site(-2.88,-1.48)
R8[RTB       ]: carry=1 | base=0.94 | wall=2.67 | search=  0 | target=none

[DEPOSIT] R8 deposited! Total: 34
  [TARGET] R8 → SITE (-2.86, -1.42)
[PICKUP] R5 picked up tag (density=14) | Total: 38
[DEPOSIT] R2 deposited! Total: 35
  [PHERO] Laid at (2.33, 2.43) density=15 prob=0.98 entries=3
  [TARGET] R2 → SITE (2.33, 2.43)
[DEPOSIT] R3 deposited! Total: 36
  [TARGET] R3 → SITE (-0.13, -2.51)
[DEPOSIT] R1 deposited! Total: 37
  [PHERO] Laid at (-1.78, 1.16) density=10 prob=0.71 entries=4
  [TARGET] R1 → SITE (-1.78, 1.16)

======================================================================
Step 18500 (9.9 min) | Pickups: 38 | Deposits: 37 | Rate: 3.75 tags/min | phero_entries=3 max_w=0.767
======================================================================
R1[BASE_ESC  ]: carry=0 | base=0.22 | wall=3.30 | search=  0 | target=site(-1.78,1.16)
R2[SITE      ]: carry=0 | base=0.67 | wall=2.97 | search=  0 | target=site(2.33,2.43)
R3[SITE      ]: carry=0 | base=0.47 | wall=3.03 | search=  0 | target=site(-0.13,-2.51)
R4[SEARCH    ]: carry=0 | base=3.66 | wall=0.36 | search=3077 | target=site(-1.50,0.93)
R5[RTB       ]: carry=1 | base=3.24 | wall=1.21 | search=  0 | target=none
R6[PHERO     ]: carry=0 | base=2.58 | wall=1.19 | search=  0 | target=phero(-2.88,-1.48)
R7[SEARCH    ]: carry=0 | base=2.70 | wall=0.93 | search=367 | target=site(-2.88,-1.48)
R8[SITE      ]: carry=0 | base=1.03 | wall=2.55 | search=  0 | target=site(-2.86,-1.42)

[PICKUP] R7 picked up tag (density=16) | Total: 39
[PICKUP] R6 picked up tag (density=7) | Total: 40
[PICKUP] R1 picked up tag (density=9) | Total: 41

======================================================================
Step 19000 (10.1 min) | Pickups: 41 | Deposits: 37 | Rate: 3.65 tags/min | phero_entries=3 max_w=0.155
======================================================================
R1[SURVEY    ]: carry=1 | base=1.85 | wall=1.94 | search=  0 | target=none
R2[SITE      ]: carry=0 | base=2.52 | wall=1.71 | search=  0 | target=site(2.33,2.43)
R3[SITE      ]: carry=0 | base=2.38 | wall=1.12 | search=  0 | target=site(-0.13,-2.51)
R4[WALL_ESC  ]: carry=0 | base=3.74 | wall=0.32 | search=3577 | target=site(-1.50,0.93)
R5[RTB       ]: carry=1 | base=1.37 | wall=2.52 | search=  0 | target=none
R6[RTB       ]: carry=1 | base=2.95 | wall=0.89 | search=  0 | target=none
R7[RTB       ]: carry=1 | base=1.62 | wall=1.92 | search=  0 | target=none
R8[SITE      ]: carry=0 | base=2.95 | wall=0.85 | search=  0 | target=site(-2.86,-1.42)

[PICKUP] R8 picked up tag (density=6) | Total: 42
[DEPOSIT] R5 deposited! Total: 38
  [PHERO] Laid at (2.30, 2.43) density=14 prob=0.96 entries=4
  [TARGET] R5 → SITE (2.30, 2.43)
[DEPOSIT] R7 deposited! Total: 39
  [PHERO] Laid at (-2.48, -0.59) density=16 prob=0.99 entries=5
  [TARGET] R7 → SITE (-2.48, -0.59)

======================================================================
Step 19500 (10.4 min) | Pickups: 42 | Deposits: 39 | Rate: 3.75 tags/min | phero_entries=4 max_w=0.635
======================================================================
R1[RTB       ]: carry=1 | base=0.64 | wall=2.97 | search=  0 | target=none
R2[GIVE_UP   ]: carry=0 | base=2.74 | wall=1.56 | search=156 | target=none
R3[GIVE_UP   ]: carry=0 | base=1.18 | wall=2.32 | search=156 | target=none
R4[SEARCH    ]: carry=0 | base=3.64 | wall=0.40 | search=4077 | target=site(-1.50,0.93)
R5[SITE      ]: carry=0 | base=0.58 | wall=3.04 | search=  0 | target=site(2.30,2.43)
R6[RTB       ]: carry=1 | base=1.03 | wall=2.59 | search=  0 | target=none
R7[SITE      ]: carry=0 | base=0.33 | wall=3.22 | search=  0 | target=site(-2.48,-0.59)
R8[RTB       ]: carry=1 | base=2.58 | wall=1.19 | search=  0 | target=none

[DEPOSIT] R1 deposited! Total: 40
  [TARGET] R1 → SITE (-1.56, 0.99)
[DEPOSIT] R6 deposited! Total: 41
  [TARGET] R6 → SITE (-2.88, -1.49)
  [GIVE-UP] R3 returned empty after 156 searching steps
  [TARGET] R3 → PHERO (-2.48, -0.59)

======================================================================
Step 20000 (10.7 min) | Pickups: 42 | Deposits: 41 | Rate: 3.84 tags/min | phero_entries=4 max_w=0.128
======================================================================
R1[SITE      ]: carry=0 | base=1.31 | wall=2.42 | search=  0 | target=site(-1.56,0.99)
R2[GIVE_UP   ]: carry=0 | base=0.85 | wall=2.89 | search=156 | target=none
R3[PHERO     ]: carry=0 | base=0.44 | wall=3.12 | search=  0 | target=phero(-2.48,-0.59)
R4[WALL_ESC  ]: carry=0 | base=3.72 | wall=0.32 | search=4577 | target=site(-1.50,0.93)
R5[SITE      ]: carry=0 | base=2.45 | wall=1.75 | search=  0 | target=site(2.30,2.43)
R6[SITE      ]: carry=0 | base=0.93 | wall=2.64 | search=  0 | target=site(-2.88,-1.49)
R7[SITE      ]: carry=0 | base=2.22 | wall=1.34 | search=  0 | target=site(-2.48,-0.59)
R8[RTB       ]: carry=1 | base=0.66 | wall=2.91 | search=  0 | target=none

[PICKUP] R7 picked up tag (density=15) | Total: 43
[DEPOSIT] R8 deposited! Total: 42
  [PHERO] Laid at (-2.87, -1.37) density=6 prob=0.21 entries=5
  [TARGET] R8 → SITE (-2.87, -1.37)
  [GIVE-UP] R2 returned empty after 156 searching steps
  [TARGET] R2 → PHERO (-2.87, -1.37)
[PICKUP] R1 picked up tag (density=8) | Total: 44
[PICKUP] R5 picked up tag (density=13) | Total: 45

======================================================================
Step 20500 (10.9 min) | Pickups: 45 | Deposits: 42 | Rate: 3.84 tags/min | phero_entries=4 max_w=0.285
======================================================================
R1[RTB       ]: carry=1 | base=1.56 | wall=2.19 | search=  0 | target=none
R2[PHERO     ]: carry=0 | base=0.38 | wall=3.14 | search=  0 | target=phero(-2.87,-1.37)
R3[PHERO     ]: carry=0 | base=2.21 | wall=1.36 | search=  0 | target=phero(-2.48,-0.59)
R4[WALL_ESC  ]: carry=0 | base=3.73 | wall=0.34 | search=5077 | target=site(-1.50,0.93)
R5[RTB       ]: carry=1 | base=3.34 | wall=1.10 | search=  0 | target=none
R6[SITE      ]: carry=0 | base=2.85 | wall=0.97 | search=  0 | target=site(-2.88,-1.49)
R7[RTB       ]: carry=1 | base=1.33 | wall=2.21 | search=  0 | target=none
R8[SITE      ]: carry=0 | base=1.28 | wall=2.38 | search=  0 | target=site(-2.87,-1.37)

[PICKUP] R3 picked up tag (density=14) | Total: 46
[DEPOSIT] R7 deposited! Total: 43
  [PHERO] Laid at (-2.18, -0.53) density=15 prob=0.98 entries=4
  [TARGET] R7 → SITE (-2.18, -0.53)
[DEPOSIT] R1 deposited! Total: 44
  [TARGET] R1 → SITE (-1.56, 0.96)

======================================================================
Step 21000 (11.2 min) | Pickups: 46 | Deposits: 44 | Rate: 3.93 tags/min | phero_entries=4 max_w=0.499
======================================================================
R1[SITE      ]: carry=0 | base=0.38 | wall=3.22 | search=  0 | target=site(-1.56,0.96)
R2[PHERO     ]: carry=0 | base=2.17 | wall=1.50 | search=  0 | target=phero(-2.87,-1.37)
R3[RTB       ]: carry=1 | base=1.63 | wall=1.92 | search=  0 | target=none
R4[SEARCH    ]: carry=0 | base=3.64 | wall=0.39 | search=5577 | target=site(-1.50,0.93)
R5[RTB       ]: carry=1 | base=1.47 | wall=2.46 | search=  0 | target=none
R6[SEARCH    ]: carry=0 | base=2.49 | wall=1.73 | search=411 | target=site(-2.88,-1.49)
R7[SITE      ]: carry=0 | base=0.61 | wall=2.93 | search=  0 | target=site(-2.18,-0.53)
R8[SEARCH    ]: carry=0 | base=3.15 | wall=0.66 | search= 18 | target=site(-2.87,-1.37)

[PICKUP] R8 picked up tag (density=5) | Total: 47
[DEPOSIT] R5 deposited! Total: 45
  [PHERO] Laid at (2.29, 2.44) density=13 prob=0.93 entries=5
  [TARGET] R5 → SITE (2.29, 2.44)
[DEPOSIT] R3 deposited! Total: 46
  [PHERO] Laid at (-2.30, -0.57) density=14 prob=0.96 entries=6
  [TARGET] R3 → SITE (-2.30, -0.57)
[PICKUP] R2 picked up tag (density=4) | Total: 48
[PICKUP] R1 picked up tag (density=7) | Total: 49

======================================================================
Step 21500 (11.5 min) | Pickups: 49 | Deposits: 46 | Rate: 4.01 tags/min | phero_entries=5 max_w=0.664
======================================================================
R1[SURVEY    ]: carry=1 | base=1.82 | wall=1.94 | search=  0 | target=none
R2[SURVEY    ]: carry=1 | base=3.25 | wall=0.55 | search=  0 | target=none
R3[SITE      ]: carry=0 | base=0.30 | wall=3.24 | search=  0 | target=site(-2.30,-0.57)
R4[WALL_ESC  ]: carry=0 | base=3.75 | wall=0.31 | search=6077 | target=site(-1.50,0.93)
R5[SITE      ]: carry=0 | base=0.48 | wall=3.10 | search=  0 | target=site(2.29,2.44)
R6[SEARCH    ]: carry=0 | base=3.08 | wall=0.48 | search=911 | target=site(-2.88,-1.49)
R7[SEARCH    ]: carry=0 | base=2.29 | wall=1.27 | search= 72 | target=site(-2.18,-0.53)
R8[RTB       ]: carry=1 | base=2.88 | wall=0.86 | search=  0 | target=none


======================================================================
Step 22000 (11.7 min) | Pickups: 49 | Deposits: 46 | Rate: 3.92 tags/min | phero_entries=4 max_w=0.134
======================================================================
R1[RTB       ]: carry=1 | base=0.55 | wall=3.04 | search=  0 | target=none
R2[RTB       ]: carry=1 | base=1.78 | wall=1.89 | search=  0 | target=none
R3[SITE      ]: carry=0 | base=2.19 | wall=1.38 | search=  0 | target=site(-2.30,-0.57)
R4[SEARCH    ]: carry=0 | base=3.68 | wall=0.38 | search=6577 | target=site(-1.50,0.93)
R5[SITE      ]: carry=0 | base=2.39 | wall=1.78 | search=  0 | target=site(2.29,2.44)
R6[WALL_ESC  ]: carry=0 | base=3.21 | wall=0.34 | search=1411 | target=site(-2.88,-1.49)
R7[SEARCH    ]: carry=0 | base=3.36 | wall=0.68 | search=572 | target=site(-2.18,-0.53)
R8[RTB       ]: carry=1 | base=1.00 | wall=2.59 | search=  0 | target=none

[DEPOSIT] R1 deposited! Total: 47
  [TARGET] R1 → SITE (-1.57, 0.91)
[DEPOSIT] R8 deposited! Total: 48
  [TARGET] R8 → SITE (-2.89, -1.22)
[PICKUP] R5 picked up tag (density=12) | Total: 50
[DEPOSIT] R2 deposited! Total: 49
  [TARGET] R2 → SITE (-2.95, -1.36)

======================================================================
Step 22500 (12.0 min) | Pickups: 50 | Deposits: 49 | Rate: 4.08 tags/min | phero_entries=3 max_w=0.027
======================================================================
R1[SITE      ]: carry=0 | base=1.41 | wall=2.27 | search=  0 | target=site(-1.57,0.91)
R2[BASE_ESC  ]: carry=0 | base=0.23 | wall=3.31 | search=  0 | target=site(-2.95,-1.36)
R3[SEARCH    ]: carry=0 | base=3.35 | wall=0.56 | search=465 | target=site(-2.30,-0.57)
R4[SEARCH    ]: carry=0 | base=3.66 | wall=0.37 | search=7077 | target=site(-1.50,0.93)
R5[SURVEY    ]: carry=1 | base=3.37 | wall=1.00 | search=  0 | target=none
R6[WALL_ESC  ]: carry=0 | base=3.21 | wall=0.33 | search=1911 | target=site(-2.88,-1.49)
R7[GIVE_UP   ]: carry=0 | base=2.60 | wall=1.25 | search=780 | target=none
R8[SITE      ]: carry=0 | base=0.96 | wall=2.59 | search=  0 | target=site(-2.89,-1.22)

[PICKUP] R6 picked up tag (density=2) | Total: 51

======================================================================
Step 23000 (12.3 min) | Pickups: 51 | Deposits: 49 | Rate: 3.99 tags/min | phero_entries=2 max_w=0.005
======================================================================
R1[SEARCH    ]: carry=0 | base=2.15 | wall=1.79 | search=408 | target=site(-1.57,0.91)
R2[SITE      ]: carry=0 | base=2.08 | wall=1.62 | search=  0 | target=site(-2.95,-1.36)
R3[GIVE_UP   ]: carry=0 | base=3.39 | wall=0.70 | search=780 | target=none
R4[WALL_ESC  ]: carry=0 | base=3.75 | wall=0.32 | search=7577 | target=site(-1.50,0.93)
R5[RTB       ]: carry=1 | base=1.98 | wall=2.07 | search=  0 | target=none
R6[RTB       ]: carry=1 | base=2.67 | wall=0.85 | search=  0 | target=none
R7[GIVE_UP   ]: carry=0 | base=0.69 | wall=2.90 | search=780 | target=none
R8[SITE      ]: carry=0 | base=2.87 | wall=0.85 | search=  0 | target=site(-2.89,-1.22)

  [GIVE-UP] R7 returned empty after 780 searching steps
  [TARGET] R7 → PHERO (-2.30, -0.57)
[PICKUP] R2 picked up tag (density=3) | Total: 52
[PICKUP] R1 picked up tag (density=15) | Total: 53
[DEPOSIT] R5 deposited! Total: 50
  [PHERO] Laid at (2.26, 2.50) density=12 prob=0.88 entries=3
  [TARGET] R5 → SITE (2.26, 2.50)

======================================================================
Step 23500 (12.5 min) | Pickups: 53 | Deposits: 50 | Rate: 3.99 tags/min | phero_entries=2 max_w=0.855
======================================================================
R1[SURVEY    ]: carry=1 | base=3.51 | wall=0.87 | search=  0 | target=none
R2[SURVEY    ]: carry=1 | base=3.26 | wall=0.54 | search=  0 | target=none
R3[GIVE_UP   ]: carry=0 | base=1.47 | wall=2.28 | search=780 | target=none
R4[SEARCH    ]: carry=0 | base=3.65 | wall=0.40 | search=8077 | target=site(-1.50,0.93)
R5[BASE_ESC  ]: carry=0 | base=0.22 | wall=3.33 | search=  0 | target=site(2.26,2.50)
R6[RTB       ]: carry=1 | base=0.75 | wall=2.75 | search=  0 | target=none
R7[PHERO     ]: carry=0 | base=1.19 | wall=2.38 | search=  0 | target=phero(-2.30,-0.57)
R8[GIVE_UP   ]: carry=0 | base=1.95 | wall=1.70 | search=156 | target=none

[DEPOSIT] R6 deposited! Total: 51
  [TARGET] R6 → PHERO (2.26, 2.50)
  [GIVE-UP] R3 returned empty after 780 searching steps
  [TARGET] R3 → PHERO (2.26, 2.50)
  [GIVE-UP] R8 returned empty after 156 searching steps
  [TARGET] R8 → PHERO (2.26, 2.50)

======================================================================
Step 24000 (12.8 min) | Pickups: 53 | Deposits: 51 | Rate: 3.98 tags/min | phero_entries=1 max_w=0.173
======================================================================
R1[RTB       ]: carry=1 | base=2.20 | wall=1.83 | search=  0 | target=none
R2[RTB       ]: carry=1 | base=1.62 | wall=2.03 | search=  0 | target=none
R3[PHERO     ]: carry=0 | base=0.27 | wall=3.27 | search=  0 | target=phero(2.26,2.50)
R4[WALL_ESC  ]: carry=0 | base=3.69 | wall=0.34 | search=8577 | target=site(-1.50,0.93)
R5[SITE      ]: carry=0 | base=1.90 | wall=2.06 | search=  0 | target=site(2.26,2.50)
R6[PHERO     ]: carry=0 | base=0.62 | wall=2.94 | search=  0 | target=phero(2.26,2.50)
R7[SEARCH    ]: carry=0 | base=2.24 | wall=1.34 | search=202 | target=phero(-2.30,-0.57)
R8[BASE_ESC  ]: carry=0 | base=0.22 | wall=3.29 | search=  0 | target=phero(2.26,2.50)

[PICKUP] R7 picked up tag (density=13) | Total: 54
[DEPOSIT] R2 deposited! Total: 52
  [TARGET] R2 → PHERO (2.26, 2.50)
[PICKUP] R5 picked up tag (density=11) | Total: 55

======================================================================
Step 24500 (13.1 min) | Pickups: 55 | Deposits: 52 | Rate: 3.98 tags/min | phero_entries=1 max_w=0.035
======================================================================
R1[RTB       ]: carry=1 | base=0.28 | wall=3.29 | search=  0 | target=none
R2[PHERO     ]: carry=0 | base=0.27 | wall=3.30 | search=  0 | target=phero(2.26,2.50)
R3[PHERO     ]: carry=0 | base=0.89 | wall=2.76 | search=  0 | target=phero(2.26,2.50)
R4[WALL_ESC  ]: carry=0 | base=3.74 | wall=0.33 | search=9077 | target=site(-1.50,0.93)
R5[SURVEY    ]: carry=1 | base=3.37 | wall=1.00 | search=  0 | target=none
R6[PHERO     ]: carry=0 | base=2.48 | wall=1.71 | search=  0 | target=phero(2.26,2.50)
R7[RTB       ]: carry=1 | base=1.36 | wall=2.17 | search=  0 | target=none
R8[PHERO     ]: carry=0 | base=1.26 | wall=2.47 | search=  0 | target=phero(2.26,2.50)

[DEPOSIT] R1 deposited! Total: 53
  [PHERO] Laid at (-2.32, 2.63) density=15 prob=0.98 entries=2
  [TARGET] R1 → SITE (-2.32, 2.63)
[DEPOSIT] R7 deposited! Total: 54
  [PHERO] Laid at (-2.19, -0.46) density=13 prob=0.93 entries=3
  [TARGET] R7 → SITE (-2.19, -0.46)
[PICKUP] R6 picked up tag (density=10) | Total: 56

======================================================================
Step 25000 (13.3 min) | Pickups: 56 | Deposits: 54 | Rate: 4.05 tags/min | phero_entries=3 max_w=0.509
======================================================================
R1[SITE      ]: carry=0 | base=1.67 | wall=2.21 | search=  0 | target=site(-2.32,2.63)
R2[PHERO     ]: carry=0 | base=0.53 | wall=3.00 | search=  0 | target=phero(2.26,2.50)
R3[PHERO     ]: carry=0 | base=2.67 | wall=1.57 | search=  0 | target=phero(2.26,2.50)
R4[SEARCH    ]: carry=0 | base=3.64 | wall=0.39 | search=9577 | target=site(-1.50,0.93)
R5[RTB       ]: carry=1 | base=2.11 | wall=1.96 | search=  0 | target=none
R6[RTB       ]: carry=1 | base=3.41 | wall=1.02 | search=  0 | target=none
R7[SITE      ]: carry=0 | base=0.59 | wall=2.91 | search=  0 | target=site(-2.19,-0.46)
R8[PHERO     ]: carry=0 | base=3.16 | wall=1.14 | search=  0 | target=phero(2.26,2.50)

[DEPOSIT] R5 deposited! Total: 55
  [PHERO] Laid at (2.26, 2.50) density=11 prob=0.80 entries=4
  [TARGET] R5 → SITE (2.26, 2.50)

======================================================================
Step 25500 (13.6 min) | Pickups: 56 | Deposits: 55 | Rate: 4.04 tags/min | phero_entries=4 max_w=0.953
======================================================================
R1[SEARCH    ]: carry=0 | base=3.51 | wall=0.86 | search= 35 | target=site(-2.32,2.63)
R2[PHERO     ]: carry=0 | base=2.25 | wall=1.91 | search=  0 | target=phero(2.26,2.50)
R3[SEARCH    ]: carry=0 | base=2.96 | wall=1.27 | search=329 | target=phero(2.26,2.50)
R4[WALL_ESC  ]: carry=0 | base=3.74 | wall=0.31 | search=10077 | target=site(-1.50,0.93)
R5[BASE_ESC  ]: carry=0 | base=0.23 | wall=3.33 | search=  0 | target=site(2.26,2.50)
R6[RTB       ]: carry=1 | base=1.81 | wall=2.20 | search=  0 | target=none
R7[SEARCH    ]: carry=0 | base=2.22 | wall=1.34 | search= 83 | target=site(-2.19,-0.46)
R8[SEARCH    ]: carry=0 | base=3.68 | wall=0.73 | search=460 | target=phero(2.26,2.50)

[PICKUP] R1 picked up tag (density=14) | Total: 57
[PICKUP] R2 picked up tag (density=9) | Total: 58
[DEPOSIT] R6 deposited! Total: 56
  [PHERO] Laid at (2.32, 2.49) density=10 prob=0.71 entries=4
  [TARGET] R6 → SITE (2.32, 2.49)

======================================================================
Step 26000 (13.9 min) | Pickups: 58 | Deposits: 56 | Rate: 4.04 tags/min | phero_entries=4 max_w=0.740
======================================================================
R1[RTB       ]: carry=1 | base=2.42 | wall=1.65 | search=  0 | target=none
R2[SURVEY    ]: carry=1 | base=3.40 | wall=0.97 | search=  0 | target=none
R3[GIVE_UP   ]: carry=0 | base=2.35 | wall=1.17 | search=780 | target=none
R4[SEARCH    ]: carry=0 | base=3.71 | wall=0.36 | search=10577 | target=site(-1.50,0.93)
R5[SITE      ]: carry=0 | base=1.76 | wall=2.16 | search=  0 | target=site(2.26,2.50)
R6[BASE_ESC  ]: carry=0 | base=0.23 | wall=3.31 | search=  0 | target=site(2.32,2.49)
R7[SEARCH    ]: carry=0 | base=0.78 | wall=2.73 | search=583 | target=site(-2.19,-0.46)
R8[GIVE_UP   ]: carry=0 | base=2.14 | wall=1.85 | search=468 | target=none

  [GIVE-UP] R7 returned empty after 780 searching steps
  [TARGET] R7 → PHERO (2.32, 2.49)
  [GIVE-UP] R8 returned empty after 468 searching steps
  [TARGET] R8 → PHERO (2.32, 2.49)

======================================================================
Step 26500 (14.1 min) | Pickups: 58 | Deposits: 56 | Rate: 3.96 tags/min | phero_entries=4 max_w=0.149
======================================================================
R1[RTB       ]: carry=1 | base=0.50 | wall=3.12 | search=  0 | target=none
R2[RTB       ]: carry=1 | base=1.92 | wall=2.11 | search=  0 | target=none
R3[GIVE_UP   ]: carry=0 | base=0.47 | wall=3.04 | search=780 | target=none
R4[GIVE_UP   ]: carry=0 | base=2.50 | wall=1.38 | search=10764 | target=none
R5[SEARCH    ]: carry=0 | base=3.44 | wall=0.94 | search= 94 | target=site(2.26,2.50)
R6[SITE      ]: carry=0 | base=2.05 | wall=1.97 | search=  0 | target=site(2.32,2.49)
R7[PHERO     ]: carry=0 | base=0.89 | wall=2.71 | search=  0 | target=phero(2.32,2.49)
R8[BASE_ESC  ]: carry=0 | base=0.23 | wall=3.32 | search=  0 | target=phero(2.32,2.49)

[PICKUP] R5 picked up tag (density=8) | Total: 59
  [GIVE-UP] R3 returned empty after 780 searching steps
  [TARGET] R3 → PHERO (2.32, 2.49)
[DEPOSIT] R1 deposited! Total: 57
  [PHERO] Laid at (-2.31, 2.65) density=14 prob=0.96 entries=5
  [TARGET] R1 → SITE (-2.31, 2.65)
[DEPOSIT] R2 deposited! Total: 58
  [TARGET] R2 → SITE (2.27, 2.53)
[PICKUP] R6 picked up tag (density=7) | Total: 60

======================================================================
Step 27000 (14.4 min) | Pickups: 60 | Deposits: 58 | Rate: 4.03 tags/min | phero_entries=3 max_w=0.250
======================================================================
R1[SITE      ]: carry=0 | base=1.44 | wall=2.37 | search=  0 | target=site(-2.31,2.65)
R2[BASE_ESC  ]: carry=0 | base=0.22 | wall=3.33 | search=  0 | target=site(2.27,2.53)
R3[PHERO     ]: carry=0 | base=1.50 | wall=2.43 | search=  0 | target=phero(2.32,2.49)
R4[GIVE_UP   ]: carry=0 | base=0.58 | wall=3.01 | search=10764 | target=none
R5[RTB       ]: carry=1 | base=2.68 | wall=1.56 | search=  0 | target=none
R6[SURVEY    ]: carry=1 | base=3.45 | wall=0.91 | search=  0 | target=none
R7[PHERO     ]: carry=0 | base=2.78 | wall=1.43 | search=  0 | target=phero(2.32,2.49)
R8[PHERO     ]: carry=0 | base=1.69 | wall=2.23 | search=  0 | target=phero(2.32,2.49)

  [GIVE-UP] R4 returned empty after 10764 searching steps
  [TARGET] R4 → PHERO (-2.31, 2.65)
[PICKUP] R7 picked up tag (density=6) | Total: 61

======================================================================
Step 27500 (14.7 min) | Pickups: 61 | Deposits: 58 | Rate: 3.95 tags/min | phero_entries=3 max_w=0.051
======================================================================
R1[SITE      ]: carry=0 | base=3.36 | wall=0.96 | search=  0 | target=site(-2.31,2.65)
R2[SITE      ]: carry=0 | base=1.87 | wall=2.15 | search=  0 | target=site(2.27,2.53)
R3[PHERO     ]: carry=0 | base=3.20 | wall=1.17 | search=  0 | target=phero(2.32,2.49)
R4[PHERO     ]: carry=0 | base=0.26 | wall=3.25 | search=  0 | target=phero(-2.31,2.65)
R5[RTB       ]: carry=1 | base=0.87 | wall=2.86 | search=  0 | target=none
R6[RTB       ]: carry=1 | base=2.73 | wall=1.53 | search=  0 | target=none
R7[SURVEY    ]: carry=1 | base=3.53 | wall=0.91 | search=  0 | target=none
R8[SEARCH    ]: carry=0 | base=3.40 | wall=1.00 | search= 46 | target=phero(2.32,2.49)

[PICKUP] R1 picked up tag (density=13) | Total: 62
[DEPOSIT] R5 deposited! Total: 59
  [TARGET] R5 → SITE (2.29, 2.57)

======================================================================
Step 28000 (14.9 min) | Pickups: 62 | Deposits: 59 | Rate: 3.95 tags/min | phero_entries=2 max_w=0.010
======================================================================
R1[RTB       ]: carry=1 | base=2.68 | wall=1.42 | search=  0 | target=none
R2[SEARCH    ]: carry=0 | base=3.40 | wall=0.93 | search=107 | target=site(2.27,2.53)
R3[GIVE_UP   ]: carry=0 | base=2.30 | wall=1.83 | search=312 | target=none
R4[PHERO     ]: carry=0 | base=1.74 | wall=2.26 | search=  0 | target=phero(-2.31,2.65)
R5[SITE      ]: carry=0 | base=0.99 | wall=2.77 | search=  0 | target=site(2.29,2.57)
R6[RTB       ]: carry=1 | base=0.96 | wall=2.81 | search=  0 | target=none
R7[RTB       ]: carry=1 | base=1.89 | wall=2.16 | search=  0 | target=none
R8[SEARCH    ]: carry=0 | base=2.18 | wall=1.75 | search=546 | target=phero(2.32,2.49)

BATCH_RESULT pickups=62 deposits=59
