=================================================================
CPFA BASELINE — ARGoS-calibrated parameters  (7×7m arena  128 tags)
  Params file                  = /home/sara/Documents/RL-FL-Foraging/controllers/cpfa_baseline/cpfa_params.yaml
  Results file                 = /home/sara/Documents/RL-FL-Foraging/controllers/cpfa_baseline/cpfa_baseline_7x7_results_20260811_122350.txt
  RateOfLayingPheromone        = 9.0
  RateOfSiteFidelity           = 2.29
  RateOfPheromoneDecay         = 0.1 /s  (lifetime ~69s)
  ProbabilityOfReturningToNest = 0.08 (every 5 sec → E[give-up] ~62s)
  UninformedSearchVariation    = 0.13 rad (7.4°)
  RateOfInformedSearchDecay    = 1.26 /waypoint
  ProbabilityOfSwitchingToSearching = 0.55 (every 5 sec in uninformed DEPARTING)
=================================================================


======================================================================
Step 500 (0.3 min) | Pickups: 0 | Deposits: 0 | Rate: 0.00 tags/min | phero_entries=0 max_w=0.000
======================================================================
R1[GIVE_UP   ]: carry=0 | base=0.57 | wall=2.97 | search=156 | target=none
R2[DEPART    ]: carry=0 | base=1.82 | wall=1.77 | search=  0 | target=none
R3[SEARCH    ]: carry=0 | base=1.82 | wall=2.01 | search=344 | target=none
R4[SEARCH    ]: carry=0 | base=1.83 | wall=1.98 | search=344 | target=none
R5[GIVE_UP   ]: carry=0 | base=1.12 | wall=2.43 | search=312 | target=none
R6[DEPART    ]: carry=0 | base=1.43 | wall=2.34 | search=  0 | target=none
R7[SEARCH    ]: carry=0 | base=1.84 | wall=1.73 | search=344 | target=none
R8[SEARCH    ]: carry=0 | base=1.98 | wall=1.52 | search=188 | target=none

[PICKUP] R6 picked up tag (density=16) | Total: 1
  [GIVE-UP] R1 returned empty after 156 searching steps
  [TARGET] R1 → WALL (-3.42, -0.24)
  [GIVE-UP] R5 returned empty after 312 searching steps
  [TARGET] R5 → WALL (-3.42, -1.72)

======================================================================
Step 1000 (0.5 min) | Pickups: 1 | Deposits: 0 | Rate: 0.00 tags/min | phero_entries=0 max_w=0.000
======================================================================
R1[SEARCH    ]: carry=0 | base=0.64 | wall=2.91 | search=149 | target=none
R2[WALL_ESC  ]: carry=0 | base=3.20 | wall=0.34 | search=376 | target=none
R3[SEARCH    ]: carry=0 | base=3.56 | wall=0.52 | search=844 | target=none
R4[SEARCH    ]: carry=0 | base=3.30 | wall=0.77 | search=844 | target=none
R5[DEPART    ]: carry=0 | base=0.29 | wall=3.21 | search=  0 | target=none
R6[RTB       ]: carry=1 | base=0.75 | wall=2.92 | search=  0 | target=none
R7[WALL_ESC  ]: carry=0 | base=3.19 | wall=0.32 | search=844 | target=none
R8[WALL_ESC  ]: carry=0 | base=3.35 | wall=0.35 | search=688 | target=none

[DEPOSIT] R6 deposited! Total: 1
  [PHERO] Laid at (-1.27, -0.95) density=16 prob=0.99 entries=1
  [TARGET] R6 → SITE (-1.27, -0.95)
[PICKUP] R1 picked up tag (density=15) | Total: 2

======================================================================
Step 1500 (0.8 min) | Pickups: 2 | Deposits: 1 | Rate: 1.25 tags/min | phero_entries=1 max_w=0.306
======================================================================
R1[SURVEY    ]: carry=1 | base=1.76 | wall=1.99 | search=  0 | target=none
R2[SEARCH    ]: carry=0 | base=3.18 | wall=0.36 | search=876 | target=none
R3[SEARCH    ]: carry=0 | base=3.79 | wall=0.36 | search=1344 | target=none
R4[GIVE_UP   ]: carry=0 | base=3.01 | wall=1.09 | search=1092 | target=none
R5[DEPART    ]: carry=0 | base=1.75 | wall=1.87 | search=  0 | target=none
R6[SITE      ]: carry=0 | base=1.19 | wall=2.57 | search=  0 | target=site(-1.27,-0.95)
R7[GIVE_UP   ]: carry=0 | base=2.95 | wall=0.56 | search=1248 | target=none
R8[SEARCH    ]: carry=0 | base=3.75 | wall=0.36 | search=1188 | target=none

[PICKUP] R6 picked up tag (density=14) | Total: 3
[PICKUP] R5 picked up tag (density=16) | Total: 4
[PICKUP] R4 picked up tag (density=16) | Total: 5
[DEPOSIT] R1 deposited! Total: 2
  [PHERO] Laid at (-1.51, -0.89) density=15 prob=0.98 entries=2
  [TARGET] R1 → SITE (-1.51, -0.89)

======================================================================
Step 2000 (1.1 min) | Pickups: 5 | Deposits: 2 | Rate: 1.88 tags/min | phero_entries=2 max_w=0.871
======================================================================
R1[BASE_ESC  ]: carry=0 | base=0.22 | wall=3.32 | search=  0 | target=site(-1.51,-0.89)
R2[GIVE_UP   ]: carry=0 | base=1.57 | wall=1.95 | search=936 | target=none
R3[GIVE_UP   ]: carry=0 | base=2.17 | wall=1.67 | search=1404 | target=none
R4[RTB       ]: carry=1 | base=1.79 | wall=2.09 | search=  0 | target=none
R5[RTB       ]: carry=1 | base=2.17 | wall=1.53 | search=  0 | target=none
R6[RTB       ]: carry=1 | base=1.18 | wall=2.60 | search=  0 | target=none
R7[GIVE_UP   ]: carry=0 | base=1.03 | wall=2.47 | search=1248 | target=none
R8[WALL_ESC  ]: carry=0 | base=3.94 | wall=0.32 | search=1688 | target=none

  [GIVE-UP] R7 returned empty after 1248 searching steps
  [TARGET] R7 → PHERO (-1.51, -0.89)
[DEPOSIT] R6 deposited! Total: 3
  [PHERO] Laid at (-1.27, -1.02) density=14 prob=0.96 entries=3
  [TARGET] R6 → SITE (-1.27, -1.02)
  [GIVE-UP] R2 returned empty after 936 searching steps
  [TARGET] R2 → PHERO (-1.51, -0.89)
[DEPOSIT] R4 deposited! Total: 4
  [PHERO] Laid at (-1.76, -1.31) density=16 prob=0.99 entries=4
  [TARGET] R4 → SITE (-1.76, -1.31)

======================================================================
Step 2500 (1.3 min) | Pickups: 5 | Deposits: 4 | Rate: 3.00 tags/min | phero_entries=4 max_w=0.750
======================================================================
R1[SEARCH    ]: carry=0 | base=1.71 | wall=2.03 | search=  4 | target=site(-1.51,-0.89)
R2[PHERO     ]: carry=0 | base=0.28 | wall=3.24 | search=  0 | target=phero(-1.51,-0.89)
R3[GIVE_UP   ]: carry=0 | base=0.25 | wall=3.29 | search=1404 | target=none
R4[BASE_ESC  ]: carry=0 | base=0.22 | wall=3.31 | search=  0 | target=site(-1.76,-1.31)
R5[RTB       ]: carry=1 | base=0.33 | wall=3.20 | search=  0 | target=none
R6[SITE      ]: carry=0 | base=0.67 | wall=3.03 | search=  0 | target=site(-1.27,-1.02)
R7[PHERO     ]: carry=0 | base=0.87 | wall=2.74 | search=  0 | target=phero(-1.51,-0.89)
R8[WALL_ESC  ]: carry=0 | base=3.93 | wall=0.35 | search=2188 | target=none

  [GIVE-UP] R3 returned empty after 1404 searching steps
  [TARGET] R3 → PHERO (-1.27, -1.02)
[PICKUP] R1 picked up tag (density=12) | Total: 6
[DEPOSIT] R5 deposited! Total: 5
  [PHERO] Laid at (-2.23, -0.99) density=16 prob=0.99 entries=5
  [TARGET] R5 → SITE (-2.23, -0.99)
[PICKUP] R7 picked up tag (density=11) | Total: 7
[PICKUP] R4 picked up tag (density=10) | Total: 8

======================================================================
Step 3000 (1.6 min) | Pickups: 8 | Deposits: 5 | Rate: 3.12 tags/min | phero_entries=5 max_w=0.229
======================================================================
R1[RTB       ]: carry=1 | base=1.11 | wall=2.51 | search=  0 | target=none
R2[SEARCH    ]: carry=0 | base=1.74 | wall=2.00 | search= 33 | target=phero(-1.51,-0.89)
R3[PHERO     ]: carry=0 | base=1.32 | wall=2.44 | search=  0 | target=phero(-1.27,-1.02)
R4[SURVEY    ]: carry=1 | base=1.70 | wall=2.13 | search=  0 | target=none
R5[SITE      ]: carry=0 | base=1.57 | wall=2.05 | search=  0 | target=site(-2.23,-0.99)
R6[SEARCH    ]: carry=0 | base=1.37 | wall=2.37 | search=261 | target=site(-1.27,-1.02)
R7[SURVEY    ]: carry=1 | base=1.81 | wall=1.93 | search=  0 | target=none
R8[SEARCH    ]: carry=0 | base=3.84 | wall=0.38 | search=2688 | target=none

[PICKUP] R2 picked up tag (density=9) | Total: 9
[DEPOSIT] R1 deposited! Total: 6
  [TARGET] R1 → SITE (-1.48, -0.88)
[PICKUP] R5 picked up tag (density=15) | Total: 10
[PICKUP] R3 picked up tag (density=8) | Total: 11

======================================================================
Step 3500 (1.9 min) | Pickups: 11 | Deposits: 6 | Rate: 3.21 tags/min | phero_entries=4 max_w=0.046
======================================================================
R1[SITE      ]: carry=0 | base=0.83 | wall=2.75 | search=  0 | target=site(-1.48,-0.88)
R2[RTB       ]: carry=1 | base=1.20 | wall=2.51 | search=  0 | target=none
R3[SURVEY    ]: carry=1 | base=1.87 | wall=1.89 | search=  0 | target=none
R4[RTB       ]: carry=1 | base=0.51 | wall=3.10 | search=  0 | target=none
R5[RTB       ]: carry=1 | base=2.35 | wall=1.37 | search=  0 | target=none
R6[SEARCH    ]: carry=0 | base=1.46 | wall=2.37 | search=761 | target=site(-1.27,-1.02)
R7[RTB       ]: carry=1 | base=0.58 | wall=3.00 | search=  0 | target=none
R8[WALL_ESC  ]: carry=0 | base=3.95 | wall=0.31 | search=3188 | target=none

[DEPOSIT] R4 deposited! Total: 7
  [TARGET] R4 → SITE (-1.37, -1.00)
[DEPOSIT] R7 deposited! Total: 8
  [TARGET] R7 → SITE (-1.55, -0.90)
[DEPOSIT] R2 deposited! Total: 9
  [TARGET] R2 → SITE (-1.53, -0.96)

======================================================================
Step 4000 (2.1 min) | Pickups: 11 | Deposits: 9 | Rate: 4.22 tags/min | phero_entries=4 max_w=0.009
======================================================================
R1[SEARCH    ]: carry=0 | base=1.29 | wall=2.36 | search=274 | target=site(-1.48,-0.88)
R2[SITE      ]: carry=0 | base=0.73 | wall=2.94 | search=  0 | target=site(-1.53,-0.96)
R3[RTB       ]: carry=1 | base=0.66 | wall=2.95 | search=  0 | target=none
R4[SITE      ]: carry=0 | base=1.40 | wall=2.39 | search=  0 | target=site(-1.37,-1.00)
R5[RTB       ]: carry=1 | base=0.54 | wall=3.01 | search=  0 | target=none
R6[SEARCH    ]: carry=0 | base=2.10 | wall=1.41 | search=1261 | target=site(-1.27,-1.02)
R7[SITE      ]: carry=0 | base=1.24 | wall=2.43 | search=  0 | target=site(-1.55,-0.90)
R8[SEARCH    ]: carry=0 | base=3.86 | wall=0.39 | search=3688 | target=none

[PICKUP] R6 picked up tag (density=16) | Total: 12
[DEPOSIT] R5 deposited! Total: 10
  [PHERO] Laid at (-2.20, -1.02) density=15 prob=0.98 entries=5
  [TARGET] R5 → SITE (-2.20, -1.02)
[DEPOSIT] R3 deposited! Total: 11
  [PHERO] Laid at (-1.60, -0.96) density=8 prob=0.46 entries=6
  [TARGET] R3 → SITE (-1.60, -0.96)
[PICKUP] R4 picked up tag (density=7) | Total: 13

======================================================================
Step 4500 (2.4 min) | Pickups: 13 | Deposits: 11 | Rate: 4.58 tags/min | phero_entries=4 max_w=0.288
======================================================================
R1[SEARCH    ]: carry=0 | base=0.61 | wall=3.04 | search=774 | target=site(-1.48,-0.88)
R2[SEARCH    ]: carry=0 | base=1.68 | wall=2.07 | search=217 | target=site(-1.53,-0.96)
R3[SITE      ]: carry=0 | base=1.06 | wall=2.65 | search=  0 | target=site(-1.60,-0.96)
R4[RTB       ]: carry=1 | base=1.24 | wall=2.52 | search=  0 | target=none
R5[SITE      ]: carry=0 | base=1.36 | wall=2.28 | search=  0 | target=site(-2.20,-1.02)
R6[RTB       ]: carry=1 | base=1.27 | wall=2.24 | search=  0 | target=none
R7[SEARCH    ]: carry=0 | base=1.09 | wall=2.59 | search=369 | target=site(-1.55,-0.90)
R8[SEARCH    ]: carry=0 | base=3.86 | wall=0.36 | search=4188 | target=none

[DEPOSIT] R4 deposited! Total: 12
  [PHERO] Laid at (-1.41, -1.04) density=7 prob=0.32 entries=3
  [TARGET] R4 → SITE (-1.41, -1.04)
[DEPOSIT] R6 deposited! Total: 13
  [PHERO] Laid at (0.17, 2.19) density=16 prob=0.99 entries=4
  [TARGET] R6 → SITE (0.17, 2.19)
[PICKUP] R3 picked up tag (density=6) | Total: 14

======================================================================
Step 5000 (2.7 min) | Pickups: 14 | Deposits: 13 | Rate: 4.88 tags/min | phero_entries=4 max_w=0.473
======================================================================
R1[GIVE_UP   ]: carry=0 | base=2.17 | wall=1.47 | search=1248 | target=none
R2[SEARCH    ]: carry=0 | base=1.69 | wall=2.03 | search=717 | target=site(-1.53,-0.96)
R3[SURVEY    ]: carry=1 | base=2.04 | wall=1.77 | search=  0 | target=none
R4[SITE      ]: carry=0 | base=0.69 | wall=2.90 | search=  0 | target=site(-1.41,-1.04)
R5[SEARCH    ]: carry=0 | base=2.19 | wall=1.50 | search=234 | target=site(-2.20,-1.02)
R6[SITE      ]: carry=0 | base=0.69 | wall=2.81 | search=  0 | target=site(0.17,2.19)
R7[SEARCH    ]: carry=0 | base=0.26 | wall=3.26 | search=869 | target=site(-1.55,-0.90)
R8[WALL_ESC  ]: carry=0 | base=3.95 | wall=0.33 | search=4688 | target=none

[PICKUP] R4 picked up tag (density=5) | Total: 15

======================================================================
Step 5500 (2.9 min) | Pickups: 15 | Deposits: 13 | Rate: 4.43 tags/min | phero_entries=4 max_w=0.095
======================================================================
R1[GIVE_UP   ]: carry=0 | base=0.45 | wall=3.07 | search=1248 | target=none
R2[SEARCH    ]: carry=0 | base=3.12 | wall=1.13 | search=1217 | target=site(-1.53,-0.96)
R3[RTB       ]: carry=1 | base=0.59 | wall=3.00 | search=  0 | target=none
R4[SURVEY    ]: carry=1 | base=1.75 | wall=2.11 | search=  0 | target=none
R5[SEARCH    ]: carry=0 | base=1.45 | wall=2.16 | search=734 | target=site(-2.20,-1.02)
R6[SEARCH    ]: carry=0 | base=2.17 | wall=1.33 | search=120 | target=site(0.17,2.19)
R7[SEARCH    ]: carry=0 | base=1.09 | wall=2.42 | search=1369 | target=site(-1.55,-0.90)
R8[SEARCH    ]: carry=0 | base=3.84 | wall=0.39 | search=5188 | target=none

  [GIVE-UP] R1 returned empty after 1248 searching steps
  [TARGET] R1 → PHERO (0.17, 2.19)
[DEPOSIT] R3 deposited! Total: 14
  [TARGET] R3 → SITE (-1.73, -1.08)
[DEPOSIT] R4 deposited! Total: 15
  [TARGET] R4 → SITE (-1.39, -1.06)

======================================================================
Step 6000 (3.2 min) | Pickups: 15 | Deposits: 15 | Rate: 4.69 tags/min | phero_entries=4 max_w=0.019
======================================================================
R1[PHERO     ]: carry=0 | base=0.83 | wall=2.71 | search=  0 | target=phero(0.17,2.19)
R2[GIVE_UP   ]: carry=0 | base=2.95 | wall=1.09 | search=1404 | target=none
R3[SITE      ]: carry=0 | base=1.36 | wall=2.32 | search=  0 | target=site(-1.73,-1.08)
R4[BASE_ESC  ]: carry=0 | base=0.22 | wall=3.31 | search=  0 | target=site(-1.39,-1.06)
R5[SEARCH    ]: carry=0 | base=2.87 | wall=1.24 | search=1234 | target=site(-2.20,-1.02)
R6[SEARCH    ]: carry=0 | base=2.56 | wall=1.49 | search=620 | target=site(0.17,2.19)
R7[SEARCH    ]: carry=0 | base=2.65 | wall=1.03 | search=1869 | target=site(-1.55,-0.90)
R8[WALL_ESC  ]: carry=0 | base=3.94 | wall=0.31 | search=5688 | target=none

[PICKUP] R3 picked up tag (density=4) | Total: 16
[PICKUP] R1 picked up tag (density=15) | Total: 17

======================================================================
Step 6500 (3.5 min) | Pickups: 17 | Deposits: 15 | Rate: 4.33 tags/min | phero_entries=2 max_w=0.004
======================================================================
R1[SURVEY    ]: carry=1 | base=2.20 | wall=1.30 | search=  0 | target=none
R2[GIVE_UP   ]: carry=0 | base=1.03 | wall=2.66 | search=1404 | target=none
R3[RTB       ]: carry=1 | base=1.79 | wall=2.03 | search=  0 | target=none
R4[SEARCH    ]: carry=0 | base=1.72 | wall=2.10 | search= 87 | target=site(-1.39,-1.06)
R5[SEARCH    ]: carry=0 | base=3.73 | wall=0.36 | search=1734 | target=site(-2.20,-1.02)
R6[SEARCH    ]: carry=0 | base=3.67 | wall=0.74 | search=1120 | target=site(0.17,2.19)
R7[SEARCH    ]: carry=0 | base=3.14 | wall=0.37 | search=2369 | target=site(-1.55,-0.90)
R8[SEARCH    ]: carry=0 | base=3.92 | wall=0.36 | search=6188 | target=none

[PICKUP] R4 picked up tag (density=3) | Total: 18
  [GIVE-UP] R2 returned empty after 1404 searching steps
  [TARGET] R2 → PHERO (0.17, 2.19)
[DEPOSIT] R3 deposited! Total: 16
  [TARGET] R3 → SITE (-1.67, -1.11)

======================================================================
Step 7000 (3.7 min) | Pickups: 18 | Deposits: 16 | Rate: 4.29 tags/min | phero_entries=0 max_w=0.000
======================================================================
R1[RTB       ]: carry=1 | base=0.81 | wall=2.69 | search=  0 | target=none
R2[PHERO     ]: carry=0 | base=0.74 | wall=2.77 | search=  0 | target=phero(0.17,2.19)
R3[BASE_ESC  ]: carry=0 | base=0.22 | wall=3.34 | search=  0 | target=site(-1.67,-1.11)
R4[RTB       ]: carry=1 | base=1.55 | wall=2.26 | search=  0 | target=none
R5[SEARCH    ]: carry=0 | base=3.68 | wall=0.40 | search=2234 | target=site(-2.20,-1.02)
R6[WALL_ESC  ]: carry=0 | base=3.59 | wall=0.33 | search=1620 | target=site(0.17,2.19)
R7[GIVE_UP   ]: carry=0 | base=2.63 | wall=1.03 | search=2652 | target=none
R8[SEARCH    ]: carry=0 | base=3.85 | wall=0.38 | search=6688 | target=none

[PICKUP] R7 picked up tag (density=16) | Total: 19
[DEPOSIT] R1 deposited! Total: 17
  [PHERO] Laid at (0.18, 2.19) density=15 prob=0.98 entries=1
  [TARGET] R1 → SITE (0.18, 2.19)
[DEPOSIT] R4 deposited! Total: 18
  [TARGET] R4 → SITE (-1.55, -1.11)
[PICKUP] R2 picked up tag (density=14) | Total: 20

======================================================================
Step 7500 (4.0 min) | Pickups: 20 | Deposits: 18 | Rate: 4.50 tags/min | phero_entries=1 max_w=0.323
======================================================================
R1[SITE      ]: carry=0 | base=1.14 | wall=2.36 | search=  0 | target=site(0.18,2.19)
R2[SURVEY    ]: carry=1 | base=2.20 | wall=1.31 | search=  0 | target=none
R3[SITE      ]: carry=0 | base=1.76 | wall=2.04 | search=  0 | target=site(-1.67,-1.11)
R4[SITE      ]: carry=0 | base=0.31 | wall=3.26 | search=  0 | target=site(-1.55,-1.11)
R5[WALL_ESC  ]: carry=0 | base=3.77 | wall=0.31 | search=2734 | target=site(-2.20,-1.02)
R6[GIVE_UP   ]: carry=0 | base=2.03 | wall=1.72 | search=1716 | target=none
R7[RTB       ]: carry=1 | base=2.03 | wall=1.56 | search=  0 | target=none
R8[WALL_ESC  ]: carry=0 | base=3.95 | wall=0.31 | search=7188 | target=none

  [GIVE-UP] R6 returned empty after 1716 searching steps
  [TARGET] R6 → PHERO (0.18, 2.19)
[DEPOSIT] R7 deposited! Total: 19
  [PHERO] Laid at (2.46, 0.89) density=16 prob=0.99 entries=2
  [TARGET] R7 → SITE (2.46, 0.89)

======================================================================
Step 8000 (4.3 min) | Pickups: 20 | Deposits: 19 | Rate: 4.45 tags/min | phero_entries=2 max_w=0.891
======================================================================
R1[SEARCH    ]: carry=0 | base=2.24 | wall=1.27 | search= 96 | target=site(0.18,2.19)
R2[RTB       ]: carry=1 | base=1.97 | wall=1.53 | search=  0 | target=none
R3[GIVE_UP   ]: carry=0 | base=0.93 | wall=2.68 | search=156 | target=none
R4[SEARCH    ]: carry=0 | base=1.88 | wall=1.95 | search= 91 | target=site(-1.55,-1.11)
R5[GIVE_UP   ]: carry=0 | base=3.08 | wall=0.89 | search=2964 | target=none
R6[BASE_ESC  ]: carry=0 | base=0.22 | wall=3.31 | search=  0 | target=phero(0.18,2.19)
R7[BASE_ESC  ]: carry=0 | base=0.22 | wall=3.29 | search=  0 | target=site(2.46,0.89)
R8[GIVE_UP   ]: carry=0 | base=3.39 | wall=0.74 | search=7488 | target=none

[PICKUP] R1 picked up tag (density=13) | Total: 21
  [GIVE-UP] R3 returned empty after 156 searching steps
  [TARGET] R3 → PHERO (2.46, 0.89)
[PICKUP] R7 picked up tag (density=16) | Total: 22
[DEPOSIT] R2 deposited! Total: 20
  [PHERO] Laid at (0.12, 2.19) density=14 prob=0.96 entries=3
  [TARGET] R2 → SITE (0.12, 2.19)

======================================================================
Step 8500 (4.5 min) | Pickups: 22 | Deposits: 20 | Rate: 4.41 tags/min | phero_entries=3 max_w=0.849
======================================================================
R1[RTB       ]: carry=1 | base=1.60 | wall=1.91 | search=  0 | target=none
R2[BASE_ESC  ]: carry=0 | base=0.22 | wall=3.28 | search=  0 | target=site(0.12,2.19)
R3[BASE_ESC  ]: carry=0 | base=0.25 | wall=3.29 | search=  0 | target=phero(2.46,0.89)
R4[SEARCH    ]: carry=0 | base=2.79 | wall=1.39 | search=591 | target=site(-1.55,-1.11)
R5[GIVE_UP   ]: carry=0 | base=1.16 | wall=2.52 | search=2964 | target=none
R6[WALL_ESC  ]: carry=0 | base=1.54 | wall=1.97 | search=  0 | target=phero(0.18,2.19)
R7[RTB       ]: carry=1 | base=0.98 | wall=2.59 | search=  0 | target=none
R8[GIVE_UP   ]: carry=0 | base=1.47 | wall=2.30 | search=7488 | target=none

[PICKUP] R8 picked up tag (density=15) | Total: 23
[DEPOSIT] R7 deposited! Total: 21
  [PHERO] Laid at (0.88, 0.39) density=16 prob=0.99 entries=4
  [TARGET] R7 → SITE (0.88, 0.39)
  [GIVE-UP] R5 returned empty after 2964 searching steps
  [TARGET] R5 → PHERO (0.88, 0.39)
[PICKUP] R3 picked up tag (density=14) | Total: 24
[DEPOSIT] R1 deposited! Total: 22
  [PHERO] Laid at (0.17, 2.26) density=13 prob=0.93 entries=5
  [TARGET] R1 → SITE (0.17, 2.26)

======================================================================
Step 9000 (4.8 min) | Pickups: 24 | Deposits: 22 | Rate: 4.58 tags/min | phero_entries=5 max_w=0.812
======================================================================
R1[BASE_ESC  ]: carry=0 | base=0.22 | wall=3.28 | search=  0 | target=site(0.17,2.26)
R2[SITE      ]: carry=0 | base=1.89 | wall=1.61 | search=  0 | target=site(0.12,2.19)
R3[RTB       ]: carry=1 | base=0.71 | wall=2.91 | search=  0 | target=none
R4[SEARCH    ]: carry=0 | base=3.71 | wall=0.36 | search=1091 | target=site(-1.55,-1.11)
R5[PHERO     ]: carry=0 | base=0.43 | wall=3.16 | search=  0 | target=phero(0.88,0.39)
R6[SEARCH    ]: carry=0 | base=2.10 | wall=1.43 | search=263 | target=phero(0.18,2.19)
R7[SITE      ]: carry=0 | base=0.80 | wall=2.75 | search=  0 | target=site(0.88,0.39)
R8[RTB       ]: carry=1 | base=0.79 | wall=2.82 | search=  0 | target=none

[PICKUP] R7 picked up tag (density=13) | Total: 25
[DEPOSIT] R3 deposited! Total: 23
  [PHERO] Laid at (0.56, 0.43) density=14 prob=0.96 entries=6
  [TARGET] R3 → SITE (0.56, 0.43)
[DEPOSIT] R8 deposited! Total: 24
  [PHERO] Laid at (1.05, 0.75) density=15 prob=0.98 entries=7
  [TARGET] R8 → SITE (1.05, 0.75)
[PICKUP] R2 picked up tag (density=12) | Total: 26
[PICKUP] R8 picked up tag (density=12) | Total: 27

======================================================================
Step 9500 (5.1 min) | Pickups: 27 | Deposits: 24 | Rate: 4.74 tags/min | phero_entries=6 max_w=0.350
======================================================================
R1[SITE      ]: carry=0 | base=1.97 | wall=1.53 | search=  0 | target=site(0.17,2.26)
R2[RTB       ]: carry=1 | base=2.14 | wall=1.37 | search=  0 | target=none
R3[SEARCH    ]: carry=0 | base=0.75 | wall=2.94 | search= 82 | target=site(0.56,0.43)
R4[SEARCH    ]: carry=0 | base=3.74 | wall=0.38 | search=1591 | target=site(-1.55,-1.11)
R5[GIVE_UP   ]: carry=0 | base=1.59 | wall=1.98 | search=312 | target=none
R6[SEARCH    ]: carry=0 | base=3.44 | wall=0.63 | search=763 | target=phero(0.18,2.19)
R7[RTB       ]: carry=1 | base=0.47 | wall=3.05 | search=  0 | target=none
R8[SURVEY    ]: carry=1 | base=0.82 | wall=2.78 | search=  0 | target=none

[DEPOSIT] R7 deposited! Total: 25
  [PHERO] Laid at (0.86, 0.39) density=13 prob=0.93 entries=7
  [TARGET] R7 → SITE (0.86, 0.39)
[PICKUP] R1 picked up tag (density=11) | Total: 28
[DEPOSIT] R8 deposited! Total: 26
  [PHERO] Laid at (0.71, 0.39) density=12 prob=0.88 entries=8
  [TARGET] R8 → SITE (0.71, 0.39)
  [GIVE-UP] R5 returned empty after 312 searching steps
  [TARGET] R5 → PHERO (1.05, 0.75)
[DEPOSIT] R2 deposited! Total: 27
  [PHERO] Laid at (0.14, 2.28) density=12 prob=0.88 entries=9
  [TARGET] R2 → SITE (0.14, 2.28)

======================================================================
Step 10000 (5.3 min) | Pickups: 28 | Deposits: 27 | Rate: 5.06 tags/min | phero_entries=9 max_w=0.987
======================================================================
R1[RTB       ]: carry=1 | base=1.65 | wall=1.87 | search=  0 | target=none
R2[BASE_ESC  ]: carry=0 | base=0.24 | wall=3.26 | search=  0 | target=site(0.14,2.28)
R3[SEARCH    ]: carry=0 | base=1.47 | wall=2.41 | search=582 | target=site(0.56,0.43)
R4[WALL_ESC  ]: carry=0 | base=3.77 | wall=0.34 | search=2091 | target=site(-1.55,-1.11)
R5[BASE_ESC  ]: carry=0 | base=0.22 | wall=3.30 | search=  0 | target=phero(1.05,0.75)
R6[SEARCH    ]: carry=0 | base=3.89 | wall=0.37 | search=1263 | target=phero(0.18,2.19)
R7[SEARCH    ]: carry=0 | base=0.91 | wall=2.68 | search= 83 | target=site(0.86,0.39)
R8[BASE_ESC  ]: carry=0 | base=0.25 | wall=3.25 | search=  0 | target=site(0.71,0.39)

[PICKUP] R5 picked up tag (density=11) | Total: 29
[PICKUP] R8 picked up tag (density=10) | Total: 30
[DEPOSIT] R1 deposited! Total: 28
  [PHERO] Laid at (0.19, 2.27) density=11 prob=0.80 entries=9
  [TARGET] R1 → SITE (0.19, 2.27)
[PICKUP] R3 picked up tag (density=16) | Total: 31

======================================================================
Step 10500 (5.6 min) | Pickups: 31 | Deposits: 28 | Rate: 5.00 tags/min | phero_entries=9 max_w=0.686
======================================================================
R1[SITE      ]: carry=0 | base=0.27 | wall=3.25 | search=  0 | target=site(0.19,2.27)
R2[SITE      ]: carry=0 | base=1.65 | wall=1.86 | search=  0 | target=site(0.14,2.28)
R3[SURVEY    ]: carry=1 | base=2.63 | wall=1.11 | search=  0 | target=none
R4[GIVE_UP   ]: carry=0 | base=2.89 | wall=1.03 | search=2340 | target=none
R5[RTB       ]: carry=1 | base=0.69 | wall=2.90 | search=  0 | target=none
R6[SEARCH    ]: carry=0 | base=3.83 | wall=0.40 | search=1763 | target=phero(0.18,2.19)
R7[SEARCH    ]: carry=0 | base=1.97 | wall=1.53 | search=583 | target=site(0.86,0.39)
R8[SURVEY    ]: carry=1 | base=0.88 | wall=2.76 | search=  0 | target=none

[DEPOSIT] R5 deposited! Total: 29
  [PHERO] Laid at (0.63, 0.47) density=11 prob=0.80 entries=9
  [TARGET] R5 → SITE (0.63, 0.47)
[PICKUP] R2 picked up tag (density=10) | Total: 32
[DEPOSIT] R8 deposited! Total: 30
  [PHERO] Laid at (0.75, 0.46) density=10 prob=0.71 entries=10
  [TARGET] R8 → SITE (0.75, 0.46)

======================================================================
Step 11000 (5.9 min) | Pickups: 32 | Deposits: 30 | Rate: 5.11 tags/min | phero_entries=9 max_w=0.460
======================================================================
R1[SITE      ]: carry=0 | base=2.14 | wall=1.37 | search=  0 | target=site(0.19,2.27)
R2[RTB       ]: carry=1 | base=2.21 | wall=1.30 | search=  0 | target=none
R3[RTB       ]: carry=1 | base=1.36 | wall=2.25 | search=  0 | target=none
R4[GIVE_UP   ]: carry=0 | base=0.97 | wall=2.67 | search=2340 | target=none
R5[SEARCH    ]: carry=0 | base=0.81 | wall=2.80 | search=113 | target=site(0.63,0.47)
R6[WALL_ESC  ]: carry=0 | base=3.93 | wall=0.31 | search=2263 | target=phero(0.18,2.19)
R7[SEARCH    ]: carry=0 | base=3.16 | wall=0.37 | search=1083 | target=site(0.86,0.39)
R8[SITE      ]: carry=0 | base=0.72 | wall=2.89 | search=  0 | target=site(0.75,0.46)

[PICKUP] R8 picked up tag (density=9) | Total: 33
[PICKUP] R5 picked up tag (density=8) | Total: 34
  [GIVE-UP] R4 returned empty after 2340 searching steps
  [TARGET] R4 → PHERO (0.63, 0.47)
[DEPOSIT] R3 deposited! Total: 31
  [PHERO] Laid at (-1.10, 2.39) density=16 prob=0.99 entries=9
  [TARGET] R3 → SITE (-1.10, 2.39)
[PICKUP] R1 picked up tag (density=9) | Total: 35

======================================================================
Step 11500 (6.1 min) | Pickups: 35 | Deposits: 31 | Rate: 5.05 tags/min | phero_entries=7 max_w=0.509
======================================================================
R1[SURVEY    ]: carry=1 | base=2.41 | wall=1.11 | search=  0 | target=none
R2[RTB       ]: carry=1 | base=1.18 | wall=2.32 | search=  0 | target=none
R3[SITE      ]: carry=0 | base=0.60 | wall=3.00 | search=  0 | target=site(-1.10,2.39)
R4[PHERO     ]: carry=0 | base=0.26 | wall=3.25 | search=  0 | target=phero(0.63,0.47)
R5[RTB       ]: carry=1 | base=0.80 | wall=2.78 | search=  0 | target=none
R6[WALL_ESC  ]: carry=0 | base=3.92 | wall=0.35 | search=2763 | target=phero(0.18,2.19)
R7[SEARCH    ]: carry=0 | base=3.16 | wall=0.37 | search=1583 | target=site(0.86,0.39)
R8[RTB       ]: carry=1 | base=0.32 | wall=3.22 | search=  0 | target=none

[DEPOSIT] R8 deposited! Total: 32
  [TARGET] R8 → SITE (0.73, 0.49)
[DEPOSIT] R5 deposited! Total: 33
  [TARGET] R5 → SITE (0.79, 0.52)
[DEPOSIT] R2 deposited! Total: 34
  [TARGET] R2 → SITE (0.12, 2.26)
[PICKUP] R5 picked up tag (density=7) | Total: 36

======================================================================
Step 12000 (6.4 min) | Pickups: 36 | Deposits: 34 | Rate: 5.31 tags/min | phero_entries=6 max_w=0.103
======================================================================
R1[RTB       ]: carry=1 | base=1.32 | wall=2.20 | search=  0 | target=none
R2[SITE      ]: carry=0 | base=0.77 | wall=2.73 | search=  0 | target=site(0.12,2.26)
R3[SITE      ]: carry=0 | base=2.51 | wall=1.22 | search=  0 | target=site(-1.10,2.39)
R4[SEARCH    ]: carry=0 | base=0.75 | wall=2.88 | search= 73 | target=phero(0.63,0.47)
R5[SURVEY    ]: carry=1 | base=0.95 | wall=2.72 | search=  0 | target=none
R6[GIVE_UP   ]: carry=0 | base=3.68 | wall=0.50 | search=3120 | target=none
R7[GIVE_UP   ]: carry=0 | base=2.04 | wall=1.47 | search=1716 | target=none
R8[SEARCH    ]: carry=0 | base=0.92 | wall=2.67 | search=194 | target=site(0.73,0.49)

[PICKUP] R8 picked up tag (density=6) | Total: 37
[PICKUP] R3 picked up tag (density=15) | Total: 38
  [GIVE-UP] R4 returned empty after 156 searching steps
  [TARGET] R4 → PHERO (-1.10, 2.39)
[DEPOSIT] R1 deposited! Total: 35
  [PHERO] Laid at (0.33, 2.39) density=9 prob=0.59 entries=5
  [TARGET] R1 → SITE (0.33, 2.39)
[DEPOSIT] R5 deposited! Total: 36
  [PHERO] Laid at (0.78, 0.54) density=7 prob=0.32 entries=6
  [TARGET] R5 → SITE (0.78, 0.54)
  [GIVE-UP] R7 returned empty after 1716 searching steps
  [TARGET] R7 → PHERO (0.78, 0.54)

======================================================================
Step 12500 (6.7 min) | Pickups: 38 | Deposits: 36 | Rate: 5.40 tags/min | phero_entries=6 max_w=0.810
======================================================================
R1[SITE      ]: carry=0 | base=0.64 | wall=2.86 | search=  0 | target=site(0.33,2.39)
R2[SEARCH    ]: carry=0 | base=2.20 | wall=1.31 | search=123 | target=site(0.12,2.26)
R3[RTB       ]: carry=1 | base=1.71 | wall=1.92 | search=  0 | target=none
R4[PHERO     ]: carry=0 | base=0.34 | wall=3.25 | search=  0 | target=phero(-1.10,2.39)
R5[BASE_ESC  ]: carry=0 | base=0.22 | wall=3.30 | search=  0 | target=site(0.78,0.54)
R6[GIVE_UP   ]: carry=0 | base=1.76 | wall=2.07 | search=3120 | target=none
R7[BASE_ESC  ]: carry=0 | base=0.22 | wall=3.28 | search=  0 | target=phero(0.78,0.54)
R8[RTB       ]: carry=1 | base=0.45 | wall=3.09 | search=  0 | target=none

[DEPOSIT] R8 deposited! Total: 37
  [PHERO] Laid at (0.91, 0.54) density=6 prob=0.21 entries=6
  [TARGET] R8 → SITE (0.91, 0.54)
[PICKUP] R6 picked up tag (density=5) | Total: 39
[PICKUP] R2 picked up tag (density=8) | Total: 40
[PICKUP] R5 picked up tag (density=4) | Total: 41
[PICKUP] R7 picked up tag (density=3) | Total: 42
[DEPOSIT] R3 deposited! Total: 38
  [PHERO] Laid at (-1.06, 2.39) density=15 prob=0.98 entries=6
  [TARGET] R3 → SITE (-1.06, 2.39)

======================================================================
Step 13000 (6.9 min) | Pickups: 42 | Deposits: 38 | Rate: 5.48 tags/min | phero_entries=5 max_w=0.681
======================================================================
R1[SEARCH    ]: carry=0 | base=2.35 | wall=1.17 | search= 25 | target=site(0.33,2.39)
R2[RTB       ]: carry=1 | base=2.43 | wall=1.10 | search=  0 | target=none
R3[SITE      ]: carry=0 | base=0.27 | wall=3.28 | search=  0 | target=site(-1.06,2.39)
R4[PHERO     ]: carry=0 | base=2.01 | wall=1.64 | search=  0 | target=phero(-1.10,2.39)
R5[RTB       ]: carry=1 | base=1.00 | wall=2.71 | search=  0 | target=none
R6[RTB       ]: carry=1 | base=0.94 | wall=2.79 | search=  0 | target=none
R7[SURVEY    ]: carry=1 | base=0.93 | wall=2.76 | search=  0 | target=none
R8[SEARCH    ]: carry=0 | base=1.06 | wall=2.61 | search= 88 | target=site(0.91,0.54)

[DEPOSIT] R6 deposited! Total: 39
  [TARGET] R6 → SITE (0.65, 0.91)
[DEPOSIT] R5 deposited! Total: 40
  [TARGET] R5 → SITE (0.77, 0.55)
  [GIVE-UP] R8 returned empty after 312 searching steps
  [TARGET] R8 → PHERO (0.91, 0.54)
[DEPOSIT] R7 deposited! Total: 41
  [TARGET] R7 → SITE (0.74, 0.56)

======================================================================
Step 13500 (7.2 min) | Pickups: 42 | Deposits: 41 | Rate: 5.69 tags/min | phero_entries=4 max_w=0.138
======================================================================
R1[SEARCH    ]: carry=0 | base=1.14 | wall=2.38 | search=525 | target=site(0.33,2.39)
R2[RTB       ]: carry=1 | base=0.58 | wall=2.93 | search=  0 | target=none
R3[SITE      ]: carry=0 | base=2.16 | wall=1.53 | search=  0 | target=site(-1.06,2.39)
R4[GIVE_UP   ]: carry=0 | base=1.88 | wall=1.85 | search=312 | target=none
R5[SITE      ]: carry=0 | base=0.41 | wall=3.19 | search=  0 | target=site(0.77,0.55)
R6[SITE      ]: carry=0 | base=0.84 | wall=2.83 | search=  0 | target=site(0.65,0.91)
R7[BASE_ESC  ]: carry=0 | base=0.23 | wall=3.33 | search=  0 | target=site(0.74,0.56)
R8[PHERO     ]: carry=0 | base=0.28 | wall=3.25 | search=  0 | target=phero(0.91,0.54)

[DEPOSIT] R2 deposited! Total: 42
  [PHERO] Laid at (0.28, 2.43) density=8 prob=0.46 entries=5
  [TARGET] R2 → SITE (0.28, 2.43)
[PICKUP] R3 picked up tag (density=14) | Total: 43
  [GIVE-UP] R4 returned empty after 312 searching steps
  [TARGET] R4 → PHERO (0.28, 2.43)

======================================================================
Step 14000 (7.5 min) | Pickups: 43 | Deposits: 42 | Rate: 5.62 tags/min | phero_entries=5 max_w=0.267
======================================================================
R1[SEARCH    ]: carry=0 | base=1.29 | wall=2.21 | search=1025 | target=site(0.33,2.39)
R2[SITE      ]: carry=0 | base=1.37 | wall=2.14 | search=  0 | target=site(0.28,2.43)
R3[SURVEY    ]: carry=1 | base=2.56 | wall=1.09 | search=  0 | target=none
R4[BASE_ESC  ]: carry=0 | base=0.22 | wall=3.32 | search=  0 | target=phero(0.28,2.43)
R5[GIVE_UP   ]: carry=0 | base=0.68 | wall=2.95 | search=156 | target=none
R6[SEARCH    ]: carry=0 | base=1.67 | wall=1.84 | search=440 | target=site(0.65,0.91)
R7[SEARCH    ]: carry=0 | base=0.80 | wall=2.86 | search=190 | target=site(0.74,0.56)
R8[SEARCH    ]: carry=0 | base=1.61 | wall=2.18 | search=310 | target=phero(0.91,0.54)

  [GIVE-UP] R5 returned empty after 156 searching steps
  [TARGET] R5 → PHERO (0.28, 2.43)

======================================================================
Step 14500 (7.7 min) | Pickups: 43 | Deposits: 42 | Rate: 5.43 tags/min | phero_entries=4 max_w=0.054
======================================================================
R1[SEARCH    ]: carry=0 | base=3.02 | wall=0.51 | search=1525 | target=site(0.33,2.39)
R2[SEARCH    ]: carry=0 | base=2.29 | wall=1.23 | search=233 | target=site(0.28,2.43)
R3[RTB       ]: carry=1 | base=1.08 | wall=2.48 | search=  0 | target=none
R4[PHERO     ]: carry=0 | base=1.80 | wall=1.71 | search=  0 | target=phero(0.28,2.43)
R5[PHERO     ]: carry=0 | base=1.27 | wall=2.25 | search=  0 | target=phero(0.28,2.43)
R6[SEARCH    ]: carry=0 | base=2.90 | wall=1.25 | search=940 | target=site(0.65,0.91)
R7[SEARCH    ]: carry=0 | base=1.69 | wall=2.12 | search=690 | target=site(0.74,0.56)
R8[SEARCH    ]: carry=0 | base=3.04 | wall=0.54 | search=810 | target=phero(0.91,0.54)

[DEPOSIT] R3 deposited! Total: 43
  [PHERO] Laid at (-0.87, 2.41) density=14 prob=0.96 entries=4
  [TARGET] R3 → SITE (-0.87, 2.41)

======================================================================
Step 15000 (8.0 min) | Pickups: 43 | Deposits: 43 | Rate: 5.38 tags/min | phero_entries=3 max_w=0.403
======================================================================
R1[GIVE_UP   ]: carry=0 | base=1.82 | wall=1.69 | search=1560 | target=none
R2[GIVE_UP   ]: carry=0 | base=2.01 | wall=1.68 | search=468 | target=none
R3[SITE      ]: carry=0 | base=0.88 | wall=2.70 | search=  0 | target=site(-0.87,2.41)
R4[GIVE_UP   ]: carry=0 | base=1.64 | wall=1.86 | search=156 | target=none
R5[SEARCH    ]: carry=0 | base=2.29 | wall=1.22 | search=206 | target=phero(0.28,2.43)
R6[SEARCH    ]: carry=0 | base=4.10 | wall=0.36 | search=1440 | target=site(0.65,0.91)
R7[SEARCH    ]: carry=0 | base=3.21 | wall=1.19 | search=1190 | target=site(0.74,0.56)
R8[GIVE_UP   ]: carry=0 | base=3.06 | wall=0.46 | search=1248 | target=none

[PICKUP] R8 picked up tag (density=7) | Total: 44
  [GIVE-UP] R4 returned empty after 156 searching steps
  [TARGET] R4 → PHERO (-0.87, 2.41)
  [GIVE-UP] R1 returned empty after 1560 searching steps
  [TARGET] R1 → PHERO (-0.87, 2.41)
  [GIVE-UP] R2 returned empty after 468 searching steps
  [TARGET] R2 → PHERO (-0.87, 2.41)

======================================================================
Step 15500 (8.3 min) | Pickups: 44 | Deposits: 43 | Rate: 5.20 tags/min | phero_entries=2 max_w=0.081
======================================================================
R1[BASE_ESC  ]: carry=0 | base=0.23 | wall=3.28 | search=  0 | target=phero(-0.87,2.41)
R2[BASE_ESC  ]: carry=0 | base=0.23 | wall=3.29 | search=  0 | target=phero(-0.87,2.41)
R3[SEARCH    ]: carry=0 | base=2.54 | wall=1.12 | search= 74 | target=site(-0.87,2.41)
R4[BASE_ESC  ]: carry=0 | base=0.23 | wall=3.27 | search=  0 | target=phero(-0.87,2.41)
R5[SEARCH    ]: carry=0 | base=3.10 | wall=1.10 | search=706 | target=phero(0.28,2.43)
R6[WALL_ESC  ]: carry=0 | base=4.24 | wall=0.34 | search=1940 | target=site(0.65,0.91)
R7[WALL_ESC  ]: carry=0 | base=3.77 | wall=0.33 | search=1690 | target=site(0.74,0.56)
R8[RTB       ]: carry=1 | base=2.09 | wall=1.44 | search=  0 | target=none

[DEPOSIT] R8 deposited! Total: 44
  [PHERO] Laid at (0.36, 2.63) density=7 prob=0.32 entries=2
  [TARGET] R8 → SITE (0.36, 2.63)

======================================================================
Step 16000 (8.5 min) | Pickups: 44 | Deposits: 44 | Rate: 5.16 tags/min | phero_entries=2 max_w=0.941
======================================================================
R1[PHERO     ]: carry=0 | base=1.72 | wall=1.85 | search=  0 | target=phero(-0.87,2.41)
R2[PHERO     ]: carry=0 | base=1.82 | wall=1.77 | search=  0 | target=phero(-0.87,2.41)
R3[WALL_ESC  ]: carry=0 | base=3.20 | wall=0.33 | search=574 | target=site(-0.87,2.41)
R4[PHERO     ]: carry=0 | base=2.01 | wall=1.59 | search=  0 | target=phero(-0.87,2.41)
R5[SEARCH    ]: carry=0 | base=3.98 | wall=0.40 | search=1206 | target=phero(0.28,2.43)
R6[SEARCH    ]: carry=0 | base=4.14 | wall=0.39 | search=2440 | target=site(0.65,0.91)
R7[WALL_ESC  ]: carry=0 | base=3.89 | wall=0.32 | search=2184 | target=none
R8[BASE_ESC  ]: carry=0 | base=0.23 | wall=3.28 | search=  0 | target=site(0.36,2.63)


======================================================================
Step 16500 (8.8 min) | Pickups: 44 | Deposits: 44 | Rate: 5.00 tags/min | phero_entries=2 max_w=0.190
======================================================================
R1[SEARCH    ]: carry=0 | base=2.46 | wall=1.22 | search=185 | target=phero(-0.87,2.41)
R2[SEARCH    ]: carry=0 | base=2.47 | wall=1.12 | search=313 | target=phero(-0.87,2.41)
R3[GIVE_UP   ]: carry=0 | base=1.45 | wall=2.06 | search=624 | target=none
R4[SEARCH    ]: carry=0 | base=2.58 | wall=0.97 | search=371 | target=phero(-0.87,2.41)
R5[WALL_ESC  ]: carry=0 | base=4.10 | wall=0.31 | search=1706 | target=phero(0.28,2.43)
R6[GIVE_UP   ]: carry=0 | base=3.22 | wall=1.07 | search=2652 | target=none
R7[GIVE_UP   ]: carry=0 | base=2.18 | wall=1.70 | search=2184 | target=none
R8[SITE      ]: carry=0 | base=1.77 | wall=1.76 | search=  0 | target=site(0.36,2.63)

[PICKUP] R4 picked up tag (density=6) | Total: 45
  [GIVE-UP] R3 returned empty after 624 searching steps
  [TARGET] R3 → PHERO (0.36, 2.63)
[PICKUP] R8 picked up tag (density=5) | Total: 46

======================================================================
Step 17000 (9.1 min) | Pickups: 46 | Deposits: 44 | Rate: 4.85 tags/min | phero_entries=1 max_w=0.038
======================================================================
R1[SEARCH    ]: carry=0 | base=1.45 | wall=2.15 | search=685 | target=phero(-0.87,2.41)
R2[SEARCH    ]: carry=0 | base=3.15 | wall=0.36 | search=813 | target=phero(-0.87,2.41)
R3[PHERO     ]: carry=0 | base=0.53 | wall=2.98 | search=  0 | target=phero(0.36,2.63)
R4[RTB       ]: carry=1 | base=1.80 | wall=1.70 | search=  0 | target=none
R5[GIVE_UP   ]: carry=0 | base=3.42 | wall=0.83 | search=2028 | target=none
R6[GIVE_UP   ]: carry=0 | base=1.30 | wall=2.52 | search=2652 | target=none
R7[GIVE_UP   ]: carry=0 | base=0.26 | wall=3.28 | search=2184 | target=none
R8[SURVEY    ]: carry=1 | base=2.63 | wall=0.89 | search=  0 | target=none

  [GIVE-UP] R7 returned empty after 2184 searching steps
  [TARGET] R7 → PHERO (0.36, 2.63)
  [GIVE-UP] R6 returned empty after 2652 searching steps
  [TARGET] R6 → PHERO (0.36, 2.63)
[DEPOSIT] R4 deposited! Total: 45
  [TARGET] R4 → SITE (-0.15, 2.51)

======================================================================
Step 17500 (9.3 min) | Pickups: 46 | Deposits: 45 | Rate: 4.82 tags/min | phero_entries=1 max_w=0.008
======================================================================
R1[GIVE_UP   ]: carry=0 | base=0.71 | wall=2.87 | search=936 | target=none
R2[SEARCH    ]: carry=0 | base=3.16 | wall=0.35 | search=1313 | target=phero(-0.87,2.41)
R3[PHERO     ]: carry=0 | base=2.11 | wall=1.41 | search=  0 | target=phero(0.36,2.63)
R4[BASE_ESC  ]: carry=0 | base=0.23 | wall=3.28 | search=  0 | target=site(-0.15,2.51)
R5[GIVE_UP   ]: carry=0 | base=1.50 | wall=2.33 | search=2028 | target=none
R6[PHERO     ]: carry=0 | base=0.64 | wall=2.86 | search=  0 | target=phero(0.36,2.63)
R7[PHERO     ]: carry=0 | base=0.94 | wall=2.61 | search=  0 | target=phero(0.36,2.63)
R8[RTB       ]: carry=1 | base=1.45 | wall=2.06 | search=  0 | target=none

[PICKUP] R5 picked up tag (density=2) | Total: 47
  [GIVE-UP] R1 returned empty after 936 searching steps
  [TARGET] R1 → PHERO (0.36, 2.63)
[DEPOSIT] R8 deposited! Total: 46
  [TARGET] R8 → PHERO (0.36, 2.63)
[PICKUP] R2 picked up tag (density=4) | Total: 48

======================================================================
Step 18000 (9.6 min) | Pickups: 48 | Deposits: 46 | Rate: 4.79 tags/min | phero_entries=1 max_w=0.002
======================================================================
R1[PHERO     ]: carry=0 | base=0.95 | wall=2.62 | search=  0 | target=phero(0.36,2.63)
R2[SURVEY    ]: carry=1 | base=2.63 | wall=0.87 | search=  0 | target=none
R3[GIVE_UP   ]: carry=0 | base=1.85 | wall=1.68 | search=312 | target=none
R4[SITE      ]: carry=0 | base=2.07 | wall=1.44 | search=  0 | target=site(-0.15,2.51)
R5[RTB       ]: carry=1 | base=0.70 | wall=2.99 | search=  0 | target=none
R6[PHERO     ]: carry=0 | base=2.51 | wall=1.01 | search=  0 | target=phero(0.36,2.63)
R7[SEARCH    ]: carry=0 | base=2.69 | wall=0.84 | search= 51 | target=phero(0.36,2.63)
R8[PHERO     ]: carry=0 | base=0.51 | wall=3.01 | search=  0 | target=phero(0.36,2.63)

[PICKUP] R4 picked up tag (density=3) | Total: 49
[DEPOSIT] R5 deposited! Total: 47
  [TARGET] R5 → PHERO (0.36, 2.63)
[PICKUP] R7 picked up tag (density=2) | Total: 50

======================================================================
Step 18500 (9.9 min) | Pickups: 50 | Deposits: 47 | Rate: 4.76 tags/min | phero_entries=0 max_w=0.000
======================================================================
R1[SEARCH    ]: carry=0 | base=2.65 | wall=0.88 | search= 58 | target=phero(0.36,2.63)
R2[RTB       ]: carry=1 | base=1.53 | wall=1.97 | search=  0 | target=none
R3[GIVE_UP   ]: carry=0 | base=0.63 | wall=2.88 | search=312 | target=none
R4[RTB       ]: carry=1 | base=1.64 | wall=1.86 | search=  0 | target=none
R5[PHERO     ]: carry=0 | base=1.07 | wall=2.48 | search=  0 | target=phero(0.36,2.63)
R6[SEARCH    ]: carry=0 | base=1.95 | wall=1.73 | search=476 | target=phero(0.36,2.63)
R7[RTB       ]: carry=1 | base=2.43 | wall=1.07 | search=  0 | target=none
R8[PHERO     ]: carry=0 | base=1.67 | wall=1.86 | search=  0 | target=phero(0.36,2.63)

  [GIVE-UP] R3 returned empty after 312 searching steps
  [TARGET] R3 → WALL (-3.42, -0.78)
[PICKUP] R6 picked up tag (density=1) | Total: 51
[DEPOSIT] R2 deposited! Total: 48
  [TARGET] R2 → SITE (-0.14, 2.63)
[DEPOSIT] R4 deposited! Total: 49
  [TARGET] R4 → SITE (-0.15, 2.37)

======================================================================
Step 19000 (10.1 min) | Pickups: 51 | Deposits: 49 | Rate: 4.84 tags/min | phero_entries=0 max_w=0.000
======================================================================
R1[GIVE_UP   ]: carry=0 | base=1.79 | wall=1.72 | search=156 | target=none
R2[SITE      ]: carry=0 | base=0.39 | wall=3.13 | search=  0 | target=site(-0.14,2.63)
R3[SEARCH    ]: carry=0 | base=0.98 | wall=2.53 | search=138 | target=none
R4[SITE      ]: carry=0 | base=0.30 | wall=3.21 | search=  0 | target=site(-0.15,2.37)
R5[SEARCH    ]: carry=0 | base=2.69 | wall=0.83 | search= 92 | target=phero(0.36,2.63)
R6[RTB       ]: carry=1 | base=1.28 | wall=2.54 | search=  0 | target=none
R7[RTB       ]: carry=1 | base=0.51 | wall=2.99 | search=  0 | target=none
R8[SEARCH    ]: carry=0 | base=2.79 | wall=0.74 | search=196 | target=phero(0.36,2.63)

[PICKUP] R5 picked up tag (density=1) | Total: 52
[DEPOSIT] R7 deposited! Total: 50
  [TARGET] R7 → SITE (0.06, 2.71)
[DEPOSIT] R6 deposited! Total: 51
  [TARGET] R6 → WALL (-2.17, -3.42)
  [GIVE-UP] R1 returned empty after 156 searching steps
  [TARGET] R1 → WALL (-1.37, -3.42)

======================================================================
Step 19500 (10.4 min) | Pickups: 52 | Deposits: 51 | Rate: 4.90 tags/min | phero_entries=0 max_w=0.000
======================================================================
R1[BASE_ESC  ]: carry=0 | base=0.22 | wall=3.28 | search=  0 | target=none
R2[SITE      ]: carry=0 | base=2.29 | wall=1.21 | search=  0 | target=site(-0.14,2.63)
R3[SEARCH    ]: carry=0 | base=2.58 | wall=0.92 | search=638 | target=none
R4[SITE      ]: carry=0 | base=2.15 | wall=1.35 | search=  0 | target=site(-0.15,2.37)
R5[RTB       ]: carry=1 | base=1.95 | wall=1.55 | search=  0 | target=none
R6[DEPART    ]: carry=0 | base=0.27 | wall=3.23 | search=  0 | target=none
R7[SITE      ]: carry=0 | base=1.17 | wall=2.33 | search=  0 | target=site(0.06,2.71)
R8[SEARCH    ]: carry=0 | base=3.26 | wall=0.35 | search=696 | target=phero(0.36,2.63)

[DEPOSIT] R5 deposited! Total: 52
  [TARGET] R5 → SITE (0.16, 2.61)

======================================================================
Step 20000 (10.7 min) | Pickups: 52 | Deposits: 52 | Rate: 4.88 tags/min | phero_entries=0 max_w=0.000
======================================================================
R1[SEARCH    ]: carry=0 | base=0.99 | wall=2.67 | search= 97 | target=none
R2[GIVE_UP   ]: carry=0 | base=2.92 | wall=0.58 | search=312 | target=none
R3[GIVE_UP   ]: carry=0 | base=3.20 | wall=0.63 | search=1092 | target=none
R4[SEARCH    ]: carry=0 | base=2.43 | wall=1.45 | search=455 | target=site(-0.15,2.37)
R5[BASE_ESC  ]: carry=0 | base=0.22 | wall=3.28 | search=  0 | target=site(0.16,2.61)
R6[SEARCH    ]: carry=0 | base=1.35 | wall=2.36 | search=389 | target=none
R7[SEARCH    ]: carry=0 | base=2.71 | wall=0.79 | search=104 | target=site(0.06,2.71)
R8[WALL_ESC  ]: carry=0 | base=3.28 | wall=0.34 | search=1196 | target=phero(0.36,2.63)

[PICKUP] R3 picked up tag (density=14) | Total: 53

======================================================================
Step 20500 (10.9 min) | Pickups: 53 | Deposits: 52 | Rate: 4.76 tags/min | phero_entries=0 max_w=0.000
======================================================================
R1[SEARCH    ]: carry=0 | base=2.66 | wall=1.02 | search=597 | target=none
R2[GIVE_UP   ]: carry=0 | base=1.02 | wall=2.48 | search=312 | target=none
R3[RTB       ]: carry=1 | base=2.06 | wall=1.68 | search=  0 | target=none
R4[SEARCH    ]: carry=0 | base=1.22 | wall=2.37 | search=955 | target=site(-0.15,2.37)
R5[SITE      ]: carry=0 | base=1.88 | wall=1.62 | search=  0 | target=site(0.16,2.61)
R6[SEARCH    ]: carry=0 | base=2.25 | wall=1.29 | search=889 | target=none
R7[SEARCH    ]: carry=0 | base=1.56 | wall=2.22 | search=604 | target=site(0.06,2.71)
R8[WALL_ESC  ]: carry=0 | base=3.29 | wall=0.33 | search=1696 | target=phero(0.36,2.63)

[PICKUP] R1 picked up tag (density=16) | Total: 54
  [GIVE-UP] R2 returned empty after 312 searching steps
  [TARGET] R2 → WALL (2.73, 3.42)
[DEPOSIT] R3 deposited! Total: 53
  [PHERO] Laid at (-2.59, -1.33) density=14 prob=0.96 entries=1
  [TARGET] R3 → SITE (-2.59, -1.33)

======================================================================
Step 21000 (11.2 min) | Pickups: 54 | Deposits: 53 | Rate: 4.73 tags/min | phero_entries=1 max_w=0.911
======================================================================
R1[RTB       ]: carry=1 | base=1.75 | wall=1.85 | search=  0 | target=none
R2[SEARCH    ]: carry=0 | base=0.93 | wall=2.70 | search= 32 | target=none
R3[BASE_ESC  ]: carry=0 | base=0.22 | wall=3.31 | search=  0 | target=site(-2.59,-1.33)
R4[SEARCH    ]: carry=0 | base=0.96 | wall=2.61 | search=1455 | target=site(-0.15,2.37)
R5[SEARCH    ]: carry=0 | base=2.07 | wall=1.45 | search=322 | target=site(0.16,2.61)
R6[SEARCH    ]: carry=0 | base=1.65 | wall=2.06 | search=1389 | target=none
R7[SEARCH    ]: carry=0 | base=2.42 | wall=1.10 | search=1104 | target=site(0.06,2.71)
R8[WALL_ESC  ]: carry=0 | base=3.29 | wall=0.33 | search=2196 | target=phero(0.36,2.63)

[DEPOSIT] R1 deposited! Total: 54
  [PHERO] Laid at (-0.97, -2.48) density=16 prob=0.99 entries=2
  [TARGET] R1 → SITE (-0.97, -2.48)

======================================================================
Step 21500 (11.5 min) | Pickups: 54 | Deposits: 54 | Rate: 4.71 tags/min | phero_entries=2 max_w=0.706
======================================================================
R1[SITE      ]: carry=0 | base=0.25 | wall=3.29 | search=  0 | target=site(-0.97,-2.48)
R2[SEARCH    ]: carry=0 | base=2.55 | wall=1.23 | search=532 | target=none
R3[SITE      ]: carry=0 | base=1.80 | wall=1.92 | search=  0 | target=site(-2.59,-1.33)
R4[SEARCH    ]: carry=0 | base=2.54 | wall=0.96 | search=1955 | target=site(-0.15,2.37)
R5[SEARCH    ]: carry=0 | base=0.90 | wall=2.69 | search=822 | target=site(0.16,2.61)
R6[GIVE_UP   ]: carry=0 | base=0.49 | wall=3.10 | search=1560 | target=none
R7[WALL_ESC  ]: carry=0 | base=3.17 | wall=0.34 | search=1604 | target=site(0.06,2.71)
R8[WALL_ESC  ]: carry=0 | base=3.29 | wall=0.33 | search=2696 | target=phero(0.36,2.63)

  [GIVE-UP] R6 returned empty after 1560 searching steps
  [TARGET] R6 → PHERO (-2.59, -1.33)
[PICKUP] R3 picked up tag (density=13) | Total: 55

======================================================================
Step 22000 (11.7 min) | Pickups: 55 | Deposits: 54 | Rate: 4.60 tags/min | phero_entries=2 max_w=0.142
======================================================================
R1[SITE      ]: carry=0 | base=2.13 | wall=1.53 | search=  0 | target=site(-0.97,-2.48)
R2[GIVE_UP   ]: carry=0 | base=2.65 | wall=1.02 | search=780 | target=none
R3[RTB       ]: carry=1 | base=2.03 | wall=1.72 | search=  0 | target=none
R4[SEARCH    ]: carry=0 | base=3.21 | wall=0.40 | search=2455 | target=site(-0.15,2.37)
R5[GIVE_UP   ]: carry=0 | base=1.13 | wall=2.39 | search=1092 | target=none
R6[PHERO     ]: carry=0 | base=0.98 | wall=2.54 | search=  0 | target=phero(-2.59,-1.33)
R7[GIVE_UP   ]: carry=0 | base=3.10 | wall=0.40 | search=2028 | target=none
R8[WALL_ESC  ]: carry=0 | base=3.28 | wall=0.32 | search=3196 | target=phero(0.36,2.63)

  [GIVE-UP] R5 returned empty after 1092 searching steps
  [TARGET] R5 → PHERO (-0.97, -2.48)
[PICKUP] R1 picked up tag (density=15) | Total: 56
[PICKUP] R6 picked up tag (density=12) | Total: 57
[DEPOSIT] R3 deposited! Total: 55
  [PHERO] Laid at (-2.11, -1.11) density=13 prob=0.93 entries=3
  [TARGET] R3 → SITE (-2.11, -1.11)

======================================================================
Step 22500 (12.0 min) | Pickups: 57 | Deposits: 55 | Rate: 4.58 tags/min | phero_entries=3 max_w=0.891
======================================================================
R1[SURVEY    ]: carry=1 | base=2.66 | wall=1.07 | search=  0 | target=none
R2[GIVE_UP   ]: carry=0 | base=0.73 | wall=2.82 | search=780 | target=none
R3[BASE_ESC  ]: carry=0 | base=0.22 | wall=3.30 | search=  0 | target=site(-2.11,-1.11)
R4[SEARCH    ]: carry=0 | base=3.28 | wall=0.36 | search=2955 | target=site(-0.15,2.37)
R5[PHERO     ]: carry=0 | base=0.58 | wall=2.92 | search=  0 | target=phero(-0.97,-2.48)
R6[SURVEY    ]: carry=1 | base=2.48 | wall=1.27 | search=  0 | target=none
R7[GIVE_UP   ]: carry=0 | base=1.22 | wall=2.28 | search=2028 | target=none
R8[WALL_ESC  ]: carry=0 | base=3.28 | wall=0.34 | search=3696 | target=phero(0.36,2.63)

  [GIVE-UP] R2 returned empty after 780 searching steps
  [TARGET] R2 → PHERO (-2.11, -1.11)
  [GIVE-UP] R7 returned empty after 2028 searching steps
  [TARGET] R7 → PHERO (-2.11, -1.11)

======================================================================
Step 23000 (12.3 min) | Pickups: 57 | Deposits: 55 | Rate: 4.48 tags/min | phero_entries=3 max_w=0.180
======================================================================
R1[RTB       ]: carry=1 | base=1.02 | wall=2.56 | search=  0 | target=none
R2[PHERO     ]: carry=0 | base=0.30 | wall=3.28 | search=  0 | target=phero(-2.11,-1.11)
R3[SITE      ]: carry=0 | base=1.74 | wall=1.93 | search=  0 | target=site(-2.11,-1.11)
R4[GIVE_UP   ]: carry=0 | base=2.70 | wall=0.87 | search=3276 | target=none
R5[PHERO     ]: carry=0 | base=2.42 | wall=1.23 | search=  0 | target=phero(-0.97,-2.48)
R6[RTB       ]: carry=1 | base=1.22 | wall=2.42 | search=  0 | target=none
R7[PHERO     ]: carry=0 | base=0.76 | wall=2.82 | search=  0 | target=phero(-2.11,-1.11)
R8[SEARCH    ]: carry=0 | base=3.23 | wall=0.38 | search=4196 | target=phero(0.36,2.63)

[DEPOSIT] R1 deposited! Total: 56
  [PHERO] Laid at (-1.09, -2.43) density=15 prob=0.98 entries=3
  [TARGET] R1 → SITE (-1.09, -2.43)
[PICKUP] R3 picked up tag (density=11) | Total: 58
[DEPOSIT] R6 deposited! Total: 57
  [TARGET] R6 → SITE (-2.23, -1.09)
[PICKUP] R5 picked up tag (density=14) | Total: 59

======================================================================
Step 23500 (12.5 min) | Pickups: 59 | Deposits: 57 | Rate: 4.55 tags/min | phero_entries=3 max_w=0.383
======================================================================
R1[SITE      ]: carry=0 | base=0.93 | wall=2.62 | search=  0 | target=site(-1.09,-2.43)
R2[PHERO     ]: carry=0 | base=2.00 | wall=1.71 | search=  0 | target=phero(-2.11,-1.11)
R3[RTB       ]: carry=1 | base=2.43 | wall=1.36 | search=  0 | target=none
R4[GIVE_UP   ]: carry=0 | base=0.78 | wall=2.74 | search=3276 | target=none
R5[SURVEY    ]: carry=1 | base=2.70 | wall=1.09 | search=  0 | target=none
R6[SITE      ]: carry=0 | base=0.59 | wall=3.02 | search=  0 | target=site(-2.23,-1.09)
R7[SEARCH    ]: carry=0 | base=2.38 | wall=1.38 | search= 48 | target=phero(-2.11,-1.11)
R8[WALL_ESC  ]: carry=0 | base=3.27 | wall=0.33 | search=4696 | target=phero(0.36,2.63)

[PICKUP] R7 picked up tag (density=10) | Total: 60
  [GIVE-UP] R4 returned empty after 3276 searching steps
  [TARGET] R4 → PHERO (-1.09, -2.43)

======================================================================
Step 24000 (12.8 min) | Pickups: 60 | Deposits: 57 | Rate: 4.45 tags/min | phero_entries=2 max_w=0.077
======================================================================
R1[SEARCH    ]: carry=0 | base=2.68 | wall=1.04 | search= 61 | target=site(-1.09,-2.43)
R2[SEARCH    ]: carry=0 | base=1.55 | wall=2.38 | search=411 | target=phero(-2.11,-1.11)
R3[RTB       ]: carry=1 | base=0.61 | wall=2.97 | search=  0 | target=none
R4[PHERO     ]: carry=0 | base=0.61 | wall=3.06 | search=  0 | target=phero(-1.09,-2.43)
R5[RTB       ]: carry=1 | base=1.28 | wall=2.34 | search=  0 | target=none
R6[SITE      ]: carry=0 | base=2.32 | wall=1.42 | search=  0 | target=site(-2.23,-1.09)
R7[RTB       ]: carry=1 | base=1.75 | wall=1.97 | search=  0 | target=none
R8[WALL_ESC  ]: carry=0 | base=3.28 | wall=0.33 | search=5196 | target=phero(0.36,2.63)

[PICKUP] R6 picked up tag (density=9) | Total: 61
[DEPOSIT] R3 deposited! Total: 58
  [PHERO] Laid at (-2.18, -1.15) density=11 prob=0.80 entries=3
  [TARGET] R3 → SITE (-2.18, -1.15)
[DEPOSIT] R5 deposited! Total: 59
  [PHERO] Laid at (-1.22, -2.40) density=14 prob=0.96 entries=4
  [TARGET] R5 → SITE (-1.22, -2.40)
[DEPOSIT] R7 deposited! Total: 60
  [TARGET] R7 → SITE (-2.20, -1.18)
  [GIVE-UP] R2 returned empty after 624 searching steps
  [TARGET] R2 → PHERO (-1.22, -2.40)

======================================================================
Step 24500 (13.1 min) | Pickups: 61 | Deposits: 60 | Rate: 4.59 tags/min | phero_entries=4 max_w=0.479
======================================================================
R1[SEARCH    ]: carry=0 | base=1.24 | wall=2.45 | search=561 | target=site(-1.09,-2.43)
R2[BASE_ESC  ]: carry=0 | base=0.22 | wall=3.29 | search=  0 | target=phero(-1.22,-2.40)
R3[SITE      ]: carry=0 | base=1.35 | wall=2.29 | search=  0 | target=site(-2.18,-1.15)
R4[PHERO     ]: carry=0 | base=2.26 | wall=1.46 | search=  0 | target=phero(-1.09,-2.43)
R5[SITE      ]: carry=0 | base=0.67 | wall=2.95 | search=  0 | target=site(-1.22,-2.40)
R6[RTB       ]: carry=1 | base=1.70 | wall=1.98 | search=  0 | target=none
R7[BASE_ESC  ]: carry=0 | base=0.24 | wall=3.32 | search=  0 | target=site(-2.20,-1.18)
R8[WALL_ESC  ]: carry=0 | base=3.27 | wall=0.34 | search=5696 | target=phero(0.36,2.63)

[DEPOSIT] R6 deposited! Total: 61
  [TARGET] R6 → SITE (-2.23, -1.10)

======================================================================
Step 25000 (13.3 min) | Pickups: 61 | Deposits: 61 | Rate: 4.58 tags/min | phero_entries=3 max_w=0.097
======================================================================
R1[SEARCH    ]: carry=0 | base=0.76 | wall=2.92 | search=1061 | target=site(-1.09,-2.43)
R2[PHERO     ]: carry=0 | base=1.82 | wall=1.88 | search=  0 | target=phero(-1.22,-2.40)
R3[SEARCH    ]: carry=0 | base=2.38 | wall=1.43 | search=166 | target=site(-2.18,-1.15)
R4[GIVE_UP   ]: carry=0 | base=1.69 | wall=1.97 | search=156 | target=none
R5[SITE      ]: carry=0 | base=2.50 | wall=1.28 | search=  0 | target=site(-1.22,-2.40)
R6[BASE_ESC  ]: carry=0 | base=0.22 | wall=3.29 | search=  0 | target=site(-2.23,-1.10)
R7[SITE      ]: carry=0 | base=2.10 | wall=1.66 | search=  0 | target=site(-2.20,-1.18)
R8[WALL_ESC  ]: carry=0 | base=3.26 | wall=0.35 | search=6196 | target=phero(0.36,2.63)

[PICKUP] R7 picked up tag (density=8) | Total: 62
  [GIVE-UP] R4 returned empty after 156 searching steps
  [TARGET] R4 → PHERO (-2.18, -1.15)

======================================================================
Step 25500 (13.6 min) | Pickups: 62 | Deposits: 61 | Rate: 4.49 tags/min | phero_entries=2 max_w=0.020
======================================================================
R1[SEARCH    ]: carry=0 | base=1.50 | wall=2.11 | search=1561 | target=site(-1.09,-2.43)
R2[SEARCH    ]: carry=0 | base=2.18 | wall=1.43 | search=286 | target=phero(-1.22,-2.40)
R3[WALL_ESC  ]: carry=0 | base=3.22 | wall=0.32 | search=666 | target=site(-2.18,-1.15)
R4[PHERO     ]: carry=0 | base=0.26 | wall=3.24 | search=  0 | target=phero(-2.18,-1.15)
R5[SEARCH    ]: carry=0 | base=2.18 | wall=1.32 | search=461 | target=site(-1.22,-2.40)
R6[SITE      ]: carry=0 | base=1.92 | wall=1.77 | search=  0 | target=site(-2.23,-1.10)
R7[SURVEY    ]: carry=1 | base=2.52 | wall=1.23 | search=  0 | target=none
R8[SEARCH    ]: carry=0 | base=3.25 | wall=0.35 | search=6696 | target=phero(0.36,2.63)

[PICKUP] R6 picked up tag (density=7) | Total: 63

======================================================================
Step 26000 (13.9 min) | Pickups: 63 | Deposits: 61 | Rate: 4.40 tags/min | phero_entries=2 max_w=0.004
======================================================================
R1[SEARCH    ]: carry=0 | base=1.68 | wall=1.83 | search=2061 | target=site(-1.09,-2.43)
R2[GIVE_UP   ]: carry=0 | base=0.29 | wall=3.22 | search=312 | target=none
R3[GIVE_UP   ]: carry=0 | base=2.70 | wall=0.86 | search=936 | target=none
R4[PHERO     ]: carry=0 | base=1.97 | wall=1.79 | search=  0 | target=phero(-2.18,-1.15)
R5[SEARCH    ]: carry=0 | base=0.79 | wall=2.87 | search=961 | target=site(-1.22,-2.40)
R6[SURVEY    ]: carry=1 | base=2.64 | wall=1.06 | search=  0 | target=none
R7[RTB       ]: carry=1 | base=0.74 | wall=2.84 | search=  0 | target=none
R8[SEARCH    ]: carry=0 | base=3.25 | wall=0.36 | search=7196 | target=phero(0.36,2.63)

  [GIVE-UP] R2 returned empty after 312 searching steps
  [TARGET] R2 → PHERO (-1.22, -2.40)
[DEPOSIT] R7 deposited! Total: 62
  [PHERO] Laid at (-2.27, -1.11) density=8 prob=0.46 entries=3
  [TARGET] R7 → SITE (-2.27, -1.11)
[PICKUP] R4 picked up tag (density=6) | Total: 64
[PICKUP] R8 picked up tag (density=13) | Total: 65

======================================================================
Step 26500 (14.1 min) | Pickups: 65 | Deposits: 62 | Rate: 4.39 tags/min | phero_entries=1 max_w=0.305
======================================================================
R1[WALL_ESC  ]: carry=0 | base=3.18 | wall=0.32 | search=2561 | target=site(-1.09,-2.43)
R2[PHERO     ]: carry=0 | base=1.61 | wall=2.03 | search=  0 | target=phero(-1.22,-2.40)
R3[GIVE_UP   ]: carry=0 | base=0.78 | wall=2.73 | search=936 | target=none
R4[RTB       ]: carry=1 | base=2.19 | wall=1.60 | search=  0 | target=none
R5[SEARCH    ]: carry=0 | base=1.90 | wall=1.64 | search=1461 | target=site(-1.22,-2.40)
R6[RTB       ]: carry=1 | base=1.68 | wall=1.95 | search=  0 | target=none
R7[SITE      ]: carry=0 | base=1.21 | wall=2.38 | search=  0 | target=site(-2.27,-1.11)
R8[RTB       ]: carry=1 | base=3.04 | wall=0.60 | search=  0 | target=none

[PICKUP] R5 picked up tag (density=15) | Total: 66
  [GIVE-UP] R3 returned empty after 936 searching steps
  [TARGET] R3 → PHERO (-2.27, -1.11)
[DEPOSIT] R6 deposited! Total: 63
  [TARGET] R6 → SITE (-2.44, -0.99)
[PICKUP] R2 picked up tag (density=13) | Total: 67
[PICKUP] R7 picked up tag (density=5) | Total: 68

======================================================================
Step 27000 (14.4 min) | Pickups: 68 | Deposits: 63 | Rate: 4.38 tags/min | phero_entries=1 max_w=0.062
======================================================================
R1[WALL_ESC  ]: carry=0 | base=3.17 | wall=0.33 | search=3061 | target=site(-1.09,-2.43)
R2[SURVEY    ]: carry=1 | base=2.73 | wall=1.10 | search=  0 | target=none
R3[PHERO     ]: carry=0 | base=1.12 | wall=2.45 | search=  0 | target=phero(-2.27,-1.11)
R4[RTB       ]: carry=1 | base=0.27 | wall=3.26 | search=  0 | target=none
R5[RTB       ]: carry=1 | base=1.77 | wall=1.75 | search=  0 | target=none
R6[SITE      ]: carry=0 | base=0.27 | wall=3.23 | search=  0 | target=site(-2.44,-0.99)
R7[SURVEY    ]: carry=1 | base=2.59 | wall=1.16 | search=  0 | target=none
R8[RTB       ]: carry=1 | base=1.16 | wall=2.39 | search=  0 | target=none

[DEPOSIT] R4 deposited! Total: 64
  [TARGET] R4 → SITE (-2.20, -1.23)
[DEPOSIT] R8 deposited! Total: 65
  [PHERO] Laid at (-0.95, 2.92) density=13 prob=0.93 entries=2
  [TARGET] R8 → SITE (-0.95, 2.92)
[DEPOSIT] R5 deposited! Total: 66
  [PHERO] Laid at (2.20, 0.49) density=15 prob=0.98 entries=3
  [TARGET] R5 → SITE (2.20, 0.49)

======================================================================
Step 27500 (14.7 min) | Pickups: 68 | Deposits: 66 | Rate: 4.50 tags/min | phero_entries=3 max_w=0.719
======================================================================
R1[WALL_ESC  ]: carry=0 | base=3.17 | wall=0.33 | search=3561 | target=site(-1.09,-2.43)
R2[RTB       ]: carry=1 | base=1.33 | wall=2.32 | search=  0 | target=none
R3[SEARCH    ]: carry=0 | base=2.50 | wall=1.20 | search=129 | target=phero(-2.27,-1.11)
R4[SITE      ]: carry=0 | base=1.67 | wall=2.06 | search=  0 | target=site(-2.20,-1.23)
R5[BASE_ESC  ]: carry=0 | base=0.24 | wall=3.27 | search=  0 | target=site(2.20,0.49)
R6[SITE      ]: carry=0 | base=2.15 | wall=1.50 | search=  0 | target=site(-2.44,-0.99)
R7[RTB       ]: carry=1 | base=1.47 | wall=2.19 | search=  0 | target=none
R8[SITE      ]: carry=0 | base=0.79 | wall=2.72 | search=  0 | target=site(-0.95,2.92)

[PICKUP] R3 picked up tag (density=4) | Total: 69
[DEPOSIT] R2 deposited! Total: 67
  [PHERO] Laid at (-1.30, -2.40) density=13 prob=0.93 entries=4
  [TARGET] R2 → SITE (-1.30, -2.40)
[DEPOSIT] R7 deposited! Total: 68
  [PHERO] Laid at (-2.35, -1.11) density=5 prob=0.12 entries=5
  [TARGET] R7 → SITE (-2.35, -1.11)
[PICKUP] R8 picked up tag (density=12) | Total: 70

======================================================================
Step 28000 (14.9 min) | Pickups: 70 | Deposits: 68 | Rate: 4.55 tags/min | phero_entries=5 max_w=0.560
======================================================================
R1[WALL_ESC  ]: carry=0 | base=3.16 | wall=0.34 | search=4061 | target=site(-1.09,-2.43)
R2[SITE      ]: carry=0 | base=0.63 | wall=2.90 | search=  0 | target=site(-1.30,-2.40)
R3[RTB       ]: carry=1 | base=2.22 | wall=1.50 | search=  0 | target=none
R4[SEARCH    ]: carry=0 | base=2.46 | wall=1.26 | search=293 | target=site(-2.20,-1.23)
R5[SITE      ]: carry=0 | base=2.08 | wall=1.46 | search=  0 | target=site(2.20,0.49)
R6[SEARCH    ]: carry=0 | base=2.93 | wall=0.70 | search=389 | target=site(-2.44,-0.99)
R7[SITE      ]: carry=0 | base=0.48 | wall=3.12 | search=  0 | target=site(-2.35,-1.11)
R8[SURVEY    ]: carry=1 | base=2.68 | wall=0.95 | search=  0 | target=none

BATCH_RESULT pickups=70 deposits=68
