=================================================================
CPFA BASELINE — ARGoS-calibrated parameters
  Params file                  = /home/sara/Documents/RL-FL-Foraging/cpfa_tuning_20260715_155549/trial_017/params.yaml
  Results file                 = /home/sara/Documents/RL-FL-Foraging/controllers/cpfa_baseline/results/cpfa_baseline_results_20260715_164202_4.txt
  RateOfLayingPheromone        = 7.3745926573342455
  RateOfSiteFidelity           = 3.0967099584848183
  RateOfPheromoneDecay         = 0.10996815156449165 /s  (lifetime ~63s)
  ProbabilityOfReturningToNest = 0.13564898258126012 (every 5 sec → E[give-up] ~37s)
  UninformedSearchVariation    = 0.46 rad (26.5°)
  RateOfInformedSearchDecay    = 0.8711027298507301 /waypoint
  ProbabilityOfSwitchingToSearching = 0.410233047965357 (every 5 sec in uninformed DEPARTING)
=================================================================

[PICKUP] R2 picked up tag (density=6) | Total: 1
[PICKUP] R4 picked up tag (density=9) | Total: 2
[DEPOSIT] R4 deposited! Total: 1
  [PHERO] Laid at (0.00, -0.50) density=9 prob=0.79 entries=1
  [TARGET] R4 → SITE (0.00, -0.50)
[DEPOSIT] R2 deposited! Total: 2
  [PHERO] Laid at (0.50, 0.00) density=6 prob=0.40 entries=2
  [TARGET] R2 → SITE (0.50, 0.00)
[PICKUP] R4 picked up tag (density=10) | Total: 3

======================================================================
Step 500 (0.3 min) | Pickups: 3 | Deposits: 2 | Rate: 7.50 tags/min | phero_entries=2 max_w=0.615
======================================================================
R1[SEARCH    ]: carry=0 | base=0.27 | wall=2.23 | search=344 | target=none
R2[SITE      ]: carry=0 | base=0.28 | wall=2.25 | search=  0 | target=site(0.50,0.00)
R3[SEARCH    ]: carry=0 | base=1.47 | wall=1.39 | search=188 | target=none
R4[SURVEY    ]: carry=1 | base=0.35 | wall=2.18 | search=  0 | target=none

[PICKUP] R2 picked up tag (density=8) | Total: 4
[DEPOSIT] R4 deposited! Total: 3
  [PHERO] Laid at (0.13, -0.32) density=10 prob=0.87 entries=3
  [TARGET] R4 → SITE (0.13, -0.32)
  [GIVE-UP] R1 returned empty after 624 searching steps
  [TARGET] R1 → PHERO (0.00, -0.50)
[DEPOSIT] R2 deposited! Total: 4
  [TARGET] R2 → SITE (0.37, -0.12)
[PICKUP] R4 picked up tag (density=9) | Total: 5

======================================================================
Step 1000 (0.5 min) | Pickups: 5 | Deposits: 4 | Rate: 7.50 tags/min | phero_entries=3 max_w=0.440
======================================================================
R1[BASE_ESC  ]: carry=0 | base=0.24 | wall=2.28 | search=  0 | target=phero(0.00,-0.50)
R2[SITE      ]: carry=0 | base=0.27 | wall=2.24 | search=  0 | target=site(0.37,-0.12)
R3[SEARCH    ]: carry=0 | base=2.38 | wall=0.48 | search=688 | target=none
R4[SURVEY    ]: carry=1 | base=0.36 | wall=2.18 | search=  0 | target=none

[PICKUP] R2 picked up tag (density=4) | Total: 6
[DEPOSIT] R4 deposited! Total: 5
  [TARGET] R4 → SITE (0.18, -0.32)
[PICKUP] R1 picked up tag (density=6) | Total: 7

======================================================================
Step 1500 (0.8 min) | Pickups: 7 | Deposits: 5 | Rate: 6.25 tags/min | phero_entries=3 max_w=0.076
======================================================================
R1[SURVEY    ]: carry=1 | base=0.37 | wall=2.15 | search=  0 | target=none
R2[RTB       ]: carry=1 | base=0.30 | wall=2.20 | search=  0 | target=none
R3[SEARCH    ]: carry=0 | base=2.63 | wall=0.36 | search=1188 | target=none
R4[SITE      ]: carry=0 | base=0.33 | wall=2.25 | search=  0 | target=site(0.18,-0.32)

[DEPOSIT] R2 deposited! Total: 6
  [PHERO] Laid at (0.44, -0.12) density=4 prob=0.14 entries=4
  [TARGET] R2 → SITE (0.44, -0.12)
  [GIVE-UP] R4 returned empty after 156 searching steps
  [TARGET] R4 → PHERO (0.44, -0.12)
[PICKUP] R2 picked up tag (density=3) | Total: 8
[DEPOSIT] R1 deposited! Total: 7
  [PHERO] Laid at (0.11, -0.35) density=6 prob=0.40 entries=5
  [TARGET] R1 → SITE (0.11, -0.35)

======================================================================
Step 2000 (1.1 min) | Pickups: 8 | Deposits: 7 | Rate: 6.56 tags/min | phero_entries=5 max_w=0.416
======================================================================
R1[SEARCH    ]: carry=0 | base=0.37 | wall=2.16 | search= 29 | target=site(0.11,-0.35)
R2[RTB       ]: carry=1 | base=0.47 | wall=2.03 | search=  0 | target=none
R3[GIVE_UP   ]: carry=0 | base=1.04 | wall=1.68 | search=1248 | target=none
R4[SEARCH    ]: carry=0 | base=0.45 | wall=2.07 | search= 18 | target=phero(0.44,-0.12)

[DEPOSIT] R2 deposited! Total: 8
  [TARGET] R2 → PHERO (0.11, -0.35)
  [GIVE-UP] R3 returned empty after 1248 searching steps
  [TARGET] R3 → PHERO (0.44, -0.12)
[PICKUP] R1 picked up tag (density=5) | Total: 9

======================================================================
Step 2500 (1.3 min) | Pickups: 9 | Deposits: 8 | Rate: 6.00 tags/min | phero_entries=3 max_w=0.072
======================================================================
R1[SURVEY    ]: carry=1 | base=0.41 | wall=2.11 | search=  0 | target=none
R2[SEARCH    ]: carry=0 | base=0.31 | wall=2.20 | search= 73 | target=phero(0.11,-0.35)
R3[PHERO     ]: carry=0 | base=0.26 | wall=2.25 | search=  0 | target=phero(0.44,-0.12)
R4[SEARCH    ]: carry=0 | base=0.47 | wall=2.04 | search=518 | target=phero(0.44,-0.12)

  [GIVE-UP] R2 returned empty after 156 searching steps
  [TARGET] R2 → PHERO (0.11, -0.35)
[DEPOSIT] R1 deposited! Total: 9
  [PHERO] Laid at (0.12, -0.39) density=5 prob=0.26 entries=4
  [TARGET] R1 → PHERO (0.12, -0.39)
[PICKUP] R4 picked up tag (density=2) | Total: 10
[PICKUP] R1 picked up tag (density=4) | Total: 11

======================================================================
Step 3000 (1.6 min) | Pickups: 11 | Deposits: 9 | Rate: 5.62 tags/min | phero_entries=3 max_w=0.364
======================================================================
R1[SURVEY    ]: carry=1 | base=0.42 | wall=2.11 | search=  0 | target=none
R2[SEARCH    ]: carry=0 | base=0.35 | wall=2.17 | search= 69 | target=phero(0.11,-0.35)
R3[SEARCH    ]: carry=0 | base=0.37 | wall=2.17 | search=345 | target=phero(0.44,-0.12)
R4[SURVEY    ]: carry=1 | base=0.80 | wall=1.70 | search=  0 | target=none

[PICKUP] R2 picked up tag (density=3) | Total: 12
[DEPOSIT] R1 deposited! Total: 10
  [TARGET] R1 → PHERO (0.12, -0.39)
[DEPOSIT] R4 deposited! Total: 11
  [TARGET] R4 → PHERO (0.12, -0.39)
[DEPOSIT] R2 deposited! Total: 12
  [TARGET] R2 → SITE (0.04, -0.39)

======================================================================
Step 3500 (1.9 min) | Pickups: 12 | Deposits: 12 | Rate: 6.43 tags/min | phero_entries=2 max_w=0.063
======================================================================
R1[PHERO     ]: carry=0 | base=0.34 | wall=2.25 | search=  0 | target=phero(0.12,-0.39)
R2[BASE_ESC  ]: carry=0 | base=0.23 | wall=2.29 | search=  0 | target=site(0.04,-0.39)
R3[SEARCH    ]: carry=0 | base=1.30 | wall=1.30 | search=845 | target=phero(0.44,-0.12)
R4[PHERO     ]: carry=0 | base=0.30 | wall=2.24 | search=  0 | target=phero(0.12,-0.39)

[PICKUP] R1 picked up tag (density=2) | Total: 13
[PICKUP] R3 picked up tag (density=12) | Total: 14
[DEPOSIT] R1 deposited! Total: 13
  [TARGET] R1 → SITE (0.16, -0.47)
  [GIVE-UP] R4 returned empty after 312 searching steps
  [TARGET] R4 → PHERO (0.12, -0.39)

======================================================================
Step 4000 (2.1 min) | Pickups: 14 | Deposits: 13 | Rate: 6.09 tags/min | phero_entries=1 max_w=0.011
======================================================================
R1[BASE_ESC  ]: carry=0 | base=0.22 | wall=2.33 | search=  0 | target=site(0.16,-0.47)
R2[SEARCH    ]: carry=0 | base=0.33 | wall=2.19 | search=296 | target=site(0.04,-0.39)
R3[RTB       ]: carry=1 | base=1.16 | wall=1.52 | search=  0 | target=none
R4[BASE_ESC  ]: carry=0 | base=0.23 | wall=2.28 | search=  0 | target=phero(0.12,-0.39)

[DEPOSIT] R3 deposited! Total: 14
  [PHERO] Laid at (0.96, 0.66) density=12 prob=0.96 entries=2
  [TARGET] R3 → SITE (0.96, 0.66)
[PICKUP] R2 picked up tag (density=1) | Total: 15

======================================================================
Step 4500 (2.4 min) | Pickups: 15 | Deposits: 14 | Rate: 5.83 tags/min | phero_entries=2 max_w=0.425
======================================================================
R1[SEARCH    ]: carry=0 | base=0.44 | wall=2.07 | search=348 | target=site(0.16,-0.47)
R2[RTB       ]: carry=1 | base=0.50 | wall=2.00 | search=  0 | target=none
R3[SITE      ]: carry=0 | base=0.69 | wall=1.89 | search=  0 | target=site(0.96,0.66)
R4[SEARCH    ]: carry=0 | base=0.43 | wall=2.07 | search=326 | target=phero(0.12,-0.39)

[DEPOSIT] R2 deposited! Total: 15
  [TARGET] R2 → SITE (0.02, -0.49)
  [GIVE-UP] R1 returned empty after 468 searching steps
  [TARGET] R1 → PHERO (0.96, 0.66)
[PICKUP] R3 picked up tag (density=11) | Total: 16

======================================================================
Step 5000 (2.7 min) | Pickups: 16 | Deposits: 15 | Rate: 5.62 tags/min | phero_entries=1 max_w=0.073
======================================================================
R1[PHERO     ]: carry=0 | base=0.27 | wall=2.26 | search=  0 | target=phero(0.96,0.66)
R2[SEARCH    ]: carry=0 | base=0.46 | wall=2.05 | search=189 | target=site(0.02,-0.49)
R3[SURVEY    ]: carry=1 | base=1.17 | wall=1.53 | search=  0 | target=none
R4[SEARCH    ]: carry=0 | base=1.29 | wall=1.46 | search=826 | target=phero(0.12,-0.39)

  [GIVE-UP] R4 returned empty after 936 searching steps
  [TARGET] R4 → PHERO (0.96, 0.66)
[DEPOSIT] R3 deposited! Total: 16
  [PHERO] Laid at (0.97, 0.66) density=11 prob=0.93 entries=2
  [TARGET] R3 → SITE (0.97, 0.66)

======================================================================
Step 5500 (2.9 min) | Pickups: 16 | Deposits: 16 | Rate: 5.45 tags/min | phero_entries=2 max_w=0.922
======================================================================
R1[PHERO     ]: carry=0 | base=0.80 | wall=1.90 | search=  0 | target=phero(0.96,0.66)
R2[SEARCH    ]: carry=0 | base=1.41 | wall=1.10 | search=689 | target=site(0.02,-0.49)
R3[BASE_ESC  ]: carry=0 | base=0.23 | wall=2.30 | search=  0 | target=site(0.97,0.66)
R4[BASE_ESC  ]: carry=0 | base=0.25 | wall=2.25 | search=  0 | target=phero(0.96,0.66)

[PICKUP] R1 picked up tag (density=10) | Total: 17

======================================================================
Step 6000 (3.2 min) | Pickups: 17 | Deposits: 16 | Rate: 5.00 tags/min | phero_entries=2 max_w=0.159
======================================================================
R1[RTB       ]: carry=1 | base=1.17 | wall=1.53 | search=  0 | target=none
R2[GIVE_UP   ]: carry=0 | base=0.41 | wall=2.10 | search=780 | target=none
R3[GIVE_UP   ]: carry=0 | base=1.07 | wall=1.61 | search=156 | target=none
R4[PHERO     ]: carry=0 | base=1.03 | wall=1.68 | search=  0 | target=phero(0.96,0.66)

  [GIVE-UP] R2 returned empty after 780 searching steps
  [TARGET] R2 → PHERO (0.97, 0.66)
  [GIVE-UP] R3 returned empty after 156 searching steps
  [TARGET] R3 → PHERO (0.97, 0.66)
[DEPOSIT] R1 deposited! Total: 17
  [PHERO] Laid at (0.95, 0.70) density=10 prob=0.87 entries=2
  [TARGET] R1 → SITE (0.95, 0.70)
  [GIVE-UP] R4 returned empty after 156 searching steps
  [TARGET] R4 → PHERO (0.95, 0.70)

======================================================================
Step 6500 (3.5 min) | Pickups: 17 | Deposits: 17 | Rate: 4.90 tags/min | phero_entries=2 max_w=0.445
======================================================================
R1[SITE      ]: carry=0 | base=0.61 | wall=2.05 | search=  0 | target=site(0.95,0.70)
R2[PHERO     ]: carry=0 | base=1.07 | wall=1.60 | search=  0 | target=phero(0.97,0.66)
R3[PHERO     ]: carry=0 | base=0.78 | wall=1.83 | search=  0 | target=phero(0.97,0.66)
R4[BASE_ESC  ]: carry=0 | base=0.22 | wall=2.34 | search=  0 | target=phero(0.95,0.70)

[PICKUP] R1 picked up tag (density=9) | Total: 18
[PICKUP] R3 picked up tag (density=8) | Total: 19

======================================================================
Step 7000 (3.7 min) | Pickups: 19 | Deposits: 17 | Rate: 4.55 tags/min | phero_entries=2 max_w=0.077
======================================================================
R1[SURVEY    ]: carry=1 | base=1.10 | wall=1.70 | search=  0 | target=none
R2[SEARCH    ]: carry=0 | base=1.02 | wall=1.65 | search=486 | target=phero(0.97,0.66)
R3[SURVEY    ]: carry=1 | base=1.17 | wall=1.61 | search=  0 | target=none
R4[PHERO     ]: carry=0 | base=1.12 | wall=1.61 | search=  0 | target=phero(0.95,0.70)

[DEPOSIT] R1 deposited! Total: 18
  [PHERO] Laid at (0.87, 0.73) density=9 prob=0.79 entries=3
  [TARGET] R1 → SITE (0.87, 0.73)

======================================================================
Step 7500 (4.0 min) | Pickups: 19 | Deposits: 18 | Rate: 4.50 tags/min | phero_entries=2 max_w=0.512
======================================================================
R1[SITE      ]: carry=0 | base=0.50 | wall=2.06 | search=  0 | target=site(0.87,0.73)
R2[GIVE_UP   ]: carry=0 | base=0.25 | wall=2.29 | search=624 | target=none
R3[RTB       ]: carry=1 | base=0.33 | wall=2.23 | search=  0 | target=none
R4[SEARCH    ]: carry=0 | base=1.26 | wall=1.29 | search=493 | target=phero(0.95,0.70)

  [GIVE-UP] R2 returned empty after 624 searching steps
  [TARGET] R2 → PHERO (0.87, 0.73)
[DEPOSIT] R3 deposited! Total: 19
  [PHERO] Laid at (0.88, 0.74) density=8 prob=0.68 entries=3
  [TARGET] R3 → SITE (0.88, 0.74)

======================================================================
Step 8000 (4.3 min) | Pickups: 19 | Deposits: 19 | Rate: 4.45 tags/min | phero_entries=3 max_w=0.189
======================================================================
R1[SEARCH    ]: carry=0 | base=0.59 | wall=2.03 | search=343 | target=site(0.87,0.73)
R2[SEARCH    ]: carry=0 | base=1.09 | wall=1.72 | search=150 | target=phero(0.87,0.73)
R3[SEARCH    ]: carry=0 | base=1.13 | wall=1.59 | search=113 | target=site(0.88,0.74)
R4[SEARCH    ]: carry=0 | base=1.98 | wall=0.56 | search=993 | target=phero(0.95,0.70)

  [GIVE-UP] R2 returned empty after 156 searching steps
  [TARGET] R2 → PHERO (0.88, 0.74)

======================================================================
Step 8500 (4.5 min) | Pickups: 19 | Deposits: 19 | Rate: 4.19 tags/min | phero_entries=2 max_w=0.033
======================================================================
R1[SEARCH    ]: carry=0 | base=0.91 | wall=1.60 | search=843 | target=site(0.87,0.73)
R2[PHERO     ]: carry=0 | base=0.80 | wall=1.92 | search=  0 | target=phero(0.88,0.74)
R3[GIVE_UP   ]: carry=0 | base=0.45 | wall=2.11 | search=312 | target=none
R4[SEARCH    ]: carry=0 | base=1.57 | wall=1.00 | search=1493 | target=phero(0.95,0.70)

  [GIVE-UP] R3 returned empty after 312 searching steps
  [TARGET] R3 → PHERO (0.88, 0.74)
  [GIVE-UP] R1 returned empty after 936 searching steps
  [TARGET] R1 → PHERO (0.87, 0.73)
[PICKUP] R4 picked up tag (density=1) | Total: 20

======================================================================
Step 9000 (4.8 min) | Pickups: 20 | Deposits: 19 | Rate: 3.96 tags/min | phero_entries=2 max_w=0.006
======================================================================
R1[PHERO     ]: carry=0 | base=0.90 | wall=1.82 | search=  0 | target=phero(0.87,0.73)
R2[SEARCH    ]: carry=0 | base=1.29 | wall=1.34 | search=421 | target=phero(0.88,0.74)
R3[SEARCH    ]: carry=0 | base=1.13 | wall=1.60 | search= 91 | target=phero(0.88,0.74)
R4[RTB       ]: carry=1 | base=0.74 | wall=1.82 | search=  0 | target=none

[DEPOSIT] R4 deposited! Total: 20
  [TARGET] R4 → SITE (0.68, -0.29)
[PICKUP] R1 picked up tag (density=7) | Total: 21
[PICKUP] R2 picked up tag (density=6) | Total: 22

======================================================================
Step 9500 (5.1 min) | Pickups: 22 | Deposits: 20 | Rate: 3.95 tags/min | phero_entries=0 max_w=0.000
======================================================================
R1[SURVEY    ]: carry=1 | base=1.19 | wall=1.59 | search=  0 | target=none
R2[SURVEY    ]: carry=1 | base=1.46 | wall=1.32 | search=  0 | target=none
R3[SEARCH    ]: carry=0 | base=0.96 | wall=1.63 | search=591 | target=phero(0.88,0.74)
R4[SEARCH    ]: carry=0 | base=0.71 | wall=1.84 | search=  6 | target=site(0.68,-0.29)

[DEPOSIT] R1 deposited! Total: 21
  [PHERO] Laid at (0.90, 0.76) density=7 prob=0.54 entries=1
  [TARGET] R1 → SITE (0.90, 0.76)

======================================================================
Step 10000 (5.3 min) | Pickups: 22 | Deposits: 21 | Rate: 3.94 tags/min | phero_entries=1 max_w=0.787
======================================================================
R1[BASE_ESC  ]: carry=0 | base=0.22 | wall=2.31 | search=  0 | target=site(0.90,0.76)
R2[RTB       ]: carry=1 | base=0.61 | wall=2.04 | search=  0 | target=none
R3[SEARCH    ]: carry=0 | base=0.93 | wall=1.79 | search=1091 | target=phero(0.88,0.74)
R4[SEARCH    ]: carry=0 | base=0.98 | wall=1.52 | search=506 | target=site(0.68,-0.29)

[DEPOSIT] R2 deposited! Total: 22
  [PHERO] Laid at (0.86, 1.18) density=6 prob=0.40 entries=2
  [TARGET] R2 → SITE (0.86, 1.18)
[PICKUP] R2 picked up tag (density=5) | Total: 23

======================================================================
Step 10500 (5.6 min) | Pickups: 23 | Deposits: 22 | Rate: 3.93 tags/min | phero_entries=2 max_w=0.239
======================================================================
R1[GIVE_UP   ]: carry=0 | base=0.93 | wall=1.82 | search=156 | target=none
R2[SURVEY    ]: carry=1 | base=1.15 | wall=1.59 | search=  0 | target=none
R3[GIVE_UP   ]: carry=0 | base=0.31 | wall=2.21 | search=1248 | target=none
R4[GIVE_UP   ]: carry=0 | base=0.93 | wall=1.59 | search=780 | target=none

  [GIVE-UP] R3 returned empty after 1248 searching steps
  [TARGET] R3 → PHERO (0.86, 1.18)
  [GIVE-UP] R1 returned empty after 156 searching steps
  [TARGET] R1 → PHERO (0.86, 1.18)
  [GIVE-UP] R4 returned empty after 780 searching steps
  [TARGET] R4 → PHERO (0.90, 0.76)
[DEPOSIT] R2 deposited! Total: 23
  [TARGET] R2 → SITE (0.70, 0.90)
[PICKUP] R3 picked up tag (density=4) | Total: 24

======================================================================
Step 11000 (5.9 min) | Pickups: 24 | Deposits: 23 | Rate: 3.92 tags/min | phero_entries=2 max_w=0.041
======================================================================
R1[PHERO     ]: carry=0 | base=0.91 | wall=1.82 | search=  0 | target=phero(0.86,1.18)
R2[BASE_ESC  ]: carry=0 | base=0.22 | wall=2.33 | search=  0 | target=site(0.70,0.90)
R3[SURVEY    ]: carry=1 | base=1.37 | wall=1.39 | search=  0 | target=none
R4[PHERO     ]: carry=0 | base=0.86 | wall=1.83 | search=  0 | target=phero(0.90,0.76)

[PICKUP] R1 picked up tag (density=3) | Total: 25

======================================================================
Step 11500 (6.1 min) | Pickups: 25 | Deposits: 23 | Rate: 3.75 tags/min | phero_entries=2 max_w=0.007
======================================================================
R1[RTB       ]: carry=1 | base=0.76 | wall=1.96 | search=  0 | target=none
R2[GIVE_UP   ]: carry=0 | base=1.13 | wall=1.61 | search=156 | target=none
R3[RTB       ]: carry=1 | base=0.47 | wall=2.11 | search=  0 | target=none
R4[SEARCH    ]: carry=0 | base=1.14 | wall=1.55 | search=428 | target=phero(0.90,0.76)

[DEPOSIT] R3 deposited! Total: 24
  [TARGET] R3 → SITE (0.79, 1.11)
[DEPOSIT] R1 deposited! Total: 25
  [TARGET] R1 → SITE (0.80, 1.05)
  [GIVE-UP] R2 returned empty after 156 searching steps
  [TARGET] R2 → PHERO (0.86, 1.18)

======================================================================
Step 12000 (6.4 min) | Pickups: 25 | Deposits: 25 | Rate: 3.91 tags/min | phero_entries=1 max_w=0.001
======================================================================
R1[SITE      ]: carry=0 | base=1.09 | wall=1.66 | search=  0 | target=site(0.80,1.05)
R2[PHERO     ]: carry=0 | base=0.57 | wall=2.01 | search=  0 | target=phero(0.86,1.18)
R3[SITE      ]: carry=0 | base=1.29 | wall=1.44 | search=  0 | target=site(0.79,1.11)
R4[GIVE_UP   ]: carry=0 | base=0.66 | wall=1.84 | search=780 | target=none

  [GIVE-UP] R4 returned empty after 780 searching steps
  [TARGET] R4 → WALL (-2.42, 1.56)
[PICKUP] R3 picked up tag (density=2) | Total: 26

======================================================================
Step 12500 (6.7 min) | Pickups: 26 | Deposits: 25 | Rate: 3.75 tags/min | phero_entries=0 max_w=0.000
======================================================================
R1[SEARCH    ]: carry=0 | base=0.72 | wall=1.94 | search=451 | target=site(0.80,1.05)
R2[SEARCH    ]: carry=0 | base=1.34 | wall=1.41 | search=252 | target=phero(0.86,1.18)
R3[RTB       ]: carry=1 | base=1.00 | wall=1.78 | search=  0 | target=none
R4[SEARCH    ]: carry=0 | base=1.03 | wall=1.61 | search=125 | target=none

[DEPOSIT] R3 deposited! Total: 26
  [TARGET] R3 → WALL (2.42, -0.66)
  [GIVE-UP] R4 returned empty after 156 searching steps
  [TARGET] R4 → WALL (0.21, -2.42)

======================================================================
Step 13000 (6.9 min) | Pickups: 26 | Deposits: 26 | Rate: 3.75 tags/min | phero_entries=0 max_w=0.000
======================================================================
R1[SEARCH    ]: carry=0 | base=0.57 | wall=1.94 | search=951 | target=site(0.80,1.05)
R2[GIVE_UP   ]: carry=0 | base=1.14 | wall=1.57 | search=468 | target=none
R3[SEARCH    ]: carry=0 | base=0.90 | wall=1.61 | search= 37 | target=none
R4[DEPART    ]: carry=0 | base=0.37 | wall=2.21 | search=  0 | target=none

  [GIVE-UP] R2 returned empty after 468 searching steps
  [TARGET] R2 → WALL (-0.76, 2.42)
  [GIVE-UP] R3 returned empty after 156 searching steps
  [TARGET] R3 → WALL (2.42, 0.93)

======================================================================
Step 13500 (7.2 min) | Pickups: 26 | Deposits: 26 | Rate: 3.61 tags/min | phero_entries=0 max_w=0.000
======================================================================
R1[SEARCH    ]: carry=0 | base=1.42 | wall=1.09 | search=1451 | target=site(0.80,1.05)
R2[SEARCH    ]: carry=0 | base=0.58 | wall=1.93 | search=  1 | target=none
R3[BASE_ESC  ]: carry=0 | base=0.22 | wall=2.31 | search=  0 | target=none
R4[SEARCH    ]: carry=0 | base=1.87 | wall=0.63 | search=141 | target=none


======================================================================
Step 14000 (7.5 min) | Pickups: 26 | Deposits: 26 | Rate: 3.48 tags/min | phero_entries=0 max_w=0.000
======================================================================
R1[GIVE_UP   ]: carry=0 | base=0.47 | wall=2.07 | search=1716 | target=none
R2[SEARCH    ]: carry=0 | base=1.33 | wall=1.19 | search=501 | target=none
R3[DEPART    ]: carry=0 | base=1.69 | wall=0.89 | search=  0 | target=none
R4[WALL_ESC  ]: carry=0 | base=2.16 | wall=0.34 | search=641 | target=none

  [GIVE-UP] R1 returned empty after 1716 searching steps
  [TARGET] R1 → WALL (0.94, 2.42)

======================================================================
Step 14500 (7.7 min) | Pickups: 26 | Deposits: 26 | Rate: 3.36 tags/min | phero_entries=0 max_w=0.000
======================================================================
R1[SEARCH    ]: carry=0 | base=0.50 | wall=2.04 | search=177 | target=none
R2[GIVE_UP   ]: carry=0 | base=0.58 | wall=1.96 | search=936 | target=none
R3[SEARCH    ]: carry=0 | base=1.66 | wall=1.07 | search= 57 | target=none
R4[WALL_ESC  ]: carry=0 | base=2.16 | wall=0.35 | search=1141 | target=none

  [GIVE-UP] R2 returned empty after 936 searching steps
  [TARGET] R2 → WALL (-2.12, 2.42)

======================================================================
Step 15000 (8.0 min) | Pickups: 26 | Deposits: 26 | Rate: 3.25 tags/min | phero_entries=0 max_w=0.000
======================================================================
R1[SEARCH    ]: carry=0 | base=0.68 | wall=1.83 | search=677 | target=none
R2[DEPART    ]: carry=0 | base=0.95 | wall=1.64 | search=  0 | target=none
R3[SEARCH    ]: carry=0 | base=1.65 | wall=1.21 | search=557 | target=none
R4[SEARCH    ]: carry=0 | base=2.15 | wall=0.35 | search=1641 | target=none

[PICKUP] R1 picked up tag (density=1) | Total: 27

======================================================================
Step 15500 (8.3 min) | Pickups: 27 | Deposits: 26 | Rate: 3.15 tags/min | phero_entries=0 max_w=0.000
======================================================================
R1[RTB       ]: carry=1 | base=1.34 | wall=1.48 | search=  0 | target=none
R2[SEARCH    ]: carry=0 | base=0.40 | wall=2.11 | search=477 | target=none
R3[SEARCH    ]: carry=0 | base=1.92 | wall=1.00 | search=1057 | target=none
R4[GIVE_UP   ]: carry=0 | base=0.60 | wall=1.90 | search=1716 | target=none

  [GIVE-UP] R4 returned empty after 1716 searching steps
  [TARGET] R4 → WALL (-2.42, -2.07)
[DEPOSIT] R1 deposited! Total: 27
  [TARGET] R1 → WALL (2.42, -1.78)

======================================================================
Step 16000 (8.5 min) | Pickups: 27 | Deposits: 27 | Rate: 3.16 tags/min | phero_entries=0 max_w=0.000
======================================================================
R1[DEPART    ]: carry=0 | base=0.34 | wall=2.18 | search=  0 | target=none
R2[SEARCH    ]: carry=0 | base=1.16 | wall=1.38 | search=977 | target=none
R3[SEARCH    ]: carry=0 | base=2.53 | wall=0.39 | search=1557 | target=none
R4[DEPART    ]: carry=0 | base=1.32 | wall=1.56 | search=  0 | target=none


======================================================================
Step 16500 (8.8 min) | Pickups: 27 | Deposits: 27 | Rate: 3.07 tags/min | phero_entries=0 max_w=0.000
======================================================================
R1[SEARCH    ]: carry=0 | base=2.06 | wall=0.79 | search= 76 | target=none
R2[GIVE_UP   ]: carry=0 | base=0.32 | wall=2.18 | search=1092 | target=none
R3[WALL_ESC  ]: carry=0 | base=2.63 | wall=0.34 | search=2057 | target=none
R4[WALL_ESC  ]: carry=0 | base=2.87 | wall=0.31 | search=  0 | target=none

  [GIVE-UP] R2 returned empty after 1092 searching steps
  [TARGET] R2 → WALL (2.42, 1.76)

======================================================================
Step 17000 (9.1 min) | Pickups: 27 | Deposits: 27 | Rate: 2.98 tags/min | phero_entries=0 max_w=0.000
======================================================================
R1[WALL_ESC  ]: carry=0 | base=2.60 | wall=0.34 | search=576 | target=none
R2[GIVE_UP   ]: carry=0 | base=0.62 | wall=1.97 | search=156 | target=none
R3[WALL_ESC  ]: carry=0 | base=2.66 | wall=0.34 | search=2557 | target=none
R4[SEARCH    ]: carry=0 | base=1.80 | wall=0.92 | search=214 | target=none

  [GIVE-UP] R2 returned empty after 156 searching steps
  [TARGET] R2 → WALL (-0.57, -2.42)

======================================================================
Step 17500 (9.3 min) | Pickups: 27 | Deposits: 27 | Rate: 2.89 tags/min | phero_entries=0 max_w=0.000
======================================================================
R1[SEARCH    ]: carry=0 | base=2.51 | wall=0.39 | search=1076 | target=none
R2[DEPART    ]: carry=0 | base=0.79 | wall=1.82 | search=  0 | target=none
R3[SEARCH    ]: carry=0 | base=2.66 | wall=0.38 | search=3057 | target=none
R4[SEARCH    ]: carry=0 | base=1.69 | wall=1.00 | search=714 | target=none

[PICKUP] R4 picked up tag (density=12) | Total: 28

======================================================================
Step 18000 (9.6 min) | Pickups: 28 | Deposits: 27 | Rate: 2.81 tags/min | phero_entries=0 max_w=0.000
======================================================================
R1[GIVE_UP   ]: carry=0 | base=2.03 | wall=0.84 | search=1404 | target=none
R2[WALL_ESC  ]: carry=0 | base=2.23 | wall=0.32 | search=  0 | target=none
R3[GIVE_UP   ]: carry=0 | base=1.57 | wall=1.23 | search=3276 | target=none
R4[RTB       ]: carry=1 | base=0.47 | wall=2.09 | search=  0 | target=none

[DEPOSIT] R4 deposited! Total: 28
  [PHERO] Laid at (-1.42, -0.74) density=12 prob=0.96 entries=1
  [TARGET] R4 → SITE (-1.42, -0.74)
  [GIVE-UP] R3 returned empty after 3276 searching steps
  [TARGET] R3 → PHERO (-1.42, -0.74)
[PICKUP] R4 picked up tag (density=11) | Total: 29
  [GIVE-UP] R1 returned empty after 1404 searching steps
  [TARGET] R1 → PHERO (-1.42, -0.74)

======================================================================
Step 18500 (9.9 min) | Pickups: 29 | Deposits: 28 | Rate: 2.84 tags/min | phero_entries=1 max_w=0.211
======================================================================
R1[BASE_ESC  ]: carry=0 | base=0.22 | wall=2.33 | search=  0 | target=phero(-1.42,-0.74)
R2[GIVE_UP   ]: carry=0 | base=0.69 | wall=1.84 | search=156 | target=none
R3[PHERO     ]: carry=0 | base=0.27 | wall=2.28 | search=  0 | target=phero(-1.42,-0.74)
R4[SURVEY    ]: carry=1 | base=1.22 | wall=1.41 | search=  0 | target=none

  [GIVE-UP] R2 returned empty after 156 searching steps
  [TARGET] R2 → PHERO (-1.42, -0.74)
TIMEOUT_RESULT pickups=29 deposits=28 steps=18750 elapsed_min=10.000000
BATCH_RESULT pickups=29 deposits=28
