=================================================================
CPFA BASELINE — ARGoS-calibrated parameters
  Params file                  = /home/sara/Documents/RL-FL-Foraging/cpfa_tuning_20260715_155549/trial_017/params.yaml
  Results file                 = /home/sara/Documents/RL-FL-Foraging/controllers/cpfa_baseline/results/cpfa_baseline_results_20260715_164202_7.txt
  RateOfLayingPheromone        = 7.3745926573342455
  RateOfSiteFidelity           = 3.0967099584848183
  RateOfPheromoneDecay         = 0.10996815156449165 /s  (lifetime ~63s)
  ProbabilityOfReturningToNest = 0.13564898258126012 (every 5 sec → E[give-up] ~37s)
  UninformedSearchVariation    = 0.46 rad (26.5°)
  RateOfInformedSearchDecay    = 0.8711027298507301 /waypoint
  ProbabilityOfSwitchingToSearching = 0.410233047965357 (every 5 sec in uninformed DEPARTING)
=================================================================

[PICKUP] R1 picked up tag (density=9) | Total: 1
[PICKUP] R3 picked up tag (density=6) | Total: 2
[DEPOSIT] R1 deposited! Total: 1
  [PHERO] Laid at (-0.50, 0.00) density=9 prob=0.79 entries=1
  [TARGET] R1 → SITE (-0.50, 0.00)
[PICKUP] R4 picked up tag (density=8) | Total: 3
[DEPOSIT] R3 deposited! Total: 2
  [TARGET] R3 → SITE (0.04, 0.45)
[PICKUP] R1 picked up tag (density=7) | Total: 4

======================================================================
Step 500 (0.3 min) | Pickups: 4 | Deposits: 2 | Rate: 7.50 tags/min | phero_entries=1 max_w=0.401
======================================================================
R1[SURVEY    ]: carry=1 | base=0.34 | wall=2.18 | search=  0 | target=none
R2[SEARCH    ]: carry=0 | base=0.91 | wall=1.74 | search=188 | target=none
R3[SITE      ]: carry=0 | base=0.29 | wall=2.25 | search=  0 | target=site(0.04,0.45)
R4[SURVEY    ]: carry=1 | base=0.34 | wall=2.16 | search=  0 | target=none

[PICKUP] R3 picked up tag (density=5) | Total: 5
[DEPOSIT] R4 deposited! Total: 3
  [PHERO] Laid at (-0.32, -0.05) density=8 prob=0.68 entries=2
  [TARGET] R4 → SITE (-0.32, -0.05)
[DEPOSIT] R1 deposited! Total: 4
  [PHERO] Laid at (-0.32, -0.10) density=7 prob=0.54 entries=3
  [TARGET] R1 → SITE (-0.32, -0.10)
[PICKUP] R2 picked up tag (density=6) | Total: 6
[PICKUP] R4 picked up tag (density=5) | Total: 7
[DEPOSIT] R3 deposited! Total: 5
  [TARGET] R3 → SITE (0.15, 0.32)

======================================================================
Step 1000 (0.5 min) | Pickups: 7 | Deposits: 5 | Rate: 9.38 tags/min | phero_entries=3 max_w=0.384
======================================================================
R1[SEARCH    ]: carry=0 | base=0.34 | wall=2.18 | search= 95 | target=site(-0.32,-0.10)
R2[RTB       ]: carry=1 | base=0.46 | wall=2.09 | search=  0 | target=none
R3[SITE      ]: carry=0 | base=0.34 | wall=2.26 | search=  0 | target=site(0.15,0.32)
R4[SURVEY    ]: carry=1 | base=0.36 | wall=2.14 | search=  0 | target=none

[DEPOSIT] R2 deposited! Total: 6
  [TARGET] R2 → SITE (-0.63, -0.28)
[DEPOSIT] R4 deposited! Total: 7
  [PHERO] Laid at (-0.35, -0.07) density=5 prob=0.26 entries=4
  [TARGET] R4 → SITE (-0.35, -0.07)
  [GIVE-UP] R4 returned empty after 156 searching steps
  [TARGET] R4 → PHERO (-0.35, -0.07)

======================================================================
Step 1500 (0.8 min) | Pickups: 7 | Deposits: 7 | Rate: 8.75 tags/min | phero_entries=4 max_w=0.233
======================================================================
R1[SEARCH    ]: carry=0 | base=0.91 | wall=1.62 | search=595 | target=site(-0.32,-0.10)
R2[GIVE_UP   ]: carry=0 | base=0.60 | wall=2.01 | search=156 | target=none
R3[BASE_ESC  ]: carry=0 | base=0.23 | wall=2.27 | search=470 | target=site(0.15,0.32)
R4[BASE_ESC  ]: carry=0 | base=0.22 | wall=2.33 | search=  0 | target=phero(-0.35,-0.07)

  [GIVE-UP] R2 returned empty after 156 searching steps
  [TARGET] R2 → PHERO (-0.35, -0.07)
[PICKUP] R2 picked up tag (density=4) | Total: 8

======================================================================
Step 2000 (1.1 min) | Pickups: 8 | Deposits: 7 | Rate: 6.56 tags/min | phero_entries=4 max_w=0.040
======================================================================
R1[SEARCH    ]: carry=0 | base=0.38 | wall=2.15 | search=1095 | target=site(-0.32,-0.10)
R2[SURVEY    ]: carry=1 | base=0.40 | wall=2.10 | search=  0 | target=none
R3[SEARCH    ]: carry=0 | base=0.30 | wall=2.22 | search=970 | target=site(0.15,0.32)
R4[SEARCH    ]: carry=0 | base=0.34 | wall=2.17 | search=322 | target=phero(-0.35,-0.07)

[PICKUP] R3 picked up tag (density=3) | Total: 9
[DEPOSIT] R2 deposited! Total: 8
  [TARGET] R2 → SITE (-0.40, -0.02)
[PICKUP] R2 picked up tag (density=2) | Total: 10
[DEPOSIT] R3 deposited! Total: 9
  [TARGET] R3 → SITE (-0.49, -0.11)
[PICKUP] R1 picked up tag (density=1) | Total: 11

======================================================================
Step 2500 (1.3 min) | Pickups: 11 | Deposits: 9 | Rate: 6.75 tags/min | phero_entries=3 max_w=0.007
======================================================================
R1[SURVEY    ]: carry=1 | base=0.75 | wall=1.75 | search=  0 | target=none
R2[SURVEY    ]: carry=1 | base=0.40 | wall=2.11 | search=  0 | target=none
R3[BASE_ESC  ]: carry=0 | base=0.22 | wall=2.30 | search=  0 | target=site(-0.49,-0.11)
R4[GIVE_UP   ]: carry=0 | base=0.38 | wall=2.22 | search=624 | target=none

  [GIVE-UP] R4 returned empty after 624 searching steps
  [TARGET] R4 → PHERO (-0.35, -0.07)
[DEPOSIT] R2 deposited! Total: 10
  [TARGET] R2 → PHERO (-0.35, -0.07)
[DEPOSIT] R1 deposited! Total: 11
  [TARGET] R1 → SITE (-0.76, -0.04)

======================================================================
Step 3000 (1.6 min) | Pickups: 11 | Deposits: 11 | Rate: 6.88 tags/min | phero_entries=1 max_w=0.001
======================================================================
R1[SITE      ]: carry=0 | base=0.60 | wall=1.90 | search=  0 | target=site(-0.76,-0.04)
R2[SEARCH    ]: carry=0 | base=0.35 | wall=2.20 | search=147 | target=phero(-0.35,-0.07)
R3[SEARCH    ]: carry=0 | base=0.54 | wall=1.96 | search=375 | target=site(-0.49,-0.11)
R4[SEARCH    ]: carry=0 | base=0.46 | wall=2.05 | search=219 | target=phero(-0.35,-0.07)


======================================================================
Step 3500 (1.9 min) | Pickups: 11 | Deposits: 11 | Rate: 5.89 tags/min | phero_entries=0 max_w=0.000
======================================================================
R1[SEARCH    ]: carry=0 | base=0.75 | wall=1.77 | search=471 | target=site(-0.76,-0.04)
R2[GIVE_UP   ]: carry=0 | base=1.10 | wall=1.48 | search=624 | target=none
R3[SEARCH    ]: carry=0 | base=1.56 | wall=1.25 | search=875 | target=site(-0.49,-0.11)
R4[SEARCH    ]: carry=0 | base=0.26 | wall=2.24 | search=719 | target=phero(-0.35,-0.07)

  [GIVE-UP] R2 returned empty after 624 searching steps
  [TARGET] R2 → WALL (-0.01, 2.42)

======================================================================
Step 4000 (2.1 min) | Pickups: 11 | Deposits: 11 | Rate: 5.16 tags/min | phero_entries=0 max_w=0.000
======================================================================
R1[SEARCH    ]: carry=0 | base=2.06 | wall=1.02 | search=971 | target=site(-0.76,-0.04)
R2[DEPART    ]: carry=0 | base=0.29 | wall=2.26 | search=  0 | target=none
R3[SEARCH    ]: carry=0 | base=2.32 | wall=0.71 | search=1375 | target=site(-0.49,-0.11)
R4[SEARCH    ]: carry=0 | base=0.55 | wall=1.97 | search=1219 | target=phero(-0.35,-0.07)


======================================================================
Step 4500 (2.4 min) | Pickups: 11 | Deposits: 11 | Rate: 4.58 tags/min | phero_entries=0 max_w=0.000
======================================================================
R1[SEARCH    ]: carry=0 | base=1.47 | wall=1.28 | search=1471 | target=site(-0.76,-0.04)
R2[DEPART    ]: carry=0 | base=1.68 | wall=0.83 | search=  0 | target=none
R3[SEARCH    ]: carry=0 | base=2.52 | wall=0.40 | search=1875 | target=site(-0.49,-0.11)
R4[SEARCH    ]: carry=0 | base=0.39 | wall=2.20 | search=1719 | target=phero(-0.35,-0.07)

  [GIVE-UP] R4 returned empty after 1872 searching steps
  [TARGET] R4 → WALL (0.24, 2.42)
[PICKUP] R3 picked up tag (density=16) | Total: 12
[PICKUP] R4 picked up tag (density=4) | Total: 13

======================================================================
Step 5000 (2.7 min) | Pickups: 13 | Deposits: 11 | Rate: 4.12 tags/min | phero_entries=0 max_w=0.000
======================================================================
R1[SEARCH    ]: carry=0 | base=1.84 | wall=0.66 | search=1971 | target=site(-0.76,-0.04)
R2[SEARCH    ]: carry=0 | base=1.46 | wall=1.08 | search= 24 | target=none
R3[RTB       ]: carry=1 | base=2.04 | wall=0.78 | search=  0 | target=none
R4[SURVEY    ]: carry=1 | base=0.47 | wall=2.14 | search=  0 | target=none

[DEPOSIT] R4 deposited! Total: 12
  [TARGET] R4 → SITE (0.30, 0.36)
[PICKUP] R2 picked up tag (density=3) | Total: 14
[DEPOSIT] R3 deposited! Total: 13
  [PHERO] Laid at (-1.79, 1.12) density=16 prob=1.00 entries=1
  [TARGET] R3 → SITE (-1.79, 1.12)

======================================================================
Step 5500 (2.9 min) | Pickups: 14 | Deposits: 13 | Rate: 4.43 tags/min | phero_entries=1 max_w=0.897
======================================================================
R1[WALL_ESC  ]: carry=0 | base=2.18 | wall=0.33 | search=2471 | target=site(-0.76,-0.04)
R2[SURVEY    ]: carry=1 | base=0.67 | wall=1.83 | search=  0 | target=none
R3[BASE_ESC  ]: carry=0 | base=0.22 | wall=2.31 | search=  0 | target=site(-1.79,1.12)
R4[SEARCH    ]: carry=0 | base=0.44 | wall=2.16 | search= 83 | target=site(0.30,0.36)

[DEPOSIT] R2 deposited! Total: 14
  [TARGET] R2 → PHERO (-1.79, 1.12)
[PICKUP] R4 picked up tag (density=2) | Total: 15

======================================================================
Step 6000 (3.2 min) | Pickups: 15 | Deposits: 14 | Rate: 4.38 tags/min | phero_entries=1 max_w=0.154
======================================================================
R1[GIVE_UP   ]: carry=0 | base=0.39 | wall=2.11 | search=2496 | target=none
R2[PHERO     ]: carry=0 | base=0.61 | wall=1.98 | search=  0 | target=phero(-1.79,1.12)
R3[SITE      ]: carry=0 | base=1.83 | wall=0.94 | search=  0 | target=site(-1.79,1.12)
R4[SURVEY    ]: carry=1 | base=0.50 | wall=2.10 | search=  0 | target=none

  [GIVE-UP] R1 returned empty after 2496 searching steps
  [TARGET] R1 → PHERO (-1.79, 1.12)
[PICKUP] R3 picked up tag (density=15) | Total: 16
[DEPOSIT] R4 deposited! Total: 15
  [TARGET] R4 → SITE (0.29, 0.40)

======================================================================
Step 6500 (3.5 min) | Pickups: 16 | Deposits: 15 | Rate: 4.33 tags/min | phero_entries=1 max_w=0.027
======================================================================
R1[PHERO     ]: carry=0 | base=1.08 | wall=1.51 | search=  0 | target=phero(-1.79,1.12)
R2[SEARCH    ]: carry=0 | base=2.13 | wall=0.72 | search= 70 | target=phero(-1.79,1.12)
R3[RTB       ]: carry=1 | base=1.78 | wall=0.97 | search=  0 | target=none
R4[SEARCH    ]: carry=0 | base=0.41 | wall=2.16 | search=131 | target=site(0.29,0.40)

[PICKUP] R2 picked up tag (density=14) | Total: 17
[PICKUP] R4 picked up tag (density=1) | Total: 18
[PICKUP] R1 picked up tag (density=13) | Total: 19
[DEPOSIT] R3 deposited! Total: 16
  [PHERO] Laid at (-1.82, 1.11) density=15 prob=1.00 entries=2
  [TARGET] R3 → SITE (-1.82, 1.11)

======================================================================
Step 7000 (3.7 min) | Pickups: 19 | Deposits: 16 | Rate: 4.29 tags/min | phero_entries=2 max_w=0.698
======================================================================
R1[SURVEY    ]: carry=1 | base=1.98 | wall=0.81 | search=  0 | target=none
R2[RTB       ]: carry=1 | base=1.77 | wall=0.97 | search=  0 | target=none
R3[BASE_ESC  ]: carry=0 | base=0.24 | wall=2.27 | search=  0 | target=site(-1.82,1.11)
R4[RTB       ]: carry=1 | base=0.49 | wall=2.14 | search=  0 | target=none

[DEPOSIT] R4 deposited! Total: 17
  [TARGET] R4 → SITE (0.32, 0.44)
[DEPOSIT] R2 deposited! Total: 18
  [PHERO] Laid at (-1.86, 1.08) density=14 prob=0.99 entries=3
  [TARGET] R2 → SITE (-1.86, 1.08)

======================================================================
Step 7500 (4.0 min) | Pickups: 19 | Deposits: 18 | Rate: 4.50 tags/min | phero_entries=2 max_w=0.708
======================================================================
R1[RTB       ]: carry=1 | base=0.42 | wall=2.15 | search=  0 | target=none
R2[BASE_ESC  ]: carry=0 | base=0.23 | wall=2.28 | search=  0 | target=site(-1.86,1.08)
R3[SITE      ]: carry=0 | base=2.07 | wall=0.73 | search=  0 | target=site(-1.82,1.11)
R4[SEARCH    ]: carry=0 | base=0.40 | wall=2.21 | search=205 | target=site(0.32,0.44)

[DEPOSIT] R1 deposited! Total: 19
  [PHERO] Laid at (-1.78, 1.04) density=13 prob=0.98 entries=3
  [TARGET] R1 → SITE (-1.78, 1.04)
[PICKUP] R3 picked up tag (density=12) | Total: 20

======================================================================
Step 8000 (4.3 min) | Pickups: 20 | Deposits: 19 | Rate: 4.45 tags/min | phero_entries=3 max_w=0.201
======================================================================
R1[SITE      ]: carry=0 | base=1.49 | wall=1.24 | search=  0 | target=site(-1.78,1.04)
R2[SITE      ]: carry=0 | base=2.00 | wall=0.76 | search=  0 | target=site(-1.86,1.08)
R3[RTB       ]: carry=1 | base=1.55 | wall=1.16 | search=  0 | target=none
R4[SEARCH    ]: carry=0 | base=1.39 | wall=1.44 | search=705 | target=site(0.32,0.44)

[PICKUP] R2 picked up tag (density=11) | Total: 21
[PICKUP] R1 picked up tag (density=10) | Total: 22
[DEPOSIT] R3 deposited! Total: 20
  [PHERO] Laid at (-1.84, 1.04) density=12 prob=0.96 entries=4
  [TARGET] R3 → SITE (-1.84, 1.04)

======================================================================
Step 8500 (4.5 min) | Pickups: 22 | Deposits: 20 | Rate: 4.41 tags/min | phero_entries=4 max_w=0.582
======================================================================
R1[RTB       ]: carry=1 | base=1.95 | wall=0.79 | search=  0 | target=none
R2[RTB       ]: carry=1 | base=2.02 | wall=0.75 | search=  0 | target=none
R3[SITE      ]: carry=0 | base=0.39 | wall=2.22 | search=  0 | target=site(-1.84,1.04)
R4[SEARCH    ]: carry=0 | base=2.17 | wall=0.66 | search=1205 | target=site(0.32,0.44)

[PICKUP] R4 picked up tag (density=9) | Total: 23
[DEPOSIT] R1 deposited! Total: 21
  [PHERO] Laid at (-1.83, 0.97) density=10 prob=0.87 entries=4
  [TARGET] R1 → SITE (-1.83, 0.97)
[DEPOSIT] R2 deposited! Total: 22
  [PHERO] Laid at (-1.93, 1.08) density=11 prob=0.93 entries=5
  [TARGET] R2 → SITE (-1.93, 1.08)

======================================================================
Step 9000 (4.8 min) | Pickups: 23 | Deposits: 22 | Rate: 4.58 tags/min | phero_entries=5 max_w=0.983
======================================================================
R1[BASE_ESC  ]: carry=0 | base=0.18 | wall=2.36 | search=  0 | target=site(-1.83,0.97)
R2[BASE_ESC  ]: carry=0 | base=0.24 | wall=2.29 | search=  0 | target=site(-1.93,1.08)
R3[SEARCH    ]: carry=0 | base=2.09 | wall=0.67 | search= 30 | target=site(-1.84,1.04)
R4[RTB       ]: carry=1 | base=2.12 | wall=0.96 | search=  0 | target=none

[PICKUP] R3 picked up tag (density=9) | Total: 24

======================================================================
Step 9500 (5.1 min) | Pickups: 24 | Deposits: 22 | Rate: 4.34 tags/min | phero_entries=4 max_w=0.169
======================================================================
R1[SITE      ]: carry=0 | base=1.83 | wall=0.90 | search=  0 | target=site(-1.83,0.97)
R2[SITE      ]: carry=0 | base=1.70 | wall=1.03 | search=  0 | target=site(-1.93,1.08)
R3[RTB       ]: carry=1 | base=1.32 | wall=1.33 | search=  0 | target=none
R4[RTB       ]: carry=1 | base=0.29 | wall=2.28 | search=  0 | target=none

[DEPOSIT] R4 deposited! Total: 23
  [PHERO] Laid at (1.51, -1.48) density=9 prob=0.79 entries=4
  [TARGET] R4 → SITE (1.51, -1.48)
[PICKUP] R1 picked up tag (density=8) | Total: 25
[DEPOSIT] R3 deposited! Total: 24
  [TARGET] R3 → SITE (-1.86, 0.96)

======================================================================
Step 10000 (5.3 min) | Pickups: 25 | Deposits: 24 | Rate: 4.50 tags/min | phero_entries=4 max_w=0.180
======================================================================
R1[RTB       ]: carry=1 | base=1.04 | wall=1.59 | search=  0 | target=none
R2[SEARCH    ]: carry=0 | base=2.21 | wall=0.55 | search=376 | target=site(-1.93,1.08)
R3[SITE      ]: carry=0 | base=0.64 | wall=1.90 | search=  0 | target=site(-1.86,0.96)
R4[SITE      ]: carry=0 | base=1.64 | wall=1.31 | search=  0 | target=site(1.51,-1.48)

[PICKUP] R2 picked up tag (density=7) | Total: 26
[PICKUP] R4 picked up tag (density=8) | Total: 27
[DEPOSIT] R1 deposited! Total: 25
  [PHERO] Laid at (-1.69, 0.92) density=8 prob=0.68 entries=5
  [TARGET] R1 → SITE (-1.69, 0.92)
[PICKUP] R3 picked up tag (density=6) | Total: 28

======================================================================
Step 10500 (5.6 min) | Pickups: 28 | Deposits: 25 | Rate: 4.46 tags/min | phero_entries=4 max_w=0.354
======================================================================
R1[SITE      ]: carry=0 | base=0.91 | wall=1.73 | search=  0 | target=site(-1.69,0.92)
R2[RTB       ]: carry=1 | base=1.21 | wall=1.44 | search=  0 | target=none
R3[SURVEY    ]: carry=1 | base=2.08 | wall=0.64 | search=  0 | target=none
R4[RTB       ]: carry=1 | base=1.18 | wall=1.60 | search=  0 | target=none

[DEPOSIT] R4 deposited! Total: 26
  [PHERO] Laid at (1.33, -1.27) density=8 prob=0.68 entries=5
  [TARGET] R4 → SITE (1.33, -1.27)
[DEPOSIT] R2 deposited! Total: 27
  [PHERO] Laid at (-1.96, 1.02) density=7 prob=0.54 entries=6
  [TARGET] R2 → SITE (-1.96, 1.02)

======================================================================
Step 11000 (5.9 min) | Pickups: 28 | Deposits: 27 | Rate: 4.60 tags/min | phero_entries=4 max_w=0.422
======================================================================
R1[GIVE_UP   ]: carry=0 | base=1.61 | wall=1.06 | search=156 | target=none
R2[SITE      ]: carry=0 | base=0.72 | wall=1.91 | search=  0 | target=site(-1.96,1.02)
R3[RTB       ]: carry=1 | base=0.89 | wall=1.71 | search=  0 | target=none
R4[SITE      ]: carry=0 | base=0.78 | wall=1.92 | search=  0 | target=site(1.33,-1.27)

[DEPOSIT] R3 deposited! Total: 28
  [TARGET] R3 → SITE (-1.86, 0.93)
[PICKUP] R4 picked up tag (density=7) | Total: 29
  [GIVE-UP] R1 returned empty after 156 searching steps
  [TARGET] R1 → PHERO (1.33, -1.27)

======================================================================
Step 11500 (6.1 min) | Pickups: 29 | Deposits: 28 | Rate: 4.57 tags/min | phero_entries=3 max_w=0.073
======================================================================
R1[PHERO     ]: carry=0 | base=0.27 | wall=2.23 | search=  0 | target=phero(1.33,-1.27)
R2[SEARCH    ]: carry=0 | base=2.24 | wall=0.55 | search=112 | target=site(-1.96,1.02)
R3[SITE      ]: carry=0 | base=1.06 | wall=1.58 | search=  0 | target=site(-1.86,0.93)
R4[SURVEY    ]: carry=1 | base=1.82 | wall=1.16 | search=  0 | target=none

[PICKUP] R2 picked up tag (density=5) | Total: 30
[PICKUP] R3 picked up tag (density=4) | Total: 31

======================================================================
Step 12000 (6.4 min) | Pickups: 31 | Deposits: 28 | Rate: 4.38 tags/min | phero_entries=3 max_w=0.013
======================================================================
R1[PHERO     ]: carry=0 | base=1.31 | wall=1.53 | search=  0 | target=phero(1.33,-1.27)
R2[RTB       ]: carry=1 | base=1.71 | wall=0.97 | search=  0 | target=none
R3[SURVEY    ]: carry=1 | base=2.07 | wall=0.61 | search=  0 | target=none
R4[RTB       ]: carry=1 | base=0.34 | wall=2.23 | search=  0 | target=none

[DEPOSIT] R4 deposited! Total: 29
  [PHERO] Laid at (1.34, -1.23) density=7 prob=0.54 entries=4
  [TARGET] R4 → SITE (1.34, -1.23)
[DEPOSIT] R2 deposited! Total: 30
  [PHERO] Laid at (-2.03, 0.96) density=5 prob=0.26 entries=4
  [TARGET] R2 → SITE (-2.03, 0.96)

======================================================================
Step 12500 (6.7 min) | Pickups: 31 | Deposits: 30 | Rate: 4.50 tags/min | phero_entries=4 max_w=0.658
======================================================================
R1[SEARCH    ]: carry=0 | base=1.89 | wall=1.12 | search=372 | target=phero(1.33,-1.27)
R2[SITE      ]: carry=0 | base=0.27 | wall=2.30 | search=  0 | target=site(-2.03,0.96)
R3[RTB       ]: carry=1 | base=0.45 | wall=2.09 | search=  0 | target=none
R4[SITE      ]: carry=0 | base=1.59 | wall=1.32 | search=  0 | target=site(1.34,-1.23)

[PICKUP] R1 picked up tag (density=6) | Total: 32
[DEPOSIT] R3 deposited! Total: 31
  [TARGET] R3 → SITE (-1.89, 0.89)
[PICKUP] R2 picked up tag (density=3) | Total: 33
[PICKUP] R4 picked up tag (density=5) | Total: 34

======================================================================
Step 13000 (6.9 min) | Pickups: 34 | Deposits: 31 | Rate: 4.47 tags/min | phero_entries=2 max_w=0.113
======================================================================
R1[RTB       ]: carry=1 | base=1.02 | wall=1.69 | search=  0 | target=none
R2[SURVEY    ]: carry=1 | base=1.87 | wall=0.82 | search=  0 | target=none
R3[SITE      ]: carry=0 | base=1.49 | wall=1.16 | search=  0 | target=site(-1.89,0.89)
R4[SURVEY    ]: carry=1 | base=1.86 | wall=1.09 | search=  0 | target=none

[DEPOSIT] R1 deposited! Total: 32
  [TARGET] R1 → SITE (1.41, -1.26)

======================================================================
Step 13500 (7.2 min) | Pickups: 34 | Deposits: 32 | Rate: 4.44 tags/min | phero_entries=2 max_w=0.019
======================================================================
R1[SITE      ]: carry=0 | base=0.91 | wall=1.78 | search=  0 | target=site(1.41,-1.26)
R2[RTB       ]: carry=1 | base=0.73 | wall=1.84 | search=  0 | target=none
R3[GIVE_UP   ]: carry=0 | base=1.46 | wall=1.24 | search=156 | target=none
R4[RTB       ]: carry=1 | base=0.97 | wall=1.72 | search=  0 | target=none

[DEPOSIT] R2 deposited! Total: 33
  [TARGET] R2 → SITE (-1.68, 0.82)
[DEPOSIT] R4 deposited! Total: 34
  [TARGET] R4 → SITE (1.41, -1.21)
  [GIVE-UP] R3 returned empty after 156 searching steps
  [TARGET] R3 → PHERO (1.34, -1.23)

======================================================================
Step 14000 (7.5 min) | Pickups: 34 | Deposits: 34 | Rate: 4.55 tags/min | phero_entries=1 max_w=0.003
======================================================================
R1[GIVE_UP   ]: carry=0 | base=1.59 | wall=1.28 | search=156 | target=none
R2[SITE      ]: carry=0 | base=1.21 | wall=1.43 | search=  0 | target=site(-1.68,0.82)
R3[PHERO     ]: carry=0 | base=0.27 | wall=2.29 | search=  0 | target=phero(1.34,-1.23)
R4[SITE      ]: carry=0 | base=0.76 | wall=1.86 | search=  0 | target=site(1.41,-1.21)

  [GIVE-UP] R1 returned empty after 156 searching steps
  [TARGET] R1 → WALL (-2.42, 1.63)

======================================================================
Step 14500 (7.7 min) | Pickups: 34 | Deposits: 34 | Rate: 4.40 tags/min | phero_entries=0 max_w=0.000
======================================================================
R1[DEPART    ]: carry=0 | base=0.27 | wall=2.25 | search=  0 | target=none
R2[SEARCH    ]: carry=0 | base=1.85 | wall=0.85 | search=341 | target=site(-1.68,0.82)
R3[PHERO     ]: carry=0 | base=0.91 | wall=1.75 | search=  0 | target=phero(1.34,-1.23)
R4[SEARCH    ]: carry=0 | base=1.73 | wall=1.15 | search=210 | target=site(1.41,-1.21)

[PICKUP] R4 picked up tag (density=4) | Total: 35
[PICKUP] R3 picked up tag (density=3) | Total: 36

======================================================================
Step 15000 (8.0 min) | Pickups: 36 | Deposits: 34 | Rate: 4.25 tags/min | phero_entries=0 max_w=0.000
======================================================================
R1[SEARCH    ]: carry=0 | base=0.87 | wall=1.84 | search=151 | target=none
R2[SEARCH    ]: carry=0 | base=1.69 | wall=0.81 | search=841 | target=site(-1.68,0.82)
R3[SURVEY    ]: carry=1 | base=1.91 | wall=1.01 | search=  0 | target=none
R4[RTB       ]: carry=1 | base=1.57 | wall=1.23 | search=  0 | target=none

  [GIVE-UP] R1 returned empty after 156 searching steps
  [TARGET] R1 → WALL (-2.42, -0.32)
[DEPOSIT] R4 deposited! Total: 35
  [TARGET] R4 → SITE (1.47, -1.21)

======================================================================
Step 15500 (8.3 min) | Pickups: 36 | Deposits: 35 | Rate: 4.23 tags/min | phero_entries=0 max_w=0.000
======================================================================
R1[DEPART    ]: carry=0 | base=0.64 | wall=1.86 | search=  0 | target=none
R2[GIVE_UP   ]: carry=0 | base=1.12 | wall=1.41 | search=1248 | target=none
R3[RTB       ]: carry=1 | base=0.67 | wall=1.95 | search=  0 | target=none
R4[SITE      ]: carry=0 | base=0.40 | wall=2.13 | search=  0 | target=site(1.47,-1.21)

[DEPOSIT] R3 deposited! Total: 36
  [TARGET] R3 → SITE (1.49, -1.20)
  [GIVE-UP] R2 returned empty after 1248 searching steps
  [TARGET] R2 → WALL (-2.42, -0.67)

======================================================================
Step 16000 (8.5 min) | Pickups: 36 | Deposits: 36 | Rate: 4.22 tags/min | phero_entries=0 max_w=0.000
======================================================================
R1[SEARCH    ]: carry=0 | base=1.99 | wall=0.51 | search=302 | target=none
R2[DEPART    ]: carry=0 | base=0.84 | wall=1.71 | search=  0 | target=none
R3[SITE      ]: carry=0 | base=1.29 | wall=1.52 | search=  0 | target=site(1.49,-1.20)
R4[SEARCH    ]: carry=0 | base=1.88 | wall=0.99 | search=114 | target=site(1.47,-1.21)

[PICKUP] R4 picked up tag (density=2) | Total: 37

======================================================================
Step 16500 (8.8 min) | Pickups: 37 | Deposits: 36 | Rate: 4.09 tags/min | phero_entries=0 max_w=0.000
======================================================================
R1[GIVE_UP   ]: carry=0 | base=0.92 | wall=1.58 | search=468 | target=none
R2[SEARCH    ]: carry=0 | base=2.06 | wall=0.49 | search=353 | target=none
R3[SEARCH    ]: carry=0 | base=1.86 | wall=1.15 | search=339 | target=site(1.49,-1.20)
R4[RTB       ]: carry=1 | base=2.23 | wall=0.82 | search=  0 | target=none

[PICKUP] R3 picked up tag (density=1) | Total: 38
  [GIVE-UP] R1 returned empty after 468 searching steps
  [TARGET] R1 → WALL (-0.96, 2.42)

======================================================================
Step 17000 (9.1 min) | Pickups: 38 | Deposits: 36 | Rate: 3.97 tags/min | phero_entries=0 max_w=0.000
======================================================================
R1[SEARCH    ]: carry=0 | base=0.63 | wall=1.97 | search= 59 | target=none
R2[GIVE_UP   ]: carry=0 | base=1.81 | wall=0.77 | search=780 | target=none
R3[RTB       ]: carry=1 | base=1.66 | wall=1.12 | search=  0 | target=none
R4[RTB       ]: carry=1 | base=0.53 | wall=2.09 | search=  0 | target=none

[DEPOSIT] R4 deposited! Total: 37
  [TARGET] R4 → WALL (-2.42, 1.68)
[DEPOSIT] R3 deposited! Total: 38
  [TARGET] R3 → WALL (1.07, -2.42)
  [GIVE-UP] R2 returned empty after 780 searching steps
  [TARGET] R2 → WALL (-2.42, 0.94)

======================================================================
Step 17500 (9.3 min) | Pickups: 38 | Deposits: 38 | Rate: 4.07 tags/min | phero_entries=0 max_w=0.000
======================================================================
R1[SEARCH    ]: carry=0 | base=0.36 | wall=2.16 | search=559 | target=none
R2[BASE_ESC  ]: carry=0 | base=0.23 | wall=2.30 | search=  0 | target=none
R3[DEPART    ]: carry=0 | base=0.28 | wall=2.23 | search=  0 | target=none
R4[SEARCH    ]: carry=0 | base=0.51 | wall=2.07 | search=120 | target=none

  [GIVE-UP] R4 returned empty after 312 searching steps
  [TARGET] R4 → WALL (2.42, 2.26)
  [GIVE-UP] R1 returned empty after 780 searching steps
  [TARGET] R1 → WALL (-1.11, -2.42)

======================================================================
Step 18000 (9.6 min) | Pickups: 38 | Deposits: 38 | Rate: 3.96 tags/min | phero_entries=0 max_w=0.000
======================================================================
R1[BASE_ESC  ]: carry=0 | base=0.23 | wall=2.27 | search=  0 | target=none
R2[SEARCH    ]: carry=0 | base=1.68 | wall=1.13 | search=169 | target=none
R3[SEARCH    ]: carry=0 | base=1.88 | wall=0.83 | search= 57 | target=none
R4[BASE_ESC  ]: carry=0 | base=0.22 | wall=2.32 | search=  0 | target=none

[PICKUP] R1 picked up tag (density=12) | Total: 39

======================================================================
Step 18500 (9.9 min) | Pickups: 39 | Deposits: 38 | Rate: 3.85 tags/min | phero_entries=0 max_w=0.000
======================================================================
R1[SURVEY    ]: carry=1 | base=1.17 | wall=1.53 | search=  0 | target=none
R2[SEARCH    ]: carry=0 | base=2.62 | wall=0.50 | search=669 | target=none
R3[WALL_ESC  ]: carry=0 | base=2.35 | wall=0.34 | search=557 | target=none
R4[SEARCH    ]: carry=0 | base=0.58 | wall=1.99 | search=265 | target=none

TIMEOUT_RESULT pickups=39 deposits=38 steps=18750 elapsed_min=10.000000
BATCH_RESULT pickups=39 deposits=38
