=================================================================
CPFA BASELINE — ARGoS-calibrated parameters
  Params file                  = /home/sara/Documents/RL-FL-Foraging/cpfa_tuning_20260715_155549/trial_015/params.yaml
  Results file                 = /home/sara/Documents/RL-FL-Foraging/controllers/cpfa_baseline/results/cpfa_baseline_results_20260715_163637.txt
  RateOfLayingPheromone        = 10.686424155508199
  RateOfSiteFidelity           = 3.054421903360956
  RateOfPheromoneDecay         = 0.19376083029178198 /s  (lifetime ~36s)
  ProbabilityOfReturningToNest = 0.12216957499483885 (every 5 sec → E[give-up] ~41s)
  UninformedSearchVariation    = 0.33 rad (18.9°)
  RateOfInformedSearchDecay    = 0.9678526710101296 /waypoint
  ProbabilityOfSwitchingToSearching = 0.3035393545976417 (every 5 sec in uninformed DEPARTING)
=================================================================

[PICKUP] R4 picked up tag (density=9) | Total: 1
[PICKUP] R2 picked up tag (density=8) | Total: 2
[DEPOSIT] R4 deposited! Total: 1
  [PHERO] Laid at (0.26, -0.41) density=9 prob=0.38 entries=1
  [TARGET] R4 → SITE (0.26, -0.41)

======================================================================
Step 500 (0.3 min) | Pickups: 2 | Deposits: 1 | Rate: 3.75 tags/min | phero_entries=1 max_w=0.512
======================================================================
R1[SEARCH    ]: carry=0 | base=1.12 | wall=1.50 | search=168 | target=none
R2[RTB       ]: carry=1 | base=0.27 | wall=2.23 | search=  0 | target=none
R3[SEARCH    ]: carry=0 | base=1.85 | wall=0.65 | search=344 | target=none
R4[SITE      ]: carry=0 | base=0.25 | wall=2.28 | search=  0 | target=site(0.26,-0.41)

[DEPOSIT] R2 deposited! Total: 2
  [TARGET] R2 → SITE (0.52, -0.05)
[PICKUP] R4 picked up tag (density=7) | Total: 3
[DEPOSIT] R4 deposited! Total: 3
  [TARGET] R4 → SITE (0.26, -0.14)
  [GIVE-UP] R2 returned empty after 156 searching steps
  [TARGET] R2 → PHERO (0.26, -0.41)

======================================================================
Step 1000 (0.5 min) | Pickups: 3 | Deposits: 3 | Rate: 5.62 tags/min | phero_entries=1 max_w=0.023
======================================================================
R1[GIVE_UP   ]: carry=0 | base=1.43 | wall=1.19 | search=468 | target=none
R2[BASE_ESC  ]: carry=0 | base=0.23 | wall=2.28 | search=  0 | target=phero(0.26,-0.41)
R3[SEARCH    ]: carry=0 | base=2.14 | wall=0.37 | search=844 | target=none
R4[SITE      ]: carry=0 | base=0.30 | wall=2.20 | search=  0 | target=site(0.26,-0.14)

[PICKUP] R4 picked up tag (density=6) | Total: 4
  [GIVE-UP] R1 returned empty after 468 searching steps
  [TARGET] R1 → PHERO (0.26, -0.41)
  [GIVE-UP] R2 returned empty after 156 searching steps
  [TARGET] R2 → PHERO (0.26, -0.41)
[DEPOSIT] R4 deposited! Total: 4
  [PHERO] Laid at (0.30, -0.16) density=6 prob=0.09 entries=2
  [TARGET] R4 → SITE (0.30, -0.16)

======================================================================
Step 1500 (0.8 min) | Pickups: 4 | Deposits: 4 | Rate: 5.00 tags/min | phero_entries=2 max_w=0.776
======================================================================
R1[PHERO     ]: carry=0 | base=0.41 | wall=2.11 | search=  0 | target=phero(0.26,-0.41)
R2[BASE_ESC  ]: carry=0 | base=0.21 | wall=2.33 | search=  0 | target=phero(0.26,-0.41)
R3[SEARCH    ]: carry=0 | base=2.13 | wall=0.38 | search=1344 | target=none
R4[BASE_ESC  ]: carry=0 | base=0.23 | wall=2.31 | search=  0 | target=site(0.30,-0.16)

[PICKUP] R4 picked up tag (density=5) | Total: 5
[PICKUP] R1 picked up tag (density=4) | Total: 6

======================================================================
Step 2000 (1.1 min) | Pickups: 6 | Deposits: 4 | Rate: 3.75 tags/min | phero_entries=1 max_w=0.035
======================================================================
R1[SURVEY    ]: carry=1 | base=0.57 | wall=2.06 | search=  0 | target=none
R2[SEARCH    ]: carry=0 | base=0.43 | wall=2.13 | search=294 | target=phero(0.26,-0.41)
R3[SEARCH    ]: carry=0 | base=2.13 | wall=0.38 | search=1844 | target=none
R4[RTB       ]: carry=1 | base=0.32 | wall=2.19 | search=  0 | target=none

[DEPOSIT] R4 deposited! Total: 5
  [TARGET] R4 → SITE (0.33, -0.19)
[DEPOSIT] R1 deposited! Total: 6
  [TARGET] R1 → SITE (0.35, -0.44)
[PICKUP] R4 picked up tag (density=3) | Total: 7

======================================================================
Step 2500 (1.3 min) | Pickups: 7 | Deposits: 6 | Rate: 4.50 tags/min | phero_entries=1 max_w=0.002
======================================================================
R1[SEARCH    ]: carry=0 | base=0.56 | wall=2.08 | search= 25 | target=site(0.35,-0.44)
R2[SEARCH    ]: carry=0 | base=1.58 | wall=0.96 | search=794 | target=phero(0.26,-0.41)
R3[SEARCH    ]: carry=0 | base=2.12 | wall=0.39 | search=2344 | target=none
R4[RTB       ]: carry=1 | base=0.44 | wall=2.10 | search=  0 | target=none

[PICKUP] R1 picked up tag (density=2) | Total: 8
[DEPOSIT] R4 deposited! Total: 7
  [TARGET] R4 → WALL (0.67, -2.42)

======================================================================
Step 3000 (1.6 min) | Pickups: 8 | Deposits: 7 | Rate: 4.38 tags/min | phero_entries=0 max_w=0.000
======================================================================
R1[RTB       ]: carry=1 | base=0.26 | wall=2.31 | search=  0 | target=none
R2[SEARCH    ]: carry=0 | base=2.20 | wall=0.37 | search=1294 | target=phero(0.26,-0.41)
R3[SEARCH    ]: carry=0 | base=2.12 | wall=0.39 | search=2844 | target=none
R4[DEPART    ]: carry=0 | base=0.62 | wall=2.02 | search=  0 | target=none

[DEPOSIT] R1 deposited! Total: 8
  [TARGET] R1 → SITE (0.43, -0.43)
[PICKUP] R1 picked up tag (density=1) | Total: 9

======================================================================
Step 3500 (1.9 min) | Pickups: 9 | Deposits: 8 | Rate: 4.29 tags/min | phero_entries=0 max_w=0.000
======================================================================
R1[RTB       ]: carry=1 | base=0.63 | wall=2.00 | search=  0 | target=none
R2[SEARCH    ]: carry=0 | base=2.21 | wall=0.37 | search=1794 | target=phero(0.26,-0.41)
R3[SEARCH    ]: carry=0 | base=2.12 | wall=0.39 | search=3344 | target=none
R4[WALL_ESC  ]: carry=0 | base=2.27 | wall=0.33 | search=  0 | target=none

[DEPOSIT] R1 deposited! Total: 9
  [TARGET] R1 → WALL (2.18, 2.42)

======================================================================
Step 4000 (2.1 min) | Pickups: 9 | Deposits: 9 | Rate: 4.22 tags/min | phero_entries=0 max_w=0.000
======================================================================
R1[SEARCH    ]: carry=0 | base=0.92 | wall=1.78 | search= 85 | target=none
R2[SEARCH    ]: carry=0 | base=2.20 | wall=0.37 | search=2294 | target=phero(0.26,-0.41)
R3[SEARCH    ]: carry=0 | base=2.12 | wall=0.39 | search=3844 | target=none
R4[DEPART    ]: carry=0 | base=0.87 | wall=1.87 | search=  0 | target=none

[PICKUP] R1 picked up tag (density=12) | Total: 10

======================================================================
Step 4500 (2.4 min) | Pickups: 10 | Deposits: 9 | Rate: 3.75 tags/min | phero_entries=0 max_w=0.000
======================================================================
R1[RTB       ]: carry=1 | base=0.34 | wall=2.23 | search=  0 | target=none
R2[GIVE_UP   ]: carry=0 | base=1.05 | wall=1.47 | search=2496 | target=none
R3[GIVE_UP   ]: carry=0 | base=0.79 | wall=1.71 | search=3900 | target=none
R4[SEARCH    ]: carry=0 | base=0.76 | wall=1.77 | search=399 | target=none

[DEPOSIT] R1 deposited! Total: 10
  [PHERO] Laid at (0.77, 0.73) density=12 prob=0.72 entries=1
  [TARGET] R1 → SITE (0.77, 0.73)
  [GIVE-UP] R3 returned empty after 3900 searching steps
  [TARGET] R3 → PHERO (0.77, 0.73)
  [GIVE-UP] R2 returned empty after 2496 searching steps
  [TARGET] R2 → PHERO (0.77, 0.73)

======================================================================
Step 5000 (2.7 min) | Pickups: 10 | Deposits: 10 | Rate: 3.75 tags/min | phero_entries=1 max_w=0.052
======================================================================
R1[SEARCH    ]: carry=0 | base=1.03 | wall=1.75 | search=146 | target=site(0.77,0.73)
R2[PHERO     ]: carry=0 | base=0.25 | wall=2.31 | search=  0 | target=phero(0.77,0.73)
R3[SEARCH    ]: carry=0 | base=1.03 | wall=1.74 | search= 29 | target=phero(0.77,0.73)
R4[SEARCH    ]: carry=0 | base=1.03 | wall=1.59 | search=899 | target=none

[PICKUP] R1 picked up tag (density=11) | Total: 11
[PICKUP] R4 picked up tag (density=12) | Total: 12
[PICKUP] R2 picked up tag (density=10) | Total: 13

======================================================================
Step 5500 (2.9 min) | Pickups: 13 | Deposits: 10 | Rate: 3.41 tags/min | phero_entries=1 max_w=0.002
======================================================================
R1[RTB       ]: carry=1 | base=1.05 | wall=1.55 | search=  0 | target=none
R2[SURVEY    ]: carry=1 | base=1.11 | wall=1.68 | search=  0 | target=none
R3[SEARCH    ]: carry=0 | base=1.05 | wall=1.69 | search=529 | target=phero(0.77,0.73)
R4[RTB       ]: carry=1 | base=1.41 | wall=1.16 | search=  0 | target=none

[DEPOSIT] R1 deposited! Total: 11
  [PHERO] Laid at (0.97, 0.57) density=11 prob=0.62 entries=1
  [TARGET] R1 → SITE (0.97, 0.57)
[DEPOSIT] R4 deposited! Total: 12
  [TARGET] R4 → SITE (-1.44, 0.46)
[DEPOSIT] R2 deposited! Total: 13
  [TARGET] R2 → SITE (0.78, 0.75)

======================================================================
Step 6000 (3.2 min) | Pickups: 13 | Deposits: 13 | Rate: 4.06 tags/min | phero_entries=1 max_w=0.167
======================================================================
R1[SITE      ]: carry=0 | base=0.86 | wall=1.74 | search=  0 | target=site(0.97,0.57)
R2[SITE      ]: carry=0 | base=0.27 | wall=2.25 | search=  0 | target=site(0.78,0.75)
R3[SEARCH    ]: carry=0 | base=1.95 | wall=0.70 | search=1029 | target=phero(0.77,0.73)
R4[SITE      ]: carry=0 | base=0.54 | wall=2.02 | search=  0 | target=site(-1.44,0.46)

[PICKUP] R4 picked up tag (density=11) | Total: 14
[PICKUP] R1 picked up tag (density=9) | Total: 15
[PICKUP] R2 picked up tag (density=8) | Total: 16

======================================================================
Step 6500 (3.5 min) | Pickups: 16 | Deposits: 13 | Rate: 3.75 tags/min | phero_entries=1 max_w=0.008
======================================================================
R1[SURVEY    ]: carry=1 | base=1.18 | wall=1.47 | search=  0 | target=none
R2[SURVEY    ]: carry=1 | base=1.13 | wall=1.62 | search=  0 | target=none
R3[SEARCH    ]: carry=0 | base=1.61 | wall=0.90 | search=1529 | target=phero(0.77,0.73)
R4[RTB       ]: carry=1 | base=0.74 | wall=1.81 | search=  0 | target=none

[DEPOSIT] R4 deposited! Total: 14
  [PHERO] Laid at (-1.06, 0.38) density=11 prob=0.62 entries=2
  [TARGET] R4 → SITE (-1.06, 0.38)
  [GIVE-UP] R3 returned empty after 1560 searching steps
  [TARGET] R3 → PHERO (-1.06, 0.38)
[DEPOSIT] R1 deposited! Total: 15
  [PHERO] Laid at (1.03, 0.58) density=9 prob=0.38 entries=2
  [TARGET] R1 → SITE (1.03, 0.58)
[DEPOSIT] R2 deposited! Total: 16
  [TARGET] R2 → SITE (0.88, 0.70)

======================================================================
Step 7000 (3.7 min) | Pickups: 16 | Deposits: 16 | Rate: 4.29 tags/min | phero_entries=2 max_w=0.548
======================================================================
R1[BASE_ESC  ]: carry=0 | base=0.23 | wall=2.28 | search=  0 | target=site(1.03,0.58)
R2[BASE_ESC  ]: carry=0 | base=0.22 | wall=2.34 | search=  0 | target=site(0.88,0.70)
R3[PHERO     ]: carry=0 | base=0.26 | wall=2.24 | search=  0 | target=phero(-1.06,0.38)
R4[SEARCH    ]: carry=0 | base=1.10 | wall=1.46 | search= 34 | target=site(-1.06,0.38)

[PICKUP] R3 picked up tag (density=10) | Total: 17
[PICKUP] R4 picked up tag (density=9) | Total: 18

======================================================================
Step 7500 (4.0 min) | Pickups: 18 | Deposits: 16 | Rate: 4.00 tags/min | phero_entries=2 max_w=0.025
======================================================================
R1[SEARCH    ]: carry=0 | base=1.10 | wall=1.50 | search=235 | target=site(1.03,0.58)
R2[SEARCH    ]: carry=0 | base=0.99 | wall=1.74 | search=232 | target=site(0.88,0.70)
R3[SURVEY    ]: carry=1 | base=1.17 | wall=1.39 | search=  0 | target=none
R4[SURVEY    ]: carry=1 | base=1.47 | wall=1.10 | search=  0 | target=none

[DEPOSIT] R3 deposited! Total: 17
  [PHERO] Laid at (-1.11, 0.38) density=10 prob=0.50 entries=2
  [TARGET] R3 → SITE (-1.11, 0.38)
[DEPOSIT] R4 deposited! Total: 18
  [PHERO] Laid at (-1.40, 0.43) density=9 prob=0.38 entries=3
  [TARGET] R4 → SITE (-1.40, 0.43)

======================================================================
Step 8000 (4.3 min) | Pickups: 18 | Deposits: 18 | Rate: 4.22 tags/min | phero_entries=3 max_w=0.982
======================================================================
R1[SEARCH    ]: carry=0 | base=0.27 | wall=2.24 | search=735 | target=site(1.03,0.58)
R2[WALL_ESC  ]: carry=0 | base=2.17 | wall=0.34 | search=732 | target=site(0.88,0.70)
R3[SITE      ]: carry=0 | base=0.30 | wall=2.26 | search=  0 | target=site(-1.11,0.38)
R4[BASE_ESC  ]: carry=0 | base=0.24 | wall=2.27 | search=  0 | target=site(-1.40,0.43)

[PICKUP] R3 picked up tag (density=8) | Total: 19
[PICKUP] R4 picked up tag (density=7) | Total: 20

======================================================================
Step 8500 (4.5 min) | Pickups: 20 | Deposits: 18 | Rate: 3.97 tags/min | phero_entries=2 max_w=0.044
======================================================================
R1[BASE_ESC  ]: carry=0 | base=0.24 | wall=2.28 | search=1235 | target=site(1.03,0.58)
R2[GIVE_UP   ]: carry=0 | base=1.14 | wall=1.36 | search=936 | target=none
R3[SURVEY    ]: carry=1 | base=1.26 | wall=1.28 | search=  0 | target=none
R4[SURVEY    ]: carry=1 | base=1.21 | wall=1.34 | search=  0 | target=none

  [GIVE-UP] R1 returned empty after 1404 searching steps
  [TARGET] R1 → PHERO (-1.11, 0.38)
  [GIVE-UP] R2 returned empty after 936 searching steps
  [TARGET] R2 → PHERO (-1.40, 0.43)
[DEPOSIT] R3 deposited! Total: 19
  [TARGET] R3 → SITE (-1.13, 0.31)
[DEPOSIT] R4 deposited! Total: 20
  [TARGET] R4 → SITE (-1.16, 0.34)
[PICKUP] R1 picked up tag (density=6) | Total: 21

======================================================================
Step 9000 (4.8 min) | Pickups: 21 | Deposits: 20 | Rate: 4.17 tags/min | phero_entries=1 max_w=0.002
======================================================================
R1[SURVEY    ]: carry=1 | base=0.32 | wall=2.24 | search=  0 | target=none
R2[PHERO     ]: carry=0 | base=0.26 | wall=2.29 | search=  0 | target=phero(-1.40,0.43)
R3[SITE      ]: carry=0 | base=0.49 | wall=2.06 | search=  0 | target=site(-1.13,0.31)
R4[SITE      ]: carry=0 | base=0.27 | wall=2.23 | search=  0 | target=site(-1.16,0.34)

[DEPOSIT] R1 deposited! Total: 21
  [TARGET] R1 → SITE (-0.25, -0.20)
[PICKUP] R4 picked up tag (density=6) | Total: 22
[PICKUP] R3 picked up tag (density=5) | Total: 23
[PICKUP] R1 picked up tag (density=5) | Total: 24
[PICKUP] R2 picked up tag (density=4) | Total: 25

======================================================================
Step 9500 (5.1 min) | Pickups: 25 | Deposits: 21 | Rate: 4.14 tags/min | phero_entries=0 max_w=0.000
======================================================================
R1[SURVEY    ]: carry=1 | base=0.36 | wall=2.22 | search=  0 | target=none
R2[SURVEY    ]: carry=1 | base=1.44 | wall=1.12 | search=  0 | target=none
R3[SURVEY    ]: carry=1 | base=1.20 | wall=1.33 | search=  0 | target=none
R4[SURVEY    ]: carry=1 | base=1.17 | wall=1.34 | search=  0 | target=none

[DEPOSIT] R1 deposited! Total: 22
  [TARGET] R1 → SITE (-0.27, -0.23)
[DEPOSIT] R4 deposited! Total: 23
  [TARGET] R4 → SITE (-1.17, 0.29)
[DEPOSIT] R3 deposited! Total: 24
  [TARGET] R3 → SITE (-1.17, 0.25)

======================================================================
Step 10000 (5.3 min) | Pickups: 25 | Deposits: 24 | Rate: 4.50 tags/min | phero_entries=0 max_w=0.000
======================================================================
R1[SEARCH    ]: carry=0 | base=0.44 | wall=2.18 | search=101 | target=site(-0.27,-0.23)
R2[RTB       ]: carry=1 | base=0.27 | wall=2.24 | search=  0 | target=none
R3[SITE      ]: carry=0 | base=0.34 | wall=2.21 | search=  0 | target=site(-1.17,0.25)
R4[SITE      ]: carry=0 | base=0.39 | wall=2.11 | search=  0 | target=site(-1.17,0.29)

[DEPOSIT] R2 deposited! Total: 25
  [TARGET] R2 → SITE (-1.38, 0.41)
[PICKUP] R4 picked up tag (density=3) | Total: 26
[PICKUP] R3 picked up tag (density=2) | Total: 27
  [GIVE-UP] R1 returned empty after 312 searching steps
  [TARGET] R1 → WALL (0.07, 2.42)

======================================================================
Step 10500 (5.6 min) | Pickups: 27 | Deposits: 25 | Rate: 4.46 tags/min | phero_entries=0 max_w=0.000
======================================================================
R1[DEPART    ]: carry=0 | base=0.27 | wall=2.30 | search=  0 | target=none
R2[SEARCH    ]: carry=0 | base=1.46 | wall=1.11 | search= 71 | target=site(-1.38,0.41)
R3[SURVEY    ]: carry=1 | base=1.22 | wall=1.31 | search=  0 | target=none
R4[SURVEY    ]: carry=1 | base=1.28 | wall=1.25 | search=  0 | target=none

[DEPOSIT] R3 deposited! Total: 26
  [TARGET] R3 → WALL (-2.42, 1.81)
[DEPOSIT] R4 deposited! Total: 27
  [TARGET] R4 → WALL (-2.42, 1.29)
  [GIVE-UP] R1 returned empty after 156 searching steps
  [TARGET] R1 → WALL (1.04, -2.42)

======================================================================
Step 11000 (5.9 min) | Pickups: 27 | Deposits: 27 | Rate: 4.60 tags/min | phero_entries=0 max_w=0.000
======================================================================
R1[BASE_ESC  ]: carry=0 | base=0.22 | wall=2.32 | search=  0 | target=none
R2[SEARCH    ]: carry=0 | base=1.21 | wall=1.61 | search=571 | target=site(-1.38,0.41)
R3[DEPART    ]: carry=0 | base=0.65 | wall=1.98 | search=  0 | target=none
R4[DEPART    ]: carry=0 | base=0.55 | wall=1.96 | search=  0 | target=none


======================================================================
Step 11500 (6.1 min) | Pickups: 27 | Deposits: 27 | Rate: 4.40 tags/min | phero_entries=0 max_w=0.000
======================================================================
R1[DEPART    ]: carry=0 | base=1.51 | wall=1.17 | search=  0 | target=none
R2[GIVE_UP   ]: carry=0 | base=1.18 | wall=1.38 | search=936 | target=none
R3[SEARCH    ]: carry=0 | base=0.95 | wall=1.56 | search=449 | target=none
R4[DEPART    ]: carry=0 | base=2.40 | wall=0.37 | search=  0 | target=none

  [GIVE-UP] R2 returned empty after 936 searching steps
  [TARGET] R2 → WALL (-0.87, 2.42)

======================================================================
Step 12000 (6.4 min) | Pickups: 27 | Deposits: 27 | Rate: 4.22 tags/min | phero_entries=0 max_w=0.000
======================================================================
R1[SEARCH    ]: carry=0 | base=2.29 | wall=0.38 | search=461 | target=none
R2[DEPART    ]: carry=0 | base=0.77 | wall=1.80 | search=  0 | target=none
R3[SEARCH    ]: carry=0 | base=1.71 | wall=0.87 | search=949 | target=none
R4[SEARCH    ]: carry=0 | base=2.21 | wall=0.37 | search=223 | target=none

[PICKUP] R2 picked up tag (density=9) | Total: 28

======================================================================
Step 12500 (6.7 min) | Pickups: 28 | Deposits: 27 | Rate: 4.05 tags/min | phero_entries=0 max_w=0.000
======================================================================
R1[SEARCH    ]: carry=0 | base=2.30 | wall=0.37 | search=961 | target=none
R2[SURVEY    ]: carry=1 | base=1.94 | wall=0.64 | search=  0 | target=none
R3[WALL_ESC  ]: carry=0 | base=2.17 | wall=0.34 | search=1449 | target=none
R4[SEARCH    ]: carry=0 | base=2.21 | wall=0.37 | search=723 | target=none


======================================================================
Step 13000 (6.9 min) | Pickups: 28 | Deposits: 27 | Rate: 3.89 tags/min | phero_entries=0 max_w=0.000
======================================================================
R1[SEARCH    ]: carry=0 | base=2.31 | wall=0.35 | search=1461 | target=none
R2[RTB       ]: carry=1 | base=0.38 | wall=2.13 | search=  0 | target=none
R3[SEARCH    ]: carry=0 | base=2.13 | wall=0.38 | search=1949 | target=none
R4[SEARCH    ]: carry=0 | base=2.20 | wall=0.38 | search=1223 | target=none

[DEPOSIT] R2 deposited! Total: 28
  [TARGET] R2 → SITE (-0.57, 1.86)

======================================================================
Step 13500 (7.2 min) | Pickups: 28 | Deposits: 28 | Rate: 3.89 tags/min | phero_entries=0 max_w=0.000
======================================================================
R1[WALL_ESC  ]: carry=0 | base=2.32 | wall=0.34 | search=1961 | target=none
R2[SITE      ]: carry=0 | base=1.57 | wall=1.00 | search=  0 | target=site(-0.57,1.86)
R3[SEARCH    ]: carry=0 | base=2.13 | wall=0.38 | search=2449 | target=none
R4[SEARCH    ]: carry=0 | base=2.20 | wall=0.39 | search=1723 | target=none

[PICKUP] R2 picked up tag (density=8) | Total: 29
[PICKUP] R3 picked up tag (density=1) | Total: 30

======================================================================
Step 14000 (7.5 min) | Pickups: 30 | Deposits: 28 | Rate: 3.75 tags/min | phero_entries=0 max_w=0.000
======================================================================
R1[WALL_ESC  ]: carry=0 | base=2.32 | wall=0.34 | search=2461 | target=none
R2[SURVEY    ]: carry=1 | base=1.84 | wall=0.72 | search=  0 | target=none
R3[SURVEY    ]: carry=1 | base=1.48 | wall=1.02 | search=  0 | target=none
R4[GIVE_UP   ]: carry=0 | base=1.64 | wall=0.92 | search=2028 | target=none

  [GIVE-UP] R4 returned empty after 2028 searching steps
  [TARGET] R4 → WALL (-2.42, 0.99)
[DEPOSIT] R3 deposited! Total: 29
  [TARGET] R3 → WALL (-2.35, 2.42)
[DEPOSIT] R2 deposited! Total: 30
  [TARGET] R2 → SITE (-0.45, 1.78)

======================================================================
Step 14500 (7.7 min) | Pickups: 30 | Deposits: 30 | Rate: 3.88 tags/min | phero_entries=0 max_w=0.000
======================================================================
R1[WALL_ESC  ]: carry=0 | base=2.32 | wall=0.33 | search=2961 | target=none
R2[BASE_ESC  ]: carry=0 | base=0.23 | wall=2.28 | search=  0 | target=site(-0.45,1.78)
R3[DEPART    ]: carry=0 | base=0.27 | wall=2.24 | search=  0 | target=none
R4[DEPART    ]: carry=0 | base=0.29 | wall=2.26 | search=  0 | target=none


======================================================================
Step 15000 (8.0 min) | Pickups: 30 | Deposits: 30 | Rate: 3.75 tags/min | phero_entries=0 max_w=0.000
======================================================================
R1[WALL_ESC  ]: carry=0 | base=2.32 | wall=0.33 | search=3461 | target=none
R2[SITE      ]: carry=0 | base=1.76 | wall=0.79 | search=  0 | target=site(-0.45,1.78)
R3[SEARCH    ]: carry=0 | base=1.90 | wall=1.11 | search= 48 | target=none
R4[SEARCH    ]: carry=0 | base=1.98 | wall=0.85 | search=203 | target=none


======================================================================
Step 15500 (8.3 min) | Pickups: 30 | Deposits: 30 | Rate: 3.63 tags/min | phero_entries=0 max_w=0.000
======================================================================
R1[WALL_ESC  ]: carry=0 | base=2.31 | wall=0.34 | search=3961 | target=none
R2[SEARCH    ]: carry=0 | base=1.46 | wall=1.33 | search=495 | target=site(-0.45,1.78)
R3[GIVE_UP   ]: carry=0 | base=1.17 | wall=1.59 | search=312 | target=none
R4[SEARCH    ]: carry=0 | base=2.57 | wall=0.37 | search=703 | target=none

  [GIVE-UP] R3 returned empty after 312 searching steps
  [TARGET] R3 → WALL (-2.21, 2.42)

======================================================================
Step 16000 (8.5 min) | Pickups: 30 | Deposits: 30 | Rate: 3.52 tags/min | phero_entries=0 max_w=0.000
======================================================================
R1[GIVE_UP   ]: carry=0 | base=0.79 | wall=1.77 | search=4056 | target=none
R2[SEARCH    ]: carry=0 | base=0.85 | wall=1.72 | search=995 | target=site(-0.45,1.78)
R3[DEPART    ]: carry=0 | base=0.78 | wall=1.86 | search=  0 | target=none
R4[WALL_ESC  ]: carry=0 | base=2.68 | wall=0.31 | search=1203 | target=none

[PICKUP] R2 picked up tag (density=4) | Total: 31
  [GIVE-UP] R1 returned empty after 4056 searching steps
  [TARGET] R1 → WALL (2.22, -2.42)
[DEPOSIT] R2 deposited! Total: 31
  [TARGET] R2 → SITE (-0.69, -0.36)

======================================================================
Step 16500 (8.8 min) | Pickups: 31 | Deposits: 31 | Rate: 3.52 tags/min | phero_entries=0 max_w=0.000
======================================================================
R1[DEPART    ]: carry=0 | base=1.08 | wall=1.61 | search=  0 | target=none
R2[SITE      ]: carry=0 | base=0.34 | wall=2.26 | search=  0 | target=site(-0.69,-0.36)
R3[DEPART    ]: carry=0 | base=2.69 | wall=0.50 | search=  0 | target=none
R4[SEARCH    ]: carry=0 | base=2.58 | wall=0.40 | search=1703 | target=none

[PICKUP] R2 picked up tag (density=3) | Total: 32
[DEPOSIT] R2 deposited! Total: 32
  [TARGET] R2 → SITE (-0.33, -0.28)

======================================================================
Step 17000 (9.1 min) | Pickups: 32 | Deposits: 32 | Rate: 3.53 tags/min | phero_entries=0 max_w=0.000
======================================================================
R1[GIVE_UP   ]: carry=0 | base=1.29 | wall=1.31 | search=312 | target=none
R2[SITE      ]: carry=0 | base=0.34 | wall=2.21 | search=  0 | target=site(-0.33,-0.28)
R3[SEARCH    ]: carry=0 | base=2.72 | wall=0.38 | search=317 | target=none
R4[WALL_ESC  ]: carry=0 | base=2.61 | wall=0.35 | search=2203 | target=none

[PICKUP] R2 picked up tag (density=2) | Total: 33
  [GIVE-UP] R1 returned empty after 312 searching steps
  [TARGET] R1 → WALL (-2.42, 1.84)

======================================================================
Step 17500 (9.3 min) | Pickups: 33 | Deposits: 32 | Rate: 3.43 tags/min | phero_entries=0 max_w=0.000
======================================================================
R1[BASE_ESC  ]: carry=0 | base=0.24 | wall=2.30 | search=  0 | target=none
R2[SURVEY    ]: carry=1 | base=0.38 | wall=2.17 | search=  0 | target=none
R3[WALL_ESC  ]: carry=0 | base=2.86 | wall=0.31 | search=817 | target=none
R4[WALL_ESC  ]: carry=0 | base=2.67 | wall=0.33 | search=2703 | target=none

[DEPOSIT] R2 deposited! Total: 33
  [TARGET] R2 → SITE (-0.34, -0.18)

======================================================================
Step 18000 (9.6 min) | Pickups: 33 | Deposits: 33 | Rate: 3.44 tags/min | phero_entries=0 max_w=0.000
======================================================================
R1[DEPART    ]: carry=0 | base=1.10 | wall=1.53 | search=  0 | target=none
R2[SEARCH    ]: carry=0 | base=0.26 | wall=2.31 | search=243 | target=site(-0.34,-0.18)
R3[SEARCH    ]: carry=0 | base=2.76 | wall=0.40 | search=1317 | target=none
R4[SEARCH    ]: carry=0 | base=2.57 | wall=0.39 | search=3203 | target=none


======================================================================
Step 18500 (9.9 min) | Pickups: 33 | Deposits: 33 | Rate: 3.34 tags/min | phero_entries=0 max_w=0.000
======================================================================
R1[SEARCH    ]: carry=0 | base=1.58 | wall=0.93 | search=415 | target=none
R2[SEARCH    ]: carry=0 | base=0.36 | wall=2.17 | search=743 | target=site(-0.34,-0.18)
R3[SEARCH    ]: carry=0 | base=2.77 | wall=0.35 | search=1817 | target=none
R4[WALL_ESC  ]: carry=0 | base=2.67 | wall=0.31 | search=3703 | target=none

TIMEOUT_RESULT pickups=33 deposits=33 steps=18750 elapsed_min=10.000000
BATCH_RESULT pickups=33 deposits=33
