=================================================================
CPFA BASELINE — ARGoS-calibrated parameters
  Params file                  = /home/sara/Documents/RL-FL-Foraging/cpfa_tuning_20260715_155549/trial_015/params.yaml
  Results file                 = /home/sara/Documents/RL-FL-Foraging/controllers/cpfa_baseline/results/cpfa_baseline_results_20260715_163637_2.txt
  RateOfLayingPheromone        = 10.686424155508199
  RateOfSiteFidelity           = 3.054421903360956
  RateOfPheromoneDecay         = 0.19376083029178198 /s  (lifetime ~36s)
  ProbabilityOfReturningToNest = 0.12216957499483885 (every 5 sec → E[give-up] ~41s)
  UninformedSearchVariation    = 0.33 rad (18.9°)
  RateOfInformedSearchDecay    = 0.9678526710101296 /waypoint
  ProbabilityOfSwitchingToSearching = 0.3035393545976417 (every 5 sec in uninformed DEPARTING)
=================================================================

[PICKUP] R4 picked up tag (density=6) | Total: 1
[PICKUP] R1 picked up tag (density=5) | Total: 2
[PICKUP] R3 picked up tag (density=9) | Total: 3
[DEPOSIT] R4 deposited! Total: 1
  [TARGET] R4 → SITE (0.00, -0.50)
[DEPOSIT] R1 deposited! Total: 2
  [TARGET] R1 → SITE (0.00, -0.38)
[PICKUP] R4 picked up tag (density=4) | Total: 4

======================================================================
Step 500 (0.3 min) | Pickups: 4 | Deposits: 2 | Rate: 7.50 tags/min | phero_entries=0 max_w=0.000
======================================================================
R1[BASE_ESC  ]: carry=0 | base=0.22 | wall=2.29 | search=  0 | target=site(0.00,-0.38)
R2[SEARCH    ]: carry=0 | base=1.36 | wall=1.16 | search=188 | target=none
R3[RTB       ]: carry=1 | base=0.33 | wall=2.20 | search=  0 | target=none
R4[SURVEY    ]: carry=1 | base=0.37 | wall=2.16 | search=  0 | target=none

[DEPOSIT] R3 deposited! Total: 3
  [PHERO] Laid at (-0.25, 0.39) density=9 prob=0.38 entries=1
  [TARGET] R3 → SITE (-0.25, 0.39)
[DEPOSIT] R4 deposited! Total: 4
  [TARGET] R4 → SITE (0.14, -0.34)
[PICKUP] R3 picked up tag (density=8) | Total: 5

======================================================================
Step 1000 (0.5 min) | Pickups: 5 | Deposits: 4 | Rate: 7.50 tags/min | phero_entries=1 max_w=0.052
======================================================================
R1[SEARCH    ]: carry=0 | base=0.37 | wall=2.15 | search=319 | target=site(0.00,-0.38)
R2[SEARCH    ]: carry=0 | base=2.19 | wall=0.38 | search=688 | target=none
R3[SURVEY    ]: carry=1 | base=0.55 | wall=2.08 | search=  0 | target=none
R4[SITE      ]: carry=0 | base=0.37 | wall=2.19 | search=  0 | target=site(0.14,-0.34)

[PICKUP] R1 picked up tag (density=7) | Total: 6
[DEPOSIT] R3 deposited! Total: 5
  [PHERO] Laid at (-0.34, 0.42) density=8 prob=0.26 entries=2
  [TARGET] R3 → SITE (-0.34, 0.42)
[PICKUP] R4 picked up tag (density=3) | Total: 7
[DEPOSIT] R1 deposited! Total: 6
  [TARGET] R1 → SITE (-0.41, 0.05)

======================================================================
Step 1500 (0.8 min) | Pickups: 7 | Deposits: 6 | Rate: 7.50 tags/min | phero_entries=2 max_w=0.202
======================================================================
R1[BASE_ESC  ]: carry=0 | base=0.22 | wall=2.29 | search=  0 | target=site(-0.41,0.05)
R2[SEARCH    ]: carry=0 | base=2.19 | wall=0.38 | search=1188 | target=none
R3[SEARCH    ]: carry=0 | base=0.57 | wall=2.04 | search= 45 | target=site(-0.34,0.42)
R4[RTB       ]: carry=1 | base=0.44 | wall=2.08 | search=  0 | target=none

[PICKUP] R1 picked up tag (density=6) | Total: 8
[DEPOSIT] R4 deposited! Total: 7
  [TARGET] R4 → PHERO (-0.34, 0.42)
[PICKUP] R3 picked up tag (density=5) | Total: 9
[DEPOSIT] R1 deposited! Total: 8
  [TARGET] R1 → SITE (-0.36, 0.11)
[DEPOSIT] R3 deposited! Total: 9
  [TARGET] R3 → SITE (-0.42, 0.42)

======================================================================
Step 2000 (1.1 min) | Pickups: 9 | Deposits: 9 | Rate: 8.44 tags/min | phero_entries=1 max_w=0.009
======================================================================
R1[BASE_ESC  ]: carry=0 | base=0.24 | wall=2.30 | search=  0 | target=site(-0.36,0.11)
R2[SEARCH    ]: carry=0 | base=2.19 | wall=0.38 | search=1688 | target=none
R3[BASE_ESC  ]: carry=0 | base=0.22 | wall=2.32 | search=  0 | target=site(-0.42,0.42)
R4[PHERO     ]: carry=0 | base=0.26 | wall=2.24 | search=  0 | target=phero(-0.34,0.42)

[PICKUP] R3 picked up tag (density=4) | Total: 10

======================================================================
Step 2500 (1.3 min) | Pickups: 10 | Deposits: 9 | Rate: 6.75 tags/min | phero_entries=0 max_w=0.000
======================================================================
R1[SEARCH    ]: carry=0 | base=0.58 | wall=1.92 | search=417 | target=site(-0.36,0.11)
R2[SEARCH    ]: carry=0 | base=2.20 | wall=0.37 | search=2188 | target=none
R3[RTB       ]: carry=1 | base=0.47 | wall=2.14 | search=  0 | target=none
R4[SEARCH    ]: carry=0 | base=0.47 | wall=2.09 | search=256 | target=phero(-0.34,0.42)

[DEPOSIT] R3 deposited! Total: 10
  [TARGET] R3 → WALL (-2.36, 2.42)
[PICKUP] R4 picked up tag (density=3) | Total: 11
[PICKUP] R1 picked up tag (density=12) | Total: 12
[DEPOSIT] R4 deposited! Total: 11
  [TARGET] R4 → WALL (-0.84, -2.42)

======================================================================
Step 3000 (1.6 min) | Pickups: 12 | Deposits: 11 | Rate: 6.88 tags/min | phero_entries=0 max_w=0.000
======================================================================
R1[RTB       ]: carry=1 | base=1.08 | wall=1.59 | search=  0 | target=none
R2[GIVE_UP   ]: carry=0 | base=0.86 | wall=1.66 | search=2340 | target=none
R3[SEARCH    ]: carry=0 | base=1.42 | wall=1.42 | search= 22 | target=none
R4[BASE_ESC  ]: carry=0 | base=0.22 | wall=2.32 | search=  0 | target=none

  [GIVE-UP] R2 returned empty after 2340 searching steps
  [TARGET] R2 → WALL (0.73, -2.42)
[DEPOSIT] R1 deposited! Total: 12
  [PHERO] Laid at (-0.91, -0.57) density=12 prob=0.72 entries=1
  [TARGET] R1 → SITE (-0.91, -0.57)
  [GIVE-UP] R3 returned empty after 156 searching steps
  [TARGET] R3 → PHERO (-0.91, -0.57)

======================================================================
Step 3500 (1.9 min) | Pickups: 12 | Deposits: 12 | Rate: 6.43 tags/min | phero_entries=1 max_w=0.182
======================================================================
R1[SITE      ]: carry=0 | base=0.82 | wall=1.83 | search=  0 | target=site(-0.91,-0.57)
R2[BASE_ESC  ]: carry=0 | base=0.25 | wall=2.28 | search= 33 | target=none
R3[BASE_ESC  ]: carry=0 | base=0.24 | wall=2.28 | search=  0 | target=phero(-0.91,-0.57)
R4[SEARCH    ]: carry=0 | base=0.86 | wall=1.73 | search=111 | target=none

[PICKUP] R1 picked up tag (density=11) | Total: 13

======================================================================
Step 4000 (2.1 min) | Pickups: 13 | Deposits: 12 | Rate: 5.62 tags/min | phero_entries=1 max_w=0.008
======================================================================
R1[RTB       ]: carry=1 | base=1.06 | wall=1.60 | search=  0 | target=none
R2[SEARCH    ]: carry=0 | base=0.25 | wall=2.28 | search=533 | target=none
R3[PHERO     ]: carry=0 | base=0.99 | wall=1.66 | search=  0 | target=phero(-0.91,-0.57)
R4[SEARCH    ]: carry=0 | base=1.60 | wall=1.07 | search=611 | target=none

[PICKUP] R3 picked up tag (density=10) | Total: 14
[DEPOSIT] R1 deposited! Total: 13
  [TARGET] R1 → SITE (-0.99, -0.57)

======================================================================
Step 4500 (2.4 min) | Pickups: 14 | Deposits: 13 | Rate: 5.42 tags/min | phero_entries=0 max_w=0.000
======================================================================
R1[SITE      ]: carry=0 | base=0.28 | wall=2.23 | search=  0 | target=site(-0.99,-0.57)
R2[SEARCH    ]: carry=0 | base=0.34 | wall=2.16 | search=1033 | target=none
R3[RTB       ]: carry=1 | base=0.43 | wall=2.17 | search=  0 | target=none
R4[SEARCH    ]: carry=0 | base=2.72 | wall=0.40 | search=1111 | target=none

[DEPOSIT] R3 deposited! Total: 14
  [TARGET] R3 → SITE (-0.85, -0.66)
[PICKUP] R2 picked up tag (density=2) | Total: 15
[DEPOSIT] R2 deposited! Total: 15
  [TARGET] R2 → WALL (-2.42, -0.65)

======================================================================
Step 5000 (2.7 min) | Pickups: 15 | Deposits: 15 | Rate: 5.62 tags/min | phero_entries=0 max_w=0.000
======================================================================
R1[SEARCH    ]: carry=0 | base=1.03 | wall=1.62 | search=214 | target=site(-0.99,-0.57)
R2[DEPART    ]: carry=0 | base=0.31 | wall=2.27 | search=  0 | target=none
R3[SEARCH    ]: carry=0 | base=1.09 | wall=1.68 | search=120 | target=site(-0.85,-0.66)
R4[SEARCH    ]: carry=0 | base=2.68 | wall=0.39 | search=1611 | target=none

[PICKUP] R2 picked up tag (density=1) | Total: 16
  [GIVE-UP] R3 returned empty after 156 searching steps
  [TARGET] R3 → WALL (2.42, 0.14)
[PICKUP] R1 picked up tag (density=9) | Total: 17
[DEPOSIT] R2 deposited! Total: 16
  [TARGET] R2 → SITE (-0.50, 0.14)

======================================================================
Step 5500 (2.9 min) | Pickups: 17 | Deposits: 16 | Rate: 5.45 tags/min | phero_entries=0 max_w=0.000
======================================================================
R1[RTB       ]: carry=1 | base=1.50 | wall=1.36 | search=  0 | target=none
R2[BASE_ESC  ]: carry=0 | base=0.24 | wall=2.29 | search=  0 | target=site(-0.50,0.14)
R3[DEPART    ]: carry=0 | base=0.31 | wall=2.24 | search=  0 | target=none
R4[WALL_ESC  ]: carry=0 | base=2.80 | wall=0.31 | search=2111 | target=none

[DEPOSIT] R1 deposited! Total: 17
  [TARGET] R1 → SITE (-1.22, -1.00)

======================================================================
Step 6000 (3.2 min) | Pickups: 17 | Deposits: 17 | Rate: 5.31 tags/min | phero_entries=0 max_w=0.000
======================================================================
R1[SITE      ]: carry=0 | base=0.44 | wall=2.15 | search=  0 | target=site(-1.22,-1.00)
R2[SEARCH    ]: carry=0 | base=0.47 | wall=2.09 | search=406 | target=site(-0.50,0.14)
R3[DEPART    ]: carry=0 | base=2.07 | wall=0.43 | search=  0 | target=none
R4[SEARCH    ]: carry=0 | base=2.74 | wall=0.38 | search=2611 | target=none

[PICKUP] R3 picked up tag (density=9) | Total: 18
[PICKUP] R1 picked up tag (density=8) | Total: 19

======================================================================
Step 6500 (3.5 min) | Pickups: 19 | Deposits: 17 | Rate: 4.90 tags/min | phero_entries=0 max_w=0.000
======================================================================
R1[RTB       ]: carry=1 | base=0.89 | wall=1.86 | search=  0 | target=none
R2[GIVE_UP   ]: carry=0 | base=1.20 | wall=1.31 | search=780 | target=none
R3[WALL_ESC  ]: carry=1 | base=2.16 | wall=0.34 | search=  0 | target=none
R4[SEARCH    ]: carry=0 | base=2.70 | wall=0.37 | search=3111 | target=none

[DEPOSIT] R1 deposited! Total: 18
  [TARGET] R1 → SITE (-0.84, -0.75)
  [GIVE-UP] R2 returned empty after 780 searching steps
  [TARGET] R2 → WALL (-2.42, -0.72)

======================================================================
Step 7000 (3.7 min) | Pickups: 19 | Deposits: 18 | Rate: 4.82 tags/min | phero_entries=0 max_w=0.000
======================================================================
R1[SITE      ]: carry=0 | base=1.03 | wall=1.74 | search=  0 | target=site(-0.84,-0.75)
R2[BASE_ESC  ]: carry=0 | base=0.25 | wall=2.31 | search=  0 | target=none
R3[RTB       ]: carry=1 | base=0.39 | wall=2.11 | search=  0 | target=none
R4[WALL_ESC  ]: carry=0 | base=2.81 | wall=0.32 | search=3611 | target=none

[DEPOSIT] R3 deposited! Total: 19
  [TARGET] R3 → SITE (2.14, 0.15)
[PICKUP] R1 picked up tag (density=7) | Total: 20

======================================================================
Step 7500 (4.0 min) | Pickups: 20 | Deposits: 19 | Rate: 4.75 tags/min | phero_entries=0 max_w=0.000
======================================================================
R1[RTB       ]: carry=1 | base=0.45 | wall=2.17 | search=  0 | target=none
R2[DEPART    ]: carry=0 | base=1.63 | wall=0.97 | search=  0 | target=none
R3[SITE      ]: carry=0 | base=1.56 | wall=0.94 | search=  0 | target=site(2.14,0.15)
R4[SEARCH    ]: carry=0 | base=2.69 | wall=0.40 | search=4111 | target=none

[DEPOSIT] R1 deposited! Total: 20
  [TARGET] R1 → SITE (-0.87, -0.72)
[PICKUP] R3 picked up tag (density=8) | Total: 21

======================================================================
Step 8000 (4.3 min) | Pickups: 21 | Deposits: 20 | Rate: 4.69 tags/min | phero_entries=0 max_w=0.000
======================================================================
R1[SEARCH    ]: carry=0 | base=1.16 | wall=1.58 | search=103 | target=site(-0.87,-0.72)
R2[DEPART    ]: carry=0 | base=1.61 | wall=0.96 | search=  0 | target=none
R3[RTB       ]: carry=1 | base=1.21 | wall=1.29 | search=  0 | target=none
R4[WALL_ESC  ]: carry=0 | base=2.76 | wall=0.33 | search=4611 | target=none

[PICKUP] R1 picked up tag (density=6) | Total: 22
[DEPOSIT] R3 deposited! Total: 21
  [TARGET] R3 → SITE (1.82, 0.14)
[DEPOSIT] R1 deposited! Total: 22
  [TARGET] R1 → SITE (-0.93, -0.70)

======================================================================
Step 8500 (4.5 min) | Pickups: 22 | Deposits: 22 | Rate: 4.85 tags/min | phero_entries=0 max_w=0.000
======================================================================
R1[BASE_ESC  ]: carry=0 | base=0.23 | wall=2.32 | search=  0 | target=site(-0.93,-0.70)
R2[DEPART    ]: carry=0 | base=0.28 | wall=2.23 | search=  0 | target=none
R3[SITE      ]: carry=0 | base=0.73 | wall=1.78 | search=  0 | target=site(1.82,0.14)
R4[GIVE_UP   ]: carry=0 | base=2.04 | wall=0.89 | search=4836 | target=none

[PICKUP] R1 picked up tag (density=5) | Total: 23
  [GIVE-UP] R4 returned empty after 4836 searching steps
  [TARGET] R4 → WALL (-2.20, 2.42)

======================================================================
Step 9000 (4.8 min) | Pickups: 23 | Deposits: 22 | Rate: 4.58 tags/min | phero_entries=0 max_w=0.000
======================================================================
R1[SURVEY    ]: carry=1 | base=1.19 | wall=1.55 | search=  0 | target=none
R2[SEARCH    ]: carry=0 | base=1.64 | wall=0.86 | search=181 | target=none
R3[SEARCH    ]: carry=0 | base=1.54 | wall=0.97 | search=226 | target=site(1.82,0.14)
R4[BASE_ESC  ]: carry=0 | base=0.22 | wall=2.33 | search=  0 | target=none

[PICKUP] R2 picked up tag (density=7) | Total: 24
[DEPOSIT] R1 deposited! Total: 23
  [TARGET] R1 → SITE (-0.95, -0.71)

======================================================================
Step 9500 (5.1 min) | Pickups: 24 | Deposits: 23 | Rate: 4.54 tags/min | phero_entries=0 max_w=0.000
======================================================================
R1[SITE      ]: carry=0 | base=0.27 | wall=2.29 | search=  0 | target=site(-0.95,-0.71)
R2[RTB       ]: carry=1 | base=2.15 | wall=0.36 | search=  0 | target=none
R3[SEARCH    ]: carry=0 | base=1.51 | wall=1.34 | search=726 | target=site(1.82,0.14)
R4[DEPART    ]: carry=0 | base=0.43 | wall=2.08 | search=  0 | target=none

[PICKUP] R3 picked up tag (density=16) | Total: 25

======================================================================
Step 10000 (5.3 min) | Pickups: 25 | Deposits: 23 | Rate: 4.31 tags/min | phero_entries=0 max_w=0.000
======================================================================
R1[SEARCH    ]: carry=0 | base=1.12 | wall=1.60 | search=260 | target=site(-0.95,-0.71)
R2[RTB       ]: carry=1 | base=0.61 | wall=1.89 | search=  0 | target=none
R3[SURVEY    ]: carry=1 | base=2.05 | wall=0.47 | search=  0 | target=none
R4[SEARCH    ]: carry=0 | base=0.79 | wall=1.78 | search=369 | target=none

[DEPOSIT] R2 deposited! Total: 24
  [TARGET] R2 → SITE (2.12, 0.22)

======================================================================
Step 10500 (5.6 min) | Pickups: 25 | Deposits: 24 | Rate: 4.29 tags/min | phero_entries=0 max_w=0.000
======================================================================
R1[SEARCH    ]: carry=0 | base=1.82 | wall=0.98 | search=760 | target=site(-0.95,-0.71)
R2[SITE      ]: carry=0 | base=1.34 | wall=1.17 | search=  0 | target=site(2.12,0.22)
R3[RTB       ]: carry=1 | base=0.99 | wall=1.52 | search=  0 | target=none
R4[SEARCH    ]: carry=0 | base=0.26 | wall=2.32 | search=869 | target=none

[PICKUP] R1 picked up tag (density=4) | Total: 26
[PICKUP] R2 picked up tag (density=6) | Total: 27
[DEPOSIT] R3 deposited! Total: 25
  [PHERO] Laid at (0.26, 2.04) density=16 prob=0.95 entries=1
  [TARGET] R3 → SITE (0.26, 2.04)

======================================================================
Step 11000 (5.9 min) | Pickups: 27 | Deposits: 25 | Rate: 4.26 tags/min | phero_entries=1 max_w=0.150
======================================================================
R1[RTB       ]: carry=1 | base=0.77 | wall=1.91 | search=  0 | target=none
R2[RTB       ]: carry=1 | base=1.47 | wall=1.03 | search=  0 | target=none
R3[SITE      ]: carry=0 | base=0.95 | wall=1.58 | search=  0 | target=site(0.26,2.04)
R4[SEARCH    ]: carry=0 | base=1.39 | wall=1.36 | search=1369 | target=none

[DEPOSIT] R1 deposited! Total: 26
  [TARGET] R1 → SITE (-1.21, -0.94)
[PICKUP] R3 picked up tag (density=15) | Total: 28
[DEPOSIT] R2 deposited! Total: 27
  [TARGET] R2 → SITE (1.83, 0.21)

======================================================================
Step 11500 (6.1 min) | Pickups: 28 | Deposits: 27 | Rate: 4.40 tags/min | phero_entries=1 max_w=0.007
======================================================================
R1[SITE      ]: carry=0 | base=1.16 | wall=1.61 | search=  0 | target=site(-1.21,-0.94)
R2[SITE      ]: carry=0 | base=0.47 | wall=2.03 | search=  0 | target=site(1.83,0.21)
R3[RTB       ]: carry=1 | base=1.91 | wall=0.62 | search=  0 | target=none
R4[GIVE_UP   ]: carry=0 | base=0.96 | wall=1.63 | search=1560 | target=none

[PICKUP] R1 picked up tag (density=3) | Total: 29
  [GIVE-UP] R4 returned empty after 1560 searching steps
  [TARGET] R4 → PHERO (0.26, 2.04)
[PICKUP] R2 picked up tag (density=5) | Total: 30
[DEPOSIT] R3 deposited! Total: 28
  [PHERO] Laid at (0.26, 1.93) density=15 prob=0.92 entries=1
  [TARGET] R3 → SITE (0.26, 1.93)

======================================================================
Step 12000 (6.4 min) | Pickups: 30 | Deposits: 28 | Rate: 4.38 tags/min | phero_entries=1 max_w=0.685
======================================================================
R1[RTB       ]: carry=1 | base=0.26 | wall=2.31 | search=  0 | target=none
R2[SURVEY    ]: carry=1 | base=1.83 | wall=0.69 | search=  0 | target=none
R3[BASE_ESC  ]: carry=0 | base=0.22 | wall=2.28 | search=  0 | target=site(0.26,1.93)
R4[PHERO     ]: carry=0 | base=0.29 | wall=2.28 | search=  0 | target=phero(0.26,2.04)

[DEPOSIT] R1 deposited! Total: 29
  [TARGET] R1 → SITE (-0.91, -0.75)
[PICKUP] R1 picked up tag (density=2) | Total: 31

======================================================================
Step 12500 (6.7 min) | Pickups: 31 | Deposits: 29 | Rate: 4.35 tags/min | phero_entries=1 max_w=0.031
======================================================================
R1[SURVEY    ]: carry=1 | base=1.25 | wall=1.54 | search=  0 | target=none
R2[RTB       ]: carry=1 | base=0.68 | wall=1.82 | search=  0 | target=none
R3[SEARCH    ]: carry=0 | base=1.92 | wall=0.60 | search=  7 | target=site(0.26,1.93)
R4[SEARCH    ]: carry=0 | base=2.02 | wall=0.49 | search= 17 | target=phero(0.26,2.04)

[PICKUP] R4 picked up tag (density=14) | Total: 32
[PICKUP] R3 picked up tag (density=13) | Total: 33
[DEPOSIT] R2 deposited! Total: 30
  [TARGET] R2 → SITE (1.81, 0.22)
[DEPOSIT] R1 deposited! Total: 31
  [TARGET] R1 → PHERO (0.26, 1.93)

======================================================================
Step 13000 (6.9 min) | Pickups: 33 | Deposits: 31 | Rate: 4.47 tags/min | phero_entries=1 max_w=0.001
======================================================================
R1[BASE_ESC  ]: carry=0 | base=0.22 | wall=2.34 | search=  0 | target=phero(0.26,1.93)
R2[SITE      ]: carry=0 | base=1.27 | wall=1.24 | search=  0 | target=site(1.81,0.22)
R3[RTB       ]: carry=1 | base=1.54 | wall=0.98 | search=  0 | target=none
R4[RTB       ]: carry=1 | base=1.36 | wall=1.16 | search=  0 | target=none

[DEPOSIT] R4 deposited! Total: 32
  [PHERO] Laid at (0.22, 2.04) density=14 prob=0.88 entries=1
  [TARGET] R4 → SITE (0.22, 2.04)
[DEPOSIT] R3 deposited! Total: 33
  [PHERO] Laid at (0.18, 1.94) density=13 prob=0.81 entries=2
  [TARGET] R3 → SITE (0.18, 1.94)

======================================================================
Step 13500 (7.2 min) | Pickups: 33 | Deposits: 33 | Rate: 4.58 tags/min | phero_entries=2 max_w=0.399
======================================================================
R1[PHERO     ]: carry=0 | base=0.73 | wall=1.78 | search=  0 | target=phero(0.26,1.93)
R2[GIVE_UP   ]: carry=0 | base=0.95 | wall=1.57 | search=156 | target=none
R3[SITE      ]: carry=0 | base=0.37 | wall=2.13 | search=  0 | target=site(0.18,1.94)
R4[SITE      ]: carry=0 | base=0.58 | wall=1.95 | search=  0 | target=site(0.22,2.04)

  [GIVE-UP] R2 returned empty after 156 searching steps
  [TARGET] R2 → PHERO (0.22, 2.04)
[PICKUP] R1 picked up tag (density=12) | Total: 34

======================================================================
Step 14000 (7.5 min) | Pickups: 34 | Deposits: 33 | Rate: 4.42 tags/min | phero_entries=2 max_w=0.018
======================================================================
R1[SURVEY    ]: carry=1 | base=2.09 | wall=0.42 | search=  0 | target=none
R2[PHERO     ]: carry=0 | base=0.59 | wall=2.00 | search=  0 | target=phero(0.22,2.04)
R3[SEARCH    ]: carry=0 | base=1.95 | wall=0.56 | search= 99 | target=site(0.18,1.94)
R4[SEARCH    ]: carry=0 | base=2.09 | wall=0.43 | search=123 | target=site(0.22,2.04)

[PICKUP] R3 picked up tag (density=11) | Total: 35
[PICKUP] R4 picked up tag (density=10) | Total: 36

======================================================================
Step 14500 (7.7 min) | Pickups: 36 | Deposits: 33 | Rate: 4.27 tags/min | phero_entries=0 max_w=0.000
======================================================================
R1[RTB       ]: carry=1 | base=1.10 | wall=1.41 | search=  0 | target=none
R2[SEARCH    ]: carry=0 | base=2.03 | wall=0.49 | search= 99 | target=phero(0.22,2.04)
R3[RTB       ]: carry=1 | base=1.16 | wall=1.34 | search=  0 | target=none
R4[RTB       ]: carry=1 | base=1.65 | wall=0.86 | search=  0 | target=none

[PICKUP] R2 picked up tag (density=9) | Total: 37
[DEPOSIT] R1 deposited! Total: 34
  [TARGET] R1 → SITE (0.19, 2.07)
[DEPOSIT] R3 deposited! Total: 35
  [PHERO] Laid at (0.10, 1.94) density=11 prob=0.62 entries=1
  [TARGET] R3 → SITE (0.10, 1.94)
[DEPOSIT] R4 deposited! Total: 36
  [PHERO] Laid at (0.11, 2.01) density=10 prob=0.50 entries=2
  [TARGET] R4 → SITE (0.11, 2.01)

======================================================================
Step 15000 (8.0 min) | Pickups: 37 | Deposits: 36 | Rate: 4.50 tags/min | phero_entries=2 max_w=0.430
======================================================================
R1[SITE      ]: carry=0 | base=0.80 | wall=1.72 | search=  0 | target=site(0.19,2.07)
R2[RTB       ]: carry=1 | base=2.15 | wall=0.36 | search=  0 | target=none
R3[SITE      ]: carry=0 | base=0.78 | wall=1.72 | search=  0 | target=site(0.10,1.94)
R4[SITE      ]: carry=0 | base=0.32 | wall=2.18 | search=  0 | target=site(0.11,2.01)

[PICKUP] R3 picked up tag (density=8) | Total: 38

======================================================================
Step 15500 (8.3 min) | Pickups: 38 | Deposits: 36 | Rate: 4.35 tags/min | phero_entries=2 max_w=0.019
======================================================================
R1[SITE      ]: carry=0 | base=1.99 | wall=0.52 | search=  0 | target=site(0.19,2.07)
R2[RTB       ]: carry=1 | base=1.04 | wall=1.47 | search=  0 | target=none
R3[SURVEY    ]: carry=1 | base=1.94 | wall=0.56 | search=  0 | target=none
R4[SEARCH    ]: carry=0 | base=1.99 | wall=0.51 | search= 64 | target=site(0.11,2.01)

[DEPOSIT] R2 deposited! Total: 37
  [TARGET] R2 → SITE (0.25, 2.15)
[PICKUP] R4 picked up tag (density=7) | Total: 39
[PICKUP] R1 picked up tag (density=6) | Total: 40

======================================================================
Step 16000 (8.5 min) | Pickups: 40 | Deposits: 37 | Rate: 4.34 tags/min | phero_entries=0 max_w=0.000
======================================================================
R1[SURVEY    ]: carry=1 | base=2.15 | wall=0.35 | search=  0 | target=none
R2[SITE      ]: carry=0 | base=0.78 | wall=1.73 | search=  0 | target=site(0.25,2.15)
R3[RTB       ]: carry=1 | base=0.85 | wall=1.65 | search=  0 | target=none
R4[SURVEY    ]: carry=1 | base=2.06 | wall=0.44 | search=  0 | target=none

[DEPOSIT] R3 deposited! Total: 38
  [TARGET] R3 → SITE (0.04, 1.93)

======================================================================
Step 16500 (8.8 min) | Pickups: 40 | Deposits: 38 | Rate: 4.32 tags/min | phero_entries=0 max_w=0.000
======================================================================
R1[RTB       ]: carry=1 | base=1.44 | wall=1.07 | search=  0 | target=none
R2[SITE      ]: carry=0 | base=1.94 | wall=0.57 | search=  0 | target=site(0.25,2.15)
R3[SITE      ]: carry=0 | base=0.69 | wall=1.81 | search=  0 | target=site(0.04,1.93)
R4[RTB       ]: carry=1 | base=0.90 | wall=1.61 | search=  0 | target=none

[DEPOSIT] R4 deposited! Total: 39
  [TARGET] R4 → SITE (0.09, 2.06)

======================================================================
Step 17000 (9.1 min) | Pickups: 40 | Deposits: 39 | Rate: 4.30 tags/min | phero_entries=0 max_w=0.000
======================================================================
R1[RTB       ]: carry=1 | base=1.18 | wall=1.32 | search=  0 | target=none
R2[SEARCH    ]: carry=0 | base=2.22 | wall=0.46 | search=456 | target=site(0.25,2.15)
R3[SITE      ]: carry=0 | base=1.12 | wall=1.38 | search=  0 | target=site(0.04,1.93)
R4[SITE      ]: carry=0 | base=0.51 | wall=2.00 | search=  0 | target=site(0.09,2.06)

[PICKUP] R3 picked up tag (density=5) | Total: 41

======================================================================
Step 17500 (9.3 min) | Pickups: 41 | Deposits: 39 | Rate: 4.18 tags/min | phero_entries=0 max_w=0.000
======================================================================
R1[RTB       ]: carry=1 | base=0.34 | wall=2.16 | search=  0 | target=none
R2[WALL_ESC  ]: carry=0 | base=2.32 | wall=0.33 | search=956 | target=site(0.25,2.15)
R3[SURVEY    ]: carry=1 | base=1.92 | wall=0.58 | search=  0 | target=none
R4[SEARCH    ]: carry=0 | base=2.05 | wall=0.45 | search= 65 | target=site(0.09,2.06)

[DEPOSIT] R1 deposited! Total: 40
  [TARGET] R1 → SITE (0.18, 2.16)

======================================================================
Step 18000 (9.6 min) | Pickups: 41 | Deposits: 40 | Rate: 4.17 tags/min | phero_entries=0 max_w=0.000
======================================================================
R1[SITE      ]: carry=0 | base=1.60 | wall=0.91 | search=  0 | target=site(0.18,2.16)
R2[WALL_ESC  ]: carry=0 | base=2.32 | wall=0.33 | search=1456 | target=site(0.25,2.15)
R3[RTB       ]: carry=1 | base=0.72 | wall=1.78 | search=  0 | target=none
R4[GIVE_UP   ]: carry=0 | base=0.43 | wall=2.07 | search=156 | target=none

  [GIVE-UP] R4 returned empty after 156 searching steps
  [TARGET] R4 → WALL (0.38, -2.42)
[DEPOSIT] R3 deposited! Total: 41
  [PHERO] Laid at (0.01, 1.91) density=5 prob=0.05 entries=1
  [TARGET] R3 → SITE (0.01, 1.91)

======================================================================
Step 18500 (9.9 min) | Pickups: 41 | Deposits: 41 | Rate: 4.16 tags/min | phero_entries=1 max_w=0.100
======================================================================
R1[WALL_ESC  ]: carry=0 | base=2.18 | wall=0.34 | search=364 | target=site(0.18,2.16)
R2[GIVE_UP   ]: carry=0 | base=1.45 | wall=1.12 | search=1716 | target=none
R3[SITE      ]: carry=0 | base=1.21 | wall=1.30 | search=  0 | target=site(0.01,1.91)
R4[SEARCH    ]: carry=0 | base=0.50 | wall=2.00 | search=122 | target=none

TIMEOUT_RESULT pickups=41 deposits=41 steps=18750 elapsed_min=10.000000
BATCH_RESULT pickups=41 deposits=41
