=================================================================
CPFA BASELINE — ARGoS-calibrated parameters
  Params file                  = /home/sara/Documents/RL-FL-Foraging/cpfa_tuning_20260715_155549/trial_015/params.yaml
  Results file                 = /home/sara/Documents/RL-FL-Foraging/controllers/cpfa_baseline/results/cpfa_baseline_results_20260715_163644.txt
  RateOfLayingPheromone        = 10.686424155508199
  RateOfSiteFidelity           = 3.054421903360956
  RateOfPheromoneDecay         = 0.19376083029178198 /s  (lifetime ~36s)
  ProbabilityOfReturningToNest = 0.12216957499483885 (every 5 sec → E[give-up] ~41s)
  UninformedSearchVariation    = 0.33 rad (18.9°)
  RateOfInformedSearchDecay    = 0.9678526710101296 /waypoint
  ProbabilityOfSwitchingToSearching = 0.3035393545976417 (every 5 sec in uninformed DEPARTING)
=================================================================

[PICKUP] R2 picked up tag (density=6) | Total: 1
[PICKUP] R3 picked up tag (density=9) | Total: 2
[DEPOSIT] R3 deposited! Total: 1
  [PHERO] Laid at (0.00, 0.50) density=9 prob=0.38 entries=1
  [TARGET] R3 → SITE (0.00, 0.50)
[DEPOSIT] R2 deposited! Total: 2
  [TARGET] R2 → SITE (0.50, 0.00)

======================================================================
Step 500 (0.3 min) | Pickups: 2 | Deposits: 2 | Rate: 7.50 tags/min | phero_entries=1 max_w=0.257
======================================================================
R1[SEARCH    ]: carry=0 | base=1.91 | wall=1.02 | search= 32 | target=none
R2[SITE      ]: carry=0 | base=0.28 | wall=2.25 | search=  0 | target=site(0.50,0.00)
R3[SEARCH    ]: carry=0 | base=0.48 | wall=2.02 | search=  5 | target=site(0.00,0.50)
R4[DEPART    ]: carry=0 | base=2.16 | wall=0.39 | search=  0 | target=none

[PICKUP] R2 picked up tag (density=5) | Total: 3
[PICKUP] R3 picked up tag (density=8) | Total: 4
[PICKUP] R4 picked up tag (density=9) | Total: 5
[DEPOSIT] R2 deposited! Total: 3
  [TARGET] R2 → SITE (0.37, -0.12)
[DEPOSIT] R3 deposited! Total: 4
  [TARGET] R3 → SITE (-0.01, 0.48)

======================================================================
Step 1000 (0.5 min) | Pickups: 5 | Deposits: 4 | Rate: 7.50 tags/min | phero_entries=1 max_w=0.012
======================================================================
R1[GIVE_UP   ]: carry=0 | base=1.71 | wall=0.98 | search=468 | target=none
R2[SITE      ]: carry=0 | base=0.27 | wall=2.25 | search=  0 | target=site(0.37,-0.12)
R3[BASE_ESC  ]: carry=0 | base=0.23 | wall=2.29 | search=  0 | target=site(-0.01,0.48)
R4[RTB       ]: carry=1 | base=1.86 | wall=0.69 | search=  0 | target=none

[PICKUP] R2 picked up tag (density=4) | Total: 6
  [GIVE-UP] R1 returned empty after 468 searching steps
  [TARGET] R1 → PHERO (0.00, 0.50)
[PICKUP] R3 picked up tag (density=7) | Total: 7
[DEPOSIT] R2 deposited! Total: 5
  [TARGET] R2 → SITE (0.36, 0.01)
[DEPOSIT] R4 deposited! Total: 6
  [PHERO] Laid at (-0.57, -2.08) density=9 prob=0.38 entries=1
  [TARGET] R4 → SITE (-0.57, -2.08)

======================================================================
Step 1500 (0.8 min) | Pickups: 7 | Deposits: 6 | Rate: 7.50 tags/min | phero_entries=1 max_w=0.636
======================================================================
R1[BASE_ESC  ]: carry=0 | base=0.21 | wall=2.30 | search=  0 | target=phero(0.00,0.50)
R2[BASE_ESC  ]: carry=0 | base=0.23 | wall=2.30 | search=  0 | target=site(0.36,0.01)
R3[SURVEY    ]: carry=1 | base=0.61 | wall=1.89 | search=  0 | target=none
R4[BASE_ESC  ]: carry=0 | base=0.23 | wall=2.27 | search=  0 | target=site(-0.57,-2.08)

[PICKUP] R2 picked up tag (density=3) | Total: 8
[DEPOSIT] R3 deposited! Total: 7
  [TARGET] R3 → SITE (-0.00, 0.60)
[PICKUP] R4 picked up tag (density=8) | Total: 9

======================================================================
Step 2000 (1.1 min) | Pickups: 9 | Deposits: 7 | Rate: 6.56 tags/min | phero_entries=1 max_w=0.029
======================================================================
R1[PHERO     ]: carry=0 | base=0.42 | wall=2.08 | search=  0 | target=phero(0.00,0.50)
R2[RTB       ]: carry=1 | base=0.40 | wall=2.10 | search=  0 | target=none
R3[SITE      ]: carry=0 | base=0.48 | wall=2.02 | search=  0 | target=site(-0.00,0.60)
R4[SURVEY    ]: carry=1 | base=1.92 | wall=0.65 | search=  0 | target=none

[DEPOSIT] R2 deposited! Total: 8
  [TARGET] R2 → SITE (0.44, 0.01)
[PICKUP] R1 picked up tag (density=6) | Total: 10
[PICKUP] R3 picked up tag (density=5) | Total: 11

======================================================================
Step 2500 (1.3 min) | Pickups: 11 | Deposits: 8 | Rate: 6.00 tags/min | phero_entries=1 max_w=0.001
======================================================================
R1[RTB       ]: carry=1 | base=0.25 | wall=2.25 | search=  0 | target=none
R2[SEARCH    ]: carry=0 | base=0.43 | wall=2.09 | search=237 | target=site(0.44,0.01)
R3[SURVEY    ]: carry=1 | base=0.67 | wall=1.84 | search=  0 | target=none
R4[RTB       ]: carry=1 | base=0.94 | wall=1.58 | search=  0 | target=none

[DEPOSIT] R1 deposited! Total: 9
  [PHERO] Laid at (-0.07, 0.51) density=6 prob=0.09 entries=2
  [TARGET] R1 → SITE (-0.07, 0.51)
[PICKUP] R2 picked up tag (density=2) | Total: 12
[DEPOSIT] R4 deposited! Total: 10
  [TARGET] R4 → SITE (-0.49, -1.85)
[PICKUP] R1 picked up tag (density=4) | Total: 13
[DEPOSIT] R3 deposited! Total: 11
  [PHERO] Laid at (-0.10, 0.66) density=5 prob=0.05 entries=2
  [TARGET] R3 → SITE (-0.10, 0.66)
[DEPOSIT] R2 deposited! Total: 12
  [TARGET] R2 → PHERO (-0.10, 0.66)

======================================================================
Step 3000 (1.6 min) | Pickups: 13 | Deposits: 12 | Rate: 7.50 tags/min | phero_entries=2 max_w=0.316
======================================================================
R1[SURVEY    ]: carry=1 | base=0.53 | wall=1.97 | search=  0 | target=none
R2[PHERO     ]: carry=0 | base=0.27 | wall=2.24 | search=  0 | target=phero(-0.10,0.66)
R3[SITE      ]: carry=0 | base=0.44 | wall=2.06 | search=  0 | target=site(-0.10,0.66)
R4[SITE      ]: carry=0 | base=1.02 | wall=1.53 | search=  0 | target=site(-0.49,-1.85)

[PICKUP] R3 picked up tag (density=3) | Total: 14
[DEPOSIT] R1 deposited! Total: 13
  [TARGET] R1 → SITE (-0.11, 0.52)
[PICKUP] R4 picked up tag (density=7) | Total: 15

======================================================================
Step 3500 (1.9 min) | Pickups: 15 | Deposits: 13 | Rate: 6.96 tags/min | phero_entries=2 max_w=0.014
======================================================================
R1[SEARCH    ]: carry=0 | base=0.44 | wall=2.06 | search=123 | target=site(-0.11,0.52)
R2[GIVE_UP   ]: carry=0 | base=0.64 | wall=1.86 | search=312 | target=none
R3[RTB       ]: carry=1 | base=0.52 | wall=1.98 | search=  0 | target=none
R4[SURVEY    ]: carry=1 | base=1.89 | wall=0.67 | search=  0 | target=none

  [GIVE-UP] R2 returned empty after 312 searching steps
  [TARGET] R2 → PHERO (-0.10, 0.66)
[DEPOSIT] R3 deposited! Total: 14
  [TARGET] R3 → PHERO (-0.10, 0.66)
[DEPOSIT] R4 deposited! Total: 15
  [TARGET] R4 → SITE (-0.49, -1.83)

======================================================================
Step 4000 (2.1 min) | Pickups: 15 | Deposits: 15 | Rate: 7.03 tags/min | phero_entries=0 max_w=0.000
======================================================================
R1[SEARCH    ]: carry=0 | base=0.45 | wall=2.07 | search=623 | target=site(-0.11,0.52)
R2[SEARCH    ]: carry=0 | base=0.67 | wall=1.84 | search= 14 | target=phero(-0.10,0.66)
R3[PHERO     ]: carry=0 | base=0.28 | wall=2.23 | search=  0 | target=phero(-0.10,0.66)
R4[BASE_ESC  ]: carry=0 | base=0.23 | wall=2.28 | search=  0 | target=site(-0.49,-1.83)


======================================================================
Step 4500 (2.4 min) | Pickups: 15 | Deposits: 15 | Rate: 6.25 tags/min | phero_entries=0 max_w=0.000
======================================================================
R1[SEARCH    ]: carry=0 | base=1.03 | wall=1.48 | search=1123 | target=site(-0.11,0.52)
R2[GIVE_UP   ]: carry=0 | base=1.18 | wall=1.47 | search=468 | target=none
R3[SEARCH    ]: carry=0 | base=0.26 | wall=2.24 | search=284 | target=phero(-0.10,0.66)
R4[SITE      ]: carry=0 | base=1.82 | wall=0.74 | search=  0 | target=site(-0.49,-1.83)

  [GIVE-UP] R2 returned empty after 468 searching steps
  [TARGET] R2 → WALL (-2.42, -0.78)
[PICKUP] R1 picked up tag (density=16) | Total: 16
  [GIVE-UP] R3 returned empty after 624 searching steps
  [TARGET] R3 → WALL (-2.27, 2.42)

======================================================================
Step 5000 (2.7 min) | Pickups: 16 | Deposits: 15 | Rate: 5.62 tags/min | phero_entries=0 max_w=0.000
======================================================================
R1[RTB       ]: carry=1 | base=1.86 | wall=0.68 | search=  0 | target=none
R2[DEPART    ]: carry=0 | base=0.29 | wall=2.23 | search=  0 | target=none
R3[DEPART    ]: carry=0 | base=0.26 | wall=2.24 | search=  0 | target=none
R4[GIVE_UP   ]: carry=0 | base=0.55 | wall=1.96 | search=156 | target=none

  [GIVE-UP] R4 returned empty after 156 searching steps
  [TARGET] R4 → WALL (2.42, -0.87)
[PICKUP] R3 picked up tag (density=2) | Total: 17
[DEPOSIT] R1 deposited! Total: 16
  [PHERO] Laid at (0.37, 1.83) density=16 prob=0.95 entries=1
  [TARGET] R1 → SITE (0.37, 1.83)

======================================================================
Step 5500 (2.9 min) | Pickups: 17 | Deposits: 16 | Rate: 5.45 tags/min | phero_entries=1 max_w=0.752
======================================================================
R1[BASE_ESC  ]: carry=0 | base=0.22 | wall=2.28 | search=  0 | target=site(0.37,1.83)
R2[DEPART    ]: carry=0 | base=1.92 | wall=0.65 | search=  0 | target=none
R3[RTB       ]: carry=1 | base=0.54 | wall=1.98 | search=  0 | target=none
R4[SEARCH    ]: carry=0 | base=1.07 | wall=1.70 | search=154 | target=none

[PICKUP] R4 picked up tag (density=12) | Total: 18
[DEPOSIT] R3 deposited! Total: 17
  [TARGET] R3 → PHERO (0.37, 1.83)

======================================================================
Step 6000 (3.2 min) | Pickups: 18 | Deposits: 17 | Rate: 5.31 tags/min | phero_entries=1 max_w=0.034
======================================================================
R1[SITE      ]: carry=0 | base=1.41 | wall=1.12 | search=  0 | target=site(0.37,1.83)
R2[DEPART    ]: carry=0 | base=1.38 | wall=1.38 | search=  0 | target=none
R3[PHERO     ]: carry=0 | base=0.85 | wall=1.66 | search=  0 | target=phero(0.37,1.83)
R4[RTB       ]: carry=1 | base=0.32 | wall=2.24 | search=  0 | target=none

[DEPOSIT] R4 deposited! Total: 18
  [PHERO] Laid at (0.80, -0.71) density=12 prob=0.72 entries=2
  [TARGET] R4 → SITE (0.80, -0.71)
[PICKUP] R3 picked up tag (density=15) | Total: 19
[PICKUP] R4 picked up tag (density=11) | Total: 20
[PICKUP] R1 picked up tag (density=14) | Total: 21
[PICKUP] R2 picked up tag (density=10) | Total: 22

======================================================================
Step 6500 (3.5 min) | Pickups: 22 | Deposits: 18 | Rate: 5.19 tags/min | phero_entries=2 max_w=0.050
======================================================================
R1[SURVEY    ]: carry=1 | base=1.96 | wall=0.58 | search=  0 | target=none
R2[SURVEY    ]: carry=1 | base=1.15 | wall=1.55 | search=  0 | target=none
R3[SURVEY    ]: carry=1 | base=1.88 | wall=0.65 | search=  0 | target=none
R4[SURVEY    ]: carry=1 | base=1.06 | wall=1.74 | search=  0 | target=none

[DEPOSIT] R4 deposited! Total: 19
  [PHERO] Laid at (0.76, -0.75) density=11 prob=0.62 entries=2
  [TARGET] R4 → SITE (0.76, -0.75)
[DEPOSIT] R2 deposited! Total: 20
  [PHERO] Laid at (0.64, -0.96) density=10 prob=0.50 entries=3
  [TARGET] R2 → SITE (0.64, -0.96)

======================================================================
Step 7000 (3.7 min) | Pickups: 22 | Deposits: 20 | Rate: 5.36 tags/min | phero_entries=3 max_w=0.889
======================================================================
R1[RTB       ]: carry=1 | base=0.98 | wall=1.55 | search=  0 | target=none
R2[BASE_ESC  ]: carry=0 | base=0.23 | wall=2.33 | search=  0 | target=site(0.64,-0.96)
R3[RTB       ]: carry=1 | base=0.45 | wall=2.06 | search=  0 | target=none
R4[BASE_ESC  ]: carry=0 | base=0.22 | wall=2.31 | search=  0 | target=site(0.76,-0.75)

[DEPOSIT] R3 deposited! Total: 21
  [PHERO] Laid at (0.34, 1.85) density=15 prob=0.92 entries=4
  [TARGET] R3 → SITE (0.34, 1.85)
[DEPOSIT] R1 deposited! Total: 22
  [TARGET] R1 → SITE (0.41, 1.92)
[PICKUP] R2 picked up tag (density=9) | Total: 23

======================================================================
Step 7500 (4.0 min) | Pickups: 23 | Deposits: 22 | Rate: 5.50 tags/min | phero_entries=3 max_w=0.063
======================================================================
R1[SITE      ]: carry=0 | base=0.94 | wall=1.60 | search=  0 | target=site(0.41,1.92)
R2[SURVEY    ]: carry=1 | base=1.21 | wall=1.48 | search=  0 | target=none
R3[SITE      ]: carry=0 | base=1.50 | wall=1.02 | search=  0 | target=site(0.34,1.85)
R4[SEARCH    ]: carry=0 | base=0.92 | wall=1.83 | search=232 | target=site(0.76,-0.75)

[PICKUP] R3 picked up tag (density=13) | Total: 24
[DEPOSIT] R2 deposited! Total: 23
  [TARGET] R2 → SITE (0.64, -1.02)

======================================================================
Step 8000 (4.3 min) | Pickups: 24 | Deposits: 23 | Rate: 5.39 tags/min | phero_entries=3 max_w=0.003
======================================================================
R1[SEARCH    ]: carry=0 | base=1.90 | wall=0.67 | search=226 | target=site(0.41,1.92)
R2[BASE_ESC  ]: carry=0 | base=0.23 | wall=2.32 | search=  0 | target=site(0.64,-1.02)
R3[SURVEY    ]: carry=1 | base=1.96 | wall=0.57 | search=  0 | target=none
R4[SEARCH    ]: carry=0 | base=1.36 | wall=1.34 | search=732 | target=site(0.76,-0.75)

[PICKUP] R4 picked up tag (density=6) | Total: 25

======================================================================
Step 8500 (4.5 min) | Pickups: 25 | Deposits: 23 | Rate: 5.07 tags/min | phero_entries=0 max_w=0.000
======================================================================
R1[SEARCH    ]: carry=0 | base=2.22 | wall=0.37 | search=726 | target=site(0.41,1.92)
R2[SEARCH    ]: carry=0 | base=1.24 | wall=1.41 | search=163 | target=site(0.64,-1.02)
R3[RTB       ]: carry=1 | base=0.99 | wall=1.53 | search=  0 | target=none
R4[RTB       ]: carry=1 | base=1.60 | wall=0.99 | search=  0 | target=none

[PICKUP] R2 picked up tag (density=8) | Total: 26
[DEPOSIT] R3 deposited! Total: 24
  [PHERO] Laid at (0.35, 1.93) density=13 prob=0.81 entries=1
  [TARGET] R3 → SITE (0.35, 1.93)
[DEPOSIT] R4 deposited! Total: 25
  [TARGET] R4 → SITE (-0.67, -1.65)

======================================================================
Step 9000 (4.8 min) | Pickups: 26 | Deposits: 25 | Rate: 5.21 tags/min | phero_entries=1 max_w=0.149
======================================================================
R1[SEARCH    ]: carry=0 | base=2.22 | wall=0.38 | search=1226 | target=site(0.41,1.92)
R2[RTB       ]: carry=1 | base=0.78 | wall=1.90 | search=  0 | target=none
R3[SITE      ]: carry=0 | base=0.97 | wall=1.54 | search=  0 | target=site(0.35,1.93)
R4[SITE      ]: carry=0 | base=0.35 | wall=2.15 | search=  0 | target=site(-0.67,-1.65)

[DEPOSIT] R2 deposited! Total: 26
  [TARGET] R2 → SITE (0.72, -1.03)
[PICKUP] R3 picked up tag (density=12) | Total: 27

======================================================================
Step 9500 (5.1 min) | Pickups: 27 | Deposits: 26 | Rate: 5.13 tags/min | phero_entries=1 max_w=0.007
======================================================================
R1[SEARCH    ]: carry=0 | base=2.21 | wall=0.39 | search=1726 | target=site(0.41,1.92)
R2[SITE      ]: carry=0 | base=1.13 | wall=1.58 | search=  0 | target=site(0.72,-1.03)
R3[SURVEY    ]: carry=1 | base=1.94 | wall=0.58 | search=  0 | target=none
R4[SEARCH    ]: carry=0 | base=1.76 | wall=0.84 | search=136 | target=site(-0.67,-1.65)

[PICKUP] R2 picked up tag (density=7) | Total: 28

======================================================================
Step 10000 (5.3 min) | Pickups: 28 | Deposits: 26 | Rate: 4.88 tags/min | phero_entries=0 max_w=0.000
======================================================================
R1[GIVE_UP   ]: carry=0 | base=2.08 | wall=0.51 | search=2184 | target=none
R2[RTB       ]: carry=1 | base=1.38 | wall=1.42 | search=  0 | target=none
R3[RTB       ]: carry=1 | base=0.40 | wall=2.11 | search=  0 | target=none
R4[SEARCH    ]: carry=0 | base=0.62 | wall=2.02 | search=636 | target=site(-0.67,-1.65)

[DEPOSIT] R3 deposited! Total: 27
  [PHERO] Laid at (0.32, 1.92) density=12 prob=0.72 entries=1
  [TARGET] R3 → SITE (0.32, 1.92)
[DEPOSIT] R2 deposited! Total: 28
  [PHERO] Laid at (0.83, -1.11) density=7 prob=0.16 entries=2
  [TARGET] R2 → SITE (0.83, -1.11)
  [GIVE-UP] R4 returned empty after 936 searching steps
  [TARGET] R4 → PHERO (0.83, -1.11)

======================================================================
Step 10500 (5.6 min) | Pickups: 28 | Deposits: 28 | Rate: 5.00 tags/min | phero_entries=2 max_w=0.322
======================================================================
R1[GIVE_UP   ]: carry=0 | base=0.42 | wall=2.09 | search=2184 | target=none
R2[SITE      ]: carry=0 | base=0.47 | wall=2.14 | search=  0 | target=site(0.83,-1.11)
R3[SITE      ]: carry=0 | base=1.26 | wall=1.27 | search=  0 | target=site(0.32,1.92)
R4[PHERO     ]: carry=0 | base=0.27 | wall=2.23 | search=  0 | target=phero(0.83,-1.11)

  [GIVE-UP] R1 returned empty after 2184 searching steps
  [TARGET] R1 → PHERO (0.83, -1.11)
[PICKUP] R2 picked up tag (density=6) | Total: 29
[PICKUP] R3 picked up tag (density=11) | Total: 30

======================================================================
Step 11000 (5.9 min) | Pickups: 30 | Deposits: 28 | Rate: 4.77 tags/min | phero_entries=2 max_w=0.014
======================================================================
R1[PHERO     ]: carry=0 | base=0.40 | wall=2.12 | search=  0 | target=phero(0.83,-1.11)
R2[RTB       ]: carry=1 | base=1.08 | wall=1.72 | search=  0 | target=none
R3[SURVEY    ]: carry=1 | base=1.94 | wall=0.57 | search=  0 | target=none
R4[PHERO     ]: carry=0 | base=1.09 | wall=1.66 | search=  0 | target=phero(0.83,-1.11)

[PICKUP] R4 picked up tag (density=5) | Total: 31
[DEPOSIT] R2 deposited! Total: 29
  [TARGET] R2 → SITE (0.72, -0.91)
[PICKUP] R1 picked up tag (density=4) | Total: 32

======================================================================
Step 11500 (6.1 min) | Pickups: 32 | Deposits: 29 | Rate: 4.73 tags/min | phero_entries=0 max_w=0.000
======================================================================
R1[SURVEY    ]: carry=1 | base=1.38 | wall=1.43 | search=  0 | target=none
R2[SITE      ]: carry=0 | base=0.83 | wall=1.83 | search=  0 | target=site(0.72,-0.91)
R3[RTB       ]: carry=1 | base=0.26 | wall=2.24 | search=  0 | target=none
R4[RTB       ]: carry=1 | base=1.11 | wall=1.71 | search=  0 | target=none

[DEPOSIT] R3 deposited! Total: 30
  [TARGET] R3 → SITE (0.26, 1.92)
[DEPOSIT] R4 deposited! Total: 31
  [TARGET] R4 → SITE (0.89, -1.09)
  [GIVE-UP] R2 returned empty after 156 searching steps
  [TARGET] R2 → WALL (-2.33, 2.42)
[DEPOSIT] R1 deposited! Total: 32
  [TARGET] R1 → SITE (0.88, -1.07)

======================================================================
Step 12000 (6.4 min) | Pickups: 32 | Deposits: 32 | Rate: 5.00 tags/min | phero_entries=0 max_w=0.000
======================================================================
R1[BASE_ESC  ]: carry=0 | base=0.23 | wall=2.32 | search=  0 | target=site(0.88,-1.07)
R2[BASE_ESC  ]: carry=0 | base=0.21 | wall=2.33 | search=  0 | target=none
R3[SITE      ]: carry=0 | base=1.69 | wall=0.82 | search=  0 | target=site(0.26,1.92)
R4[SITE      ]: carry=0 | base=0.74 | wall=1.95 | search=  0 | target=site(0.89,-1.09)

[PICKUP] R4 picked up tag (density=3) | Total: 33
[PICKUP] R3 picked up tag (density=10) | Total: 34
[PICKUP] R2 picked up tag (density=1) | Total: 35

======================================================================
Step 12500 (6.7 min) | Pickups: 35 | Deposits: 32 | Rate: 4.80 tags/min | phero_entries=0 max_w=0.000
======================================================================
R1[SEARCH    ]: carry=0 | base=1.37 | wall=1.39 | search=112 | target=site(0.88,-1.07)
R2[SURVEY    ]: carry=1 | base=0.40 | wall=2.14 | search=  0 | target=none
R3[SURVEY    ]: carry=1 | base=2.02 | wall=0.51 | search=  0 | target=none
R4[RTB       ]: carry=1 | base=1.40 | wall=1.47 | search=  0 | target=none

[DEPOSIT] R2 deposited! Total: 33
  [TARGET] R2 → WALL (2.42, 0.94)
[PICKUP] R1 picked up tag (density=2) | Total: 36
[DEPOSIT] R4 deposited! Total: 34
  [TARGET] R4 → SITE (0.92, -1.05)

======================================================================
Step 13000 (6.9 min) | Pickups: 36 | Deposits: 34 | Rate: 4.90 tags/min | phero_entries=0 max_w=0.000
======================================================================
R1[RTB       ]: carry=1 | base=1.27 | wall=1.55 | search=  0 | target=none
R2[SEARCH    ]: carry=0 | base=0.82 | wall=1.86 | search= 46 | target=none
R3[RTB       ]: carry=1 | base=0.53 | wall=1.98 | search=  0 | target=none
R4[SITE      ]: carry=0 | base=0.40 | wall=2.16 | search=  0 | target=site(0.92,-1.05)

[DEPOSIT] R3 deposited! Total: 35
  [TARGET] R3 → SITE (0.37, 1.98)
[DEPOSIT] R1 deposited! Total: 36
  [TARGET] R1 → WALL (-1.40, -2.42)
[PICKUP] R4 picked up tag (density=1) | Total: 37

======================================================================
Step 13500 (7.2 min) | Pickups: 37 | Deposits: 36 | Rate: 5.00 tags/min | phero_entries=0 max_w=0.000
======================================================================
R1[DEPART    ]: carry=0 | base=0.49 | wall=2.01 | search=  0 | target=none
R2[GIVE_UP   ]: carry=0 | base=1.18 | wall=1.43 | search=312 | target=none
R3[SITE      ]: carry=0 | base=1.42 | wall=1.10 | search=  0 | target=site(0.37,1.98)
R4[SURVEY    ]: carry=1 | base=1.39 | wall=1.50 | search=  0 | target=none

  [GIVE-UP] R2 returned empty after 312 searching steps
  [TARGET] R2 → WALL (-2.21, 2.42)
[PICKUP] R3 picked up tag (density=9) | Total: 38
[DEPOSIT] R4 deposited! Total: 37
  [TARGET] R4 → WALL (-2.42, 1.13)

======================================================================
Step 14000 (7.5 min) | Pickups: 38 | Deposits: 37 | Rate: 4.96 tags/min | phero_entries=0 max_w=0.000
======================================================================
R1[SEARCH    ]: carry=0 | base=1.99 | wall=0.89 | search=285 | target=none
R2[DEPART    ]: carry=0 | base=0.51 | wall=1.99 | search=  0 | target=none
R3[SURVEY    ]: carry=1 | base=2.17 | wall=0.38 | search=  0 | target=none
R4[BASE_ESC  ]: carry=0 | base=0.23 | wall=2.33 | search=  0 | target=none


======================================================================
Step 14500 (7.7 min) | Pickups: 38 | Deposits: 37 | Rate: 4.78 tags/min | phero_entries=0 max_w=0.000
======================================================================
R1[GIVE_UP   ]: carry=0 | base=0.83 | wall=1.86 | search=468 | target=none
R2[SEARCH    ]: carry=0 | base=1.79 | wall=0.91 | search=491 | target=none
R3[RTB       ]: carry=1 | base=1.09 | wall=1.45 | search=  0 | target=none
R4[SEARCH    ]: carry=0 | base=0.31 | wall=2.20 | search=  0 | target=none

  [GIVE-UP] R1 returned empty after 468 searching steps
  [TARGET] R1 → WALL (-1.36, -2.42)
[DEPOSIT] R3 deposited! Total: 38
  [PHERO] Laid at (0.46, 2.12) density=9 prob=0.38 entries=1
  [TARGET] R3 → SITE (0.46, 2.12)

======================================================================
Step 15000 (8.0 min) | Pickups: 38 | Deposits: 38 | Rate: 4.75 tags/min | phero_entries=1 max_w=0.174
======================================================================
R1[SEARCH    ]: carry=0 | base=0.95 | wall=1.79 | search= 86 | target=none
R2[WALL_ESC  ]: carry=0 | base=2.64 | wall=0.34 | search=991 | target=none
R3[SITE      ]: carry=0 | base=0.85 | wall=1.69 | search=  0 | target=site(0.46,2.12)
R4[SEARCH    ]: carry=0 | base=1.57 | wall=1.32 | search=500 | target=none


======================================================================
Step 15500 (8.3 min) | Pickups: 38 | Deposits: 38 | Rate: 4.60 tags/min | phero_entries=1 max_w=0.008
======================================================================
R1[SEARCH    ]: carry=0 | base=2.05 | wall=0.45 | search=586 | target=none
R2[WALL_ESC  ]: carry=0 | base=2.71 | wall=0.34 | search=1491 | target=none
R3[WALL_ESC  ]: carry=0 | base=2.22 | wall=0.33 | search=170 | target=site(0.46,2.12)
R4[SEARCH    ]: carry=0 | base=2.76 | wall=0.43 | search=1000 | target=none

[PICKUP] R3 picked up tag (density=8) | Total: 39

======================================================================
Step 16000 (8.5 min) | Pickups: 39 | Deposits: 38 | Rate: 4.45 tags/min | phero_entries=0 max_w=0.000
======================================================================
R1[GIVE_UP   ]: carry=0 | base=1.61 | wall=0.90 | search=936 | target=none
R2[GIVE_UP   ]: carry=0 | base=2.39 | wall=0.55 | search=1872 | target=none
R3[RTB       ]: carry=1 | base=1.66 | wall=0.88 | search=  0 | target=none
R4[SEARCH    ]: carry=0 | base=2.73 | wall=0.40 | search=1500 | target=none

[PICKUP] R1 picked up tag (density=12) | Total: 40
[DEPOSIT] R3 deposited! Total: 39
  [TARGET] R3 → SITE (0.41, 2.11)

======================================================================
Step 16500 (8.8 min) | Pickups: 40 | Deposits: 39 | Rate: 4.43 tags/min | phero_entries=0 max_w=0.000
======================================================================
R1[RTB       ]: carry=1 | base=0.36 | wall=2.15 | search=  0 | target=none
R2[GIVE_UP   ]: carry=0 | base=0.47 | wall=2.11 | search=1872 | target=none
R3[SITE      ]: carry=0 | base=0.29 | wall=2.24 | search=  0 | target=site(0.41,2.11)
R4[WALL_ESC  ]: carry=0 | base=2.87 | wall=0.31 | search=2000 | target=none

[DEPOSIT] R1 deposited! Total: 40
  [PHERO] Laid at (-1.56, 0.23) density=12 prob=0.72 entries=1
  [TARGET] R1 → SITE (-1.56, 0.23)
  [GIVE-UP] R2 returned empty after 1872 searching steps
  [TARGET] R2 → PHERO (-1.56, 0.23)
[PICKUP] R1 picked up tag (density=11) | Total: 41

======================================================================
Step 17000 (9.1 min) | Pickups: 41 | Deposits: 40 | Rate: 4.41 tags/min | phero_entries=1 max_w=0.054
======================================================================
R1[SURVEY    ]: carry=1 | base=1.05 | wall=1.47 | search=  0 | target=none
R2[PHERO     ]: carry=0 | base=0.98 | wall=1.56 | search=  0 | target=phero(-1.56,0.23)
R3[SITE      ]: carry=0 | base=2.06 | wall=0.47 | search=  0 | target=site(0.41,2.11)
R4[SEARCH    ]: carry=0 | base=2.85 | wall=0.36 | search=2500 | target=none

[PICKUP] R2 picked up tag (density=10) | Total: 42
[DEPOSIT] R1 deposited! Total: 41
  [PHERO] Laid at (-1.03, 0.20) density=11 prob=0.62 entries=2
  [TARGET] R1 → SITE (-1.03, 0.20)
[PICKUP] R3 picked up tag (density=7) | Total: 43

======================================================================
Step 17500 (9.3 min) | Pickups: 43 | Deposits: 41 | Rate: 4.39 tags/min | phero_entries=2 max_w=0.346
======================================================================
R1[SITE      ]: carry=0 | base=0.44 | wall=2.09 | search=  0 | target=site(-1.03,0.20)
R2[RTB       ]: carry=1 | base=0.43 | wall=2.08 | search=  0 | target=none
R3[SURVEY    ]: carry=1 | base=2.17 | wall=0.36 | search=  0 | target=none
R4[GIVE_UP   ]: carry=0 | base=2.66 | wall=0.46 | search=2964 | target=none

[DEPOSIT] R2 deposited! Total: 42
  [TARGET] R2 → SITE (-1.09, 0.25)
  [GIVE-UP] R1 returned empty after 156 searching steps
  [TARGET] R1 → PHERO (-1.03, 0.20)

======================================================================
Step 18000 (9.6 min) | Pickups: 43 | Deposits: 42 | Rate: 4.38 tags/min | phero_entries=1 max_w=0.016
======================================================================
R1[BASE_ESC  ]: carry=0 | base=0.24 | wall=2.26 | search=  0 | target=phero(-1.03,0.20)
R2[SEARCH    ]: carry=0 | base=1.11 | wall=1.41 | search=117 | target=site(-1.09,0.25)
R3[RTB       ]: carry=1 | base=0.88 | wall=1.64 | search=  0 | target=none
R4[GIVE_UP   ]: carry=0 | base=0.74 | wall=1.94 | search=2964 | target=none

  [GIVE-UP] R4 returned empty after 2964 searching steps
  [TARGET] R4 → PHERO (-1.03, 0.20)
[DEPOSIT] R3 deposited! Total: 43
  [TARGET] R3 → SITE (0.39, 2.13)
[PICKUP] R1 picked up tag (density=9) | Total: 44

======================================================================
Step 18500 (9.9 min) | Pickups: 44 | Deposits: 43 | Rate: 4.36 tags/min | phero_entries=0 max_w=0.000
======================================================================
R1[SURVEY    ]: carry=1 | base=1.07 | wall=1.44 | search=  0 | target=none
R2[SEARCH    ]: carry=0 | base=1.86 | wall=1.12 | search=617 | target=site(-1.09,0.25)
R3[SITE      ]: carry=0 | base=1.06 | wall=1.47 | search=  0 | target=site(0.39,2.13)
R4[SEARCH    ]: carry=0 | base=1.01 | wall=1.50 | search= 56 | target=phero(-1.03,0.20)

TIMEOUT_RESULT pickups=44 deposits=43 steps=18750 elapsed_min=10.000000
BATCH_RESULT pickups=44 deposits=43
