=================================================================
CPFA BASELINE — ARGoS-calibrated parameters
  Params file                  = /home/sara/Documents/RL-FL-Foraging/cpfa_tuning_20260715_155549/trial_015/params.yaml
  Results file                 = /home/sara/Documents/RL-FL-Foraging/controllers/cpfa_baseline/results/cpfa_baseline_results_20260715_163637_3.txt
  RateOfLayingPheromone        = 10.686424155508199
  RateOfSiteFidelity           = 3.054421903360956
  RateOfPheromoneDecay         = 0.19376083029178198 /s  (lifetime ~36s)
  ProbabilityOfReturningToNest = 0.12216957499483885 (every 5 sec → E[give-up] ~41s)
  UninformedSearchVariation    = 0.33 rad (18.9°)
  RateOfInformedSearchDecay    = 0.9678526710101296 /waypoint
  ProbabilityOfSwitchingToSearching = 0.3035393545976417 (every 5 sec in uninformed DEPARTING)
=================================================================

[PICKUP] R3 picked up tag (density=9) | Total: 1
[PICKUP] R2 picked up tag (density=8) | Total: 2
[DEPOSIT] R3 deposited! Total: 1
  [TARGET] R3 → SITE (0.00, 0.50)
[PICKUP] R3 picked up tag (density=7) | Total: 3

======================================================================
Step 500 (0.3 min) | Pickups: 3 | Deposits: 1 | Rate: 3.75 tags/min | phero_entries=0 max_w=0.000
======================================================================
R1[DEPART    ]: carry=0 | base=1.96 | wall=0.57 | search=  0 | target=none
R2[RTB       ]: carry=1 | base=0.36 | wall=2.23 | search=  0 | target=none
R3[SURVEY    ]: carry=1 | base=0.35 | wall=2.18 | search=  0 | target=none
R4[GIVE_UP   ]: carry=0 | base=1.31 | wall=1.39 | search=312 | target=none

[DEPOSIT] R2 deposited! Total: 2
  [TARGET] R2 → SITE (0.26, 0.33)
[DEPOSIT] R3 deposited! Total: 3
  [TARGET] R3 → SITE (0.13, 0.31)
  [GIVE-UP] R4 returned empty after 312 searching steps
  [TARGET] R4 → WALL (0.67, -2.42)
[PICKUP] R2 picked up tag (density=6) | Total: 4

======================================================================
Step 1000 (0.5 min) | Pickups: 4 | Deposits: 3 | Rate: 5.62 tags/min | phero_entries=0 max_w=0.000
======================================================================
R1[DEPART    ]: carry=0 | base=2.42 | wall=0.49 | search=  0 | target=none
R2[SURVEY    ]: carry=1 | base=0.50 | wall=2.09 | search=  0 | target=none
R3[SEARCH    ]: carry=0 | base=0.40 | wall=2.12 | search= 64 | target=site(0.13,0.31)
R4[DEPART    ]: carry=0 | base=0.38 | wall=2.18 | search=  0 | target=none

[PICKUP] R4 picked up tag (density=12) | Total: 5
[DEPOSIT] R2 deposited! Total: 4
  [TARGET] R2 → SITE (0.27, 0.41)

======================================================================
Step 1500 (0.8 min) | Pickups: 5 | Deposits: 4 | Rate: 5.00 tags/min | phero_entries=0 max_w=0.000
======================================================================
R1[DEPART    ]: carry=0 | base=2.46 | wall=0.47 | search=  0 | target=none
R2[SITE      ]: carry=0 | base=0.35 | wall=2.21 | search=  0 | target=site(0.27,0.41)
R3[GIVE_UP   ]: carry=0 | base=0.91 | wall=1.85 | search=468 | target=none
R4[RTB       ]: carry=1 | base=0.94 | wall=1.58 | search=  0 | target=none

  [GIVE-UP] R3 returned empty after 468 searching steps
  [TARGET] R3 → WALL (2.42, 1.96)
[DEPOSIT] R4 deposited! Total: 5
  [PHERO] Laid at (0.10, -1.07) density=12 prob=0.72 entries=1
  [TARGET] R4 → SITE (0.10, -1.07)
[PICKUP] R2 picked up tag (density=5) | Total: 6

======================================================================
Step 2000 (1.1 min) | Pickups: 6 | Deposits: 5 | Rate: 4.69 tags/min | phero_entries=1 max_w=0.138
======================================================================
R1[GIVE_UP   ]: carry=0 | base=1.06 | wall=1.51 | search=312 | target=none
R2[SURVEY    ]: carry=1 | base=0.62 | wall=1.97 | search=  0 | target=none
R3[DEPART    ]: carry=0 | base=0.98 | wall=1.80 | search=  0 | target=none
R4[SITE      ]: carry=0 | base=0.97 | wall=1.54 | search=  0 | target=site(0.10,-1.07)

  [GIVE-UP] R1 returned empty after 312 searching steps
  [TARGET] R1 → PHERO (0.10, -1.07)
[DEPOSIT] R2 deposited! Total: 6
  [TARGET] R2 → PHERO (0.10, -1.07)
[PICKUP] R4 picked up tag (density=11) | Total: 7

======================================================================
Step 2500 (1.3 min) | Pickups: 7 | Deposits: 6 | Rate: 4.50 tags/min | phero_entries=1 max_w=0.006
======================================================================
R1[PHERO     ]: carry=0 | base=0.92 | wall=1.58 | search=  0 | target=phero(0.10,-1.07)
R2[PHERO     ]: carry=0 | base=0.29 | wall=2.23 | search=  0 | target=phero(0.10,-1.07)
R3[SEARCH    ]: carry=0 | base=1.05 | wall=1.70 | search=398 | target=none
R4[SURVEY    ]: carry=1 | base=1.20 | wall=1.30 | search=  0 | target=none

[PICKUP] R2 picked up tag (density=6) | Total: 8
[PICKUP] R1 picked up tag (density=10) | Total: 9
[DEPOSIT] R2 deposited! Total: 7
  [TARGET] R2 → SITE (0.25, -0.19)
[DEPOSIT] R4 deposited! Total: 8
  [TARGET] R4 → SITE (-0.05, -1.20)

======================================================================
Step 3000 (1.6 min) | Pickups: 9 | Deposits: 8 | Rate: 5.00 tags/min | phero_entries=0 max_w=0.000
======================================================================
R1[SURVEY    ]: carry=1 | base=1.12 | wall=1.38 | search=  0 | target=none
R2[SITE      ]: carry=0 | base=0.30 | wall=2.22 | search=  0 | target=site(0.25,-0.19)
R3[BASE_ESC  ]: carry=0 | base=0.24 | wall=2.26 | search=898 | target=none
R4[SITE      ]: carry=0 | base=0.29 | wall=2.22 | search=  0 | target=site(-0.05,-1.20)

[PICKUP] R2 picked up tag (density=5) | Total: 10
[DEPOSIT] R1 deposited! Total: 9
  [TARGET] R1 → SITE (0.03, -1.12)
[DEPOSIT] R2 deposited! Total: 10
  [TARGET] R2 → SITE (0.31, -0.22)
[PICKUP] R3 picked up tag (density=9) | Total: 11

======================================================================
Step 3500 (1.9 min) | Pickups: 11 | Deposits: 10 | Rate: 5.36 tags/min | phero_entries=0 max_w=0.000
======================================================================
R1[SITE      ]: carry=0 | base=0.41 | wall=2.10 | search=  0 | target=site(0.03,-1.12)
R2[BASE_ESC  ]: carry=0 | base=0.23 | wall=2.27 | search=  0 | target=site(0.31,-0.22)
R3[SURVEY    ]: carry=1 | base=1.10 | wall=1.44 | search=  0 | target=none
R4[SEARCH    ]: carry=0 | base=1.10 | wall=1.40 | search=264 | target=site(-0.05,-1.20)

[PICKUP] R4 picked up tag (density=8) | Total: 12
[PICKUP] R2 picked up tag (density=4) | Total: 13
[DEPOSIT] R3 deposited! Total: 11
  [PHERO] Laid at (0.29, -1.06) density=9 prob=0.38 entries=1
  [TARGET] R3 → SITE (0.29, -1.06)

======================================================================
Step 4000 (2.1 min) | Pickups: 13 | Deposits: 11 | Rate: 5.16 tags/min | phero_entries=1 max_w=0.825
======================================================================
R1[GIVE_UP   ]: carry=0 | base=1.06 | wall=1.44 | search=312 | target=none
R2[RTB       ]: carry=1 | base=0.33 | wall=2.18 | search=  0 | target=none
R3[BASE_ESC  ]: carry=0 | base=0.22 | wall=2.30 | search=  0 | target=site(0.29,-1.06)
R4[RTB       ]: carry=1 | base=0.69 | wall=1.81 | search=  0 | target=none

[DEPOSIT] R2 deposited! Total: 12
  [TARGET] R2 → SITE (0.36, -0.22)
[DEPOSIT] R4 deposited! Total: 13
  [TARGET] R4 → SITE (-0.02, -1.24)
[PICKUP] R3 picked up tag (density=3) | Total: 14
  [GIVE-UP] R1 returned empty after 312 searching steps
  [TARGET] R1 → PHERO (0.29, -1.06)
[DEPOSIT] R3 deposited! Total: 14
  [TARGET] R3 → PHERO (0.29, -1.06)

======================================================================
Step 4500 (2.4 min) | Pickups: 14 | Deposits: 14 | Rate: 5.83 tags/min | phero_entries=1 max_w=0.037
======================================================================
R1[PHERO     ]: carry=0 | base=0.37 | wall=2.15 | search=  0 | target=phero(0.29,-1.06)
R2[SEARCH    ]: carry=0 | base=0.30 | wall=2.20 | search=257 | target=site(0.36,-0.22)
R3[BASE_ESC  ]: carry=0 | base=0.23 | wall=2.33 | search=  0 | target=phero(0.29,-1.06)
R4[SEARCH    ]: carry=0 | base=1.22 | wall=1.28 | search= 11 | target=site(-0.02,-1.24)

[PICKUP] R4 picked up tag (density=7) | Total: 15
[PICKUP] R2 picked up tag (density=2) | Total: 16
[PICKUP] R1 picked up tag (density=6) | Total: 17

======================================================================
Step 5000 (2.7 min) | Pickups: 17 | Deposits: 14 | Rate: 5.25 tags/min | phero_entries=1 max_w=0.002
======================================================================
R1[SURVEY    ]: carry=1 | base=1.09 | wall=1.42 | search=  0 | target=none
R2[RTB       ]: carry=1 | base=0.25 | wall=2.26 | search=  0 | target=none
R3[SEARCH    ]: carry=0 | base=1.08 | wall=1.46 | search= 34 | target=phero(0.29,-1.06)
R4[RTB       ]: carry=1 | base=0.35 | wall=2.15 | search=  0 | target=none

[DEPOSIT] R2 deposited! Total: 15
  [TARGET] R2 → SITE (0.33, -0.27)
[DEPOSIT] R4 deposited! Total: 16
  [TARGET] R4 → SITE (-0.00, -1.25)
[PICKUP] R3 picked up tag (density=5) | Total: 18
[PICKUP] R4 picked up tag (density=4) | Total: 19

======================================================================
Step 5500 (2.9 min) | Pickups: 19 | Deposits: 16 | Rate: 5.45 tags/min | phero_entries=0 max_w=0.000
======================================================================
R1[RTB       ]: carry=1 | base=0.33 | wall=2.18 | search=  0 | target=none
R2[SEARCH    ]: carry=0 | base=0.26 | wall=2.29 | search=279 | target=site(0.33,-0.27)
R3[RTB       ]: carry=1 | base=0.98 | wall=1.57 | search=  0 | target=none
R4[SURVEY    ]: carry=1 | base=1.27 | wall=1.23 | search=  0 | target=none

[DEPOSIT] R1 deposited! Total: 17
  [TARGET] R1 → SITE (0.15, -1.08)
[DEPOSIT] R3 deposited! Total: 18
  [TARGET] R3 → SITE (0.25, -1.14)
[DEPOSIT] R4 deposited! Total: 19
  [TARGET] R4 → WALL (-2.42, 1.67)

======================================================================
Step 6000 (3.2 min) | Pickups: 19 | Deposits: 19 | Rate: 5.94 tags/min | phero_entries=0 max_w=0.000
======================================================================
R1[SEARCH    ]: carry=0 | base=1.10 | wall=1.42 | search= 39 | target=site(0.15,-1.08)
R2[SEARCH    ]: carry=0 | base=0.92 | wall=1.80 | search=779 | target=site(0.33,-0.27)
R3[SITE      ]: carry=0 | base=0.41 | wall=2.09 | search=  0 | target=site(0.25,-1.14)
R4[BASE_ESC  ]: carry=0 | base=0.22 | wall=2.28 | search=  0 | target=none

[PICKUP] R3 picked up tag (density=3) | Total: 20

======================================================================
Step 6500 (3.5 min) | Pickups: 20 | Deposits: 19 | Rate: 5.48 tags/min | phero_entries=0 max_w=0.000
======================================================================
R1[SEARCH    ]: carry=0 | base=1.18 | wall=1.56 | search=539 | target=site(0.15,-1.08)
R2[SEARCH    ]: carry=0 | base=2.14 | wall=0.77 | search=1279 | target=site(0.33,-0.27)
R3[SURVEY    ]: carry=1 | base=1.20 | wall=1.32 | search=  0 | target=none
R4[SEARCH    ]: carry=0 | base=0.88 | wall=1.62 | search=250 | target=none

[DEPOSIT] R3 deposited! Total: 20
  [TARGET] R3 → WALL (0.18, -2.42)

======================================================================
Step 7000 (3.7 min) | Pickups: 20 | Deposits: 20 | Rate: 5.36 tags/min | phero_entries=0 max_w=0.000
======================================================================
R1[SEARCH    ]: carry=0 | base=2.31 | wall=0.40 | search=1039 | target=site(0.15,-1.08)
R2[SEARCH    ]: carry=0 | base=2.67 | wall=0.36 | search=1779 | target=site(0.33,-0.27)
R3[BASE_ESC  ]: carry=0 | base=0.24 | wall=2.27 | search=  0 | target=none
R4[SEARCH    ]: carry=0 | base=1.90 | wall=1.12 | search=750 | target=none

[PICKUP] R3 picked up tag (density=2) | Total: 21

======================================================================
Step 7500 (4.0 min) | Pickups: 21 | Deposits: 20 | Rate: 5.00 tags/min | phero_entries=0 max_w=0.000
======================================================================
R1[SEARCH    ]: carry=0 | base=2.64 | wall=0.36 | search=1539 | target=site(0.15,-1.08)
R2[SEARCH    ]: carry=0 | base=2.59 | wall=0.37 | search=2279 | target=site(0.33,-0.27)
R3[SURVEY    ]: carry=1 | base=1.24 | wall=1.28 | search=  0 | target=none
R4[GIVE_UP   ]: carry=0 | base=0.94 | wall=1.68 | search=936 | target=none

  [GIVE-UP] R4 returned empty after 936 searching steps
  [TARGET] R4 → WALL (2.42, -2.14)
[DEPOSIT] R3 deposited! Total: 21
  [TARGET] R3 → SITE (0.18, -1.22)

======================================================================
Step 8000 (4.3 min) | Pickups: 21 | Deposits: 21 | Rate: 4.92 tags/min | phero_entries=0 max_w=0.000
======================================================================
R1[WALL_ESC  ]: carry=0 | base=2.61 | wall=0.32 | search=2039 | target=site(0.15,-1.08)
R2[WALL_ESC  ]: carry=0 | base=2.70 | wall=0.32 | search=2779 | target=site(0.33,-0.27)
R3[BASE_ESC  ]: carry=0 | base=0.23 | wall=2.28 | search=  0 | target=site(0.18,-1.22)
R4[SEARCH    ]: carry=0 | base=0.76 | wall=1.86 | search= 56 | target=none


======================================================================
Step 8500 (4.5 min) | Pickups: 21 | Deposits: 21 | Rate: 4.63 tags/min | phero_entries=0 max_w=0.000
======================================================================
R1[WALL_ESC  ]: carry=0 | base=2.63 | wall=0.34 | search=2539 | target=site(0.15,-1.08)
R2[SEARCH    ]: carry=0 | base=2.60 | wall=0.40 | search=3279 | target=site(0.33,-0.27)
R3[SEARCH    ]: carry=0 | base=1.18 | wall=1.32 | search=226 | target=site(0.18,-1.22)
R4[SEARCH    ]: carry=0 | base=1.86 | wall=0.75 | search=556 | target=none

[PICKUP] R3 picked up tag (density=1) | Total: 22

======================================================================
Step 9000 (4.8 min) | Pickups: 22 | Deposits: 21 | Rate: 4.38 tags/min | phero_entries=0 max_w=0.000
======================================================================
R1[SEARCH    ]: carry=0 | base=2.54 | wall=0.39 | search=3039 | target=site(0.15,-1.08)
R2[WALL_ESC  ]: carry=0 | base=2.63 | wall=0.34 | search=3779 | target=site(0.33,-0.27)
R3[RTB       ]: carry=1 | base=0.68 | wall=1.84 | search=  0 | target=none
R4[GIVE_UP   ]: carry=0 | base=0.76 | wall=1.76 | search=624 | target=none

[DEPOSIT] R3 deposited! Total: 22
  [TARGET] R3 → WALL (1.02, 2.42)
  [GIVE-UP] R4 returned empty after 624 searching steps
  [TARGET] R4 → WALL (-2.42, 0.03)

======================================================================
Step 9500 (5.1 min) | Pickups: 22 | Deposits: 22 | Rate: 4.34 tags/min | phero_entries=0 max_w=0.000
======================================================================
R1[WALL_ESC  ]: carry=0 | base=2.64 | wall=0.31 | search=3539 | target=site(0.15,-1.08)
R2[WALL_ESC  ]: carry=0 | base=2.69 | wall=0.34 | search=4279 | target=site(0.33,-0.27)
R3[DEPART    ]: carry=0 | base=0.61 | wall=2.07 | search=  0 | target=none
R4[SEARCH    ]: carry=0 | base=0.29 | wall=2.21 | search= 37 | target=none


======================================================================
Step 10000 (5.3 min) | Pickups: 22 | Deposits: 22 | Rate: 4.12 tags/min | phero_entries=0 max_w=0.000
======================================================================
R1[SEARCH    ]: carry=0 | base=2.57 | wall=0.39 | search=4039 | target=site(0.15,-1.08)
R2[SEARCH    ]: carry=0 | base=2.59 | wall=0.39 | search=4779 | target=site(0.33,-0.27)
R3[WALL_ESC  ]: carry=0 | base=2.35 | wall=0.34 | search=156 | target=none
R4[SEARCH    ]: carry=0 | base=1.05 | wall=1.53 | search=537 | target=none

[PICKUP] R4 picked up tag (density=12) | Total: 23

======================================================================
Step 10500 (5.6 min) | Pickups: 23 | Deposits: 22 | Rate: 3.93 tags/min | phero_entries=0 max_w=0.000
======================================================================
R1[GIVE_UP   ]: carry=0 | base=2.51 | wall=0.40 | search=4524 | target=none
R2[WALL_ESC  ]: carry=0 | base=2.69 | wall=0.31 | search=5279 | target=site(0.33,-0.27)
R3[SEARCH    ]: carry=0 | base=2.32 | wall=0.37 | search=656 | target=none
R4[RTB       ]: carry=1 | base=0.81 | wall=1.84 | search=  0 | target=none

[DEPOSIT] R4 deposited! Total: 23
  [PHERO] Laid at (-0.70, 0.86) density=12 prob=0.72 entries=1
  [TARGET] R4 → SITE (-0.70, 0.86)
[PICKUP] R2 picked up tag (density=9) | Total: 24

======================================================================
Step 11000 (5.9 min) | Pickups: 24 | Deposits: 23 | Rate: 3.92 tags/min | phero_entries=1 max_w=0.111
======================================================================
R1[GIVE_UP   ]: carry=0 | base=0.59 | wall=2.01 | search=4524 | target=none
R2[SURVEY    ]: carry=1 | base=2.08 | wall=0.88 | search=  0 | target=none
R3[GIVE_UP   ]: carry=0 | base=0.86 | wall=1.70 | search=780 | target=none
R4[SEARCH    ]: carry=0 | base=1.11 | wall=1.64 | search= 16 | target=site(-0.70,0.86)

[PICKUP] R4 picked up tag (density=11) | Total: 25
[PICKUP] R3 picked up tag (density=4) | Total: 26
  [GIVE-UP] R1 returned empty after 4524 searching steps
  [TARGET] R1 → PHERO (-0.70, 0.86)
[DEPOSIT] R3 deposited! Total: 24
  [TARGET] R3 → SITE (0.26, 0.65)

======================================================================
Step 11500 (6.1 min) | Pickups: 26 | Deposits: 24 | Rate: 3.91 tags/min | phero_entries=1 max_w=0.005
======================================================================
R1[PHERO     ]: carry=0 | base=0.96 | wall=1.79 | search=  0 | target=phero(-0.70,0.86)
R2[RTB       ]: carry=1 | base=0.61 | wall=2.04 | search=  0 | target=none
R3[BASE_ESC  ]: carry=0 | base=0.22 | wall=2.33 | search=  0 | target=site(0.26,0.65)
R4[RTB       ]: carry=1 | base=0.38 | wall=2.20 | search=  0 | target=none

[DEPOSIT] R4 deposited! Total: 25
  [PHERO] Laid at (-0.72, 0.86) density=11 prob=0.62 entries=2
  [TARGET] R4 → SITE (-0.72, 0.86)
[PICKUP] R1 picked up tag (density=10) | Total: 27
[DEPOSIT] R2 deposited! Total: 26
  [TARGET] R2 → SITE (-1.62, -1.32)
[PICKUP] R3 picked up tag (density=3) | Total: 28
[DEPOSIT] R3 deposited! Total: 27
  [TARGET] R3 → SITE (0.26, 0.53)

======================================================================
Step 12000 (6.4 min) | Pickups: 28 | Deposits: 27 | Rate: 4.22 tags/min | phero_entries=1 max_w=0.056
======================================================================
R1[RTB       ]: carry=1 | base=0.57 | wall=2.04 | search=  0 | target=none
R2[SITE      ]: carry=0 | base=1.35 | wall=1.43 | search=  0 | target=site(-1.62,-1.32)
R3[BASE_ESC  ]: carry=0 | base=0.24 | wall=2.31 | search=  0 | target=site(0.26,0.53)
R4[SEARCH    ]: carry=0 | base=1.14 | wall=1.66 | search=109 | target=site(-0.72,0.86)

[PICKUP] R4 picked up tag (density=9) | Total: 29
[DEPOSIT] R1 deposited! Total: 28
  [PHERO] Laid at (-0.73, 0.85) density=10 prob=0.50 entries=2
  [TARGET] R1 → SITE (-0.73, 0.85)
[PICKUP] R2 picked up tag (density=8) | Total: 30
[PICKUP] R3 picked up tag (density=2) | Total: 31
[DEPOSIT] R4 deposited! Total: 29
  [PHERO] Laid at (-0.78, 0.82) density=9 prob=0.38 entries=3
  [TARGET] R4 → SITE (-0.78, 0.82)

======================================================================
Step 12500 (6.7 min) | Pickups: 31 | Deposits: 29 | Rate: 4.35 tags/min | phero_entries=3 max_w=0.940
======================================================================
R1[SEARCH    ]: carry=0 | base=1.12 | wall=1.68 | search= 53 | target=site(-0.73,0.85)
R2[RTB       ]: carry=1 | base=1.68 | wall=1.22 | search=  0 | target=none
R3[SURVEY    ]: carry=1 | base=0.63 | wall=1.90 | search=  0 | target=none
R4[BASE_ESC  ]: carry=0 | base=0.23 | wall=2.32 | search=  0 | target=site(-0.78,0.82)

[DEPOSIT] R3 deposited! Total: 30
  [TARGET] R3 → PHERO (-0.78, 0.82)
[DEPOSIT] R2 deposited! Total: 31
  [TARGET] R2 → SITE (-1.56, -1.26)
[PICKUP] R1 picked up tag (density=1) | Total: 32

======================================================================
Step 13000 (6.9 min) | Pickups: 32 | Deposits: 31 | Rate: 4.47 tags/min | phero_entries=2 max_w=0.042
======================================================================
R1[SURVEY    ]: carry=1 | base=0.66 | wall=1.84 | search=  0 | target=none
R2[SITE      ]: carry=0 | base=0.29 | wall=2.26 | search=  0 | target=site(-1.56,-1.26)
R3[PHERO     ]: carry=0 | base=0.30 | wall=2.26 | search=  0 | target=phero(-0.78,0.82)
R4[SEARCH    ]: carry=0 | base=1.03 | wall=1.74 | search=166 | target=site(-0.78,0.82)

[PICKUP] R4 picked up tag (density=8) | Total: 33
[DEPOSIT] R1 deposited! Total: 32
  [TARGET] R1 → SITE (-0.05, 0.66)

======================================================================
Step 13500 (7.2 min) | Pickups: 33 | Deposits: 32 | Rate: 4.44 tags/min | phero_entries=1 max_w=0.002
======================================================================
R1[SEARCH    ]: carry=0 | base=0.65 | wall=1.85 | search= 33 | target=site(-0.05,0.66)
R2[SEARCH    ]: carry=0 | base=2.02 | wall=0.94 | search= 58 | target=site(-1.56,-1.26)
R3[SEARCH    ]: carry=0 | base=1.20 | wall=1.59 | search=202 | target=phero(-0.78,0.82)
R4[RTB       ]: carry=1 | base=0.92 | wall=1.81 | search=  0 | target=none

[PICKUP] R3 picked up tag (density=7) | Total: 34
[DEPOSIT] R4 deposited! Total: 33
  [TARGET] R4 → SITE (-0.78, 0.84)
[PICKUP] R2 picked up tag (density=7) | Total: 35

======================================================================
Step 14000 (7.5 min) | Pickups: 35 | Deposits: 33 | Rate: 4.42 tags/min | phero_entries=0 max_w=0.000
======================================================================
R1[SEARCH    ]: carry=0 | base=0.32 | wall=2.18 | search=533 | target=site(-0.05,0.66)
R2[RTB       ]: carry=1 | base=1.51 | wall=1.29 | search=  0 | target=none
R3[RTB       ]: carry=1 | base=0.54 | wall=2.05 | search=  0 | target=none
R4[SITE      ]: carry=0 | base=0.89 | wall=1.83 | search=  0 | target=site(-0.78,0.84)

[DEPOSIT] R3 deposited! Total: 34
  [TARGET] R3 → SITE (-0.78, 0.91)
[DEPOSIT] R2 deposited! Total: 35
  [TARGET] R2 → SITE (-1.45, -1.04)

======================================================================
Step 14500 (7.7 min) | Pickups: 35 | Deposits: 35 | Rate: 4.53 tags/min | phero_entries=0 max_w=0.000
======================================================================
R1[SEARCH    ]: carry=0 | base=0.50 | wall=2.02 | search=1033 | target=site(-0.05,0.66)
R2[SITE      ]: carry=0 | base=0.45 | wall=2.16 | search=  0 | target=site(-1.45,-1.04)
R3[SEARCH    ]: carry=0 | base=1.18 | wall=1.62 | search= 58 | target=site(-0.78,0.91)
R4[GIVE_UP   ]: carry=0 | base=0.91 | wall=1.68 | search=312 | target=none

  [GIVE-UP] R4 returned empty after 312 searching steps
  [TARGET] R4 → WALL (-0.82, -2.42)
[PICKUP] R3 picked up tag (density=6) | Total: 36

======================================================================
Step 15000 (8.0 min) | Pickups: 36 | Deposits: 35 | Rate: 4.38 tags/min | phero_entries=0 max_w=0.000
======================================================================
R1[SEARCH    ]: carry=0 | base=1.21 | wall=1.33 | search=1533 | target=site(-0.05,0.66)
R2[GIVE_UP   ]: carry=0 | base=1.73 | wall=1.03 | search=156 | target=none
R3[SURVEY    ]: carry=1 | base=1.28 | wall=1.54 | search=  0 | target=none
R4[DEPART    ]: carry=0 | base=0.28 | wall=2.25 | search=  0 | target=none

[PICKUP] R1 picked up tag (density=5) | Total: 37
[DEPOSIT] R3 deposited! Total: 36
  [TARGET] R3 → SITE (-0.86, 0.95)
  [GIVE-UP] R2 returned empty after 156 searching steps
  [TARGET] R2 → WALL (-2.42, 0.74)

======================================================================
Step 15500 (8.3 min) | Pickups: 37 | Deposits: 36 | Rate: 4.35 tags/min | phero_entries=0 max_w=0.000
======================================================================
R1[RTB       ]: carry=1 | base=0.98 | wall=1.67 | search=  0 | target=none
R2[BASE_ESC  ]: carry=0 | base=0.22 | wall=2.30 | search=  0 | target=none
R3[SITE      ]: carry=0 | base=0.36 | wall=2.17 | search=  0 | target=site(-0.86,0.95)
R4[DEPART    ]: carry=0 | base=1.85 | wall=0.78 | search=  0 | target=none

[DEPOSIT] R1 deposited! Total: 37
  [TARGET] R1 → SITE (-1.21, 0.72)
[PICKUP] R3 picked up tag (density=4) | Total: 38

======================================================================
Step 16000 (8.5 min) | Pickups: 38 | Deposits: 37 | Rate: 4.34 tags/min | phero_entries=0 max_w=0.000
======================================================================
R1[SITE      ]: carry=0 | base=0.95 | wall=1.70 | search=  0 | target=site(-1.21,0.72)
R2[DEPART    ]: carry=0 | base=1.93 | wall=0.64 | search=  0 | target=none
R3[SURVEY    ]: carry=1 | base=1.36 | wall=1.50 | search=  0 | target=none
R4[DEPART    ]: carry=0 | base=2.10 | wall=0.40 | search=  0 | target=none

[PICKUP] R1 picked up tag (density=3) | Total: 39
[DEPOSIT] R3 deposited! Total: 38
  [TARGET] R3 → WALL (2.42, -0.33)

======================================================================
Step 16500 (8.8 min) | Pickups: 39 | Deposits: 38 | Rate: 4.32 tags/min | phero_entries=0 max_w=0.000
======================================================================
R1[RTB       ]: carry=1 | base=1.29 | wall=1.41 | search=  0 | target=none
R2[DEPART    ]: carry=0 | base=2.30 | wall=0.37 | search=  0 | target=none
R3[BASE_ESC  ]: carry=0 | base=0.22 | wall=2.31 | search=  0 | target=none
R4[DEPART    ]: carry=0 | base=0.64 | wall=2.04 | search=  0 | target=none

[DEPOSIT] R1 deposited! Total: 39
  [TARGET] R1 → SITE (-1.11, 0.69)

======================================================================
Step 17000 (9.1 min) | Pickups: 39 | Deposits: 39 | Rate: 4.30 tags/min | phero_entries=0 max_w=0.000
======================================================================
R1[SITE      ]: carry=0 | base=0.64 | wall=2.00 | search=  0 | target=site(-1.11,0.69)
R2[SEARCH    ]: carry=0 | base=2.71 | wall=0.38 | search=204 | target=none
R3[SEARCH    ]: carry=0 | base=0.94 | wall=1.58 | search=306 | target=none
R4[GIVE_UP   ]: carry=0 | base=1.65 | wall=1.12 | search=312 | target=none

[PICKUP] R4 picked up tag (density=2) | Total: 40
[PICKUP] R3 picked up tag (density=1) | Total: 41

======================================================================
Step 17500 (9.3 min) | Pickups: 41 | Deposits: 39 | Rate: 4.18 tags/min | phero_entries=0 max_w=0.000
======================================================================
R1[GIVE_UP   ]: carry=0 | base=1.24 | wall=1.58 | search=312 | target=none
R2[GIVE_UP   ]: carry=0 | base=1.23 | wall=1.51 | search=312 | target=none
R3[RTB       ]: carry=1 | base=0.77 | wall=1.88 | search=  0 | target=none
R4[RTB       ]: carry=1 | base=0.69 | wall=1.95 | search=  0 | target=none

[DEPOSIT] R4 deposited! Total: 40
  [TARGET] R4 → WALL (-1.35, 2.42)
[DEPOSIT] R3 deposited! Total: 41
  [TARGET] R3 → WALL (2.18, -2.42)
  [GIVE-UP] R2 returned empty after 312 searching steps
  [TARGET] R2 → WALL (1.33, -2.42)
  [GIVE-UP] R1 returned empty after 312 searching steps
  [TARGET] R1 → WALL (2.42, -1.23)

======================================================================
Step 18000 (9.6 min) | Pickups: 41 | Deposits: 41 | Rate: 4.27 tags/min | phero_entries=0 max_w=0.000
======================================================================
R1[DEPART    ]: carry=0 | base=0.28 | wall=2.22 | search=  0 | target=none
R2[DEPART    ]: carry=0 | base=0.26 | wall=2.24 | search=  0 | target=none
R3[DEPART    ]: carry=0 | base=0.98 | wall=1.74 | search=  0 | target=none
R4[SEARCH    ]: carry=0 | base=0.83 | wall=1.90 | search= 91 | target=none


======================================================================
Step 18500 (9.9 min) | Pickups: 41 | Deposits: 41 | Rate: 4.16 tags/min | phero_entries=0 max_w=0.000
======================================================================
R1[SEARCH    ]: carry=0 | base=1.66 | wall=0.99 | search= 92 | target=none
R2[DEPART    ]: carry=0 | base=1.50 | wall=1.13 | search=  0 | target=none
R3[GIVE_UP   ]: carry=0 | base=0.98 | wall=1.63 | search=156 | target=none
R4[SEARCH    ]: carry=0 | base=1.88 | wall=0.77 | search=591 | target=none

  [GIVE-UP] R3 returned empty after 156 searching steps
  [TARGET] R3 → WALL (2.15, -2.42)
TIMEOUT_RESULT pickups=41 deposits=41 steps=18750 elapsed_min=10.000000
BATCH_RESULT pickups=41 deposits=41
