Gym has been unmaintained since 2022 and does not support NumPy 2.0 amongst other critical functionality.
Please upgrade to Gymnasium, the maintained drop-in replacement of Gym, or contact the authors of your software and request that they upgrade.
Users of this version of Gym should be able to simply replace 'import gym' with 'import gymnasium as gym' in the vast majority of cases.
See the migration guide at https://gymnasium.farama.org/introduction/migration_guide/ for additional information.
=================================================================
EXPERIMENT 4 — Central Server Disconnect Robustness
  Arena: 5x5m | Tags: 64 | Robots: 4 | Time: 10.0 min
  Disconnect: 6.6 → 7.6 min (1.0 min offline)
=================================================================

Loading model: ppo_cpfa_v9
Model loaded. Starting evaluation...

[PICKUP] Robot 3 picked up tag (density=9) | Total: 1
[PICKUP] Robot 4 picked up tag (density=6) | Total: 2
[DEPOSIT] Robot 3 deposited! Total: 1
  [TARGET] Robot 3 → SITE (0.00,0.50)
[DEPOSIT] Robot 4 deposited! Total: 2
  [TARGET] Robot 4 → SITE (0.28,-0.56)
[PICKUP] Robot 3 picked up tag (density=8) | Total: 3
[DEPOSIT] Robot 3 deposited! Total: 3
  [TARGET] Robot 3 → SITE (0.10,0.31)

======================================================================
Step 500 (0.3 min) [ONLINE] | Pickups: 3 | Deposits: 3 | Rate: 11.25 tags/min | phero=3
======================================================================
R1[EXPLORE     ]: carry=0 | gave_up=0
R2[WALL_ESC    ]: carry=0 | gave_up=0
R3[BASE_ESC    ]: carry=0 | gave_up=0
R4[SITE        ]: carry=0 | gave_up=0

[PICKUP] Robot 1 picked up tag (density=9) | Total: 4
[PICKUP] Robot 3 picked up tag (density=7) | Total: 5
[DEPOSIT] Robot 3 deposited! Total: 4
  [TARGET] Robot 3 → SITE (0.12,0.33)
[PICKUP] Robot 4 picked up tag (density=12) | Total: 6

======================================================================
Step 1000 (0.5 min) [ONLINE] | Pickups: 6 | Deposits: 4 | Rate: 7.50 tags/min | phero=4
======================================================================
R1[RTB         ]: carry=1 | gave_up=0
R2[EXPLORE     ]: carry=0 | gave_up=0
R3[SITE        ]: carry=0 | gave_up=0
R4[RTB         ]: carry=1 | gave_up=0

[DEPOSIT] Robot 1 deposited! Total: 5
  [TARGET] Robot 1 → SITE (-1.51,-0.89)
[DEPOSIT] Robot 4 deposited! Total: 6
  [TARGET] Robot 4 → SITE (0.40,-1.10)
[PICKUP] Robot 2 picked up tag (density=11) | Total: 7
[DEPOSIT] Robot 2 deposited! Total: 7
  [TARGET] Robot 2 → SITE (0.07,-1.06)

======================================================================
Step 1500 (0.8 min) [ONLINE] | Pickups: 7 | Deposits: 7 | Rate: 8.75 tags/min | phero=7
======================================================================
R1[SITE        ]: carry=0 | gave_up=0
R2[BASE_ESC    ]: carry=0 | gave_up=0
R3[EXPLORE     ]: carry=0 | gave_up=0
R4[SITE        ]: carry=0 | gave_up=0

[PICKUP] Robot 4 picked up tag (density=10) | Total: 8
[PICKUP] Robot 2 picked up tag (density=9) | Total: 9
[DEPOSIT] Robot 4 deposited! Total: 8
  [TARGET] Robot 4 → SITE (-0.08,-1.24)

======================================================================
Step 2000 (1.1 min) [ONLINE] | Pickups: 9 | Deposits: 8 | Rate: 7.50 tags/min | phero=8
======================================================================
R1[WALL_ESC    ]: carry=0 | gave_up=0
R2[RTB         ]: carry=1 | gave_up=0
R3[EXPLORE     ]: carry=0 | gave_up=0
R4[BASE_ESC    ]: carry=0 | gave_up=0

[PICKUP] Robot 1 picked up tag (density=8) | Total: 10
[DEPOSIT] Robot 2 deposited! Total: 9
  [TARGET] Robot 2 → SITE (0.10,-1.07)

======================================================================
Step 2500 (1.3 min) [ONLINE] | Pickups: 10 | Deposits: 9 | Rate: 6.75 tags/min | phero=9
======================================================================
R1[RTB         ]: carry=1 | gave_up=0
R2[SITE        ]: carry=0 | gave_up=0
R3[EXPLORE     ]: carry=0 | gave_up=0
R4[EXPLORE     ]: carry=0 | gave_up=0

[PICKUP] Robot 3 picked up tag (density=8) | Total: 11
[PICKUP] Robot 2 picked up tag (density=7) | Total: 12
[DEPOSIT] Robot 1 deposited! Total: 10
  [TARGET] Robot 1 → SITE (-1.90,-1.13)
[DEPOSIT] Robot 2 deposited! Total: 11
  [TARGET] Robot 2 → SITE (0.11,-1.11)
[DEPOSIT] Robot 3 deposited! Total: 12
  [TARGET] Robot 3 → SITE (0.26,-1.51)

======================================================================
Step 3000 (1.6 min) [ONLINE] | Pickups: 12 | Deposits: 12 | Rate: 7.50 tags/min | phero=12
======================================================================
R1[SITE        ]: carry=0 | gave_up=0
R2[BASE_ESC    ]: carry=0 | gave_up=0
R3[BASE_ESC    ]: carry=0 | gave_up=0
R4[EXPLORE     ]: carry=0 | gave_up=0

[PICKUP] Robot 2 picked up tag (density=5) | Total: 13
[DEPOSIT] Robot 2 deposited! Total: 13
  [TARGET] Robot 2 → SITE (0.22,-0.27)
[PICKUP] Robot 1 picked up tag (density=7) | Total: 14
[PICKUP] Robot 3 picked up tag (density=6) | Total: 15
[GIVE-UP] R4 giving up after 1402 steps
[EMPTY_RTN] R4 → phero(0.10,-1.07)
[PICKUP] Robot 2 picked up tag (density=4) | Total: 16

======================================================================
Step 3500 (1.9 min) [ONLINE] | Pickups: 16 | Deposits: 13 | Rate: 6.96 tags/min | phero=13
======================================================================
R1[RTB         ]: carry=1 | gave_up=0
R2[RTB         ]: carry=1 | gave_up=0
R3[RTB         ]: carry=1 | gave_up=0
R4[PHERO       ]: carry=0 | gave_up=0

[DEPOSIT] Robot 2 deposited! Total: 14
  [TARGET] Robot 2 → SITE (0.25,-0.27)
[DEPOSIT] Robot 3 deposited! Total: 15
  [TARGET] Robot 3 → SITE (0.20,-1.14)
[PICKUP] Robot 4 picked up tag (density=5) | Total: 17
[PICKUP] Robot 2 picked up tag (density=3) | Total: 18
[DEPOSIT] Robot 1 deposited! Total: 16
  [TARGET] Robot 1 → SITE (-1.51,-1.28)
[DEPOSIT] Robot 2 deposited! Total: 17
  [TARGET] Robot 2 → SITE (0.30,-0.28)

======================================================================
Step 4000 (2.1 min) [ONLINE] | Pickups: 18 | Deposits: 17 | Rate: 7.97 tags/min | phero=17
======================================================================
R1[SITE        ]: carry=0 | gave_up=0
R2[BASE_ESC    ]: carry=0 | gave_up=0
R3[SITE        ]: carry=0 | gave_up=0
R4[RTB         ]: carry=1 | gave_up=0

[DEPOSIT] Robot 4 deposited! Total: 18
  [TARGET] Robot 4 → SITE (0.10,-1.14)
[PICKUP] Robot 2 picked up tag (density=2) | Total: 19
[DEPOSIT] Robot 2 deposited! Total: 19
  [TARGET] Robot 2 → SITE (0.30,-0.35)

======================================================================
Step 4500 (2.4 min) [ONLINE] | Pickups: 19 | Deposits: 19 | Rate: 7.92 tags/min | phero=17
======================================================================
R1[SITE        ]: carry=0 | gave_up=0
R2[SITE        ]: carry=0 | gave_up=0
R3[SITE        ]: carry=0 | gave_up=0
R4[SITE        ]: carry=0 | gave_up=0

[PICKUP] Robot 2 picked up tag (density=1) | Total: 20
[DEPOSIT] Robot 2 deposited! Total: 20
  [TARGET] Robot 2 → PHERO (0.20,-1.14)
[PICKUP] Robot 4 picked up tag (density=4) | Total: 21
[PICKUP] Robot 3 picked up tag (density=3) | Total: 22
[DEPOSIT] Robot 4 deposited! Total: 21
  [TARGET] Robot 4 → SITE (0.20,-1.17)

======================================================================
Step 5000 (2.7 min) [ONLINE] | Pickups: 22 | Deposits: 21 | Rate: 7.88 tags/min | phero=16
======================================================================
R1[SITE        ]: carry=0 | gave_up=0
R2[PHERO       ]: carry=0 | gave_up=0
R3[RTB         ]: carry=1 | gave_up=0
R4[BASE_ESC    ]: carry=0 | gave_up=0

[PICKUP] Robot 2 picked up tag (density=2) | Total: 23
[PICKUP] Robot 4 picked up tag (density=1) | Total: 24

======================================================================
Step 5500 (2.9 min) [ONLINE] | Pickups: 24 | Deposits: 21 | Rate: 7.16 tags/min | phero=13
======================================================================
R1[WALL_ESC    ]: carry=0 | gave_up=0
R2[RTB         ]: carry=1 | gave_up=0
R3[RTB         ]: carry=1 | gave_up=0
R4[RTB         ]: carry=1 | gave_up=0

[DEPOSIT] Robot 3 deposited! Total: 22
  [TARGET] Robot 3 → SITE (0.26,-1.22)
[PICKUP] Robot 1 picked up tag (density=6) | Total: 25
[DEPOSIT] Robot 2 deposited! Total: 23
  [TARGET] Robot 2 → SITE (0.18,-1.22)
[DEPOSIT] Robot 4 deposited! Total: 24
  [TARGET] Robot 4 → SITE (0.16,-1.25)

======================================================================
Step 6000 (3.2 min) [ONLINE] | Pickups: 25 | Deposits: 24 | Rate: 7.50 tags/min | phero=13
======================================================================
R1[RTB         ]: carry=1 | gave_up=0
R2[SITE        ]: carry=0 | gave_up=0
R3[SITE        ]: carry=0 | gave_up=0
R4[SITE        ]: carry=0 | gave_up=0

[DEPOSIT] Robot 1 deposited! Total: 25
  [TARGET] Robot 1 → SITE (-1.81,-1.24)

======================================================================
Step 6500 (3.5 min) [ONLINE] | Pickups: 25 | Deposits: 25 | Rate: 7.21 tags/min | phero=13
======================================================================
R1[SITE        ]: carry=0 | gave_up=0
R2[EXPLORE     ]: carry=0 | gave_up=0
R3[EXPLORE     ]: carry=0 | gave_up=0
R4[WALL_ESC    ]: carry=0 | gave_up=0

[GIVE-UP] R3 giving up after 1266 steps

======================================================================
Step 7000 (3.7 min) [ONLINE] | Pickups: 25 | Deposits: 25 | Rate: 6.70 tags/min | phero=11
======================================================================
R1[SITE        ]: carry=0 | gave_up=0
R2[EXPLORE     ]: carry=0 | gave_up=0
R3[GIVE_UP     ]: carry=0 | gave_up=1
R4[EXPLORE     ]: carry=0 | gave_up=0

[PICKUP] Robot 1 picked up tag (density=5) | Total: 26
[EMPTY_RTN] R3 → phero(0.20,-1.17)

======================================================================
Step 7500 (4.0 min) [ONLINE] | Pickups: 26 | Deposits: 25 | Rate: 6.25 tags/min | phero=9
======================================================================
R1[RTB         ]: carry=1 | gave_up=0
R2[EXPLORE     ]: carry=0 | gave_up=0
R3[PHERO       ]: carry=0 | gave_up=0
R4[EXPLORE     ]: carry=0 | gave_up=0

[PICKUP] Robot 4 picked up tag (density=16) | Total: 27
[DEPOSIT] Robot 1 deposited! Total: 26
  [TARGET] Robot 1 → SITE (-1.59,-0.89)

======================================================================
Step 8000 (4.3 min) [ONLINE] | Pickups: 27 | Deposits: 26 | Rate: 6.09 tags/min | phero=8
======================================================================
R1[SITE        ]: carry=0 | gave_up=0
R2[EXPLORE     ]: carry=0 | gave_up=0
R3[EXPLORE     ]: carry=0 | gave_up=0
R4[RTB         ]: carry=1 | gave_up=0

[DEPOSIT] Robot 4 deposited! Total: 27
  [TARGET] Robot 4 → SITE (1.35,1.30)
[PICKUP] Robot 1 picked up tag (density=4) | Total: 28
[PICKUP] Robot 4 picked up tag (density=6) | Total: 29
[PICKUP] Robot 2 picked up tag (density=12) | Total: 30
[DEPOSIT] Robot 4 deposited! Total: 28
  [TARGET] Robot 4 → SITE (0.15,0.39)

======================================================================
Step 8500 (4.5 min) [ONLINE] | Pickups: 30 | Deposits: 28 | Rate: 6.18 tags/min | phero=6
======================================================================
R1[RTB         ]: carry=1 | gave_up=0
R2[RTB         ]: carry=1 | gave_up=0
R3[EXPLORE     ]: carry=0 | gave_up=0
R4[SITE        ]: carry=0 | gave_up=0

[GIVE-UP] R3 giving up after 1344 steps
[PICKUP] Robot 4 picked up tag (density=5) | Total: 31
[DEPOSIT] Robot 2 deposited! Total: 29
  [TARGET] Robot 2 → SITE (-0.86,1.09)
[DEPOSIT] Robot 1 deposited! Total: 30
  [TARGET] Robot 1 → SITE (-1.45,-1.11)
[DEPOSIT] Robot 4 deposited! Total: 31
  [TARGET] Robot 4 → SITE (0.13,0.40)
[PICKUP] Robot 4 picked up tag (density=4) | Total: 32

======================================================================
Step 9000 (4.8 min) [ONLINE] | Pickups: 32 | Deposits: 31 | Rate: 6.46 tags/min | phero=9
======================================================================
R1[SITE        ]: carry=0 | gave_up=0
R2[SITE        ]: carry=0 | gave_up=0
R3[GIVE_UP     ]: carry=0 | gave_up=1
R4[RTB         ]: carry=1 | gave_up=0

[PICKUP] Robot 2 picked up tag (density=11) | Total: 33
[DEPOSIT] Robot 4 deposited! Total: 32
  [TARGET] Robot 4 → SITE (0.14,0.43)
[EMPTY_RTN] R3 → phero(-0.86,1.09)
[DEPOSIT] Robot 2 deposited! Total: 33
  [TARGET] Robot 2 → SITE (-0.71,0.91)

======================================================================
Step 9500 (5.1 min) [ONLINE] | Pickups: 33 | Deposits: 33 | Rate: 6.51 tags/min | phero=10
======================================================================
R1[EXPLORE     ]: carry=0 | gave_up=0
R2[BASE_ESC    ]: carry=0 | gave_up=0
R3[BASE_ESC    ]: carry=0 | gave_up=0
R4[EXPLORE     ]: carry=0 | gave_up=0

[PICKUP] Robot 3 picked up tag (density=3) | Total: 34
[PICKUP] Robot 2 picked up tag (density=10) | Total: 35
[DEPOSIT] Robot 3 deposited! Total: 34
  [TARGET] Robot 3 → SITE (-0.01,0.47)

======================================================================
Step 10000 (5.3 min) [ONLINE] | Pickups: 35 | Deposits: 34 | Rate: 6.38 tags/min | phero=11
======================================================================
R1[EXPLORE     ]: carry=0 | gave_up=0
R2[RTB         ]: carry=1 | gave_up=0
R3[SITE        ]: carry=0 | gave_up=0
R4[EXPLORE     ]: carry=0 | gave_up=0

[PICKUP] Robot 3 picked up tag (density=2) | Total: 36
[DEPOSIT] Robot 2 deposited! Total: 35
  [TARGET] Robot 2 → SITE (-0.85,0.64)
[DEPOSIT] Robot 3 deposited! Total: 36
  [TARGET] Robot 3 → SITE (0.01,0.51)
[PICKUP] Robot 2 picked up tag (density=9) | Total: 37

======================================================================
Step 10500 (5.6 min) [ONLINE] | Pickups: 37 | Deposits: 36 | Rate: 6.43 tags/min | phero=11
======================================================================
R1[EXPLORE     ]: carry=0 | gave_up=0
R2[RTB         ]: carry=1 | gave_up=0
R3[EXPLORE     ]: carry=0 | gave_up=0
R4[EXPLORE     ]: carry=0 | gave_up=0

[DEPOSIT] Robot 2 deposited! Total: 37
  [TARGET] Robot 2 → SITE (-0.79,0.73)
[PICKUP] Robot 1 picked up tag (density=15) | Total: 38

======================================================================
Step 11000 (5.9 min) [ONLINE] | Pickups: 38 | Deposits: 37 | Rate: 6.31 tags/min | phero=12
======================================================================
R1[RTB         ]: carry=1 | gave_up=0
R2[SITE        ]: carry=0 | gave_up=0
R3[WALL_ESC    ]: carry=0 | gave_up=0
R4[EXPLORE     ]: carry=0 | gave_up=0

[DEPOSIT] Robot 1 deposited! Total: 38
  [TARGET] Robot 1 → SITE (1.34,1.31)
[PICKUP] Robot 3 picked up tag (density=8) | Total: 39
[PICKUP] Robot 1 picked up tag (density=1) | Total: 40

======================================================================
Step 11500 (6.1 min) [ONLINE] | Pickups: 40 | Deposits: 38 | Rate: 6.20 tags/min | phero=13
======================================================================
R1[RTB         ]: carry=1 | gave_up=0
R2[EXPLORE     ]: carry=0 | gave_up=0
R3[RTB         ]: carry=1 | gave_up=0
R4[EXPLORE     ]: carry=0 | gave_up=0

[DEPOSIT] Robot 3 deposited! Total: 39
  [TARGET] Robot 3 → SITE (-0.86,1.08)
[DEPOSIT] Robot 1 deposited! Total: 40
  [TARGET] Robot 1 → PHERO (0.16,0.47)
[GIVE-UP] R4 giving up after 2792 steps

======================================================================
Step 12000 (6.4 min) [ONLINE] | Pickups: 40 | Deposits: 40 | Rate: 6.25 tags/min | phero=14
======================================================================
R1[PHERO       ]: carry=0 | gave_up=0
R2[EXPLORE     ]: carry=0 | gave_up=0
R3[SITE        ]: carry=0 | gave_up=0
R4[GIVE_UP     ]: carry=0 | gave_up=1

[EMPTY_RTN] R4 → phero(1.34,1.31)
[PICKUP] Robot 2 picked up tag (density=14) | Total: 41

[DISCONNECT] Central server OFFLINE at 6.62 min (will reconnect at 7.6 min)


======================================================================
Step 12500 (6.7 min) [DISCONNECTED] | Pickups: 41 | Deposits: 40 | Rate: 6.00 tags/min | phero=13
======================================================================
R1[DISCONNECTED]: carry=0 | gave_up=0
R2[DISCONNECTED]: carry=1 | gave_up=0
R3[DISCONNECTED]: carry=0 | gave_up=0
R4[DISCONNECTED]: carry=0 | gave_up=0

[DEPOSIT] Robot 2 deposited! Total: 41
  [TARGET] Robot 2 → SITE (1.67,1.65)
[GIVE-UP] R1 giving up after 1307 steps

======================================================================
Step 13000 (6.9 min) [DISCONNECTED] | Pickups: 41 | Deposits: 41 | Rate: 5.91 tags/min | phero=11
======================================================================
R1[DISCONNECTED]: carry=0 | gave_up=1
R2[DISCONNECTED]: carry=0 | gave_up=0
R3[DISCONNECTED]: carry=0 | gave_up=0
R4[DISCONNECTED]: carry=0 | gave_up=0


======================================================================
Step 13500 (7.2 min) [DISCONNECTED] | Pickups: 41 | Deposits: 41 | Rate: 5.69 tags/min | phero=9
======================================================================
R1[DISCONNECTED]: carry=0 | gave_up=1
R2[DISCONNECTED]: carry=0 | gave_up=0
R3[DISCONNECTED]: carry=0 | gave_up=0
R4[DISCONNECTED]: carry=0 | gave_up=0

[GIVE-UP] R1 giving up after 2165 steps
[GIVE-UP] R3 giving up after 2313 steps

======================================================================
Step 14000 (7.5 min) [DISCONNECTED] | Pickups: 41 | Deposits: 41 | Rate: 5.49 tags/min | phero=8
======================================================================
R1[DISCONNECTED]: carry=0 | gave_up=1
R2[DISCONNECTED]: carry=0 | gave_up=0
R3[DISCONNECTED]: carry=0 | gave_up=1
R4[DISCONNECTED]: carry=0 | gave_up=0


[RECONNECT] Central server ONLINE at 7.62 min

[EMPTY_RTN] R3 → phero(0.16,0.47)

======================================================================
Step 14500 (7.7 min) [ONLINE] | Pickups: 41 | Deposits: 41 | Rate: 5.30 tags/min | phero=6
======================================================================
R1[GIVE_UP     ]: carry=0 | gave_up=1
R2[SITE        ]: carry=0 | gave_up=0
R3[BASE_ESC    ]: carry=0 | gave_up=0
R4[PHERO       ]: carry=0 | gave_up=0


======================================================================
Step 15000 (8.0 min) [ONLINE] | Pickups: 41 | Deposits: 41 | Rate: 5.12 tags/min | phero=5
======================================================================
R1[GIVE_UP     ]: carry=0 | gave_up=1
R2[EXPLORE     ]: carry=0 | gave_up=0
R3[EXPLORE     ]: carry=0 | gave_up=0
R4[PHERO       ]: carry=0 | gave_up=0

[EMPTY_RTN] R1 → phero(1.67,1.65)

======================================================================
Step 15500 (8.3 min) [ONLINE] | Pickups: 41 | Deposits: 41 | Rate: 4.96 tags/min | phero=4
======================================================================
R1[PHERO       ]: carry=0 | gave_up=0
R2[EXPLORE     ]: carry=0 | gave_up=0
R3[EXPLORE     ]: carry=0 | gave_up=0
R4[PHERO       ]: carry=0 | gave_up=0

[PICKUP] Robot 2 picked up tag (density=7) | Total: 42

======================================================================
Step 16000 (8.5 min) [ONLINE] | Pickups: 42 | Deposits: 41 | Rate: 4.80 tags/min | phero=1
======================================================================
R1[PHERO       ]: carry=0 | gave_up=0
R2[RTB         ]: carry=1 | gave_up=0
R3[EXPLORE     ]: carry=0 | gave_up=0
R4[PHERO       ]: carry=0 | gave_up=0

[PICKUP] Robot 1 picked up tag (density=13) | Total: 43
[DEPOSIT] Robot 2 deposited! Total: 42
  [TARGET] Robot 2 → SITE (-0.87,1.02)
[PICKUP] Robot 4 picked up tag (density=12) | Total: 44
[PICKUP] Robot 2 picked up tag (density=6) | Total: 45

======================================================================
Step 16500 (8.8 min) [ONLINE] | Pickups: 45 | Deposits: 42 | Rate: 4.77 tags/min | phero=2
======================================================================
R1[RTB         ]: carry=1 | gave_up=0
R2[RTB         ]: carry=1 | gave_up=0
R3[EXPLORE     ]: carry=0 | gave_up=0
R4[RTB         ]: carry=1 | gave_up=0

[DEPOSIT] Robot 1 deposited! Total: 43
  [TARGET] Robot 1 → SITE (1.23,1.39)
[DEPOSIT] Robot 4 deposited! Total: 44
  [TARGET] Robot 4 → SITE (1.32,1.36)
[DEPOSIT] Robot 2 deposited! Total: 45
  [TARGET] Robot 2 → SITE (-0.83,0.76)

======================================================================
Step 17000 (9.1 min) [ONLINE] | Pickups: 45 | Deposits: 45 | Rate: 4.96 tags/min | phero=5
======================================================================
R1[SITE        ]: carry=0 | gave_up=0
R2[SITE        ]: carry=0 | gave_up=0
R3[EXPLORE     ]: carry=0 | gave_up=0
R4[SITE        ]: carry=0 | gave_up=0

[PICKUP] Robot 2 picked up tag (density=5) | Total: 46
[PICKUP] Robot 1 picked up tag (density=11) | Total: 47
[PICKUP] Robot 3 picked up tag (density=4) | Total: 48
[PICKUP] Robot 4 picked up tag (density=10) | Total: 49

======================================================================
Step 17500 (9.3 min) [ONLINE] | Pickups: 49 | Deposits: 45 | Rate: 4.82 tags/min | phero=4
======================================================================
R1[RTB         ]: carry=1 | gave_up=0
R2[RTB         ]: carry=1 | gave_up=0
R3[RTB         ]: carry=1 | gave_up=0
R4[RTB         ]: carry=1 | gave_up=0

[DEPOSIT] Robot 2 deposited! Total: 46
  [TARGET] Robot 2 → SITE (-0.86,0.77)
[DEPOSIT] Robot 3 deposited! Total: 47
  [TARGET] Robot 3 → SITE (-0.91,0.76)
[DEPOSIT] Robot 1 deposited! Total: 48
  [TARGET] Robot 1 → SITE (1.28,1.40)
[DEPOSIT] Robot 4 deposited! Total: 49
  [TARGET] Robot 4 → SITE (1.42,1.34)

======================================================================
Step 18000 (9.6 min) [ONLINE] | Pickups: 49 | Deposits: 49 | Rate: 5.10 tags/min | phero=8
======================================================================
R1[SITE        ]: carry=0 | gave_up=0
R2[EXPLORE     ]: carry=0 | gave_up=0
R3[SITE        ]: carry=0 | gave_up=0
R4[BASE_ESC    ]: carry=0 | gave_up=0

[GIVE-UP] R2 giving up after 927 steps
[PICKUP] Robot 3 picked up tag (density=3) | Total: 50

======================================================================
Step 18500 (9.9 min) [ONLINE] | Pickups: 50 | Deposits: 49 | Rate: 4.97 tags/min | phero=8
======================================================================
R1[SITE        ]: carry=0 | gave_up=0
R2[GIVE_UP     ]: carry=0 | gave_up=1
R3[RTB         ]: carry=1 | gave_up=0
R4[SITE        ]: carry=0 | gave_up=0

[PICKUP] Robot 4 picked up tag (density=9) | Total: 51
TIMEOUT_RESULT pickups=51 deposits=49 steps=18750 elapsed_min=10.000000 disconnect_start=6.6 disconnect_duration=1.0
BATCH_RESULT pickups=51 deposits=49
