Gym has been unmaintained since 2022 and does not support NumPy 2.0 amongst other critical functionality.
Please upgrade to Gymnasium, the maintained drop-in replacement of Gym, or contact the authors of your software and request that they upgrade.
Users of this version of Gym should be able to simply replace 'import gym' with 'import gymnasium as gym' in the vast majority of cases.
See the migration guide at https://gymnasium.farama.org/introduction/migration_guide/ for additional information.
=================================================================
EXPERIMENT 4 — Central Server Disconnect Robustness
  Arena: 5x5m | Tags: 64 | Robots: 4 | Time: 10.0 min
  Disconnect: 4.4 → 5.4 min (1.0 min offline)
=================================================================

Loading model: ppo_cpfa_v9
Model loaded. Starting evaluation...

[PICKUP] Robot 4 picked up tag (density=6) | Total: 1
[DEPOSIT] Robot 4 deposited! Total: 1
  [TARGET] Robot 4 → SITE (0.00,-0.50)
[PICKUP] Robot 4 picked up tag (density=5) | Total: 2
[DEPOSIT] Robot 4 deposited! Total: 2
  [TARGET] Robot 4 → SITE (0.06,-0.31)

======================================================================
Step 500 (0.3 min) [ONLINE] | Pickups: 2 | Deposits: 2 | Rate: 7.50 tags/min | phero=2
======================================================================
R1[EXPLORE     ]: carry=0 | gave_up=0
R2[EXPLORE     ]: carry=0 | gave_up=0
R3[EXPLORE     ]: carry=0 | gave_up=0
R4[BASE_ESC    ]: carry=0 | gave_up=0

[PICKUP] Robot 4 picked up tag (density=4) | Total: 3
[GIVE-UP] R3 giving up after 702 steps
[DEPOSIT] Robot 4 deposited! Total: 3
  [TARGET] Robot 4 → SITE (0.07,-0.34)
[PICKUP] Robot 4 picked up tag (density=3) | Total: 4
[EMPTY_RTN] R3 → phero(0.06,-0.31)

======================================================================
Step 1000 (0.5 min) [ONLINE] | Pickups: 4 | Deposits: 3 | Rate: 5.62 tags/min | phero=2
======================================================================
R1[EXPLORE     ]: carry=0 | gave_up=0
R2[EXPLORE     ]: carry=0 | gave_up=0
R3[BASE_ESC    ]: carry=0 | gave_up=0
R4[RTB         ]: carry=1 | gave_up=0

[DEPOSIT] Robot 4 deposited! Total: 4
  [TARGET] Robot 4 → SITE (-0.00,-0.41)
[PICKUP] Robot 4 picked up tag (density=2) | Total: 5
[DEPOSIT] Robot 4 deposited! Total: 5
  [TARGET] Robot 4 → SITE (0.03,-0.47)

======================================================================
Step 1500 (0.8 min) [ONLINE] | Pickups: 5 | Deposits: 5 | Rate: 6.25 tags/min | phero=3
======================================================================
R1[EXPLORE     ]: carry=0 | gave_up=0
R2[EXPLORE     ]: carry=0 | gave_up=0
R3[EXPLORE     ]: carry=0 | gave_up=0
R4[BASE_ESC    ]: carry=0 | gave_up=0

[PICKUP] Robot 2 picked up tag (density=9) | Total: 6
[PICKUP] Robot 4 picked up tag (density=12) | Total: 7

======================================================================
Step 2000 (1.1 min) [ONLINE] | Pickups: 7 | Deposits: 5 | Rate: 4.69 tags/min | phero=3
======================================================================
R1[EXPLORE     ]: carry=0 | gave_up=0
R2[RTB         ]: carry=1 | gave_up=0
R3[EXPLORE     ]: carry=0 | gave_up=0
R4[RTB         ]: carry=1 | gave_up=0

[DEPOSIT] Robot 4 deposited! Total: 6
  [TARGET] Robot 4 → SITE (-0.35,-1.06)
[DEPOSIT] Robot 2 deposited! Total: 7
  [TARGET] Robot 2 → SITE (-1.78,0.22)

======================================================================
Step 2500 (1.3 min) [ONLINE] | Pickups: 7 | Deposits: 7 | Rate: 5.25 tags/min | phero=5
======================================================================
R1[EXPLORE     ]: carry=0 | gave_up=0
R2[SITE        ]: carry=0 | gave_up=0
R3[EXPLORE     ]: carry=0 | gave_up=0
R4[SITE        ]: carry=0 | gave_up=0

[PICKUP] Robot 4 picked up tag (density=11) | Total: 8
[PICKUP] Robot 1 picked up tag (density=9) | Total: 9
[DEPOSIT] Robot 1 deposited! Total: 8
  [TARGET] Robot 1 → SITE (0.34,0.14)
[DEPOSIT] Robot 4 deposited! Total: 9
  [TARGET] Robot 4 → SITE (-0.35,-1.13)
[PICKUP] Robot 2 picked up tag (density=8) | Total: 10

======================================================================
Step 3000 (1.6 min) [ONLINE] | Pickups: 10 | Deposits: 9 | Rate: 5.62 tags/min | phero=7
======================================================================
R1[SITE        ]: carry=0 | gave_up=0
R2[RTB         ]: carry=1 | gave_up=0
R3[EXPLORE     ]: carry=0 | gave_up=0
R4[BASE_ESC    ]: carry=0 | gave_up=0

[PICKUP] Robot 1 picked up tag (density=8) | Total: 11
[DEPOSIT] Robot 1 deposited! Total: 10
  [TARGET] Robot 1 → SITE (0.32,0.17)
[PICKUP] Robot 4 picked up tag (density=10) | Total: 12
[PICKUP] Robot 1 picked up tag (density=7) | Total: 13
[DEPOSIT] Robot 2 deposited! Total: 11
  [TARGET] Robot 2 → SITE (-1.79,0.18)

======================================================================
Step 3500 (1.9 min) [ONLINE] | Pickups: 13 | Deposits: 11 | Rate: 5.89 tags/min | phero=9
======================================================================
R1[RTB         ]: carry=1 | gave_up=0
R2[BASE_ESC    ]: carry=0 | gave_up=0
R3[EXPLORE     ]: carry=0 | gave_up=0
R4[RTB         ]: carry=1 | gave_up=0

[DEPOSIT] Robot 1 deposited! Total: 12
  [TARGET] Robot 1 → SITE (0.42,0.16)
[DEPOSIT] Robot 4 deposited! Total: 13
  [TARGET] Robot 4 → SITE (-0.41,-1.10)

======================================================================
Step 4000 (2.1 min) [ONLINE] | Pickups: 13 | Deposits: 13 | Rate: 6.09 tags/min | phero=11
======================================================================
R1[EXPLORE     ]: carry=0 | gave_up=0
R2[EXPLORE     ]: carry=0 | gave_up=0
R3[EXPLORE     ]: carry=0 | gave_up=0
R4[SITE        ]: carry=0 | gave_up=0

[PICKUP] Robot 2 picked up tag (density=7) | Total: 14
[PICKUP] Robot 4 picked up tag (density=9) | Total: 15
[DEPOSIT] Robot 4 deposited! Total: 14
  [TARGET] Robot 4 → SITE (-0.44,-1.01)

======================================================================
Step 4500 (2.4 min) [ONLINE] | Pickups: 15 | Deposits: 14 | Rate: 5.83 tags/min | phero=11
======================================================================
R1[EXPLORE     ]: carry=0 | gave_up=0
R2[RTB         ]: carry=1 | gave_up=0
R3[EXPLORE     ]: carry=0 | gave_up=0
R4[BASE_ESC    ]: carry=0 | gave_up=0

[DEPOSIT] Robot 2 deposited! Total: 15
  [TARGET] Robot 2 → SITE (-1.85,0.19)
[PICKUP] Robot 4 picked up tag (density=8) | Total: 16
[GIVE-UP] R1 giving up after 1368 steps

======================================================================
Step 5000 (2.7 min) [ONLINE] | Pickups: 16 | Deposits: 15 | Rate: 5.62 tags/min | phero=11
======================================================================
R1[GIVE_UP     ]: carry=0 | gave_up=1
R2[SITE        ]: carry=0 | gave_up=0
R3[EXPLORE     ]: carry=0 | gave_up=0
R4[RTB         ]: carry=1 | gave_up=0

[DEPOSIT] Robot 4 deposited! Total: 16
  [TARGET] Robot 4 → SITE (-0.44,-1.09)
[PICKUP] Robot 2 picked up tag (density=6) | Total: 17
[EMPTY_RTN] R1 → phero(-1.85,0.19)

======================================================================
Step 5500 (2.9 min) [ONLINE] | Pickups: 17 | Deposits: 16 | Rate: 5.45 tags/min | phero=11
======================================================================
R1[PHERO       ]: carry=0 | gave_up=0
R2[RTB         ]: carry=1 | gave_up=0
R3[EXPLORE     ]: carry=0 | gave_up=0
R4[SITE        ]: carry=0 | gave_up=0

[PICKUP] Robot 4 picked up tag (density=7) | Total: 18
[DEPOSIT] Robot 2 deposited! Total: 17
  [TARGET] Robot 2 → SITE (-1.89,0.20)
[DEPOSIT] Robot 4 deposited! Total: 18
  [TARGET] Robot 4 → SITE (-0.53,-0.99)

======================================================================
Step 6000 (3.2 min) [ONLINE] | Pickups: 18 | Deposits: 18 | Rate: 5.62 tags/min | phero=13
======================================================================
R1[PHERO       ]: carry=0 | gave_up=0
R2[SITE        ]: carry=0 | gave_up=0
R3[EXPLORE     ]: carry=0 | gave_up=0
R4[SITE        ]: carry=0 | gave_up=0

[PICKUP] Robot 1 picked up tag (density=5) | Total: 19
[PICKUP] Robot 4 picked up tag (density=6) | Total: 20
[PICKUP] Robot 2 picked up tag (density=4) | Total: 21

======================================================================
Step 6500 (3.5 min) [ONLINE] | Pickups: 21 | Deposits: 18 | Rate: 5.19 tags/min | phero=13
======================================================================
R1[RTB         ]: carry=1 | gave_up=0
R2[RTB         ]: carry=1 | gave_up=0
R3[EXPLORE     ]: carry=0 | gave_up=0
R4[RTB         ]: carry=1 | gave_up=0

[DEPOSIT] Robot 4 deposited! Total: 19
  [TARGET] Robot 4 → SITE (-0.55,-1.03)
[DEPOSIT] Robot 1 deposited! Total: 20
  [TARGET] Robot 1 → SITE (-1.97,0.28)
[DEPOSIT] Robot 2 deposited! Total: 21
  [TARGET] Robot 2 → SITE (-1.96,0.19)

======================================================================
Step 7000 (3.7 min) [ONLINE] | Pickups: 21 | Deposits: 21 | Rate: 5.62 tags/min | phero=14
======================================================================
R1[SITE        ]: carry=0 | gave_up=0
R2[SITE        ]: carry=0 | gave_up=0
R3[EXPLORE     ]: carry=0 | gave_up=0
R4[SITE        ]: carry=0 | gave_up=0

[PICKUP] Robot 4 picked up tag (density=5) | Total: 22
[PICKUP] Robot 1 picked up tag (density=3) | Total: 23
[DEPOSIT] Robot 4 deposited! Total: 22
  [TARGET] Robot 4 → SITE (-0.54,-1.08)

======================================================================
Step 7500 (4.0 min) [ONLINE] | Pickups: 23 | Deposits: 22 | Rate: 5.50 tags/min | phero=12
======================================================================
R1[RTB         ]: carry=1 | gave_up=0
R2[SITE        ]: carry=0 | gave_up=0
R3[EXPLORE     ]: carry=0 | gave_up=0
R4[BASE_ESC    ]: carry=0 | gave_up=0

[PICKUP] Robot 2 picked up tag (density=2) | Total: 24
[GIVE-UP] R3 giving up after 6783 steps
[PICKUP] Robot 4 picked up tag (density=4) | Total: 25
[DEPOSIT] Robot 1 deposited! Total: 23
  [TARGET] Robot 1 → SITE (-1.93,0.17)

======================================================================
Step 8000 (4.3 min) [ONLINE] | Pickups: 25 | Deposits: 23 | Rate: 5.39 tags/min | phero=10
======================================================================
R1[SITE        ]: carry=0 | gave_up=0
R2[RTB         ]: carry=1 | gave_up=0
R3[GIVE_UP     ]: carry=0 | gave_up=1
R4[RTB         ]: carry=1 | gave_up=0

[DEPOSIT] Robot 2 deposited! Total: 24
  [TARGET] Robot 2 → SITE (-1.88,-0.06)
[DEPOSIT] Robot 4 deposited! Total: 25
  [TARGET] Robot 4 → SITE (-0.60,-0.99)

[DISCONNECT] Central server OFFLINE at 4.43 min (will reconnect at 5.4 min)

[EMPTY_RTN] R3 → phero(-1.96,0.19)

======================================================================
Step 8500 (4.5 min) [DISCONNECTED] | Pickups: 25 | Deposits: 25 | Rate: 5.51 tags/min | phero=11
======================================================================
R1[DISCONNECTED]: carry=0 | gave_up=0
R2[DISCONNECTED]: carry=0 | gave_up=0
R3[DISCONNECTED]: carry=0 | gave_up=0
R4[DISCONNECTED]: carry=0 | gave_up=0

[PICKUP] Robot 4 picked up tag (density=3) | Total: 26

======================================================================
Step 9000 (4.8 min) [DISCONNECTED] | Pickups: 26 | Deposits: 25 | Rate: 5.21 tags/min | phero=9
======================================================================
R1[DISCONNECTED]: carry=0 | gave_up=0
R2[DISCONNECTED]: carry=0 | gave_up=0
R3[DISCONNECTED]: carry=0 | gave_up=0
R4[DISCONNECTED]: carry=1 | gave_up=0


======================================================================
Step 9500 (5.1 min) [DISCONNECTED] | Pickups: 26 | Deposits: 25 | Rate: 4.93 tags/min | phero=8
======================================================================
R1[DISCONNECTED]: carry=0 | gave_up=0
R2[DISCONNECTED]: carry=0 | gave_up=0
R3[DISCONNECTED]: carry=0 | gave_up=0
R4[DISCONNECTED]: carry=1 | gave_up=0

[PICKUP] Robot 3 picked up tag (density=6) | Total: 27
[PICKUP] Robot 2 picked up tag (density=1) | Total: 28
[DEPOSIT] Robot 4 deposited! Total: 26
  [TARGET] Robot 4 → SITE (-0.67,-1.01)
[DEPOSIT] Robot 2 deposited! Total: 27
  [TARGET] Robot 2 → PHERO (-1.88,-0.06)
[GIVE-UP] R1 giving up after 2111 steps

======================================================================
Step 10000 (5.3 min) [DISCONNECTED] | Pickups: 28 | Deposits: 27 | Rate: 5.06 tags/min | phero=8
======================================================================
R1[DISCONNECTED]: carry=0 | gave_up=1
R2[DISCONNECTED]: carry=0 | gave_up=0
R3[DISCONNECTED]: carry=1 | gave_up=0
R4[DISCONNECTED]: carry=0 | gave_up=0

[PICKUP] Robot 1 picked up tag (density=12) | Total: 29

[RECONNECT] Central server ONLINE at 5.43 min

[PICKUP] Robot 4 picked up tag (density=11) | Total: 30

======================================================================
Step 10500 (5.6 min) [ONLINE] | Pickups: 30 | Deposits: 27 | Rate: 4.82 tags/min | phero=7
======================================================================
R1[RTB         ]: carry=1 | gave_up=0
R2[EXPLORE     ]: carry=0 | gave_up=0
R3[RTB         ]: carry=1 | gave_up=0
R4[RTB         ]: carry=1 | gave_up=0

[DEPOSIT] Robot 1 deposited! Total: 28
  [TARGET] Robot 1 → SITE (-0.53,1.21)
[DEPOSIT] Robot 4 deposited! Total: 29
  [TARGET] Robot 4 → SITE (-0.53,1.31)
[DEPOSIT] Robot 3 deposited! Total: 30
  [TARGET] Robot 3 → SITE (0.63,0.49)
[PICKUP] Robot 1 picked up tag (density=10) | Total: 31
[PICKUP] Robot 4 picked up tag (density=9) | Total: 32

======================================================================
Step 11000 (5.9 min) [ONLINE] | Pickups: 32 | Deposits: 30 | Rate: 5.11 tags/min | phero=8
======================================================================
R1[RTB         ]: carry=1 | gave_up=0
R2[EXPLORE     ]: carry=0 | gave_up=0
R3[SITE        ]: carry=0 | gave_up=0
R4[RTB         ]: carry=1 | gave_up=0

[DEPOSIT] Robot 1 deposited! Total: 31
  [TARGET] Robot 1 → SITE (-0.07,1.07)
[DEPOSIT] Robot 4 deposited! Total: 32
  [TARGET] Robot 4 → SITE (-0.17,1.06)
[PICKUP] Robot 3 picked up tag (density=5) | Total: 33

======================================================================
Step 11500 (6.1 min) [ONLINE] | Pickups: 33 | Deposits: 32 | Rate: 5.22 tags/min | phero=9
======================================================================
R1[SITE        ]: carry=0 | gave_up=0
R2[EXPLORE     ]: carry=0 | gave_up=0
R3[RTB         ]: carry=1 | gave_up=0
R4[SITE        ]: carry=0 | gave_up=0

[DEPOSIT] Robot 3 deposited! Total: 33
  [TARGET] Robot 3 → SITE (0.20,0.30)
[PICKUP] Robot 1 picked up tag (density=8) | Total: 34
[PICKUP] Robot 4 picked up tag (density=7) | Total: 35
[DEPOSIT] Robot 1 deposited! Total: 34
  [TARGET] Robot 1 → SITE (-0.02,1.22)
[DEPOSIT] Robot 4 deposited! Total: 35
  [TARGET] Robot 4 → SITE (-0.21,1.08)

======================================================================
Step 12000 (6.4 min) [ONLINE] | Pickups: 35 | Deposits: 35 | Rate: 5.47 tags/min | phero=11
======================================================================
R1[BASE_ESC    ]: carry=0 | gave_up=0
R2[EXPLORE     ]: carry=0 | gave_up=0
R3[EXPLORE     ]: carry=0 | gave_up=0
R4[BASE_ESC    ]: carry=0 | gave_up=0

[PICKUP] Robot 3 picked up tag (density=6) | Total: 36
[PICKUP] Robot 1 picked up tag (density=5) | Total: 37
[DEPOSIT] Robot 3 deposited! Total: 36
  [TARGET] Robot 3 → SITE (-0.13,1.16)
[PICKUP] Robot 4 picked up tag (density=4) | Total: 38

======================================================================
Step 12500 (6.7 min) [ONLINE] | Pickups: 38 | Deposits: 36 | Rate: 5.40 tags/min | phero=10
======================================================================
R1[RTB         ]: carry=1 | gave_up=0
R2[EXPLORE     ]: carry=0 | gave_up=0
R3[BASE_ESC    ]: carry=0 | gave_up=0
R4[RTB         ]: carry=1 | gave_up=0

[DEPOSIT] Robot 1 deposited! Total: 37
  [TARGET] Robot 1 → SITE (-0.04,1.26)
[DEPOSIT] Robot 4 deposited! Total: 38
  [TARGET] Robot 4 → SITE (-0.23,1.15)

======================================================================
Step 13000 (6.9 min) [ONLINE] | Pickups: 38 | Deposits: 38 | Rate: 5.48 tags/min | phero=12
======================================================================
R1[SITE        ]: carry=0 | gave_up=0
R2[EXPLORE     ]: carry=0 | gave_up=0
R3[SITE        ]: carry=0 | gave_up=0
R4[BASE_ESC    ]: carry=0 | gave_up=0

[PICKUP] Robot 3 picked up tag (density=3) | Total: 39
[GIVE-UP] R1 giving up after 627 steps
[PICKUP] Robot 4 picked up tag (density=2) | Total: 40

======================================================================
Step 13500 (7.2 min) [ONLINE] | Pickups: 40 | Deposits: 38 | Rate: 5.28 tags/min | phero=12
======================================================================
R1[GIVE_UP     ]: carry=0 | gave_up=1
R2[EXPLORE     ]: carry=0 | gave_up=0
R3[RTB         ]: carry=1 | gave_up=0
R4[RTB         ]: carry=1 | gave_up=0

[DEPOSIT] Robot 3 deposited! Total: 39
  [TARGET] Robot 3 → SITE (-0.13,1.24)
[GIVE-UP] R1 giving up after 783 steps
[DEPOSIT] Robot 4 deposited! Total: 40
  [TARGET] Robot 4 → SITE (-0.19,1.26)
[EMPTY_RTN] R1 → phero(-0.04,1.26)
[PICKUP] Robot 1 picked up tag (density=4) | Total: 41

======================================================================
Step 14000 (7.5 min) [ONLINE] | Pickups: 41 | Deposits: 40 | Rate: 5.36 tags/min | phero=13
======================================================================
R1[RTB         ]: carry=1 | gave_up=0
R2[EXPLORE     ]: carry=0 | gave_up=0
R3[SITE        ]: carry=0 | gave_up=0
R4[SITE        ]: carry=0 | gave_up=0

[DEPOSIT] Robot 1 deposited! Total: 41
  [TARGET] Robot 1 → SITE (0.23,0.33)
[PICKUP] Robot 4 picked up tag (density=1) | Total: 42
[PICKUP] Robot 1 picked up tag (density=3) | Total: 43
[DEPOSIT] Robot 1 deposited! Total: 42
  [TARGET] Robot 1 → SITE (0.26,0.36)

======================================================================
Step 14500 (7.7 min) [ONLINE] | Pickups: 43 | Deposits: 42 | Rate: 5.43 tags/min | phero=13
======================================================================
R1[BASE_ESC    ]: carry=0 | gave_up=0
R2[EXPLORE     ]: carry=0 | gave_up=0
R3[EXPLORE     ]: carry=0 | gave_up=0
R4[RTB         ]: carry=1 | gave_up=0

[DEPOSIT] Robot 4 deposited! Total: 43
  [TARGET] Robot 4 → SITE (-0.24,1.30)

======================================================================
Step 15000 (8.0 min) [ONLINE] | Pickups: 43 | Deposits: 43 | Rate: 5.38 tags/min | phero=11
======================================================================
R1[EXPLORE     ]: carry=0 | gave_up=0
R2[EXPLORE     ]: carry=0 | gave_up=0
R3[EXPLORE     ]: carry=0 | gave_up=0
R4[EXPLORE     ]: carry=0 | gave_up=0


======================================================================
Step 15500 (8.3 min) [ONLINE] | Pickups: 43 | Deposits: 43 | Rate: 5.20 tags/min | phero=10
======================================================================
R1[EXPLORE     ]: carry=0 | gave_up=0
R2[EXPLORE     ]: carry=0 | gave_up=0
R3[EXPLORE     ]: carry=0 | gave_up=0
R4[EXPLORE     ]: carry=0 | gave_up=0

[PICKUP] Robot 4 picked up tag (density=2) | Total: 44
[DEPOSIT] Robot 4 deposited! Total: 44
  [TARGET] Robot 4 → SITE (0.48,0.58)

======================================================================
Step 16000 (8.5 min) [ONLINE] | Pickups: 44 | Deposits: 44 | Rate: 5.16 tags/min | phero=8
======================================================================
R1[EXPLORE     ]: carry=0 | gave_up=0
R2[EXPLORE     ]: carry=0 | gave_up=0
R3[EXPLORE     ]: carry=0 | gave_up=0
R4[BASE_ESC    ]: carry=0 | gave_up=0

[PICKUP] Robot 4 picked up tag (density=1) | Total: 45
[DEPOSIT] Robot 4 deposited! Total: 45
  [TARGET] Robot 4 → SITE (0.41,0.24)
[GIVE-UP] R2 giving up after 6506 steps

======================================================================
Step 16500 (8.8 min) [ONLINE] | Pickups: 45 | Deposits: 45 | Rate: 5.11 tags/min | phero=6
======================================================================
R1[EXPLORE     ]: carry=0 | gave_up=0
R2[GIVE_UP     ]: carry=0 | gave_up=1
R3[EXPLORE     ]: carry=0 | gave_up=0
R4[EXPLORE     ]: carry=0 | gave_up=0

[EMPTY_RTN] R2 → phero(0.23,0.33)
[PICKUP] Robot 1 picked up tag (density=2) | Total: 46

======================================================================
Step 17000 (9.1 min) [ONLINE] | Pickups: 46 | Deposits: 45 | Rate: 4.96 tags/min | phero=5
======================================================================
R1[RTB         ]: carry=1 | gave_up=0
R2[PHERO       ]: carry=0 | gave_up=0
R3[EXPLORE     ]: carry=0 | gave_up=0
R4[EXPLORE     ]: carry=0 | gave_up=0

[DEPOSIT] Robot 1 deposited! Total: 46
  [TARGET] Robot 1 → PHERO (-0.70,-1.37)

======================================================================
Step 17500 (9.3 min) [ONLINE] | Pickups: 46 | Deposits: 46 | Rate: 4.93 tags/min | phero=4
======================================================================
R1[PHERO       ]: carry=0 | gave_up=0
R2[EXPLORE     ]: carry=0 | gave_up=0
R3[EXPLORE     ]: carry=0 | gave_up=0
R4[EXPLORE     ]: carry=0 | gave_up=0


======================================================================
Step 18000 (9.6 min) [ONLINE] | Pickups: 46 | Deposits: 46 | Rate: 4.79 tags/min | phero=4
======================================================================
R1[PHERO       ]: carry=0 | gave_up=0
R2[EXPLORE     ]: carry=0 | gave_up=0
R3[EXPLORE     ]: carry=0 | gave_up=0
R4[EXPLORE     ]: carry=0 | gave_up=0

[GIVE-UP] R2 giving up after 1311 steps
[PICKUP] Robot 1 picked up tag (density=1) | Total: 47
[DEPOSIT] Robot 1 deposited! Total: 47
  [TARGET] Robot 1 → PHERO (-0.70,-1.37)
[EMPTY_RTN] R2 → phero(-0.70,-1.37)

======================================================================
Step 18500 (9.9 min) [ONLINE] | Pickups: 47 | Deposits: 47 | Rate: 4.76 tags/min | phero=2
======================================================================
R1[BASE_ESC    ]: carry=0 | gave_up=0
R2[BASE_ESC    ]: carry=0 | gave_up=0
R3[EXPLORE     ]: carry=0 | gave_up=0
R4[EXPLORE     ]: carry=0 | gave_up=0

TIMEOUT_RESULT pickups=47 deposits=47 steps=18750 elapsed_min=10.000000 disconnect_start=4.4 disconnect_duration=1.0
BATCH_RESULT pickups=47 deposits=47
