=================================================================
CPFA BASELINE — ARGoS-calibrated parameters  (7×7m arena  64 tags)
  Params file                  = /home/sara/Documents/RL-FL-Foraging/controllers/cpfa_baseline/cpfa_params.yaml
  Results file                 = /home/sara/Documents/RL-FL-Foraging/controllers/cpfa_baseline/cpfa_baseline_7x7_results_20260811_120717_2.txt
  RateOfLayingPheromone        = 9.0
  RateOfSiteFidelity           = 2.29
  RateOfPheromoneDecay         = 0.1 /s  (lifetime ~69s)
  ProbabilityOfReturningToNest = 0.08 (every 5 sec → E[give-up] ~62s)
  UninformedSearchVariation    = 0.13 rad (7.4°)
  RateOfInformedSearchDecay    = 1.26 /waypoint
  ProbabilityOfSwitchingToSearching = 0.55 (every 5 sec in uninformed DEPARTING)
=================================================================


======================================================================
Step 500 (0.3 min) | Pickups: 0 | Deposits: 0 | Rate: 0.00 tags/min | phero_entries=0 max_w=0.000
======================================================================
R1[SEARCH    ]: carry=0 | base=0.91 | wall=2.75 | search=111 | target=none
R2[SEARCH    ]: carry=0 | base=2.28 | wall=1.54 | search= 32 | target=none
R3[GIVE_UP   ]: carry=0 | base=1.26 | wall=2.27 | search=312 | target=none
R4[SEARCH    ]: carry=0 | base=1.86 | wall=2.06 | search=188 | target=none

  [GIVE-UP] R3 returned empty after 312 searching steps
  [TARGET] R3 → WALL (3.42, -2.76)

======================================================================
Step 1000 (0.5 min) | Pickups: 0 | Deposits: 0 | Rate: 0.00 tags/min | phero_entries=0 max_w=0.000
======================================================================
R1[GIVE_UP   ]: carry=0 | base=0.89 | wall=2.68 | search=312 | target=none
R2[SEARCH    ]: carry=0 | base=2.96 | wall=0.55 | search=532 | target=none
R3[DEPART    ]: carry=0 | base=0.27 | wall=3.28 | search=  0 | target=none
R4[SEARCH    ]: carry=0 | base=3.51 | wall=0.70 | search=688 | target=none

  [GIVE-UP] R1 returned empty after 312 searching steps
  [TARGET] R1 → WALL (3.42, 1.66)

======================================================================
Step 1500 (0.8 min) | Pickups: 0 | Deposits: 0 | Rate: 0.00 tags/min | phero_entries=0 max_w=0.000
======================================================================
R1[DEPART    ]: carry=0 | base=1.05 | wall=2.50 | search=  0 | target=none
R2[SEARCH    ]: carry=0 | base=3.26 | wall=0.36 | search=1032 | target=none
R3[SEARCH    ]: carry=0 | base=1.17 | wall=2.59 | search=326 | target=none
R4[WALL_ESC  ]: carry=0 | base=3.90 | wall=0.31 | search=1188 | target=none


======================================================================
Step 2000 (1.1 min) | Pickups: 0 | Deposits: 0 | Rate: 0.00 tags/min | phero_entries=0 max_w=0.000
======================================================================
R1[SEARCH    ]: carry=0 | base=2.85 | wall=0.83 | search=411 | target=none
R2[SEARCH    ]: carry=0 | base=3.27 | wall=0.36 | search=1532 | target=none
R3[SEARCH    ]: carry=0 | base=2.67 | wall=0.95 | search=826 | target=none
R4[SEARCH    ]: carry=0 | base=3.85 | wall=0.37 | search=1688 | target=none


======================================================================
Step 2500 (1.3 min) | Pickups: 0 | Deposits: 0 | Rate: 0.00 tags/min | phero_entries=0 max_w=0.000
======================================================================
R1[GIVE_UP   ]: carry=0 | base=2.98 | wall=0.76 | search=780 | target=none
R2[SEARCH    ]: carry=0 | base=3.26 | wall=0.37 | search=2032 | target=none
R3[SEARCH    ]: carry=0 | base=3.13 | wall=0.39 | search=1326 | target=none
R4[SEARCH    ]: carry=0 | base=3.80 | wall=0.37 | search=2188 | target=none


======================================================================
Step 3000 (1.6 min) | Pickups: 0 | Deposits: 0 | Rate: 0.00 tags/min | phero_entries=0 max_w=0.000
======================================================================
R1[GIVE_UP   ]: carry=0 | base=1.06 | wall=2.52 | search=780 | target=none
R2[GIVE_UP   ]: carry=0 | base=2.12 | wall=1.44 | search=2184 | target=none
R3[SEARCH    ]: carry=0 | base=3.14 | wall=0.39 | search=1826 | target=none
R4[WALL_ESC  ]: carry=0 | base=3.91 | wall=0.32 | search=2688 | target=none

  [GIVE-UP] R1 returned empty after 780 searching steps
  [TARGET] R1 → WALL (3.42, -2.63)

======================================================================
Step 3500 (1.9 min) | Pickups: 0 | Deposits: 0 | Rate: 0.00 tags/min | phero_entries=0 max_w=0.000
======================================================================
R1[SEARCH    ]: carry=0 | base=0.52 | wall=2.99 | search= 21 | target=none
R2[GIVE_UP   ]: carry=0 | base=0.29 | wall=3.22 | search=2184 | target=none
R3[GIVE_UP   ]: carry=0 | base=2.04 | wall=1.49 | search=2028 | target=none
R4[SEARCH    ]: carry=0 | base=3.81 | wall=0.40 | search=3188 | target=none

  [GIVE-UP] R2 returned empty after 2184 searching steps
  [TARGET] R2 → WALL (2.87, -3.42)
  [GIVE-UP] R3 returned empty after 2028 searching steps
  [TARGET] R3 → WALL (2.74, 3.42)

======================================================================
Step 4000 (2.1 min) | Pickups: 0 | Deposits: 0 | Rate: 0.00 tags/min | phero_entries=0 max_w=0.000
======================================================================
R1[SEARCH    ]: carry=0 | base=2.21 | wall=1.32 | search=521 | target=none
R2[SEARCH    ]: carry=0 | base=1.29 | wall=2.53 | search= 68 | target=none
R3[BASE_ESC  ]: carry=0 | base=0.22 | wall=3.28 | search=  0 | target=none
R4[WALL_ESC  ]: carry=0 | base=3.84 | wall=0.34 | search=3688 | target=none


======================================================================
Step 4500 (2.4 min) | Pickups: 0 | Deposits: 0 | Rate: 0.00 tags/min | phero_entries=0 max_w=0.000
======================================================================
R1[WALL_ESC  ]: carry=0 | base=3.16 | wall=0.34 | search=1021 | target=none
R2[SEARCH    ]: carry=0 | base=2.80 | wall=1.14 | search=568 | target=none
R3[SEARCH    ]: carry=0 | base=1.53 | wall=2.28 | search=268 | target=none
R4[WALL_ESC  ]: carry=0 | base=3.89 | wall=0.34 | search=4188 | target=none

[PICKUP] R3 picked up tag (density=16) | Total: 1

======================================================================
Step 5000 (2.7 min) | Pickups: 1 | Deposits: 0 | Rate: 0.00 tags/min | phero_entries=0 max_w=0.000
======================================================================
R1[WALL_ESC  ]: carry=0 | base=3.16 | wall=0.34 | search=1521 | target=none
R2[GIVE_UP   ]: carry=0 | base=1.48 | wall=2.18 | search=624 | target=none
R3[RTB       ]: carry=1 | base=2.67 | wall=1.31 | search=  0 | target=none
R4[SEARCH    ]: carry=0 | base=3.80 | wall=0.39 | search=4688 | target=none

  [GIVE-UP] R2 returned empty after 624 searching steps
  [TARGET] R2 → WALL (-3.42, -2.20)

======================================================================
Step 5500 (2.9 min) | Pickups: 1 | Deposits: 0 | Rate: 0.00 tags/min | phero_entries=0 max_w=0.000
======================================================================
R1[WALL_ESC  ]: carry=0 | base=3.16 | wall=0.34 | search=2021 | target=none
R2[DEPART    ]: carry=0 | base=0.31 | wall=3.22 | search=  0 | target=none
R3[RTB       ]: carry=1 | base=1.02 | wall=2.65 | search=  0 | target=none
R4[WALL_ESC  ]: carry=0 | base=3.90 | wall=0.31 | search=5188 | target=none

[DEPOSIT] R3 deposited! Total: 1
  [PHERO] Laid at (2.17, 1.54) density=16 prob=0.99 entries=1
  [TARGET] R3 → SITE (2.17, 1.54)

======================================================================
Step 6000 (3.2 min) | Pickups: 1 | Deposits: 1 | Rate: 0.31 tags/min | phero_entries=1 max_w=0.383
======================================================================
R1[WALL_ESC  ]: carry=0 | base=3.16 | wall=0.34 | search=2521 | target=none
R2[SEARCH    ]: carry=0 | base=1.80 | wall=1.85 | search=414 | target=none
R3[SITE      ]: carry=0 | base=0.93 | wall=2.69 | search=  0 | target=site(2.17,1.54)
R4[SEARCH    ]: carry=0 | base=3.86 | wall=0.37 | search=5688 | target=none


======================================================================
Step 6500 (3.5 min) | Pickups: 1 | Deposits: 1 | Rate: 0.29 tags/min | phero_entries=1 max_w=0.077
======================================================================
R1[WALL_ESC  ]: carry=0 | base=3.17 | wall=0.33 | search=3021 | target=none
R2[GIVE_UP   ]: carry=0 | base=0.62 | wall=2.91 | search=468 | target=none
R3[SEARCH    ]: carry=0 | base=2.67 | wall=1.34 | search= 62 | target=site(2.17,1.54)
R4[SEARCH    ]: carry=0 | base=3.81 | wall=0.37 | search=6188 | target=none

  [GIVE-UP] R2 returned empty after 468 searching steps
  [TARGET] R2 → PHERO (2.17, 1.54)

======================================================================
Step 7000 (3.7 min) | Pickups: 1 | Deposits: 1 | Rate: 0.27 tags/min | phero_entries=1 max_w=0.016
======================================================================
R1[WALL_ESC  ]: carry=0 | base=3.16 | wall=0.34 | search=3521 | target=none
R2[PHERO     ]: carry=0 | base=0.32 | wall=3.21 | search=  0 | target=phero(2.17,1.54)
R3[SEARCH    ]: carry=0 | base=1.28 | wall=2.35 | search=562 | target=site(2.17,1.54)
R4[WALL_ESC  ]: carry=0 | base=3.91 | wall=0.32 | search=6688 | target=none


======================================================================
Step 7500 (4.0 min) | Pickups: 1 | Deposits: 1 | Rate: 0.25 tags/min | phero_entries=1 max_w=0.003
======================================================================
R1[WALL_ESC  ]: carry=0 | base=3.16 | wall=0.34 | search=4021 | target=none
R2[PHERO     ]: carry=0 | base=2.07 | wall=1.77 | search=  0 | target=phero(2.17,1.54)
R3[BASE_ESC  ]: carry=0 | base=0.25 | wall=3.26 | search=1062 | target=site(2.17,1.54)
R4[SEARCH    ]: carry=0 | base=3.80 | wall=0.40 | search=7188 | target=none


======================================================================
Step 8000 (4.3 min) | Pickups: 1 | Deposits: 1 | Rate: 0.23 tags/min | phero_entries=0 max_w=0.000
======================================================================
R1[WALL_ESC  ]: carry=0 | base=3.16 | wall=0.34 | search=4521 | target=none
R2[SEARCH    ]: carry=0 | base=2.48 | wall=1.21 | search=359 | target=phero(2.17,1.54)
R3[SEARCH    ]: carry=0 | base=0.83 | wall=2.78 | search=1562 | target=site(2.17,1.54)
R4[WALL_ESC  ]: carry=0 | base=3.86 | wall=0.33 | search=7688 | target=none


======================================================================
Step 8500 (4.5 min) | Pickups: 1 | Deposits: 1 | Rate: 0.22 tags/min | phero_entries=0 max_w=0.000
======================================================================
R1[SEARCH    ]: carry=0 | base=3.14 | wall=0.36 | search=5021 | target=none
R2[WALL_ESC  ]: carry=0 | base=3.15 | wall=0.35 | search=859 | target=phero(2.17,1.54)
R3[GIVE_UP   ]: carry=0 | base=2.42 | wall=1.24 | search=2028 | target=none
R4[WALL_ESC  ]: carry=0 | base=3.89 | wall=0.34 | search=8188 | target=none


======================================================================
Step 9000 (4.8 min) | Pickups: 1 | Deposits: 1 | Rate: 0.21 tags/min | phero_entries=0 max_w=0.000
======================================================================
R1[GIVE_UP   ]: carry=0 | base=2.66 | wall=0.84 | search=5304 | target=none
R2[WALL_ESC  ]: carry=0 | base=3.17 | wall=0.34 | search=1359 | target=phero(2.17,1.54)
R3[GIVE_UP   ]: carry=0 | base=0.77 | wall=2.80 | search=2028 | target=none
R4[SEARCH    ]: carry=0 | base=3.80 | wall=0.39 | search=8688 | target=none

  [GIVE-UP] R3 returned empty after 2028 searching steps
  [TARGET] R3 → WALL (1.99, 3.42)

======================================================================
Step 9500 (5.1 min) | Pickups: 1 | Deposits: 1 | Rate: 0.20 tags/min | phero_entries=0 max_w=0.000
======================================================================
R1[GIVE_UP   ]: carry=0 | base=0.74 | wall=2.76 | search=5304 | target=none
R2[GIVE_UP   ]: carry=0 | base=2.25 | wall=1.28 | search=1560 | target=none
R3[DEPART    ]: carry=0 | base=0.27 | wall=3.25 | search=  0 | target=none
R4[WALL_ESC  ]: carry=0 | base=3.90 | wall=0.31 | search=9188 | target=none

  [GIVE-UP] R1 returned empty after 5304 searching steps
  [TARGET] R1 → WALL (-0.28, 3.42)

======================================================================
Step 10000 (5.3 min) | Pickups: 1 | Deposits: 1 | Rate: 0.19 tags/min | phero_entries=0 max_w=0.000
======================================================================
R1[SEARCH    ]: carry=0 | base=0.70 | wall=2.84 | search=105 | target=none
R2[GIVE_UP   ]: carry=0 | base=0.33 | wall=3.18 | search=1560 | target=none
R3[SEARCH    ]: carry=0 | base=0.74 | wall=2.97 | search=136 | target=none
R4[GIVE_UP   ]: carry=0 | base=2.11 | wall=1.76 | search=9204 | target=none

  [GIVE-UP] R2 returned empty after 1560 searching steps
  [TARGET] R2 → WALL (-1.46, -3.42)
  [GIVE-UP] R4 returned empty after 9204 searching steps
  [TARGET] R4 → WALL (-2.14, 3.42)

======================================================================
Step 10500 (5.6 min) | Pickups: 1 | Deposits: 1 | Rate: 0.18 tags/min | phero_entries=0 max_w=0.000
======================================================================
R1[SEARCH    ]: carry=0 | base=2.22 | wall=1.33 | search=605 | target=none
R2[GIVE_UP   ]: carry=0 | base=1.08 | wall=2.44 | search=156 | target=none
R3[GIVE_UP   ]: carry=0 | base=0.56 | wall=3.08 | search=312 | target=none
R4[BASE_ESC  ]: carry=0 | base=0.23 | wall=3.31 | search=  0 | target=none

  [GIVE-UP] R3 returned empty after 312 searching steps
  [TARGET] R3 → WALL (-1.11, 3.42)
  [GIVE-UP] R2 returned empty after 156 searching steps
  [TARGET] R2 → WALL (3.42, 1.95)

======================================================================
Step 11000 (5.9 min) | Pickups: 1 | Deposits: 1 | Rate: 0.17 tags/min | phero_entries=0 max_w=0.000
======================================================================
R1[GIVE_UP   ]: carry=0 | base=1.77 | wall=1.88 | search=780 | target=none
R2[DEPART    ]: carry=0 | base=0.26 | wall=3.24 | search=  0 | target=none
R3[SEARCH    ]: carry=0 | base=1.29 | wall=2.26 | search=153 | target=none
R4[SEARCH    ]: carry=0 | base=1.43 | wall=2.19 | search=251 | target=none

  [GIVE-UP] R1 returned empty after 780 searching steps
  [TARGET] R1 → WALL (-2.99, -3.42)

======================================================================
Step 11500 (6.1 min) | Pickups: 1 | Deposits: 1 | Rate: 0.16 tags/min | phero_entries=0 max_w=0.000
======================================================================
R1[BASE_ESC  ]: carry=0 | base=0.24 | wall=3.31 | search=  0 | target=none
R2[SEARCH    ]: carry=0 | base=1.75 | wall=2.06 | search=451 | target=none
R3[SEARCH    ]: carry=0 | base=2.90 | wall=0.71 | search=653 | target=none
R4[SEARCH    ]: carry=0 | base=2.82 | wall=0.68 | search=751 | target=none


======================================================================
Step 12000 (6.4 min) | Pickups: 1 | Deposits: 1 | Rate: 0.16 tags/min | phero_entries=0 max_w=0.000
======================================================================
R1[SEARCH    ]: carry=0 | base=1.65 | wall=2.14 | search=337 | target=none
R2[SEARCH    ]: carry=0 | base=3.43 | wall=0.74 | search=951 | target=none
R3[SEARCH    ]: carry=0 | base=3.53 | wall=0.38 | search=1153 | target=none
R4[SEARCH    ]: carry=0 | base=3.12 | wall=0.38 | search=1251 | target=none


======================================================================
Step 12500 (6.7 min) | Pickups: 1 | Deposits: 1 | Rate: 0.15 tags/min | phero_entries=0 max_w=0.000
======================================================================
R1[GIVE_UP   ]: carry=0 | base=2.28 | wall=1.55 | search=624 | target=none
R2[WALL_ESC  ]: carry=0 | base=3.79 | wall=0.31 | search=1451 | target=none
R3[SEARCH    ]: carry=0 | base=3.55 | wall=0.37 | search=1653 | target=none
R4[SEARCH    ]: carry=0 | base=3.12 | wall=0.38 | search=1751 | target=none


======================================================================
Step 13000 (6.9 min) | Pickups: 1 | Deposits: 1 | Rate: 0.14 tags/min | phero_entries=0 max_w=0.000
======================================================================
R1[GIVE_UP   ]: carry=0 | base=0.36 | wall=3.19 | search=624 | target=none
R2[WALL_ESC  ]: carry=0 | base=3.79 | wall=0.35 | search=1951 | target=none
R3[SEARCH    ]: carry=0 | base=3.50 | wall=0.35 | search=2153 | target=none
R4[SEARCH    ]: carry=0 | base=3.11 | wall=0.39 | search=2251 | target=none

  [GIVE-UP] R1 returned empty after 624 searching steps
  [TARGET] R1 → WALL (-3.42, -1.80)

======================================================================
Step 13500 (7.2 min) | Pickups: 1 | Deposits: 1 | Rate: 0.14 tags/min | phero_entries=0 max_w=0.000
======================================================================
R1[SEARCH    ]: carry=0 | base=1.54 | wall=2.15 | search=207 | target=none
R2[GIVE_UP   ]: carry=0 | base=2.92 | wall=1.10 | search=2184 | target=none
R3[WALL_ESC  ]: carry=0 | base=3.56 | wall=0.33 | search=2653 | target=none
R4[GIVE_UP   ]: carry=0 | base=2.86 | wall=0.64 | search=2652 | target=none


======================================================================
Step 14000 (7.5 min) | Pickups: 1 | Deposits: 1 | Rate: 0.13 tags/min | phero_entries=0 max_w=0.000
======================================================================
R1[GIVE_UP   ]: carry=0 | base=2.82 | wall=1.33 | search=624 | target=none
R2[GIVE_UP   ]: carry=0 | base=1.00 | wall=2.68 | search=2184 | target=none
R3[SEARCH    ]: carry=0 | base=3.47 | wall=0.40 | search=3153 | target=none
R4[GIVE_UP   ]: carry=0 | base=0.94 | wall=2.56 | search=2652 | target=none

  [GIVE-UP] R4 returned empty after 2652 searching steps
  [TARGET] R4 → WALL (-3.42, -1.24)
  [GIVE-UP] R2 returned empty after 2184 searching steps
  [TARGET] R2 → WALL (2.87, 3.42)

======================================================================
Step 14500 (7.7 min) | Pickups: 1 | Deposits: 1 | Rate: 0.13 tags/min | phero_entries=0 max_w=0.000
======================================================================
R1[GIVE_UP   ]: carry=0 | base=0.93 | wall=2.77 | search=624 | target=none
R2[SEARCH    ]: carry=0 | base=0.79 | wall=2.83 | search= 41 | target=none
R3[WALL_ESC  ]: carry=0 | base=3.55 | wall=0.32 | search=3653 | target=none
R4[SEARCH    ]: carry=0 | base=0.92 | wall=2.59 | search= 55 | target=none

  [GIVE-UP] R1 returned empty after 624 searching steps
  [TARGET] R1 → WALL (-3.42, -1.10)
[PICKUP] R2 picked up tag (density=16) | Total: 2

======================================================================
Step 15000 (8.0 min) | Pickups: 2 | Deposits: 1 | Rate: 0.12 tags/min | phero_entries=0 max_w=0.000
======================================================================
R1[DEPART    ]: carry=0 | base=1.05 | wall=2.53 | search=  0 | target=none
R2[RTB       ]: carry=1 | base=1.64 | wall=2.12 | search=  0 | target=none
R3[GIVE_UP   ]: carry=0 | base=2.05 | wall=1.69 | search=3744 | target=none
R4[SEARCH    ]: carry=0 | base=2.52 | wall=1.33 | search=555 | target=none

[DEPOSIT] R2 deposited! Total: 2
  [PHERO] Laid at (0.86, 1.38) density=16 prob=0.99 entries=1
  [TARGET] R2 → SITE (0.86, 1.38)
  [GIVE-UP] R3 returned empty after 3744 searching steps
  [TARGET] R3 → PHERO (0.86, 1.38)

======================================================================
Step 15500 (8.3 min) | Pickups: 2 | Deposits: 2 | Rate: 0.24 tags/min | phero_entries=1 max_w=0.719
======================================================================
R1[SEARCH    ]: carry=0 | base=2.71 | wall=0.80 | search=400 | target=none
R2[BASE_ESC  ]: carry=0 | base=0.24 | wall=3.32 | search=  0 | target=site(0.86,1.38)
R3[BASE_ESC  ]: carry=0 | base=0.22 | wall=3.30 | search=  0 | target=phero(0.86,1.38)
R4[GIVE_UP   ]: carry=0 | base=1.37 | wall=2.39 | search=624 | target=none

  [GIVE-UP] R4 returned empty after 624 searching steps
  [TARGET] R4 → PHERO (0.86, 1.38)

======================================================================
Step 16000 (8.5 min) | Pickups: 2 | Deposits: 2 | Rate: 0.23 tags/min | phero_entries=1 max_w=0.145
======================================================================
R1[SEARCH    ]: carry=0 | base=3.15 | wall=0.36 | search=900 | target=none
R2[SEARCH    ]: carry=0 | base=1.58 | wall=2.11 | search=130 | target=site(0.86,1.38)
R3[SEARCH    ]: carry=0 | base=1.61 | wall=2.13 | search= 36 | target=phero(0.86,1.38)
R4[PHERO     ]: carry=0 | base=0.26 | wall=3.24 | search=  0 | target=phero(0.86,1.38)

  [GIVE-UP] R2 returned empty after 156 searching steps
  [TARGET] R2 → PHERO (0.86, 1.38)
  [GIVE-UP] R3 returned empty after 156 searching steps
  [TARGET] R3 → PHERO (0.86, 1.38)

======================================================================
Step 16500 (8.8 min) | Pickups: 2 | Deposits: 2 | Rate: 0.23 tags/min | phero_entries=1 max_w=0.029
======================================================================
R1[GIVE_UP   ]: carry=0 | base=1.40 | wall=2.11 | search=936 | target=none
R2[PHERO     ]: carry=0 | base=0.31 | wall=3.27 | search=  0 | target=phero(0.86,1.38)
R3[BASE_ESC  ]: carry=0 | base=0.22 | wall=3.30 | search=  0 | target=phero(0.86,1.38)
R4[SEARCH    ]: carry=0 | base=1.60 | wall=2.14 | search= 15 | target=phero(0.86,1.38)

[PICKUP] R4 picked up tag (density=15) | Total: 3
  [GIVE-UP] R1 returned empty after 936 searching steps
  [TARGET] R1 → PHERO (0.86, 1.38)
[PICKUP] R2 picked up tag (density=14) | Total: 4

======================================================================
Step 17000 (9.1 min) | Pickups: 4 | Deposits: 2 | Rate: 0.22 tags/min | phero_entries=1 max_w=0.006
======================================================================
R1[PHERO     ]: carry=0 | base=0.29 | wall=3.22 | search=  0 | target=phero(0.86,1.38)
R2[SURVEY    ]: carry=1 | base=1.67 | wall=2.12 | search=  0 | target=none
R3[SEARCH    ]: carry=0 | base=1.65 | wall=2.09 | search= 61 | target=phero(0.86,1.38)
R4[RTB       ]: carry=1 | base=0.79 | wall=2.87 | search=  0 | target=none

[DEPOSIT] R4 deposited! Total: 3
  [PHERO] Laid at (0.87, 1.35) density=15 prob=0.98 entries=2
  [TARGET] R4 → SITE (0.87, 1.35)
[DEPOSIT] R2 deposited! Total: 4
  [PHERO] Laid at (0.90, 1.38) density=14 prob=0.96 entries=3
  [TARGET] R2 → SITE (0.90, 1.38)

======================================================================
Step 17500 (9.3 min) | Pickups: 4 | Deposits: 4 | Rate: 0.43 tags/min | phero_entries=3 max_w=0.990
======================================================================
R1[PHERO     ]: carry=0 | base=1.45 | wall=2.25 | search=  0 | target=phero(0.86,1.38)
R2[BASE_ESC  ]: carry=0 | base=0.24 | wall=3.30 | search=  0 | target=site(0.90,1.38)
R3[SEARCH    ]: carry=0 | base=2.22 | wall=1.31 | search=561 | target=phero(0.86,1.38)
R4[SITE      ]: carry=0 | base=1.12 | wall=2.58 | search=  0 | target=site(0.87,1.35)


======================================================================
Step 18000 (9.6 min) | Pickups: 4 | Deposits: 4 | Rate: 0.42 tags/min | phero_entries=2 max_w=0.200
======================================================================
R1[SEARCH    ]: carry=0 | base=0.89 | wall=2.77 | search=464 | target=phero(0.86,1.38)
R2[SEARCH    ]: carry=0 | base=1.62 | wall=2.14 | search=  8 | target=site(0.90,1.38)
R3[GIVE_UP   ]: carry=0 | base=2.94 | wall=0.64 | search=936 | target=none
R4[GIVE_UP   ]: carry=0 | base=0.79 | wall=2.83 | search=156 | target=none

  [GIVE-UP] R4 returned empty after 156 searching steps
  [TARGET] R4 → PHERO (0.90, 1.38)

======================================================================
Step 18500 (9.9 min) | Pickups: 4 | Deposits: 4 | Rate: 0.41 tags/min | phero_entries=2 max_w=0.040
======================================================================
R1[SEARCH    ]: carry=0 | base=1.71 | wall=1.83 | search=964 | target=phero(0.86,1.38)
R2[SEARCH    ]: carry=0 | base=0.53 | wall=2.99 | search=508 | target=site(0.90,1.38)
R3[GIVE_UP   ]: carry=0 | base=1.02 | wall=2.51 | search=936 | target=none
R4[PHERO     ]: carry=0 | base=1.15 | wall=2.55 | search=  0 | target=phero(0.90,1.38)

[PICKUP] R4 picked up tag (density=13) | Total: 5
  [GIVE-UP] R3 returned empty after 936 searching steps
  [TARGET] R3 → PHERO (0.90, 1.38)

======================================================================
Step 19000 (10.1 min) | Pickups: 5 | Deposits: 4 | Rate: 0.39 tags/min | phero_entries=2 max_w=0.008
======================================================================
R1[GIVE_UP   ]: carry=0 | base=2.33 | wall=1.20 | search=1248 | target=none
R2[SEARCH    ]: carry=0 | base=1.90 | wall=2.14 | search=1008 | target=site(0.90,1.38)
R3[PHERO     ]: carry=0 | base=0.92 | wall=2.69 | search=  0 | target=phero(0.90,1.38)
R4[RTB       ]: carry=1 | base=1.36 | wall=2.43 | search=  0 | target=none

[DEPOSIT] R4 deposited! Total: 5
  [PHERO] Laid at (0.91, 1.35) density=13 prob=0.93 entries=3
  [TARGET] R4 → SITE (0.91, 1.35)
[PICKUP] R3 picked up tag (density=12) | Total: 6

======================================================================
Step 19500 (10.4 min) | Pickups: 6 | Deposits: 5 | Rate: 0.48 tags/min | phero_entries=2 max_w=0.511
======================================================================
R1[GIVE_UP   ]: carry=0 | base=0.41 | wall=3.10 | search=1248 | target=none
R2[SEARCH    ]: carry=0 | base=3.53 | wall=0.44 | search=1508 | target=site(0.90,1.38)
R3[SURVEY    ]: carry=1 | base=1.57 | wall=2.25 | search=  0 | target=none
R4[SITE      ]: carry=0 | base=0.58 | wall=3.08 | search=  0 | target=site(0.91,1.35)

  [GIVE-UP] R1 returned empty after 1248 searching steps
  [TARGET] R1 → PHERO (0.91, 1.35)
[DEPOSIT] R3 deposited! Total: 6
  [PHERO] Laid at (0.94, 1.25) density=12 prob=0.88 entries=2
  [TARGET] R3 → SITE (0.94, 1.25)

======================================================================
Step 20000 (10.7 min) | Pickups: 6 | Deposits: 6 | Rate: 0.56 tags/min | phero_entries=2 max_w=0.797
======================================================================
R1[PHERO     ]: carry=0 | base=1.13 | wall=2.64 | search=  0 | target=phero(0.91,1.35)
R2[WALL_ESC  ]: carry=0 | base=3.68 | wall=0.33 | search=2008 | target=site(0.90,1.38)
R3[BASE_ESC  ]: carry=0 | base=0.22 | wall=3.33 | search=  0 | target=site(0.94,1.25)
R4[SEARCH    ]: carry=0 | base=1.43 | wall=2.39 | search=236 | target=site(0.91,1.35)

  [GIVE-UP] R4 returned empty after 312 searching steps
  [TARGET] R4 → PHERO (0.94, 1.25)

======================================================================
Step 20500 (10.9 min) | Pickups: 6 | Deposits: 6 | Rate: 0.55 tags/min | phero_entries=2 max_w=0.161
======================================================================
R1[SEARCH    ]: carry=0 | base=1.61 | wall=2.16 | search=378 | target=phero(0.91,1.35)
R2[SEARCH    ]: carry=0 | base=3.63 | wall=0.40 | search=2508 | target=site(0.90,1.38)
R3[SEARCH    ]: carry=0 | base=1.54 | wall=2.30 | search=113 | target=site(0.94,1.25)
R4[BASE_ESC  ]: carry=0 | base=0.22 | wall=3.32 | search=  0 | target=phero(0.94,1.25)

[PICKUP] R3 picked up tag (density=11) | Total: 7
[PICKUP] R1 picked up tag (density=15) | Total: 8

======================================================================
Step 21000 (11.2 min) | Pickups: 8 | Deposits: 6 | Rate: 0.54 tags/min | phero_entries=2 max_w=0.032
======================================================================
R1[RTB       ]: carry=1 | base=2.64 | wall=1.22 | search=  0 | target=none
R2[SEARCH    ]: carry=0 | base=3.65 | wall=0.36 | search=3008 | target=site(0.90,1.38)
R3[RTB       ]: carry=1 | base=1.42 | wall=2.44 | search=  0 | target=none
R4[SEARCH    ]: carry=0 | base=1.55 | wall=2.27 | search= 55 | target=phero(0.94,1.25)

[PICKUP] R4 picked up tag (density=10) | Total: 9
[DEPOSIT] R3 deposited! Total: 7
  [PHERO] Laid at (1.08, 1.12) density=11 prob=0.80 entries=3
  [TARGET] R3 → SITE (1.08, 1.12)

======================================================================
Step 21500 (11.5 min) | Pickups: 9 | Deposits: 7 | Rate: 0.61 tags/min | phero_entries=2 max_w=0.539
======================================================================
R1[RTB       ]: carry=1 | base=0.99 | wall=2.62 | search=  0 | target=none
R2[WALL_ESC  ]: carry=0 | base=3.72 | wall=0.33 | search=3508 | target=site(0.90,1.38)
R3[SITE      ]: carry=0 | base=0.51 | wall=3.07 | search=  0 | target=site(1.08,1.12)
R4[RTB       ]: carry=1 | base=1.50 | wall=2.39 | search=  0 | target=none

[DEPOSIT] R1 deposited! Total: 8
  [PHERO] Laid at (2.26, 1.34) density=15 prob=0.98 entries=3
  [TARGET] R1 → SITE (2.26, 1.34)
[DEPOSIT] R4 deposited! Total: 9
  [TARGET] R4 → SITE (1.12, 1.16)

======================================================================
Step 22000 (11.7 min) | Pickups: 9 | Deposits: 9 | Rate: 0.77 tags/min | phero_entries=3 max_w=0.376
======================================================================
R1[SITE      ]: carry=0 | base=0.96 | wall=2.64 | search=  0 | target=site(2.26,1.34)
R2[SEARCH    ]: carry=0 | base=3.62 | wall=0.40 | search=4008 | target=site(0.90,1.38)
R3[GIVE_UP   ]: carry=0 | base=1.27 | wall=2.55 | search=156 | target=none
R4[SITE      ]: carry=0 | base=0.37 | wall=3.20 | search=  0 | target=site(1.12,1.16)

  [GIVE-UP] R3 returned empty after 156 searching steps
  [TARGET] R3 → PHERO (2.26, 1.34)
[PICKUP] R4 picked up tag (density=9) | Total: 10

======================================================================
Step 22500 (12.0 min) | Pickups: 10 | Deposits: 9 | Rate: 0.75 tags/min | phero_entries=2 max_w=0.076
======================================================================
R1[SEARCH    ]: carry=0 | base=2.64 | wall=1.24 | search= 77 | target=site(2.26,1.34)
R2[WALL_ESC  ]: carry=0 | base=3.71 | wall=0.32 | search=4508 | target=site(0.90,1.38)
R3[PHERO     ]: carry=0 | base=0.63 | wall=2.95 | search=  0 | target=phero(2.26,1.34)
R4[SURVEY    ]: carry=1 | base=1.60 | wall=2.33 | search=  0 | target=none


======================================================================
Step 23000 (12.3 min) | Pickups: 10 | Deposits: 9 | Rate: 0.73 tags/min | phero_entries=2 max_w=0.015
======================================================================
R1[SEARCH    ]: carry=0 | base=2.07 | wall=1.55 | search=577 | target=site(2.26,1.34)
R2[WALL_ESC  ]: carry=0 | base=3.71 | wall=0.34 | search=5008 | target=site(0.90,1.38)
R3[PHERO     ]: carry=0 | base=2.55 | wall=1.31 | search=  0 | target=phero(2.26,1.34)
R4[RTB       ]: carry=1 | base=0.39 | wall=3.22 | search=  0 | target=none

[DEPOSIT] R4 deposited! Total: 10
  [PHERO] Laid at (1.09, 1.17) density=9 prob=0.59 entries=3
  [TARGET] R4 → SITE (1.09, 1.17)

======================================================================
Step 23500 (12.5 min) | Pickups: 10 | Deposits: 10 | Rate: 0.80 tags/min | phero_entries=2 max_w=0.227
======================================================================
R1[WALL_ESC  ]: carry=0 | base=3.16 | wall=0.35 | search=1077 | target=site(2.26,1.34)
R2[SEARCH    ]: carry=0 | base=3.62 | wall=0.39 | search=5508 | target=site(0.90,1.38)
R3[SEARCH    ]: carry=0 | base=1.44 | wall=2.15 | search=493 | target=phero(2.26,1.34)
R4[SITE      ]: carry=0 | base=1.54 | wall=2.38 | search=  0 | target=site(1.09,1.17)


======================================================================
Step 24000 (12.8 min) | Pickups: 10 | Deposits: 10 | Rate: 0.78 tags/min | phero_entries=1 max_w=0.046
======================================================================
R1[GIVE_UP   ]: carry=0 | base=2.21 | wall=1.29 | search=1248 | target=none
R2[GIVE_UP   ]: carry=0 | base=2.69 | wall=1.18 | search=5616 | target=none
R3[SEARCH    ]: carry=0 | base=1.21 | wall=2.50 | search=993 | target=phero(2.26,1.34)
R4[GIVE_UP   ]: carry=0 | base=0.49 | wall=3.01 | search=468 | target=none

  [GIVE-UP] R4 returned empty after 468 searching steps
  [TARGET] R4 → PHERO (1.09, 1.17)

======================================================================
Step 24500 (13.1 min) | Pickups: 10 | Deposits: 10 | Rate: 0.77 tags/min | phero_entries=1 max_w=0.009
======================================================================
R1[GIVE_UP   ]: carry=0 | base=0.29 | wall=3.21 | search=1248 | target=none
R2[GIVE_UP   ]: carry=0 | base=0.77 | wall=2.84 | search=5616 | target=none
R3[GIVE_UP   ]: carry=0 | base=2.02 | wall=1.51 | search=1404 | target=none
R4[PHERO     ]: carry=0 | base=1.17 | wall=2.58 | search=  0 | target=phero(1.09,1.17)

  [GIVE-UP] R1 returned empty after 1248 searching steps
  [TARGET] R1 → PHERO (1.09, 1.17)
  [GIVE-UP] R2 returned empty after 5616 searching steps
  [TARGET] R2 → PHERO (1.09, 1.17)
  [GIVE-UP] R3 returned empty after 1404 searching steps
  [TARGET] R3 → PHERO (1.09, 1.17)

======================================================================
Step 25000 (13.3 min) | Pickups: 10 | Deposits: 10 | Rate: 0.75 tags/min | phero_entries=1 max_w=0.002
======================================================================
R1[SEARCH    ]: carry=0 | base=1.60 | wall=2.33 | search= 25 | target=phero(1.09,1.17)
R2[PHERO     ]: carry=0 | base=0.71 | wall=2.89 | search=  0 | target=phero(1.09,1.17)
R3[BASE_ESC  ]: carry=0 | base=0.23 | wall=3.27 | search=  0 | target=phero(1.09,1.17)
R4[SEARCH    ]: carry=0 | base=1.45 | wall=2.16 | search=399 | target=phero(1.09,1.17)

[PICKUP] R1 picked up tag (density=8) | Total: 11

======================================================================
Step 25500 (13.6 min) | Pickups: 11 | Deposits: 10 | Rate: 0.74 tags/min | phero_entries=0 max_w=0.000
======================================================================
R1[RTB       ]: carry=1 | base=0.84 | wall=2.89 | search=  0 | target=none
R2[SEARCH    ]: carry=0 | base=1.12 | wall=2.50 | search=267 | target=phero(1.09,1.17)
R3[PHERO     ]: carry=0 | base=1.03 | wall=2.73 | search=  0 | target=phero(1.09,1.17)
R4[SEARCH    ]: carry=0 | base=2.13 | wall=1.65 | search=899 | target=phero(1.09,1.17)

[DEPOSIT] R1 deposited! Total: 11
  [TARGET] R1 → SITE (1.10, 1.18)
[PICKUP] R3 picked up tag (density=7) | Total: 12

======================================================================
Step 26000 (13.9 min) | Pickups: 12 | Deposits: 11 | Rate: 0.79 tags/min | phero_entries=0 max_w=0.000
======================================================================
R1[SITE      ]: carry=0 | base=1.09 | wall=2.72 | search=  0 | target=site(1.10,1.18)
R2[SEARCH    ]: carry=0 | base=1.43 | wall=2.30 | search=767 | target=phero(1.09,1.17)
R3[SURVEY    ]: carry=1 | base=1.75 | wall=2.20 | search=  0 | target=none
R4[SEARCH    ]: carry=0 | base=2.53 | wall=1.10 | search=1399 | target=phero(1.09,1.17)


======================================================================
Step 26500 (14.1 min) | Pickups: 12 | Deposits: 11 | Rate: 0.78 tags/min | phero_entries=0 max_w=0.000
======================================================================
R1[SEARCH    ]: carry=0 | base=1.70 | wall=1.99 | search=376 | target=site(1.10,1.18)
R2[SEARCH    ]: carry=0 | base=3.04 | wall=0.58 | search=1267 | target=phero(1.09,1.17)
R3[RTB       ]: carry=1 | base=0.45 | wall=3.15 | search=  0 | target=none
R4[WALL_ESC  ]: carry=0 | base=3.25 | wall=0.34 | search=1899 | target=phero(1.09,1.17)

[DEPOSIT] R3 deposited! Total: 12
  [TARGET] R3 → SITE (1.29, 1.17)

======================================================================
Step 27000 (14.4 min) | Pickups: 12 | Deposits: 12 | Rate: 0.83 tags/min | phero_entries=0 max_w=0.000
======================================================================
R1[SEARCH    ]: carry=0 | base=2.90 | wall=0.62 | search=876 | target=site(1.10,1.18)
R2[SEARCH    ]: carry=0 | base=3.22 | wall=0.38 | search=1767 | target=phero(1.09,1.17)
R3[SITE      ]: carry=0 | base=1.50 | wall=2.40 | search=  0 | target=site(1.29,1.17)
R4[WALL_ESC  ]: carry=0 | base=3.25 | wall=0.33 | search=2399 | target=phero(1.09,1.17)


======================================================================
Step 27500 (14.7 min) | Pickups: 12 | Deposits: 12 | Rate: 0.82 tags/min | phero_entries=0 max_w=0.000
======================================================================
R1[SEARCH    ]: carry=0 | base=3.19 | wall=0.36 | search=1376 | target=site(1.10,1.18)
R2[SEARCH    ]: carry=0 | base=3.22 | wall=0.39 | search=2267 | target=phero(1.09,1.17)
R3[SEARCH    ]: carry=0 | base=2.37 | wall=1.63 | search=450 | target=site(1.29,1.17)
R4[WALL_ESC  ]: carry=0 | base=3.26 | wall=0.33 | search=2899 | target=phero(1.09,1.17)


======================================================================
Step 28000 (14.9 min) | Pickups: 12 | Deposits: 12 | Rate: 0.80 tags/min | phero_entries=0 max_w=0.000
======================================================================
R1[WALL_ESC  ]: carry=0 | base=3.21 | wall=0.35 | search=1876 | target=site(1.10,1.18)
R2[SEARCH    ]: carry=0 | base=3.21 | wall=0.39 | search=2767 | target=phero(1.09,1.17)
R3[WALL_ESC  ]: carry=0 | base=3.20 | wall=0.34 | search=950 | target=site(1.29,1.17)
R4[WALL_ESC  ]: carry=0 | base=3.25 | wall=0.33 | search=3399 | target=phero(1.09,1.17)

BATCH_RESULT pickups=12 deposits=12
