=================================================================
CPFA BASELINE — ARGoS-calibrated parameters  (7×7m arena  64 tags)
  Params file                  = /home/sara/Documents/RL-FL-Foraging/controllers/cpfa_baseline/cpfa_params.yaml
  Results file                 = /home/sara/Documents/RL-FL-Foraging/controllers/cpfa_baseline/cpfa_baseline_7x7_results_20260811_120424.txt
  RateOfLayingPheromone        = 9.0
  RateOfSiteFidelity           = 2.29
  RateOfPheromoneDecay         = 0.1 /s  (lifetime ~69s)
  ProbabilityOfReturningToNest = 0.08 (every 5 sec → E[give-up] ~62s)
  UninformedSearchVariation    = 0.13 rad (7.4°)
  RateOfInformedSearchDecay    = 1.26 /waypoint
  ProbabilityOfSwitchingToSearching = 0.55 (every 5 sec in uninformed DEPARTING)
=================================================================


======================================================================
Step 500 (0.3 min) | Pickups: 0 | Deposits: 0 | Rate: 0.00 tags/min | phero_entries=0 max_w=0.000
======================================================================
R1[SEARCH    ]: carry=0 | base=0.58 | wall=2.99 | search=232 | target=none
R2[SEARCH    ]: carry=0 | base=1.29 | wall=2.22 | search=188 | target=none
R3[SEARCH    ]: carry=0 | base=1.39 | wall=2.18 | search=344 | target=none
R4[SEARCH    ]: carry=0 | base=1.97 | wall=1.93 | search=344 | target=none

[PICKUP] R1 picked up tag (density=16) | Total: 1

======================================================================
Step 1000 (0.5 min) | Pickups: 1 | Deposits: 0 | Rate: 0.00 tags/min | phero_entries=0 max_w=0.000
======================================================================
R1[RTB       ]: carry=1 | base=0.57 | wall=3.03 | search=  0 | target=none
R2[SEARCH    ]: carry=0 | base=2.57 | wall=1.62 | search=688 | target=none
R3[SEARCH    ]: carry=0 | base=2.53 | wall=1.15 | search=844 | target=none
R4[SEARCH    ]: carry=0 | base=3.03 | wall=0.66 | search=844 | target=none

[DEPOSIT] R1 deposited! Total: 1
  [PHERO] Laid at (0.50, 0.91) density=16 prob=0.99 entries=1
  [TARGET] R1 → SITE (0.50, 0.91)

======================================================================
Step 1500 (0.8 min) | Pickups: 1 | Deposits: 1 | Rate: 1.25 tags/min | phero_entries=1 max_w=0.263
======================================================================
R1[SEARCH    ]: carry=0 | base=1.00 | wall=2.60 | search= 93 | target=site(0.50,0.91)
R2[WALL_ESC  ]: carry=0 | base=4.04 | wall=0.32 | search=1188 | target=none
R3[SEARCH    ]: carry=0 | base=2.99 | wall=1.18 | search=1344 | target=none
R4[GIVE_UP   ]: carry=0 | base=2.41 | wall=1.24 | search=1092 | target=none


======================================================================
Step 2000 (1.1 min) | Pickups: 1 | Deposits: 1 | Rate: 0.94 tags/min | phero_entries=1 max_w=0.053
======================================================================
R1[SEARCH    ]: carry=0 | base=1.48 | wall=2.02 | search=593 | target=site(0.50,0.91)
R2[GIVE_UP   ]: carry=0 | base=2.29 | wall=1.69 | search=1248 | target=none
R3[SEARCH    ]: carry=0 | base=1.89 | wall=1.74 | search=1844 | target=none
R4[GIVE_UP   ]: carry=0 | base=0.49 | wall=3.04 | search=1092 | target=none

  [GIVE-UP] R4 returned empty after 1092 searching steps
  [TARGET] R4 → PHERO (0.50, 0.91)
  [GIVE-UP] R3 returned empty after 1872 searching steps
  [TARGET] R3 → PHERO (0.50, 0.91)

======================================================================
Step 2500 (1.3 min) | Pickups: 1 | Deposits: 1 | Rate: 0.75 tags/min | phero_entries=1 max_w=0.011
======================================================================
R1[GIVE_UP   ]: carry=0 | base=0.60 | wall=2.97 | search=780 | target=none
R2[GIVE_UP   ]: carry=0 | base=0.37 | wall=3.21 | search=1248 | target=none
R3[BASE_ESC  ]: carry=0 | base=0.22 | wall=3.29 | search=  0 | target=phero(0.50,0.91)
R4[PHERO     ]: carry=0 | base=0.88 | wall=2.76 | search=  0 | target=phero(0.50,0.91)

  [GIVE-UP] R2 returned empty after 1248 searching steps
  [TARGET] R2 → PHERO (0.50, 0.91)
  [GIVE-UP] R1 returned empty after 780 searching steps
  [TARGET] R1 → PHERO (0.50, 0.91)
[PICKUP] R2 picked up tag (density=15) | Total: 2

======================================================================
Step 3000 (1.6 min) | Pickups: 2 | Deposits: 1 | Rate: 0.62 tags/min | phero_entries=1 max_w=0.002
======================================================================
R1[PHERO     ]: carry=0 | base=0.74 | wall=2.92 | search=  0 | target=phero(0.50,0.91)
R2[SURVEY    ]: carry=1 | base=1.11 | wall=2.51 | search=  0 | target=none
R3[PHERO     ]: carry=0 | base=0.79 | wall=2.84 | search=  0 | target=phero(0.50,0.91)
R4[SEARCH    ]: carry=0 | base=0.27 | wall=3.25 | search=470 | target=phero(0.50,0.91)

[PICKUP] R1 picked up tag (density=14) | Total: 3
[DEPOSIT] R2 deposited! Total: 2
  [PHERO] Laid at (0.49, 0.99) density=15 prob=0.98 entries=1
  [TARGET] R2 → SITE (0.49, 0.99)

======================================================================
Step 3500 (1.9 min) | Pickups: 3 | Deposits: 2 | Rate: 1.07 tags/min | phero_entries=1 max_w=0.997
======================================================================
R1[SURVEY    ]: carry=1 | base=1.17 | wall=2.60 | search=  0 | target=none
R2[BASE_ESC  ]: carry=0 | base=0.24 | wall=3.29 | search=  0 | target=site(0.49,0.99)
R3[SEARCH    ]: carry=0 | base=1.07 | wall=2.43 | search=446 | target=phero(0.50,0.91)
R4[SEARCH    ]: carry=0 | base=1.80 | wall=2.07 | search=970 | target=phero(0.50,0.91)

[PICKUP] R2 picked up tag (density=13) | Total: 4
[DEPOSIT] R1 deposited! Total: 3
  [PHERO] Laid at (0.75, 0.89) density=14 prob=0.96 entries=2
  [TARGET] R1 → SITE (0.75, 0.89)

======================================================================
Step 4000 (2.1 min) | Pickups: 4 | Deposits: 3 | Rate: 1.41 tags/min | phero_entries=2 max_w=0.860
======================================================================
R1[BASE_ESC  ]: carry=0 | base=0.22 | wall=3.33 | search=  0 | target=site(0.75,0.89)
R2[SURVEY    ]: carry=1 | base=1.09 | wall=2.54 | search=  0 | target=none
R3[SEARCH    ]: carry=0 | base=2.77 | wall=0.75 | search=946 | target=phero(0.50,0.91)
R4[WALL_ESC  ]: carry=0 | base=3.37 | wall=0.33 | search=1470 | target=phero(0.50,0.91)

[DEPOSIT] R2 deposited! Total: 4
  [PHERO] Laid at (0.52, 0.96) density=13 prob=0.93 entries=3
  [TARGET] R2 → SITE (0.52, 0.96)

======================================================================
Step 4500 (2.4 min) | Pickups: 4 | Deposits: 4 | Rate: 1.67 tags/min | phero_entries=3 max_w=0.651
======================================================================
R1[GIVE_UP   ]: carry=0 | base=0.94 | wall=2.76 | search=156 | target=none
R2[SITE      ]: carry=0 | base=0.31 | wall=3.27 | search=  0 | target=site(0.52,0.96)
R3[SEARCH    ]: carry=0 | base=3.18 | wall=0.36 | search=1446 | target=phero(0.50,0.91)
R4[WALL_ESC  ]: carry=0 | base=3.36 | wall=0.34 | search=1970 | target=phero(0.50,0.91)

  [GIVE-UP] R1 returned empty after 156 searching steps
  [TARGET] R1 → PHERO (0.75, 0.89)

======================================================================
Step 5000 (2.7 min) | Pickups: 4 | Deposits: 4 | Rate: 1.50 tags/min | phero_entries=3 max_w=0.131
======================================================================
R1[PHERO     ]: carry=0 | base=0.89 | wall=2.84 | search=  0 | target=phero(0.75,0.89)
R2[SEARCH    ]: carry=0 | base=0.71 | wall=2.99 | search=283 | target=site(0.52,0.96)
R3[SEARCH    ]: carry=0 | base=3.17 | wall=0.37 | search=1946 | target=phero(0.50,0.91)
R4[WALL_ESC  ]: carry=0 | base=3.36 | wall=0.33 | search=2470 | target=phero(0.50,0.91)

[PICKUP] R1 picked up tag (density=12) | Total: 5

======================================================================
Step 5500 (2.9 min) | Pickups: 5 | Deposits: 4 | Rate: 1.36 tags/min | phero_entries=3 max_w=0.027
======================================================================
R1[RTB       ]: carry=1 | base=1.30 | wall=2.57 | search=  0 | target=none
R2[SEARCH    ]: carry=0 | base=2.13 | wall=1.44 | search=783 | target=site(0.52,0.96)
R3[SEARCH    ]: carry=0 | base=3.16 | wall=0.38 | search=2446 | target=phero(0.50,0.91)
R4[WALL_ESC  ]: carry=0 | base=3.36 | wall=0.33 | search=2970 | target=phero(0.50,0.91)

[DEPOSIT] R1 deposited! Total: 5
  [PHERO] Laid at (0.90, 0.93) density=12 prob=0.88 entries=3
  [TARGET] R1 → SITE (0.90, 0.93)

======================================================================
Step 6000 (3.2 min) | Pickups: 5 | Deposits: 5 | Rate: 1.56 tags/min | phero_entries=3 max_w=0.584
======================================================================
R1[SITE      ]: carry=0 | base=0.42 | wall=3.14 | search=  0 | target=site(0.90,0.93)
R2[SEARCH    ]: carry=0 | base=2.50 | wall=1.28 | search=1283 | target=site(0.52,0.96)
R3[GIVE_UP   ]: carry=0 | base=2.14 | wall=1.41 | search=2652 | target=none
R4[WALL_ESC  ]: carry=0 | base=3.36 | wall=0.33 | search=3470 | target=phero(0.50,0.91)

[PICKUP] R1 picked up tag (density=11) | Total: 6
  [GIVE-UP] R3 returned empty after 2652 searching steps
  [TARGET] R3 → PHERO (0.90, 0.93)

======================================================================
Step 6500 (3.5 min) | Pickups: 6 | Deposits: 5 | Rate: 1.44 tags/min | phero_entries=2 max_w=0.118
======================================================================
R1[SURVEY    ]: carry=1 | base=1.43 | wall=2.42 | search=  0 | target=none
R2[SEARCH    ]: carry=0 | base=3.10 | wall=0.75 | search=1783 | target=site(0.52,0.96)
R3[BASE_ESC  ]: carry=0 | base=0.23 | wall=3.27 | search=  0 | target=phero(0.90,0.93)
R4[WALL_ESC  ]: carry=0 | base=3.36 | wall=0.33 | search=3970 | target=phero(0.50,0.91)

[DEPOSIT] R1 deposited! Total: 6
  [PHERO] Laid at (0.94, 1.08) density=11 prob=0.80 entries=2
  [TARGET] R1 → SITE (0.94, 1.08)
[PICKUP] R3 picked up tag (density=10) | Total: 7

======================================================================
Step 7000 (3.7 min) | Pickups: 7 | Deposits: 6 | Rate: 1.61 tags/min | phero_entries=2 max_w=0.897
======================================================================
R1[BASE_ESC  ]: carry=0 | base=0.22 | wall=3.34 | search=  0 | target=site(0.94,1.08)
R2[WALL_ESC  ]: carry=0 | base=3.54 | wall=0.34 | search=2283 | target=site(0.52,0.96)
R3[SURVEY    ]: carry=1 | base=1.32 | wall=2.48 | search=  0 | target=none
R4[WALL_ESC  ]: carry=0 | base=3.36 | wall=0.33 | search=4470 | target=phero(0.50,0.91)

[PICKUP] R1 picked up tag (density=9) | Total: 8

======================================================================
Step 7500 (4.0 min) | Pickups: 8 | Deposits: 6 | Rate: 1.50 tags/min | phero_entries=2 max_w=0.181
======================================================================
R1[SURVEY    ]: carry=1 | base=1.45 | wall=2.38 | search=  0 | target=none
R2[WALL_ESC  ]: carry=0 | base=3.54 | wall=0.31 | search=2783 | target=site(0.52,0.96)
R3[RTB       ]: carry=1 | base=0.56 | wall=3.10 | search=  0 | target=none
R4[GIVE_UP   ]: carry=0 | base=1.61 | wall=1.98 | search=4524 | target=none

[DEPOSIT] R3 deposited! Total: 7
  [PHERO] Laid at (0.83, 1.02) density=10 prob=0.71 entries=3
  [TARGET] R3 → SITE (0.83, 1.02)
  [GIVE-UP] R4 returned empty after 4524 searching steps
  [TARGET] R4 → PHERO (0.83, 1.02)

======================================================================
Step 8000 (4.3 min) | Pickups: 8 | Deposits: 7 | Rate: 1.64 tags/min | phero_entries=2 max_w=0.261
======================================================================
R1[RTB       ]: carry=1 | base=0.58 | wall=3.08 | search=  0 | target=none
R2[SEARCH    ]: carry=0 | base=3.50 | wall=0.37 | search=3283 | target=site(0.52,0.96)
R3[SEARCH    ]: carry=0 | base=1.31 | wall=2.48 | search= 13 | target=site(0.83,1.02)
R4[PHERO     ]: carry=0 | base=0.32 | wall=3.18 | search=  0 | target=phero(0.83,1.02)

[PICKUP] R3 picked up tag (density=8) | Total: 9
[DEPOSIT] R1 deposited! Total: 8
  [PHERO] Laid at (0.92, 1.12) density=9 prob=0.59 entries=3
  [TARGET] R1 → SITE (0.92, 1.12)
[PICKUP] R4 picked up tag (density=7) | Total: 10

======================================================================
Step 8500 (4.5 min) | Pickups: 10 | Deposits: 8 | Rate: 1.76 tags/min | phero_entries=3 max_w=0.266
======================================================================
R1[SITE      ]: carry=0 | base=1.32 | wall=2.48 | search=  0 | target=site(0.92,1.12)
R2[SEARCH    ]: carry=0 | base=3.46 | wall=0.38 | search=3783 | target=site(0.52,0.96)
R3[RTB       ]: carry=1 | base=1.05 | wall=2.66 | search=  0 | target=none
R4[SURVEY    ]: carry=1 | base=1.35 | wall=2.41 | search=  0 | target=none

[DEPOSIT] R3 deposited! Total: 9
  [TARGET] R3 → SITE (0.79, 1.07)

======================================================================
Step 9000 (4.8 min) | Pickups: 10 | Deposits: 9 | Rate: 1.88 tags/min | phero_entries=3 max_w=0.054
======================================================================
R1[SEARCH    ]: carry=0 | base=1.83 | wall=1.87 | search=482 | target=site(0.92,1.12)
R2[WALL_ESC  ]: carry=0 | base=3.54 | wall=0.31 | search=4283 | target=site(0.52,0.96)
R3[SITE      ]: carry=0 | base=0.83 | wall=2.88 | search=  0 | target=site(0.79,1.07)
R4[RTB       ]: carry=1 | base=0.54 | wall=3.08 | search=  0 | target=none

[DEPOSIT] R4 deposited! Total: 10
  [TARGET] R4 → SITE (0.79, 1.09)

======================================================================
Step 9500 (5.1 min) | Pickups: 10 | Deposits: 10 | Rate: 1.97 tags/min | phero_entries=2 max_w=0.011
======================================================================
R1[GIVE_UP   ]: carry=0 | base=2.49 | wall=1.23 | search=780 | target=none
R2[SEARCH    ]: carry=0 | base=3.48 | wall=0.38 | search=4783 | target=site(0.52,0.96)
R3[SEARCH    ]: carry=0 | base=1.55 | wall=2.25 | search=380 | target=site(0.79,1.07)
R4[SEARCH    ]: carry=0 | base=1.31 | wall=2.43 | search= 28 | target=site(0.79,1.09)

[PICKUP] R4 picked up tag (density=6) | Total: 11

======================================================================
Step 10000 (5.3 min) | Pickups: 11 | Deposits: 10 | Rate: 1.88 tags/min | phero_entries=1 max_w=0.002
======================================================================
R1[GIVE_UP   ]: carry=0 | base=0.99 | wall=2.60 | search=780 | target=none
R2[SEARCH    ]: carry=0 | base=3.46 | wall=0.37 | search=5283 | target=site(0.52,0.96)
R3[GIVE_UP   ]: carry=0 | base=0.92 | wall=2.66 | search=468 | target=none
R4[RTB       ]: carry=1 | base=0.92 | wall=2.79 | search=  0 | target=none

  [GIVE-UP] R3 returned empty after 468 searching steps
  [TARGET] R3 → PHERO (0.92, 1.12)
[DEPOSIT] R4 deposited! Total: 11
  [TARGET] R4 → SITE (0.74, 1.09)
  [GIVE-UP] R1 returned empty after 780 searching steps
  [TARGET] R1 → PHERO (0.92, 1.12)

======================================================================
Step 10500 (5.6 min) | Pickups: 11 | Deposits: 11 | Rate: 1.96 tags/min | phero_entries=0 max_w=0.000
======================================================================
R1[PHERO     ]: carry=0 | base=0.81 | wall=2.85 | search=  0 | target=phero(0.92,1.12)
R2[WALL_ESC  ]: carry=0 | base=3.54 | wall=0.32 | search=5783 | target=site(0.52,0.96)
R3[PHERO     ]: carry=0 | base=0.76 | wall=2.93 | search=  0 | target=phero(0.92,1.12)
R4[SITE      ]: carry=0 | base=1.00 | wall=2.70 | search=  0 | target=site(0.74,1.09)

[PICKUP] R4 picked up tag (density=5) | Total: 12

======================================================================
Step 11000 (5.9 min) | Pickups: 12 | Deposits: 11 | Rate: 1.88 tags/min | phero_entries=0 max_w=0.000
======================================================================
R1[SEARCH    ]: carry=0 | base=1.73 | wall=2.15 | search=336 | target=phero(0.92,1.12)
R2[SEARCH    ]: carry=0 | base=3.46 | wall=0.39 | search=6283 | target=site(0.52,0.96)
R3[SEARCH    ]: carry=0 | base=0.75 | wall=2.90 | search=328 | target=phero(0.92,1.12)
R4[RTB       ]: carry=1 | base=1.08 | wall=2.65 | search=  0 | target=none

[DEPOSIT] R4 deposited! Total: 12
  [TARGET] R4 → SITE (0.77, 1.13)
[PICKUP] R1 picked up tag (density=16) | Total: 13

======================================================================
Step 11500 (6.1 min) | Pickups: 13 | Deposits: 12 | Rate: 1.96 tags/min | phero_entries=0 max_w=0.000
======================================================================
R1[SURVEY    ]: carry=1 | base=2.86 | wall=1.23 | search=  0 | target=none
R2[SEARCH    ]: carry=0 | base=3.48 | wall=0.36 | search=6783 | target=site(0.52,0.96)
R3[SEARCH    ]: carry=0 | base=0.81 | wall=2.70 | search=828 | target=phero(0.92,1.12)
R4[SITE      ]: carry=0 | base=0.86 | wall=2.83 | search=  0 | target=site(0.77,1.13)

[PICKUP] R4 picked up tag (density=4) | Total: 14
[PICKUP] R3 picked up tag (density=16) | Total: 15

======================================================================
Step 12000 (6.4 min) | Pickups: 15 | Deposits: 12 | Rate: 1.88 tags/min | phero_entries=0 max_w=0.000
======================================================================
R1[RTB       ]: carry=1 | base=1.27 | wall=2.52 | search=  0 | target=none
R2[WALL_ESC  ]: carry=0 | base=3.54 | wall=0.33 | search=7283 | target=site(0.52,0.96)
R3[RTB       ]: carry=1 | base=1.56 | wall=1.94 | search=  0 | target=none
R4[RTB       ]: carry=1 | base=1.03 | wall=2.69 | search=  0 | target=none

[DEPOSIT] R4 deposited! Total: 13
  [PHERO] Laid at (0.75, 1.13) density=4 prob=0.05 entries=1
  [TARGET] R4 → SITE (0.75, 1.13)
[DEPOSIT] R1 deposited! Total: 14
  [PHERO] Laid at (1.74, 2.27) density=16 prob=0.99 entries=2
  [TARGET] R1 → SITE (1.74, 2.27)
[DEPOSIT] R3 deposited! Total: 15
  [PHERO] Laid at (0.08, -1.61) density=16 prob=0.99 entries=3
  [TARGET] R3 → SITE (0.08, -1.61)

======================================================================
Step 12500 (6.7 min) | Pickups: 15 | Deposits: 15 | Rate: 2.25 tags/min | phero_entries=3 max_w=0.617
======================================================================
R1[SITE      ]: carry=0 | base=0.68 | wall=2.91 | search=  0 | target=site(1.74,2.27)
R2[SEARCH    ]: carry=0 | base=3.45 | wall=0.40 | search=7783 | target=site(0.52,0.96)
R3[SITE      ]: carry=0 | base=0.37 | wall=3.13 | search=  0 | target=site(0.08,-1.61)
R4[SITE      ]: carry=0 | base=0.87 | wall=2.82 | search=  0 | target=site(0.75,1.13)

[PICKUP] R3 picked up tag (density=15) | Total: 16

======================================================================
Step 13000 (6.9 min) | Pickups: 16 | Deposits: 15 | Rate: 2.16 tags/min | phero_entries=3 max_w=0.125
======================================================================
R1[SITE      ]: carry=0 | base=2.56 | wall=1.47 | search=  0 | target=site(1.74,2.27)
R2[WALL_ESC  ]: carry=0 | base=3.51 | wall=0.33 | search=8283 | target=site(0.52,0.96)
R3[SURVEY    ]: carry=1 | base=1.63 | wall=1.88 | search=  0 | target=none
R4[SEARCH    ]: carry=0 | base=1.67 | wall=2.27 | search=385 | target=site(0.75,1.13)

[PICKUP] R4 picked up tag (density=15) | Total: 17
[PICKUP] R1 picked up tag (density=14) | Total: 18
[DEPOSIT] R3 deposited! Total: 16
  [PHERO] Laid at (0.08, -1.62) density=15 prob=0.98 entries=4
  [TARGET] R3 → SITE (0.08, -1.62)

======================================================================
Step 13500 (7.2 min) | Pickups: 18 | Deposits: 16 | Rate: 2.22 tags/min | phero_entries=4 max_w=0.852
======================================================================
R1[RTB       ]: carry=1 | base=2.70 | wall=1.43 | search=  0 | target=none
R2[WALL_ESC  ]: carry=0 | base=3.53 | wall=0.34 | search=8783 | target=site(0.52,0.96)
R3[BASE_ESC  ]: carry=0 | base=0.22 | wall=3.28 | search=  0 | target=site(0.08,-1.62)
R4[RTB       ]: carry=1 | base=2.54 | wall=1.71 | search=  0 | target=none


======================================================================
Step 14000 (7.5 min) | Pickups: 18 | Deposits: 16 | Rate: 2.14 tags/min | phero_entries=4 max_w=0.172
======================================================================
R1[RTB       ]: carry=1 | base=1.00 | wall=2.76 | search=  0 | target=none
R2[GIVE_UP   ]: carry=0 | base=2.02 | wall=1.67 | search=8892 | target=none
R3[SEARCH    ]: carry=0 | base=1.60 | wall=1.90 | search= 79 | target=site(0.08,-1.62)
R4[RTB       ]: carry=1 | base=0.66 | wall=3.02 | search=  0 | target=none

[DEPOSIT] R4 deposited! Total: 17
  [PHERO] Laid at (1.76, 1.85) density=15 prob=0.98 entries=5
  [TARGET] R4 → SITE (1.76, 1.85)
[DEPOSIT] R1 deposited! Total: 18
  [PHERO] Laid at (1.72, 2.08) density=14 prob=0.96 entries=6
  [TARGET] R1 → SITE (1.72, 2.08)
[PICKUP] R3 picked up tag (density=14) | Total: 19
  [GIVE-UP] R2 returned empty after 8892 searching steps
  [TARGET] R2 → PHERO (1.72, 2.08)

======================================================================
Step 14500 (7.7 min) | Pickups: 19 | Deposits: 18 | Rate: 2.33 tags/min | phero_entries=4 max_w=0.384
======================================================================
R1[SITE      ]: carry=0 | base=0.92 | wall=2.84 | search=  0 | target=site(1.72,2.08)
R2[BASE_ESC  ]: carry=0 | base=0.22 | wall=3.29 | search=  0 | target=phero(1.72,2.08)
R3[RTB       ]: carry=1 | base=1.64 | wall=1.86 | search=  0 | target=none
R4[SITE      ]: carry=0 | base=1.28 | wall=2.53 | search=  0 | target=site(1.76,1.85)

[DEPOSIT] R3 deposited! Total: 19
  [PHERO] Laid at (-0.15, -1.63) density=14 prob=0.96 entries=4
  [TARGET] R3 → SITE (-0.15, -1.63)
[PICKUP] R1 picked up tag (density=13) | Total: 20

======================================================================
Step 15000 (8.0 min) | Pickups: 20 | Deposits: 19 | Rate: 2.38 tags/min | phero_entries=4 max_w=0.728
======================================================================
R1[SURVEY    ]: carry=1 | base=2.68 | wall=1.45 | search=  0 | target=none
R2[PHERO     ]: carry=0 | base=1.09 | wall=2.68 | search=  0 | target=phero(1.72,2.08)
R3[BASE_ESC  ]: carry=0 | base=0.23 | wall=3.27 | search=  0 | target=site(-0.15,-1.63)
R4[SEARCH    ]: carry=0 | base=2.42 | wall=1.78 | search=181 | target=site(1.76,1.85)


======================================================================
Step 15500 (8.3 min) | Pickups: 20 | Deposits: 19 | Rate: 2.30 tags/min | phero_entries=4 max_w=0.147
======================================================================
R1[RTB       ]: carry=1 | base=1.66 | wall=2.27 | search=  0 | target=none
R2[SEARCH    ]: carry=0 | base=2.67 | wall=1.42 | search= 90 | target=phero(1.72,2.08)
R3[SEARCH    ]: carry=0 | base=1.59 | wall=1.91 | search=122 | target=site(-0.15,-1.63)
R4[SEARCH    ]: carry=0 | base=2.94 | wall=0.73 | search=681 | target=site(1.76,1.85)

[PICKUP] R2 picked up tag (density=12) | Total: 21
[DEPOSIT] R1 deposited! Total: 20
  [TARGET] R1 → SITE (1.72, 2.05)
  [GIVE-UP] R3 returned empty after 156 searching steps
  [TARGET] R3 → PHERO (-0.15, -1.63)

======================================================================
Step 16000 (8.5 min) | Pickups: 21 | Deposits: 20 | Rate: 2.34 tags/min | phero_entries=3 max_w=0.030
======================================================================
R1[SITE      ]: carry=0 | base=0.31 | wall=3.22 | search=  0 | target=site(1.72,2.05)
R2[RTB       ]: carry=1 | base=2.41 | wall=1.76 | search=  0 | target=none
R3[PHERO     ]: carry=0 | base=0.29 | wall=3.23 | search=  0 | target=phero(-0.15,-1.63)
R4[SEARCH    ]: carry=0 | base=3.16 | wall=0.36 | search=1181 | target=site(1.76,1.85)


======================================================================
Step 16500 (8.8 min) | Pickups: 21 | Deposits: 20 | Rate: 2.27 tags/min | phero_entries=1 max_w=0.006
======================================================================
R1[SITE      ]: carry=0 | base=2.22 | wall=1.79 | search=  0 | target=site(1.72,2.05)
R2[RTB       ]: carry=1 | base=0.49 | wall=3.14 | search=  0 | target=none
R3[SEARCH    ]: carry=0 | base=1.58 | wall=1.92 | search=154 | target=phero(-0.15,-1.63)
R4[SEARCH    ]: carry=0 | base=3.15 | wall=0.39 | search=1681 | target=site(1.76,1.85)

[DEPOSIT] R2 deposited! Total: 21
  [PHERO] Laid at (1.81, 1.88) density=12 prob=0.88 entries=2
  [TARGET] R2 → SITE (1.81, 1.88)

======================================================================
Step 17000 (9.1 min) | Pickups: 21 | Deposits: 21 | Rate: 2.32 tags/min | phero_entries=2 max_w=0.247
======================================================================
R1[GIVE_UP   ]: carry=0 | base=2.54 | wall=1.66 | search=312 | target=none
R2[SITE      ]: carry=0 | base=1.45 | wall=2.45 | search=  0 | target=site(1.81,1.88)
R3[SEARCH    ]: carry=0 | base=2.27 | wall=1.82 | search=654 | target=phero(-0.15,-1.63)
R4[GIVE_UP   ]: carry=0 | base=1.65 | wall=1.86 | search=1716 | target=none

  [GIVE-UP] R4 returned empty after 1716 searching steps
  [TARGET] R4 → PHERO (1.81, 1.88)

======================================================================
Step 17500 (9.3 min) | Pickups: 21 | Deposits: 21 | Rate: 2.25 tags/min | phero_entries=1 max_w=0.050
======================================================================
R1[GIVE_UP   ]: carry=0 | base=0.65 | wall=3.02 | search=312 | target=none
R2[SEARCH    ]: carry=0 | base=2.57 | wall=1.61 | search=211 | target=site(1.81,1.88)
R3[GIVE_UP   ]: carry=0 | base=2.71 | wall=1.16 | search=936 | target=none
R4[PHERO     ]: carry=0 | base=0.32 | wall=3.19 | search=  0 | target=phero(1.81,1.88)

[PICKUP] R2 picked up tag (density=11) | Total: 22
  [GIVE-UP] R1 returned empty after 312 searching steps
  [TARGET] R1 → PHERO (1.81, 1.88)

======================================================================
Step 18000 (9.6 min) | Pickups: 22 | Deposits: 21 | Rate: 2.19 tags/min | phero_entries=1 max_w=0.010
======================================================================
R1[PHERO     ]: carry=0 | base=1.31 | wall=2.53 | search=  0 | target=phero(1.81,1.88)
R2[RTB       ]: carry=1 | base=1.91 | wall=2.04 | search=  0 | target=none
R3[GIVE_UP   ]: carry=0 | base=0.79 | wall=2.82 | search=936 | target=none
R4[PHERO     ]: carry=0 | base=2.19 | wall=1.95 | search=  0 | target=phero(1.81,1.88)

  [GIVE-UP] R3 returned empty after 936 searching steps
  [TARGET] R3 → PHERO (1.81, 1.88)
[DEPOSIT] R2 deposited! Total: 22
  [PHERO] Laid at (1.97, 1.81) density=11 prob=0.80 entries=2
  [TARGET] R2 → SITE (1.97, 1.81)

======================================================================
Step 18500 (9.9 min) | Pickups: 22 | Deposits: 22 | Rate: 2.23 tags/min | phero_entries=2 max_w=0.810
======================================================================
R1[SEARCH    ]: carry=0 | base=2.50 | wall=1.66 | search=167 | target=phero(1.81,1.88)
R2[BASE_ESC  ]: carry=0 | base=0.22 | wall=3.32 | search=  0 | target=site(1.97,1.81)
R3[BASE_ESC  ]: carry=0 | base=0.25 | wall=3.25 | search=  0 | target=phero(1.81,1.88)
R4[SEARCH    ]: carry=0 | base=2.04 | wall=1.83 | search=403 | target=phero(1.81,1.88)


======================================================================
Step 19000 (10.1 min) | Pickups: 22 | Deposits: 22 | Rate: 2.17 tags/min | phero_entries=1 max_w=0.163
======================================================================
R1[WALL_ESC  ]: carry=0 | base=3.52 | wall=0.33 | search=667 | target=phero(1.81,1.88)
R2[SITE      ]: carry=0 | base=1.95 | wall=2.04 | search=  0 | target=site(1.97,1.81)
R3[PHERO     ]: carry=0 | base=1.55 | wall=2.35 | search=  0 | target=phero(1.81,1.88)
R4[SEARCH    ]: carry=0 | base=2.34 | wall=1.21 | search=903 | target=phero(1.81,1.88)

[PICKUP] R3 picked up tag (density=10) | Total: 23

======================================================================
Step 19500 (10.4 min) | Pickups: 23 | Deposits: 22 | Rate: 2.12 tags/min | phero_entries=1 max_w=0.033
======================================================================
R1[SEARCH    ]: carry=0 | base=3.49 | wall=0.36 | search=1167 | target=phero(1.81,1.88)
R2[SEARCH    ]: carry=0 | base=2.36 | wall=1.63 | search=322 | target=site(1.97,1.81)
R3[SURVEY    ]: carry=1 | base=2.72 | wall=1.51 | search=  0 | target=none
R4[SEARCH    ]: carry=0 | base=2.76 | wall=1.34 | search=1403 | target=phero(1.81,1.88)

[PICKUP] R2 picked up tag (density=3) | Total: 24

======================================================================
Step 20000 (10.7 min) | Pickups: 24 | Deposits: 22 | Rate: 2.06 tags/min | phero_entries=1 max_w=0.007
======================================================================
R1[SEARCH    ]: carry=0 | base=3.45 | wall=0.40 | search=1667 | target=phero(1.81,1.88)
R2[RTB       ]: carry=1 | base=1.56 | wall=2.08 | search=  0 | target=none
R3[RTB       ]: carry=1 | base=1.73 | wall=2.19 | search=  0 | target=none
R4[SEARCH    ]: carry=0 | base=3.22 | wall=0.36 | search=1903 | target=phero(1.81,1.88)

[DEPOSIT] R3 deposited! Total: 23
  [PHERO] Laid at (1.99, 1.85) density=10 prob=0.71 entries=2
  [TARGET] R3 → SITE (1.99, 1.85)
[DEPOSIT] R2 deposited! Total: 24
  [TARGET] R2 → SITE (0.63, 1.42)

======================================================================
Step 20500 (10.9 min) | Pickups: 24 | Deposits: 24 | Rate: 2.20 tags/min | phero_entries=2 max_w=0.692
======================================================================
R1[WALL_ESC  ]: carry=0 | base=3.51 | wall=0.33 | search=2167 | target=phero(1.81,1.88)
R2[BASE_ESC  ]: carry=0 | base=0.21 | wall=3.32 | search=  0 | target=site(0.63,1.42)
R3[SITE      ]: carry=0 | base=0.26 | wall=3.31 | search=  0 | target=site(1.99,1.85)
R4[SEARCH    ]: carry=0 | base=3.21 | wall=0.38 | search=2403 | target=phero(1.81,1.88)

[PICKUP] R2 picked up tag (density=2) | Total: 25

======================================================================
Step 21000 (11.2 min) | Pickups: 25 | Deposits: 24 | Rate: 2.14 tags/min | phero_entries=1 max_w=0.140
======================================================================
R1[WALL_ESC  ]: carry=0 | base=3.53 | wall=0.34 | search=2667 | target=phero(1.81,1.88)
R2[RTB       ]: carry=1 | base=1.17 | wall=2.45 | search=  0 | target=none
R3[SITE      ]: carry=0 | base=2.08 | wall=1.99 | search=  0 | target=site(1.99,1.85)
R4[SEARCH    ]: carry=0 | base=3.22 | wall=0.37 | search=2903 | target=phero(1.81,1.88)

[PICKUP] R3 picked up tag (density=9) | Total: 26
[DEPOSIT] R2 deposited! Total: 25
  [TARGET] R2 → SITE (0.50, 1.06)

======================================================================
Step 21500 (11.5 min) | Pickups: 26 | Deposits: 25 | Rate: 2.18 tags/min | phero_entries=1 max_w=0.028
======================================================================
R1[GIVE_UP   ]: carry=0 | base=3.31 | wall=0.52 | search=3120 | target=none
R2[SITE      ]: carry=0 | base=0.63 | wall=2.97 | search=  0 | target=site(0.50,1.06)
R3[RTB       ]: carry=1 | base=2.72 | wall=1.50 | search=  0 | target=none
R4[GIVE_UP   ]: carry=0 | base=1.73 | wall=1.81 | search=2964 | target=none

  [GIVE-UP] R4 returned empty after 2964 searching steps
  [TARGET] R4 → PHERO (1.99, 1.85)

======================================================================
Step 22000 (11.7 min) | Pickups: 26 | Deposits: 25 | Rate: 2.13 tags/min | phero_entries=1 max_w=0.006
======================================================================
R1[GIVE_UP   ]: carry=0 | base=1.39 | wall=2.25 | search=3120 | target=none
R2[SEARCH    ]: carry=0 | base=0.98 | wall=2.64 | search=369 | target=site(0.50,1.06)
R3[RTB       ]: carry=1 | base=0.85 | wall=2.86 | search=  0 | target=none
R4[PHERO     ]: carry=0 | base=0.26 | wall=3.24 | search=  0 | target=phero(1.99,1.85)

[DEPOSIT] R3 deposited! Total: 26
  [PHERO] Laid at (1.98, 1.89) density=9 prob=0.59 entries=2
  [TARGET] R3 → SITE (1.98, 1.89)
  [GIVE-UP] R1 returned empty after 3120 searching steps
  [TARGET] R1 → PHERO (1.98, 1.89)

======================================================================
Step 22500 (12.0 min) | Pickups: 26 | Deposits: 26 | Rate: 2.17 tags/min | phero_entries=2 max_w=0.335
======================================================================
R1[PHERO     ]: carry=0 | base=0.48 | wall=3.13 | search=  0 | target=phero(1.98,1.89)
R2[GIVE_UP   ]: carry=0 | base=1.81 | wall=1.83 | search=780 | target=none
R3[SITE      ]: carry=0 | base=0.98 | wall=2.76 | search=  0 | target=site(1.98,1.89)
R4[PHERO     ]: carry=0 | base=1.34 | wall=2.43 | search=  0 | target=phero(1.99,1.85)

  [GIVE-UP] R2 returned empty after 780 searching steps
  [TARGET] R2 → PHERO (1.98, 1.89)

======================================================================
Step 23000 (12.3 min) | Pickups: 26 | Deposits: 26 | Rate: 2.12 tags/min | phero_entries=1 max_w=0.068
======================================================================
R1[PHERO     ]: carry=0 | base=2.40 | wall=1.76 | search=  0 | target=phero(1.98,1.89)
R2[BASE_ESC  ]: carry=0 | base=0.23 | wall=3.28 | search=  0 | target=phero(1.98,1.89)
R3[SEARCH    ]: carry=0 | base=2.74 | wall=1.49 | search= 53 | target=site(1.98,1.89)
R4[SEARCH    ]: carry=0 | base=2.64 | wall=1.62 | search=151 | target=phero(1.99,1.85)

[PICKUP] R3 picked up tag (density=8) | Total: 27

======================================================================
Step 23500 (12.5 min) | Pickups: 27 | Deposits: 26 | Rate: 2.07 tags/min | phero_entries=1 max_w=0.014
======================================================================
R1[SEARCH    ]: carry=0 | base=2.10 | wall=1.65 | search=427 | target=phero(1.98,1.89)
R2[PHERO     ]: carry=0 | base=1.96 | wall=2.04 | search=  0 | target=phero(1.98,1.89)
R3[RTB       ]: carry=1 | base=2.09 | wall=1.91 | search=  0 | target=none
R4[SEARCH    ]: carry=0 | base=3.13 | wall=0.49 | search=651 | target=phero(1.99,1.85)

[PICKUP] R2 picked up tag (density=7) | Total: 28
[DEPOSIT] R3 deposited! Total: 27
  [TARGET] R3 → SITE (2.06, 1.89)

======================================================================
Step 24000 (12.8 min) | Pickups: 28 | Deposits: 27 | Rate: 2.11 tags/min | phero_entries=1 max_w=0.003
======================================================================
R1[GIVE_UP   ]: carry=0 | base=1.86 | wall=1.66 | search=780 | target=none
R2[RTB       ]: carry=1 | base=2.79 | wall=1.44 | search=  0 | target=none
R3[BASE_ESC  ]: carry=0 | base=0.23 | wall=3.33 | search=  0 | target=site(2.06,1.89)
R4[GIVE_UP   ]: carry=0 | base=1.86 | wall=1.69 | search=780 | target=none

  [GIVE-UP] R1 returned empty after 780 searching steps
  [TARGET] R1 → WALL (3.42, 2.60)
  [GIVE-UP] R4 returned empty after 780 searching steps
  [TARGET] R4 → WALL (-3.42, 1.87)

======================================================================
Step 24500 (13.1 min) | Pickups: 28 | Deposits: 27 | Rate: 2.07 tags/min | phero_entries=0 max_w=0.000
======================================================================
R1[BASE_ESC  ]: carry=0 | base=0.23 | wall=3.29 | search=  0 | target=none
R2[RTB       ]: carry=1 | base=1.06 | wall=2.70 | search=  0 | target=none
R3[SITE      ]: carry=0 | base=1.78 | wall=2.21 | search=  0 | target=site(2.06,1.89)
R4[BASE_ESC  ]: carry=0 | base=0.22 | wall=3.29 | search=  0 | target=none

[DEPOSIT] R2 deposited! Total: 28
  [TARGET] R2 → SITE (2.04, 1.89)
[PICKUP] R3 picked up tag (density=6) | Total: 29

======================================================================
Step 25000 (13.3 min) | Pickups: 29 | Deposits: 28 | Rate: 2.10 tags/min | phero_entries=0 max_w=0.000
======================================================================
R1[GIVE_UP   ]: carry=0 | base=0.94 | wall=2.60 | search=156 | target=none
R2[SITE      ]: carry=0 | base=0.89 | wall=2.84 | search=  0 | target=site(2.04,1.89)
R3[SURVEY    ]: carry=1 | base=2.87 | wall=1.41 | search=  0 | target=none
R4[SEARCH    ]: carry=0 | base=1.36 | wall=2.34 | search=158 | target=none

  [GIVE-UP] R1 returned empty after 156 searching steps
  [TARGET] R1 → WALL (3.38, 3.42)

======================================================================
Step 25500 (13.6 min) | Pickups: 29 | Deposits: 28 | Rate: 2.06 tags/min | phero_entries=0 max_w=0.000
======================================================================
R1[SEARCH    ]: carry=0 | base=0.86 | wall=2.78 | search= 52 | target=none
R2[SEARCH    ]: carry=0 | base=2.76 | wall=1.48 | search= 21 | target=site(2.04,1.89)
R3[RTB       ]: carry=1 | base=1.43 | wall=2.42 | search=  0 | target=none
R4[SEARCH    ]: carry=0 | base=2.95 | wall=0.59 | search=658 | target=none

[PICKUP] R1 picked up tag (density=1) | Total: 30
[DEPOSIT] R3 deposited! Total: 29
  [TARGET] R3 → SITE (2.09, 1.96)

======================================================================
Step 26000 (13.9 min) | Pickups: 30 | Deposits: 29 | Rate: 2.09 tags/min | phero_entries=0 max_w=0.000
======================================================================
R1[RTB       ]: carry=1 | base=1.08 | wall=2.55 | search=  0 | target=none
R2[SEARCH    ]: carry=0 | base=1.73 | wall=1.90 | search=521 | target=site(2.04,1.89)
R3[SITE      ]: carry=0 | base=0.52 | wall=3.06 | search=  0 | target=site(2.09,1.96)
R4[SEARCH    ]: carry=0 | base=3.14 | wall=0.39 | search=1158 | target=none

[DEPOSIT] R1 deposited! Total: 30
  [TARGET] R1 → WALL (-3.42, -1.53)
  [GIVE-UP] R2 returned empty after 624 searching steps
  [TARGET] R2 → WALL (-3.42, 0.09)

======================================================================
Step 26500 (14.1 min) | Pickups: 30 | Deposits: 30 | Rate: 2.12 tags/min | phero_entries=0 max_w=0.000
======================================================================
R1[BASE_ESC  ]: carry=0 | base=0.25 | wall=3.26 | search=  0 | target=none
R2[BASE_ESC  ]: carry=0 | base=0.24 | wall=3.27 | search=  0 | target=none
R3[SITE      ]: carry=0 | base=2.42 | wall=1.72 | search=  0 | target=site(2.09,1.96)
R4[SEARCH    ]: carry=0 | base=3.14 | wall=0.39 | search=1658 | target=none

[PICKUP] R3 picked up tag (density=5) | Total: 31

======================================================================
Step 27000 (14.4 min) | Pickups: 31 | Deposits: 30 | Rate: 2.08 tags/min | phero_entries=0 max_w=0.000
======================================================================
R1[SEARCH    ]: carry=0 | base=1.85 | wall=2.11 | search=477 | target=none
R2[SEARCH    ]: carry=0 | base=0.68 | wall=2.89 | search=181 | target=none
R3[RTB       ]: carry=1 | base=2.72 | wall=1.47 | search=  0 | target=none
R4[SEARCH    ]: carry=0 | base=3.14 | wall=0.40 | search=2158 | target=none


======================================================================
Step 27500 (14.7 min) | Pickups: 31 | Deposits: 30 | Rate: 2.05 tags/min | phero_entries=0 max_w=0.000
======================================================================
R1[SEARCH    ]: carry=0 | base=3.49 | wall=0.45 | search=977 | target=none
R2[GIVE_UP   ]: carry=0 | base=1.94 | wall=1.94 | search=624 | target=none
R3[RTB       ]: carry=1 | base=0.80 | wall=2.90 | search=  0 | target=none
R4[GIVE_UP   ]: carry=0 | base=3.14 | wall=0.39 | search=2652 | target=none

[DEPOSIT] R3 deposited! Total: 31
  [TARGET] R3 → SITE (2.06, 1.97)
  [GIVE-UP] R2 returned empty after 624 searching steps
  [TARGET] R2 → WALL (-3.42, -2.45)

======================================================================
Step 28000 (14.9 min) | Pickups: 31 | Deposits: 31 | Rate: 2.08 tags/min | phero_entries=0 max_w=0.000
======================================================================
R1[WALL_ESC  ]: carry=0 | base=3.60 | wall=0.33 | search=1477 | target=none
R2[BASE_ESC  ]: carry=0 | base=0.22 | wall=3.33 | search=  0 | target=none
R3[SITE      ]: carry=0 | base=1.14 | wall=2.63 | search=  0 | target=site(2.06,1.97)
R4[GIVE_UP   ]: carry=0 | base=1.41 | wall=2.11 | search=2652 | target=none

BATCH_RESULT pickups=31 deposits=31
