=================================================================
CPFA BASELINE — ARGoS-calibrated parameters  (7×7m arena  64 tags)
  Params file                  = /home/sara/Documents/RL-FL-Foraging/controllers/cpfa_baseline/cpfa_params.yaml
  Results file                 = /home/sara/Documents/RL-FL-Foraging/controllers/cpfa_baseline/cpfa_baseline_7x7_results_20260811_120717_1.txt
  RateOfLayingPheromone        = 9.0
  RateOfSiteFidelity           = 2.29
  RateOfPheromoneDecay         = 0.1 /s  (lifetime ~69s)
  ProbabilityOfReturningToNest = 0.08 (every 5 sec → E[give-up] ~62s)
  UninformedSearchVariation    = 0.13 rad (7.4°)
  RateOfInformedSearchDecay    = 1.26 /waypoint
  ProbabilityOfSwitchingToSearching = 0.55 (every 5 sec in uninformed DEPARTING)
=================================================================


======================================================================
Step 500 (0.3 min) | Pickups: 0 | Deposits: 0 | Rate: 0.00 tags/min | phero_entries=0 max_w=0.000
======================================================================
R1[SEARCH    ]: carry=0 | base=1.06 | wall=2.55 | search=268 | target=none
R2[SEARCH    ]: carry=0 | base=1.63 | wall=1.98 | search=344 | target=none
R3[SEARCH    ]: carry=0 | base=1.65 | wall=1.91 | search=188 | target=none
R4[SEARCH    ]: carry=0 | base=2.08 | wall=1.93 | search=344 | target=none

[PICKUP] R2 picked up tag (density=16) | Total: 1

======================================================================
Step 1000 (0.5 min) | Pickups: 1 | Deposits: 0 | Rate: 0.00 tags/min | phero_entries=0 max_w=0.000
======================================================================
R1[SEARCH    ]: carry=0 | base=2.77 | wall=1.18 | search=768 | target=none
R2[RTB       ]: carry=1 | base=1.40 | wall=2.16 | search=  0 | target=none
R3[SEARCH    ]: carry=0 | base=3.15 | wall=0.36 | search=688 | target=none
R4[GIVE_UP   ]: carry=0 | base=1.49 | wall=2.42 | search=468 | target=none

[DEPOSIT] R2 deposited! Total: 1
  [PHERO] Laid at (0.46, -1.81) density=16 prob=0.99 entries=1
  [TARGET] R2 → SITE (0.46, -1.81)
  [GIVE-UP] R4 returned empty after 468 searching steps
  [TARGET] R4 → PHERO (0.46, -1.81)

======================================================================
Step 1500 (0.8 min) | Pickups: 1 | Deposits: 1 | Rate: 1.25 tags/min | phero_entries=1 max_w=0.527
======================================================================
R1[WALL_ESC  ]: carry=0 | base=3.93 | wall=0.33 | search=1268 | target=none
R2[SITE      ]: carry=0 | base=0.55 | wall=3.01 | search=  0 | target=site(0.46,-1.81)
R3[SEARCH    ]: carry=0 | base=3.15 | wall=0.36 | search=1188 | target=none
R4[PHERO     ]: carry=0 | base=0.38 | wall=3.19 | search=  0 | target=phero(0.46,-1.81)

[PICKUP] R2 picked up tag (density=15) | Total: 2
[PICKUP] R4 picked up tag (density=14) | Total: 3

======================================================================
Step 2000 (1.1 min) | Pickups: 3 | Deposits: 1 | Rate: 0.94 tags/min | phero_entries=1 max_w=0.106
======================================================================
R1[SEARCH    ]: carry=0 | base=3.93 | wall=0.37 | search=1768 | target=none
R2[SURVEY    ]: carry=1 | base=1.72 | wall=1.82 | search=  0 | target=none
R3[WALL_ESC  ]: carry=0 | base=3.17 | wall=0.35 | search=1688 | target=none
R4[SURVEY    ]: carry=1 | base=1.80 | wall=1.76 | search=  0 | target=none

[DEPOSIT] R2 deposited! Total: 2
  [PHERO] Laid at (0.42, -1.59) density=15 prob=0.98 entries=2
  [TARGET] R2 → SITE (0.42, -1.59)

======================================================================
Step 2500 (1.3 min) | Pickups: 3 | Deposits: 2 | Rate: 1.50 tags/min | phero_entries=2 max_w=0.855
======================================================================
R1[GIVE_UP   ]: carry=0 | base=3.11 | wall=1.03 | search=2028 | target=none
R2[BASE_ESC  ]: carry=0 | base=0.22 | wall=3.29 | search=  0 | target=site(0.42,-1.59)
R3[GIVE_UP   ]: carry=0 | base=2.56 | wall=0.94 | search=2028 | target=none
R4[RTB       ]: carry=1 | base=0.66 | wall=2.87 | search=  0 | target=none

[DEPOSIT] R4 deposited! Total: 3
  [PHERO] Laid at (0.46, -1.74) density=14 prob=0.96 entries=3
  [TARGET] R4 → SITE (0.46, -1.74)

======================================================================
Step 3000 (1.6 min) | Pickups: 3 | Deposits: 3 | Rate: 1.88 tags/min | phero_entries=3 max_w=0.286
======================================================================
R1[GIVE_UP   ]: carry=0 | base=1.19 | wall=2.56 | search=2028 | target=none
R2[SEARCH    ]: carry=0 | base=1.65 | wall=1.92 | search= 76 | target=site(0.42,-1.59)
R3[GIVE_UP   ]: carry=0 | base=0.64 | wall=2.86 | search=2028 | target=none
R4[SITE      ]: carry=0 | base=1.28 | wall=2.25 | search=  0 | target=site(0.46,-1.74)

  [GIVE-UP] R3 returned empty after 2028 searching steps
  [TARGET] R3 → PHERO (0.42, -1.59)
  [GIVE-UP] R1 returned empty after 2028 searching steps
  [TARGET] R1 → PHERO (0.42, -1.59)

======================================================================
Step 3500 (1.9 min) | Pickups: 3 | Deposits: 3 | Rate: 1.61 tags/min | phero_entries=2 max_w=0.058
======================================================================
R1[PHERO     ]: carry=0 | base=0.29 | wall=3.22 | search=  0 | target=phero(0.42,-1.59)
R2[SEARCH    ]: carry=0 | base=0.93 | wall=2.83 | search=576 | target=site(0.42,-1.59)
R3[PHERO     ]: carry=0 | base=1.12 | wall=2.45 | search=  0 | target=phero(0.42,-1.59)
R4[SEARCH    ]: carry=0 | base=1.09 | wall=2.41 | search=378 | target=site(0.46,-1.74)


======================================================================
Step 4000 (2.1 min) | Pickups: 3 | Deposits: 3 | Rate: 1.41 tags/min | phero_entries=2 max_w=0.012
======================================================================
R1[SEARCH    ]: carry=0 | base=1.67 | wall=1.90 | search= 82 | target=phero(0.42,-1.59)
R2[SEARCH    ]: carry=0 | base=2.21 | wall=1.30 | search=1076 | target=site(0.42,-1.59)
R3[SEARCH    ]: carry=0 | base=1.25 | wall=2.26 | search=374 | target=phero(0.42,-1.59)
R4[SEARCH    ]: carry=0 | base=0.67 | wall=2.98 | search=878 | target=site(0.46,-1.74)


======================================================================
Step 4500 (2.4 min) | Pickups: 3 | Deposits: 3 | Rate: 1.25 tags/min | phero_entries=2 max_w=0.002
======================================================================
R1[SEARCH    ]: carry=0 | base=2.12 | wall=1.60 | search=582 | target=phero(0.42,-1.59)
R2[SEARCH    ]: carry=0 | base=3.19 | wall=0.38 | search=1576 | target=site(0.42,-1.59)
R3[SEARCH    ]: carry=0 | base=1.50 | wall=2.06 | search=874 | target=phero(0.42,-1.59)
R4[SEARCH    ]: carry=0 | base=2.12 | wall=1.40 | search=1378 | target=site(0.46,-1.74)


======================================================================
Step 5000 (2.7 min) | Pickups: 3 | Deposits: 3 | Rate: 1.12 tags/min | phero_entries=0 max_w=0.000
======================================================================
R1[SEARCH    ]: carry=0 | base=2.86 | wall=0.67 | search=1082 | target=phero(0.42,-1.59)
R2[SEARCH    ]: carry=0 | base=3.20 | wall=0.38 | search=2076 | target=site(0.42,-1.59)
R3[SEARCH    ]: carry=0 | base=3.22 | wall=0.62 | search=1374 | target=phero(0.42,-1.59)
R4[WALL_ESC  ]: carry=0 | base=3.16 | wall=0.34 | search=1872 | target=none


======================================================================
Step 5500 (2.9 min) | Pickups: 3 | Deposits: 3 | Rate: 1.02 tags/min | phero_entries=0 max_w=0.000
======================================================================
R1[GIVE_UP   ]: carry=0 | base=1.21 | wall=2.31 | search=1092 | target=none
R2[SEARCH    ]: carry=0 | base=3.19 | wall=0.39 | search=2576 | target=site(0.42,-1.59)
R3[GIVE_UP   ]: carry=0 | base=2.49 | wall=1.34 | search=1560 | target=none
R4[GIVE_UP   ]: carry=0 | base=1.60 | wall=1.90 | search=1872 | target=none

  [GIVE-UP] R1 returned empty after 1092 searching steps
  [TARGET] R1 → WALL (-3.42, 1.37)
  [GIVE-UP] R4 returned empty after 1872 searching steps
  [TARGET] R4 → WALL (-3.42, 1.08)

======================================================================
Step 6000 (3.2 min) | Pickups: 3 | Deposits: 3 | Rate: 0.94 tags/min | phero_entries=0 max_w=0.000
======================================================================
R1[DEPART    ]: carry=0 | base=0.28 | wall=3.22 | search=  0 | target=none
R2[SEARCH    ]: carry=0 | base=3.19 | wall=0.39 | search=3076 | target=site(0.42,-1.59)
R3[GIVE_UP   ]: carry=0 | base=0.57 | wall=3.01 | search=1560 | target=none
R4[DEPART    ]: carry=0 | base=0.33 | wall=3.19 | search=  0 | target=none

  [GIVE-UP] R3 returned empty after 1560 searching steps
  [TARGET] R3 → WALL (0.80, 3.42)

======================================================================
Step 6500 (3.5 min) | Pickups: 3 | Deposits: 3 | Rate: 0.87 tags/min | phero_entries=0 max_w=0.000
======================================================================
R1[SEARCH    ]: carry=0 | base=1.93 | wall=2.12 | search=328 | target=none
R2[SEARCH    ]: carry=0 | base=3.19 | wall=0.39 | search=3576 | target=site(0.42,-1.59)
R3[DEPART    ]: carry=0 | base=0.88 | wall=2.62 | search=  0 | target=none
R4[SEARCH    ]: carry=0 | base=2.10 | wall=1.56 | search= 68 | target=none

[PICKUP] R1 picked up tag (density=16) | Total: 4

======================================================================
Step 7000 (3.7 min) | Pickups: 4 | Deposits: 3 | Rate: 0.80 tags/min | phero_entries=0 max_w=0.000
======================================================================
R1[RTB       ]: carry=1 | base=1.93 | wall=2.00 | search=  0 | target=none
R2[SEARCH    ]: carry=0 | base=3.19 | wall=0.39 | search=4076 | target=site(0.42,-1.59)
R3[SEARCH    ]: carry=0 | base=2.64 | wall=0.86 | search=340 | target=none
R4[WALL_ESC  ]: carry=0 | base=3.51 | wall=0.32 | search=568 | target=none

[DEPOSIT] R1 deposited! Total: 4
  [PHERO] Laid at (-1.56, 1.84) density=16 prob=0.99 entries=1
  [TARGET] R1 → SITE (-1.56, 1.84)

======================================================================
Step 7500 (4.0 min) | Pickups: 4 | Deposits: 4 | Rate: 1.00 tags/min | phero_entries=1 max_w=0.817
======================================================================
R1[BASE_ESC  ]: carry=0 | base=0.22 | wall=3.34 | search=  0 | target=site(-1.56,1.84)
R2[SEARCH    ]: carry=0 | base=3.19 | wall=0.38 | search=4576 | target=site(0.42,-1.59)
R3[GIVE_UP   ]: carry=0 | base=3.13 | wall=0.37 | search=780 | target=none
R4[WALL_ESC  ]: carry=0 | base=3.50 | wall=0.34 | search=1068 | target=none


======================================================================
Step 8000 (4.3 min) | Pickups: 4 | Deposits: 4 | Rate: 0.94 tags/min | phero_entries=1 max_w=0.165
======================================================================
R1[SITE      ]: carry=0 | base=1.94 | wall=2.04 | search=  0 | target=site(-1.56,1.84)
R2[SEARCH    ]: carry=0 | base=3.19 | wall=0.38 | search=5076 | target=site(0.42,-1.59)
R3[GIVE_UP   ]: carry=0 | base=1.24 | wall=2.26 | search=780 | target=none
R4[SEARCH    ]: carry=0 | base=3.49 | wall=0.35 | search=1568 | target=none

  [GIVE-UP] R3 returned empty after 780 searching steps
  [TARGET] R3 → PHERO (-1.56, 1.84)

======================================================================
Step 8500 (4.5 min) | Pickups: 4 | Deposits: 4 | Rate: 0.88 tags/min | phero_entries=1 max_w=0.033
======================================================================
R1[SEARCH    ]: carry=0 | base=1.62 | wall=2.14 | search=389 | target=site(-1.56,1.84)
R2[GIVE_UP   ]: carry=0 | base=1.73 | wall=1.80 | search=5148 | target=none
R3[PHERO     ]: carry=0 | base=0.55 | wall=2.96 | search=  0 | target=phero(-1.56,1.84)
R4[SEARCH    ]: carry=0 | base=3.48 | wall=0.36 | search=2068 | target=none

  [GIVE-UP] R2 returned empty after 5148 searching steps
  [TARGET] R2 → PHERO (-1.56, 1.84)

======================================================================
Step 9000 (4.8 min) | Pickups: 4 | Deposits: 4 | Rate: 0.83 tags/min | phero_entries=1 max_w=0.007
======================================================================
R1[BASE_ESC  ]: carry=0 | base=0.25 | wall=3.30 | search=889 | target=site(-1.56,1.84)
R2[PHERO     ]: carry=0 | base=0.26 | wall=3.24 | search=  0 | target=phero(-1.56,1.84)
R3[PHERO     ]: carry=0 | base=2.35 | wall=1.71 | search=  0 | target=phero(-1.56,1.84)
R4[WALL_ESC  ]: carry=0 | base=3.48 | wall=0.32 | search=2568 | target=none

[PICKUP] R3 picked up tag (density=15) | Total: 5
  [GIVE-UP] R1 returned empty after 1092 searching steps
  [TARGET] R1 → PHERO (-1.56, 1.84)

======================================================================
Step 9500 (5.1 min) | Pickups: 5 | Deposits: 4 | Rate: 0.79 tags/min | phero_entries=1 max_w=0.001
======================================================================
R1[PHERO     ]: carry=0 | base=0.31 | wall=3.23 | search=  0 | target=phero(-1.56,1.84)
R2[PHERO     ]: carry=0 | base=1.91 | wall=2.08 | search=  0 | target=phero(-1.56,1.84)
R3[RTB       ]: carry=1 | base=1.48 | wall=2.35 | search=  0 | target=none
R4[WALL_ESC  ]: carry=0 | base=3.48 | wall=0.34 | search=3068 | target=none

[DEPOSIT] R3 deposited! Total: 5
  [PHERO] Laid at (-1.55, 1.84) density=15 prob=0.98 entries=1
  [TARGET] R3 → SITE (-1.55, 1.84)
[PICKUP] R2 picked up tag (density=14) | Total: 6

======================================================================
Step 10000 (5.3 min) | Pickups: 6 | Deposits: 5 | Rate: 0.94 tags/min | phero_entries=1 max_w=0.562
======================================================================
R1[PHERO     ]: carry=0 | base=1.83 | wall=2.06 | search=  0 | target=phero(-1.56,1.84)
R2[SURVEY    ]: carry=1 | base=2.31 | wall=1.66 | search=  0 | target=none
R3[SITE      ]: carry=0 | base=0.49 | wall=3.13 | search=  0 | target=site(-1.55,1.84)
R4[GIVE_UP   ]: carry=0 | base=3.18 | wall=0.59 | search=3432 | target=none

[PICKUP] R1 picked up tag (density=13) | Total: 7

======================================================================
Step 10500 (5.6 min) | Pickups: 7 | Deposits: 5 | Rate: 0.89 tags/min | phero_entries=1 max_w=0.113
======================================================================
R1[RTB       ]: carry=1 | base=2.37 | wall=1.61 | search=  0 | target=none
R2[RTB       ]: carry=1 | base=0.79 | wall=2.86 | search=  0 | target=none
R3[SEARCH    ]: carry=0 | base=2.38 | wall=1.68 | search= 10 | target=site(-1.55,1.84)
R4[GIVE_UP   ]: carry=0 | base=1.26 | wall=2.35 | search=3432 | target=none

[DEPOSIT] R2 deposited! Total: 6
  [PHERO] Laid at (-1.40, 1.84) density=14 prob=0.96 entries=2
  [TARGET] R2 → SITE (-1.40, 1.84)
[PICKUP] R3 picked up tag (density=12) | Total: 8
  [GIVE-UP] R4 returned empty after 3432 searching steps
  [TARGET] R4 → PHERO (-1.40, 1.84)

======================================================================
Step 11000 (5.9 min) | Pickups: 8 | Deposits: 6 | Rate: 1.02 tags/min | phero_entries=2 max_w=0.318
======================================================================
R1[RTB       ]: carry=1 | base=0.52 | wall=3.08 | search=  0 | target=none
R2[SITE      ]: carry=0 | base=1.16 | wall=2.61 | search=  0 | target=site(-1.40,1.84)
R3[RTB       ]: carry=1 | base=2.28 | wall=1.62 | search=  0 | target=none
R4[PHERO     ]: carry=0 | base=0.66 | wall=3.01 | search=  0 | target=phero(-1.40,1.84)

[DEPOSIT] R1 deposited! Total: 7
  [PHERO] Laid at (-1.47, 1.91) density=13 prob=0.93 entries=3
  [TARGET] R1 → SITE (-1.47, 1.91)
[PICKUP] R2 picked up tag (density=11) | Total: 9

======================================================================
Step 11500 (6.1 min) | Pickups: 9 | Deposits: 7 | Rate: 1.14 tags/min | phero_entries=3 max_w=0.253
======================================================================
R1[SITE      ]: carry=0 | base=1.34 | wall=2.40 | search=  0 | target=site(-1.47,1.91)
R2[SURVEY    ]: carry=1 | base=2.36 | wall=1.54 | search=  0 | target=none
R3[RTB       ]: carry=1 | base=0.47 | wall=3.11 | search=  0 | target=none
R4[SEARCH    ]: carry=0 | base=2.31 | wall=1.70 | search= 83 | target=phero(-1.40,1.84)

[DEPOSIT] R3 deposited! Total: 8
  [PHERO] Laid at (-1.37, 1.92) density=12 prob=0.88 entries=4
  [TARGET] R3 → SITE (-1.37, 1.92)
[PICKUP] R1 picked up tag (density=10) | Total: 10

======================================================================
Step 12000 (6.4 min) | Pickups: 10 | Deposits: 8 | Rate: 1.25 tags/min | phero_entries=3 max_w=0.244
======================================================================
R1[SURVEY    ]: carry=1 | base=2.42 | wall=1.51 | search=  0 | target=none
R2[RTB       ]: carry=1 | base=1.43 | wall=2.28 | search=  0 | target=none
R3[SITE      ]: carry=0 | base=1.39 | wall=2.35 | search=  0 | target=site(-1.37,1.92)
R4[GIVE_UP   ]: carry=0 | base=1.15 | wall=2.38 | search=468 | target=none

  [GIVE-UP] R4 returned empty after 468 searching steps
  [TARGET] R4 → PHERO (-1.37, 1.92)
[DEPOSIT] R2 deposited! Total: 9
  [PHERO] Laid at (-1.32, 1.95) density=11 prob=0.80 entries=4
  [TARGET] R2 → SITE (-1.32, 1.95)

======================================================================
Step 12500 (6.7 min) | Pickups: 10 | Deposits: 9 | Rate: 1.35 tags/min | phero_entries=4 max_w=0.551
======================================================================
R1[RTB       ]: carry=1 | base=1.15 | wall=2.54 | search=  0 | target=none
R2[SITE      ]: carry=0 | base=0.50 | wall=3.03 | search=  0 | target=site(-1.32,1.95)
R3[SEARCH    ]: carry=0 | base=1.94 | wall=2.09 | search=257 | target=site(-1.37,1.92)
R4[PHERO     ]: carry=0 | base=0.72 | wall=2.83 | search=  0 | target=phero(-1.37,1.92)

[DEPOSIT] R1 deposited! Total: 10
  [PHERO] Laid at (-1.37, 1.99) density=10 prob=0.71 entries=5
  [TARGET] R1 → SITE (-1.37, 1.99)

======================================================================
Step 13000 (6.9 min) | Pickups: 10 | Deposits: 10 | Rate: 1.44 tags/min | phero_entries=4 max_w=0.427
======================================================================
R1[SITE      ]: carry=0 | base=0.81 | wall=2.88 | search=  0 | target=site(-1.37,1.99)
R2[SEARCH    ]: carry=0 | base=2.37 | wall=1.54 | search= 27 | target=site(-1.32,1.95)
R3[SEARCH    ]: carry=0 | base=0.90 | wall=2.65 | search=757 | target=site(-1.37,1.92)
R4[SEARCH    ]: carry=0 | base=2.37 | wall=1.60 | search= 78 | target=phero(-1.37,1.92)

  [GIVE-UP] R3 returned empty after 936 searching steps
  [TARGET] R3 → PHERO (-1.37, 1.99)
[PICKUP] R1 picked up tag (density=9) | Total: 11

======================================================================
Step 13500 (7.2 min) | Pickups: 11 | Deposits: 10 | Rate: 1.39 tags/min | phero_entries=3 max_w=0.086
======================================================================
R1[SURVEY    ]: carry=1 | base=2.41 | wall=1.51 | search=  0 | target=none
R2[SEARCH    ]: carry=0 | base=1.81 | wall=1.78 | search=527 | target=site(-1.32,1.95)
R3[PHERO     ]: carry=0 | base=0.26 | wall=3.25 | search=  0 | target=phero(-1.37,1.99)
R4[SEARCH    ]: carry=0 | base=1.42 | wall=2.09 | search=578 | target=phero(-1.37,1.92)


======================================================================
Step 14000 (7.5 min) | Pickups: 11 | Deposits: 10 | Rate: 1.34 tags/min | phero_entries=2 max_w=0.017
======================================================================
R1[RTB       ]: carry=1 | base=1.05 | wall=2.61 | search=  0 | target=none
R2[WALL_ESC  ]: carry=0 | base=3.17 | wall=0.34 | search=1027 | target=site(-1.32,1.95)
R3[PHERO     ]: carry=0 | base=1.35 | wall=2.47 | search=  0 | target=phero(-1.37,1.99)
R4[SEARCH    ]: carry=0 | base=1.58 | wall=2.09 | search=1078 | target=phero(-1.37,1.92)

[DEPOSIT] R1 deposited! Total: 11
  [PHERO] Laid at (-1.36, 1.99) density=9 prob=0.59 entries=3
  [TARGET] R1 → SITE (-1.36, 1.99)

======================================================================
Step 14500 (7.7 min) | Pickups: 11 | Deposits: 11 | Rate: 1.42 tags/min | phero_entries=2 max_w=0.395
======================================================================
R1[SITE      ]: carry=0 | base=0.90 | wall=2.71 | search=  0 | target=site(-1.36,1.99)
R2[GIVE_UP   ]: carry=0 | base=1.57 | wall=1.94 | search=1092 | target=none
R3[SEARCH    ]: carry=0 | base=2.33 | wall=1.50 | search=232 | target=phero(-1.37,1.99)
R4[SEARCH    ]: carry=0 | base=2.96 | wall=0.54 | search=1578 | target=phero(-1.37,1.92)

  [GIVE-UP] R2 returned empty after 1092 searching steps
  [TARGET] R2 → PHERO (-1.36, 1.99)

======================================================================
Step 15000 (8.0 min) | Pickups: 11 | Deposits: 11 | Rate: 1.38 tags/min | phero_entries=1 max_w=0.080
======================================================================
R1[SEARCH    ]: carry=0 | base=2.40 | wall=1.56 | search=118 | target=site(-1.36,1.99)
R2[PHERO     ]: carry=0 | base=0.29 | wall=3.23 | search=  0 | target=phero(-1.36,1.99)
R3[SEARCH    ]: carry=0 | base=3.27 | wall=0.39 | search=732 | target=phero(-1.37,1.99)
R4[SEARCH    ]: carry=0 | base=3.11 | wall=0.39 | search=2078 | target=phero(-1.37,1.92)


======================================================================
Step 15500 (8.3 min) | Pickups: 11 | Deposits: 11 | Rate: 1.33 tags/min | phero_entries=1 max_w=0.016
======================================================================
R1[SEARCH    ]: carry=0 | base=1.75 | wall=1.76 | search=618 | target=site(-1.36,1.99)
R2[PHERO     ]: carry=0 | base=1.91 | wall=1.96 | search=  0 | target=phero(-1.36,1.99)
R3[SEARCH    ]: carry=0 | base=3.26 | wall=0.39 | search=1232 | target=phero(-1.37,1.99)
R4[SEARCH    ]: carry=0 | base=3.11 | wall=0.39 | search=2578 | target=phero(-1.37,1.92)


======================================================================
Step 16000 (8.5 min) | Pickups: 11 | Deposits: 11 | Rate: 1.29 tags/min | phero_entries=1 max_w=0.003
======================================================================
R1[SEARCH    ]: carry=0 | base=3.10 | wall=0.96 | search=1118 | target=site(-1.36,1.99)
R2[GIVE_UP   ]: carry=0 | base=2.33 | wall=1.41 | search=312 | target=none
R3[SEARCH    ]: carry=0 | base=3.26 | wall=0.39 | search=1732 | target=phero(-1.37,1.99)
R4[SEARCH    ]: carry=0 | base=3.11 | wall=0.39 | search=3078 | target=phero(-1.37,1.92)


======================================================================
Step 16500 (8.8 min) | Pickups: 11 | Deposits: 11 | Rate: 1.25 tags/min | phero_entries=0 max_w=0.000
======================================================================
R1[GIVE_UP   ]: carry=0 | base=3.79 | wall=0.48 | search=1560 | target=none
R2[GIVE_UP   ]: carry=0 | base=0.45 | wall=3.10 | search=312 | target=none
R3[SEARCH    ]: carry=0 | base=3.25 | wall=0.40 | search=2232 | target=phero(-1.37,1.99)
R4[SEARCH    ]: carry=0 | base=3.11 | wall=0.39 | search=3578 | target=phero(-1.37,1.92)

  [GIVE-UP] R2 returned empty after 312 searching steps
  [TARGET] R2 → WALL (-1.17, -3.42)

======================================================================
Step 17000 (9.1 min) | Pickups: 11 | Deposits: 11 | Rate: 1.21 tags/min | phero_entries=0 max_w=0.000
======================================================================
R1[GIVE_UP   ]: carry=0 | base=1.89 | wall=2.00 | search=1560 | target=none
R2[SEARCH    ]: carry=0 | base=0.93 | wall=2.74 | search=181 | target=none
R3[SEARCH    ]: carry=0 | base=3.25 | wall=0.40 | search=2732 | target=phero(-1.37,1.99)
R4[SEARCH    ]: carry=0 | base=3.12 | wall=0.38 | search=4078 | target=phero(-1.37,1.92)

[PICKUP] R2 picked up tag (density=16) | Total: 12
  [GIVE-UP] R1 returned empty after 1560 searching steps
  [TARGET] R1 → WALL (0.83, 3.42)

======================================================================
Step 17500 (9.3 min) | Pickups: 12 | Deposits: 11 | Rate: 1.18 tags/min | phero_entries=0 max_w=0.000
======================================================================
R1[BASE_ESC  ]: carry=0 | base=0.22 | wall=3.34 | search=  0 | target=none
R2[SURVEY    ]: carry=1 | base=2.04 | wall=1.61 | search=  0 | target=none
R3[GIVE_UP   ]: carry=0 | base=2.91 | wall=0.71 | search=3120 | target=none
R4[SEARCH    ]: carry=0 | base=3.14 | wall=0.37 | search=4578 | target=phero(-1.37,1.92)


======================================================================
Step 18000 (9.6 min) | Pickups: 12 | Deposits: 11 | Rate: 1.15 tags/min | phero_entries=0 max_w=0.000
======================================================================
R1[SEARCH    ]: carry=0 | base=1.74 | wall=1.79 | search=151 | target=none
R2[RTB       ]: carry=1 | base=0.37 | wall=3.15 | search=  0 | target=none
R3[GIVE_UP   ]: carry=0 | base=0.99 | wall=2.55 | search=3120 | target=none
R4[GIVE_UP   ]: carry=0 | base=1.69 | wall=1.81 | search=4680 | target=none

[DEPOSIT] R2 deposited! Total: 12
  [PHERO] Laid at (-0.78, -1.88) density=16 prob=0.99 entries=1
  [TARGET] R2 → SITE (-0.78, -1.88)
  [GIVE-UP] R3 returned empty after 3120 searching steps
  [TARGET] R3 → PHERO (-0.78, -1.88)
  [GIVE-UP] R4 returned empty after 4680 searching steps
  [TARGET] R4 → PHERO (-0.78, -1.88)

======================================================================
Step 18500 (9.9 min) | Pickups: 12 | Deposits: 12 | Rate: 1.22 tags/min | phero_entries=1 max_w=0.224
======================================================================
R1[GIVE_UP   ]: carry=0 | base=2.05 | wall=1.51 | search=468 | target=none
R2[SITE      ]: carry=0 | base=1.56 | wall=2.04 | search=  0 | target=site(-0.78,-1.88)
R3[PHERO     ]: carry=0 | base=0.26 | wall=3.31 | search=  0 | target=phero(-0.78,-1.88)
R4[PHERO     ]: carry=0 | base=0.27 | wall=3.23 | search=  0 | target=phero(-0.78,-1.88)

[PICKUP] R2 picked up tag (density=15) | Total: 13
  [GIVE-UP] R1 returned empty after 468 searching steps
  [TARGET] R1 → PHERO (-0.78, -1.88)

======================================================================
Step 19000 (10.1 min) | Pickups: 13 | Deposits: 12 | Rate: 1.18 tags/min | phero_entries=1 max_w=0.045
======================================================================
R1[BASE_ESC  ]: carry=0 | base=0.22 | wall=3.28 | search=  0 | target=phero(-0.78,-1.88)
R2[RTB       ]: carry=1 | base=1.84 | wall=1.77 | search=  0 | target=none
R3[PHERO     ]: carry=0 | base=1.67 | wall=1.98 | search=  0 | target=phero(-0.78,-1.88)
R4[SEARCH    ]: carry=0 | base=2.00 | wall=1.65 | search= 15 | target=phero(-0.78,-1.88)

[PICKUP] R3 picked up tag (density=14) | Total: 14
[PICKUP] R4 picked up tag (density=13) | Total: 15
[DEPOSIT] R2 deposited! Total: 13
  [PHERO] Laid at (-0.81, -1.92) density=15 prob=0.98 entries=2
  [TARGET] R2 → SITE (-0.81, -1.92)

======================================================================
Step 19500 (10.4 min) | Pickups: 15 | Deposits: 13 | Rate: 1.25 tags/min | phero_entries=2 max_w=0.762
======================================================================
R1[PHERO     ]: carry=0 | base=0.60 | wall=3.06 | search=  0 | target=phero(-0.78,-1.88)
R2[BASE_ESC  ]: carry=0 | base=0.22 | wall=3.28 | search=  0 | target=site(-0.81,-1.92)
R3[RTB       ]: carry=1 | base=2.03 | wall=1.62 | search=  0 | target=none
R4[SURVEY    ]: carry=1 | base=2.12 | wall=1.63 | search=  0 | target=none

[DEPOSIT] R3 deposited! Total: 14
  [PHERO] Laid at (-0.85, -1.94) density=14 prob=0.96 entries=3
  [TARGET] R3 → SITE (-0.85, -1.94)

======================================================================
Step 20000 (10.7 min) | Pickups: 15 | Deposits: 14 | Rate: 1.31 tags/min | phero_entries=3 max_w=0.903
======================================================================
R1[SEARCH    ]: carry=0 | base=2.00 | wall=1.69 | search=117 | target=phero(-0.78,-1.88)
R2[SITE      ]: carry=0 | base=1.99 | wall=1.66 | search=  0 | target=site(-0.81,-1.92)
R3[BASE_ESC  ]: carry=0 | base=0.22 | wall=3.29 | search=  0 | target=site(-0.85,-1.94)
R4[RTB       ]: carry=1 | base=0.71 | wall=2.87 | search=  0 | target=none

[DEPOSIT] R4 deposited! Total: 15
  [PHERO] Laid at (-1.00, -1.87) density=13 prob=0.93 entries=4
  [TARGET] R4 → SITE (-1.00, -1.87)
[PICKUP] R2 picked up tag (density=12) | Total: 16
[PICKUP] R1 picked up tag (density=11) | Total: 17

======================================================================
Step 20500 (10.9 min) | Pickups: 17 | Deposits: 15 | Rate: 1.37 tags/min | phero_entries=3 max_w=0.296
======================================================================
R1[RTB       ]: carry=1 | base=1.91 | wall=1.78 | search=  0 | target=none
R2[RTB       ]: carry=1 | base=1.84 | wall=1.81 | search=  0 | target=none
R3[SITE      ]: carry=0 | base=1.77 | wall=1.88 | search=  0 | target=site(-0.85,-1.94)
R4[SITE      ]: carry=0 | base=1.24 | wall=2.38 | search=  0 | target=site(-1.00,-1.87)

[DEPOSIT] R2 deposited! Total: 16
  [PHERO] Laid at (-0.91, -1.95) density=12 prob=0.88 entries=4
  [TARGET] R2 → SITE (-0.91, -1.95)
[DEPOSIT] R1 deposited! Total: 17
  [PHERO] Laid at (-1.01, -1.89) density=11 prob=0.80 entries=5
  [TARGET] R1 → SITE (-1.01, -1.89)

======================================================================
Step 21000 (11.2 min) | Pickups: 17 | Deposits: 17 | Rate: 1.52 tags/min | phero_entries=5 max_w=0.938
======================================================================
R1[BASE_ESC  ]: carry=0 | base=0.23 | wall=3.30 | search=  0 | target=site(-1.01,-1.89)
R2[BASE_ESC  ]: carry=0 | base=0.21 | wall=3.30 | search=  0 | target=site(-0.91,-1.95)
R3[SEARCH    ]: carry=0 | base=1.64 | wall=2.24 | search=387 | target=site(-0.85,-1.94)
R4[SEARCH    ]: carry=0 | base=1.99 | wall=1.81 | search=263 | target=site(-1.00,-1.87)


======================================================================
Step 21500 (11.5 min) | Pickups: 17 | Deposits: 17 | Rate: 1.48 tags/min | phero_entries=5 max_w=0.189
======================================================================
R1[SITE      ]: carry=0 | base=1.80 | wall=1.92 | search=  0 | target=site(-1.01,-1.89)
R2[SITE      ]: carry=0 | base=1.95 | wall=1.73 | search=  0 | target=site(-0.91,-1.95)
R3[SEARCH    ]: carry=0 | base=1.32 | wall=2.26 | search=887 | target=site(-0.85,-1.94)
R4[SEARCH    ]: carry=0 | base=2.77 | wall=0.76 | search=763 | target=site(-1.00,-1.87)

[PICKUP] R2 picked up tag (density=10) | Total: 18

======================================================================
Step 22000 (11.7 min) | Pickups: 18 | Deposits: 17 | Rate: 1.45 tags/min | phero_entries=4 max_w=0.038
======================================================================
R1[SEARCH    ]: carry=0 | base=1.16 | wall=2.36 | search=424 | target=site(-1.01,-1.89)
R2[RTB       ]: carry=1 | base=1.49 | wall=2.12 | search=  0 | target=none
R3[GIVE_UP   ]: carry=0 | base=0.63 | wall=3.00 | search=1092 | target=none
R4[WALL_ESC  ]: carry=0 | base=3.17 | wall=0.35 | search=1263 | target=site(-1.00,-1.87)

  [GIVE-UP] R3 returned empty after 1092 searching steps
  [TARGET] R3 → PHERO (-1.01, -1.89)
[DEPOSIT] R2 deposited! Total: 18
  [TARGET] R2 → SITE (-0.91, -1.98)

======================================================================
Step 22500 (12.0 min) | Pickups: 18 | Deposits: 18 | Rate: 1.50 tags/min | phero_entries=2 max_w=0.008
======================================================================
R1[SEARCH    ]: carry=0 | base=1.38 | wall=2.19 | search=924 | target=site(-1.01,-1.89)
R2[SITE      ]: carry=0 | base=0.48 | wall=3.11 | search=  0 | target=site(-0.91,-1.98)
R3[PHERO     ]: carry=0 | base=0.60 | wall=3.05 | search=  0 | target=phero(-1.01,-1.89)
R4[GIVE_UP   ]: carry=0 | base=2.70 | wall=0.88 | search=1560 | target=none

[PICKUP] R3 picked up tag (density=9) | Total: 19

======================================================================
Step 23000 (12.3 min) | Pickups: 19 | Deposits: 18 | Rate: 1.47 tags/min | phero_entries=2 max_w=0.002
======================================================================
R1[SEARCH    ]: carry=0 | base=2.87 | wall=0.63 | search=1424 | target=site(-1.01,-1.89)
R2[SEARCH    ]: carry=0 | base=2.16 | wall=1.55 | search= 68 | target=site(-0.91,-1.98)
R3[SURVEY    ]: carry=1 | base=2.21 | wall=1.53 | search=  0 | target=none
R4[GIVE_UP   ]: carry=0 | base=0.78 | wall=2.74 | search=1560 | target=none

  [GIVE-UP] R4 returned empty after 1560 searching steps
  [TARGET] R4 → WALL (-3.42, 2.56)
[PICKUP] R2 picked up tag (density=8) | Total: 20

======================================================================
Step 23500 (12.5 min) | Pickups: 20 | Deposits: 18 | Rate: 1.44 tags/min | phero_entries=0 max_w=0.000
======================================================================
R1[GIVE_UP   ]: carry=0 | base=1.95 | wall=1.56 | search=1560 | target=none
R2[RTB       ]: carry=1 | base=2.10 | wall=1.60 | search=  0 | target=none
R3[RTB       ]: carry=1 | base=1.09 | wall=2.51 | search=  0 | target=none
R4[DEPART    ]: carry=0 | base=0.29 | wall=3.29 | search=  0 | target=none

[DEPOSIT] R3 deposited! Total: 19
  [TARGET] R3 → SITE (-1.00, -1.97)
  [GIVE-UP] R1 returned empty after 1560 searching steps
  [TARGET] R1 → WALL (-2.33, -3.42)
[DEPOSIT] R2 deposited! Total: 20
  [TARGET] R2 → SITE (-1.04, -2.03)

======================================================================
Step 24000 (12.8 min) | Pickups: 20 | Deposits: 20 | Rate: 1.56 tags/min | phero_entries=0 max_w=0.000
======================================================================
R1[BASE_ESC  ]: carry=0 | base=0.22 | wall=3.28 | search=  0 | target=none
R2[BASE_ESC  ]: carry=0 | base=0.23 | wall=3.29 | search=  0 | target=site(-1.04,-2.03)
R3[SITE      ]: carry=0 | base=0.85 | wall=2.71 | search=  0 | target=site(-1.00,-1.97)
R4[SEARCH    ]: carry=0 | base=1.37 | wall=2.25 | search=400 | target=none


======================================================================
Step 24500 (13.1 min) | Pickups: 20 | Deposits: 20 | Rate: 1.53 tags/min | phero_entries=0 max_w=0.000
======================================================================
R1[SEARCH    ]: carry=0 | base=1.36 | wall=2.26 | search=291 | target=none
R2[SITE      ]: carry=0 | base=1.76 | wall=1.92 | search=  0 | target=site(-1.04,-2.03)
R3[SEARCH    ]: carry=0 | base=2.12 | wall=1.57 | search=159 | target=site(-1.00,-1.97)
R4[SEARCH    ]: carry=0 | base=2.07 | wall=1.64 | search=900 | target=none

[PICKUP] R1 picked up tag (density=7) | Total: 21

======================================================================
Step 25000 (13.3 min) | Pickups: 21 | Deposits: 20 | Rate: 1.50 tags/min | phero_entries=0 max_w=0.000
======================================================================
R1[RTB       ]: carry=1 | base=2.19 | wall=1.50 | search=  0 | target=none
R2[SEARCH    ]: carry=0 | base=2.66 | wall=1.16 | search=348 | target=site(-1.04,-2.03)
R3[SEARCH    ]: carry=0 | base=2.81 | wall=1.11 | search=659 | target=site(-1.00,-1.97)
R4[WALL_ESC  ]: carry=0 | base=3.41 | wall=0.33 | search=1400 | target=none

[PICKUP] R2 picked up tag (density=16) | Total: 22

======================================================================
Step 25500 (13.6 min) | Pickups: 22 | Deposits: 20 | Rate: 1.47 tags/min | phero_entries=0 max_w=0.000
======================================================================
R1[RTB       ]: carry=1 | base=0.29 | wall=3.23 | search=  0 | target=none
R2[RTB       ]: carry=1 | base=2.75 | wall=1.05 | search=  0 | target=none
R3[WALL_ESC  ]: carry=0 | base=3.17 | wall=0.35 | search=1159 | target=site(-1.00,-1.97)
R4[GIVE_UP   ]: carry=0 | base=2.72 | wall=1.01 | search=1716 | target=none

[DEPOSIT] R1 deposited! Total: 21
  [TARGET] R1 → SITE (-0.95, -2.02)

======================================================================
Step 26000 (13.9 min) | Pickups: 22 | Deposits: 21 | Rate: 1.51 tags/min | phero_entries=0 max_w=0.000
======================================================================
R1[SITE      ]: carry=0 | base=1.66 | wall=1.99 | search=  0 | target=site(-0.95,-2.02)
R2[RTB       ]: carry=1 | base=0.83 | wall=2.76 | search=  0 | target=none
R3[SEARCH    ]: carry=0 | base=3.17 | wall=0.37 | search=1659 | target=site(-1.00,-1.97)
R4[GIVE_UP   ]: carry=0 | base=0.80 | wall=2.77 | search=1716 | target=none

  [GIVE-UP] R4 returned empty after 1716 searching steps
  [TARGET] R4 → WALL (3.42, -0.39)
[DEPOSIT] R2 deposited! Total: 22
  [PHERO] Laid at (-1.49, -2.78) density=16 prob=0.99 entries=1
  [TARGET] R2 → SITE (-1.49, -2.78)

======================================================================
Step 26500 (14.1 min) | Pickups: 22 | Deposits: 22 | Rate: 1.56 tags/min | phero_entries=1 max_w=0.327
======================================================================
R1[SEARCH    ]: carry=0 | base=2.50 | wall=1.32 | search=363 | target=site(-0.95,-2.02)
R2[SITE      ]: carry=0 | base=1.12 | wall=2.54 | search=  0 | target=site(-1.49,-2.78)
R3[GIVE_UP   ]: carry=0 | base=2.48 | wall=1.20 | search=1872 | target=none
R4[SEARCH    ]: carry=0 | base=0.72 | wall=2.81 | search= 89 | target=none

[PICKUP] R2 picked up tag (density=6) | Total: 23

======================================================================
Step 27000 (14.4 min) | Pickups: 23 | Deposits: 22 | Rate: 1.53 tags/min | phero_entries=1 max_w=0.066
======================================================================
R1[SEARCH    ]: carry=0 | base=3.43 | wall=0.40 | search=863 | target=site(-0.95,-2.02)
R2[SURVEY    ]: carry=1 | base=2.42 | wall=1.38 | search=  0 | target=none
R3[GIVE_UP   ]: carry=0 | base=0.56 | wall=2.98 | search=1872 | target=none
R4[SEARCH    ]: carry=0 | base=2.40 | wall=1.10 | search=589 | target=none

  [GIVE-UP] R3 returned empty after 1872 searching steps
  [TARGET] R3 → PHERO (-1.49, -2.78)

======================================================================
Step 27500 (14.7 min) | Pickups: 23 | Deposits: 22 | Rate: 1.50 tags/min | phero_entries=1 max_w=0.013
======================================================================
R1[SEARCH    ]: carry=0 | base=3.43 | wall=0.40 | search=1363 | target=site(-0.95,-2.02)
R2[RTB       ]: carry=1 | base=0.80 | wall=2.79 | search=  0 | target=none
R3[PHERO     ]: carry=0 | base=1.21 | wall=2.54 | search=  0 | target=phero(-1.49,-2.78)
R4[SEARCH    ]: carry=0 | base=3.32 | wall=0.36 | search=1089 | target=none

[DEPOSIT] R2 deposited! Total: 23
  [TARGET] R2 → SITE (-1.16, -2.12)

======================================================================
Step 28000 (14.9 min) | Pickups: 23 | Deposits: 23 | Rate: 1.54 tags/min | phero_entries=1 max_w=0.003
======================================================================
R1[SEARCH    ]: carry=0 | base=3.43 | wall=0.40 | search=1863 | target=site(-0.95,-2.02)
R2[SITE      ]: carry=0 | base=1.15 | wall=2.52 | search=  0 | target=site(-1.16,-2.12)
R3[PHERO     ]: carry=0 | base=3.10 | wall=0.77 | search=  0 | target=phero(-1.49,-2.78)
R4[SEARCH    ]: carry=0 | base=3.29 | wall=0.38 | search=1589 | target=none

[PICKUP] R3 picked up tag (density=15) | Total: 24
[PICKUP] R1 picked up tag (density=14) | Total: 25
BATCH_RESULT pickups=25 deposits=23
