=================================================================
CPFA BASELINE — ARGoS-calibrated parameters
  Params file                  = /home/sara/Documents/RL-FL-Foraging/cpfa_tuning_20260715_140546/trial_008/params.yaml
  Results file                 = /home/sara/Documents/RL-FL-Foraging/controllers/cpfa_baseline/results/cpfa_baseline_results_20260715_141959_2.txt
  RateOfLayingPheromone        = 1.3782737322674024
  RateOfSiteFidelity           = 3.6826214072757373
  RateOfPheromoneDecay         = 0.06658039668800306 /s  (lifetime ~104s)
  ProbabilityOfReturningToNest = 0.10106573123132738 (every 5 sec → E[give-up] ~49s)
  UninformedSearchVariation    = 2.10 rad (120.6°)
  RateOfInformedSearchDecay    = 1.3894401843910353 /waypoint
  ProbabilityOfSwitchingToSearching = 0.5026121994581171 (every 5 sec in uninformed DEPARTING)
=================================================================

[PICKUP] R1 picked up tag (density=14) | Total: 1
[DEPOSIT] R1 deposited! Total: 1
  [PHERO] Laid at (-0.50, 0.00) density=14 prob=1.00 entries=1
  [TARGET] R1 → SITE (-0.50, 0.00)
[PICKUP] R4 picked up tag (density=8) | Total: 2
[PICKUP] R1 picked up tag (density=10) | Total: 3

======================================================================
Step 500 (0.3 min) | Pickups: 3 | Deposits: 1 | Rate: 3.75 tags/min | phero_entries=1 max_w=0.575
======================================================================
R1[SURVEY    ]: carry=1 | base=0.42 | wall=2.09 | search=  0 | target=none
R2[SEARCH    ]: carry=0 | base=0.96 | wall=1.58 | search=344 | target=none
R3[DEPART    ]: carry=0 | base=0.33 | wall=2.25 | search=  0 | target=none
R4[RTB       ]: carry=1 | base=0.40 | wall=2.13 | search=  0 | target=none

[DEPOSIT] R4 deposited! Total: 2
  [PHERO] Laid at (-0.43, -0.15) density=8 prob=1.00 entries=2
  [TARGET] R4 → SITE (-0.43, -0.15)
[DEPOSIT] R1 deposited! Total: 3
  [PHERO] Laid at (-0.41, -0.06) density=10 prob=1.00 entries=3
  [TARGET] R1 → SITE (-0.41, -0.06)

======================================================================
Step 1000 (0.5 min) | Pickups: 3 | Deposits: 3 | Rate: 5.62 tags/min | phero_entries=3 max_w=0.538
======================================================================
R1[SEARCH    ]: carry=0 | base=0.43 | wall=2.07 | search=104 | target=site(-0.41,-0.06)
R2[GIVE_UP   ]: carry=0 | base=1.08 | wall=1.54 | search=780 | target=none
R3[SEARCH    ]: carry=0 | base=1.86 | wall=0.64 | search= 78 | target=none
R4[SEARCH    ]: carry=0 | base=0.56 | wall=2.01 | search=263 | target=site(-0.43,-0.15)

  [GIVE-UP] R2 returned empty after 780 searching steps
  [TARGET] R2 → PHERO (-0.41, -0.06)
  [GIVE-UP] R3 returned empty after 156 searching steps
  [TARGET] R3 → PHERO (-0.43, -0.15)

======================================================================
Step 1500 (0.8 min) | Pickups: 3 | Deposits: 3 | Rate: 3.75 tags/min | phero_entries=3 max_w=0.185
======================================================================
R1[SEARCH    ]: carry=0 | base=0.27 | wall=2.29 | search=604 | target=site(-0.41,-0.06)
R2[BASE_ESC  ]: carry=0 | base=0.24 | wall=2.26 | search=  0 | target=phero(-0.41,-0.06)
R3[BASE_ESC  ]: carry=0 | base=0.23 | wall=2.27 | search=  0 | target=phero(-0.43,-0.15)
R4[SEARCH    ]: carry=0 | base=0.77 | wall=1.87 | search=763 | target=site(-0.43,-0.15)

  [GIVE-UP] R1 returned empty after 936 searching steps
  [TARGET] R1 → PHERO (-0.41, -0.06)

======================================================================
Step 2000 (1.1 min) | Pickups: 3 | Deposits: 3 | Rate: 2.81 tags/min | phero_entries=3 max_w=0.064
======================================================================
R1[BASE_ESC  ]: carry=0 | base=0.23 | wall=2.29 | search=  0 | target=phero(-0.41,-0.06)
R2[SEARCH    ]: carry=0 | base=0.45 | wall=2.06 | search= 56 | target=phero(-0.41,-0.06)
R3[SEARCH    ]: carry=0 | base=0.43 | wall=2.11 | search=302 | target=phero(-0.43,-0.15)
R4[SEARCH    ]: carry=0 | base=0.78 | wall=1.80 | search=1263 | target=site(-0.43,-0.15)

  [GIVE-UP] R3 returned empty after 312 searching steps
  [TARGET] R3 → PHERO (-0.50, 0.00)
[PICKUP] R4 picked up tag (density=3) | Total: 4
[PICKUP] R3 picked up tag (density=11) | Total: 5

======================================================================
Step 2500 (1.3 min) | Pickups: 5 | Deposits: 3 | Rate: 2.25 tags/min | phero_entries=3 max_w=0.022
======================================================================
R1[SEARCH    ]: carry=0 | base=0.51 | wall=2.09 | search=300 | target=phero(-0.41,-0.06)
R2[SEARCH    ]: carry=0 | base=0.50 | wall=2.05 | search=556 | target=phero(-0.41,-0.06)
R3[SURVEY    ]: carry=1 | base=0.45 | wall=2.05 | search=  0 | target=none
R4[RTB       ]: carry=1 | base=0.37 | wall=2.15 | search=  0 | target=none

[DEPOSIT] R4 deposited! Total: 4
  [PHERO] Laid at (-0.64, -0.18) density=3 prob=0.95 entries=4
  [TARGET] R4 → PHERO (-0.64, -0.18)
[DEPOSIT] R3 deposited! Total: 5
  [PHERO] Laid at (-0.45, 0.03) density=11 prob=1.00 entries=5
  [TARGET] R3 → SITE (-0.45, 0.03)
[PICKUP] R3 picked up tag (density=8) | Total: 6

======================================================================
Step 3000 (1.6 min) | Pickups: 6 | Deposits: 5 | Rate: 3.12 tags/min | phero_entries=5 max_w=0.457
======================================================================
R1[SEARCH    ]: carry=0 | base=0.47 | wall=2.04 | search=800 | target=phero(-0.41,-0.06)
R2[SEARCH    ]: carry=0 | base=0.71 | wall=1.91 | search=1056 | target=phero(-0.41,-0.06)
R3[SURVEY    ]: carry=1 | base=0.54 | wall=1.96 | search=  0 | target=none
R4[SEARCH    ]: carry=0 | base=0.63 | wall=1.88 | search=191 | target=phero(-0.64,-0.18)

[DEPOSIT] R3 deposited! Total: 6
  [PHERO] Laid at (-0.54, -0.02) density=8 prob=1.00 entries=6
  [TARGET] R3 → SITE (-0.54, -0.02)

======================================================================
Step 3500 (1.9 min) | Pickups: 6 | Deposits: 6 | Rate: 3.21 tags/min | phero_entries=5 max_w=0.638
======================================================================
R1[SEARCH    ]: carry=0 | base=0.29 | wall=2.24 | search=1300 | target=phero(-0.41,-0.06)
R2[SEARCH    ]: carry=0 | base=0.77 | wall=1.83 | search=1556 | target=phero(-0.41,-0.06)
R3[SEARCH    ]: carry=0 | base=0.52 | wall=1.98 | search=  7 | target=site(-0.54,-0.02)
R4[SEARCH    ]: carry=0 | base=0.63 | wall=1.95 | search=691 | target=phero(-0.64,-0.18)


======================================================================
Step 4000 (2.1 min) | Pickups: 6 | Deposits: 6 | Rate: 2.81 tags/min | phero_entries=3 max_w=0.220
======================================================================
R1[BASE_ESC  ]: carry=0 | base=0.24 | wall=2.29 | search=1800 | target=phero(-0.41,-0.06)
R2[GIVE_UP   ]: carry=0 | base=0.70 | wall=1.90 | search=2028 | target=none
R3[SEARCH    ]: carry=0 | base=0.51 | wall=2.00 | search=507 | target=site(-0.54,-0.02)
R4[SEARCH    ]: carry=0 | base=0.59 | wall=2.00 | search=1191 | target=phero(-0.64,-0.18)

  [GIVE-UP] R2 returned empty after 2028 searching steps
  [TARGET] R2 → PHERO (-0.54, -0.02)

======================================================================
Step 4500 (2.4 min) | Pickups: 6 | Deposits: 6 | Rate: 2.50 tags/min | phero_entries=3 max_w=0.076
======================================================================
R1[SEARCH    ]: carry=0 | base=0.27 | wall=2.23 | search=2300 | target=phero(-0.41,-0.06)
R2[SEARCH    ]: carry=0 | base=0.57 | wall=1.93 | search= 50 | target=phero(-0.54,-0.02)
R3[SEARCH    ]: carry=0 | base=0.59 | wall=1.96 | search=1007 | target=site(-0.54,-0.02)
R4[SEARCH    ]: carry=0 | base=0.47 | wall=2.10 | search=1691 | target=phero(-0.64,-0.18)

  [GIVE-UP] R1 returned empty after 2340 searching steps
  [TARGET] R1 → PHERO (-0.64, -0.18)
  [GIVE-UP] R4 returned empty after 1716 searching steps
  [TARGET] R4 → PHERO (-0.45, 0.03)
  [GIVE-UP] R2 returned empty after 312 searching steps
  [TARGET] R2 → PHERO (-0.54, -0.02)

======================================================================
Step 5000 (2.7 min) | Pickups: 6 | Deposits: 6 | Rate: 2.25 tags/min | phero_entries=3 max_w=0.026
======================================================================
R1[SEARCH    ]: carry=0 | base=0.67 | wall=1.88 | search=108 | target=phero(-0.64,-0.18)
R2[BASE_ESC  ]: carry=0 | base=0.24 | wall=2.26 | search=  0 | target=phero(-0.54,-0.02)
R3[BASE_ESC  ]: carry=0 | base=0.17 | wall=2.33 | search=1507 | target=site(-0.54,-0.02)
R4[SEARCH    ]: carry=0 | base=0.47 | wall=2.03 | search= 36 | target=phero(-0.45,0.03)


======================================================================
Step 5500 (2.9 min) | Pickups: 6 | Deposits: 6 | Rate: 2.05 tags/min | phero_entries=3 max_w=0.009
======================================================================
R1[SEARCH    ]: carry=0 | base=0.55 | wall=2.00 | search=608 | target=phero(-0.64,-0.18)
R2[SEARCH    ]: carry=0 | base=0.47 | wall=2.04 | search=297 | target=phero(-0.54,-0.02)
R3[SEARCH    ]: carry=0 | base=0.40 | wall=2.14 | search=2007 | target=site(-0.54,-0.02)
R4[SEARCH    ]: carry=0 | base=0.68 | wall=1.82 | search=536 | target=phero(-0.45,0.03)

  [GIVE-UP] R1 returned empty after 780 searching steps
  [TARGET] R1 → PHERO (-0.54, -0.02)

======================================================================
Step 6000 (3.2 min) | Pickups: 6 | Deposits: 6 | Rate: 1.88 tags/min | phero_entries=1 max_w=0.003
======================================================================
R1[PHERO     ]: carry=0 | base=0.50 | wall=2.01 | search=  0 | target=phero(-0.54,-0.02)
R2[SEARCH    ]: carry=0 | base=0.30 | wall=2.20 | search=797 | target=phero(-0.54,-0.02)
R3[SEARCH    ]: carry=0 | base=0.56 | wall=1.97 | search=2507 | target=site(-0.54,-0.02)
R4[SEARCH    ]: carry=0 | base=0.69 | wall=1.81 | search=1036 | target=phero(-0.45,0.03)

  [GIVE-UP] R2 returned empty after 936 searching steps
  [TARGET] R2 → PHERO (-0.54, -0.02)

======================================================================
Step 6500 (3.5 min) | Pickups: 6 | Deposits: 6 | Rate: 1.73 tags/min | phero_entries=1 max_w=0.001
======================================================================
R1[SEARCH    ]: carry=0 | base=0.52 | wall=1.98 | search=497 | target=phero(-0.54,-0.02)
R2[SEARCH    ]: carry=0 | base=0.53 | wall=1.98 | search=  7 | target=phero(-0.54,-0.02)
R3[SEARCH    ]: carry=0 | base=0.55 | wall=1.95 | search=3007 | target=site(-0.54,-0.02)
R4[SEARCH    ]: carry=0 | base=1.01 | wall=1.50 | search=1536 | target=phero(-0.45,0.03)

  [GIVE-UP] R3 returned empty after 3276 searching steps
  [TARGET] R3 → WALL (-2.42, -0.18)

======================================================================
Step 7000 (3.7 min) | Pickups: 6 | Deposits: 6 | Rate: 1.61 tags/min | phero_entries=0 max_w=0.000
======================================================================
R1[SEARCH    ]: carry=0 | base=0.42 | wall=2.09 | search=997 | target=phero(-0.54,-0.02)
R2[GIVE_UP   ]: carry=0 | base=0.37 | wall=2.15 | search=468 | target=none
R3[DEPART    ]: carry=0 | base=0.28 | wall=2.26 | search=  0 | target=none
R4[GIVE_UP   ]: carry=0 | base=1.07 | wall=1.44 | search=2028 | target=none

[PICKUP] R3 picked up tag (density=9) | Total: 7
  [GIVE-UP] R2 returned empty after 468 searching steps
  [TARGET] R2 → WALL (0.70, -2.42)
  [GIVE-UP] R4 returned empty after 2028 searching steps
  [TARGET] R4 → WALL (-2.42, -1.06)
[DEPOSIT] R3 deposited! Total: 7
  [PHERO] Laid at (-0.29, 0.16) density=9 prob=1.00 entries=1
  [TARGET] R3 → SITE (-0.29, 0.16)
[PICKUP] R3 picked up tag (density=8) | Total: 8

======================================================================
Step 7500 (4.0 min) | Pickups: 8 | Deposits: 7 | Rate: 1.75 tags/min | phero_entries=1 max_w=0.646
======================================================================
R1[SEARCH    ]: carry=0 | base=0.26 | wall=2.28 | search=1497 | target=phero(-0.54,-0.02)
R2[DEPART    ]: carry=0 | base=0.73 | wall=1.77 | search=  0 | target=none
R3[SURVEY    ]: carry=1 | base=0.35 | wall=2.22 | search=  0 | target=none
R4[DEPART    ]: carry=0 | base=0.62 | wall=1.90 | search=  0 | target=none

[DEPOSIT] R3 deposited! Total: 8
  [PHERO] Laid at (-0.28, 0.21) density=8 prob=1.00 entries=2
  [TARGET] R3 → SITE (-0.28, 0.21)
[PICKUP] R3 picked up tag (density=7) | Total: 9

======================================================================
Step 8000 (4.3 min) | Pickups: 9 | Deposits: 8 | Rate: 1.88 tags/min | phero_entries=2 max_w=0.628
======================================================================
R1[SEARCH    ]: carry=0 | base=0.35 | wall=2.18 | search=1997 | target=phero(-0.54,-0.02)
R2[SEARCH    ]: carry=0 | base=0.94 | wall=1.56 | search=469 | target=none
R3[SURVEY    ]: carry=1 | base=0.35 | wall=2.24 | search=  0 | target=none
R4[SEARCH    ]: carry=0 | base=1.35 | wall=1.20 | search=304 | target=none

[DEPOSIT] R3 deposited! Total: 9
  [PHERO] Laid at (-0.24, 0.26) density=7 prob=1.00 entries=3
  [TARGET] R3 → SITE (-0.24, 0.26)
  [GIVE-UP] R4 returned empty after 312 searching steps
  [TARGET] R4 → PHERO (-0.24, 0.26)

======================================================================
Step 8500 (4.5 min) | Pickups: 9 | Deposits: 9 | Rate: 1.99 tags/min | phero_entries=3 max_w=0.613
======================================================================
R1[SEARCH    ]: carry=0 | base=0.57 | wall=1.94 | search=2497 | target=phero(-0.54,-0.02)
R2[SEARCH    ]: carry=0 | base=1.01 | wall=1.50 | search=969 | target=none
R3[SEARCH    ]: carry=0 | base=0.39 | wall=2.20 | search= 34 | target=site(-0.24,0.26)
R4[BASE_ESC  ]: carry=0 | base=0.22 | wall=2.29 | search=  0 | target=phero(-0.24,0.26)

[PICKUP] R3 picked up tag (density=6) | Total: 10
[DEPOSIT] R3 deposited! Total: 10
  [PHERO] Laid at (-0.26, 0.31) density=6 prob=1.00 entries=4
  [TARGET] R3 → SITE (-0.26, 0.31)

======================================================================
Step 9000 (4.8 min) | Pickups: 10 | Deposits: 10 | Rate: 2.08 tags/min | phero_entries=4 max_w=0.664
======================================================================
R1[SEARCH    ]: carry=0 | base=0.73 | wall=1.78 | search=2997 | target=phero(-0.54,-0.02)
R2[SEARCH    ]: carry=0 | base=1.22 | wall=1.32 | search=1469 | target=none
R3[SITE      ]: carry=0 | base=0.39 | wall=2.16 | search=  0 | target=site(-0.26,0.31)
R4[SEARCH    ]: carry=0 | base=0.45 | wall=2.08 | search=290 | target=phero(-0.24,0.26)

[PICKUP] R4 picked up tag (density=5) | Total: 11
[PICKUP] R3 picked up tag (density=4) | Total: 12
[DEPOSIT] R4 deposited! Total: 11
  [PHERO] Laid at (-0.42, 0.17) density=5 prob=1.00 entries=5
  [TARGET] R4 → SITE (-0.42, 0.17)
[DEPOSIT] R3 deposited! Total: 12
  [PHERO] Laid at (-0.24, 0.34) density=4 prob=0.99 entries=6
  [TARGET] R3 → SITE (-0.24, 0.34)
  [GIVE-UP] R1 returned empty after 3276 searching steps
  [TARGET] R1 → PHERO (-0.42, 0.17)

======================================================================
Step 9500 (5.1 min) | Pickups: 12 | Deposits: 12 | Rate: 2.37 tags/min | phero_entries=6 max_w=0.720
======================================================================
R1[BASE_ESC  ]: carry=0 | base=0.22 | wall=2.30 | search=  0 | target=phero(-0.42,0.17)
R2[SEARCH    ]: carry=0 | base=1.10 | wall=1.42 | search=1969 | target=none
R3[SITE      ]: carry=0 | base=0.31 | wall=2.20 | search=  0 | target=site(-0.24,0.34)
R4[SEARCH    ]: carry=0 | base=0.44 | wall=2.10 | search= 32 | target=site(-0.42,0.17)

[PICKUP] R3 picked up tag (density=3) | Total: 13
[DEPOSIT] R3 deposited! Total: 13
  [PHERO] Laid at (-0.26, 0.40) density=3 prob=0.95 entries=7
  [TARGET] R3 → SITE (-0.26, 0.40)

======================================================================
Step 10000 (5.3 min) | Pickups: 13 | Deposits: 13 | Rate: 2.44 tags/min | phero_entries=7 max_w=0.878
======================================================================
R1[SEARCH    ]: carry=0 | base=0.32 | wall=2.22 | search=277 | target=phero(-0.42,0.17)
R2[GIVE_UP   ]: carry=0 | base=0.96 | wall=1.56 | search=2340 | target=none
R3[BASE_ESC  ]: carry=0 | base=0.22 | wall=2.29 | search=  0 | target=site(-0.26,0.40)
R4[SEARCH    ]: carry=0 | base=0.30 | wall=2.21 | search=532 | target=site(-0.42,0.17)

  [GIVE-UP] R2 returned empty after 2340 searching steps
  [TARGET] R2 → PHERO (-0.42, 0.17)
  [GIVE-UP] R3 returned empty after 156 searching steps
  [TARGET] R3 → PHERO (-0.26, 0.40)

======================================================================
Step 10500 (5.6 min) | Pickups: 13 | Deposits: 13 | Rate: 2.32 tags/min | phero_entries=7 max_w=0.303
======================================================================
R1[SEARCH    ]: carry=0 | base=0.51 | wall=1.99 | search=777 | target=phero(-0.42,0.17)
R2[SEARCH    ]: carry=0 | base=0.48 | wall=2.05 | search= 35 | target=phero(-0.42,0.17)
R3[BASE_ESC  ]: carry=0 | base=0.22 | wall=2.28 | search=  0 | target=phero(-0.26,0.40)
R4[SEARCH    ]: carry=0 | base=0.38 | wall=2.21 | search=1032 | target=site(-0.42,0.17)

[PICKUP] R4 picked up tag (density=2) | Total: 14
  [GIVE-UP] R1 returned empty after 780 searching steps
  [TARGET] R1 → PHERO (-0.42, 0.17)
[PICKUP] R3 picked up tag (density=1) | Total: 15
[DEPOSIT] R4 deposited! Total: 14
  [TARGET] R4 → SITE (-0.35, 0.29)

======================================================================
Step 11000 (5.9 min) | Pickups: 15 | Deposits: 14 | Rate: 2.39 tags/min | phero_entries=6 max_w=0.104
======================================================================
R1[SEARCH    ]: carry=0 | base=0.30 | wall=2.22 | search=217 | target=phero(-0.42,0.17)
R2[SEARCH    ]: carry=0 | base=0.46 | wall=2.11 | search=535 | target=phero(-0.42,0.17)
R3[RTB       ]: carry=1 | base=0.55 | wall=2.03 | search=  0 | target=none
R4[SITE      ]: carry=0 | base=0.35 | wall=2.20 | search=  0 | target=site(-0.35,0.29)

[DEPOSIT] R3 deposited! Total: 15
  [TARGET] R3 → PHERO (-0.26, 0.31)
  [GIVE-UP] R2 returned empty after 780 searching steps
  [TARGET] R2 → PHERO (-0.26, 0.40)

======================================================================
Step 11500 (6.1 min) | Pickups: 15 | Deposits: 15 | Rate: 2.45 tags/min | phero_entries=5 max_w=0.036
======================================================================
R1[SEARCH    ]: carry=0 | base=0.28 | wall=2.24 | search=717 | target=phero(-0.42,0.17)
R2[PHERO     ]: carry=0 | base=0.28 | wall=2.22 | search=  0 | target=phero(-0.26,0.40)
R3[SEARCH    ]: carry=0 | base=0.36 | wall=2.18 | search=198 | target=phero(-0.26,0.31)
R4[SEARCH    ]: carry=0 | base=0.33 | wall=2.18 | search=454 | target=site(-0.35,0.29)

  [GIVE-UP] R4 returned empty after 780 searching steps
  [TARGET] R4 → PHERO (-0.26, 0.40)

======================================================================
Step 12000 (6.4 min) | Pickups: 15 | Deposits: 15 | Rate: 2.34 tags/min | phero_entries=4 max_w=0.012
======================================================================
R1[BASE_ESC  ]: carry=0 | base=0.24 | wall=2.33 | search=1217 | target=phero(-0.42,0.17)
R2[SEARCH    ]: carry=0 | base=0.47 | wall=2.09 | search=366 | target=phero(-0.26,0.40)
R3[SEARCH    ]: carry=0 | base=0.44 | wall=2.17 | search=698 | target=phero(-0.26,0.31)
R4[BASE_ESC  ]: carry=0 | base=0.22 | wall=2.34 | search=  0 | target=phero(-0.26,0.40)


======================================================================
Step 12500 (6.7 min) | Pickups: 15 | Deposits: 15 | Rate: 2.25 tags/min | phero_entries=3 max_w=0.004
======================================================================
R1[SEARCH    ]: carry=0 | base=0.31 | wall=2.19 | search=1717 | target=phero(-0.42,0.17)
R2[SEARCH    ]: carry=0 | base=0.52 | wall=2.12 | search=866 | target=phero(-0.26,0.40)
R3[SEARCH    ]: carry=0 | base=0.41 | wall=2.17 | search=1198 | target=phero(-0.26,0.31)
R4[GIVE_UP   ]: carry=0 | base=0.57 | wall=2.08 | search=156 | target=none

  [GIVE-UP] R4 returned empty after 156 searching steps
  [TARGET] R4 → PHERO (-0.26, 0.40)

======================================================================
Step 13000 (6.9 min) | Pickups: 15 | Deposits: 15 | Rate: 2.16 tags/min | phero_entries=1 max_w=0.001
======================================================================
R1[SEARCH    ]: carry=0 | base=0.39 | wall=2.12 | search=2217 | target=phero(-0.42,0.17)
R2[SEARCH    ]: carry=0 | base=0.42 | wall=2.14 | search=1366 | target=phero(-0.26,0.40)
R3[SEARCH    ]: carry=0 | base=0.49 | wall=2.06 | search=1698 | target=phero(-0.26,0.31)
R4[SEARCH    ]: carry=0 | base=0.54 | wall=2.05 | search=117 | target=phero(-0.26,0.40)


======================================================================
Step 13500 (7.2 min) | Pickups: 15 | Deposits: 15 | Rate: 2.08 tags/min | phero_entries=0 max_w=0.000
======================================================================
R1[SEARCH    ]: carry=0 | base=0.34 | wall=2.16 | search=2717 | target=phero(-0.42,0.17)
R2[SEARCH    ]: carry=0 | base=0.45 | wall=2.11 | search=1866 | target=phero(-0.26,0.40)
R3[SEARCH    ]: carry=0 | base=0.49 | wall=2.09 | search=2198 | target=phero(-0.26,0.31)
R4[SEARCH    ]: carry=0 | base=0.64 | wall=1.98 | search=617 | target=phero(-0.26,0.40)

  [GIVE-UP] R3 returned empty after 2340 searching steps
  [TARGET] R3 → WALL (-0.31, -2.42)
  [GIVE-UP] R1 returned empty after 3120 searching steps
  [TARGET] R1 → WALL (-2.42, 0.54)

======================================================================
Step 14000 (7.5 min) | Pickups: 15 | Deposits: 15 | Rate: 2.01 tags/min | phero_entries=0 max_w=0.000
======================================================================
R1[BASE_ESC  ]: carry=0 | base=0.22 | wall=2.31 | search=  0 | target=none
R2[SEARCH    ]: carry=0 | base=0.26 | wall=2.26 | search=2366 | target=phero(-0.26,0.40)
R3[DEPART    ]: carry=0 | base=0.70 | wall=1.88 | search=  0 | target=none
R4[SEARCH    ]: carry=0 | base=0.63 | wall=1.93 | search=1117 | target=phero(-0.26,0.40)


======================================================================
Step 14500 (7.7 min) | Pickups: 15 | Deposits: 15 | Rate: 1.94 tags/min | phero_entries=0 max_w=0.000
======================================================================
R1[GIVE_UP   ]: carry=0 | base=0.69 | wall=1.85 | search=156 | target=none
R2[SEARCH    ]: carry=0 | base=0.47 | wall=2.09 | search=2866 | target=phero(-0.26,0.40)
R3[SEARCH    ]: carry=0 | base=1.60 | wall=0.93 | search=217 | target=none
R4[GIVE_UP   ]: carry=0 | base=0.48 | wall=2.02 | search=1560 | target=none

  [GIVE-UP] R4 returned empty after 1560 searching steps
  [TARGET] R4 → WALL (-2.42, 2.26)
  [GIVE-UP] R1 returned empty after 156 searching steps
  [TARGET] R1 → WALL (0.34, -2.42)

======================================================================
Step 15000 (8.0 min) | Pickups: 15 | Deposits: 15 | Rate: 1.88 tags/min | phero_entries=0 max_w=0.000
======================================================================
R1[SEARCH    ]: carry=0 | base=0.78 | wall=1.72 | search=114 | target=none
R2[SEARCH    ]: carry=0 | base=0.46 | wall=2.05 | search=3366 | target=phero(-0.26,0.40)
R3[SEARCH    ]: carry=0 | base=1.62 | wall=0.89 | search=717 | target=none
R4[SEARCH    ]: carry=0 | base=1.20 | wall=1.50 | search=  6 | target=none


======================================================================
Step 15500 (8.3 min) | Pickups: 15 | Deposits: 15 | Rate: 1.81 tags/min | phero_entries=0 max_w=0.000
======================================================================
R1[SEARCH    ]: carry=0 | base=1.09 | wall=1.41 | search=614 | target=none
R2[SEARCH    ]: carry=0 | base=0.57 | wall=1.97 | search=3866 | target=phero(-0.26,0.40)
R3[SEARCH    ]: carry=0 | base=1.49 | wall=1.03 | search=1217 | target=none
R4[SEARCH    ]: carry=0 | base=1.31 | wall=1.32 | search=506 | target=none

  [GIVE-UP] R3 returned empty after 1248 searching steps
  [TARGET] R3 → WALL (-1.61, 2.42)

======================================================================
Step 16000 (8.5 min) | Pickups: 15 | Deposits: 15 | Rate: 1.76 tags/min | phero_entries=0 max_w=0.000
======================================================================
R1[GIVE_UP   ]: carry=0 | base=0.95 | wall=1.55 | search=936 | target=none
R2[SEARCH    ]: carry=0 | base=0.73 | wall=1.87 | search=4366 | target=phero(-0.26,0.40)
R3[BASE_ESC  ]: carry=0 | base=0.22 | wall=2.29 | search=  0 | target=none
R4[SEARCH    ]: carry=0 | base=1.19 | wall=1.43 | search=1006 | target=none

  [GIVE-UP] R1 returned empty after 936 searching steps
  [TARGET] R1 → WALL (-2.42, -0.67)
  [GIVE-UP] R2 returned empty after 4368 searching steps
  [TARGET] R2 → WALL (2.38, 2.42)

======================================================================
Step 16500 (8.8 min) | Pickups: 15 | Deposits: 15 | Rate: 1.70 tags/min | phero_entries=0 max_w=0.000
======================================================================
R1[SEARCH    ]: carry=0 | base=0.74 | wall=1.85 | search= 49 | target=none
R2[DEPART    ]: carry=0 | base=0.29 | wall=2.23 | search=  0 | target=none
R3[DEPART    ]: carry=0 | base=1.33 | wall=1.50 | search=  0 | target=none
R4[SEARCH    ]: carry=0 | base=1.20 | wall=1.36 | search=1506 | target=none


======================================================================
Step 17000 (9.1 min) | Pickups: 15 | Deposits: 15 | Rate: 1.65 tags/min | phero_entries=0 max_w=0.000
======================================================================
R1[SEARCH    ]: carry=0 | base=0.77 | wall=1.92 | search=549 | target=none
R2[GIVE_UP   ]: carry=0 | base=1.15 | wall=1.60 | search=156 | target=none
R3[SEARCH    ]: carry=0 | base=2.57 | wall=0.44 | search=149 | target=none
R4[SEARCH    ]: carry=0 | base=1.00 | wall=1.59 | search=2006 | target=none

  [GIVE-UP] R2 returned empty after 156 searching steps
  [TARGET] R2 → WALL (0.32, 2.42)
  [GIVE-UP] R4 returned empty after 2184 searching steps
  [TARGET] R4 → WALL (2.42, -0.89)

======================================================================
Step 17500 (9.3 min) | Pickups: 15 | Deposits: 15 | Rate: 1.61 tags/min | phero_entries=0 max_w=0.000
======================================================================
R1[SEARCH    ]: carry=0 | base=0.88 | wall=1.73 | search=1049 | target=none
R2[DEPART    ]: carry=0 | base=0.82 | wall=1.69 | search=  0 | target=none
R3[GIVE_UP   ]: carry=0 | base=0.73 | wall=1.92 | search=156 | target=none
R4[BASE_ESC  ]: carry=0 | base=0.23 | wall=2.32 | search=  0 | target=none

[PICKUP] R2 picked up tag (density=12) | Total: 16
  [GIVE-UP] R3 returned empty after 156 searching steps
  [TARGET] R3 → WALL (-2.42, -1.81)
  [GIVE-UP] R1 returned empty after 1092 searching steps
  [TARGET] R1 → WALL (2.42, 1.58)

======================================================================
Step 18000 (9.6 min) | Pickups: 16 | Deposits: 15 | Rate: 1.56 tags/min | phero_entries=0 max_w=0.000
======================================================================
R1[DEPART    ]: carry=0 | base=0.28 | wall=2.26 | search=  0 | target=none
R2[RTB       ]: carry=1 | base=0.59 | wall=1.93 | search=  0 | target=none
R3[DEPART    ]: carry=0 | base=0.99 | wall=1.60 | search=  0 | target=none
R4[DEPART    ]: carry=0 | base=1.03 | wall=1.49 | search=  0 | target=none

[DEPOSIT] R2 deposited! Total: 16
  [PHERO] Laid at (0.20, 1.20) density=12 prob=1.00 entries=1
  [TARGET] R2 → SITE (0.20, 1.20)

======================================================================
Step 18500 (9.9 min) | Pickups: 16 | Deposits: 16 | Rate: 1.62 tags/min | phero_entries=1 max_w=0.417
======================================================================
R1[SEARCH    ]: carry=0 | base=1.53 | wall=1.12 | search=127 | target=none
R2[SEARCH    ]: carry=0 | base=1.19 | wall=1.32 | search= 42 | target=site(0.20,1.20)
R3[SEARCH    ]: carry=0 | base=1.24 | wall=1.31 | search=443 | target=none
R4[SEARCH    ]: carry=0 | base=1.36 | wall=1.18 | search=477 | target=none

[PICKUP] R2 picked up tag (density=11) | Total: 17
TIMEOUT_RESULT pickups=17 deposits=16 steps=18750 elapsed_min=10.000000
BATCH_RESULT pickups=17 deposits=16
