=================================================================
CPFA BASELINE — ARGoS-calibrated parameters
  Params file                  = /home/sara/Documents/RL-FL-Foraging/cpfa_tuning_20260715_155549/trial_001/params.yaml
  Results file                 = /home/sara/Documents/RL-FL-Foraging/controllers/cpfa_baseline/results/cpfa_baseline_results_20260715_155834_7.txt
  RateOfLayingPheromone        = 3.0
  RateOfSiteFidelity           = 1.376
  RateOfPheromoneDecay         = 0.05 /s  (lifetime ~138s)
  ProbabilityOfReturningToNest = 0.0189 (every 5 sec → E[give-up] ~265s)
  UninformedSearchVariation    = 3.67 rad (210.3°)
  RateOfInformedSearchDecay    = 0.346 /waypoint
  ProbabilityOfSwitchingToSearching = 0.765 (every 5 sec in uninformed DEPARTING)
=================================================================

[PICKUP] R2 picked up tag (density=6) | Total: 1
[PICKUP] R4 picked up tag (density=9) | Total: 2
[DEPOSIT] R4 deposited! Total: 1
  [PHERO] Laid at (0.00, -0.50) density=9 prob=1.00 entries=1
  [TARGET] R4 → SITE (0.00, -0.50)
[DEPOSIT] R2 deposited! Total: 2
  [PHERO] Laid at (0.50, 0.00) density=6 prob=0.97 entries=2
  [TARGET] R2 → SITE (0.50, 0.00)
[PICKUP] R4 picked up tag (density=10) | Total: 3

======================================================================
Step 500 (0.3 min) | Pickups: 3 | Deposits: 2 | Rate: 7.50 tags/min | phero_entries=2 max_w=0.802
======================================================================
R1[BASE_ESC  ]: carry=0 | base=0.24 | wall=2.27 | search=236 | target=none
R2[SITE      ]: carry=0 | base=0.28 | wall=2.25 | search=  0 | target=site(0.50,0.00)
R3[SEARCH    ]: carry=0 | base=0.30 | wall=2.21 | search=104 | target=none
R4[SURVEY    ]: carry=1 | base=0.35 | wall=2.18 | search=  0 | target=none

[PICKUP] R2 picked up tag (density=8) | Total: 4
[DEPOSIT] R4 deposited! Total: 3
  [PHERO] Laid at (0.13, -0.32) density=10 prob=1.00 entries=3
  [TARGET] R4 → SITE (0.13, -0.32)
[DEPOSIT] R2 deposited! Total: 4
  [PHERO] Laid at (0.37, -0.12) density=8 prob=1.00 entries=4
  [TARGET] R2 → SITE (0.37, -0.12)
[PICKUP] R4 picked up tag (density=9) | Total: 5

======================================================================
Step 1000 (0.5 min) | Pickups: 5 | Deposits: 4 | Rate: 7.50 tags/min | phero_entries=4 max_w=0.828
======================================================================
R1[SEARCH    ]: carry=0 | base=0.44 | wall=2.07 | search=736 | target=none
R2[SITE      ]: carry=0 | base=0.27 | wall=2.24 | search=  0 | target=site(0.37,-0.12)
R3[SEARCH    ]: carry=0 | base=0.48 | wall=2.03 | search=604 | target=none
R4[SURVEY    ]: carry=1 | base=0.36 | wall=2.18 | search=  0 | target=none

[DEPOSIT] R4 deposited! Total: 5
  [PHERO] Laid at (0.18, -0.32) density=9 prob=1.00 entries=5
  [TARGET] R4 → SITE (0.18, -0.32)

======================================================================
Step 1500 (0.8 min) | Pickups: 5 | Deposits: 5 | Rate: 6.25 tags/min | phero_entries=5 max_w=0.751
======================================================================
R1[SEARCH    ]: carry=0 | base=0.49 | wall=2.02 | search=1236 | target=none
R2[SEARCH    ]: carry=0 | base=0.42 | wall=2.08 | search=397 | target=site(0.37,-0.12)
R3[SEARCH    ]: carry=0 | base=0.61 | wall=2.02 | search=1104 | target=none
R4[SITE      ]: carry=0 | base=0.34 | wall=2.24 | search=  0 | target=site(0.18,-0.32)

[PICKUP] R4 picked up tag (density=7) | Total: 6
[DEPOSIT] R4 deposited! Total: 6
  [PHERO] Laid at (0.22, -0.40) density=7 prob=0.99 entries=6
  [TARGET] R4 → SITE (0.22, -0.40)

======================================================================
Step 2000 (1.1 min) | Pickups: 6 | Deposits: 6 | Rate: 5.62 tags/min | phero_entries=6 max_w=0.910
======================================================================
R1[SEARCH    ]: carry=0 | base=0.32 | wall=2.20 | search=1736 | target=none
R2[SEARCH    ]: carry=0 | base=0.33 | wall=2.22 | search=897 | target=site(0.37,-0.12)
R3[SEARCH    ]: carry=0 | base=0.39 | wall=2.15 | search=1604 | target=none
R4[BASE_ESC  ]: carry=0 | base=0.22 | wall=2.33 | search=  0 | target=site(0.22,-0.40)


======================================================================
Step 2500 (1.3 min) | Pickups: 6 | Deposits: 6 | Rate: 4.50 tags/min | phero_entries=6 max_w=0.409
======================================================================
R1[SEARCH    ]: carry=0 | base=0.68 | wall=1.83 | search=2236 | target=none
R2[SEARCH    ]: carry=0 | base=0.42 | wall=2.16 | search=1397 | target=site(0.37,-0.12)
R3[SEARCH    ]: carry=0 | base=0.34 | wall=2.21 | search=2104 | target=none
R4[SEARCH    ]: carry=0 | base=0.44 | wall=2.14 | search=343 | target=site(0.22,-0.40)

[PICKUP] R4 picked up tag (density=5) | Total: 7
[DEPOSIT] R4 deposited! Total: 7
  [PHERO] Laid at (0.11, -0.34) density=5 prob=0.92 entries=7
  [TARGET] R4 → SITE (0.11, -0.34)

======================================================================
Step 3000 (1.6 min) | Pickups: 7 | Deposits: 7 | Rate: 4.38 tags/min | phero_entries=7 max_w=0.962
======================================================================
R1[SEARCH    ]: carry=0 | base=0.75 | wall=1.79 | search=2736 | target=none
R2[SEARCH    ]: carry=0 | base=0.31 | wall=2.21 | search=1897 | target=site(0.37,-0.12)
R3[SEARCH    ]: carry=0 | base=0.34 | wall=2.16 | search=2604 | target=none
R4[BASE_ESC  ]: carry=0 | base=0.23 | wall=2.32 | search=  0 | target=site(0.11,-0.34)


======================================================================
Step 3500 (1.9 min) | Pickups: 7 | Deposits: 7 | Rate: 3.75 tags/min | phero_entries=7 max_w=0.432
======================================================================
R1[SEARCH    ]: carry=0 | base=0.82 | wall=1.71 | search=3236 | target=none
R2[SEARCH    ]: carry=0 | base=0.32 | wall=2.18 | search=2397 | target=site(0.37,-0.12)
R3[SEARCH    ]: carry=0 | base=0.37 | wall=2.19 | search=3104 | target=none
R4[SEARCH    ]: carry=0 | base=0.39 | wall=2.18 | search=309 | target=site(0.11,-0.34)

[PICKUP] R4 picked up tag (density=4) | Total: 8
[PICKUP] R3 picked up tag (density=3) | Total: 9

======================================================================
Step 4000 (2.1 min) | Pickups: 9 | Deposits: 7 | Rate: 3.28 tags/min | phero_entries=7 max_w=0.194
======================================================================
R1[SEARCH    ]: carry=0 | base=0.77 | wall=1.76 | search=3736 | target=none
R2[SEARCH    ]: carry=0 | base=0.37 | wall=2.16 | search=2897 | target=site(0.37,-0.12)
R3[SURVEY    ]: carry=1 | base=0.43 | wall=2.08 | search=  0 | target=none
R4[RTB       ]: carry=1 | base=0.47 | wall=2.07 | search=  0 | target=none

[DEPOSIT] R4 deposited! Total: 8
  [PHERO] Laid at (0.14, -0.40) density=4 prob=0.82 entries=8
  [TARGET] R4 → SITE (0.14, -0.40)
[DEPOSIT] R3 deposited! Total: 9
  [PHERO] Laid at (0.10, -0.42) density=3 prob=0.65 entries=9
  [TARGET] R3 → SITE (0.10, -0.42)
[PICKUP] R4 picked up tag (density=2) | Total: 10

======================================================================
Step 4500 (2.4 min) | Pickups: 10 | Deposits: 9 | Rate: 3.75 tags/min | phero_entries=9 max_w=0.697
======================================================================
R1[SEARCH    ]: carry=0 | base=0.84 | wall=1.66 | search=4236 | target=none
R2[SEARCH    ]: carry=0 | base=0.45 | wall=2.08 | search=3397 | target=site(0.37,-0.12)
R3[SEARCH    ]: carry=0 | base=0.42 | wall=2.10 | search= 16 | target=site(0.10,-0.42)
R4[SURVEY    ]: carry=1 | base=0.52 | wall=2.02 | search=  0 | target=none

[DEPOSIT] R4 deposited! Total: 10
  [TARGET] R4 → SITE (0.21, -0.47)

======================================================================
Step 5000 (2.7 min) | Pickups: 10 | Deposits: 10 | Rate: 3.75 tags/min | phero_entries=7 max_w=0.313
======================================================================
R1[SEARCH    ]: carry=0 | base=0.55 | wall=1.95 | search=4736 | target=none
R2[SEARCH    ]: carry=0 | base=0.44 | wall=2.06 | search=3897 | target=site(0.37,-0.12)
R3[SEARCH    ]: carry=0 | base=0.29 | wall=2.28 | search=516 | target=site(0.10,-0.42)
R4[SITE      ]: carry=0 | base=0.44 | wall=2.13 | search=  0 | target=site(0.21,-0.47)


======================================================================
Step 5500 (2.9 min) | Pickups: 10 | Deposits: 10 | Rate: 3.41 tags/min | phero_entries=5 max_w=0.141
======================================================================
R1[SEARCH    ]: carry=0 | base=0.47 | wall=2.04 | search=5236 | target=none
R2[SEARCH    ]: carry=0 | base=0.68 | wall=1.82 | search=4397 | target=site(0.37,-0.12)
R3[SEARCH    ]: carry=0 | base=0.26 | wall=2.29 | search=1016 | target=site(0.10,-0.42)
R4[SEARCH    ]: carry=0 | base=0.52 | wall=2.12 | search=483 | target=site(0.21,-0.47)


======================================================================
Step 6000 (3.2 min) | Pickups: 10 | Deposits: 10 | Rate: 3.12 tags/min | phero_entries=4 max_w=0.063
======================================================================
R1[SEARCH    ]: carry=0 | base=0.57 | wall=1.98 | search=5736 | target=none
R2[SEARCH    ]: carry=0 | base=0.40 | wall=2.10 | search=4897 | target=site(0.37,-0.12)
R3[SEARCH    ]: carry=0 | base=0.43 | wall=2.10 | search=1516 | target=site(0.10,-0.42)
R4[SEARCH    ]: carry=0 | base=0.54 | wall=2.05 | search=983 | target=site(0.21,-0.47)

[PICKUP] R3 picked up tag (density=4) | Total: 11

======================================================================
Step 6500 (3.5 min) | Pickups: 11 | Deposits: 10 | Rate: 2.88 tags/min | phero_entries=3 max_w=0.028
======================================================================
R1[SEARCH    ]: carry=0 | base=0.26 | wall=2.26 | search=6236 | target=none
R2[SEARCH    ]: carry=0 | base=0.27 | wall=2.24 | search=5397 | target=site(0.37,-0.12)
R3[RTB       ]: carry=1 | base=0.31 | wall=2.20 | search=  0 | target=none
R4[GIVE_UP   ]: carry=0 | base=0.52 | wall=2.05 | search=1404 | target=none

[DEPOSIT] R3 deposited! Total: 11
  [PHERO] Laid at (0.49, -0.26) density=4 prob=0.82 entries=4
  [TARGET] R3 → SITE (0.49, -0.26)
  [GIVE-UP] R4 returned empty after 1404 searching steps
  [TARGET] R4 → PHERO (0.49, -0.26)

======================================================================
Step 7000 (3.7 min) | Pickups: 11 | Deposits: 11 | Rate: 2.95 tags/min | phero_entries=4 max_w=0.461
======================================================================
R1[SEARCH    ]: carry=0 | base=0.30 | wall=2.20 | search=6736 | target=none
R2[SEARCH    ]: carry=0 | base=0.41 | wall=2.15 | search=5897 | target=site(0.37,-0.12)
R3[SEARCH    ]: carry=0 | base=0.33 | wall=2.23 | search=253 | target=site(0.49,-0.26)
R4[SEARCH    ]: carry=0 | base=0.62 | wall=1.96 | search=169 | target=phero(0.49,-0.26)

[PICKUP] R3 picked up tag (density=3) | Total: 12

======================================================================
Step 7500 (4.0 min) | Pickups: 12 | Deposits: 11 | Rate: 2.75 tags/min | phero_entries=3 max_w=0.207
======================================================================
R1[SEARCH    ]: carry=0 | base=0.33 | wall=2.17 | search=7236 | target=none
R2[SEARCH    ]: carry=0 | base=0.45 | wall=2.06 | search=6397 | target=site(0.37,-0.12)
R3[SURVEY    ]: carry=1 | base=0.46 | wall=2.05 | search=  0 | target=none
R4[SEARCH    ]: carry=0 | base=0.70 | wall=1.97 | search=669 | target=phero(0.49,-0.26)

[DEPOSIT] R3 deposited! Total: 12
  [PHERO] Laid at (0.45, -0.11) density=3 prob=0.65 entries=4
  [TARGET] R3 → SITE (0.45, -0.11)

======================================================================
Step 8000 (4.3 min) | Pickups: 12 | Deposits: 12 | Rate: 2.81 tags/min | phero_entries=4 max_w=0.768
======================================================================
R1[SEARCH    ]: carry=0 | base=0.25 | wall=2.26 | search=7736 | target=none
R2[SEARCH    ]: carry=0 | base=0.27 | wall=2.23 | search=6897 | target=site(0.37,-0.12)
R3[SITE      ]: carry=0 | base=0.33 | wall=2.17 | search=  0 | target=site(0.45,-0.11)
R4[SEARCH    ]: carry=0 | base=0.79 | wall=1.92 | search=1169 | target=phero(0.49,-0.26)

[PICKUP] R3 picked up tag (density=2) | Total: 13

======================================================================
Step 8500 (4.5 min) | Pickups: 13 | Deposits: 12 | Rate: 2.65 tags/min | phero_entries=3 max_w=0.345
======================================================================
R1[SEARCH    ]: carry=0 | base=0.33 | wall=2.22 | search=8236 | target=none
R2[SEARCH    ]: carry=0 | base=0.43 | wall=2.07 | search=7397 | target=site(0.37,-0.12)
R3[RTB       ]: carry=1 | base=0.33 | wall=2.17 | search=  0 | target=none
R4[SEARCH    ]: carry=0 | base=1.08 | wall=1.55 | search=1669 | target=phero(0.49,-0.26)

[DEPOSIT] R3 deposited! Total: 13
  [TARGET] R3 → SITE (0.52, -0.09)
[PICKUP] R3 picked up tag (density=1) | Total: 14

======================================================================
Step 9000 (4.8 min) | Pickups: 14 | Deposits: 13 | Rate: 2.71 tags/min | phero_entries=2 max_w=0.155
======================================================================
R1[SEARCH    ]: carry=0 | base=0.42 | wall=2.11 | search=8736 | target=none
R2[SEARCH    ]: carry=0 | base=0.34 | wall=2.16 | search=7897 | target=site(0.37,-0.12)
R3[RTB       ]: carry=1 | base=0.57 | wall=1.94 | search=  0 | target=none
R4[SEARCH    ]: carry=0 | base=0.84 | wall=1.82 | search=2169 | target=phero(0.49,-0.26)

[DEPOSIT] R3 deposited! Total: 14
  [TARGET] R3 → PHERO (0.45, -0.11)

======================================================================
Step 9500 (5.1 min) | Pickups: 14 | Deposits: 14 | Rate: 2.76 tags/min | phero_entries=2 max_w=0.070
======================================================================
R1[SEARCH    ]: carry=0 | base=0.36 | wall=2.22 | search=9236 | target=none
R2[SEARCH    ]: carry=0 | base=0.47 | wall=2.06 | search=8397 | target=site(0.37,-0.12)
R3[SEARCH    ]: carry=0 | base=0.45 | wall=2.08 | search=121 | target=phero(0.45,-0.11)
R4[SEARCH    ]: carry=0 | base=0.63 | wall=1.99 | search=2669 | target=phero(0.49,-0.26)

  [GIVE-UP] R1 returned empty after 9360 searching steps
  [TARGET] R1 → PHERO (0.45, -0.11)

======================================================================
Step 10000 (5.3 min) | Pickups: 14 | Deposits: 14 | Rate: 2.62 tags/min | phero_entries=2 max_w=0.031
======================================================================
R1[BASE_ESC  ]: carry=0 | base=0.25 | wall=2.27 | search=  0 | target=phero(0.45,-0.11)
R2[SEARCH    ]: carry=0 | base=0.53 | wall=2.03 | search=8897 | target=site(0.37,-0.12)
R3[SEARCH    ]: carry=0 | base=0.53 | wall=1.97 | search=621 | target=phero(0.45,-0.11)
R4[SEARCH    ]: carry=0 | base=0.57 | wall=2.05 | search=3169 | target=phero(0.49,-0.26)


======================================================================
Step 10500 (5.6 min) | Pickups: 14 | Deposits: 14 | Rate: 2.50 tags/min | phero_entries=2 max_w=0.014
======================================================================
R1[SEARCH    ]: carry=0 | base=0.34 | wall=2.17 | search=153 | target=phero(0.45,-0.11)
R2[SEARCH    ]: carry=0 | base=0.58 | wall=2.07 | search=9397 | target=site(0.37,-0.12)
R3[SEARCH    ]: carry=0 | base=0.35 | wall=2.20 | search=1121 | target=phero(0.45,-0.11)
R4[SEARCH    ]: carry=0 | base=0.78 | wall=1.81 | search=3669 | target=phero(0.49,-0.26)


======================================================================
Step 11000 (5.9 min) | Pickups: 14 | Deposits: 14 | Rate: 2.39 tags/min | phero_entries=1 max_w=0.006
======================================================================
R1[SEARCH    ]: carry=0 | base=0.28 | wall=2.26 | search=653 | target=phero(0.45,-0.11)
R2[SEARCH    ]: carry=0 | base=0.52 | wall=2.12 | search=9897 | target=site(0.37,-0.12)
R3[SEARCH    ]: carry=0 | base=0.37 | wall=2.15 | search=1621 | target=phero(0.45,-0.11)
R4[SEARCH    ]: carry=0 | base=0.96 | wall=1.73 | search=4169 | target=phero(0.49,-0.26)


======================================================================
Step 11500 (6.1 min) | Pickups: 14 | Deposits: 14 | Rate: 2.28 tags/min | phero_entries=1 max_w=0.003
======================================================================
R1[BASE_ESC  ]: carry=0 | base=0.25 | wall=2.26 | search=1153 | target=phero(0.45,-0.11)
R2[SEARCH    ]: carry=0 | base=0.58 | wall=2.03 | search=10397 | target=site(0.37,-0.12)
R3[SEARCH    ]: carry=0 | base=0.28 | wall=2.22 | search=2121 | target=phero(0.45,-0.11)
R4[SEARCH    ]: carry=0 | base=1.06 | wall=1.68 | search=4669 | target=phero(0.49,-0.26)


======================================================================
Step 12000 (6.4 min) | Pickups: 14 | Deposits: 14 | Rate: 2.19 tags/min | phero_entries=1 max_w=0.001
======================================================================
R1[SEARCH    ]: carry=0 | base=0.25 | wall=2.29 | search=1653 | target=phero(0.45,-0.11)
R2[SEARCH    ]: carry=0 | base=0.78 | wall=1.93 | search=10897 | target=site(0.37,-0.12)
R3[SEARCH    ]: carry=0 | base=0.65 | wall=1.96 | search=2621 | target=phero(0.45,-0.11)
R4[SEARCH    ]: carry=0 | base=0.96 | wall=1.68 | search=5169 | target=phero(0.49,-0.26)


======================================================================
Step 12500 (6.7 min) | Pickups: 14 | Deposits: 14 | Rate: 2.10 tags/min | phero_entries=0 max_w=0.000
======================================================================
R1[SEARCH    ]: carry=0 | base=0.37 | wall=2.16 | search=2153 | target=phero(0.45,-0.11)
R2[SEARCH    ]: carry=0 | base=0.83 | wall=1.88 | search=11397 | target=site(0.37,-0.12)
R3[SEARCH    ]: carry=0 | base=0.54 | wall=2.06 | search=3121 | target=phero(0.45,-0.11)
R4[SEARCH    ]: carry=0 | base=1.22 | wall=1.33 | search=5669 | target=phero(0.49,-0.26)


======================================================================
Step 13000 (6.9 min) | Pickups: 14 | Deposits: 14 | Rate: 2.02 tags/min | phero_entries=0 max_w=0.000
======================================================================
R1[SEARCH    ]: carry=0 | base=0.34 | wall=2.23 | search=2653 | target=phero(0.45,-0.11)
R2[SEARCH    ]: carry=0 | base=1.09 | wall=1.64 | search=11897 | target=site(0.37,-0.12)
R3[SEARCH    ]: carry=0 | base=0.29 | wall=2.22 | search=3621 | target=phero(0.45,-0.11)
R4[SEARCH    ]: carry=0 | base=1.15 | wall=1.38 | search=6169 | target=phero(0.49,-0.26)

[PICKUP] R3 picked up tag (density=1) | Total: 15
[DEPOSIT] R3 deposited! Total: 15
  [TARGET] R3 → SITE (0.11, -0.47)

======================================================================
Step 13500 (7.2 min) | Pickups: 15 | Deposits: 15 | Rate: 2.08 tags/min | phero_entries=0 max_w=0.000
======================================================================
R1[BASE_ESC  ]: carry=0 | base=0.23 | wall=2.28 | search=3153 | target=phero(0.45,-0.11)
R2[SEARCH    ]: carry=0 | base=0.76 | wall=1.93 | search=12397 | target=site(0.37,-0.12)
R3[BASE_ESC  ]: carry=0 | base=0.22 | wall=2.32 | search=  0 | target=site(0.11,-0.47)
R4[SEARCH    ]: carry=0 | base=1.52 | wall=0.99 | search=6669 | target=phero(0.49,-0.26)


======================================================================
Step 14000 (7.5 min) | Pickups: 15 | Deposits: 15 | Rate: 2.01 tags/min | phero_entries=0 max_w=0.000
======================================================================
R1[SEARCH    ]: carry=0 | base=0.27 | wall=2.27 | search=3653 | target=phero(0.45,-0.11)
R2[SEARCH    ]: carry=0 | base=0.72 | wall=1.93 | search=12897 | target=site(0.37,-0.12)
R3[SEARCH    ]: carry=0 | base=0.64 | wall=1.98 | search=338 | target=site(0.11,-0.47)
R4[SEARCH    ]: carry=0 | base=1.63 | wall=0.87 | search=7169 | target=phero(0.49,-0.26)


======================================================================
Step 14500 (7.7 min) | Pickups: 15 | Deposits: 15 | Rate: 1.94 tags/min | phero_entries=0 max_w=0.000
======================================================================
R1[SEARCH    ]: carry=0 | base=0.38 | wall=2.13 | search=4153 | target=phero(0.45,-0.11)
R2[SEARCH    ]: carry=0 | base=0.79 | wall=1.83 | search=13397 | target=site(0.37,-0.12)
R3[SEARCH    ]: carry=0 | base=0.71 | wall=1.89 | search=838 | target=site(0.11,-0.47)
R4[SEARCH    ]: carry=0 | base=1.60 | wall=0.90 | search=7669 | target=phero(0.49,-0.26)


======================================================================
Step 15000 (8.0 min) | Pickups: 15 | Deposits: 15 | Rate: 1.88 tags/min | phero_entries=0 max_w=0.000
======================================================================
R1[SEARCH    ]: carry=0 | base=0.42 | wall=2.17 | search=4653 | target=phero(0.45,-0.11)
R2[SEARCH    ]: carry=0 | base=0.89 | wall=1.81 | search=13897 | target=site(0.37,-0.12)
R3[SEARCH    ]: carry=0 | base=0.58 | wall=1.94 | search=1338 | target=site(0.11,-0.47)
R4[SEARCH    ]: carry=0 | base=1.80 | wall=0.70 | search=8169 | target=phero(0.49,-0.26)


======================================================================
Step 15500 (8.3 min) | Pickups: 15 | Deposits: 15 | Rate: 1.81 tags/min | phero_entries=0 max_w=0.000
======================================================================
R1[SEARCH    ]: carry=0 | base=0.47 | wall=2.14 | search=5153 | target=phero(0.45,-0.11)
R2[SEARCH    ]: carry=0 | base=1.04 | wall=1.69 | search=14397 | target=site(0.37,-0.12)
R3[SEARCH    ]: carry=0 | base=0.51 | wall=2.04 | search=1838 | target=site(0.11,-0.47)
R4[SEARCH    ]: carry=0 | base=1.73 | wall=0.77 | search=8669 | target=phero(0.49,-0.26)


======================================================================
Step 16000 (8.5 min) | Pickups: 15 | Deposits: 15 | Rate: 1.76 tags/min | phero_entries=0 max_w=0.000
======================================================================
R1[BASE_ESC  ]: carry=0 | base=0.23 | wall=2.30 | search=5653 | target=phero(0.45,-0.11)
R2[SEARCH    ]: carry=0 | base=1.02 | wall=1.69 | search=14897 | target=site(0.37,-0.12)
R3[SEARCH    ]: carry=0 | base=0.62 | wall=1.91 | search=2338 | target=site(0.11,-0.47)
R4[SEARCH    ]: carry=0 | base=1.62 | wall=0.88 | search=9169 | target=phero(0.49,-0.26)


======================================================================
Step 16500 (8.8 min) | Pickups: 15 | Deposits: 15 | Rate: 1.70 tags/min | phero_entries=0 max_w=0.000
======================================================================
R1[SEARCH    ]: carry=0 | base=0.43 | wall=2.10 | search=6153 | target=phero(0.45,-0.11)
R2[SEARCH    ]: carry=0 | base=1.17 | wall=1.66 | search=15397 | target=site(0.37,-0.12)
R3[SEARCH    ]: carry=0 | base=0.76 | wall=1.76 | search=2838 | target=site(0.11,-0.47)
R4[SEARCH    ]: carry=0 | base=1.90 | wall=0.61 | search=9669 | target=phero(0.49,-0.26)


======================================================================
Step 17000 (9.1 min) | Pickups: 15 | Deposits: 15 | Rate: 1.65 tags/min | phero_entries=0 max_w=0.000
======================================================================
R1[SEARCH    ]: carry=0 | base=0.30 | wall=2.22 | search=6653 | target=phero(0.45,-0.11)
R2[SEARCH    ]: carry=0 | base=1.23 | wall=1.60 | search=15897 | target=site(0.37,-0.12)
R3[SEARCH    ]: carry=0 | base=0.81 | wall=1.75 | search=3338 | target=site(0.11,-0.47)
R4[GIVE_UP   ]: carry=0 | base=1.49 | wall=1.05 | search=9984 | target=none

  [GIVE-UP] R4 returned empty after 9984 searching steps
  [TARGET] R4 → WALL (-1.84, 2.42)

======================================================================
Step 17500 (9.3 min) | Pickups: 15 | Deposits: 15 | Rate: 1.61 tags/min | phero_entries=0 max_w=0.000
======================================================================
R1[SEARCH    ]: carry=0 | base=0.35 | wall=2.16 | search=7153 | target=phero(0.45,-0.11)
R2[SEARCH    ]: carry=0 | base=1.17 | wall=1.52 | search=16397 | target=site(0.37,-0.12)
R3[SEARCH    ]: carry=0 | base=1.06 | wall=1.49 | search=3838 | target=site(0.11,-0.47)
R4[DEPART    ]: carry=0 | base=0.29 | wall=2.24 | search=  0 | target=none


======================================================================
Step 18000 (9.6 min) | Pickups: 15 | Deposits: 15 | Rate: 1.56 tags/min | phero_entries=0 max_w=0.000
======================================================================
R1[SEARCH    ]: carry=0 | base=0.42 | wall=2.13 | search=7653 | target=phero(0.45,-0.11)
R2[SEARCH    ]: carry=0 | base=1.00 | wall=1.72 | search=16897 | target=site(0.37,-0.12)
R3[SEARCH    ]: carry=0 | base=0.92 | wall=1.65 | search=4338 | target=site(0.11,-0.47)
R4[SEARCH    ]: carry=0 | base=0.44 | wall=2.08 | search=368 | target=none


======================================================================
Step 18500 (9.9 min) | Pickups: 15 | Deposits: 15 | Rate: 1.52 tags/min | phero_entries=0 max_w=0.000
======================================================================
R1[SEARCH    ]: carry=0 | base=0.56 | wall=2.00 | search=8153 | target=phero(0.45,-0.11)
R2[SEARCH    ]: carry=0 | base=0.91 | wall=1.85 | search=17397 | target=site(0.37,-0.12)
R3[SEARCH    ]: carry=0 | base=0.99 | wall=1.67 | search=4838 | target=site(0.11,-0.47)
R4[SEARCH    ]: carry=0 | base=0.64 | wall=1.97 | search=868 | target=none

TIMEOUT_RESULT pickups=15 deposits=15 steps=18750 elapsed_min=10.000000
BATCH_RESULT pickups=15 deposits=15
