=================================================================
CPFA BASELINE — ARGoS-calibrated parameters
  Params file                  = /home/sara/Documents/RL-FL-Foraging/cpfa_tuning_20260715_155549/trial_028/params.yaml
  Results file                 = /home/sara/Documents/RL-FL-Foraging/controllers/cpfa_baseline/results/cpfa_baseline_results_20260715_171214_10.txt
  RateOfLayingPheromone        = 8.192310484092989
  RateOfSiteFidelity           = 2.9924781935699776
  RateOfPheromoneDecay         = 0.11053674425856737 /s  (lifetime ~62s)
  ProbabilityOfReturningToNest = 0.11930697367244703 (every 5 sec → E[give-up] ~42s)
  UninformedSearchVariation    = 0.30 rad (17.2°)
  RateOfInformedSearchDecay    = 0.12364445230738585 /waypoint
  ProbabilityOfSwitchingToSearching = 0.6374958261453266 (every 5 sec in uninformed DEPARTING)
=================================================================

[PICKUP] R2 picked up tag (density=6) | Total: 1
[PICKUP] R4 picked up tag (density=9) | Total: 2
[DEPOSIT] R4 deposited! Total: 1
  [PHERO] Laid at (0.00, -0.50) density=9 prob=0.69 entries=1
  [TARGET] R4 → SITE (0.00, -0.50)
[DEPOSIT] R2 deposited! Total: 2
  [TARGET] R2 → SITE (0.50, 0.00)
[PICKUP] R4 picked up tag (density=10) | Total: 3

======================================================================
Step 500 (0.3 min) | Pickups: 3 | Deposits: 2 | Rate: 7.50 tags/min | phero_entries=1 max_w=0.481
======================================================================
R1[DEPART    ]: carry=0 | base=0.35 | wall=2.21 | search=  0 | target=none
R2[SITE      ]: carry=0 | base=0.28 | wall=2.25 | search=  0 | target=site(0.50,0.00)
R3[SEARCH    ]: carry=0 | base=0.73 | wall=1.77 | search=130 | target=none
R4[SURVEY    ]: carry=1 | base=0.35 | wall=2.18 | search=  0 | target=none

[PICKUP] R2 picked up tag (density=8) | Total: 4
[DEPOSIT] R4 deposited! Total: 3
  [PHERO] Laid at (0.13, -0.32) density=10 prob=0.80 entries=2
  [TARGET] R4 → SITE (0.13, -0.32)
[DEPOSIT] R2 deposited! Total: 4
  [PHERO] Laid at (0.37, -0.12) density=8 prob=0.57 entries=3
  [TARGET] R2 → SITE (0.37, -0.12)
[PICKUP] R4 picked up tag (density=9) | Total: 5

======================================================================
Step 1000 (0.5 min) | Pickups: 5 | Deposits: 4 | Rate: 7.50 tags/min | phero_entries=3 max_w=0.659
======================================================================
R1[GIVE_UP   ]: carry=0 | base=1.79 | wall=0.71 | search=156 | target=none
R2[SITE      ]: carry=0 | base=0.27 | wall=2.24 | search=  0 | target=site(0.37,-0.12)
R3[SEARCH    ]: carry=0 | base=2.10 | wall=0.57 | search=630 | target=none
R4[SURVEY    ]: carry=1 | base=0.36 | wall=2.18 | search=  0 | target=none

[PICKUP] R1 picked up tag (density=4) | Total: 6
[DEPOSIT] R4 deposited! Total: 5
  [PHERO] Laid at (0.18, -0.32) density=9 prob=0.69 entries=4
  [TARGET] R4 → SITE (0.18, -0.32)

======================================================================
Step 1500 (0.8 min) | Pickups: 6 | Deposits: 5 | Rate: 6.25 tags/min | phero_entries=4 max_w=0.531
======================================================================
R1[SURVEY    ]: carry=1 | base=0.81 | wall=1.69 | search=  0 | target=none
R2[SEARCH    ]: carry=0 | base=0.36 | wall=2.14 | search=397 | target=site(0.37,-0.12)
R3[SEARCH    ]: carry=0 | base=2.16 | wall=0.38 | search=1130 | target=none
R4[SITE      ]: carry=0 | base=0.34 | wall=2.24 | search=  0 | target=site(0.18,-0.32)

[PICKUP] R4 picked up tag (density=9) | Total: 7
[DEPOSIT] R1 deposited! Total: 6
  [TARGET] R1 → SITE (0.81, -0.04)

======================================================================
Step 2000 (1.1 min) | Pickups: 7 | Deposits: 6 | Rate: 5.62 tags/min | phero_entries=4 max_w=0.091
======================================================================
R1[SITE      ]: carry=0 | base=0.35 | wall=2.17 | search=  0 | target=site(0.81,-0.04)
R2[SEARCH    ]: carry=0 | base=0.31 | wall=2.25 | search=897 | target=site(0.37,-0.12)
R3[SEARCH    ]: carry=0 | base=2.16 | wall=0.39 | search=1630 | target=none
R4[RTB       ]: carry=1 | base=0.25 | wall=2.30 | search=  0 | target=none

[DEPOSIT] R4 deposited! Total: 7
  [PHERO] Laid at (0.25, -0.41) density=9 prob=0.69 entries=5
  [TARGET] R4 → SITE (0.25, -0.41)
[PICKUP] R1 picked up tag (density=3) | Total: 8
[PICKUP] R4 picked up tag (density=5) | Total: 9
[DEPOSIT] R1 deposited! Total: 8
  [TARGET] R1 → SITE (0.44, -0.12)

======================================================================
Step 2500 (1.3 min) | Pickups: 9 | Deposits: 8 | Rate: 6.00 tags/min | phero_entries=4 max_w=0.172
======================================================================
R1[SITE      ]: carry=0 | base=0.27 | wall=2.24 | search=  0 | target=site(0.44,-0.12)
R2[BASE_ESC  ]: carry=0 | base=0.23 | wall=2.30 | search=1397 | target=site(0.37,-0.12)
R3[GIVE_UP   ]: carry=0 | base=1.02 | wall=1.53 | search=1716 | target=none
R4[SURVEY    ]: carry=1 | base=0.46 | wall=2.08 | search=  0 | target=none

[PICKUP] R1 picked up tag (density=2) | Total: 10
[DEPOSIT] R4 deposited! Total: 9
  [TARGET] R4 → SITE (0.18, -0.42)
  [GIVE-UP] R3 returned empty after 1716 searching steps
  [TARGET] R3 → PHERO (0.25, -0.41)
[PICKUP] R4 picked up tag (density=4) | Total: 11
[DEPOSIT] R1 deposited! Total: 10
  [TARGET] R1 → SITE (0.45, -0.11)

======================================================================
Step 3000 (1.6 min) | Pickups: 11 | Deposits: 10 | Rate: 6.25 tags/min | phero_entries=2 max_w=0.029
======================================================================
R1[BASE_ESC  ]: carry=0 | base=0.23 | wall=2.27 | search=  0 | target=site(0.45,-0.11)
R2[SEARCH    ]: carry=0 | base=0.37 | wall=2.14 | search=1897 | target=site(0.37,-0.12)
R3[PHERO     ]: carry=0 | base=0.25 | wall=2.29 | search=  0 | target=phero(0.25,-0.41)
R4[SURVEY    ]: carry=1 | base=0.53 | wall=2.02 | search=  0 | target=none

[DEPOSIT] R4 deposited! Total: 11
  [TARGET] R4 → SITE (0.22, -0.48)
  [GIVE-UP] R2 returned empty after 2184 searching steps
  [TARGET] R2 → PHERO (0.25, -0.41)

======================================================================
Step 3500 (1.9 min) | Pickups: 11 | Deposits: 11 | Rate: 5.89 tags/min | phero_entries=1 max_w=0.005
======================================================================
R1[SEARCH    ]: carry=0 | base=0.59 | wall=1.91 | search=302 | target=site(0.45,-0.11)
R2[BASE_ESC  ]: carry=0 | base=0.21 | wall=2.30 | search=  0 | target=phero(0.25,-0.41)
R3[PHERO     ]: carry=0 | base=0.30 | wall=2.22 | search=  0 | target=phero(0.25,-0.41)
R4[SITE      ]: carry=0 | base=0.46 | wall=2.12 | search=  0 | target=site(0.22,-0.48)

[PICKUP] R4 picked up tag (density=3) | Total: 12
  [GIVE-UP] R3 returned empty after 156 searching steps
  [TARGET] R3 → PHERO (0.25, -0.41)
[DEPOSIT] R4 deposited! Total: 12
  [TARGET] R4 → SITE (0.20, -0.51)

======================================================================
Step 4000 (2.1 min) | Pickups: 12 | Deposits: 12 | Rate: 5.62 tags/min | phero_entries=0 max_w=0.000
======================================================================
R1[SEARCH    ]: carry=0 | base=0.53 | wall=1.97 | search=802 | target=site(0.45,-0.11)
R2[SEARCH    ]: carry=0 | base=0.46 | wall=2.16 | search=252 | target=phero(0.25,-0.41)
R3[PHERO     ]: carry=0 | base=0.39 | wall=2.22 | search=  0 | target=phero(0.25,-0.41)
R4[BASE_ESC  ]: carry=0 | base=0.23 | wall=2.32 | search=  0 | target=site(0.20,-0.51)

[PICKUP] R3 picked up tag (density=2) | Total: 13
[PICKUP] R1 picked up tag (density=1) | Total: 14

======================================================================
Step 4500 (2.4 min) | Pickups: 14 | Deposits: 12 | Rate: 5.00 tags/min | phero_entries=0 max_w=0.000
======================================================================
R1[RTB       ]: carry=1 | base=0.57 | wall=1.93 | search=  0 | target=none
R2[SEARCH    ]: carry=0 | base=0.45 | wall=2.10 | search=752 | target=phero(0.25,-0.41)
R3[RTB       ]: carry=1 | base=0.25 | wall=2.28 | search=  0 | target=none
R4[SEARCH    ]: carry=0 | base=0.70 | wall=1.88 | search=251 | target=site(0.20,-0.51)

[DEPOSIT] R3 deposited! Total: 13
  [TARGET] R3 → WALL (2.42, 2.16)
[DEPOSIT] R1 deposited! Total: 14
  [TARGET] R1 → WALL (2.31, -2.42)
  [GIVE-UP] R2 returned empty after 936 searching steps
  [TARGET] R2 → WALL (-0.04, 2.42)
  [GIVE-UP] R4 returned empty after 312 searching steps
  [TARGET] R4 → WALL (2.42, 1.48)
[PICKUP] R3 picked up tag (density=12) | Total: 15

======================================================================
Step 5000 (2.7 min) | Pickups: 15 | Deposits: 14 | Rate: 5.25 tags/min | phero_entries=0 max_w=0.000
======================================================================
R1[DEPART    ]: carry=0 | base=0.94 | wall=1.70 | search=  0 | target=none
R2[DEPART    ]: carry=0 | base=0.33 | wall=2.22 | search=  0 | target=none
R3[SURVEY    ]: carry=1 | base=1.22 | wall=1.48 | search=  0 | target=none
R4[DEPART    ]: carry=0 | base=0.40 | wall=2.12 | search=  0 | target=none

[PICKUP] R1 picked up tag (density=16) | Total: 16
[DEPOSIT] R3 deposited! Total: 15
  [PHERO] Laid at (1.02, 0.66) density=12 prob=0.93 entries=1
  [TARGET] R3 → SITE (1.02, 0.66)

======================================================================
Step 5500 (2.9 min) | Pickups: 16 | Deposits: 15 | Rate: 5.11 tags/min | phero_entries=1 max_w=0.893
======================================================================
R1[SURVEY    ]: carry=1 | base=1.93 | wall=1.00 | search=  0 | target=none
R2[SEARCH    ]: carry=0 | base=0.82 | wall=1.83 | search=418 | target=none
R3[BASE_ESC  ]: carry=0 | base=0.22 | wall=2.30 | search=  0 | target=site(1.02,0.66)
R4[SEARCH    ]: carry=0 | base=1.71 | wall=0.87 | search=382 | target=none


======================================================================
Step 6000 (3.2 min) | Pickups: 16 | Deposits: 15 | Rate: 4.69 tags/min | phero_entries=1 max_w=0.152
======================================================================
R1[RTB       ]: carry=1 | base=0.47 | wall=2.12 | search=  0 | target=none
R2[SEARCH    ]: carry=0 | base=0.27 | wall=2.24 | search=918 | target=none
R3[SEARCH    ]: carry=0 | base=1.23 | wall=1.42 | search=165 | target=site(1.02,0.66)
R4[SEARCH    ]: carry=0 | base=1.44 | wall=1.25 | search=882 | target=none

[DEPOSIT] R1 deposited! Total: 16
  [PHERO] Laid at (1.49, -1.22) density=16 prob=1.00 entries=2
  [TARGET] R1 → SITE (1.49, -1.22)
[PICKUP] R4 picked up tag (density=15) | Total: 17

======================================================================
Step 6500 (3.5 min) | Pickups: 17 | Deposits: 16 | Rate: 4.62 tags/min | phero_entries=2 max_w=0.209
======================================================================
R1[SITE      ]: carry=0 | base=1.47 | wall=1.34 | search=  0 | target=site(1.49,-1.22)
R2[SEARCH    ]: carry=0 | base=0.25 | wall=2.25 | search=1418 | target=none
R3[GIVE_UP   ]: carry=0 | base=1.24 | wall=1.44 | search=624 | target=none
R4[RTB       ]: carry=1 | base=1.76 | wall=1.12 | search=  0 | target=none

[PICKUP] R1 picked up tag (density=14) | Total: 18
  [GIVE-UP] R3 returned empty after 624 searching steps
  [TARGET] R3 → PHERO (1.49, -1.22)
  [GIVE-UP] R2 returned empty after 1716 searching steps
  [TARGET] R2 → PHERO (1.49, -1.22)
[DEPOSIT] R4 deposited! Total: 17
  [PHERO] Laid at (1.38, -1.22) density=15 prob=0.99 entries=3
  [TARGET] R4 → SITE (1.38, -1.22)

======================================================================
Step 7000 (3.7 min) | Pickups: 18 | Deposits: 17 | Rate: 4.55 tags/min | phero_entries=3 max_w=0.775
======================================================================
R1[RTB       ]: carry=1 | base=1.91 | wall=1.00 | search=  0 | target=none
R2[PHERO     ]: carry=0 | base=0.54 | wall=2.02 | search=  0 | target=phero(1.49,-1.22)
R3[PHERO     ]: carry=0 | base=0.39 | wall=2.12 | search=  0 | target=phero(1.49,-1.22)
R4[BASE_ESC  ]: carry=0 | base=0.22 | wall=2.34 | search=  0 | target=site(1.38,-1.22)

[PICKUP] R2 picked up tag (density=13) | Total: 19

======================================================================
Step 7500 (4.0 min) | Pickups: 19 | Deposits: 17 | Rate: 4.25 tags/min | phero_entries=2 max_w=0.132
======================================================================
R1[RTB       ]: carry=1 | base=0.28 | wall=2.28 | search=  0 | target=none
R2[SURVEY    ]: carry=1 | base=1.97 | wall=1.01 | search=  0 | target=none
R3[SEARCH    ]: carry=0 | base=1.90 | wall=1.04 | search= 62 | target=phero(1.49,-1.22)
R4[SEARCH    ]: carry=0 | base=1.88 | wall=1.11 | search= 49 | target=site(1.38,-1.22)

[DEPOSIT] R1 deposited! Total: 18
  [PHERO] Laid at (1.47, -1.22) density=14 prob=0.98 entries=3
  [TARGET] R1 → SITE (1.47, -1.22)
[PICKUP] R4 picked up tag (density=12) | Total: 20

======================================================================
Step 8000 (4.3 min) | Pickups: 20 | Deposits: 18 | Rate: 4.22 tags/min | phero_entries=3 max_w=0.175
======================================================================
R1[SITE      ]: carry=0 | base=1.64 | wall=1.26 | search=  0 | target=site(1.47,-1.22)
R2[RTB       ]: carry=1 | base=1.09 | wall=1.63 | search=  0 | target=none
R3[SEARCH    ]: carry=0 | base=1.74 | wall=1.11 | search=562 | target=phero(1.49,-1.22)
R4[RTB       ]: carry=1 | base=1.62 | wall=1.23 | search=  0 | target=none

[DEPOSIT] R2 deposited! Total: 19
  [TARGET] R2 → SITE (1.49, -1.27)
[DEPOSIT] R4 deposited! Total: 20
  [PHERO] Laid at (1.37, -1.30) density=12 prob=0.93 entries=3
  [TARGET] R4 → SITE (1.37, -1.30)

======================================================================
Step 8500 (4.5 min) | Pickups: 20 | Deposits: 20 | Rate: 4.41 tags/min | phero_entries=3 max_w=0.605
======================================================================
R1[SEARCH    ]: carry=0 | base=1.80 | wall=1.13 | search=442 | target=site(1.47,-1.22)
R2[SITE      ]: carry=0 | base=0.85 | wall=1.80 | search=  0 | target=site(1.49,-1.27)
R3[GIVE_UP   ]: carry=0 | base=1.74 | wall=1.26 | search=936 | target=none
R4[SITE      ]: carry=0 | base=0.33 | wall=2.19 | search=  0 | target=site(1.37,-1.30)

[PICKUP] R2 picked up tag (density=11) | Total: 21
  [GIVE-UP] R3 returned empty after 936 searching steps
  [TARGET] R3 → PHERO (1.37, -1.30)

======================================================================
Step 9000 (4.8 min) | Pickups: 21 | Deposits: 20 | Rate: 4.17 tags/min | phero_entries=2 max_w=0.103
======================================================================
R1[SEARCH    ]: carry=0 | base=1.75 | wall=1.22 | search=942 | target=site(1.47,-1.22)
R2[SURVEY    ]: carry=1 | base=1.95 | wall=1.05 | search=  0 | target=none
R3[PHERO     ]: carry=0 | base=0.25 | wall=2.28 | search=  0 | target=phero(1.37,-1.30)
R4[SEARCH    ]: carry=0 | base=1.86 | wall=1.18 | search=100 | target=site(1.37,-1.30)


======================================================================
Step 9500 (5.1 min) | Pickups: 21 | Deposits: 20 | Rate: 3.95 tags/min | phero_entries=1 max_w=0.018
======================================================================
R1[SEARCH    ]: carry=0 | base=1.74 | wall=1.14 | search=1442 | target=site(1.47,-1.22)
R2[RTB       ]: carry=1 | base=0.69 | wall=1.96 | search=  0 | target=none
R3[SEARCH    ]: carry=0 | base=1.91 | wall=1.14 | search= 52 | target=phero(1.37,-1.30)
R4[SEARCH    ]: carry=0 | base=1.73 | wall=1.22 | search=600 | target=site(1.37,-1.30)

[DEPOSIT] R2 deposited! Total: 21
  [PHERO] Laid at (1.45, -1.30) density=11 prob=0.87 entries=2
  [TARGET] R2 → SITE (1.45, -1.30)

======================================================================
Step 10000 (5.3 min) | Pickups: 21 | Deposits: 21 | Rate: 3.94 tags/min | phero_entries=2 max_w=0.255
======================================================================
R1[GIVE_UP   ]: carry=0 | base=1.36 | wall=1.51 | search=1872 | target=none
R2[SITE      ]: carry=0 | base=1.25 | wall=1.53 | search=  0 | target=site(1.45,-1.30)
R3[GIVE_UP   ]: carry=0 | base=1.43 | wall=1.44 | search=312 | target=none
R4[GIVE_UP   ]: carry=0 | base=1.57 | wall=1.27 | search=936 | target=none

  [GIVE-UP] R1 returned empty after 1872 searching steps
  [TARGET] R1 → PHERO (1.45, -1.30)
  [GIVE-UP] R3 returned empty after 312 searching steps
  [TARGET] R3 → PHERO (1.45, -1.30)
  [GIVE-UP] R4 returned empty after 936 searching steps
  [TARGET] R4 → PHERO (1.45, -1.30)

======================================================================
Step 10500 (5.6 min) | Pickups: 21 | Deposits: 21 | Rate: 3.75 tags/min | phero_entries=1 max_w=0.044
======================================================================
R1[PHERO     ]: carry=0 | base=0.45 | wall=2.15 | search=  0 | target=phero(1.45,-1.30)
R2[SEARCH    ]: carry=0 | base=1.86 | wall=1.00 | search=324 | target=site(1.45,-1.30)
R3[PHERO     ]: carry=0 | base=0.47 | wall=2.09 | search=  0 | target=phero(1.45,-1.30)
R4[PHERO     ]: carry=0 | base=0.36 | wall=2.17 | search=  0 | target=phero(1.45,-1.30)

[PICKUP] R3 picked up tag (density=10) | Total: 22

======================================================================
Step 11000 (5.9 min) | Pickups: 22 | Deposits: 21 | Rate: 3.58 tags/min | phero_entries=1 max_w=0.007
======================================================================
R1[SEARCH    ]: carry=0 | base=1.94 | wall=0.99 | search=101 | target=phero(1.45,-1.30)
R2[SEARCH    ]: carry=0 | base=1.81 | wall=1.08 | search=824 | target=site(1.45,-1.30)
R3[SURVEY    ]: carry=1 | base=1.97 | wall=1.07 | search=  0 | target=none
R4[SEARCH    ]: carry=0 | base=1.90 | wall=1.09 | search= 65 | target=phero(1.45,-1.30)


======================================================================
Step 11500 (6.1 min) | Pickups: 22 | Deposits: 21 | Rate: 3.42 tags/min | phero_entries=1 max_w=0.001
======================================================================
R1[SEARCH    ]: carry=0 | base=2.01 | wall=0.92 | search=601 | target=phero(1.45,-1.30)
R2[SEARCH    ]: carry=0 | base=1.72 | wall=1.17 | search=1324 | target=site(1.45,-1.30)
R3[RTB       ]: carry=1 | base=0.97 | wall=1.74 | search=  0 | target=none
R4[GIVE_UP   ]: carry=0 | base=0.29 | wall=2.29 | search=156 | target=none

  [GIVE-UP] R4 returned empty after 156 searching steps
  [TARGET] R4 → PHERO (1.45, -1.30)
[DEPOSIT] R3 deposited! Total: 22
  [PHERO] Laid at (1.43, -1.33) density=10 prob=0.80 entries=1
  [TARGET] R3 → SITE (1.43, -1.33)
[PICKUP] R1 picked up tag (density=9) | Total: 23

======================================================================
Step 12000 (6.4 min) | Pickups: 23 | Deposits: 22 | Rate: 3.44 tags/min | phero_entries=1 max_w=0.334
======================================================================
R1[SURVEY    ]: carry=1 | base=2.03 | wall=0.94 | search=  0 | target=none
R2[SEARCH    ]: carry=0 | base=1.86 | wall=1.05 | search=1824 | target=site(1.45,-1.30)
R3[SITE      ]: carry=0 | base=0.96 | wall=1.75 | search=  0 | target=site(1.43,-1.33)
R4[PHERO     ]: carry=0 | base=1.64 | wall=1.27 | search=  0 | target=phero(1.45,-1.30)

  [GIVE-UP] R2 returned empty after 1872 searching steps
  [TARGET] R2 → PHERO (1.43, -1.33)

======================================================================
Step 12500 (6.7 min) | Pickups: 23 | Deposits: 22 | Rate: 3.30 tags/min | phero_entries=1 max_w=0.057
======================================================================
R1[RTB       ]: carry=1 | base=0.98 | wall=1.71 | search=  0 | target=none
R2[BASE_ESC  ]: carry=0 | base=0.22 | wall=2.31 | search=  0 | target=phero(1.43,-1.33)
R3[SEARCH    ]: carry=0 | base=2.05 | wall=0.94 | search=254 | target=site(1.43,-1.33)
R4[SEARCH    ]: carry=0 | base=1.98 | wall=0.97 | search=432 | target=phero(1.45,-1.30)

[DEPOSIT] R1 deposited! Total: 23
  [PHERO] Laid at (1.56, -1.30) density=9 prob=0.69 entries=2
  [TARGET] R1 → SITE (1.56, -1.30)

======================================================================
Step 13000 (6.9 min) | Pickups: 23 | Deposits: 23 | Rate: 3.32 tags/min | phero_entries=2 max_w=0.336
======================================================================
R1[SITE      ]: carry=0 | base=0.98 | wall=1.78 | search=  0 | target=site(1.56,-1.30)
R2[PHERO     ]: carry=0 | base=1.87 | wall=1.13 | search=  0 | target=phero(1.43,-1.33)
R3[SEARCH    ]: carry=0 | base=1.96 | wall=0.97 | search=754 | target=site(1.43,-1.33)
R4[SEARCH    ]: carry=0 | base=1.94 | wall=1.06 | search=932 | target=phero(1.45,-1.30)

[PICKUP] R4 picked up tag (density=8) | Total: 24

======================================================================
Step 13500 (7.2 min) | Pickups: 24 | Deposits: 23 | Rate: 3.19 tags/min | phero_entries=2 max_w=0.057
======================================================================
R1[SEARCH    ]: carry=0 | base=2.04 | wall=0.83 | search=231 | target=site(1.56,-1.30)
R2[SEARCH    ]: carry=0 | base=1.83 | wall=1.11 | search=476 | target=phero(1.43,-1.33)
R3[GIVE_UP   ]: carry=0 | base=0.92 | wall=1.84 | search=936 | target=none
R4[RTB       ]: carry=1 | base=1.87 | wall=1.13 | search=  0 | target=none

  [GIVE-UP] R3 returned empty after 936 searching steps
  [TARGET] R3 → PHERO (1.56, -1.30)
[DEPOSIT] R4 deposited! Total: 24
  [TARGET] R4 → SITE (1.44, -1.37)

======================================================================
Step 14000 (7.5 min) | Pickups: 24 | Deposits: 24 | Rate: 3.21 tags/min | phero_entries=1 max_w=0.010
======================================================================
R1[SEARCH    ]: carry=0 | base=2.01 | wall=0.88 | search=731 | target=site(1.56,-1.30)
R2[SEARCH    ]: carry=0 | base=1.92 | wall=1.04 | search=976 | target=phero(1.43,-1.33)
R3[PHERO     ]: carry=0 | base=1.01 | wall=1.78 | search=  0 | target=phero(1.56,-1.30)
R4[BASE_ESC  ]: carry=0 | base=0.22 | wall=2.34 | search=  0 | target=site(1.44,-1.37)

[PICKUP] R3 picked up tag (density=7) | Total: 25

======================================================================
Step 14500 (7.7 min) | Pickups: 25 | Deposits: 24 | Rate: 3.10 tags/min | phero_entries=1 max_w=0.002
======================================================================
R1[GIVE_UP   ]: carry=0 | base=1.03 | wall=1.69 | search=936 | target=none
R2[SEARCH    ]: carry=0 | base=1.95 | wall=0.96 | search=1476 | target=phero(1.43,-1.33)
R3[SURVEY    ]: carry=1 | base=2.06 | wall=0.96 | search=  0 | target=none
R4[SITE      ]: carry=0 | base=1.89 | wall=1.13 | search=  0 | target=site(1.44,-1.37)

[PICKUP] R4 picked up tag (density=6) | Total: 26
  [GIVE-UP] R1 returned empty after 936 searching steps
  [TARGET] R1 → WALL (-1.07, 2.42)

======================================================================
Step 15000 (8.0 min) | Pickups: 26 | Deposits: 24 | Rate: 3.00 tags/min | phero_entries=0 max_w=0.000
======================================================================
R1[DEPART    ]: carry=0 | base=0.26 | wall=2.24 | search=  0 | target=none
R2[SEARCH    ]: carry=0 | base=1.93 | wall=1.10 | search=1976 | target=phero(1.43,-1.33)
R3[RTB       ]: carry=1 | base=0.70 | wall=1.95 | search=  0 | target=none
R4[RTB       ]: carry=1 | base=1.41 | wall=1.44 | search=  0 | target=none

[PICKUP] R2 picked up tag (density=5) | Total: 27
[DEPOSIT] R3 deposited! Total: 25
  [TARGET] R3 → SITE (1.54, -1.38)
[PICKUP] R1 picked up tag (density=1) | Total: 28
[DEPOSIT] R4 deposited! Total: 26
  [PHERO] Laid at (1.42, -1.38) density=6 prob=0.29 entries=1
  [TARGET] R4 → SITE (1.42, -1.38)
[DEPOSIT] R1 deposited! Total: 27
  [TARGET] R1 → PHERO (1.42, -1.38)

======================================================================
Step 15500 (8.3 min) | Pickups: 28 | Deposits: 27 | Rate: 3.27 tags/min | phero_entries=1 max_w=0.498
======================================================================
R1[BASE_ESC  ]: carry=0 | base=0.22 | wall=2.28 | search=  0 | target=phero(1.42,-1.38)
R2[RTB       ]: carry=1 | base=1.22 | wall=1.63 | search=  0 | target=none
R3[SITE      ]: carry=0 | base=1.24 | wall=1.54 | search=  0 | target=site(1.54,-1.38)
R4[SITE      ]: carry=0 | base=0.55 | wall=2.07 | search=  0 | target=site(1.42,-1.38)

[DEPOSIT] R2 deposited! Total: 28
  [TARGET] R2 → SITE (1.34, -1.46)

======================================================================
Step 16000 (8.5 min) | Pickups: 28 | Deposits: 28 | Rate: 3.28 tags/min | phero_entries=1 max_w=0.085
======================================================================
R1[SEARCH    ]: carry=0 | base=1.95 | wall=1.10 | search= 11 | target=phero(1.42,-1.38)
R2[SITE      ]: carry=0 | base=0.64 | wall=1.99 | search=  0 | target=site(1.34,-1.46)
R3[GIVE_UP   ]: carry=0 | base=1.82 | wall=1.00 | search=156 | target=none
R4[SEARCH    ]: carry=0 | base=1.93 | wall=1.10 | search=123 | target=site(1.42,-1.38)

[PICKUP] R1 picked up tag (density=4) | Total: 29
[PICKUP] R2 picked up tag (density=3) | Total: 30
  [GIVE-UP] R3 returned empty after 156 searching steps
  [TARGET] R3 → PHERO (1.42, -1.38)

======================================================================
Step 16500 (8.8 min) | Pickups: 30 | Deposits: 28 | Rate: 3.18 tags/min | phero_entries=1 max_w=0.014
======================================================================
R1[RTB       ]: carry=1 | base=1.86 | wall=1.06 | search=  0 | target=none
R2[SURVEY    ]: carry=1 | base=2.01 | wall=1.02 | search=  0 | target=none
R3[BASE_ESC  ]: carry=0 | base=0.22 | wall=2.30 | search=  0 | target=phero(1.42,-1.38)
R4[SEARCH    ]: carry=0 | base=1.84 | wall=1.18 | search=623 | target=site(1.42,-1.38)

[DEPOSIT] R1 deposited! Total: 29
  [TARGET] R1 → SITE (1.53, -1.39)

======================================================================
Step 17000 (9.1 min) | Pickups: 30 | Deposits: 29 | Rate: 3.20 tags/min | phero_entries=1 max_w=0.002
======================================================================
R1[BASE_ESC  ]: carry=0 | base=0.22 | wall=2.33 | search=  0 | target=site(1.53,-1.39)
R2[RTB       ]: carry=1 | base=0.74 | wall=1.96 | search=  0 | target=none
R3[PHERO     ]: carry=0 | base=1.89 | wall=1.14 | search=  0 | target=phero(1.42,-1.38)
R4[SEARCH    ]: carry=0 | base=1.92 | wall=1.12 | search=1123 | target=site(1.42,-1.38)

[DEPOSIT] R2 deposited! Total: 30
  [PHERO] Laid at (1.37, -1.48) density=3 prob=0.04 entries=2
  [TARGET] R2 → PHERO (1.37, -1.48)

======================================================================
Step 17500 (9.3 min) | Pickups: 30 | Deposits: 30 | Rate: 3.21 tags/min | phero_entries=1 max_w=0.268
======================================================================
R1[SITE      ]: carry=0 | base=1.96 | wall=1.06 | search=  0 | target=site(1.53,-1.39)
R2[PHERO     ]: carry=0 | base=1.20 | wall=1.65 | search=  0 | target=phero(1.37,-1.48)
R3[SEARCH    ]: carry=0 | base=1.84 | wall=1.18 | search=485 | target=phero(1.42,-1.38)
R4[SEARCH    ]: carry=0 | base=1.98 | wall=1.01 | search=1623 | target=site(1.42,-1.38)


======================================================================
Step 18000 (9.6 min) | Pickups: 30 | Deposits: 30 | Rate: 3.12 tags/min | phero_entries=1 max_w=0.046
======================================================================
R1[SEARCH    ]: carry=0 | base=2.01 | wall=1.07 | search=485 | target=site(1.53,-1.39)
R2[SEARCH    ]: carry=0 | base=1.86 | wall=1.12 | search=288 | target=phero(1.37,-1.48)
R3[SEARCH    ]: carry=0 | base=1.91 | wall=1.11 | search=985 | target=phero(1.42,-1.38)
R4[SEARCH    ]: carry=0 | base=2.48 | wall=0.38 | search=2123 | target=site(1.42,-1.38)


======================================================================
Step 18500 (9.9 min) | Pickups: 30 | Deposits: 30 | Rate: 3.04 tags/min | phero_entries=1 max_w=0.008
======================================================================
R1[SEARCH    ]: carry=0 | base=1.99 | wall=1.06 | search=985 | target=site(1.53,-1.39)
R2[SEARCH    ]: carry=0 | base=1.89 | wall=1.05 | search=788 | target=phero(1.37,-1.48)
R3[GIVE_UP   ]: carry=0 | base=1.82 | wall=1.14 | search=1404 | target=none
R4[SEARCH    ]: carry=0 | base=2.44 | wall=0.39 | search=2623 | target=site(1.42,-1.38)

[PICKUP] R1 picked up tag (density=2) | Total: 31
TIMEOUT_RESULT pickups=31 deposits=30 steps=18750 elapsed_min=10.000000
BATCH_RESULT pickups=31 deposits=30
