=================================================================
CPFA BASELINE — ARGoS-calibrated parameters
  Params file                  = /home/sara/Documents/RL-FL-Foraging/cpfa_tuning_20260715_155549/trial_011/params.yaml
  Results file                 = /home/sara/Documents/RL-FL-Foraging/controllers/cpfa_baseline/results/cpfa_baseline_results_20260715_162549.txt
  RateOfLayingPheromone        = 11.61253197850733
  RateOfSiteFidelity           = 2.2312550549771895
  RateOfPheromoneDecay         = 0.021117787129082924 /s  (lifetime ~327s)
  ProbabilityOfReturningToNest = 0.12544767809330964 (every 5 sec → E[give-up] ~40s)
  UninformedSearchVariation    = 0.10 rad (5.8°)
  RateOfInformedSearchDecay    = 1.0496612631444804 /waypoint
  ProbabilityOfSwitchingToSearching = 0.5859669829433836 (every 5 sec in uninformed DEPARTING)
=================================================================

[PICKUP] R3 picked up tag (density=6) | Total: 1
[DEPOSIT] R3 deposited! Total: 1
  [TARGET] R3 → SITE (0.00, 0.50)
[PICKUP] R3 picked up tag (density=5) | Total: 2
[PICKUP] R1 picked up tag (density=4) | Total: 3

======================================================================
Step 500 (0.3 min) | Pickups: 3 | Deposits: 1 | Rate: 3.75 tags/min | phero_entries=0 max_w=0.000
======================================================================
R1[SURVEY    ]: carry=1 | base=0.59 | wall=1.92 | search=  0 | target=none
R2[SEARCH    ]: carry=0 | base=1.01 | wall=1.63 | search=188 | target=none
R3[SURVEY    ]: carry=1 | base=0.37 | wall=2.16 | search=  0 | target=none
R4[SEARCH    ]: carry=0 | base=1.23 | wall=1.33 | search=188 | target=none

[DEPOSIT] R3 deposited! Total: 2
  [TARGET] R3 → SITE (0.13, 0.34)
[DEPOSIT] R1 deposited! Total: 3
  [TARGET] R1 → SITE (-0.03, 0.58)

======================================================================
Step 1000 (0.5 min) | Pickups: 3 | Deposits: 3 | Rate: 5.62 tags/min | phero_entries=0 max_w=0.000
======================================================================
R1[SITE      ]: carry=0 | base=0.50 | wall=2.01 | search=  0 | target=site(-0.03,0.58)
R2[SEARCH    ]: carry=0 | base=2.18 | wall=0.38 | search=688 | target=none
R3[SEARCH    ]: carry=0 | base=0.39 | wall=2.14 | search= 32 | target=site(0.13,0.34)
R4[GIVE_UP   ]: carry=0 | base=2.64 | wall=0.43 | search=624 | target=none

[PICKUP] R3 picked up tag (density=3) | Total: 4
[PICKUP] R1 picked up tag (density=2) | Total: 5
[DEPOSIT] R3 deposited! Total: 4
  [TARGET] R3 → SITE (0.17, 0.36)

======================================================================
Step 1500 (0.8 min) | Pickups: 5 | Deposits: 4 | Rate: 5.00 tags/min | phero_entries=0 max_w=0.000
======================================================================
R1[RTB       ]: carry=1 | base=0.35 | wall=2.16 | search=  0 | target=none
R2[GIVE_UP   ]: carry=0 | base=1.27 | wall=1.28 | search=936 | target=none
R3[SITE      ]: carry=0 | base=0.38 | wall=2.20 | search=  0 | target=site(0.17,0.36)
R4[GIVE_UP   ]: carry=0 | base=0.82 | wall=1.87 | search=624 | target=none

[DEPOSIT] R1 deposited! Total: 5
  [TARGET] R1 → SITE (0.05, 0.51)
  [GIVE-UP] R4 returned empty after 624 searching steps
  [TARGET] R4 → WALL (-0.89, 2.42)
  [GIVE-UP] R2 returned empty after 936 searching steps
  [TARGET] R2 → WALL (0.13, 2.42)
[PICKUP] R1 picked up tag (density=1) | Total: 6
[PICKUP] R3 picked up tag (density=9) | Total: 7

======================================================================
Step 2000 (1.1 min) | Pickups: 7 | Deposits: 5 | Rate: 4.69 tags/min | phero_entries=0 max_w=0.000
======================================================================
R1[SURVEY    ]: carry=1 | base=0.53 | wall=1.99 | search=  0 | target=none
R2[DEPART    ]: carry=0 | base=0.61 | wall=1.90 | search=  0 | target=none
R3[SURVEY    ]: carry=1 | base=0.32 | wall=2.20 | search=  0 | target=none
R4[SEARCH    ]: carry=0 | base=0.97 | wall=1.66 | search= 86 | target=none

[DEPOSIT] R1 deposited! Total: 6
  [TARGET] R1 → WALL (2.42, -0.98)
[PICKUP] R4 picked up tag (density=16) | Total: 8
[DEPOSIT] R3 deposited! Total: 7
  [TARGET] R3 → SITE (0.30, -0.11)

======================================================================
Step 2500 (1.3 min) | Pickups: 8 | Deposits: 7 | Rate: 5.25 tags/min | phero_entries=0 max_w=0.000
======================================================================
R1[SEARCH    ]: carry=0 | base=0.87 | wall=1.64 | search= 68 | target=none
R2[SEARCH    ]: carry=0 | base=2.10 | wall=0.61 | search=469 | target=none
R3[SITE      ]: carry=0 | base=0.34 | wall=2.16 | search=  0 | target=site(0.30,-0.11)
R4[RTB       ]: carry=1 | base=1.92 | wall=0.86 | search=  0 | target=none

[PICKUP] R3 picked up tag (density=8) | Total: 9
[DEPOSIT] R3 deposited! Total: 8
  [TARGET] R3 → SITE (0.34, -0.14)
[DEPOSIT] R4 deposited! Total: 9
  [PHERO] Laid at (-1.03, 1.64) density=16 prob=0.92 entries=1
  [TARGET] R4 → SITE (-1.03, 1.64)

======================================================================
Step 3000 (1.6 min) | Pickups: 9 | Deposits: 9 | Rate: 5.62 tags/min | phero_entries=1 max_w=0.964
======================================================================
R1[SEARCH    ]: carry=0 | base=2.49 | wall=0.49 | search=568 | target=none
R2[GIVE_UP   ]: carry=0 | base=1.40 | wall=1.39 | search=624 | target=none
R3[SITE      ]: carry=0 | base=0.26 | wall=2.25 | search=  0 | target=site(0.34,-0.14)
R4[BASE_ESC  ]: carry=0 | base=0.22 | wall=2.30 | search=  0 | target=site(-1.03,1.64)

[PICKUP] R3 picked up tag (density=7) | Total: 10
  [GIVE-UP] R2 returned empty after 624 searching steps
  [TARGET] R2 → PHERO (-1.03, 1.64)

======================================================================
Step 3500 (1.9 min) | Pickups: 10 | Deposits: 9 | Rate: 4.82 tags/min | phero_entries=1 max_w=0.688
======================================================================
R1[GIVE_UP   ]: carry=0 | base=2.02 | wall=1.04 | search=780 | target=none
R2[PHERO     ]: carry=0 | base=0.48 | wall=2.03 | search=  0 | target=phero(-1.03,1.64)
R3[RTB       ]: carry=1 | base=0.28 | wall=2.22 | search=  0 | target=none
R4[SEARCH    ]: carry=0 | base=1.90 | wall=0.89 | search=  5 | target=site(-1.03,1.64)

[DEPOSIT] R3 deposited! Total: 10
  [TARGET] R3 → SITE (0.38, -0.17)
[PICKUP] R3 picked up tag (density=6) | Total: 11
[PICKUP] R4 picked up tag (density=15) | Total: 12
[PICKUP] R1 picked up tag (density=5) | Total: 13

======================================================================
Step 4000 (2.1 min) | Pickups: 13 | Deposits: 10 | Rate: 4.69 tags/min | phero_entries=1 max_w=0.491
======================================================================
R1[SURVEY    ]: carry=1 | base=0.78 | wall=1.94 | search=  0 | target=none
R2[SEARCH    ]: carry=0 | base=1.92 | wall=0.86 | search=110 | target=phero(-1.03,1.64)
R3[RTB       ]: carry=1 | base=0.45 | wall=2.07 | search=  0 | target=none
R4[RTB       ]: carry=1 | base=1.90 | wall=0.84 | search=  0 | target=none

[DEPOSIT] R3 deposited! Total: 11
  [TARGET] R3 → SITE (0.40, -0.16)
[PICKUP] R2 picked up tag (density=14) | Total: 14
[DEPOSIT] R1 deposited! Total: 12
  [TARGET] R1 → SITE (0.56, -0.54)
[DEPOSIT] R4 deposited! Total: 13
  [TARGET] R4 → SITE (-0.95, 1.64)
[PICKUP] R1 picked up tag (density=4) | Total: 15

======================================================================
Step 4500 (2.4 min) | Pickups: 15 | Deposits: 13 | Rate: 5.42 tags/min | phero_entries=1 max_w=0.350
======================================================================
R1[SURVEY    ]: carry=1 | base=0.41 | wall=2.14 | search=  0 | target=none
R2[RTB       ]: carry=1 | base=1.65 | wall=1.01 | search=  0 | target=none
R3[SEARCH    ]: carry=0 | base=0.35 | wall=2.15 | search=174 | target=site(0.40,-0.16)
R4[BASE_ESC  ]: carry=0 | base=0.22 | wall=2.32 | search=  0 | target=site(-0.95,1.64)

[PICKUP] R3 picked up tag (density=3) | Total: 16
[DEPOSIT] R1 deposited! Total: 14
  [TARGET] R1 → SITE (0.35, -0.20)
[DEPOSIT] R2 deposited! Total: 15
  [PHERO] Laid at (-0.87, 1.64) density=14 prob=0.81 entries=2
  [TARGET] R2 → SITE (-0.87, 1.64)
[DEPOSIT] R3 deposited! Total: 16
  [TARGET] R3 → SITE (0.29, -0.27)

======================================================================
Step 5000 (2.7 min) | Pickups: 16 | Deposits: 16 | Rate: 6.00 tags/min | phero_entries=2 max_w=0.914
======================================================================
R1[SITE      ]: carry=0 | base=0.35 | wall=2.15 | search=  0 | target=site(0.35,-0.20)
R2[SITE      ]: carry=0 | base=0.31 | wall=2.19 | search=  0 | target=site(-0.87,1.64)
R3[BASE_ESC  ]: carry=0 | base=0.24 | wall=2.28 | search=  0 | target=site(0.29,-0.27)
R4[SEARCH    ]: carry=0 | base=1.87 | wall=0.89 | search= 18 | target=site(-0.95,1.64)

[PICKUP] R3 picked up tag (density=2) | Total: 17
[PICKUP] R4 picked up tag (density=13) | Total: 18
  [GIVE-UP] R1 returned empty after 312 searching steps
  [TARGET] R1 → PHERO (-1.03, 1.64)

======================================================================
Step 5500 (2.9 min) | Pickups: 18 | Deposits: 16 | Rate: 5.45 tags/min | phero_entries=2 max_w=0.652
======================================================================
R1[BASE_ESC  ]: carry=0 | base=0.23 | wall=2.29 | search=  0 | target=phero(-1.03,1.64)
R2[SEARCH    ]: carry=0 | base=1.86 | wall=0.88 | search=104 | target=site(-0.87,1.64)
R3[RTB       ]: carry=1 | base=0.46 | wall=2.13 | search=  0 | target=none
R4[SURVEY    ]: carry=1 | base=1.82 | wall=0.86 | search=  0 | target=none

[DEPOSIT] R3 deposited! Total: 17
  [TARGET] R3 → SITE (0.34, -0.29)
[PICKUP] R3 picked up tag (density=1) | Total: 19
[DEPOSIT] R4 deposited! Total: 18
  [TARGET] R4 → SITE (-0.78, 1.64)

======================================================================
Step 6000 (3.2 min) | Pickups: 19 | Deposits: 18 | Rate: 5.62 tags/min | phero_entries=2 max_w=0.465
======================================================================
R1[PHERO     ]: carry=0 | base=0.72 | wall=1.97 | search=  0 | target=phero(-1.03,1.64)
R2[GIVE_UP   ]: carry=0 | base=0.96 | wall=1.58 | search=312 | target=none
R3[SURVEY    ]: carry=1 | base=0.51 | wall=2.12 | search=  0 | target=none
R4[BASE_ESC  ]: carry=0 | base=0.22 | wall=2.29 | search=  0 | target=site(-0.78,1.64)

  [GIVE-UP] R2 returned empty after 312 searching steps
  [TARGET] R2 → PHERO (-0.87, 1.64)
[DEPOSIT] R3 deposited! Total: 19
  [TARGET] R3 → PHERO (-0.87, 1.64)
[PICKUP] R1 picked up tag (density=12) | Total: 20

======================================================================
Step 6500 (3.5 min) | Pickups: 20 | Deposits: 19 | Rate: 5.48 tags/min | phero_entries=2 max_w=0.332
======================================================================
R1[SURVEY    ]: carry=1 | base=1.98 | wall=0.78 | search=  0 | target=none
R2[PHERO     ]: carry=0 | base=0.78 | wall=1.84 | search=  0 | target=phero(-0.87,1.64)
R3[PHERO     ]: carry=0 | base=0.29 | wall=2.26 | search=  0 | target=phero(-0.87,1.64)
R4[SITE      ]: carry=0 | base=1.71 | wall=0.95 | search=  0 | target=site(-0.78,1.64)


======================================================================
Step 7000 (3.7 min) | Pickups: 20 | Deposits: 19 | Rate: 5.09 tags/min | phero_entries=2 max_w=0.237
======================================================================
R1[RTB       ]: carry=1 | base=1.19 | wall=1.43 | search=  0 | target=none
R2[SEARCH    ]: carry=0 | base=1.75 | wall=1.00 | search=194 | target=phero(-0.87,1.64)
R3[SEARCH    ]: carry=0 | base=1.82 | wall=0.89 | search= 16 | target=phero(-0.87,1.64)
R4[SEARCH    ]: carry=0 | base=1.89 | wall=0.74 | search=487 | target=site(-0.78,1.64)

[PICKUP] R4 picked up tag (density=9) | Total: 21
[PICKUP] R2 picked up tag (density=11) | Total: 22
[DEPOSIT] R1 deposited! Total: 20
  [PHERO] Laid at (-0.98, 1.72) density=12 prob=0.62 entries=3
  [TARGET] R1 → SITE (-0.98, 1.72)
[PICKUP] R3 picked up tag (density=10) | Total: 23

======================================================================
Step 7500 (4.0 min) | Pickups: 23 | Deposits: 20 | Rate: 5.00 tags/min | phero_entries=3 max_w=0.842
======================================================================
R1[SITE      ]: carry=0 | base=0.77 | wall=1.86 | search=  0 | target=site(-0.98,1.72)
R2[RTB       ]: carry=1 | base=1.52 | wall=1.10 | search=  0 | target=none
R3[SURVEY    ]: carry=1 | base=1.87 | wall=0.77 | search=  0 | target=none
R4[RTB       ]: carry=1 | base=1.48 | wall=1.05 | search=  0 | target=none

[DEPOSIT] R4 deposited! Total: 21
  [PHERO] Laid at (-2.05, 0.40) density=9 prob=0.28 entries=4
  [TARGET] R4 → SITE (-2.05, 0.40)
[DEPOSIT] R2 deposited! Total: 22
  [TARGET] R2 → SITE (-0.81, 1.72)
[PICKUP] R1 picked up tag (density=9) | Total: 24
[DEPOSIT] R3 deposited! Total: 23
  [PHERO] Laid at (-0.74, 1.72) density=10 prob=0.39 entries=5
  [TARGET] R3 → SITE (-0.74, 1.72)

======================================================================
Step 8000 (4.3 min) | Pickups: 24 | Deposits: 23 | Rate: 5.39 tags/min | phero_entries=5 max_w=0.967
======================================================================
R1[SURVEY    ]: carry=1 | base=1.96 | wall=0.78 | search=  0 | target=none
R2[SITE      ]: carry=0 | base=0.42 | wall=2.08 | search=  0 | target=site(-0.81,1.72)
R3[BASE_ESC  ]: carry=0 | base=0.22 | wall=2.30 | search=  0 | target=site(-0.74,1.72)
R4[SITE      ]: carry=0 | base=0.47 | wall=2.06 | search=  0 | target=site(-2.05,0.40)

[PICKUP] R4 picked up tag (density=8) | Total: 25

======================================================================
Step 8500 (4.5 min) | Pickups: 25 | Deposits: 23 | Rate: 5.07 tags/min | phero_entries=5 max_w=0.690
======================================================================
R1[RTB       ]: carry=1 | base=0.50 | wall=2.04 | search=  0 | target=none
R2[SEARCH    ]: carry=0 | base=1.88 | wall=0.84 | search=123 | target=site(-0.81,1.72)
R3[SITE      ]: carry=0 | base=1.69 | wall=0.95 | search=  0 | target=site(-0.74,1.72)
R4[SURVEY    ]: carry=1 | base=1.86 | wall=0.67 | search=  0 | target=none

[DEPOSIT] R1 deposited! Total: 24
  [TARGET] R1 → SITE (-0.94, 1.72)

======================================================================
Step 9000 (4.8 min) | Pickups: 25 | Deposits: 24 | Rate: 5.00 tags/min | phero_entries=5 max_w=0.492
======================================================================
R1[SITE      ]: carry=0 | base=1.43 | wall=1.23 | search=  0 | target=site(-0.94,1.72)
R2[SEARCH    ]: carry=0 | base=0.33 | wall=2.17 | search=623 | target=site(-0.81,1.72)
R3[SEARCH    ]: carry=0 | base=1.09 | wall=1.41 | search=465 | target=site(-0.74,1.72)
R4[RTB       ]: carry=1 | base=0.38 | wall=2.13 | search=  0 | target=none

[DEPOSIT] R4 deposited! Total: 25
  [TARGET] R4 → SITE (-1.82, 0.37)
[PICKUP] R3 picked up tag (density=12) | Total: 26

======================================================================
Step 9500 (5.1 min) | Pickups: 26 | Deposits: 25 | Rate: 4.93 tags/min | phero_entries=5 max_w=0.351
======================================================================
R1[SEARCH    ]: carry=0 | base=1.89 | wall=1.07 | search=375 | target=site(-0.94,1.72)
R2[SEARCH    ]: carry=0 | base=1.62 | wall=0.91 | search=1123 | target=site(-0.81,1.72)
R3[SURVEY    ]: carry=1 | base=1.09 | wall=1.42 | search=  0 | target=none
R4[SITE      ]: carry=0 | base=1.57 | wall=0.96 | search=  0 | target=site(-1.82,0.37)

[PICKUP] R1 picked up tag (density=7) | Total: 27
[PICKUP] R4 picked up tag (density=6) | Total: 28
[DEPOSIT] R3 deposited! Total: 26
  [PHERO] Laid at (1.08, -0.06) density=12 prob=0.62 entries=6
  [TARGET] R3 → SITE (1.08, -0.06)

======================================================================
Step 10000 (5.3 min) | Pickups: 28 | Deposits: 26 | Rate: 4.88 tags/min | phero_entries=6 max_w=0.970
======================================================================
R1[RTB       ]: carry=1 | base=1.87 | wall=0.66 | search=  0 | target=none
R2[WALL_ESC  ]: carry=0 | base=2.35 | wall=0.33 | search=1623 | target=site(-0.81,1.72)
R3[BASE_ESC  ]: carry=0 | base=0.22 | wall=2.28 | search=  0 | target=site(1.08,-0.06)
R4[SURVEY    ]: carry=1 | base=2.03 | wall=0.50 | search=  0 | target=none

[PICKUP] R3 picked up tag (density=11) | Total: 29
[DEPOSIT] R1 deposited! Total: 27
  [PHERO] Laid at (-1.87, 0.34) density=7 prob=0.11 entries=7
  [TARGET] R1 → SITE (-1.87, 0.34)

======================================================================
Step 10500 (5.6 min) | Pickups: 29 | Deposits: 27 | Rate: 4.82 tags/min | phero_entries=7 max_w=0.949
======================================================================
R1[BASE_ESC  ]: carry=0 | base=0.22 | wall=2.29 | search=  0 | target=site(-1.87,0.34)
R2[WALL_ESC  ]: carry=0 | base=2.35 | wall=0.33 | search=2123 | target=site(-0.81,1.72)
R3[SURVEY    ]: carry=1 | base=1.14 | wall=1.36 | search=  0 | target=none
R4[RTB       ]: carry=1 | base=0.59 | wall=1.91 | search=  0 | target=none

[DEPOSIT] R4 deposited! Total: 28
  [TARGET] R4 → SITE (-2.00, 0.32)
[DEPOSIT] R3 deposited! Total: 29
  [PHERO] Laid at (1.14, -0.05) density=11 prob=0.51 entries=8
  [TARGET] R3 → SITE (1.14, -0.05)

======================================================================
Step 11000 (5.9 min) | Pickups: 29 | Deposits: 29 | Rate: 4.94 tags/min | phero_entries=8 max_w=0.957
======================================================================
R1[SEARCH    ]: carry=0 | base=1.88 | wall=0.65 | search= 39 | target=site(-1.87,0.34)
R2[WALL_ESC  ]: carry=0 | base=2.35 | wall=0.33 | search=2623 | target=site(-0.81,1.72)
R3[BASE_ESC  ]: carry=0 | base=0.22 | wall=2.29 | search=  0 | target=site(1.14,-0.05)
R4[SITE      ]: carry=0 | base=1.35 | wall=1.16 | search=  0 | target=site(-2.00,0.32)

[PICKUP] R1 picked up tag (density=5) | Total: 30
[PICKUP] R4 picked up tag (density=4) | Total: 31
[PICKUP] R3 picked up tag (density=10) | Total: 32

======================================================================
Step 11500 (6.1 min) | Pickups: 32 | Deposits: 29 | Rate: 4.73 tags/min | phero_entries=8 max_w=0.683
======================================================================
R1[RTB       ]: carry=1 | base=1.20 | wall=1.32 | search=  0 | target=none
R2[WALL_ESC  ]: carry=0 | base=2.35 | wall=0.34 | search=3123 | target=site(-0.81,1.72)
R3[SURVEY    ]: carry=1 | base=1.17 | wall=1.34 | search=  0 | target=none
R4[RTB       ]: carry=1 | base=1.91 | wall=0.61 | search=  0 | target=none

[DEPOSIT] R1 deposited! Total: 30
  [TARGET] R1 → SITE (-1.86, 0.31)
[DEPOSIT] R3 deposited! Total: 31
  [TARGET] R3 → SITE (1.16, -0.07)
[DEPOSIT] R4 deposited! Total: 32
  [TARGET] R4 → SITE (-1.98, 0.29)

======================================================================
Step 12000 (6.4 min) | Pickups: 32 | Deposits: 32 | Rate: 5.00 tags/min | phero_entries=8 max_w=0.487
======================================================================
R1[SITE      ]: carry=0 | base=0.76 | wall=1.77 | search=  0 | target=site(-1.86,0.31)
R2[WALL_ESC  ]: carry=0 | base=2.34 | wall=0.33 | search=3623 | target=site(-0.81,1.72)
R3[SITE      ]: carry=0 | base=0.27 | wall=2.25 | search=  0 | target=site(1.16,-0.07)
R4[BASE_ESC  ]: carry=0 | base=0.22 | wall=2.28 | search=  0 | target=site(-1.98,0.29)


======================================================================
Step 12500 (6.7 min) | Pickups: 32 | Deposits: 32 | Rate: 4.80 tags/min | phero_entries=8 max_w=0.347
======================================================================
R1[SEARCH    ]: carry=0 | base=1.81 | wall=0.74 | search=218 | target=site(-1.86,0.31)
R2[GIVE_UP   ]: carry=0 | base=1.03 | wall=1.57 | search=3744 | target=none
R3[SEARCH    ]: carry=0 | base=1.01 | wall=1.53 | search=264 | target=site(1.16,-0.07)
R4[SEARCH    ]: carry=0 | base=1.96 | wall=0.56 | search=  2 | target=site(-1.98,0.29)

[PICKUP] R4 picked up tag (density=3) | Total: 33
[PICKUP] R1 picked up tag (density=2) | Total: 34
  [GIVE-UP] R2 returned empty after 3744 searching steps
  [TARGET] R2 → PHERO (1.08, -0.06)
  [GIVE-UP] R3 returned empty after 312 searching steps
  [TARGET] R3 → PHERO (-1.87, 0.34)

======================================================================
Step 13000 (6.9 min) | Pickups: 34 | Deposits: 32 | Rate: 4.62 tags/min | phero_entries=8 max_w=0.248
======================================================================
R1[RTB       ]: carry=1 | base=1.49 | wall=1.03 | search=  0 | target=none
R2[PHERO     ]: carry=0 | base=0.82 | wall=1.69 | search=  0 | target=phero(1.08,-0.06)
R3[PHERO     ]: carry=0 | base=0.27 | wall=2.28 | search=  0 | target=phero(-1.87,0.34)
R4[RTB       ]: carry=1 | base=1.56 | wall=0.95 | search=  0 | target=none

[DEPOSIT] R1 deposited! Total: 33
  [TARGET] R1 → SITE (-1.98, 0.24)
[DEPOSIT] R4 deposited! Total: 34
  [TARGET] R4 → SITE (-2.06, 0.24)
[PICKUP] R2 picked up tag (density=9) | Total: 35

======================================================================
Step 13500 (7.2 min) | Pickups: 35 | Deposits: 34 | Rate: 4.72 tags/min | phero_entries=7 max_w=0.177
======================================================================
R1[SITE      ]: carry=0 | base=0.35 | wall=2.15 | search=  0 | target=site(-1.98,0.24)
R2[SURVEY    ]: carry=1 | base=1.27 | wall=1.24 | search=  0 | target=none
R3[PHERO     ]: carry=0 | base=1.45 | wall=1.07 | search=  0 | target=phero(-1.87,0.34)
R4[SITE      ]: carry=0 | base=0.42 | wall=2.08 | search=  0 | target=site(-2.06,0.24)

[PICKUP] R3 picked up tag (density=1) | Total: 36

======================================================================
Step 14000 (7.5 min) | Pickups: 36 | Deposits: 34 | Rate: 4.55 tags/min | phero_entries=7 max_w=0.126
======================================================================
R1[SEARCH    ]: carry=0 | base=2.00 | wall=0.52 | search= 74 | target=site(-1.98,0.24)
R2[RTB       ]: carry=1 | base=0.47 | wall=2.03 | search=  0 | target=none
R3[RTB       ]: carry=1 | base=2.07 | wall=0.44 | search=  0 | target=none
R4[SEARCH    ]: carry=0 | base=2.03 | wall=0.48 | search= 76 | target=site(-2.06,0.24)

[DEPOSIT] R2 deposited! Total: 35
  [PHERO] Laid at (1.26, -0.10) density=9 prob=0.28 entries=8
  [TARGET] R2 → SITE (1.26, -0.10)
[PICKUP] R2 picked up tag (density=8) | Total: 37

======================================================================
Step 14500 (7.7 min) | Pickups: 37 | Deposits: 35 | Rate: 4.53 tags/min | phero_entries=8 max_w=0.742
======================================================================
R1[SEARCH    ]: carry=0 | base=1.04 | wall=1.63 | search=574 | target=site(-1.98,0.24)
R2[SURVEY    ]: carry=1 | base=1.27 | wall=1.23 | search=  0 | target=none
R3[RTB       ]: carry=1 | base=0.33 | wall=2.17 | search=  0 | target=none
R4[GIVE_UP   ]: carry=0 | base=0.40 | wall=2.10 | search=156 | target=none

[DEPOSIT] R3 deposited! Total: 36
  [TARGET] R3 → SITE (-1.89, 0.24)
  [GIVE-UP] R4 returned empty after 156 searching steps
  [TARGET] R4 → PHERO (1.26, -0.10)
  [GIVE-UP] R1 returned empty after 780 searching steps
  [TARGET] R1 → PHERO (-2.05, 0.40)

======================================================================
Step 15000 (8.0 min) | Pickups: 37 | Deposits: 36 | Rate: 4.50 tags/min | phero_entries=8 max_w=0.529
======================================================================
R1[BASE_ESC  ]: carry=0 | base=0.24 | wall=2.26 | search=  0 | target=phero(-2.05,0.40)
R2[RTB       ]: carry=1 | base=0.40 | wall=2.10 | search=  0 | target=none
R3[SITE      ]: carry=0 | base=0.78 | wall=1.72 | search=  0 | target=site(-1.89,0.24)
R4[BASE_ESC  ]: carry=0 | base=0.24 | wall=2.32 | search=  0 | target=phero(1.26,-0.10)

[DEPOSIT] R2 deposited! Total: 37
  [TARGET] R2 → SITE (1.27, -0.07)
[PICKUP] R2 picked up tag (density=7) | Total: 38

======================================================================
Step 15500 (8.3 min) | Pickups: 38 | Deposits: 37 | Rate: 4.48 tags/min | phero_entries=7 max_w=0.377
======================================================================
R1[PHERO     ]: carry=0 | base=1.10 | wall=1.46 | search=  0 | target=phero(-2.05,0.40)
R2[SURVEY    ]: carry=1 | base=1.25 | wall=1.25 | search=  0 | target=none
R3[GIVE_UP   ]: carry=0 | base=1.84 | wall=0.71 | search=156 | target=none
R4[SEARCH    ]: carry=0 | base=1.28 | wall=1.22 | search= 62 | target=phero(1.26,-0.10)


======================================================================
Step 16000 (8.5 min) | Pickups: 38 | Deposits: 37 | Rate: 4.34 tags/min | phero_entries=7 max_w=0.269
======================================================================
R1[SEARCH    ]: carry=0 | base=2.01 | wall=0.52 | search=165 | target=phero(-2.05,0.40)
R2[RTB       ]: carry=1 | base=0.56 | wall=1.94 | search=  0 | target=none
R3[GIVE_UP   ]: carry=0 | base=0.29 | wall=2.22 | search=156 | target=none
R4[SEARCH    ]: carry=0 | base=1.10 | wall=1.41 | search=562 | target=phero(1.26,-0.10)

  [GIVE-UP] R3 returned empty after 156 searching steps
  [TARGET] R3 → PHERO (1.26, -0.10)
[DEPOSIT] R2 deposited! Total: 38
  [TARGET] R2 → SITE (1.25, -0.02)

======================================================================
Step 16500 (8.8 min) | Pickups: 38 | Deposits: 38 | Rate: 4.32 tags/min | phero_entries=7 max_w=0.192
======================================================================
R1[SEARCH    ]: carry=0 | base=2.36 | wall=0.36 | search=665 | target=phero(-2.05,0.40)
R2[SEARCH    ]: carry=0 | base=1.26 | wall=1.24 | search= 39 | target=site(1.25,-0.02)
R3[PHERO     ]: carry=0 | base=0.62 | wall=1.89 | search=  0 | target=phero(1.26,-0.10)
R4[WALL_ESC  ]: carry=0 | base=2.19 | wall=0.35 | search=1062 | target=phero(1.26,-0.10)

[PICKUP] R2 picked up tag (density=6) | Total: 39

======================================================================
Step 17000 (9.1 min) | Pickups: 39 | Deposits: 38 | Rate: 4.19 tags/min | phero_entries=7 max_w=0.137
======================================================================
R1[GIVE_UP   ]: carry=0 | base=1.94 | wall=0.86 | search=936 | target=none
R2[RTB       ]: carry=1 | base=0.76 | wall=1.74 | search=  0 | target=none
R3[SEARCH    ]: carry=0 | base=1.23 | wall=1.30 | search=338 | target=phero(1.26,-0.10)
R4[WALL_ESC  ]: carry=0 | base=2.20 | wall=0.33 | search=1562 | target=phero(1.26,-0.10)

[DEPOSIT] R2 deposited! Total: 39
  [TARGET] R2 → SITE (1.28, 0.00)
  [GIVE-UP] R1 returned empty after 936 searching steps
  [TARGET] R1 → PHERO (1.26, -0.10)

======================================================================
Step 17500 (9.3 min) | Pickups: 39 | Deposits: 39 | Rate: 4.18 tags/min | phero_entries=6 max_w=0.098
======================================================================
R1[BASE_ESC  ]: carry=0 | base=0.22 | wall=2.30 | search=  0 | target=phero(1.26,-0.10)
R2[SITE      ]: carry=0 | base=1.16 | wall=1.34 | search=  0 | target=site(1.28,0.00)
R3[SEARCH    ]: carry=0 | base=2.12 | wall=0.38 | search=838 | target=phero(1.26,-0.10)
R4[WALL_ESC  ]: carry=0 | base=2.21 | wall=0.33 | search=2062 | target=phero(1.26,-0.10)

[PICKUP] R2 picked up tag (density=5) | Total: 40

======================================================================
Step 18000 (9.6 min) | Pickups: 40 | Deposits: 39 | Rate: 4.06 tags/min | phero_entries=6 max_w=0.070
======================================================================
R1[PHERO     ]: carry=0 | base=0.27 | wall=2.25 | search=  0 | target=phero(1.26,-0.10)
R2[RTB       ]: carry=1 | base=0.59 | wall=1.91 | search=  0 | target=none
R3[SEARCH    ]: carry=0 | base=2.12 | wall=0.38 | search=1338 | target=phero(1.26,-0.10)
R4[GIVE_UP   ]: carry=0 | base=0.74 | wall=1.77 | search=2184 | target=none

[DEPOSIT] R2 deposited! Total: 40
  [TARGET] R2 → SITE (1.26, 0.01)
  [GIVE-UP] R4 returned empty after 2184 searching steps
  [TARGET] R4 → PHERO (1.26, -0.10)

======================================================================
Step 18500 (9.9 min) | Pickups: 40 | Deposits: 40 | Rate: 4.05 tags/min | phero_entries=4 max_w=0.050
======================================================================
R1[SEARCH    ]: carry=0 | base=1.21 | wall=1.29 | search=159 | target=phero(1.26,-0.10)
R2[SITE      ]: carry=0 | base=1.17 | wall=1.33 | search=  0 | target=site(1.26,0.01)
R3[SEARCH    ]: carry=0 | base=2.13 | wall=0.37 | search=1838 | target=phero(1.26,-0.10)
R4[PHERO     ]: carry=0 | base=0.73 | wall=1.80 | search=  0 | target=phero(1.26,-0.10)

TIMEOUT_RESULT pickups=40 deposits=40 steps=18750 elapsed_min=10.000000
BATCH_RESULT pickups=40 deposits=40
