=================================================================
CPFA BASELINE — ARGoS-calibrated parameters
  Params file                  = /home/sara/Documents/RL-FL-Foraging/cpfa_tuning_20260715_140546/trial_004/params.yaml
  Results file                 = /home/sara/Documents/RL-FL-Foraging/controllers/cpfa_baseline/results/cpfa_baseline_results_20260715_141251_2.txt
  RateOfLayingPheromone        = 3.0000746392781066
  RateOfSiteFidelity           = 1.1419157844870185
  RateOfPheromoneDecay         = 0.0747636037327168 /s  (lifetime ~92s)
  ProbabilityOfReturningToNest = 0.08108968258667448 (every 5 sec → E[give-up] ~62s)
  UninformedSearchVariation    = 1.20 rad (68.8°)
  RateOfInformedSearchDecay    = 1.5490395920698299 /waypoint
  ProbabilityOfSwitchingToSearching = 0.5807642621173752 (every 5 sec in uninformed DEPARTING)
=================================================================

[PICKUP] R3 picked up tag (density=6) | Total: 1
[PICKUP] R2 picked up tag (density=9) | Total: 2
[DEPOSIT] R3 deposited! Total: 1
  [PHERO] Laid at (0.00, 0.50) density=6 prob=0.97 entries=1
  [TARGET] R3 → SITE (0.00, 0.50)
[DEPOSIT] R2 deposited! Total: 2
  [PHERO] Laid at (0.55, -0.05) density=9 prob=1.00 entries=2
  [TARGET] R2 → SITE (0.55, -0.05)

======================================================================
Step 500 (0.3 min) | Pickups: 2 | Deposits: 2 | Rate: 7.50 tags/min | phero_entries=2 max_w=0.904
======================================================================
R1[SEARCH    ]: carry=0 | base=1.11 | wall=1.64 | search=188 | target=none
R2[BASE_ESC  ]: carry=0 | base=0.22 | wall=2.28 | search=  0 | target=site(0.55,-0.05)
R3[SEARCH    ]: carry=0 | base=0.48 | wall=2.02 | search=  5 | target=site(0.00,0.50)
R4[SEARCH    ]: carry=0 | base=0.73 | wall=1.83 | search=344 | target=none

  [GIVE-UP] R4 returned empty after 468 searching steps
  [TARGET] R4 → PHERO (0.55, -0.05)

======================================================================
Step 1000 (0.5 min) | Pickups: 2 | Deposits: 2 | Rate: 3.75 tags/min | phero_entries=2 max_w=0.273
======================================================================
R1[SEARCH    ]: carry=0 | base=1.07 | wall=1.68 | search=688 | target=none
R2[SEARCH    ]: carry=0 | base=0.67 | wall=1.91 | search=317 | target=site(0.55,-0.05)
R3[SEARCH    ]: carry=0 | base=0.44 | wall=2.06 | search=505 | target=site(0.00,0.50)
R4[PHERO     ]: carry=0 | base=0.26 | wall=2.24 | search=  0 | target=phero(0.55,-0.05)

[PICKUP] R4 picked up tag (density=8) | Total: 3
[PICKUP] R3 picked up tag (density=5) | Total: 4
[DEPOSIT] R4 deposited! Total: 3
  [PHERO] Laid at (0.25, -0.22) density=8 prob=1.00 entries=3
  [TARGET] R4 → SITE (0.25, -0.22)

======================================================================
Step 1500 (0.8 min) | Pickups: 4 | Deposits: 3 | Rate: 3.75 tags/min | phero_entries=3 max_w=0.801
======================================================================
R1[SEARCH    ]: carry=0 | base=1.59 | wall=1.32 | search=1188 | target=none
R2[SEARCH    ]: carry=0 | base=0.61 | wall=1.96 | search=817 | target=site(0.55,-0.05)
R3[RTB       ]: carry=1 | base=0.25 | wall=2.25 | search=  0 | target=none
R4[SITE      ]: carry=0 | base=0.26 | wall=2.25 | search=  0 | target=site(0.25,-0.22)

[DEPOSIT] R3 deposited! Total: 4
  [PHERO] Laid at (0.02, 0.61) density=5 prob=0.92 entries=4
  [TARGET] R3 → SITE (0.02, 0.61)
[PICKUP] R4 picked up tag (density=7) | Total: 5
[PICKUP] R3 picked up tag (density=4) | Total: 6
[DEPOSIT] R4 deposited! Total: 5
  [PHERO] Laid at (0.31, -0.16) density=7 prob=0.99 entries=5
  [TARGET] R4 → SITE (0.31, -0.16)

======================================================================
Step 2000 (1.1 min) | Pickups: 6 | Deposits: 5 | Rate: 4.69 tags/min | phero_entries=5 max_w=0.898
======================================================================
R1[SEARCH    ]: carry=0 | base=1.61 | wall=1.14 | search=1688 | target=none
R2[SEARCH    ]: carry=0 | base=0.35 | wall=2.20 | search=1317 | target=site(0.55,-0.05)
R3[SURVEY    ]: carry=1 | base=0.50 | wall=2.00 | search=  0 | target=none
R4[BASE_ESC  ]: carry=0 | base=0.23 | wall=2.27 | search=  0 | target=site(0.31,-0.16)

[PICKUP] R4 picked up tag (density=6) | Total: 7
[DEPOSIT] R3 deposited! Total: 6
  [TARGET] R3 → SITE (-0.06, 0.50)

======================================================================
Step 2500 (1.3 min) | Pickups: 7 | Deposits: 6 | Rate: 4.50 tags/min | phero_entries=5 max_w=0.271
======================================================================
R1[SEARCH    ]: carry=0 | base=1.33 | wall=1.31 | search=2188 | target=none
R2[BASE_ESC  ]: carry=0 | base=0.23 | wall=2.29 | search=1817 | target=site(0.55,-0.05)
R3[SEARCH    ]: carry=0 | base=0.51 | wall=1.99 | search= 51 | target=site(-0.06,0.50)
R4[RTB       ]: carry=1 | base=0.33 | wall=2.17 | search=  0 | target=none

[DEPOSIT] R4 deposited! Total: 7
  [PHERO] Laid at (0.34, -0.14) density=6 prob=0.97 entries=6
  [TARGET] R4 → SITE (0.34, -0.14)
[PICKUP] R4 picked up tag (density=5) | Total: 8

======================================================================
Step 3000 (1.6 min) | Pickups: 8 | Deposits: 7 | Rate: 4.38 tags/min | phero_entries=6 max_w=0.326
======================================================================
R1[SEARCH    ]: carry=0 | base=1.30 | wall=1.35 | search=2688 | target=none
R2[SEARCH    ]: carry=0 | base=0.29 | wall=2.24 | search=2317 | target=site(0.55,-0.05)
R3[BASE_ESC  ]: carry=0 | base=0.23 | wall=2.28 | search=551 | target=site(-0.06,0.50)
R4[SURVEY    ]: carry=1 | base=0.41 | wall=2.12 | search=  0 | target=none

[DEPOSIT] R4 deposited! Total: 8
  [PHERO] Laid at (0.38, -0.16) density=5 prob=0.92 entries=6
  [TARGET] R4 → SITE (0.38, -0.16)
  [GIVE-UP] R2 returned empty after 2652 searching steps
  [TARGET] R2 → PHERO (0.38, -0.16)
[PICKUP] R4 picked up tag (density=4) | Total: 9

======================================================================
Step 3500 (1.9 min) | Pickups: 9 | Deposits: 8 | Rate: 4.29 tags/min | phero_entries=5 max_w=0.504
======================================================================
R1[SEARCH    ]: carry=0 | base=1.29 | wall=1.26 | search=3188 | target=none
R2[BASE_ESC  ]: carry=0 | base=0.23 | wall=2.30 | search=  0 | target=phero(0.38,-0.16)
R3[SEARCH    ]: carry=0 | base=0.40 | wall=2.13 | search=1051 | target=site(-0.06,0.50)
R4[SURVEY    ]: carry=1 | base=0.43 | wall=2.12 | search=  0 | target=none

[DEPOSIT] R4 deposited! Total: 9
  [PHERO] Laid at (0.39, -0.21) density=4 prob=0.82 entries=6
  [TARGET] R4 → SITE (0.39, -0.21)

======================================================================
Step 4000 (2.1 min) | Pickups: 9 | Deposits: 9 | Rate: 4.22 tags/min | phero_entries=6 max_w=0.703
======================================================================
R1[SEARCH    ]: carry=0 | base=1.18 | wall=1.50 | search=3688 | target=none
R2[SEARCH    ]: carry=0 | base=0.25 | wall=2.29 | search=272 | target=phero(0.38,-0.16)
R3[SEARCH    ]: carry=0 | base=0.35 | wall=2.15 | search=1551 | target=site(-0.06,0.50)
R4[SITE      ]: carry=0 | base=0.29 | wall=2.21 | search=  0 | target=site(0.39,-0.21)

  [GIVE-UP] R2 returned empty after 312 searching steps
  [TARGET] R2 → PHERO (0.38, -0.16)
  [GIVE-UP] R3 returned empty after 1716 searching steps
  [TARGET] R3 → PHERO (0.39, -0.21)

======================================================================
Step 4500 (2.4 min) | Pickups: 9 | Deposits: 9 | Rate: 3.75 tags/min | phero_entries=4 max_w=0.213
======================================================================
R1[SEARCH    ]: carry=0 | base=1.31 | wall=1.22 | search=4188 | target=none
R2[SEARCH    ]: carry=0 | base=0.36 | wall=2.20 | search=222 | target=phero(0.38,-0.16)
R3[SEARCH    ]: carry=0 | base=0.43 | wall=2.11 | search= 16 | target=phero(0.39,-0.21)
R4[SEARCH    ]: carry=0 | base=0.42 | wall=2.16 | search=428 | target=site(0.39,-0.21)

[PICKUP] R2 picked up tag (density=3) | Total: 10

======================================================================
Step 5000 (2.7 min) | Pickups: 10 | Deposits: 9 | Rate: 3.38 tags/min | phero_entries=3 max_w=0.064
======================================================================
R1[SEARCH    ]: carry=0 | base=1.17 | wall=1.33 | search=4688 | target=none
R2[SURVEY    ]: carry=1 | base=0.47 | wall=2.09 | search=  0 | target=none
R3[GIVE_UP   ]: carry=0 | base=0.27 | wall=2.28 | search=468 | target=none
R4[SEARCH    ]: carry=0 | base=0.25 | wall=2.26 | search=928 | target=site(0.39,-0.21)

  [GIVE-UP] R3 returned empty after 468 searching steps
  [TARGET] R3 → PHERO (0.39, -0.21)
[DEPOSIT] R2 deposited! Total: 10
  [PHERO] Laid at (0.41, -0.22) density=3 prob=0.65 entries=4
  [TARGET] R2 → SITE (0.41, -0.22)

======================================================================
Step 5500 (2.9 min) | Pickups: 10 | Deposits: 10 | Rate: 3.41 tags/min | phero_entries=3 max_w=0.585
======================================================================
R1[SEARCH    ]: carry=0 | base=0.96 | wall=1.54 | search=5188 | target=none
R2[SEARCH    ]: carry=0 | base=0.45 | wall=2.09 | search=  3 | target=site(0.41,-0.22)
R3[SEARCH    ]: carry=0 | base=0.43 | wall=2.16 | search=277 | target=phero(0.39,-0.21)
R4[SEARCH    ]: carry=0 | base=0.37 | wall=2.23 | search=1428 | target=site(0.39,-0.21)

[PICKUP] R2 picked up tag (density=2) | Total: 11
[PICKUP] R3 picked up tag (density=1) | Total: 12
[DEPOSIT] R2 deposited! Total: 11
  [PHERO] Laid at (0.43, -0.19) density=2 prob=0.42 entries=4
  [TARGET] R2 → SITE (0.43, -0.19)
[DEPOSIT] R3 deposited! Total: 12
  [TARGET] R3 → SITE (0.41, -0.39)

======================================================================
Step 6000 (3.2 min) | Pickups: 12 | Deposits: 12 | Rate: 3.75 tags/min | phero_entries=4 max_w=0.754
======================================================================
R1[SEARCH    ]: carry=0 | base=1.24 | wall=1.27 | search=5688 | target=none
R2[SITE      ]: carry=0 | base=0.26 | wall=2.24 | search=  0 | target=site(0.43,-0.19)
R3[BASE_ESC  ]: carry=0 | base=0.22 | wall=2.30 | search=  0 | target=site(0.41,-0.39)
R4[SEARCH    ]: carry=0 | base=0.45 | wall=2.17 | search=1928 | target=site(0.39,-0.21)


======================================================================
Step 6500 (3.5 min) | Pickups: 12 | Deposits: 12 | Rate: 3.46 tags/min | phero_entries=3 max_w=0.228
======================================================================
R1[GIVE_UP   ]: carry=0 | base=0.59 | wall=1.91 | search=5928 | target=none
R2[SEARCH    ]: carry=0 | base=0.44 | wall=2.07 | search=397 | target=site(0.43,-0.19)
R3[SEARCH    ]: carry=0 | base=0.52 | wall=2.04 | search=314 | target=site(0.41,-0.39)
R4[SEARCH    ]: carry=0 | base=0.53 | wall=2.01 | search=2428 | target=site(0.39,-0.21)

  [GIVE-UP] R1 returned empty after 5928 searching steps
  [TARGET] R1 → PHERO (0.43, -0.19)
  [GIVE-UP] R2 returned empty after 468 searching steps
  [TARGET] R2 → PHERO (0.43, -0.19)

======================================================================
Step 7000 (3.7 min) | Pickups: 12 | Deposits: 12 | Rate: 3.21 tags/min | phero_entries=2 max_w=0.069
======================================================================
R1[SEARCH    ]: carry=0 | base=0.52 | wall=1.98 | search=142 | target=phero(0.43,-0.19)
R2[SEARCH    ]: carry=0 | base=0.49 | wall=2.07 | search= 31 | target=phero(0.43,-0.19)
R3[SEARCH    ]: carry=0 | base=0.48 | wall=2.05 | search=814 | target=site(0.41,-0.39)
R4[SEARCH    ]: carry=0 | base=0.55 | wall=2.00 | search=2928 | target=site(0.39,-0.21)

  [GIVE-UP] R1 returned empty after 468 searching steps
  [TARGET] R1 → PHERO (0.43, -0.19)

======================================================================
Step 7500 (4.0 min) | Pickups: 12 | Deposits: 12 | Rate: 3.00 tags/min | phero_entries=2 max_w=0.021
======================================================================
R1[BASE_ESC  ]: carry=0 | base=0.24 | wall=2.31 | search=  0 | target=phero(0.43,-0.19)
R2[SEARCH    ]: carry=0 | base=0.66 | wall=2.00 | search=531 | target=phero(0.43,-0.19)
R3[SEARCH    ]: carry=0 | base=0.34 | wall=2.24 | search=1314 | target=site(0.41,-0.39)
R4[SEARCH    ]: carry=0 | base=0.82 | wall=1.69 | search=3428 | target=site(0.39,-0.21)


======================================================================
Step 8000 (4.3 min) | Pickups: 12 | Deposits: 12 | Rate: 2.81 tags/min | phero_entries=2 max_w=0.006
======================================================================
R1[GIVE_UP   ]: carry=0 | base=0.27 | wall=2.25 | search=156 | target=none
R2[SEARCH    ]: carry=0 | base=0.90 | wall=1.77 | search=1031 | target=phero(0.43,-0.19)
R3[SEARCH    ]: carry=0 | base=0.34 | wall=2.23 | search=1814 | target=site(0.41,-0.39)
R4[SEARCH    ]: carry=0 | base=0.84 | wall=1.69 | search=3928 | target=site(0.39,-0.21)

  [GIVE-UP] R1 returned empty after 156 searching steps
  [TARGET] R1 → PHERO (0.41, -0.22)

======================================================================
Step 8500 (4.5 min) | Pickups: 12 | Deposits: 12 | Rate: 2.65 tags/min | phero_entries=1 max_w=0.002
======================================================================
R1[SEARCH    ]: carry=0 | base=0.41 | wall=2.18 | search=288 | target=phero(0.41,-0.22)
R2[SEARCH    ]: carry=0 | base=1.00 | wall=1.56 | search=1531 | target=phero(0.43,-0.19)
R3[SEARCH    ]: carry=0 | base=0.54 | wall=1.97 | search=2314 | target=site(0.41,-0.39)
R4[SEARCH    ]: carry=0 | base=1.08 | wall=1.55 | search=4428 | target=site(0.39,-0.21)


======================================================================
Step 9000 (4.8 min) | Pickups: 12 | Deposits: 12 | Rate: 2.50 tags/min | phero_entries=0 max_w=0.000
======================================================================
R1[SEARCH    ]: carry=0 | base=0.42 | wall=2.08 | search=788 | target=phero(0.41,-0.22)
R2[SEARCH    ]: carry=0 | base=1.19 | wall=1.34 | search=2031 | target=phero(0.43,-0.19)
R3[SEARCH    ]: carry=0 | base=0.61 | wall=1.94 | search=2814 | target=site(0.41,-0.39)
R4[SEARCH    ]: carry=0 | base=1.00 | wall=1.74 | search=4928 | target=site(0.39,-0.21)

  [GIVE-UP] R3 returned empty after 2964 searching steps
  [TARGET] R3 → WALL (2.42, 2.30)
  [GIVE-UP] R1 returned empty after 936 searching steps
  [TARGET] R1 → WALL (1.42, -2.42)

======================================================================
Step 9500 (5.1 min) | Pickups: 12 | Deposits: 12 | Rate: 2.37 tags/min | phero_entries=0 max_w=0.000
======================================================================
R1[DEPART    ]: carry=0 | base=0.54 | wall=2.09 | search=  0 | target=none
R2[GIVE_UP   ]: carry=0 | base=0.89 | wall=1.61 | search=2496 | target=none
R3[DEPART    ]: carry=0 | base=0.70 | wall=1.85 | search=  0 | target=none
R4[SEARCH    ]: carry=0 | base=1.14 | wall=1.52 | search=5428 | target=site(0.39,-0.21)

  [GIVE-UP] R2 returned empty after 2496 searching steps
  [TARGET] R2 → WALL (2.42, 0.77)

======================================================================
Step 10000 (5.3 min) | Pickups: 12 | Deposits: 12 | Rate: 2.25 tags/min | phero_entries=0 max_w=0.000
======================================================================
R1[SEARCH    ]: carry=0 | base=0.69 | wall=1.90 | search=446 | target=none
R2[SEARCH    ]: carry=0 | base=0.87 | wall=1.68 | search= 59 | target=none
R3[SEARCH    ]: carry=0 | base=1.27 | wall=1.35 | search=384 | target=none
R4[SEARCH    ]: carry=0 | base=1.52 | wall=1.12 | search=5928 | target=site(0.39,-0.21)

  [GIVE-UP] R2 returned empty after 156 searching steps
  [TARGET] R2 → WALL (1.77, -2.42)

======================================================================
Step 10500 (5.6 min) | Pickups: 12 | Deposits: 12 | Rate: 2.14 tags/min | phero_entries=0 max_w=0.000
======================================================================
R1[GIVE_UP   ]: carry=0 | base=0.98 | wall=1.64 | search=936 | target=none
R2[DEPART    ]: carry=0 | base=0.31 | wall=2.25 | search=  0 | target=none
R3[SEARCH    ]: carry=0 | base=1.54 | wall=1.36 | search=884 | target=none
R4[SEARCH    ]: carry=0 | base=1.68 | wall=1.06 | search=6428 | target=site(0.39,-0.21)

  [GIVE-UP] R1 returned empty after 936 searching steps
  [TARGET] R1 → WALL (-0.80, 2.42)
  [GIVE-UP] R2 returned empty after 312 searching steps
  [TARGET] R2 → WALL (-2.42, 1.40)

======================================================================
Step 11000 (5.9 min) | Pickups: 12 | Deposits: 12 | Rate: 2.05 tags/min | phero_entries=0 max_w=0.000
======================================================================
R1[DEPART    ]: carry=0 | base=0.26 | wall=2.24 | search=  0 | target=none
R2[BASE_ESC  ]: carry=0 | base=0.23 | wall=2.29 | search=  0 | target=none
R3[SEARCH    ]: carry=0 | base=1.77 | wall=1.18 | search=1384 | target=none
R4[GIVE_UP   ]: carry=0 | base=1.40 | wall=1.28 | search=6864 | target=none

[PICKUP] R2 picked up tag (density=3) | Total: 13
  [GIVE-UP] R4 returned empty after 6864 searching steps
  [TARGET] R4 → WALL (0.95, -2.42)

======================================================================
Step 11500 (6.1 min) | Pickups: 13 | Deposits: 12 | Rate: 1.96 tags/min | phero_entries=0 max_w=0.000
======================================================================
R1[SEARCH    ]: carry=0 | base=0.26 | wall=2.25 | search=384 | target=none
R2[RTB       ]: carry=1 | base=0.36 | wall=2.16 | search=  0 | target=none
R3[SEARCH    ]: carry=0 | base=1.56 | wall=1.29 | search=1884 | target=none
R4[DEPART    ]: carry=0 | base=0.29 | wall=2.22 | search=  0 | target=none

[DEPOSIT] R2 deposited! Total: 13
  [PHERO] Laid at (-0.19, 0.41) density=3 prob=0.65 entries=1
  [TARGET] R2 → SITE (-0.19, 0.41)

======================================================================
Step 12000 (6.4 min) | Pickups: 13 | Deposits: 13 | Rate: 2.03 tags/min | phero_entries=1 max_w=0.326
======================================================================
R1[SEARCH    ]: carry=0 | base=0.25 | wall=2.25 | search=884 | target=none
R2[SEARCH    ]: carry=0 | base=0.38 | wall=2.23 | search=260 | target=site(-0.19,0.41)
R3[GIVE_UP   ]: carry=0 | base=1.70 | wall=1.13 | search=2340 | target=none
R4[SEARCH    ]: carry=0 | base=1.51 | wall=1.06 | search= 95 | target=none

[PICKUP] R2 picked up tag (density=2) | Total: 14
[DEPOSIT] R2 deposited! Total: 14
  [TARGET] R2 → SITE (-0.32, 0.46)
  [GIVE-UP] R3 returned empty after 2340 searching steps
  [TARGET] R3 → PHERO (-0.19, 0.41)

======================================================================
Step 12500 (6.7 min) | Pickups: 14 | Deposits: 14 | Rate: 2.10 tags/min | phero_entries=1 max_w=0.099
======================================================================
R1[SEARCH    ]: carry=0 | base=0.30 | wall=2.20 | search=1384 | target=none
R2[BASE_ESC  ]: carry=0 | base=0.22 | wall=2.29 | search=  0 | target=site(-0.32,0.46)
R3[BASE_ESC  ]: carry=0 | base=0.22 | wall=2.30 | search=  0 | target=phero(-0.19,0.41)
R4[SEARCH    ]: carry=0 | base=1.51 | wall=1.05 | search=595 | target=none

[PICKUP] R2 picked up tag (density=1) | Total: 15
[DEPOSIT] R2 deposited! Total: 15
  [TARGET] R2 → SITE (-0.29, 0.48)

======================================================================
Step 13000 (6.9 min) | Pickups: 15 | Deposits: 15 | Rate: 2.16 tags/min | phero_entries=1 max_w=0.030
======================================================================
R1[SEARCH    ]: carry=0 | base=0.27 | wall=2.24 | search=1884 | target=none
R2[BASE_ESC  ]: carry=0 | base=0.23 | wall=2.29 | search=  0 | target=site(-0.29,0.48)
R3[SEARCH    ]: carry=0 | base=0.29 | wall=2.26 | search=241 | target=phero(-0.19,0.41)
R4[SEARCH    ]: carry=0 | base=1.84 | wall=0.77 | search=1095 | target=none

  [GIVE-UP] R3 returned empty after 312 searching steps
  [TARGET] R3 → PHERO (-0.19, 0.41)

======================================================================
Step 13500 (7.2 min) | Pickups: 15 | Deposits: 15 | Rate: 2.08 tags/min | phero_entries=1 max_w=0.009
======================================================================
R1[BASE_ESC  ]: carry=0 | base=0.25 | wall=2.25 | search=2384 | target=none
R2[SEARCH    ]: carry=0 | base=0.56 | wall=1.94 | search=259 | target=site(-0.29,0.48)
R3[SEARCH    ]: carry=0 | base=0.48 | wall=2.02 | search=350 | target=phero(-0.19,0.41)
R4[GIVE_UP   ]: carry=0 | base=1.10 | wall=1.51 | search=1404 | target=none

  [GIVE-UP] R4 returned empty after 1404 searching steps
  [TARGET] R4 → PHERO (-0.19, 0.41)

======================================================================
Step 14000 (7.5 min) | Pickups: 15 | Deposits: 15 | Rate: 2.01 tags/min | phero_entries=1 max_w=0.003
======================================================================
R1[SEARCH    ]: carry=0 | base=0.28 | wall=2.22 | search=2884 | target=none
R2[GIVE_UP   ]: carry=0 | base=0.32 | wall=2.26 | search=624 | target=none
R3[SEARCH    ]: carry=0 | base=0.30 | wall=2.20 | search=850 | target=phero(-0.19,0.41)
R4[PHERO     ]: carry=0 | base=0.26 | wall=2.25 | search=  0 | target=phero(-0.19,0.41)

  [GIVE-UP] R2 returned empty after 624 searching steps
  [TARGET] R2 → PHERO (-0.19, 0.41)

======================================================================
Step 14500 (7.7 min) | Pickups: 15 | Deposits: 15 | Rate: 1.94 tags/min | phero_entries=0 max_w=0.000
======================================================================
R1[SEARCH    ]: carry=0 | base=0.31 | wall=2.23 | search=3384 | target=none
R2[SEARCH    ]: carry=0 | base=0.46 | wall=2.15 | search=262 | target=phero(-0.19,0.41)
R3[SEARCH    ]: carry=0 | base=0.28 | wall=2.25 | search=1350 | target=phero(-0.19,0.41)
R4[SEARCH    ]: carry=0 | base=0.32 | wall=2.26 | search=202 | target=phero(-0.19,0.41)

  [GIVE-UP] R4 returned empty after 312 searching steps
  [TARGET] R4 → WALL (2.42, 1.65)

======================================================================
Step 15000 (8.0 min) | Pickups: 15 | Deposits: 15 | Rate: 1.88 tags/min | phero_entries=0 max_w=0.000
======================================================================
R1[SEARCH    ]: carry=0 | base=0.38 | wall=2.23 | search=3884 | target=none
R2[SEARCH    ]: carry=0 | base=0.38 | wall=2.13 | search=762 | target=phero(-0.19,0.41)
R3[SEARCH    ]: carry=0 | base=0.27 | wall=2.27 | search=1850 | target=phero(-0.19,0.41)
R4[DEPART    ]: carry=0 | base=0.57 | wall=1.99 | search=  0 | target=none

  [GIVE-UP] R3 returned empty after 2028 searching steps
  [TARGET] R3 → WALL (-1.71, 2.42)

======================================================================
Step 15500 (8.3 min) | Pickups: 15 | Deposits: 15 | Rate: 1.81 tags/min | phero_entries=0 max_w=0.000
======================================================================
R1[GIVE_UP   ]: carry=0 | base=0.26 | wall=2.24 | search=4368 | target=none
R2[SEARCH    ]: carry=0 | base=0.51 | wall=2.11 | search=1262 | target=phero(-0.19,0.41)
R3[SEARCH    ]: carry=0 | base=0.53 | wall=2.02 | search= 63 | target=none
R4[SEARCH    ]: carry=0 | base=0.77 | wall=1.81 | search=411 | target=none

  [GIVE-UP] R1 returned empty after 4368 searching steps
  [TARGET] R1 → WALL (-1.69, -2.42)

======================================================================
Step 16000 (8.5 min) | Pickups: 15 | Deposits: 15 | Rate: 1.76 tags/min | phero_entries=0 max_w=0.000
======================================================================
R1[SEARCH    ]: carry=0 | base=1.11 | wall=1.55 | search=245 | target=none
R2[SEARCH    ]: carry=0 | base=0.36 | wall=2.18 | search=1762 | target=phero(-0.19,0.41)
R3[SEARCH    ]: carry=0 | base=0.67 | wall=1.99 | search=563 | target=none
R4[SEARCH    ]: carry=0 | base=0.62 | wall=2.01 | search=911 | target=none

  [GIVE-UP] R4 returned empty after 936 searching steps
  [TARGET] R4 → WALL (1.01, 2.42)

======================================================================
Step 16500 (8.8 min) | Pickups: 15 | Deposits: 15 | Rate: 1.70 tags/min | phero_entries=0 max_w=0.000
======================================================================
R1[SEARCH    ]: carry=0 | base=1.24 | wall=1.41 | search=745 | target=none
R2[SEARCH    ]: carry=0 | base=0.48 | wall=2.02 | search=2262 | target=phero(-0.19,0.41)
R3[SEARCH    ]: carry=0 | base=1.05 | wall=1.65 | search=1063 | target=none
R4[DEPART    ]: carry=0 | base=0.60 | wall=2.06 | search=  0 | target=none


======================================================================
Step 17000 (9.1 min) | Pickups: 15 | Deposits: 15 | Rate: 1.65 tags/min | phero_entries=0 max_w=0.000
======================================================================
R1[SEARCH    ]: carry=0 | base=1.51 | wall=1.08 | search=1245 | target=none
R2[SEARCH    ]: carry=0 | base=0.53 | wall=2.01 | search=2762 | target=phero(-0.19,0.41)
R3[SEARCH    ]: carry=0 | base=1.40 | wall=1.29 | search=1563 | target=none
R4[SEARCH    ]: carry=0 | base=0.83 | wall=1.86 | search=492 | target=none

  [GIVE-UP] R2 returned empty after 3120 searching steps
  [TARGET] R2 → WALL (-2.42, -2.20)

======================================================================
Step 17500 (9.3 min) | Pickups: 15 | Deposits: 15 | Rate: 1.61 tags/min | phero_entries=0 max_w=0.000
======================================================================
R1[SEARCH    ]: carry=0 | base=1.50 | wall=1.02 | search=1745 | target=none
R2[BASE_ESC  ]: carry=0 | base=0.22 | wall=2.28 | search=  0 | target=none
R3[SEARCH    ]: carry=0 | base=1.51 | wall=1.05 | search=2063 | target=none
R4[GIVE_UP   ]: carry=0 | base=0.68 | wall=1.89 | search=936 | target=none

  [GIVE-UP] R4 returned empty after 936 searching steps
  [TARGET] R4 → WALL (-2.42, 0.09)

======================================================================
Step 18000 (9.6 min) | Pickups: 15 | Deposits: 15 | Rate: 1.56 tags/min | phero_entries=0 max_w=0.000
======================================================================
R1[SEARCH    ]: carry=0 | base=1.57 | wall=0.95 | search=2245 | target=none
R2[SEARCH    ]: carry=0 | base=1.56 | wall=1.22 | search=142 | target=none
R3[SEARCH    ]: carry=0 | base=1.12 | wall=1.39 | search=2563 | target=none
R4[BASE_ESC  ]: carry=0 | base=0.23 | wall=2.32 | search=120 | target=none


======================================================================
Step 18500 (9.9 min) | Pickups: 15 | Deposits: 15 | Rate: 1.52 tags/min | phero_entries=0 max_w=0.000
======================================================================
R1[GIVE_UP   ]: carry=0 | base=1.33 | wall=1.17 | search=2652 | target=none
R2[GIVE_UP   ]: carry=0 | base=1.33 | wall=1.28 | search=624 | target=none
R3[SEARCH    ]: carry=0 | base=1.20 | wall=1.31 | search=3063 | target=none
R4[SEARCH    ]: carry=0 | base=0.49 | wall=2.11 | search=620 | target=none

TIMEOUT_RESULT pickups=15 deposits=15 steps=18750 elapsed_min=10.000000
BATCH_RESULT pickups=15 deposits=15
