=================================================================
CPFA BASELINE — ARGoS-calibrated parameters
  Params file                  = /home/sara/Documents/RL-FL-Foraging/cpfa_tuning_20260715_155549/trial_039/params.yaml
  Results file                 = /home/sara/Documents/RL-FL-Foraging/controllers/cpfa_baseline/results/cpfa_baseline_results_20260715_174216_13.txt
  RateOfLayingPheromone        = 6.8318165261403125
  RateOfSiteFidelity           = 2.5313842072461035
  RateOfPheromoneDecay         = 0.14841449690043457 /s  (lifetime ~47s)
  ProbabilityOfReturningToNest = 0.007604836244000032 (every 5 sec → E[give-up] ~657s)
  UninformedSearchVariation    = 1.39 rad (79.5°)
  RateOfInformedSearchDecay    = 1.3761257581657782 /waypoint
  ProbabilityOfSwitchingToSearching = 0.3425188711681111 (every 5 sec in uninformed DEPARTING)
=================================================================

[PICKUP] R3 picked up tag (density=6) | Total: 1
[PICKUP] R4 picked up tag (density=9) | Total: 2
[PICKUP] R2 picked up tag (density=8) | Total: 3
[DEPOSIT] R3 deposited! Total: 1
  [TARGET] R3 → SITE (0.00, 0.50)
[DEPOSIT] R4 deposited! Total: 2
  [PHERO] Laid at (0.23, -0.43) density=9 prob=0.85 entries=1
  [TARGET] R4 → SITE (0.23, -0.43)
[PICKUP] R1 picked up tag (density=7) | Total: 4
[PICKUP] R3 picked up tag (density=5) | Total: 5

======================================================================
Step 500 (0.3 min) | Pickups: 5 | Deposits: 2 | Rate: 7.50 tags/min | phero_entries=1 max_w=0.563
======================================================================
R1[SURVEY    ]: carry=1 | base=0.36 | wall=2.22 | search=  0 | target=none
R2[RTB       ]: carry=1 | base=0.33 | wall=2.17 | search=  0 | target=none
R3[SURVEY    ]: carry=1 | base=0.37 | wall=2.15 | search=  0 | target=none
R4[SITE      ]: carry=0 | base=0.26 | wall=2.28 | search=  0 | target=site(0.23,-0.43)

[PICKUP] R4 picked up tag (density=6) | Total: 6
[DEPOSIT] R2 deposited! Total: 3
  [PHERO] Laid at (0.51, -0.09) density=8 prob=0.75 entries=2
  [TARGET] R2 → SITE (0.51, -0.09)
[DEPOSIT] R3 deposited! Total: 4
  [TARGET] R3 → SITE (0.13, 0.34)
[DEPOSIT] R1 deposited! Total: 5
  [PHERO] Laid at (0.23, -0.28) density=7 prob=0.62 entries=3
  [TARGET] R1 → SITE (0.23, -0.28)
[DEPOSIT] R4 deposited! Total: 6
  [PHERO] Laid at (0.24, -0.16) density=6 prob=0.48 entries=4
  [TARGET] R4 → SITE (0.24, -0.16)
[PICKUP] R2 picked up tag (density=5) | Total: 7

======================================================================
Step 1000 (0.5 min) | Pickups: 7 | Deposits: 6 | Rate: 11.25 tags/min | phero_entries=4 max_w=0.450
======================================================================
R1[SEARCH    ]: carry=0 | base=0.37 | wall=2.23 | search= 45 | target=site(0.23,-0.28)
R2[SURVEY    ]: carry=1 | base=0.66 | wall=1.87 | search=  0 | target=none
R3[SEARCH    ]: carry=0 | base=0.38 | wall=2.14 | search= 42 | target=site(0.13,0.34)
R4[SITE      ]: carry=0 | base=0.31 | wall=2.19 | search=  0 | target=site(0.24,-0.16)

[PICKUP] R4 picked up tag (density=4) | Total: 8
[DEPOSIT] R2 deposited! Total: 7
  [PHERO] Laid at (0.63, -0.21) density=5 prob=0.32 entries=5
  [TARGET] R2 → SITE (0.63, -0.21)
[DEPOSIT] R4 deposited! Total: 8
  [TARGET] R4 → SITE (0.31, -0.19)
  [GIVE-UP] R1 returned empty after 468 searching steps
  [TARGET] R1 → PHERO (0.63, -0.21)

======================================================================
Step 1500 (0.8 min) | Pickups: 8 | Deposits: 8 | Rate: 10.00 tags/min | phero_entries=5 max_w=0.697
======================================================================
R1[BASE_ESC  ]: carry=0 | base=0.23 | wall=2.27 | search=  0 | target=phero(0.63,-0.21)
R2[BASE_ESC  ]: carry=0 | base=0.22 | wall=2.28 | search=  0 | target=site(0.63,-0.21)
R3[SEARCH    ]: carry=0 | base=0.28 | wall=2.23 | search=542 | target=site(0.13,0.34)
R4[BASE_ESC  ]: carry=0 | base=0.22 | wall=2.28 | search=  0 | target=site(0.31,-0.19)

[PICKUP] R1 picked up tag (density=3) | Total: 9

======================================================================
Step 2000 (1.1 min) | Pickups: 9 | Deposits: 8 | Rate: 7.50 tags/min | phero_entries=3 max_w=0.065
======================================================================
R1[RTB       ]: carry=1 | base=0.39 | wall=2.17 | search=  0 | target=none
R2[SEARCH    ]: carry=0 | base=0.89 | wall=1.63 | search=338 | target=site(0.63,-0.21)
R3[SEARCH    ]: carry=0 | base=0.32 | wall=2.19 | search=1042 | target=site(0.13,0.34)
R4[SEARCH    ]: carry=0 | base=0.46 | wall=2.15 | search=343 | target=site(0.31,-0.19)

[DEPOSIT] R1 deposited! Total: 9
  [TARGET] R1 → SITE (0.30, -0.29)
[PICKUP] R1 picked up tag (density=2) | Total: 10

======================================================================
Step 2500 (1.3 min) | Pickups: 10 | Deposits: 9 | Rate: 6.75 tags/min | phero_entries=1 max_w=0.006
======================================================================
R1[SURVEY    ]: carry=1 | base=0.53 | wall=2.07 | search=  0 | target=none
R2[SEARCH    ]: carry=0 | base=1.10 | wall=1.48 | search=838 | target=site(0.63,-0.21)
R3[BASE_ESC  ]: carry=0 | base=0.23 | wall=2.29 | search=1542 | target=site(0.13,0.34)
R4[SEARCH    ]: carry=0 | base=0.48 | wall=2.14 | search=843 | target=site(0.31,-0.19)

[DEPOSIT] R1 deposited! Total: 10
  [TARGET] R1 → PHERO (0.63, -0.21)

======================================================================
Step 3000 (1.6 min) | Pickups: 10 | Deposits: 10 | Rate: 6.25 tags/min | phero_entries=0 max_w=0.000
======================================================================
R1[PHERO     ]: carry=0 | base=0.35 | wall=2.22 | search=  0 | target=phero(0.63,-0.21)
R2[SEARCH    ]: carry=0 | base=1.11 | wall=1.58 | search=1338 | target=site(0.63,-0.21)
R3[BASE_ESC  ]: carry=0 | base=0.25 | wall=2.26 | search=2042 | target=site(0.13,0.34)
R4[SEARCH    ]: carry=0 | base=0.48 | wall=2.09 | search=1343 | target=site(0.31,-0.19)

[PICKUP] R4 picked up tag (density=1) | Total: 11
[DEPOSIT] R4 deposited! Total: 11
  [TARGET] R4 → WALL (-1.26, -2.42)

======================================================================
Step 3500 (1.9 min) | Pickups: 11 | Deposits: 11 | Rate: 5.89 tags/min | phero_entries=0 max_w=0.000
======================================================================
R1[SEARCH    ]: carry=0 | base=0.58 | wall=1.93 | search=390 | target=phero(0.63,-0.21)
R2[SEARCH    ]: carry=0 | base=1.42 | wall=1.22 | search=1838 | target=site(0.63,-0.21)
R3[SEARCH    ]: carry=0 | base=0.27 | wall=2.23 | search=2542 | target=site(0.13,0.34)
R4[BASE_ESC  ]: carry=0 | base=0.23 | wall=2.28 | search=  0 | target=none


======================================================================
Step 4000 (2.1 min) | Pickups: 11 | Deposits: 11 | Rate: 5.16 tags/min | phero_entries=0 max_w=0.000
======================================================================
R1[SEARCH    ]: carry=0 | base=0.78 | wall=1.72 | search=890 | target=phero(0.63,-0.21)
R2[SEARCH    ]: carry=0 | base=1.42 | wall=1.13 | search=2338 | target=site(0.63,-0.21)
R3[SEARCH    ]: carry=0 | base=0.48 | wall=2.11 | search=3042 | target=site(0.13,0.34)
R4[SEARCH    ]: carry=0 | base=0.89 | wall=1.66 | search=156 | target=none


======================================================================
Step 4500 (2.4 min) | Pickups: 11 | Deposits: 11 | Rate: 4.58 tags/min | phero_entries=0 max_w=0.000
======================================================================
R1[SEARCH    ]: carry=0 | base=0.39 | wall=2.18 | search=1390 | target=phero(0.63,-0.21)
R2[SEARCH    ]: carry=0 | base=1.16 | wall=1.39 | search=2838 | target=site(0.63,-0.21)
R3[SEARCH    ]: carry=0 | base=0.59 | wall=2.04 | search=3542 | target=site(0.13,0.34)
R4[SEARCH    ]: carry=0 | base=0.84 | wall=1.72 | search=656 | target=none

[PICKUP] R4 picked up tag (density=12) | Total: 12

======================================================================
Step 5000 (2.7 min) | Pickups: 12 | Deposits: 11 | Rate: 4.12 tags/min | phero_entries=0 max_w=0.000
======================================================================
R1[SEARCH    ]: carry=0 | base=0.50 | wall=2.07 | search=1890 | target=phero(0.63,-0.21)
R2[SEARCH    ]: carry=0 | base=1.38 | wall=1.17 | search=3338 | target=site(0.63,-0.21)
R3[SEARCH    ]: carry=0 | base=0.86 | wall=1.76 | search=4042 | target=site(0.13,0.34)
R4[SURVEY    ]: carry=1 | base=1.01 | wall=1.61 | search=  0 | target=none

[DEPOSIT] R4 deposited! Total: 12
  [PHERO] Laid at (-0.48, -0.90) density=12 prob=0.98 entries=1
  [TARGET] R4 → SITE (-0.48, -0.90)

======================================================================
Step 5500 (2.9 min) | Pickups: 12 | Deposits: 12 | Rate: 4.09 tags/min | phero_entries=1 max_w=0.323
======================================================================
R1[SEARCH    ]: carry=0 | base=0.62 | wall=1.89 | search=2390 | target=phero(0.63,-0.21)
R2[SEARCH    ]: carry=0 | base=1.29 | wall=1.42 | search=3838 | target=site(0.63,-0.21)
R3[SEARCH    ]: carry=0 | base=0.92 | wall=1.78 | search=4542 | target=site(0.13,0.34)
R4[SITE      ]: carry=0 | base=0.67 | wall=1.88 | search=  0 | target=site(-0.48,-0.90)


======================================================================
Step 6000 (3.2 min) | Pickups: 12 | Deposits: 12 | Rate: 3.75 tags/min | phero_entries=1 max_w=0.030
======================================================================
R1[SEARCH    ]: carry=0 | base=0.38 | wall=2.14 | search=2890 | target=phero(0.63,-0.21)
R2[SEARCH    ]: carry=0 | base=1.24 | wall=1.62 | search=4338 | target=site(0.63,-0.21)
R3[SEARCH    ]: carry=0 | base=1.41 | wall=1.31 | search=5042 | target=site(0.13,0.34)
R4[SEARCH    ]: carry=0 | base=0.60 | wall=1.92 | search=421 | target=site(-0.48,-0.90)


======================================================================
Step 6500 (3.5 min) | Pickups: 12 | Deposits: 12 | Rate: 3.46 tags/min | phero_entries=1 max_w=0.003
======================================================================
R1[SEARCH    ]: carry=0 | base=0.32 | wall=2.18 | search=3390 | target=phero(0.63,-0.21)
R2[SEARCH    ]: carry=0 | base=1.08 | wall=1.73 | search=4838 | target=site(0.63,-0.21)
R3[SEARCH    ]: carry=0 | base=1.52 | wall=1.22 | search=5542 | target=site(0.13,0.34)
R4[SEARCH    ]: carry=0 | base=0.66 | wall=1.95 | search=921 | target=site(-0.48,-0.90)


======================================================================
Step 7000 (3.7 min) | Pickups: 12 | Deposits: 12 | Rate: 3.21 tags/min | phero_entries=0 max_w=0.000
======================================================================
R1[SEARCH    ]: carry=0 | base=0.29 | wall=2.21 | search=3890 | target=phero(0.63,-0.21)
R2[SEARCH    ]: carry=0 | base=0.92 | wall=1.76 | search=5338 | target=site(0.63,-0.21)
R3[SEARCH    ]: carry=0 | base=1.39 | wall=1.24 | search=6042 | target=site(0.13,0.34)
R4[SEARCH    ]: carry=0 | base=0.43 | wall=2.09 | search=1421 | target=site(-0.48,-0.90)


======================================================================
Step 7500 (4.0 min) | Pickups: 12 | Deposits: 12 | Rate: 3.00 tags/min | phero_entries=0 max_w=0.000
======================================================================
R1[SEARCH    ]: carry=0 | base=0.37 | wall=2.20 | search=4390 | target=phero(0.63,-0.21)
R2[SEARCH    ]: carry=0 | base=1.17 | wall=1.56 | search=5838 | target=site(0.63,-0.21)
R3[SEARCH    ]: carry=0 | base=1.80 | wall=0.99 | search=6542 | target=site(0.13,0.34)
R4[SEARCH    ]: carry=0 | base=0.33 | wall=2.17 | search=1921 | target=site(-0.48,-0.90)


======================================================================
Step 8000 (4.3 min) | Pickups: 12 | Deposits: 12 | Rate: 2.81 tags/min | phero_entries=0 max_w=0.000
======================================================================
R1[SEARCH    ]: carry=0 | base=0.40 | wall=2.19 | search=4890 | target=phero(0.63,-0.21)
R2[SEARCH    ]: carry=0 | base=1.12 | wall=1.59 | search=6338 | target=site(0.63,-0.21)
R3[SEARCH    ]: carry=0 | base=1.74 | wall=0.98 | search=7042 | target=site(0.13,0.34)
R4[SEARCH    ]: carry=0 | base=0.50 | wall=2.00 | search=2421 | target=site(-0.48,-0.90)

[PICKUP] R1 picked up tag (density=4) | Total: 13

======================================================================
Step 8500 (4.5 min) | Pickups: 13 | Deposits: 12 | Rate: 2.65 tags/min | phero_entries=0 max_w=0.000
======================================================================
R1[SURVEY    ]: carry=1 | base=0.55 | wall=2.10 | search=  0 | target=none
R2[SEARCH    ]: carry=0 | base=1.17 | wall=1.52 | search=6838 | target=site(0.63,-0.21)
R3[SEARCH    ]: carry=0 | base=1.80 | wall=1.01 | search=7542 | target=site(0.13,0.34)
R4[SEARCH    ]: carry=0 | base=0.48 | wall=2.14 | search=2921 | target=site(-0.48,-0.90)

[DEPOSIT] R1 deposited! Total: 13
  [TARGET] R1 → SITE (0.39, 0.40)

======================================================================
Step 9000 (4.8 min) | Pickups: 13 | Deposits: 13 | Rate: 2.71 tags/min | phero_entries=0 max_w=0.000
======================================================================
R1[SEARCH    ]: carry=0 | base=0.52 | wall=2.11 | search=  2 | target=site(0.39,0.40)
R2[SEARCH    ]: carry=0 | base=1.11 | wall=1.71 | search=7338 | target=site(0.63,-0.21)
R3[SEARCH    ]: carry=0 | base=1.69 | wall=1.28 | search=8042 | target=site(0.13,0.34)
R4[SEARCH    ]: carry=0 | base=0.68 | wall=1.84 | search=3421 | target=site(-0.48,-0.90)


======================================================================
Step 9500 (5.1 min) | Pickups: 13 | Deposits: 13 | Rate: 2.57 tags/min | phero_entries=0 max_w=0.000
======================================================================
R1[SEARCH    ]: carry=0 | base=0.93 | wall=1.74 | search=502 | target=site(0.39,0.40)
R2[SEARCH    ]: carry=0 | base=1.17 | wall=1.41 | search=7838 | target=site(0.63,-0.21)
R3[SEARCH    ]: carry=0 | base=1.90 | wall=1.08 | search=8542 | target=site(0.13,0.34)
R4[SEARCH    ]: carry=0 | base=0.74 | wall=1.89 | search=3921 | target=site(-0.48,-0.90)


======================================================================
Step 10000 (5.3 min) | Pickups: 13 | Deposits: 13 | Rate: 2.44 tags/min | phero_entries=0 max_w=0.000
======================================================================
R1[SEARCH    ]: carry=0 | base=0.90 | wall=1.79 | search=1002 | target=site(0.39,0.40)
R2[SEARCH    ]: carry=0 | base=1.25 | wall=1.38 | search=8338 | target=site(0.63,-0.21)
R3[SEARCH    ]: carry=0 | base=1.63 | wall=1.33 | search=9042 | target=site(0.13,0.34)
R4[SEARCH    ]: carry=0 | base=0.70 | wall=1.87 | search=4421 | target=site(-0.48,-0.90)

[PICKUP] R1 picked up tag (density=3) | Total: 14

======================================================================
Step 10500 (5.6 min) | Pickups: 14 | Deposits: 13 | Rate: 2.32 tags/min | phero_entries=0 max_w=0.000
======================================================================
R1[SURVEY    ]: carry=1 | base=0.74 | wall=1.88 | search=  0 | target=none
R2[SEARCH    ]: carry=0 | base=1.47 | wall=1.16 | search=8838 | target=site(0.63,-0.21)
R3[SEARCH    ]: carry=0 | base=1.37 | wall=1.51 | search=9542 | target=site(0.13,0.34)
R4[SEARCH    ]: carry=0 | base=1.10 | wall=1.51 | search=4921 | target=site(-0.48,-0.90)

[DEPOSIT] R1 deposited! Total: 14
  [TARGET] R1 → WALL (-2.01, 2.42)
[PICKUP] R1 picked up tag (density=2) | Total: 15

======================================================================
Step 11000 (5.9 min) | Pickups: 15 | Deposits: 14 | Rate: 2.39 tags/min | phero_entries=0 max_w=0.000
======================================================================
R1[SURVEY    ]: carry=1 | base=0.42 | wall=2.09 | search=  0 | target=none
R2[SEARCH    ]: carry=0 | base=1.67 | wall=0.85 | search=9338 | target=site(0.63,-0.21)
R3[SEARCH    ]: carry=0 | base=1.64 | wall=1.32 | search=10042 | target=site(0.13,0.34)
R4[SEARCH    ]: carry=0 | base=0.83 | wall=1.69 | search=5421 | target=site(-0.48,-0.90)

[DEPOSIT] R1 deposited! Total: 15
  [TARGET] R1 → WALL (2.42, -1.40)

======================================================================
Step 11500 (6.1 min) | Pickups: 15 | Deposits: 15 | Rate: 2.45 tags/min | phero_entries=0 max_w=0.000
======================================================================
R1[DEPART    ]: carry=0 | base=0.49 | wall=2.01 | search=  0 | target=none
R2[SEARCH    ]: carry=0 | base=1.62 | wall=0.94 | search=9838 | target=site(0.63,-0.21)
R3[SEARCH    ]: carry=0 | base=1.70 | wall=1.12 | search=10542 | target=site(0.13,0.34)
R4[SEARCH    ]: carry=0 | base=0.84 | wall=1.67 | search=5921 | target=site(-0.48,-0.90)


======================================================================
Step 12000 (6.4 min) | Pickups: 15 | Deposits: 15 | Rate: 2.34 tags/min | phero_entries=0 max_w=0.000
======================================================================
R1[SEARCH    ]: carry=0 | base=0.68 | wall=1.83 | search=463 | target=none
R2[SEARCH    ]: carry=0 | base=1.56 | wall=0.97 | search=10338 | target=site(0.63,-0.21)
R3[SEARCH    ]: carry=0 | base=1.84 | wall=1.14 | search=11042 | target=site(0.13,0.34)
R4[SEARCH    ]: carry=0 | base=0.86 | wall=1.64 | search=6421 | target=site(-0.48,-0.90)


======================================================================
Step 12500 (6.7 min) | Pickups: 15 | Deposits: 15 | Rate: 2.25 tags/min | phero_entries=0 max_w=0.000
======================================================================
R1[SEARCH    ]: carry=0 | base=0.67 | wall=1.83 | search=963 | target=none
R2[SEARCH    ]: carry=0 | base=1.65 | wall=0.90 | search=10838 | target=site(0.63,-0.21)
R3[SEARCH    ]: carry=0 | base=2.03 | wall=1.00 | search=11542 | target=site(0.13,0.34)
R4[SEARCH    ]: carry=0 | base=0.70 | wall=1.85 | search=6921 | target=site(-0.48,-0.90)


======================================================================
Step 13000 (6.9 min) | Pickups: 15 | Deposits: 15 | Rate: 2.16 tags/min | phero_entries=0 max_w=0.000
======================================================================
R1[SEARCH    ]: carry=0 | base=0.66 | wall=1.90 | search=1463 | target=none
R2[SEARCH    ]: carry=0 | base=1.89 | wall=0.63 | search=11338 | target=site(0.63,-0.21)
R3[SEARCH    ]: carry=0 | base=1.71 | wall=1.24 | search=12042 | target=site(0.13,0.34)
R4[SEARCH    ]: carry=0 | base=0.95 | wall=1.81 | search=7421 | target=site(-0.48,-0.90)


======================================================================
Step 13500 (7.2 min) | Pickups: 15 | Deposits: 15 | Rate: 2.08 tags/min | phero_entries=0 max_w=0.000
======================================================================
R1[SEARCH    ]: carry=0 | base=0.84 | wall=1.80 | search=1963 | target=none
R2[SEARCH    ]: carry=0 | base=1.62 | wall=0.88 | search=11838 | target=site(0.63,-0.21)
R3[SEARCH    ]: carry=0 | base=1.79 | wall=1.07 | search=12542 | target=site(0.13,0.34)
R4[SEARCH    ]: carry=0 | base=1.08 | wall=1.62 | search=7921 | target=site(-0.48,-0.90)


======================================================================
Step 14000 (7.5 min) | Pickups: 15 | Deposits: 15 | Rate: 2.01 tags/min | phero_entries=0 max_w=0.000
======================================================================
R1[SEARCH    ]: carry=0 | base=0.87 | wall=1.88 | search=2463 | target=none
R2[SEARCH    ]: carry=0 | base=1.74 | wall=0.79 | search=12338 | target=site(0.63,-0.21)
R3[SEARCH    ]: carry=0 | base=1.84 | wall=1.02 | search=13042 | target=site(0.13,0.34)
R4[SEARCH    ]: carry=0 | base=1.13 | wall=1.69 | search=8421 | target=site(-0.48,-0.90)


======================================================================
Step 14500 (7.7 min) | Pickups: 15 | Deposits: 15 | Rate: 1.94 tags/min | phero_entries=0 max_w=0.000
======================================================================
R1[SEARCH    ]: carry=0 | base=0.64 | wall=1.97 | search=2963 | target=none
R2[SEARCH    ]: carry=0 | base=1.98 | wall=0.53 | search=12838 | target=site(0.63,-0.21)
R3[SEARCH    ]: carry=0 | base=2.05 | wall=0.85 | search=13542 | target=site(0.13,0.34)
R4[SEARCH    ]: carry=0 | base=1.26 | wall=1.43 | search=8921 | target=site(-0.48,-0.90)

[PICKUP] R1 picked up tag (density=1) | Total: 16

======================================================================
Step 15000 (8.0 min) | Pickups: 16 | Deposits: 15 | Rate: 1.88 tags/min | phero_entries=0 max_w=0.000
======================================================================
R1[RTB       ]: carry=1 | base=0.70 | wall=1.90 | search=  0 | target=none
R2[SEARCH    ]: carry=0 | base=2.14 | wall=0.36 | search=13338 | target=site(0.63,-0.21)
R3[SEARCH    ]: carry=0 | base=1.89 | wall=0.93 | search=14042 | target=site(0.13,0.34)
R4[SEARCH    ]: carry=0 | base=1.11 | wall=1.67 | search=9421 | target=site(-0.48,-0.90)

[DEPOSIT] R1 deposited! Total: 16
  [TARGET] R1 → WALL (-1.00, 2.42)

======================================================================
Step 15500 (8.3 min) | Pickups: 16 | Deposits: 16 | Rate: 1.94 tags/min | phero_entries=0 max_w=0.000
======================================================================
R1[DEPART    ]: carry=0 | base=0.80 | wall=1.71 | search=  0 | target=none
R2[WALL_ESC  ]: carry=0 | base=2.16 | wall=0.34 | search=13838 | target=site(0.63,-0.21)
R3[SEARCH    ]: carry=0 | base=2.03 | wall=0.84 | search=14542 | target=site(0.13,0.34)
R4[SEARCH    ]: carry=0 | base=0.96 | wall=1.70 | search=9921 | target=site(-0.48,-0.90)


======================================================================
Step 16000 (8.5 min) | Pickups: 16 | Deposits: 16 | Rate: 1.88 tags/min | phero_entries=0 max_w=0.000
======================================================================
R1[SEARCH    ]: carry=0 | base=1.11 | wall=1.43 | search=424 | target=none
R2[WALL_ESC  ]: carry=0 | base=2.16 | wall=0.34 | search=14338 | target=site(0.63,-0.21)
R3[SEARCH    ]: carry=0 | base=2.14 | wall=0.63 | search=15042 | target=site(0.13,0.34)
R4[SEARCH    ]: carry=0 | base=0.84 | wall=1.81 | search=10421 | target=site(-0.48,-0.90)


======================================================================
Step 16500 (8.8 min) | Pickups: 16 | Deposits: 16 | Rate: 1.82 tags/min | phero_entries=0 max_w=0.000
======================================================================
R1[SEARCH    ]: carry=0 | base=0.87 | wall=1.73 | search=924 | target=none
R2[WALL_ESC  ]: carry=0 | base=2.17 | wall=0.34 | search=14838 | target=site(0.63,-0.21)
R3[SEARCH    ]: carry=0 | base=2.16 | wall=0.53 | search=15542 | target=site(0.13,0.34)
R4[SEARCH    ]: carry=0 | base=1.04 | wall=1.67 | search=10921 | target=site(-0.48,-0.90)


======================================================================
Step 17000 (9.1 min) | Pickups: 16 | Deposits: 16 | Rate: 1.76 tags/min | phero_entries=0 max_w=0.000
======================================================================
R1[SEARCH    ]: carry=0 | base=1.00 | wall=1.62 | search=1424 | target=none
R2[WALL_ESC  ]: carry=0 | base=2.17 | wall=0.33 | search=15338 | target=site(0.63,-0.21)
R3[SEARCH    ]: carry=0 | base=2.08 | wall=0.59 | search=16042 | target=site(0.13,0.34)
R4[SEARCH    ]: carry=0 | base=0.97 | wall=1.71 | search=11421 | target=site(-0.48,-0.90)


======================================================================
Step 17500 (9.3 min) | Pickups: 16 | Deposits: 16 | Rate: 1.71 tags/min | phero_entries=0 max_w=0.000
======================================================================
R1[GIVE_UP   ]: carry=0 | base=0.91 | wall=1.75 | search=1872 | target=none
R2[WALL_ESC  ]: carry=0 | base=2.17 | wall=0.33 | search=15838 | target=site(0.63,-0.21)
R3[SEARCH    ]: carry=0 | base=2.04 | wall=0.55 | search=16542 | target=site(0.13,0.34)
R4[SEARCH    ]: carry=0 | base=0.84 | wall=1.78 | search=11921 | target=site(-0.48,-0.90)

  [GIVE-UP] R1 returned empty after 1872 searching steps
  [TARGET] R1 → WALL (2.42, 0.81)

======================================================================
Step 18000 (9.6 min) | Pickups: 16 | Deposits: 16 | Rate: 1.67 tags/min | phero_entries=0 max_w=0.000
======================================================================
R1[DEPART    ]: carry=0 | base=0.74 | wall=1.92 | search=  0 | target=none
R2[WALL_ESC  ]: carry=0 | base=2.17 | wall=0.33 | search=16338 | target=site(0.63,-0.21)
R3[SEARCH    ]: carry=0 | base=2.10 | wall=0.51 | search=17042 | target=site(0.13,0.34)
R4[SEARCH    ]: carry=0 | base=1.14 | wall=1.54 | search=12421 | target=site(-0.48,-0.90)


======================================================================
Step 18500 (9.9 min) | Pickups: 16 | Deposits: 16 | Rate: 1.62 tags/min | phero_entries=0 max_w=0.000
======================================================================
R1[WALL_ESC  ]: carry=0 | base=2.31 | wall=0.31 | search=  0 | target=none
R2[WALL_ESC  ]: carry=0 | base=2.18 | wall=0.33 | search=16838 | target=site(0.63,-0.21)
R3[SEARCH    ]: carry=0 | base=2.03 | wall=0.58 | search=17542 | target=site(0.13,0.34)
R4[SEARCH    ]: carry=0 | base=1.32 | wall=1.34 | search=12921 | target=site(-0.48,-0.90)

TIMEOUT_RESULT pickups=16 deposits=16 steps=18750 elapsed_min=10.000000
BATCH_RESULT pickups=16 deposits=16
