=================================================================
CPFA BASELINE — ARGoS-calibrated parameters
  Params file                  = /home/sara/Documents/RL-FL-Foraging/cpfa_tuning_20260715_155549/trial_039/params.yaml
  Results file                 = /home/sara/Documents/RL-FL-Foraging/controllers/cpfa_baseline/results/cpfa_baseline_results_20260715_174216_8.txt
  RateOfLayingPheromone        = 6.8318165261403125
  RateOfSiteFidelity           = 2.5313842072461035
  RateOfPheromoneDecay         = 0.14841449690043457 /s  (lifetime ~47s)
  ProbabilityOfReturningToNest = 0.007604836244000032 (every 5 sec → E[give-up] ~657s)
  UninformedSearchVariation    = 1.39 rad (79.5°)
  RateOfInformedSearchDecay    = 1.3761257581657782 /waypoint
  ProbabilityOfSwitchingToSearching = 0.3425188711681111 (every 5 sec in uninformed DEPARTING)
=================================================================

[PICKUP] R4 picked up tag (density=6) | Total: 1
[PICKUP] R3 picked up tag (density=9) | Total: 2
[DEPOSIT] R4 deposited! Total: 1
  [PHERO] Laid at (0.05, -0.49) density=6 prob=0.48 entries=1
  [TARGET] R4 → SITE (0.05, -0.49)
[DEPOSIT] R3 deposited! Total: 2
  [PHERO] Laid at (0.05, 0.53) density=9 prob=0.85 entries=2
  [TARGET] R3 → SITE (0.05, 0.53)
[PICKUP] R4 picked up tag (density=5) | Total: 3
[PICKUP] R3 picked up tag (density=8) | Total: 4

======================================================================
Step 500 (0.3 min) | Pickups: 4 | Deposits: 2 | Rate: 7.50 tags/min | phero_entries=2 max_w=0.448
======================================================================
R1[SEARCH    ]: carry=0 | base=1.18 | wall=1.34 | search=188 | target=none
R2[SEARCH    ]: carry=0 | base=0.48 | wall=2.05 | search=344 | target=none
R3[SURVEY    ]: carry=1 | base=0.30 | wall=2.24 | search=  0 | target=none
R4[SURVEY    ]: carry=1 | base=0.34 | wall=2.20 | search=  0 | target=none

[DEPOSIT] R3 deposited! Total: 3
  [PHERO] Laid at (0.16, 0.25) density=8 prob=0.75 entries=3
  [TARGET] R3 → SITE (0.16, 0.25)
[DEPOSIT] R4 deposited! Total: 4
  [TARGET] R4 → SITE (0.17, -0.29)

======================================================================
Step 1000 (0.5 min) | Pickups: 4 | Deposits: 4 | Rate: 7.50 tags/min | phero_entries=3 max_w=0.284
======================================================================
R1[SEARCH    ]: carry=0 | base=1.01 | wall=1.50 | search=688 | target=none
R2[SEARCH    ]: carry=0 | base=0.52 | wall=1.99 | search=844 | target=none
R3[SEARCH    ]: carry=0 | base=0.31 | wall=2.22 | search= 66 | target=site(0.16,0.25)
R4[SEARCH    ]: carry=0 | base=0.36 | wall=2.21 | search= 10 | target=site(0.17,-0.29)

[PICKUP] R4 picked up tag (density=4) | Total: 5
[DEPOSIT] R4 deposited! Total: 5
  [PHERO] Laid at (0.14, -0.37) density=4 prob=0.19 entries=4
  [TARGET] R4 → SITE (0.14, -0.37)

======================================================================
Step 1500 (0.8 min) | Pickups: 5 | Deposits: 5 | Rate: 6.25 tags/min | phero_entries=4 max_w=0.909
======================================================================
R1[SEARCH    ]: carry=0 | base=1.15 | wall=1.45 | search=1188 | target=none
R2[SEARCH    ]: carry=0 | base=0.41 | wall=2.09 | search=1344 | target=none
R3[SEARCH    ]: carry=0 | base=0.39 | wall=2.20 | search=566 | target=site(0.16,0.25)
R4[BASE_ESC  ]: carry=0 | base=0.23 | wall=2.33 | search=  0 | target=site(0.14,-0.37)

[PICKUP] R3 picked up tag (density=7) | Total: 6
[DEPOSIT] R3 deposited! Total: 6
  [TARGET] R3 → SITE (0.30, 0.25)

======================================================================
Step 2000 (1.1 min) | Pickups: 6 | Deposits: 6 | Rate: 5.62 tags/min | phero_entries=2 max_w=0.085
======================================================================
R1[SEARCH    ]: carry=0 | base=1.03 | wall=1.54 | search=1688 | target=none
R2[SEARCH    ]: carry=0 | base=0.51 | wall=2.01 | search=1844 | target=none
R3[SITE      ]: carry=0 | base=0.28 | wall=2.22 | search=  0 | target=site(0.30,0.25)
R4[SEARCH    ]: carry=0 | base=0.27 | wall=2.25 | search=311 | target=site(0.14,-0.37)

[PICKUP] R3 picked up tag (density=6) | Total: 7
[DEPOSIT] R3 deposited! Total: 7
  [PHERO] Laid at (0.33, 0.25) density=6 prob=0.48 entries=2
  [TARGET] R3 → SITE (0.33, 0.25)

======================================================================
Step 2500 (1.3 min) | Pickups: 7 | Deposits: 7 | Rate: 5.25 tags/min | phero_entries=2 max_w=0.707
======================================================================
R1[SEARCH    ]: carry=0 | base=0.63 | wall=1.89 | search=2188 | target=none
R2[SEARCH    ]: carry=0 | base=0.82 | wall=1.68 | search=2344 | target=none
R3[BASE_ESC  ]: carry=0 | base=0.22 | wall=2.28 | search=  0 | target=site(0.33,0.25)
R4[SEARCH    ]: carry=0 | base=0.28 | wall=2.28 | search=811 | target=site(0.14,-0.37)


======================================================================
Step 3000 (1.6 min) | Pickups: 7 | Deposits: 7 | Rate: 4.38 tags/min | phero_entries=1 max_w=0.066
======================================================================
R1[SEARCH    ]: carry=0 | base=0.69 | wall=1.83 | search=2688 | target=none
R2[SEARCH    ]: carry=0 | base=1.19 | wall=1.32 | search=2844 | target=none
R3[SEARCH    ]: carry=0 | base=0.28 | wall=2.22 | search=352 | target=site(0.33,0.25)
R4[SEARCH    ]: carry=0 | base=0.26 | wall=2.26 | search=1311 | target=site(0.14,-0.37)


======================================================================
Step 3500 (1.9 min) | Pickups: 7 | Deposits: 7 | Rate: 3.75 tags/min | phero_entries=1 max_w=0.006
======================================================================
R1[SEARCH    ]: carry=0 | base=0.79 | wall=1.75 | search=3188 | target=none
R2[SEARCH    ]: carry=0 | base=1.34 | wall=1.21 | search=3344 | target=none
R3[SEARCH    ]: carry=0 | base=0.52 | wall=2.09 | search=852 | target=site(0.33,0.25)
R4[SEARCH    ]: carry=0 | base=0.27 | wall=2.30 | search=1811 | target=site(0.14,-0.37)


======================================================================
Step 4000 (2.1 min) | Pickups: 7 | Deposits: 7 | Rate: 3.28 tags/min | phero_entries=0 max_w=0.000
======================================================================
R1[SEARCH    ]: carry=0 | base=0.81 | wall=1.77 | search=3688 | target=none
R2[SEARCH    ]: carry=0 | base=1.08 | wall=1.48 | search=3844 | target=none
R3[SEARCH    ]: carry=0 | base=0.71 | wall=1.82 | search=1352 | target=site(0.33,0.25)
R4[SEARCH    ]: carry=0 | base=0.41 | wall=2.13 | search=2311 | target=site(0.14,-0.37)


======================================================================
Step 4500 (2.4 min) | Pickups: 7 | Deposits: 7 | Rate: 2.92 tags/min | phero_entries=0 max_w=0.000
======================================================================
R1[SEARCH    ]: carry=0 | base=1.01 | wall=1.50 | search=4188 | target=none
R2[SEARCH    ]: carry=0 | base=1.01 | wall=1.57 | search=4344 | target=none
R3[SEARCH    ]: carry=0 | base=0.71 | wall=1.79 | search=1852 | target=site(0.33,0.25)
R4[GIVE_UP   ]: carry=0 | base=0.60 | wall=1.91 | search=2808 | target=none

  [GIVE-UP] R4 returned empty after 2808 searching steps
  [TARGET] R4 → WALL (2.42, -1.09)
[PICKUP] R3 picked up tag (density=5) | Total: 8

======================================================================
Step 5000 (2.7 min) | Pickups: 8 | Deposits: 7 | Rate: 2.62 tags/min | phero_entries=0 max_w=0.000
======================================================================
R1[SEARCH    ]: carry=0 | base=0.80 | wall=1.70 | search=4688 | target=none
R2[SEARCH    ]: carry=0 | base=1.11 | wall=1.48 | search=4844 | target=none
R3[SURVEY    ]: carry=1 | base=0.72 | wall=1.81 | search=  0 | target=none
R4[DEPART    ]: carry=0 | base=0.42 | wall=2.12 | search=  0 | target=none

[PICKUP] R4 picked up tag (density=3) | Total: 9
[DEPOSIT] R3 deposited! Total: 8
  [TARGET] R3 → SITE (0.21, 0.69)
[DEPOSIT] R4 deposited! Total: 9
  [TARGET] R4 → WALL (2.42, -2.01)
[PICKUP] R3 picked up tag (density=4) | Total: 10

======================================================================
Step 5500 (2.9 min) | Pickups: 10 | Deposits: 9 | Rate: 3.07 tags/min | phero_entries=0 max_w=0.000
======================================================================
R1[SEARCH    ]: carry=0 | base=0.71 | wall=1.81 | search=5188 | target=none
R2[SEARCH    ]: carry=0 | base=0.90 | wall=1.62 | search=5344 | target=none
R3[SURVEY    ]: carry=1 | base=0.41 | wall=2.16 | search=  0 | target=none
R4[DEPART    ]: carry=0 | base=0.54 | wall=2.04 | search=  0 | target=none

[DEPOSIT] R3 deposited! Total: 10
  [TARGET] R3 → SITE (0.23, 0.33)

======================================================================
Step 6000 (3.2 min) | Pickups: 10 | Deposits: 10 | Rate: 3.12 tags/min | phero_entries=0 max_w=0.000
======================================================================
R1[SEARCH    ]: carry=0 | base=0.91 | wall=1.61 | search=5688 | target=none
R2[SEARCH    ]: carry=0 | base=0.84 | wall=1.80 | search=5844 | target=none
R3[SEARCH    ]: carry=0 | base=0.37 | wall=2.18 | search= 86 | target=site(0.23,0.33)
R4[SEARCH    ]: carry=0 | base=2.11 | wall=0.93 | search=115 | target=none


======================================================================
Step 6500 (3.5 min) | Pickups: 10 | Deposits: 10 | Rate: 2.88 tags/min | phero_entries=0 max_w=0.000
======================================================================
R1[SEARCH    ]: carry=0 | base=0.82 | wall=1.76 | search=6188 | target=none
R2[SEARCH    ]: carry=0 | base=1.03 | wall=1.60 | search=6344 | target=none
R3[SEARCH    ]: carry=0 | base=0.54 | wall=1.96 | search=586 | target=site(0.23,0.33)
R4[SEARCH    ]: carry=0 | base=2.08 | wall=0.87 | search=615 | target=none

[PICKUP] R3 picked up tag (density=3) | Total: 11
[DEPOSIT] R3 deposited! Total: 11
  [TARGET] R3 → SITE (0.15, 0.56)

======================================================================
Step 7000 (3.7 min) | Pickups: 11 | Deposits: 11 | Rate: 2.95 tags/min | phero_entries=0 max_w=0.000
======================================================================
R1[SEARCH    ]: carry=0 | base=0.62 | wall=1.98 | search=6688 | target=none
R2[SEARCH    ]: carry=0 | base=0.80 | wall=1.84 | search=6844 | target=none
R3[BASE_ESC  ]: carry=0 | base=0.23 | wall=2.29 | search=  0 | target=site(0.15,0.56)
R4[SEARCH    ]: carry=0 | base=1.81 | wall=1.17 | search=1115 | target=none


======================================================================
Step 7500 (4.0 min) | Pickups: 11 | Deposits: 11 | Rate: 2.75 tags/min | phero_entries=0 max_w=0.000
======================================================================
R1[SEARCH    ]: carry=0 | base=0.58 | wall=2.02 | search=7188 | target=none
R2[SEARCH    ]: carry=0 | base=1.38 | wall=1.47 | search=7344 | target=none
R3[SEARCH    ]: carry=0 | base=0.43 | wall=2.08 | search=288 | target=site(0.15,0.56)
R4[SEARCH    ]: carry=0 | base=2.26 | wall=0.69 | search=1615 | target=none


======================================================================
Step 8000 (4.3 min) | Pickups: 11 | Deposits: 11 | Rate: 2.58 tags/min | phero_entries=0 max_w=0.000
======================================================================
R1[SEARCH    ]: carry=0 | base=0.81 | wall=1.84 | search=7688 | target=none
R2[SEARCH    ]: carry=0 | base=1.41 | wall=1.49 | search=7844 | target=none
R3[SEARCH    ]: carry=0 | base=0.27 | wall=2.29 | search=788 | target=site(0.15,0.56)
R4[SEARCH    ]: carry=0 | base=2.52 | wall=0.58 | search=2115 | target=none


======================================================================
Step 8500 (4.5 min) | Pickups: 11 | Deposits: 11 | Rate: 2.43 tags/min | phero_entries=0 max_w=0.000
======================================================================
R1[SEARCH    ]: carry=0 | base=0.98 | wall=1.58 | search=8188 | target=none
R2[SEARCH    ]: carry=0 | base=1.30 | wall=1.51 | search=8344 | target=none
R3[SEARCH    ]: carry=0 | base=0.33 | wall=2.17 | search=1288 | target=site(0.15,0.56)
R4[SEARCH    ]: carry=0 | base=2.29 | wall=0.70 | search=2615 | target=none

[PICKUP] R1 picked up tag (density=12) | Total: 12

======================================================================
Step 9000 (4.8 min) | Pickups: 12 | Deposits: 11 | Rate: 2.29 tags/min | phero_entries=0 max_w=0.000
======================================================================
R1[RTB       ]: carry=1 | base=0.40 | wall=2.12 | search=  0 | target=none
R2[SEARCH    ]: carry=0 | base=1.54 | wall=1.41 | search=8844 | target=none
R3[SEARCH    ]: carry=0 | base=0.57 | wall=2.06 | search=1788 | target=site(0.15,0.56)
R4[SEARCH    ]: carry=0 | base=2.48 | wall=0.61 | search=3115 | target=none

[DEPOSIT] R1 deposited! Total: 12
  [PHERO] Laid at (-0.35, -1.02) density=12 prob=0.98 entries=1
  [TARGET] R1 → SITE (-0.35, -1.02)

======================================================================
Step 9500 (5.1 min) | Pickups: 12 | Deposits: 12 | Rate: 2.37 tags/min | phero_entries=1 max_w=0.112
======================================================================
R1[SEARCH    ]: carry=0 | base=1.00 | wall=1.57 | search=127 | target=site(-0.35,-1.02)
R2[SEARCH    ]: carry=0 | base=0.93 | wall=1.65 | search=9344 | target=none
R3[SEARCH    ]: carry=0 | base=0.58 | wall=1.97 | search=2288 | target=site(0.15,0.56)
R4[SEARCH    ]: carry=0 | base=2.27 | wall=0.85 | search=3615 | target=none


======================================================================
Step 10000 (5.3 min) | Pickups: 12 | Deposits: 12 | Rate: 2.25 tags/min | phero_entries=1 max_w=0.010
======================================================================
R1[SEARCH    ]: carry=0 | base=0.78 | wall=1.72 | search=627 | target=site(-0.35,-1.02)
R2[SEARCH    ]: carry=0 | base=1.15 | wall=1.49 | search=9844 | target=none
R3[SEARCH    ]: carry=0 | base=0.38 | wall=2.12 | search=2788 | target=site(0.15,0.56)
R4[SEARCH    ]: carry=0 | base=2.26 | wall=0.76 | search=4115 | target=none


======================================================================
Step 10500 (5.6 min) | Pickups: 12 | Deposits: 12 | Rate: 2.14 tags/min | phero_entries=0 max_w=0.000
======================================================================
R1[SEARCH    ]: carry=0 | base=0.63 | wall=1.87 | search=1127 | target=site(-0.35,-1.02)
R2[SEARCH    ]: carry=0 | base=1.28 | wall=1.40 | search=10344 | target=none
R3[SEARCH    ]: carry=0 | base=0.51 | wall=2.13 | search=3288 | target=site(0.15,0.56)
R4[SEARCH    ]: carry=0 | base=2.02 | wall=0.82 | search=4615 | target=none


======================================================================
Step 11000 (5.9 min) | Pickups: 12 | Deposits: 12 | Rate: 2.05 tags/min | phero_entries=0 max_w=0.000
======================================================================
R1[SEARCH    ]: carry=0 | base=0.69 | wall=1.81 | search=1627 | target=site(-0.35,-1.02)
R2[SEARCH    ]: carry=0 | base=1.55 | wall=1.23 | search=10844 | target=none
R3[SEARCH    ]: carry=0 | base=0.38 | wall=2.13 | search=3788 | target=site(0.15,0.56)
R4[SEARCH    ]: carry=0 | base=2.33 | wall=0.63 | search=5115 | target=none

[PICKUP] R1 picked up tag (density=2) | Total: 13

======================================================================
Step 11500 (6.1 min) | Pickups: 13 | Deposits: 12 | Rate: 1.96 tags/min | phero_entries=0 max_w=0.000
======================================================================
R1[RTB       ]: carry=1 | base=0.59 | wall=1.99 | search=  0 | target=none
R2[SEARCH    ]: carry=0 | base=1.50 | wall=1.14 | search=11344 | target=none
R3[SEARCH    ]: carry=0 | base=0.37 | wall=2.13 | search=4288 | target=site(0.15,0.56)
R4[SEARCH    ]: carry=0 | base=2.47 | wall=0.41 | search=5615 | target=none

[DEPOSIT] R1 deposited! Total: 13
  [TARGET] R1 → WALL (2.42, 0.63)

======================================================================
Step 12000 (6.4 min) | Pickups: 13 | Deposits: 13 | Rate: 2.03 tags/min | phero_entries=0 max_w=0.000
======================================================================
R1[DEPART    ]: carry=0 | base=1.23 | wall=1.28 | search=  0 | target=none
R2[SEARCH    ]: carry=0 | base=1.67 | wall=1.24 | search=11844 | target=none
R3[SEARCH    ]: carry=0 | base=0.76 | wall=1.78 | search=4788 | target=site(0.15,0.56)
R4[SEARCH    ]: carry=0 | base=2.19 | wall=0.57 | search=6115 | target=none

[PICKUP] R1 picked up tag (density=16) | Total: 14

======================================================================
Step 12500 (6.7 min) | Pickups: 14 | Deposits: 13 | Rate: 1.95 tags/min | phero_entries=0 max_w=0.000
======================================================================
R1[SURVEY    ]: carry=1 | base=2.07 | wall=0.59 | search=  0 | target=none
R2[SEARCH    ]: carry=0 | base=1.58 | wall=1.35 | search=12344 | target=none
R3[SEARCH    ]: carry=0 | base=0.90 | wall=1.61 | search=5288 | target=site(0.15,0.56)
R4[SEARCH    ]: carry=0 | base=2.44 | wall=0.36 | search=6615 | target=none


======================================================================
Step 13000 (6.9 min) | Pickups: 14 | Deposits: 13 | Rate: 1.88 tags/min | phero_entries=0 max_w=0.000
======================================================================
R1[RTB       ]: carry=1 | base=1.31 | wall=1.26 | search=  0 | target=none
R2[SEARCH    ]: carry=0 | base=1.51 | wall=1.26 | search=12844 | target=none
R3[SEARCH    ]: carry=0 | base=1.03 | wall=1.51 | search=5788 | target=site(0.15,0.56)
R4[SEARCH    ]: carry=0 | base=2.43 | wall=0.36 | search=7115 | target=none

[DEPOSIT] R1 deposited! Total: 14
  [PHERO] Laid at (1.91, 0.79) density=16 prob=1.00 entries=1
  [TARGET] R1 → SITE (1.91, 0.79)

======================================================================
Step 13500 (7.2 min) | Pickups: 14 | Deposits: 14 | Rate: 1.94 tags/min | phero_entries=1 max_w=0.345
======================================================================
R1[SITE      ]: carry=0 | base=0.63 | wall=1.88 | search=  0 | target=site(1.91,0.79)
R2[SEARCH    ]: carry=0 | base=1.53 | wall=1.13 | search=13344 | target=none
R3[SEARCH    ]: carry=0 | base=1.29 | wall=1.24 | search=6288 | target=site(0.15,0.56)
R4[SEARCH    ]: carry=0 | base=2.44 | wall=0.38 | search=7615 | target=none

[PICKUP] R1 picked up tag (density=15) | Total: 15

======================================================================
Step 14000 (7.5 min) | Pickups: 15 | Deposits: 14 | Rate: 1.88 tags/min | phero_entries=1 max_w=0.032
======================================================================
R1[SURVEY    ]: carry=1 | base=2.09 | wall=0.57 | search=  0 | target=none
R2[SEARCH    ]: carry=0 | base=1.47 | wall=1.17 | search=13844 | target=none
R3[SEARCH    ]: carry=0 | base=1.06 | wall=1.52 | search=6788 | target=site(0.15,0.56)
R4[SEARCH    ]: carry=0 | base=2.40 | wall=0.39 | search=8115 | target=none


======================================================================
Step 14500 (7.7 min) | Pickups: 15 | Deposits: 14 | Rate: 1.81 tags/min | phero_entries=1 max_w=0.003
======================================================================
R1[RTB       ]: carry=1 | base=0.95 | wall=1.61 | search=  0 | target=none
R2[SEARCH    ]: carry=0 | base=1.58 | wall=1.05 | search=14344 | target=none
R3[SEARCH    ]: carry=0 | base=0.87 | wall=1.75 | search=7288 | target=site(0.15,0.56)
R4[WALL_ESC  ]: carry=0 | base=2.50 | wall=0.31 | search=8615 | target=none

[DEPOSIT] R1 deposited! Total: 15
  [PHERO] Laid at (1.93, 0.80) density=15 prob=1.00 entries=2
  [TARGET] R1 → SITE (1.93, 0.80)

======================================================================
Step 15000 (8.0 min) | Pickups: 15 | Deposits: 15 | Rate: 1.88 tags/min | phero_entries=1 max_w=0.221
======================================================================
R1[SITE      ]: carry=0 | base=1.01 | wall=1.59 | search=  0 | target=site(1.93,0.80)
R2[SEARCH    ]: carry=0 | base=1.46 | wall=1.19 | search=14844 | target=none
R3[SEARCH    ]: carry=0 | base=1.08 | wall=1.62 | search=7788 | target=site(0.15,0.56)
R4[SEARCH    ]: carry=0 | base=2.46 | wall=0.37 | search=9115 | target=none


======================================================================
Step 15500 (8.3 min) | Pickups: 15 | Deposits: 15 | Rate: 1.81 tags/min | phero_entries=1 max_w=0.021
======================================================================
R1[SEARCH    ]: carry=0 | base=1.99 | wall=0.65 | search=233 | target=site(1.93,0.80)
R2[SEARCH    ]: carry=0 | base=1.50 | wall=1.14 | search=15344 | target=none
R3[SEARCH    ]: carry=0 | base=1.12 | wall=1.48 | search=8288 | target=site(0.15,0.56)
R4[SEARCH    ]: carry=0 | base=2.41 | wall=0.38 | search=9615 | target=none

[PICKUP] R1 picked up tag (density=14) | Total: 16

======================================================================
Step 16000 (8.5 min) | Pickups: 16 | Deposits: 15 | Rate: 1.76 tags/min | phero_entries=1 max_w=0.002
======================================================================
R1[RTB       ]: carry=1 | base=1.44 | wall=1.15 | search=  0 | target=none
R2[SEARCH    ]: carry=0 | base=1.28 | wall=1.29 | search=15844 | target=none
R3[SEARCH    ]: carry=0 | base=1.19 | wall=1.42 | search=8788 | target=site(0.15,0.56)
R4[WALL_ESC  ]: carry=0 | base=2.50 | wall=0.31 | search=10115 | target=none

[DEPOSIT] R1 deposited! Total: 16
  [PHERO] Laid at (1.89, 0.83) density=14 prob=1.00 entries=1
  [TARGET] R1 → SITE (1.89, 0.83)
  [GIVE-UP] R3 returned empty after 8892 searching steps
  [TARGET] R3 → PHERO (1.89, 0.83)

======================================================================
Step 16500 (8.8 min) | Pickups: 16 | Deposits: 16 | Rate: 1.82 tags/min | phero_entries=1 max_w=0.415
======================================================================
R1[SITE      ]: carry=0 | base=0.49 | wall=2.02 | search=  0 | target=site(1.89,0.83)
R2[SEARCH    ]: carry=0 | base=1.32 | wall=1.35 | search=16344 | target=none
R3[BASE_ESC  ]: carry=0 | base=0.22 | wall=2.28 | search=  0 | target=phero(1.89,0.83)
R4[SEARCH    ]: carry=0 | base=2.42 | wall=0.39 | search=10615 | target=none

[PICKUP] R3 picked up tag (density=2) | Total: 17
[PICKUP] R1 picked up tag (density=13) | Total: 18

======================================================================
Step 17000 (9.1 min) | Pickups: 18 | Deposits: 16 | Rate: 1.76 tags/min | phero_entries=1 max_w=0.039
======================================================================
R1[SURVEY    ]: carry=1 | base=2.03 | wall=0.66 | search=  0 | target=none
R2[SEARCH    ]: carry=0 | base=1.40 | wall=1.25 | search=16844 | target=none
R3[SURVEY    ]: carry=1 | base=0.45 | wall=2.14 | search=  0 | target=none
R4[SEARCH    ]: carry=0 | base=2.42 | wall=0.36 | search=11115 | target=none

[DEPOSIT] R3 deposited! Total: 17
  [TARGET] R3 → SITE (0.26, 0.36)

======================================================================
Step 17500 (9.3 min) | Pickups: 18 | Deposits: 17 | Rate: 1.82 tags/min | phero_entries=1 max_w=0.004
======================================================================
R1[RTB       ]: carry=1 | base=1.38 | wall=1.22 | search=  0 | target=none
R2[SEARCH    ]: carry=0 | base=1.53 | wall=1.16 | search=17344 | target=none
R3[SEARCH    ]: carry=0 | base=0.50 | wall=2.14 | search=114 | target=site(0.26,0.36)
R4[WALL_ESC  ]: carry=0 | base=2.50 | wall=0.32 | search=11615 | target=none

[PICKUP] R3 picked up tag (density=1) | Total: 19
[DEPOSIT] R1 deposited! Total: 18
  [PHERO] Laid at (1.84, 0.86) density=13 prob=0.99 entries=1
  [TARGET] R1 → SITE (1.84, 0.86)
[DEPOSIT] R3 deposited! Total: 19
  [TARGET] R3 → PHERO (1.84, 0.86)

======================================================================
Step 18000 (9.6 min) | Pickups: 19 | Deposits: 19 | Rate: 1.98 tags/min | phero_entries=1 max_w=0.376
======================================================================
R1[SITE      ]: carry=0 | base=0.57 | wall=1.94 | search=  0 | target=site(1.84,0.86)
R2[SEARCH    ]: carry=0 | base=1.55 | wall=1.34 | search=17844 | target=none
R3[BASE_ESC  ]: carry=0 | base=0.25 | wall=2.29 | search=  0 | target=phero(1.84,0.86)
R4[SEARCH    ]: carry=0 | base=2.41 | wall=0.40 | search=12115 | target=none

[PICKUP] R1 picked up tag (density=12) | Total: 20

======================================================================
Step 18500 (9.9 min) | Pickups: 20 | Deposits: 19 | Rate: 1.93 tags/min | phero_entries=1 max_w=0.035
======================================================================
R1[SURVEY    ]: carry=1 | base=1.88 | wall=0.79 | search=  0 | target=none
R2[SEARCH    ]: carry=0 | base=1.79 | wall=0.96 | search=18344 | target=none
R3[PHERO     ]: carry=0 | base=1.73 | wall=0.93 | search=  0 | target=phero(1.84,0.86)
R4[WALL_ESC  ]: carry=0 | base=2.46 | wall=0.33 | search=12615 | target=none

[PICKUP] R3 picked up tag (density=11) | Total: 21
TIMEOUT_RESULT pickups=21 deposits=19 steps=18750 elapsed_min=10.000000
BATCH_RESULT pickups=21 deposits=19
