============================================================
EVALUATION MODE — CPFA-RL Trained Model
Arena: 7×7m  |  Robots: 4  |  Active tags: 32
============================================================

Loading model: ppo_cpfa_v9
Model loaded. PPO group: 4 robots (72 obs, 8 actions). Starting evaluation...

============================================================


======================================================================
Step 500 (0.3 min) | Pickups: 0 | Deposits: 0 | Rate: 0.00 tags/min | phero_entries=0 phero_max=0.000
======================================================================
R1[EXPLORE   ]: L=+1.00 R=+1.00 | carry=0 | base=0.42 ba=+0.98 | site=0 sd=0.00 sa=+0.00 | phero=0 pd=0.00 pa=+0.00 | srch=0.12 | wall=2.22
R2[EXPLORE   ]: L=+1.00 R=+1.00 | carry=0 | base=0.69 ba=-1.00 | site=0 sd=0.00 sa=+0.00 | phero=0 pd=0.00 pa=+0.00 | srch=0.12 | wall=1.08
R3[EXPLORE   ]: L=+1.00 R=+1.00 | carry=0 | base=0.54 ba=-0.96 | site=0 sd=0.00 sa=+0.00 | phero=0 pd=0.00 pa=+0.00 | srch=0.12 | wall=1.67
R4[EXPLORE   ]: L=+1.00 R=+0.45 | carry=0 | base=0.31 ba=-0.02 | site=0 sd=0.00 sa=+0.00 | phero=0 pd=0.00 pa=+0.00 | srch=0.12 | wall=2.46

[PICKUP] Robot 3 picked up tag (density=16) | Total: 1

======================================================================
Step 1000 (0.5 min) | Pickups: 1 | Deposits: 0 | Rate: 0.00 tags/min | phero_entries=0 phero_max=0.000
======================================================================
R1[EXPLORE   ]: L=+1.00 R=+1.00 | carry=0 | base=0.97 ba=+0.99 | site=0 sd=0.00 sa=+0.00 | phero=0 pd=0.00 pa=+0.00 | srch=0.25 | wall=0.61
R2[EXPLORE   ]: L=+1.00 R=+1.00 | carry=0 | base=0.71 ba=-0.14 | site=0 sd=0.00 sa=+0.00 | phero=0 pd=0.00 pa=+0.00 | srch=0.25 | wall=1.03
R3[RTB       ]: L=+1.00 R=+1.00 | carry=1 | base=0.62 ba=-0.00 | site=0 sd=0.00 sa=+0.00 | phero=0 pd=0.00 pa=+0.00 | srch=0.00 | wall=1.37
R4[EXPLORE   ]: L=+1.00 R=+0.63 | carry=0 | base=0.26 ba=+0.80 | site=0 sd=0.00 sa=+0.00 | phero=0 pd=0.00 pa=+0.00 | srch=0.25 | wall=2.72


======================================================================
Step 1500 (0.8 min) | Pickups: 1 | Deposits: 0 | Rate: 0.00 tags/min | phero_entries=0 phero_max=0.000
======================================================================
R1[EXPLORE   ]: L=+1.00 R=+1.00 | carry=0 | base=0.93 ba=+0.44 | site=0 sd=0.00 sa=+0.00 | phero=0 pd=0.00 pa=+0.00 | srch=0.38 | wall=0.94
R2[EXPLORE   ]: L=+1.00 R=+1.00 | carry=0 | base=0.32 ba=-0.40 | site=0 sd=0.00 sa=+0.00 | phero=0 pd=0.00 pa=+0.00 | srch=0.38 | wall=2.60
R3[RTB       ]: L=+1.00 R=+1.00 | carry=1 | base=0.07 ba=-0.00 | site=0 sd=0.00 sa=+0.00 | phero=0 pd=0.00 pa=+0.00 | srch=0.00 | wall=3.25
R4[EXPLORE   ]: L=+1.00 R=+0.93 | carry=0 | base=0.14 ba=-0.19 | site=0 sd=0.00 sa=+0.00 | phero=0 pd=0.00 pa=+0.00 | srch=0.38 | wall=3.14

[DEPOSIT] Robot 3 deposited! Total: 1
  [PHERO] Laid at (2.69, 0.66) density=16 prob=1.00 total_entries=1
  [TARGET] Robot 3 → SITE (2.69,0.66)

======================================================================
Step 2000 (1.1 min) | Pickups: 1 | Deposits: 1 | Rate: 0.94 tags/min | phero_entries=1 phero_max=0.450
======================================================================
R1[EXPLORE   ]: L=+1.00 R=+1.00 | carry=0 | base=0.84 ba=+0.28 | site=0 sd=0.00 sa=+0.00 | phero=0 pd=0.00 pa=+0.00 | srch=0.50 | wall=0.59
R2[EXPLORE   ]: L=+1.00 R=+1.00 | carry=0 | base=0.54 ba=-0.81 | site=0 sd=0.00 sa=+0.00 | phero=0 pd=0.00 pa=+0.00 | srch=0.50 | wall=1.99
R3[SITE      ]: L=+0.97 R=+1.00 | carry=0 | base=0.49 ba=+0.90 | site=1 sd=0.36 sa=+0.13 | phero=0 pd=0.00 pa=+0.00 | srch=0.12 | wall=1.80
R4[EXPLORE   ]: L=+1.00 R=+0.93 | carry=0 | base=0.46 ba=-0.82 | site=0 sd=0.00 sa=+0.00 | phero=0 pd=0.00 pa=+0.00 | srch=0.50 | wall=2.09

[GIVE-UP] R4 giving up after 2028 steps
[EMPTY_RTN] R4 → phero(2.69,0.66)

======================================================================
Step 2500 (1.3 min) | Pickups: 1 | Deposits: 1 | Rate: 0.75 tags/min | phero_entries=1 phero_max=0.202
======================================================================
R1[EXPLORE   ]: L=+1.00 R=+1.00 | carry=0 | base=0.64 ba=+0.50 | site=0 sd=0.00 sa=+0.00 | phero=0 pd=0.00 pa=+0.00 | srch=0.62 | wall=1.59
R2[EXPLORE   ]: L=+1.00 R=+1.00 | carry=0 | base=1.05 ba=-0.91 | site=0 sd=0.00 sa=+0.00 | phero=0 pd=0.00 pa=+0.00 | srch=0.62 | wall=0.51
R3[EXPLORE   ]: L=+1.00 R=+1.00 | carry=0 | base=0.88 ba=+0.70 | site=0 sd=0.00 sa=+0.00 | phero=0 pd=0.00 pa=+0.00 | srch=0.25 | wall=0.67
R4[BASE_ESC  ]: L=+0.00 R=+1.00 | carry=0 | base=0.07 ba=-0.14 | site=0 sd=0.00 sa=+0.00 | phero=1 pd=0.84 pa=-0.35 | srch=0.00 | wall=3.31


======================================================================
Step 3000 (1.6 min) | Pickups: 1 | Deposits: 1 | Rate: 0.62 tags/min | phero_entries=1 phero_max=0.091
======================================================================
R1[EXPLORE   ]: L=+1.00 R=+1.00 | carry=0 | base=0.26 ba=+0.29 | site=0 sd=0.00 sa=+0.00 | phero=0 pd=0.00 pa=+0.00 | srch=0.75 | wall=2.64
R2[EXPLORE   ]: L=+1.00 R=+1.00 | carry=0 | base=0.73 ba=-0.07 | site=0 sd=0.00 sa=+0.00 | phero=0 pd=0.00 pa=+0.00 | srch=0.75 | wall=1.27
R3[EXPLORE   ]: L=+1.00 R=+1.00 | carry=0 | base=1.10 ba=+0.67 | site=0 sd=0.00 sa=+0.00 | phero=0 pd=0.00 pa=+0.00 | srch=0.37 | wall=0.52
R4[BASE_ESC  ]: L=+1.00 R=+0.00 | carry=0 | base=0.07 ba=+0.54 | site=0 sd=0.00 sa=+0.00 | phero=1 pd=0.83 pa=+0.23 | srch=0.13 | wall=3.26


======================================================================
Step 3500 (1.9 min) | Pickups: 1 | Deposits: 1 | Rate: 0.54 tags/min | phero_entries=1 phero_max=0.041
======================================================================
R1[EXPLORE   ]: L=+1.00 R=+1.00 | carry=0 | base=0.44 ba=+0.85 | site=0 sd=0.00 sa=+0.00 | phero=0 pd=0.00 pa=+0.00 | srch=0.88 | wall=1.99
R2[EXPLORE   ]: L=+1.00 R=+1.00 | carry=0 | base=0.23 ba=-0.25 | site=0 sd=0.00 sa=+0.00 | phero=0 pd=0.00 pa=+0.00 | srch=0.88 | wall=2.69
R3[EXPLORE   ]: L=+1.00 R=+1.00 | carry=0 | base=0.73 ba=+0.12 | site=0 sd=0.00 sa=+0.00 | phero=0 pd=0.00 pa=+0.00 | srch=0.50 | wall=1.26
R4[PHERO     ]: L=+0.91 R=+0.91 | carry=0 | base=0.38 ba=+0.93 | site=0 sd=0.00 sa=+0.00 | phero=1 pd=0.43 pa=+0.05 | srch=0.25 | wall=2.18


======================================================================
Step 4000 (2.1 min) | Pickups: 1 | Deposits: 1 | Rate: 0.47 tags/min | phero_entries=1 phero_max=0.018
======================================================================
R1[WALL_ESC  ]: L=+0.00 R=+1.00 | carry=0 | base=0.91 ba=+0.53 | site=0 sd=0.00 sa=+0.00 | phero=0 pd=0.00 pa=+0.00 | srch=1.00 | wall=0.33
R2[EXPLORE   ]: L=+1.00 R=+1.00 | carry=0 | base=0.42 ba=-0.87 | site=0 sd=0.00 sa=+0.00 | phero=0 pd=0.00 pa=+0.00 | srch=1.00 | wall=2.16
R3[EXPLORE   ]: L=+1.00 R=+1.00 | carry=0 | base=0.30 ba=+0.36 | site=0 sd=0.00 sa=+0.00 | phero=0 pd=0.00 pa=+0.00 | srch=0.62 | wall=2.49
R4[EXPLORE   ]: L=+1.00 R=+1.00 | carry=0 | base=0.85 ba=+0.78 | site=0 sd=0.00 sa=+0.00 | phero=0 pd=0.00 pa=+0.00 | srch=0.38 | wall=0.66


======================================================================
Step 4500 (2.4 min) | Pickups: 1 | Deposits: 1 | Rate: 0.42 tags/min | phero_entries=1 phero_max=0.008
======================================================================
R1[EXPLORE   ]: L=+1.00 R=+1.00 | carry=0 | base=0.53 ba=+0.30 | site=0 sd=0.00 sa=+0.00 | phero=0 pd=0.00 pa=+0.00 | srch=1.00 | wall=1.92
R2[EXPLORE   ]: L=+1.00 R=+1.00 | carry=0 | base=0.95 ba=-0.94 | site=0 sd=0.00 sa=+0.00 | phero=0 pd=0.00 pa=+0.00 | srch=1.00 | wall=0.87
R3[EXPLORE   ]: L=+1.00 R=+1.00 | carry=0 | base=0.50 ba=+0.82 | site=0 sd=0.00 sa=+0.00 | phero=0 pd=0.00 pa=+0.00 | srch=0.75 | wall=1.75
R4[EXPLORE   ]: L=+1.00 R=+1.00 | carry=0 | base=0.87 ba=+0.45 | site=0 sd=0.00 sa=+0.00 | phero=0 pd=0.00 pa=+0.00 | srch=0.50 | wall=1.24

[GIVE-UP] R2 giving up after 4914 steps

======================================================================
Step 5000 (2.7 min) | Pickups: 1 | Deposits: 1 | Rate: 0.38 tags/min | phero_entries=1 phero_max=0.004
======================================================================
R1[EXPLORE   ]: L=+1.00 R=+1.00 | carry=0 | base=0.49 ba=+0.66 | site=0 sd=0.00 sa=+0.00 | phero=0 pd=0.00 pa=+0.00 | srch=1.00 | wall=1.79
R2[GIVE_UP   ]: L=+1.00 R=+0.95 | carry=0 | base=1.10 ba=-0.02 | site=0 sd=0.00 sa=+0.00 | phero=0 pd=0.00 pa=+0.00 | srch=1.00 | wall=0.61
R3[WALL_ESC  ]: L=+0.00 R=+1.00 | carry=0 | base=0.99 ba=+0.67 | site=0 sd=0.00 sa=+0.00 | phero=0 pd=0.00 pa=+0.00 | srch=0.87 | wall=0.34
R4[WALL_ESC  ]: L=+0.00 R=+1.00 | carry=0 | base=0.93 ba=+0.33 | site=0 sd=0.00 sa=+0.00 | phero=0 pd=0.00 pa=+0.00 | srch=0.63 | wall=0.34


======================================================================
Step 5500 (2.9 min) | Pickups: 1 | Deposits: 1 | Rate: 0.34 tags/min | phero_entries=1 phero_max=0.002
======================================================================
R1[EXPLORE   ]: L=+1.00 R=+1.00 | carry=0 | base=0.90 ba=+0.84 | site=0 sd=0.00 sa=+0.00 | phero=0 pd=0.00 pa=+0.00 | srch=1.00 | wall=1.07
R2[GIVE_UP   ]: L=+1.00 R=+1.00 | carry=0 | base=0.55 ba=-0.00 | site=0 sd=0.00 sa=+0.00 | phero=0 pd=0.00 pa=+0.00 | srch=1.00 | wall=2.05
R3[EXPLORE   ]: L=+1.00 R=+1.00 | carry=0 | base=0.78 ba=+0.44 | site=0 sd=0.00 sa=+0.00 | phero=0 pd=0.00 pa=+0.00 | srch=1.00 | wall=1.30
R4[EXPLORE   ]: L=+1.00 R=+1.00 | carry=0 | base=0.58 ba=+0.37 | site=0 sd=0.00 sa=+0.00 | phero=0 pd=0.00 pa=+0.00 | srch=0.75 | wall=1.54

[PICKUP] Robot 3 picked up tag (density=16) | Total: 2
[EMPTY_RTN] R2 → EXPLORE

======================================================================
Step 6000 (3.2 min) | Pickups: 2 | Deposits: 1 | Rate: 0.31 tags/min | phero_entries=0 phero_max=0.000
======================================================================
R1[EXPLORE   ]: L=+1.00 R=+1.00 | carry=0 | base=1.15 ba=+0.03 | site=0 sd=0.00 sa=+0.00 | phero=0 pd=0.00 pa=+0.00 | srch=1.00 | wall=0.47
R2[BASE_ESC  ]: L=+0.00 R=+1.00 | carry=0 | base=0.06 ba=-0.54 | site=0 sd=0.00 sa=+0.00 | phero=0 pd=0.00 pa=+0.00 | srch=0.02 | wall=3.32
R3[RTB       ]: L=+1.00 R=+1.00 | carry=1 | base=0.28 ba=+0.00 | site=0 sd=0.00 sa=+0.00 | phero=0 pd=0.00 pa=+0.00 | srch=0.00 | wall=2.70
R4[EXPLORE   ]: L=+1.00 R=+0.78 | carry=0 | base=0.79 ba=-0.94 | site=0 sd=0.00 sa=+0.00 | phero=0 pd=0.00 pa=+0.00 | srch=0.88 | wall=1.19

[DEPOSIT] Robot 3 deposited! Total: 2
  [PHERO] Laid at (-1.62, -2.21) density=16 prob=1.00 total_entries=1
  [TARGET] Robot 3 → SITE (-1.62,-2.21)

======================================================================
Step 6500 (3.5 min) | Pickups: 2 | Deposits: 2 | Rate: 0.58 tags/min | phero_entries=1 phero_max=0.607
======================================================================
R1[EXPLORE   ]: L=+1.00 R=+1.00 | carry=0 | base=0.61 ba=+0.06 | site=0 sd=0.00 sa=+0.00 | phero=0 pd=0.00 pa=+0.00 | srch=1.00 | wall=1.77
R2[EXPLORE   ]: L=+1.00 R=+1.00 | carry=0 | base=0.57 ba=-0.99 | site=0 sd=0.00 sa=+0.00 | phero=0 pd=0.00 pa=+0.00 | srch=0.14 | wall=1.56
R3[SITE      ]: L=+1.00 R=+0.98 | carry=0 | base=0.29 ba=+0.98 | site=1 sd=0.55 sa=-0.28 | phero=0 pd=0.00 pa=+0.00 | srch=0.08 | wall=2.49
R4[EXPLORE   ]: L=+1.00 R=+0.94 | carry=0 | base=0.49 ba=+0.34 | site=0 sd=0.00 sa=+0.00 | phero=0 pd=0.00 pa=+0.00 | srch=1.00 | wall=1.95

[PICKUP] Robot 2 picked up tag (density=15) | Total: 3
[PICKUP] Robot 3 picked up tag (density=15) | Total: 4
[GIVE-UP] R4 giving up after 4475 steps

======================================================================
Step 7000 (3.7 min) | Pickups: 4 | Deposits: 2 | Rate: 0.54 tags/min | phero_entries=1 phero_max=0.273
======================================================================
R1[EXPLORE   ]: L=+1.00 R=+1.00 | carry=0 | base=0.13 ba=+0.38 | site=0 sd=0.00 sa=+0.00 | phero=0 pd=0.00 pa=+0.00 | srch=1.00 | wall=3.07
R2[RTB       ]: L=+1.00 R=+1.00 | carry=1 | base=0.59 ba=-0.00 | site=0 sd=0.00 sa=+0.00 | phero=0 pd=0.00 pa=+0.00 | srch=0.00 | wall=1.47
R3[RTB       ]: L=+1.00 R=+0.14 | carry=1 | base=0.72 ba=-0.35 | site=0 sd=0.00 sa=+0.00 | phero=0 pd=0.00 pa=+0.00 | srch=0.00 | wall=1.31
R4[GIVE_UP   ]: L=+0.00 R=+1.00 | carry=0 | base=0.51 ba=+0.65 | site=0 sd=0.00 sa=+0.00 | phero=0 pd=0.00 pa=+0.00 | srch=1.00 | wall=1.75

[DEPOSIT] Robot 2 deposited! Total: 3
  [PHERO] Laid at (2.69, 0.55) density=15 prob=1.00 total_entries=2
  [TARGET] Robot 2 → SITE (2.69,0.55)
[EMPTY_RTN] R4 → phero(2.69,0.55)

======================================================================
Step 7500 (4.0 min) | Pickups: 4 | Deposits: 3 | Rate: 0.75 tags/min | phero_entries=2 phero_max=0.953
======================================================================
R1[EXPLORE   ]: L=+1.00 R=+1.00 | carry=0 | base=0.51 ba=+0.92 | site=0 sd=0.00 sa=+0.00 | phero=0 pd=0.00 pa=+0.00 | srch=1.00 | wall=1.92
R2[BASE_ESC  ]: L=+0.00 R=+1.00 | carry=0 | base=0.06 ba=-0.31 | site=1 sd=0.72 sa=+0.72 | phero=0 pd=0.00 pa=+0.00 | srch=0.01 | wall=3.28
R3[RTB       ]: L=+1.00 R=+1.00 | carry=1 | base=0.20 ba=-0.00 | site=0 sd=0.00 sa=+0.00 | phero=0 pd=0.00 pa=+0.00 | srch=0.00 | wall=2.90
R4[BASE_ESC  ]: L=+1.00 R=+0.00 | carry=0 | base=0.07 ba=+0.19 | site=0 sd=0.00 sa=+0.00 | phero=1 pd=0.85 pa=+0.30 | srch=0.00 | wall=3.27

[DEPOSIT] Robot 3 deposited! Total: 4
  [PHERO] Laid at (-1.19, -2.19) density=15 prob=1.00 total_entries=3
  [TARGET] Robot 3 → SITE (-1.19,-2.19)

======================================================================
Step 8000 (4.3 min) | Pickups: 4 | Deposits: 4 | Rate: 0.94 tags/min | phero_entries=3 phero_max=0.542
======================================================================
R1[EXPLORE   ]: L=+1.00 R=+1.00 | carry=0 | base=1.05 ba=+0.92 | site=0 sd=0.00 sa=+0.00 | phero=0 pd=0.00 pa=+0.00 | srch=1.00 | wall=0.62
R2[SITE      ]: L=+0.99 R=+1.00 | carry=0 | base=0.53 ba=+0.96 | site=1 sd=0.33 sa=+0.24 | phero=0 pd=0.00 pa=+0.00 | srch=0.13 | wall=1.67
R3[SITE      ]: L=+0.84 R=+1.00 | carry=0 | base=0.36 ba=+0.95 | site=1 sd=0.42 sa=+0.23 | phero=0 pd=0.00 pa=+0.00 | srch=0.10 | wall=2.45
R4[PHERO     ]: L=+1.00 R=-0.66 | carry=0 | base=0.07 ba=-0.38 | site=0 sd=0.00 sa=+0.00 | phero=1 pd=0.84 pa=-0.21 | srch=0.13 | wall=3.27

[PICKUP] Robot 2 picked up tag (density=14) | Total: 5

======================================================================
Step 8500 (4.5 min) | Pickups: 5 | Deposits: 4 | Rate: 0.88 tags/min | phero_entries=3 phero_max=0.243
======================================================================
R1[EXPLORE   ]: L=+1.00 R=+1.00 | carry=0 | base=1.08 ba=+0.14 | site=0 sd=0.00 sa=+0.00 | phero=0 pd=0.00 pa=+0.00 | srch=1.00 | wall=0.48
R2[RTB       ]: L=+1.00 R=+1.00 | carry=1 | base=0.72 ba=+0.00 | site=0 sd=0.00 sa=+0.00 | phero=0 pd=0.00 pa=+0.00 | srch=0.00 | wall=1.01
R3[EXPLORE   ]: L=+1.00 R=+1.00 | carry=0 | base=0.72 ba=+0.53 | site=0 sd=0.00 sa=+0.00 | phero=0 pd=0.00 pa=+0.00 | srch=0.22 | wall=1.20
R4[PHERO     ]: L=+1.00 R=-1.00 | carry=0 | base=0.07 ba=-0.75 | site=0 sd=0.00 sa=+0.00 | phero=1 pd=0.80 pa=-0.34 | srch=0.25 | wall=3.27


======================================================================
Step 9000 (4.8 min) | Pickups: 5 | Deposits: 4 | Rate: 0.83 tags/min | phero_entries=3 phero_max=0.109
======================================================================
R1[EXPLORE   ]: L=+1.00 R=+1.00 | carry=0 | base=0.63 ba=+0.27 | site=0 sd=0.00 sa=+0.00 | phero=0 pd=0.00 pa=+0.00 | srch=1.00 | wall=1.36
R2[RTB       ]: L=+1.00 R=+1.00 | carry=1 | base=0.20 ba=-0.00 | site=0 sd=0.00 sa=+0.00 | phero=0 pd=0.00 pa=+0.00 | srch=0.00 | wall=2.82
R3[WALL_ESC  ]: L=+0.00 R=+1.00 | carry=0 | base=0.91 ba=+0.35 | site=0 sd=0.00 sa=+0.00 | phero=0 pd=0.00 pa=+0.00 | srch=0.35 | wall=0.35
R4[PHERO     ]: L=+0.97 R=+0.96 | carry=0 | base=0.18 ba=-0.93 | site=0 sd=0.00 sa=+0.00 | phero=1 pd=0.61 pa=+0.11 | srch=0.38 | wall=2.89

[DEPOSIT] Robot 2 deposited! Total: 5
  [PHERO] Laid at (2.88, 0.26) density=14 prob=1.00 total_entries=4
  [TARGET] Robot 2 → SITE (2.88,0.26)
[GIVE-UP] R3 giving up after 1522 steps

======================================================================
Step 9500 (5.1 min) | Pickups: 5 | Deposits: 5 | Rate: 0.99 tags/min | phero_entries=4 phero_max=0.551
======================================================================
R1[EXPLORE   ]: L=+1.00 R=+1.00 | carry=0 | base=0.49 ba=+0.58 | site=0 sd=0.00 sa=+0.00 | phero=0 pd=0.00 pa=+0.00 | srch=1.00 | wall=2.24
R2[SITE      ]: L=+0.96 R=+1.00 | carry=0 | base=0.38 ba=+0.97 | site=1 sd=0.54 sa=+0.27 | phero=0 pd=0.00 pa=+0.00 | srch=0.09 | wall=2.30
R3[GIVE_UP   ]: L=+1.00 R=+1.00 | carry=0 | base=0.47 ba=+0.00 | site=0 sd=0.00 sa=+0.00 | phero=0 pd=0.00 pa=+0.00 | srch=0.47 | wall=1.95
R4[PHERO     ]: L=+0.41 R=+0.40 | carry=0 | base=0.23 ba=+0.99 | site=0 sd=0.00 sa=+0.00 | phero=1 pd=0.55 pa=-0.04 | srch=0.50 | wall=2.72

[EMPTY_RTN] R3 → phero(-1.19,-2.19)

======================================================================
Step 10000 (5.3 min) | Pickups: 5 | Deposits: 5 | Rate: 0.94 tags/min | phero_entries=4 phero_max=0.247
======================================================================
R1[EXPLORE   ]: L=+0.46 R=+1.00 | carry=0 | base=0.76 ba=+0.51 | site=0 sd=0.00 sa=+0.00 | phero=0 pd=0.00 pa=+0.00 | srch=1.00 | wall=0.85
R2[SITE      ]: L=+1.00 R=+1.00 | carry=0 | base=0.77 ba=+0.59 | site=1 sd=0.15 sa=-0.01 | phero=0 pd=0.00 pa=+0.00 | srch=0.22 | wall=0.82
R3[PHERO     ]: L=+1.00 R=-0.17 | carry=0 | base=0.07 ba=-0.85 | site=0 sd=0.00 sa=+0.00 | phero=1 pd=0.68 pa=-0.22 | srch=0.03 | wall=3.29
R4[PHERO     ]: L=-0.24 R=-0.25 | carry=0 | base=0.35 ba=-0.96 | site=0 sd=0.00 sa=+0.00 | phero=1 pd=0.44 pa=+0.01 | srch=0.63 | wall=2.32

[PICKUP] Robot 2 picked up tag (density=13) | Total: 6

======================================================================
Step 10500 (5.6 min) | Pickups: 6 | Deposits: 5 | Rate: 0.89 tags/min | phero_entries=4 phero_max=0.111
======================================================================
R1[EXPLORE   ]: L=+1.00 R=+1.00 | carry=0 | base=0.43 ba=-0.36 | site=0 sd=0.00 sa=+0.00 | phero=0 pd=0.00 pa=+0.00 | srch=1.00 | wall=2.27
R2[RTB       ]: L=+1.00 R=+1.00 | carry=1 | base=0.50 ba=+0.00 | site=0 sd=0.00 sa=+0.00 | phero=0 pd=0.00 pa=+0.00 | srch=0.00 | wall=1.76
R3[PHERO     ]: L=+0.93 R=+0.93 | carry=0 | base=0.54 ba=-0.98 | site=0 sd=0.00 sa=+0.00 | phero=1 pd=0.18 pa=-0.00 | srch=0.16 | wall=1.84
R4[PHERO     ]: L=+0.58 R=+0.60 | carry=0 | base=0.50 ba=-0.94 | site=0 sd=0.00 sa=+0.00 | phero=1 pd=0.30 pa=+0.17 | srch=0.75 | wall=1.77

[PICKUP] Robot 3 picked up tag (density=14) | Total: 7
[PICKUP] Robot 4 picked up tag (density=12) | Total: 8
[DEPOSIT] Robot 2 deposited! Total: 6
  [PHERO] Laid at (2.87, 0.26) density=13 prob=1.00 total_entries=4
  [TARGET] Robot 2 → SITE (2.87,0.26)

======================================================================
Step 11000 (5.9 min) | Pickups: 8 | Deposits: 6 | Rate: 1.02 tags/min | phero_entries=4 phero_max=0.841
======================================================================
R1[EXPLORE   ]: L=+1.00 R=+1.00 | carry=0 | base=0.53 ba=-0.74 | site=0 sd=0.00 sa=+0.00 | phero=0 pd=0.00 pa=+0.00 | srch=1.00 | wall=1.71
R2[BASE_ESC  ]: L=+1.00 R=+0.54 | carry=0 | base=0.07 ba=+0.89 | site=1 sd=0.76 sa=-0.21 | phero=0 pd=0.00 pa=+0.00 | srch=0.03 | wall=3.27
R3[RTB       ]: L=+1.00 R=+1.00 | carry=1 | base=0.52 ba=-0.00 | site=0 sd=0.00 sa=+0.00 | phero=0 pd=0.00 pa=+0.00 | srch=0.00 | wall=1.94
R4[RTB       ]: L=+0.98 R=+1.00 | carry=1 | base=0.72 ba=+0.01 | site=0 sd=0.00 sa=+0.00 | phero=0 pd=0.00 pa=+0.00 | srch=0.00 | wall=1.03

[DEPOSIT] Robot 3 deposited! Total: 7
  [PHERO] Laid at (-1.22, -2.25) density=14 prob=1.00 total_entries=5
  [TARGET] Robot 3 → SITE (-1.22,-2.25)

======================================================================
Step 11500 (6.1 min) | Pickups: 8 | Deposits: 7 | Rate: 1.14 tags/min | phero_entries=5 phero_max=0.866
======================================================================
R1[EXPLORE   ]: L=+1.00 R=+1.00 | carry=0 | base=0.99 ba=-0.90 | site=0 sd=0.00 sa=+0.00 | phero=0 pd=0.00 pa=+0.00 | srch=1.00 | wall=0.74
R2[SITE      ]: L=+1.00 R=+1.00 | carry=0 | base=0.55 ba=-0.75 | site=1 sd=0.30 sa=+0.10 | phero=0 pd=0.00 pa=+0.00 | srch=0.15 | wall=1.66
R3[BASE_ESC  ]: L=+0.09 R=+1.00 | carry=0 | base=0.06 ba=-0.77 | site=1 sd=0.67 sa=+0.31 | phero=0 pd=0.00 pa=+0.00 | srch=0.02 | wall=3.33
R4[RTB       ]: L=+1.00 R=+1.00 | carry=1 | base=0.17 ba=+0.00 | site=0 sd=0.00 sa=+0.00 | phero=0 pd=0.00 pa=+0.00 | srch=0.00 | wall=2.92

[DEPOSIT] Robot 4 deposited! Total: 8
  [PHERO] Laid at (2.73, 0.38) density=12 prob=1.00 total_entries=6
  [TARGET] Robot 4 → SITE (2.73,0.38)
[PICKUP] Robot 2 picked up tag (density=11) | Total: 9

======================================================================
Step 12000 (6.4 min) | Pickups: 9 | Deposits: 8 | Rate: 1.25 tags/min | phero_entries=4 phero_max=0.517
======================================================================
R1[EXPLORE   ]: L=+1.00 R=+1.00 | carry=0 | base=1.13 ba=-0.11 | site=0 sd=0.00 sa=+0.00 | phero=0 pd=0.00 pa=+0.00 | srch=1.00 | wall=0.40
R2[RTB       ]: L=+0.99 R=+1.00 | carry=1 | base=0.74 ba=+0.00 | site=0 sd=0.00 sa=+0.00 | phero=0 pd=0.00 pa=+0.00 | srch=0.00 | wall=0.91
R3[SITE      ]: L=+0.98 R=+1.00 | carry=0 | base=0.58 ba=+0.92 | site=1 sd=0.16 sa=+0.03 | phero=0 pd=0.00 pa=+0.00 | srch=0.15 | wall=1.80
R4[SITE      ]: L=+1.00 R=+1.00 | carry=0 | base=0.38 ba=-0.91 | site=1 sd=0.41 sa=+0.07 | phero=0 pd=0.00 pa=+0.00 | srch=0.10 | wall=2.18

[PICKUP] Robot 3 picked up tag (density=13) | Total: 10
[PICKUP] Robot 4 picked up tag (density=10) | Total: 11

======================================================================
Step 12500 (6.7 min) | Pickups: 11 | Deposits: 8 | Rate: 1.20 tags/min | phero_entries=4 phero_max=0.232
======================================================================
R1[EXPLORE   ]: L=+1.00 R=+1.00 | carry=0 | base=0.65 ba=-0.21 | site=0 sd=0.00 sa=+0.00 | phero=0 pd=0.00 pa=+0.00 | srch=1.00 | wall=1.38
R2[RTB       ]: L=+1.00 R=+1.00 | carry=1 | base=0.20 ba=+0.00 | site=0 sd=0.00 sa=+0.00 | phero=0 pd=0.00 pa=+0.00 | srch=0.00 | wall=2.82
R3[RTB       ]: L=+1.00 R=+1.00 | carry=1 | base=0.47 ba=+0.00 | site=0 sd=0.00 sa=+0.00 | phero=0 pd=0.00 pa=+0.00 | srch=0.00 | wall=2.03
R4[RTB       ]: L=+0.57 R=+1.00 | carry=1 | base=0.80 ba=+0.16 | site=0 sd=0.00 sa=+0.00 | phero=0 pd=0.00 pa=+0.00 | srch=0.00 | wall=0.73

[DEPOSIT] Robot 2 deposited! Total: 9
  [PHERO] Laid at (2.92, 0.27) density=11 prob=1.00 total_entries=5
  [TARGET] Robot 2 → SITE (2.92,0.27)
[DEPOSIT] Robot 3 deposited! Total: 10
  [PHERO] Laid at (-1.22, -2.26) density=13 prob=1.00 total_entries=6
  [TARGET] Robot 3 → SITE (-1.22,-2.26)

======================================================================
Step 13000 (6.9 min) | Pickups: 11 | Deposits: 10 | Rate: 1.44 tags/min | phero_entries=6 phero_max=0.801
======================================================================
R1[EXPLORE   ]: L=+1.00 R=+1.00 | carry=0 | base=0.48 ba=-0.72 | site=0 sd=0.00 sa=+0.00 | phero=0 pd=0.00 pa=+0.00 | srch=1.00 | wall=2.06
R2[SITE      ]: L=+1.00 R=+0.99 | carry=0 | base=0.35 ba=-0.87 | site=1 sd=0.51 sa=-0.01 | phero=0 pd=0.00 pa=+0.00 | srch=0.10 | wall=2.36
R3[SITE      ]: L=+1.00 R=+0.98 | carry=0 | base=0.10 ba=+0.93 | site=1 sd=0.64 sa=-0.21 | phero=0 pd=0.00 pa=+0.00 | srch=0.03 | wall=3.15
R4[RTB       ]: L=+1.00 R=+1.00 | carry=1 | base=0.26 ba=+0.00 | site=0 sd=0.00 sa=+0.00 | phero=0 pd=0.00 pa=+0.00 | srch=0.00 | wall=2.60

[DEPOSIT] Robot 4 deposited! Total: 11
  [PHERO] Laid at (2.82, 0.37) density=10 prob=1.00 total_entries=7
  [TARGET] Robot 4 → SITE (2.82,0.37)

======================================================================
Step 13500 (7.2 min) | Pickups: 11 | Deposits: 11 | Rate: 1.53 tags/min | phero_entries=6 phero_max=0.593
======================================================================
R1[EXPLORE   ]: L=+1.00 R=+1.00 | carry=0 | base=0.96 ba=+0.99 | site=0 sd=0.00 sa=+0.00 | phero=0 pd=0.00 pa=+0.00 | srch=1.00 | wall=1.11
R2[SITE      ]: L=+0.62 R=+1.00 | carry=0 | base=0.86 ba=+0.86 | site=1 sd=0.04 sa=+0.58 | phero=0 pd=0.00 pa=+0.00 | srch=0.22 | wall=0.49
R3[SITE      ]: L=+0.59 R=+0.59 | carry=0 | base=0.60 ba=-0.84 | site=1 sd=0.15 sa=+0.02 | phero=0 pd=0.00 pa=+0.00 | srch=0.16 | wall=1.58
R4[SITE      ]: L=+0.90 R=+0.90 | carry=0 | base=0.26 ba=-0.97 | site=1 sd=0.57 sa=+0.15 | phero=0 pd=0.00 pa=+0.00 | srch=0.08 | wall=2.61

[PICKUP] Robot 2 picked up tag (density=9) | Total: 12
[PICKUP] Robot 3 picked up tag (density=12) | Total: 13

======================================================================
Step 14000 (7.5 min) | Pickups: 13 | Deposits: 11 | Rate: 1.47 tags/min | phero_entries=6 phero_max=0.266
======================================================================
R1[EXPLORE   ]: L=+1.00 R=+1.00 | carry=0 | base=1.15 ba=+0.02 | site=0 sd=0.00 sa=+0.00 | phero=0 pd=0.00 pa=+0.00 | srch=1.00 | wall=0.56
R2[RTB       ]: L=+1.00 R=+1.00 | carry=1 | base=0.46 ba=+0.00 | site=0 sd=0.00 sa=+0.00 | phero=0 pd=0.00 pa=+0.00 | srch=0.00 | wall=1.89
R3[RTB       ]: L=+1.00 R=+1.00 | carry=1 | base=0.52 ba=-0.00 | site=0 sd=0.00 sa=+0.00 | phero=0 pd=0.00 pa=+0.00 | srch=0.00 | wall=1.93
R4[SITE      ]: L=+0.93 R=+1.00 | carry=0 | base=0.78 ba=+0.80 | site=1 sd=0.21 sa=+0.29 | phero=0 pd=0.00 pa=+0.00 | srch=0.21 | wall=0.80

[PICKUP] Robot 4 picked up tag (density=8) | Total: 14
[DEPOSIT] Robot 2 deposited! Total: 12
  [PHERO] Laid at (3.08, 0.26) density=9 prob=1.00 total_entries=7
  [TARGET] Robot 2 → SITE (3.08,0.26)
[DEPOSIT] Robot 3 deposited! Total: 13
  [PHERO] Laid at (-1.25, -2.29) density=12 prob=1.00 total_entries=8
  [TARGET] Robot 3 → SITE (-1.25,-2.29)

======================================================================
Step 14500 (7.7 min) | Pickups: 14 | Deposits: 13 | Rate: 1.68 tags/min | phero_entries=8 phero_max=0.869
======================================================================
R1[EXPLORE   ]: L=+1.00 R=+1.00 | carry=0 | base=0.61 ba=+0.02 | site=0 sd=0.00 sa=+0.00 | phero=0 pd=0.00 pa=+0.00 | srch=1.00 | wall=1.88
R2[SITE      ]: L=+1.00 R=+1.00 | carry=0 | base=0.11 ba=+0.92 | site=1 sd=0.78 sa=-0.22 | phero=0 pd=0.00 pa=+0.00 | srch=0.04 | wall=3.17
R3[BASE_ESC  ]: L=+0.00 R=+1.00 | carry=0 | base=0.06 ba=-0.75 | site=1 sd=0.68 sa=+0.33 | phero=0 pd=0.00 pa=+0.00 | srch=0.02 | wall=3.33
R4[RTB       ]: L=+1.00 R=+1.00 | carry=1 | base=0.61 ba=+0.00 | site=0 sd=0.00 sa=+0.00 | phero=0 pd=0.00 pa=+0.00 | srch=0.00 | wall=1.38

[GIVE-UP] R1 giving up after 14508 steps
[EMPTY_RTN] R1 → phero(-1.25,-2.29)
[DEPOSIT] Robot 4 deposited! Total: 14
  [PHERO] Laid at (3.03, 0.34) density=8 prob=1.00 total_entries=9
  [TARGET] Robot 4 → SITE (3.03,0.34)

======================================================================
Step 15000 (8.0 min) | Pickups: 14 | Deposits: 14 | Rate: 1.75 tags/min | phero_entries=9 phero_max=0.990
======================================================================
R1[BASE_ESC  ]: L=+1.00 R=+0.00 | carry=0 | base=0.07 ba=+0.17 | site=0 sd=0.00 sa=+0.00 | phero=1 pd=0.74 pa=+0.70 | srch=0.00 | wall=3.32
R2[SITE      ]: L=+1.00 R=+1.00 | carry=0 | base=0.62 ba=-0.83 | site=1 sd=0.28 sa=+0.04 | phero=0 pd=0.00 pa=+0.00 | srch=0.16 | wall=1.38
R3[SITE      ]: L=+0.88 R=+0.05 | carry=0 | base=0.55 ba=-0.87 | site=1 sd=0.19 sa=+0.09 | phero=0 pd=0.00 pa=+0.00 | srch=0.15 | wall=1.78
R4[BASE_ESC  ]: L=+1.00 R=+0.00 | carry=0 | base=0.07 ba=+0.11 | site=1 sd=0.80 sa=-0.90 | phero=0 pd=0.00 pa=+0.00 | srch=0.00 | wall=3.27

[PICKUP] Robot 2 picked up tag (density=7) | Total: 15

======================================================================
Step 15500 (8.3 min) | Pickups: 15 | Deposits: 14 | Rate: 1.69 tags/min | phero_entries=8 phero_max=0.445
======================================================================
R1[PHERO     ]: L=+1.00 R=+1.00 | carry=0 | base=0.43 ba=-0.91 | site=0 sd=0.00 sa=+0.00 | phero=1 pd=0.50 pa=-0.32 | srch=0.13 | wall=2.04
R2[RTB       ]: L=+1.00 R=+1.00 | carry=1 | base=0.78 ba=+0.00 | site=0 sd=0.00 sa=+0.00 | phero=0 pd=0.00 pa=+0.00 | srch=0.00 | wall=0.78
R3[SITE      ]: L=+0.40 R=+0.39 | carry=0 | base=0.65 ba=+0.98 | site=1 sd=0.10 sa=-0.05 | phero=0 pd=0.00 pa=+0.00 | srch=0.27 | wall=1.50
R4[SITE      ]: L=+1.00 R=+1.00 | carry=0 | base=0.45 ba=-0.96 | site=1 sd=0.49 sa=+0.28 | phero=0 pd=0.00 pa=+0.00 | srch=0.13 | wall=1.99

[PICKUP] Robot 3 picked up tag (density=11) | Total: 16

======================================================================
Step 16000 (8.5 min) | Pickups: 16 | Deposits: 14 | Rate: 1.64 tags/min | phero_entries=6 phero_max=0.200
======================================================================
R1[WALL_ESC  ]: L=+1.00 R=+0.00 | carry=0 | base=0.91 ba=-0.59 | site=0 sd=0.00 sa=+0.00 | phero=1 pd=0.39 pa=-0.29 | srch=0.25 | wall=0.33
R2[RTB       ]: L=+1.00 R=+1.00 | carry=1 | base=0.23 ba=+0.00 | site=0 sd=0.00 sa=+0.00 | phero=0 pd=0.00 pa=+0.00 | srch=0.00 | wall=2.69
R3[RTB       ]: L=+1.00 R=+0.90 | carry=1 | base=0.72 ba=-0.04 | site=0 sd=0.00 sa=+0.00 | phero=0 pd=0.00 pa=+0.00 | srch=0.00 | wall=1.33
R4[WALL_ESC  ]: L=+0.00 R=+1.00 | carry=0 | base=0.93 ba=+0.49 | site=1 sd=0.29 sa=+0.10 | phero=0 pd=0.00 pa=+0.00 | srch=0.25 | wall=0.33

[DEPOSIT] Robot 2 deposited! Total: 15
  [PHERO] Laid at (3.08, 0.33) density=7 prob=0.99 total_entries=7
  [TARGET] Robot 2 → SITE (3.08,0.33)
[PICKUP] Robot 4 picked up tag (density=6) | Total: 17

======================================================================
Step 16500 (8.8 min) | Pickups: 17 | Deposits: 15 | Rate: 1.70 tags/min | phero_entries=7 phero_max=0.570
======================================================================
R1[PHERO     ]: L=+0.83 R=+1.00 | carry=0 | base=0.63 ba=-0.74 | site=0 sd=0.00 sa=+0.00 | phero=1 pd=0.11 pa=+0.35 | srch=0.38 | wall=1.60
R2[SITE      ]: L=+1.00 R=+0.97 | carry=0 | base=0.32 ba=-0.86 | site=1 sd=0.61 sa=-0.06 | phero=0 pd=0.00 pa=+0.00 | srch=0.09 | wall=2.53
R3[RTB       ]: L=+1.00 R=+1.00 | carry=1 | base=0.18 ba=-0.00 | site=0 sd=0.00 sa=+0.00 | phero=0 pd=0.00 pa=+0.00 | srch=0.00 | wall=2.98
R4[RTB       ]: L=+0.99 R=+1.00 | carry=1 | base=0.79 ba=+0.00 | site=0 sd=0.00 sa=+0.00 | phero=0 pd=0.00 pa=+0.00 | srch=0.00 | wall=0.79

[DEPOSIT] Robot 3 deposited! Total: 16
  [PHERO] Laid at (-1.27, -2.32) density=11 prob=1.00 total_entries=8
  [TARGET] Robot 3 → SITE (-1.27,-2.32)
[PICKUP] Robot 1 picked up tag (density=10) | Total: 18

======================================================================
Step 17000 (9.1 min) | Pickups: 18 | Deposits: 16 | Rate: 1.76 tags/min | phero_entries=7 phero_max=0.523
======================================================================
R1[RTB       ]: L=+1.00 R=+1.00 | carry=1 | base=0.44 ba=+0.00 | site=0 sd=0.00 sa=+0.00 | phero=0 pd=0.00 pa=+0.00 | srch=0.00 | wall=2.17
R2[SITE      ]: L=+1.00 R=+1.00 | carry=0 | base=0.83 ba=-0.92 | site=1 sd=0.06 sa=-0.04 | phero=0 pd=0.00 pa=+0.00 | srch=0.21 | wall=0.63
R3[SITE      ]: L=+0.99 R=+1.00 | carry=0 | base=0.37 ba=+0.93 | site=1 sd=0.39 sa=-0.09 | phero=0 pd=0.00 pa=+0.00 | srch=0.10 | wall=2.35
R4[RTB       ]: L=+1.00 R=+1.00 | carry=1 | base=0.24 ba=+0.00 | site=0 sd=0.00 sa=+0.00 | phero=0 pd=0.00 pa=+0.00 | srch=0.00 | wall=2.68

[DEPOSIT] Robot 4 deposited! Total: 17
  [PHERO] Laid at (3.03, 0.42) density=6 prob=0.97 total_entries=8
  [TARGET] Robot 4 → SITE (3.03,0.42)
[DEPOSIT] Robot 1 deposited! Total: 18
  [PHERO] Laid at (-1.41, -2.16) density=10 prob=1.00 total_entries=8
  [TARGET] Robot 1 → SITE (-1.41,-2.16)
[PICKUP] Robot 3 picked up tag (density=9) | Total: 19

======================================================================
Step 17500 (9.3 min) | Pickups: 19 | Deposits: 18 | Rate: 1.93 tags/min | phero_entries=7 phero_max=0.769
======================================================================
R1[SITE      ]: L=+1.00 R=+1.00 | carry=0 | base=0.13 ba=+0.95 | site=1 sd=0.62 sa=-0.22 | phero=0 pd=0.00 pa=+0.00 | srch=0.04 | wall=3.05
R2[EXPLORE   ]: L=+1.00 R=+1.00 | carry=0 | base=0.59 ba=-0.17 | site=0 sd=0.00 sa=+0.00 | phero=0 pd=0.00 pa=+0.00 | srch=0.34 | wall=1.47
R3[RTB       ]: L=+1.00 R=+0.00 | carry=1 | base=0.76 ba=-0.82 | site=0 sd=0.00 sa=+0.00 | phero=0 pd=0.00 pa=+0.00 | srch=0.00 | wall=1.16
R4[SITE      ]: L=+1.00 R=+1.00 | carry=0 | base=0.32 ba=-0.97 | site=1 sd=0.56 sa=-0.02 | phero=0 pd=0.00 pa=+0.00 | srch=0.09 | wall=2.42

[GIVE-UP] R2 giving up after 1519 steps
[PICKUP] Robot 4 picked up tag (density=5) | Total: 20

======================================================================
Step 18000 (9.6 min) | Pickups: 20 | Deposits: 18 | Rate: 1.88 tags/min | phero_entries=7 phero_max=0.346
======================================================================
R1[SITE      ]: L=+1.00 R=+1.00 | carry=0 | base=0.61 ba=-0.77 | site=1 sd=0.18 sa=-0.04 | phero=0 pd=0.00 pa=+0.00 | srch=0.17 | wall=1.55
R2[GIVE_UP   ]: L=+1.00 R=+1.00 | carry=0 | base=0.09 ba=-0.00 | site=0 sd=0.00 sa=+0.00 | phero=0 pd=0.00 pa=+0.00 | srch=0.46 | wall=3.21
R3[RTB       ]: L=+1.00 R=+1.00 | carry=1 | base=0.32 ba=-0.00 | site=0 sd=0.00 sa=+0.00 | phero=0 pd=0.00 pa=+0.00 | srch=0.00 | wall=2.55
R4[RTB       ]: L=+1.00 R=+0.00 | carry=1 | base=0.81 ba=-0.51 | site=0 sd=0.00 sa=+0.00 | phero=0 pd=0.00 pa=+0.00 | srch=0.00 | wall=0.70

[EMPTY_RTN] R2 → phero(3.03,0.42)
[DEPOSIT] Robot 3 deposited! Total: 19
  [PHERO] Laid at (-1.28, -2.34) density=9 prob=1.00 total_entries=8
  [TARGET] Robot 3 → SITE (-1.28,-2.34)
[PICKUP] Robot 1 picked up tag (density=8) | Total: 21

======================================================================
Step 18500 (9.9 min) | Pickups: 21 | Deposits: 19 | Rate: 1.93 tags/min | phero_entries=8 phero_max=0.644
======================================================================
R1[RTB       ]: L=+1.00 R=+1.00 | carry=1 | base=0.60 ba=+0.00 | site=0 sd=0.00 sa=+0.00 | phero=0 pd=0.00 pa=+0.00 | srch=0.00 | wall=1.72
R2[PHERO     ]: L=+1.00 R=+1.00 | carry=0 | base=0.40 ba=+0.95 | site=0 sd=0.00 sa=+0.00 | phero=1 pd=0.47 pa=-0.12 | srch=0.12 | wall=2.13
R3[SITE      ]: L=+0.99 R=+1.00 | carry=0 | base=0.23 ba=+0.95 | site=1 sd=0.53 sa=-0.01 | phero=0 pd=0.00 pa=+0.00 | srch=0.07 | wall=2.83
R4[RTB       ]: L=+1.00 R=+1.00 | carry=1 | base=0.32 ba=-0.00 | site=0 sd=0.00 sa=+0.00 | phero=0 pd=0.00 pa=+0.00 | srch=0.00 | wall=2.38

[DEPOSIT] Robot 4 deposited! Total: 20
  [PHERO] Laid at (2.77, 0.51) density=5 prob=0.92 total_entries=7
  [TARGET] Robot 4 → SITE (2.77,0.51)
TIMEOUT_RESULT pickups=21 deposits=20 steps=18750 elapsed_min=10.000000
BATCH_RESULT pickups=21 deposits=20
