============================================================
EVALUATION MODE — CPFA-RL Trained Model
Arena: 7×7m  |  Robots: 4  |  Active tags: 32
============================================================

Loading model: ppo_cpfa_v9
Model loaded. PPO group: 4 robots (72 obs, 8 actions). Starting evaluation...

============================================================

[GIVE-UP] R4 giving up after 156 steps
[EMPTY_RTN] R4 → EXPLORE

======================================================================
Step 500 (0.3 min) | Pickups: 0 | Deposits: 0 | Rate: 0.00 tags/min | phero_entries=0 phero_max=0.000
======================================================================
R1[EXPLORE   ]: L=+1.00 R=+1.00 | carry=0 | base=0.42 ba=+0.98 | site=0 sd=0.00 sa=+0.00 | phero=0 pd=0.00 pa=+0.00 | srch=0.12 | wall=2.22
R2[EXPLORE   ]: L=+1.00 R=+1.00 | carry=0 | base=0.69 ba=-1.00 | site=0 sd=0.00 sa=+0.00 | phero=0 pd=0.00 pa=+0.00 | srch=0.12 | wall=1.08
R3[EXPLORE   ]: L=+1.00 R=+1.00 | carry=0 | base=0.58 ba=+1.00 | site=0 sd=0.00 sa=+0.00 | phero=0 pd=0.00 pa=+0.00 | srch=0.12 | wall=1.70
R4[BASE_ESC  ]: L=+1.00 R=+0.00 | carry=0 | base=0.06 ba=+0.68 | site=0 sd=0.00 sa=+0.00 | phero=0 pd=0.00 pa=+0.00 | srch=0.02 | wall=3.31

[PICKUP] Robot 3 picked up tag (density=16) | Total: 1

======================================================================
Step 1000 (0.5 min) | Pickups: 1 | Deposits: 0 | Rate: 0.00 tags/min | phero_entries=0 phero_max=0.000
======================================================================
R1[EXPLORE   ]: L=+1.00 R=+1.00 | carry=0 | base=0.97 ba=+0.99 | site=0 sd=0.00 sa=+0.00 | phero=0 pd=0.00 pa=+0.00 | srch=0.25 | wall=0.61
R2[EXPLORE   ]: L=+1.00 R=+1.00 | carry=0 | base=0.71 ba=-0.14 | site=0 sd=0.00 sa=+0.00 | phero=0 pd=0.00 pa=+0.00 | srch=0.25 | wall=1.03
R3[RTB       ]: L=+1.00 R=+1.00 | carry=1 | base=0.59 ba=+0.00 | site=0 sd=0.00 sa=+0.00 | phero=0 pd=0.00 pa=+0.00 | srch=0.00 | wall=1.72
R4[EXPLORE   ]: L=+1.00 R=+0.61 | carry=0 | base=0.19 ba=+0.69 | site=0 sd=0.00 sa=+0.00 | phero=0 pd=0.00 pa=+0.00 | srch=0.14 | wall=2.88

[DEPOSIT] Robot 3 deposited! Total: 1
  [PHERO] Laid at (2.46, 1.31) density=16 prob=1.00 total_entries=1
  [TARGET] Robot 3 → SITE (2.46,1.31)

======================================================================
Step 1500 (0.8 min) | Pickups: 1 | Deposits: 1 | Rate: 1.25 tags/min | phero_entries=1 phero_max=0.959
======================================================================
R1[EXPLORE   ]: L=+1.00 R=+1.00 | carry=0 | base=0.93 ba=+0.44 | site=0 sd=0.00 sa=+0.00 | phero=0 pd=0.00 pa=+0.00 | srch=0.38 | wall=0.94
R2[EXPLORE   ]: L=+1.00 R=+1.00 | carry=0 | base=0.32 ba=-0.40 | site=0 sd=0.00 sa=+0.00 | phero=0 pd=0.00 pa=+0.00 | srch=0.38 | wall=2.60
R3[BASE_ESC  ]: L=+1.00 R=+0.00 | carry=0 | base=0.06 ba=+0.25 | site=1 sd=0.73 sa=-0.77 | phero=0 pd=0.00 pa=+0.00 | srch=0.01 | wall=3.31
R4[EXPLORE   ]: L=+1.00 R=+1.00 | carry=0 | base=0.15 ba=-0.29 | site=0 sd=0.00 sa=+0.00 | phero=0 pd=0.00 pa=+0.00 | srch=0.27 | wall=3.01


======================================================================
Step 2000 (1.1 min) | Pickups: 1 | Deposits: 1 | Rate: 0.94 tags/min | phero_entries=1 phero_max=0.431
======================================================================
R1[EXPLORE   ]: L=+1.00 R=+1.00 | carry=0 | base=0.84 ba=+0.28 | site=0 sd=0.00 sa=+0.00 | phero=0 pd=0.00 pa=+0.00 | srch=0.50 | wall=0.59
R2[EXPLORE   ]: L=+1.00 R=+1.00 | carry=0 | base=0.54 ba=-0.81 | site=0 sd=0.00 sa=+0.00 | phero=0 pd=0.00 pa=+0.00 | srch=0.50 | wall=1.99
R3[SITE      ]: L=+1.00 R=+0.98 | carry=0 | base=0.51 ba=-0.90 | site=1 sd=0.35 sa=-0.14 | phero=0 pd=0.00 pa=+0.00 | srch=0.13 | wall=2.25
R4[EXPLORE   ]: L=+1.00 R=+0.61 | carry=0 | base=0.15 ba=+0.44 | site=0 sd=0.00 sa=+0.00 | phero=0 pd=0.00 pa=+0.00 | srch=0.39 | wall=3.09

[PICKUP] Robot 3 picked up tag (density=15) | Total: 2

======================================================================
Step 2500 (1.3 min) | Pickups: 2 | Deposits: 1 | Rate: 0.75 tags/min | phero_entries=1 phero_max=0.194
======================================================================
R1[EXPLORE   ]: L=+1.00 R=+1.00 | carry=0 | base=0.64 ba=+0.50 | site=0 sd=0.00 sa=+0.00 | phero=0 pd=0.00 pa=+0.00 | srch=0.62 | wall=1.59
R2[EXPLORE   ]: L=+1.00 R=+1.00 | carry=0 | base=1.05 ba=-0.91 | site=0 sd=0.00 sa=+0.00 | phero=0 pd=0.00 pa=+0.00 | srch=0.62 | wall=0.51
R3[RTB       ]: L=+1.00 R=+1.00 | carry=1 | base=0.70 ba=-0.00 | site=0 sd=0.00 sa=+0.00 | phero=0 pd=0.00 pa=+0.00 | srch=0.00 | wall=1.31
R4[EXPLORE   ]: L=+1.00 R=+0.65 | carry=0 | base=0.24 ba=-0.80 | site=0 sd=0.00 sa=+0.00 | phero=0 pd=0.00 pa=+0.00 | srch=0.52 | wall=2.74

[GIVE-UP] R2 giving up after 2652 steps

======================================================================
Step 3000 (1.6 min) | Pickups: 2 | Deposits: 1 | Rate: 0.62 tags/min | phero_entries=1 phero_max=0.087
======================================================================
R1[EXPLORE   ]: L=+1.00 R=+1.00 | carry=0 | base=0.85 ba=+0.73 | site=0 sd=0.00 sa=+0.00 | phero=0 pd=0.00 pa=+0.00 | srch=0.75 | wall=0.67
R2[GIVE_UP   ]: L=+1.00 R=+1.00 | carry=0 | base=0.72 ba=-0.00 | site=0 sd=0.00 sa=+0.00 | phero=0 pd=0.00 pa=+0.00 | srch=0.75 | wall=1.40
R3[RTB       ]: L=+1.00 R=+1.00 | carry=1 | base=0.15 ba=-0.00 | site=0 sd=0.00 sa=+0.00 | phero=0 pd=0.00 pa=+0.00 | srch=0.00 | wall=3.04
R4[EXPLORE   ]: L=+1.00 R=+0.85 | carry=0 | base=0.30 ba=-0.47 | site=0 sd=0.00 sa=+0.00 | phero=0 pd=0.00 pa=+0.00 | srch=0.64 | wall=2.69

[DEPOSIT] Robot 3 deposited! Total: 2
  [PHERO] Laid at (2.47, 1.33) density=15 prob=1.00 total_entries=2
  [TARGET] Robot 3 → SITE (2.47,1.33)
[GIVE-UP] R2 giving up after 3432 steps

======================================================================
Step 3500 (1.9 min) | Pickups: 2 | Deposits: 2 | Rate: 1.07 tags/min | phero_entries=2 phero_max=0.502
======================================================================
R1[EXPLORE   ]: L=+1.00 R=+1.00 | carry=0 | base=0.63 ba=+0.24 | site=0 sd=0.00 sa=+0.00 | phero=0 pd=0.00 pa=+0.00 | srch=0.88 | wall=1.30
R2[GIVE_UP   ]: L=+1.00 R=+1.00 | carry=0 | base=0.17 ba=-0.00 | site=0 sd=0.00 sa=+0.00 | phero=0 pd=0.00 pa=+0.00 | srch=0.88 | wall=3.00
R3[SITE      ]: L=+0.97 R=+1.00 | carry=0 | base=0.42 ba=+0.96 | site=1 sd=0.48 sa=+0.26 | phero=0 pd=0.00 pa=+0.00 | srch=0.11 | wall=2.03
R4[EXPLORE   ]: L=+1.00 R=+1.00 | carry=0 | base=0.39 ba=-0.72 | site=0 sd=0.00 sa=+0.00 | phero=0 pd=0.00 pa=+0.00 | srch=0.77 | wall=2.19

[EMPTY_RTN] R2 → phero(2.47,1.33)
[PICKUP] Robot 3 picked up tag (density=14) | Total: 3

======================================================================
Step 4000 (2.1 min) | Pickups: 3 | Deposits: 2 | Rate: 0.94 tags/min | phero_entries=2 phero_max=0.225
======================================================================
R1[EXPLORE   ]: L=+1.00 R=+1.00 | carry=0 | base=0.43 ba=+0.56 | site=0 sd=0.00 sa=+0.00 | phero=0 pd=0.00 pa=+0.00 | srch=1.00 | wall=2.16
R2[PHERO     ]: L=+1.00 R=+1.00 | carry=0 | base=0.10 ba=-0.75 | site=0 sd=0.00 sa=+0.00 | phero=1 pd=0.80 pa=-0.28 | srch=0.10 | wall=3.18
R3[RTB       ]: L=+0.46 R=+1.00 | carry=1 | base=0.79 ba=+0.22 | site=0 sd=0.00 sa=+0.00 | phero=0 pd=0.00 pa=+0.00 | srch=0.00 | wall=0.93
R4[EXPLORE   ]: L=+1.00 R=+0.57 | carry=0 | base=0.47 ba=-0.61 | site=0 sd=0.00 sa=+0.00 | phero=0 pd=0.00 pa=+0.00 | srch=0.89 | wall=1.85


======================================================================
Step 4500 (2.4 min) | Pickups: 3 | Deposits: 2 | Rate: 0.83 tags/min | phero_entries=2 phero_max=0.101
======================================================================
R1[EXPLORE   ]: L=+1.00 R=+1.00 | carry=0 | base=0.76 ba=+0.81 | site=0 sd=0.00 sa=+0.00 | phero=0 pd=0.00 pa=+0.00 | srch=1.00 | wall=0.94
R2[PHERO     ]: L=+1.00 R=+0.97 | carry=0 | base=0.58 ba=-0.82 | site=0 sd=0.00 sa=+0.00 | phero=1 pd=0.45 pa=-0.26 | srch=0.23 | wall=1.71
R3[RTB       ]: L=+1.00 R=+1.00 | carry=1 | base=0.25 ba=+0.00 | site=0 sd=0.00 sa=+0.00 | phero=0 pd=0.00 pa=+0.00 | srch=0.00 | wall=2.68
R4[EXPLORE   ]: L=+1.00 R=+0.28 | carry=0 | base=0.42 ba=+0.22 | site=0 sd=0.00 sa=+0.00 | phero=0 pd=0.00 pa=+0.00 | srch=1.00 | wall=2.03

[DEPOSIT] Robot 3 deposited! Total: 3
  [PHERO] Laid at (2.61, 1.00) density=14 prob=1.00 total_entries=3
  [TARGET] Robot 3 → SITE (2.61,1.00)
[PICKUP] Robot 2 picked up tag (density=13) | Total: 4

======================================================================
Step 5000 (2.7 min) | Pickups: 4 | Deposits: 3 | Rate: 1.12 tags/min | phero_entries=3 phero_max=0.587
======================================================================
R1[EXPLORE   ]: L=+1.00 R=+1.00 | carry=0 | base=0.92 ba=+0.39 | site=0 sd=0.00 sa=+0.00 | phero=0 pd=0.00 pa=+0.00 | srch=1.00 | wall=0.94
R2[RTB       ]: L=+1.00 R=+0.09 | carry=1 | base=0.83 ba=-0.34 | site=0 sd=0.00 sa=+0.00 | phero=0 pd=0.00 pa=+0.00 | srch=0.00 | wall=0.96
R3[SITE      ]: L=+1.00 R=+1.00 | carry=0 | base=0.31 ba=+0.98 | site=1 sd=0.56 sa=-0.29 | phero=0 pd=0.00 pa=+0.00 | srch=0.08 | wall=2.63
R4[EXPLORE   ]: L=+1.00 R=+0.62 | carry=0 | base=0.42 ba=-0.97 | site=0 sd=0.00 sa=+0.00 | phero=0 pd=0.00 pa=+0.00 | srch=1.00 | wall=2.03


======================================================================
Step 5500 (2.9 min) | Pickups: 4 | Deposits: 3 | Rate: 1.02 tags/min | phero_entries=3 phero_max=0.264
======================================================================
R1[EXPLORE   ]: L=+1.00 R=+1.00 | carry=0 | base=0.90 ba=+0.59 | site=0 sd=0.00 sa=+0.00 | phero=0 pd=0.00 pa=+0.00 | srch=1.00 | wall=0.49
R2[RTB       ]: L=+1.00 R=+1.00 | carry=1 | base=0.32 ba=-0.00 | site=0 sd=0.00 sa=+0.00 | phero=0 pd=0.00 pa=+0.00 | srch=0.00 | wall=2.51
R3[SITE      ]: L=+1.00 R=+0.95 | carry=0 | base=0.76 ba=-0.70 | site=1 sd=0.10 sa=-0.09 | phero=0 pd=0.00 pa=+0.00 | srch=0.21 | wall=1.16
R4[EXPLORE   ]: L=+1.00 R=+0.31 | carry=0 | base=0.45 ba=-0.04 | site=0 sd=0.00 sa=+0.00 | phero=0 pd=0.00 pa=+0.00 | srch=1.00 | wall=1.94

[PICKUP] Robot 3 picked up tag (density=12) | Total: 5
[DEPOSIT] Robot 2 deposited! Total: 4
  [PHERO] Laid at (2.54, 1.44) density=13 prob=1.00 total_entries=4
  [TARGET] Robot 2 → SITE (2.54,1.44)

======================================================================
Step 6000 (3.2 min) | Pickups: 5 | Deposits: 4 | Rate: 1.25 tags/min | phero_entries=3 phero_max=0.647
======================================================================
R1[EXPLORE   ]: L=+1.00 R=+1.00 | carry=0 | base=0.66 ba=+0.36 | site=0 sd=0.00 sa=+0.00 | phero=0 pd=0.00 pa=+0.00 | srch=1.00 | wall=1.23
R2[SITE      ]: L=+1.00 R=+1.00 | carry=0 | base=0.25 ba=-0.97 | site=1 sd=0.64 sa=+0.26 | phero=0 pd=0.00 pa=+0.00 | srch=0.07 | wall=2.64
R3[RTB       ]: L=+1.00 R=+1.00 | carry=1 | base=0.35 ba=-0.00 | site=0 sd=0.00 sa=+0.00 | phero=0 pd=0.00 pa=+0.00 | srch=0.00 | wall=2.39
R4[EXPLORE   ]: L=+1.00 R=+0.92 | carry=0 | base=0.74 ba=-0.78 | site=0 sd=0.00 sa=+0.00 | phero=0 pd=0.00 pa=+0.00 | srch=1.00 | wall=0.94

[DEPOSIT] Robot 3 deposited! Total: 5
  [PHERO] Laid at (2.46, 1.19) density=12 prob=1.00 total_entries=4
  [TARGET] Robot 3 → SITE (2.46,1.19)

======================================================================
Step 6500 (3.5 min) | Pickups: 5 | Deposits: 5 | Rate: 1.44 tags/min | phero_entries=4 phero_max=0.671
======================================================================
R1[EXPLORE   ]: L=+1.00 R=+1.00 | carry=0 | base=0.65 ba=+0.63 | site=0 sd=0.00 sa=+0.00 | phero=0 pd=0.00 pa=+0.00 | srch=1.00 | wall=1.52
R2[SITE      ]: L=+0.98 R=+1.00 | carry=0 | base=0.78 ba=+0.84 | site=1 sd=0.44 sa=+0.39 | phero=0 pd=0.00 pa=+0.00 | srch=0.19 | wall=0.77
R3[SITE      ]: L=+1.00 R=+1.00 | carry=0 | base=0.22 ba=+1.00 | site=1 sd=0.58 sa=+0.16 | phero=0 pd=0.00 pa=+0.00 | srch=0.06 | wall=2.73
R4[EXPLORE   ]: L=+1.00 R=+0.94 | carry=0 | base=0.77 ba=-0.93 | site=0 sd=0.00 sa=+0.00 | phero=0 pd=0.00 pa=+0.00 | srch=1.00 | wall=0.88


======================================================================
Step 7000 (3.7 min) | Pickups: 5 | Deposits: 5 | Rate: 1.34 tags/min | phero_entries=4 phero_max=0.302
======================================================================
R1[EXPLORE   ]: L=+1.00 R=+1.00 | carry=0 | base=0.88 ba=+0.20 | site=0 sd=0.00 sa=+0.00 | phero=0 pd=0.00 pa=+0.00 | srch=1.00 | wall=0.44
R2[SITE      ]: L=+1.00 R=+0.94 | carry=0 | base=0.69 ba=+0.38 | site=1 sd=0.19 sa=-0.38 | phero=0 pd=0.00 pa=+0.00 | srch=0.32 | wall=1.24
R3[SITE      ]: L=+0.93 R=+1.00 | carry=0 | base=0.73 ba=+0.76 | site=1 sd=0.11 sa=+0.14 | phero=0 pd=0.00 pa=+0.00 | srch=0.19 | wall=1.06
R4[EXPLORE   ]: L=+1.00 R=+0.69 | carry=0 | base=0.88 ba=-0.64 | site=0 sd=0.00 sa=+0.00 | phero=0 pd=0.00 pa=+0.00 | srch=1.00 | wall=0.64

[PICKUP] Robot 2 picked up tag (density=11) | Total: 6
[GIVE-UP] R1 giving up after 7410 steps

======================================================================
Step 7500 (4.0 min) | Pickups: 6 | Deposits: 5 | Rate: 1.25 tags/min | phero_entries=3 phero_max=0.136
======================================================================
R1[GIVE_UP   ]: L=+0.98 R=+1.00 | carry=0 | base=0.50 ba=+0.01 | site=0 sd=0.00 sa=+0.00 | phero=0 pd=0.00 pa=+0.00 | srch=1.00 | wall=1.95
R2[RTB       ]: L=+1.00 R=+0.99 | carry=1 | base=0.75 ba=-0.00 | site=0 sd=0.00 sa=+0.00 | phero=0 pd=0.00 pa=+0.00 | srch=0.00 | wall=1.17
R3[EXPLORE   ]: L=+1.00 R=+1.00 | carry=0 | base=0.91 ba=+0.66 | site=0 sd=0.00 sa=+0.00 | phero=0 pd=0.00 pa=+0.00 | srch=0.31 | wall=0.95
R4[EXPLORE   ]: L=+1.00 R=+0.97 | carry=0 | base=0.71 ba=-0.04 | site=0 sd=0.00 sa=+0.00 | phero=0 pd=0.00 pa=+0.00 | srch=1.00 | wall=1.71

[EMPTY_RTN] R1 → phero(2.46,1.19)

======================================================================
Step 8000 (4.3 min) | Pickups: 6 | Deposits: 5 | Rate: 1.17 tags/min | phero_entries=3 phero_max=0.061
======================================================================
R1[BASE_ESC  ]: L=+1.00 R=+0.40 | carry=0 | base=0.07 ba=+0.87 | site=0 sd=0.00 sa=+0.00 | phero=1 pd=0.76 pa=+0.31 | srch=0.03 | wall=3.32
R2[RTB       ]: L=+1.00 R=+1.00 | carry=1 | base=0.21 ba=-0.00 | site=0 sd=0.00 sa=+0.00 | phero=0 pd=0.00 pa=+0.00 | srch=0.00 | wall=2.86
R3[EXPLORE   ]: L=+1.00 R=+0.59 | carry=0 | base=0.79 ba=+0.50 | site=0 sd=0.00 sa=+0.00 | phero=0 pd=0.00 pa=+0.00 | srch=0.44 | wall=0.87
R4[EXPLORE   ]: L=+1.00 R=+1.00 | carry=0 | base=0.22 ba=+0.38 | site=0 sd=0.00 sa=+0.00 | phero=0 pd=0.00 pa=+0.00 | srch=1.00 | wall=2.89

[DEPOSIT] Robot 2 deposited! Total: 6
  [PHERO] Laid at (2.59, 1.42) density=11 prob=1.00 total_entries=4
  [TARGET] Robot 2 → SITE (2.59,1.42)

======================================================================
Step 8500 (4.5 min) | Pickups: 6 | Deposits: 6 | Rate: 1.32 tags/min | phero_entries=4 phero_max=0.546
======================================================================
R1[PHERO     ]: L=+1.00 R=+1.00 | carry=0 | base=0.61 ba=+0.99 | site=0 sd=0.00 sa=+0.00 | phero=1 pd=0.69 pa=+0.58 | srch=0.15 | wall=1.70
R2[SITE      ]: L=+1.00 R=+1.00 | carry=0 | base=0.36 ba=-0.98 | site=1 sd=0.57 sa=+0.32 | phero=0 pd=0.00 pa=+0.00 | srch=0.09 | wall=2.24
R3[EXPLORE   ]: L=+1.00 R=+1.00 | carry=0 | base=0.80 ba=-0.50 | site=0 sd=0.00 sa=+0.00 | phero=0 pd=0.00 pa=+0.00 | srch=0.56 | wall=1.38
R4[EXPLORE   ]: L=+1.00 R=+1.00 | carry=0 | base=0.53 ba=+0.88 | site=0 sd=0.00 sa=+0.00 | phero=0 pd=0.00 pa=+0.00 | srch=1.00 | wall=2.18


======================================================================
Step 9000 (4.8 min) | Pickups: 6 | Deposits: 6 | Rate: 1.25 tags/min | phero_entries=3 phero_max=0.245
======================================================================
R1[WALL_ESC  ]: L=+0.00 R=+1.00 | carry=0 | base=1.06 ba=+0.29 | site=0 sd=0.00 sa=+0.00 | phero=1 pd=0.91 pa=+0.03 | srch=0.28 | wall=0.30
R2[SITE      ]: L=+0.96 R=+1.00 | carry=0 | base=0.88 ba=+0.82 | site=1 sd=0.40 sa=+0.42 | phero=0 pd=0.00 pa=+0.00 | srch=0.22 | wall=0.41
R3[EXPLORE   ]: L=+1.00 R=+1.00 | carry=0 | base=0.51 ba=-0.09 | site=0 sd=0.00 sa=+0.00 | phero=0 pd=0.00 pa=+0.00 | srch=0.69 | wall=1.89
R4[EXPLORE   ]: L=+1.00 R=+0.80 | carry=0 | base=1.06 ba=-0.95 | site=0 sd=0.00 sa=+0.00 | phero=0 pd=0.00 pa=+0.00 | srch=1.00 | wall=0.44


======================================================================
Step 9500 (5.1 min) | Pickups: 6 | Deposits: 6 | Rate: 1.18 tags/min | phero_entries=3 phero_max=0.110
======================================================================
R1[PHERO     ]: L=+1.00 R=+1.00 | carry=0 | base=0.60 ba=+0.31 | site=0 sd=0.00 sa=+0.00 | phero=1 pd=0.52 pa=-0.18 | srch=0.40 | wall=1.48
R2[SITE      ]: L=+1.00 R=+0.89 | carry=0 | base=0.74 ba=+0.73 | site=1 sd=0.10 sa=-0.31 | phero=0 pd=0.00 pa=+0.00 | srch=0.34 | wall=1.25
R3[EXPLORE   ]: L=+1.00 R=+1.00 | carry=0 | base=0.16 ba=-0.63 | site=0 sd=0.00 sa=+0.00 | phero=0 pd=0.00 pa=+0.00 | srch=0.81 | wall=2.98
R4[EXPLORE   ]: L=+1.00 R=+0.40 | carry=0 | base=1.09 ba=-0.17 | site=0 sd=0.00 sa=+0.00 | phero=0 pd=0.00 pa=+0.00 | srch=1.00 | wall=0.55

[PICKUP] Robot 2 picked up tag (density=10) | Total: 7

======================================================================
Step 10000 (5.3 min) | Pickups: 7 | Deposits: 6 | Rate: 1.12 tags/min | phero_entries=3 phero_max=0.050
======================================================================
R1[PHERO     ]: L=+1.00 R=+0.91 | carry=0 | base=0.56 ba=+0.77 | site=0 sd=0.00 sa=+0.00 | phero=1 pd=0.27 pa=-0.46 | srch=0.53 | wall=1.98
R2[RTB       ]: L=+1.00 R=+1.00 | carry=1 | base=0.56 ba=-0.00 | site=0 sd=0.00 sa=+0.00 | phero=0 pd=0.00 pa=+0.00 | srch=0.00 | wall=1.76
R3[EXPLORE   ]: L=+1.00 R=+0.97 | carry=0 | base=0.63 ba=-0.91 | site=0 sd=0.00 sa=+0.00 | phero=0 pd=0.00 pa=+0.00 | srch=0.94 | wall=1.71
R4[EXPLORE   ]: L=+1.00 R=-0.12 | carry=0 | base=1.05 ba=-0.77 | site=0 sd=0.00 sa=+0.00 | phero=0 pd=0.00 pa=+0.00 | srch=1.00 | wall=0.64

[DEPOSIT] Robot 2 deposited! Total: 7
  [PHERO] Laid at (2.63, 1.46) density=10 prob=1.00 total_entries=3
  [TARGET] Robot 2 → SITE (2.63,1.46)

======================================================================
Step 10500 (5.6 min) | Pickups: 7 | Deposits: 7 | Rate: 1.25 tags/min | phero_entries=3 phero_max=0.917
======================================================================
R1[PHERO     ]: L=+1.00 R=+0.94 | carry=0 | base=0.93 ba=-0.50 | site=0 sd=0.00 sa=+0.00 | phero=1 pd=0.20 pa=-0.30 | srch=0.65 | wall=0.81
R2[BASE_ESC  ]: L=+0.00 R=+1.00 | carry=0 | base=0.06 ba=-0.48 | site=1 sd=0.80 sa=+0.57 | phero=0 pd=0.00 pa=+0.00 | srch=0.01 | wall=3.30
R3[EXPLORE   ]: L=+1.00 R=+1.00 | carry=0 | base=1.16 ba=-0.91 | site=0 sd=0.00 sa=+0.00 | phero=0 pd=0.00 pa=+0.00 | srch=1.00 | wall=0.60
R4[EXPLORE   ]: L=+1.00 R=+0.80 | carry=0 | base=0.99 ba=+0.24 | site=0 sd=0.00 sa=+0.00 | phero=0 pd=0.00 pa=+0.00 | srch=1.00 | wall=0.93

[PICKUP] Robot 1 picked up tag (density=9) | Total: 8
[GIVE-UP] R3 giving up after 4361 steps

======================================================================
Step 11000 (5.9 min) | Pickups: 8 | Deposits: 7 | Rate: 1.19 tags/min | phero_entries=2 phero_max=0.412
======================================================================
R1[RTB       ]: L=+1.00 R=+1.00 | carry=1 | base=0.51 ba=-0.00 | site=0 sd=0.00 sa=+0.00 | phero=0 pd=0.00 pa=+0.00 | srch=0.00 | wall=1.92
R2[SITE      ]: L=+1.00 R=+1.00 | carry=0 | base=0.55 ba=+1.00 | site=1 sd=0.50 sa=+0.39 | phero=0 pd=0.00 pa=+0.00 | srch=0.14 | wall=1.57
R3[GIVE_UP   ]: L=+1.00 R=+1.00 | carry=0 | base=0.94 ba=-0.00 | site=0 sd=0.00 sa=+0.00 | phero=0 pd=0.00 pa=+0.00 | srch=1.00 | wall=1.11
R4[EXPLORE   ]: L=+1.00 R=+1.00 | carry=0 | base=0.85 ba=+0.09 | site=0 sd=0.00 sa=+0.00 | phero=0 pd=0.00 pa=+0.00 | srch=1.00 | wall=0.89

[DEPOSIT] Robot 1 deposited! Total: 8
  [PHERO] Laid at (2.82, 1.53) density=9 prob=1.00 total_entries=3
  [TARGET] Robot 1 → SITE (2.82,1.53)
[GIVE-UP] R3 giving up after 5219 steps

======================================================================
Step 11500 (6.1 min) | Pickups: 8 | Deposits: 8 | Rate: 1.30 tags/min | phero_entries=3 phero_max=0.847
======================================================================
R1[BASE_ESC  ]: L=+0.34 R=+1.00 | carry=0 | base=0.07 ba=-0.83 | site=1 sd=0.85 sa=+0.25 | phero=0 pd=0.00 pa=+0.00 | srch=0.03 | wall=3.27
R2[SITE      ]: L=+1.00 R=+1.00 | carry=0 | base=0.86 ba=+0.31 | site=1 sd=0.27 sa=-0.14 | phero=0 pd=0.00 pa=+0.00 | srch=0.26 | wall=0.56
R3[GIVE_UP   ]: L=+1.00 R=+1.00 | carry=0 | base=0.39 ba=-0.00 | site=0 sd=0.00 sa=+0.00 | phero=0 pd=0.00 pa=+0.00 | srch=1.00 | wall=2.50
R4[EXPLORE   ]: L=+1.00 R=+1.00 | carry=0 | base=0.35 ba=+0.22 | site=0 sd=0.00 sa=+0.00 | phero=0 pd=0.00 pa=+0.00 | srch=1.00 | wall=2.28

[EMPTY_RTN] R3 → phero(2.63,1.46)

======================================================================
Step 12000 (6.4 min) | Pickups: 8 | Deposits: 8 | Rate: 1.25 tags/min | phero_entries=3 phero_max=0.380
======================================================================
R1[SITE      ]: L=+1.00 R=+1.00 | carry=0 | base=0.57 ba=+0.81 | site=1 sd=0.41 sa=+0.05 | phero=0 pd=0.00 pa=+0.00 | srch=0.15 | wall=1.52
R2[EXPLORE   ]: L=+1.00 R=+1.00 | carry=0 | base=0.87 ba=-0.38 | site=0 sd=0.00 sa=+0.00 | phero=0 pd=0.00 pa=+0.00 | srch=0.39 | wall=0.82
R3[BASE_ESC  ]: L=+0.00 R=+1.00 | carry=0 | base=0.07 ba=-0.67 | site=0 sd=0.00 sa=+0.00 | phero=1 pd=0.93 pa=-0.63 | srch=0.05 | wall=3.27
R4[EXPLORE   ]: L=+1.00 R=+0.74 | carry=0 | base=0.33 ba=-0.41 | site=0 sd=0.00 sa=+0.00 | phero=0 pd=0.00 pa=+0.00 | srch=1.00 | wall=2.53

[PICKUP] Robot 2 picked up tag (density=8) | Total: 9
[PICKUP] Robot 1 picked up tag (density=7) | Total: 10

======================================================================
Step 12500 (6.7 min) | Pickups: 10 | Deposits: 8 | Rate: 1.20 tags/min | phero_entries=2 phero_max=0.171
======================================================================
R1[RTB       ]: L=+1.00 R=+1.00 | carry=1 | base=0.63 ba=+0.00 | site=0 sd=0.00 sa=+0.00 | phero=0 pd=0.00 pa=+0.00 | srch=0.00 | wall=1.49
R2[RTB       ]: L=+1.00 R=+1.00 | carry=1 | base=0.35 ba=-0.00 | site=0 sd=0.00 sa=+0.00 | phero=0 pd=0.00 pa=+0.00 | srch=0.00 | wall=2.40
R3[PHERO     ]: L=+1.00 R=+0.99 | carry=0 | base=0.11 ba=-0.76 | site=0 sd=0.00 sa=+0.00 | phero=1 pd=0.78 pa=-0.02 | srch=0.18 | wall=3.12
R4[EXPLORE   ]: L=+1.00 R=+0.95 | carry=0 | base=0.49 ba=-0.79 | site=0 sd=0.00 sa=+0.00 | phero=0 pd=0.00 pa=+0.00 | srch=1.00 | wall=2.18

[DEPOSIT] Robot 2 deposited! Total: 9
  [PHERO] Laid at (2.68, 1.43) density=8 prob=1.00 total_entries=3
  [TARGET] Robot 2 → SITE (2.68,1.43)

======================================================================
Step 13000 (6.9 min) | Pickups: 10 | Deposits: 9 | Rate: 1.30 tags/min | phero_entries=3 phero_max=0.678
======================================================================
R1[RTB       ]: L=+1.00 R=+1.00 | carry=1 | base=0.08 ba=+0.00 | site=0 sd=0.00 sa=+0.00 | phero=0 pd=0.00 pa=+0.00 | srch=0.00 | wall=3.25
R2[SITE      ]: L=+1.00 R=+1.00 | carry=0 | base=0.21 ba=-0.96 | site=1 sd=0.69 sa=+0.25 | phero=0 pd=0.00 pa=+0.00 | srch=0.06 | wall=2.75
R3[PHERO     ]: L=+0.98 R=+1.00 | carry=0 | base=0.62 ba=-0.95 | site=0 sd=0.00 sa=+0.00 | phero=1 pd=0.24 pa=+0.06 | srch=0.30 | wall=1.60
R4[EXPLORE   ]: L=+1.00 R=+1.00 | carry=0 | base=0.93 ba=-0.85 | site=0 sd=0.00 sa=+0.00 | phero=0 pd=0.00 pa=+0.00 | srch=1.00 | wall=0.48

[DEPOSIT] Robot 1 deposited! Total: 10
  [PHERO] Laid at (2.62, 1.01) density=7 prob=0.99 total_entries=4
  [TARGET] Robot 1 → SITE (2.62,1.01)
[PICKUP] Robot 4 picked up tag (density=16) | Total: 11

======================================================================
Step 13500 (7.2 min) | Pickups: 11 | Deposits: 10 | Rate: 1.39 tags/min | phero_entries=4 phero_max=0.454
======================================================================
R1[SITE      ]: L=+1.00 R=+1.00 | carry=0 | base=0.49 ba=+0.98 | site=1 sd=0.47 sa=-0.39 | phero=0 pd=0.00 pa=+0.00 | srch=0.12 | wall=2.12
R2[SITE      ]: L=+1.00 R=+1.00 | carry=0 | base=0.74 ba=+0.95 | site=1 sd=0.22 sa=+0.29 | phero=0 pd=0.00 pa=+0.00 | srch=0.19 | wall=1.01
R3[EXPLORE   ]: L=+0.37 R=+1.00 | carry=0 | base=0.90 ba=-0.25 | site=0 sd=0.00 sa=+0.00 | phero=0 pd=0.00 pa=+0.00 | srch=0.43 | wall=0.87
R4[RTB       ]: L=+1.00 R=+1.00 | carry=1 | base=0.58 ba=-0.00 | site=0 sd=0.00 sa=+0.00 | phero=0 pd=0.00 pa=+0.00 | srch=0.00 | wall=1.54

[GIVE-UP] R3 giving up after 1736 steps
[PICKUP] Robot 2 picked up tag (density=6) | Total: 12
[DEPOSIT] Robot 4 deposited! Total: 11
  [PHERO] Laid at (-2.72, -0.75) density=16 prob=1.00 total_entries=5
  [TARGET] Robot 4 → SITE (-2.72,-0.75)

======================================================================
Step 14000 (7.5 min) | Pickups: 12 | Deposits: 11 | Rate: 1.47 tags/min | phero_entries=5 phero_max=0.941
======================================================================
R1[SITE      ]: L=+1.00 R=+1.00 | carry=0 | base=0.97 ba=-0.71 | site=1 sd=0.43 sa=-0.41 | phero=0 pd=0.00 pa=+0.00 | srch=0.25 | wall=1.03
R2[RTB       ]: L=+1.00 R=+1.00 | carry=1 | base=0.55 ba=+0.00 | site=0 sd=0.00 sa=+0.00 | phero=0 pd=0.00 pa=+0.00 | srch=0.00 | wall=1.70
R3[GIVE_UP   ]: L=+1.00 R=+1.00 | carry=0 | base=0.41 ba=-0.00 | site=0 sd=0.00 sa=+0.00 | phero=0 pd=0.00 pa=+0.00 | srch=0.55 | wall=2.27
R4[BASE_ESC  ]: L=+0.00 R=+1.00 | carry=0 | base=0.06 ba=-0.34 | site=1 sd=0.74 sa=+0.68 | phero=0 pd=0.00 pa=+0.00 | srch=0.01 | wall=3.28

[EMPTY_RTN] R3 → phero(-2.72,-0.75)
[PICKUP] Robot 1 picked up tag (density=5) | Total: 13
[DEPOSIT] Robot 2 deposited! Total: 12
  [PHERO] Laid at (2.86, 1.01) density=6 prob=0.97 total_entries=6
  [TARGET] Robot 2 → SITE (2.86,1.01)

======================================================================
Step 14500 (7.7 min) | Pickups: 13 | Deposits: 12 | Rate: 1.55 tags/min | phero_entries=6 phero_max=0.976
======================================================================
R1[RTB       ]: L=+1.00 R=+0.92 | carry=1 | base=0.89 ba=-0.03 | site=0 sd=0.00 sa=+0.00 | phero=0 pd=0.00 pa=+0.00 | srch=0.00 | wall=0.65
R2[BASE_ESC  ]: L=+1.00 R=+0.00 | carry=0 | base=0.07 ba=+0.12 | site=1 sd=0.80 sa=-0.83 | phero=0 pd=0.00 pa=+0.00 | srch=0.00 | wall=3.27
R3[PHERO     ]: L=+1.00 R=-0.64 | carry=0 | base=0.07 ba=-0.66 | site=0 sd=0.00 sa=+0.00 | phero=1 pd=0.88 pa=-0.73 | srch=0.05 | wall=3.28
R4[SITE      ]: L=-0.19 R=+1.00 | carry=0 | base=0.51 ba=+0.74 | site=1 sd=0.43 sa=+0.08 | phero=0 pd=0.00 pa=+0.00 | srch=0.13 | wall=1.75

[PICKUP] Robot 4 picked up tag (density=15) | Total: 14

======================================================================
Step 15000 (8.0 min) | Pickups: 14 | Deposits: 12 | Rate: 1.50 tags/min | phero_entries=5 phero_max=0.439
======================================================================
R1[RTB       ]: L=+1.00 R=+1.00 | carry=1 | base=0.38 ba=-0.00 | site=0 sd=0.00 sa=+0.00 | phero=0 pd=0.00 pa=+0.00 | srch=0.00 | wall=2.28
R2[SITE      ]: L=+1.00 R=+1.00 | carry=0 | base=0.37 ba=-0.90 | site=1 sd=0.50 sa=+0.03 | phero=0 pd=0.00 pa=+0.00 | srch=0.13 | wall=2.34
R3[PHERO     ]: L=+1.00 R=-1.00 | carry=0 | base=0.07 ba=-0.60 | site=0 sd=0.00 sa=+0.00 | phero=1 pd=0.88 pa=-0.56 | srch=0.17 | wall=3.25
R4[RTB       ]: L=+0.45 R=+1.00 | carry=1 | base=0.74 ba=+0.20 | site=0 sd=0.00 sa=+0.00 | phero=0 pd=0.00 pa=+0.00 | srch=0.00 | wall=1.01

[DEPOSIT] Robot 1 deposited! Total: 13
  [TARGET] Robot 1 → SITE (2.95,1.40)
[PICKUP] Robot 2 picked up tag (density=4) | Total: 15

======================================================================
Step 15500 (8.3 min) | Pickups: 15 | Deposits: 13 | Rate: 1.57 tags/min | phero_entries=5 phero_max=0.197
======================================================================
R1[SITE      ]: L=+1.00 R=+1.00 | carry=0 | base=0.19 ba=+0.96 | site=1 sd=0.76 sa=-0.19 | phero=0 pd=0.00 pa=+0.00 | srch=0.05 | wall=3.02
R2[RTB       ]: L=+0.00 R=+1.00 | carry=1 | base=0.82 ba=+0.70 | site=0 sd=0.00 sa=+0.00 | phero=0 pd=0.00 pa=+0.00 | srch=0.00 | wall=0.82
R3[PHERO     ]: L=-0.05 R=-0.07 | carry=0 | base=0.07 ba=-0.34 | site=0 sd=0.00 sa=+0.00 | phero=1 pd=0.86 pa=-0.09 | srch=0.30 | wall=3.29
R4[RTB       ]: L=+1.00 R=+1.00 | carry=1 | base=0.21 ba=+0.00 | site=0 sd=0.00 sa=+0.00 | phero=0 pd=0.00 pa=+0.00 | srch=0.00 | wall=2.81

[DEPOSIT] Robot 4 deposited! Total: 14
  [PHERO] Laid at (-2.51, -0.67) density=15 prob=1.00 total_entries=6
  [TARGET] Robot 4 → SITE (-2.51,-0.67)

======================================================================
Step 16000 (8.5 min) | Pickups: 15 | Deposits: 14 | Rate: 1.64 tags/min | phero_entries=5 phero_max=0.548
======================================================================
R1[SITE      ]: L=+1.00 R=+1.00 | carry=0 | base=0.73 ba=+0.99 | site=1 sd=0.44 sa=-0.44 | phero=0 pd=0.00 pa=+0.00 | srch=0.18 | wall=1.46
R2[RTB       ]: L=+1.00 R=+1.00 | carry=1 | base=0.37 ba=+0.00 | site=0 sd=0.00 sa=+0.00 | phero=0 pd=0.00 pa=+0.00 | srch=0.00 | wall=2.33
R3[PHERO     ]: L=+0.64 R=+0.63 | carry=0 | base=0.07 ba=-0.54 | site=0 sd=0.00 sa=+0.00 | phero=1 pd=0.78 pa=+0.08 | srch=0.42 | wall=3.25
R4[SITE      ]: L=+1.00 R=+0.99 | carry=0 | base=0.34 ba=-0.94 | site=1 sd=0.40 sa=+0.03 | phero=0 pd=0.00 pa=+0.00 | srch=0.09 | wall=2.35

[DEPOSIT] Robot 2 deposited! Total: 15
  [PHERO] Laid at (2.66, 1.04) density=4 prob=0.82 total_entries=6
  [TARGET] Robot 2 → SITE (2.66,1.04)

======================================================================
Step 16500 (8.8 min) | Pickups: 15 | Deposits: 15 | Rate: 1.70 tags/min | phero_entries=6 phero_max=0.690
======================================================================
R1[SITE      ]: L=+1.00 R=+0.94 | carry=0 | base=1.04 ba=-0.57 | site=1 sd=0.19 sa=-0.29 | phero=0 pd=0.00 pa=+0.00 | srch=0.30 | wall=0.48
R2[SITE      ]: L=+1.00 R=+1.00 | carry=0 | base=0.20 ba=+0.96 | site=1 sd=0.65 sa=-0.25 | phero=0 pd=0.00 pa=+0.00 | srch=0.06 | wall=2.95
R3[PHERO     ]: L=+1.00 R=+1.00 | carry=0 | base=0.48 ba=-0.95 | site=0 sd=0.00 sa=+0.00 | phero=1 pd=0.34 pa=+0.16 | srch=0.55 | wall=1.82
R4[EXPLORE   ]: L=+1.00 R=+1.00 | carry=0 | base=0.86 ba=+0.91 | site=0 sd=0.00 sa=+0.00 | phero=0 pd=0.00 pa=+0.00 | srch=0.22 | wall=0.63

[PICKUP] Robot 3 picked up tag (density=14) | Total: 16
[PICKUP] Robot 1 picked up tag (density=3) | Total: 17

======================================================================
Step 17000 (9.1 min) | Pickups: 17 | Deposits: 15 | Rate: 1.65 tags/min | phero_entries=6 phero_max=0.310
======================================================================
R1[RTB       ]: L=+1.00 R=+1.00 | carry=1 | base=0.64 ba=-0.00 | site=0 sd=0.00 sa=+0.00 | phero=0 pd=0.00 pa=+0.00 | srch=0.00 | wall=1.46
R2[SITE      ]: L=+1.00 R=+0.75 | carry=0 | base=0.74 ba=-0.92 | site=1 sd=0.47 sa=-0.47 | phero=0 pd=0.00 pa=+0.00 | srch=0.18 | wall=1.34
R3[RTB       ]: L=+1.00 R=+1.00 | carry=1 | base=0.52 ba=+0.00 | site=0 sd=0.00 sa=+0.00 | phero=0 pd=0.00 pa=+0.00 | srch=0.00 | wall=1.70
R4[EXPLORE   ]: L=+1.00 R=+0.98 | carry=0 | base=0.74 ba=+0.34 | site=0 sd=0.00 sa=+0.00 | phero=0 pd=0.00 pa=+0.00 | srch=0.34 | wall=1.49

[DEPOSIT] Robot 3 deposited! Total: 16
  [PHERO] Laid at (-2.49, -0.35) density=14 prob=1.00 total_entries=5
  [TARGET] Robot 3 → SITE (-2.49,-0.35)

======================================================================
Step 17500 (9.3 min) | Pickups: 17 | Deposits: 16 | Rate: 1.71 tags/min | phero_entries=5 phero_max=0.867
======================================================================
R1[RTB       ]: L=+1.00 R=+1.00 | carry=1 | base=0.09 ba=-0.00 | site=0 sd=0.00 sa=+0.00 | phero=0 pd=0.00 pa=+0.00 | srch=0.00 | wall=3.21
R2[SITE      ]: L=+1.00 R=+0.91 | carry=0 | base=0.99 ba=-0.45 | site=1 sd=0.22 sa=-0.27 | phero=0 pd=0.00 pa=+0.00 | srch=0.31 | wall=0.50
R3[BASE_ESC  ]: L=+1.00 R=+0.00 | carry=0 | base=0.07 ba=+0.76 | site=1 sd=0.66 sa=-0.32 | phero=0 pd=0.00 pa=+0.00 | srch=0.02 | wall=3.29
R4[EXPLORE   ]: L=+1.00 R=+1.00 | carry=0 | base=0.98 ba=-0.89 | site=0 sd=0.00 sa=+0.00 | phero=0 pd=0.00 pa=+0.00 | srch=0.47 | wall=0.54

[DEPOSIT] Robot 1 deposited! Total: 17
  [PHERO] Laid at (2.89, 1.37) density=3 prob=0.65 total_entries=6
  [TARGET] Robot 1 → SITE (2.89,1.37)

======================================================================
Step 18000 (9.6 min) | Pickups: 17 | Deposits: 17 | Rate: 1.77 tags/min | phero_entries=6 phero_max=0.463
======================================================================
R1[SITE      ]: L=+1.00 R=+1.00 | carry=0 | base=0.47 ba=+0.99 | site=1 sd=0.55 sa=+0.29 | phero=0 pd=0.00 pa=+0.00 | srch=0.12 | wall=1.85
R2[SITE      ]: L=+1.00 R=+0.95 | carry=0 | base=0.67 ba=+0.25 | site=1 sd=0.15 sa=-0.74 | phero=0 pd=0.00 pa=+0.00 | srch=0.43 | wall=1.32
R3[SITE      ]: L=+1.00 R=+0.97 | carry=0 | base=0.57 ba=-0.82 | site=1 sd=0.39 sa=-0.29 | phero=0 pd=0.00 pa=+0.00 | srch=0.15 | wall=1.98
R4[EXPLORE   ]: L=+1.00 R=+0.89 | carry=0 | base=0.96 ba=-0.25 | site=0 sd=0.00 sa=+0.00 | phero=0 pd=0.00 pa=+0.00 | srch=0.59 | wall=0.81

[PICKUP] Robot 3 picked up tag (density=13) | Total: 18

======================================================================
Step 18500 (9.9 min) | Pickups: 18 | Deposits: 17 | Rate: 1.72 tags/min | phero_entries=5 phero_max=0.208
======================================================================
R1[SITE      ]: L=+1.00 R=+1.00 | carry=0 | base=0.90 ba=+0.23 | site=1 sd=0.33 sa=-0.23 | phero=0 pd=0.00 pa=+0.00 | srch=0.25 | wall=0.36
R2[SITE      ]: L=+1.00 R=+0.95 | carry=0 | base=0.76 ba=+0.90 | site=1 sd=0.56 sa=-0.69 | phero=0 pd=0.00 pa=+0.00 | srch=0.56 | wall=1.13
R3[RTB       ]: L=+1.00 R=+0.95 | carry=1 | base=0.78 ba=-0.02 | site=0 sd=0.00 sa=+0.00 | phero=0 pd=0.00 pa=+0.00 | srch=0.00 | wall=0.86
R4[EXPLORE   ]: L=+1.00 R=+1.00 | carry=0 | base=0.49 ba=+0.25 | site=0 sd=0.00 sa=+0.00 | phero=0 pd=0.00 pa=+0.00 | srch=0.72 | wall=2.16

TIMEOUT_RESULT pickups=18 deposits=17 steps=18750 elapsed_min=10.000000
BATCH_RESULT pickups=18 deposits=17
