============================================================
EVALUATION MODE — CPFA-RL Trained Model
Arena: 7×7m  |  Robots: 4  |  Active tags: 32
============================================================

Loading model: ppo_cpfa_v9
Model loaded. PPO group: 4 robots (72 obs, 8 actions). Starting evaluation...

============================================================

[GIVE-UP] R2 giving up after 312 steps

======================================================================
Step 500 (0.3 min) | Pickups: 0 | Deposits: 0 | Rate: 0.00 tags/min | phero_entries=0 phero_max=0.000
======================================================================
R1[EXPLORE   ]: L=+1.00 R=+1.00 | carry=0 | base=0.42 ba=+0.98 | site=0 sd=0.00 sa=+0.00 | phero=0 pd=0.00 pa=+0.00 | srch=0.12 | wall=2.22
R2[GIVE_UP   ]: L=+0.99 R=+1.00 | carry=0 | base=0.41 ba=+0.00 | site=0 sd=0.00 sa=+0.00 | phero=0 pd=0.00 pa=+0.00 | srch=0.12 | wall=2.06
R3[EXPLORE   ]: L=+1.00 R=+1.00 | carry=0 | base=0.54 ba=-0.91 | site=0 sd=0.00 sa=+0.00 | phero=0 pd=0.00 pa=+0.00 | srch=0.12 | wall=1.66
R4[EXPLORE   ]: L=+1.00 R=+0.75 | carry=0 | base=0.31 ba=+0.02 | site=0 sd=0.00 sa=+0.00 | phero=0 pd=0.00 pa=+0.00 | srch=0.12 | wall=2.43

[EMPTY_RTN] R2 → EXPLORE
[GIVE-UP] R3 giving up after 936 steps

======================================================================
Step 1000 (0.5 min) | Pickups: 0 | Deposits: 0 | Rate: 0.00 tags/min | phero_entries=0 phero_max=0.000
======================================================================
R1[EXPLORE   ]: L=+1.00 R=+1.00 | carry=0 | base=0.97 ba=+0.99 | site=0 sd=0.00 sa=+0.00 | phero=0 pd=0.00 pa=+0.00 | srch=0.25 | wall=0.61
R2[EXPLORE   ]: L=+1.00 R=+1.00 | carry=0 | base=0.15 ba=+0.94 | site=0 sd=0.00 sa=+0.00 | phero=0 pd=0.00 pa=+0.00 | srch=0.05 | wall=3.04
R3[GIVE_UP   ]: L=+1.00 R=+0.97 | carry=0 | base=0.86 ba=-0.01 | site=0 sd=0.00 sa=+0.00 | phero=0 pd=0.00 pa=+0.00 | srch=0.25 | wall=0.50
R4[EXPLORE   ]: L=+1.00 R=+1.00 | carry=0 | base=0.56 ba=-0.72 | site=0 sd=0.00 sa=+0.00 | phero=0 pd=0.00 pa=+0.00 | srch=0.25 | wall=1.53

[PICKUP] Robot 4 picked up tag (density=16) | Total: 1

======================================================================
Step 1500 (0.8 min) | Pickups: 1 | Deposits: 0 | Rate: 0.00 tags/min | phero_entries=0 phero_max=0.000
======================================================================
R1[EXPLORE   ]: L=+1.00 R=+1.00 | carry=0 | base=0.93 ba=+0.44 | site=0 sd=0.00 sa=+0.00 | phero=0 pd=0.00 pa=+0.00 | srch=0.38 | wall=0.94
R2[EXPLORE   ]: L=+1.00 R=+1.00 | carry=0 | base=0.70 ba=+0.99 | site=0 sd=0.00 sa=+0.00 | phero=0 pd=0.00 pa=+0.00 | srch=0.17 | wall=1.62
R3[GIVE_UP   ]: L=+1.00 R=+1.00 | carry=0 | base=0.31 ba=-0.00 | site=0 sd=0.00 sa=+0.00 | phero=0 pd=0.00 pa=+0.00 | srch=0.38 | wall=2.41
R4[RTB       ]: L=+1.00 R=+1.00 | carry=1 | base=0.62 ba=-0.00 | site=0 sd=0.00 sa=+0.00 | phero=0 pd=0.00 pa=+0.00 | srch=0.00 | wall=1.44

[EMPTY_RTN] R3 → EXPLORE
[DEPOSIT] Robot 4 deposited! Total: 1
  [PHERO] Laid at (-0.70, -2.64) density=16 prob=1.00 total_entries=1
  [TARGET] Robot 4 → SITE (-0.70,-2.64)

======================================================================
Step 2000 (1.1 min) | Pickups: 1 | Deposits: 1 | Rate: 0.94 tags/min | phero_entries=1 phero_max=0.995
======================================================================
R1[EXPLORE   ]: L=+1.00 R=+1.00 | carry=0 | base=0.84 ba=+0.28 | site=0 sd=0.00 sa=+0.00 | phero=0 pd=0.00 pa=+0.00 | srch=0.50 | wall=0.59
R2[WALL_ESC  ]: L=+0.00 R=+1.00 | carry=0 | base=1.20 ba=+0.56 | site=0 sd=0.00 sa=+0.00 | phero=0 pd=0.00 pa=+0.00 | srch=0.30 | wall=0.34
R3[EXPLORE   ]: L=+0.72 R=+1.00 | carry=0 | base=0.22 ba=+0.72 | site=0 sd=0.00 sa=+0.00 | phero=0 pd=0.00 pa=+0.00 | srch=0.07 | wall=2.74
R4[BASE_ESC  ]: L=+0.00 R=+1.00 | carry=0 | base=0.07 ba=-0.04 | site=1 sd=0.71 sa=+0.97 | phero=0 pd=0.00 pa=+0.00 | srch=0.00 | wall=3.27


======================================================================
Step 2500 (1.3 min) | Pickups: 1 | Deposits: 1 | Rate: 0.75 tags/min | phero_entries=1 phero_max=0.447
======================================================================
R1[EXPLORE   ]: L=+1.00 R=+1.00 | carry=0 | base=0.64 ba=+0.50 | site=0 sd=0.00 sa=+0.00 | phero=0 pd=0.00 pa=+0.00 | srch=0.62 | wall=1.60
R2[EXPLORE   ]: L=+1.00 R=+1.00 | carry=0 | base=0.95 ba=+0.23 | site=0 sd=0.00 sa=+0.00 | phero=0 pd=0.00 pa=+0.00 | srch=0.42 | wall=0.55
R3[EXPLORE   ]: L=+1.00 R=+1.00 | carry=0 | base=0.67 ba=+0.90 | site=0 sd=0.00 sa=+0.00 | phero=0 pd=0.00 pa=+0.00 | srch=0.19 | wall=1.49
R4[SITE      ]: L=+0.97 R=+1.00 | carry=0 | base=0.49 ba=+0.90 | site=1 sd=0.33 sa=+0.10 | phero=0 pd=0.00 pa=+0.00 | srch=0.13 | wall=2.00

[GIVE-UP] R1 giving up after 2730 steps
[PICKUP] Robot 4 picked up tag (density=15) | Total: 2
[GIVE-UP] R2 giving up after 1950 steps
[GIVE-UP] R3 giving up after 1092 steps
[GIVE-UP] R3 giving up after 1170 steps

======================================================================
Step 3000 (1.6 min) | Pickups: 2 | Deposits: 1 | Rate: 0.62 tags/min | phero_entries=1 phero_max=0.201
======================================================================
R1[GIVE_UP   ]: L=+1.00 R=+1.00 | carry=0 | base=0.46 ba=+0.00 | site=0 sd=0.00 sa=+0.00 | phero=0 pd=0.00 pa=+0.00 | srch=0.75 | wall=2.17
R2[GIVE_UP   ]: L=+1.00 R=+1.00 | carry=0 | base=0.52 ba=+0.00 | site=0 sd=0.00 sa=+0.00 | phero=0 pd=0.00 pa=+0.00 | srch=0.55 | wall=1.70
R3[GIVE_UP   ]: L=+1.00 R=+1.00 | carry=0 | base=0.90 ba=+0.00 | site=0 sd=0.00 sa=+0.00 | phero=0 pd=0.00 pa=+0.00 | srch=0.32 | wall=0.59
R4[RTB       ]: L=+1.00 R=+1.00 | carry=1 | base=0.52 ba=+0.00 | site=0 sd=0.00 sa=+0.00 | phero=0 pd=0.00 pa=+0.00 | srch=0.00 | wall=1.74

[GIVE-UP] R3 giving up after 1404 steps
[EMPTY_RTN] R1 → phero(-0.70,-2.64)
[EMPTY_RTN] R2 → phero(-0.70,-2.64)
[DEPOSIT] Robot 4 deposited! Total: 2
  [PHERO] Laid at (-0.80, -2.37) density=15 prob=1.00 total_entries=2
  [TARGET] Robot 4 → SITE (-0.80,-2.37)

======================================================================
Step 3500 (1.9 min) | Pickups: 2 | Deposits: 2 | Rate: 1.07 tags/min | phero_entries=2 phero_max=0.870
======================================================================
R1[PHERO     ]: L=+1.00 R=-0.01 | carry=0 | base=0.08 ba=-0.86 | site=0 sd=0.00 sa=+0.00 | phero=1 pd=0.78 pa=-0.37 | srch=0.04 | wall=3.24
R2[BASE_ESC  ]: L=+1.00 R=+0.00 | carry=0 | base=0.06 ba=+0.73 | site=0 sd=0.00 sa=+0.00 | phero=1 pd=0.84 pa=+0.66 | srch=0.02 | wall=3.27
R3[GIVE_UP   ]: L=+1.00 R=+1.00 | carry=0 | base=0.35 ba=+0.00 | site=0 sd=0.00 sa=+0.00 | phero=0 pd=0.00 pa=+0.00 | srch=0.44 | wall=2.36
R4[BASE_ESC  ]: L=+1.00 R=+0.00 | carry=0 | base=0.06 ba=+0.73 | site=1 sd=0.65 sa=-0.35 | phero=0 pd=0.00 pa=+0.00 | srch=0.02 | wall=3.28

[EMPTY_RTN] R3 → phero(-0.80,-2.37)

======================================================================
Step 4000 (2.1 min) | Pickups: 2 | Deposits: 2 | Rate: 0.94 tags/min | phero_entries=2 phero_max=0.391
======================================================================
R1[PHERO     ]: L=+1.00 R=+1.00 | carry=0 | base=0.46 ba=+1.00 | site=0 sd=0.00 sa=+0.00 | phero=1 pd=0.32 pa=-0.11 | srch=0.16 | wall=1.89
R2[PHERO     ]: L=-1.00 R=+1.00 | carry=0 | base=0.07 ba=+0.40 | site=0 sd=0.00 sa=+0.00 | phero=1 pd=0.83 pa=+0.17 | srch=0.15 | wall=3.28
R3[PHERO     ]: L=-0.41 R=-0.52 | carry=0 | base=0.13 ba=+0.21 | site=0 sd=0.00 sa=+0.00 | phero=1 pd=0.84 pa=+0.29 | srch=0.06 | wall=3.14
R4[SITE      ]: L=+0.83 R=+0.86 | carry=0 | base=0.56 ba=-0.87 | site=1 sd=0.15 sa=+0.09 | phero=0 pd=0.00 pa=+0.00 | srch=0.15 | wall=1.62

[PICKUP] Robot 4 picked up tag (density=14) | Total: 3

======================================================================
Step 4500 (2.4 min) | Pickups: 3 | Deposits: 2 | Rate: 0.83 tags/min | phero_entries=2 phero_max=0.176
======================================================================
R1[WALL_ESC  ]: L=+0.00 R=+1.00 | carry=0 | base=0.91 ba=+0.26 | site=0 sd=0.00 sa=+0.00 | phero=1 pd=0.19 pa=+0.48 | srch=0.29 | wall=0.32
R2[PHERO     ]: L=+0.95 R=+0.94 | carry=0 | base=0.10 ba=+0.74 | site=0 sd=0.00 sa=+0.00 | phero=1 pd=0.69 pa=-0.10 | srch=0.27 | wall=3.23
R3[PHERO     ]: L=-0.15 R=-0.12 | carry=0 | base=0.29 ba=+0.16 | site=0 sd=0.00 sa=+0.00 | phero=1 pd=0.97 pa=+0.29 | srch=0.19 | wall=2.69
R4[RTB       ]: L=+1.00 R=+1.00 | carry=1 | base=0.56 ba=-0.00 | site=0 sd=0.00 sa=+0.00 | phero=0 pd=0.00 pa=+0.00 | srch=0.00 | wall=1.69

[DEPOSIT] Robot 4 deposited! Total: 3
  [PHERO] Laid at (-0.84, -2.39) density=14 prob=1.00 total_entries=3
  [TARGET] Robot 4 → SITE (-0.84,-2.39)

======================================================================
Step 5000 (2.7 min) | Pickups: 3 | Deposits: 3 | Rate: 1.12 tags/min | phero_entries=3 phero_max=0.914
======================================================================
R1[PHERO     ]: L=+0.85 R=+1.00 | carry=0 | base=0.65 ba=-0.81 | site=0 sd=0.00 sa=+0.00 | phero=1 pd=0.15 pa=+0.38 | srch=0.41 | wall=1.36
R2[PHERO     ]: L=-0.19 R=-0.18 | carry=0 | base=0.38 ba=-0.94 | site=0 sd=0.00 sa=+0.00 | phero=1 pd=0.40 pa=+0.03 | srch=0.40 | wall=2.20
R3[PHERO     ]: L=+0.37 R=+0.35 | carry=0 | base=0.34 ba=+0.04 | site=0 sd=0.00 sa=+0.00 | phero=1 pd=1.00 pa=+0.19 | srch=0.31 | wall=2.51
R4[BASE_ESC  ]: L=+0.00 R=+1.00 | carry=0 | base=0.06 ba=-0.47 | site=1 sd=0.66 sa=+0.57 | phero=0 pd=0.00 pa=+0.00 | srch=0.01 | wall=3.31

[PICKUP] Robot 1 picked up tag (density=13) | Total: 4
[PICKUP] Robot 2 picked up tag (density=12) | Total: 5

======================================================================
Step 5500 (2.9 min) | Pickups: 5 | Deposits: 3 | Rate: 1.02 tags/min | phero_entries=3 phero_max=0.411
======================================================================
R1[RTB       ]: L=+1.00 R=+1.00 | carry=1 | base=0.40 ba=+0.00 | site=0 sd=0.00 sa=+0.00 | phero=0 pd=0.00 pa=+0.00 | srch=0.00 | wall=2.18
R2[RTB       ]: L=+1.00 R=+0.00 | carry=1 | base=0.79 ba=-0.56 | site=0 sd=0.00 sa=+0.00 | phero=0 pd=0.00 pa=+0.00 | srch=0.00 | wall=0.84
R3[PHERO     ]: L=+0.42 R=+1.00 | carry=0 | base=0.08 ba=+0.52 | site=0 sd=0.00 sa=+0.00 | phero=1 pd=0.75 pa=+0.19 | srch=0.44 | wall=3.31
R4[SITE      ]: L=+1.00 R=+1.00 | carry=0 | base=0.54 ba=+0.95 | site=1 sd=0.19 sa=+0.06 | phero=0 pd=0.00 pa=+0.00 | srch=0.14 | wall=1.77

[DEPOSIT] Robot 1 deposited! Total: 4
  [PHERO] Laid at (-0.96, -2.37) density=13 prob=1.00 total_entries=4
  [TARGET] Robot 1 → SITE (-0.96,-2.37)

======================================================================
Step 6000 (3.2 min) | Pickups: 5 | Deposits: 4 | Rate: 1.25 tags/min | phero_entries=4 phero_max=0.727
======================================================================
R1[SITE      ]: L=+1.00 R=+1.00 | carry=0 | base=0.16 ba=+0.96 | site=1 sd=0.59 sa=-0.22 | phero=0 pd=0.00 pa=+0.00 | srch=0.05 | wall=2.93
R2[RTB       ]: L=+1.00 R=+1.00 | carry=1 | base=0.30 ba=-0.00 | site=0 sd=0.00 sa=+0.00 | phero=0 pd=0.00 pa=+0.00 | srch=0.00 | wall=2.50
R3[PHERO     ]: L=+0.98 R=+0.96 | carry=0 | base=0.46 ba=+0.92 | site=0 sd=0.00 sa=+0.00 | phero=1 pd=0.26 pa=-0.10 | srch=0.56 | wall=1.97
R4[EXPLORE   ]: L=+1.00 R=+1.00 | carry=0 | base=0.86 ba=+0.68 | site=0 sd=0.00 sa=+0.00 | phero=0 pd=0.00 pa=+0.00 | srch=0.26 | wall=0.50

[DEPOSIT] Robot 2 deposited! Total: 5
  [PHERO] Laid at (-0.71, -2.65) density=12 prob=1.00 total_entries=5
  [TARGET] Robot 2 → SITE (-0.71,-2.65)
[PICKUP] Robot 3 picked up tag (density=11) | Total: 6

======================================================================
Step 6500 (3.5 min) | Pickups: 6 | Deposits: 5 | Rate: 1.44 tags/min | phero_entries=4 phero_max=0.628
======================================================================
R1[SITE      ]: L=+1.00 R=+0.95 | carry=0 | base=0.67 ba=-0.79 | site=1 sd=0.19 sa=-0.22 | phero=0 pd=0.00 pa=+0.00 | srch=0.17 | wall=1.19
R2[SITE      ]: L=+0.96 R=+1.00 | carry=0 | base=0.26 ba=-1.00 | site=1 sd=0.58 sa=+0.25 | phero=0 pd=0.00 pa=+0.00 | srch=0.07 | wall=2.83
R3[RTB       ]: L=+1.00 R=+1.00 | carry=1 | base=0.63 ba=-0.00 | site=0 sd=0.00 sa=+0.00 | phero=0 pd=0.00 pa=+0.00 | srch=0.00 | wall=1.43
R4[EXPLORE   ]: L=+1.00 R=+1.00 | carry=0 | base=0.88 ba=+0.57 | site=0 sd=0.00 sa=+0.00 | phero=0 pd=0.00 pa=+0.00 | srch=0.39 | wall=0.90

[PICKUP] Robot 1 picked up tag (density=10) | Total: 7

======================================================================
Step 7000 (3.7 min) | Pickups: 7 | Deposits: 5 | Rate: 1.34 tags/min | phero_entries=4 phero_max=0.282
======================================================================
R1[RTB       ]: L=+1.00 R=+1.00 | carry=1 | base=0.46 ba=-0.00 | site=0 sd=0.00 sa=+0.00 | phero=0 pd=0.00 pa=+0.00 | srch=0.00 | wall=1.98
R2[SITE      ]: L=+0.94 R=+1.00 | carry=0 | base=0.77 ba=+0.73 | site=1 sd=0.28 sa=+0.28 | phero=0 pd=0.00 pa=+0.00 | srch=0.20 | wall=1.30
R3[RTB       ]: L=+1.00 R=+1.00 | carry=1 | base=0.09 ba=-0.00 | site=0 sd=0.00 sa=+0.00 | phero=0 pd=0.00 pa=+0.00 | srch=0.00 | wall=3.22
R4[WALL_ESC  ]: L=+0.45 R=+1.00 | carry=0 | base=1.07 ba=+0.14 | site=0 sd=0.00 sa=+0.00 | phero=0 pd=0.00 pa=+0.00 | srch=0.51 | wall=0.34

[DEPOSIT] Robot 3 deposited! Total: 6
  [PHERO] Laid at (-0.84, -2.46) density=11 prob=1.00 total_entries=5
  [TARGET] Robot 3 → SITE (-0.84,-2.46)
[PICKUP] Robot 2 picked up tag (density=9) | Total: 8
[DEPOSIT] Robot 1 deposited! Total: 7
  [PHERO] Laid at (-0.84, -2.55) density=10 prob=1.00 total_entries=6
  [TARGET] Robot 1 → SITE (-0.84,-2.55)

======================================================================
Step 7500 (4.0 min) | Pickups: 8 | Deposits: 7 | Rate: 1.75 tags/min | phero_entries=6 phero_max=0.797
======================================================================
R1[SITE      ]: L=+1.00 R=+1.00 | carry=0 | base=0.10 ba=-0.91 | site=1 sd=0.67 sa=+0.24 | phero=0 pd=0.00 pa=+0.00 | srch=0.04 | wall=3.23
R2[RTB       ]: L=+1.00 R=+1.00 | carry=1 | base=0.57 ba=+0.00 | site=0 sd=0.00 sa=+0.00 | phero=0 pd=0.00 pa=+0.00 | srch=0.00 | wall=1.64
R3[SITE      ]: L=+1.00 R=+1.00 | carry=0 | base=0.44 ba=+0.86 | site=1 sd=0.30 sa=-0.15 | phero=0 pd=0.00 pa=+0.00 | srch=0.12 | wall=2.03
R4[EXPLORE   ]: L=+1.00 R=+1.00 | carry=0 | base=0.70 ba=+0.17 | site=0 sd=0.00 sa=+0.00 | phero=0 pd=0.00 pa=+0.00 | srch=0.64 | wall=1.18

[PICKUP] Robot 3 picked up tag (density=8) | Total: 9
[DEPOSIT] Robot 2 deposited! Total: 8
  [PHERO] Laid at (-1.22, -2.75) density=9 prob=1.00 total_entries=6
  [TARGET] Robot 2 → SITE (-1.22,-2.75)

======================================================================
Step 8000 (4.3 min) | Pickups: 9 | Deposits: 8 | Rate: 1.88 tags/min | phero_entries=6 phero_max=0.935
======================================================================
R1[SITE      ]: L=+1.00 R=+1.00 | carry=0 | base=0.65 ba=+0.99 | site=1 sd=0.45 sa=+0.51 | phero=0 pd=0.00 pa=+0.00 | srch=0.16 | wall=1.67
R2[BASE_ESC  ]: L=+1.00 R=+0.00 | carry=0 | base=0.06 ba=+0.40 | site=1 sd=0.80 sa=-0.63 | phero=0 pd=0.00 pa=+0.00 | srch=0.01 | wall=3.29
R3[RTB       ]: L=+1.00 R=+0.99 | carry=1 | base=0.66 ba=-0.00 | site=0 sd=0.00 sa=+0.00 | phero=0 pd=0.00 pa=+0.00 | srch=0.00 | wall=1.35
R4[EXPLORE   ]: L=+1.00 R=+1.00 | carry=0 | base=0.46 ba=+0.71 | site=0 sd=0.00 sa=+0.00 | phero=0 pd=0.00 pa=+0.00 | srch=0.76 | wall=2.12


======================================================================
Step 8500 (4.5 min) | Pickups: 9 | Deposits: 8 | Rate: 1.76 tags/min | phero_entries=6 phero_max=0.420
======================================================================
R1[SITE      ]: L=+0.98 R=+1.00 | carry=0 | base=1.16 ba=+0.82 | site=1 sd=0.59 sa=+0.63 | phero=0 pd=0.00 pa=+0.00 | srch=0.29 | wall=0.62
R2[SITE      ]: L=+1.00 R=+1.00 | carry=0 | base=0.54 ba=+0.99 | site=1 sd=0.51 sa=-0.40 | phero=0 pd=0.00 pa=+0.00 | srch=0.14 | wall=1.64
R3[RTB       ]: L=+1.00 R=+1.00 | carry=1 | base=0.11 ba=-0.00 | site=0 sd=0.00 sa=+0.00 | phero=0 pd=0.00 pa=+0.00 | srch=0.00 | wall=3.13
R4[EXPLORE   ]: L=+0.99 R=+0.95 | carry=0 | base=0.90 ba=+0.89 | site=0 sd=0.00 sa=+0.00 | phero=0 pd=0.00 pa=+0.00 | srch=0.89 | wall=0.80

[DEPOSIT] Robot 3 deposited! Total: 9
  [PHERO] Laid at (-0.89, -2.49) density=8 prob=1.00 total_entries=7
  [TARGET] Robot 3 → SITE (-0.89,-2.49)
[GIVE-UP] R4 giving up after 3807 steps

======================================================================
Step 9000 (4.8 min) | Pickups: 9 | Deposits: 9 | Rate: 1.88 tags/min | phero_entries=7 phero_max=0.479
======================================================================
R1[SITE      ]: L=+1.00 R=+1.00 | carry=0 | base=0.87 ba=+0.06 | site=1 sd=0.31 sa=-0.28 | phero=0 pd=0.00 pa=+0.00 | srch=0.41 | wall=1.14
R2[SITE      ]: L=+0.96 R=+1.00 | carry=0 | base=0.86 ba=-0.22 | site=1 sd=0.42 sa=+0.20 | phero=0 pd=0.00 pa=+0.00 | srch=0.26 | wall=0.51
R3[SITE      ]: L=+0.98 R=+1.00 | carry=0 | base=0.45 ba=+0.92 | site=1 sd=0.36 sa=+0.15 | phero=0 pd=0.00 pa=+0.00 | srch=0.12 | wall=2.28
R4[GIVE_UP   ]: L=+1.00 R=+1.00 | carry=0 | base=0.80 ba=-0.00 | site=0 sd=0.00 sa=+0.00 | phero=0 pd=0.00 pa=+0.00 | srch=1.00 | wall=1.15

[PICKUP] Robot 3 picked up tag (density=7) | Total: 10
[PICKUP] Robot 2 picked up tag (density=6) | Total: 11

======================================================================
Step 9500 (5.1 min) | Pickups: 11 | Deposits: 9 | Rate: 1.78 tags/min | phero_entries=6 phero_max=0.215
======================================================================
R1[SITE      ]: L=+1.00 R=+0.93 | carry=0 | base=0.56 ba=+0.70 | site=1 sd=0.23 sa=-0.50 | phero=0 pd=0.00 pa=+0.00 | srch=0.54 | wall=1.55
R2[RTB       ]: L=+1.00 R=+1.00 | carry=1 | base=0.65 ba=-0.00 | site=0 sd=0.00 sa=+0.00 | phero=0 pd=0.00 pa=+0.00 | srch=0.00 | wall=1.37
R3[RTB       ]: L=+1.00 R=+1.00 | carry=1 | base=0.62 ba=+0.00 | site=0 sd=0.00 sa=+0.00 | phero=0 pd=0.00 pa=+0.00 | srch=0.00 | wall=1.47
R4[GIVE_UP   ]: L=+1.00 R=+1.00 | carry=0 | base=0.26 ba=-0.00 | site=0 sd=0.00 sa=+0.00 | phero=0 pd=0.00 pa=+0.00 | srch=1.00 | wall=2.75

[EMPTY_RTN] R4 → phero(-0.89,-2.49)
[PICKUP] Robot 1 picked up tag (density=5) | Total: 12

======================================================================
Step 10000 (5.3 min) | Pickups: 12 | Deposits: 9 | Rate: 1.69 tags/min | phero_entries=6 phero_max=0.097
======================================================================
R1[RTB       ]: L=+1.00 R=+0.98 | carry=1 | base=0.73 ba=-0.01 | site=0 sd=0.00 sa=+0.00 | phero=0 pd=0.00 pa=+0.00 | srch=0.00 | wall=1.06
R2[RTB       ]: L=+1.00 R=+1.00 | carry=1 | base=0.10 ba=-0.00 | site=0 sd=0.00 sa=+0.00 | phero=0 pd=0.00 pa=+0.00 | srch=0.00 | wall=3.16
R3[RTB       ]: L=+1.00 R=+1.00 | carry=1 | base=0.07 ba=+0.00 | site=0 sd=0.00 sa=+0.00 | phero=0 pd=0.00 pa=+0.00 | srch=0.00 | wall=3.26
R4[BASE_ESC  ]: L=+0.00 R=+1.00 | carry=0 | base=0.07 ba=-0.41 | site=0 sd=0.00 sa=+0.00 | phero=1 pd=0.81 pa=-0.19 | srch=0.08 | wall=3.28

[DEPOSIT] Robot 3 deposited! Total: 10
  [PHERO] Laid at (-1.02, -2.38) density=7 prob=0.99 total_entries=7
  [TARGET] Robot 3 → SITE (-1.02,-2.38)
[DEPOSIT] Robot 2 deposited! Total: 11
  [PHERO] Laid at (-0.88, -2.57) density=6 prob=0.97 total_entries=8
  [TARGET] Robot 2 → SITE (-0.88,-2.57)

======================================================================
Step 10500 (5.6 min) | Pickups: 12 | Deposits: 11 | Rate: 1.96 tags/min | phero_entries=7 phero_max=0.484
======================================================================
R1[RTB       ]: L=+1.00 R=+1.00 | carry=1 | base=0.18 ba=-0.00 | site=0 sd=0.00 sa=+0.00 | phero=0 pd=0.00 pa=+0.00 | srch=0.00 | wall=2.90
R2[SITE      ]: L=+1.00 R=+1.00 | carry=0 | base=0.47 ba=-0.93 | site=1 sd=0.36 sa=-0.15 | phero=0 pd=0.00 pa=+0.00 | srch=0.11 | wall=1.87
R3[SITE      ]: L=+1.00 R=+0.94 | carry=0 | base=0.45 ba=-0.90 | site=1 sd=0.34 sa=-0.13 | phero=0 pd=0.00 pa=+0.00 | srch=0.12 | wall=1.93
R4[PHERO     ]: L=+0.44 R=+0.43 | carry=0 | base=0.39 ba=-0.78 | site=0 sd=0.00 sa=+0.00 | phero=1 pd=0.39 pa=+0.05 | srch=0.21 | wall=2.12

[DEPOSIT] Robot 1 deposited! Total: 12
  [PHERO] Laid at (-0.70, -2.70) density=5 prob=0.92 total_entries=7
  [TARGET] Robot 1 → SITE (-0.70,-2.70)

======================================================================
Step 11000 (5.9 min) | Pickups: 12 | Deposits: 12 | Rate: 2.05 tags/min | phero_entries=7 phero_max=0.525
======================================================================
R1[SITE      ]: L=+0.96 R=+1.00 | carry=0 | base=0.39 ba=+0.99 | site=1 sd=0.48 sa=+0.25 | phero=0 pd=0.00 pa=+0.00 | srch=0.10 | wall=2.47
R2[SITE      ]: L=+1.00 R=+0.86 | carry=0 | base=0.88 ba=-0.45 | site=1 sd=0.11 sa=-0.45 | phero=0 pd=0.00 pa=+0.00 | srch=0.24 | wall=0.58
R3[EXPLORE   ]: L=+1.00 R=+1.00 | carry=0 | base=0.74 ba=-0.51 | site=0 sd=0.00 sa=+0.00 | phero=0 pd=0.00 pa=+0.00 | srch=0.25 | wall=1.33
R4[PHERO     ]: L=+0.24 R=+0.25 | carry=0 | base=0.59 ba=-0.92 | site=0 sd=0.00 sa=+0.00 | phero=1 pd=0.17 pa=+0.04 | srch=0.33 | wall=1.53

[PICKUP] Robot 2 picked up tag (density=4) | Total: 13
[PICKUP] Robot 4 picked up tag (density=3) | Total: 14

======================================================================
Step 11500 (6.1 min) | Pickups: 14 | Deposits: 12 | Rate: 1.96 tags/min | phero_entries=6 phero_max=0.236
======================================================================
R1[SITE      ]: L=+1.00 R=+1.00 | carry=0 | base=0.88 ba=+0.90 | site=1 sd=0.32 sa=+0.55 | phero=0 pd=0.00 pa=+0.00 | srch=0.23 | wall=0.99
R2[RTB       ]: L=+1.00 R=+1.00 | carry=1 | base=0.42 ba=+0.00 | site=0 sd=0.00 sa=+0.00 | phero=0 pd=0.00 pa=+0.00 | srch=0.00 | wall=2.15
R3[EXPLORE   ]: L=+0.41 R=+1.00 | carry=0 | base=0.86 ba=+0.83 | site=0 sd=0.00 sa=+0.00 | phero=0 pd=0.00 pa=+0.00 | srch=0.37 | wall=1.02
R4[RTB       ]: L=+1.00 R=+1.00 | carry=1 | base=0.59 ba=+0.00 | site=0 sd=0.00 sa=+0.00 | phero=0 pd=0.00 pa=+0.00 | srch=0.00 | wall=1.53

[GIVE-UP] R3 giving up after 1804 steps
[DEPOSIT] Robot 2 deposited! Total: 13
  [PHERO] Laid at (-1.15, -2.80) density=4 prob=0.82 total_entries=6
  [TARGET] Robot 2 → SITE (-1.15,-2.80)
[DEPOSIT] Robot 4 deposited! Total: 14
  [PHERO] Laid at (-0.97, -2.49) density=3 prob=0.65 total_entries=7
  [TARGET] Robot 4 → SITE (-0.97,-2.49)

======================================================================
Step 12000 (6.4 min) | Pickups: 14 | Deposits: 14 | Rate: 2.19 tags/min | phero_entries=7 phero_max=0.964
======================================================================
R1[SITE      ]: L=+1.00 R=+0.84 | carry=0 | base=0.84 ba=+0.32 | site=1 sd=0.16 sa=-0.06 | phero=0 pd=0.00 pa=+0.00 | srch=0.35 | wall=0.84
R2[SITE      ]: L=+1.00 R=+1.00 | carry=0 | base=0.15 ba=+0.95 | site=1 sd=0.73 sa=-0.20 | phero=0 pd=0.00 pa=+0.00 | srch=0.05 | wall=2.99
R3[GIVE_UP   ]: L=+1.00 R=+1.00 | carry=0 | base=0.79 ba=+0.00 | site=0 sd=0.00 sa=+0.00 | phero=0 pd=0.00 pa=+0.00 | srch=0.50 | wall=1.15
R4[BASE_ESC  ]: L=+1.00 R=+0.00 | carry=0 | base=0.06 ba=+0.24 | site=1 sd=0.70 sa=-0.79 | phero=0 pd=0.00 pa=+0.00 | srch=0.01 | wall=3.29

[PICKUP] Robot 1 picked up tag (density=2) | Total: 15

======================================================================
Step 12500 (6.7 min) | Pickups: 15 | Deposits: 14 | Rate: 2.10 tags/min | phero_entries=6 phero_max=0.433
======================================================================
R1[RTB       ]: L=+1.00 R=+1.00 | carry=1 | base=0.35 ba=+0.00 | site=0 sd=0.00 sa=+0.00 | phero=0 pd=0.00 pa=+0.00 | srch=0.00 | wall=2.36
R2[SITE      ]: L=+1.00 R=+0.95 | carry=0 | base=0.65 ba=-0.76 | site=1 sd=0.32 sa=-0.08 | phero=0 pd=0.00 pa=+0.00 | srch=0.17 | wall=1.22
R3[GIVE_UP   ]: L=+1.00 R=+1.00 | carry=0 | base=0.24 ba=+0.00 | site=0 sd=0.00 sa=+0.00 | phero=0 pd=0.00 pa=+0.00 | srch=0.62 | wall=2.78
R4[SITE      ]: L=+1.00 R=+0.97 | carry=0 | base=0.50 ba=-0.86 | site=1 sd=0.29 sa=-0.03 | phero=0 pd=0.00 pa=+0.00 | srch=0.13 | wall=1.78

[EMPTY_RTN] R3 → phero(-0.97,-2.49)
[DEPOSIT] Robot 1 deposited! Total: 15
  [TARGET] Robot 1 → SITE (-1.11,-2.65)
[PICKUP] Robot 2 picked up tag (density=1) | Total: 16

======================================================================
Step 13000 (6.9 min) | Pickups: 16 | Deposits: 15 | Rate: 2.16 tags/min | phero_entries=5 phero_max=0.195
======================================================================
R1[SITE      ]: L=+1.00 R=+1.00 | carry=0 | base=0.17 ba=+0.93 | site=1 sd=0.70 sa=-0.35 | phero=0 pd=0.00 pa=+0.00 | srch=0.05 | wall=2.93
R2[RTB       ]: L=+1.00 R=+0.91 | carry=1 | base=0.77 ba=-0.03 | site=0 sd=0.00 sa=+0.00 | phero=0 pd=0.00 pa=+0.00 | srch=0.00 | wall=0.96
R3[PHERO     ]: L=+1.00 R=+0.98 | carry=0 | base=0.24 ba=+0.97 | site=0 sd=0.00 sa=+0.00 | phero=1 pd=0.53 pa=-0.11 | srch=0.09 | wall=2.69
R4[EXPLORE   ]: L=+1.00 R=+1.00 | carry=0 | base=0.95 ba=-0.88 | site=0 sd=0.00 sa=+0.00 | phero=0 pd=0.00 pa=+0.00 | srch=0.26 | wall=0.52


======================================================================
Step 13500 (7.2 min) | Pickups: 16 | Deposits: 15 | Rate: 2.08 tags/min | phero_entries=5 phero_max=0.087
======================================================================
R1[SITE      ]: L=+1.00 R=+0.89 | carry=0 | base=0.71 ba=-0.82 | site=1 sd=0.64 sa=-0.40 | phero=0 pd=0.00 pa=+0.00 | srch=0.18 | wall=1.28
R2[RTB       ]: L=+1.00 R=+1.00 | carry=1 | base=0.22 ba=-0.00 | site=0 sd=0.00 sa=+0.00 | phero=0 pd=0.00 pa=+0.00 | srch=0.00 | wall=2.78
R3[PHERO     ]: L=+1.00 R=+0.80 | carry=0 | base=0.75 ba=-0.81 | site=0 sd=0.00 sa=+0.00 | phero=1 pd=0.03 pa=-0.20 | srch=0.21 | wall=1.01
R4[EXPLORE   ]: L=+1.00 R=+1.00 | carry=0 | base=1.01 ba=-0.97 | site=0 sd=0.00 sa=+0.00 | phero=0 pd=0.00 pa=+0.00 | srch=0.38 | wall=0.40

[GIVE-UP] R4 giving up after 1602 steps
[DEPOSIT] Robot 2 deposited! Total: 16
  [PHERO] Laid at (-0.78, -2.70) density=1 prob=0.20 total_entries=6
  [TARGET] Robot 2 → PHERO (-1.15,-2.80)

======================================================================
Step 14000 (7.5 min) | Pickups: 16 | Deposits: 16 | Rate: 2.14 tags/min | phero_entries=6 phero_max=0.557
======================================================================
R1[SITE      ]: L=+1.00 R=+1.00 | carry=0 | base=0.80 ba=-0.24 | site=1 sd=0.36 sa=+0.21 | phero=0 pd=0.00 pa=+0.00 | srch=0.30 | wall=0.71
R2[PHERO     ]: L=+1.00 R=+1.00 | carry=0 | base=0.34 ba=+1.00 | site=0 sd=0.00 sa=+0.00 | phero=1 pd=0.53 pa=+0.07 | srch=0.09 | wall=2.48
R3[EXPLORE   ]: L=+1.00 R=+1.00 | carry=0 | base=0.86 ba=+0.18 | site=0 sd=0.00 sa=+0.00 | phero=0 pd=0.00 pa=+0.00 | srch=0.34 | wall=0.57
R4[GIVE_UP   ]: L=+1.00 R=+1.00 | carry=0 | base=0.62 ba=-0.00 | site=0 sd=0.00 sa=+0.00 | phero=0 pd=0.00 pa=+0.00 | srch=0.51 | wall=1.63


======================================================================
Step 14500 (7.7 min) | Pickups: 16 | Deposits: 16 | Rate: 2.07 tags/min | phero_entries=4 phero_max=0.250
======================================================================
R1[SITE      ]: L=+0.27 R=+1.00 | carry=0 | base=0.83 ba=+0.78 | site=1 sd=0.02 sa=+0.43 | phero=0 pd=0.00 pa=+0.00 | srch=0.43 | wall=0.85
R2[PHERO     ]: L=+0.85 R=+1.00 | carry=0 | base=0.84 ba=+0.83 | site=0 sd=0.00 sa=+0.00 | phero=1 pd=0.06 pa=+0.23 | srch=0.22 | wall=0.86
R3[EXPLORE   ]: L=+1.00 R=+1.00 | carry=0 | base=0.50 ba=+0.39 | site=0 sd=0.00 sa=+0.00 | phero=0 pd=0.00 pa=+0.00 | srch=0.46 | wall=1.88
R4[GIVE_UP   ]: L=+1.00 R=+1.00 | carry=0 | base=0.11 ba=-0.00 | site=0 sd=0.00 sa=+0.00 | phero=0 pd=0.00 pa=+0.00 | srch=0.63 | wall=3.18

[EMPTY_RTN] R4 → phero(-0.78,-2.70)

======================================================================
Step 15000 (8.0 min) | Pickups: 16 | Deposits: 16 | Rate: 2.00 tags/min | phero_entries=3 phero_max=0.112
======================================================================
R1[EXPLORE   ]: L=+1.00 R=+1.00 | carry=0 | base=0.62 ba=-0.40 | site=0 sd=0.00 sa=+0.00 | phero=0 pd=0.00 pa=+0.00 | srch=0.55 | wall=1.91
R2[EXPLORE   ]: L=+1.00 R=+1.00 | carry=0 | base=0.89 ba=+0.42 | site=0 sd=0.00 sa=+0.00 | phero=0 pd=0.00 pa=+0.00 | srch=0.34 | wall=0.40
R3[EXPLORE   ]: L=+1.00 R=+1.00 | carry=0 | base=0.25 ba=-0.54 | site=0 sd=0.00 sa=+0.00 | phero=0 pd=0.00 pa=+0.00 | srch=0.59 | wall=2.80
R4[PHERO     ]: L=+0.45 R=+0.45 | carry=0 | base=0.23 ba=+0.96 | site=0 sd=0.00 sa=+0.00 | phero=1 pd=0.57 pa=+0.01 | srch=0.12 | wall=2.75

[GIVE-UP] R1 giving up after 2335 steps
[GIVE-UP] R2 giving up after 1647 steps

======================================================================
Step 15500 (8.3 min) | Pickups: 16 | Deposits: 16 | Rate: 1.94 tags/min | phero_entries=3 phero_max=0.051
======================================================================
R1[GIVE_UP   ]: L=+1.00 R=+1.00 | carry=0 | base=0.23 ba=-0.00 | site=0 sd=0.00 sa=+0.00 | phero=0 pd=0.00 pa=+0.00 | srch=0.68 | wall=2.77
R2[GIVE_UP   ]: L=+1.00 R=+1.00 | carry=0 | base=0.68 ba=+0.00 | site=0 sd=0.00 sa=+0.00 | phero=0 pd=0.00 pa=+0.00 | srch=0.47 | wall=1.39
R3[EXPLORE   ]: L=+1.00 R=+1.00 | carry=0 | base=0.63 ba=-0.87 | site=0 sd=0.00 sa=+0.00 | phero=0 pd=0.00 pa=+0.00 | srch=0.71 | wall=1.30
R4[PHERO     ]: L=+0.57 R=+0.57 | carry=0 | base=0.49 ba=+0.99 | site=0 sd=0.00 sa=+0.00 | phero=1 pd=0.31 pa=+0.06 | srch=0.24 | wall=1.89

[EMPTY_RTN] R1 → phero(-0.78,-2.70)

======================================================================
Step 16000 (8.5 min) | Pickups: 16 | Deposits: 16 | Rate: 1.88 tags/min | phero_entries=3 phero_max=0.023
======================================================================
R1[PHERO     ]: L=+1.00 R=+1.00 | carry=0 | base=0.33 ba=+1.00 | site=0 sd=0.00 sa=+0.00 | phero=1 pd=0.78 pa=+0.54 | srch=0.09 | wall=2.34
R2[GIVE_UP   ]: L=+1.00 R=+1.00 | carry=0 | base=0.13 ba=+0.00 | site=0 sd=0.00 sa=+0.00 | phero=0 pd=0.00 pa=+0.00 | srch=0.59 | wall=3.10
R3[EXPLORE   ]: L=+1.00 R=-0.14 | carry=0 | base=0.74 ba=-0.86 | site=0 sd=0.00 sa=+0.00 | phero=0 pd=0.00 pa=+0.00 | srch=0.84 | wall=0.91
R4[EXPLORE   ]: L=+1.00 R=+1.00 | carry=0 | base=0.85 ba=+0.63 | site=0 sd=0.00 sa=+0.00 | phero=0 pd=0.00 pa=+0.00 | srch=0.37 | wall=0.59

[EMPTY_RTN] R2 → phero(-0.78,-2.70)

======================================================================
Step 16500 (8.8 min) | Pickups: 16 | Deposits: 16 | Rate: 1.82 tags/min | phero_entries=1 phero_max=0.010
======================================================================
R1[PHERO     ]: L=+1.00 R=+1.00 | carry=0 | base=0.85 ba=+0.93 | site=0 sd=0.00 sa=+0.00 | phero=1 pd=0.82 pa=+0.61 | srch=0.21 | wall=0.61
R2[PHERO     ]: L=+1.00 R=+0.97 | carry=0 | base=0.40 ba=-0.94 | site=0 sd=0.00 sa=+0.00 | phero=1 pd=0.49 pa=-0.23 | srch=0.11 | wall=2.14
R3[EXPLORE   ]: L=+1.00 R=+0.66 | carry=0 | base=0.70 ba=+0.11 | site=0 sd=0.00 sa=+0.00 | phero=0 pd=0.00 pa=+0.00 | srch=0.96 | wall=1.05
R4[EXPLORE   ]: L=+1.00 R=+1.00 | carry=0 | base=0.80 ba=+0.62 | site=0 sd=0.00 sa=+0.00 | phero=0 pd=0.00 pa=+0.00 | srch=0.49 | wall=0.81


======================================================================
Step 17000 (9.1 min) | Pickups: 16 | Deposits: 16 | Rate: 1.76 tags/min | phero_entries=1 phero_max=0.005
======================================================================
R1[PHERO     ]: L=+1.00 R=+1.00 | carry=0 | base=0.68 ba=+0.29 | site=0 sd=0.00 sa=+0.00 | phero=1 pd=0.52 pa=-0.17 | srch=0.34 | wall=1.53
R2[PHERO     ]: L=+1.00 R=+0.91 | carry=0 | base=0.85 ba=-0.62 | site=0 sd=0.00 sa=+0.00 | phero=1 pd=0.11 pa=-0.28 | srch=0.24 | wall=0.57
R3[EXPLORE   ]: L=+1.00 R=+1.00 | carry=0 | base=0.86 ba=+0.72 | site=0 sd=0.00 sa=+0.00 | phero=0 pd=0.00 pa=+0.00 | srch=1.00 | wall=0.93
R4[EXPLORE   ]: L=+1.00 R=+0.54 | carry=0 | base=0.86 ba=+0.69 | site=0 sd=0.00 sa=+0.00 | phero=0 pd=0.00 pa=+0.00 | srch=0.62 | wall=0.76


======================================================================
Step 17500 (9.3 min) | Pickups: 16 | Deposits: 16 | Rate: 1.71 tags/min | phero_entries=1 phero_max=0.002
======================================================================
R1[PHERO     ]: L=+1.00 R=+0.96 | carry=0 | base=0.56 ba=+0.59 | site=0 sd=0.00 sa=+0.00 | phero=1 pd=0.28 pa=-0.61 | srch=0.46 | wall=1.56
R2[PHERO     ]: L=+1.00 R=+0.38 | carry=0 | base=0.80 ba=+0.02 | site=0 sd=0.00 sa=+0.00 | phero=1 pd=0.03 pa=-0.56 | srch=0.36 | wall=0.85
R3[WALL_ESC  ]: L=+0.45 R=+1.00 | carry=0 | base=1.20 ba=+0.14 | site=0 sd=0.00 sa=+0.00 | phero=0 pd=0.00 pa=+0.00 | srch=1.00 | wall=0.32
R4[EXPLORE   ]: L=+1.00 R=+0.11 | carry=0 | base=0.89 ba=-0.56 | site=0 sd=0.00 sa=+0.00 | phero=0 pd=0.00 pa=+0.00 | srch=0.74 | wall=0.63

[GIVE-UP] R3 giving up after 4998 steps
[GIVE-UP] R4 giving up after 3405 steps

======================================================================
Step 18000 (9.6 min) | Pickups: 16 | Deposits: 16 | Rate: 1.67 tags/min | phero_entries=0 phero_max=0.000
======================================================================
R1[WALL_ESC  ]: L=+0.00 R=+1.00 | carry=0 | base=0.95 ba=+0.59 | site=0 sd=0.00 sa=+0.00 | phero=1 pd=0.52 pa=+0.91 | srch=0.59 | wall=0.33
R2[PHERO     ]: L=+1.00 R=-0.07 | carry=0 | base=0.77 ba=+0.89 | site=0 sd=0.00 sa=+0.00 | phero=1 pd=0.05 pa=-0.37 | srch=0.49 | wall=0.89
R3[GIVE_UP   ]: L=+1.00 R=+1.00 | carry=0 | base=0.66 ba=+0.00 | site=0 sd=0.00 sa=+0.00 | phero=0 pd=0.00 pa=+0.00 | srch=1.00 | wall=1.72
R4[GIVE_UP   ]: L=+0.96 R=+1.00 | carry=0 | base=0.81 ba=+0.01 | site=0 sd=0.00 sa=+0.00 | phero=0 pd=0.00 pa=+0.00 | srch=0.87 | wall=0.91


======================================================================
Step 18500 (9.9 min) | Pickups: 16 | Deposits: 16 | Rate: 1.62 tags/min | phero_entries=0 phero_max=0.000
======================================================================
R1[PHERO     ]: L=+0.92 R=+1.00 | carry=0 | base=0.53 ba=-0.24 | site=0 sd=0.00 sa=+0.00 | phero=1 pd=0.53 pa=+0.31 | srch=0.71 | wall=1.82
R2[EXPLORE   ]: L=+1.00 R=+0.81 | carry=0 | base=1.08 ba=-0.63 | site=0 sd=0.00 sa=+0.00 | phero=0 pd=0.00 pa=+0.00 | srch=0.61 | wall=0.49
R3[GIVE_UP   ]: L=+1.00 R=+1.00 | carry=0 | base=0.11 ba=+0.00 | site=0 sd=0.00 sa=+0.00 | phero=0 pd=0.00 pa=+0.00 | srch=1.00 | wall=3.21
R4[GIVE_UP   ]: L=+1.00 R=+1.00 | carry=0 | base=0.26 ba=+0.00 | site=0 sd=0.00 sa=+0.00 | phero=0 pd=0.00 pa=+0.00 | srch=0.99 | wall=2.67

[EMPTY_RTN] R3 → EXPLORE
[EMPTY_RTN] R4 → EXPLORE
TIMEOUT_RESULT pickups=16 deposits=16 steps=18750 elapsed_min=10.000000
BATCH_RESULT pickups=16 deposits=16
