Gym has been unmaintained since 2022 and does not support NumPy 2.0 amongst other critical functionality.
Please upgrade to Gymnasium, the maintained drop-in replacement of Gym, or contact the authors of your software and request that they upgrade.
Users of this version of Gym should be able to simply replace 'import gym' with 'import gymnasium as gym' in the vast majority of cases.
See the migration guide at https://gymnasium.farama.org/introduction/migration_guide/ for additional information.
============================================================
EVALUATION MODE — CPFA-RL Trained Model
Arena: 7×7m  |  Robots: 4  (teams of 4: 1)  |  Tags: 128
Obs per team: 18 × 4 = 72  |  Total obs dim: 72
============================================================

Loading model: ppo_cpfa_v9
Model loaded. Starting evaluation...

============================================================

[PICKUP] Robot 2 picked up tag (density=9) | Total: 1
[PICKUP] Robot 4 picked up tag (density=9) | Total: 2
[DEPOSIT] Robot 4 deposited! Total: 1
  [PHERO] Laid at (-0.00, -0.50) density=9 prob=1.00 total_entries=1
  [TARGET] Robot 4 → SITE (-0.00,-0.50)
[DEPOSIT] Robot 2 deposited! Total: 2
  [PHERO] Laid at (0.00, 0.50) density=9 prob=1.00 total_entries=2
  [TARGET] Robot 2 → SITE (0.00,0.50)
[PICKUP] Robot 4 picked up tag (density=8) | Total: 3
[PICKUP] Robot 2 picked up tag (density=8) | Total: 4

======================================================================
Step 500 (0.3 min) | Pickups: 4 | Deposits: 2 | Rate: 7.50 tags/min | phero_entries=2 phero_max=0.548
======================================================================
R1[T1][EXPLORE   ]: L=+1.00 R=+1.00 | carry=0 | base=0.08 ba=+0.02 | site=0 sd=0.00 sa=+0.00 | phero=0 pd=0.00 pa=+0.00 | srch=0.12 | wall=3.12
R2[T1][RTB       ]: L=+0.65 R=+1.00 | carry=1 | base=0.11 ba=+0.13 | site=0 sd=0.00 sa=+0.00 | phero=0 pd=0.00 pa=+0.00 | srch=0.00 | wall=2.99
R3[T1][EXPLORE   ]: L=+0.26 R=+1.00 | carry=0 | base=0.05 ba=+0.83 | site=0 sd=0.00 sa=+0.00 | phero=0 pd=0.00 pa=+0.00 | srch=0.12 | wall=3.31
R4[T1][RTB       ]: L=+1.00 R=+0.89 | carry=1 | base=0.08 ba=-0.04 | site=0 sd=0.00 sa=+0.00 | phero=0 pd=0.00 pa=+0.00 | srch=0.00 | wall=3.12

[DEPOSIT] Robot 4 deposited! Total: 3
  [PHERO] Laid at (-0.00, -0.52) density=8 prob=1.00 total_entries=3
  [TARGET] Robot 4 → SITE (-0.00,-0.52)
[DEPOSIT] Robot 2 deposited! Total: 4
  [PHERO] Laid at (-0.04, 0.57) density=8 prob=1.00 total_entries=4
  [TARGET] Robot 2 → SITE (-0.04,0.57)
[PICKUP] Robot 4 picked up tag (density=7) | Total: 5
[PICKUP] Robot 2 picked up tag (density=7) | Total: 6
[GIVE-UP] R3 giving up after 936 steps
[DEPOSIT] Robot 4 deposited! Total: 5
  [PHERO] Laid at (0.00, -0.55) density=7 prob=0.99 total_entries=5
  [TARGET] Robot 4 → SITE (0.00,-0.55)

======================================================================
Step 1000 (0.5 min) | Pickups: 6 | Deposits: 5 | Rate: 9.38 tags/min | phero_entries=5 phero_max=0.950
======================================================================
R1[T1][EXPLORE   ]: L=+1.00 R=+1.00 | carry=0 | base=0.31 ba=+0.94 | site=0 sd=0.00 sa=+0.00 | phero=0 pd=0.00 pa=+0.00 | srch=0.25 | wall=2.01
R2[T1][RTB       ]: L=+1.00 R=+0.85 | carry=1 | base=0.10 ba=-0.06 | site=0 sd=0.00 sa=+0.00 | phero=0 pd=0.00 pa=+0.00 | srch=0.00 | wall=2.99
R3[T1][GIVE_UP   ]: L=+1.00 R=+1.00 | carry=0 | base=0.13 ba=+0.00 | site=0 sd=0.00 sa=+0.00 | phero=0 pd=0.00 pa=+0.00 | srch=0.25 | wall=3.02
R4[T1][BASE_ESC  ]: L=+1.00 R=+0.00 | carry=0 | base=0.05 ba=+0.35 | site=1 sd=0.07 sa=-0.81 | phero=0 pd=0.00 pa=+0.00 | srch=0.01 | wall=3.29

[DEPOSIT] Robot 2 deposited! Total: 6
  [PHERO] Laid at (-0.03, 0.62) density=7 prob=0.99 total_entries=6
  [TARGET] Robot 2 → SITE (-0.03,0.62)
[EMPTY_RTN] R3 → phero(-0.03,0.62)
[PICKUP] Robot 4 picked up tag (density=6) | Total: 7
[PICKUP] Robot 2 picked up tag (density=6) | Total: 8
[DEPOSIT] Robot 4 deposited! Total: 7
  [PHERO] Laid at (-0.01, -0.60) density=6 prob=0.97 total_entries=7
  [TARGET] Robot 4 → SITE (-0.01,-0.60)

======================================================================
Step 1500 (0.8 min) | Pickups: 8 | Deposits: 7 | Rate: 8.75 tags/min | phero_entries=7 phero_max=0.943
======================================================================
R1[T1][EXPLORE   ]: L=+1.00 R=+1.00 | carry=0 | base=0.69 ba=+0.95 | site=0 sd=0.00 sa=+0.00 | phero=0 pd=0.00 pa=+0.00 | srch=0.38 | wall=0.35
R2[T1][RTB       ]: L=+1.00 R=+0.83 | carry=1 | base=0.11 ba=-0.06 | site=0 sd=0.00 sa=+0.00 | phero=0 pd=0.00 pa=+0.00 | srch=0.00 | wall=2.94
R3[T1][PHERO     ]: L=-0.05 R=+1.00 | carry=0 | base=0.05 ba=+0.55 | site=0 sd=0.00 sa=+0.00 | phero=1 pd=0.14 pa=+0.22 | srch=0.10 | wall=3.25
R4[T1][BASE_ESC  ]: L=+0.00 R=+1.00 | carry=0 | base=0.04 ba=-0.34 | site=1 sd=0.08 sa=+0.79 | phero=0 pd=0.00 pa=+0.00 | srch=0.01 | wall=3.29

[DEPOSIT] Robot 2 deposited! Total: 8
  [PHERO] Laid at (-0.05, 0.65) density=6 prob=0.97 total_entries=8
  [TARGET] Robot 2 → SITE (-0.05,0.65)
[PICKUP] Robot 3 picked up tag (density=5) | Total: 9
[PICKUP] Robot 4 picked up tag (density=5) | Total: 10
[DEPOSIT] Robot 4 deposited! Total: 9
  [PHERO] Laid at (0.01, -0.63) density=5 prob=0.92 total_entries=9
  [TARGET] Robot 4 → SITE (0.01,-0.63)

======================================================================
Step 2000 (1.1 min) | Pickups: 10 | Deposits: 9 | Rate: 8.44 tags/min | phero_entries=9 phero_max=0.876
======================================================================
R1[T1][EXPLORE   ]: L=+1.00 R=+1.00 | carry=0 | base=0.50 ba=+0.28 | site=0 sd=0.00 sa=+0.00 | phero=0 pd=0.00 pa=+0.00 | srch=0.50 | wall=1.68
R2[T1][EXPLORE   ]: L=+1.00 R=+1.00 | carry=0 | base=0.17 ba=-0.97 | site=0 sd=0.00 sa=+0.00 | phero=0 pd=0.00 pa=+0.00 | srch=0.10 | wall=2.65
R3[T1][RTB       ]: L=+1.00 R=+1.00 | carry=1 | base=0.06 ba=+0.00 | site=0 sd=0.00 sa=+0.00 | phero=0 pd=0.00 pa=+0.00 | srch=0.00 | wall=3.20
R4[T1][BASE_ESC  ]: L=+1.00 R=+0.00 | carry=0 | base=0.05 ba=+0.69 | site=1 sd=0.09 sa=-0.49 | phero=0 pd=0.00 pa=+0.00 | srch=0.02 | wall=3.29

[DEPOSIT] Robot 3 deposited! Total: 10
  [PHERO] Laid at (0.14, 0.48) density=5 prob=0.92 total_entries=10
  [TARGET] Robot 3 → SITE (0.14,0.48)
[PICKUP] Robot 4 picked up tag (density=4) | Total: 11
[DEPOSIT] Robot 4 deposited! Total: 11
  [PHERO] Laid at (-0.04, -0.64) density=4 prob=0.82 total_entries=11
  [TARGET] Robot 4 → SITE (-0.04,-0.64)

======================================================================
Step 2500 (1.3 min) | Pickups: 11 | Deposits: 11 | Rate: 8.25 tags/min | phero_entries=11 phero_max=0.860
======================================================================
R1[T1][EXPLORE   ]: L=+1.00 R=+1.00 | carry=0 | base=0.24 ba=+0.39 | site=0 sd=0.00 sa=+0.00 | phero=0 pd=0.00 pa=+0.00 | srch=0.62 | wall=2.32
R2[T1][EXPLORE   ]: L=+1.00 R=+0.51 | carry=0 | base=0.40 ba=-0.02 | site=0 sd=0.00 sa=+0.00 | phero=0 pd=0.00 pa=+0.00 | srch=0.23 | wall=1.78
R3[T1][SITE      ]: L=+0.17 R=+0.17 | carry=0 | base=0.06 ba=-0.75 | site=1 sd=0.04 sa=+0.06 | phero=0 pd=0.00 pa=+0.00 | srch=0.12 | wall=3.20
R4[T1][BASE_ESC  ]: L=+0.04 R=+1.00 | carry=0 | base=0.05 ba=-0.76 | site=1 sd=0.09 sa=+0.43 | phero=0 pd=0.00 pa=+0.00 | srch=0.02 | wall=3.29

[PICKUP] Robot 4 picked up tag (density=3) | Total: 12
[DEPOSIT] Robot 4 deposited! Total: 12
  [PHERO] Laid at (-0.16, -0.47) density=3 prob=0.65 total_entries=12
  [TARGET] Robot 4 → SITE (-0.16,-0.47)

======================================================================
Step 3000 (1.6 min) | Pickups: 12 | Deposits: 12 | Rate: 7.50 tags/min | phero_entries=12 phero_max=0.712
======================================================================
R1[T1][EXPLORE   ]: L=+1.00 R=+1.00 | carry=0 | base=0.36 ba=+0.67 | site=0 sd=0.00 sa=+0.00 | phero=0 pd=0.00 pa=+0.00 | srch=0.75 | wall=1.76
R2[T1][EXPLORE   ]: L=+1.00 R=+0.99 | carry=0 | base=0.23 ba=+0.65 | site=0 sd=0.00 sa=+0.00 | phero=0 pd=0.00 pa=+0.00 | srch=0.35 | wall=2.52
R3[T1][EXPLORE   ]: L=+1.00 R=+0.29 | carry=0 | base=0.11 ba=-0.34 | site=0 sd=0.00 sa=+0.00 | phero=0 pd=0.00 pa=+0.00 | srch=0.25 | wall=3.03
R4[T1][SITE      ]: L=+0.89 R=+1.00 | carry=0 | base=0.08 ba=-0.85 | site=1 sd=0.02 sa=+0.06 | phero=0 pd=0.00 pa=+0.00 | srch=0.05 | wall=3.10

[PICKUP] Robot 4 picked up tag (density=2) | Total: 13
[PICKUP] Robot 2 picked up tag (density=12) | Total: 14
[DEPOSIT] Robot 4 deposited! Total: 13
  [TARGET] Robot 4 → SITE (-0.23,-0.54)
[PICKUP] Robot 3 picked up tag (density=4) | Total: 15

======================================================================
Step 3500 (1.9 min) | Pickups: 15 | Deposits: 13 | Rate: 6.96 tags/min | phero_entries=12 phero_max=0.320
======================================================================
R1[T1][EXPLORE   ]: L=+1.00 R=+1.00 | carry=0 | base=0.64 ba=+0.83 | site=0 sd=0.00 sa=+0.00 | phero=0 pd=0.00 pa=+0.00 | srch=0.88 | wall=0.57
R2[T1][RTB       ]: L=+1.00 R=+1.00 | carry=1 | base=0.10 ba=+0.00 | site=0 sd=0.00 sa=+0.00 | phero=0 pd=0.00 pa=+0.00 | srch=0.00 | wall=3.08
R3[T1][RTB       ]: L=+0.98 R=+1.00 | carry=1 | base=0.06 ba=+0.01 | site=0 sd=0.00 sa=+0.00 | phero=0 pd=0.00 pa=+0.00 | srch=0.00 | wall=3.22
R4[T1][SITE      ]: L=+0.77 R=+1.00 | carry=0 | base=0.14 ba=+0.68 | site=1 sd=0.04 sa=+0.38 | phero=0 pd=0.00 pa=+0.00 | srch=0.06 | wall=2.97

[DEPOSIT] Robot 3 deposited! Total: 14
  [PHERO] Laid at (0.07, 0.55) density=4 prob=0.82 total_entries=13
  [TARGET] Robot 3 → SITE (0.07,0.55)
[PICKUP] Robot 4 picked up tag (density=1) | Total: 16
[DEPOSIT] Robot 2 deposited! Total: 15
  [PHERO] Laid at (-1.18, 0.95) density=12 prob=1.00 total_entries=14
  [TARGET] Robot 2 → SITE (-1.18,0.95)
[DEPOSIT] Robot 4 deposited! Total: 16
  [TARGET] Robot 4 → SITE (-0.31,-0.67)
[PICKUP] Robot 3 picked up tag (density=3) | Total: 17

======================================================================
Step 4000 (2.1 min) | Pickups: 17 | Deposits: 16 | Rate: 7.50 tags/min | phero_entries=14 phero_max=0.500
======================================================================
R1[T1][EXPLORE   ]: L=+0.67 R=+1.00 | carry=0 | base=0.57 ba=-0.45 | site=0 sd=0.00 sa=+0.00 | phero=0 pd=0.00 pa=+0.00 | srch=1.00 | wall=1.15
R2[T1][SITE      ]: L=+0.83 R=+0.93 | carry=0 | base=0.27 ba=-0.93 | site=1 sd=0.03 sa=+0.13 | phero=0 pd=0.00 pa=+0.00 | srch=0.11 | wall=2.46
R3[T1][RTB       ]: L=+1.00 R=+0.98 | carry=1 | base=0.06 ba=-0.01 | site=0 sd=0.00 sa=+0.00 | phero=0 pd=0.00 pa=+0.00 | srch=0.00 | wall=3.23
R4[T1][SITE      ]: L=+0.65 R=+0.71 | carry=0 | base=0.10 ba=-0.93 | site=1 sd=0.05 sa=+0.10 | phero=0 pd=0.00 pa=+0.00 | srch=0.06 | wall=3.05

[DEPOSIT] Robot 3 deposited! Total: 17
  [TARGET] Robot 3 → SITE (0.12,0.56)
[PICKUP] Robot 3 picked up tag (density=2) | Total: 18
[PICKUP] Robot 1 picked up tag (density=12) | Total: 19
[DEPOSIT] Robot 3 deposited! Total: 18
  [TARGET] Robot 3 → SITE (0.11,0.62)
[PICKUP] Robot 4 picked up tag (density=12) | Total: 20

======================================================================
Step 4500 (2.4 min) | Pickups: 20 | Deposits: 18 | Rate: 7.50 tags/min | phero_entries=12 phero_max=0.225
======================================================================
R1[T1][RTB       ]: L=+1.00 R=+0.91 | carry=1 | base=0.57 ba=-0.04 | site=0 sd=0.00 sa=+0.00 | phero=0 pd=0.00 pa=+0.00 | srch=0.00 | wall=0.72
R2[T1][EXPLORE   ]: L=+1.00 R=+1.00 | carry=0 | base=0.22 ba=-0.51 | site=0 sd=0.00 sa=+0.00 | phero=0 pd=0.00 pa=+0.00 | srch=0.23 | wall=2.43
R3[T1][BASE_ESC  ]: L=+1.00 R=+0.00 | carry=0 | base=0.04 ba=+0.35 | site=1 sd=0.08 sa=-0.78 | phero=0 pd=0.00 pa=+0.00 | srch=0.01 | wall=3.28
R4[T1][RTB       ]: L=+1.00 R=+0.00 | carry=1 | base=0.35 ba=-0.48 | site=0 sd=0.00 sa=+0.00 | phero=0 pd=0.00 pa=+0.00 | srch=0.00 | wall=2.05

[PICKUP] Robot 2 picked up tag (density=9) | Total: 21
[DEPOSIT] Robot 4 deposited! Total: 19
  [PHERO] Laid at (-0.93, -1.46) density=12 prob=1.00 total_entries=11
  [TARGET] Robot 4 → SITE (-0.93,-1.46)

======================================================================
Step 5000 (2.7 min) | Pickups: 21 | Deposits: 19 | Rate: 7.12 tags/min | phero_entries=11 phero_max=0.906
======================================================================
R1[T1][RTB       ]: L=+1.00 R=+1.00 | carry=1 | base=0.18 ba=-0.00 | site=0 sd=0.00 sa=+0.00 | phero=0 pd=0.00 pa=+0.00 | srch=0.00 | wall=2.62
R2[T1][RTB       ]: L=+1.00 R=+1.00 | carry=1 | base=0.23 ba=-0.00 | site=0 sd=0.00 sa=+0.00 | phero=0 pd=0.00 pa=+0.00 | srch=0.00 | wall=2.55
R3[T1][SITE      ]: L=+0.33 R=+0.29 | carry=0 | base=0.09 ba=-0.86 | site=1 sd=0.04 sa=-0.02 | phero=0 pd=0.00 pa=+0.00 | srch=0.13 | wall=3.04
R4[T1][BASE_ESC  ]: L=+0.00 R=+1.00 | carry=0 | base=0.04 ba=-0.54 | site=1 sd=0.31 sa=+0.52 | phero=0 pd=0.00 pa=+0.00 | srch=0.02 | wall=3.34

[DEPOSIT] Robot 1 deposited! Total: 20
  [PHERO] Laid at (-2.88, -0.51) density=12 prob=1.00 total_entries=12
  [TARGET] Robot 1 → SITE (-2.88,-0.51)
[PICKUP] Robot 3 picked up tag (density=1) | Total: 22
[DEPOSIT] Robot 2 deposited! Total: 21
  [PHERO] Laid at (1.25, 1.01) density=9 prob=1.00 total_entries=13
  [TARGET] Robot 2 → SITE (1.25,1.01)
[DEPOSIT] Robot 3 deposited! Total: 22
  [TARGET] Robot 3 → PHERO (-2.88,-0.51)
[PICKUP] Robot 4 picked up tag (density=20) | Total: 23

======================================================================
Step 5500 (2.9 min) | Pickups: 23 | Deposits: 22 | Rate: 7.50 tags/min | phero_entries=11 phero_max=0.657
======================================================================
R1[T1][SITE      ]: L=+0.88 R=+1.00 | carry=0 | base=0.21 ba=+0.87 | site=1 sd=0.40 sa=+0.06 | phero=0 pd=0.00 pa=+0.00 | srch=0.08 | wall=2.47
R2[T1][SITE      ]: L=+0.99 R=+1.00 | carry=0 | base=0.15 ba=+0.89 | site=1 sd=0.18 sa=-0.05 | phero=0 pd=0.00 pa=+0.00 | srch=0.07 | wall=2.89
R3[T1][BASE_ESC  ]: L=+0.00 R=+1.00 | carry=0 | base=0.04 ba=-0.67 | site=0 sd=0.00 sa=+0.00 | phero=1 pd=0.62 pa=-0.92 | srch=0.02 | wall=3.31
R4[T1][RTB       ]: L=+0.32 R=+1.00 | carry=1 | base=0.31 ba=+0.27 | site=0 sd=0.00 sa=+0.00 | phero=0 pd=0.00 pa=+0.00 | srch=0.00 | wall=2.36

[PICKUP] Robot 2 picked up tag (density=8) | Total: 24
[DEPOSIT] Robot 4 deposited! Total: 23
  [PHERO] Laid at (-1.08, -1.11) density=20 prob=1.00 total_entries=11
  [TARGET] Robot 4 → SITE (-1.08,-1.11)
[PICKUP] Robot 1 picked up tag (density=11) | Total: 25

======================================================================
Step 6000 (3.2 min) | Pickups: 25 | Deposits: 23 | Rate: 7.19 tags/min | phero_entries=10 phero_max=0.792
======================================================================
R1[T1][RTB       ]: L=+0.10 R=+1.00 | carry=1 | base=0.53 ba=+0.34 | site=0 sd=0.00 sa=+0.00 | phero=0 pd=0.00 pa=+0.00 | srch=0.00 | wall=0.92
R2[T1][RTB       ]: L=+1.00 R=+1.00 | carry=1 | base=0.23 ba=-0.00 | site=0 sd=0.00 sa=+0.00 | phero=0 pd=0.00 pa=+0.00 | srch=0.00 | wall=2.56
R3[T1][PHERO     ]: L=+0.79 R=+0.82 | carry=0 | base=0.10 ba=+0.77 | site=0 sd=0.00 sa=+0.00 | phero=1 pd=0.54 pa=+0.12 | srch=0.14 | wall=3.13
R4[T1][SITE      ]: L=+1.00 R=+0.92 | carry=0 | base=0.07 ba=-0.94 | site=1 sd=0.25 sa=-0.06 | phero=0 pd=0.00 pa=+0.00 | srch=0.04 | wall=3.20

[DEPOSIT] Robot 2 deposited! Total: 24
  [PHERO] Laid at (1.27, 1.03) density=8 prob=1.00 total_entries=10
  [TARGET] Robot 2 → SITE (1.27,1.03)
[PICKUP] Robot 4 picked up tag (density=19) | Total: 26

======================================================================
Step 6500 (3.5 min) | Pickups: 26 | Deposits: 24 | Rate: 6.92 tags/min | phero_entries=9 phero_max=0.654
======================================================================
R1[T1][RTB       ]: L=+1.00 R=+1.00 | carry=1 | base=0.16 ba=+0.00 | site=0 sd=0.00 sa=+0.00 | phero=0 pd=0.00 pa=+0.00 | srch=0.00 | wall=2.72
R2[T1][SITE      ]: L=+0.96 R=+0.94 | carry=0 | base=0.14 ba=+0.95 | site=1 sd=0.19 sa=-0.09 | phero=0 pd=0.00 pa=+0.00 | srch=0.07 | wall=2.98
R3[T1][PHERO     ]: L=+0.31 R=+0.31 | carry=0 | base=0.30 ba=+0.75 | site=0 sd=0.00 sa=+0.00 | phero=1 pd=0.32 pa=-0.05 | srch=0.27 | wall=2.03
R4[T1][RTB       ]: L=+1.00 R=+0.97 | carry=1 | base=0.28 ba=-0.01 | site=0 sd=0.00 sa=+0.00 | phero=0 pd=0.00 pa=+0.00 | srch=0.00 | wall=2.46

[DEPOSIT] Robot 1 deposited! Total: 25
  [PHERO] Laid at (-2.56, -0.29) density=11 prob=1.00 total_entries=10
  [TARGET] Robot 1 → SITE (-2.56,-0.29)
[DEPOSIT] Robot 4 deposited! Total: 26
  [PHERO] Laid at (-1.11, -1.12) density=19 prob=1.00 total_entries=10
  [TARGET] Robot 4 → SITE (-1.11,-1.12)

======================================================================
Step 7000 (3.7 min) | Pickups: 26 | Deposits: 26 | Rate: 6.96 tags/min | phero_entries=10 phero_max=0.725
======================================================================
R1[T1][SITE      ]: L=+1.00 R=+0.97 | carry=0 | base=0.23 ba=-0.96 | site=1 sd=0.35 sa=-0.26 | phero=0 pd=0.00 pa=+0.00 | srch=0.09 | wall=2.60
R2[T1][SITE      ]: L=+0.02 R=+0.02 | carry=0 | base=0.31 ba=-0.76 | site=1 sd=0.03 sa=-0.09 | phero=0 pd=0.00 pa=+0.00 | srch=0.19 | wall=2.37
R3[T1][PHERO     ]: L=+1.00 R=+1.00 | carry=0 | base=0.47 ba=+0.90 | site=0 sd=0.00 sa=+0.00 | phero=1 pd=0.12 pa=-0.04 | srch=0.39 | wall=1.20
R4[T1][SITE      ]: L=+0.97 R=+1.00 | carry=0 | base=0.12 ba=+0.98 | site=1 sd=0.22 sa=+0.21 | phero=0 pd=0.00 pa=+0.00 | srch=0.05 | wall=2.94

[PICKUP] Robot 3 picked up tag (density=10) | Total: 27
[PICKUP] Robot 1 picked up tag (density=13) | Total: 28
[PICKUP] Robot 2 picked up tag (density=7) | Total: 29
[PICKUP] Robot 4 picked up tag (density=12) | Total: 30

======================================================================
Step 7500 (4.0 min) | Pickups: 30 | Deposits: 26 | Rate: 6.50 tags/min | phero_entries=9 phero_max=0.326
======================================================================
R1[T1][RTB       ]: L=+1.00 R=+1.00 | carry=1 | base=0.12 ba=-0.00 | site=0 sd=0.00 sa=+0.00 | phero=0 pd=0.00 pa=+0.00 | srch=0.00 | wall=3.01
R2[T1][RTB       ]: L=+1.00 R=+1.00 | carry=1 | base=0.09 ba=-0.00 | site=0 sd=0.00 sa=+0.00 | phero=0 pd=0.00 pa=+0.00 | srch=0.00 | wall=3.12
R3[T1][RTB       ]: L=+1.00 R=+1.00 | carry=1 | base=0.30 ba=+0.00 | site=0 sd=0.00 sa=+0.00 | phero=0 pd=0.00 pa=+0.00 | srch=0.00 | wall=2.06
R4[T1][RTB       ]: L=+1.00 R=+1.00 | carry=1 | base=0.24 ba=+0.00 | site=0 sd=0.00 sa=+0.00 | phero=0 pd=0.00 pa=+0.00 | srch=0.00 | wall=2.56

[DEPOSIT] Robot 2 deposited! Total: 27
  [PHERO] Laid at (1.26, 1.04) density=7 prob=0.99 total_entries=10
  [TARGET] Robot 2 → SITE (1.26,1.04)
[DEPOSIT] Robot 1 deposited! Total: 28
  [PHERO] Laid at (-1.26, -0.89) density=13 prob=1.00 total_entries=11
  [TARGET] Robot 1 → SITE (-1.26,-0.89)
[DEPOSIT] Robot 4 deposited! Total: 29
  [PHERO] Laid at (-1.31, -0.92) density=12 prob=1.00 total_entries=12
  [TARGET] Robot 4 → SITE (-1.31,-0.92)
[DEPOSIT] Robot 3 deposited! Total: 30
  [PHERO] Laid at (-2.60, -0.46) density=10 prob=1.00 total_entries=13
  [TARGET] Robot 3 → SITE (-2.60,-0.46)

======================================================================
Step 8000 (4.3 min) | Pickups: 30 | Deposits: 30 | Rate: 7.03 tags/min | phero_entries=11 phero_max=0.755
======================================================================
R1[T1][SITE      ]: L=+1.00 R=+0.93 | carry=0 | base=0.26 ba=+0.99 | site=1 sd=0.06 sa=-0.13 | phero=0 pd=0.00 pa=+0.00 | srch=0.10 | wall=2.52
R2[T1][SITE      ]: L=+1.00 R=+1.00 | carry=0 | base=0.29 ba=+0.95 | site=1 sd=0.04 sa=-0.07 | phero=0 pd=0.00 pa=+0.00 | srch=0.11 | wall=2.41
R3[T1][SITE      ]: L=+0.62 R=+0.62 | carry=0 | base=0.07 ba=-0.89 | site=1 sd=0.46 sa=+0.05 | phero=0 pd=0.00 pa=+0.00 | srch=0.04 | wall=3.17
R4[T1][SITE      ]: L=+1.00 R=+0.99 | carry=0 | base=0.14 ba=-0.82 | site=1 sd=0.18 sa=+0.09 | phero=0 pd=0.00 pa=+0.00 | srch=0.06 | wall=2.99

[PICKUP] Robot 2 picked up tag (density=6) | Total: 31
[PICKUP] Robot 1 picked up tag (density=10) | Total: 32
[PICKUP] Robot 4 picked up tag (density=8) | Total: 33

======================================================================
Step 8500 (4.5 min) | Pickups: 33 | Deposits: 30 | Rate: 6.62 tags/min | phero_entries=11 phero_max=0.339
======================================================================
R1[T1][RTB       ]: L=+1.00 R=+1.00 | carry=1 | base=0.11 ba=-0.00 | site=0 sd=0.00 sa=+0.00 | phero=0 pd=0.00 pa=+0.00 | srch=0.00 | wall=3.01
R2[T1][RTB       ]: L=+1.00 R=+1.00 | carry=1 | base=0.11 ba=-0.00 | site=0 sd=0.00 sa=+0.00 | phero=0 pd=0.00 pa=+0.00 | srch=0.00 | wall=3.07
R3[T1][SITE      ]: L=+0.45 R=+0.44 | carry=0 | base=0.34 ba=+0.97 | site=1 sd=0.20 sa=-0.08 | phero=0 pd=0.00 pa=+0.00 | srch=0.17 | wall=1.86
R4[T1][RTB       ]: L=+1.00 R=+1.00 | carry=1 | base=0.25 ba=+0.00 | site=0 sd=0.00 sa=+0.00 | phero=0 pd=0.00 pa=+0.00 | srch=0.00 | wall=2.51

[DEPOSIT] Robot 2 deposited! Total: 31
  [PHERO] Laid at (1.33, 1.07) density=6 prob=0.97 total_entries=12
  [TARGET] Robot 2 → SITE (1.33,1.07)
[DEPOSIT] Robot 1 deposited! Total: 32
  [PHERO] Laid at (-1.34, -0.89) density=10 prob=1.00 total_entries=13
  [TARGET] Robot 1 → SITE (-1.34,-0.89)
[DEPOSIT] Robot 4 deposited! Total: 33
  [PHERO] Laid at (-1.41, -0.90) density=8 prob=1.00 total_entries=14
  [TARGET] Robot 4 → SITE (-1.41,-0.90)

======================================================================
Step 9000 (4.8 min) | Pickups: 33 | Deposits: 33 | Rate: 6.88 tags/min | phero_entries=14 phero_max=0.675
======================================================================
R1[T1][SITE      ]: L=+0.93 R=+1.00 | carry=0 | base=0.27 ba=+0.86 | site=1 sd=0.08 sa=+0.15 | phero=0 pd=0.00 pa=+0.00 | srch=0.10 | wall=2.25
R2[T1][SITE      ]: L=+1.00 R=+1.00 | carry=0 | base=0.28 ba=+0.98 | site=1 sd=0.07 sa=+0.13 | phero=0 pd=0.00 pa=+0.00 | srch=0.11 | wall=2.34
R3[T1][SITE      ]: L=-0.04 R=-0.05 | carry=0 | base=0.38 ba=-0.91 | site=1 sd=0.16 sa=+0.04 | phero=0 pd=0.00 pa=+0.00 | srch=0.29 | wall=1.68
R4[T1][SITE      ]: L=+1.00 R=+1.00 | carry=0 | base=0.13 ba=-0.91 | site=1 sd=0.21 sa=+0.11 | phero=0 pd=0.00 pa=+0.00 | srch=0.06 | wall=2.94

[PICKUP] Robot 2 picked up tag (density=5) | Total: 34
[PICKUP] Robot 4 picked up tag (density=5) | Total: 35
[PICKUP] Robot 1 picked up tag (density=5) | Total: 36

======================================================================
Step 9500 (5.1 min) | Pickups: 36 | Deposits: 33 | Rate: 6.51 tags/min | phero_entries=12 phero_max=0.303
======================================================================
R1[T1][RTB       ]: L=+1.00 R=+0.00 | carry=1 | base=0.36 ba=-0.43 | site=0 sd=0.00 sa=+0.00 | phero=0 pd=0.00 pa=+0.00 | srch=0.00 | wall=1.97
R2[T1][RTB       ]: L=+1.00 R=+1.00 | carry=1 | base=0.08 ba=+0.00 | site=0 sd=0.00 sa=+0.00 | phero=0 pd=0.00 pa=+0.00 | srch=0.00 | wall=3.20
R3[T1][SITE      ]: L=+0.52 R=+0.49 | carry=0 | base=0.41 ba=-1.00 | site=1 sd=0.13 sa=-0.10 | phero=0 pd=0.00 pa=+0.00 | srch=0.42 | wall=1.54
R4[T1][RTB       ]: L=+1.00 R=+1.00 | carry=1 | base=0.30 ba=+0.00 | site=0 sd=0.00 sa=+0.00 | phero=0 pd=0.00 pa=+0.00 | srch=0.00 | wall=2.20

[DEPOSIT] Robot 2 deposited! Total: 34
  [PHERO] Laid at (1.33, 0.91) density=5 prob=0.92 total_entries=13
  [TARGET] Robot 2 → SITE (1.33,0.91)
[DEPOSIT] Robot 4 deposited! Total: 35
  [PHERO] Laid at (-1.54, -0.81) density=5 prob=0.92 total_entries=13
  [TARGET] Robot 4 → SITE (-1.54,-0.81)
[DEPOSIT] Robot 1 deposited! Total: 36
  [PHERO] Laid at (-1.50, -0.89) density=5 prob=0.92 total_entries=14
  [TARGET] Robot 1 → SITE (-1.50,-0.89)
[PICKUP] Robot 3 picked up tag (density=9) | Total: 37

======================================================================
Step 10000 (5.3 min) | Pickups: 37 | Deposits: 36 | Rate: 6.75 tags/min | phero_entries=14 phero_max=0.910
======================================================================
R1[T1][BASE_ESC  ]: L=+1.00 R=+0.00 | carry=0 | base=0.04 ba=+0.54 | site=1 sd=0.31 sa=-0.47 | phero=0 pd=0.00 pa=+0.00 | srch=0.01 | wall=3.31
R2[T1][SITE      ]: L=+1.00 R=+1.00 | carry=0 | base=0.29 ba=-0.86 | site=1 sd=0.05 sa=-0.14 | phero=0 pd=0.00 pa=+0.00 | srch=0.12 | wall=2.41
R3[T1][RTB       ]: L=+1.00 R=+0.00 | carry=1 | base=0.55 ba=-0.69 | site=0 sd=0.00 sa=+0.00 | phero=0 pd=0.00 pa=+0.00 | srch=0.00 | wall=0.80
R4[T1][SITE      ]: L=+1.00 R=+0.95 | carry=0 | base=0.09 ba=-0.88 | site=1 sd=0.26 sa=+0.05 | phero=0 pd=0.00 pa=+0.00 | srch=0.04 | wall=3.14

[PICKUP] Robot 4 picked up tag (density=4) | Total: 38

======================================================================
Step 10500 (5.6 min) | Pickups: 38 | Deposits: 36 | Rate: 6.43 tags/min | phero_entries=13 phero_max=0.409
======================================================================
R1[T1][SITE      ]: L=+0.47 R=+1.00 | carry=0 | base=0.37 ba=+0.72 | site=1 sd=0.02 sa=+0.44 | phero=0 pd=0.00 pa=+0.00 | srch=0.14 | wall=1.89
R2[T1][EXPLORE   ]: L=+1.00 R=+1.00 | carry=0 | base=0.43 ba=-0.72 | site=0 sd=0.00 sa=+0.00 | phero=0 pd=0.00 pa=+0.00 | srch=0.24 | wall=1.43
R3[T1][RTB       ]: L=+1.00 R=+1.00 | carry=1 | base=0.23 ba=-0.00 | site=0 sd=0.00 sa=+0.00 | phero=0 pd=0.00 pa=+0.00 | srch=0.00 | wall=2.37
R4[T1][RTB       ]: L=+0.34 R=+1.00 | carry=1 | base=0.37 ba=+0.26 | site=0 sd=0.00 sa=+0.00 | phero=0 pd=0.00 pa=+0.00 | srch=0.00 | wall=1.96

[DEPOSIT] Robot 3 deposited! Total: 37
  [PHERO] Laid at (-2.68, -0.46) density=9 prob=1.00 total_entries=13
  [TARGET] Robot 3 → SITE (-2.68,-0.46)
[GIVE-UP] R1 giving up after 944 steps
[DEPOSIT] Robot 4 deposited! Total: 38
  [PHERO] Laid at (-1.58, -0.96) density=4 prob=0.82 total_entries=14
  [TARGET] Robot 4 → SITE (-1.58,-0.96)

======================================================================
Step 11000 (5.9 min) | Pickups: 38 | Deposits: 38 | Rate: 6.48 tags/min | phero_entries=13 phero_max=0.893
======================================================================
R1[T1][GIVE_UP   ]: L=+1.00 R=+0.98 | carry=0 | base=0.14 ba=-0.01 | site=0 sd=0.00 sa=+0.00 | phero=0 pd=0.00 pa=+0.00 | srch=0.26 | wall=2.80
R2[T1][EXPLORE   ]: L=+1.00 R=+1.00 | carry=0 | base=0.69 ba=-0.72 | site=0 sd=0.00 sa=+0.00 | phero=0 pd=0.00 pa=+0.00 | srch=0.37 | wall=0.83
R3[T1][SITE      ]: L=+1.00 R=+1.00 | carry=0 | base=0.13 ba=+0.98 | site=1 sd=0.42 sa=-0.02 | phero=0 pd=0.00 pa=+0.00 | srch=0.07 | wall=2.85
R4[T1][BASE_ESC  ]: L=+1.00 R=+0.00 | carry=0 | base=0.04 ba=+0.65 | site=1 sd=0.33 sa=-0.43 | phero=0 pd=0.00 pa=+0.00 | srch=0.02 | wall=3.34

[EMPTY_RTN] R1 → phero(-1.58,-0.96)

======================================================================
Step 11500 (6.1 min) | Pickups: 38 | Deposits: 38 | Rate: 6.20 tags/min | phero_entries=12 phero_max=0.401
======================================================================
R1[T1][PHERO     ]: L=+1.00 R=+1.00 | carry=0 | base=0.25 ba=+0.98 | site=0 sd=0.00 sa=+0.00 | phero=1 pd=0.13 pa=-0.11 | srch=0.09 | wall=2.51
R2[T1][EXPLORE   ]: L=+1.00 R=+1.00 | carry=0 | base=0.72 ba=-0.06 | site=0 sd=0.00 sa=+0.00 | phero=0 pd=0.00 pa=+0.00 | srch=0.49 | wall=0.69
R3[T1][SITE      ]: L=+0.29 R=+0.29 | carry=0 | base=0.26 ba=-0.94 | site=1 sd=0.29 sa=+0.10 | phero=0 pd=0.00 pa=+0.00 | srch=0.19 | wall=2.24
R4[T1][SITE      ]: L=+0.82 R=+0.88 | carry=0 | base=0.31 ba=+0.86 | site=1 sd=0.11 sa=+0.22 | phero=0 pd=0.00 pa=+0.00 | srch=0.14 | wall=2.00

[PICKUP] Robot 1 picked up tag (density=10) | Total: 39
[PICKUP] Robot 4 picked up tag (density=3) | Total: 40

======================================================================
Step 12000 (6.4 min) | Pickups: 40 | Deposits: 38 | Rate: 5.94 tags/min | phero_entries=10 phero_max=0.180
======================================================================
R1[T1][RTB       ]: L=+1.00 R=+1.00 | carry=1 | base=0.12 ba=+0.00 | site=0 sd=0.00 sa=+0.00 | phero=0 pd=0.00 pa=+0.00 | srch=0.00 | wall=3.07
R2[T1][EXPLORE   ]: L=+1.00 R=+1.00 | carry=0 | base=0.35 ba=-0.13 | site=0 sd=0.00 sa=+0.00 | phero=0 pd=0.00 pa=+0.00 | srch=0.62 | wall=1.94
R3[T1][SITE      ]: L=+0.57 R=+0.54 | carry=0 | base=0.51 ba=+0.98 | site=1 sd=0.04 sa=-0.05 | phero=0 pd=0.00 pa=+0.00 | srch=0.32 | wall=1.01
R4[T1][RTB       ]: L=+1.00 R=+1.00 | carry=1 | base=0.18 ba=+0.00 | site=0 sd=0.00 sa=+0.00 | phero=0 pd=0.00 pa=+0.00 | srch=0.00 | wall=2.76

[DEPOSIT] Robot 1 deposited! Total: 39
  [PHERO] Laid at (-1.30, -1.00) density=10 prob=1.00 total_entries=10
  [TARGET] Robot 1 → SITE (-1.30,-1.00)
[DEPOSIT] Robot 4 deposited! Total: 40
  [PHERO] Laid at (-1.58, -1.00) density=3 prob=0.65 total_entries=10
  [TARGET] Robot 4 → SITE (-1.58,-1.00)
[PICKUP] Robot 3 picked up tag (density=8) | Total: 41

======================================================================
Step 12500 (6.7 min) | Pickups: 41 | Deposits: 40 | Rate: 6.00 tags/min | phero_entries=10 phero_max=0.591
======================================================================
R1[T1][SITE      ]: L=+1.00 R=+1.00 | carry=0 | base=0.27 ba=-0.93 | site=1 sd=0.06 sa=+0.05 | phero=0 pd=0.00 pa=+0.00 | srch=0.10 | wall=2.46
R2[T1][EXPLORE   ]: L=+1.00 R=+1.00 | carry=0 | base=0.16 ba=-0.64 | site=0 sd=0.00 sa=+0.00 | phero=0 pd=0.00 pa=+0.00 | srch=0.74 | wall=2.79
R3[T1][RTB       ]: L=+1.00 R=+1.00 | carry=1 | base=0.43 ba=-0.00 | site=0 sd=0.00 sa=+0.00 | phero=0 pd=0.00 pa=+0.00 | srch=0.00 | wall=1.37
R4[T1][SITE      ]: L=+1.00 R=+1.00 | carry=0 | base=0.22 ba=+1.00 | site=1 sd=0.20 sa=+0.30 | phero=0 pd=0.00 pa=+0.00 | srch=0.08 | wall=2.42

[DEPOSIT] Robot 3 deposited! Total: 41
  [PHERO] Laid at (-2.74, -0.42) density=8 prob=1.00 total_entries=9
  [TARGET] Robot 3 → SITE (-2.74,-0.42)

======================================================================
Step 13000 (6.9 min) | Pickups: 41 | Deposits: 41 | Rate: 5.91 tags/min | phero_entries=9 phero_max=0.989
======================================================================
R1[T1][EXPLORE   ]: L=+1.00 R=+1.00 | carry=0 | base=0.65 ba=+1.00 | site=0 sd=0.00 sa=+0.00 | phero=0 pd=0.00 pa=+0.00 | srch=0.23 | wall=0.92
R2[T1][EXPLORE   ]: L=+1.00 R=+1.00 | carry=0 | base=0.48 ba=-0.91 | site=0 sd=0.00 sa=+0.00 | phero=0 pd=0.00 pa=+0.00 | srch=0.87 | wall=1.36
R3[T1][BASE_ESC  ]: L=+0.00 R=+1.00 | carry=0 | base=0.05 ba=-0.14 | site=1 sd=0.51 sa=+0.88 | phero=0 pd=0.00 pa=+0.00 | srch=0.00 | wall=3.27
R4[T1][EXPLORE   ]: L=+1.00 R=+0.15 | carry=0 | base=0.33 ba=+0.12 | site=0 sd=0.00 sa=+0.00 | phero=0 pd=0.00 pa=+0.00 | srch=0.21 | wall=2.16

[PICKUP] Robot 4 picked up tag (density=9) | Total: 42

======================================================================
Step 13500 (7.2 min) | Pickups: 42 | Deposits: 41 | Rate: 5.69 tags/min | phero_entries=8 phero_max=0.444
======================================================================
R1[T1][EXPLORE   ]: L=+1.00 R=+1.00 | carry=0 | base=0.73 ba=+0.39 | site=0 sd=0.00 sa=+0.00 | phero=0 pd=0.00 pa=+0.00 | srch=0.35 | wall=0.76
R2[T1][EXPLORE   ]: L=+1.00 R=+1.00 | carry=0 | base=0.72 ba=-0.30 | site=0 sd=0.00 sa=+0.00 | phero=0 pd=0.00 pa=+0.00 | srch=0.99 | wall=0.57
R3[T1][SITE      ]: L=+1.00 R=+1.00 | carry=0 | base=0.34 ba=+0.94 | site=1 sd=0.22 sa=-0.01 | phero=0 pd=0.00 pa=+0.00 | srch=0.13 | wall=1.81
R4[T1][RTB       ]: L=+1.00 R=+1.00 | carry=1 | base=0.15 ba=+0.00 | site=0 sd=0.00 sa=+0.00 | phero=0 pd=0.00 pa=+0.00 | srch=0.00 | wall=2.97

[DEPOSIT] Robot 4 deposited! Total: 42
  [PHERO] Laid at (-1.27, -1.12) density=9 prob=1.00 total_entries=9
  [TARGET] Robot 4 → SITE (-1.27,-1.12)
[PICKUP] Robot 3 picked up tag (density=7) | Total: 43

======================================================================
Step 14000 (7.5 min) | Pickups: 43 | Deposits: 42 | Rate: 5.62 tags/min | phero_entries=8 phero_max=0.554
======================================================================
R1[T1][EXPLORE   ]: L=+1.00 R=+1.00 | carry=0 | base=0.59 ba=+0.28 | site=0 sd=0.00 sa=+0.00 | phero=0 pd=0.00 pa=+0.00 | srch=0.48 | wall=0.64
R2[T1][EXPLORE   ]: L=+1.00 R=+1.00 | carry=0 | base=0.56 ba=-0.45 | site=0 sd=0.00 sa=+0.00 | phero=0 pd=0.00 pa=+0.00 | srch=1.00 | wall=0.95
R3[T1][RTB       ]: L=+1.00 R=+0.99 | carry=1 | base=0.51 ba=-0.00 | site=0 sd=0.00 sa=+0.00 | phero=0 pd=0.00 pa=+0.00 | srch=0.00 | wall=0.99
R4[T1][SITE      ]: L=+1.00 R=+1.00 | carry=0 | base=0.23 ba=-0.96 | site=1 sd=0.11 sa=+0.06 | phero=0 pd=0.00 pa=+0.00 | srch=0.09 | wall=2.64

[GIVE-UP] R2 giving up after 4467 steps
[PICKUP] Robot 4 picked up tag (density=8) | Total: 44
[GIVE-UP] R1 giving up after 2127 steps

======================================================================
Step 14500 (7.7 min) | Pickups: 44 | Deposits: 42 | Rate: 5.43 tags/min | phero_entries=6 phero_max=0.249
======================================================================
R1[T1][GIVE_UP   ]: L=+1.00 R=+1.00 | carry=0 | base=0.30 ba=+0.00 | site=0 sd=0.00 sa=+0.00 | phero=0 pd=0.00 pa=+0.00 | srch=0.60 | wall=2.01
R2[T1][GIVE_UP   ]: L=+1.00 R=+1.00 | carry=0 | base=0.20 ba=-0.00 | site=0 sd=0.00 sa=+0.00 | phero=0 pd=0.00 pa=+0.00 | srch=1.00 | wall=2.57
R3[T1][RTB       ]: L=+1.00 R=+1.00 | carry=1 | base=0.12 ba=-0.00 | site=0 sd=0.00 sa=+0.00 | phero=0 pd=0.00 pa=+0.00 | srch=0.00 | wall=2.90
R4[T1][RTB       ]: L=+1.00 R=+1.00 | carry=1 | base=0.19 ba=+0.00 | site=0 sd=0.00 sa=+0.00 | phero=0 pd=0.00 pa=+0.00 | srch=0.00 | wall=2.82

[DEPOSIT] Robot 3 deposited! Total: 43
  [PHERO] Laid at (-2.80, -0.42) density=7 prob=0.99 total_entries=7
  [TARGET] Robot 3 → SITE (-2.80,-0.42)
[DEPOSIT] Robot 4 deposited! Total: 44
  [PHERO] Laid at (-1.31, -1.21) density=8 prob=1.00 total_entries=8
  [TARGET] Robot 4 → SITE (-1.31,-1.21)
[EMPTY_RTN] R2 → phero(-1.31,-1.21)
[EMPTY_RTN] R1 → phero(-1.31,-1.21)

======================================================================
Step 15000 (8.0 min) | Pickups: 44 | Deposits: 44 | Rate: 5.50 tags/min | phero_entries=8 phero_max=0.598
======================================================================
R1[T1][PHERO     ]: L=+1.00 R=+0.90 | carry=0 | base=0.09 ba=-0.88 | site=0 sd=0.00 sa=+0.00 | phero=1 pd=0.33 pa=-0.32 | srch=0.04 | wall=3.07
R2[T1][BASE_ESC  ]: L=+0.04 R=+0.10 | carry=0 | base=0.05 ba=+0.32 | site=0 sd=0.00 sa=+0.00 | phero=1 pd=0.38 pa=+0.00 | srch=0.08 | wall=3.26
R3[T1][SITE      ]: L=+0.53 R=+0.45 | carry=0 | base=0.11 ba=+0.88 | site=1 sd=0.48 sa=+0.06 | phero=0 pd=0.00 pa=+0.00 | srch=0.10 | wall=2.99
R4[T1][SITE      ]: L=+0.92 R=+1.00 | carry=0 | base=0.17 ba=-0.91 | site=1 sd=0.19 sa=+0.19 | phero=0 pd=0.00 pa=+0.00 | srch=0.08 | wall=2.79

[PICKUP] Robot 4 picked up tag (density=7) | Total: 45

======================================================================
Step 15500 (8.3 min) | Pickups: 45 | Deposits: 44 | Rate: 5.32 tags/min | phero_entries=6 phero_max=0.269
======================================================================
R1[T1][PHERO     ]: L=+1.00 R=+0.96 | carry=0 | base=0.45 ba=-0.84 | site=0 sd=0.00 sa=+0.00 | phero=1 pd=0.21 pa=-0.55 | srch=0.17 | wall=1.42
R2[T1][PHERO     ]: L=+1.00 R=+1.00 | carry=0 | base=0.20 ba=+0.91 | site=0 sd=0.00 sa=+0.00 | phero=1 pd=0.16 pa=-0.05 | srch=0.20 | wall=2.75
R3[T1][SITE      ]: L=+0.41 R=+0.41 | carry=0 | base=0.30 ba=+0.89 | site=1 sd=0.28 sa=-0.03 | phero=0 pd=0.00 pa=+0.00 | srch=0.23 | wall=2.02
R4[T1][RTB       ]: L=+1.00 R=+1.00 | carry=1 | base=0.27 ba=+0.00 | site=0 sd=0.00 sa=+0.00 | phero=0 pd=0.00 pa=+0.00 | srch=0.00 | wall=2.50

[DEPOSIT] Robot 4 deposited! Total: 45
  [PHERO] Laid at (-1.31, -1.29) density=7 prob=0.99 total_entries=7
  [TARGET] Robot 4 → SITE (-1.31,-1.29)

======================================================================
Step 16000 (8.5 min) | Pickups: 45 | Deposits: 45 | Rate: 5.27 tags/min | phero_entries=7 phero_max=0.711
======================================================================
R1[T1][PHERO     ]: L=+1.00 R=+0.94 | carry=0 | base=0.49 ba=-0.20 | site=0 sd=0.00 sa=+0.00 | phero=1 pd=0.13 pa=-0.22 | srch=0.29 | wall=1.70
R2[T1][EXPLORE   ]: L=+1.00 R=+1.00 | carry=0 | base=0.55 ba=-0.88 | site=0 sd=0.00 sa=+0.00 | phero=0 pd=0.00 pa=+0.00 | srch=0.33 | wall=1.18
R3[T1][SITE      ]: L=+0.05 R=+0.05 | carry=0 | base=0.43 ba=-1.00 | site=1 sd=0.15 sa=+0.08 | phero=0 pd=0.00 pa=+0.00 | srch=0.35 | wall=1.39
R4[T1][SITE      ]: L=+0.80 R=+0.82 | carry=0 | base=0.08 ba=-0.83 | site=1 sd=0.29 sa=+0.21 | phero=0 pd=0.00 pa=+0.00 | srch=0.05 | wall=3.19

[PICKUP] Robot 3 picked up tag (density=6) | Total: 46
[PICKUP] Robot 2 picked up tag (density=5) | Total: 47

======================================================================
Step 16500 (8.8 min) | Pickups: 47 | Deposits: 45 | Rate: 5.11 tags/min | phero_entries=5 phero_max=0.320
======================================================================
R1[T1][PHERO     ]: L=+1.00 R=+0.89 | carry=0 | base=0.35 ba=+0.90 | site=0 sd=0.00 sa=+0.00 | phero=1 pd=0.11 pa=-0.61 | srch=0.42 | wall=2.02
R2[T1][RTB       ]: L=+1.00 R=+0.99 | carry=1 | base=0.51 ba=-0.00 | site=0 sd=0.00 sa=+0.00 | phero=0 pd=0.00 pa=+0.00 | srch=0.00 | wall=1.00
R3[T1][RTB       ]: L=+1.00 R=+1.00 | carry=1 | base=0.47 ba=+0.00 | site=0 sd=0.00 sa=+0.00 | phero=0 pd=0.00 pa=+0.00 | srch=0.00 | wall=1.21
R4[T1][SITE      ]: L=+0.78 R=+1.00 | carry=0 | base=0.41 ba=+0.55 | site=1 sd=0.04 sa=+0.41 | phero=0 pd=0.00 pa=+0.00 | srch=0.18 | wall=1.99

[PICKUP] Robot 4 picked up tag (density=6) | Total: 48

======================================================================
Step 17000 (9.1 min) | Pickups: 48 | Deposits: 45 | Rate: 4.96 tags/min | phero_entries=5 phero_max=0.144
======================================================================
R1[T1][PHERO     ]: L=+1.00 R=+0.84 | carry=0 | base=0.32 ba=+0.23 | site=0 sd=0.00 sa=+0.00 | phero=1 pd=0.06 pa=-0.48 | srch=0.54 | wall=2.21
R2[T1][RTB       ]: L=+1.00 R=+1.00 | carry=1 | base=0.12 ba=-0.00 | site=0 sd=0.00 sa=+0.00 | phero=0 pd=0.00 pa=+0.00 | srch=0.00 | wall=2.91
R3[T1][RTB       ]: L=+1.00 R=+1.00 | carry=1 | base=0.08 ba=+0.00 | site=0 sd=0.00 sa=+0.00 | phero=0 pd=0.00 pa=+0.00 | srch=0.00 | wall=3.10
R4[T1][RTB       ]: L=+1.00 R=+1.00 | carry=1 | base=0.07 ba=+0.00 | site=0 sd=0.00 sa=+0.00 | phero=0 pd=0.00 pa=+0.00 | srch=0.00 | wall=3.23

[DEPOSIT] Robot 4 deposited! Total: 46
  [TARGET] Robot 4 → SITE (-1.37,-1.45)
[DEPOSIT] Robot 3 deposited! Total: 47
  [PHERO] Laid at (-2.63, -0.33) density=6 prob=0.97 total_entries=6
  [TARGET] Robot 3 → SITE (-2.63,-0.33)
[DEPOSIT] Robot 2 deposited! Total: 48
  [PHERO] Laid at (-2.82, -0.35) density=5 prob=0.92 total_entries=7
  [TARGET] Robot 2 → SITE (-2.82,-0.35)
[PICKUP] Robot 1 picked up tag (density=5) | Total: 49

======================================================================
Step 17500 (9.3 min) | Pickups: 49 | Deposits: 48 | Rate: 5.14 tags/min | phero_entries=6 phero_max=0.524
======================================================================
R1[T1][RTB       ]: L=+1.00 R=+1.00 | carry=1 | base=0.09 ba=+0.00 | site=0 sd=0.00 sa=+0.00 | phero=0 pd=0.00 pa=+0.00 | srch=0.00 | wall=3.14
R2[T1][SITE      ]: L=+1.00 R=+1.00 | carry=0 | base=0.28 ba=+1.00 | site=1 sd=0.33 sa=+0.22 | phero=0 pd=0.00 pa=+0.00 | srch=0.10 | wall=2.18
R3[T1][SITE      ]: L=+0.53 R=+0.53 | carry=0 | base=0.26 ba=-0.96 | site=1 sd=0.27 sa=+0.02 | phero=0 pd=0.00 pa=+0.00 | srch=0.12 | wall=2.22
R4[T1][SITE      ]: L=+0.88 R=+0.90 | carry=0 | base=0.31 ba=-1.00 | site=1 sd=0.09 sa=+0.06 | phero=0 pd=0.00 pa=+0.00 | srch=0.12 | wall=2.40

[DEPOSIT] Robot 1 deposited! Total: 49
  [PHERO] Laid at (-1.06, -1.19) density=5 prob=0.92 total_entries=7
  [TARGET] Robot 1 → SITE (-1.06,-1.19)
[PICKUP] Robot 4 picked up tag (density=4) | Total: 50
[PICKUP] Robot 2 picked up tag (density=4) | Total: 51

======================================================================
Step 18000 (9.6 min) | Pickups: 51 | Deposits: 49 | Rate: 5.10 tags/min | phero_entries=6 phero_max=0.489
======================================================================
R1[T1][SITE      ]: L=+1.00 R=+0.93 | carry=0 | base=0.28 ba=-0.77 | site=1 sd=0.11 sa=-0.21 | phero=0 pd=0.00 pa=+0.00 | srch=0.11 | wall=2.19
R2[T1][RTB       ]: L=+0.85 R=+1.00 | carry=1 | base=0.50 ba=+0.06 | site=0 sd=0.00 sa=+0.00 | phero=0 pd=0.00 pa=+0.00 | srch=0.00 | wall=1.03
R3[T1][SITE      ]: L=-0.09 R=-0.09 | carry=0 | base=0.44 ba=-0.97 | site=1 sd=0.10 sa=-0.10 | phero=0 pd=0.00 pa=+0.00 | srch=0.24 | wall=1.37
R4[T1][RTB       ]: L=+1.00 R=+1.00 | carry=1 | base=0.11 ba=+0.00 | site=0 sd=0.00 sa=+0.00 | phero=0 pd=0.00 pa=+0.00 | srch=0.00 | wall=3.10

[DEPOSIT] Robot 4 deposited! Total: 50
  [PHERO] Laid at (-1.26, -1.23) density=4 prob=0.82 total_entries=7
  [TARGET] Robot 4 → SITE (-1.26,-1.23)
[PICKUP] Robot 1 picked up tag (density=3) | Total: 52

======================================================================
Step 18500 (9.9 min) | Pickups: 52 | Deposits: 50 | Rate: 5.07 tags/min | phero_entries=7 phero_max=0.508
======================================================================
R1[T1][RTB       ]: L=+1.00 R=+1.00 | carry=1 | base=0.09 ba=-0.00 | site=0 sd=0.00 sa=+0.00 | phero=0 pd=0.00 pa=+0.00 | srch=0.00 | wall=3.18
R2[T1][RTB       ]: L=+1.00 R=+1.00 | carry=1 | base=0.11 ba=+0.00 | site=0 sd=0.00 sa=+0.00 | phero=0 pd=0.00 pa=+0.00 | srch=0.00 | wall=2.94
R3[T1][SITE      ]: L=+0.05 R=+0.05 | carry=0 | base=0.52 ba=-0.91 | site=1 sd=0.01 sa=+0.02 | phero=0 pd=0.00 pa=+0.00 | srch=0.37 | wall=0.94
R4[T1][SITE      ]: L=+1.00 R=+1.00 | carry=0 | base=0.26 ba=-0.96 | site=1 sd=0.11 sa=+0.25 | phero=0 pd=0.00 pa=+0.00 | srch=0.11 | wall=2.42

[DEPOSIT] Robot 1 deposited! Total: 51
  [PHERO] Laid at (-0.97, -1.31) density=3 prob=0.65 total_entries=8
  [TARGET] Robot 1 → SITE (-0.97,-1.31)
[DEPOSIT] Robot 2 deposited! Total: 52
  [PHERO] Laid at (-2.57, -0.17) density=4 prob=0.82 total_entries=9
  [TARGET] Robot 2 → SITE (-2.57,-0.17)
[PICKUP] Robot 3 picked up tag (density=3) | Total: 53
[PICKUP] Robot 4 picked up tag (density=2) | Total: 54

======================================================================
Step 19000 (10.1 min) | Pickups: 54 | Deposits: 52 | Rate: 5.13 tags/min | phero_entries=7 phero_max=0.513
======================================================================
R1[T1][SITE      ]: L=+0.90 R=+1.00 | carry=0 | base=0.30 ba=+0.81 | site=1 sd=0.06 sa=+0.15 | phero=0 pd=0.00 pa=+0.00 | srch=0.11 | wall=2.45
R2[T1][SITE      ]: L=+1.00 R=+1.00 | carry=0 | base=0.28 ba=+0.98 | site=1 sd=0.32 sa=-0.36 | phero=0 pd=0.00 pa=+0.00 | srch=0.10 | wall=2.37
R3[T1][RTB       ]: L=+1.00 R=+1.00 | carry=1 | base=0.40 ba=-0.00 | site=0 sd=0.00 sa=+0.00 | phero=0 pd=0.00 pa=+0.00 | srch=0.00 | wall=1.53
R4[T1][RTB       ]: L=+1.00 R=+1.00 | carry=1 | base=0.23 ba=+0.00 | site=0 sd=0.00 sa=+0.00 | phero=0 pd=0.00 pa=+0.00 | srch=0.00 | wall=2.64

[DEPOSIT] Robot 4 deposited! Total: 53
  [PHERO] Laid at (-1.27, -1.32) density=2 prob=0.42 total_entries=8
  [TARGET] Robot 4 → SITE (-1.27,-1.32)
[DEPOSIT] Robot 3 deposited! Total: 54
  [PHERO] Laid at (-2.79, -0.33) density=3 prob=0.65 total_entries=9
  [TARGET] Robot 3 → SITE (-2.79,-0.33)

======================================================================
Step 19500 (10.4 min) | Pickups: 54 | Deposits: 54 | Rate: 5.19 tags/min | phero_entries=9 phero_max=0.922
======================================================================
R1[T1][EXPLORE   ]: L=+1.00 R=+1.00 | carry=0 | base=0.27 ba=-0.03 | site=0 sd=0.00 sa=+0.00 | phero=0 pd=0.00 pa=+0.00 | srch=0.24 | wall=2.18
R2[T1][SITE      ]: L=+0.84 R=+0.92 | carry=0 | base=0.52 ba=-0.54 | site=1 sd=0.02 sa=+0.05 | phero=0 pd=0.00 pa=+0.00 | srch=0.23 | wall=0.96
R3[T1][BASE_ESC  ]: L=+0.00 R=+1.00 | carry=0 | base=0.04 ba=-0.45 | site=1 sd=0.52 sa=+0.59 | phero=0 pd=0.00 pa=+0.00 | srch=0.01 | wall=3.28
R4[T1][SITE      ]: L=+0.43 R=+0.42 | carry=0 | base=0.13 ba=-0.90 | site=1 sd=0.24 sa=+0.10 | phero=0 pd=0.00 pa=+0.00 | srch=0.07 | wall=3.05

[PICKUP] Robot 4 picked up tag (density=1) | Total: 55
[GIVE-UP] R1 giving up after 1396 steps

======================================================================
Step 20000 (10.7 min) | Pickups: 55 | Deposits: 54 | Rate: 5.06 tags/min | phero_entries=9 phero_max=0.414
======================================================================
R1[T1][GIVE_UP   ]: L=+1.00 R=+0.00 | carry=0 | base=0.11 ba=-0.46 | site=0 sd=0.00 sa=+0.00 | phero=0 pd=0.00 pa=+0.00 | srch=0.36 | wall=3.03
R2[T1][EXPLORE   ]: L=+1.00 R=+1.00 | carry=0 | base=0.35 ba=+0.11 | site=0 sd=0.00 sa=+0.00 | phero=0 pd=0.00 pa=+0.00 | srch=0.35 | wall=1.82
R3[T1][SITE      ]: L=+0.44 R=+0.43 | carry=0 | base=0.34 ba=+0.93 | site=1 sd=0.23 sa=-0.07 | phero=0 pd=0.00 pa=+0.00 | srch=0.14 | wall=1.84
R4[T1][RTB       ]: L=+0.91 R=+1.00 | carry=1 | base=0.35 ba=+0.03 | site=0 sd=0.00 sa=+0.00 | phero=0 pd=0.00 pa=+0.00 | srch=0.00 | wall=2.16

[EMPTY_RTN] R1 → phero(-2.79,-0.33)
[DEPOSIT] Robot 4 deposited! Total: 55
  [TARGET] Robot 4 → PHERO (-2.79,-0.33)

======================================================================
Step 20500 (10.9 min) | Pickups: 55 | Deposits: 55 | Rate: 5.03 tags/min | phero_entries=8 phero_max=0.186
======================================================================
R1[T1][PHERO     ]: L=+1.00 R=+1.00 | carry=0 | base=0.24 ba=+0.93 | site=0 sd=0.00 sa=+0.00 | phero=1 pd=0.34 pa=+0.09 | srch=0.09 | wall=2.33
R2[T1][EXPLORE   ]: L=+1.00 R=+1.00 | carry=0 | base=0.16 ba=+0.68 | site=0 sd=0.00 sa=+0.00 | phero=0 pd=0.00 pa=+0.00 | srch=0.48 | wall=2.74
R3[T1][SITE      ]: L=+0.46 R=+0.54 | carry=0 | base=0.27 ba=-0.71 | site=1 sd=0.30 sa=+0.24 | phero=0 pd=0.00 pa=+0.00 | srch=0.26 | wall=2.18
R4[T1][PHERO     ]: L=+1.00 R=-1.00 | carry=0 | base=0.05 ba=+0.93 | site=0 sd=0.00 sa=+0.00 | phero=1 pd=0.54 pa=-0.42 | srch=0.03 | wall=3.27


======================================================================
Step 21000 (11.2 min) | Pickups: 55 | Deposits: 55 | Rate: 4.91 tags/min | phero_entries=8 phero_max=0.084
======================================================================
R1[T1][PHERO     ]: L=+1.00 R=+1.00 | carry=0 | base=0.62 ba=+0.97 | site=0 sd=0.00 sa=+0.00 | phero=1 pd=0.11 pa=+0.67 | srch=0.22 | wall=0.41
R2[T1][EXPLORE   ]: L=+1.00 R=+1.00 | carry=0 | base=0.49 ba=+0.91 | site=0 sd=0.00 sa=+0.00 | phero=0 pd=0.00 pa=+0.00 | srch=0.60 | wall=1.29
R3[T1][SITE      ]: L=+0.42 R=+0.42 | carry=0 | base=0.33 ba=-0.89 | site=1 sd=0.24 sa=+0.13 | phero=0 pd=0.00 pa=+0.00 | srch=0.39 | wall=1.87
R4[T1][PHERO     ]: L=+0.89 R=+0.91 | carry=0 | base=0.28 ba=+0.99 | site=0 sd=0.00 sa=+0.00 | phero=1 pd=0.29 pa=+0.07 | srch=0.15 | wall=2.12

[PICKUP] Robot 1 picked up tag (density=2) | Total: 56
[GIVE-UP] R2 giving up after 2719 steps
[PICKUP] Robot 4 picked up tag (density=1) | Total: 57

======================================================================
Step 21500 (11.5 min) | Pickups: 57 | Deposits: 55 | Rate: 4.80 tags/min | phero_entries=6 phero_max=0.038
======================================================================
R1[T1][RTB       ]: L=+1.00 R=+1.00 | carry=1 | base=0.37 ba=+0.00 | site=0 sd=0.00 sa=+0.00 | phero=0 pd=0.00 pa=+0.00 | srch=0.00 | wall=1.65
R2[T1][GIVE_UP   ]: L=+1.00 R=+1.00 | carry=0 | base=0.65 ba=+0.00 | site=0 sd=0.00 sa=+0.00 | phero=0 pd=0.00 pa=+0.00 | srch=0.73 | wall=0.75
R3[T1][WALL_ESC  ]: L=+0.00 R=+1.00 | carry=0 | base=0.64 ba=+0.87 | site=0 sd=0.00 sa=+0.00 | phero=0 pd=0.00 pa=+0.00 | srch=0.51 | wall=0.34
R4[T1][RTB       ]: L=+0.53 R=+1.00 | carry=1 | base=0.53 ba=+0.18 | site=0 sd=0.00 sa=+0.00 | phero=0 pd=0.00 pa=+0.00 | srch=0.00 | wall=0.87

[GIVE-UP] R2 giving up after 3031 steps
[DEPOSIT] Robot 1 deposited! Total: 56
  [TARGET] Robot 1 → PHERO (-1.27,-1.32)

======================================================================
Step 22000 (11.7 min) | Pickups: 57 | Deposits: 56 | Rate: 4.77 tags/min | phero_entries=5 phero_max=0.017
======================================================================
R1[T1][BASE_ESC  ]: L=+1.00 R=+0.00 | carry=0 | base=0.04 ba=+0.67 | site=0 sd=0.00 sa=+0.00 | phero=1 pd=0.34 pa=-0.10 | srch=0.02 | wall=3.28
R2[T1][GIVE_UP   ]: L=+1.00 R=+1.00 | carry=0 | base=0.26 ba=+0.00 | site=0 sd=0.00 sa=+0.00 | phero=0 pd=0.00 pa=+0.00 | srch=0.85 | wall=2.39
R3[T1][EXPLORE   ]: L=+0.75 R=-0.05 | carry=0 | base=0.46 ba=+0.27 | site=0 sd=0.00 sa=+0.00 | phero=0 pd=0.00 pa=+0.00 | srch=0.64 | wall=1.24
R4[T1][RTB       ]: L=+1.00 R=+1.00 | carry=1 | base=0.15 ba=+0.00 | site=0 sd=0.00 sa=+0.00 | phero=0 pd=0.00 pa=+0.00 | srch=0.00 | wall=2.75

[DEPOSIT] Robot 4 deposited! Total: 57
  [TARGET] Robot 4 → SITE (-2.66,-0.20)
[EMPTY_RTN] R2 → phero(-2.79,-0.33)

======================================================================
Step 22500 (12.0 min) | Pickups: 57 | Deposits: 57 | Rate: 4.75 tags/min | phero_entries=4 phero_max=0.008
======================================================================
R1[T1][PHERO     ]: L=+1.00 R=+0.51 | carry=0 | base=0.36 ba=-0.84 | site=0 sd=0.00 sa=+0.00 | phero=1 pd=0.02 pa=-0.16 | srch=0.15 | wall=2.16
R2[T1][BASE_ESC  ]: L=+0.00 R=+1.00 | carry=0 | base=0.05 ba=-0.42 | site=0 sd=0.00 sa=+0.00 | phero=1 pd=0.60 pa=-0.13 | srch=0.06 | wall=3.31
R3[T1][EXPLORE   ]: L=+1.00 R=+0.11 | carry=0 | base=0.40 ba=+0.00 | site=0 sd=0.00 sa=+0.00 | phero=0 pd=0.00 pa=+0.00 | srch=0.76 | wall=1.51
R4[T1][SITE      ]: L=+0.94 R=+1.00 | carry=0 | base=0.21 ba=-0.99 | site=1 sd=0.33 sa=+0.00 | phero=0 pd=0.00 pa=+0.00 | srch=0.09 | wall=2.47

[GIVE-UP] R1 giving up after 767 steps

======================================================================
Step 23000 (12.3 min) | Pickups: 57 | Deposits: 57 | Rate: 4.65 tags/min | phero_entries=2 phero_max=0.003
======================================================================
R1[T1][GIVE_UP   ]: L=+1.00 R=+1.00 | carry=0 | base=0.28 ba=-0.00 | site=0 sd=0.00 sa=+0.00 | phero=0 pd=0.00 pa=+0.00 | srch=0.27 | wall=2.34
R2[T1][PHERO     ]: L=+1.00 R=+1.00 | carry=0 | base=0.20 ba=-0.91 | site=0 sd=0.00 sa=+0.00 | phero=1 pd=0.38 pa=-0.04 | srch=0.18 | wall=2.59
R3[T1][EXPLORE   ]: L=+1.00 R=+1.00 | carry=0 | base=0.24 ba=+0.62 | site=0 sd=0.00 sa=+0.00 | phero=0 pd=0.00 pa=+0.00 | srch=0.89 | wall=2.42
R4[T1][EXPLORE   ]: L=+1.00 R=+1.00 | carry=0 | base=0.59 ba=-0.93 | site=0 sd=0.00 sa=+0.00 | phero=0 pd=0.00 pa=+0.00 | srch=0.22 | wall=0.57

[GIVE-UP] R3 giving up after 3573 steps
[EMPTY_RTN] R1 → phero(-2.79,-0.33)
[GIVE-UP] R4 giving up after 1174 steps
[EMPTY_RTN] R3 → phero(-2.79,-0.33)

======================================================================
Step 23500 (12.5 min) | Pickups: 57 | Deposits: 57 | Rate: 4.55 tags/min | phero_entries=2 phero_max=0.002
======================================================================
R1[T1][PHERO     ]: L=+1.00 R=+1.00 | carry=0 | base=0.12 ba=+0.99 | site=0 sd=0.00 sa=+0.00 | phero=1 pd=0.45 pa=-0.06 | srch=0.05 | wall=2.91
R2[T1][PHERO     ]: L=+0.92 R=+0.90 | carry=0 | base=0.45 ba=-0.90 | site=0 sd=0.00 sa=+0.00 | phero=1 pd=0.13 pa=-0.05 | srch=0.31 | wall=1.31
R3[T1][PHERO     ]: L=+1.00 R=-1.00 | carry=0 | base=0.05 ba=-0.66 | site=0 sd=0.00 sa=+0.00 | phero=1 pd=0.56 pa=-0.14 | srch=0.04 | wall=3.25
R4[T1][GIVE_UP   ]: L=+1.00 R=+1.00 | carry=0 | base=0.40 ba=-0.00 | site=0 sd=0.00 sa=+0.00 | phero=0 pd=0.00 pa=+0.00 | srch=0.34 | wall=1.55

[GIVE-UP] R4 giving up after 1408 steps

======================================================================
Step 24000 (12.8 min) | Pickups: 57 | Deposits: 57 | Rate: 4.45 tags/min | phero_entries=0 phero_max=0.000
======================================================================
R1[T1][PHERO     ]: L=+1.00 R=+1.00 | carry=0 | base=0.51 ba=+1.00 | site=0 sd=0.00 sa=+0.00 | phero=1 pd=0.10 pa=-0.32 | srch=0.18 | wall=1.06
R2[T1][EXPLORE   ]: L=+1.00 R=+1.00 | carry=0 | base=0.56 ba=-0.24 | site=0 sd=0.00 sa=+0.00 | phero=0 pd=0.00 pa=+0.00 | srch=0.43 | wall=0.76
R3[T1][PHERO     ]: L=+0.61 R=+0.62 | carry=0 | base=0.13 ba=-0.97 | site=0 sd=0.00 sa=+0.00 | phero=1 pd=0.45 pa=+0.17 | srch=0.17 | wall=2.88
R4[T1][GIVE_UP   ]: L=+1.00 R=+0.98 | carry=0 | base=0.07 ba=-0.01 | site=0 sd=0.00 sa=+0.00 | phero=0 pd=0.00 pa=+0.00 | srch=0.47 | wall=3.17

[EMPTY_RTN] R4 → EXPLORE
[PICKUP] Robot 2 picked up tag (density=11) | Total: 58

======================================================================
Step 24500 (13.1 min) | Pickups: 58 | Deposits: 57 | Rate: 4.36 tags/min | phero_entries=0 phero_max=0.000
======================================================================
R1[T1][PHERO     ]: L=+1.00 R=+0.96 | carry=0 | base=0.49 ba=-0.03 | site=0 sd=0.00 sa=+0.00 | phero=1 pd=0.12 pa=-0.71 | srch=0.30 | wall=1.08
R2[T1][RTB       ]: L=+1.00 R=+1.00 | carry=1 | base=0.32 ba=-0.00 | site=0 sd=0.00 sa=+0.00 | phero=0 pd=0.00 pa=+0.00 | srch=0.00 | wall=2.25
R3[T1][PHERO     ]: L=+0.87 R=+0.88 | carry=0 | base=0.46 ba=+0.84 | site=0 sd=0.00 sa=+0.00 | phero=1 pd=0.12 pa=+0.00 | srch=0.29 | wall=1.25
R4[T1][EXPLORE   ]: L=+1.00 R=+0.02 | carry=0 | base=0.05 ba=+0.94 | site=0 sd=0.00 sa=+0.00 | phero=0 pd=0.00 pa=+0.00 | srch=0.12 | wall=3.24

[DEPOSIT] Robot 2 deposited! Total: 58
  [PHERO] Laid at (-1.60, 1.12) density=11 prob=1.00 total_entries=1
  [TARGET] Robot 2 → SITE (-1.60,1.12)

======================================================================
Step 25000 (13.3 min) | Pickups: 58 | Deposits: 58 | Rate: 4.35 tags/min | phero_entries=1 phero_max=0.783
======================================================================
R1[T1][PHERO     ]: L=+1.00 R=+0.98 | carry=0 | base=0.48 ba=-0.73 | site=0 sd=0.00 sa=+0.00 | phero=1 pd=0.13 pa=-0.05 | srch=0.43 | wall=1.22
R2[T1][SITE      ]: L=+0.97 R=+1.00 | carry=0 | base=0.08 ba=-0.95 | site=1 sd=0.32 sa=+0.21 | phero=0 pd=0.00 pa=+0.00 | srch=0.04 | wall=3.16
R3[T1][EXPLORE   ]: L=+1.00 R=+1.00 | carry=0 | base=0.63 ba=-0.18 | site=0 sd=0.00 sa=+0.00 | phero=0 pd=0.00 pa=+0.00 | srch=0.42 | wall=0.40
R4[T1][EXPLORE   ]: L=+1.00 R=+1.00 | carry=0 | base=0.10 ba=-0.64 | site=0 sd=0.00 sa=+0.00 | phero=0 pd=0.00 pa=+0.00 | srch=0.24 | wall=3.13

[PICKUP] Robot 2 picked up tag (density=10) | Total: 59

======================================================================
Step 25500 (13.6 min) | Pickups: 59 | Deposits: 58 | Rate: 4.26 tags/min | phero_entries=1 phero_max=0.352
======================================================================
R1[T1][EXPLORE   ]: L=+1.00 R=+1.00 | carry=0 | base=0.57 ba=+0.17 | site=0 sd=0.00 sa=+0.00 | phero=0 pd=0.00 pa=+0.00 | srch=0.55 | wall=0.69
R2[T1][RTB       ]: L=+0.00 R=+1.00 | carry=1 | base=0.41 ba=+0.45 | site=0 sd=0.00 sa=+0.00 | phero=0 pd=0.00 pa=+0.00 | srch=0.00 | wall=2.04
R3[T1][EXPLORE   ]: L=+1.00 R=+1.00 | carry=0 | base=0.26 ba=-0.04 | site=0 sd=0.00 sa=+0.00 | phero=0 pd=0.00 pa=+0.00 | srch=0.54 | wall=2.20
R4[T1][EXPLORE   ]: L=+1.00 R=+1.00 | carry=0 | base=0.43 ba=-0.92 | site=0 sd=0.00 sa=+0.00 | phero=0 pd=0.00 pa=+0.00 | srch=0.37 | wall=1.40


======================================================================
Step 26000 (13.9 min) | Pickups: 59 | Deposits: 58 | Rate: 4.18 tags/min | phero_entries=1 phero_max=0.158
======================================================================
R1[T1][EXPLORE   ]: L=+1.00 R=+1.00 | carry=0 | base=0.31 ba=+0.39 | site=0 sd=0.00 sa=+0.00 | phero=0 pd=0.00 pa=+0.00 | srch=0.68 | wall=2.38
R2[T1][RTB       ]: L=+1.00 R=+1.00 | carry=1 | base=0.06 ba=+0.00 | site=0 sd=0.00 sa=+0.00 | phero=0 pd=0.00 pa=+0.00 | srch=0.00 | wall=3.29
R3[T1][EXPLORE   ]: L=+1.00 R=+1.00 | carry=0 | base=0.16 ba=-0.94 | site=0 sd=0.00 sa=+0.00 | phero=0 pd=0.00 pa=+0.00 | srch=0.67 | wall=2.77
R4[T1][EXPLORE   ]: L=+1.00 R=+0.85 | carry=0 | base=0.59 ba=+0.12 | site=0 sd=0.00 sa=+0.00 | phero=0 pd=0.00 pa=+0.00 | srch=0.49 | wall=0.69

[DEPOSIT] Robot 2 deposited! Total: 59
  [PHERO] Laid at (-1.44, 1.42) density=10 prob=1.00 total_entries=2
  [TARGET] Robot 2 → SITE (-1.44,1.42)
[PICKUP] Robot 2 picked up tag (density=9) | Total: 60

======================================================================
Step 26500 (14.1 min) | Pickups: 60 | Deposits: 59 | Rate: 4.17 tags/min | phero_entries=2 phero_max=0.455
======================================================================
R1[T1][EXPLORE   ]: L=+1.00 R=+1.00 | carry=0 | base=0.43 ba=+0.99 | site=0 sd=0.00 sa=+0.00 | phero=0 pd=0.00 pa=+0.00 | srch=0.80 | wall=1.93
R2[T1][RTB       ]: L=+1.00 R=+0.00 | carry=1 | base=0.33 ba=-0.86 | site=0 sd=0.00 sa=+0.00 | phero=0 pd=0.00 pa=+0.00 | srch=0.00 | wall=2.14
R3[T1][EXPLORE   ]: L=+1.00 R=+1.00 | carry=0 | base=0.54 ba=-0.98 | site=0 sd=0.00 sa=+0.00 | phero=0 pd=0.00 pa=+0.00 | srch=0.79 | wall=0.87
R4[T1][EXPLORE   ]: L=+1.00 R=+0.38 | carry=0 | base=0.40 ba=-0.78 | site=0 sd=0.00 sa=+0.00 | phero=0 pd=0.00 pa=+0.00 | srch=0.62 | wall=1.60

[DEPOSIT] Robot 2 deposited! Total: 60
  [PHERO] Laid at (-1.36, 0.89) density=9 prob=1.00 total_entries=3
  [TARGET] Robot 2 → SITE (-1.36,0.89)

======================================================================
Step 27000 (14.4 min) | Pickups: 60 | Deposits: 60 | Rate: 4.17 tags/min | phero_entries=3 phero_max=0.950
======================================================================
R1[T1][EXPLORE   ]: L=+1.00 R=+1.00 | carry=0 | base=0.82 ba=+0.99 | site=0 sd=0.00 sa=+0.00 | phero=0 pd=0.00 pa=+0.00 | srch=0.93 | wall=0.45
R2[T1][BASE_ESC  ]: L=+0.00 R=+1.00 | carry=0 | base=0.05 ba=-0.32 | site=1 sd=0.28 sa=+0.72 | phero=0 pd=0.00 pa=+0.00 | srch=0.01 | wall=3.33
R3[T1][EXPLORE   ]: L=+1.00 R=+1.00 | carry=0 | base=0.47 ba=-0.11 | site=0 sd=0.00 sa=+0.00 | phero=0 pd=0.00 pa=+0.00 | srch=0.92 | wall=1.17
R4[T1][EXPLORE   ]: L=+1.00 R=+0.69 | carry=0 | base=0.41 ba=-0.20 | site=0 sd=0.00 sa=+0.00 | phero=0 pd=0.00 pa=+0.00 | srch=0.74 | wall=1.65


======================================================================
Step 27500 (14.7 min) | Pickups: 60 | Deposits: 60 | Rate: 4.09 tags/min | phero_entries=3 phero_max=0.427
======================================================================
R1[T1][EXPLORE   ]: L=+0.96 R=+1.00 | carry=0 | base=0.58 ba=+0.03 | site=0 sd=0.00 sa=+0.00 | phero=0 pd=0.00 pa=+0.00 | srch=1.00 | wall=1.25
R2[T1][SITE      ]: L=+0.93 R=+1.00 | carry=0 | base=0.35 ba=+0.73 | site=1 sd=0.10 sa=+0.34 | phero=0 pd=0.00 pa=+0.00 | srch=0.13 | wall=2.17
R3[T1][EXPLORE   ]: L=+1.00 R=+1.00 | carry=0 | base=0.17 ba=-0.40 | site=0 sd=0.00 sa=+0.00 | phero=0 pd=0.00 pa=+0.00 | srch=1.00 | wall=2.86
R4[T1][EXPLORE   ]: L=+1.00 R=+0.94 | carry=0 | base=0.52 ba=-0.99 | site=0 sd=0.00 sa=+0.00 | phero=0 pd=0.00 pa=+0.00 | srch=0.87 | wall=0.94

[PICKUP] Robot 4 picked up tag (density=12) | Total: 61
[PICKUP] Robot 2 picked up tag (density=8) | Total: 62
[DEPOSIT] Robot 2 deposited! Total: 61
  [PHERO] Laid at (-1.16, 1.32) density=8 prob=1.00 total_entries=4
  [TARGET] Robot 2 → SITE (-1.16,1.32)
[GIVE-UP] R3 giving up after 4661 steps

======================================================================
Step 28000 (14.9 min) | Pickups: 62 | Deposits: 61 | Rate: 4.08 tags/min | phero_entries=4 phero_max=0.976
======================================================================
R1[T1][EXPLORE   ]: L=+0.39 R=+1.00 | carry=0 | base=0.19 ba=-0.07 | site=0 sd=0.00 sa=+0.00 | phero=0 pd=0.00 pa=+0.00 | srch=1.00 | wall=2.73
R2[T1][BASE_ESC  ]: L=+1.00 R=+0.00 | carry=0 | base=0.05 ba=+0.17 | site=1 sd=0.31 sa=-0.86 | phero=0 pd=0.00 pa=+0.00 | srch=0.00 | wall=3.33
R3[T1][GIVE_UP   ]: L=+1.00 R=+0.00 | carry=0 | base=0.21 ba=-0.95 | site=0 sd=0.00 sa=+0.00 | phero=0 pd=0.00 pa=+0.00 | srch=1.00 | wall=2.65
R4[T1][RTB       ]: L=+1.00 R=+1.00 | carry=1 | base=0.23 ba=-0.00 | site=0 sd=0.00 sa=+0.00 | phero=0 pd=0.00 pa=+0.00 | srch=0.00 | wall=2.36

[DEPOSIT] Robot 4 deposited! Total: 62
  [PHERO] Laid at (2.57, 0.39) density=12 prob=1.00 total_entries=5
  [TARGET] Robot 4 → SITE (2.57,0.39)
[EMPTY_RTN] R3 → phero(-1.16,1.32)

======================================================================
Step 28500 (15.2 min) | Pickups: 62 | Deposits: 62 | Rate: 4.08 tags/min | phero_entries=5 phero_max=0.653
======================================================================
R1[T1][EXPLORE   ]: L=+1.00 R=+1.00 | carry=0 | base=0.34 ba=+0.49 | site=0 sd=0.00 sa=+0.00 | phero=0 pd=0.00 pa=+0.00 | srch=1.00 | wall=2.06
R2[T1][SITE      ]: L=+1.00 R=+1.00 | carry=0 | base=0.28 ba=+0.86 | site=1 sd=0.09 sa=+0.01 | phero=0 pd=0.00 pa=+0.00 | srch=0.13 | wall=2.38
R3[T1][PHERO     ]: L=+0.44 R=+1.00 | carry=0 | base=0.05 ba=+0.61 | site=0 sd=0.00 sa=+0.00 | phero=1 pd=0.38 pa=+0.28 | srch=0.04 | wall=3.25
R4[T1][SITE      ]: L=+0.97 R=+1.00 | carry=0 | base=0.15 ba=+0.96 | site=1 sd=0.38 sa=+0.04 | phero=0 pd=0.00 pa=+0.00 | srch=0.07 | wall=2.75

[PICKUP] Robot 2 picked up tag (density=7) | Total: 63
[PICKUP] Robot 4 picked up tag (density=11) | Total: 64

======================================================================
Step 29000 (15.5 min) | Pickups: 64 | Deposits: 62 | Rate: 4.01 tags/min | phero_entries=5 phero_max=0.294
======================================================================
R1[T1][EXPLORE   ]: L=+1.00 R=+1.00 | carry=0 | base=0.51 ba=+0.77 | site=0 sd=0.00 sa=+0.00 | phero=0 pd=0.00 pa=+0.00 | srch=1.00 | wall=1.13
R2[T1][RTB       ]: L=+1.00 R=+1.00 | carry=1 | base=0.18 ba=+0.00 | site=0 sd=0.00 sa=+0.00 | phero=0 pd=0.00 pa=+0.00 | srch=0.00 | wall=2.84
R3[T1][PHERO     ]: L=+0.49 R=+0.58 | carry=0 | base=0.33 ba=+0.69 | site=0 sd=0.00 sa=+0.00 | phero=1 pd=0.04 pa=+0.03 | srch=0.17 | wall=2.15
R4[T1][RTB       ]: L=+0.00 R=+1.00 | carry=1 | base=0.52 ba=+0.71 | site=0 sd=0.00 sa=+0.00 | phero=0 pd=0.00 pa=+0.00 | srch=0.00 | wall=0.93

[PICKUP] Robot 3 picked up tag (density=6) | Total: 65
[DEPOSIT] Robot 2 deposited! Total: 63
  [PHERO] Laid at (-1.27, 1.38) density=7 prob=0.99 total_entries=5
  [TARGET] Robot 2 → SITE (-1.27,1.38)

======================================================================
Step 29500 (15.7 min) | Pickups: 65 | Deposits: 63 | Rate: 4.00 tags/min | phero_entries=5 phero_max=0.593
======================================================================
R1[T1][EXPLORE   ]: L=+1.00 R=+1.00 | carry=0 | base=0.78 ba=+0.46 | site=0 sd=0.00 sa=+0.00 | phero=0 pd=0.00 pa=+0.00 | srch=1.00 | wall=0.42
R2[T1][SITE      ]: L=+1.00 R=+0.96 | carry=0 | base=0.21 ba=-0.85 | site=1 sd=0.21 sa=-0.13 | phero=0 pd=0.00 pa=+0.00 | srch=0.08 | wall=2.56
R3[T1][RTB       ]: L=+1.00 R=+1.00 | carry=1 | base=0.12 ba=+0.00 | site=0 sd=0.00 sa=+0.00 | phero=0 pd=0.00 pa=+0.00 | srch=0.00 | wall=3.08
R4[T1][RTB       ]: L=+1.00 R=+1.00 | carry=1 | base=0.20 ba=+0.00 | site=0 sd=0.00 sa=+0.00 | phero=0 pd=0.00 pa=+0.00 | srch=0.00 | wall=2.52

[DEPOSIT] Robot 3 deposited! Total: 64
  [PHERO] Laid at (-1.22, 1.32) density=6 prob=0.97 total_entries=6
  [TARGET] Robot 3 → SITE (-1.22,1.32)
[PICKUP] Robot 2 picked up tag (density=5) | Total: 66
[DEPOSIT] Robot 4 deposited! Total: 65
  [PHERO] Laid at (2.56, 0.20) density=11 prob=1.00 total_entries=7
  [TARGET] Robot 4 → SITE (2.56,0.20)

======================================================================
Step 30000 (16.0 min) | Pickups: 66 | Deposits: 65 | Rate: 4.06 tags/min | phero_entries=7 phero_max=0.611
======================================================================
R1[T1][EXPLORE   ]: L=+1.00 R=+1.00 | carry=0 | base=0.70 ba=+0.21 | site=0 sd=0.00 sa=+0.00 | phero=0 pd=0.00 pa=+0.00 | srch=1.00 | wall=0.39
R2[T1][RTB       ]: L=+1.00 R=+1.00 | carry=1 | base=0.14 ba=-0.00 | site=0 sd=0.00 sa=+0.00 | phero=0 pd=0.00 pa=+0.00 | srch=0.00 | wall=2.99
R3[T1][SITE      ]: L=+0.64 R=+0.65 | carry=0 | base=0.22 ba=-0.98 | site=1 sd=0.14 sa=+0.05 | phero=0 pd=0.00 pa=+0.00 | srch=0.10 | wall=2.66
R4[T1][SITE      ]: L=+1.00 R=+1.00 | carry=0 | base=0.17 ba=-0.93 | site=1 sd=0.36 sa=+0.19 | phero=0 pd=0.00 pa=+0.00 | srch=0.08 | wall=2.67

[DEPOSIT] Robot 2 deposited! Total: 66
  [PHERO] Laid at (-1.24, 0.98) density=5 prob=0.92 total_entries=8
  [TARGET] Robot 2 → SITE (-1.24,0.98)

======================================================================
Step 30500 (16.3 min) | Pickups: 66 | Deposits: 66 | Rate: 4.06 tags/min | phero_entries=7 phero_max=0.541
======================================================================
R1[T1][EXPLORE   ]: L=+1.00 R=+1.00 | carry=0 | base=0.46 ba=+0.39 | site=0 sd=0.00 sa=+0.00 | phero=0 pd=0.00 pa=+0.00 | srch=1.00 | wall=1.23
R2[T1][SITE      ]: L=+0.94 R=+1.00 | carry=0 | base=0.25 ba=+0.90 | site=1 sd=0.10 sa=+0.21 | phero=0 pd=0.00 pa=+0.00 | srch=0.10 | wall=2.50
R3[T1][EXPLORE   ]: L=+1.00 R=+1.00 | carry=0 | base=0.56 ba=+0.95 | site=0 sd=0.00 sa=+0.00 | phero=0 pd=0.00 pa=+0.00 | srch=0.23 | wall=1.46
R4[T1][SITE      ]: L=+0.78 R=+0.74 | carry=0 | base=0.50 ba=+0.92 | site=1 sd=0.02 sa=-0.03 | phero=0 pd=0.00 pa=+0.00 | srch=0.20 | wall=1.04

[PICKUP] Robot 4 picked up tag (density=10) | Total: 67
[PICKUP] Robot 2 picked up tag (density=4) | Total: 68

======================================================================
Step 31000 (16.5 min) | Pickups: 68 | Deposits: 66 | Rate: 3.99 tags/min | phero_entries=7 phero_max=0.243
======================================================================
R1[T1][EXPLORE   ]: L=+1.00 R=+1.00 | carry=0 | base=0.49 ba=+0.66 | site=0 sd=0.00 sa=+0.00 | phero=0 pd=0.00 pa=+0.00 | srch=1.00 | wall=1.57
R2[T1][RTB       ]: L=+1.00 R=+1.00 | carry=1 | base=0.11 ba=+0.00 | site=0 sd=0.00 sa=+0.00 | phero=0 pd=0.00 pa=+0.00 | srch=0.00 | wall=3.08
R3[T1][EXPLORE   ]: L=+0.76 R=+0.72 | carry=0 | base=0.53 ba=-0.29 | site=0 sd=0.00 sa=+0.00 | phero=0 pd=0.00 pa=+0.00 | srch=0.35 | wall=1.53
R4[T1][RTB       ]: L=+1.00 R=+1.00 | carry=1 | base=0.25 ba=+0.00 | site=0 sd=0.00 sa=+0.00 | phero=0 pd=0.00 pa=+0.00 | srch=0.00 | wall=2.25

[PICKUP] Robot 1 picked up tag (density=16) | Total: 69
[DEPOSIT] Robot 2 deposited! Total: 67
  [PHERO] Laid at (-1.23, 1.10) density=4 prob=0.82 total_entries=8
  [TARGET] Robot 2 → SITE (-1.23,1.10)
[DEPOSIT] Robot 4 deposited! Total: 68
  [PHERO] Laid at (2.58, 0.21) density=10 prob=1.00 total_entries=9
  [TARGET] Robot 4 → SITE (2.58,0.21)

======================================================================
Step 31500 (16.8 min) | Pickups: 69 | Deposits: 68 | Rate: 4.05 tags/min | phero_entries=8 phero_max=0.684
======================================================================
R1[T1][RTB       ]: L=+1.00 R=+1.00 | carry=1 | base=0.20 ba=+0.00 | site=0 sd=0.00 sa=+0.00 | phero=0 pd=0.00 pa=+0.00 | srch=0.00 | wall=2.64
R2[T1][SITE      ]: L=+1.00 R=+0.96 | carry=0 | base=0.28 ba=-0.83 | site=1 sd=0.07 sa=-0.06 | phero=0 pd=0.00 pa=+0.00 | srch=0.11 | wall=2.37
R3[T1][EXPLORE   ]: L=+1.00 R=+1.00 | carry=0 | base=0.62 ba=+0.63 | site=0 sd=0.00 sa=+0.00 | phero=0 pd=0.00 pa=+0.00 | srch=0.48 | wall=0.82
R4[T1][SITE      ]: L=+1.00 R=+0.98 | carry=0 | base=0.14 ba=-0.97 | site=1 sd=0.39 sa=-0.09 | phero=0 pd=0.00 pa=+0.00 | srch=0.06 | wall=2.84

[PICKUP] Robot 2 picked up tag (density=3) | Total: 70
[DEPOSIT] Robot 1 deposited! Total: 69
  [PHERO] Laid at (1.38, 2.08) density=16 prob=1.00 total_entries=9
  [TARGET] Robot 1 → SITE (1.38,2.08)

======================================================================
Step 32000 (17.1 min) | Pickups: 70 | Deposits: 69 | Rate: 4.04 tags/min | phero_entries=9 phero_max=0.616
======================================================================
R1[T1][SITE      ]: L=+1.00 R=+0.70 | carry=0 | base=0.19 ba=-0.92 | site=1 sd=0.35 sa=-0.16 | phero=0 pd=0.00 pa=+0.00 | srch=0.08 | wall=2.54
R2[T1][RTB       ]: L=+1.00 R=+1.00 | carry=1 | base=0.10 ba=-0.00 | site=0 sd=0.00 sa=+0.00 | phero=0 pd=0.00 pa=+0.00 | srch=0.00 | wall=3.14
R3[T1][EXPLORE   ]: L=+1.00 R=+1.00 | carry=0 | base=0.61 ba=+0.77 | site=0 sd=0.00 sa=+0.00 | phero=0 pd=0.00 pa=+0.00 | srch=0.60 | wall=0.49
R4[T1][SITE      ]: L=+1.00 R=+1.00 | carry=0 | base=0.51 ba=-0.85 | site=1 sd=0.01 sa=-0.12 | phero=0 pd=0.00 pa=+0.00 | srch=0.18 | wall=0.96

[PICKUP] Robot 4 picked up tag (density=9) | Total: 71
[DEPOSIT] Robot 2 deposited! Total: 70
  [PHERO] Laid at (-1.24, 1.14) density=3 prob=0.65 total_entries=10
  [TARGET] Robot 2 → PHERO (-1.24,1.14)

======================================================================
Step 32500 (17.3 min) | Pickups: 71 | Deposits: 70 | Rate: 4.04 tags/min | phero_entries=9 phero_max=0.499
======================================================================
R1[T1][SITE      ]: L=+0.19 R=+1.00 | carry=0 | base=0.51 ba=+0.79 | site=1 sd=0.01 sa=+0.47 | phero=0 pd=0.00 pa=+0.00 | srch=0.20 | wall=1.42
R2[T1][PHERO     ]: L=+1.00 R=+1.00 | carry=0 | base=0.28 ba=+0.97 | site=0 sd=0.00 sa=+0.00 | phero=1 pd=0.06 pa=-0.13 | srch=0.11 | wall=2.43
R3[T1][EXPLORE   ]: L=+0.54 R=+0.33 | carry=0 | base=0.62 ba=-0.53 | site=0 sd=0.00 sa=+0.00 | phero=0 pd=0.00 pa=+0.00 | srch=0.73 | wall=0.46
R4[T1][RTB       ]: L=+1.00 R=+1.00 | carry=1 | base=0.23 ba=-0.00 | site=0 sd=0.00 sa=+0.00 | phero=0 pd=0.00 pa=+0.00 | srch=0.00 | wall=2.35

[GIVE-UP] R3 giving up after 3060 steps
[DEPOSIT] Robot 4 deposited! Total: 71
  [PHERO] Laid at (2.60, 0.23) density=9 prob=1.00 total_entries=9
  [TARGET] Robot 4 → SITE (2.60,0.23)
[PICKUP] Robot 1 picked up tag (density=4) | Total: 72

======================================================================
Step 33000 (17.6 min) | Pickups: 72 | Deposits: 71 | Rate: 4.03 tags/min | phero_entries=9 phero_max=0.653
======================================================================
R1[T1][RTB       ]: L=+1.00 R=+0.99 | carry=1 | base=0.35 ba=-0.01 | site=0 sd=0.00 sa=+0.00 | phero=0 pd=0.00 pa=+0.00 | srch=0.00 | wall=2.08
R2[T1][EXPLORE   ]: L=+1.00 R=+1.00 | carry=0 | base=0.38 ba=-0.55 | site=0 sd=0.00 sa=+0.00 | phero=0 pd=0.00 pa=+0.00 | srch=0.23 | wall=1.63
R3[T1][GIVE_UP   ]: L=+1.00 R=+1.00 | carry=0 | base=0.31 ba=-0.00 | site=0 sd=0.00 sa=+0.00 | phero=0 pd=0.00 pa=+0.00 | srch=0.85 | wall=2.00
R4[T1][SITE      ]: L=+0.98 R=+1.00 | carry=0 | base=0.17 ba=+0.98 | site=1 sd=0.37 sa=+0.12 | phero=0 pd=0.00 pa=+0.00 | srch=0.07 | wall=2.70

[EMPTY_RTN] R3 → phero(1.38,2.08)
[DEPOSIT] Robot 1 deposited! Total: 72
  [PHERO] Laid at (1.60, 1.25) density=4 prob=0.82 total_entries=10
  [TARGET] Robot 1 → SITE (1.60,1.25)

======================================================================
Step 33500 (17.9 min) | Pickups: 72 | Deposits: 72 | Rate: 4.03 tags/min | phero_entries=9 phero_max=0.841
======================================================================
R1[T1][BASE_ESC  ]: L=+0.52 R=+1.00 | carry=0 | base=0.05 ba=-0.89 | site=1 sd=0.36 sa=+0.21 | phero=0 pd=0.00 pa=+0.00 | srch=0.03 | wall=3.27
R2[T1][EXPLORE   ]: L=+1.00 R=+1.00 | carry=0 | base=0.49 ba=-0.53 | site=0 sd=0.00 sa=+0.00 | phero=0 pd=0.00 pa=+0.00 | srch=0.36 | wall=1.57
R3[T1][BASE_ESC  ]: L=+0.00 R=+1.00 | carry=0 | base=0.05 ba=-0.49 | site=0 sd=0.00 sa=+0.00 | phero=1 pd=0.51 pa=-0.03 | srch=0.04 | wall=3.29
R4[T1][SITE      ]: L=+0.94 R=+1.00 | carry=0 | base=0.52 ba=+0.83 | site=1 sd=0.02 sa=+0.08 | phero=0 pd=0.00 pa=+0.00 | srch=0.19 | wall=0.96

[PICKUP] Robot 4 picked up tag (density=8) | Total: 73

======================================================================
Step 34000 (18.1 min) | Pickups: 73 | Deposits: 72 | Rate: 3.97 tags/min | phero_entries=8 phero_max=0.378
======================================================================
R1[T1][SITE      ]: L=+0.87 R=+1.00 | carry=0 | base=0.41 ba=+0.69 | site=1 sd=0.06 sa=+0.22 | phero=0 pd=0.00 pa=+0.00 | srch=0.15 | wall=1.73
R2[T1][EXPLORE   ]: L=+1.00 R=+1.00 | carry=0 | base=0.64 ba=-0.72 | site=0 sd=0.00 sa=+0.00 | phero=0 pd=0.00 pa=+0.00 | srch=0.48 | wall=0.46
R3[T1][PHERO     ]: L=+0.01 R=+0.02 | carry=0 | base=0.06 ba=-0.29 | site=0 sd=0.00 sa=+0.00 | phero=1 pd=0.53 pa=+0.06 | srch=0.17 | wall=3.20
R4[T1][RTB       ]: L=+1.00 R=+1.00 | carry=1 | base=0.25 ba=+0.00 | site=0 sd=0.00 sa=+0.00 | phero=0 pd=0.00 pa=+0.00 | srch=0.00 | wall=2.27

[PICKUP] Robot 2 picked up tag (density=7) | Total: 74
[DEPOSIT] Robot 4 deposited! Total: 73
  [PHERO] Laid at (2.65, 0.24) density=8 prob=1.00 total_entries=8
  [TARGET] Robot 4 → SITE (2.65,0.24)
[GIVE-UP] R1 giving up after 1093 steps

======================================================================
Step 34500 (18.4 min) | Pickups: 74 | Deposits: 73 | Rate: 3.97 tags/min | phero_entries=7 phero_max=0.678
======================================================================
R1[T1][GIVE_UP   ]: L=+1.00 R=+0.01 | carry=0 | base=0.26 ba=-0.39 | site=0 sd=0.00 sa=+0.00 | phero=0 pd=0.00 pa=+0.00 | srch=0.28 | wall=2.55
R2[T1][RTB       ]: L=+1.00 R=+1.00 | carry=1 | base=0.37 ba=-0.00 | site=0 sd=0.00 sa=+0.00 | phero=0 pd=0.00 pa=+0.00 | srch=0.00 | wall=1.70
R3[T1][PHERO     ]: L=+0.30 R=+0.29 | carry=0 | base=0.06 ba=-0.67 | site=0 sd=0.00 sa=+0.00 | phero=1 pd=0.46 pa=+0.07 | srch=0.29 | wall=3.21
R4[T1][SITE      ]: L=+1.00 R=+0.99 | carry=0 | base=0.14 ba=-0.95 | site=1 sd=0.40 sa=+0.01 | phero=0 pd=0.00 pa=+0.00 | srch=0.06 | wall=2.83

[EMPTY_RTN] R1 → phero(2.65,0.24)
[DEPOSIT] Robot 2 deposited! Total: 74
  [PHERO] Laid at (2.90, 0.50) density=7 prob=0.99 total_entries=8
  [TARGET] Robot 2 → SITE (2.90,0.50)

======================================================================
Step 35000 (18.7 min) | Pickups: 74 | Deposits: 74 | Rate: 3.96 tags/min | phero_entries=8 phero_max=0.866
======================================================================
R1[T1][PHERO     ]: L=+1.00 R=+1.00 | carry=0 | base=0.12 ba=-0.95 | site=0 sd=0.00 sa=+0.00 | phero=1 pd=0.42 pa=-0.05 | srch=0.05 | wall=2.95
R2[T1][BASE_ESC  ]: L=+0.07 R=+1.00 | carry=0 | base=0.05 ba=-0.77 | site=1 sd=0.55 sa=+0.30 | phero=0 pd=0.00 pa=+0.00 | srch=0.02 | wall=3.28
R3[T1][PHERO     ]: L=+0.25 R=+0.28 | carry=0 | base=0.08 ba=-0.54 | site=0 sd=0.00 sa=+0.00 | phero=1 pd=0.45 pa=+0.19 | srch=0.42 | wall=3.10
R4[T1][SITE      ]: L=+0.83 R=+1.00 | carry=0 | base=0.52 ba=+0.83 | site=1 sd=0.03 sa=+0.13 | phero=0 pd=0.00 pa=+0.00 | srch=0.19 | wall=0.95

[PICKUP] Robot 4 picked up tag (density=6) | Total: 75

======================================================================
Step 35500 (18.9 min) | Pickups: 75 | Deposits: 74 | Rate: 3.91 tags/min | phero_entries=7 phero_max=0.389
======================================================================
R1[T1][PHERO     ]: L=+1.00 R=+0.93 | carry=0 | base=0.50 ba=-0.89 | site=0 sd=0.00 sa=+0.00 | phero=1 pd=0.07 pa=-0.24 | srch=0.17 | wall=1.08
R2[T1][SITE      ]: L=+1.00 R=+1.00 | carry=0 | base=0.41 ba=+0.94 | site=1 sd=0.19 sa=+0.01 | phero=0 pd=0.00 pa=+0.00 | srch=0.15 | wall=1.50
R3[T1][PHERO     ]: L=-0.33 R=-0.33 | carry=0 | base=0.10 ba=-0.23 | site=0 sd=0.00 sa=+0.00 | phero=1 pd=0.57 pa=+0.03 | srch=0.54 | wall=3.00
R4[T1][RTB       ]: L=+1.00 R=+1.00 | carry=1 | base=0.24 ba=+0.00 | site=0 sd=0.00 sa=+0.00 | phero=0 pd=0.00 pa=+0.00 | srch=0.00 | wall=2.31

[PICKUP] Robot 1 picked up tag (density=5) | Total: 76
[DEPOSIT] Robot 4 deposited! Total: 75
  [PHERO] Laid at (2.65, 0.22) density=6 prob=0.97 total_entries=7
  [TARGET] Robot 4 → SITE (2.65,0.22)
[GIVE-UP] R2 giving up after 981 steps

======================================================================
Step 36000 (19.2 min) | Pickups: 76 | Deposits: 75 | Rate: 3.91 tags/min | phero_entries=7 phero_max=0.669
======================================================================
R1[T1][RTB       ]: L=+1.00 R=+1.00 | carry=1 | base=0.28 ba=-0.00 | site=0 sd=0.00 sa=+0.00 | phero=0 pd=0.00 pa=+0.00 | srch=0.00 | wall=2.13
R2[T1][GIVE_UP   ]: L=+0.99 R=+1.00 | carry=0 | base=0.60 ba=+0.00 | site=0 sd=0.00 sa=+0.00 | phero=0 pd=0.00 pa=+0.00 | srch=0.27 | wall=0.59
R3[T1][PHERO     ]: L=+0.40 R=+0.40 | carry=0 | base=0.06 ba=-0.67 | site=0 sd=0.00 sa=+0.00 | phero=1 pd=0.46 pa=+0.09 | srch=0.67 | wall=3.19
R4[T1][SITE      ]: L=+1.00 R=+0.99 | carry=0 | base=0.15 ba=-0.94 | site=1 sd=0.39 sa=+0.01 | phero=0 pd=0.00 pa=+0.00 | srch=0.06 | wall=2.78

[DEPOSIT] Robot 1 deposited! Total: 76
  [PHERO] Laid at (2.66, 0.43) density=5 prob=0.92 total_entries=7
  [TARGET] Robot 1 → SITE (2.66,0.43)

======================================================================
Step 36500 (19.5 min) | Pickups: 76 | Deposits: 76 | Rate: 3.90 tags/min | phero_entries=6 phero_max=0.762
======================================================================
R1[T1][SITE      ]: L=+1.00 R=+1.00 | carry=0 | base=0.09 ba=+0.99 | site=1 sd=0.46 sa=+0.11 | phero=0 pd=0.00 pa=+0.00 | srch=0.04 | wall=3.07
R2[T1][GIVE_UP   ]: L=+1.00 R=+1.00 | carry=0 | base=0.21 ba=+0.00 | site=0 sd=0.00 sa=+0.00 | phero=0 pd=0.00 pa=+0.00 | srch=0.40 | wall=2.47
R3[T1][PHERO     ]: L=+0.04 R=+0.03 | carry=0 | base=0.13 ba=-0.84 | site=0 sd=0.00 sa=+0.00 | phero=1 pd=0.38 pa=+0.15 | srch=0.79 | wall=2.96
R4[T1][SITE      ]: L=+1.00 R=+1.00 | carry=0 | base=0.44 ba=-0.98 | site=1 sd=0.10 sa=+0.04 | phero=0 pd=0.00 pa=+0.00 | srch=0.19 | wall=1.34

[PICKUP] Robot 4 picked up tag (density=4) | Total: 77
[EMPTY_RTN] R2 → phero(2.65,0.22)

======================================================================
Step 37000 (19.7 min) | Pickups: 77 | Deposits: 76 | Rate: 3.85 tags/min | phero_entries=6 phero_max=0.342
======================================================================
R1[T1][SITE      ]: L=+1.00 R=+1.00 | carry=0 | base=0.47 ba=+0.96 | site=1 sd=0.13 sa=+0.31 | phero=0 pd=0.00 pa=+0.00 | srch=0.17 | wall=1.16
R2[T1][PHERO     ]: L=+1.00 R=+0.98 | carry=0 | base=0.19 ba=+0.99 | site=0 sd=0.00 sa=+0.00 | phero=1 pd=0.41 pa=-0.31 | srch=0.07 | wall=2.81
R3[T1][PHERO     ]: L=-0.11 R=-0.11 | carry=0 | base=0.12 ba=-0.88 | site=0 sd=0.00 sa=+0.00 | phero=1 pd=0.38 pa=+0.12 | srch=0.92 | wall=3.01
R4[T1][RTB       ]: L=+1.00 R=+1.00 | carry=1 | base=0.34 ba=+0.00 | site=0 sd=0.00 sa=+0.00 | phero=0 pd=0.00 pa=+0.00 | srch=0.00 | wall=1.85

[PICKUP] Robot 1 picked up tag (density=3) | Total: 78
[DEPOSIT] Robot 4 deposited! Total: 77
  [PHERO] Laid at (2.65, 0.18) density=4 prob=0.82 total_entries=6
  [TARGET] Robot 4 → SITE (2.65,0.18)

======================================================================
Step 37500 (20.0 min) | Pickups: 78 | Deposits: 77 | Rate: 3.85 tags/min | phero_entries=6 phero_max=0.811
======================================================================
R1[T1][RTB       ]: L=+1.00 R=+1.00 | carry=1 | base=0.34 ba=+0.00 | site=0 sd=0.00 sa=+0.00 | phero=0 pd=0.00 pa=+0.00 | srch=0.00 | wall=1.81
R2[T1][PHERO     ]: L=+1.00 R=+0.94 | carry=0 | base=0.46 ba=-0.83 | site=0 sd=0.00 sa=+0.00 | phero=1 pd=0.12 pa=-0.13 | srch=0.20 | wall=1.29
R3[T1][PHERO     ]: L=+0.79 R=+0.94 | carry=0 | base=0.28 ba=-0.95 | site=0 sd=0.00 sa=+0.00 | phero=1 pd=0.23 pa=+0.11 | srch=1.00 | wall=2.42
R4[T1][SITE      ]: L=+1.00 R=+0.51 | carry=0 | base=0.06 ba=-0.98 | site=1 sd=0.48 sa=-0.09 | phero=0 pd=0.00 pa=+0.00 | srch=0.03 | wall=3.24

[PICKUP] Robot 3 picked up tag (density=15) | Total: 79
[DEPOSIT] Robot 1 deposited! Total: 78
  [TARGET] Robot 1 → SITE (2.78,0.01)

======================================================================
Step 38000 (20.3 min) | Pickups: 79 | Deposits: 78 | Rate: 3.85 tags/min | phero_entries=5 phero_max=0.364
======================================================================
R1[T1][SITE      ]: L=+1.00 R=+1.00 | carry=0 | base=0.06 ba=+0.90 | site=1 sd=0.51 sa=-0.22 | phero=0 pd=0.00 pa=+0.00 | srch=0.03 | wall=3.23
R2[T1][EXPLORE   ]: L=+1.00 R=+1.00 | carry=0 | base=0.64 ba=-0.71 | site=0 sd=0.00 sa=+0.00 | phero=0 pd=0.00 pa=+0.00 | srch=0.32 | wall=0.41
R3[T1][RTB       ]: L=+0.96 R=+1.00 | carry=1 | base=0.48 ba=+0.02 | site=0 sd=0.00 sa=+0.00 | phero=0 pd=0.00 pa=+0.00 | srch=0.00 | wall=1.44
R4[T1][SITE      ]: L=+1.00 R=+0.99 | carry=0 | base=0.44 ba=-0.96 | site=1 sd=0.10 sa=+0.04 | phero=0 pd=0.00 pa=+0.00 | srch=0.16 | wall=1.33


======================================================================
Step 38500 (20.5 min) | Pickups: 79 | Deposits: 78 | Rate: 3.80 tags/min | phero_entries=5 phero_max=0.164
======================================================================
R1[T1][SITE      ]: L=+1.00 R=+0.97 | carry=0 | base=0.42 ba=-0.81 | site=1 sd=0.22 sa=-0.14 | phero=0 pd=0.00 pa=+0.00 | srch=0.16 | wall=1.55
R2[T1][EXPLORE   ]: L=+1.00 R=+1.00 | carry=0 | base=0.61 ba=-0.53 | site=0 sd=0.00 sa=+0.00 | phero=0 pd=0.00 pa=+0.00 | srch=0.45 | wall=1.33
R3[T1][RTB       ]: L=+1.00 R=+1.00 | carry=1 | base=0.09 ba=+0.00 | site=0 sd=0.00 sa=+0.00 | phero=0 pd=0.00 pa=+0.00 | srch=0.00 | wall=3.10
R4[T1][EXPLORE   ]: L=+1.00 R=+1.00 | carry=0 | base=0.44 ba=-0.31 | site=0 sd=0.00 sa=+0.00 | phero=0 pd=0.00 pa=+0.00 | srch=0.28 | wall=1.32

[DEPOSIT] Robot 3 deposited! Total: 79
  [PHERO] Laid at (1.38, 2.16) density=15 prob=1.00 total_entries=6
  [TARGET] Robot 3 → SITE (1.38,2.16)
[PICKUP] Robot 1 picked up tag (density=2) | Total: 80
[PICKUP] Robot 4 picked up tag (density=12) | Total: 81

======================================================================
Step 39000 (20.8 min) | Pickups: 81 | Deposits: 79 | Rate: 3.80 tags/min | phero_entries=5 phero_max=0.491
======================================================================
R1[T1][RTB       ]: L=+1.00 R=+1.00 | carry=1 | base=0.41 ba=-0.00 | site=0 sd=0.00 sa=+0.00 | phero=0 pd=0.00 pa=+0.00 | srch=0.00 | wall=1.48
R2[T1][EXPLORE   ]: L=+1.00 R=+1.00 | carry=0 | base=0.63 ba=-0.15 | site=0 sd=0.00 sa=+0.00 | phero=0 pd=0.00 pa=+0.00 | srch=0.57 | wall=0.56
R3[T1][SITE      ]: L=+0.62 R=+0.61 | carry=0 | base=0.25 ba=-0.92 | site=1 sd=0.28 sa=-0.04 | phero=0 pd=0.00 pa=+0.00 | srch=0.11 | wall=2.35
R4[T1][RTB       ]: L=+1.00 R=+1.00 | carry=1 | base=0.18 ba=-0.00 | site=0 sd=0.00 sa=+0.00 | phero=0 pd=0.00 pa=+0.00 | srch=0.00 | wall=2.74

[DEPOSIT] Robot 4 deposited! Total: 80
  [PHERO] Laid at (1.55, -0.93) density=12 prob=1.00 total_entries=6
  [TARGET] Robot 4 → SITE (1.55,-0.93)
[GIVE-UP] R2 giving up after 2736 steps
[DEPOSIT] Robot 1 deposited! Total: 81
  [TARGET] Robot 1 → PHERO (1.38,2.16)

======================================================================
Step 39500 (21.1 min) | Pickups: 81 | Deposits: 81 | Rate: 3.84 tags/min | phero_entries=5 phero_max=0.592
======================================================================
R1[T1][BASE_ESC  ]: L=+0.00 R=+1.00 | carry=0 | base=0.04 ba=-0.31 | site=0 sd=0.00 sa=+0.00 | phero=1 pd=0.49 pa=-0.99 | srch=0.01 | wall=3.28
R2[T1][GIVE_UP   ]: L=+0.99 R=+1.00 | carry=0 | base=0.28 ba=+0.01 | site=0 sd=0.00 sa=+0.00 | phero=0 pd=0.00 pa=+0.00 | srch=0.70 | wall=2.21
R3[T1][SITE      ]: L=-0.02 R=+0.00 | carry=0 | base=0.48 ba=-0.92 | site=1 sd=0.04 sa=+0.07 | phero=0 pd=0.00 pa=+0.00 | srch=0.24 | wall=1.51
R4[T1][SITE      ]: L=+0.92 R=+0.93 | carry=0 | base=0.21 ba=-0.91 | site=1 sd=0.19 sa=+0.36 | phero=0 pd=0.00 pa=+0.00 | srch=0.08 | wall=2.65

[PICKUP] Robot 4 picked up tag (density=11) | Total: 82
[EMPTY_RTN] R2 → phero(1.55,-0.93)

======================================================================
Step 40000 (21.3 min) | Pickups: 82 | Deposits: 81 | Rate: 3.80 tags/min | phero_entries=5 phero_max=0.266
======================================================================
R1[T1][PHERO     ]: L=+1.00 R=+1.00 | carry=0 | base=0.38 ba=+1.00 | site=0 sd=0.00 sa=+0.00 | phero=1 pd=0.52 pa=+0.62 | srch=0.13 | wall=1.68
R2[T1][PHERO     ]: L=+1.00 R=+1.00 | carry=0 | base=0.12 ba=+0.95 | site=0 sd=0.00 sa=+0.00 | phero=1 pd=0.25 pa=+0.04 | srch=0.05 | wall=3.05
R3[T1][SITE      ]: L=-0.70 R=-0.72 | carry=0 | base=0.40 ba=-0.55 | site=1 sd=0.18 sa=+0.12 | phero=0 pd=0.00 pa=+0.00 | srch=0.36 | wall=1.59
R4[T1][RTB       ]: L=+1.00 R=+1.00 | carry=1 | base=0.16 ba=+0.00 | site=0 sd=0.00 sa=+0.00 | phero=0 pd=0.00 pa=+0.00 | srch=0.00 | wall=2.91

[DEPOSIT] Robot 4 deposited! Total: 82
  [PHERO] Laid at (1.15, -1.20) density=11 prob=1.00 total_entries=5
  [TARGET] Robot 4 → SITE (1.15,-1.20)
[PICKUP] Robot 2 picked up tag (density=10) | Total: 83

======================================================================
Step 40500 (21.6 min) | Pickups: 83 | Deposits: 82 | Rate: 3.80 tags/min | phero_entries=5 phero_max=0.590
======================================================================
R1[T1][PHERO     ]: L=+1.00 R=+1.00 | carry=0 | base=0.63 ba=+0.10 | site=0 sd=0.00 sa=+0.00 | phero=1 pd=0.65 pa=-0.16 | srch=0.26 | wall=0.42
R2[T1][RTB       ]: L=+1.00 R=+1.00 | carry=1 | base=0.24 ba=+0.00 | site=0 sd=0.00 sa=+0.00 | phero=0 pd=0.00 pa=+0.00 | srch=0.00 | wall=2.49
R3[T1][SITE      ]: L=+0.05 R=+0.05 | carry=0 | base=0.41 ba=-0.46 | site=1 sd=0.26 sa=+0.09 | phero=0 pd=0.00 pa=+0.00 | srch=0.49 | wall=1.48
R4[T1][SITE      ]: L=+1.00 R=+1.00 | carry=0 | base=0.22 ba=-0.97 | site=1 sd=0.18 sa=+0.40 | phero=0 pd=0.00 pa=+0.00 | srch=0.08 | wall=2.46

[DEPOSIT] Robot 2 deposited! Total: 83
  [PHERO] Laid at (1.22, -0.92) density=10 prob=1.00 total_entries=5
  [TARGET] Robot 2 → SITE (1.22,-0.92)

======================================================================
Step 41000 (21.9 min) | Pickups: 83 | Deposits: 83 | Rate: 3.80 tags/min | phero_entries=5 phero_max=0.666
======================================================================
R1[T1][PHERO     ]: L=+1.00 R=+1.00 | carry=0 | base=0.35 ba=+0.39 | site=0 sd=0.00 sa=+0.00 | phero=1 pd=0.32 pa=-0.18 | srch=0.38 | wall=1.90
R2[T1][SITE      ]: L=+1.00 R=+0.98 | carry=0 | base=0.15 ba=-0.91 | site=1 sd=0.16 sa=-0.02 | phero=0 pd=0.00 pa=+0.00 | srch=0.06 | wall=2.82
R3[T1][SITE      ]: L=+0.23 R=+0.24 | carry=0 | base=0.42 ba=-0.57 | site=1 sd=0.16 sa=+0.09 | phero=0 pd=0.00 pa=+0.00 | srch=0.61 | wall=1.52
R4[T1][SITE      ]: L=+0.50 R=+0.56 | carry=0 | base=0.38 ba=+0.43 | site=1 sd=0.06 sa=+0.21 | phero=0 pd=0.00 pa=+0.00 | srch=0.21 | wall=2.01

[PICKUP] Robot 4 picked up tag (density=9) | Total: 84
[PICKUP] Robot 2 picked up tag (density=8) | Total: 85

======================================================================
Step 41500 (22.1 min) | Pickups: 85 | Deposits: 83 | Rate: 3.75 tags/min | phero_entries=5 phero_max=0.299
======================================================================
R1[T1][PHERO     ]: L=+1.00 R=+0.96 | carry=0 | base=0.43 ba=+0.82 | site=0 sd=0.00 sa=+0.00 | phero=1 pd=0.19 pa=-0.60 | srch=0.51 | wall=1.40
R2[T1][RTB       ]: L=+1.00 R=+1.00 | carry=1 | base=0.19 ba=-0.00 | site=0 sd=0.00 sa=+0.00 | phero=0 pd=0.00 pa=+0.00 | srch=0.00 | wall=2.79
R3[T1][SITE      ]: L=-0.29 R=-0.30 | carry=0 | base=0.37 ba=-0.59 | site=1 sd=0.27 sa=-0.00 | phero=0 pd=0.00 pa=+0.00 | srch=0.74 | wall=1.67
R4[T1][RTB       ]: L=+1.00 R=+1.00 | carry=1 | base=0.05 ba=+0.00 | site=0 sd=0.00 sa=+0.00 | phero=0 pd=0.00 pa=+0.00 | srch=0.00 | wall=3.31

[DEPOSIT] Robot 4 deposited! Total: 84
  [PHERO] Laid at (1.20, -1.38) density=9 prob=1.00 total_entries=6
  [TARGET] Robot 4 → SITE (1.20,-1.38)
[DEPOSIT] Robot 2 deposited! Total: 85
  [PHERO] Laid at (1.27, -0.94) density=8 prob=1.00 total_entries=6
  [TARGET] Robot 2 → SITE (1.27,-0.94)
[PICKUP] Robot 1 picked up tag (density=14) | Total: 86

======================================================================
Step 42000 (22.4 min) | Pickups: 86 | Deposits: 85 | Rate: 3.79 tags/min | phero_entries=6 phero_max=0.610
======================================================================
R1[T1][RTB       ]: L=+1.00 R=+1.00 | carry=1 | base=0.46 ba=-0.00 | site=0 sd=0.00 sa=+0.00 | phero=0 pd=0.00 pa=+0.00 | srch=0.00 | wall=1.56
R2[T1][SITE      ]: L=+0.95 R=+1.00 | carry=0 | base=0.20 ba=+0.95 | site=1 sd=0.17 sa=+0.29 | phero=0 pd=0.00 pa=+0.00 | srch=0.08 | wall=2.61
R3[T1][SITE      ]: L=+0.55 R=+0.55 | carry=0 | base=0.41 ba=-0.70 | site=1 sd=0.16 sa=-0.00 | phero=0 pd=0.00 pa=+0.00 | srch=0.86 | wall=1.58
R4[T1][SITE      ]: L=+0.92 R=+0.94 | carry=0 | base=0.26 ba=+0.95 | site=1 sd=0.12 sa=+0.07 | phero=0 pd=0.00 pa=+0.00 | srch=0.12 | wall=2.44

[PICKUP] Robot 2 picked up tag (density=7) | Total: 87
[PICKUP] Robot 3 picked up tag (density=13) | Total: 88

======================================================================
Step 42500 (22.7 min) | Pickups: 88 | Deposits: 85 | Rate: 3.75 tags/min | phero_entries=6 phero_max=0.274
======================================================================
R1[T1][RTB       ]: L=+1.00 R=+1.00 | carry=1 | base=0.07 ba=-0.00 | site=0 sd=0.00 sa=+0.00 | phero=0 pd=0.00 pa=+0.00 | srch=0.00 | wall=3.19
R2[T1][RTB       ]: L=+1.00 R=+1.00 | carry=1 | base=0.21 ba=+0.00 | site=0 sd=0.00 sa=+0.00 | phero=0 pd=0.00 pa=+0.00 | srch=0.00 | wall=2.71
R3[T1][RTB       ]: L=+1.00 R=+0.77 | carry=1 | base=0.51 ba=-0.09 | site=0 sd=0.00 sa=+0.00 | phero=0 pd=0.00 pa=+0.00 | srch=0.00 | wall=1.44
R4[T1][EXPLORE   ]: L=+1.00 R=+1.00 | carry=0 | base=0.43 ba=-0.48 | site=0 sd=0.00 sa=+0.00 | phero=0 pd=0.00 pa=+0.00 | srch=0.25 | wall=1.46

[DEPOSIT] Robot 1 deposited! Total: 86
  [PHERO] Laid at (1.34, 2.31) density=14 prob=1.00 total_entries=7
  [TARGET] Robot 1 → SITE (1.34,2.31)
[DEPOSIT] Robot 2 deposited! Total: 87
  [PHERO] Laid at (1.23, -1.25) density=7 prob=0.99 total_entries=8
  [TARGET] Robot 2 → SITE (1.23,-1.25)

======================================================================
Step 43000 (22.9 min) | Pickups: 88 | Deposits: 87 | Rate: 3.79 tags/min | phero_entries=7 phero_max=0.630
======================================================================
R1[T1][SITE      ]: L=+0.95 R=+1.00 | carry=0 | base=0.32 ba=+0.92 | site=1 sd=0.27 sa=+0.19 | phero=0 pd=0.00 pa=+0.00 | srch=0.12 | wall=2.24
R2[T1][SITE      ]: L=+1.00 R=+1.00 | carry=0 | base=0.19 ba=+0.97 | site=1 sd=0.22 sa=-0.35 | phero=0 pd=0.00 pa=+0.00 | srch=0.07 | wall=2.61
R3[T1][RTB       ]: L=+1.00 R=+1.00 | carry=1 | base=0.12 ba=-0.00 | site=0 sd=0.00 sa=+0.00 | phero=0 pd=0.00 pa=+0.00 | srch=0.00 | wall=3.00
R4[T1][EXPLORE   ]: L=+1.00 R=+1.00 | carry=0 | base=0.54 ba=-0.71 | site=0 sd=0.00 sa=+0.00 | phero=0 pd=0.00 pa=+0.00 | srch=0.37 | wall=1.18

[PICKUP] Robot 1 picked up tag (density=3) | Total: 89
[DEPOSIT] Robot 3 deposited! Total: 88
  [PHERO] Laid at (1.42, 2.17) density=13 prob=1.00 total_entries=8
  [TARGET] Robot 3 → SITE (1.42,2.17)
[PICKUP] Robot 2 picked up tag (density=6) | Total: 90

======================================================================
Step 43500 (23.2 min) | Pickups: 90 | Deposits: 88 | Rate: 3.79 tags/min | phero_entries=7 phero_max=0.522
======================================================================
R1[T1][RTB       ]: L=+1.00 R=+1.00 | carry=1 | base=0.08 ba=+0.00 | site=0 sd=0.00 sa=+0.00 | phero=0 pd=0.00 pa=+0.00 | srch=0.00 | wall=3.21
R2[T1][RTB       ]: L=+1.00 R=+1.00 | carry=1 | base=0.22 ba=-0.00 | site=0 sd=0.00 sa=+0.00 | phero=0 pd=0.00 pa=+0.00 | srch=0.00 | wall=2.63
R3[T1][SITE      ]: L=+0.99 R=+1.00 | carry=0 | base=0.25 ba=+0.95 | site=1 sd=0.28 sa=+0.03 | phero=0 pd=0.00 pa=+0.00 | srch=0.10 | wall=2.56
R4[T1][EXPLORE   ]: L=+1.00 R=+1.00 | carry=0 | base=0.41 ba=+0.35 | site=0 sd=0.00 sa=+0.00 | phero=0 pd=0.00 pa=+0.00 | srch=0.50 | wall=1.56

[DEPOSIT] Robot 1 deposited! Total: 89
  [PHERO] Laid at (1.33, 1.08) density=3 prob=0.65 total_entries=8
  [TARGET] Robot 1 → SITE (1.33,1.08)
[DEPOSIT] Robot 2 deposited! Total: 90
  [PHERO] Laid at (1.40, -0.97) density=6 prob=0.97 total_entries=9
  [TARGET] Robot 2 → SITE (1.40,-0.97)
[PICKUP] Robot 3 picked up tag (density=12) | Total: 91

======================================================================
Step 44000 (23.5 min) | Pickups: 91 | Deposits: 90 | Rate: 3.84 tags/min | phero_entries=9 phero_max=0.644
======================================================================
R1[T1][SITE      ]: L=+1.00 R=+0.97 | carry=0 | base=0.29 ba=-0.78 | site=1 sd=0.10 sa=-0.12 | phero=0 pd=0.00 pa=+0.00 | srch=0.12 | wall=2.36
R2[T1][SITE      ]: L=+0.96 R=+1.00 | carry=0 | base=0.17 ba=+0.99 | site=1 sd=0.19 sa=+0.19 | phero=0 pd=0.00 pa=+0.00 | srch=0.07 | wall=2.83
R3[T1][RTB       ]: L=+1.00 R=+0.65 | carry=1 | base=0.52 ba=-0.13 | site=0 sd=0.00 sa=+0.00 | phero=0 pd=0.00 pa=+0.00 | srch=0.00 | wall=1.37
R4[T1][EXPLORE   ]: L=+1.00 R=+1.00 | carry=0 | base=0.42 ba=+0.67 | site=0 sd=0.00 sa=+0.00 | phero=0 pd=0.00 pa=+0.00 | srch=0.62 | wall=1.88

[PICKUP] Robot 1 picked up tag (density=2) | Total: 92
[PICKUP] Robot 2 picked up tag (density=5) | Total: 93
[GIVE-UP] R4 giving up after 2848 steps

======================================================================
Step 44500 (23.7 min) | Pickups: 93 | Deposits: 90 | Rate: 3.79 tags/min | phero_entries=8 phero_max=0.289
======================================================================
R1[T1][RTB       ]: L=+1.00 R=+1.00 | carry=1 | base=0.14 ba=-0.00 | site=0 sd=0.00 sa=+0.00 | phero=0 pd=0.00 pa=+0.00 | srch=0.00 | wall=2.93
R2[T1][RTB       ]: L=+1.00 R=+1.00 | carry=1 | base=0.21 ba=+0.00 | site=0 sd=0.00 sa=+0.00 | phero=0 pd=0.00 pa=+0.00 | srch=0.00 | wall=2.67
R3[T1][RTB       ]: L=+1.00 R=+1.00 | carry=1 | base=0.14 ba=-0.00 | site=0 sd=0.00 sa=+0.00 | phero=0 pd=0.00 pa=+0.00 | srch=0.00 | wall=2.94
R4[T1][GIVE_UP   ]: L=+0.98 R=+1.00 | carry=0 | base=0.56 ba=+0.01 | site=0 sd=0.00 sa=+0.00 | phero=0 pd=0.00 pa=+0.00 | srch=0.75 | wall=1.03

[DEPOSIT] Robot 1 deposited! Total: 91
  [TARGET] Robot 1 → PHERO (1.40,-0.97)
[DEPOSIT] Robot 3 deposited! Total: 92
  [PHERO] Laid at (1.43, 2.21) density=12 prob=1.00 total_entries=9
  [TARGET] Robot 3 → SITE (1.43,2.21)
[DEPOSIT] Robot 2 deposited! Total: 93
  [PHERO] Laid at (1.28, -1.08) density=5 prob=0.92 total_entries=10
  [TARGET] Robot 2 → SITE (1.28,-1.08)

======================================================================
Step 45000 (24.0 min) | Pickups: 93 | Deposits: 93 | Rate: 3.88 tags/min | phero_entries=10 phero_max=0.624
======================================================================
R1[T1][PHERO     ]: L=+1.00 R=+0.96 | carry=0 | base=0.25 ba=-0.95 | site=0 sd=0.00 sa=+0.00 | phero=1 pd=0.15 pa=-0.31 | srch=0.10 | wall=2.28
R2[T1][SITE      ]: L=+0.96 R=+0.95 | carry=0 | base=0.17 ba=-0.95 | site=1 sd=0.17 sa=-0.03 | phero=0 pd=0.00 pa=+0.00 | srch=0.07 | wall=2.78
R3[T1][SITE      ]: L=+0.99 R=+1.00 | carry=0 | base=0.25 ba=+0.95 | site=1 sd=0.28 sa=+0.03 | phero=0 pd=0.00 pa=+0.00 | srch=0.10 | wall=2.55
R4[T1][GIVE_UP   ]: L=+1.00 R=+1.00 | carry=0 | base=0.17 ba=+0.00 | site=0 sd=0.00 sa=+0.00 | phero=0 pd=0.00 pa=+0.00 | srch=0.87 | wall=2.74

[EMPTY_RTN] R4 → phero(1.43,2.21)
[PICKUP] Robot 1 picked up tag (density=4) | Total: 94
[PICKUP] Robot 2 picked up tag (density=3) | Total: 95
[PICKUP] Robot 3 picked up tag (density=11) | Total: 96

======================================================================
Step 45500 (24.3 min) | Pickups: 96 | Deposits: 93 | Rate: 3.83 tags/min | phero_entries=9 phero_max=0.280
======================================================================
R1[T1][RTB       ]: L=+1.00 R=+1.00 | carry=1 | base=0.23 ba=-0.00 | site=0 sd=0.00 sa=+0.00 | phero=0 pd=0.00 pa=+0.00 | srch=0.00 | wall=2.60
R2[T1][RTB       ]: L=+1.00 R=+1.00 | carry=1 | base=0.29 ba=-0.00 | site=0 sd=0.00 sa=+0.00 | phero=0 pd=0.00 pa=+0.00 | srch=0.00 | wall=2.49
R3[T1][RTB       ]: L=+0.00 R=+1.00 | carry=1 | base=0.55 ba=+0.40 | site=0 sd=0.00 sa=+0.00 | phero=0 pd=0.00 pa=+0.00 | srch=0.00 | wall=1.19
R4[T1][PHERO     ]: L=+1.00 R=+1.00 | carry=0 | base=0.20 ba=+0.92 | site=0 sd=0.00 sa=+0.00 | phero=1 pd=0.36 pa=+0.11 | srch=0.09 | wall=2.71

[DEPOSIT] Robot 1 deposited! Total: 94
  [PHERO] Laid at (1.50, -0.98) density=4 prob=0.82 total_entries=10
  [TARGET] Robot 1 → SITE (1.50,-0.98)
[DEPOSIT] Robot 2 deposited! Total: 95
  [PHERO] Laid at (1.33, -1.13) density=3 prob=0.65 total_entries=11
  [TARGET] Robot 2 → SITE (1.33,-1.13)

======================================================================
Step 46000 (24.5 min) | Pickups: 96 | Deposits: 95 | Rate: 3.87 tags/min | phero_entries=10 phero_max=0.740
======================================================================
R1[T1][SITE      ]: L=+1.00 R=+1.00 | carry=0 | base=0.14 ba=+1.00 | site=1 sd=0.23 sa=+0.12 | phero=0 pd=0.00 pa=+0.00 | srch=0.07 | wall=3.00
R2[T1][SITE      ]: L=+0.99 R=+1.00 | carry=0 | base=0.08 ba=+0.86 | site=1 sd=0.28 sa=-0.02 | phero=0 pd=0.00 pa=+0.00 | srch=0.05 | wall=3.18
R3[T1][RTB       ]: L=+1.00 R=+1.00 | carry=1 | base=0.19 ba=+0.00 | site=0 sd=0.00 sa=+0.00 | phero=0 pd=0.00 pa=+0.00 | srch=0.00 | wall=2.68
R4[T1][PHERO     ]: L=+0.88 R=+1.00 | carry=0 | base=0.53 ba=+0.68 | site=0 sd=0.00 sa=+0.00 | phero=1 pd=0.02 pa=+0.12 | srch=0.21 | wall=1.37

[DEPOSIT] Robot 3 deposited! Total: 96
  [PHERO] Laid at (1.43, 2.27) density=11 prob=1.00 total_entries=10
  [TARGET] Robot 3 → SITE (1.43,2.27)
[PICKUP] Robot 2 picked up tag (density=2) | Total: 97

======================================================================
Step 46500 (24.8 min) | Pickups: 97 | Deposits: 96 | Rate: 3.87 tags/min | phero_entries=10 phero_max=0.601
======================================================================
R1[T1][SITE      ]: L=+0.21 R=+1.00 | carry=0 | base=0.35 ba=-0.20 | site=1 sd=0.01 sa=+0.49 | phero=0 pd=0.00 pa=+0.00 | srch=0.19 | wall=2.00
R2[T1][RTB       ]: L=+1.00 R=+0.67 | carry=1 | base=0.35 ba=-0.12 | site=0 sd=0.00 sa=+0.00 | phero=0 pd=0.00 pa=+0.00 | srch=0.00 | wall=2.21
R3[T1][SITE      ]: L=+0.85 R=+0.87 | carry=0 | base=0.20 ba=-0.89 | site=1 sd=0.36 sa=-0.02 | phero=0 pd=0.00 pa=+0.00 | srch=0.08 | wall=2.57
R4[T1][EXPLORE   ]: L=+1.00 R=+0.67 | carry=0 | base=0.62 ba=+0.57 | site=0 sd=0.00 sa=+0.00 | phero=0 pd=0.00 pa=+0.00 | srch=0.34 | wall=0.45

TIMEOUT_RESULT pickups=97 deposits=96 steps=46875 elapsed_min=25.000000
BATCH_RESULT pickups=97 deposits=96
