Gym has been unmaintained since 2022 and does not support NumPy 2.0 amongst other critical functionality.
Please upgrade to Gymnasium, the maintained drop-in replacement of Gym, or contact the authors of your software and request that they upgrade.
Users of this version of Gym should be able to simply replace 'import gym' with 'import gymnasium as gym' in the vast majority of cases.
See the migration guide at https://gymnasium.farama.org/introduction/migration_guide/ for additional information.
============================================================
EVALUATION MODE — CPFA-RL Trained Model
Arena: 7×7m  |  Robots: 4  (teams of 4: 1)  |  Tags: 128
Obs per team: 18 × 4 = 72  |  Total obs dim: 72
============================================================

Loading model: ppo_cpfa_v9
Model loaded. Starting evaluation...

============================================================

[PICKUP] Robot 2 picked up tag (density=9) | Total: 1
[DEPOSIT] Robot 2 deposited! Total: 1
  [PHERO] Laid at (0.04, 0.50) density=9 prob=1.00 total_entries=1
  [TARGET] Robot 2 → SITE (0.04,0.50)
[GIVE-UP] R1 giving up after 156 steps
[PICKUP] Robot 3 picked up tag (density=9) | Total: 2
[DEPOSIT] Robot 3 deposited! Total: 2
  [PHERO] Laid at (-0.40, -0.23) density=9 prob=1.00 total_entries=2
  [TARGET] Robot 3 → SITE (-0.40,-0.23)
[EMPTY_RTN] R1 → phero(-0.40,-0.23)

======================================================================
Step 500 (0.3 min) | Pickups: 2 | Deposits: 2 | Rate: 7.50 tags/min | phero_entries=2 phero_max=0.860
======================================================================
R1[T1][BASE_ESC  ]: L=+1.00 R=+1.00 | carry=0 | base=0.05 ba=+0.00 | site=0 sd=0.00 sa=+0.00 | phero=1 pd=0.14 pa=+0.09 | srch=0.00 | wall=3.25
R2[T1][EXPLORE   ]: L=+1.00 R=+1.00 | carry=0 | base=0.20 ba=+0.90 | site=0 sd=0.00 sa=+0.00 | phero=0 pd=0.00 pa=+0.00 | srch=0.09 | wall=2.53
R3[T1][BASE_ESC  ]: L=+1.00 R=+0.07 | carry=0 | base=0.05 ba=+0.79 | site=1 sd=0.06 sa=-0.48 | phero=0 pd=0.00 pa=+0.00 | srch=0.02 | wall=3.31
R4[T1][EXPLORE   ]: L=+1.00 R=+1.00 | carry=0 | base=0.41 ba=-0.96 | site=0 sd=0.00 sa=+0.00 | phero=0 pd=0.00 pa=+0.00 | srch=0.12 | wall=1.73

[GIVE-UP] R2 giving up after 444 steps
[PICKUP] Robot 1 picked up tag (density=8) | Total: 3
[DEPOSIT] Robot 1 deposited! Total: 3
  [PHERO] Laid at (0.09, 0.53) density=8 prob=1.00 total_entries=3
  [TARGET] Robot 1 → SITE (0.09,0.53)
[EMPTY_RTN] R2 → phero(-0.40,-0.23)

======================================================================
Step 1000 (0.5 min) | Pickups: 3 | Deposits: 3 | Rate: 5.62 tags/min | phero_entries=3 phero_max=0.888
======================================================================
R1[T1][BASE_ESC  ]: L=+1.00 R=+0.00 | carry=0 | base=0.04 ba=+0.55 | site=1 sd=0.07 sa=-0.61 | phero=0 pd=0.00 pa=+0.00 | srch=0.02 | wall=3.28
R2[T1][BASE_ESC  ]: L=+1.00 R=+0.00 | carry=0 | base=0.05 ba=+0.31 | site=0 sd=0.00 sa=+0.00 | phero=1 pd=0.11 pa=-0.04 | srch=0.01 | wall=3.30
R3[T1][EXPLORE   ]: L=+1.00 R=+1.00 | carry=0 | base=0.13 ba=-0.81 | site=0 sd=0.00 sa=+0.00 | phero=0 pd=0.00 pa=+0.00 | srch=0.15 | wall=2.88
R4[T1][EXPLORE   ]: L=+1.00 R=+1.00 | carry=0 | base=0.77 ba=-0.80 | site=0 sd=0.00 sa=+0.00 | phero=0 pd=0.00 pa=+0.00 | srch=0.25 | wall=0.50

[PICKUP] Robot 1 picked up tag (density=7) | Total: 4
[PICKUP] Robot 2 picked up tag (density=8) | Total: 5
[DEPOSIT] Robot 1 deposited! Total: 4
  [PHERO] Laid at (0.09, 0.56) density=7 prob=0.99 total_entries=4
  [TARGET] Robot 1 → SITE (0.09,0.56)

======================================================================
Step 1500 (0.8 min) | Pickups: 5 | Deposits: 4 | Rate: 5.00 tags/min | phero_entries=4 phero_max=0.789
======================================================================
R1[T1][SITE      ]: L=+0.97 R=+1.00 | carry=0 | base=0.07 ba=+0.99 | site=1 sd=0.06 sa=+0.31 | phero=0 pd=0.00 pa=+0.00 | srch=0.04 | wall=3.23
R2[T1][RTB       ]: L=+0.97 R=+1.00 | carry=1 | base=0.05 ba=+0.01 | site=0 sd=0.00 sa=+0.00 | phero=0 pd=0.00 pa=+0.00 | srch=0.00 | wall=3.30
R3[T1][EXPLORE   ]: L=+1.00 R=+1.00 | carry=0 | base=0.46 ba=+0.75 | site=0 sd=0.00 sa=+0.00 | phero=0 pd=0.00 pa=+0.00 | srch=0.27 | wall=1.37
R4[T1][EXPLORE   ]: L=+1.00 R=+1.00 | carry=0 | base=0.73 ba=-0.10 | site=0 sd=0.00 sa=+0.00 | phero=0 pd=0.00 pa=+0.00 | srch=0.38 | wall=0.72

[DEPOSIT] Robot 2 deposited! Total: 5
  [PHERO] Laid at (-0.41, -0.29) density=8 prob=1.00 total_entries=5
  [TARGET] Robot 2 → SITE (-0.41,-0.29)
[PICKUP] Robot 1 picked up tag (density=6) | Total: 6
[PICKUP] Robot 2 picked up tag (density=7) | Total: 7
[DEPOSIT] Robot 1 deposited! Total: 6
  [PHERO] Laid at (0.16, 0.53) density=6 prob=0.97 total_entries=6
  [TARGET] Robot 1 → SITE (0.16,0.53)
[DEPOSIT] Robot 2 deposited! Total: 7
  [PHERO] Laid at (-0.36, -0.34) density=7 prob=0.99 total_entries=7
  [TARGET] Robot 2 → SITE (-0.36,-0.34)

======================================================================
Step 2000 (1.1 min) | Pickups: 7 | Deposits: 7 | Rate: 6.56 tags/min | phero_entries=7 phero_max=0.819
======================================================================
R1[T1][EXPLORE   ]: L=+1.00 R=+1.00 | carry=0 | base=0.11 ba=-0.74 | site=0 sd=0.00 sa=+0.00 | phero=0 pd=0.00 pa=+0.00 | srch=0.06 | wall=2.97
R2[T1][SITE      ]: L=+0.15 R=+1.00 | carry=0 | base=0.05 ba=+0.98 | site=1 sd=0.06 sa=+0.28 | phero=0 pd=0.00 pa=+0.00 | srch=0.03 | wall=3.25
R3[T1][EXPLORE   ]: L=+0.91 R=+1.00 | carry=0 | base=0.76 ba=+0.63 | site=0 sd=0.00 sa=+0.00 | phero=0 pd=0.00 pa=+0.00 | srch=0.40 | wall=0.66
R4[T1][EXPLORE   ]: L=+1.00 R=+1.00 | carry=0 | base=0.47 ba=-0.36 | site=0 sd=0.00 sa=+0.00 | phero=0 pd=0.00 pa=+0.00 | srch=0.50 | wall=1.23

[PICKUP] Robot 1 picked up tag (density=5) | Total: 8
[PICKUP] Robot 2 picked up tag (density=6) | Total: 9
[DEPOSIT] Robot 1 deposited! Total: 8
  [PHERO] Laid at (0.17, 0.54) density=5 prob=0.92 total_entries=8
  [TARGET] Robot 1 → SITE (0.17,0.54)
[DEPOSIT] Robot 2 deposited! Total: 9
  [PHERO] Laid at (-0.38, -0.40) density=6 prob=0.97 total_entries=9
  [TARGET] Robot 2 → SITE (-0.38,-0.40)
[PICKUP] Robot 1 picked up tag (density=4) | Total: 10

======================================================================
Step 2500 (1.3 min) | Pickups: 10 | Deposits: 9 | Rate: 6.75 tags/min | phero_entries=9 phero_max=0.711
======================================================================
R1[T1][RTB       ]: L=+0.26 R=+1.00 | carry=1 | base=0.12 ba=+0.28 | site=0 sd=0.00 sa=+0.00 | phero=0 pd=0.00 pa=+0.00 | srch=0.00 | wall=2.89
R2[T1][SITE      ]: L=+1.00 R=+0.81 | carry=0 | base=0.10 ba=-0.73 | site=1 sd=0.04 sa=-0.22 | phero=0 pd=0.00 pa=+0.00 | srch=0.05 | wall=3.03
R3[T1][EXPLORE   ]: L=+1.00 R=+1.00 | carry=0 | base=0.64 ba=+0.02 | site=0 sd=0.00 sa=+0.00 | phero=0 pd=0.00 pa=+0.00 | srch=0.52 | wall=0.99
R4[T1][EXPLORE   ]: L=+1.00 R=+1.00 | carry=0 | base=0.47 ba=-0.65 | site=0 sd=0.00 sa=+0.00 | phero=0 pd=0.00 pa=+0.00 | srch=0.62 | wall=1.63

[PICKUP] Robot 2 picked up tag (density=5) | Total: 11
[DEPOSIT] Robot 1 deposited! Total: 10
  [PHERO] Laid at (0.17, 0.59) density=4 prob=0.82 total_entries=10
  [TARGET] Robot 1 → SITE (0.17,0.59)
[DEPOSIT] Robot 2 deposited! Total: 11
  [PHERO] Laid at (-0.39, -0.44) density=5 prob=0.92 total_entries=11
  [TARGET] Robot 2 → SITE (-0.39,-0.44)
[PICKUP] Robot 1 picked up tag (density=3) | Total: 12
[PICKUP] Robot 2 picked up tag (density=4) | Total: 13

======================================================================
Step 3000 (1.6 min) | Pickups: 13 | Deposits: 11 | Rate: 6.88 tags/min | phero_entries=11 phero_max=0.624
======================================================================
R1[T1][RTB       ]: L=+1.00 R=+0.00 | carry=1 | base=0.13 ba=-0.42 | site=0 sd=0.00 sa=+0.00 | phero=0 pd=0.00 pa=+0.00 | srch=0.00 | wall=2.88
R2[T1][RTB       ]: L=+0.00 R=+1.00 | carry=1 | base=0.13 ba=+0.43 | site=0 sd=0.00 sa=+0.00 | phero=0 pd=0.00 pa=+0.00 | srch=0.00 | wall=3.01
R3[T1][EXPLORE   ]: L=+1.00 R=+1.00 | carry=0 | base=0.28 ba=+0.14 | site=0 sd=0.00 sa=+0.00 | phero=0 pd=0.00 pa=+0.00 | srch=0.65 | wall=2.26
R4[T1][WALL_ESC  ]: L=+1.00 R=+0.00 | carry=0 | base=0.72 ba=-0.51 | site=0 sd=0.00 sa=+0.00 | phero=0 pd=0.00 pa=+0.00 | srch=0.75 | wall=0.32

[DEPOSIT] Robot 1 deposited! Total: 12
  [PHERO] Laid at (0.17, 0.60) density=3 prob=0.65 total_entries=12
  [TARGET] Robot 1 → SITE (0.17,0.60)
[DEPOSIT] Robot 2 deposited! Total: 13
  [PHERO] Laid at (-0.41, -0.45) density=4 prob=0.82 total_entries=13
  [TARGET] Robot 2 → SITE (-0.41,-0.45)
[PICKUP] Robot 4 picked up tag (density=16) | Total: 14
[PICKUP] Robot 1 picked up tag (density=2) | Total: 15
[PICKUP] Robot 2 picked up tag (density=3) | Total: 16

======================================================================
Step 3500 (1.9 min) | Pickups: 16 | Deposits: 13 | Rate: 6.96 tags/min | phero_entries=13 phero_max=0.568
======================================================================
R1[T1][RTB       ]: L=+0.86 R=+1.00 | carry=1 | base=0.09 ba=+0.05 | site=0 sd=0.00 sa=+0.00 | phero=0 pd=0.00 pa=+0.00 | srch=0.00 | wall=3.05
R2[T1][RTB       ]: L=+1.00 R=+0.48 | carry=1 | base=0.13 ba=-0.20 | site=0 sd=0.00 sa=+0.00 | phero=0 pd=0.00 pa=+0.00 | srch=0.00 | wall=3.00
R3[T1][EXPLORE   ]: L=+0.32 R=+1.00 | carry=0 | base=0.19 ba=+0.74 | site=0 sd=0.00 sa=+0.00 | phero=0 pd=0.00 pa=+0.00 | srch=0.77 | wall=2.56
R4[T1][RTB       ]: L=+1.00 R=+1.00 | carry=1 | base=0.38 ba=-0.00 | site=0 sd=0.00 sa=+0.00 | phero=0 pd=0.00 pa=+0.00 | srch=0.00 | wall=1.78

[DEPOSIT] Robot 1 deposited! Total: 14
  [PHERO] Laid at (0.22, 0.54) density=2 prob=0.42 total_entries=14
  [TARGET] Robot 1 → SITE (0.22,0.54)
[DEPOSIT] Robot 2 deposited! Total: 15
  [PHERO] Laid at (-0.47, -0.48) density=3 prob=0.65 total_entries=15
  [TARGET] Robot 2 → SITE (-0.47,-0.48)
[PICKUP] Robot 1 picked up tag (density=1) | Total: 17
[DEPOSIT] Robot 4 deposited! Total: 16
  [PHERO] Laid at (-2.92, -1.29) density=16 prob=1.00 total_entries=16
  [TARGET] Robot 4 → SITE (-2.92,-1.29)
[PICKUP] Robot 2 picked up tag (density=2) | Total: 18

======================================================================
Step 4000 (2.1 min) | Pickups: 18 | Deposits: 16 | Rate: 7.50 tags/min | phero_entries=16 phero_max=0.887
======================================================================
R1[T1][RTB       ]: L=+0.20 R=+1.00 | carry=1 | base=0.14 ba=+0.31 | site=0 sd=0.00 sa=+0.00 | phero=0 pd=0.00 pa=+0.00 | srch=0.00 | wall=2.85
R2[T1][RTB       ]: L=+0.00 R=+1.00 | carry=1 | base=0.14 ba=+0.43 | site=0 sd=0.00 sa=+0.00 | phero=0 pd=0.00 pa=+0.00 | srch=0.00 | wall=2.97
R3[T1][EXPLORE   ]: L=+0.84 R=+1.00 | carry=0 | base=0.20 ba=+0.98 | site=0 sd=0.00 sa=+0.00 | phero=0 pd=0.00 pa=+0.00 | srch=0.90 | wall=2.52
R4[T1][BASE_ESC  ]: L=+0.00 R=+1.00 | carry=0 | base=0.04 ba=-0.63 | site=1 sd=0.60 sa=+0.43 | phero=0 pd=0.00 pa=+0.00 | srch=0.02 | wall=3.29

[DEPOSIT] Robot 1 deposited! Total: 17
  [PHERO] Laid at (0.23, 0.62) density=1 prob=0.20 total_entries=17
  [TARGET] Robot 1 → PHERO (0.23,0.62)
[DEPOSIT] Robot 2 deposited! Total: 18
  [PHERO] Laid at (-0.47, -0.48) density=2 prob=0.42 total_entries=18
  [TARGET] Robot 2 → SITE (-0.47,-0.48)

======================================================================
Step 4500 (2.4 min) | Pickups: 18 | Deposits: 18 | Rate: 7.50 tags/min | phero_entries=17 phero_max=0.586
======================================================================
R1[T1][EXPLORE   ]: L=+1.00 R=+1.00 | carry=0 | base=0.20 ba=+0.99 | site=0 sd=0.00 sa=+0.00 | phero=0 pd=0.00 pa=+0.00 | srch=0.09 | wall=2.59
R2[T1][EXPLORE   ]: L=+1.00 R=+1.00 | carry=0 | base=0.17 ba=-0.98 | site=0 sd=0.00 sa=+0.00 | phero=0 pd=0.00 pa=+0.00 | srch=0.08 | wall=2.90
R3[T1][EXPLORE   ]: L=+0.96 R=+0.70 | carry=0 | base=0.48 ba=-0.46 | site=0 sd=0.00 sa=+0.00 | phero=0 pd=0.00 pa=+0.00 | srch=1.00 | wall=1.16
R4[T1][SITE      ]: L=+1.00 R=+1.00 | carry=0 | base=0.38 ba=+0.96 | site=1 sd=0.28 sa=+0.08 | phero=0 pd=0.00 pa=+0.00 | srch=0.14 | wall=1.67

[PICKUP] Robot 3 picked up tag (density=12) | Total: 19
[PICKUP] Robot 4 picked up tag (density=15) | Total: 20

======================================================================
Step 5000 (2.7 min) | Pickups: 20 | Deposits: 18 | Rate: 6.75 tags/min | phero_entries=16 phero_max=0.263
======================================================================
R1[T1][EXPLORE   ]: L=+1.00 R=+1.00 | carry=0 | base=0.58 ba=+1.00 | site=0 sd=0.00 sa=+0.00 | phero=0 pd=0.00 pa=+0.00 | srch=0.22 | wall=0.78
R2[T1][EXPLORE   ]: L=+1.00 R=+1.00 | carry=0 | base=0.55 ba=-0.99 | site=0 sd=0.00 sa=+0.00 | phero=0 pd=0.00 pa=+0.00 | srch=0.21 | wall=1.41
R3[T1][RTB       ]: L=+1.00 R=+1.00 | carry=1 | base=0.12 ba=-0.00 | site=0 sd=0.00 sa=+0.00 | phero=0 pd=0.00 pa=+0.00 | srch=0.00 | wall=2.94
R4[T1][RTB       ]: L=+1.00 R=+1.00 | carry=1 | base=0.42 ba=+0.00 | site=0 sd=0.00 sa=+0.00 | phero=0 pd=0.00 pa=+0.00 | srch=0.00 | wall=1.55

[DEPOSIT] Robot 3 deposited! Total: 19
  [PHERO] Laid at (-0.43, -2.03) density=12 prob=1.00 total_entries=17
  [TARGET] Robot 3 → SITE (-0.43,-2.03)
[DEPOSIT] Robot 4 deposited! Total: 20
  [PHERO] Laid at (-2.60, -0.80) density=15 prob=1.00 total_entries=17
  [TARGET] Robot 4 → SITE (-2.60,-0.80)

======================================================================
Step 5500 (2.9 min) | Pickups: 20 | Deposits: 20 | Rate: 6.82 tags/min | phero_entries=17 phero_max=0.959
======================================================================
R1[T1][EXPLORE   ]: L=+1.00 R=+1.00 | carry=0 | base=0.48 ba=+0.12 | site=0 sd=0.00 sa=+0.00 | phero=0 pd=0.00 pa=+0.00 | srch=0.34 | wall=1.16
R2[T1][EXPLORE   ]: L=+1.00 R=+1.00 | carry=0 | base=0.81 ba=-0.03 | site=0 sd=0.00 sa=+0.00 | phero=0 pd=0.00 pa=+0.00 | srch=0.33 | wall=0.37
R3[T1][SITE      ]: L=+1.00 R=+0.81 | carry=0 | base=0.22 ba=-0.89 | site=1 sd=0.20 sa=+0.03 | phero=0 pd=0.00 pa=+0.00 | srch=0.10 | wall=2.42
R4[T1][BASE_ESC  ]: L=+1.00 R=+0.00 | carry=0 | base=0.05 ba=+0.26 | site=1 sd=0.50 sa=-0.76 | phero=0 pd=0.00 pa=+0.00 | srch=0.01 | wall=3.29

[PICKUP] Robot 1 picked up tag (density=12) | Total: 21
[PICKUP] Robot 3 picked up tag (density=11) | Total: 22

======================================================================
Step 6000 (3.2 min) | Pickups: 22 | Deposits: 20 | Rate: 6.25 tags/min | phero_entries=15 phero_max=0.431
======================================================================
R1[T1][RTB       ]: L=+1.00 R=+1.00 | carry=1 | base=0.11 ba=+0.00 | site=0 sd=0.00 sa=+0.00 | phero=0 pd=0.00 pa=+0.00 | srch=0.00 | wall=2.97
R2[T1][EXPLORE   ]: L=+1.00 R=+1.00 | carry=0 | base=0.42 ba=-0.05 | site=0 sd=0.00 sa=+0.00 | phero=0 pd=0.00 pa=+0.00 | srch=0.46 | wall=1.76
R3[T1][RTB       ]: L=+1.00 R=+1.00 | carry=1 | base=0.13 ba=-0.00 | site=0 sd=0.00 sa=+0.00 | phero=0 pd=0.00 pa=+0.00 | srch=0.00 | wall=2.87
R4[T1][SITE      ]: L=+1.00 R=+1.00 | carry=0 | base=0.35 ba=-0.98 | site=1 sd=0.21 sa=+0.12 | phero=0 pd=0.00 pa=+0.00 | srch=0.13 | wall=1.80

[DEPOSIT] Robot 1 deposited! Total: 21
  [PHERO] Laid at (0.23, 1.91) density=12 prob=1.00 total_entries=15
  [TARGET] Robot 1 → SITE (0.23,1.91)
[DEPOSIT] Robot 3 deposited! Total: 22
  [PHERO] Laid at (-0.27, -1.51) density=11 prob=1.00 total_entries=16
  [TARGET] Robot 3 → SITE (-0.27,-1.51)
[PICKUP] Robot 4 picked up tag (density=14) | Total: 23

======================================================================
Step 6500 (3.5 min) | Pickups: 23 | Deposits: 22 | Rate: 6.35 tags/min | phero_entries=14 phero_max=0.532
======================================================================
R1[T1][SITE      ]: L=+1.00 R=+0.97 | carry=0 | base=0.29 ba=+0.99 | site=1 sd=0.19 sa=-0.43 | phero=0 pd=0.00 pa=+0.00 | srch=0.11 | wall=2.16
R2[T1][EXPLORE   ]: L=+0.97 R=+1.00 | carry=0 | base=0.24 ba=-0.69 | site=0 sd=0.00 sa=+0.00 | phero=0 pd=0.00 pa=+0.00 | srch=0.58 | wall=2.35
R3[T1][SITE      ]: L=+0.66 R=+0.65 | carry=0 | base=0.21 ba=+0.95 | site=1 sd=0.10 sa=-0.03 | phero=0 pd=0.00 pa=+0.00 | srch=0.10 | wall=2.50
R4[T1][RTB       ]: L=+1.00 R=+1.00 | carry=1 | base=0.50 ba=+0.00 | site=0 sd=0.00 sa=+0.00 | phero=0 pd=0.00 pa=+0.00 | srch=0.00 | wall=1.16

[PICKUP] Robot 1 picked up tag (density=11) | Total: 24
[PICKUP] Robot 3 picked up tag (density=10) | Total: 25
[PICKUP] Robot 2 picked up tag (density=12) | Total: 26

======================================================================
Step 7000 (3.7 min) | Pickups: 26 | Deposits: 22 | Rate: 5.89 tags/min | phero_entries=12 phero_max=0.239
======================================================================
R1[T1][RTB       ]: L=+1.00 R=+1.00 | carry=1 | base=0.21 ba=-0.00 | site=0 sd=0.00 sa=+0.00 | phero=0 pd=0.00 pa=+0.00 | srch=0.00 | wall=2.46
R2[T1][RTB       ]: L=+0.31 R=+1.00 | carry=1 | base=0.54 ba=+0.26 | site=0 sd=0.00 sa=+0.00 | phero=0 pd=0.00 pa=+0.00 | srch=0.00 | wall=1.06
R3[T1][RTB       ]: L=+1.00 R=+0.99 | carry=1 | base=0.26 ba=-0.01 | site=0 sd=0.00 sa=+0.00 | phero=0 pd=0.00 pa=+0.00 | srch=0.00 | wall=2.25
R4[T1][RTB       ]: L=+1.00 R=+1.00 | carry=1 | base=0.11 ba=+0.00 | site=0 sd=0.00 sa=+0.00 | phero=0 pd=0.00 pa=+0.00 | srch=0.00 | wall=2.99

[DEPOSIT] Robot 4 deposited! Total: 23
  [PHERO] Laid at (-2.76, -0.76) density=14 prob=1.00 total_entries=12
  [TARGET] Robot 4 → SITE (-2.76,-0.76)
[DEPOSIT] Robot 1 deposited! Total: 24
  [PHERO] Laid at (-0.23, 1.92) density=11 prob=1.00 total_entries=13
  [TARGET] Robot 1 → SITE (-0.23,1.92)
[DEPOSIT] Robot 3 deposited! Total: 25
  [PHERO] Laid at (-0.27, -1.51) density=10 prob=1.00 total_entries=14
  [TARGET] Robot 3 → SITE (-0.27,-1.51)
[PICKUP] Robot 4 picked up tag (density=1) | Total: 27
[DEPOSIT] Robot 4 deposited! Total: 26
  [TARGET] Robot 4 → SITE (-0.54,-0.24)

======================================================================
Step 7500 (4.0 min) | Pickups: 27 | Deposits: 26 | Rate: 6.50 tags/min | phero_entries=12 phero_max=0.693
======================================================================
R1[T1][SITE      ]: L=+0.84 R=+1.00 | carry=0 | base=0.19 ba=+0.97 | site=1 sd=0.25 sa=+0.27 | phero=0 pd=0.00 pa=+0.00 | srch=0.07 | wall=2.65
R2[T1][RTB       ]: L=+1.00 R=+1.00 | carry=1 | base=0.17 ba=+0.00 | site=0 sd=0.00 sa=+0.00 | phero=0 pd=0.00 pa=+0.00 | srch=0.00 | wall=2.74
R3[T1][SITE      ]: L=+1.00 R=-0.11 | carry=0 | base=0.07 ba=+0.90 | site=1 sd=0.25 sa=-0.04 | phero=0 pd=0.00 pa=+0.00 | srch=0.06 | wall=3.19
R4[T1][BASE_ESC  ]: L=+0.00 R=+1.00 | carry=0 | base=0.05 ba=-0.07 | site=1 sd=0.07 sa=-0.95 | phero=0 pd=0.00 pa=+0.00 | srch=0.00 | wall=3.27

[DEPOSIT] Robot 2 deposited! Total: 27
  [PHERO] Laid at (-2.40, 1.14) density=12 prob=1.00 total_entries=13
  [TARGET] Robot 2 → SITE (-2.40,1.14)
[PICKUP] Robot 3 picked up tag (density=9) | Total: 28

======================================================================
Step 8000 (4.3 min) | Pickups: 28 | Deposits: 27 | Rate: 6.33 tags/min | phero_entries=11 phero_max=0.570
======================================================================
R1[T1][SITE      ]: L=+0.97 R=+1.00 | carry=0 | base=0.46 ba=+0.41 | site=1 sd=0.12 sa=+0.16 | phero=0 pd=0.00 pa=+0.00 | srch=0.20 | wall=1.22
R2[T1][SITE      ]: L=+1.00 R=+1.00 | carry=0 | base=0.23 ba=+0.98 | site=1 sd=0.37 sa=-0.32 | phero=0 pd=0.00 pa=+0.00 | srch=0.09 | wall=2.36
R3[T1][RTB       ]: L=+1.00 R=+0.00 | carry=1 | base=0.32 ba=-0.43 | site=0 sd=0.00 sa=+0.00 | phero=0 pd=0.00 pa=+0.00 | srch=0.00 | wall=1.93
R4[T1][EXPLORE   ]: L=+1.00 R=+1.00 | carry=0 | base=0.28 ba=+1.00 | site=0 sd=0.00 sa=+0.00 | phero=0 pd=0.00 pa=+0.00 | srch=0.13 | wall=2.49

[PICKUP] Robot 2 picked up tag (density=9) | Total: 29
[DEPOSIT] Robot 3 deposited! Total: 28
  [PHERO] Laid at (-0.28, -1.56) density=9 prob=1.00 total_entries=11
  [TARGET] Robot 3 → SITE (-0.28,-1.56)

======================================================================
Step 8500 (4.5 min) | Pickups: 29 | Deposits: 28 | Rate: 6.18 tags/min | phero_entries=9 phero_max=0.845
======================================================================
R1[T1][EXPLORE   ]: L=+1.00 R=+1.00 | carry=0 | base=0.15 ba=+0.10 | site=0 sd=0.00 sa=+0.00 | phero=0 pd=0.00 pa=+0.00 | srch=0.32 | wall=2.80
R2[T1][RTB       ]: L=+1.00 R=+1.00 | carry=1 | base=0.24 ba=-0.00 | site=0 sd=0.00 sa=+0.00 | phero=0 pd=0.00 pa=+0.00 | srch=0.00 | wall=2.30
R3[T1][BASE_ESC  ]: L=+0.33 R=+1.00 | carry=0 | base=0.05 ba=-0.85 | site=1 sd=0.27 sa=+0.26 | phero=0 pd=0.00 pa=+0.00 | srch=0.03 | wall=3.29
R4[T1][EXPLORE   ]: L=+1.00 R=+0.41 | carry=0 | base=0.51 ba=+0.03 | site=0 sd=0.00 sa=+0.00 | phero=0 pd=0.00 pa=+0.00 | srch=0.25 | wall=1.29

[DEPOSIT] Robot 2 deposited! Total: 29
  [PHERO] Laid at (-1.90, -0.22) density=9 prob=1.00 total_entries=10
  [TARGET] Robot 2 → SITE (-1.90,-0.22)
[PICKUP] Robot 3 picked up tag (density=8) | Total: 30

======================================================================
Step 9000 (4.8 min) | Pickups: 30 | Deposits: 29 | Rate: 6.04 tags/min | phero_entries=10 phero_max=0.707
======================================================================
R1[T1][EXPLORE   ]: L=+1.00 R=+1.00 | carry=0 | base=0.26 ba=+0.97 | site=0 sd=0.00 sa=+0.00 | phero=0 pd=0.00 pa=+0.00 | srch=0.45 | wall=2.44
R2[T1][SITE      ]: L=+1.00 R=+1.00 | carry=0 | base=0.13 ba=+0.96 | site=1 sd=0.27 sa=-0.25 | phero=0 pd=0.00 pa=+0.00 | srch=0.05 | wall=2.93
R3[T1][RTB       ]: L=+1.00 R=+0.52 | carry=1 | base=0.32 ba=-0.20 | site=0 sd=0.00 sa=+0.00 | phero=0 pd=0.00 pa=+0.00 | srch=0.00 | wall=1.93
R4[T1][EXPLORE   ]: L=+1.00 R=+0.89 | carry=0 | base=0.29 ba=+0.85 | site=0 sd=0.00 sa=+0.00 | phero=0 pd=0.00 pa=+0.00 | srch=0.38 | wall=2.15

[DEPOSIT] Robot 3 deposited! Total: 30
  [PHERO] Laid at (-0.27, -1.59) density=8 prob=1.00 total_entries=11
  [TARGET] Robot 3 → SITE (-0.27,-1.59)
[GIVE-UP] R4 giving up after 1979 steps

======================================================================
Step 9500 (5.1 min) | Pickups: 30 | Deposits: 30 | Rate: 5.92 tags/min | phero_entries=10 phero_max=0.804
======================================================================
R1[T1][EXPLORE   ]: L=+1.00 R=+1.00 | carry=0 | base=0.64 ba=+0.97 | site=0 sd=0.00 sa=+0.00 | phero=0 pd=0.00 pa=+0.00 | srch=0.57 | wall=0.99
R2[T1][SITE      ]: L=+1.00 R=+0.26 | carry=0 | base=0.42 ba=-0.54 | site=1 sd=0.05 sa=-0.30 | phero=0 pd=0.00 pa=+0.00 | srch=0.18 | wall=1.46
R3[T1][SITE      ]: L=+0.99 R=+1.00 | carry=0 | base=0.06 ba=+0.99 | site=1 sd=0.27 sa=+0.12 | phero=0 pd=0.00 pa=+0.00 | srch=0.03 | wall=3.23
R4[T1][GIVE_UP   ]: L=+0.00 R=+1.00 | carry=0 | base=0.40 ba=+0.71 | site=0 sd=0.00 sa=+0.00 | phero=0 pd=0.00 pa=+0.00 | srch=0.50 | wall=1.80

[GIVE-UP] R4 giving up after 2057 steps
[PICKUP] Robot 2 picked up tag (density=8) | Total: 31
[PICKUP] Robot 3 picked up tag (density=7) | Total: 32

======================================================================
Step 10000 (5.3 min) | Pickups: 32 | Deposits: 30 | Rate: 5.62 tags/min | phero_entries=9 phero_max=0.361
======================================================================
R1[T1][EXPLORE   ]: L=+1.00 R=+1.00 | carry=0 | base=0.78 ba=+0.41 | site=0 sd=0.00 sa=+0.00 | phero=0 pd=0.00 pa=+0.00 | srch=0.70 | wall=0.57
R2[T1][RTB       ]: L=+1.00 R=+1.00 | carry=1 | base=0.08 ba=-0.00 | site=0 sd=0.00 sa=+0.00 | phero=0 pd=0.00 pa=+0.00 | srch=0.00 | wall=3.08
R3[T1][RTB       ]: L=+0.94 R=+1.00 | carry=1 | base=0.30 ba=+0.02 | site=0 sd=0.00 sa=+0.00 | phero=0 pd=0.00 pa=+0.00 | srch=0.00 | wall=2.04
R4[T1][GIVE_UP   ]: L=+1.00 R=+1.00 | carry=0 | base=0.07 ba=+0.00 | site=0 sd=0.00 sa=+0.00 | phero=0 pd=0.00 pa=+0.00 | srch=0.63 | wall=3.17

[EMPTY_RTN] R4 → phero(-0.27,-1.59)
[DEPOSIT] Robot 2 deposited! Total: 31
  [PHERO] Laid at (-1.91, -0.18) density=8 prob=1.00 total_entries=10
  [TARGET] Robot 2 → SITE (-1.91,-0.18)
[DEPOSIT] Robot 3 deposited! Total: 32
  [PHERO] Laid at (-0.28, -1.59) density=7 prob=0.99 total_entries=11
  [TARGET] Robot 3 → SITE (-0.28,-1.59)

======================================================================
Step 10500 (5.6 min) | Pickups: 32 | Deposits: 32 | Rate: 5.71 tags/min | phero_entries=9 phero_max=0.749
======================================================================
R1[T1][EXPLORE   ]: L=+1.00 R=+1.00 | carry=0 | base=0.51 ba=+0.06 | site=0 sd=0.00 sa=+0.00 | phero=0 pd=0.00 pa=+0.00 | srch=0.82 | wall=1.18
R2[T1][SITE      ]: L=+1.00 R=+1.00 | carry=0 | base=0.30 ba=+0.90 | site=1 sd=0.09 sa=-0.02 | phero=0 pd=0.00 pa=+0.00 | srch=0.11 | wall=2.01
R3[T1][SITE      ]: L=+1.00 R=+0.64 | carry=0 | base=0.10 ba=-0.90 | site=1 sd=0.24 sa=-0.06 | phero=0 pd=0.00 pa=+0.00 | srch=0.05 | wall=3.03
R4[T1][PHERO     ]: L=+0.22 R=+0.23 | carry=0 | base=0.22 ba=-0.99 | site=0 sd=0.00 sa=+0.00 | phero=1 pd=0.11 pa=+0.09 | srch=0.12 | wall=2.44

[PICKUP] Robot 2 picked up tag (density=7) | Total: 33
[PICKUP] Robot 4 picked up tag (density=6) | Total: 34
[DEPOSIT] Robot 2 deposited! Total: 33
  [PHERO] Laid at (-1.57, -0.08) density=7 prob=0.99 total_entries=10
  [TARGET] Robot 2 → SITE (-1.57,-0.08)

======================================================================
Step 11000 (5.9 min) | Pickups: 34 | Deposits: 33 | Rate: 5.62 tags/min | phero_entries=10 phero_max=0.965
======================================================================
R1[T1][EXPLORE   ]: L=+1.00 R=+1.00 | carry=0 | base=0.15 ba=+0.19 | site=0 sd=0.00 sa=+0.00 | phero=0 pd=0.00 pa=+0.00 | srch=0.95 | wall=2.78
R2[T1][BASE_ESC  ]: L=+1.00 R=+0.00 | carry=0 | base=0.05 ba=+0.26 | site=1 sd=0.27 sa=-0.78 | phero=0 pd=0.00 pa=+0.00 | srch=0.01 | wall=3.28
R3[T1][SITE      ]: L=+0.56 R=+0.52 | carry=0 | base=0.23 ba=-0.94 | site=1 sd=0.11 sa=-0.06 | phero=0 pd=0.00 pa=+0.00 | srch=0.17 | wall=2.38
R4[T1][RTB       ]: L=+1.00 R=+1.00 | carry=1 | base=0.18 ba=+0.00 | site=0 sd=0.00 sa=+0.00 | phero=0 pd=0.00 pa=+0.00 | srch=0.00 | wall=2.63

[DEPOSIT] Robot 4 deposited! Total: 34
  [PHERO] Laid at (-0.43, -1.59) density=6 prob=0.97 total_entries=11
  [TARGET] Robot 4 → SITE (-0.43,-1.59)
[PICKUP] Robot 3 picked up tag (density=5) | Total: 35
[PICKUP] Robot 2 picked up tag (density=6) | Total: 36

======================================================================
Step 11500 (6.1 min) | Pickups: 36 | Deposits: 34 | Rate: 5.54 tags/min | phero_entries=10 phero_max=0.586
======================================================================
R1[T1][EXPLORE   ]: L=+0.97 R=+1.00 | carry=0 | base=0.08 ba=-0.03 | site=0 sd=0.00 sa=+0.00 | phero=0 pd=0.00 pa=+0.00 | srch=1.00 | wall=3.14
R2[T1][RTB       ]: L=+0.00 R=+1.00 | carry=1 | base=0.32 ba=+0.66 | site=0 sd=0.00 sa=+0.00 | phero=0 pd=0.00 pa=+0.00 | srch=0.00 | wall=1.91
R3[T1][RTB       ]: L=+1.00 R=+0.58 | carry=1 | base=0.33 ba=-0.16 | site=0 sd=0.00 sa=+0.00 | phero=0 pd=0.00 pa=+0.00 | srch=0.00 | wall=1.89
R4[T1][SITE      ]: L=+1.00 R=+1.00 | carry=0 | base=0.17 ba=-0.96 | site=1 sd=0.17 sa=+0.10 | phero=0 pd=0.00 pa=+0.00 | srch=0.08 | wall=2.72

[DEPOSIT] Robot 3 deposited! Total: 35
  [PHERO] Laid at (-0.32, -1.66) density=5 prob=0.92 total_entries=9
  [TARGET] Robot 3 → SITE (-0.32,-1.66)
[DEPOSIT] Robot 2 deposited! Total: 36
  [PHERO] Laid at (-1.58, 0.05) density=6 prob=0.97 total_entries=10
  [TARGET] Robot 2 → SITE (-1.58,0.05)

======================================================================
Step 12000 (6.4 min) | Pickups: 36 | Deposits: 36 | Rate: 5.62 tags/min | phero_entries=9 phero_max=0.888
======================================================================
R1[T1][EXPLORE   ]: L=+1.00 R=+1.00 | carry=0 | base=0.33 ba=+0.98 | site=0 sd=0.00 sa=+0.00 | phero=0 pd=0.00 pa=+0.00 | srch=1.00 | wall=2.21
R2[T1][BASE_ESC  ]: L=+1.00 R=+0.00 | carry=0 | base=0.04 ba=+0.61 | site=1 sd=0.28 sa=-0.47 | phero=0 pd=0.00 pa=+0.00 | srch=0.02 | wall=3.28
R3[T1][SITE      ]: L=+0.74 R=+1.00 | carry=0 | base=0.06 ba=-0.97 | site=1 sd=0.29 sa=+0.15 | phero=0 pd=0.00 pa=+0.00 | srch=0.03 | wall=3.25
R4[T1][EXPLORE   ]: L=+1.00 R=+0.34 | carry=0 | base=0.33 ba=+0.73 | site=0 sd=0.00 sa=+0.00 | phero=0 pd=0.00 pa=+0.00 | srch=0.21 | wall=1.91

[PICKUP] Robot 4 picked up tag (density=4) | Total: 37
[PICKUP] Robot 2 picked up tag (density=5) | Total: 38
[GIVE-UP] R1 giving up after 5251 steps
[DEPOSIT] Robot 4 deposited! Total: 37
  [PHERO] Laid at (-0.22, -1.67) density=4 prob=0.82 total_entries=10
  [TARGET] Robot 4 → SITE (-0.22,-1.67)

======================================================================
Step 12500 (6.7 min) | Pickups: 38 | Deposits: 37 | Rate: 5.55 tags/min | phero_entries=10 phero_max=0.997
======================================================================
R1[T1][GIVE_UP   ]: L=+0.00 R=+1.00 | carry=0 | base=0.69 ba=+0.61 | site=0 sd=0.00 sa=+0.00 | phero=0 pd=0.00 pa=+0.00 | srch=1.00 | wall=0.73
R2[T1][RTB       ]: L=+1.00 R=+0.49 | carry=1 | base=0.31 ba=-0.20 | site=0 sd=0.00 sa=+0.00 | phero=0 pd=0.00 pa=+0.00 | srch=0.00 | wall=1.95
R3[T1][SITE      ]: L=+0.42 R=+0.37 | carry=0 | base=0.30 ba=-0.98 | site=1 sd=0.04 sa=-0.01 | phero=0 pd=0.00 pa=+0.00 | srch=0.16 | wall=2.02
R4[T1][BASE_ESC  ]: L=+1.00 R=+0.00 | carry=0 | base=0.05 ba=+0.02 | site=1 sd=0.29 sa=+0.99 | phero=0 pd=0.00 pa=+0.00 | srch=0.00 | wall=3.26

[PICKUP] Robot 3 picked up tag (density=3) | Total: 39
[DEPOSIT] Robot 2 deposited! Total: 38
  [PHERO] Laid at (-1.58, 0.04) density=5 prob=0.92 total_entries=10
  [TARGET] Robot 2 → SITE (-1.58,0.04)

======================================================================
Step 13000 (6.9 min) | Pickups: 39 | Deposits: 38 | Rate: 5.48 tags/min | phero_entries=10 phero_max=0.787
======================================================================
R1[T1][GIVE_UP   ]: L=+1.00 R=+1.00 | carry=0 | base=0.36 ba=+0.00 | site=0 sd=0.00 sa=+0.00 | phero=0 pd=0.00 pa=+0.00 | srch=1.00 | wall=2.05
R2[T1][SITE      ]: L=+0.96 R=+1.00 | carry=0 | base=0.08 ba=-0.99 | site=1 sd=0.25 sa=+0.17 | phero=0 pd=0.00 pa=+0.00 | srch=0.04 | wall=3.14
R3[T1][RTB       ]: L=+1.00 R=+1.00 | carry=1 | base=0.10 ba=+0.00 | site=0 sd=0.00 sa=+0.00 | phero=0 pd=0.00 pa=+0.00 | srch=0.00 | wall=2.99
R4[T1][SITE      ]: L=+0.80 R=+0.92 | carry=0 | base=0.32 ba=+0.88 | site=1 sd=0.03 sa=+0.11 | phero=0 pd=0.00 pa=+0.00 | srch=0.13 | wall=1.95

[PICKUP] Robot 4 picked up tag (density=2) | Total: 40
[DEPOSIT] Robot 3 deposited! Total: 39
  [TARGET] Robot 3 → SITE (-0.34,-1.67)
[GIVE-UP] R1 giving up after 5953 steps
[PICKUP] Robot 2 picked up tag (density=4) | Total: 41
[EMPTY_RTN] R1 → phero(-0.22,-1.67)

======================================================================
Step 13500 (7.2 min) | Pickups: 41 | Deposits: 39 | Rate: 5.42 tags/min | phero_entries=9 phero_max=0.353
======================================================================
R1[T1][BASE_ESC  ]: L=+1.00 R=+0.42 | carry=0 | base=0.05 ba=+0.87 | site=0 sd=0.00 sa=+0.00 | phero=1 pd=0.39 pa=+0.93 | srch=0.03 | wall=3.27
R2[T1][RTB       ]: L=+0.94 R=+1.00 | carry=1 | base=0.31 ba=+0.02 | site=0 sd=0.00 sa=+0.00 | phero=0 pd=0.00 pa=+0.00 | srch=0.00 | wall=1.98
R3[T1][SITE      ]: L=-0.17 R=-1.00 | carry=0 | base=0.05 ba=-0.86 | site=1 sd=0.30 sa=-0.01 | phero=0 pd=0.00 pa=+0.00 | srch=0.11 | wall=3.25
R4[T1][RTB       ]: L=+1.00 R=+1.00 | carry=1 | base=0.09 ba=+0.00 | site=0 sd=0.00 sa=+0.00 | phero=0 pd=0.00 pa=+0.00 | srch=0.00 | wall=3.07

[DEPOSIT] Robot 4 deposited! Total: 40
  [TARGET] Robot 4 → SITE (-0.17,-1.75)
[DEPOSIT] Robot 2 deposited! Total: 41
  [PHERO] Laid at (-1.69, 0.17) density=4 prob=0.82 total_entries=9
  [TARGET] Robot 2 → SITE (-1.69,0.17)

======================================================================
Step 14000 (7.5 min) | Pickups: 41 | Deposits: 41 | Rate: 5.49 tags/min | phero_entries=9 phero_max=0.763
======================================================================
R1[T1][PHERO     ]: L=+1.00 R=+1.00 | carry=0 | base=0.26 ba=+0.74 | site=0 sd=0.00 sa=+0.00 | phero=1 pd=0.32 pa=+0.35 | srch=0.15 | wall=2.29
R2[T1][SITE      ]: L=+1.00 R=+0.98 | carry=0 | base=0.08 ba=-0.87 | site=1 sd=0.27 sa=+0.04 | phero=0 pd=0.00 pa=+0.00 | srch=0.04 | wall=3.12
R3[T1][SITE      ]: L=+0.02 R=+0.01 | carry=0 | base=0.07 ba=-0.75 | site=1 sd=0.28 sa=+0.14 | phero=0 pd=0.00 pa=+0.00 | srch=0.23 | wall=3.15
R4[T1][SITE      ]: L=+1.00 R=+1.00 | carry=0 | base=0.14 ba=-0.86 | site=1 sd=0.22 sa=+0.13 | phero=0 pd=0.00 pa=+0.00 | srch=0.11 | wall=2.81

[PICKUP] Robot 4 picked up tag (density=1) | Total: 42
[PICKUP] Robot 2 picked up tag (density=3) | Total: 43

======================================================================
Step 14500 (7.7 min) | Pickups: 43 | Deposits: 41 | Rate: 5.30 tags/min | phero_entries=8 phero_max=0.343
======================================================================
R1[T1][PHERO     ]: L=+1.00 R=+1.00 | carry=0 | base=0.58 ba=+0.87 | site=0 sd=0.00 sa=+0.00 | phero=1 pd=0.34 pa=+0.69 | srch=0.28 | wall=1.28
R2[T1][RTB       ]: L=+0.76 R=+1.00 | carry=1 | base=0.33 ba=+0.09 | site=0 sd=0.00 sa=+0.00 | phero=0 pd=0.00 pa=+0.00 | srch=0.00 | wall=1.85
R3[T1][SITE      ]: L=-0.02 R=-0.74 | carry=0 | base=0.05 ba=-0.73 | site=1 sd=0.31 sa=+0.04 | phero=0 pd=0.00 pa=+0.00 | srch=0.36 | wall=3.27
R4[T1][RTB       ]: L=+0.72 R=+1.00 | carry=1 | base=0.37 ba=+0.12 | site=0 sd=0.00 sa=+0.00 | phero=0 pd=0.00 pa=+0.00 | srch=0.00 | wall=1.68

[DEPOSIT] Robot 2 deposited! Total: 42
  [TARGET] Robot 2 → SITE (-1.74,0.13)
[DEPOSIT] Robot 4 deposited! Total: 43
  [TARGET] Robot 4 → PHERO (-1.69,0.17)

======================================================================
Step 15000 (8.0 min) | Pickups: 43 | Deposits: 43 | Rate: 5.38 tags/min | phero_entries=7 phero_max=0.154
======================================================================
R1[T1][PHERO     ]: L=+0.54 R=+1.00 | carry=0 | base=0.68 ba=+0.16 | site=0 sd=0.00 sa=+0.00 | phero=1 pd=0.38 pa=+0.05 | srch=0.40 | wall=0.57
R2[T1][SITE      ]: L=+1.00 R=+0.08 | carry=0 | base=0.06 ba=-0.98 | site=1 sd=0.29 sa=-0.12 | phero=0 pd=0.00 pa=+0.00 | srch=0.03 | wall=3.21
R3[T1][SITE      ]: L=+1.00 R=+0.25 | carry=0 | base=0.10 ba=-0.73 | site=1 sd=0.26 sa=+0.12 | phero=0 pd=0.00 pa=+0.00 | srch=0.48 | wall=3.03
R4[T1][BASE_ESC  ]: L=+1.00 R=+0.00 | carry=0 | base=0.05 ba=+0.71 | site=0 sd=0.00 sa=+0.00 | phero=1 pd=0.36 pa=-0.91 | srch=0.02 | wall=3.28

[PICKUP] Robot 2 picked up tag (density=2) | Total: 44

======================================================================
Step 15500 (8.3 min) | Pickups: 44 | Deposits: 43 | Rate: 5.20 tags/min | phero_entries=5 phero_max=0.069
======================================================================
R1[T1][PHERO     ]: L=+1.00 R=+0.83 | carry=0 | base=0.33 ba=+0.21 | site=0 sd=0.00 sa=+0.00 | phero=1 pd=0.02 pa=-0.45 | srch=0.53 | wall=1.89
R2[T1][RTB       ]: L=+0.27 R=+1.00 | carry=1 | base=0.36 ba=+0.30 | site=0 sd=0.00 sa=+0.00 | phero=0 pd=0.00 pa=+0.00 | srch=0.00 | wall=1.74
R3[T1][SITE      ]: L=+0.28 R=+0.59 | carry=0 | base=0.23 ba=+0.96 | site=1 sd=0.12 sa=+0.01 | phero=0 pd=0.00 pa=+0.00 | srch=0.61 | wall=2.40
R4[T1][PHERO     ]: L=+1.00 R=-0.11 | carry=0 | base=0.05 ba=-0.49 | site=0 sd=0.00 sa=+0.00 | phero=1 pd=0.32 pa=+0.11 | srch=0.15 | wall=3.29

[DEPOSIT] Robot 2 deposited! Total: 44
  [TARGET] Robot 2 → SITE (-1.74,0.13)

======================================================================
Step 16000 (8.5 min) | Pickups: 44 | Deposits: 44 | Rate: 5.16 tags/min | phero_entries=5 phero_max=0.031
======================================================================
R1[T1][EXPLORE   ]: L=+1.00 R=+1.00 | carry=0 | base=0.25 ba=+0.26 | site=0 sd=0.00 sa=+0.00 | phero=0 pd=0.00 pa=+0.00 | srch=0.65 | wall=2.27
R2[T1][BASE_ESC  ]: L=+1.00 R=+0.00 | carry=0 | base=0.05 ba=+0.67 | site=1 sd=0.31 sa=-0.41 | phero=0 pd=0.00 pa=+0.00 | srch=0.02 | wall=3.28
R3[T1][EXPLORE   ]: L=+1.00 R=+1.00 | carry=0 | base=0.43 ba=+0.98 | site=0 sd=0.00 sa=+0.00 | phero=0 pd=0.00 pa=+0.00 | srch=0.73 | wall=1.42
R4[T1][PHERO     ]: L=+0.62 R=+0.60 | carry=0 | base=0.22 ba=+0.67 | site=0 sd=0.00 sa=+0.00 | phero=1 pd=0.16 pa=-0.07 | srch=0.27 | wall=2.53

[PICKUP] Robot 2 picked up tag (density=1) | Total: 45

======================================================================
Step 16500 (8.8 min) | Pickups: 45 | Deposits: 44 | Rate: 5.00 tags/min | phero_entries=3 phero_max=0.014
======================================================================
R1[T1][EXPLORE   ]: L=+1.00 R=+1.00 | carry=0 | base=0.28 ba=+0.78 | site=0 sd=0.00 sa=+0.00 | phero=0 pd=0.00 pa=+0.00 | srch=0.78 | wall=2.13
R2[T1][RTB       ]: L=+1.00 R=+0.16 | carry=1 | base=0.35 ba=-0.34 | site=0 sd=0.00 sa=+0.00 | phero=0 pd=0.00 pa=+0.00 | srch=0.00 | wall=1.76
R3[T1][EXPLORE   ]: L=+1.00 R=+1.00 | carry=0 | base=0.57 ba=+0.10 | site=0 sd=0.00 sa=+0.00 | phero=0 pd=0.00 pa=+0.00 | srch=0.86 | wall=0.69
R4[T1][EXPLORE   ]: L=+1.00 R=+0.85 | carry=0 | base=0.42 ba=-0.42 | site=0 sd=0.00 sa=+0.00 | phero=0 pd=0.00 pa=+0.00 | srch=0.40 | wall=1.50

[PICKUP] Robot 1 picked up tag (density=12) | Total: 46
[DEPOSIT] Robot 2 deposited! Total: 45
  [TARGET] Robot 2 → SITE (-1.73,0.03)

======================================================================
Step 17000 (9.1 min) | Pickups: 46 | Deposits: 45 | Rate: 4.96 tags/min | phero_entries=2 phero_max=0.006
======================================================================
R1[T1][RTB       ]: L=+1.00 R=+1.00 | carry=1 | base=0.06 ba=+0.00 | site=0 sd=0.00 sa=+0.00 | phero=0 pd=0.00 pa=+0.00 | srch=0.00 | wall=3.21
R2[T1][BASE_ESC  ]: L=+0.00 R=+1.00 | carry=0 | base=0.05 ba=-0.69 | site=1 sd=0.31 sa=+0.39 | phero=0 pd=0.00 pa=+0.00 | srch=0.02 | wall=3.28
R3[T1][EXPLORE   ]: L=+1.00 R=+1.00 | carry=0 | base=0.23 ba=+0.20 | site=0 sd=0.00 sa=+0.00 | phero=0 pd=0.00 pa=+0.00 | srch=0.98 | wall=2.45
R4[T1][EXPLORE   ]: L=+1.00 R=+1.00 | carry=0 | base=0.29 ba=-0.58 | site=0 sd=0.00 sa=+0.00 | phero=0 pd=0.00 pa=+0.00 | srch=0.52 | wall=2.12

[DEPOSIT] Robot 1 deposited! Total: 46
  [PHERO] Laid at (1.55, 0.42) density=12 prob=1.00 total_entries=3
  [TARGET] Robot 1 → SITE (1.55,0.42)
[PICKUP] Robot 4 picked up tag (density=10) | Total: 47
[DEPOSIT] Robot 4 deposited! Total: 47
  [PHERO] Laid at (-0.04, 1.54) density=10 prob=1.00 total_entries=3
  [TARGET] Robot 4 → SITE (-0.04,1.54)

======================================================================
Step 17500 (9.3 min) | Pickups: 47 | Deposits: 47 | Rate: 5.04 tags/min | phero_entries=3 phero_max=0.987
======================================================================
R1[T1][SITE      ]: L=+1.00 R=+0.84 | carry=0 | base=0.23 ba=-0.92 | site=1 sd=0.09 sa=+0.04 | phero=0 pd=0.00 pa=+0.00 | srch=0.12 | wall=2.40
R2[T1][EXPLORE   ]: L=+1.00 R=-0.53 | carry=0 | base=0.35 ba=-0.82 | site=0 sd=0.00 sa=+0.00 | phero=0 pd=0.00 pa=+0.00 | srch=0.15 | wall=1.78
R3[T1][EXPLORE   ]: L=+0.12 R=+0.69 | carry=0 | base=0.17 ba=-0.86 | site=0 sd=0.00 sa=+0.00 | phero=0 pd=0.00 pa=+0.00 | srch=1.00 | wall=2.83
R4[T1][BASE_ESC  ]: L=+0.00 R=+1.00 | carry=0 | base=0.05 ba=-0.14 | site=1 sd=0.26 sa=+0.89 | phero=0 pd=0.00 pa=+0.00 | srch=0.00 | wall=3.27

[PICKUP] Robot 1 picked up tag (density=12) | Total: 48
[PICKUP] Robot 4 picked up tag (density=9) | Total: 49

======================================================================
Step 18000 (9.6 min) | Pickups: 49 | Deposits: 47 | Rate: 4.90 tags/min | phero_entries=3 phero_max=0.444
======================================================================
R1[T1][RTB       ]: L=+1.00 R=+1.00 | carry=1 | base=0.12 ba=+0.00 | site=0 sd=0.00 sa=+0.00 | phero=0 pd=0.00 pa=+0.00 | srch=0.00 | wall=2.91
R2[T1][BASE_ESC  ]: L=+0.00 R=+1.00 | carry=0 | base=0.05 ba=-0.46 | site=0 sd=0.00 sa=+0.00 | phero=0 pd=0.00 pa=+0.00 | srch=0.27 | wall=3.30
R3[T1][EXPLORE   ]: L=+0.53 R=+1.00 | carry=0 | base=0.48 ba=+0.75 | site=0 sd=0.00 sa=+0.00 | phero=0 pd=0.00 pa=+0.00 | srch=1.00 | wall=1.36
R4[T1][RTB       ]: L=+0.00 R=+1.00 | carry=1 | base=0.31 ba=+0.50 | site=0 sd=0.00 sa=+0.00 | phero=0 pd=0.00 pa=+0.00 | srch=0.00 | wall=1.95

[DEPOSIT] Robot 1 deposited! Total: 48
  [PHERO] Laid at (1.55, 0.38) density=12 prob=1.00 total_entries=4
  [TARGET] Robot 1 → SITE (1.55,0.38)
[DEPOSIT] Robot 4 deposited! Total: 49
  [PHERO] Laid at (-0.02, 1.53) density=9 prob=1.00 total_entries=4
  [TARGET] Robot 4 → SITE (-0.02,1.53)

======================================================================
Step 18500 (9.9 min) | Pickups: 49 | Deposits: 49 | Rate: 4.97 tags/min | phero_entries=4 phero_max=0.844
======================================================================
R1[T1][SITE      ]: L=+1.00 R=+1.00 | carry=0 | base=0.24 ba=-0.91 | site=1 sd=0.08 sa=+0.05 | phero=0 pd=0.00 pa=+0.00 | srch=0.10 | wall=2.35
R2[T1][EXPLORE   ]: L=+1.00 R=+1.00 | carry=0 | base=0.39 ba=-0.94 | site=0 sd=0.00 sa=+0.00 | phero=0 pd=0.00 pa=+0.00 | srch=0.40 | wall=1.77
R3[T1][EXPLORE   ]: L=+1.00 R=+1.00 | carry=0 | base=0.41 ba=+0.30 | site=0 sd=0.00 sa=+0.00 | phero=0 pd=0.00 pa=+0.00 | srch=1.00 | wall=1.52
R4[T1][BASE_ESC  ]: L=+1.00 R=+0.45 | carry=0 | base=0.05 ba=+0.88 | site=1 sd=0.26 sa=-0.24 | phero=0 pd=0.00 pa=+0.00 | srch=0.03 | wall=3.27

[PICKUP] Robot 3 picked up tag (density=9) | Total: 50
[PICKUP] Robot 1 picked up tag (density=11) | Total: 51
[PICKUP] Robot 4 picked up tag (density=8) | Total: 52

======================================================================
Step 19000 (10.1 min) | Pickups: 52 | Deposits: 49 | Rate: 4.84 tags/min | phero_entries=4 phero_max=0.379
======================================================================
R1[T1][RTB       ]: L=+1.00 R=+1.00 | carry=1 | base=0.15 ba=+0.00 | site=0 sd=0.00 sa=+0.00 | phero=0 pd=0.00 pa=+0.00 | srch=0.00 | wall=2.81
R2[T1][WALL_ESC  ]: L=+1.00 R=+0.60 | carry=0 | base=0.68 ba=-0.10 | site=0 sd=0.00 sa=+0.00 | phero=0 pd=0.00 pa=+0.00 | srch=0.52 | wall=0.34
R3[T1][RTB       ]: L=+1.00 R=+1.00 | carry=1 | base=0.06 ba=+0.00 | site=0 sd=0.00 sa=+0.00 | phero=0 pd=0.00 pa=+0.00 | srch=0.00 | wall=3.23
R4[T1][RTB       ]: L=+0.84 R=+1.00 | carry=1 | base=0.29 ba=+0.06 | site=0 sd=0.00 sa=+0.00 | phero=0 pd=0.00 pa=+0.00 | srch=0.00 | wall=2.07

[DEPOSIT] Robot 3 deposited! Total: 50
  [PHERO] Laid at (1.93, -0.37) density=9 prob=1.00 total_entries=5
  [TARGET] Robot 3 → SITE (1.93,-0.37)
[DEPOSIT] Robot 1 deposited! Total: 51
  [PHERO] Laid at (1.59, 0.38) density=11 prob=1.00 total_entries=6
  [TARGET] Robot 1 → SITE (1.59,0.38)
[DEPOSIT] Robot 4 deposited! Total: 52
  [PHERO] Laid at (0.03, 1.54) density=8 prob=1.00 total_entries=7
  [TARGET] Robot 4 → SITE (0.03,1.54)

======================================================================
Step 19500 (10.4 min) | Pickups: 52 | Deposits: 52 | Rate: 5.00 tags/min | phero_entries=7 phero_max=0.739
======================================================================
R1[T1][SITE      ]: L=+1.00 R=+0.98 | carry=0 | base=0.22 ba=-0.82 | site=1 sd=0.12 sa=+0.01 | phero=0 pd=0.00 pa=+0.00 | srch=0.09 | wall=2.53
R2[T1][EXPLORE   ]: L=+1.00 R=+1.00 | carry=0 | base=0.41 ba=-0.37 | site=0 sd=0.00 sa=+0.00 | phero=0 pd=0.00 pa=+0.00 | srch=0.65 | wall=1.48
R3[T1][SITE      ]: L=+0.64 R=+0.65 | carry=0 | base=0.23 ba=-0.96 | site=1 sd=0.17 sa=+0.05 | phero=0 pd=0.00 pa=+0.00 | srch=0.12 | wall=2.40
R4[T1][SITE      ]: L=+1.00 R=+0.98 | carry=0 | base=0.10 ba=-0.91 | site=1 sd=0.22 sa=+0.00 | phero=0 pd=0.00 pa=+0.00 | srch=0.05 | wall=3.03

[PICKUP] Robot 1 picked up tag (density=11) | Total: 53
[PICKUP] Robot 3 picked up tag (density=8) | Total: 54
[PICKUP] Robot 4 picked up tag (density=7) | Total: 55

======================================================================
Step 20000 (10.7 min) | Pickups: 55 | Deposits: 52 | Rate: 4.88 tags/min | phero_entries=7 phero_max=0.332
======================================================================
R1[T1][RTB       ]: L=+1.00 R=+1.00 | carry=1 | base=0.18 ba=-0.00 | site=0 sd=0.00 sa=+0.00 | phero=0 pd=0.00 pa=+0.00 | srch=0.00 | wall=2.63
R2[T1][EXPLORE   ]: L=+1.00 R=+1.00 | carry=0 | base=0.24 ba=-0.42 | site=0 sd=0.00 sa=+0.00 | phero=0 pd=0.00 pa=+0.00 | srch=0.77 | wall=2.41
R3[T1][RTB       ]: L=+1.00 R=+1.00 | carry=1 | base=0.21 ba=+0.00 | site=0 sd=0.00 sa=+0.00 | phero=0 pd=0.00 pa=+0.00 | srch=0.00 | wall=2.47
R4[T1][RTB       ]: L=+1.00 R=+1.00 | carry=1 | base=0.26 ba=+0.00 | site=0 sd=0.00 sa=+0.00 | phero=0 pd=0.00 pa=+0.00 | srch=0.00 | wall=2.22

[DEPOSIT] Robot 1 deposited! Total: 53
  [PHERO] Laid at (1.63, 0.37) density=11 prob=1.00 total_entries=8
  [TARGET] Robot 1 → SITE (1.63,0.37)
[DEPOSIT] Robot 3 deposited! Total: 54
  [PHERO] Laid at (1.65, -0.37) density=8 prob=1.00 total_entries=9
  [TARGET] Robot 3 → SITE (1.65,-0.37)
[DEPOSIT] Robot 4 deposited! Total: 55
  [PHERO] Laid at (0.03, 1.62) density=7 prob=0.99 total_entries=10
  [TARGET] Robot 4 → SITE (0.03,1.62)

======================================================================
Step 20500 (10.9 min) | Pickups: 55 | Deposits: 55 | Rate: 5.03 tags/min | phero_entries=10 phero_max=0.692
======================================================================
R1[T1][SITE      ]: L=+1.00 R=+1.00 | carry=0 | base=0.22 ba=+1.00 | site=1 sd=0.14 sa=+0.23 | phero=0 pd=0.00 pa=+0.00 | srch=0.08 | wall=2.43
R2[T1][EXPLORE   ]: L=+1.00 R=+1.00 | carry=0 | base=0.30 ba=-0.66 | site=0 sd=0.00 sa=+0.00 | phero=0 pd=0.00 pa=+0.00 | srch=0.90 | wall=2.22
R3[T1][SITE      ]: L=+0.94 R=+0.95 | carry=0 | base=0.18 ba=+0.95 | site=1 sd=0.17 sa=+0.08 | phero=0 pd=0.00 pa=+0.00 | srch=0.07 | wall=2.68
R4[T1][SITE      ]: L=+1.00 R=+0.97 | carry=0 | base=0.13 ba=-0.94 | site=1 sd=0.20 sa=-0.05 | phero=0 pd=0.00 pa=+0.00 | srch=0.06 | wall=2.85

[PICKUP] Robot 1 picked up tag (density=12) | Total: 56
[PICKUP] Robot 4 picked up tag (density=6) | Total: 57
[PICKUP] Robot 3 picked up tag (density=6) | Total: 58

======================================================================
Step 21000 (11.2 min) | Pickups: 58 | Deposits: 55 | Rate: 4.91 tags/min | phero_entries=10 phero_max=0.311
======================================================================
R1[T1][RTB       ]: L=+1.00 R=+1.00 | carry=1 | base=0.12 ba=+0.00 | site=0 sd=0.00 sa=+0.00 | phero=0 pd=0.00 pa=+0.00 | srch=0.00 | wall=2.89
R2[T1][EXPLORE   ]: L=+1.00 R=+1.00 | carry=0 | base=0.58 ba=-0.82 | site=0 sd=0.00 sa=+0.00 | phero=0 pd=0.00 pa=+0.00 | srch=1.00 | wall=0.67
R3[T1][RTB       ]: L=+1.00 R=+1.00 | carry=1 | base=0.23 ba=+0.00 | site=0 sd=0.00 sa=+0.00 | phero=0 pd=0.00 pa=+0.00 | srch=0.00 | wall=2.37
R4[T1][RTB       ]: L=+1.00 R=+1.00 | carry=1 | base=0.23 ba=-0.00 | site=0 sd=0.00 sa=+0.00 | phero=0 pd=0.00 pa=+0.00 | srch=0.00 | wall=2.37

[DEPOSIT] Robot 1 deposited! Total: 56
  [PHERO] Laid at (1.57, -0.08) density=12 prob=1.00 total_entries=11
  [TARGET] Robot 1 → SITE (1.57,-0.08)
[DEPOSIT] Robot 4 deposited! Total: 57
  [PHERO] Laid at (0.04, 1.62) density=6 prob=0.97 total_entries=12
  [TARGET] Robot 4 → SITE (0.04,1.62)
[DEPOSIT] Robot 3 deposited! Total: 58
  [PHERO] Laid at (1.71, -0.35) density=6 prob=0.97 total_entries=13
  [TARGET] Robot 3 → SITE (1.71,-0.35)

======================================================================
Step 21500 (11.5 min) | Pickups: 58 | Deposits: 58 | Rate: 5.06 tags/min | phero_entries=12 phero_max=0.651
======================================================================
R1[T1][SITE      ]: L=+1.00 R=+1.00 | carry=0 | base=0.25 ba=-0.79 | site=1 sd=0.10 sa=-0.07 | phero=0 pd=0.00 pa=+0.00 | srch=0.10 | wall=2.29
R2[T1][EXPLORE   ]: L=+1.00 R=+1.00 | carry=0 | base=0.46 ba=+0.08 | site=0 sd=0.00 sa=+0.00 | phero=0 pd=0.00 pa=+0.00 | srch=1.00 | wall=1.32
R3[T1][SITE      ]: L=+1.00 R=+1.00 | carry=0 | base=0.15 ba=-0.93 | site=1 sd=0.20 sa=+0.04 | phero=0 pd=0.00 pa=+0.00 | srch=0.07 | wall=2.74
R4[T1][SITE      ]: L=+1.00 R=+1.00 | carry=0 | base=0.17 ba=+1.00 | site=1 sd=0.20 sa=+0.33 | phero=0 pd=0.00 pa=+0.00 | srch=0.07 | wall=2.80

[PICKUP] Robot 1 picked up tag (density=11) | Total: 59
[PICKUP] Robot 4 picked up tag (density=5) | Total: 60

======================================================================
Step 22000 (11.7 min) | Pickups: 60 | Deposits: 58 | Rate: 4.94 tags/min | phero_entries=11 phero_max=0.293
======================================================================
R1[T1][RTB       ]: L=+1.00 R=+1.00 | carry=1 | base=0.10 ba=-0.00 | site=0 sd=0.00 sa=+0.00 | phero=0 pd=0.00 pa=+0.00 | srch=0.00 | wall=3.03
R2[T1][EXPLORE   ]: L=+1.00 R=+1.00 | carry=0 | base=0.33 ba=+0.78 | site=0 sd=0.00 sa=+0.00 | phero=0 pd=0.00 pa=+0.00 | srch=1.00 | wall=2.01
R3[T1][EXPLORE   ]: L=+1.00 R=+1.00 | carry=0 | base=0.52 ba=+0.90 | site=0 sd=0.00 sa=+0.00 | phero=0 pd=0.00 pa=+0.00 | srch=0.19 | wall=0.92
R4[T1][RTB       ]: L=+0.99 R=+1.00 | carry=1 | base=0.27 ba=+0.00 | site=0 sd=0.00 sa=+0.00 | phero=0 pd=0.00 pa=+0.00 | srch=0.00 | wall=2.16

[DEPOSIT] Robot 1 deposited! Total: 59
  [PHERO] Laid at (1.60, -0.06) density=11 prob=1.00 total_entries=12
  [TARGET] Robot 1 → SITE (1.60,-0.06)
[DEPOSIT] Robot 4 deposited! Total: 60
  [PHERO] Laid at (-0.00, 1.63) density=5 prob=0.92 total_entries=13
  [TARGET] Robot 4 → SITE (-0.00,1.63)

======================================================================
Step 22500 (12.0 min) | Pickups: 60 | Deposits: 60 | Rate: 5.00 tags/min | phero_entries=12 phero_max=0.710
======================================================================
R1[T1][SITE      ]: L=+1.00 R=+0.95 | carry=0 | base=0.28 ba=+0.92 | site=1 sd=0.05 sa=-0.08 | phero=0 pd=0.00 pa=+0.00 | srch=0.11 | wall=2.13
R2[T1][EXPLORE   ]: L=+1.00 R=+1.00 | carry=0 | base=0.67 ba=+0.90 | site=0 sd=0.00 sa=+0.00 | phero=0 pd=0.00 pa=+0.00 | srch=1.00 | wall=1.16
R3[T1][EXPLORE   ]: L=+1.00 R=+0.97 | carry=0 | base=0.42 ba=+0.39 | site=0 sd=0.00 sa=+0.00 | phero=0 pd=0.00 pa=+0.00 | srch=0.32 | wall=1.56
R4[T1][SITE      ]: L=+1.00 R=+0.97 | carry=0 | base=0.13 ba=-0.98 | site=1 sd=0.21 sa=-0.15 | phero=0 pd=0.00 pa=+0.00 | srch=0.05 | wall=2.91

[PICKUP] Robot 1 picked up tag (density=11) | Total: 61
[PICKUP] Robot 4 picked up tag (density=4) | Total: 62

======================================================================
Step 23000 (12.3 min) | Pickups: 62 | Deposits: 60 | Rate: 4.89 tags/min | phero_entries=11 phero_max=0.319
======================================================================
R1[T1][RTB       ]: L=+1.00 R=+1.00 | carry=1 | base=0.11 ba=+0.00 | site=0 sd=0.00 sa=+0.00 | phero=0 pd=0.00 pa=+0.00 | srch=0.00 | wall=2.98
R2[T1][EXPLORE   ]: L=+1.00 R=+1.00 | carry=0 | base=0.73 ba=+0.03 | site=0 sd=0.00 sa=+0.00 | phero=0 pd=0.00 pa=+0.00 | srch=1.00 | wall=0.72
R3[T1][EXPLORE   ]: L=+1.00 R=+1.00 | carry=0 | base=0.49 ba=+0.69 | site=0 sd=0.00 sa=+0.00 | phero=0 pd=0.00 pa=+0.00 | srch=0.44 | wall=1.20
R4[T1][RTB       ]: L=+1.00 R=+1.00 | carry=1 | base=0.26 ba=-0.00 | site=0 sd=0.00 sa=+0.00 | phero=0 pd=0.00 pa=+0.00 | srch=0.00 | wall=2.21

[DEPOSIT] Robot 1 deposited! Total: 61
  [PHERO] Laid at (1.65, -0.04) density=11 prob=1.00 total_entries=12
  [TARGET] Robot 1 → SITE (1.65,-0.04)
[PICKUP] Robot 2 picked up tag (density=12) | Total: 63
[DEPOSIT] Robot 4 deposited! Total: 62
  [TARGET] Robot 4 → SITE (0.05,1.69)

======================================================================
Step 23500 (12.5 min) | Pickups: 63 | Deposits: 62 | Rate: 4.95 tags/min | phero_entries=10 phero_max=0.503
======================================================================
R1[T1][SITE      ]: L=+1.00 R=+0.96 | carry=0 | base=0.26 ba=-0.83 | site=1 sd=0.09 sa=-0.10 | phero=0 pd=0.00 pa=+0.00 | srch=0.11 | wall=2.21
R2[T1][RTB       ]: L=+1.00 R=+1.00 | carry=1 | base=0.34 ba=-0.00 | site=0 sd=0.00 sa=+0.00 | phero=0 pd=0.00 pa=+0.00 | srch=0.00 | wall=2.19
R3[T1][EXPLORE   ]: L=+0.73 R=+1.00 | carry=0 | base=0.61 ba=+0.42 | site=0 sd=0.00 sa=+0.00 | phero=0 pd=0.00 pa=+0.00 | srch=0.57 | wall=0.51
R4[T1][SITE      ]: L=+1.00 R=+1.00 | carry=0 | base=0.14 ba=-0.96 | site=1 sd=0.23 sa=+0.32 | phero=0 pd=0.00 pa=+0.00 | srch=0.06 | wall=2.92

[PICKUP] Robot 1 picked up tag (density=11) | Total: 64
[DEPOSIT] Robot 2 deposited! Total: 63
  [PHERO] Laid at (2.37, -1.93) density=12 prob=1.00 total_entries=10
  [TARGET] Robot 2 → SITE (2.37,-1.93)

======================================================================
Step 24000 (12.8 min) | Pickups: 64 | Deposits: 63 | Rate: 4.92 tags/min | phero_entries=10 phero_max=0.819
======================================================================
R1[T1][RTB       ]: L=+1.00 R=+1.00 | carry=1 | base=0.12 ba=-0.00 | site=0 sd=0.00 sa=+0.00 | phero=0 pd=0.00 pa=+0.00 | srch=0.00 | wall=2.89
R2[T1][SITE      ]: L=+0.89 R=+1.00 | carry=0 | base=0.06 ba=-0.94 | site=1 sd=0.56 sa=+0.16 | phero=0 pd=0.00 pa=+0.00 | srch=0.03 | wall=3.26
R3[T1][EXPLORE   ]: L=+1.00 R=+1.00 | carry=0 | base=0.29 ba=-0.07 | site=0 sd=0.00 sa=+0.00 | phero=0 pd=0.00 pa=+0.00 | srch=0.69 | wall=2.11
R4[T1][EXPLORE   ]: L=+1.00 R=+1.00 | carry=0 | base=0.34 ba=+0.44 | site=0 sd=0.00 sa=+0.00 | phero=0 pd=0.00 pa=+0.00 | srch=0.18 | wall=1.81

[DEPOSIT] Robot 1 deposited! Total: 64
  [PHERO] Laid at (1.70, -0.04) density=11 prob=1.00 total_entries=11
  [TARGET] Robot 1 → SITE (1.70,-0.04)

======================================================================
Step 24500 (13.1 min) | Pickups: 64 | Deposits: 64 | Rate: 4.90 tags/min | phero_entries=10 phero_max=0.523
======================================================================
R1[T1][SITE      ]: L=+0.93 R=+1.00 | carry=0 | base=0.27 ba=+0.96 | site=1 sd=0.11 sa=+0.26 | phero=0 pd=0.00 pa=+0.00 | srch=0.10 | wall=2.23
R2[T1][SITE      ]: L=+0.99 R=+1.00 | carry=0 | base=0.44 ba=+0.93 | site=1 sd=0.20 sa=+0.13 | phero=0 pd=0.00 pa=+0.00 | srch=0.16 | wall=1.82
R3[T1][EXPLORE   ]: L=+1.00 R=+1.00 | carry=0 | base=0.43 ba=+1.00 | site=0 sd=0.00 sa=+0.00 | phero=0 pd=0.00 pa=+0.00 | srch=0.82 | wall=1.94
R4[T1][EXPLORE   ]: L=+1.00 R=+1.00 | carry=0 | base=0.46 ba=+0.73 | site=0 sd=0.00 sa=+0.00 | phero=0 pd=0.00 pa=+0.00 | srch=0.31 | wall=1.67

[PICKUP] Robot 4 picked up tag (density=11) | Total: 65
[PICKUP] Robot 1 picked up tag (density=5) | Total: 66
[PICKUP] Robot 2 picked up tag (density=11) | Total: 67

======================================================================
Step 25000 (13.3 min) | Pickups: 67 | Deposits: 64 | Rate: 4.80 tags/min | phero_entries=8 phero_max=0.235
======================================================================
R1[T1][RTB       ]: L=+1.00 R=+1.00 | carry=1 | base=0.13 ba=+0.00 | site=0 sd=0.00 sa=+0.00 | phero=0 pd=0.00 pa=+0.00 | srch=0.00 | wall=2.84
R2[T1][RTB       ]: L=+1.00 R=+1.00 | carry=1 | base=0.37 ba=+0.00 | site=0 sd=0.00 sa=+0.00 | phero=0 pd=0.00 pa=+0.00 | srch=0.00 | wall=2.17
R3[T1][EXPLORE   ]: L=+0.09 R=+1.00 | carry=0 | base=0.51 ba=+0.37 | site=0 sd=0.00 sa=+0.00 | phero=0 pd=0.00 pa=+0.00 | srch=0.94 | wall=1.51
R4[T1][RTB       ]: L=+1.00 R=+1.00 | carry=1 | base=0.27 ba=+0.00 | site=0 sd=0.00 sa=+0.00 | phero=0 pd=0.00 pa=+0.00 | srch=0.00 | wall=2.32

[DEPOSIT] Robot 1 deposited! Total: 65
  [PHERO] Laid at (1.74, -0.23) density=5 prob=0.92 total_entries=9
  [TARGET] Robot 1 → SITE (1.74,-0.23)
[DEPOSIT] Robot 4 deposited! Total: 66
  [PHERO] Laid at (-2.20, 1.25) density=11 prob=1.00 total_entries=10
  [TARGET] Robot 4 → SITE (-2.20,1.25)
[DEPOSIT] Robot 2 deposited! Total: 67
  [PHERO] Laid at (1.93, -1.97) density=11 prob=1.00 total_entries=11
  [TARGET] Robot 2 → SITE (1.93,-1.97)

======================================================================
Step 25500 (13.6 min) | Pickups: 67 | Deposits: 67 | Rate: 4.93 tags/min | phero_entries=10 phero_max=0.867
======================================================================
R1[T1][SITE      ]: L=+0.67 R=+0.70 | carry=0 | base=0.22 ba=-0.85 | site=1 sd=0.14 sa=+0.03 | phero=0 pd=0.00 pa=+0.00 | srch=0.10 | wall=2.41
R2[T1][BASE_ESC  ]: L=+1.00 R=+0.00 | carry=0 | base=0.05 ba=+0.77 | site=1 sd=0.51 sa=-0.31 | phero=0 pd=0.00 pa=+0.00 | srch=0.02 | wall=3.31
R3[T1][EXPLORE   ]: L=+1.00 R=+1.00 | carry=0 | base=0.39 ba=+0.28 | site=0 sd=0.00 sa=+0.00 | phero=0 pd=0.00 pa=+0.00 | srch=1.00 | wall=1.75
R4[T1][SITE      ]: L=+1.00 R=+1.00 | carry=0 | base=0.13 ba=+0.97 | site=1 sd=0.40 sa=-0.23 | phero=0 pd=0.00 pa=+0.00 | srch=0.05 | wall=2.84


======================================================================
Step 26000 (13.9 min) | Pickups: 67 | Deposits: 67 | Rate: 4.83 tags/min | phero_entries=8 phero_max=0.390
======================================================================
R1[T1][EXPLORE   ]: L=+1.00 R=+1.00 | carry=0 | base=0.39 ba=+0.99 | site=0 sd=0.00 sa=+0.00 | phero=0 pd=0.00 pa=+0.00 | srch=0.22 | wall=1.60
R2[T1][SITE      ]: L=+1.00 R=+1.00 | carry=0 | base=0.38 ba=-0.91 | site=1 sd=0.18 sa=+0.03 | phero=0 pd=0.00 pa=+0.00 | srch=0.15 | wall=2.12
R3[T1][EXPLORE   ]: L=+1.00 R=+1.00 | carry=0 | base=0.33 ba=+0.64 | site=0 sd=0.00 sa=+0.00 | phero=0 pd=0.00 pa=+0.00 | srch=1.00 | wall=2.28
R4[T1][SITE      ]: L=+0.92 R=+0.93 | carry=0 | base=0.47 ba=-0.68 | site=1 sd=0.06 sa=+0.03 | phero=0 pd=0.00 pa=+0.00 | srch=0.18 | wall=1.38

[PICKUP] Robot 4 picked up tag (density=10) | Total: 68
[GIVE-UP] R2 giving up after 1062 steps

======================================================================
Step 26500 (14.1 min) | Pickups: 68 | Deposits: 67 | Rate: 4.74 tags/min | phero_entries=7 phero_max=0.175
======================================================================
R1[T1][EXPLORE   ]: L=+1.00 R=+1.00 | carry=0 | base=0.60 ba=+0.11 | site=0 sd=0.00 sa=+0.00 | phero=0 pd=0.00 pa=+0.00 | srch=0.35 | wall=0.52
R2[T1][GIVE_UP   ]: L=+0.00 R=+1.00 | carry=0 | base=0.73 ba=+0.69 | site=0 sd=0.00 sa=+0.00 | phero=0 pd=0.00 pa=+0.00 | srch=0.27 | wall=0.82
R3[T1][EXPLORE   ]: L=+0.30 R=+1.00 | carry=0 | base=0.36 ba=+0.07 | site=0 sd=0.00 sa=+0.00 | phero=0 pd=0.00 pa=+0.00 | srch=1.00 | wall=1.94
R4[T1][RTB       ]: L=+1.00 R=+1.00 | carry=1 | base=0.28 ba=-0.00 | site=0 sd=0.00 sa=+0.00 | phero=0 pd=0.00 pa=+0.00 | srch=0.00 | wall=2.35

[PICKUP] Robot 2 picked up tag (density=10) | Total: 69
[PICKUP] Robot 1 picked up tag (density=9) | Total: 70
[DEPOSIT] Robot 4 deposited! Total: 68
  [PHERO] Laid at (-2.21, 1.30) density=10 prob=1.00 total_entries=7
  [TARGET] Robot 4 → SITE (-2.21,1.30)

======================================================================
Step 27000 (14.4 min) | Pickups: 70 | Deposits: 68 | Rate: 4.72 tags/min | phero_entries=7 phero_max=0.717
======================================================================
R1[T1][RTB       ]: L=+1.00 R=+1.00 | carry=1 | base=0.24 ba=+0.00 | site=0 sd=0.00 sa=+0.00 | phero=0 pd=0.00 pa=+0.00 | srch=0.00 | wall=2.31
R2[T1][RTB       ]: L=+1.00 R=+1.00 | carry=1 | base=0.41 ba=+0.00 | site=0 sd=0.00 sa=+0.00 | phero=0 pd=0.00 pa=+0.00 | srch=0.00 | wall=1.98
R3[T1][EXPLORE   ]: L=+0.68 R=+0.99 | carry=0 | base=0.34 ba=-0.91 | site=0 sd=0.00 sa=+0.00 | phero=0 pd=0.00 pa=+0.00 | srch=1.00 | wall=2.23
R4[T1][SITE      ]: L=+1.00 R=+1.00 | carry=0 | base=0.12 ba=-0.95 | site=1 sd=0.41 sa=+0.25 | phero=0 pd=0.00 pa=+0.00 | srch=0.05 | wall=2.98

[DEPOSIT] Robot 1 deposited! Total: 69
  [PHERO] Laid at (2.00, 0.23) density=9 prob=1.00 total_entries=8
  [TARGET] Robot 1 → SITE (2.00,0.23)
[DEPOSIT] Robot 2 deposited! Total: 70
  [PHERO] Laid at (2.28, -1.97) density=10 prob=1.00 total_entries=8
  [TARGET] Robot 2 → SITE (2.28,-1.97)

======================================================================
Step 27500 (14.7 min) | Pickups: 70 | Deposits: 70 | Rate: 4.77 tags/min | phero_entries=8 phero_max=0.934
======================================================================
R1[T1][SITE      ]: L=+1.00 R=+0.62 | carry=0 | base=0.14 ba=-0.76 | site=1 sd=0.29 sa=+0.02 | phero=0 pd=0.00 pa=+0.00 | srch=0.06 | wall=2.92
R2[T1][BASE_ESC  ]: L=+1.00 R=+0.00 | carry=0 | base=0.04 ba=+0.39 | site=1 sd=0.57 sa=-0.63 | phero=0 pd=0.00 pa=+0.00 | srch=0.01 | wall=3.32
R3[T1][EXPLORE   ]: L=+1.00 R=+1.00 | carry=0 | base=0.46 ba=-0.13 | site=0 sd=0.00 sa=+0.00 | phero=0 pd=0.00 pa=+0.00 | srch=1.00 | wall=1.41
R4[T1][SITE      ]: L=+0.54 R=+1.00 | carry=0 | base=0.48 ba=+0.58 | site=1 sd=0.24 sa=+0.10 | phero=0 pd=0.00 pa=+0.00 | srch=0.18 | wall=1.51

[PICKUP] Robot 1 picked up tag (density=8) | Total: 71

======================================================================
Step 28000 (14.9 min) | Pickups: 71 | Deposits: 70 | Rate: 4.69 tags/min | phero_entries=8 phero_max=0.419
======================================================================
R1[T1][RTB       ]: L=+1.00 R=+0.99 | carry=1 | base=0.26 ba=-0.00 | site=0 sd=0.00 sa=+0.00 | phero=0 pd=0.00 pa=+0.00 | srch=0.00 | wall=2.21
R2[T1][SITE      ]: L=+1.00 R=+1.00 | carry=0 | base=0.37 ba=-0.93 | site=1 sd=0.25 sa=-0.00 | phero=0 pd=0.00 pa=+0.00 | srch=0.14 | wall=2.02
R3[T1][EXPLORE   ]: L=+1.00 R=+1.00 | carry=0 | base=0.18 ba=-0.44 | site=0 sd=0.00 sa=+0.00 | phero=0 pd=0.00 pa=+0.00 | srch=1.00 | wall=2.61
R4[T1][EXPLORE   ]: L=+1.00 R=+1.00 | carry=0 | base=0.57 ba=+0.66 | site=0 sd=0.00 sa=+0.00 | phero=0 pd=0.00 pa=+0.00 | srch=0.30 | wall=0.77

[PICKUP] Robot 2 picked up tag (density=9) | Total: 72
[DEPOSIT] Robot 1 deposited! Total: 71
  [PHERO] Laid at (1.55, 0.17) density=8 prob=1.00 total_entries=8
  [TARGET] Robot 1 → SITE (1.55,0.17)

======================================================================
Step 28500 (15.2 min) | Pickups: 72 | Deposits: 71 | Rate: 4.67 tags/min | phero_entries=7 phero_max=0.695
======================================================================
R1[T1][SITE      ]: L=+1.00 R=+1.00 | carry=0 | base=0.14 ba=+1.00 | site=1 sd=0.20 sa=+0.23 | phero=0 pd=0.00 pa=+0.00 | srch=0.06 | wall=2.86
R2[T1][RTB       ]: L=+1.00 R=+1.00 | carry=1 | base=0.35 ba=-0.00 | site=0 sd=0.00 sa=+0.00 | phero=0 pd=0.00 pa=+0.00 | srch=0.00 | wall=2.20
R3[T1][EXPLORE   ]: L=+0.88 R=+1.00 | carry=0 | base=0.31 ba=+0.39 | site=0 sd=0.00 sa=+0.00 | phero=0 pd=0.00 pa=+0.00 | srch=1.00 | wall=2.13
R4[T1][EXPLORE   ]: L=+1.00 R=+1.00 | carry=0 | base=0.57 ba=+0.46 | site=0 sd=0.00 sa=+0.00 | phero=0 pd=0.00 pa=+0.00 | srch=0.43 | wall=0.75

[PICKUP] Robot 4 picked up tag (density=13) | Total: 73
[PICKUP] Robot 1 picked up tag (density=7) | Total: 74
[DEPOSIT] Robot 2 deposited! Total: 72
  [PHERO] Laid at (1.96, -1.59) density=9 prob=1.00 total_entries=8
  [TARGET] Robot 2 → SITE (1.96,-1.59)

======================================================================
Step 29000 (15.5 min) | Pickups: 74 | Deposits: 72 | Rate: 4.66 tags/min | phero_entries=8 phero_max=0.837
======================================================================
R1[T1][RTB       ]: L=+1.00 R=+1.00 | carry=1 | base=0.27 ba=+0.00 | site=0 sd=0.00 sa=+0.00 | phero=0 pd=0.00 pa=+0.00 | srch=0.00 | wall=2.15
R2[T1][SITE      ]: L=+0.46 R=+1.00 | carry=0 | base=0.05 ba=-0.88 | site=1 sd=0.46 sa=+0.22 | phero=0 pd=0.00 pa=+0.00 | srch=0.03 | wall=3.29
R3[T1][EXPLORE   ]: L=+0.52 R=+1.00 | carry=0 | base=0.29 ba=+0.70 | site=0 sd=0.00 sa=+0.00 | phero=0 pd=0.00 pa=+0.00 | srch=1.00 | wall=2.09
R4[T1][RTB       ]: L=+1.00 R=+1.00 | carry=1 | base=0.28 ba=+0.00 | site=0 sd=0.00 sa=+0.00 | phero=0 pd=0.00 pa=+0.00 | srch=0.00 | wall=2.21

[DEPOSIT] Robot 1 deposited! Total: 73
  [PHERO] Laid at (1.72, 0.06) density=7 prob=0.99 total_entries=9
  [TARGET] Robot 1 → SITE (1.72,0.06)
[DEPOSIT] Robot 4 deposited! Total: 74
  [PHERO] Laid at (-2.64, -0.85) density=13 prob=1.00 total_entries=10
  [TARGET] Robot 4 → SITE (-2.64,-0.85)
[PICKUP] Robot 3 picked up tag (density=3) | Total: 75

======================================================================
Step 29500 (15.7 min) | Pickups: 75 | Deposits: 74 | Rate: 4.70 tags/min | phero_entries=9 phero_max=0.718
======================================================================
R1[T1][SITE      ]: L=+0.63 R=+0.63 | carry=0 | base=0.11 ba=-0.91 | site=1 sd=0.25 sa=-0.06 | phero=0 pd=0.00 pa=+0.00 | srch=0.05 | wall=2.99
R2[T1][SITE      ]: L=+1.00 R=+1.00 | carry=0 | base=0.41 ba=+0.90 | site=1 sd=0.10 sa=-0.07 | phero=0 pd=0.00 pa=+0.00 | srch=0.15 | wall=1.96
R3[T1][RTB       ]: L=+0.74 R=+1.00 | carry=1 | base=0.33 ba=+0.10 | site=0 sd=0.00 sa=+0.00 | phero=0 pd=0.00 pa=+0.00 | srch=0.00 | wall=1.86
R4[T1][SITE      ]: L=+1.00 R=+1.00 | carry=0 | base=0.12 ba=-0.99 | site=1 sd=0.44 sa=-0.12 | phero=0 pd=0.00 pa=+0.00 | srch=0.05 | wall=3.01

[PICKUP] Robot 2 picked up tag (density=8) | Total: 76
[DEPOSIT] Robot 3 deposited! Total: 75
  [TARGET] Robot 3 → SITE (0.06,1.70)

======================================================================
Step 30000 (16.0 min) | Pickups: 76 | Deposits: 75 | Rate: 4.69 tags/min | phero_entries=7 phero_max=0.323
======================================================================
R1[T1][EXPLORE   ]: L=+1.00 R=+1.00 | carry=0 | base=0.43 ba=+0.99 | site=0 sd=0.00 sa=+0.00 | phero=0 pd=0.00 pa=+0.00 | srch=0.18 | wall=1.37
R2[T1][RTB       ]: L=+1.00 R=+1.00 | carry=1 | base=0.33 ba=-0.00 | site=0 sd=0.00 sa=+0.00 | phero=0 pd=0.00 pa=+0.00 | srch=0.00 | wall=2.28
R3[T1][SITE      ]: L=+1.00 R=-0.07 | carry=0 | base=0.05 ba=-0.94 | site=1 sd=0.29 sa=-0.06 | phero=0 pd=0.00 pa=+0.00 | srch=0.03 | wall=3.25
R4[T1][SITE      ]: L=+1.00 R=+0.73 | carry=0 | base=0.49 ba=-0.84 | site=1 sd=0.07 sa=+0.14 | phero=0 pd=0.00 pa=+0.00 | srch=0.18 | wall=1.19

[PICKUP] Robot 4 picked up tag (density=12) | Total: 77
[DEPOSIT] Robot 2 deposited! Total: 76
  [PHERO] Laid at (1.98, -1.64) density=8 prob=1.00 total_entries=8
  [TARGET] Robot 2 → SITE (1.98,-1.64)

======================================================================
Step 30500 (16.3 min) | Pickups: 77 | Deposits: 76 | Rate: 4.67 tags/min | phero_entries=8 phero_max=0.804
======================================================================
R1[T1][EXPLORE   ]: L=+1.00 R=+1.00 | carry=0 | base=0.56 ba=+0.13 | site=0 sd=0.00 sa=+0.00 | phero=0 pd=0.00 pa=+0.00 | srch=0.30 | wall=0.78
R2[T1][SITE      ]: L=+1.00 R=+1.00 | carry=0 | base=0.07 ba=-0.92 | site=1 sd=0.46 sa=+0.22 | phero=0 pd=0.00 pa=+0.00 | srch=0.03 | wall=3.20
R3[T1][SITE      ]: L=+0.31 R=+0.31 | carry=0 | base=0.21 ba=-0.98 | site=1 sd=0.14 sa=-0.06 | phero=0 pd=0.00 pa=+0.00 | srch=0.16 | wall=2.48
R4[T1][RTB       ]: L=+1.00 R=+1.00 | carry=1 | base=0.36 ba=+0.00 | site=0 sd=0.00 sa=+0.00 | phero=0 pd=0.00 pa=+0.00 | srch=0.00 | wall=1.81

[DEPOSIT] Robot 4 deposited! Total: 77
  [PHERO] Laid at (-2.72, -0.85) density=12 prob=1.00 total_entries=9
  [TARGET] Robot 4 → SITE (-2.72,-0.85)

======================================================================
Step 31000 (16.5 min) | Pickups: 77 | Deposits: 77 | Rate: 4.66 tags/min | phero_entries=9 phero_max=0.854
======================================================================
R1[T1][EXPLORE   ]: L=+1.00 R=+1.00 | carry=0 | base=0.23 ba=-0.02 | site=0 sd=0.00 sa=+0.00 | phero=0 pd=0.00 pa=+0.00 | srch=0.43 | wall=2.57
R2[T1][SITE      ]: L=+0.95 R=+1.00 | carry=0 | base=0.45 ba=+0.87 | site=1 sd=0.22 sa=+0.33 | phero=0 pd=0.00 pa=+0.00 | srch=0.16 | wall=1.52
R3[T1][SITE      ]: L=+0.51 R=+0.55 | carry=0 | base=0.27 ba=-0.94 | site=1 sd=0.08 sa=-0.00 | phero=0 pd=0.00 pa=+0.00 | srch=0.28 | wall=2.17
R4[T1][BASE_ESC  ]: L=+1.00 R=+0.26 | carry=0 | base=0.05 ba=+0.84 | site=1 sd=0.53 sa=-0.25 | phero=0 pd=0.00 pa=+0.00 | srch=0.02 | wall=3.30

[PICKUP] Robot 2 picked up tag (density=7) | Total: 78
[PICKUP] Robot 1 picked up tag (density=5) | Total: 79
[PICKUP] Robot 3 picked up tag (density=2) | Total: 80

======================================================================
Step 31500 (16.8 min) | Pickups: 80 | Deposits: 77 | Rate: 4.58 tags/min | phero_entries=8 phero_max=0.384
======================================================================
R1[T1][RTB       ]: L=+0.45 R=+1.00 | carry=1 | base=0.36 ba=+0.21 | site=0 sd=0.00 sa=+0.00 | phero=0 pd=0.00 pa=+0.00 | srch=0.00 | wall=1.83
R2[T1][RTB       ]: L=+1.00 R=+1.00 | carry=1 | base=0.50 ba=+0.00 | site=0 sd=0.00 sa=+0.00 | phero=0 pd=0.00 pa=+0.00 | srch=0.00 | wall=1.69
R3[T1][RTB       ]: L=+1.00 R=+0.00 | carry=1 | base=0.37 ba=-0.40 | site=0 sd=0.00 sa=+0.00 | phero=0 pd=0.00 pa=+0.00 | srch=0.00 | wall=1.68
R4[T1][SITE      ]: L=+1.00 R=+1.00 | carry=0 | base=0.39 ba=-0.94 | site=1 sd=0.21 sa=+0.28 | phero=0 pd=0.00 pa=+0.00 | srch=0.15 | wall=1.56

[PICKUP] Robot 4 picked up tag (density=11) | Total: 81
[DEPOSIT] Robot 1 deposited! Total: 78
  [TARGET] Robot 1 → SITE (1.68,0.55)
[DEPOSIT] Robot 3 deposited! Total: 79
  [PHERO] Laid at (0.10, 1.80) density=2 prob=0.42 total_entries=7
  [TARGET] Robot 3 → SITE (0.10,1.80)

======================================================================
Step 32000 (17.1 min) | Pickups: 81 | Deposits: 79 | Rate: 4.63 tags/min | phero_entries=7 phero_max=0.920
======================================================================
R1[T1][BASE_ESC  ]: L=+1.00 R=+0.00 | carry=0 | base=0.05 ba=+0.74 | site=1 sd=0.31 sa=-0.35 | phero=0 pd=0.00 pa=+0.00 | srch=0.02 | wall=3.31
R2[T1][RTB       ]: L=+1.00 R=+1.00 | carry=1 | base=0.11 ba=+0.00 | site=0 sd=0.00 sa=+0.00 | phero=0 pd=0.00 pa=+0.00 | srch=0.00 | wall=3.10
R3[T1][BASE_ESC  ]: L=+0.00 R=+1.00 | carry=0 | base=0.04 ba=-0.49 | site=1 sd=0.32 sa=+0.57 | phero=0 pd=0.00 pa=+0.00 | srch=0.01 | wall=3.28
R4[T1][RTB       ]: L=+0.97 R=+1.00 | carry=1 | base=0.58 ba=+0.01 | site=0 sd=0.00 sa=+0.00 | phero=0 pd=0.00 pa=+0.00 | srch=0.00 | wall=0.73

[DEPOSIT] Robot 2 deposited! Total: 80
  [PHERO] Laid at (2.09, -2.05) density=7 prob=0.99 total_entries=8
  [TARGET] Robot 2 → SITE (2.09,-2.05)

======================================================================
Step 32500 (17.3 min) | Pickups: 81 | Deposits: 80 | Rate: 4.62 tags/min | phero_entries=8 phero_max=0.507
======================================================================
R1[T1][SITE      ]: L=+1.00 R=+0.99 | carry=0 | base=0.34 ba=-0.71 | site=1 sd=0.02 sa=+0.01 | phero=0 pd=0.00 pa=+0.00 | srch=0.15 | wall=1.91
R2[T1][SITE      ]: L=+1.00 R=+1.00 | carry=0 | base=0.28 ba=-0.94 | site=1 sd=0.33 sa=-0.10 | phero=0 pd=0.00 pa=+0.00 | srch=0.11 | wall=2.28
R3[T1][SITE      ]: L=+0.29 R=+0.28 | carry=0 | base=0.27 ba=-0.94 | site=1 sd=0.11 sa=-0.09 | phero=0 pd=0.00 pa=+0.00 | srch=0.14 | wall=2.18
R4[T1][RTB       ]: L=+1.00 R=+1.00 | carry=1 | base=0.20 ba=+0.00 | site=0 sd=0.00 sa=+0.00 | phero=0 pd=0.00 pa=+0.00 | srch=0.00 | wall=2.57

[PICKUP] Robot 1 picked up tag (density=4) | Total: 82
[DEPOSIT] Robot 4 deposited! Total: 81
  [PHERO] Laid at (-3.00, -0.77) density=11 prob=1.00 total_entries=8
  [TARGET] Robot 4 → SITE (-3.00,-0.77)
[PICKUP] Robot 2 picked up tag (density=6) | Total: 83

======================================================================
Step 33000 (17.6 min) | Pickups: 83 | Deposits: 81 | Rate: 4.60 tags/min | phero_entries=8 phero_max=0.606
======================================================================
R1[T1][RTB       ]: L=+1.00 R=+1.00 | carry=1 | base=0.07 ba=-0.00 | site=0 sd=0.00 sa=+0.00 | phero=0 pd=0.00 pa=+0.00 | srch=0.00 | wall=3.17
R2[T1][RTB       ]: L=+1.00 R=+0.99 | carry=1 | base=0.46 ba=-0.00 | site=0 sd=0.00 sa=+0.00 | phero=0 pd=0.00 pa=+0.00 | srch=0.00 | wall=1.78
R3[T1][EXPLORE   ]: L=+1.00 R=+1.00 | carry=0 | base=0.53 ba=+1.00 | site=0 sd=0.00 sa=+0.00 | phero=0 pd=0.00 pa=+0.00 | srch=0.26 | wall=0.93
R4[T1][SITE      ]: L=+1.00 R=+1.00 | carry=0 | base=0.19 ba=-0.96 | site=1 sd=0.43 sa=-0.00 | phero=0 pd=0.00 pa=+0.00 | srch=0.08 | wall=2.59

[DEPOSIT] Robot 1 deposited! Total: 82
  [PHERO] Laid at (1.73, 0.51) density=4 prob=0.82 total_entries=9
  [TARGET] Robot 1 → SITE (1.73,0.51)

======================================================================
Step 33500 (17.9 min) | Pickups: 83 | Deposits: 82 | Rate: 4.59 tags/min | phero_entries=8 phero_max=0.468
======================================================================
R1[T1][SITE      ]: L=+0.94 R=+1.00 | carry=0 | base=0.32 ba=+0.89 | site=1 sd=0.09 sa=+0.28 | phero=0 pd=0.00 pa=+0.00 | srch=0.12 | wall=1.90
R2[T1][RTB       ]: L=+1.00 R=+1.00 | carry=1 | base=0.07 ba=-0.00 | site=0 sd=0.00 sa=+0.00 | phero=0 pd=0.00 pa=+0.00 | srch=0.00 | wall=3.24
R3[T1][EXPLORE   ]: L=+1.00 R=+0.37 | carry=0 | base=0.58 ba=+0.17 | site=0 sd=0.00 sa=+0.00 | phero=0 pd=0.00 pa=+0.00 | srch=0.39 | wall=0.64
R4[T1][SITE      ]: L=+1.00 R=+1.00 | carry=0 | base=0.58 ba=-0.96 | site=1 sd=0.05 sa=+0.15 | phero=0 pd=0.00 pa=+0.00 | srch=0.20 | wall=0.71

[DEPOSIT] Robot 2 deposited! Total: 83
  [PHERO] Laid at (2.03, -1.59) density=6 prob=0.97 total_entries=9
  [TARGET] Robot 2 → SITE (2.03,-1.59)
[PICKUP] Robot 1 picked up tag (density=4) | Total: 84
[PICKUP] Robot 4 picked up tag (density=10) | Total: 85
[GIVE-UP] R3 giving up after 1963 steps

======================================================================
Step 34000 (18.1 min) | Pickups: 85 | Deposits: 83 | Rate: 4.58 tags/min | phero_entries=7 phero_max=0.468
======================================================================
R1[T1][RTB       ]: L=+1.00 R=+1.00 | carry=1 | base=0.07 ba=+0.00 | site=0 sd=0.00 sa=+0.00 | phero=0 pd=0.00 pa=+0.00 | srch=0.00 | wall=3.17
R2[T1][SITE      ]: L=+0.96 R=+1.00 | carry=0 | base=0.33 ba=+0.91 | site=1 sd=0.24 sa=+0.16 | phero=0 pd=0.00 pa=+0.00 | srch=0.12 | wall=2.15
R3[T1][GIVE_UP   ]: L=+1.00 R=+0.97 | carry=0 | base=0.51 ba=-0.01 | site=0 sd=0.00 sa=+0.00 | phero=0 pd=0.00 pa=+0.00 | srch=0.51 | wall=1.06
R4[T1][RTB       ]: L=+1.00 R=+1.00 | carry=1 | base=0.47 ba=+0.00 | site=0 sd=0.00 sa=+0.00 | phero=0 pd=0.00 pa=+0.00 | srch=0.00 | wall=1.31

[DEPOSIT] Robot 1 deposited! Total: 84
  [PHERO] Laid at (1.72, 0.14) density=4 prob=0.82 total_entries=8
  [TARGET] Robot 1 → SITE (1.72,0.14)
[PICKUP] Robot 2 picked up tag (density=5) | Total: 86

======================================================================
Step 34500 (18.4 min) | Pickups: 86 | Deposits: 84 | Rate: 4.57 tags/min | phero_entries=8 phero_max=0.465
======================================================================
R1[T1][SITE      ]: L=+1.00 R=+0.93 | carry=0 | base=0.31 ba=-0.88 | site=1 sd=0.05 sa=-0.11 | phero=0 pd=0.00 pa=+0.00 | srch=0.12 | wall=2.01
R2[T1][RTB       ]: L=+0.99 R=+1.00 | carry=1 | base=0.47 ba=+0.00 | site=0 sd=0.00 sa=+0.00 | phero=0 pd=0.00 pa=+0.00 | srch=0.00 | wall=1.56
R3[T1][GIVE_UP   ]: L=+1.00 R=+1.00 | carry=0 | base=0.12 ba=-0.00 | site=0 sd=0.00 sa=+0.00 | phero=0 pd=0.00 pa=+0.00 | srch=0.64 | wall=2.91
R4[T1][RTB       ]: L=+1.00 R=+1.00 | carry=1 | base=0.09 ba=+0.00 | site=0 sd=0.00 sa=+0.00 | phero=0 pd=0.00 pa=+0.00 | srch=0.00 | wall=3.10

[DEPOSIT] Robot 4 deposited! Total: 85
  [PHERO] Laid at (-3.08, -1.12) density=10 prob=1.00 total_entries=9
  [TARGET] Robot 4 → SITE (-3.08,-1.12)
[EMPTY_RTN] R3 → phero(-3.08,-1.12)
[PICKUP] Robot 1 picked up tag (density=3) | Total: 87

======================================================================
Step 35000 (18.7 min) | Pickups: 87 | Deposits: 85 | Rate: 4.55 tags/min | phero_entries=8 phero_max=0.484
======================================================================
R1[T1][RTB       ]: L=+1.00 R=+1.00 | carry=1 | base=0.16 ba=-0.00 | site=0 sd=0.00 sa=+0.00 | phero=0 pd=0.00 pa=+0.00 | srch=0.00 | wall=2.68
R2[T1][RTB       ]: L=+1.00 R=+1.00 | carry=1 | base=0.09 ba=+0.00 | site=0 sd=0.00 sa=+0.00 | phero=0 pd=0.00 pa=+0.00 | srch=0.00 | wall=3.15
R3[T1][PHERO     ]: L=+0.69 R=+0.69 | carry=0 | base=0.13 ba=+0.86 | site=0 sd=0.00 sa=+0.00 | phero=1 pd=0.56 pa=+0.10 | srch=0.10 | wall=2.90
R4[T1][SITE      ]: L=+1.00 R=+1.00 | carry=0 | base=0.30 ba=-0.98 | site=1 sd=0.36 sa=+0.01 | phero=0 pd=0.00 pa=+0.00 | srch=0.11 | wall=2.10

[DEPOSIT] Robot 2 deposited! Total: 86
  [PHERO] Laid at (2.11, -1.58) density=5 prob=0.92 total_entries=9
  [TARGET] Robot 2 → SITE (2.11,-1.58)
[DEPOSIT] Robot 1 deposited! Total: 87
  [PHERO] Laid at (1.80, 0.13) density=3 prob=0.65 total_entries=10
  [TARGET] Robot 1 → SITE (1.80,0.13)
[PICKUP] Robot 4 picked up tag (density=9) | Total: 88

======================================================================
Step 35500 (18.9 min) | Pickups: 88 | Deposits: 87 | Rate: 4.60 tags/min | phero_entries=9 phero_max=0.569
======================================================================
R1[T1][SITE      ]: L=+0.95 R=+1.00 | carry=0 | base=0.23 ba=+0.99 | site=1 sd=0.16 sa=+0.25 | phero=0 pd=0.00 pa=+0.00 | srch=0.09 | wall=2.39
R2[T1][SITE      ]: L=+1.00 R=+0.97 | carry=0 | base=0.31 ba=-0.97 | site=1 sd=0.26 sa=-0.18 | phero=0 pd=0.00 pa=+0.00 | srch=0.11 | wall=2.07
R3[T1][PHERO     ]: L=+0.32 R=+0.31 | carry=0 | base=0.36 ba=+0.81 | site=0 sd=0.00 sa=+0.00 | phero=1 pd=0.31 pa=-0.06 | srch=0.23 | wall=1.73
R4[T1][RTB       ]: L=+1.00 R=+0.95 | carry=1 | base=0.53 ba=-0.02 | site=0 sd=0.00 sa=+0.00 | phero=0 pd=0.00 pa=+0.00 | srch=0.00 | wall=1.05

[PICKUP] Robot 1 picked up tag (density=1) | Total: 89
[PICKUP] Robot 2 picked up tag (density=4) | Total: 90

======================================================================
Step 36000 (19.2 min) | Pickups: 90 | Deposits: 87 | Rate: 4.53 tags/min | phero_entries=9 phero_max=0.256
======================================================================
R1[T1][RTB       ]: L=+1.00 R=+1.00 | carry=1 | base=0.18 ba=+0.00 | site=0 sd=0.00 sa=+0.00 | phero=0 pd=0.00 pa=+0.00 | srch=0.00 | wall=2.63
R2[T1][RTB       ]: L=+1.00 R=+0.13 | carry=1 | base=0.54 ba=-0.35 | site=0 sd=0.00 sa=+0.00 | phero=0 pd=0.00 pa=+0.00 | srch=0.00 | wall=1.40
R3[T1][PHERO     ]: L=+0.31 R=+0.29 | carry=0 | base=0.52 ba=+0.91 | site=0 sd=0.00 sa=+0.00 | phero=1 pd=0.14 pa=-0.10 | srch=0.35 | wall=1.06
R4[T1][RTB       ]: L=+1.00 R=+1.00 | carry=1 | base=0.14 ba=-0.00 | site=0 sd=0.00 sa=+0.00 | phero=0 pd=0.00 pa=+0.00 | srch=0.00 | wall=2.84

[DEPOSIT] Robot 4 deposited! Total: 88
  [PHERO] Laid at (-2.56, -1.10) density=9 prob=1.00 total_entries=10
  [TARGET] Robot 4 → SITE (-2.56,-1.10)
[PICKUP] Robot 3 picked up tag (density=8) | Total: 91
[DEPOSIT] Robot 1 deposited! Total: 89
  [TARGET] Robot 1 → SITE (1.75,-0.16)

======================================================================
Step 36500 (19.5 min) | Pickups: 91 | Deposits: 89 | Rate: 4.57 tags/min | phero_entries=8 phero_max=0.544
======================================================================
R1[T1][SITE      ]: L=+1.00 R=+0.96 | carry=0 | base=0.21 ba=-0.84 | site=1 sd=0.19 sa=-0.15 | phero=0 pd=0.00 pa=+0.00 | srch=0.08 | wall=2.50
R2[T1][RTB       ]: L=+1.00 R=+1.00 | carry=1 | base=0.17 ba=-0.00 | site=0 sd=0.00 sa=+0.00 | phero=0 pd=0.00 pa=+0.00 | srch=0.00 | wall=2.85
R3[T1][RTB       ]: L=+1.00 R=+1.00 | carry=1 | base=0.37 ba=+0.00 | site=0 sd=0.00 sa=+0.00 | phero=0 pd=0.00 pa=+0.00 | srch=0.00 | wall=1.83
R4[T1][SITE      ]: L=+1.00 R=+1.00 | carry=0 | base=0.26 ba=-0.98 | site=1 sd=0.37 sa=+0.31 | phero=0 pd=0.00 pa=+0.00 | srch=0.10 | wall=2.24

[DEPOSIT] Robot 2 deposited! Total: 90
  [PHERO] Laid at (2.12, -1.62) density=4 prob=0.82 total_entries=9
  [TARGET] Robot 2 → SITE (2.12,-1.62)
[DEPOSIT] Robot 3 deposited! Total: 91
  [PHERO] Laid at (-2.58, -0.99) density=8 prob=1.00 total_entries=10
  [TARGET] Robot 3 → SITE (-2.58,-0.99)

======================================================================
Step 37000 (19.7 min) | Pickups: 91 | Deposits: 91 | Rate: 4.61 tags/min | phero_entries=10 phero_max=0.866
======================================================================
R1[T1][EXPLORE   ]: L=+1.00 R=+1.00 | carry=0 | base=0.47 ba=-0.92 | site=0 sd=0.00 sa=+0.00 | phero=0 pd=0.00 pa=+0.00 | srch=0.21 | wall=1.35
R2[T1][SITE      ]: L=+0.94 R=+1.00 | carry=0 | base=0.22 ba=+0.97 | site=1 sd=0.33 sa=+0.11 | phero=0 pd=0.00 pa=+0.00 | srch=0.09 | wall=2.62
R3[T1][BASE_ESC  ]: L=+1.00 R=+0.00 | carry=0 | base=0.05 ba=+0.74 | site=1 sd=0.51 sa=-0.33 | phero=0 pd=0.00 pa=+0.00 | srch=0.02 | wall=3.31
R4[T1][SITE      ]: L=+1.00 R=+1.00 | carry=0 | base=0.53 ba=+0.66 | site=1 sd=0.10 sa=+0.06 | phero=0 pd=0.00 pa=+0.00 | srch=0.22 | wall=0.97

[PICKUP] Robot 2 picked up tag (density=3) | Total: 92

======================================================================
Step 37500 (20.0 min) | Pickups: 92 | Deposits: 91 | Rate: 4.55 tags/min | phero_entries=8 phero_max=0.389
======================================================================
R1[T1][EXPLORE   ]: L=+1.00 R=+1.00 | carry=0 | base=0.68 ba=-0.29 | site=0 sd=0.00 sa=+0.00 | phero=0 pd=0.00 pa=+0.00 | srch=0.33 | wall=0.65
R2[T1][RTB       ]: L=+0.42 R=+1.00 | carry=1 | base=0.53 ba=+0.22 | site=0 sd=0.00 sa=+0.00 | phero=0 pd=0.00 pa=+0.00 | srch=0.00 | wall=1.53
R3[T1][SITE      ]: L=+1.00 R=+0.99 | carry=0 | base=0.40 ba=-0.82 | site=1 sd=0.20 sa=-0.09 | phero=0 pd=0.00 pa=+0.00 | srch=0.15 | wall=1.90
R4[T1][EXPLORE   ]: L=+1.00 R=+0.72 | carry=0 | base=0.72 ba=-0.64 | site=0 sd=0.00 sa=+0.00 | phero=0 pd=0.00 pa=+0.00 | srch=0.35 | wall=0.75

[PICKUP] Robot 3 picked up tag (density=7) | Total: 93

======================================================================
Step 38000 (20.3 min) | Pickups: 93 | Deposits: 91 | Rate: 4.49 tags/min | phero_entries=7 phero_max=0.175
======================================================================
R1[T1][EXPLORE   ]: L=+1.00 R=+1.00 | carry=0 | base=0.54 ba=-0.48 | site=0 sd=0.00 sa=+0.00 | phero=0 pd=0.00 pa=+0.00 | srch=0.46 | wall=1.03
R2[T1][RTB       ]: L=+1.00 R=+1.00 | carry=1 | base=0.15 ba=+0.00 | site=0 sd=0.00 sa=+0.00 | phero=0 pd=0.00 pa=+0.00 | srch=0.00 | wall=2.93
R3[T1][RTB       ]: L=+1.00 R=+1.00 | carry=1 | base=0.49 ba=-0.00 | site=0 sd=0.00 sa=+0.00 | phero=0 pd=0.00 pa=+0.00 | srch=0.00 | wall=1.18
R4[T1][EXPLORE   ]: L=+1.00 R=+1.00 | carry=0 | base=0.84 ba=+0.91 | site=0 sd=0.00 sa=+0.00 | phero=0 pd=0.00 pa=+0.00 | srch=0.47 | wall=0.53

[DEPOSIT] Robot 2 deposited! Total: 92
  [PHERO] Laid at (1.93, -1.78) density=3 prob=0.65 total_entries=8
  [TARGET] Robot 2 → SITE (1.93,-1.78)
[GIVE-UP] R4 giving up after 2166 steps

======================================================================
Step 38500 (20.5 min) | Pickups: 93 | Deposits: 92 | Rate: 4.48 tags/min | phero_entries=7 phero_max=0.553
======================================================================
R1[T1][EXPLORE   ]: L=+1.00 R=+1.00 | carry=0 | base=0.65 ba=-0.69 | site=0 sd=0.00 sa=+0.00 | phero=0 pd=0.00 pa=+0.00 | srch=0.58 | wall=0.37
R2[T1][SITE      ]: L=+1.00 R=+0.97 | carry=0 | base=0.25 ba=+0.98 | site=1 sd=0.35 sa=-0.34 | phero=0 pd=0.00 pa=+0.00 | srch=0.09 | wall=2.28
R3[T1][RTB       ]: L=+1.00 R=+1.00 | carry=1 | base=0.10 ba=-0.00 | site=0 sd=0.00 sa=+0.00 | phero=0 pd=0.00 pa=+0.00 | srch=0.00 | wall=3.03
R4[T1][GIVE_UP   ]: L=+1.00 R=+1.00 | carry=0 | base=0.62 ba=+0.00 | site=0 sd=0.00 sa=+0.00 | phero=0 pd=0.00 pa=+0.00 | srch=0.60 | wall=1.22

[DEPOSIT] Robot 3 deposited! Total: 93
  [PHERO] Laid at (-2.71, -0.89) density=7 prob=0.99 total_entries=8
  [TARGET] Robot 3 → SITE (-2.71,-0.89)

======================================================================
Step 39000 (20.8 min) | Pickups: 93 | Deposits: 93 | Rate: 4.47 tags/min | phero_entries=7 phero_max=0.498
======================================================================
R1[T1][EXPLORE   ]: L=+1.00 R=+1.00 | carry=0 | base=0.68 ba=-0.60 | site=0 sd=0.00 sa=+0.00 | phero=0 pd=0.00 pa=+0.00 | srch=0.71 | wall=1.13
R2[T1][SITE      ]: L=+1.00 R=+0.86 | carry=0 | base=0.53 ba=-0.63 | site=1 sd=0.02 sa=-0.11 | phero=0 pd=0.00 pa=+0.00 | srch=0.22 | wall=1.50
R3[T1][SITE      ]: L=+0.98 R=+1.00 | carry=0 | base=0.30 ba=+0.94 | site=1 sd=0.31 sa=+0.13 | phero=0 pd=0.00 pa=+0.00 | srch=0.11 | wall=2.03
R4[T1][GIVE_UP   ]: L=+1.00 R=+1.00 | carry=0 | base=0.23 ba=+0.00 | site=0 sd=0.00 sa=+0.00 | phero=0 pd=0.00 pa=+0.00 | srch=0.72 | wall=2.64

[EMPTY_RTN] R4 → phero(-2.58,-0.99)
[PICKUP] Robot 3 picked up tag (density=6) | Total: 94

======================================================================
Step 39500 (21.1 min) | Pickups: 94 | Deposits: 93 | Rate: 4.41 tags/min | phero_entries=5 phero_max=0.224
======================================================================
R1[T1][EXPLORE   ]: L=+1.00 R=+1.00 | carry=0 | base=0.60 ba=-0.13 | site=0 sd=0.00 sa=+0.00 | phero=0 pd=0.00 pa=+0.00 | srch=0.83 | wall=0.83
R2[T1][EXPLORE   ]: L=+1.00 R=+1.00 | carry=0 | base=0.64 ba=-0.62 | site=0 sd=0.00 sa=+0.00 | phero=0 pd=0.00 pa=+0.00 | srch=0.34 | wall=0.43
R3[T1][RTB       ]: L=+0.27 R=+1.00 | carry=1 | base=0.58 ba=+0.30 | site=0 sd=0.00 sa=+0.00 | phero=0 pd=0.00 pa=+0.00 | srch=0.00 | wall=0.80
R4[T1][PHERO     ]: L=+0.67 R=+0.67 | carry=0 | base=0.09 ba=-0.83 | site=0 sd=0.00 sa=+0.00 | phero=1 pd=0.47 pa=+0.09 | srch=0.07 | wall=3.11


======================================================================
Step 40000 (21.3 min) | Pickups: 94 | Deposits: 93 | Rate: 4.36 tags/min | phero_entries=5 phero_max=0.100
======================================================================
R1[T1][EXPLORE   ]: L=+1.00 R=+1.00 | carry=0 | base=0.29 ba=-0.31 | site=0 sd=0.00 sa=+0.00 | phero=0 pd=0.00 pa=+0.00 | srch=0.96 | wall=2.07
R2[T1][EXPLORE   ]: L=+1.00 R=+1.00 | carry=0 | base=0.42 ba=-0.32 | site=0 sd=0.00 sa=+0.00 | phero=0 pd=0.00 pa=+0.00 | srch=0.47 | wall=1.47
R3[T1][RTB       ]: L=+1.00 R=+1.00 | carry=1 | base=0.21 ba=+0.00 | site=0 sd=0.00 sa=+0.00 | phero=0 pd=0.00 pa=+0.00 | srch=0.00 | wall=2.55
R4[T1][PHERO     ]: L=+0.87 R=+0.89 | carry=0 | base=0.36 ba=+1.00 | site=0 sd=0.00 sa=+0.00 | phero=1 pd=0.20 pa=+0.10 | srch=0.19 | wall=1.75

[DEPOSIT] Robot 3 deposited! Total: 94
  [PHERO] Laid at (-2.72, -0.93) density=6 prob=0.97 total_entries=6
  [TARGET] Robot 3 → SITE (-2.72,-0.93)
[PICKUP] Robot 4 picked up tag (density=5) | Total: 95

======================================================================
Step 40500 (21.6 min) | Pickups: 95 | Deposits: 94 | Rate: 4.35 tags/min | phero_entries=5 phero_max=0.621
======================================================================
R1[T1][EXPLORE   ]: L=+1.00 R=+1.00 | carry=0 | base=0.36 ba=-0.77 | site=0 sd=0.00 sa=+0.00 | phero=0 pd=0.00 pa=+0.00 | srch=1.00 | wall=1.76
R2[T1][EXPLORE   ]: L=+1.00 R=+1.00 | carry=0 | base=0.37 ba=-0.61 | site=0 sd=0.00 sa=+0.00 | phero=0 pd=0.00 pa=+0.00 | srch=0.59 | wall=1.74
R3[T1][SITE      ]: L=+0.80 R=+0.81 | carry=0 | base=0.17 ba=-0.92 | site=1 sd=0.42 sa=+0.01 | phero=0 pd=0.00 pa=+0.00 | srch=0.07 | wall=2.78
R4[T1][RTB       ]: L=+0.99 R=+1.00 | carry=1 | base=0.51 ba=+0.00 | site=0 sd=0.00 sa=+0.00 | phero=0 pd=0.00 pa=+0.00 | srch=0.00 | wall=1.21

[GIVE-UP] R2 giving up after 2449 steps

======================================================================
Step 41000 (21.9 min) | Pickups: 95 | Deposits: 94 | Rate: 4.30 tags/min | phero_entries=4 phero_max=0.279
======================================================================
R1[T1][WALL_ESC  ]: L=+1.00 R=+0.00 | carry=0 | base=0.64 ba=-0.26 | site=0 sd=0.00 sa=+0.00 | phero=0 pd=0.00 pa=+0.00 | srch=1.00 | wall=0.34
R2[T1][GIVE_UP   ]: L=+1.00 R=+1.00 | carry=0 | base=0.12 ba=-0.00 | site=0 sd=0.00 sa=+0.00 | phero=0 pd=0.00 pa=+0.00 | srch=0.72 | wall=2.90
R3[T1][SITE      ]: L=+0.57 R=+0.57 | carry=0 | base=0.43 ba=-0.96 | site=1 sd=0.15 sa=+0.03 | phero=0 pd=0.00 pa=+0.00 | srch=0.20 | wall=1.48
R4[T1][RTB       ]: L=+1.00 R=+1.00 | carry=1 | base=0.12 ba=+0.00 | site=0 sd=0.00 sa=+0.00 | phero=0 pd=0.00 pa=+0.00 | srch=0.00 | wall=2.94

[EMPTY_RTN] R2 → phero(-2.72,-0.93)
[DEPOSIT] Robot 4 deposited! Total: 95
  [PHERO] Laid at (-2.63, -1.13) density=5 prob=0.92 total_entries=5
  [TARGET] Robot 4 → SITE (-2.63,-1.13)

======================================================================
Step 41500 (22.1 min) | Pickups: 95 | Deposits: 95 | Rate: 4.29 tags/min | phero_entries=4 phero_max=0.523
======================================================================
R1[T1][EXPLORE   ]: L=+1.00 R=+1.00 | carry=0 | base=0.56 ba=-0.56 | site=0 sd=0.00 sa=+0.00 | phero=0 pd=0.00 pa=+0.00 | srch=1.00 | wall=1.46
R2[T1][PHERO     ]: L=+0.99 R=+1.00 | carry=0 | base=0.27 ba=+0.97 | site=0 sd=0.00 sa=+0.00 | phero=1 pd=0.35 pa=+0.19 | srch=0.10 | wall=2.18
R3[T1][SITE      ]: L=+0.63 R=+0.63 | carry=0 | base=0.56 ba=+0.97 | site=1 sd=0.02 sa=+0.00 | phero=0 pd=0.00 pa=+0.00 | srch=0.32 | wall=0.85
R4[T1][SITE      ]: L=+1.00 R=+1.00 | carry=0 | base=0.26 ba=-0.97 | site=1 sd=0.32 sa=+0.05 | phero=0 pd=0.00 pa=+0.00 | srch=0.10 | wall=2.30

[PICKUP] Robot 1 picked up tag (density=16) | Total: 96
[PICKUP] Robot 3 picked up tag (density=4) | Total: 97
[PICKUP] Robot 4 picked up tag (density=3) | Total: 98

======================================================================
Step 42000 (22.4 min) | Pickups: 98 | Deposits: 95 | Rate: 4.24 tags/min | phero_entries=4 phero_max=0.235
======================================================================
R1[T1][RTB       ]: L=+1.00 R=+1.00 | carry=1 | base=0.22 ba=-0.00 | site=0 sd=0.00 sa=+0.00 | phero=0 pd=0.00 pa=+0.00 | srch=0.00 | wall=2.70
R2[T1][PHERO     ]: L=+0.40 R=+1.00 | carry=0 | base=0.59 ba=+0.53 | site=0 sd=0.00 sa=+0.00 | phero=1 pd=0.01 pa=+0.24 | srch=0.23 | wall=0.74
R3[T1][RTB       ]: L=+1.00 R=+1.00 | carry=1 | base=0.32 ba=-0.00 | site=0 sd=0.00 sa=+0.00 | phero=0 pd=0.00 pa=+0.00 | srch=0.00 | wall=2.04
R4[T1][RTB       ]: L=+0.00 R=+1.00 | carry=1 | base=0.60 ba=+0.51 | site=0 sd=0.00 sa=+0.00 | phero=0 pd=0.00 pa=+0.00 | srch=0.00 | wall=0.78

[PICKUP] Robot 2 picked up tag (density=2) | Total: 99
[DEPOSIT] Robot 1 deposited! Total: 96
  [PHERO] Laid at (1.91, 2.00) density=16 prob=1.00 total_entries=5
  [TARGET] Robot 1 → SITE (1.91,2.00)
[DEPOSIT] Robot 3 deposited! Total: 97
  [PHERO] Laid at (-2.72, -0.93) density=4 prob=0.82 total_entries=6
  [TARGET] Robot 3 → SITE (-2.72,-0.93)

======================================================================
Step 42500 (22.7 min) | Pickups: 99 | Deposits: 97 | Rate: 4.28 tags/min | phero_entries=5 phero_max=0.777
======================================================================
R1[T1][SITE      ]: L=+1.00 R=+1.00 | carry=0 | base=0.18 ba=-0.97 | site=1 sd=0.42 sa=+0.27 | phero=0 pd=0.00 pa=+0.00 | srch=0.07 | wall=2.66
R2[T1][RTB       ]: L=+1.00 R=+1.00 | carry=1 | base=0.25 ba=+0.00 | site=0 sd=0.00 sa=+0.00 | phero=0 pd=0.00 pa=+0.00 | srch=0.00 | wall=2.34
R3[T1][SITE      ]: L=+0.64 R=+0.64 | carry=0 | base=0.06 ba=+0.83 | site=1 sd=0.52 sa=-0.13 | phero=0 pd=0.00 pa=+0.00 | srch=0.04 | wall=3.21
R4[T1][RTB       ]: L=+1.00 R=+1.00 | carry=1 | base=0.25 ba=+0.00 | site=0 sd=0.00 sa=+0.00 | phero=0 pd=0.00 pa=+0.00 | srch=0.00 | wall=2.36

[PICKUP] Robot 1 picked up tag (density=1) | Total: 100
[DEPOSIT] Robot 2 deposited! Total: 98
  [TARGET] Robot 2 → PHERO (-2.72,-0.93)
[DEPOSIT] Robot 4 deposited! Total: 99
  [TARGET] Robot 4 → SITE (-2.71,-1.18)

======================================================================
Step 43000 (22.9 min) | Pickups: 100 | Deposits: 99 | Rate: 4.32 tags/min | phero_entries=4 phero_max=0.349
======================================================================
R1[T1][RTB       ]: L=+1.00 R=+1.00 | carry=1 | base=0.24 ba=-0.00 | site=0 sd=0.00 sa=+0.00 | phero=0 pd=0.00 pa=+0.00 | srch=0.00 | wall=2.33
R2[T1][PHERO     ]: L=+1.00 R=+0.81 | carry=0 | base=0.14 ba=-0.94 | site=0 sd=0.00 sa=+0.00 | phero=1 pd=0.47 pa=-0.17 | srch=0.06 | wall=2.96
R3[T1][SITE      ]: L=+0.86 R=+0.95 | carry=0 | base=0.32 ba=-0.94 | site=1 sd=0.26 sa=+0.05 | phero=0 pd=0.00 pa=+0.00 | srch=0.16 | wall=1.99
R4[T1][SITE      ]: L=+1.00 R=+0.89 | carry=0 | base=0.10 ba=-0.93 | site=1 sd=0.50 sa=-0.01 | phero=0 pd=0.00 pa=+0.00 | srch=0.05 | wall=3.09

[DEPOSIT] Robot 1 deposited! Total: 100
  [PHERO] Laid at (1.71, 0.40) density=1 prob=0.20 total_entries=5
  [TARGET] Robot 1 → SITE (1.71,0.40)

======================================================================
Step 43500 (23.2 min) | Pickups: 100 | Deposits: 100 | Rate: 4.31 tags/min | phero_entries=5 phero_max=0.663
======================================================================
R1[T1][SITE      ]: L=+1.00 R=+1.00 | carry=0 | base=0.16 ba=+0.98 | site=1 sd=0.23 sa=+0.25 | phero=0 pd=0.00 pa=+0.00 | srch=0.06 | wall=2.73
R2[T1][PHERO     ]: L=+1.00 R=+1.00 | carry=0 | base=0.49 ba=-0.86 | site=0 sd=0.00 sa=+0.00 | phero=1 pd=0.11 pa=-0.03 | srch=0.18 | wall=1.31
R3[T1][EXPLORE   ]: L=+1.00 R=+0.93 | carry=0 | base=0.59 ba=-0.84 | site=0 sd=0.00 sa=+0.00 | phero=0 pd=0.00 pa=+0.00 | srch=0.29 | wall=0.75
R4[T1][SITE      ]: L=+0.95 R=+1.00 | carry=0 | base=0.48 ba=+0.98 | site=1 sd=0.12 sa=+0.09 | phero=0 pd=0.00 pa=+0.00 | srch=0.17 | wall=1.26

[PICKUP] Robot 3 picked up tag (density=1) | Total: 101

======================================================================
Step 44000 (23.5 min) | Pickups: 101 | Deposits: 100 | Rate: 4.26 tags/min | phero_entries=5 phero_max=0.298
======================================================================
R1[T1][SITE      ]: L=+0.96 R=+1.00 | carry=0 | base=0.49 ba=+0.68 | site=1 sd=0.17 sa=+0.52 | phero=0 pd=0.00 pa=+0.00 | srch=0.19 | wall=1.06
R2[T1][PHERO     ]: L=+1.00 R=+0.45 | carry=0 | base=0.59 ba=-0.83 | site=0 sd=0.00 sa=+0.00 | phero=1 pd=0.03 pa=-0.47 | srch=0.31 | wall=0.77
R3[T1][RTB       ]: L=+1.00 R=+1.00 | carry=1 | base=0.30 ba=-0.00 | site=0 sd=0.00 sa=+0.00 | phero=0 pd=0.00 pa=+0.00 | srch=0.00 | wall=2.08
R4[T1][EXPLORE   ]: L=+1.00 R=+0.71 | carry=0 | base=0.67 ba=+0.05 | site=0 sd=0.00 sa=+0.00 | phero=0 pd=0.00 pa=+0.00 | srch=0.30 | wall=0.43

[DEPOSIT] Robot 3 deposited! Total: 101
  [TARGET] Robot 3 → SITE (-2.82,-0.90)
[GIVE-UP] R4 giving up after 1536 steps
[GIVE-UP] R4 giving up after 1614 steps

======================================================================
Step 44500 (23.7 min) | Pickups: 101 | Deposits: 101 | Rate: 4.26 tags/min | phero_entries=5 phero_max=0.134
======================================================================
R1[T1][SITE      ]: L=+0.97 R=+1.00 | carry=0 | base=0.38 ba=+0.16 | site=1 sd=0.14 sa=+0.54 | phero=0 pd=0.00 pa=+0.00 | srch=0.31 | wall=1.96
R2[T1][EXPLORE   ]: L=+1.00 R=+1.00 | carry=0 | base=0.63 ba=-0.67 | site=0 sd=0.00 sa=+0.00 | phero=0 pd=0.00 pa=+0.00 | srch=0.43 | wall=0.47
R3[T1][SITE      ]: L=+0.98 R=+1.00 | carry=0 | base=0.10 ba=+0.98 | site=1 sd=0.50 sa=+0.08 | phero=0 pd=0.00 pa=+0.00 | srch=0.05 | wall=3.02
R4[T1][GIVE_UP   ]: L=+1.00 R=+1.00 | carry=0 | base=0.61 ba=-0.00 | site=0 sd=0.00 sa=+0.00 | phero=0 pd=0.00 pa=+0.00 | srch=0.42 | wall=0.81


======================================================================
Step 45000 (24.0 min) | Pickups: 101 | Deposits: 101 | Rate: 4.21 tags/min | phero_entries=4 phero_max=0.060
======================================================================
R1[T1][SITE      ]: L=+0.86 R=+1.00 | carry=0 | base=0.36 ba=+0.95 | site=1 sd=0.07 sa=+0.52 | phero=0 pd=0.00 pa=+0.00 | srch=0.44 | wall=1.70
R2[T1][EXPLORE   ]: L=+1.00 R=+1.00 | carry=0 | base=0.43 ba=-0.32 | site=0 sd=0.00 sa=+0.00 | phero=0 pd=0.00 pa=+0.00 | srch=0.56 | wall=1.43
R3[T1][SITE      ]: L=+0.99 R=+1.00 | carry=0 | base=0.48 ba=+0.92 | site=1 sd=0.13 sa=+0.04 | phero=0 pd=0.00 pa=+0.00 | srch=0.17 | wall=1.19
R4[T1][GIVE_UP   ]: L=+1.00 R=+1.00 | carry=0 | base=0.22 ba=-0.00 | site=0 sd=0.00 sa=+0.00 | phero=0 pd=0.00 pa=+0.00 | srch=0.55 | wall=2.52

[EMPTY_RTN] R4 → phero(1.91,2.00)

======================================================================
Step 45500 (24.3 min) | Pickups: 101 | Deposits: 101 | Rate: 4.16 tags/min | phero_entries=3 phero_max=0.027
======================================================================
R1[T1][EXPLORE   ]: L=+0.82 R=+1.00 | carry=0 | base=0.43 ba=+0.96 | site=0 sd=0.00 sa=+0.00 | phero=0 pd=0.00 pa=+0.00 | srch=0.56 | wall=1.41
R2[T1][EXPLORE   ]: L=+1.00 R=+1.00 | carry=0 | base=0.26 ba=+0.42 | site=0 sd=0.00 sa=+0.00 | phero=0 pd=0.00 pa=+0.00 | srch=0.68 | wall=2.39
R3[T1][EXPLORE   ]: L=+1.00 R=+0.81 | carry=0 | base=0.64 ba=+0.45 | site=0 sd=0.00 sa=+0.00 | phero=0 pd=0.00 pa=+0.00 | srch=0.30 | wall=0.77
R4[T1][BASE_ESC  ]: L=+0.00 R=+1.00 | carry=0 | base=0.05 ba=-0.68 | site=0 sd=0.00 sa=+0.00 | phero=1 pd=0.59 pa=-0.43 | srch=0.07 | wall=3.25

[GIVE-UP] R1 giving up after 2471 steps

======================================================================
Step 46000 (24.5 min) | Pickups: 101 | Deposits: 101 | Rate: 4.12 tags/min | phero_entries=3 phero_max=0.012
======================================================================
R1[T1][GIVE_UP   ]: L=+1.00 R=+1.00 | carry=0 | base=0.46 ba=+0.00 | site=0 sd=0.00 sa=+0.00 | phero=0 pd=0.00 pa=+0.00 | srch=0.69 | wall=1.34
R2[T1][EXPLORE   ]: L=+1.00 R=+1.00 | carry=0 | base=0.41 ba=+0.79 | site=0 sd=0.00 sa=+0.00 | phero=0 pd=0.00 pa=+0.00 | srch=0.81 | wall=1.79
R3[T1][WALL_ESC  ]: L=+0.00 R=+1.00 | carry=0 | base=0.73 ba=+0.42 | site=0 sd=0.00 sa=+0.00 | phero=0 pd=0.00 pa=+0.00 | srch=0.42 | wall=0.33
R4[T1][PHERO     ]: L=+1.00 R=+1.00 | carry=0 | base=0.23 ba=-0.93 | site=0 sd=0.00 sa=+0.00 | phero=1 pd=0.33 pa=-0.01 | srch=0.19 | wall=2.56


======================================================================
Step 46500 (24.8 min) | Pickups: 101 | Deposits: 101 | Rate: 4.07 tags/min | phero_entries=3 phero_max=0.005
======================================================================
R1[T1][GIVE_UP   ]: L=+1.00 R=+1.00 | carry=0 | base=0.07 ba=+0.00 | site=0 sd=0.00 sa=+0.00 | phero=0 pd=0.00 pa=+0.00 | srch=0.81 | wall=3.18
R2[T1][EXPLORE   ]: L=+1.00 R=+1.00 | carry=0 | base=0.76 ba=+0.89 | site=0 sd=0.00 sa=+0.00 | phero=0 pd=0.00 pa=+0.00 | srch=0.93 | wall=0.56
R3[T1][EXPLORE   ]: L=+1.00 R=+1.00 | carry=0 | base=0.41 ba=+0.20 | site=0 sd=0.00 sa=+0.00 | phero=0 pd=0.00 pa=+0.00 | srch=0.55 | wall=1.51
R4[T1][EXPLORE   ]: L=+1.00 R=+1.00 | carry=0 | base=0.61 ba=+0.99 | site=0 sd=0.00 sa=+0.00 | phero=0 pd=0.00 pa=+0.00 | srch=0.32 | wall=1.30

[EMPTY_RTN] R1 → phero(1.71,0.40)
TIMEOUT_RESULT pickups=101 deposits=101 steps=46875 elapsed_min=25.000000
BATCH_RESULT pickups=101 deposits=101
