Gym has been unmaintained since 2022 and does not support NumPy 2.0 amongst other critical functionality.
Please upgrade to Gymnasium, the maintained drop-in replacement of Gym, or contact the authors of your software and request that they upgrade.
Users of this version of Gym should be able to simply replace 'import gym' with 'import gymnasium as gym' in the vast majority of cases.
See the migration guide at https://gymnasium.farama.org/introduction/migration_guide/ for additional information.
============================================================
EVALUATION MODE — CPFA-RL Trained Model
Arena: 7×7m  |  Robots: 4  (teams of 4: 1)  |  Tags: 128
Obs per team: 18 × 4 = 72  |  Total obs dim: 72
============================================================

Loading model: ppo_cpfa_v9
Model loaded. Starting evaluation...

============================================================

[PICKUP] Robot 2 picked up tag (density=9) | Total: 1
[DEPOSIT] Robot 2 deposited! Total: 1
  [PHERO] Laid at (0.22, 0.52) density=9 prob=1.00 total_entries=1
  [TARGET] Robot 2 → SITE (0.22,0.52)
[PICKUP] Robot 3 picked up tag (density=9) | Total: 2
[PICKUP] Robot 2 picked up tag (density=8) | Total: 3
[DEPOSIT] Robot 3 deposited! Total: 2
  [PHERO] Laid at (-0.48, -0.31) density=9 prob=1.00 total_entries=2
  [TARGET] Robot 3 → SITE (-0.48,-0.31)

======================================================================
Step 500 (0.3 min) | Pickups: 3 | Deposits: 2 | Rate: 7.50 tags/min | phero_entries=2 phero_max=0.941
======================================================================
R1[T1][EXPLORE   ]: L=+1.00 R=+1.00 | carry=0 | base=0.49 ba=+1.00 | site=0 sd=0.00 sa=+0.00 | phero=0 pd=0.00 pa=+0.00 | srch=0.12 | wall=1.08
R2[T1][RTB       ]: L=+0.42 R=+1.00 | carry=1 | base=0.09 ba=+0.22 | site=0 sd=0.00 sa=+0.00 | phero=0 pd=0.00 pa=+0.00 | srch=0.00 | wall=3.12
R3[T1][BASE_ESC  ]: L=+1.00 R=+0.00 | carry=0 | base=0.05 ba=+0.34 | site=1 sd=0.07 sa=-0.80 | phero=0 pd=0.00 pa=+0.00 | srch=0.01 | wall=3.33
R4[T1][EXPLORE   ]: L=+1.00 R=+1.00 | carry=0 | base=0.38 ba=-0.73 | site=0 sd=0.00 sa=+0.00 | phero=0 pd=0.00 pa=+0.00 | srch=0.12 | wall=1.94

[DEPOSIT] Robot 2 deposited! Total: 3
  [PHERO] Laid at (0.27, 0.35) density=8 prob=1.00 total_entries=3
  [TARGET] Robot 2 → SITE (0.27,0.35)
[PICKUP] Robot 3 picked up tag (density=8) | Total: 4
[DEPOSIT] Robot 3 deposited! Total: 4
  [PHERO] Laid at (-0.34, -0.31) density=8 prob=1.00 total_entries=4
  [TARGET] Robot 3 → SITE (-0.34,-0.31)
[PICKUP] Robot 2 picked up tag (density=7) | Total: 5
[GIVE-UP] R1 giving up after 858 steps
[DEPOSIT] Robot 2 deposited! Total: 5
  [PHERO] Laid at (0.30, 0.44) density=7 prob=0.99 total_entries=5
  [TARGET] Robot 2 → SITE (0.30,0.44)

======================================================================
Step 1000 (0.5 min) | Pickups: 5 | Deposits: 5 | Rate: 9.38 tags/min | phero_entries=5 phero_max=0.926
======================================================================
R1[T1][GIVE_UP   ]: L=+1.00 R=+1.00 | carry=0 | base=0.50 ba=+0.00 | site=0 sd=0.00 sa=+0.00 | phero=0 pd=0.00 pa=+0.00 | srch=0.25 | wall=1.04
R2[T1][BASE_ESC  ]: L=+0.00 R=+1.00 | carry=0 | base=0.04 ba=-0.43 | site=1 sd=0.07 sa=+0.72 | phero=0 pd=0.00 pa=+0.00 | srch=0.01 | wall=3.33
R3[T1][SITE      ]: L=+0.64 R=+0.64 | carry=0 | base=0.06 ba=+0.73 | site=1 sd=0.04 sa=-0.03 | phero=0 pd=0.00 pa=+0.00 | srch=0.05 | wall=3.22
R4[T1][EXPLORE   ]: L=+1.00 R=+0.74 | carry=0 | base=0.40 ba=-0.45 | site=0 sd=0.00 sa=+0.00 | phero=0 pd=0.00 pa=+0.00 | srch=0.25 | wall=2.05

[PICKUP] Robot 3 picked up tag (density=7) | Total: 6
[GIVE-UP] R1 giving up after 1092 steps
[PICKUP] Robot 2 picked up tag (density=6) | Total: 7
[DEPOSIT] Robot 3 deposited! Total: 6
  [PHERO] Laid at (-0.36, -0.39) density=7 prob=0.99 total_entries=6
  [TARGET] Robot 3 → SITE (-0.36,-0.39)
[DEPOSIT] Robot 2 deposited! Total: 7
  [PHERO] Laid at (0.33, 0.45) density=6 prob=0.97 total_entries=7
  [TARGET] Robot 2 → SITE (0.33,0.45)
[GIVE-UP] R4 giving up after 1482 steps

======================================================================
Step 1500 (0.8 min) | Pickups: 7 | Deposits: 7 | Rate: 8.75 tags/min | phero_entries=7 phero_max=0.793
======================================================================
R1[T1][GIVE_UP   ]: L=+1.00 R=+1.00 | carry=0 | base=0.11 ba=+0.00 | site=0 sd=0.00 sa=+0.00 | phero=0 pd=0.00 pa=+0.00 | srch=0.38 | wall=2.96
R2[T1][SITE      ]: L=+1.00 R=+0.00 | carry=0 | base=0.06 ba=-0.88 | site=1 sd=0.07 sa=-0.19 | phero=0 pd=0.00 pa=+0.00 | srch=0.04 | wall=3.21
R3[T1][EXPLORE   ]: L=+1.00 R=+1.00 | carry=0 | base=0.11 ba=-0.77 | site=0 sd=0.00 sa=+0.00 | phero=0 pd=0.00 pa=+0.00 | srch=0.06 | wall=3.10
R4[T1][GIVE_UP   ]: L=+0.94 R=+1.00 | carry=0 | base=0.23 ba=+0.02 | site=0 sd=0.00 sa=+0.00 | phero=0 pd=0.00 pa=+0.00 | srch=0.38 | wall=2.39

[PICKUP] Robot 3 picked up tag (density=6) | Total: 8
[EMPTY_RTN] R1 → phero(0.33,0.45)
[PICKUP] Robot 2 picked up tag (density=5) | Total: 9
[DEPOSIT] Robot 3 deposited! Total: 8
  [PHERO] Laid at (-0.39, -0.40) density=6 prob=0.97 total_entries=8
  [TARGET] Robot 3 → SITE (-0.39,-0.40)
[EMPTY_RTN] R4 → phero(-0.39,-0.40)
[DEPOSIT] Robot 2 deposited! Total: 9
  [PHERO] Laid at (0.30, 0.48) density=5 prob=0.92 total_entries=9
  [TARGET] Robot 2 → SITE (0.30,0.48)
[PICKUP] Robot 1 picked up tag (density=4) | Total: 10
[PICKUP] Robot 3 picked up tag (density=5) | Total: 11
[DEPOSIT] Robot 1 deposited! Total: 10
  [PHERO] Laid at (0.48, 0.32) density=4 prob=0.82 total_entries=10
  [TARGET] Robot 1 → SITE (0.48,0.32)

======================================================================
Step 2000 (1.1 min) | Pickups: 11 | Deposits: 10 | Rate: 9.38 tags/min | phero_entries=10 phero_max=0.972
======================================================================
R1[T1][BASE_ESC  ]: L=+1.00 R=+0.00 | carry=0 | base=0.05 ba=+0.11 | site=1 sd=0.07 sa=+0.95 | phero=0 pd=0.00 pa=+0.00 | srch=0.00 | wall=3.32
R2[T1][SITE      ]: L=+0.41 R=+1.00 | carry=0 | base=0.05 ba=+0.77 | site=1 sd=0.07 sa=-0.01 | phero=0 pd=0.00 pa=+0.00 | srch=0.06 | wall=3.29
R3[T1][RTB       ]: L=+0.00 R=+1.00 | carry=1 | base=0.12 ba=+0.43 | site=0 sd=0.00 sa=+0.00 | phero=0 pd=0.00 pa=+0.00 | srch=0.00 | wall=3.05
R4[T1][PHERO     ]: L=+0.26 R=+0.22 | carry=0 | base=0.08 ba=-0.79 | site=0 sd=0.00 sa=+0.00 | phero=1 pd=0.03 pa=+0.01 | srch=0.07 | wall=3.15

[PICKUP] Robot 4 picked up tag (density=4) | Total: 12
[DEPOSIT] Robot 3 deposited! Total: 11
  [PHERO] Laid at (-0.38, -0.42) density=5 prob=0.92 total_entries=11
  [TARGET] Robot 3 → SITE (-0.38,-0.42)
[PICKUP] Robot 2 picked up tag (density=3) | Total: 13
[DEPOSIT] Robot 4 deposited! Total: 12
  [PHERO] Laid at (-0.45, -0.41) density=4 prob=0.82 total_entries=12
  [TARGET] Robot 4 → SITE (-0.45,-0.41)
[DEPOSIT] Robot 2 deposited! Total: 13
  [PHERO] Laid at (0.35, 0.51) density=3 prob=0.65 total_entries=13
  [TARGET] Robot 2 → SITE (0.35,0.51)

======================================================================
Step 2500 (1.3 min) | Pickups: 13 | Deposits: 13 | Rate: 9.75 tags/min | phero_entries=13 phero_max=0.827
======================================================================
R1[T1][EXPLORE   ]: L=+1.00 R=+1.00 | carry=0 | base=0.29 ba=-0.92 | site=0 sd=0.00 sa=+0.00 | phero=0 pd=0.00 pa=+0.00 | srch=0.13 | wall=2.13
R2[T1][SITE      ]: L=-0.58 R=+1.00 | carry=0 | base=0.05 ba=-0.94 | site=1 sd=0.08 sa=+0.29 | phero=0 pd=0.00 pa=+0.00 | srch=0.03 | wall=3.28
R3[T1][SITE      ]: L=+0.45 R=+0.44 | carry=0 | base=0.07 ba=-0.80 | site=1 sd=0.05 sa=+0.01 | phero=0 pd=0.00 pa=+0.00 | srch=0.09 | wall=3.21
R4[T1][SITE      ]: L=+0.61 R=+0.73 | carry=0 | base=0.11 ba=+0.77 | site=1 sd=0.02 sa=+0.11 | phero=0 pd=0.00 pa=+0.00 | srch=0.06 | wall=3.04

[PICKUP] Robot 4 picked up tag (density=3) | Total: 14
[DEPOSIT] Robot 4 deposited! Total: 14
  [TARGET] Robot 4 → SITE (-0.46,-0.47)
[PICKUP] Robot 2 picked up tag (density=12) | Total: 15

======================================================================
Step 3000 (1.6 min) | Pickups: 15 | Deposits: 14 | Rate: 8.75 tags/min | phero_entries=13 phero_max=0.371
======================================================================
R1[T1][WALL_ESC  ]: L=+0.00 R=+1.00 | carry=0 | base=0.65 ba=+0.70 | site=0 sd=0.00 sa=+0.00 | phero=0 pd=0.00 pa=+0.00 | srch=0.25 | wall=0.33
R2[T1][RTB       ]: L=+0.43 R=+1.00 | carry=1 | base=0.31 ba=+0.22 | site=0 sd=0.00 sa=+0.00 | phero=0 pd=0.00 pa=+0.00 | srch=0.00 | wall=1.98
R3[T1][SITE      ]: L=+0.17 R=+0.18 | carry=0 | base=0.09 ba=-0.97 | site=1 sd=0.02 sa=+0.02 | phero=0 pd=0.00 pa=+0.00 | srch=0.22 | wall=3.17
R4[T1][SITE      ]: L=+0.83 R=+1.00 | carry=0 | base=0.09 ba=-0.84 | site=1 sd=0.05 sa=+0.32 | phero=0 pd=0.00 pa=+0.00 | srch=0.06 | wall=3.14

[PICKUP] Robot 3 picked up tag (density=2) | Total: 16
[PICKUP] Robot 4 picked up tag (density=1) | Total: 17
[DEPOSIT] Robot 3 deposited! Total: 15
  [TARGET] Robot 3 → SITE (-0.44,-0.48)
[DEPOSIT] Robot 2 deposited! Total: 16
  [PHERO] Laid at (0.20, 1.51) density=12 prob=1.00 total_entries=14
  [TARGET] Robot 2 → SITE (0.20,1.51)
[DEPOSIT] Robot 4 deposited! Total: 17
  [TARGET] Robot 4 → SITE (-0.54,-0.46)

======================================================================
Step 3500 (1.9 min) | Pickups: 17 | Deposits: 17 | Rate: 9.11 tags/min | phero_entries=14 phero_max=0.784
======================================================================
R1[T1][EXPLORE   ]: L=+1.00 R=+1.00 | carry=0 | base=0.40 ba=+0.30 | site=0 sd=0.00 sa=+0.00 | phero=0 pd=0.00 pa=+0.00 | srch=0.38 | wall=1.84
R2[T1][SITE      ]: L=+1.00 R=+0.65 | carry=0 | base=0.07 ba=-0.89 | site=1 sd=0.24 sa=-0.02 | phero=0 pd=0.00 pa=+0.00 | srch=0.04 | wall=3.16
R3[T1][SITE      ]: L=+0.91 R=+0.94 | carry=0 | base=0.07 ba=+0.81 | site=1 sd=0.07 sa=+0.03 | phero=0 pd=0.00 pa=+0.00 | srch=0.04 | wall=3.18
R4[T1][SITE      ]: L=+1.00 R=+0.48 | carry=0 | base=0.06 ba=-0.83 | site=1 sd=0.09 sa=-0.02 | phero=0 pd=0.00 pa=+0.00 | srch=0.04 | wall=3.25

[PICKUP] Robot 1 picked up tag (density=11) | Total: 18
[PICKUP] Robot 2 picked up tag (density=10) | Total: 19

======================================================================
Step 4000 (2.1 min) | Pickups: 19 | Deposits: 17 | Rate: 7.97 tags/min | phero_entries=14 phero_max=0.352
======================================================================
R1[T1][RTB       ]: L=+1.00 R=+1.00 | carry=1 | base=0.23 ba=+0.00 | site=0 sd=0.00 sa=+0.00 | phero=0 pd=0.00 pa=+0.00 | srch=0.00 | wall=2.39
R2[T1][RTB       ]: L=+1.00 R=+0.85 | carry=1 | base=0.30 ba=-0.06 | site=0 sd=0.00 sa=+0.00 | phero=0 pd=0.00 pa=+0.00 | srch=0.00 | wall=2.06
R3[T1][EXPLORE   ]: L=+1.00 R=+1.00 | carry=0 | base=0.43 ba=+0.96 | site=0 sd=0.00 sa=+0.00 | phero=0 pd=0.00 pa=+0.00 | srch=0.17 | wall=1.56
R4[T1][EXPLORE   ]: L=+1.00 R=+1.00 | carry=0 | base=0.42 ba=+0.99 | site=0 sd=0.00 sa=+0.00 | phero=0 pd=0.00 pa=+0.00 | srch=0.16 | wall=1.98

[DEPOSIT] Robot 1 deposited! Total: 18
  [PHERO] Laid at (0.49, 1.55) density=11 prob=1.00 total_entries=15
  [TARGET] Robot 1 → SITE (0.49,1.55)
[DEPOSIT] Robot 2 deposited! Total: 19
  [PHERO] Laid at (0.21, 1.55) density=10 prob=1.00 total_entries=16
  [TARGET] Robot 2 → SITE (0.21,1.55)

======================================================================
Step 4500 (2.4 min) | Pickups: 19 | Deposits: 19 | Rate: 7.92 tags/min | phero_entries=16 phero_max=0.756
======================================================================
R1[T1][SITE      ]: L=+1.00 R=+1.00 | carry=0 | base=0.16 ba=+0.99 | site=1 sd=0.19 sa=-0.26 | phero=0 pd=0.00 pa=+0.00 | srch=0.07 | wall=2.70
R2[T1][SITE      ]: L=+1.00 R=+1.00 | carry=0 | base=0.10 ba=+1.00 | site=1 sd=0.22 sa=+0.15 | phero=0 pd=0.00 pa=+0.00 | srch=0.04 | wall=3.06
R3[T1][EXPLORE   ]: L=+1.00 R=+1.00 | carry=0 | base=0.65 ba=+0.08 | site=0 sd=0.00 sa=+0.00 | phero=0 pd=0.00 pa=+0.00 | srch=0.29 | wall=0.49
R4[T1][EXPLORE   ]: L=+1.00 R=+1.00 | carry=0 | base=0.81 ba=+0.99 | site=0 sd=0.00 sa=+0.00 | phero=0 pd=0.00 pa=+0.00 | srch=0.29 | wall=0.64

[PICKUP] Robot 2 picked up tag (density=9) | Total: 20
[GIVE-UP] R4 giving up after 1527 steps
[PICKUP] Robot 3 picked up tag (density=12) | Total: 21

======================================================================
Step 5000 (2.7 min) | Pickups: 21 | Deposits: 19 | Rate: 7.12 tags/min | phero_entries=13 phero_max=0.340
======================================================================
R1[T1][EXPLORE   ]: L=+1.00 R=+1.00 | carry=0 | base=0.45 ba=-0.80 | site=0 sd=0.00 sa=+0.00 | phero=0 pd=0.00 pa=+0.00 | srch=0.19 | wall=1.68
R2[T1][RTB       ]: L=+1.00 R=+1.00 | carry=1 | base=0.25 ba=+0.00 | site=0 sd=0.00 sa=+0.00 | phero=0 pd=0.00 pa=+0.00 | srch=0.00 | wall=2.27
R3[T1][RTB       ]: L=+1.00 R=+1.00 | carry=1 | base=0.29 ba=+0.00 | site=0 sd=0.00 sa=+0.00 | phero=0 pd=0.00 pa=+0.00 | srch=0.00 | wall=2.08
R4[T1][GIVE_UP   ]: L=+1.00 R=+1.00 | carry=0 | base=0.70 ba=+0.00 | site=0 sd=0.00 sa=+0.00 | phero=0 pd=0.00 pa=+0.00 | srch=0.41 | wall=0.87

[DEPOSIT] Robot 2 deposited! Total: 20
  [PHERO] Laid at (0.21, 1.59) density=9 prob=1.00 total_entries=13
  [TARGET] Robot 2 → SITE (0.21,1.59)
[DEPOSIT] Robot 3 deposited! Total: 21
  [PHERO] Laid at (-0.23, -1.75) density=12 prob=1.00 total_entries=13
  [TARGET] Robot 3 → SITE (-0.23,-1.75)

======================================================================
Step 5500 (2.9 min) | Pickups: 21 | Deposits: 21 | Rate: 7.16 tags/min | phero_entries=13 phero_max=0.736
======================================================================
R1[T1][EXPLORE   ]: L=+1.00 R=+1.00 | carry=0 | base=0.80 ba=+0.98 | site=0 sd=0.00 sa=+0.00 | phero=0 pd=0.00 pa=+0.00 | srch=0.32 | wall=0.58
R2[T1][SITE      ]: L=+1.00 R=+1.00 | carry=0 | base=0.15 ba=+0.97 | site=1 sd=0.21 sa=-0.31 | phero=0 pd=0.00 pa=+0.00 | srch=0.06 | wall=2.81
R3[T1][SITE      ]: L=+1.00 R=+0.98 | carry=0 | base=0.11 ba=+0.97 | site=1 sd=0.26 sa=-0.22 | phero=0 pd=0.00 pa=+0.00 | srch=0.05 | wall=2.98
R4[T1][GIVE_UP   ]: L=+1.00 R=+1.00 | carry=0 | base=0.31 ba=+0.00 | site=0 sd=0.00 sa=+0.00 | phero=0 pd=0.00 pa=+0.00 | srch=0.54 | wall=2.33

[PICKUP] Robot 3 picked up tag (density=11) | Total: 22
[EMPTY_RTN] R4 → phero(0.21,1.59)
[PICKUP] Robot 2 picked up tag (density=8) | Total: 23

======================================================================
Step 6000 (3.2 min) | Pickups: 23 | Deposits: 21 | Rate: 6.56 tags/min | phero_entries=10 phero_max=0.330
======================================================================
R1[T1][EXPLORE   ]: L=+1.00 R=+1.00 | carry=0 | base=0.71 ba=+0.17 | site=0 sd=0.00 sa=+0.00 | phero=0 pd=0.00 pa=+0.00 | srch=0.44 | wall=0.65
R2[T1][RTB       ]: L=+1.00 R=+0.63 | carry=1 | base=0.36 ba=-0.15 | site=0 sd=0.00 sa=+0.00 | phero=0 pd=0.00 pa=+0.00 | srch=0.00 | wall=1.71
R3[T1][RTB       ]: L=+1.00 R=+1.00 | carry=1 | base=0.22 ba=-0.00 | site=0 sd=0.00 sa=+0.00 | phero=0 pd=0.00 pa=+0.00 | srch=0.00 | wall=2.43
R4[T1][PHERO     ]: L=-0.09 R=+1.00 | carry=0 | base=0.05 ba=+0.39 | site=0 sd=0.00 sa=+0.00 | phero=1 pd=0.37 pa=+0.48 | srch=0.04 | wall=3.27

[DEPOSIT] Robot 3 deposited! Total: 22
  [PHERO] Laid at (0.13, -1.54) density=11 prob=1.00 total_entries=10
  [TARGET] Robot 3 → SITE (0.13,-1.54)
[DEPOSIT] Robot 2 deposited! Total: 23
  [PHERO] Laid at (0.09, 1.84) density=8 prob=1.00 total_entries=10
  [TARGET] Robot 2 → SITE (0.09,1.84)

======================================================================
Step 6500 (3.5 min) | Pickups: 23 | Deposits: 23 | Rate: 6.63 tags/min | phero_entries=9 phero_max=0.863
======================================================================
R1[T1][EXPLORE   ]: L=+1.00 R=+1.00 | carry=0 | base=0.43 ba=+0.33 | site=0 sd=0.00 sa=+0.00 | phero=0 pd=0.00 pa=+0.00 | srch=0.57 | wall=1.39
R2[T1][BASE_ESC  ]: L=+0.07 R=+1.00 | carry=0 | base=0.05 ba=-0.77 | site=1 sd=0.33 sa=+0.32 | phero=0 pd=0.00 pa=+0.00 | srch=0.02 | wall=3.28
R3[T1][SITE      ]: L=+0.92 R=+0.93 | carry=0 | base=0.16 ba=-0.93 | site=1 sd=0.16 sa=-0.02 | phero=0 pd=0.00 pa=+0.00 | srch=0.07 | wall=2.73
R4[T1][PHERO     ]: L=+0.35 R=+0.37 | carry=0 | base=0.07 ba=+0.58 | site=0 sd=0.00 sa=+0.00 | phero=1 pd=0.33 pa=+0.13 | srch=0.17 | wall=3.17

[PICKUP] Robot 3 picked up tag (density=10) | Total: 24
[PICKUP] Robot 4 picked up tag (density=2) | Total: 25
[PICKUP] Robot 2 picked up tag (density=7) | Total: 26

======================================================================
Step 7000 (3.7 min) | Pickups: 26 | Deposits: 23 | Rate: 6.16 tags/min | phero_entries=7 phero_max=0.388
======================================================================
R1[T1][EXPLORE   ]: L=+1.00 R=+1.00 | carry=0 | base=0.40 ba=+0.63 | site=0 sd=0.00 sa=+0.00 | phero=0 pd=0.00 pa=+0.00 | srch=0.69 | wall=2.04
R2[T1][RTB       ]: L=+0.55 R=+1.00 | carry=1 | base=0.32 ba=+0.17 | site=0 sd=0.00 sa=+0.00 | phero=0 pd=0.00 pa=+0.00 | srch=0.00 | wall=1.92
R3[T1][RTB       ]: L=+1.00 R=+1.00 | carry=1 | base=0.23 ba=-0.00 | site=0 sd=0.00 sa=+0.00 | phero=0 pd=0.00 pa=+0.00 | srch=0.00 | wall=2.38
R4[T1][RTB       ]: L=+0.97 R=+1.00 | carry=1 | base=0.08 ba=+0.01 | site=0 sd=0.00 sa=+0.00 | phero=0 pd=0.00 pa=+0.00 | srch=0.00 | wall=3.17

[DEPOSIT] Robot 4 deposited! Total: 24
  [PHERO] Laid at (0.41, 0.44) density=2 prob=0.42 total_entries=8
  [TARGET] Robot 4 → SITE (0.41,0.44)
[DEPOSIT] Robot 3 deposited! Total: 25
  [PHERO] Laid at (0.13, -1.60) density=10 prob=1.00 total_entries=9
  [TARGET] Robot 3 → SITE (0.13,-1.60)
[DEPOSIT] Robot 2 deposited! Total: 26
  [PHERO] Laid at (0.35, 1.59) density=7 prob=0.99 total_entries=10
  [TARGET] Robot 2 → SITE (0.35,1.59)

======================================================================
Step 7500 (4.0 min) | Pickups: 26 | Deposits: 26 | Rate: 6.50 tags/min | phero_entries=10 phero_max=0.802
======================================================================
R1[T1][EXPLORE   ]: L=+1.00 R=+1.00 | carry=0 | base=0.58 ba=+0.73 | site=0 sd=0.00 sa=+0.00 | phero=0 pd=0.00 pa=+0.00 | srch=0.82 | wall=0.63
R2[T1][SITE      ]: L=+1.00 R=+0.99 | carry=0 | base=0.07 ba=+0.93 | site=1 sd=0.27 sa=-0.24 | phero=0 pd=0.00 pa=+0.00 | srch=0.03 | wall=3.16
R3[T1][SITE      ]: L=+0.98 R=+1.00 | carry=0 | base=0.16 ba=+0.96 | site=1 sd=0.17 sa=+0.08 | phero=0 pd=0.00 pa=+0.00 | srch=0.07 | wall=2.70
R4[T1][EXPLORE   ]: L=+1.00 R=+0.88 | carry=0 | base=0.13 ba=+0.69 | site=0 sd=0.00 sa=+0.00 | phero=0 pd=0.00 pa=+0.00 | srch=0.12 | wall=2.88

[PICKUP] Robot 1 picked up tag (density=16) | Total: 27
[PICKUP] Robot 3 picked up tag (density=9) | Total: 28
[PICKUP] Robot 4 picked up tag (density=1) | Total: 29
[PICKUP] Robot 2 picked up tag (density=6) | Total: 30

======================================================================
Step 8000 (4.3 min) | Pickups: 30 | Deposits: 26 | Rate: 6.09 tags/min | phero_entries=9 phero_max=0.360
======================================================================
R1[T1][RTB       ]: L=+1.00 R=+1.00 | carry=1 | base=0.41 ba=+0.00 | site=0 sd=0.00 sa=+0.00 | phero=0 pd=0.00 pa=+0.00 | srch=0.00 | wall=1.49
R2[T1][RTB       ]: L=+1.00 R=+0.90 | carry=1 | base=0.30 ba=-0.04 | site=0 sd=0.00 sa=+0.00 | phero=0 pd=0.00 pa=+0.00 | srch=0.00 | wall=2.04
R3[T1][RTB       ]: L=+1.00 R=+1.00 | carry=1 | base=0.19 ba=+0.00 | site=0 sd=0.00 sa=+0.00 | phero=0 pd=0.00 pa=+0.00 | srch=0.00 | wall=2.58
R4[T1][RTB       ]: L=+1.00 R=+1.00 | carry=1 | base=0.06 ba=-0.00 | site=0 sd=0.00 sa=+0.00 | phero=0 pd=0.00 pa=+0.00 | srch=0.00 | wall=3.30

[DEPOSIT] Robot 4 deposited! Total: 27
  [TARGET] Robot 4 → SITE (0.54,0.76)
[DEPOSIT] Robot 3 deposited! Total: 28
  [PHERO] Laid at (0.12, -1.62) density=9 prob=1.00 total_entries=10
  [TARGET] Robot 3 → SITE (0.12,-1.62)
[DEPOSIT] Robot 2 deposited! Total: 29
  [PHERO] Laid at (0.30, 1.61) density=6 prob=0.97 total_entries=11
  [TARGET] Robot 2 → SITE (0.30,1.61)
[DEPOSIT] Robot 1 deposited! Total: 30
  [PHERO] Laid at (-3.02, -0.34) density=16 prob=1.00 total_entries=12
  [TARGET] Robot 1 → SITE (-3.02,-0.34)

======================================================================
Step 8500 (4.5 min) | Pickups: 30 | Deposits: 30 | Rate: 6.62 tags/min | phero_entries=12 phero_max=0.943
======================================================================
R1[T1][BASE_ESC  ]: L=+1.00 R=+0.00 | carry=0 | base=0.04 ba=+0.34 | site=1 sd=0.57 sa=-0.68 | phero=0 pd=0.00 pa=+0.00 | srch=0.01 | wall=3.28
R2[T1][SITE      ]: L=+1.00 R=+1.00 | carry=0 | base=0.09 ba=+0.98 | site=1 sd=0.25 sa=+0.12 | phero=0 pd=0.00 pa=+0.00 | srch=0.04 | wall=3.10
R3[T1][SITE      ]: L=+0.91 R=+1.00 | carry=0 | base=0.13 ba=-0.99 | site=1 sd=0.19 sa=-0.02 | phero=0 pd=0.00 pa=+0.00 | srch=0.08 | wall=2.84
R4[T1][EXPLORE   ]: L=+1.00 R=+1.00 | carry=0 | base=0.19 ba=+0.45 | site=0 sd=0.00 sa=+0.00 | phero=0 pd=0.00 pa=+0.00 | srch=0.12 | wall=2.68

[PICKUP] Robot 3 picked up tag (density=8) | Total: 31
[PICKUP] Robot 2 picked up tag (density=5) | Total: 32
[PICKUP] Robot 1 picked up tag (density=12) | Total: 33

======================================================================
Step 9000 (4.8 min) | Pickups: 33 | Deposits: 30 | Rate: 6.25 tags/min | phero_entries=10 phero_max=0.424
======================================================================
R1[T1][RTB       ]: L=+1.00 R=+0.00 | carry=1 | base=0.33 ba=-0.54 | site=0 sd=0.00 sa=+0.00 | phero=0 pd=0.00 pa=+0.00 | srch=0.00 | wall=2.00
R2[T1][RTB       ]: L=+0.97 R=+1.00 | carry=1 | base=0.30 ba=+0.01 | site=0 sd=0.00 sa=+0.00 | phero=0 pd=0.00 pa=+0.00 | srch=0.00 | wall=2.04
R3[T1][RTB       ]: L=+1.00 R=+1.00 | carry=1 | base=0.25 ba=-0.00 | site=0 sd=0.00 sa=+0.00 | phero=0 pd=0.00 pa=+0.00 | srch=0.00 | wall=2.27
R4[T1][EXPLORE   ]: L=+1.00 R=+1.00 | carry=0 | base=0.45 ba=-1.00 | site=0 sd=0.00 sa=+0.00 | phero=0 pd=0.00 pa=+0.00 | srch=0.25 | wall=1.39

[DEPOSIT] Robot 3 deposited! Total: 31
  [PHERO] Laid at (0.11, -1.66) density=8 prob=1.00 total_entries=11
  [TARGET] Robot 3 → SITE (0.11,-1.66)
[DEPOSIT] Robot 2 deposited! Total: 32
  [PHERO] Laid at (0.32, 1.66) density=5 prob=0.92 total_entries=12
  [TARGET] Robot 2 → SITE (0.32,1.66)
[DEPOSIT] Robot 1 deposited! Total: 33
  [PHERO] Laid at (-1.47, -0.67) density=12 prob=1.00 total_entries=13
  [TARGET] Robot 1 → SITE (-1.47,-0.67)

======================================================================
Step 9500 (5.1 min) | Pickups: 33 | Deposits: 33 | Rate: 6.51 tags/min | phero_entries=13 phero_max=0.881
======================================================================
R1[T1][BASE_ESC  ]: L=+0.00 R=+1.00 | carry=0 | base=0.04 ba=-0.68 | site=1 sd=0.28 sa=+0.41 | phero=0 pd=0.00 pa=+0.00 | srch=0.02 | wall=3.28
R2[T1][SITE      ]: L=+1.00 R=+1.00 | carry=0 | base=0.10 ba=+0.95 | site=1 sd=0.26 sa=-0.26 | phero=0 pd=0.00 pa=+0.00 | srch=0.05 | wall=3.02
R3[T1][SITE      ]: L=+1.00 R=+1.00 | carry=0 | base=0.13 ba=+0.88 | site=1 sd=0.21 sa=-0.10 | phero=0 pd=0.00 pa=+0.00 | srch=0.06 | wall=2.85
R4[T1][EXPLORE   ]: L=+1.00 R=+1.00 | carry=0 | base=0.58 ba=-0.17 | site=0 sd=0.00 sa=+0.00 | phero=0 pd=0.00 pa=+0.00 | srch=0.37 | wall=0.67

[PICKUP] Robot 3 picked up tag (density=7) | Total: 34
[PICKUP] Robot 2 picked up tag (density=4) | Total: 35
[PICKUP] Robot 1 picked up tag (density=11) | Total: 36

======================================================================
Step 10000 (5.3 min) | Pickups: 36 | Deposits: 33 | Rate: 6.19 tags/min | phero_entries=11 phero_max=0.396
======================================================================
R1[T1][RTB       ]: L=+0.53 R=+1.00 | carry=1 | base=0.30 ba=+0.19 | site=0 sd=0.00 sa=+0.00 | phero=0 pd=0.00 pa=+0.00 | srch=0.00 | wall=2.08
R2[T1][RTB       ]: L=+1.00 R=+0.79 | carry=1 | base=0.36 ba=-0.08 | site=0 sd=0.00 sa=+0.00 | phero=0 pd=0.00 pa=+0.00 | srch=0.00 | wall=1.73
R3[T1][RTB       ]: L=+1.00 R=+1.00 | carry=1 | base=0.27 ba=-0.00 | site=0 sd=0.00 sa=+0.00 | phero=0 pd=0.00 pa=+0.00 | srch=0.00 | wall=2.17
R4[T1][EXPLORE   ]: L=+1.00 R=+1.00 | carry=0 | base=0.55 ba=-0.66 | site=0 sd=0.00 sa=+0.00 | phero=0 pd=0.00 pa=+0.00 | srch=0.50 | wall=0.79

[DEPOSIT] Robot 3 deposited! Total: 34
  [PHERO] Laid at (0.11, -1.70) density=7 prob=0.99 total_entries=12
  [TARGET] Robot 3 → SITE (0.11,-1.70)
[DEPOSIT] Robot 1 deposited! Total: 35
  [PHERO] Laid at (-1.47, -0.46) density=11 prob=1.00 total_entries=13
  [TARGET] Robot 1 → SITE (-1.47,-0.46)
[DEPOSIT] Robot 2 deposited! Total: 36
  [PHERO] Laid at (0.09, 1.87) density=4 prob=0.82 total_entries=14
  [TARGET] Robot 2 → SITE (0.09,1.87)

======================================================================
Step 10500 (5.6 min) | Pickups: 36 | Deposits: 36 | Rate: 6.43 tags/min | phero_entries=14 phero_max=0.855
======================================================================
R1[T1][SITE      ]: L=+1.00 R=+1.00 | carry=0 | base=0.09 ba=+0.93 | site=1 sd=0.23 sa=-0.28 | phero=0 pd=0.00 pa=+0.00 | srch=0.04 | wall=3.18
R2[T1][BASE_ESC  ]: L=+0.23 R=+1.00 | carry=0 | base=0.05 ba=-0.83 | site=1 sd=0.33 sa=+0.27 | phero=0 pd=0.00 pa=+0.00 | srch=0.02 | wall=3.28
R3[T1][SITE      ]: L=+1.00 R=+1.00 | carry=0 | base=0.11 ba=+0.92 | site=1 sd=0.23 sa=-0.04 | phero=0 pd=0.00 pa=+0.00 | srch=0.05 | wall=2.95
R4[T1][EXPLORE   ]: L=+1.00 R=+1.00 | carry=0 | base=0.57 ba=+0.41 | site=0 sd=0.00 sa=+0.00 | phero=0 pd=0.00 pa=+0.00 | srch=0.62 | wall=0.69

[PICKUP] Robot 3 picked up tag (density=6) | Total: 37

======================================================================
Step 11000 (5.9 min) | Pickups: 37 | Deposits: 36 | Rate: 6.14 tags/min | phero_entries=12 phero_max=0.384
======================================================================
R1[T1][EXPLORE   ]: L=+1.00 R=+1.00 | carry=0 | base=0.33 ba=-0.60 | site=0 sd=0.00 sa=+0.00 | phero=0 pd=0.00 pa=+0.00 | srch=0.17 | wall=1.89
R2[T1][EXPLORE   ]: L=+1.00 R=+1.00 | carry=0 | base=0.41 ba=+0.98 | site=0 sd=0.00 sa=+0.00 | phero=0 pd=0.00 pa=+0.00 | srch=0.15 | wall=1.47
R3[T1][RTB       ]: L=+1.00 R=+0.99 | carry=1 | base=0.29 ba=-0.00 | site=0 sd=0.00 sa=+0.00 | phero=0 pd=0.00 pa=+0.00 | srch=0.00 | wall=2.08
R4[T1][EXPLORE   ]: L=+1.00 R=+1.00 | carry=0 | base=0.59 ba=+0.63 | site=0 sd=0.00 sa=+0.00 | phero=0 pd=0.00 pa=+0.00 | srch=0.75 | wall=1.05

[PICKUP] Robot 4 picked up tag (density=12) | Total: 38
[DEPOSIT] Robot 3 deposited! Total: 37
  [PHERO] Laid at (0.10, -1.73) density=6 prob=0.97 total_entries=13
  [TARGET] Robot 3 → SITE (0.10,-1.73)

======================================================================
Step 11500 (6.1 min) | Pickups: 38 | Deposits: 37 | Rate: 6.03 tags/min | phero_entries=12 phero_max=0.731
======================================================================
R1[T1][EXPLORE   ]: L=+1.00 R=+1.00 | carry=0 | base=0.58 ba=-0.84 | site=0 sd=0.00 sa=+0.00 | phero=0 pd=0.00 pa=+0.00 | srch=0.29 | wall=1.02
R2[T1][EXPLORE   ]: L=+1.00 R=+1.00 | carry=0 | base=0.57 ba=+0.14 | site=0 sd=0.00 sa=+0.00 | phero=0 pd=0.00 pa=+0.00 | srch=0.27 | wall=0.67
R3[T1][SITE      ]: L=+0.75 R=+0.74 | carry=0 | base=0.08 ba=+0.88 | site=1 sd=0.27 sa=-0.09 | phero=0 pd=0.00 pa=+0.00 | srch=0.05 | wall=3.10
R4[T1][RTB       ]: L=+1.00 R=+1.00 | carry=1 | base=0.32 ba=+0.00 | site=0 sd=0.00 sa=+0.00 | phero=0 pd=0.00 pa=+0.00 | srch=0.00 | wall=2.28

[DEPOSIT] Robot 4 deposited! Total: 38
  [PHERO] Laid at (-1.84, 2.41) density=12 prob=1.00 total_entries=11
  [TARGET] Robot 4 → SITE (-1.84,2.41)

======================================================================
Step 12000 (6.4 min) | Pickups: 38 | Deposits: 38 | Rate: 5.94 tags/min | phero_entries=11 phero_max=0.784
======================================================================
R1[T1][EXPLORE   ]: L=+1.00 R=+1.00 | carry=0 | base=0.84 ba=-0.51 | site=0 sd=0.00 sa=+0.00 | phero=0 pd=0.00 pa=+0.00 | srch=0.42 | wall=0.52
R2[T1][EXPLORE   ]: L=+1.00 R=+1.00 | carry=0 | base=0.28 ba=+0.35 | site=0 sd=0.00 sa=+0.00 | phero=0 pd=0.00 pa=+0.00 | srch=0.40 | wall=2.43
R3[T1][EXPLORE   ]: L=+1.00 R=+1.00 | carry=0 | base=0.34 ba=-0.99 | site=0 sd=0.00 sa=+0.00 | phero=0 pd=0.00 pa=+0.00 | srch=0.17 | wall=1.81
R4[T1][SITE      ]: L=+1.00 R=+1.00 | carry=0 | base=0.07 ba=-0.93 | site=1 sd=0.54 sa=-0.03 | phero=0 pd=0.00 pa=+0.00 | srch=0.04 | wall=3.22

[PICKUP] Robot 3 picked up tag (density=5) | Total: 39
[PICKUP] Robot 2 picked up tag (density=10) | Total: 40

======================================================================
Step 12500 (6.7 min) | Pickups: 40 | Deposits: 38 | Rate: 5.70 tags/min | phero_entries=10 phero_max=0.352
======================================================================
R1[T1][EXPLORE   ]: L=+1.00 R=+1.00 | carry=0 | base=0.57 ba=-0.18 | site=0 sd=0.00 sa=+0.00 | phero=0 pd=0.00 pa=+0.00 | srch=0.54 | wall=1.03
R2[T1][RTB       ]: L=+0.40 R=+1.00 | carry=1 | base=0.32 ba=+0.23 | site=0 sd=0.00 sa=+0.00 | phero=0 pd=0.00 pa=+0.00 | srch=0.00 | wall=1.99
R3[T1][RTB       ]: L=+1.00 R=+1.00 | carry=1 | base=0.08 ba=-0.00 | site=0 sd=0.00 sa=+0.00 | phero=0 pd=0.00 pa=+0.00 | srch=0.00 | wall=3.09
R4[T1][SITE      ]: L=+1.00 R=+0.99 | carry=0 | base=0.45 ba=-0.89 | site=1 sd=0.16 sa=+0.04 | phero=0 pd=0.00 pa=+0.00 | srch=0.16 | wall=1.80

[DEPOSIT] Robot 3 deposited! Total: 39
  [PHERO] Laid at (0.10, -1.77) density=5 prob=0.92 total_entries=11
  [TARGET] Robot 3 → SITE (0.10,-1.77)
[PICKUP] Robot 4 picked up tag (density=11) | Total: 41
[DEPOSIT] Robot 2 deposited! Total: 40
  [PHERO] Laid at (-1.53, -0.45) density=10 prob=1.00 total_entries=10
  [TARGET] Robot 2 → SITE (-1.53,-0.45)
[PICKUP] Robot 1 picked up tag (density=3) | Total: 42

======================================================================
Step 13000 (6.9 min) | Pickups: 42 | Deposits: 40 | Rate: 5.77 tags/min | phero_entries=10 phero_max=0.803
======================================================================
R1[T1][RTB       ]: L=+1.00 R=+0.84 | carry=1 | base=0.35 ba=-0.06 | site=0 sd=0.00 sa=+0.00 | phero=0 pd=0.00 pa=+0.00 | srch=0.00 | wall=1.80
R2[T1][SITE      ]: L=+1.00 R=+0.98 | carry=0 | base=0.07 ba=+0.96 | site=1 sd=0.26 sa=-0.20 | phero=0 pd=0.00 pa=+0.00 | srch=0.03 | wall=3.23
R3[T1][SITE      ]: L=+0.80 R=+0.77 | carry=0 | base=0.22 ba=+0.99 | site=1 sd=0.14 sa=-0.09 | phero=0 pd=0.00 pa=+0.00 | srch=0.11 | wall=2.42
R4[T1][RTB       ]: L=+1.00 R=+1.00 | carry=1 | base=0.38 ba=-0.00 | site=0 sd=0.00 sa=+0.00 | phero=0 pd=0.00 pa=+0.00 | srch=0.00 | wall=1.90

[DEPOSIT] Robot 1 deposited! Total: 41
  [PHERO] Laid at (0.18, 1.82) density=3 prob=0.65 total_entries=11
  [TARGET] Robot 1 → SITE (0.18,1.82)
[PICKUP] Robot 2 picked up tag (density=9) | Total: 43
[DEPOSIT] Robot 4 deposited! Total: 42
  [PHERO] Laid at (-1.57, 2.27) density=11 prob=1.00 total_entries=12
  [TARGET] Robot 4 → SITE (-1.57,2.27)

======================================================================
Step 13500 (7.2 min) | Pickups: 43 | Deposits: 42 | Rate: 5.83 tags/min | phero_entries=12 phero_max=0.893
======================================================================
R1[T1][SITE      ]: L=+0.85 R=+1.00 | carry=0 | base=0.06 ba=-0.89 | site=1 sd=0.32 sa=+0.23 | phero=0 pd=0.00 pa=+0.00 | srch=0.03 | wall=3.25
R2[T1][RTB       ]: L=+1.00 R=+0.92 | carry=1 | base=0.30 ba=-0.03 | site=0 sd=0.00 sa=+0.00 | phero=0 pd=0.00 pa=+0.00 | srch=0.00 | wall=2.08
R3[T1][SITE      ]: L=+0.13 R=+0.08 | carry=0 | base=0.26 ba=-0.96 | site=1 sd=0.10 sa=-0.07 | phero=0 pd=0.00 pa=+0.00 | srch=0.24 | wall=2.21
R4[T1][BASE_ESC  ]: L=+0.00 R=+1.00 | carry=0 | base=0.04 ba=-0.63 | site=1 sd=0.51 sa=+0.43 | phero=0 pd=0.00 pa=+0.00 | srch=0.02 | wall=3.30

[DEPOSIT] Robot 2 deposited! Total: 43
  [PHERO] Laid at (-1.55, -0.46) density=9 prob=1.00 total_entries=10
  [TARGET] Robot 2 → SITE (-1.55,-0.46)

======================================================================
Step 14000 (7.5 min) | Pickups: 43 | Deposits: 43 | Rate: 5.76 tags/min | phero_entries=10 phero_max=0.746
======================================================================
R1[T1][SITE      ]: L=+0.68 R=+1.00 | carry=0 | base=0.41 ba=+0.67 | site=1 sd=0.09 sa=+0.36 | phero=0 pd=0.00 pa=+0.00 | srch=0.15 | wall=1.56
R2[T1][SITE      ]: L=+1.00 R=+1.00 | carry=0 | base=0.10 ba=+1.00 | site=1 sd=0.23 sa=+0.18 | phero=0 pd=0.00 pa=+0.00 | srch=0.05 | wall=2.99
R3[T1][SITE      ]: L=+0.19 R=+0.15 | carry=0 | base=0.28 ba=-0.87 | site=1 sd=0.08 sa=+0.02 | phero=0 pd=0.00 pa=+0.00 | srch=0.36 | wall=2.13
R4[T1][SITE      ]: L=+0.70 R=+1.00 | carry=0 | base=0.38 ba=+0.82 | site=1 sd=0.25 sa=+0.14 | phero=0 pd=0.00 pa=+0.00 | srch=0.14 | wall=1.65

[PICKUP] Robot 2 picked up tag (density=8) | Total: 44
[PICKUP] Robot 4 picked up tag (density=10) | Total: 45

======================================================================
Step 14500 (7.7 min) | Pickups: 45 | Deposits: 43 | Rate: 5.56 tags/min | phero_entries=10 phero_max=0.335
======================================================================
R1[T1][EXPLORE   ]: L=+1.00 R=+1.00 | carry=0 | base=0.21 ba=-0.35 | site=0 sd=0.00 sa=+0.00 | phero=0 pd=0.00 pa=+0.00 | srch=0.28 | wall=2.69
R2[T1][RTB       ]: L=+0.98 R=+1.00 | carry=1 | base=0.30 ba=+0.01 | site=0 sd=0.00 sa=+0.00 | phero=0 pd=0.00 pa=+0.00 | srch=0.00 | wall=2.06
R3[T1][EXPLORE   ]: L=+0.17 R=+1.00 | carry=0 | base=0.37 ba=+0.49 | site=0 sd=0.00 sa=+0.00 | phero=0 pd=0.00 pa=+0.00 | srch=0.49 | wall=1.67
R4[T1][RTB       ]: L=+0.55 R=+1.00 | carry=1 | base=0.56 ba=+0.18 | site=0 sd=0.00 sa=+0.00 | phero=0 pd=0.00 pa=+0.00 | srch=0.00 | wall=1.26

[GIVE-UP] R3 giving up after 2177 steps
[DEPOSIT] Robot 2 deposited! Total: 44
  [PHERO] Laid at (-1.69, -0.37) density=8 prob=1.00 total_entries=8
  [TARGET] Robot 2 → SITE (-1.69,-0.37)

======================================================================
Step 15000 (8.0 min) | Pickups: 45 | Deposits: 44 | Rate: 5.50 tags/min | phero_entries=8 phero_max=0.755
======================================================================
R1[T1][EXPLORE   ]: L=+1.00 R=+1.00 | carry=0 | base=0.37 ba=+0.99 | site=0 sd=0.00 sa=+0.00 | phero=0 pd=0.00 pa=+0.00 | srch=0.40 | wall=1.76
R2[T1][SITE      ]: L=+1.00 R=+0.96 | carry=0 | base=0.10 ba=+0.98 | site=1 sd=0.26 sa=-0.22 | phero=0 pd=0.00 pa=+0.00 | srch=0.04 | wall=3.10
R3[T1][GIVE_UP   ]: L=+1.00 R=+1.00 | carry=0 | base=0.24 ba=+0.00 | site=0 sd=0.00 sa=+0.00 | phero=0 pd=0.00 pa=+0.00 | srch=0.61 | wall=2.35
R4[T1][RTB       ]: L=+1.00 R=+1.00 | carry=1 | base=0.18 ba=+0.00 | site=0 sd=0.00 sa=+0.00 | phero=0 pd=0.00 pa=+0.00 | srch=0.00 | wall=2.78

[DEPOSIT] Robot 4 deposited! Total: 45
  [PHERO] Laid at (-1.63, 2.30) density=10 prob=1.00 total_entries=9
  [TARGET] Robot 4 → SITE (-1.63,2.30)
[EMPTY_RTN] R3 → phero(-1.63,2.30)
[GIVE-UP] R1 giving up after 1914 steps
[PICKUP] Robot 2 picked up tag (density=7) | Total: 46

======================================================================
Step 15500 (8.3 min) | Pickups: 46 | Deposits: 45 | Rate: 5.44 tags/min | phero_entries=9 phero_max=0.593
======================================================================
R1[T1][GIVE_UP   ]: L=+1.00 R=+1.00 | carry=0 | base=0.46 ba=+0.00 | site=0 sd=0.00 sa=+0.00 | phero=0 pd=0.00 pa=+0.00 | srch=0.53 | wall=1.24
R2[T1][RTB       ]: L=+1.00 R=+0.96 | carry=1 | base=0.30 ba=-0.01 | site=0 sd=0.00 sa=+0.00 | phero=0 pd=0.00 pa=+0.00 | srch=0.00 | wall=2.04
R3[T1][BASE_ESC  ]: L=+1.00 R=+0.00 | carry=0 | base=0.05 ba=+0.72 | site=0 sd=0.00 sa=+0.00 | phero=1 pd=0.62 pa=+0.73 | srch=0.07 | wall=3.30
R4[T1][SITE      ]: L=+1.00 R=+1.00 | carry=0 | base=0.20 ba=-0.97 | site=1 sd=0.37 sa=+0.02 | phero=0 pd=0.00 pa=+0.00 | srch=0.08 | wall=2.70

[PICKUP] Robot 1 picked up tag (density=9) | Total: 47
[DEPOSIT] Robot 2 deposited! Total: 46
  [PHERO] Laid at (-1.63, -0.44) density=7 prob=0.99 total_entries=9
  [TARGET] Robot 2 → SITE (-1.63,-0.44)
[PICKUP] Robot 4 picked up tag (density=9) | Total: 48

======================================================================
Step 16000 (8.5 min) | Pickups: 48 | Deposits: 46 | Rate: 5.39 tags/min | phero_entries=9 phero_max=0.755
======================================================================
R1[T1][RTB       ]: L=+1.00 R=+1.00 | carry=1 | base=0.07 ba=+0.00 | site=0 sd=0.00 sa=+0.00 | phero=0 pd=0.00 pa=+0.00 | srch=0.00 | wall=3.14
R2[T1][SITE      ]: L=+0.95 R=+1.00 | carry=0 | base=0.08 ba=+0.87 | site=1 sd=0.26 sa=-0.07 | phero=0 pd=0.00 pa=+0.00 | srch=0.04 | wall=3.12
R3[T1][PHERO     ]: L=-0.16 R=+0.89 | carry=0 | base=0.05 ba=+0.39 | site=0 sd=0.00 sa=+0.00 | phero=1 pd=0.60 pa=+0.11 | srch=0.19 | wall=3.25
R4[T1][RTB       ]: L=+0.00 R=+1.00 | carry=1 | base=0.58 ba=+0.79 | site=0 sd=0.00 sa=+0.00 | phero=0 pd=0.00 pa=+0.00 | srch=0.00 | wall=1.18

[DEPOSIT] Robot 1 deposited! Total: 47
  [PHERO] Laid at (2.00, -0.33) density=9 prob=1.00 total_entries=10
  [TARGET] Robot 1 → SITE (2.00,-0.33)

======================================================================
Step 16500 (8.8 min) | Pickups: 48 | Deposits: 47 | Rate: 5.34 tags/min | phero_entries=9 phero_max=0.473
======================================================================
R1[T1][SITE      ]: L=+1.00 R=+1.00 | carry=0 | base=0.32 ba=+0.99 | site=1 sd=0.12 sa=+0.26 | phero=0 pd=0.00 pa=+0.00 | srch=0.12 | wall=2.04
R2[T1][EXPLORE   ]: L=+1.00 R=+1.00 | carry=0 | base=0.39 ba=-0.70 | site=0 sd=0.00 sa=+0.00 | phero=0 pd=0.00 pa=+0.00 | srch=0.17 | wall=1.60
R3[T1][PHERO     ]: L=-0.27 R=-0.27 | carry=0 | base=0.07 ba=+0.25 | site=0 sd=0.00 sa=+0.00 | phero=1 pd=0.63 pa=+0.06 | srch=0.32 | wall=3.14
R4[T1][RTB       ]: L=+1.00 R=+1.00 | carry=1 | base=0.27 ba=+0.00 | site=0 sd=0.00 sa=+0.00 | phero=0 pd=0.00 pa=+0.00 | srch=0.00 | wall=2.46

[DEPOSIT] Robot 4 deposited! Total: 48
  [PHERO] Laid at (-1.66, 2.31) density=9 prob=1.00 total_entries=10
  [TARGET] Robot 4 → SITE (-1.66,2.31)
[PICKUP] Robot 1 picked up tag (density=8) | Total: 49

======================================================================
Step 17000 (9.1 min) | Pickups: 49 | Deposits: 48 | Rate: 5.29 tags/min | phero_entries=9 phero_max=0.704
======================================================================
R1[T1][RTB       ]: L=+1.00 R=+1.00 | carry=1 | base=0.27 ba=-0.00 | site=0 sd=0.00 sa=+0.00 | phero=0 pd=0.00 pa=+0.00 | srch=0.00 | wall=2.17
R2[T1][WALL_ESC  ]: L=+0.00 R=+1.00 | carry=0 | base=0.69 ba=-0.98 | site=0 sd=0.00 sa=+0.00 | phero=0 pd=0.00 pa=+0.00 | srch=0.29 | wall=0.33
R3[T1][PHERO     ]: L=+0.67 R=+0.69 | carry=0 | base=0.08 ba=+0.64 | site=0 sd=0.00 sa=+0.00 | phero=1 pd=0.55 pa=+0.08 | srch=0.44 | wall=3.17
R4[T1][SITE      ]: L=+1.00 R=+1.00 | carry=0 | base=0.13 ba=-0.97 | site=1 sd=0.45 sa=-0.07 | phero=0 pd=0.00 pa=+0.00 | srch=0.05 | wall=3.02

[DEPOSIT] Robot 1 deposited! Total: 49
  [PHERO] Laid at (1.98, -0.31) density=8 prob=1.00 total_entries=9
  [TARGET] Robot 1 → SITE (1.98,-0.31)

======================================================================
Step 17500 (9.3 min) | Pickups: 49 | Deposits: 49 | Rate: 5.25 tags/min | phero_entries=9 phero_max=0.710
======================================================================
R1[T1][SITE      ]: L=+1.00 R=+1.00 | carry=0 | base=0.13 ba=+1.00 | site=1 sd=0.28 sa=+0.14 | phero=0 pd=0.00 pa=+0.00 | srch=0.05 | wall=2.93
R2[T1][EXPLORE   ]: L=+1.00 R=+1.00 | carry=0 | base=0.46 ba=-0.27 | site=0 sd=0.00 sa=+0.00 | phero=0 pd=0.00 pa=+0.00 | srch=0.42 | wall=1.71
R3[T1][PHERO     ]: L=+0.46 R=+0.46 | carry=0 | base=0.29 ba=+0.93 | site=0 sd=0.00 sa=+0.00 | phero=1 pd=0.31 pa=+0.12 | srch=0.57 | wall=2.14
R4[T1][SITE      ]: L=+1.00 R=+0.97 | carry=0 | base=0.50 ba=-0.88 | site=1 sd=0.08 sa=-0.04 | phero=0 pd=0.00 pa=+0.00 | srch=0.18 | wall=1.57

[PICKUP] Robot 4 picked up tag (density=8) | Total: 50

======================================================================
Step 18000 (9.6 min) | Pickups: 50 | Deposits: 49 | Rate: 5.10 tags/min | phero_entries=7 phero_max=0.319
======================================================================
R1[T1][SITE      ]: L=+0.81 R=+1.00 | carry=0 | base=0.45 ba=+0.46 | site=1 sd=0.05 sa=+0.31 | phero=0 pd=0.00 pa=+0.00 | srch=0.18 | wall=1.33
R2[T1][EXPLORE   ]: L=+0.98 R=+1.00 | carry=0 | base=0.36 ba=-0.58 | site=0 sd=0.00 sa=+0.00 | phero=0 pd=0.00 pa=+0.00 | srch=0.54 | wall=1.73
R3[T1][PHERO     ]: L=+0.17 R=+0.17 | carry=0 | base=0.31 ba=+0.85 | site=0 sd=0.00 sa=+0.00 | phero=1 pd=0.28 pa=+0.03 | srch=0.69 | wall=2.05
R4[T1][RTB       ]: L=+1.00 R=+1.00 | carry=1 | base=0.20 ba=-0.00 | site=0 sd=0.00 sa=+0.00 | phero=0 pd=0.00 pa=+0.00 | srch=0.00 | wall=2.69

[PICKUP] Robot 2 picked up tag (density=2) | Total: 51
[PICKUP] Robot 1 picked up tag (density=7) | Total: 52
[DEPOSIT] Robot 4 deposited! Total: 50
  [PHERO] Laid at (-1.60, 1.95) density=8 prob=1.00 total_entries=7
  [TARGET] Robot 4 → SITE (-1.60,1.95)

======================================================================
Step 18500 (9.9 min) | Pickups: 52 | Deposits: 50 | Rate: 5.07 tags/min | phero_entries=7 phero_max=0.616
======================================================================
R1[T1][RTB       ]: L=+1.00 R=+1.00 | carry=1 | base=0.17 ba=-0.00 | site=0 sd=0.00 sa=+0.00 | phero=0 pd=0.00 pa=+0.00 | srch=0.00 | wall=2.69
R2[T1][RTB       ]: L=+1.00 R=+1.00 | carry=1 | base=0.06 ba=-0.00 | site=0 sd=0.00 sa=+0.00 | phero=0 pd=0.00 pa=+0.00 | srch=0.00 | wall=3.19
R3[T1][PHERO     ]: L=+0.58 R=+0.58 | carry=0 | base=0.44 ba=+0.89 | site=0 sd=0.00 sa=+0.00 | phero=1 pd=0.14 pa=+0.01 | srch=0.82 | wall=1.62
R4[T1][SITE      ]: L=+1.00 R=+1.00 | carry=0 | base=0.20 ba=-0.97 | site=1 sd=0.36 sa=+0.30 | phero=0 pd=0.00 pa=+0.00 | srch=0.08 | wall=2.53

[DEPOSIT] Robot 2 deposited! Total: 51
  [TARGET] Robot 2 → SITE (0.24,1.81)
[DEPOSIT] Robot 1 deposited! Total: 52
  [PHERO] Laid at (1.95, -0.28) density=7 prob=0.99 total_entries=8
  [TARGET] Robot 1 → SITE (1.95,-0.28)

======================================================================
Step 19000 (10.1 min) | Pickups: 52 | Deposits: 52 | Rate: 5.13 tags/min | phero_entries=8 phero_max=0.571
======================================================================
R1[T1][SITE      ]: L=+0.93 R=+1.00 | carry=0 | base=0.23 ba=+0.98 | site=1 sd=0.19 sa=+0.19 | phero=0 pd=0.00 pa=+0.00 | srch=0.09 | wall=2.47
R2[T1][SITE      ]: L=+1.00 R=+1.00 | carry=0 | base=0.32 ba=+0.96 | site=1 sd=0.05 sa=-0.15 | phero=0 pd=0.00 pa=+0.00 | srch=0.12 | wall=1.93
R3[T1][EXPLORE   ]: L=+0.85 R=+1.00 | carry=0 | base=0.72 ba=+0.94 | site=0 sd=0.00 sa=+0.00 | phero=0 pd=0.00 pa=+0.00 | srch=0.94 | wall=0.67
R4[T1][EXPLORE   ]: L=+1.00 R=+1.00 | carry=0 | base=0.51 ba=-0.99 | site=0 sd=0.00 sa=+0.00 | phero=0 pd=0.00 pa=+0.00 | srch=0.20 | wall=1.57

[PICKUP] Robot 4 picked up tag (density=7) | Total: 53
[PICKUP] Robot 2 picked up tag (density=1) | Total: 54
[PICKUP] Robot 1 picked up tag (density=6) | Total: 55

======================================================================
Step 19500 (10.4 min) | Pickups: 55 | Deposits: 52 | Rate: 5.00 tags/min | phero_entries=6 phero_max=0.257
======================================================================
R1[T1][RTB       ]: L=+1.00 R=+0.92 | carry=1 | base=0.36 ba=-0.03 | site=0 sd=0.00 sa=+0.00 | phero=0 pd=0.00 pa=+0.00 | srch=0.00 | wall=1.72
R2[T1][RTB       ]: L=+1.00 R=+1.00 | carry=1 | base=0.14 ba=-0.00 | site=0 sd=0.00 sa=+0.00 | phero=0 pd=0.00 pa=+0.00 | srch=0.00 | wall=2.82
R3[T1][EXPLORE   ]: L=+0.17 R=+1.00 | carry=0 | base=0.72 ba=+0.06 | site=0 sd=0.00 sa=+0.00 | phero=0 pd=0.00 pa=+0.00 | srch=1.00 | wall=0.78
R4[T1][RTB       ]: L=+1.00 R=+1.00 | carry=1 | base=0.24 ba=-0.00 | site=0 sd=0.00 sa=+0.00 | phero=0 pd=0.00 pa=+0.00 | srch=0.00 | wall=2.55

[DEPOSIT] Robot 2 deposited! Total: 53
  [TARGET] Robot 2 → SITE (0.24,1.85)
[DEPOSIT] Robot 4 deposited! Total: 54
  [PHERO] Laid at (-1.63, 1.99) density=7 prob=0.99 total_entries=7
  [TARGET] Robot 4 → SITE (-1.63,1.99)
[DEPOSIT] Robot 1 deposited! Total: 55
  [PHERO] Laid at (1.92, -0.22) density=6 prob=0.97 total_entries=8
  [TARGET] Robot 1 → SITE (1.92,-0.22)

======================================================================
Step 20000 (10.7 min) | Pickups: 55 | Deposits: 55 | Rate: 5.16 tags/min | phero_entries=8 phero_max=0.856
======================================================================
R1[T1][BASE_ESC  ]: L=+0.14 R=+1.00 | carry=0 | base=0.05 ba=-0.81 | site=1 sd=0.35 sa=+0.27 | phero=0 pd=0.00 pa=+0.00 | srch=0.02 | wall=3.28
R2[T1][SITE      ]: L=+0.96 R=+1.00 | carry=0 | base=0.25 ba=+0.91 | site=1 sd=0.14 sa=+0.09 | phero=0 pd=0.00 pa=+0.00 | srch=0.10 | wall=2.31
R3[T1][EXPLORE   ]: L=+0.68 R=+1.00 | carry=0 | base=0.67 ba=+0.90 | site=0 sd=0.00 sa=+0.00 | phero=0 pd=0.00 pa=+0.00 | srch=1.00 | wall=0.91
R4[T1][SITE      ]: L=+1.00 R=+1.00 | carry=0 | base=0.15 ba=+0.93 | site=1 sd=0.37 sa=-0.04 | phero=0 pd=0.00 pa=+0.00 | srch=0.06 | wall=2.90

[GIVE-UP] R3 giving up after 4880 steps
[PICKUP] Robot 3 picked up tag (density=6) | Total: 56
[PICKUP] Robot 1 picked up tag (density=5) | Total: 57
[PICKUP] Robot 4 picked up tag (density=5) | Total: 58

======================================================================
Step 20500 (10.9 min) | Pickups: 58 | Deposits: 55 | Rate: 5.03 tags/min | phero_entries=6 phero_max=0.385
======================================================================
R1[T1][RTB       ]: L=+0.59 R=+1.00 | carry=1 | base=0.32 ba=+0.15 | site=0 sd=0.00 sa=+0.00 | phero=0 pd=0.00 pa=+0.00 | srch=0.00 | wall=1.94
R2[T1][EXPLORE   ]: L=+1.00 R=+1.00 | carry=0 | base=0.53 ba=+0.77 | site=0 sd=0.00 sa=+0.00 | phero=0 pd=0.00 pa=+0.00 | srch=0.22 | wall=0.97
R3[T1][RTB       ]: L=+1.00 R=+1.00 | carry=1 | base=0.41 ba=+0.00 | site=0 sd=0.00 sa=+0.00 | phero=0 pd=0.00 pa=+0.00 | srch=0.00 | wall=2.08
R4[T1][RTB       ]: L=+0.00 R=+1.00 | carry=1 | base=0.53 ba=+0.91 | site=0 sd=0.00 sa=+0.00 | phero=0 pd=0.00 pa=+0.00 | srch=0.00 | wall=1.47

[DEPOSIT] Robot 1 deposited! Total: 56
  [PHERO] Laid at (1.56, -0.46) density=5 prob=0.92 total_entries=7
  [TARGET] Robot 1 → SITE (1.56,-0.46)
[DEPOSIT] Robot 3 deposited! Total: 57
  [PHERO] Laid at (-2.02, 2.02) density=6 prob=0.97 total_entries=8
  [TARGET] Robot 3 → SITE (-2.02,2.02)

======================================================================
Step 21000 (11.2 min) | Pickups: 58 | Deposits: 57 | Rate: 5.09 tags/min | phero_entries=8 phero_max=0.935
======================================================================
R1[T1][SITE      ]: L=+1.00 R=+1.00 | carry=0 | base=0.07 ba=+0.92 | site=1 sd=0.27 sa=-0.24 | phero=0 pd=0.00 pa=+0.00 | srch=0.03 | wall=3.15
R2[T1][EXPLORE   ]: L=+1.00 R=+1.00 | carry=0 | base=0.68 ba=+0.42 | site=0 sd=0.00 sa=+0.00 | phero=0 pd=0.00 pa=+0.00 | srch=0.35 | wall=0.81
R3[T1][BASE_ESC  ]: L=+1.00 R=+0.00 | carry=0 | base=0.04 ba=+0.39 | site=1 sd=0.53 sa=-0.64 | phero=0 pd=0.00 pa=+0.00 | srch=0.01 | wall=3.33
R4[T1][RTB       ]: L=+1.00 R=+1.00 | carry=1 | base=0.23 ba=+0.00 | site=0 sd=0.00 sa=+0.00 | phero=0 pd=0.00 pa=+0.00 | srch=0.00 | wall=2.66

[DEPOSIT] Robot 4 deposited! Total: 58
  [PHERO] Laid at (-1.65, 2.03) density=5 prob=0.92 total_entries=8
  [TARGET] Robot 4 → SITE (-1.65,2.03)
[PICKUP] Robot 1 picked up tag (density=4) | Total: 59

======================================================================
Step 21500 (11.5 min) | Pickups: 59 | Deposits: 58 | Rate: 5.06 tags/min | phero_entries=8 phero_max=0.647
======================================================================
R1[T1][RTB       ]: L=+1.00 R=+0.85 | carry=1 | base=0.29 ba=-0.06 | site=0 sd=0.00 sa=+0.00 | phero=0 pd=0.00 pa=+0.00 | srch=0.00 | wall=2.07
R2[T1][WALL_ESC  ]: L=+0.00 R=+1.00 | carry=0 | base=0.69 ba=+0.37 | site=0 sd=0.00 sa=+0.00 | phero=0 pd=0.00 pa=+0.00 | srch=0.47 | wall=0.34
R3[T1][SITE      ]: L=+0.84 R=+0.83 | carry=0 | base=0.30 ba=-0.97 | site=1 sd=0.28 sa=+0.02 | phero=0 pd=0.00 pa=+0.00 | srch=0.14 | wall=2.45
R4[T1][SITE      ]: L=+1.00 R=+0.98 | carry=0 | base=0.16 ba=-0.92 | site=1 sd=0.37 sa=+0.02 | phero=0 pd=0.00 pa=+0.00 | srch=0.07 | wall=2.91

[DEPOSIT] Robot 1 deposited! Total: 59
  [PHERO] Laid at (1.55, -0.19) density=4 prob=0.82 total_entries=8
  [TARGET] Robot 1 → SITE (1.55,-0.19)

======================================================================
Step 22000 (11.7 min) | Pickups: 59 | Deposits: 59 | Rate: 5.03 tags/min | phero_entries=8 phero_max=0.744
======================================================================
R1[T1][SITE      ]: L=+1.00 R=+1.00 | carry=0 | base=0.11 ba=-0.94 | site=1 sd=0.23 sa=+0.30 | phero=0 pd=0.00 pa=+0.00 | srch=0.05 | wall=3.08
R2[T1][EXPLORE   ]: L=+1.00 R=+1.00 | carry=0 | base=0.43 ba=+0.33 | site=0 sd=0.00 sa=+0.00 | phero=0 pd=0.00 pa=+0.00 | srch=0.60 | wall=1.40
R3[T1][SITE      ]: L=+0.77 R=+0.77 | carry=0 | base=0.55 ba=+0.98 | site=1 sd=0.03 sa=-0.02 | phero=0 pd=0.00 pa=+0.00 | srch=0.26 | wall=1.58
R4[T1][SITE      ]: L=+0.48 R=+1.00 | carry=0 | base=0.53 ba=+0.71 | site=1 sd=0.01 sa=+0.26 | phero=0 pd=0.00 pa=+0.00 | srch=0.19 | wall=1.42

[PICKUP] Robot 4 picked up tag (density=4) | Total: 60
[PICKUP] Robot 2 picked up tag (density=6) | Total: 61
[PICKUP] Robot 1 picked up tag (density=3) | Total: 62

======================================================================
Step 22500 (12.0 min) | Pickups: 62 | Deposits: 59 | Rate: 4.92 tags/min | phero_entries=8 phero_max=0.334
======================================================================
R1[T1][RTB       ]: L=+0.77 R=+1.00 | carry=1 | base=0.34 ba=+0.09 | site=0 sd=0.00 sa=+0.00 | phero=0 pd=0.00 pa=+0.00 | srch=0.00 | wall=1.85
R2[T1][RTB       ]: L=+1.00 R=+1.00 | carry=1 | base=0.10 ba=+0.00 | site=0 sd=0.00 sa=+0.00 | phero=0 pd=0.00 pa=+0.00 | srch=0.00 | wall=3.02
R3[T1][EXPLORE   ]: L=+0.27 R=+0.85 | carry=0 | base=0.57 ba=-0.79 | site=0 sd=0.00 sa=+0.00 | phero=0 pd=0.00 pa=+0.00 | srch=0.39 | wall=1.49
R4[T1][RTB       ]: L=+1.00 R=+1.00 | carry=1 | base=0.21 ba=+0.00 | site=0 sd=0.00 sa=+0.00 | phero=0 pd=0.00 pa=+0.00 | srch=0.00 | wall=2.70

[PICKUP] Robot 3 picked up tag (density=3) | Total: 63
[DEPOSIT] Robot 2 deposited! Total: 60
  [PHERO] Laid at (-1.89, -0.49) density=6 prob=0.97 total_entries=8
  [TARGET] Robot 2 → SITE (-1.89,-0.49)
[DEPOSIT] Robot 4 deposited! Total: 61
  [PHERO] Laid at (-1.66, 2.07) density=4 prob=0.82 total_entries=9
  [TARGET] Robot 4 → SITE (-1.66,2.07)
[DEPOSIT] Robot 1 deposited! Total: 62
  [PHERO] Laid at (1.72, -0.53) density=3 prob=0.65 total_entries=10
  [TARGET] Robot 1 → SITE (1.72,-0.53)

======================================================================
Step 23000 (12.3 min) | Pickups: 63 | Deposits: 62 | Rate: 5.05 tags/min | phero_entries=9 phero_max=0.827
======================================================================
R1[T1][SITE      ]: L=+1.00 R=+0.57 | carry=0 | base=0.05 ba=+0.93 | site=1 sd=0.31 sa=-0.19 | phero=0 pd=0.00 pa=+0.00 | srch=0.03 | wall=3.23
R2[T1][SITE      ]: L=+1.00 R=+1.00 | carry=0 | base=0.29 ba=-0.92 | site=1 sd=0.14 sa=-0.21 | phero=0 pd=0.00 pa=+0.00 | srch=0.11 | wall=2.27
R3[T1][RTB       ]: L=+1.00 R=+1.00 | carry=1 | base=0.26 ba=-0.00 | site=0 sd=0.00 sa=+0.00 | phero=0 pd=0.00 pa=+0.00 | srch=0.00 | wall=2.57
R4[T1][SITE      ]: L=+1.00 R=+0.97 | carry=0 | base=0.18 ba=-0.94 | site=1 sd=0.36 sa=+0.01 | phero=0 pd=0.00 pa=+0.00 | srch=0.07 | wall=2.86

[PICKUP] Robot 2 picked up tag (density=5) | Total: 64
[DEPOSIT] Robot 3 deposited! Total: 63
  [TARGET] Robot 3 → SITE (-2.00,2.02)
[PICKUP] Robot 1 picked up tag (density=2) | Total: 65

======================================================================
Step 23500 (12.5 min) | Pickups: 65 | Deposits: 63 | Rate: 5.03 tags/min | phero_entries=9 phero_max=0.371
======================================================================
R1[T1][RTB       ]: L=+0.70 R=+1.00 | carry=1 | base=0.32 ba=+0.11 | site=0 sd=0.00 sa=+0.00 | phero=0 pd=0.00 pa=+0.00 | srch=0.00 | wall=1.96
R2[T1][RTB       ]: L=+1.00 R=+1.00 | carry=1 | base=0.07 ba=-0.00 | site=0 sd=0.00 sa=+0.00 | phero=0 pd=0.00 pa=+0.00 | srch=0.00 | wall=3.20
R3[T1][SITE      ]: L=+0.98 R=+1.00 | carry=0 | base=0.12 ba=-0.95 | site=1 sd=0.45 sa=+0.04 | phero=0 pd=0.00 pa=+0.00 | srch=0.05 | wall=3.07
R4[T1][SITE      ]: L=+0.75 R=+1.00 | carry=0 | base=0.54 ba=+0.76 | site=1 sd=0.04 sa=+0.33 | phero=0 pd=0.00 pa=+0.00 | srch=0.20 | wall=1.30

[DEPOSIT] Robot 2 deposited! Total: 64
  [PHERO] Laid at (-1.47, -0.72) density=5 prob=0.92 total_entries=10
  [TARGET] Robot 2 → SITE (-1.47,-0.72)
[PICKUP] Robot 4 picked up tag (density=2) | Total: 66
[DEPOSIT] Robot 1 deposited! Total: 65
  [TARGET] Robot 1 → SITE (1.56,-0.37)

======================================================================
Step 24000 (12.8 min) | Pickups: 66 | Deposits: 65 | Rate: 5.08 tags/min | phero_entries=10 phero_max=0.464
======================================================================
R1[T1][SITE      ]: L=+1.00 R=+1.00 | carry=0 | base=0.08 ba=+0.94 | site=1 sd=0.25 sa=-0.24 | phero=0 pd=0.00 pa=+0.00 | srch=0.04 | wall=3.11
R2[T1][SITE      ]: L=+1.00 R=+0.81 | carry=0 | base=0.30 ba=+0.89 | site=1 sd=0.03 sa=-0.29 | phero=0 pd=0.00 pa=+0.00 | srch=0.12 | wall=2.20
R3[T1][SITE      ]: L=+0.46 R=+0.46 | carry=0 | base=0.37 ba=+0.99 | site=1 sd=0.21 sa=-0.11 | phero=0 pd=0.00 pa=+0.00 | srch=0.18 | wall=2.07
R4[T1][RTB       ]: L=+1.00 R=+1.00 | carry=1 | base=0.24 ba=+0.00 | site=0 sd=0.00 sa=+0.00 | phero=0 pd=0.00 pa=+0.00 | srch=0.00 | wall=2.60

[PICKUP] Robot 2 picked up tag (density=4) | Total: 67
[DEPOSIT] Robot 4 deposited! Total: 66
  [TARGET] Robot 4 → SITE (-1.65,2.15)

======================================================================
Step 24500 (13.1 min) | Pickups: 67 | Deposits: 66 | Rate: 5.05 tags/min | phero_entries=8 phero_max=0.208
======================================================================
R1[T1][EXPLORE   ]: L=+1.00 R=+1.00 | carry=0 | base=0.34 ba=-0.55 | site=0 sd=0.00 sa=+0.00 | phero=0 pd=0.00 pa=+0.00 | srch=0.16 | wall=1.99
R2[T1][RTB       ]: L=+1.00 R=+1.00 | carry=1 | base=0.09 ba=-0.00 | site=0 sd=0.00 sa=+0.00 | phero=0 pd=0.00 pa=+0.00 | srch=0.00 | wall=3.07
R3[T1][SITE      ]: L=+0.25 R=+0.25 | carry=0 | base=0.48 ba=-0.92 | site=1 sd=0.10 sa=-0.01 | phero=0 pd=0.00 pa=+0.00 | srch=0.31 | wall=1.76
R4[T1][SITE      ]: L=+1.00 R=+1.00 | carry=0 | base=0.15 ba=-0.94 | site=1 sd=0.40 sa=+0.02 | phero=0 pd=0.00 pa=+0.00 | srch=0.06 | wall=2.95

[DEPOSIT] Robot 2 deposited! Total: 67
  [PHERO] Laid at (-1.54, -0.66) density=4 prob=0.82 total_entries=9
  [TARGET] Robot 2 → SITE (-1.54,-0.66)

======================================================================
Step 25000 (13.3 min) | Pickups: 67 | Deposits: 67 | Rate: 5.02 tags/min | phero_entries=9 phero_max=0.491
======================================================================
R1[T1][EXPLORE   ]: L=+1.00 R=+1.00 | carry=0 | base=0.56 ba=-0.83 | site=0 sd=0.00 sa=+0.00 | phero=0 pd=0.00 pa=+0.00 | srch=0.29 | wall=0.94
R2[T1][SITE      ]: L=+0.94 R=+1.00 | carry=0 | base=0.30 ba=+0.85 | site=1 sd=0.12 sa=+0.30 | phero=0 pd=0.00 pa=+0.00 | srch=0.11 | wall=2.03
R3[T1][EXPLORE   ]: L=+1.00 R=+1.00 | carry=0 | base=0.66 ba=-0.92 | site=0 sd=0.00 sa=+0.00 | phero=0 pd=0.00 pa=+0.00 | srch=0.43 | wall=1.09
R4[T1][SITE      ]: L=+0.73 R=+0.73 | carry=0 | base=0.50 ba=+0.93 | site=1 sd=0.05 sa=-0.01 | phero=0 pd=0.00 pa=+0.00 | srch=0.19 | wall=1.52

[PICKUP] Robot 4 picked up tag (density=1) | Total: 68
[PICKUP] Robot 2 picked up tag (density=3) | Total: 69

======================================================================
Step 25500 (13.6 min) | Pickups: 69 | Deposits: 67 | Rate: 4.93 tags/min | phero_entries=7 phero_max=0.220
======================================================================
R1[T1][EXPLORE   ]: L=+1.00 R=+1.00 | carry=0 | base=0.49 ba=-0.17 | site=0 sd=0.00 sa=+0.00 | phero=0 pd=0.00 pa=+0.00 | srch=0.41 | wall=1.07
R2[T1][RTB       ]: L=+1.00 R=+1.00 | carry=1 | base=0.16 ba=+0.00 | site=0 sd=0.00 sa=+0.00 | phero=0 pd=0.00 pa=+0.00 | srch=0.00 | wall=2.77
R3[T1][EXPLORE   ]: L=+0.38 R=+1.00 | carry=0 | base=0.77 ba=+0.75 | site=0 sd=0.00 sa=+0.00 | phero=0 pd=0.00 pa=+0.00 | srch=0.56 | wall=0.68
R4[T1][RTB       ]: L=+1.00 R=+1.00 | carry=1 | base=0.37 ba=+0.00 | site=0 sd=0.00 sa=+0.00 | phero=0 pd=0.00 pa=+0.00 | srch=0.00 | wall=2.11

[GIVE-UP] R1 giving up after 1727 steps
[PICKUP] Robot 1 picked up tag (density=4) | Total: 70
[DEPOSIT] Robot 2 deposited! Total: 68
  [TARGET] Robot 2 → SITE (-1.77,-0.51)
[DEPOSIT] Robot 4 deposited! Total: 69
  [TARGET] Robot 4 → PHERO (1.72,-0.53)

======================================================================
Step 26000 (13.9 min) | Pickups: 70 | Deposits: 69 | Rate: 4.98 tags/min | phero_entries=6 phero_max=0.099
======================================================================
R1[T1][RTB       ]: L=+1.00 R=+1.00 | carry=1 | base=0.12 ba=-0.00 | site=0 sd=0.00 sa=+0.00 | phero=0 pd=0.00 pa=+0.00 | srch=0.00 | wall=2.90
R2[T1][SITE      ]: L=+1.00 R=+0.98 | carry=0 | base=0.23 ba=-0.92 | site=1 sd=0.16 sa=-0.11 | phero=0 pd=0.00 pa=+0.00 | srch=0.09 | wall=2.50
R3[T1][EXPLORE   ]: L=+0.03 R=+1.00 | carry=0 | base=0.77 ba=+0.06 | site=0 sd=0.00 sa=+0.00 | phero=0 pd=0.00 pa=+0.00 | srch=0.68 | wall=0.77
R4[T1][BASE_ESC  ]: L=+1.00 R=+0.00 | carry=0 | base=0.05 ba=+0.74 | site=0 sd=0.00 sa=+0.00 | phero=1 pd=0.41 pa=+0.85 | srch=0.02 | wall=3.33

[DEPOSIT] Robot 1 deposited! Total: 70
  [PHERO] Laid at (0.10, -2.03) density=4 prob=0.82 total_entries=7
  [TARGET] Robot 1 → SITE (0.10,-2.03)
[PICKUP] Robot 2 picked up tag (density=2) | Total: 71

======================================================================
Step 26500 (14.1 min) | Pickups: 71 | Deposits: 70 | Rate: 4.95 tags/min | phero_entries=6 phero_max=0.521
======================================================================
R1[T1][SITE      ]: L=+1.00 R=+1.00 | carry=0 | base=0.28 ba=+0.99 | site=1 sd=0.21 sa=+0.36 | phero=0 pd=0.00 pa=+0.00 | srch=0.10 | wall=2.26
R2[T1][RTB       ]: L=+1.00 R=+1.00 | carry=1 | base=0.16 ba=-0.00 | site=0 sd=0.00 sa=+0.00 | phero=0 pd=0.00 pa=+0.00 | srch=0.00 | wall=2.75
R3[T1][EXPLORE   ]: L=+0.49 R=+1.00 | carry=0 | base=0.77 ba=+0.59 | site=0 sd=0.00 sa=+0.00 | phero=0 pd=0.00 pa=+0.00 | srch=0.81 | wall=0.76
R4[T1][PHERO     ]: L=+0.79 R=+1.00 | carry=0 | base=0.05 ba=+0.56 | site=0 sd=0.00 sa=+0.00 | phero=1 pd=0.39 pa=+0.28 | srch=0.15 | wall=3.30

[DEPOSIT] Robot 2 deposited! Total: 71
  [TARGET] Robot 2 → SITE (-1.57,-0.64)

======================================================================
Step 27000 (14.4 min) | Pickups: 71 | Deposits: 71 | Rate: 4.93 tags/min | phero_entries=5 phero_max=0.234
======================================================================
R1[T1][EXPLORE   ]: L=+1.00 R=+1.00 | carry=0 | base=0.40 ba=+0.18 | site=0 sd=0.00 sa=+0.00 | phero=0 pd=0.00 pa=+0.00 | srch=0.23 | wall=1.51
R2[T1][SITE      ]: L=+1.00 R=+1.00 | carry=0 | base=0.23 ba=+0.93 | site=1 sd=0.12 sa=+0.05 | phero=0 pd=0.00 pa=+0.00 | srch=0.09 | wall=2.41
R3[T1][EXPLORE   ]: L=+1.00 R=+1.00 | carry=0 | base=0.55 ba=-0.33 | site=0 sd=0.00 sa=+0.00 | phero=0 pd=0.00 pa=+0.00 | srch=0.93 | wall=1.15
R4[T1][PHERO     ]: L=+0.48 R=+0.48 | carry=0 | base=0.25 ba=+0.81 | site=0 sd=0.00 sa=+0.00 | phero=1 pd=0.13 pa=-0.00 | srch=0.27 | wall=2.42

[PICKUP] Robot 2 picked up tag (density=1) | Total: 72
[GIVE-UP] R1 giving up after 1272 steps

======================================================================
Step 27500 (14.7 min) | Pickups: 72 | Deposits: 71 | Rate: 4.84 tags/min | phero_entries=3 phero_max=0.105
======================================================================
R1[T1][GIVE_UP   ]: L=+1.00 R=+1.00 | carry=0 | base=0.14 ba=+0.00 | site=0 sd=0.00 sa=+0.00 | phero=0 pd=0.00 pa=+0.00 | srch=0.35 | wall=2.94
R2[T1][RTB       ]: L=+1.00 R=+1.00 | carry=1 | base=0.18 ba=+0.00 | site=0 sd=0.00 sa=+0.00 | phero=0 pd=0.00 pa=+0.00 | srch=0.00 | wall=2.70
R3[T1][WALL_ESC  ]: L=+0.00 R=+1.00 | carry=0 | base=0.66 ba=+0.58 | site=0 sd=0.00 sa=+0.00 | phero=0 pd=0.00 pa=+0.00 | srch=1.00 | wall=0.33
R4[T1][EXPLORE   ]: L=+1.00 R=+1.00 | carry=0 | base=0.47 ba=+0.75 | site=0 sd=0.00 sa=+0.00 | phero=0 pd=0.00 pa=+0.00 | srch=0.40 | wall=1.20

[GIVE-UP] R3 giving up after 4243 steps
[GIVE-UP] R1 giving up after 1506 steps
[EMPTY_RTN] R1 → phero(-1.54,-0.66)
[DEPOSIT] Robot 2 deposited! Total: 72
  [PHERO] Laid at (-1.63, -0.69) density=1 prob=0.20 total_entries=4
  [TARGET] Robot 2 → SITE (-1.63,-0.69)

======================================================================
Step 28000 (14.9 min) | Pickups: 72 | Deposits: 72 | Rate: 4.82 tags/min | phero_entries=3 phero_max=0.587
======================================================================
R1[T1][PHERO     ]: L=+0.97 R=+0.98 | carry=0 | base=0.05 ba=-0.60 | site=0 sd=0.00 sa=+0.00 | phero=1 pd=0.31 pa=+0.03 | srch=0.09 | wall=3.24
R2[T1][SITE      ]: L=+1.00 R=+0.96 | carry=0 | base=0.21 ba=-0.85 | site=1 sd=0.16 sa=-0.03 | phero=0 pd=0.00 pa=+0.00 | srch=0.08 | wall=2.68
R3[T1][GIVE_UP   ]: L=+1.00 R=+1.00 | carry=0 | base=0.32 ba=+0.00 | site=0 sd=0.00 sa=+0.00 | phero=0 pd=0.00 pa=+0.00 | srch=1.00 | wall=1.97
R4[T1][EXPLORE   ]: L=+1.00 R=+1.00 | carry=0 | base=0.58 ba=-0.09 | site=0 sd=0.00 sa=+0.00 | phero=0 pd=0.00 pa=+0.00 | srch=0.52 | wall=0.66

[GIVE-UP] R3 giving up after 4945 steps
[EMPTY_RTN] R3 → phero(-1.63,-0.69)

======================================================================
Step 28500 (15.2 min) | Pickups: 72 | Deposits: 72 | Rate: 4.74 tags/min | phero_entries=3 phero_max=0.264
======================================================================
R1[T1][EXPLORE   ]: L=+1.00 R=+1.00 | carry=0 | base=0.39 ba=-0.96 | site=0 sd=0.00 sa=+0.00 | phero=0 pd=0.00 pa=+0.00 | srch=0.22 | wall=1.73
R2[T1][EXPLORE   ]: L=+1.00 R=+1.00 | carry=0 | base=0.36 ba=-0.24 | site=0 sd=0.00 sa=+0.00 | phero=0 pd=0.00 pa=+0.00 | srch=0.21 | wall=1.75
R3[T1][PHERO     ]: L=+0.85 R=+1.00 | carry=0 | base=0.06 ba=+0.68 | site=0 sd=0.00 sa=+0.00 | phero=1 pd=0.34 pa=+0.13 | srch=0.04 | wall=3.27
R4[T1][EXPLORE   ]: L=+1.00 R=+1.00 | carry=0 | base=0.23 ba=-0.25 | site=0 sd=0.00 sa=+0.00 | phero=0 pd=0.00 pa=+0.00 | srch=0.65 | wall=2.43


======================================================================
Step 29000 (15.5 min) | Pickups: 72 | Deposits: 72 | Rate: 4.66 tags/min | phero_entries=2 phero_max=0.119
======================================================================
R1[T1][EXPLORE   ]: L=+1.00 R=+1.00 | carry=0 | base=0.67 ba=-0.07 | site=0 sd=0.00 sa=+0.00 | phero=0 pd=0.00 pa=+0.00 | srch=0.34 | wall=0.36
R2[T1][EXPLORE   ]: L=+1.00 R=+1.00 | carry=0 | base=0.28 ba=-0.66 | site=0 sd=0.00 sa=+0.00 | phero=0 pd=0.00 pa=+0.00 | srch=0.33 | wall=2.21
R3[T1][PHERO     ]: L=+0.44 R=+1.00 | carry=0 | base=0.37 ba=+0.50 | site=0 sd=0.00 sa=+0.00 | phero=1 pd=0.01 pa=+0.31 | srch=0.16 | wall=1.81
R4[T1][EXPLORE   ]: L=+1.00 R=+1.00 | carry=0 | base=0.27 ba=-0.80 | site=0 sd=0.00 sa=+0.00 | phero=0 pd=0.00 pa=+0.00 | srch=0.77 | wall=2.34

[PICKUP] Robot 1 picked up tag (density=15) | Total: 73

======================================================================
Step 29500 (15.7 min) | Pickups: 73 | Deposits: 72 | Rate: 4.58 tags/min | phero_entries=2 phero_max=0.053
======================================================================
R1[T1][RTB       ]: L=+1.00 R=+1.00 | carry=1 | base=0.28 ba=-0.00 | site=0 sd=0.00 sa=+0.00 | phero=0 pd=0.00 pa=+0.00 | srch=0.00 | wall=2.14
R2[T1][EXPLORE   ]: L=+1.00 R=+1.00 | carry=0 | base=0.57 ba=-0.86 | site=0 sd=0.00 sa=+0.00 | phero=0 pd=0.00 pa=+0.00 | srch=0.46 | wall=0.79
R3[T1][EXPLORE   ]: L=+1.00 R=+1.00 | carry=0 | base=0.47 ba=+0.72 | site=0 sd=0.00 sa=+0.00 | phero=0 pd=0.00 pa=+0.00 | srch=0.29 | wall=1.26
R4[T1][EXPLORE   ]: L=+1.00 R=+1.00 | carry=0 | base=0.63 ba=-0.92 | site=0 sd=0.00 sa=+0.00 | phero=0 pd=0.00 pa=+0.00 | srch=0.90 | wall=1.03

[GIVE-UP] R4 giving up after 3871 steps
[DEPOSIT] Robot 1 deposited! Total: 73
  [PHERO] Laid at (-2.69, -0.75) density=15 prob=1.00 total_entries=3
  [TARGET] Robot 1 → SITE (-2.69,-0.75)

======================================================================
Step 30000 (16.0 min) | Pickups: 73 | Deposits: 73 | Rate: 4.56 tags/min | phero_entries=3 phero_max=0.728
======================================================================
R1[T1][SITE      ]: L=+1.00 R=+1.00 | carry=0 | base=0.12 ba=-0.95 | site=1 sd=0.46 sa=+0.22 | phero=0 pd=0.00 pa=+0.00 | srch=0.05 | wall=2.93
R2[T1][EXPLORE   ]: L=+1.00 R=+1.00 | carry=0 | base=0.58 ba=-0.37 | site=0 sd=0.00 sa=+0.00 | phero=0 pd=0.00 pa=+0.00 | srch=0.58 | wall=1.25
R3[T1][EXPLORE   ]: L=+1.00 R=+1.00 | carry=0 | base=0.56 ba=+0.24 | site=0 sd=0.00 sa=+0.00 | phero=0 pd=0.00 pa=+0.00 | srch=0.41 | wall=0.75
R4[T1][GIVE_UP   ]: L=+1.00 R=+1.00 | carry=0 | base=0.62 ba=-0.00 | site=0 sd=0.00 sa=+0.00 | phero=0 pd=0.00 pa=+0.00 | srch=1.00 | wall=0.92

[PICKUP] Robot 1 picked up tag (density=9) | Total: 74

======================================================================
Step 30500 (16.3 min) | Pickups: 74 | Deposits: 73 | Rate: 4.49 tags/min | phero_entries=2 phero_max=0.327
======================================================================
R1[T1][RTB       ]: L=+0.99 R=+1.00 | carry=1 | base=0.29 ba=+0.00 | site=0 sd=0.00 sa=+0.00 | phero=0 pd=0.00 pa=+0.00 | srch=0.00 | wall=2.07
R2[T1][EXPLORE   ]: L=+1.00 R=+1.00 | carry=0 | base=0.55 ba=-0.59 | site=0 sd=0.00 sa=+0.00 | phero=0 pd=0.00 pa=+0.00 | srch=0.71 | wall=0.82
R3[T1][EXPLORE   ]: L=+1.00 R=+1.00 | carry=0 | base=0.39 ba=+0.49 | site=0 sd=0.00 sa=+0.00 | phero=0 pd=0.00 pa=+0.00 | srch=0.54 | wall=2.00
R4[T1][GIVE_UP   ]: L=+1.00 R=+1.00 | carry=0 | base=0.24 ba=-0.00 | site=0 sd=0.00 sa=+0.00 | phero=0 pd=0.00 pa=+0.00 | srch=1.00 | wall=2.52

[EMPTY_RTN] R4 → phero(-2.69,-0.75)
[DEPOSIT] Robot 1 deposited! Total: 74
  [PHERO] Laid at (-1.68, 0.39) density=9 prob=1.00 total_entries=3
  [TARGET] Robot 1 → SITE (-1.68,0.39)

======================================================================
Step 31000 (16.5 min) | Pickups: 74 | Deposits: 74 | Rate: 4.48 tags/min | phero_entries=3 phero_max=0.739
======================================================================
R1[T1][SITE      ]: L=+0.88 R=+0.89 | carry=0 | base=0.09 ba=-0.86 | site=1 sd=0.26 sa=+0.06 | phero=0 pd=0.00 pa=+0.00 | srch=0.05 | wall=3.05
R2[T1][EXPLORE   ]: L=+0.77 R=+1.00 | carry=0 | base=0.64 ba=-0.27 | site=0 sd=0.00 sa=+0.00 | phero=0 pd=0.00 pa=+0.00 | srch=0.83 | wall=0.37
R3[T1][EXPLORE   ]: L=+1.00 R=+1.00 | carry=0 | base=0.41 ba=+0.54 | site=0 sd=0.00 sa=+0.00 | phero=0 pd=0.00 pa=+0.00 | srch=0.66 | wall=1.51
R4[T1][PHERO     ]: L=+0.99 R=+1.00 | carry=0 | base=0.17 ba=-0.97 | site=0 sd=0.00 sa=+0.00 | phero=1 pd=0.40 pa=+0.10 | srch=0.06 | wall=2.69

[PICKUP] Robot 1 picked up tag (density=8) | Total: 75
[PICKUP] Robot 4 picked up tag (density=14) | Total: 76

======================================================================
Step 31500 (16.8 min) | Pickups: 76 | Deposits: 74 | Rate: 4.40 tags/min | phero_entries=3 phero_max=0.332
======================================================================
R1[T1][RTB       ]: L=+0.99 R=+1.00 | carry=1 | base=0.26 ba=+0.01 | site=0 sd=0.00 sa=+0.00 | phero=0 pd=0.00 pa=+0.00 | srch=0.00 | wall=2.24
R2[T1][EXPLORE   ]: L=+1.00 R=+1.00 | carry=0 | base=0.63 ba=-0.52 | site=0 sd=0.00 sa=+0.00 | phero=0 pd=0.00 pa=+0.00 | srch=0.96 | wall=0.93
R3[T1][EXPLORE   ]: L=+1.00 R=+1.00 | carry=0 | base=0.60 ba=+0.76 | site=0 sd=0.00 sa=+0.00 | phero=0 pd=0.00 pa=+0.00 | srch=0.79 | wall=1.09
R4[T1][RTB       ]: L=+0.00 R=+1.00 | carry=1 | base=0.52 ba=+0.54 | site=0 sd=0.00 sa=+0.00 | phero=0 pd=0.00 pa=+0.00 | srch=0.00 | wall=0.99

[DEPOSIT] Robot 1 deposited! Total: 75
  [PHERO] Laid at (-1.47, 0.50) density=8 prob=1.00 total_entries=4
  [TARGET] Robot 1 → SITE (-1.47,0.50)

======================================================================
Step 32000 (17.1 min) | Pickups: 76 | Deposits: 75 | Rate: 4.39 tags/min | phero_entries=3 phero_max=0.697
======================================================================
R1[T1][SITE      ]: L=+1.00 R=+0.61 | carry=0 | base=0.13 ba=-0.88 | site=1 sd=0.21 sa=-0.12 | phero=0 pd=0.00 pa=+0.00 | srch=0.06 | wall=2.86
R2[T1][EXPLORE   ]: L=+1.00 R=+0.47 | carry=0 | base=0.72 ba=-0.12 | site=0 sd=0.00 sa=+0.00 | phero=0 pd=0.00 pa=+0.00 | srch=1.00 | wall=0.35
R3[T1][EXPLORE   ]: L=+0.50 R=+1.00 | carry=0 | base=0.65 ba=-0.87 | site=0 sd=0.00 sa=+0.00 | phero=0 pd=0.00 pa=+0.00 | srch=0.91 | wall=0.77
R4[T1][RTB       ]: L=+1.00 R=+1.00 | carry=1 | base=0.17 ba=+0.00 | site=0 sd=0.00 sa=+0.00 | phero=0 pd=0.00 pa=+0.00 | srch=0.00 | wall=2.68

[DEPOSIT] Robot 4 deposited! Total: 76
  [PHERO] Laid at (-2.49, -0.47) density=14 prob=1.00 total_entries=4
  [TARGET] Robot 4 → SITE (-2.49,-0.47)
[PICKUP] Robot 1 picked up tag (density=7) | Total: 77

======================================================================
Step 32500 (17.3 min) | Pickups: 77 | Deposits: 76 | Rate: 4.38 tags/min | phero_entries=4 phero_max=0.576
======================================================================
R1[T1][RTB       ]: L=+1.00 R=+1.00 | carry=1 | base=0.24 ba=-0.00 | site=0 sd=0.00 sa=+0.00 | phero=0 pd=0.00 pa=+0.00 | srch=0.00 | wall=2.39
R2[T1][EXPLORE   ]: L=+1.00 R=+1.00 | carry=0 | base=0.36 ba=-0.17 | site=0 sd=0.00 sa=+0.00 | phero=0 pd=0.00 pa=+0.00 | srch=1.00 | wall=1.75
R3[T1][EXPLORE   ]: L=+1.00 R=+1.00 | carry=0 | base=0.60 ba=+0.45 | site=0 sd=0.00 sa=+0.00 | phero=0 pd=0.00 pa=+0.00 | srch=1.00 | wall=0.52
R4[T1][SITE      ]: L=+1.00 R=+0.98 | carry=0 | base=0.23 ba=-0.95 | site=1 sd=0.33 sa=-0.21 | phero=0 pd=0.00 pa=+0.00 | srch=0.09 | wall=2.62

[DEPOSIT] Robot 1 deposited! Total: 77
  [PHERO] Laid at (-1.50, 0.52) density=7 prob=0.99 total_entries=5
  [TARGET] Robot 1 → SITE (-1.50,0.52)
[PICKUP] Robot 4 picked up tag (density=13) | Total: 78

======================================================================
Step 33000 (17.6 min) | Pickups: 78 | Deposits: 77 | Rate: 4.38 tags/min | phero_entries=5 phero_max=0.671
======================================================================
R1[T1][SITE      ]: L=+1.00 R=+1.00 | carry=0 | base=0.15 ba=+0.99 | site=1 sd=0.18 sa=+0.17 | phero=0 pd=0.00 pa=+0.00 | srch=0.06 | wall=2.91
R2[T1][EXPLORE   ]: L=+1.00 R=+1.00 | carry=0 | base=0.20 ba=-0.63 | site=0 sd=0.00 sa=+0.00 | phero=0 pd=0.00 pa=+0.00 | srch=1.00 | wall=2.58
R3[T1][EXPLORE   ]: L=+0.81 R=+0.86 | carry=0 | base=0.66 ba=+0.38 | site=0 sd=0.00 sa=+0.00 | phero=0 pd=0.00 pa=+0.00 | srch=1.00 | wall=0.46
R4[T1][RTB       ]: L=+1.00 R=+0.00 | carry=1 | base=0.52 ba=-0.41 | site=0 sd=0.00 sa=+0.00 | phero=0 pd=0.00 pa=+0.00 | srch=0.00 | wall=1.00

[PICKUP] Robot 1 picked up tag (density=6) | Total: 79
[PICKUP] Robot 2 picked up tag (density=5) | Total: 80

======================================================================
Step 33500 (17.9 min) | Pickups: 80 | Deposits: 77 | Rate: 4.31 tags/min | phero_entries=5 phero_max=0.302
======================================================================
R1[T1][RTB       ]: L=+1.00 R=+1.00 | carry=1 | base=0.22 ba=+0.00 | site=0 sd=0.00 sa=+0.00 | phero=0 pd=0.00 pa=+0.00 | srch=0.00 | wall=2.52
R2[T1][RTB       ]: L=+1.00 R=+1.00 | carry=1 | base=0.25 ba=-0.00 | site=0 sd=0.00 sa=+0.00 | phero=0 pd=0.00 pa=+0.00 | srch=0.00 | wall=2.35
R3[T1][EXPLORE   ]: L=+0.20 R=+1.00 | carry=0 | base=0.57 ba=+0.83 | site=0 sd=0.00 sa=+0.00 | phero=0 pd=0.00 pa=+0.00 | srch=1.00 | wall=1.25
R4[T1][RTB       ]: L=+1.00 R=+1.00 | carry=1 | base=0.16 ba=-0.00 | site=0 sd=0.00 sa=+0.00 | phero=0 pd=0.00 pa=+0.00 | srch=0.00 | wall=2.71

[DEPOSIT] Robot 4 deposited! Total: 78
  [PHERO] Laid at (-2.50, -0.64) density=13 prob=1.00 total_entries=6
  [TARGET] Robot 4 → SITE (-2.50,-0.64)
[DEPOSIT] Robot 1 deposited! Total: 79
  [TARGET] Robot 1 → SITE (-1.48,0.76)
[DEPOSIT] Robot 2 deposited! Total: 80
  [PHERO] Laid at (-1.64, 0.46) density=5 prob=0.92 total_entries=7
  [TARGET] Robot 2 → SITE (-1.64,0.46)

======================================================================
Step 34000 (18.1 min) | Pickups: 80 | Deposits: 80 | Rate: 4.41 tags/min | phero_entries=7 phero_max=0.694
======================================================================
R1[T1][SITE      ]: L=+1.00 R=+1.00 | carry=0 | base=0.16 ba=-0.96 | site=1 sd=0.18 sa=+0.00 | phero=0 pd=0.00 pa=+0.00 | srch=0.07 | wall=2.79
R2[T1][SITE      ]: L=+1.00 R=+1.00 | carry=0 | base=0.13 ba=+0.96 | site=1 sd=0.22 sa=+0.04 | phero=0 pd=0.00 pa=+0.00 | srch=0.06 | wall=2.91
R3[T1][EXPLORE   ]: L=+0.94 R=+1.00 | carry=0 | base=0.68 ba=+0.81 | site=0 sd=0.00 sa=+0.00 | phero=0 pd=0.00 pa=+0.00 | srch=1.00 | wall=0.68
R4[T1][SITE      ]: L=+0.98 R=+1.00 | carry=0 | base=0.22 ba=+0.89 | site=1 sd=0.33 sa=+0.13 | phero=0 pd=0.00 pa=+0.00 | srch=0.09 | wall=2.41

[PICKUP] Robot 2 picked up tag (density=4) | Total: 81

======================================================================
Step 34500 (18.4 min) | Pickups: 81 | Deposits: 80 | Rate: 4.35 tags/min | phero_entries=6 phero_max=0.312
======================================================================
R1[T1][EXPLORE   ]: L=+1.00 R=+1.00 | carry=0 | base=0.54 ba=-0.99 | site=0 sd=0.00 sa=+0.00 | phero=0 pd=0.00 pa=+0.00 | srch=0.20 | wall=1.14
R2[T1][RTB       ]: L=+1.00 R=+1.00 | carry=1 | base=0.25 ba=+0.00 | site=0 sd=0.00 sa=+0.00 | phero=0 pd=0.00 pa=+0.00 | srch=0.00 | wall=2.31
R3[T1][EXPLORE   ]: L=+1.00 R=+1.00 | carry=0 | base=0.82 ba=+0.05 | site=0 sd=0.00 sa=+0.00 | phero=0 pd=0.00 pa=+0.00 | srch=1.00 | wall=0.49
R4[T1][EXPLORE   ]: L=+1.00 R=+1.00 | carry=0 | base=0.56 ba=+0.91 | site=0 sd=0.00 sa=+0.00 | phero=0 pd=0.00 pa=+0.00 | srch=0.21 | wall=0.84

[DEPOSIT] Robot 2 deposited! Total: 81
  [PHERO] Laid at (-1.59, 0.51) density=4 prob=0.82 total_entries=7
  [TARGET] Robot 2 → SITE (-1.59,0.51)
[GIVE-UP] R1 giving up after 1286 steps

======================================================================
Step 35000 (18.7 min) | Pickups: 81 | Deposits: 81 | Rate: 4.34 tags/min | phero_entries=7 phero_max=0.675
======================================================================
R1[T1][GIVE_UP   ]: L=+1.00 R=+0.34 | carry=0 | base=0.64 ba=-0.27 | site=0 sd=0.00 sa=+0.00 | phero=0 pd=0.00 pa=+0.00 | srch=0.32 | wall=0.95
R2[T1][SITE      ]: L=+1.00 R=+0.99 | carry=0 | base=0.15 ba=+0.96 | site=1 sd=0.22 sa=-0.32 | phero=0 pd=0.00 pa=+0.00 | srch=0.06 | wall=2.76
R3[T1][EXPLORE   ]: L=+1.00 R=+1.00 | carry=0 | base=0.44 ba=+0.07 | site=0 sd=0.00 sa=+0.00 | phero=0 pd=0.00 pa=+0.00 | srch=1.00 | wall=1.72
R4[T1][EXPLORE   ]: L=+1.00 R=+1.00 | carry=0 | base=0.49 ba=-0.09 | site=0 sd=0.00 sa=+0.00 | phero=0 pd=0.00 pa=+0.00 | srch=0.34 | wall=1.18

[PICKUP] Robot 2 picked up tag (density=3) | Total: 82

======================================================================
Step 35500 (18.9 min) | Pickups: 82 | Deposits: 81 | Rate: 4.28 tags/min | phero_entries=6 phero_max=0.303
======================================================================
R1[T1][GIVE_UP   ]: L=+1.00 R=+1.00 | carry=0 | base=0.27 ba=-0.00 | site=0 sd=0.00 sa=+0.00 | phero=0 pd=0.00 pa=+0.00 | srch=0.45 | wall=2.45
R2[T1][RTB       ]: L=+1.00 R=+0.98 | carry=1 | base=0.29 ba=-0.01 | site=0 sd=0.00 sa=+0.00 | phero=0 pd=0.00 pa=+0.00 | srch=0.00 | wall=2.19
R3[T1][EXPLORE   ]: L=+1.00 R=+1.00 | carry=0 | base=0.11 ba=+0.37 | site=0 sd=0.00 sa=+0.00 | phero=0 pd=0.00 pa=+0.00 | srch=1.00 | wall=2.98
R4[T1][EXPLORE   ]: L=+1.00 R=+1.00 | carry=0 | base=0.16 ba=-0.32 | site=0 sd=0.00 sa=+0.00 | phero=0 pd=0.00 pa=+0.00 | srch=0.46 | wall=2.78

[EMPTY_RTN] R1 → phero(-2.49,-0.47)
[DEPOSIT] Robot 2 deposited! Total: 82
  [PHERO] Laid at (-1.58, 0.59) density=3 prob=0.65 total_entries=7
  [TARGET] Robot 2 → SITE (-1.58,0.59)

======================================================================
Step 36000 (19.2 min) | Pickups: 82 | Deposits: 82 | Rate: 4.27 tags/min | phero_entries=7 phero_max=0.737
======================================================================
R1[T1][PHERO     ]: L=+0.97 R=+0.99 | carry=0 | base=0.10 ba=+0.76 | site=0 sd=0.00 sa=+0.00 | phero=1 pd=0.45 pa=+0.05 | srch=0.05 | wall=3.08
R2[T1][SITE      ]: L=+1.00 R=+1.00 | carry=0 | base=0.11 ba=+0.98 | site=1 sd=0.24 sa=-0.16 | phero=0 pd=0.00 pa=+0.00 | srch=0.05 | wall=2.95
R3[T1][EXPLORE   ]: L=+1.00 R=+0.45 | carry=0 | base=0.31 ba=-0.65 | site=0 sd=0.00 sa=+0.00 | phero=0 pd=0.00 pa=+0.00 | srch=1.00 | wall=2.06
R4[T1][EXPLORE   ]: L=+1.00 R=+0.90 | carry=0 | base=0.26 ba=-0.67 | site=0 sd=0.00 sa=+0.00 | phero=0 pd=0.00 pa=+0.00 | srch=0.59 | wall=2.56

[PICKUP] Robot 2 picked up tag (density=2) | Total: 83

======================================================================
Step 36500 (19.5 min) | Pickups: 83 | Deposits: 82 | Rate: 4.21 tags/min | phero_entries=5 phero_max=0.331
======================================================================
R1[T1][PHERO     ]: L=+1.00 R=+1.00 | carry=0 | base=0.47 ba=+0.95 | site=0 sd=0.00 sa=+0.00 | phero=1 pd=0.09 pa=+0.30 | srch=0.18 | wall=1.19
R2[T1][RTB       ]: L=+1.00 R=+0.97 | carry=1 | base=0.31 ba=-0.01 | site=0 sd=0.00 sa=+0.00 | phero=0 pd=0.00 pa=+0.00 | srch=0.00 | wall=2.12
R3[T1][EXPLORE   ]: L=+1.00 R=+1.00 | carry=0 | base=0.09 ba=+0.64 | site=0 sd=0.00 sa=+0.00 | phero=0 pd=0.00 pa=+0.00 | srch=1.00 | wall=3.05
R4[T1][EXPLORE   ]: L=+1.00 R=+1.00 | carry=0 | base=0.34 ba=+0.91 | site=0 sd=0.00 sa=+0.00 | phero=0 pd=0.00 pa=+0.00 | srch=0.71 | wall=2.21

[DEPOSIT] Robot 2 deposited! Total: 83
  [PHERO] Laid at (-1.62, 0.67) density=2 prob=0.42 total_entries=6
  [TARGET] Robot 2 → SITE (-1.62,0.67)

======================================================================
Step 37000 (19.7 min) | Pickups: 83 | Deposits: 83 | Rate: 4.21 tags/min | phero_entries=6 phero_max=0.768
======================================================================
R1[T1][PHERO     ]: L=+0.90 R=+1.00 | carry=0 | base=0.63 ba=+0.26 | site=0 sd=0.00 sa=+0.00 | phero=1 pd=0.17 pa=+0.50 | srch=0.31 | wall=0.68
R2[T1][SITE      ]: L=+1.00 R=+1.00 | carry=0 | base=0.08 ba=+0.99 | site=1 sd=0.28 sa=+0.11 | phero=0 pd=0.00 pa=+0.00 | srch=0.04 | wall=3.18
R3[T1][EXPLORE   ]: L=+1.00 R=+1.00 | carry=0 | base=0.12 ba=+0.53 | site=0 sd=0.00 sa=+0.00 | phero=0 pd=0.00 pa=+0.00 | srch=1.00 | wall=3.07
R4[T1][EXPLORE   ]: L=+1.00 R=+1.00 | carry=0 | base=0.72 ba=+0.93 | site=0 sd=0.00 sa=+0.00 | phero=0 pd=0.00 pa=+0.00 | srch=0.84 | wall=0.74

[PICKUP] Robot 2 picked up tag (density=1) | Total: 84

======================================================================
Step 37500 (20.0 min) | Pickups: 84 | Deposits: 83 | Rate: 4.15 tags/min | phero_entries=5 phero_max=0.345
======================================================================
R1[T1][PHERO     ]: L=+0.75 R=+1.00 | carry=0 | base=0.51 ba=-0.99 | site=0 sd=0.00 sa=+0.00 | phero=1 pd=0.04 pa=+0.49 | srch=0.43 | wall=1.00
R2[T1][RTB       ]: L=+0.92 R=+1.00 | carry=1 | base=0.33 ba=+0.03 | site=0 sd=0.00 sa=+0.00 | phero=0 pd=0.00 pa=+0.00 | srch=0.00 | wall=1.97
R3[T1][EXPLORE   ]: L=+1.00 R=+1.00 | carry=0 | base=0.42 ba=+0.91 | site=0 sd=0.00 sa=+0.00 | phero=0 pd=0.00 pa=+0.00 | srch=1.00 | wall=1.57
R4[T1][EXPLORE   ]: L=+1.00 R=+1.00 | carry=0 | base=0.60 ba=+0.05 | site=0 sd=0.00 sa=+0.00 | phero=0 pd=0.00 pa=+0.00 | srch=0.96 | wall=1.05

[PICKUP] Robot 1 picked up tag (density=12) | Total: 85
[GIVE-UP] R3 giving up after 9161 steps
[DEPOSIT] Robot 2 deposited! Total: 84
  [TARGET] Robot 2 → SITE (-1.64,0.68)

======================================================================
Step 38000 (20.3 min) | Pickups: 85 | Deposits: 84 | Rate: 4.14 tags/min | phero_entries=4 phero_max=0.155
======================================================================
R1[T1][RTB       ]: L=+1.00 R=+1.00 | carry=1 | base=0.23 ba=+0.00 | site=0 sd=0.00 sa=+0.00 | phero=0 pd=0.00 pa=+0.00 | srch=0.00 | wall=2.36
R2[T1][SITE      ]: L=+1.00 R=+0.96 | carry=0 | base=0.07 ba=+0.96 | site=1 sd=0.29 sa=-0.19 | phero=0 pd=0.00 pa=+0.00 | srch=0.04 | wall=3.15
R3[T1][GIVE_UP   ]: L=+1.00 R=+1.00 | carry=0 | base=0.13 ba=+0.00 | site=0 sd=0.00 sa=+0.00 | phero=0 pd=0.00 pa=+0.00 | srch=1.00 | wall=2.92
R4[T1][EXPLORE   ]: L=+0.95 R=+1.00 | carry=0 | base=0.27 ba=-0.46 | site=0 sd=0.00 sa=+0.00 | phero=0 pd=0.00 pa=+0.00 | srch=1.00 | wall=2.47

[EMPTY_RTN] R3 → phero(-1.62,0.67)
[DEPOSIT] Robot 1 deposited! Total: 85
  [PHERO] Laid at (-2.53, -0.27) density=12 prob=1.00 total_entries=4
  [TARGET] Robot 1 → SITE (-2.53,-0.27)
[GIVE-UP] R4 giving up after 4767 steps

======================================================================
Step 38500 (20.5 min) | Pickups: 85 | Deposits: 85 | Rate: 4.14 tags/min | phero_entries=4 phero_max=0.654
======================================================================
R1[T1][SITE      ]: L=+1.00 R=+1.00 | carry=0 | base=0.17 ba=+0.96 | site=1 sd=0.38 sa=-0.29 | phero=0 pd=0.00 pa=+0.00 | srch=0.07 | wall=2.85
R2[T1][SITE      ]: L=+1.00 R=+0.90 | carry=0 | base=0.35 ba=-0.76 | site=1 sd=0.06 sa=-0.25 | phero=0 pd=0.00 pa=+0.00 | srch=0.16 | wall=1.81
R3[T1][PHERO     ]: L=+1.00 R=+1.00 | carry=0 | base=0.27 ba=+0.96 | site=0 sd=0.00 sa=+0.00 | phero=1 pd=0.09 pa=+0.11 | srch=0.10 | wall=2.35
R4[T1][GIVE_UP   ]: L=+1.00 R=+0.60 | carry=0 | base=0.41 ba=-0.15 | site=0 sd=0.00 sa=+0.00 | phero=0 pd=0.00 pa=+0.00 | srch=1.00 | wall=1.47

[EMPTY_RTN] R4 → phero(-2.53,-0.27)

======================================================================
Step 39000 (20.8 min) | Pickups: 85 | Deposits: 85 | Rate: 4.09 tags/min | phero_entries=4 phero_max=0.294
======================================================================
R1[T1][SITE      ]: L=+1.00 R=+0.88 | carry=0 | base=0.49 ba=-0.58 | site=1 sd=0.12 sa=-0.04 | phero=0 pd=0.00 pa=+0.00 | srch=0.19 | wall=1.23
R2[T1][EXPLORE   ]: L=+0.80 R=+1.00 | carry=0 | base=0.13 ba=-0.03 | site=0 sd=0.00 sa=+0.00 | phero=0 pd=0.00 pa=+0.00 | srch=0.29 | wall=2.85
R3[T1][EXPLORE   ]: L=+1.00 R=+1.00 | carry=0 | base=0.56 ba=+0.82 | site=0 sd=0.00 sa=+0.00 | phero=0 pd=0.00 pa=+0.00 | srch=0.22 | wall=0.75
R4[T1][BASE_ESC  ]: L=+0.00 R=+1.00 | carry=0 | base=0.05 ba=-0.26 | site=0 sd=0.00 sa=+0.00 | phero=1 pd=0.56 pa=-0.21 | srch=0.01 | wall=3.27

[PICKUP] Robot 1 picked up tag (density=11) | Total: 86

======================================================================
Step 39500 (21.1 min) | Pickups: 86 | Deposits: 85 | Rate: 4.03 tags/min | phero_entries=3 phero_max=0.132
======================================================================
R1[T1][RTB       ]: L=+1.00 R=+1.00 | carry=1 | base=0.44 ba=-0.00 | site=0 sd=0.00 sa=+0.00 | phero=0 pd=0.00 pa=+0.00 | srch=0.00 | wall=1.32
R2[T1][EXPLORE   ]: L=+1.00 R=+1.00 | carry=0 | base=0.25 ba=-0.80 | site=0 sd=0.00 sa=+0.00 | phero=0 pd=0.00 pa=+0.00 | srch=0.41 | wall=2.54
R3[T1][EXPLORE   ]: L=+1.00 R=+1.00 | carry=0 | base=0.43 ba=-0.13 | site=0 sd=0.00 sa=+0.00 | phero=0 pd=0.00 pa=+0.00 | srch=0.35 | wall=1.38
R4[T1][BASE_ESC  ]: L=+1.00 R=+0.17 | carry=0 | base=0.05 ba=-0.40 | site=0 sd=0.00 sa=+0.00 | phero=1 pd=0.54 pa=-0.11 | srch=0.13 | wall=3.31


======================================================================
Step 40000 (21.3 min) | Pickups: 86 | Deposits: 85 | Rate: 3.98 tags/min | phero_entries=3 phero_max=0.059
======================================================================
R1[T1][RTB       ]: L=+1.00 R=+1.00 | carry=1 | base=0.05 ba=-0.00 | site=0 sd=0.00 sa=+0.00 | phero=0 pd=0.00 pa=+0.00 | srch=0.00 | wall=3.24
R2[T1][EXPLORE   ]: L=+1.00 R=+0.96 | carry=0 | base=0.54 ba=-0.63 | site=0 sd=0.00 sa=+0.00 | phero=0 pd=0.00 pa=+0.00 | srch=0.54 | wall=0.84
R3[T1][EXPLORE   ]: L=+1.00 R=+1.00 | carry=0 | base=0.17 ba=-0.48 | site=0 sd=0.00 sa=+0.00 | phero=0 pd=0.00 pa=+0.00 | srch=0.47 | wall=2.69
R4[T1][PHERO     ]: L=+0.70 R=+0.70 | carry=0 | base=0.20 ba=-0.91 | site=0 sd=0.00 sa=+0.00 | phero=1 pd=0.32 pa=+0.02 | srch=0.26 | wall=2.54

[DEPOSIT] Robot 1 deposited! Total: 86
  [PHERO] Laid at (-2.59, -0.29) density=11 prob=1.00 total_entries=4
  [TARGET] Robot 1 → SITE (-2.59,-0.29)

======================================================================
Step 40500 (21.6 min) | Pickups: 86 | Deposits: 86 | Rate: 3.98 tags/min | phero_entries=3 phero_max=0.451
======================================================================
R1[T1][SITE      ]: L=+1.00 R=+1.00 | carry=0 | base=0.34 ba=+1.00 | site=1 sd=0.22 sa=+0.23 | phero=0 pd=0.00 pa=+0.00 | srch=0.12 | wall=1.83
R2[T1][EXPLORE   ]: L=+1.00 R=+1.00 | carry=0 | base=0.55 ba=-0.35 | site=0 sd=0.00 sa=+0.00 | phero=0 pd=0.00 pa=+0.00 | srch=0.66 | wall=0.98
R3[T1][EXPLORE   ]: L=+1.00 R=+1.00 | carry=0 | base=0.48 ba=-0.91 | site=0 sd=0.00 sa=+0.00 | phero=0 pd=0.00 pa=+0.00 | srch=0.60 | wall=1.35
R4[T1][EXPLORE   ]: L=+1.00 R=+1.00 | carry=0 | base=0.52 ba=+0.74 | site=0 sd=0.00 sa=+0.00 | phero=0 pd=0.00 pa=+0.00 | srch=0.38 | wall=0.93

[PICKUP] Robot 4 picked up tag (density=10) | Total: 87
[PICKUP] Robot 1 picked up tag (density=9) | Total: 88

======================================================================
Step 41000 (21.9 min) | Pickups: 88 | Deposits: 86 | Rate: 3.93 tags/min | phero_entries=3 phero_max=0.203
======================================================================
R1[T1][RTB       ]: L=+0.89 R=+1.00 | carry=1 | base=0.55 ba=+0.04 | site=0 sd=0.00 sa=+0.00 | phero=0 pd=0.00 pa=+0.00 | srch=0.00 | wall=0.80
R2[T1][EXPLORE   ]: L=+1.00 R=+1.00 | carry=0 | base=0.50 ba=-0.58 | site=0 sd=0.00 sa=+0.00 | phero=0 pd=0.00 pa=+0.00 | srch=0.79 | wall=1.24
R3[T1][EXPLORE   ]: L=+1.00 R=+1.00 | carry=0 | base=0.39 ba=-0.13 | site=0 sd=0.00 sa=+0.00 | phero=0 pd=0.00 pa=+0.00 | srch=0.72 | wall=1.66
R4[T1][RTB       ]: L=+1.00 R=+1.00 | carry=1 | base=0.22 ba=+0.00 | site=0 sd=0.00 sa=+0.00 | phero=0 pd=0.00 pa=+0.00 | srch=0.00 | wall=2.41

[GIVE-UP] R2 giving up after 3169 steps
[DEPOSIT] Robot 4 deposited! Total: 87
  [PHERO] Laid at (-2.62, -0.34) density=10 prob=1.00 total_entries=3
  [TARGET] Robot 4 → SITE (-2.62,-0.34)

======================================================================
Step 41500 (22.1 min) | Pickups: 88 | Deposits: 87 | Rate: 3.93 tags/min | phero_entries=3 phero_max=0.641
======================================================================
R1[T1][RTB       ]: L=+1.00 R=+1.00 | carry=1 | base=0.16 ba=+0.00 | site=0 sd=0.00 sa=+0.00 | phero=0 pd=0.00 pa=+0.00 | srch=0.00 | wall=2.71
R2[T1][GIVE_UP   ]: L=+1.00 R=+1.00 | carry=0 | base=0.19 ba=-0.00 | site=0 sd=0.00 sa=+0.00 | phero=0 pd=0.00 pa=+0.00 | srch=0.91 | wall=2.63
R3[T1][EXPLORE   ]: L=+1.00 R=+0.99 | carry=0 | base=0.15 ba=-0.57 | site=0 sd=0.00 sa=+0.00 | phero=0 pd=0.00 pa=+0.00 | srch=0.85 | wall=2.74
R4[T1][SITE      ]: L=+1.00 R=+0.98 | carry=0 | base=0.18 ba=-0.97 | site=1 sd=0.37 sa=-0.15 | phero=0 pd=0.00 pa=+0.00 | srch=0.07 | wall=2.73

[DEPOSIT] Robot 1 deposited! Total: 88
  [PHERO] Laid at (-2.84, -0.23) density=9 prob=1.00 total_entries=4
  [TARGET] Robot 1 → SITE (-2.84,-0.23)
[EMPTY_RTN] R2 → phero(-2.84,-0.23)

======================================================================
Step 42000 (22.4 min) | Pickups: 88 | Deposits: 88 | Rate: 3.93 tags/min | phero_entries=4 phero_max=0.565
======================================================================
R1[T1][SITE      ]: L=+1.00 R=+1.00 | carry=0 | base=0.23 ba=-0.88 | site=1 sd=0.36 sa=+0.00 | phero=0 pd=0.00 pa=+0.00 | srch=0.09 | wall=2.43
R2[T1][PHERO     ]: L=+0.53 R=+0.90 | carry=0 | base=0.09 ba=-0.77 | site=0 sd=0.00 sa=+0.00 | phero=1 pd=0.52 pa=-0.09 | srch=0.08 | wall=3.15
R3[T1][EXPLORE   ]: L=+1.00 R=+1.00 | carry=0 | base=0.07 ba=+0.62 | site=0 sd=0.00 sa=+0.00 | phero=0 pd=0.00 pa=+0.00 | srch=0.97 | wall=3.13
R4[T1][EXPLORE   ]: L=+1.00 R=+1.00 | carry=0 | base=0.53 ba=-0.86 | site=0 sd=0.00 sa=+0.00 | phero=0 pd=0.00 pa=+0.00 | srch=0.19 | wall=0.91

[PICKUP] Robot 4 picked up tag (density=8) | Total: 89

======================================================================
Step 42500 (22.7 min) | Pickups: 89 | Deposits: 88 | Rate: 3.88 tags/min | phero_entries=4 phero_max=0.254
======================================================================
R1[T1][EXPLORE   ]: L=+1.00 R=+1.00 | carry=0 | base=0.60 ba=-0.95 | site=0 sd=0.00 sa=+0.00 | phero=0 pd=0.00 pa=+0.00 | srch=0.21 | wall=0.52
R2[T1][PHERO     ]: L=+0.38 R=+0.38 | carry=0 | base=0.18 ba=-0.85 | site=0 sd=0.00 sa=+0.00 | phero=1 pd=0.42 pa=-0.03 | srch=0.21 | wall=2.72
R3[T1][EXPLORE   ]: L=+0.62 R=+1.00 | carry=0 | base=0.09 ba=+0.25 | site=0 sd=0.00 sa=+0.00 | phero=0 pd=0.00 pa=+0.00 | srch=1.00 | wall=3.05
R4[T1][RTB       ]: L=+1.00 R=+1.00 | carry=1 | base=0.26 ba=-0.00 | site=0 sd=0.00 sa=+0.00 | phero=0 pd=0.00 pa=+0.00 | srch=0.00 | wall=2.22

[DEPOSIT] Robot 4 deposited! Total: 89
  [PHERO] Laid at (-2.69, -0.34) density=8 prob=1.00 total_entries=4
  [TARGET] Robot 4 → SITE (-2.69,-0.34)

======================================================================
Step 43000 (22.9 min) | Pickups: 89 | Deposits: 89 | Rate: 3.88 tags/min | phero_entries=4 phero_max=0.693
======================================================================
R1[T1][EXPLORE   ]: L=+1.00 R=+1.00 | carry=0 | base=0.42 ba=-0.23 | site=0 sd=0.00 sa=+0.00 | phero=0 pd=0.00 pa=+0.00 | srch=0.34 | wall=1.50
R2[T1][PHERO     ]: L=+0.47 R=+0.46 | carry=0 | base=0.34 ba=-0.91 | site=0 sd=0.00 sa=+0.00 | phero=1 pd=0.25 pa=-0.03 | srch=0.33 | wall=1.89
R3[T1][EXPLORE   ]: L=+1.00 R=+1.00 | carry=0 | base=0.26 ba=+0.87 | site=0 sd=0.00 sa=+0.00 | phero=0 pd=0.00 pa=+0.00 | srch=1.00 | wall=2.28
R4[T1][SITE      ]: L=+0.98 R=+1.00 | carry=0 | base=0.14 ba=+0.99 | site=1 sd=0.42 sa=+0.13 | phero=0 pd=0.00 pa=+0.00 | srch=0.06 | wall=2.83


======================================================================
Step 43500 (23.2 min) | Pickups: 89 | Deposits: 89 | Rate: 3.84 tags/min | phero_entries=4 phero_max=0.311
======================================================================
R1[T1][EXPLORE   ]: L=+1.00 R=+1.00 | carry=0 | base=0.29 ba=-0.59 | site=0 sd=0.00 sa=+0.00 | phero=0 pd=0.00 pa=+0.00 | srch=0.46 | wall=2.10
R2[T1][EXPLORE   ]: L=+1.00 R=+0.95 | carry=0 | base=0.58 ba=-0.98 | site=0 sd=0.00 sa=+0.00 | phero=0 pd=0.00 pa=+0.00 | srch=0.46 | wall=0.63
R3[T1][EXPLORE   ]: L=+1.00 R=+1.00 | carry=0 | base=0.63 ba=+0.95 | site=0 sd=0.00 sa=+0.00 | phero=0 pd=0.00 pa=+0.00 | srch=1.00 | wall=0.80
R4[T1][SITE      ]: L=+0.97 R=+1.00 | carry=0 | base=0.51 ba=+0.84 | site=1 sd=0.06 sa=+0.09 | phero=0 pd=0.00 pa=+0.00 | srch=0.18 | wall=0.99

[PICKUP] Robot 4 picked up tag (density=7) | Total: 90
[GIVE-UP] R1 giving up after 2132 steps
[GIVE-UP] R1 giving up after 2288 steps

======================================================================
Step 44000 (23.5 min) | Pickups: 90 | Deposits: 89 | Rate: 3.79 tags/min | phero_entries=4 phero_max=0.140
======================================================================
R1[T1][GIVE_UP   ]: L=+1.00 R=+1.00 | carry=0 | base=0.29 ba=-0.00 | site=0 sd=0.00 sa=+0.00 | phero=0 pd=0.00 pa=+0.00 | srch=0.59 | wall=2.16
R2[T1][EXPLORE   ]: L=+1.00 R=+1.00 | carry=0 | base=0.43 ba=-0.22 | site=0 sd=0.00 sa=+0.00 | phero=0 pd=0.00 pa=+0.00 | srch=0.58 | wall=1.40
R3[T1][EXPLORE   ]: L=+0.74 R=+1.00 | carry=0 | base=0.73 ba=+0.70 | site=0 sd=0.00 sa=+0.00 | phero=0 pd=0.00 pa=+0.00 | srch=1.00 | wall=0.48
R4[T1][RTB       ]: L=+1.00 R=+1.00 | carry=1 | base=0.30 ba=+0.00 | site=0 sd=0.00 sa=+0.00 | phero=0 pd=0.00 pa=+0.00 | srch=0.00 | wall=2.05

[EMPTY_RTN] R1 → phero(-2.69,-0.34)
[DEPOSIT] Robot 4 deposited! Total: 90
  [PHERO] Laid at (-2.73, -0.38) density=7 prob=0.99 total_entries=5
  [TARGET] Robot 4 → SITE (-2.73,-0.38)

======================================================================
Step 44500 (23.7 min) | Pickups: 90 | Deposits: 90 | Rate: 3.79 tags/min | phero_entries=4 phero_max=0.749
======================================================================
R1[T1][PHERO     ]: L=+0.96 R=+1.00 | carry=0 | base=0.08 ba=+0.75 | site=0 sd=0.00 sa=+0.00 | phero=1 pd=0.59 pa=+0.43 | srch=0.05 | wall=3.14
R2[T1][EXPLORE   ]: L=+1.00 R=+1.00 | carry=0 | base=0.24 ba=-0.36 | site=0 sd=0.00 sa=+0.00 | phero=0 pd=0.00 pa=+0.00 | srch=0.71 | wall=2.38
R3[T1][EXPLORE   ]: L=+1.00 R=-0.14 | carry=0 | base=0.66 ba=+0.66 | site=0 sd=0.00 sa=+0.00 | phero=0 pd=0.00 pa=+0.00 | srch=1.00 | wall=0.66
R4[T1][SITE      ]: L=+1.00 R=+0.98 | carry=0 | base=0.10 ba=+0.98 | site=1 sd=0.47 sa=-0.20 | phero=0 pd=0.00 pa=+0.00 | srch=0.05 | wall=3.07


======================================================================
Step 45000 (24.0 min) | Pickups: 90 | Deposits: 90 | Rate: 3.75 tags/min | phero_entries=4 phero_max=0.336
======================================================================
R1[T1][PHERO     ]: L=+1.00 R=+1.00 | carry=0 | base=0.35 ba=+0.88 | site=0 sd=0.00 sa=+0.00 | phero=1 pd=0.31 pa=+0.26 | srch=0.17 | wall=1.90
R2[T1][EXPLORE   ]: L=+1.00 R=+1.00 | carry=0 | base=0.36 ba=-0.79 | site=0 sd=0.00 sa=+0.00 | phero=0 pd=0.00 pa=+0.00 | srch=0.83 | wall=1.97
R3[T1][EXPLORE   ]: L=+1.00 R=-0.12 | carry=0 | base=0.67 ba=+0.62 | site=0 sd=0.00 sa=+0.00 | phero=0 pd=0.00 pa=+0.00 | srch=1.00 | wall=0.63
R4[T1][SITE      ]: L=+1.00 R=+1.00 | carry=0 | base=0.46 ba=-0.89 | site=1 sd=0.10 sa=-0.02 | phero=0 pd=0.00 pa=+0.00 | srch=0.17 | wall=1.25

[PICKUP] Robot 4 picked up tag (density=6) | Total: 91

======================================================================
Step 45500 (24.3 min) | Pickups: 91 | Deposits: 90 | Rate: 3.71 tags/min | phero_entries=4 phero_max=0.151
======================================================================
R1[T1][WALL_ESC  ]: L=+0.24 R=+1.00 | carry=0 | base=0.64 ba=+0.19 | site=0 sd=0.00 sa=+0.00 | phero=1 pd=0.19 pa=-0.09 | srch=0.30 | wall=0.34
R2[T1][WALL_ESC  ]: L=+1.00 R=+0.00 | carry=0 | base=0.65 ba=-0.34 | site=0 sd=0.00 sa=+0.00 | phero=0 pd=0.00 pa=+0.00 | srch=0.96 | wall=0.32
R3[T1][EXPLORE   ]: L=+1.00 R=+0.67 | carry=0 | base=0.65 ba=+0.24 | site=0 sd=0.00 sa=+0.00 | phero=0 pd=0.00 pa=+0.00 | srch=1.00 | wall=0.80
R4[T1][RTB       ]: L=+1.00 R=+1.00 | carry=1 | base=0.27 ba=-0.00 | site=0 sd=0.00 sa=+0.00 | phero=0 pd=0.00 pa=+0.00 | srch=0.00 | wall=2.18

[DEPOSIT] Robot 4 deposited! Total: 91
  [PHERO] Laid at (-2.54, -0.42) density=6 prob=0.97 total_entries=4
  [TARGET] Robot 4 → SITE (-2.54,-0.42)
[PICKUP] Robot 1 picked up tag (density=5) | Total: 92

======================================================================
Step 46000 (24.5 min) | Pickups: 92 | Deposits: 91 | Rate: 3.71 tags/min | phero_entries=3 phero_max=0.703
======================================================================
R1[T1][RTB       ]: L=+0.55 R=+1.00 | carry=1 | base=0.55 ba=+0.18 | site=0 sd=0.00 sa=+0.00 | phero=0 pd=0.00 pa=+0.00 | srch=0.00 | wall=0.85
R2[T1][EXPLORE   ]: L=+1.00 R=+1.00 | carry=0 | base=0.31 ba=-0.04 | site=0 sd=0.00 sa=+0.00 | phero=0 pd=0.00 pa=+0.00 | srch=1.00 | wall=1.95
R3[T1][EXPLORE   ]: L=+1.00 R=+1.00 | carry=0 | base=0.59 ba=+0.28 | site=0 sd=0.00 sa=+0.00 | phero=0 pd=0.00 pa=+0.00 | srch=1.00 | wall=1.35
R4[T1][SITE      ]: L=+0.97 R=+1.00 | carry=0 | base=0.13 ba=-0.99 | site=1 sd=0.41 sa=+0.21 | phero=0 pd=0.00 pa=+0.00 | srch=0.05 | wall=2.88


======================================================================
Step 46500 (24.8 min) | Pickups: 92 | Deposits: 91 | Rate: 3.67 tags/min | phero_entries=3 phero_max=0.316
======================================================================
R1[T1][RTB       ]: L=+1.00 R=+1.00 | carry=1 | base=0.17 ba=+0.00 | site=0 sd=0.00 sa=+0.00 | phero=0 pd=0.00 pa=+0.00 | srch=0.00 | wall=2.69
R2[T1][EXPLORE   ]: L=+1.00 R=+0.84 | carry=0 | base=0.10 ba=-0.74 | site=0 sd=0.00 sa=+0.00 | phero=0 pd=0.00 pa=+0.00 | srch=1.00 | wall=3.01
R3[T1][EXPLORE   ]: L=+1.00 R=+1.00 | carry=0 | base=0.45 ba=+0.50 | site=0 sd=0.00 sa=+0.00 | phero=0 pd=0.00 pa=+0.00 | srch=1.00 | wall=1.28
R4[T1][SITE      ]: L=+0.93 R=+1.00 | carry=0 | base=0.49 ba=+0.76 | site=1 sd=0.09 sa=+0.17 | phero=0 pd=0.00 pa=+0.00 | srch=0.18 | wall=1.08

[DEPOSIT] Robot 1 deposited! Total: 92
  [PHERO] Laid at (-2.65, -0.49) density=5 prob=0.92 total_entries=4
  [TARGET] Robot 1 → SITE (-2.65,-0.49)
TIMEOUT_RESULT pickups=92 deposits=92 steps=46875 elapsed_min=25.000000
BATCH_RESULT pickups=92 deposits=92
