=================================================================
CPFA BASELINE — ARGoS-calibrated parameters
  Params file                  = /home/sara/Documents/RL-FL-Foraging/cpfa_tuning_20260715_155549/trial_013/params.yaml
  Results file                 = /home/sara/Documents/RL-FL-Foraging/controllers/cpfa_baseline/results/cpfa_baseline_results_20260715_163107_10.txt
  RateOfLayingPheromone        = 11.9920053086462
  RateOfSiteFidelity           = 2.1404682661074474
  RateOfPheromoneDecay         = 0.027883231092722466 /s  (lifetime ~248s)
  ProbabilityOfReturningToNest = 0.14852188671747815 (every 5 sec → E[give-up] ~34s)
  UninformedSearchVariation    = 0.06 rad (3.6°)
  RateOfInformedSearchDecay    = 1.8891549884250054 /waypoint
  ProbabilityOfSwitchingToSearching = 0.4578033233501599 (every 5 sec in uninformed DEPARTING)
=================================================================

[PICKUP] R4 picked up tag (density=6) | Total: 1
[PICKUP] R2 picked up tag (density=5) | Total: 2
[DEPOSIT] R4 deposited! Total: 1
  [TARGET] R4 → SITE (0.00, -0.50)
[PICKUP] R4 picked up tag (density=4) | Total: 3

======================================================================
Step 500 (0.3 min) | Pickups: 3 | Deposits: 1 | Rate: 3.75 tags/min | phero_entries=0 max_w=0.000
======================================================================
R1[SEARCH    ]: carry=0 | base=1.90 | wall=0.81 | search=344 | target=none
R2[RTB       ]: carry=1 | base=0.45 | wall=2.17 | search=  0 | target=none
R3[SEARCH    ]: carry=0 | base=1.17 | wall=1.34 | search=286 | target=none
R4[SURVEY    ]: carry=1 | base=0.35 | wall=2.17 | search=  0 | target=none

[DEPOSIT] R2 deposited! Total: 2
  [TARGET] R2 → SITE (0.28, -0.38)
[PICKUP] R3 picked up tag (density=9) | Total: 4
[DEPOSIT] R4 deposited! Total: 3
  [TARGET] R4 → SITE (0.13, -0.32)

======================================================================
Step 1000 (0.5 min) | Pickups: 4 | Deposits: 3 | Rate: 5.62 tags/min | phero_entries=0 max_w=0.000
======================================================================
R1[WALL_ESC  ]: carry=0 | base=2.57 | wall=0.33 | search=844 | target=none
R2[SEARCH    ]: carry=0 | base=0.51 | wall=2.00 | search=216 | target=site(0.28,-0.38)
R3[RTB       ]: carry=1 | base=1.42 | wall=1.08 | search=  0 | target=none
R4[SEARCH    ]: carry=0 | base=0.37 | wall=2.17 | search= 25 | target=site(0.13,-0.32)

[PICKUP] R2 picked up tag (density=9) | Total: 5
[DEPOSIT] R3 deposited! Total: 4
  [TARGET] R3 → SITE (-1.77, 0.10)
[DEPOSIT] R2 deposited! Total: 5
  [TARGET] R2 → SITE (0.52, 0.14)

======================================================================
Step 1500 (0.8 min) | Pickups: 5 | Deposits: 5 | Rate: 6.25 tags/min | phero_entries=0 max_w=0.000
======================================================================
R1[GIVE_UP   ]: carry=0 | base=2.42 | wall=0.52 | search=1248 | target=none
R2[BASE_ESC  ]: carry=0 | base=0.22 | wall=2.28 | search=  0 | target=site(0.52,0.14)
R3[SITE      ]: carry=0 | base=0.53 | wall=1.97 | search=  0 | target=site(-1.77,0.10)
R4[GIVE_UP   ]: carry=0 | base=0.76 | wall=1.86 | search=468 | target=none

  [GIVE-UP] R4 returned empty after 468 searching steps
  [TARGET] R4 → WALL (-0.26, -2.42)
[PICKUP] R2 picked up tag (density=8) | Total: 6
[PICKUP] R3 picked up tag (density=8) | Total: 7

======================================================================
Step 2000 (1.1 min) | Pickups: 7 | Deposits: 5 | Rate: 4.69 tags/min | phero_entries=0 max_w=0.000
======================================================================
R1[GIVE_UP   ]: carry=0 | base=0.51 | wall=2.09 | search=1248 | target=none
R2[RTB       ]: carry=1 | base=0.55 | wall=1.96 | search=  0 | target=none
R3[SURVEY    ]: carry=1 | base=1.79 | wall=0.71 | search=  0 | target=none
R4[DEPART    ]: carry=0 | base=0.81 | wall=1.74 | search=  0 | target=none

  [GIVE-UP] R1 returned empty after 1248 searching steps
  [TARGET] R1 → WALL (-1.88, 2.42)
[DEPOSIT] R2 deposited! Total: 6
  [TARGET] R2 → SITE (0.53, 0.21)
[DEPOSIT] R3 deposited! Total: 7
  [TARGET] R3 → SITE (-1.79, 0.11)

======================================================================
Step 2500 (1.3 min) | Pickups: 7 | Deposits: 7 | Rate: 5.25 tags/min | phero_entries=0 max_w=0.000
======================================================================
R1[SEARCH    ]: carry=0 | base=1.43 | wall=1.45 | search=167 | target=none
R2[GIVE_UP   ]: carry=0 | base=0.93 | wall=1.70 | search=156 | target=none
R3[BASE_ESC  ]: carry=0 | base=0.23 | wall=2.27 | search=  0 | target=site(-1.79,0.11)
R4[WALL_ESC  ]: carry=0 | base=2.18 | wall=0.35 | search=  0 | target=none

[PICKUP] R2 picked up tag (density=7) | Total: 8
[PICKUP] R4 picked up tag (density=12) | Total: 9

======================================================================
Step 3000 (1.6 min) | Pickups: 9 | Deposits: 7 | Rate: 4.38 tags/min | phero_entries=0 max_w=0.000
======================================================================
R1[WALL_ESC  ]: carry=0 | base=2.39 | wall=0.34 | search=667 | target=none
R2[RTB       ]: carry=1 | base=0.54 | wall=2.02 | search=  0 | target=none
R3[SITE      ]: carry=0 | base=1.72 | wall=0.78 | search=  0 | target=site(-1.79,0.11)
R4[SURVEY    ]: carry=1 | base=1.55 | wall=1.13 | search=  0 | target=none

[DEPOSIT] R2 deposited! Total: 8
  [TARGET] R2 → SITE (0.63, 0.47)
[PICKUP] R2 picked up tag (density=6) | Total: 10
[DEPOSIT] R4 deposited! Total: 9
  [PHERO] Laid at (-0.72, -1.37) density=12 prob=0.58 entries=1
  [TARGET] R4 → SITE (-0.72, -1.37)

======================================================================
Step 3500 (1.9 min) | Pickups: 10 | Deposits: 9 | Rate: 4.82 tags/min | phero_entries=1 max_w=0.919
======================================================================
R1[GIVE_UP   ]: carry=0 | base=2.23 | wall=0.50 | search=1092 | target=none
R2[RTB       ]: carry=1 | base=0.48 | wall=2.05 | search=  0 | target=none
R3[GIVE_UP   ]: carry=0 | base=0.35 | wall=2.15 | search=156 | target=none
R4[BASE_ESC  ]: carry=0 | base=0.22 | wall=2.28 | search=  0 | target=site(-0.72,-1.37)

  [GIVE-UP] R3 returned empty after 156 searching steps
  [TARGET] R3 → PHERO (-0.72, -1.37)
[DEPOSIT] R2 deposited! Total: 10
  [TARGET] R2 → SITE (0.43, 0.18)
[PICKUP] R4 picked up tag (density=11) | Total: 11
[PICKUP] R2 picked up tag (density=5) | Total: 12
[PICKUP] R3 picked up tag (density=10) | Total: 13

======================================================================
Step 4000 (2.1 min) | Pickups: 13 | Deposits: 10 | Rate: 4.69 tags/min | phero_entries=1 max_w=0.588
======================================================================
R1[GIVE_UP   ]: carry=0 | base=0.31 | wall=2.22 | search=1092 | target=none
R2[SURVEY    ]: carry=1 | base=0.49 | wall=2.06 | search=  0 | target=none
R3[SURVEY    ]: carry=1 | base=1.09 | wall=1.57 | search=  0 | target=none
R4[RTB       ]: carry=1 | base=0.95 | wall=1.62 | search=  0 | target=none

  [GIVE-UP] R1 returned empty after 1092 searching steps
  [TARGET] R1 → PHERO (-0.72, -1.37)
[DEPOSIT] R4 deposited! Total: 11
  [PHERO] Laid at (-0.43, -0.93) density=11 prob=0.46 entries=2
  [TARGET] R4 → SITE (-0.43, -0.93)
[DEPOSIT] R2 deposited! Total: 12
  [TARGET] R2 → SITE (0.44, 0.22)
[DEPOSIT] R3 deposited! Total: 13
  [TARGET] R3 → SITE (-0.58, -0.92)
[PICKUP] R2 picked up tag (density=4) | Total: 14

======================================================================
Step 4500 (2.4 min) | Pickups: 14 | Deposits: 13 | Rate: 5.42 tags/min | phero_entries=2 max_w=0.756
======================================================================
R1[PHERO     ]: carry=0 | base=1.04 | wall=1.64 | search=  0 | target=phero(-0.72,-1.37)
R2[SURVEY    ]: carry=1 | base=0.49 | wall=2.07 | search=  0 | target=none
R3[SITE      ]: carry=0 | base=0.39 | wall=2.13 | search=  0 | target=site(-0.58,-0.92)
R4[SITE      ]: carry=0 | base=0.96 | wall=1.63 | search=  0 | target=site(-0.43,-0.93)

[PICKUP] R1 picked up tag (density=9) | Total: 15
[DEPOSIT] R2 deposited! Total: 14
  [TARGET] R2 → SITE (0.43, 0.23)
[DEPOSIT] R1 deposited! Total: 15
  [TARGET] R1 → SITE (-0.60, -0.93)

======================================================================
Step 5000 (2.7 min) | Pickups: 15 | Deposits: 15 | Rate: 5.62 tags/min | phero_entries=2 max_w=0.484
======================================================================
R1[BASE_ESC  ]: carry=0 | base=0.23 | wall=2.30 | search=  0 | target=site(-0.60,-0.93)
R2[SITE      ]: carry=0 | base=0.31 | wall=2.19 | search=  0 | target=site(0.43,0.23)
R3[SEARCH    ]: carry=0 | base=1.12 | wall=1.62 | search=131 | target=site(-0.58,-0.92)
R4[SEARCH    ]: carry=0 | base=1.30 | wall=1.36 | search=495 | target=site(-0.43,-0.93)

[PICKUP] R2 picked up tag (density=3) | Total: 16

======================================================================
Step 5500 (2.9 min) | Pickups: 16 | Deposits: 15 | Rate: 5.11 tags/min | phero_entries=2 max_w=0.310
======================================================================
R1[GIVE_UP   ]: carry=0 | base=0.94 | wall=1.73 | search=156 | target=none
R2[RTB       ]: carry=1 | base=0.41 | wall=2.12 | search=  0 | target=none
R3[WALL_ESC  ]: carry=0 | base=2.71 | wall=0.33 | search=631 | target=site(-0.58,-0.92)
R4[GIVE_UP   ]: carry=0 | base=2.00 | wall=0.56 | search=936 | target=none

[DEPOSIT] R2 deposited! Total: 16
  [TARGET] R2 → SITE (0.39, 0.23)
  [GIVE-UP] R1 returned empty after 156 searching steps
  [TARGET] R1 → PHERO (-0.72, -1.37)
  [GIVE-UP] R4 returned empty after 936 searching steps
  [TARGET] R4 → PHERO (-0.72, -1.37)

======================================================================
Step 6000 (3.2 min) | Pickups: 16 | Deposits: 16 | Rate: 5.00 tags/min | phero_entries=2 max_w=0.198
======================================================================
R1[PHERO     ]: carry=0 | base=1.03 | wall=1.57 | search=  0 | target=phero(-0.72,-1.37)
R2[BASE_ESC  ]: carry=0 | base=0.23 | wall=2.31 | search=229 | target=site(0.39,0.23)
R3[GIVE_UP   ]: carry=0 | base=1.96 | wall=0.93 | search=936 | target=none
R4[BASE_ESC  ]: carry=0 | base=0.22 | wall=2.28 | search=  0 | target=phero(-0.72,-1.37)

[PICKUP] R1 picked up tag (density=8) | Total: 17
  [GIVE-UP] R2 returned empty after 312 searching steps
  [TARGET] R2 → PHERO (-0.72, -1.37)
[PICKUP] R4 picked up tag (density=7) | Total: 18
  [GIVE-UP] R3 returned empty after 936 searching steps
  [TARGET] R3 → PHERO (-0.72, -1.37)
[DEPOSIT] R1 deposited! Total: 17
  [TARGET] R1 → SITE (-0.50, -1.00)

======================================================================
Step 6500 (3.5 min) | Pickups: 18 | Deposits: 17 | Rate: 4.90 tags/min | phero_entries=2 max_w=0.127
======================================================================
R1[BASE_ESC  ]: carry=0 | base=0.24 | wall=2.28 | search=  0 | target=site(-0.50,-1.00)
R2[PHERO     ]: carry=0 | base=0.38 | wall=2.15 | search=  0 | target=phero(-0.72,-1.37)
R3[BASE_ESC  ]: carry=0 | base=0.22 | wall=2.34 | search=  0 | target=phero(-0.72,-1.37)
R4[SURVEY    ]: carry=1 | base=1.15 | wall=1.52 | search=  0 | target=none

[PICKUP] R2 picked up tag (density=6) | Total: 19
[PICKUP] R3 picked up tag (density=5) | Total: 20
[DEPOSIT] R4 deposited! Total: 18
  [TARGET] R4 → SITE (-0.61, -0.97)

======================================================================
Step 7000 (3.7 min) | Pickups: 20 | Deposits: 18 | Rate: 4.82 tags/min | phero_entries=2 max_w=0.081
======================================================================
R1[SEARCH    ]: carry=0 | base=1.14 | wall=1.56 | search=161 | target=site(-0.50,-1.00)
R2[RTB       ]: carry=1 | base=1.17 | wall=1.50 | search=  0 | target=none
R3[SURVEY    ]: carry=1 | base=1.15 | wall=1.48 | search=  0 | target=none
R4[BASE_ESC  ]: carry=0 | base=0.23 | wall=2.32 | search=  0 | target=site(-0.61,-0.97)

[PICKUP] R1 picked up tag (density=4) | Total: 21
[DEPOSIT] R2 deposited! Total: 19
  [TARGET] R2 → SITE (-0.61, -1.00)
[DEPOSIT] R3 deposited! Total: 20
  [TARGET] R3 → SITE (-0.55, -1.00)

======================================================================
Step 7500 (4.0 min) | Pickups: 21 | Deposits: 20 | Rate: 5.00 tags/min | phero_entries=2 max_w=0.052
======================================================================
R1[RTB       ]: carry=1 | base=0.52 | wall=2.07 | search=  0 | target=none
R2[SITE      ]: carry=0 | base=0.55 | wall=2.00 | search=  0 | target=site(-0.61,-1.00)
R3[SITE      ]: carry=0 | base=0.46 | wall=2.14 | search=  0 | target=site(-0.55,-1.00)
R4[SEARCH    ]: carry=0 | base=1.19 | wall=1.31 | search=252 | target=site(-0.61,-0.97)

[DEPOSIT] R1 deposited! Total: 21
  [TARGET] R1 → SITE (-0.77, -1.01)

======================================================================
Step 8000 (4.3 min) | Pickups: 21 | Deposits: 21 | Rate: 4.92 tags/min | phero_entries=2 max_w=0.033
======================================================================
R1[SEARCH    ]: carry=0 | base=1.25 | wall=1.50 | search= 26 | target=site(-0.77,-1.01)
R2[SEARCH    ]: carry=0 | base=2.25 | wall=0.66 | search=348 | target=site(-0.61,-1.00)
R3[GIVE_UP   ]: carry=0 | base=1.06 | wall=1.73 | search=156 | target=none
R4[SEARCH    ]: carry=0 | base=2.58 | wall=0.56 | search=752 | target=site(-0.61,-0.97)

[PICKUP] R1 picked up tag (density=3) | Total: 22
  [GIVE-UP] R3 returned empty after 156 searching steps
  [TARGET] R3 → PHERO (-0.43, -0.93)

======================================================================
Step 8500 (4.5 min) | Pickups: 22 | Deposits: 21 | Rate: 4.63 tags/min | phero_entries=2 max_w=0.021
======================================================================
R1[RTB       ]: carry=1 | base=0.43 | wall=2.12 | search=  0 | target=none
R2[SEARCH    ]: carry=0 | base=2.62 | wall=0.38 | search=848 | target=site(-0.61,-1.00)
R3[PHERO     ]: carry=0 | base=0.78 | wall=1.82 | search=  0 | target=phero(-0.43,-0.93)
R4[GIVE_UP   ]: carry=0 | base=2.35 | wall=0.80 | search=1092 | target=none

[DEPOSIT] R1 deposited! Total: 22
  [TARGET] R1 → SITE (-0.68, -1.08)
[PICKUP] R3 picked up tag (density=3) | Total: 23

======================================================================
Step 9000 (4.8 min) | Pickups: 23 | Deposits: 22 | Rate: 4.58 tags/min | phero_entries=2 max_w=0.014
======================================================================
R1[SEARCH    ]: carry=0 | base=1.26 | wall=1.45 | search= 72 | target=site(-0.68,-1.08)
R2[WALL_ESC  ]: carry=0 | base=2.73 | wall=0.31 | search=1348 | target=site(-0.61,-1.00)
R3[RTB       ]: carry=1 | base=0.57 | wall=1.94 | search=  0 | target=none
R4[GIVE_UP   ]: carry=0 | base=0.43 | wall=2.19 | search=1092 | target=none

  [GIVE-UP] R4 returned empty after 1092 searching steps
  [TARGET] R4 → PHERO (-0.43, -0.93)
[DEPOSIT] R3 deposited! Total: 23
  [TARGET] R3 → SITE (-0.07, -0.57)
[PICKUP] R3 picked up tag (density=2) | Total: 24
  [GIVE-UP] R1 returned empty after 312 searching steps
  [TARGET] R1 → PHERO (-0.43, -0.93)

======================================================================
Step 9500 (5.1 min) | Pickups: 24 | Deposits: 23 | Rate: 4.54 tags/min | phero_entries=2 max_w=0.009
======================================================================
R1[BASE_ESC  ]: carry=0 | base=0.22 | wall=2.31 | search=  0 | target=phero(-0.43,-0.93)
R2[SEARCH    ]: carry=0 | base=2.66 | wall=0.39 | search=1848 | target=site(-0.61,-1.00)
R3[SURVEY    ]: carry=1 | base=0.44 | wall=2.06 | search=  0 | target=none
R4[SEARCH    ]: carry=0 | base=1.06 | wall=1.59 | search= 99 | target=phero(-0.43,-0.93)

[DEPOSIT] R3 deposited! Total: 24
  [TARGET] R3 → SITE (0.04, -0.43)
[PICKUP] R3 picked up tag (density=1) | Total: 25

======================================================================
Step 10000 (5.3 min) | Pickups: 25 | Deposits: 24 | Rate: 4.50 tags/min | phero_entries=2 max_w=0.006
======================================================================
R1[SEARCH    ]: carry=0 | base=1.00 | wall=1.66 | search=169 | target=phero(-0.43,-0.93)
R2[SEARCH    ]: carry=0 | base=2.64 | wall=0.36 | search=2348 | target=site(-0.61,-1.00)
R3[SURVEY    ]: carry=1 | base=0.49 | wall=2.01 | search=  0 | target=none
R4[WALL_ESC  ]: carry=0 | base=2.73 | wall=0.33 | search=599 | target=phero(-0.43,-0.93)

[DEPOSIT] R3 deposited! Total: 25
  [TARGET] R3 → SITE (0.06, -0.50)

======================================================================
Step 10500 (5.6 min) | Pickups: 25 | Deposits: 25 | Rate: 4.46 tags/min | phero_entries=2 max_w=0.004
======================================================================
R1[GIVE_UP   ]: carry=0 | base=2.57 | wall=0.51 | search=624 | target=none
R2[WALL_ESC  ]: carry=0 | base=2.73 | wall=0.32 | search=2848 | target=site(-0.61,-1.00)
R3[SEARCH    ]: carry=0 | base=0.49 | wall=2.01 | search= 58 | target=site(0.06,-0.50)
R4[GIVE_UP   ]: carry=0 | base=2.63 | wall=0.40 | search=1092 | target=none

[PICKUP] R3 picked up tag (density=2) | Total: 26

======================================================================
Step 11000 (5.9 min) | Pickups: 26 | Deposits: 25 | Rate: 4.26 tags/min | phero_entries=2 max_w=0.002
======================================================================
R1[GIVE_UP   ]: carry=0 | base=0.94 | wall=1.75 | search=624 | target=none
R2[GIVE_UP   ]: carry=0 | base=1.18 | wall=1.55 | search=2964 | target=none
R3[RTB       ]: carry=1 | base=1.14 | wall=1.45 | search=  0 | target=none
R4[GIVE_UP   ]: carry=0 | base=1.01 | wall=1.72 | search=1092 | target=none

  [GIVE-UP] R1 returned empty after 624 searching steps
  [TARGET] R1 → PHERO (-0.43, -0.93)
  [GIVE-UP] R4 returned empty after 1092 searching steps
  [TARGET] R4 → PHERO (-0.43, -0.93)
[DEPOSIT] R3 deposited! Total: 26
  [TARGET] R3 → SITE (-0.52, -1.08)
  [GIVE-UP] R2 returned empty after 2964 searching steps
  [TARGET] R2 → PHERO (-0.43, -0.93)

======================================================================
Step 11500 (6.1 min) | Pickups: 26 | Deposits: 26 | Rate: 4.24 tags/min | phero_entries=1 max_w=0.001
======================================================================
R1[PHERO     ]: carry=0 | base=0.78 | wall=1.84 | search=  0 | target=phero(-0.43,-0.93)
R2[PHERO     ]: carry=0 | base=0.69 | wall=1.91 | search=  0 | target=phero(-0.43,-0.93)
R3[SITE      ]: carry=0 | base=0.76 | wall=1.79 | search=  0 | target=site(-0.52,-1.08)
R4[PHERO     ]: carry=0 | base=0.62 | wall=1.98 | search=  0 | target=phero(-0.43,-0.93)


======================================================================
Step 12000 (6.4 min) | Pickups: 26 | Deposits: 26 | Rate: 4.06 tags/min | phero_entries=0 max_w=0.000
======================================================================
R1[GIVE_UP   ]: carry=0 | base=1.38 | wall=1.50 | search=312 | target=none
R2[SEARCH    ]: carry=0 | base=1.61 | wall=1.26 | search=416 | target=phero(-0.43,-0.93)
R3[SEARCH    ]: carry=0 | base=0.46 | wall=2.11 | search=387 | target=site(-0.52,-1.08)
R4[GIVE_UP   ]: carry=0 | base=1.57 | wall=0.96 | search=312 | target=none

  [GIVE-UP] R1 returned empty after 312 searching steps
  [TARGET] R1 → WALL (1.48, 2.42)
  [GIVE-UP] R4 returned empty after 312 searching steps
  [TARGET] R4 → WALL (2.16, 2.42)
[PICKUP] R3 picked up tag (density=16) | Total: 27

======================================================================
Step 12500 (6.7 min) | Pickups: 27 | Deposits: 26 | Rate: 3.90 tags/min | phero_entries=0 max_w=0.000
======================================================================
R1[DEPART    ]: carry=0 | base=0.26 | wall=2.25 | search=  0 | target=none
R2[SEARCH    ]: carry=0 | base=2.92 | wall=0.36 | search=916 | target=phero(-0.43,-0.93)
R3[SURVEY    ]: carry=1 | base=1.84 | wall=0.68 | search=  0 | target=none
R4[DEPART    ]: carry=0 | base=0.26 | wall=2.27 | search=  0 | target=none


======================================================================
Step 13000 (6.9 min) | Pickups: 27 | Deposits: 26 | Rate: 3.75 tags/min | phero_entries=0 max_w=0.000
======================================================================
R1[SEARCH    ]: carry=0 | base=1.55 | wall=1.06 | search=250 | target=none
R2[WALL_ESC  ]: carry=0 | base=3.00 | wall=0.34 | search=1416 | target=phero(-0.43,-0.93)
R3[RTB       ]: carry=1 | base=0.91 | wall=1.59 | search=  0 | target=none
R4[SEARCH    ]: carry=0 | base=1.64 | wall=1.28 | search=355 | target=none

[DEPOSIT] R3 deposited! Total: 27
  [PHERO] Laid at (1.82, 0.23) density=16 prob=0.90 entries=1
  [TARGET] R3 → SITE (1.82, 0.23)

======================================================================
Step 13500 (7.2 min) | Pickups: 27 | Deposits: 27 | Rate: 3.75 tags/min | phero_entries=1 max_w=0.747
======================================================================
R1[SEARCH    ]: carry=0 | base=2.35 | wall=0.39 | search=750 | target=none
R2[GIVE_UP   ]: carry=0 | base=2.76 | wall=0.49 | search=1872 | target=none
R3[SITE      ]: carry=0 | base=1.05 | wall=1.47 | search=  0 | target=site(1.82,0.23)
R4[WALL_ESC  ]: carry=0 | base=2.92 | wall=0.33 | search=855 | target=none


======================================================================
Step 14000 (7.5 min) | Pickups: 27 | Deposits: 27 | Rate: 3.62 tags/min | phero_entries=1 max_w=0.478
======================================================================
R1[SEARCH    ]: carry=0 | base=2.38 | wall=0.37 | search=1250 | target=none
R2[GIVE_UP   ]: carry=0 | base=0.84 | wall=1.89 | search=1872 | target=none
R3[SEARCH    ]: carry=0 | base=2.13 | wall=0.37 | search=308 | target=site(1.82,0.23)
R4[GIVE_UP   ]: carry=0 | base=1.41 | wall=1.49 | search=936 | target=none

  [GIVE-UP] R2 returned empty after 1872 searching steps
  [TARGET] R2 → PHERO (1.82, 0.23)
[PICKUP] R4 picked up tag (density=2) | Total: 28
  [GIVE-UP] R3 returned empty after 312 searching steps
  [TARGET] R3 → PHERO (1.82, 0.23)

======================================================================
Step 14500 (7.7 min) | Pickups: 28 | Deposits: 27 | Rate: 3.49 tags/min | phero_entries=1 max_w=0.306
======================================================================
R1[SEARCH    ]: carry=0 | base=2.40 | wall=0.36 | search=1750 | target=none
R2[PHERO     ]: carry=0 | base=0.28 | wall=2.22 | search=  0 | target=phero(1.82,0.23)
R3[BASE_ESC  ]: carry=0 | base=0.24 | wall=2.26 | search=  0 | target=phero(1.82,0.23)
R4[RTB       ]: carry=1 | base=0.65 | wall=1.99 | search=  0 | target=none

[DEPOSIT] R4 deposited! Total: 28
  [TARGET] R4 → SITE (0.52, 0.54)
[PICKUP] R4 picked up tag (density=1) | Total: 29

======================================================================
Step 15000 (8.0 min) | Pickups: 29 | Deposits: 28 | Rate: 3.50 tags/min | phero_entries=1 max_w=0.196
======================================================================
R1[GIVE_UP   ]: carry=0 | base=1.76 | wall=0.89 | search=2028 | target=none
R2[SEARCH    ]: carry=0 | base=1.80 | wall=0.71 | search= 13 | target=phero(1.82,0.23)
R3[PHERO     ]: carry=0 | base=1.72 | wall=0.79 | search=  0 | target=phero(1.82,0.23)
R4[SURVEY    ]: carry=1 | base=0.56 | wall=2.06 | search=  0 | target=none

[DEPOSIT] R4 deposited! Total: 29
  [TARGET] R4 → PHERO (1.82, 0.23)
  [GIVE-UP] R1 returned empty after 2028 searching steps
  [TARGET] R1 → PHERO (1.82, 0.23)

======================================================================
Step 15500 (8.3 min) | Pickups: 29 | Deposits: 29 | Rate: 3.51 tags/min | phero_entries=1 max_w=0.125
======================================================================
R1[BASE_ESC  ]: carry=0 | base=0.24 | wall=2.31 | search=  0 | target=phero(1.82,0.23)
R2[SEARCH    ]: carry=0 | base=1.75 | wall=1.03 | search=513 | target=phero(1.82,0.23)
R3[WALL_ESC  ]: carry=0 | base=2.22 | wall=0.34 | search=475 | target=phero(1.82,0.23)
R4[PHERO     ]: carry=0 | base=1.04 | wall=1.47 | search=  0 | target=phero(1.82,0.23)

[PICKUP] R4 picked up tag (density=15) | Total: 30
[PICKUP] R1 picked up tag (density=14) | Total: 31

======================================================================
Step 16000 (8.5 min) | Pickups: 31 | Deposits: 29 | Rate: 3.40 tags/min | phero_entries=1 max_w=0.080
======================================================================
R1[SURVEY    ]: carry=1 | base=1.90 | wall=0.62 | search=  0 | target=none
R2[WALL_ESC  ]: carry=0 | base=2.18 | wall=0.34 | search=1013 | target=phero(1.82,0.23)
R3[SEARCH    ]: carry=0 | base=2.46 | wall=0.37 | search=975 | target=phero(1.82,0.23)
R4[RTB       ]: carry=1 | base=1.85 | wall=0.68 | search=  0 | target=none

[DEPOSIT] R4 deposited! Total: 30
  [PHERO] Laid at (1.81, 0.31) density=15 prob=0.84 entries=2
  [TARGET] R4 → SITE (1.81, 0.31)

======================================================================
Step 16500 (8.8 min) | Pickups: 31 | Deposits: 30 | Rate: 3.41 tags/min | phero_entries=2 max_w=0.999
======================================================================
R1[RTB       ]: carry=1 | base=1.02 | wall=1.49 | search=  0 | target=none
R2[SEARCH    ]: carry=0 | base=2.15 | wall=0.38 | search=1513 | target=phero(1.82,0.23)
R3[SEARCH    ]: carry=0 | base=2.96 | wall=0.36 | search=1475 | target=phero(1.82,0.23)
R4[BASE_ESC  ]: carry=0 | base=0.24 | wall=2.26 | search=  0 | target=site(1.81,0.31)

[DEPOSIT] R1 deposited! Total: 31
  [PHERO] Laid at (1.88, 0.26) density=14 prob=0.77 entries=3
  [TARGET] R1 → SITE (1.88, 0.26)

======================================================================
Step 17000 (9.1 min) | Pickups: 31 | Deposits: 31 | Rate: 3.42 tags/min | phero_entries=3 max_w=0.765
======================================================================
R1[SITE      ]: carry=0 | base=0.94 | wall=1.58 | search=  0 | target=site(1.88,0.26)
R2[SEARCH    ]: carry=0 | base=2.14 | wall=0.38 | search=2013 | target=phero(1.82,0.23)
R3[WALL_ESC  ]: carry=0 | base=3.04 | wall=0.31 | search=1975 | target=phero(1.82,0.23)
R4[SITE      ]: carry=0 | base=1.71 | wall=0.81 | search=  0 | target=site(1.81,0.31)

[PICKUP] R4 picked up tag (density=13) | Total: 32
[PICKUP] R1 picked up tag (density=12) | Total: 33

======================================================================
Step 17500 (9.3 min) | Pickups: 33 | Deposits: 31 | Rate: 3.32 tags/min | phero_entries=3 max_w=0.490
======================================================================
R1[SURVEY    ]: carry=1 | base=1.91 | wall=0.62 | search=  0 | target=none
R2[SEARCH    ]: carry=0 | base=2.14 | wall=0.38 | search=2513 | target=phero(1.82,0.23)
R3[WALL_ESC  ]: carry=0 | base=3.03 | wall=0.34 | search=2475 | target=phero(1.82,0.23)
R4[RTB       ]: carry=1 | base=1.65 | wall=0.86 | search=  0 | target=none

[DEPOSIT] R4 deposited! Total: 32
  [PHERO] Laid at (1.97, 0.23) density=13 prob=0.68 entries=4
  [TARGET] R4 → SITE (1.97, 0.23)

======================================================================
Step 18000 (9.6 min) | Pickups: 33 | Deposits: 32 | Rate: 3.33 tags/min | phero_entries=4 max_w=0.886
======================================================================
R1[RTB       ]: carry=1 | base=0.52 | wall=1.98 | search=  0 | target=none
R2[SEARCH    ]: carry=0 | base=2.14 | wall=0.39 | search=3013 | target=phero(1.82,0.23)
R3[SEARCH    ]: carry=0 | base=2.91 | wall=0.40 | search=2975 | target=phero(1.82,0.23)
R4[SITE      ]: carry=0 | base=0.32 | wall=2.19 | search=  0 | target=site(1.97,0.23)

[DEPOSIT] R1 deposited! Total: 33
  [PHERO] Laid at (1.88, 0.34) density=12 prob=0.58 entries=5
  [TARGET] R1 → SITE (1.88, 0.34)
[PICKUP] R4 picked up tag (density=11) | Total: 34

======================================================================
Step 18500 (9.9 min) | Pickups: 34 | Deposits: 33 | Rate: 3.34 tags/min | phero_entries=5 max_w=0.683
======================================================================
R1[SITE      ]: carry=0 | base=1.43 | wall=1.10 | search=  0 | target=site(1.88,0.34)
R2[SEARCH    ]: carry=0 | base=2.14 | wall=0.39 | search=3513 | target=phero(1.82,0.23)
R3[GIVE_UP   ]: carry=0 | base=1.82 | wall=1.17 | search=3120 | target=none
R4[SURVEY    ]: carry=1 | base=1.97 | wall=0.55 | search=  0 | target=none

TIMEOUT_RESULT pickups=34 deposits=33 steps=18750 elapsed_min=10.000000
BATCH_RESULT pickups=34 deposits=33
