=================================================================
CPFA BASELINE — ARGoS-calibrated parameters
  Params file                  = /home/sara/Documents/RL-FL-Foraging/cpfa_tuning_20260715_155549/trial_036/params.yaml
  Results file                 = /home/sara/Documents/RL-FL-Foraging/controllers/cpfa_baseline/results/cpfa_baseline_results_20260715_173402_7.txt
  RateOfLayingPheromone        = 11.346988040939502
  RateOfSiteFidelity           = 3.1508411705237136
  RateOfPheromoneDecay         = 0.045017454134383794 /s  (lifetime ~153s)
  ProbabilityOfReturningToNest = 0.02058656322523232 (every 5 sec → E[give-up] ~243s)
  UninformedSearchVariation    = 1.11 rad (63.4°)
  RateOfInformedSearchDecay    = 0.7148885435104977 /waypoint
  ProbabilityOfSwitchingToSearching = 0.3416997863304461 (every 5 sec in uninformed DEPARTING)
=================================================================

[PICKUP] R3 picked up tag (density=9) | Total: 1
[DEPOSIT] R3 deposited! Total: 1
  [PHERO] Laid at (0.05, 0.49) density=9 prob=0.30 entries=1
  [TARGET] R3 → SITE (0.05, 0.49)
[PICKUP] R3 picked up tag (density=8) | Total: 2

======================================================================
Step 500 (0.3 min) | Pickups: 2 | Deposits: 1 | Rate: 3.75 tags/min | phero_entries=1 max_w=0.758
======================================================================
R1[SEARCH    ]: carry=0 | base=1.74 | wall=0.85 | search= 32 | target=none
R2[SEARCH    ]: carry=0 | base=1.49 | wall=1.30 | search=188 | target=none
R3[SURVEY    ]: carry=1 | base=0.31 | wall=2.24 | search=  0 | target=none
R4[SEARCH    ]: carry=0 | base=0.67 | wall=1.86 | search=344 | target=none

[DEPOSIT] R3 deposited! Total: 2
  [TARGET] R3 → SITE (0.16, 0.26)
[PICKUP] R3 picked up tag (density=7) | Total: 3

======================================================================
Step 1000 (0.5 min) | Pickups: 3 | Deposits: 2 | Rate: 3.75 tags/min | phero_entries=1 max_w=0.369
======================================================================
R1[SEARCH    ]: carry=0 | base=1.97 | wall=0.54 | search=532 | target=none
R2[SEARCH    ]: carry=0 | base=1.57 | wall=1.36 | search=688 | target=none
R3[SURVEY    ]: carry=1 | base=0.34 | wall=2.23 | search=  0 | target=none
R4[SEARCH    ]: carry=0 | base=0.65 | wall=2.00 | search=844 | target=none

[DEPOSIT] R3 deposited! Total: 3
  [TARGET] R3 → SITE (0.20, 0.27)
[PICKUP] R3 picked up tag (density=6) | Total: 4

======================================================================
Step 1500 (0.8 min) | Pickups: 4 | Deposits: 3 | Rate: 3.75 tags/min | phero_entries=1 max_w=0.180
======================================================================
R1[SEARCH    ]: carry=0 | base=1.87 | wall=0.63 | search=1032 | target=none
R2[SEARCH    ]: carry=0 | base=1.46 | wall=1.45 | search=1188 | target=none
R3[SURVEY    ]: carry=1 | base=0.39 | wall=2.18 | search=  0 | target=none
R4[SEARCH    ]: carry=0 | base=0.63 | wall=1.88 | search=1344 | target=none

[PICKUP] R4 picked up tag (density=6) | Total: 5
[DEPOSIT] R3 deposited! Total: 4
  [TARGET] R3 → SITE (0.23, 0.32)
[DEPOSIT] R4 deposited! Total: 5
  [TARGET] R4 → SITE (0.09, -0.61)

======================================================================
Step 2000 (1.1 min) | Pickups: 5 | Deposits: 5 | Rate: 4.69 tags/min | phero_entries=1 max_w=0.087
======================================================================
R1[SEARCH    ]: carry=0 | base=2.10 | wall=0.40 | search=1532 | target=none
R2[SEARCH    ]: carry=0 | base=1.46 | wall=1.36 | search=1688 | target=none
R3[SEARCH    ]: carry=0 | base=0.39 | wall=2.21 | search=  3 | target=site(0.23,0.32)
R4[BASE_ESC  ]: carry=0 | base=0.24 | wall=2.30 | search=  0 | target=site(0.09,-0.61)

[PICKUP] R4 picked up tag (density=5) | Total: 6
[PICKUP] R3 picked up tag (density=5) | Total: 7
[DEPOSIT] R4 deposited! Total: 6
  [TARGET] R4 → SITE (0.18, -0.29)
[DEPOSIT] R3 deposited! Total: 7
  [TARGET] R3 → SITE (0.21, 0.34)

======================================================================
Step 2500 (1.3 min) | Pickups: 7 | Deposits: 7 | Rate: 5.25 tags/min | phero_entries=1 max_w=0.043
======================================================================
R1[SEARCH    ]: carry=0 | base=2.11 | wall=0.41 | search=2032 | target=none
R2[SEARCH    ]: carry=0 | base=1.97 | wall=0.86 | search=2188 | target=none
R3[SITE      ]: carry=0 | base=0.26 | wall=2.26 | search=  0 | target=site(0.21,0.34)
R4[SITE      ]: carry=0 | base=0.28 | wall=2.25 | search=  0 | target=site(0.18,-0.29)

[PICKUP] R4 picked up tag (density=4) | Total: 8
[PICKUP] R3 picked up tag (density=4) | Total: 9
[DEPOSIT] R4 deposited! Total: 8
  [TARGET] R4 → SITE (0.20, -0.31)
[DEPOSIT] R3 deposited! Total: 9
  [TARGET] R3 → PHERO (0.05, 0.49)

======================================================================
Step 3000 (1.6 min) | Pickups: 9 | Deposits: 9 | Rate: 5.62 tags/min | phero_entries=1 max_w=0.021
======================================================================
R1[SEARCH    ]: carry=0 | base=2.16 | wall=0.38 | search=2532 | target=none
R2[SEARCH    ]: carry=0 | base=1.81 | wall=1.00 | search=2688 | target=none
R3[BASE_ESC  ]: carry=0 | base=0.22 | wall=2.31 | search=  0 | target=phero(0.05,0.49)
R4[BASE_ESC  ]: carry=0 | base=0.23 | wall=2.30 | search=  0 | target=site(0.20,-0.31)

[PICKUP] R3 picked up tag (density=3) | Total: 10

======================================================================
Step 3500 (1.9 min) | Pickups: 10 | Deposits: 9 | Rate: 4.82 tags/min | phero_entries=1 max_w=0.010
======================================================================
R1[SEARCH    ]: carry=0 | base=2.15 | wall=0.38 | search=3032 | target=none
R2[SEARCH    ]: carry=0 | base=1.67 | wall=1.06 | search=3188 | target=none
R3[SURVEY    ]: carry=1 | base=0.56 | wall=1.94 | search=  0 | target=none
R4[SEARCH    ]: carry=0 | base=0.32 | wall=2.26 | search=358 | target=site(0.20,-0.31)

[DEPOSIT] R3 deposited! Total: 10
  [TARGET] R3 → SITE (0.05, 0.56)
[PICKUP] R3 picked up tag (density=2) | Total: 11

======================================================================
Step 4000 (2.1 min) | Pickups: 11 | Deposits: 10 | Rate: 4.69 tags/min | phero_entries=1 max_w=0.005
======================================================================
R1[SEARCH    ]: carry=0 | base=2.14 | wall=0.39 | search=3532 | target=none
R2[SEARCH    ]: carry=0 | base=1.38 | wall=1.40 | search=3688 | target=none
R3[SURVEY    ]: carry=1 | base=0.57 | wall=1.94 | search=  0 | target=none
R4[SEARCH    ]: carry=0 | base=0.29 | wall=2.22 | search=858 | target=site(0.20,-0.31)

[DEPOSIT] R3 deposited! Total: 11
  [TARGET] R3 → PHERO (0.05, 0.49)
[PICKUP] R4 picked up tag (density=3) | Total: 12

======================================================================
Step 4500 (2.4 min) | Pickups: 12 | Deposits: 11 | Rate: 4.58 tags/min | phero_entries=1 max_w=0.002
======================================================================
R1[SEARCH    ]: carry=0 | base=2.14 | wall=0.39 | search=4032 | target=none
R2[SEARCH    ]: carry=0 | base=1.26 | wall=1.39 | search=4188 | target=none
R3[PHERO     ]: carry=0 | base=0.42 | wall=2.11 | search=  0 | target=phero(0.05,0.49)
R4[RTB       ]: carry=1 | base=0.47 | wall=2.05 | search=  0 | target=none

[DEPOSIT] R4 deposited! Total: 12
  [TARGET] R4 → SITE (0.14, -0.45)
[PICKUP] R2 picked up tag (density=1) | Total: 13
[PICKUP] R4 picked up tag (density=2) | Total: 14

======================================================================
Step 5000 (2.7 min) | Pickups: 14 | Deposits: 12 | Rate: 4.50 tags/min | phero_entries=1 max_w=0.001
======================================================================
R1[SEARCH    ]: carry=0 | base=2.14 | wall=0.39 | search=4532 | target=none
R2[SURVEY    ]: carry=1 | base=0.81 | wall=1.82 | search=  0 | target=none
R3[GIVE_UP   ]: carry=0 | base=0.37 | wall=2.13 | search=312 | target=none
R4[SURVEY    ]: carry=1 | base=0.52 | wall=2.02 | search=  0 | target=none

  [GIVE-UP] R3 returned empty after 312 searching steps
  [TARGET] R3 → PHERO (0.05, 0.49)
[DEPOSIT] R4 deposited! Total: 13
  [TARGET] R4 → SITE (0.21, -0.48)
[DEPOSIT] R2 deposited! Total: 14
  [TARGET] R2 → SITE (0.44, 0.68)
[PICKUP] R4 picked up tag (density=1) | Total: 15

======================================================================
Step 5500 (2.9 min) | Pickups: 15 | Deposits: 14 | Rate: 4.77 tags/min | phero_entries=0 max_w=0.000
======================================================================
R1[SEARCH    ]: carry=0 | base=2.14 | wall=0.39 | search=5032 | target=none
R2[SITE      ]: carry=0 | base=0.38 | wall=2.20 | search=  0 | target=site(0.44,0.68)
R3[SEARCH    ]: carry=0 | base=0.35 | wall=2.15 | search=271 | target=phero(0.05,0.49)
R4[SURVEY    ]: carry=1 | base=0.42 | wall=2.17 | search=  0 | target=none

[DEPOSIT] R4 deposited! Total: 15
  [TARGET] R4 → WALL (0.43, 2.42)

======================================================================
Step 6000 (3.2 min) | Pickups: 15 | Deposits: 15 | Rate: 4.69 tags/min | phero_entries=0 max_w=0.000
======================================================================
R1[SEARCH    ]: carry=0 | base=2.14 | wall=0.38 | search=5532 | target=none
R2[SEARCH    ]: carry=0 | base=0.72 | wall=1.82 | search=392 | target=site(0.44,0.68)
R3[SEARCH    ]: carry=0 | base=0.65 | wall=1.89 | search=771 | target=phero(0.05,0.49)
R4[DEPART    ]: carry=0 | base=0.33 | wall=2.18 | search=  0 | target=none


======================================================================
Step 6500 (3.5 min) | Pickups: 15 | Deposits: 15 | Rate: 4.33 tags/min | phero_entries=0 max_w=0.000
======================================================================
R1[SEARCH    ]: carry=0 | base=2.16 | wall=0.36 | search=6032 | target=none
R2[SEARCH    ]: carry=0 | base=0.26 | wall=2.29 | search=892 | target=site(0.44,0.68)
R3[SEARCH    ]: carry=0 | base=0.44 | wall=2.06 | search=1271 | target=phero(0.05,0.49)
R4[SEARCH    ]: carry=0 | base=1.28 | wall=1.40 | search=262 | target=none

  [GIVE-UP] R4 returned empty after 312 searching steps
  [TARGET] R4 → WALL (2.34, 2.42)

======================================================================
Step 7000 (3.7 min) | Pickups: 15 | Deposits: 15 | Rate: 4.02 tags/min | phero_entries=0 max_w=0.000
======================================================================
R1[SEARCH    ]: carry=0 | base=2.16 | wall=0.36 | search=6532 | target=none
R2[SEARCH    ]: carry=0 | base=0.27 | wall=2.31 | search=1392 | target=site(0.44,0.68)
R3[SEARCH    ]: carry=0 | base=0.37 | wall=2.23 | search=1771 | target=phero(0.05,0.49)
R4[BASE_ESC  ]: carry=0 | base=0.22 | wall=2.30 | search=  0 | target=none


======================================================================
Step 7500 (4.0 min) | Pickups: 15 | Deposits: 15 | Rate: 3.75 tags/min | phero_entries=0 max_w=0.000
======================================================================
R1[SEARCH    ]: carry=0 | base=2.17 | wall=0.35 | search=7032 | target=none
R2[BASE_ESC  ]: carry=0 | base=0.24 | wall=2.30 | search=1892 | target=site(0.44,0.68)
R3[SEARCH    ]: carry=0 | base=0.27 | wall=2.24 | search=2271 | target=phero(0.05,0.49)
R4[SEARCH    ]: carry=0 | base=1.37 | wall=1.38 | search=105 | target=none


======================================================================
Step 8000 (4.3 min) | Pickups: 15 | Deposits: 15 | Rate: 3.52 tags/min | phero_entries=0 max_w=0.000
======================================================================
R1[WALL_ESC  ]: carry=0 | base=2.18 | wall=0.34 | search=7532 | target=none
R2[BASE_ESC  ]: carry=0 | base=0.23 | wall=2.28 | search=2392 | target=site(0.44,0.68)
R3[SEARCH    ]: carry=0 | base=0.72 | wall=1.96 | search=2771 | target=phero(0.05,0.49)
R4[SEARCH    ]: carry=0 | base=1.35 | wall=1.31 | search=605 | target=none


======================================================================
Step 8500 (4.5 min) | Pickups: 15 | Deposits: 15 | Rate: 3.31 tags/min | phero_entries=0 max_w=0.000
======================================================================
R1[WALL_ESC  ]: carry=0 | base=2.18 | wall=0.34 | search=8032 | target=none
R2[SEARCH    ]: carry=0 | base=0.49 | wall=2.01 | search=2892 | target=site(0.44,0.68)
R3[SEARCH    ]: carry=0 | base=0.53 | wall=2.03 | search=3271 | target=phero(0.05,0.49)
R4[SEARCH    ]: carry=0 | base=1.65 | wall=0.96 | search=1105 | target=none

  [GIVE-UP] R3 returned empty after 3588 searching steps
  [TARGET] R3 → WALL (-2.42, -1.97)

======================================================================
Step 9000 (4.8 min) | Pickups: 15 | Deposits: 15 | Rate: 3.12 tags/min | phero_entries=0 max_w=0.000
======================================================================
R1[WALL_ESC  ]: carry=0 | base=2.18 | wall=0.34 | search=8532 | target=none
R2[SEARCH    ]: carry=0 | base=0.80 | wall=1.71 | search=3392 | target=site(0.44,0.68)
R3[BASE_ESC  ]: carry=0 | base=0.23 | wall=2.33 | search=  0 | target=none
R4[SEARCH    ]: carry=0 | base=1.90 | wall=0.68 | search=1605 | target=none


======================================================================
Step 9500 (5.1 min) | Pickups: 15 | Deposits: 15 | Rate: 2.96 tags/min | phero_entries=0 max_w=0.000
======================================================================
R1[WALL_ESC  ]: carry=0 | base=2.18 | wall=0.34 | search=9032 | target=none
R2[SEARCH    ]: carry=0 | base=0.67 | wall=1.83 | search=3892 | target=site(0.44,0.68)
R3[BASE_ESC  ]: carry=0 | base=0.24 | wall=2.32 | search=276 | target=none
R4[GIVE_UP   ]: carry=0 | base=0.55 | wall=1.96 | search=1716 | target=none

  [GIVE-UP] R4 returned empty after 1716 searching steps
  [TARGET] R4 → WALL (0.95, 2.42)

======================================================================
Step 10000 (5.3 min) | Pickups: 15 | Deposits: 15 | Rate: 2.81 tags/min | phero_entries=0 max_w=0.000
======================================================================
R1[WALL_ESC  ]: carry=0 | base=2.18 | wall=0.33 | search=9532 | target=none
R2[SEARCH    ]: carry=0 | base=0.38 | wall=2.16 | search=4392 | target=site(0.44,0.68)
R3[SEARCH    ]: carry=0 | base=0.54 | wall=2.07 | search=776 | target=none
R4[DEPART    ]: carry=0 | base=1.35 | wall=1.21 | search=  0 | target=none


======================================================================
Step 10500 (5.6 min) | Pickups: 15 | Deposits: 15 | Rate: 2.68 tags/min | phero_entries=0 max_w=0.000
======================================================================
R1[GIVE_UP   ]: carry=0 | base=1.43 | wall=1.10 | search=9828 | target=none
R2[SEARCH    ]: carry=0 | base=0.79 | wall=1.73 | search=4892 | target=site(0.44,0.68)
R3[SEARCH    ]: carry=0 | base=0.36 | wall=2.24 | search=1276 | target=none
R4[SEARCH    ]: carry=0 | base=2.00 | wall=0.60 | search=342 | target=none

  [GIVE-UP] R1 returned empty after 9828 searching steps
  [TARGET] R1 → WALL (-2.42, 1.93)
  [GIVE-UP] R3 returned empty after 1560 searching steps
  [TARGET] R3 → WALL (2.42, -1.59)

======================================================================
Step 11000 (5.9 min) | Pickups: 15 | Deposits: 15 | Rate: 2.56 tags/min | phero_entries=0 max_w=0.000
======================================================================
R1[DEPART    ]: carry=0 | base=0.29 | wall=2.24 | search=  0 | target=none
R2[SEARCH    ]: carry=0 | base=0.78 | wall=1.74 | search=5392 | target=site(0.44,0.68)
R3[DEPART    ]: carry=0 | base=0.30 | wall=2.23 | search=  0 | target=none
R4[SEARCH    ]: carry=0 | base=1.95 | wall=0.81 | search=842 | target=none


======================================================================
Step 11500 (6.1 min) | Pickups: 15 | Deposits: 15 | Rate: 2.45 tags/min | phero_entries=0 max_w=0.000
======================================================================
R1[DEPART    ]: carry=0 | base=1.85 | wall=0.98 | search=  0 | target=none
R2[SEARCH    ]: carry=0 | base=0.46 | wall=2.09 | search=5892 | target=site(0.44,0.68)
R3[SEARCH    ]: carry=0 | base=1.27 | wall=1.32 | search=362 | target=none
R4[SEARCH    ]: carry=0 | base=2.07 | wall=0.55 | search=1342 | target=none


======================================================================
Step 12000 (6.4 min) | Pickups: 15 | Deposits: 15 | Rate: 2.34 tags/min | phero_entries=0 max_w=0.000
======================================================================
R1[SEARCH    ]: carry=0 | base=2.58 | wall=0.57 | search=301 | target=none
R2[SEARCH    ]: carry=0 | base=0.78 | wall=1.81 | search=6392 | target=site(0.44,0.68)
R3[SEARCH    ]: carry=0 | base=0.93 | wall=1.57 | search=862 | target=none
R4[SEARCH    ]: carry=0 | base=1.83 | wall=0.80 | search=1842 | target=none


======================================================================
Step 12500 (6.7 min) | Pickups: 15 | Deposits: 15 | Rate: 2.25 tags/min | phero_entries=0 max_w=0.000
======================================================================
R1[SEARCH    ]: carry=0 | base=2.55 | wall=0.70 | search=801 | target=none
R2[SEARCH    ]: carry=0 | base=0.65 | wall=1.90 | search=6892 | target=site(0.44,0.68)
R3[SEARCH    ]: carry=0 | base=0.81 | wall=1.71 | search=1362 | target=none
R4[SEARCH    ]: carry=0 | base=1.42 | wall=1.10 | search=2342 | target=none

  [GIVE-UP] R3 returned empty after 1560 searching steps
  [TARGET] R3 → WALL (-1.35, -2.42)

======================================================================
Step 13000 (6.9 min) | Pickups: 15 | Deposits: 15 | Rate: 2.16 tags/min | phero_entries=0 max_w=0.000
======================================================================
R1[SEARCH    ]: carry=0 | base=2.43 | wall=0.71 | search=1301 | target=none
R2[SEARCH    ]: carry=0 | base=0.65 | wall=1.87 | search=7392 | target=site(0.44,0.68)
R3[DEPART    ]: carry=0 | base=0.30 | wall=2.27 | search=  0 | target=none
R4[SEARCH    ]: carry=0 | base=1.77 | wall=0.86 | search=2842 | target=none

[PICKUP] R3 picked up tag (density=12) | Total: 16

======================================================================
Step 13500 (7.2 min) | Pickups: 16 | Deposits: 15 | Rate: 2.08 tags/min | phero_entries=0 max_w=0.000
======================================================================
R1[SEARCH    ]: carry=0 | base=2.72 | wall=0.55 | search=1801 | target=none
R2[SEARCH    ]: carry=0 | base=0.60 | wall=1.98 | search=7892 | target=site(0.44,0.68)
R3[RTB       ]: carry=1 | base=1.07 | wall=1.48 | search=  0 | target=none
R4[SEARCH    ]: carry=0 | base=1.75 | wall=0.86 | search=3342 | target=none

[DEPOSIT] R3 deposited! Total: 16
  [TARGET] R3 → SITE (-0.34, -1.02)

======================================================================
Step 14000 (7.5 min) | Pickups: 16 | Deposits: 16 | Rate: 2.14 tags/min | phero_entries=0 max_w=0.000
======================================================================
R1[WALL_ESC  ]: carry=0 | base=3.04 | wall=0.33 | search=2301 | target=none
R2[SEARCH    ]: carry=0 | base=0.50 | wall=2.01 | search=8392 | target=site(0.44,0.68)
R3[SITE      ]: carry=0 | base=0.78 | wall=1.75 | search=  0 | target=site(-0.34,-1.02)
R4[SEARCH    ]: carry=0 | base=1.76 | wall=0.86 | search=3842 | target=none

[PICKUP] R3 picked up tag (density=11) | Total: 17

======================================================================
Step 14500 (7.7 min) | Pickups: 17 | Deposits: 16 | Rate: 2.07 tags/min | phero_entries=0 max_w=0.000
======================================================================
R1[SEARCH    ]: carry=0 | base=2.98 | wall=0.38 | search=2801 | target=none
R2[SEARCH    ]: carry=0 | base=0.89 | wall=1.65 | search=8892 | target=site(0.44,0.68)
R3[RTB       ]: carry=1 | base=0.57 | wall=1.94 | search=  0 | target=none
R4[SEARCH    ]: carry=0 | base=1.64 | wall=1.02 | search=4342 | target=none

[DEPOSIT] R3 deposited! Total: 17
  [PHERO] Laid at (-0.27, -1.02) density=11 prob=0.54 entries=1
  [TARGET] R3 → SITE (-0.27, -1.02)
[PICKUP] R3 picked up tag (density=10) | Total: 18

======================================================================
Step 15000 (8.0 min) | Pickups: 18 | Deposits: 17 | Rate: 2.12 tags/min | phero_entries=1 max_w=0.549
======================================================================
R1[SEARCH    ]: carry=0 | base=2.92 | wall=0.39 | search=3301 | target=none
R2[SEARCH    ]: carry=0 | base=0.81 | wall=1.70 | search=9392 | target=site(0.44,0.68)
R3[SURVEY    ]: carry=1 | base=1.07 | wall=1.45 | search=  0 | target=none
R4[SEARCH    ]: carry=0 | base=1.70 | wall=0.92 | search=4842 | target=none

[DEPOSIT] R3 deposited! Total: 18
  [PHERO] Laid at (-0.24, -1.05) density=10 prob=0.42 entries=2
  [TARGET] R3 → SITE (-0.24, -1.05)

======================================================================
Step 15500 (8.3 min) | Pickups: 18 | Deposits: 18 | Rate: 2.18 tags/min | phero_entries=2 max_w=0.883
======================================================================
R1[WALL_ESC  ]: carry=0 | base=2.99 | wall=0.33 | search=3801 | target=none
R2[SEARCH    ]: carry=0 | base=0.66 | wall=1.84 | search=9892 | target=site(0.44,0.68)
R3[BASE_ESC  ]: carry=0 | base=0.22 | wall=2.28 | search=  0 | target=site(-0.24,-1.05)
R4[SEARCH    ]: carry=0 | base=2.03 | wall=0.64 | search=5342 | target=none

[PICKUP] R3 picked up tag (density=9) | Total: 19

======================================================================
Step 16000 (8.5 min) | Pickups: 19 | Deposits: 18 | Rate: 2.11 tags/min | phero_entries=2 max_w=0.430
======================================================================
R1[WALL_ESC  ]: carry=0 | base=3.05 | wall=0.31 | search=4301 | target=none
R2[SEARCH    ]: carry=0 | base=0.49 | wall=2.05 | search=10392 | target=site(0.44,0.68)
R3[SURVEY    ]: carry=1 | base=1.11 | wall=1.40 | search=  0 | target=none
R4[SEARCH    ]: carry=0 | base=2.21 | wall=0.39 | search=5842 | target=none

[DEPOSIT] R3 deposited! Total: 19
  [TARGET] R3 → SITE (-0.19, -1.10)

======================================================================
Step 16500 (8.8 min) | Pickups: 19 | Deposits: 19 | Rate: 2.16 tags/min | phero_entries=2 max_w=0.209
======================================================================
R1[SEARCH    ]: carry=0 | base=2.97 | wall=0.40 | search=4801 | target=none
R2[SEARCH    ]: carry=0 | base=0.39 | wall=2.12 | search=10892 | target=site(0.44,0.68)
R3[SITE      ]: carry=0 | base=0.36 | wall=2.14 | search=  0 | target=site(-0.19,-1.10)
R4[SEARCH    ]: carry=0 | base=2.21 | wall=0.39 | search=6342 | target=none

[PICKUP] R3 picked up tag (density=8) | Total: 20

======================================================================
Step 17000 (9.1 min) | Pickups: 20 | Deposits: 19 | Rate: 2.10 tags/min | phero_entries=2 max_w=0.102
======================================================================
R1[SEARCH    ]: carry=0 | base=2.91 | wall=0.39 | search=5301 | target=none
R2[SEARCH    ]: carry=0 | base=0.89 | wall=1.73 | search=11392 | target=site(0.44,0.68)
R3[RTB       ]: carry=1 | base=0.98 | wall=1.52 | search=  0 | target=none
R4[SEARCH    ]: carry=0 | base=2.21 | wall=0.38 | search=6842 | target=none

[DEPOSIT] R3 deposited! Total: 20
  [TARGET] R3 → SITE (-0.18, -1.10)
  [GIVE-UP] R2 returned empty after 11544 searching steps
  [TARGET] R2 → PHERO (-0.24, -1.05)

======================================================================
Step 17500 (9.3 min) | Pickups: 20 | Deposits: 20 | Rate: 2.14 tags/min | phero_entries=2 max_w=0.050
======================================================================
R1[WALL_ESC  ]: carry=0 | base=2.97 | wall=0.33 | search=5801 | target=none
R2[PHERO     ]: carry=0 | base=0.30 | wall=2.21 | search=  0 | target=phero(-0.24,-1.05)
R3[SITE      ]: carry=0 | base=0.93 | wall=1.58 | search=  0 | target=site(-0.18,-1.10)
R4[SEARCH    ]: carry=0 | base=2.22 | wall=0.37 | search=7342 | target=none


======================================================================
Step 18000 (9.6 min) | Pickups: 20 | Deposits: 20 | Rate: 2.08 tags/min | phero_entries=2 max_w=0.024
======================================================================
R1[WALL_ESC  ]: carry=0 | base=3.04 | wall=0.31 | search=6301 | target=none
R2[SEARCH    ]: carry=0 | base=1.04 | wall=1.47 | search=217 | target=phero(-0.24,-1.05)
R3[SEARCH    ]: carry=0 | base=1.09 | wall=1.42 | search=466 | target=site(-0.18,-1.10)
R4[SEARCH    ]: carry=0 | base=2.22 | wall=0.36 | search=7842 | target=none

[PICKUP] R3 picked up tag (density=7) | Total: 21
[PICKUP] R2 picked up tag (density=6) | Total: 22

======================================================================
Step 18500 (9.9 min) | Pickups: 22 | Deposits: 20 | Rate: 2.03 tags/min | phero_entries=2 max_w=0.012
======================================================================
R1[SEARCH    ]: carry=0 | base=2.96 | wall=0.41 | search=6801 | target=none
R2[SURVEY    ]: carry=1 | base=1.20 | wall=1.33 | search=  0 | target=none
R3[RTB       ]: carry=1 | base=0.35 | wall=2.15 | search=  0 | target=none
R4[SEARCH    ]: carry=0 | base=2.23 | wall=0.35 | search=8342 | target=none

[DEPOSIT] R3 deposited! Total: 21
  [TARGET] R3 → SITE (-0.21, -1.13)
TIMEOUT_RESULT pickups=22 deposits=21 steps=18750 elapsed_min=10.000000
BATCH_RESULT pickups=22 deposits=21
