Gym has been unmaintained since 2022 and does not support NumPy 2.0 amongst other critical functionality.
Please upgrade to Gymnasium, the maintained drop-in replacement of Gym, or contact the authors of your software and request that they upgrade.
Users of this version of Gym should be able to simply replace 'import gym' with 'import gymnasium as gym' in the vast majority of cases.
See the migration guide at https://gymnasium.farama.org/introduction/migration_guide/ for additional information.
=================================================================
EXPERIMENT 4 — Central Server Disconnect Robustness
  Arena: 5x5m | Tags: 64 | Robots: 4 | Time: 10.0 min
  Disconnect: 7.0 → 8.0 min (1.0 min offline)
=================================================================

Loading model: ppo_cpfa_v9
Model loaded. Starting evaluation...

[PICKUP] Robot 4 picked up tag (density=12) | Total: 1

======================================================================
Step 500 (0.3 min) [ONLINE] | Pickups: 1 | Deposits: 0 | Rate: 0.00 tags/min | phero=0
======================================================================
R1[EXPLORE     ]: carry=0 | gave_up=0
R2[WALL_ESC    ]: carry=0 | gave_up=0
R3[EXPLORE     ]: carry=0 | gave_up=0
R4[RTB         ]: carry=1 | gave_up=0

[DEPOSIT] Robot 4 deposited! Total: 1
  [TARGET] Robot 4 → SITE (0.72,-0.95)

======================================================================
Step 1000 (0.5 min) [ONLINE] | Pickups: 1 | Deposits: 1 | Rate: 1.88 tags/min | phero=1
======================================================================
R1[EXPLORE     ]: carry=0 | gave_up=0
R2[EXPLORE     ]: carry=0 | gave_up=0
R3[EXPLORE     ]: carry=0 | gave_up=0
R4[EXPLORE     ]: carry=0 | gave_up=0

[PICKUP] Robot 2 picked up tag (density=6) | Total: 2
[DEPOSIT] Robot 2 deposited! Total: 2
  [TARGET] Robot 2 → SITE (0.42,0.09)
[PICKUP] Robot 2 picked up tag (density=5) | Total: 3
[DEPOSIT] Robot 2 deposited! Total: 3
  [TARGET] Robot 2 → SITE (0.30,0.20)

======================================================================
Step 1500 (0.8 min) [ONLINE] | Pickups: 3 | Deposits: 3 | Rate: 3.75 tags/min | phero=3
======================================================================
R1[EXPLORE     ]: carry=0 | gave_up=0
R2[SITE        ]: carry=0 | gave_up=0
R3[EXPLORE     ]: carry=0 | gave_up=0
R4[EXPLORE     ]: carry=0 | gave_up=0

[PICKUP] Robot 2 picked up tag (density=4) | Total: 4
[DEPOSIT] Robot 2 deposited! Total: 4
  [TARGET] Robot 2 → SITE (0.35,0.16)
[PICKUP] Robot 2 picked up tag (density=3) | Total: 5

======================================================================
Step 2000 (1.1 min) [ONLINE] | Pickups: 5 | Deposits: 4 | Rate: 3.75 tags/min | phero=4
======================================================================
R1[EXPLORE     ]: carry=0 | gave_up=0
R2[RTB         ]: carry=1 | gave_up=0
R3[WALL_ESC    ]: carry=0 | gave_up=0
R4[EXPLORE     ]: carry=0 | gave_up=0

[DEPOSIT] Robot 2 deposited! Total: 5
  [TARGET] Robot 2 → SITE (0.36,0.22)
[PICKUP] Robot 4 picked up tag (density=9) | Total: 6
[DEPOSIT] Robot 4 deposited! Total: 6
  [TARGET] Robot 4 → SITE (-0.05,-0.37)

======================================================================
Step 2500 (1.3 min) [ONLINE] | Pickups: 6 | Deposits: 6 | Rate: 4.50 tags/min | phero=5
======================================================================
R1[EXPLORE     ]: carry=0 | gave_up=0
R2[EXPLORE     ]: carry=0 | gave_up=0
R3[EXPLORE     ]: carry=0 | gave_up=0
R4[SITE        ]: carry=0 | gave_up=0

[GIVE-UP] R3 giving up after 2574 steps
[PICKUP] Robot 3 picked up tag (density=8) | Total: 7
[PICKUP] Robot 4 picked up tag (density=11) | Total: 8
[DEPOSIT] Robot 3 deposited! Total: 7
  [TARGET] Robot 3 → SITE (-0.50,-0.48)

======================================================================
Step 3000 (1.6 min) [ONLINE] | Pickups: 8 | Deposits: 7 | Rate: 4.38 tags/min | phero=6
======================================================================
R1[EXPLORE     ]: carry=0 | gave_up=0
R2[EXPLORE     ]: carry=0 | gave_up=0
R3[BASE_ESC    ]: carry=0 | gave_up=0
R4[RTB         ]: carry=1 | gave_up=0

[DEPOSIT] Robot 4 deposited! Total: 8
  [TARGET] Robot 4 → SITE (0.46,-0.91)
[PICKUP] Robot 3 picked up tag (density=7) | Total: 9
[DEPOSIT] Robot 3 deposited! Total: 9
  [TARGET] Robot 3 → SITE (-0.26,-0.25)

======================================================================
Step 3500 (1.9 min) [ONLINE] | Pickups: 9 | Deposits: 9 | Rate: 4.82 tags/min | phero=8
======================================================================
R1[WALL_ESC    ]: carry=0 | gave_up=0
R2[EXPLORE     ]: carry=0 | gave_up=0
R3[SITE        ]: carry=0 | gave_up=0
R4[SITE        ]: carry=0 | gave_up=0

[PICKUP] Robot 3 picked up tag (density=6) | Total: 10
[PICKUP] Robot 4 picked up tag (density=10) | Total: 11
[DEPOSIT] Robot 3 deposited! Total: 10
  [TARGET] Robot 3 → SITE (-0.28,-0.27)
[DEPOSIT] Robot 4 deposited! Total: 11
  [TARGET] Robot 4 → SITE (0.45,-0.95)
[PICKUP] Robot 1 picked up tag (density=2) | Total: 12
[PICKUP] Robot 2 picked up tag (density=5) | Total: 13

======================================================================
Step 4000 (2.1 min) [ONLINE] | Pickups: 13 | Deposits: 11 | Rate: 5.16 tags/min | phero=10
======================================================================
R1[RTB         ]: carry=1 | gave_up=0
R2[RTB         ]: carry=1 | gave_up=0
R3[EXPLORE     ]: carry=0 | gave_up=0
R4[SITE        ]: carry=0 | gave_up=0

[DEPOSIT] Robot 1 deposited! Total: 12
  [TARGET] Robot 1 → SITE (0.55,0.46)
[DEPOSIT] Robot 2 deposited! Total: 13
  [TARGET] Robot 2 → SITE (-0.41,-0.69)
[PICKUP] Robot 4 picked up tag (density=9) | Total: 14
[PICKUP] Robot 1 picked up tag (density=1) | Total: 15
[PICKUP] Robot 3 picked up tag (density=4) | Total: 16
[PICKUP] Robot 2 picked up tag (density=3) | Total: 17
[DEPOSIT] Robot 3 deposited! Total: 14
  [TARGET] Robot 3 → SITE (-0.39,-0.38)
[DEPOSIT] Robot 1 deposited! Total: 15
  [TARGET] Robot 1 → SITE (0.41,0.26)
[DEPOSIT] Robot 2 deposited! Total: 16
  [TARGET] Robot 2 → PHERO (-0.50,-0.48)

======================================================================
Step 4500 (2.4 min) [ONLINE] | Pickups: 17 | Deposits: 16 | Rate: 6.67 tags/min | phero=14
======================================================================
R1[BASE_ESC    ]: carry=0 | gave_up=0
R2[BASE_ESC    ]: carry=0 | gave_up=0
R3[BASE_ESC    ]: carry=0 | gave_up=0
R4[RTB         ]: carry=1 | gave_up=0

[DEPOSIT] Robot 4 deposited! Total: 17
  [TARGET] Robot 4 → SITE (0.47,-0.99)
[PICKUP] Robot 4 picked up tag (density=8) | Total: 18

======================================================================
Step 5000 (2.7 min) [ONLINE] | Pickups: 18 | Deposits: 17 | Rate: 6.38 tags/min | phero=14
======================================================================
R1[EXPLORE     ]: carry=0 | gave_up=0
R2[EXPLORE     ]: carry=0 | gave_up=0
R3[EXPLORE     ]: carry=0 | gave_up=0
R4[RTB         ]: carry=1 | gave_up=0

[DEPOSIT] Robot 4 deposited! Total: 18
  [TARGET] Robot 4 → SITE (0.49,-1.00)
[PICKUP] Robot 3 picked up tag (density=12) | Total: 19

======================================================================
Step 5500 (2.9 min) [ONLINE] | Pickups: 19 | Deposits: 18 | Rate: 6.14 tags/min | phero=14
======================================================================
R1[EXPLORE     ]: carry=0 | gave_up=0
R2[EXPLORE     ]: carry=0 | gave_up=0
R3[RTB         ]: carry=1 | gave_up=0
R4[SITE        ]: carry=0 | gave_up=0

[PICKUP] Robot 4 picked up tag (density=7) | Total: 20
[PICKUP] Robot 1 picked up tag (density=6) | Total: 21
[DEPOSIT] Robot 3 deposited! Total: 19
  [TARGET] Robot 3 → SITE (-1.07,0.24)

======================================================================
Step 6000 (3.2 min) [ONLINE] | Pickups: 21 | Deposits: 19 | Rate: 5.94 tags/min | phero=14
======================================================================
R1[RTB         ]: carry=1 | gave_up=0
R2[EXPLORE     ]: carry=0 | gave_up=0
R3[SITE        ]: carry=0 | gave_up=0
R4[RTB         ]: carry=1 | gave_up=0

[DEPOSIT] Robot 4 deposited! Total: 20
  [TARGET] Robot 4 → SITE (0.51,-1.04)
[DEPOSIT] Robot 1 deposited! Total: 21
  [TARGET] Robot 1 → SITE (0.77,-1.30)
[PICKUP] Robot 2 picked up tag (density=11) | Total: 22
[PICKUP] Robot 4 picked up tag (density=5) | Total: 23

======================================================================
Step 6500 (3.5 min) [ONLINE] | Pickups: 23 | Deposits: 21 | Rate: 6.06 tags/min | phero=15
======================================================================
R1[SITE        ]: carry=0 | gave_up=0
R2[RTB         ]: carry=1 | gave_up=0
R3[SITE        ]: carry=0 | gave_up=0
R4[RTB         ]: carry=1 | gave_up=0

[DEPOSIT] Robot 2 deposited! Total: 22
  [TARGET] Robot 2 → SITE (-1.52,0.20)
[DEPOSIT] Robot 4 deposited! Total: 23
  [TARGET] Robot 4 → SITE (0.40,-1.09)
[PICKUP] Robot 3 picked up tag (density=10) | Total: 24

======================================================================
Step 7000 (3.7 min) [ONLINE] | Pickups: 24 | Deposits: 23 | Rate: 6.16 tags/min | phero=16
======================================================================
R1[EXPLORE     ]: carry=0 | gave_up=0
R2[SITE        ]: carry=0 | gave_up=0
R3[RTB         ]: carry=1 | gave_up=0
R4[SITE        ]: carry=0 | gave_up=0

[PICKUP] Robot 2 picked up tag (density=9) | Total: 25
[DEPOSIT] Robot 3 deposited! Total: 24
  [TARGET] Robot 3 → SITE (-1.18,0.33)
[PICKUP] Robot 4 picked up tag (density=4) | Total: 26
[DEPOSIT] Robot 2 deposited! Total: 25
  [TARGET] Robot 2 → SITE (-1.31,-0.15)

======================================================================
Step 7500 (4.0 min) [ONLINE] | Pickups: 26 | Deposits: 25 | Rate: 6.25 tags/min | phero=16
======================================================================
R1[EXPLORE     ]: carry=0 | gave_up=0
R2[SITE        ]: carry=0 | gave_up=0
R3[SITE        ]: carry=0 | gave_up=0
R4[RTB         ]: carry=1 | gave_up=0

[DEPOSIT] Robot 4 deposited! Total: 26
  [TARGET] Robot 4 → SITE (0.38,-1.17)
[PICKUP] Robot 1 picked up tag (density=16) | Total: 27
[PICKUP] Robot 2 picked up tag (density=8) | Total: 28
[PICKUP] Robot 4 picked up tag (density=3) | Total: 29

======================================================================
Step 8000 (4.3 min) [ONLINE] | Pickups: 29 | Deposits: 26 | Rate: 6.09 tags/min | phero=14
======================================================================
R1[RTB         ]: carry=1 | gave_up=0
R2[RTB         ]: carry=1 | gave_up=0
R3[EXPLORE     ]: carry=0 | gave_up=0
R4[RTB         ]: carry=1 | gave_up=0

[DEPOSIT] Robot 2 deposited! Total: 27
  [TARGET] Robot 2 → SITE (-1.07,0.02)
[DEPOSIT] Robot 1 deposited! Total: 28
  [TARGET] Robot 1 → SITE (1.10,1.46)
[DEPOSIT] Robot 4 deposited! Total: 29
  [TARGET] Robot 4 → SITE (0.40,-1.18)
[PICKUP] Robot 2 picked up tag (density=7) | Total: 30

======================================================================
Step 8500 (4.5 min) [ONLINE] | Pickups: 30 | Deposits: 29 | Rate: 6.40 tags/min | phero=13
======================================================================
R1[SITE        ]: carry=0 | gave_up=0
R2[RTB         ]: carry=1 | gave_up=0
R3[EXPLORE     ]: carry=0 | gave_up=0
R4[SITE        ]: carry=0 | gave_up=0

[PICKUP] Robot 1 picked up tag (density=15) | Total: 31
[DEPOSIT] Robot 2 deposited! Total: 30
  [TARGET] Robot 2 → SITE (-1.08,0.02)

======================================================================
Step 9000 (4.8 min) [ONLINE] | Pickups: 31 | Deposits: 30 | Rate: 6.25 tags/min | phero=11
======================================================================
R1[RTB         ]: carry=1 | gave_up=0
R2[SITE        ]: carry=0 | gave_up=0
R3[EXPLORE     ]: carry=0 | gave_up=0
R4[EXPLORE     ]: carry=0 | gave_up=0

[PICKUP] Robot 2 picked up tag (density=6) | Total: 32
[DEPOSIT] Robot 1 deposited! Total: 31
  [TARGET] Robot 1 → SITE (1.03,1.53)
[DEPOSIT] Robot 2 deposited! Total: 32
  [TARGET] Robot 2 → SITE (-1.07,0.17)

======================================================================
Step 9500 (5.1 min) [ONLINE] | Pickups: 32 | Deposits: 32 | Rate: 6.32 tags/min | phero=13
======================================================================
R1[SITE        ]: carry=0 | gave_up=0
R2[BASE_ESC    ]: carry=0 | gave_up=0
R3[EXPLORE     ]: carry=0 | gave_up=0
R4[EXPLORE     ]: carry=0 | gave_up=0

[PICKUP] Robot 1 picked up tag (density=14) | Total: 33
[PICKUP] Robot 2 picked up tag (density=5) | Total: 34

======================================================================
Step 10000 (5.3 min) [ONLINE] | Pickups: 34 | Deposits: 32 | Rate: 6.00 tags/min | phero=12
======================================================================
R1[RTB         ]: carry=1 | gave_up=0
R2[RTB         ]: carry=1 | gave_up=0
R3[EXPLORE     ]: carry=0 | gave_up=0
R4[WALL_ESC    ]: carry=0 | gave_up=0

[PICKUP] Robot 4 picked up tag (density=13) | Total: 35
[DEPOSIT] Robot 2 deposited! Total: 33
  [TARGET] Robot 2 → SITE (-1.36,-0.15)
[DEPOSIT] Robot 1 deposited! Total: 34
  [TARGET] Robot 1 → SITE (1.30,1.46)

======================================================================
Step 10500 (5.6 min) [ONLINE] | Pickups: 35 | Deposits: 34 | Rate: 6.07 tags/min | phero=11
======================================================================
R1[BASE_ESC    ]: carry=0 | gave_up=0
R2[SITE        ]: carry=0 | gave_up=0
R3[EXPLORE     ]: carry=0 | gave_up=0
R4[RTB         ]: carry=1 | gave_up=0

[DEPOSIT] Robot 4 deposited! Total: 35
  [TARGET] Robot 4 → SITE (1.40,1.96)

======================================================================
Step 11000 (5.9 min) [ONLINE] | Pickups: 35 | Deposits: 35 | Rate: 5.97 tags/min | phero=11
======================================================================
R1[EXPLORE     ]: carry=0 | gave_up=0
R2[WALL_ESC    ]: carry=0 | gave_up=0
R3[EXPLORE     ]: carry=0 | gave_up=0
R4[SITE        ]: carry=0 | gave_up=0

[PICKUP] Robot 1 picked up tag (density=12) | Total: 36
[PICKUP] Robot 3 picked up tag (density=2) | Total: 37
[PICKUP] Robot 4 picked up tag (density=11) | Total: 38
[DEPOSIT] Robot 3 deposited! Total: 36
  [TARGET] Robot 3 → PHERO (1.40,1.96)

======================================================================
Step 11500 (6.1 min) [ONLINE] | Pickups: 38 | Deposits: 36 | Rate: 5.87 tags/min | phero=10
======================================================================
R1[RTB         ]: carry=1 | gave_up=0
R2[EXPLORE     ]: carry=0 | gave_up=0
R3[BASE_ESC    ]: carry=0 | gave_up=0
R4[RTB         ]: carry=1 | gave_up=0

[DEPOSIT] Robot 1 deposited! Total: 37
  [TARGET] Robot 1 → SITE (1.41,1.56)
[DEPOSIT] Robot 4 deposited! Total: 38
  [TARGET] Robot 4 → SITE (0.94,1.73)

======================================================================
Step 12000 (6.4 min) [ONLINE] | Pickups: 38 | Deposits: 38 | Rate: 5.94 tags/min | phero=10
======================================================================
R1[SITE        ]: carry=0 | gave_up=0
R2[WALL_ESC    ]: carry=0 | gave_up=0
R3[PHERO       ]: carry=0 | gave_up=0
R4[SITE        ]: carry=0 | gave_up=0

[PICKUP] Robot 2 picked up tag (density=9) | Total: 39
[PICKUP] Robot 4 picked up tag (density=10) | Total: 40

======================================================================
Step 12500 (6.7 min) [ONLINE] | Pickups: 40 | Deposits: 38 | Rate: 5.70 tags/min | phero=9
======================================================================
R1[SITE        ]: carry=0 | gave_up=0
R2[RTB         ]: carry=1 | gave_up=0
R3[PHERO       ]: carry=0 | gave_up=0
R4[RTB         ]: carry=1 | gave_up=0

[DEPOSIT] Robot 2 deposited! Total: 39
  [TARGET] Robot 2 → SITE (-1.39,1.76)
[PICKUP] Robot 1 picked up tag (density=9) | Total: 41
[PICKUP] Robot 3 picked up tag (density=8) | Total: 42
[DEPOSIT] Robot 4 deposited! Total: 40
  [TARGET] Robot 4 → SITE (1.22,1.46)

======================================================================
Step 13000 (6.9 min) [ONLINE] | Pickups: 42 | Deposits: 40 | Rate: 5.77 tags/min | phero=10
======================================================================
R1[RTB         ]: carry=1 | gave_up=0
R2[SITE        ]: carry=0 | gave_up=0
R3[RTB         ]: carry=1 | gave_up=0
R4[BASE_ESC    ]: carry=0 | gave_up=0


[DISCONNECT] Central server OFFLINE at 6.97 min (will reconnect at 8.0 min)

[PICKUP] Robot 2 picked up tag (density=8) | Total: 43
[DEPOSIT] Robot 1 deposited! Total: 41
  [TARGET] Robot 1 → SITE (1.40,1.88)

======================================================================
Step 13500 (7.2 min) [DISCONNECTED] | Pickups: 43 | Deposits: 41 | Rate: 5.69 tags/min | phero=10
======================================================================
R1[DISCONNECTED]: carry=0 | gave_up=0
R2[DISCONNECTED]: carry=1 | gave_up=0
R3[DISCONNECTED]: carry=1 | gave_up=0
R4[DISCONNECTED]: carry=0 | gave_up=0


======================================================================
Step 14000 (7.5 min) [DISCONNECTED] | Pickups: 43 | Deposits: 41 | Rate: 5.49 tags/min | phero=8
======================================================================
R1[DISCONNECTED]: carry=0 | gave_up=0
R2[DISCONNECTED]: carry=1 | gave_up=0
R3[DISCONNECTED]: carry=1 | gave_up=0
R4[DISCONNECTED]: carry=0 | gave_up=0

[DEPOSIT] Robot 2 deposited! Total: 42
  [TARGET] Robot 2 → SITE (-1.41,1.32)

======================================================================
Step 14500 (7.7 min) [DISCONNECTED] | Pickups: 43 | Deposits: 42 | Rate: 5.43 tags/min | phero=9
======================================================================
R1[DISCONNECTED]: carry=0 | gave_up=0
R2[DISCONNECTED]: carry=0 | gave_up=0
R3[DISCONNECTED]: carry=1 | gave_up=0
R4[DISCONNECTED]: carry=0 | gave_up=0


[RECONNECT] Central server ONLINE at 7.97 min


======================================================================
Step 15000 (8.0 min) [ONLINE] | Pickups: 43 | Deposits: 42 | Rate: 5.25 tags/min | phero=7
======================================================================
R1[SITE        ]: carry=0 | gave_up=0
R2[SITE        ]: carry=0 | gave_up=0
R3[RTB         ]: carry=1 | gave_up=0
R4[SITE        ]: carry=0 | gave_up=0

[PICKUP] Robot 2 picked up tag (density=7) | Total: 44
[DEPOSIT] Robot 3 deposited! Total: 43
  [TARGET] Robot 3 → SITE (1.05,1.54)

======================================================================
Step 15500 (8.3 min) [ONLINE] | Pickups: 44 | Deposits: 43 | Rate: 5.20 tags/min | phero=7
======================================================================
R1[SITE        ]: carry=0 | gave_up=0
R2[RTB         ]: carry=1 | gave_up=0
R3[BASE_ESC    ]: carry=0 | gave_up=0
R4[SITE        ]: carry=0 | gave_up=0

[DEPOSIT] Robot 2 deposited! Total: 44
  [TARGET] Robot 2 → SITE (1.39,1.67)
[PICKUP] Robot 1 picked up tag (density=4) | Total: 45

======================================================================
Step 16000 (8.5 min) [ONLINE] | Pickups: 45 | Deposits: 44 | Rate: 5.16 tags/min | phero=7
======================================================================
R1[RTB         ]: carry=1 | gave_up=0
R2[SITE        ]: carry=0 | gave_up=0
R3[SITE        ]: carry=0 | gave_up=0
R4[SITE        ]: carry=0 | gave_up=0

[DEPOSIT] Robot 1 deposited! Total: 45
  [TARGET] Robot 1 → SITE (-1.38,-0.07)
[PICKUP] Robot 2 picked up tag (density=6) | Total: 46
[PICKUP] Robot 1 picked up tag (density=3) | Total: 47

======================================================================
Step 16500 (8.8 min) [ONLINE] | Pickups: 47 | Deposits: 45 | Rate: 5.11 tags/min | phero=7
======================================================================
R1[RTB         ]: carry=1 | gave_up=0
R2[RTB         ]: carry=1 | gave_up=0
R3[EXPLORE     ]: carry=0 | gave_up=0
R4[EXPLORE     ]: carry=0 | gave_up=0

[DEPOSIT] Robot 1 deposited! Total: 46
  [TARGET] Robot 1 → SITE (-1.15,0.15)
[DEPOSIT] Robot 2 deposited! Total: 47
  [TARGET] Robot 2 → SITE (0.94,1.80)

======================================================================
Step 17000 (9.1 min) [ONLINE] | Pickups: 47 | Deposits: 47 | Rate: 5.18 tags/min | phero=7
======================================================================
R1[SITE        ]: carry=0 | gave_up=0
R2[SITE        ]: carry=0 | gave_up=0
R3[EXPLORE     ]: carry=0 | gave_up=0
R4[EXPLORE     ]: carry=0 | gave_up=0

[PICKUP] Robot 1 picked up tag (density=2) | Total: 48
[PICKUP] Robot 2 picked up tag (density=5) | Total: 49

======================================================================
Step 17500 (9.3 min) [ONLINE] | Pickups: 49 | Deposits: 47 | Rate: 5.04 tags/min | phero=6
======================================================================
R1[RTB         ]: carry=1 | gave_up=0
R2[RTB         ]: carry=1 | gave_up=0
R3[EXPLORE     ]: carry=0 | gave_up=0
R4[EXPLORE     ]: carry=0 | gave_up=0

[DEPOSIT] Robot 1 deposited! Total: 48
  [TARGET] Robot 1 → SITE (-1.16,0.14)
[GIVE-UP] R4 giving up after 4873 steps
[DEPOSIT] Robot 2 deposited! Total: 49
  [TARGET] Robot 2 → SITE (1.16,1.53)

======================================================================
Step 18000 (9.6 min) [ONLINE] | Pickups: 49 | Deposits: 49 | Rate: 5.10 tags/min | phero=6
======================================================================
R1[SITE        ]: carry=0 | gave_up=0
R2[BASE_ESC    ]: carry=0 | gave_up=0
R3[EXPLORE     ]: carry=0 | gave_up=0
R4[GIVE_UP     ]: carry=0 | gave_up=1

[PICKUP] Robot 1 picked up tag (density=1) | Total: 50
[PICKUP] Robot 4 picked up tag (density=2) | Total: 51
[DEPOSIT] Robot 1 deposited! Total: 50
  [TARGET] Robot 1 → SITE (-1.29,0.27)
[DEPOSIT] Robot 4 deposited! Total: 51
  [TARGET] Robot 4 → SITE (-0.41,-0.62)

======================================================================
Step 18500 (9.9 min) [ONLINE] | Pickups: 51 | Deposits: 51 | Rate: 5.17 tags/min | phero=8
======================================================================
R1[SITE        ]: carry=0 | gave_up=0
R2[SITE        ]: carry=0 | gave_up=0
R3[EXPLORE     ]: carry=0 | gave_up=0
R4[SITE        ]: carry=0 | gave_up=0

[PICKUP] Robot 3 picked up tag (density=1) | Total: 52
[PICKUP] Robot 2 picked up tag (density=4) | Total: 53
TIMEOUT_RESULT pickups=53 deposits=51 steps=18750 elapsed_min=10.000000 disconnect_start=7.0 disconnect_duration=1.0
BATCH_RESULT pickups=53 deposits=51
