Gym has been unmaintained since 2022 and does not support NumPy 2.0 amongst other critical functionality.
Please upgrade to Gymnasium, the maintained drop-in replacement of Gym, or contact the authors of your software and request that they upgrade.
Users of this version of Gym should be able to simply replace 'import gym' with 'import gymnasium as gym' in the vast majority of cases.
See the migration guide at https://gymnasium.farama.org/introduction/migration_guide/ for additional information.
=================================================================
EXPERIMENT 4 — Central Server Disconnect Robustness
  Arena: 5x5m | Tags: 64 | Robots: 4 | Time: 10.0 min
  Disconnect: 4.7 → 5.7 min (1.0 min offline)
=================================================================

Loading model: ppo_cpfa_v9
Model loaded. Starting evaluation...

[PICKUP] Robot 3 picked up tag (density=6) | Total: 1
[DEPOSIT] Robot 3 deposited! Total: 1
  [TARGET] Robot 3 → SITE (0.00,0.50)
[PICKUP] Robot 1 picked up tag (density=9) | Total: 2
[PICKUP] Robot 3 picked up tag (density=5) | Total: 3
[PICKUP] Robot 2 picked up tag (density=9) | Total: 4
[DEPOSIT] Robot 1 deposited! Total: 2
  [TARGET] Robot 1 → SITE (-0.37,-0.15)
[PICKUP] Robot 4 picked up tag (density=8) | Total: 5
[DEPOSIT] Robot 3 deposited! Total: 3
  [TARGET] Robot 3 → SITE (0.02,0.43)

======================================================================
Step 500 (0.3 min) [ONLINE] | Pickups: 5 | Deposits: 3 | Rate: 11.25 tags/min | phero=3
======================================================================
R1[SITE        ]: carry=0 | gave_up=0
R2[RTB         ]: carry=1 | gave_up=0
R3[BASE_ESC    ]: carry=0 | gave_up=0
R4[RTB         ]: carry=1 | gave_up=0

[PICKUP] Robot 1 picked up tag (density=7) | Total: 6
[DEPOSIT] Robot 4 deposited! Total: 4
  [TARGET] Robot 4 → SITE (-0.20,-0.51)
[DEPOSIT] Robot 1 deposited! Total: 5
  [TARGET] Robot 1 → SITE (-0.19,-0.23)
[PICKUP] Robot 4 picked up tag (density=6) | Total: 7
[DEPOSIT] Robot 2 deposited! Total: 6
  [TARGET] Robot 2 → SITE (1.77,0.00)
[DEPOSIT] Robot 4 deposited! Total: 7
  [TARGET] Robot 4 → SITE (-0.24,-0.25)

======================================================================
Step 1000 (0.5 min) [ONLINE] | Pickups: 7 | Deposits: 7 | Rate: 13.12 tags/min | phero=7
======================================================================
R1[EXPLORE     ]: carry=0 | gave_up=0
R2[SITE        ]: carry=0 | gave_up=0
R3[EXPLORE     ]: carry=0 | gave_up=0
R4[SITE        ]: carry=0 | gave_up=0

[PICKUP] Robot 1 picked up tag (density=5) | Total: 8
[PICKUP] Robot 4 picked up tag (density=4) | Total: 9
[DEPOSIT] Robot 4 deposited! Total: 8
  [TARGET] Robot 4 → SITE (-0.32,-0.25)
[DEPOSIT] Robot 1 deposited! Total: 9
  [TARGET] Robot 1 → SITE (-0.47,-0.14)

======================================================================
Step 1500 (0.8 min) [ONLINE] | Pickups: 9 | Deposits: 9 | Rate: 11.25 tags/min | phero=9
======================================================================
R1[EXPLORE     ]: carry=0 | gave_up=0
R2[SITE        ]: carry=0 | gave_up=0
R3[EXPLORE     ]: carry=0 | gave_up=0
R4[EXPLORE     ]: carry=0 | gave_up=0

[PICKUP] Robot 4 picked up tag (density=3) | Total: 10
[PICKUP] Robot 2 picked up tag (density=8) | Total: 11
[DEPOSIT] Robot 4 deposited! Total: 10
  [TARGET] Robot 4 → SITE (-0.33,-0.32)
[PICKUP] Robot 4 picked up tag (density=2) | Total: 12

======================================================================
Step 2000 (1.1 min) [ONLINE] | Pickups: 12 | Deposits: 10 | Rate: 9.38 tags/min | phero=10
======================================================================
R1[EXPLORE     ]: carry=0 | gave_up=0
R2[RTB         ]: carry=1 | gave_up=0
R3[EXPLORE     ]: carry=0 | gave_up=0
R4[RTB         ]: carry=1 | gave_up=0

[DEPOSIT] Robot 4 deposited! Total: 11
  [TARGET] Robot 4 → SITE (-0.35,-0.31)
[PICKUP] Robot 3 picked up tag (density=1) | Total: 13
[DEPOSIT] Robot 2 deposited! Total: 12
  [TARGET] Robot 2 → SITE (1.87,0.05)
[DEPOSIT] Robot 3 deposited! Total: 13
  [TARGET] Robot 3 → SITE (-0.60,-0.54)

======================================================================
Step 2500 (1.3 min) [ONLINE] | Pickups: 13 | Deposits: 13 | Rate: 9.75 tags/min | phero=11
======================================================================
R1[WALL_ESC    ]: carry=0 | gave_up=0
R2[SITE        ]: carry=0 | gave_up=0
R3[SITE        ]: carry=0 | gave_up=0
R4[EXPLORE     ]: carry=0 | gave_up=0

[PICKUP] Robot 2 picked up tag (density=7) | Total: 14
[PICKUP] Robot 3 picked up tag (density=16) | Total: 15
[PICKUP] Robot 1 picked up tag (density=12) | Total: 16

======================================================================
Step 3000 (1.6 min) [ONLINE] | Pickups: 16 | Deposits: 13 | Rate: 8.12 tags/min | phero=11
======================================================================
R1[RTB         ]: carry=1 | gave_up=0
R2[RTB         ]: carry=1 | gave_up=0
R3[RTB         ]: carry=1 | gave_up=0
R4[EXPLORE     ]: carry=0 | gave_up=0

[DEPOSIT] Robot 2 deposited! Total: 14
  [TARGET] Robot 2 → SITE (1.93,0.04)
[DEPOSIT] Robot 1 deposited! Total: 15
  [TARGET] Robot 1 → SITE (0.40,-1.50)
[DEPOSIT] Robot 3 deposited! Total: 16
  [TARGET] Robot 3 → SITE (-1.79,-0.49)

======================================================================
Step 3500 (1.9 min) [ONLINE] | Pickups: 16 | Deposits: 16 | Rate: 8.57 tags/min | phero=14
======================================================================
R1[SITE        ]: carry=0 | gave_up=0
R2[SITE        ]: carry=0 | gave_up=0
R3[SITE        ]: carry=0 | gave_up=0
R4[EXPLORE     ]: carry=0 | gave_up=0

[PICKUP] Robot 4 picked up tag (density=12) | Total: 17
[PICKUP] Robot 2 picked up tag (density=6) | Total: 18
[PICKUP] Robot 1 picked up tag (density=11) | Total: 19

======================================================================
Step 4000 (2.1 min) [ONLINE] | Pickups: 19 | Deposits: 16 | Rate: 7.50 tags/min | phero=14
======================================================================
R1[RTB         ]: carry=1 | gave_up=0
R2[RTB         ]: carry=1 | gave_up=0
R3[SITE        ]: carry=0 | gave_up=0
R4[RTB         ]: carry=1 | gave_up=0

[DEPOSIT] Robot 4 deposited! Total: 17
  [TARGET] Robot 4 → SITE (0.36,1.00)
[PICKUP] Robot 3 picked up tag (density=15) | Total: 20
[DEPOSIT] Robot 1 deposited! Total: 18
  [TARGET] Robot 1 → SITE (0.27,-1.49)
[DEPOSIT] Robot 2 deposited! Total: 19
  [TARGET] Robot 2 → SITE (1.95,0.05)
[PICKUP] Robot 4 picked up tag (density=11) | Total: 21

======================================================================
Step 4500 (2.4 min) [ONLINE] | Pickups: 21 | Deposits: 19 | Rate: 7.92 tags/min | phero=16
======================================================================
R1[SITE        ]: carry=0 | gave_up=0
R2[SITE        ]: carry=0 | gave_up=0
R3[RTB         ]: carry=1 | gave_up=0
R4[RTB         ]: carry=1 | gave_up=0

[DEPOSIT] Robot 3 deposited! Total: 20
  [TARGET] Robot 3 → SITE (-1.81,-0.48)
[PICKUP] Robot 1 picked up tag (density=10) | Total: 22
[DEPOSIT] Robot 4 deposited! Total: 21
  [TARGET] Robot 4 → SITE (0.67,0.92)

======================================================================
Step 5000 (2.7 min) [ONLINE] | Pickups: 22 | Deposits: 21 | Rate: 7.88 tags/min | phero=15
======================================================================
R1[RTB         ]: carry=1 | gave_up=0
R2[EXPLORE     ]: carry=0 | gave_up=0
R3[SITE        ]: carry=0 | gave_up=0
R4[SITE        ]: carry=0 | gave_up=0

[PICKUP] Robot 2 picked up tag (density=5) | Total: 23
[DEPOSIT] Robot 1 deposited! Total: 22
  [TARGET] Robot 1 → SITE (0.31,-1.05)
[PICKUP] Robot 4 picked up tag (density=10) | Total: 24
[DEPOSIT] Robot 4 deposited! Total: 23
  [TARGET] Robot 4 → SITE (0.72,0.92)

======================================================================
Step 5500 (2.9 min) [ONLINE] | Pickups: 24 | Deposits: 23 | Rate: 7.84 tags/min | phero=14
======================================================================
R1[SITE        ]: carry=0 | gave_up=0
R2[RTB         ]: carry=1 | gave_up=0
R3[SITE        ]: carry=0 | gave_up=0
R4[BASE_ESC    ]: carry=0 | gave_up=0

[DEPOSIT] Robot 2 deposited! Total: 24
  [TARGET] Robot 2 → SITE (1.97,0.04)
[PICKUP] Robot 3 picked up tag (density=14) | Total: 25
[PICKUP] Robot 4 picked up tag (density=9) | Total: 26

======================================================================
Step 6000 (3.2 min) [ONLINE] | Pickups: 26 | Deposits: 24 | Rate: 7.50 tags/min | phero=12
======================================================================
R1[SITE        ]: carry=0 | gave_up=0
R2[SITE        ]: carry=0 | gave_up=0
R3[RTB         ]: carry=1 | gave_up=0
R4[RTB         ]: carry=1 | gave_up=0

[PICKUP] Robot 2 picked up tag (density=4) | Total: 27
[PICKUP] Robot 1 picked up tag (density=9) | Total: 28
[DEPOSIT] Robot 4 deposited! Total: 25
  [TARGET] Robot 4 → SITE (0.72,1.00)
[DEPOSIT] Robot 3 deposited! Total: 26
  [TARGET] Robot 3 → SITE (-1.81,-0.48)
[DEPOSIT] Robot 1 deposited! Total: 27
  [TARGET] Robot 1 → SITE (0.28,-1.05)

======================================================================
Step 6500 (3.5 min) [ONLINE] | Pickups: 28 | Deposits: 27 | Rate: 7.79 tags/min | phero=14
======================================================================
R1[SITE        ]: carry=0 | gave_up=0
R2[RTB         ]: carry=1 | gave_up=0
R3[SITE        ]: carry=0 | gave_up=0
R4[SITE        ]: carry=0 | gave_up=0

[DEPOSIT] Robot 2 deposited! Total: 28
  [TARGET] Robot 2 → SITE (1.78,-0.23)
[PICKUP] Robot 4 picked up tag (density=8) | Total: 29
[PICKUP] Robot 1 picked up tag (density=8) | Total: 30

======================================================================
Step 7000 (3.7 min) [ONLINE] | Pickups: 30 | Deposits: 28 | Rate: 7.50 tags/min | phero=15
======================================================================
R1[RTB         ]: carry=1 | gave_up=0
R2[SITE        ]: carry=0 | gave_up=0
R3[SITE        ]: carry=0 | gave_up=0
R4[RTB         ]: carry=1 | gave_up=0

[DEPOSIT] Robot 4 deposited! Total: 29
  [TARGET] Robot 4 → SITE (0.73,1.02)
[DEPOSIT] Robot 1 deposited! Total: 30
  [TARGET] Robot 1 → SITE (0.01,-1.18)
[PICKUP] Robot 3 picked up tag (density=13) | Total: 31
[PICKUP] Robot 4 picked up tag (density=7) | Total: 32

======================================================================
Step 7500 (4.0 min) [ONLINE] | Pickups: 32 | Deposits: 30 | Rate: 7.50 tags/min | phero=17
======================================================================
R1[SITE        ]: carry=0 | gave_up=0
R2[EXPLORE     ]: carry=0 | gave_up=0
R3[RTB         ]: carry=1 | gave_up=0
R4[RTB         ]: carry=1 | gave_up=0

[PICKUP] Robot 1 picked up tag (density=7) | Total: 33
[DEPOSIT] Robot 3 deposited! Total: 31
  [TARGET] Robot 3 → SITE (-1.87,-0.48)
[DEPOSIT] Robot 4 deposited! Total: 32
  [TARGET] Robot 4 → SITE (0.75,1.08)
[DEPOSIT] Robot 1 deposited! Total: 33
  [TARGET] Robot 1 → SITE (0.01,-1.23)
[PICKUP] Robot 2 picked up tag (density=6) | Total: 34

======================================================================
Step 8000 (4.3 min) [ONLINE] | Pickups: 34 | Deposits: 33 | Rate: 7.73 tags/min | phero=17
======================================================================
R1[SITE        ]: carry=0 | gave_up=0
R2[RTB         ]: carry=1 | gave_up=0
R3[SITE        ]: carry=0 | gave_up=0
R4[SITE        ]: carry=0 | gave_up=0

[DEPOSIT] Robot 2 deposited! Total: 34
  [TARGET] Robot 2 → SITE (0.53,-1.25)
[PICKUP] Robot 4 picked up tag (density=6) | Total: 35
[PICKUP] Robot 1 picked up tag (density=5) | Total: 36

======================================================================
Step 8500 (4.5 min) [ONLINE] | Pickups: 36 | Deposits: 34 | Rate: 7.50 tags/min | phero=17
======================================================================
R1[RTB         ]: carry=1 | gave_up=0
R2[SITE        ]: carry=0 | gave_up=0
R3[SITE        ]: carry=0 | gave_up=0
R4[RTB         ]: carry=1 | gave_up=0

[DEPOSIT] Robot 4 deposited! Total: 35
  [TARGET] Robot 4 → SITE (0.63,0.93)
[PICKUP] Robot 2 picked up tag (density=4) | Total: 37
[DEPOSIT] Robot 1 deposited! Total: 36
  [TARGET] Robot 1 → SITE (0.25,-1.12)

[DISCONNECT] Central server OFFLINE at 4.67 min (will reconnect at 5.7 min)

[DEPOSIT] Robot 2 deposited! Total: 37
  [TARGET] Robot 2 → SITE (0.28,-1.09)

======================================================================
Step 9000 (4.8 min) [DISCONNECTED] | Pickups: 37 | Deposits: 37 | Rate: 7.71 tags/min | phero=17
======================================================================
R1[DISCONNECTED]: carry=0 | gave_up=0
R2[DISCONNECTED]: carry=0 | gave_up=0
R3[DISCONNECTED]: carry=0 | gave_up=0
R4[DISCONNECTED]: carry=0 | gave_up=0


======================================================================
Step 9500 (5.1 min) [DISCONNECTED] | Pickups: 37 | Deposits: 37 | Rate: 7.30 tags/min | phero=15
======================================================================
R1[DISCONNECTED]: carry=0 | gave_up=0
R2[DISCONNECTED]: carry=0 | gave_up=0
R3[DISCONNECTED]: carry=0 | gave_up=0
R4[DISCONNECTED]: carry=0 | gave_up=0

[PICKUP] Robot 1 picked up tag (density=3) | Total: 38

======================================================================
Step 10000 (5.3 min) [DISCONNECTED] | Pickups: 38 | Deposits: 37 | Rate: 6.94 tags/min | phero=13
======================================================================
R1[DISCONNECTED]: carry=1 | gave_up=0
R2[DISCONNECTED]: carry=0 | gave_up=0
R3[DISCONNECTED]: carry=0 | gave_up=0
R4[DISCONNECTED]: carry=0 | gave_up=0


======================================================================
Step 10500 (5.6 min) [DISCONNECTED] | Pickups: 38 | Deposits: 37 | Rate: 6.61 tags/min | phero=13
======================================================================
R1[DISCONNECTED]: carry=1 | gave_up=0
R2[DISCONNECTED]: carry=0 | gave_up=0
R3[DISCONNECTED]: carry=0 | gave_up=0
R4[DISCONNECTED]: carry=0 | gave_up=0


[RECONNECT] Central server ONLINE at 5.67 min


======================================================================
Step 11000 (5.9 min) [ONLINE] | Pickups: 38 | Deposits: 37 | Rate: 6.31 tags/min | phero=9
======================================================================
R1[RTB         ]: carry=1 | gave_up=0
R2[SITE        ]: carry=0 | gave_up=0
R3[SITE        ]: carry=0 | gave_up=0
R4[SITE        ]: carry=0 | gave_up=0

[PICKUP] Robot 3 picked up tag (density=12) | Total: 39
[DEPOSIT] Robot 1 deposited! Total: 38
  [TARGET] Robot 1 → SITE (0.01,-1.40)

======================================================================
Step 11500 (6.1 min) [ONLINE] | Pickups: 39 | Deposits: 38 | Rate: 6.20 tags/min | phero=8
======================================================================
R1[BASE_ESC    ]: carry=0 | gave_up=0
R2[SITE        ]: carry=0 | gave_up=0
R3[RTB         ]: carry=1 | gave_up=0
R4[SITE        ]: carry=0 | gave_up=0

[PICKUP] Robot 4 picked up tag (density=4) | Total: 40
[DEPOSIT] Robot 4 deposited! Total: 39
  [TARGET] Robot 4 → SITE (-0.30,0.45)
[DEPOSIT] Robot 3 deposited! Total: 40
  [TARGET] Robot 3 → SITE (-1.89,-0.47)
[PICKUP] Robot 4 picked up tag (density=3) | Total: 41
[DEPOSIT] Robot 4 deposited! Total: 41
  [TARGET] Robot 4 → SITE (-0.11,0.40)

======================================================================
Step 12000 (6.4 min) [ONLINE] | Pickups: 41 | Deposits: 41 | Rate: 6.41 tags/min | phero=10
======================================================================
R1[SITE        ]: carry=0 | gave_up=0
R2[EXPLORE     ]: carry=0 | gave_up=0
R3[SITE        ]: carry=0 | gave_up=0
R4[BASE_ESC    ]: carry=0 | gave_up=0

[PICKUP] Robot 4 picked up tag (density=2) | Total: 42
[DEPOSIT] Robot 4 deposited! Total: 42
  [TARGET] Robot 4 → SITE (-0.03,0.47)
[PICKUP] Robot 2 picked up tag (density=11) | Total: 43

======================================================================
Step 12500 (6.7 min) [ONLINE] | Pickups: 43 | Deposits: 42 | Rate: 6.30 tags/min | phero=7
======================================================================
R1[SITE        ]: carry=0 | gave_up=0
R2[RTB         ]: carry=1 | gave_up=0
R3[SITE        ]: carry=0 | gave_up=0
R4[BASE_ESC    ]: carry=0 | gave_up=0

[PICKUP] Robot 3 picked up tag (density=10) | Total: 44
[PICKUP] Robot 4 picked up tag (density=1) | Total: 45
[DEPOSIT] Robot 4 deposited! Total: 43
  [TARGET] Robot 4 → PHERO (-0.03,0.47)

======================================================================
Step 13000 (6.9 min) [ONLINE] | Pickups: 45 | Deposits: 43 | Rate: 6.20 tags/min | phero=5
======================================================================
R1[SITE        ]: carry=0 | gave_up=0
R2[RTB         ]: carry=1 | gave_up=0
R3[RTB         ]: carry=1 | gave_up=0
R4[PHERO       ]: carry=0 | gave_up=0

[DEPOSIT] Robot 2 deposited! Total: 44
  [TARGET] Robot 2 → SITE (-2.00,-0.70)
[PICKUP] Robot 1 picked up tag (density=2) | Total: 46
[DEPOSIT] Robot 1 deposited! Total: 45
  [TARGET] Robot 1 → SITE (0.16,-1.34)

======================================================================
Step 13500 (7.2 min) [ONLINE] | Pickups: 46 | Deposits: 45 | Rate: 6.25 tags/min | phero=6
======================================================================
R1[BASE_ESC    ]: carry=0 | gave_up=0
R2[SITE        ]: carry=0 | gave_up=0
R3[RTB         ]: carry=1 | gave_up=0
R4[WALL_ESC    ]: carry=0 | gave_up=0

[PICKUP] Robot 1 picked up tag (density=1) | Total: 47
[DEPOSIT] Robot 3 deposited! Total: 46
  [TARGET] Robot 3 → SITE (-1.92,-0.47)
[PICKUP] Robot 4 picked up tag (density=5) | Total: 48

======================================================================
Step 14000 (7.5 min) [ONLINE] | Pickups: 48 | Deposits: 46 | Rate: 6.16 tags/min | phero=7
======================================================================
R1[RTB         ]: carry=1 | gave_up=0
R2[SITE        ]: carry=0 | gave_up=0
R3[SITE        ]: carry=0 | gave_up=0
R4[RTB         ]: carry=1 | gave_up=0

[DEPOSIT] Robot 1 deposited! Total: 47
  [TARGET] Robot 1 → PHERO (-1.92,-0.47)
[DEPOSIT] Robot 4 deposited! Total: 48
  [TARGET] Robot 4 → SITE (0.55,1.37)
[PICKUP] Robot 2 picked up tag (density=9) | Total: 49

======================================================================
Step 14500 (7.7 min) [ONLINE] | Pickups: 49 | Deposits: 48 | Rate: 6.21 tags/min | phero=8
======================================================================
R1[PHERO       ]: carry=0 | gave_up=0
R2[RTB         ]: carry=1 | gave_up=0
R3[SITE        ]: carry=0 | gave_up=0
R4[SITE        ]: carry=0 | gave_up=0

[DEPOSIT] Robot 2 deposited! Total: 49
  [TARGET] Robot 2 → SITE (-1.95,-0.54)

======================================================================
Step 15000 (8.0 min) [ONLINE] | Pickups: 49 | Deposits: 49 | Rate: 6.12 tags/min | phero=9
======================================================================
R1[PHERO       ]: carry=0 | gave_up=0
R2[SITE        ]: carry=0 | gave_up=0
R3[SITE        ]: carry=0 | gave_up=0
R4[SITE        ]: carry=0 | gave_up=0

[PICKUP] Robot 4 picked up tag (density=4) | Total: 50
[PICKUP] Robot 1 picked up tag (density=8) | Total: 51
[PICKUP] Robot 3 picked up tag (density=7) | Total: 52
[DEPOSIT] Robot 4 deposited! Total: 50
  [TARGET] Robot 4 → SITE (0.54,1.37)

======================================================================
Step 15500 (8.3 min) [ONLINE] | Pickups: 52 | Deposits: 50 | Rate: 6.05 tags/min | phero=10
======================================================================
R1[RTB         ]: carry=1 | gave_up=0
R2[SITE        ]: carry=0 | gave_up=0
R3[RTB         ]: carry=1 | gave_up=0
R4[SITE        ]: carry=0 | gave_up=0

[PICKUP] Robot 2 picked up tag (density=6) | Total: 53
[DEPOSIT] Robot 1 deposited! Total: 51
  [TARGET] Robot 1 → SITE (-1.97,-0.55)
[PICKUP] Robot 4 picked up tag (density=3) | Total: 54
[DEPOSIT] Robot 3 deposited! Total: 52
  [TARGET] Robot 3 → SITE (-2.00,-0.52)

======================================================================
Step 16000 (8.5 min) [ONLINE] | Pickups: 54 | Deposits: 52 | Rate: 6.09 tags/min | phero=9
======================================================================
R1[SITE        ]: carry=0 | gave_up=0
R2[RTB         ]: carry=1 | gave_up=0
R3[BASE_ESC    ]: carry=0 | gave_up=0
R4[RTB         ]: carry=1 | gave_up=0

[DEPOSIT] Robot 4 deposited! Total: 53
  [TARGET] Robot 4 → SITE (0.68,1.04)
[DEPOSIT] Robot 2 deposited! Total: 54
  [TARGET] Robot 2 → SITE (-2.02,-0.55)
[PICKUP] Robot 1 picked up tag (density=5) | Total: 55

======================================================================
Step 16500 (8.8 min) [ONLINE] | Pickups: 55 | Deposits: 54 | Rate: 6.14 tags/min | phero=10
======================================================================
R1[RTB         ]: carry=1 | gave_up=0
R2[SITE        ]: carry=0 | gave_up=0
R3[SITE        ]: carry=0 | gave_up=0
R4[SITE        ]: carry=0 | gave_up=0

[PICKUP] Robot 4 picked up tag (density=2) | Total: 56
[PICKUP] Robot 3 picked up tag (density=4) | Total: 57
[DEPOSIT] Robot 4 deposited! Total: 55
  [TARGET] Robot 4 → SITE (0.69,1.08)
[DEPOSIT] Robot 1 deposited! Total: 56
  [TARGET] Robot 1 → SITE (-2.05,-0.18)

======================================================================
Step 17000 (9.1 min) [ONLINE] | Pickups: 57 | Deposits: 56 | Rate: 6.18 tags/min | phero=10
======================================================================
R1[BASE_ESC    ]: carry=0 | gave_up=0
R2[SITE        ]: carry=0 | gave_up=0
R3[RTB         ]: carry=1 | gave_up=0
R4[BASE_ESC    ]: carry=0 | gave_up=0


======================================================================
Step 17500 (9.3 min) [ONLINE] | Pickups: 57 | Deposits: 56 | Rate: 6.00 tags/min | phero=9
======================================================================
R1[SITE        ]: carry=0 | gave_up=0
R2[EXPLORE     ]: carry=0 | gave_up=0
R3[RTB         ]: carry=1 | gave_up=0
R4[EXPLORE     ]: carry=0 | gave_up=0

[DEPOSIT] Robot 3 deposited! Total: 57
  [TARGET] Robot 3 → SITE (-2.04,-0.55)
[PICKUP] Robot 1 picked up tag (density=3) | Total: 58

======================================================================
Step 18000 (9.6 min) [ONLINE] | Pickups: 58 | Deposits: 57 | Rate: 5.94 tags/min | phero=9
======================================================================
R1[RTB         ]: carry=1 | gave_up=0
R2[EXPLORE     ]: carry=0 | gave_up=0
R3[SITE        ]: carry=0 | gave_up=0
R4[EXPLORE     ]: carry=0 | gave_up=0

[PICKUP] Robot 3 picked up tag (density=2) | Total: 59
[DEPOSIT] Robot 1 deposited! Total: 58
  [TARGET] Robot 1 → SITE (-2.15,-0.17)

======================================================================
Step 18500 (9.9 min) [ONLINE] | Pickups: 59 | Deposits: 58 | Rate: 5.88 tags/min | phero=8
======================================================================
R1[SITE        ]: carry=0 | gave_up=0
R2[WALL_ESC    ]: carry=0 | gave_up=0
R3[RTB         ]: carry=1 | gave_up=0
R4[WALL_ESC    ]: carry=0 | gave_up=0

TIMEOUT_RESULT pickups=59 deposits=58 steps=18750 elapsed_min=10.000000 disconnect_start=4.7 disconnect_duration=1.0
BATCH_RESULT pickups=59 deposits=58
