Gym has been unmaintained since 2022 and does not support NumPy 2.0 amongst other critical functionality.
Please upgrade to Gymnasium, the maintained drop-in replacement of Gym, or contact the authors of your software and request that they upgrade.
Users of this version of Gym should be able to simply replace 'import gym' with 'import gymnasium as gym' in the vast majority of cases.
See the migration guide at https://gymnasium.farama.org/introduction/migration_guide/ for additional information.
=================================================================
EXPERIMENT 4 — Central Server Disconnect Robustness
  Arena: 5x5m | Tags: 64 | Robots: 4 | Time: 10.0 min
  Disconnect: 1.0 → 3.0 min (2.0 min offline)
=================================================================

Loading model: ppo_cpfa_v9
Model loaded. Starting evaluation...

[PICKUP] Robot 3 picked up tag (density=6) | Total: 1
[DEPOSIT] Robot 3 deposited! Total: 1
  [TARGET] Robot 3 → SITE (0.00,0.50)
[PICKUP] Robot 2 picked up tag (density=12) | Total: 2
[PICKUP] Robot 3 picked up tag (density=5) | Total: 3
[DEPOSIT] Robot 2 deposited! Total: 2
  [TARGET] Robot 2 → SITE (1.07,-0.00)

======================================================================
Step 500 (0.3 min) [ONLINE] | Pickups: 3 | Deposits: 2 | Rate: 7.50 tags/min | phero=2
======================================================================
R1[EXPLORE     ]: carry=0 | gave_up=0
R2[BASE_ESC    ]: carry=0 | gave_up=0
R3[RTB         ]: carry=1 | gave_up=0
R4[BASE_ESC    ]: carry=0 | gave_up=0

[DEPOSIT] Robot 3 deposited! Total: 3
  [TARGET] Robot 3 → SITE (0.00,0.45)
[PICKUP] Robot 3 picked up tag (density=4) | Total: 4
[PICKUP] Robot 2 picked up tag (density=11) | Total: 5
[DEPOSIT] Robot 3 deposited! Total: 4
  [TARGET] Robot 3 → SITE (0.04,0.52)

======================================================================
Step 1000 (0.5 min) [ONLINE] | Pickups: 5 | Deposits: 4 | Rate: 7.50 tags/min | phero=4
======================================================================
R1[WALL_ESC    ]: carry=0 | gave_up=0
R2[RTB         ]: carry=1 | gave_up=0
R3[BASE_ESC    ]: carry=0 | gave_up=0
R4[EXPLORE     ]: carry=0 | gave_up=0

[GIVE-UP] R4 giving up after 1092 steps
[DEPOSIT] Robot 2 deposited! Total: 5
  [TARGET] Robot 2 → SITE (1.12,0.35)
[GIVE-UP] R3 giving up after 299 steps
[EMPTY_RTN] R4 → phero(1.07,-0.00)
[EMPTY_RTN] R3 → phero(1.12,0.35)

======================================================================
Step 1500 (0.8 min) [ONLINE] | Pickups: 5 | Deposits: 5 | Rate: 6.25 tags/min | phero=5
======================================================================
R1[EXPLORE     ]: carry=0 | gave_up=0
R2[SITE        ]: carry=0 | gave_up=0
R3[BASE_ESC    ]: carry=0 | gave_up=0
R4[BASE_ESC    ]: carry=0 | gave_up=0

[PICKUP] Robot 2 picked up tag (density=10) | Total: 6
[PICKUP] Robot 4 picked up tag (density=9) | Total: 7

[DISCONNECT] Central server OFFLINE at 1.01 min (will reconnect at 3.0 min)


======================================================================
Step 2000 (1.1 min) [DISCONNECTED] | Pickups: 7 | Deposits: 5 | Rate: 4.69 tags/min | phero=5
======================================================================
R1[DISCONNECTED]: carry=0 | gave_up=0
R2[DISCONNECTED]: carry=1 | gave_up=0
R3[DISCONNECTED]: carry=0 | gave_up=0
R4[DISCONNECTED]: carry=1 | gave_up=0


======================================================================
Step 2500 (1.3 min) [DISCONNECTED] | Pickups: 7 | Deposits: 5 | Rate: 3.75 tags/min | phero=5
======================================================================
R1[DISCONNECTED]: carry=0 | gave_up=0
R2[DISCONNECTED]: carry=1 | gave_up=0
R3[DISCONNECTED]: carry=0 | gave_up=0
R4[DISCONNECTED]: carry=1 | gave_up=0


======================================================================
Step 3000 (1.6 min) [DISCONNECTED] | Pickups: 7 | Deposits: 5 | Rate: 3.12 tags/min | phero=5
======================================================================
R1[DISCONNECTED]: carry=0 | gave_up=0
R2[DISCONNECTED]: carry=1 | gave_up=0
R3[DISCONNECTED]: carry=0 | gave_up=0
R4[DISCONNECTED]: carry=1 | gave_up=0

[GIVE-UP] R1 giving up after 3354 steps

======================================================================
Step 3500 (1.9 min) [DISCONNECTED] | Pickups: 7 | Deposits: 5 | Rate: 2.68 tags/min | phero=5
======================================================================
R1[DISCONNECTED]: carry=0 | gave_up=1
R2[DISCONNECTED]: carry=1 | gave_up=0
R3[DISCONNECTED]: carry=0 | gave_up=0
R4[DISCONNECTED]: carry=1 | gave_up=0


======================================================================
Step 4000 (2.1 min) [DISCONNECTED] | Pickups: 7 | Deposits: 5 | Rate: 2.34 tags/min | phero=5
======================================================================
R1[DISCONNECTED]: carry=0 | gave_up=1
R2[DISCONNECTED]: carry=1 | gave_up=0
R3[DISCONNECTED]: carry=0 | gave_up=0
R4[DISCONNECTED]: carry=1 | gave_up=0

[PICKUP] Robot 1 picked up tag (density=9) | Total: 8

======================================================================
Step 4500 (2.4 min) [DISCONNECTED] | Pickups: 8 | Deposits: 5 | Rate: 2.08 tags/min | phero=4
======================================================================
R1[DISCONNECTED]: carry=1 | gave_up=0
R2[DISCONNECTED]: carry=1 | gave_up=0
R3[DISCONNECTED]: carry=0 | gave_up=0
R4[DISCONNECTED]: carry=1 | gave_up=0


======================================================================
Step 5000 (2.7 min) [DISCONNECTED] | Pickups: 8 | Deposits: 5 | Rate: 1.88 tags/min | phero=2
======================================================================
R1[DISCONNECTED]: carry=1 | gave_up=0
R2[DISCONNECTED]: carry=1 | gave_up=0
R3[DISCONNECTED]: carry=0 | gave_up=0
R4[DISCONNECTED]: carry=1 | gave_up=0


======================================================================
Step 5500 (2.9 min) [DISCONNECTED] | Pickups: 8 | Deposits: 5 | Rate: 1.70 tags/min | phero=1
======================================================================
R1[DISCONNECTED]: carry=1 | gave_up=0
R2[DISCONNECTED]: carry=1 | gave_up=0
R3[DISCONNECTED]: carry=0 | gave_up=0
R4[DISCONNECTED]: carry=1 | gave_up=0


[RECONNECT] Central server ONLINE at 3.01 min

[DEPOSIT] Robot 4 deposited! Total: 6
  [TARGET] Robot 4 → SITE (0.23,-0.35)
[DEPOSIT] Robot 2 deposited! Total: 7
  [TARGET] Robot 2 → SITE (1.19,0.34)

======================================================================
Step 6000 (3.2 min) [ONLINE] | Pickups: 8 | Deposits: 7 | Rate: 2.19 tags/min | phero=2
======================================================================
R1[RTB         ]: carry=1 | gave_up=0
R2[BASE_ESC    ]: carry=0 | gave_up=0
R3[PHERO       ]: carry=0 | gave_up=0
R4[SITE        ]: carry=0 | gave_up=0

[DEPOSIT] Robot 1 deposited! Total: 8
  [TARGET] Robot 1 → SITE (-2.13,-0.04)
[PICKUP] Robot 2 picked up tag (density=9) | Total: 9

======================================================================
Step 6500 (3.5 min) [ONLINE] | Pickups: 9 | Deposits: 8 | Rate: 2.31 tags/min | phero=3
======================================================================
R1[SITE        ]: carry=0 | gave_up=0
R2[RTB         ]: carry=1 | gave_up=0
R3[PHERO       ]: carry=0 | gave_up=0
R4[WALL_ESC    ]: carry=0 | gave_up=0

[DEPOSIT] Robot 2 deposited! Total: 9
  [TARGET] Robot 2 → SITE (1.07,0.16)
[PICKUP] Robot 3 picked up tag (density=8) | Total: 10
[PICKUP] Robot 1 picked up tag (density=8) | Total: 11
[DEPOSIT] Robot 3 deposited! Total: 10
  [TARGET] Robot 3 → SITE (1.12,0.19)

======================================================================
Step 7000 (3.7 min) [ONLINE] | Pickups: 11 | Deposits: 10 | Rate: 2.68 tags/min | phero=5
======================================================================
R1[RTB         ]: carry=1 | gave_up=0
R2[SITE        ]: carry=0 | gave_up=0
R3[BASE_ESC    ]: carry=0 | gave_up=0
R4[EXPLORE     ]: carry=0 | gave_up=0

[PICKUP] Robot 3 picked up tag (density=7) | Total: 12
[DEPOSIT] Robot 1 deposited! Total: 11
  [TARGET] Robot 1 → SITE (-2.05,0.40)

======================================================================
Step 7500 (4.0 min) [ONLINE] | Pickups: 12 | Deposits: 11 | Rate: 2.75 tags/min | phero=6
======================================================================
R1[BASE_ESC    ]: carry=0 | gave_up=0
R2[EXPLORE     ]: carry=0 | gave_up=0
R3[RTB         ]: carry=1 | gave_up=0
R4[EXPLORE     ]: carry=0 | gave_up=0

[DEPOSIT] Robot 3 deposited! Total: 12
  [TARGET] Robot 3 → SITE (1.16,0.20)
[PICKUP] Robot 4 picked up tag (density=12) | Total: 13

======================================================================
Step 8000 (4.3 min) [ONLINE] | Pickups: 13 | Deposits: 12 | Rate: 2.81 tags/min | phero=7
======================================================================
R1[SITE        ]: carry=0 | gave_up=0
R2[EXPLORE     ]: carry=0 | gave_up=0
R3[SITE        ]: carry=0 | gave_up=0
R4[RTB         ]: carry=1 | gave_up=0

[DEPOSIT] Robot 4 deposited! Total: 13
  [TARGET] Robot 4 → SITE (-0.87,-1.28)
[PICKUP] Robot 1 picked up tag (density=7) | Total: 14
[PICKUP] Robot 3 picked up tag (density=6) | Total: 15

======================================================================
Step 8500 (4.5 min) [ONLINE] | Pickups: 15 | Deposits: 13 | Rate: 2.87 tags/min | phero=8
======================================================================
R1[RTB         ]: carry=1 | gave_up=0
R2[EXPLORE     ]: carry=0 | gave_up=0
R3[RTB         ]: carry=1 | gave_up=0
R4[SITE        ]: carry=0 | gave_up=0

[DEPOSIT] Robot 3 deposited! Total: 14
  [TARGET] Robot 3 → SITE (1.21,0.20)
[DEPOSIT] Robot 1 deposited! Total: 15
  [TARGET] Robot 1 → SITE (-2.12,0.03)
[GIVE-UP] R2 giving up after 2202 steps

======================================================================
Step 9000 (4.8 min) [ONLINE] | Pickups: 15 | Deposits: 15 | Rate: 3.12 tags/min | phero=10
======================================================================
R1[SITE        ]: carry=0 | gave_up=0
R2[GIVE_UP     ]: carry=0 | gave_up=1
R3[SITE        ]: carry=0 | gave_up=0
R4[WALL_ESC    ]: carry=0 | gave_up=0

[PICKUP] Robot 3 picked up tag (density=5) | Total: 16
[EMPTY_RTN] R2 → phero(1.21,0.20)
[PICKUP] Robot 2 picked up tag (density=3) | Total: 17
[DEPOSIT] Robot 3 deposited! Total: 16
  [TARGET] Robot 3 → SITE (1.23,0.22)

======================================================================
Step 9500 (5.1 min) [ONLINE] | Pickups: 17 | Deposits: 16 | Rate: 3.16 tags/min | phero=11
======================================================================
R1[SITE        ]: carry=0 | gave_up=0
R2[RTB         ]: carry=1 | gave_up=0
R3[BASE_ESC    ]: carry=0 | gave_up=0
R4[EXPLORE     ]: carry=0 | gave_up=0

[DEPOSIT] Robot 2 deposited! Total: 17
  [TARGET] Robot 2 → SITE (0.07,0.47)
[PICKUP] Robot 2 picked up tag (density=2) | Total: 18
[PICKUP] Robot 3 picked up tag (density=4) | Total: 19
[DEPOSIT] Robot 2 deposited! Total: 18
  [TARGET] Robot 2 → SITE (0.20,0.35)

======================================================================
Step 10000 (5.3 min) [ONLINE] | Pickups: 19 | Deposits: 18 | Rate: 3.38 tags/min | phero=12
======================================================================
R1[EXPLORE     ]: carry=0 | gave_up=0
R2[BASE_ESC    ]: carry=0 | gave_up=0
R3[RTB         ]: carry=1 | gave_up=0
R4[EXPLORE     ]: carry=0 | gave_up=0

[PICKUP] Robot 1 picked up tag (density=6) | Total: 20
[PICKUP] Robot 2 picked up tag (density=1) | Total: 21
[GIVE-UP] R4 giving up after 2141 steps
[DEPOSIT] Robot 2 deposited! Total: 19
  [TARGET] Robot 2 → SITE (0.19,0.43)
[DEPOSIT] Robot 3 deposited! Total: 20
  [TARGET] Robot 3 → SITE (1.24,0.21)
[EMPTY_RTN] R4 → phero(0.07,0.47)

======================================================================
Step 10500 (5.6 min) [ONLINE] | Pickups: 21 | Deposits: 20 | Rate: 3.57 tags/min | phero=10
======================================================================
R1[RTB         ]: carry=1 | gave_up=0
R2[EXPLORE     ]: carry=0 | gave_up=0
R3[SITE        ]: carry=0 | gave_up=0
R4[BASE_ESC    ]: carry=0 | gave_up=0

[DEPOSIT] Robot 1 deposited! Total: 21
  [TARGET] Robot 1 → SITE (-2.12,0.03)

======================================================================
Step 11000 (5.9 min) [ONLINE] | Pickups: 21 | Deposits: 21 | Rate: 3.58 tags/min | phero=10
======================================================================
R1[SITE        ]: carry=0 | gave_up=0
R2[WALL_ESC    ]: carry=0 | gave_up=0
R3[EXPLORE     ]: carry=0 | gave_up=0
R4[EXPLORE     ]: carry=0 | gave_up=0

[PICKUP] Robot 1 picked up tag (density=5) | Total: 22

======================================================================
Step 11500 (6.1 min) [ONLINE] | Pickups: 22 | Deposits: 21 | Rate: 3.42 tags/min | phero=9
======================================================================
R1[RTB         ]: carry=1 | gave_up=0
R2[EXPLORE     ]: carry=0 | gave_up=0
R3[EXPLORE     ]: carry=0 | gave_up=0
R4[WALL_ESC    ]: carry=0 | gave_up=0

[PICKUP] Robot 3 picked up tag (density=16) | Total: 23
[DEPOSIT] Robot 1 deposited! Total: 22
  [TARGET] Robot 1 → SITE (-1.98,0.40)

======================================================================
Step 12000 (6.4 min) [ONLINE] | Pickups: 23 | Deposits: 22 | Rate: 3.44 tags/min | phero=8
======================================================================
R1[BASE_ESC    ]: carry=0 | gave_up=0
R2[EXPLORE     ]: carry=0 | gave_up=0
R3[RTB         ]: carry=1 | gave_up=0
R4[EXPLORE     ]: carry=0 | gave_up=0

[DEPOSIT] Robot 3 deposited! Total: 23
  [TARGET] Robot 3 → SITE (-0.66,1.69)

======================================================================
Step 12500 (6.7 min) [ONLINE] | Pickups: 23 | Deposits: 23 | Rate: 3.45 tags/min | phero=8
======================================================================
R1[SITE        ]: carry=0 | gave_up=0
R2[EXPLORE     ]: carry=0 | gave_up=0
R3[SITE        ]: carry=0 | gave_up=0
R4[EXPLORE     ]: carry=0 | gave_up=0

[PICKUP] Robot 1 picked up tag (density=4) | Total: 24
[PICKUP] Robot 2 picked up tag (density=11) | Total: 25

======================================================================
Step 13000 (6.9 min) [ONLINE] | Pickups: 25 | Deposits: 23 | Rate: 3.32 tags/min | phero=6
======================================================================
R1[RTB         ]: carry=1 | gave_up=0
R2[RTB         ]: carry=1 | gave_up=0
R3[EXPLORE     ]: carry=0 | gave_up=0
R4[EXPLORE     ]: carry=0 | gave_up=0

[DEPOSIT] Robot 2 deposited! Total: 24
  [TARGET] Robot 2 → SITE (-0.85,-1.25)
[DEPOSIT] Robot 1 deposited! Total: 25
  [TARGET] Robot 1 → PHERO (-2.14,0.16)
[PICKUP] Robot 2 picked up tag (density=10) | Total: 26

======================================================================
Step 13500 (7.2 min) [ONLINE] | Pickups: 26 | Deposits: 25 | Rate: 3.47 tags/min | phero=8
======================================================================
R1[PHERO       ]: carry=0 | gave_up=0
R2[RTB         ]: carry=1 | gave_up=0
R3[EXPLORE     ]: carry=0 | gave_up=0
R4[EXPLORE     ]: carry=0 | gave_up=0

[DEPOSIT] Robot 2 deposited! Total: 26
  [TARGET] Robot 2 → SITE (-0.46,-0.91)
[PICKUP] Robot 3 picked up tag (density=15) | Total: 27

======================================================================
Step 14000 (7.5 min) [ONLINE] | Pickups: 27 | Deposits: 26 | Rate: 3.48 tags/min | phero=7
======================================================================
R1[PHERO       ]: carry=0 | gave_up=0
R2[SITE        ]: carry=0 | gave_up=0
R3[RTB         ]: carry=1 | gave_up=0
R4[EXPLORE     ]: carry=0 | gave_up=0

[PICKUP] Robot 2 picked up tag (density=9) | Total: 28
[DEPOSIT] Robot 3 deposited! Total: 27
  [TARGET] Robot 3 → SITE (-1.13,1.71)
[DEPOSIT] Robot 2 deposited! Total: 28
  [TARGET] Robot 2 → SITE (-0.63,-0.86)

======================================================================
Step 14500 (7.7 min) [ONLINE] | Pickups: 28 | Deposits: 28 | Rate: 3.62 tags/min | phero=9
======================================================================
R1[WALL_ESC    ]: carry=0 | gave_up=0
R2[SITE        ]: carry=0 | gave_up=0
R3[SITE        ]: carry=0 | gave_up=0
R4[EXPLORE     ]: carry=0 | gave_up=0

[PICKUP] Robot 2 picked up tag (density=8) | Total: 29
[PICKUP] Robot 3 picked up tag (density=14) | Total: 30
[DEPOSIT] Robot 2 deposited! Total: 29
  [TARGET] Robot 2 → SITE (-0.66,-0.88)

======================================================================
Step 15000 (8.0 min) [ONLINE] | Pickups: 30 | Deposits: 29 | Rate: 3.62 tags/min | phero=7
======================================================================
R1[PHERO       ]: carry=0 | gave_up=0
R2[BASE_ESC    ]: carry=0 | gave_up=0
R3[RTB         ]: carry=1 | gave_up=0
R4[EXPLORE     ]: carry=0 | gave_up=0

[PICKUP] Robot 4 picked up tag (density=3) | Total: 31
[PICKUP] Robot 2 picked up tag (density=7) | Total: 32
[DEPOSIT] Robot 3 deposited! Total: 30
  [TARGET] Robot 3 → SITE (-0.94,1.64)

======================================================================
Step 15500 (8.3 min) [ONLINE] | Pickups: 32 | Deposits: 30 | Rate: 3.63 tags/min | phero=8
======================================================================
R1[PHERO       ]: carry=0 | gave_up=0
R2[RTB         ]: carry=1 | gave_up=0
R3[BASE_ESC    ]: carry=0 | gave_up=0
R4[RTB         ]: carry=1 | gave_up=0

[DEPOSIT] Robot 4 deposited! Total: 31
  [TARGET] Robot 4 → SITE (1.32,-0.15)
[DEPOSIT] Robot 2 deposited! Total: 32
  [TARGET] Robot 2 → SITE (-0.63,-0.94)
[PICKUP] Robot 1 picked up tag (density=3) | Total: 33

======================================================================
Step 16000 (8.5 min) [ONLINE] | Pickups: 33 | Deposits: 32 | Rate: 3.75 tags/min | phero=10
======================================================================
R1[RTB         ]: carry=1 | gave_up=0
R2[SITE        ]: carry=0 | gave_up=0
R3[SITE        ]: carry=0 | gave_up=0
R4[SITE        ]: carry=0 | gave_up=0

[PICKUP] Robot 2 picked up tag (density=6) | Total: 34
[PICKUP] Robot 3 picked up tag (density=13) | Total: 35
[GIVE-UP] R4 giving up after 705 steps
[DEPOSIT] Robot 1 deposited! Total: 33
  [TARGET] Robot 1 → SITE (-1.81,-0.01)
[DEPOSIT] Robot 2 deposited! Total: 34
  [TARGET] Robot 2 → SITE (-0.65,-0.96)

======================================================================
Step 16500 (8.8 min) [ONLINE] | Pickups: 35 | Deposits: 34 | Rate: 3.86 tags/min | phero=10
======================================================================
R1[SITE        ]: carry=0 | gave_up=0
R2[BASE_ESC    ]: carry=0 | gave_up=0
R3[RTB         ]: carry=1 | gave_up=0
R4[GIVE_UP     ]: carry=0 | gave_up=1

[PICKUP] Robot 4 picked up tag (density=2) | Total: 36
[DEPOSIT] Robot 3 deposited! Total: 35
  [TARGET] Robot 3 → SITE (-1.04,1.72)
[PICKUP] Robot 2 picked up tag (density=5) | Total: 37
[DEPOSIT] Robot 4 deposited! Total: 36
  [TARGET] Robot 4 → SITE (1.52,-0.02)

======================================================================
Step 17000 (9.1 min) [ONLINE] | Pickups: 37 | Deposits: 36 | Rate: 3.97 tags/min | phero=10
======================================================================
R1[EXPLORE     ]: carry=0 | gave_up=0
R2[RTB         ]: carry=1 | gave_up=0
R3[SITE        ]: carry=0 | gave_up=0
R4[BASE_ESC    ]: carry=0 | gave_up=0

[PICKUP] Robot 1 picked up tag (density=2) | Total: 38
[DEPOSIT] Robot 2 deposited! Total: 37
  [TARGET] Robot 2 → SITE (-0.64,-0.96)
[PICKUP] Robot 4 picked up tag (density=1) | Total: 39
[DEPOSIT] Robot 1 deposited! Total: 38
  [TARGET] Robot 1 → SITE (-1.82,0.06)

======================================================================
Step 17500 (9.3 min) [ONLINE] | Pickups: 39 | Deposits: 38 | Rate: 4.07 tags/min | phero=9
======================================================================
R1[BASE_ESC    ]: carry=0 | gave_up=0
R2[EXPLORE     ]: carry=0 | gave_up=0
R3[SITE        ]: carry=0 | gave_up=0
R4[RTB         ]: carry=1 | gave_up=0

[PICKUP] Robot 2 picked up tag (density=4) | Total: 40
[DEPOSIT] Robot 4 deposited! Total: 39
  [TARGET] Robot 4 → SITE (1.32,-0.06)
[DEPOSIT] Robot 2 deposited! Total: 40
  [TARGET] Robot 2 → SITE (-0.67,-1.02)
[PICKUP] Robot 3 picked up tag (density=12) | Total: 41

======================================================================
Step 18000 (9.6 min) [ONLINE] | Pickups: 41 | Deposits: 40 | Rate: 4.17 tags/min | phero=9
======================================================================
R1[SITE        ]: carry=0 | gave_up=0
R2[SITE        ]: carry=0 | gave_up=0
R3[RTB         ]: carry=1 | gave_up=0
R4[SITE        ]: carry=0 | gave_up=0

[PICKUP] Robot 1 picked up tag (density=1) | Total: 42
[PICKUP] Robot 2 picked up tag (density=3) | Total: 43
[DEPOSIT] Robot 3 deposited! Total: 41
  [TARGET] Robot 3 → SITE (-1.00,1.74)

======================================================================
Step 18500 (9.9 min) [ONLINE] | Pickups: 43 | Deposits: 41 | Rate: 4.16 tags/min | phero=10
======================================================================
R1[RTB         ]: carry=1 | gave_up=0
R2[RTB         ]: carry=1 | gave_up=0
R3[BASE_ESC    ]: carry=0 | gave_up=0
R4[WALL_ESC    ]: carry=0 | gave_up=0

[DEPOSIT] Robot 1 deposited! Total: 42
  [TARGET] Robot 1 → PHERO (-1.00,1.74)
[DEPOSIT] Robot 2 deposited! Total: 43
  [TARGET] Robot 2 → SITE (-0.69,-1.07)
TIMEOUT_RESULT pickups=43 deposits=43 steps=18750 elapsed_min=10.000000 disconnect_start=1.0 disconnect_duration=2.0
BATCH_RESULT pickups=43 deposits=43
