=================================================================
CPFA BASELINE — ARGoS-calibrated parameters
  Params file                  = /home/sara/Documents/RL-FL-Foraging/cpfa_tuning_20260715_155549/trial_047/params.yaml
  Results file                 = /home/sara/Documents/RL-FL-Foraging/controllers/cpfa_baseline/results/cpfa_baseline_results_20260715_180420.txt
  RateOfLayingPheromone        = 10.449908237392405
  RateOfSiteFidelity           = 2.6002112935128543
  RateOfPheromoneDecay         = 0.11320120964482894 /s  (lifetime ~61s)
  ProbabilityOfReturningToNest = 0.08374147759749855 (every 5 sec → E[give-up] ~60s)
  UninformedSearchVariation    = 0.26 rad (14.7°)
  RateOfInformedSearchDecay    = 1.3157721091223131 /waypoint
  ProbabilityOfSwitchingToSearching = 0.5692436196125751 (every 5 sec in uninformed DEPARTING)
=================================================================

[PICKUP] R4 picked up tag (density=6) | Total: 1
[PICKUP] R1 picked up tag (density=9) | Total: 2
[DEPOSIT] R1 deposited! Total: 1
  [TARGET] R1 → SITE (-0.34, 0.06)
[DEPOSIT] R4 deposited! Total: 2
  [TARGET] R4 → SITE (0.00, -0.50)
[PICKUP] R2 picked up tag (density=8) | Total: 3
[PICKUP] R1 picked up tag (density=7) | Total: 4
[PICKUP] R4 picked up tag (density=5) | Total: 5

======================================================================
Step 500 (0.3 min) | Pickups: 5 | Deposits: 2 | Rate: 7.50 tags/min | phero_entries=0 max_w=0.000
======================================================================
R1[SURVEY    ]: carry=1 | base=0.38 | wall=2.13 | search=  0 | target=none
R2[SURVEY    ]: carry=1 | base=0.44 | wall=2.14 | search=  0 | target=none
R3[DEPART    ]: carry=0 | base=2.10 | wall=0.54 | search=  0 | target=none
R4[SURVEY    ]: carry=1 | base=0.36 | wall=2.17 | search=  0 | target=none

[DEPOSIT] R2 deposited! Total: 3
  [PHERO] Laid at (-0.25, 0.36) density=8 prob=0.28 entries=1
  [TARGET] R2 → SITE (-0.25, 0.36)
[DEPOSIT] R1 deposited! Total: 4
  [TARGET] R1 → SITE (-0.37, 0.10)
[DEPOSIT] R4 deposited! Total: 5
  [TARGET] R4 → SITE (0.13, -0.33)
[PICKUP] R1 picked up tag (density=6) | Total: 6
[PICKUP] R4 picked up tag (density=4) | Total: 7

======================================================================
Step 1000 (0.5 min) | Pickups: 7 | Deposits: 5 | Rate: 9.38 tags/min | phero_entries=1 max_w=0.331
======================================================================
R1[SURVEY    ]: carry=1 | base=0.34 | wall=2.20 | search=  0 | target=none
R2[SEARCH    ]: carry=0 | base=0.41 | wall=2.18 | search=101 | target=site(-0.25,0.36)
R3[SEARCH    ]: carry=0 | base=2.20 | wall=0.84 | search=141 | target=none
R4[SURVEY    ]: carry=1 | base=0.37 | wall=2.17 | search=  0 | target=none

  [GIVE-UP] R2 returned empty after 156 searching steps
  [TARGET] R2 → PHERO (-0.25, 0.36)
[DEPOSIT] R1 deposited! Total: 6
  [TARGET] R1 → SITE (-0.31, 0.16)
[DEPOSIT] R4 deposited! Total: 7
  [TARGET] R4 → SITE (0.17, -0.33)

======================================================================
Step 1500 (0.8 min) | Pickups: 7 | Deposits: 7 | Rate: 8.75 tags/min | phero_entries=1 max_w=0.054
======================================================================
R1[SEARCH    ]: carry=0 | base=0.33 | wall=2.21 | search= 98 | target=site(-0.31,0.16)
R2[SEARCH    ]: carry=0 | base=0.33 | wall=2.18 | search=241 | target=phero(-0.25,0.36)
R3[SEARCH    ]: carry=0 | base=2.17 | wall=0.37 | search=641 | target=none
R4[SITE      ]: carry=0 | base=0.34 | wall=2.24 | search=  0 | target=site(0.17,-0.33)

[PICKUP] R4 picked up tag (density=3) | Total: 8
[DEPOSIT] R4 deposited! Total: 8
  [TARGET] R4 → SITE (0.18, -0.36)

======================================================================
Step 2000 (1.1 min) | Pickups: 8 | Deposits: 8 | Rate: 7.50 tags/min | phero_entries=1 max_w=0.009
======================================================================
R1[SEARCH    ]: carry=0 | base=1.33 | wall=1.40 | search=598 | target=site(-0.31,0.16)
R2[SEARCH    ]: carry=0 | base=1.61 | wall=0.96 | search=741 | target=phero(-0.25,0.36)
R3[GIVE_UP   ]: carry=0 | base=1.46 | wall=1.08 | search=936 | target=none
R4[BASE_ESC  ]: carry=0 | base=0.24 | wall=2.30 | search=  0 | target=site(0.18,-0.36)

[PICKUP] R2 picked up tag (density=9) | Total: 9
[PICKUP] R3 picked up tag (density=5) | Total: 10
[PICKUP] R4 picked up tag (density=2) | Total: 11
[DEPOSIT] R3 deposited! Total: 9
  [TARGET] R3 → SITE (-0.70, 0.16)

======================================================================
Step 2500 (1.3 min) | Pickups: 11 | Deposits: 9 | Rate: 6.75 tags/min | phero_entries=1 max_w=0.001
======================================================================
R1[SEARCH    ]: carry=0 | base=2.12 | wall=0.38 | search=1098 | target=site(-0.31,0.16)
R2[RTB       ]: carry=1 | base=1.16 | wall=1.37 | search=  0 | target=none
R3[BASE_ESC  ]: carry=0 | base=0.23 | wall=2.28 | search=  0 | target=site(-0.70,0.16)
R4[RTB       ]: carry=1 | base=0.28 | wall=2.29 | search=  0 | target=none

[DEPOSIT] R4 deposited! Total: 10
  [TARGET] R4 → SITE (0.21, -0.41)
[PICKUP] R3 picked up tag (density=4) | Total: 12
[DEPOSIT] R2 deposited! Total: 11
  [PHERO] Laid at (1.75, 0.48) density=9 prob=0.40 entries=1
  [TARGET] R2 → SITE (1.75, 0.48)
[PICKUP] R4 picked up tag (density=1) | Total: 13
[DEPOSIT] R3 deposited! Total: 12
  [TARGET] R3 → SITE (-0.37, 0.18)

======================================================================
Step 3000 (1.6 min) | Pickups: 13 | Deposits: 12 | Rate: 7.50 tags/min | phero_entries=1 max_w=0.384
======================================================================
R1[WALL_ESC  ]: carry=0 | base=2.17 | wall=0.34 | search=1598 | target=site(-0.31,0.16)
R2[SITE      ]: carry=0 | base=0.81 | wall=1.74 | search=  0 | target=site(1.75,0.48)
R3[BASE_ESC  ]: carry=0 | base=0.22 | wall=2.32 | search=  0 | target=site(-0.37,0.18)
R4[RTB       ]: carry=1 | base=0.48 | wall=2.10 | search=  0 | target=none

[DEPOSIT] R4 deposited! Total: 13
  [TARGET] R4 → SITE (0.25, -0.41)

======================================================================
Step 3500 (1.9 min) | Pickups: 13 | Deposits: 13 | Rate: 6.96 tags/min | phero_entries=1 max_w=0.063
======================================================================
R1[WALL_ESC  ]: carry=0 | base=2.18 | wall=0.33 | search=2098 | target=site(-0.31,0.16)
R2[SEARCH    ]: carry=0 | base=1.57 | wall=1.13 | search=250 | target=site(1.75,0.48)
R3[SEARCH    ]: carry=0 | base=0.66 | wall=1.85 | search=353 | target=site(-0.37,0.18)
R4[SEARCH    ]: carry=0 | base=0.49 | wall=2.14 | search=177 | target=site(0.25,-0.41)

  [GIVE-UP] R2 returned empty after 468 searching steps
  [TARGET] R2 → PHERO (1.75, 0.48)
[PICKUP] R3 picked up tag (density=16) | Total: 14

======================================================================
Step 4000 (2.1 min) | Pickups: 14 | Deposits: 13 | Rate: 6.09 tags/min | phero_entries=1 max_w=0.010
======================================================================
R1[WALL_ESC  ]: carry=0 | base=2.17 | wall=0.34 | search=2598 | target=site(-0.31,0.16)
R2[PHERO     ]: carry=0 | base=0.27 | wall=2.24 | search=  0 | target=phero(1.75,0.48)
R3[SURVEY    ]: carry=1 | base=1.89 | wall=0.62 | search=  0 | target=none
R4[SEARCH    ]: carry=0 | base=0.97 | wall=1.54 | search=677 | target=site(0.25,-0.41)


======================================================================
Step 4500 (2.4 min) | Pickups: 14 | Deposits: 13 | Rate: 5.42 tags/min | phero_entries=1 max_w=0.002
======================================================================
R1[WALL_ESC  ]: carry=0 | base=2.17 | wall=0.34 | search=3098 | target=site(-0.31,0.16)
R2[SEARCH    ]: carry=0 | base=1.78 | wall=0.80 | search=108 | target=phero(1.75,0.48)
R3[RTB       ]: carry=1 | base=0.85 | wall=1.66 | search=  0 | target=none
R4[SEARCH    ]: carry=0 | base=1.34 | wall=1.43 | search=1177 | target=site(0.25,-0.41)

[DEPOSIT] R3 deposited! Total: 14
  [PHERO] Laid at (0.23, 1.88) density=16 prob=0.96 entries=1
  [TARGET] R3 → SITE (0.23, 1.88)

======================================================================
Step 5000 (2.7 min) | Pickups: 14 | Deposits: 14 | Rate: 5.25 tags/min | phero_entries=1 max_w=0.289
======================================================================
R1[WALL_ESC  ]: carry=0 | base=2.17 | wall=0.34 | search=3598 | target=site(-0.31,0.16)
R2[GIVE_UP   ]: carry=0 | base=0.79 | wall=1.71 | search=312 | target=none
R3[SITE      ]: carry=0 | base=1.09 | wall=1.43 | search=  0 | target=site(0.23,1.88)
R4[SEARCH    ]: carry=0 | base=1.34 | wall=1.24 | search=1677 | target=site(0.25,-0.41)

  [GIVE-UP] R2 returned empty after 312 searching steps
  [TARGET] R2 → PHERO (0.23, 1.88)
[PICKUP] R3 picked up tag (density=15) | Total: 15

======================================================================
Step 5500 (2.9 min) | Pickups: 15 | Deposits: 14 | Rate: 4.77 tags/min | phero_entries=1 max_w=0.047
======================================================================
R1[WALL_ESC  ]: carry=0 | base=2.17 | wall=0.34 | search=4098 | target=site(-0.31,0.16)
R2[PHERO     ]: carry=0 | base=0.97 | wall=1.57 | search=  0 | target=phero(0.23,1.88)
R3[SURVEY    ]: carry=1 | base=2.14 | wall=0.37 | search=  0 | target=none
R4[SEARCH    ]: carry=0 | base=1.98 | wall=0.97 | search=2177 | target=site(0.25,-0.41)


======================================================================
Step 6000 (3.2 min) | Pickups: 15 | Deposits: 14 | Rate: 4.38 tags/min | phero_entries=1 max_w=0.008
======================================================================
R1[WALL_ESC  ]: carry=0 | base=2.16 | wall=0.35 | search=4598 | target=site(-0.31,0.16)
R2[SEARCH    ]: carry=0 | base=1.81 | wall=0.73 | search=266 | target=phero(0.23,1.88)
R3[RTB       ]: carry=1 | base=0.83 | wall=1.68 | search=  0 | target=none
R4[WALL_ESC  ]: carry=0 | base=2.36 | wall=0.34 | search=2677 | target=site(0.25,-0.41)

[DEPOSIT] R3 deposited! Total: 15
  [PHERO] Laid at (0.27, 2.13) density=15 prob=0.93 entries=2
  [TARGET] R3 → SITE (0.27, 2.13)

======================================================================
Step 6500 (3.5 min) | Pickups: 15 | Deposits: 15 | Rate: 4.33 tags/min | phero_entries=2 max_w=0.282
======================================================================
R1[SEARCH    ]: carry=0 | base=2.16 | wall=0.35 | search=5098 | target=site(-0.31,0.16)
R2[WALL_ESC  ]: carry=0 | base=2.23 | wall=0.33 | search=766 | target=phero(0.23,1.88)
R3[SITE      ]: carry=0 | base=1.11 | wall=1.41 | search=  0 | target=site(0.27,2.13)
R4[WALL_ESC  ]: carry=0 | base=2.36 | wall=0.34 | search=3177 | target=site(0.25,-0.41)

[PICKUP] R3 picked up tag (density=14) | Total: 16

======================================================================
Step 7000 (3.7 min) | Pickups: 16 | Deposits: 15 | Rate: 4.02 tags/min | phero_entries=1 max_w=0.046
======================================================================
R1[SEARCH    ]: carry=0 | base=2.15 | wall=0.36 | search=5598 | target=site(-0.31,0.16)
R2[WALL_ESC  ]: carry=0 | base=2.23 | wall=0.34 | search=1266 | target=phero(0.23,1.88)
R3[RTB       ]: carry=1 | base=1.93 | wall=0.60 | search=  0 | target=none
R4[SEARCH    ]: carry=0 | base=2.34 | wall=0.35 | search=3677 | target=site(0.25,-0.41)

[DEPOSIT] R3 deposited! Total: 16
  [PHERO] Laid at (0.26, 2.02) density=14 prob=0.89 entries=2
  [TARGET] R3 → SITE (0.26, 2.02)

======================================================================
Step 7500 (4.0 min) | Pickups: 16 | Deposits: 16 | Rate: 4.00 tags/min | phero_entries=2 max_w=0.802
======================================================================
R1[SEARCH    ]: carry=0 | base=2.15 | wall=0.36 | search=6098 | target=site(-0.31,0.16)
R2[WALL_ESC  ]: carry=0 | base=2.22 | wall=0.34 | search=1766 | target=phero(0.23,1.88)
R3[BASE_ESC  ]: carry=0 | base=0.22 | wall=2.28 | search=  0 | target=site(0.26,2.02)
R4[SEARCH    ]: carry=0 | base=2.34 | wall=0.36 | search=4177 | target=site(0.25,-0.41)


======================================================================
Step 8000 (4.3 min) | Pickups: 16 | Deposits: 16 | Rate: 3.75 tags/min | phero_entries=2 max_w=0.131
======================================================================
R1[SEARCH    ]: carry=0 | base=2.13 | wall=0.37 | search=6598 | target=site(-0.31,0.16)
R2[SEARCH    ]: carry=0 | base=2.21 | wall=0.36 | search=2266 | target=phero(0.23,1.88)
R3[SITE      ]: carry=0 | base=1.93 | wall=0.58 | search=  0 | target=site(0.26,2.02)
R4[SEARCH    ]: carry=0 | base=2.34 | wall=0.36 | search=4677 | target=site(0.25,-0.41)

[PICKUP] R3 picked up tag (density=13) | Total: 17

======================================================================
Step 8500 (4.5 min) | Pickups: 17 | Deposits: 16 | Rate: 3.53 tags/min | phero_entries=1 max_w=0.021
======================================================================
R1[SEARCH    ]: carry=0 | base=2.13 | wall=0.38 | search=7098 | target=site(-0.31,0.16)
R2[SEARCH    ]: carry=0 | base=2.21 | wall=0.36 | search=2766 | target=phero(0.23,1.88)
R3[RTB       ]: carry=1 | base=1.71 | wall=0.80 | search=  0 | target=none
R4[WALL_ESC  ]: carry=0 | base=2.41 | wall=0.32 | search=5177 | target=site(0.25,-0.41)

[DEPOSIT] R3 deposited! Total: 17
  [TARGET] R3 → SITE (0.18, 2.03)

======================================================================
Step 9000 (4.8 min) | Pickups: 17 | Deposits: 17 | Rate: 3.54 tags/min | phero_entries=1 max_w=0.004
======================================================================
R1[SEARCH    ]: carry=0 | base=2.12 | wall=0.38 | search=7598 | target=site(-0.31,0.16)
R2[SEARCH    ]: carry=0 | base=2.20 | wall=0.36 | search=3266 | target=phero(0.23,1.88)
R3[SITE      ]: carry=0 | base=0.27 | wall=2.25 | search=  0 | target=site(0.18,2.03)
R4[SEARCH    ]: carry=0 | base=2.32 | wall=0.40 | search=5677 | target=site(0.25,-0.41)

[PICKUP] R3 picked up tag (density=12) | Total: 18

======================================================================
Step 9500 (5.1 min) | Pickups: 18 | Deposits: 17 | Rate: 3.36 tags/min | phero_entries=0 max_w=0.000
======================================================================
R1[SEARCH    ]: carry=0 | base=2.12 | wall=0.39 | search=8098 | target=site(-0.31,0.16)
R2[SEARCH    ]: carry=0 | base=2.20 | wall=0.37 | search=3766 | target=phero(0.23,1.88)
R3[SURVEY    ]: carry=1 | base=1.95 | wall=0.55 | search=  0 | target=none
R4[WALL_ESC  ]: carry=0 | base=2.37 | wall=0.34 | search=6177 | target=site(0.25,-0.41)


======================================================================
Step 10000 (5.3 min) | Pickups: 18 | Deposits: 17 | Rate: 3.19 tags/min | phero_entries=0 max_w=0.000
======================================================================
R1[SEARCH    ]: carry=0 | base=2.12 | wall=0.39 | search=8598 | target=site(-0.31,0.16)
R2[SEARCH    ]: carry=0 | base=2.19 | wall=0.38 | search=4266 | target=phero(0.23,1.88)
R3[RTB       ]: carry=1 | base=0.73 | wall=1.78 | search=  0 | target=none
R4[WALL_ESC  ]: carry=0 | base=2.41 | wall=0.33 | search=6677 | target=site(0.25,-0.41)

[DEPOSIT] R3 deposited! Total: 18
  [PHERO] Laid at (0.18, 1.94) density=12 prob=0.75 entries=1
  [TARGET] R3 → SITE (0.18, 1.94)

======================================================================
Step 10500 (5.6 min) | Pickups: 18 | Deposits: 18 | Rate: 3.21 tags/min | phero_entries=1 max_w=0.258
======================================================================
R1[SEARCH    ]: carry=0 | base=2.12 | wall=0.39 | search=9098 | target=site(-0.31,0.16)
R2[GIVE_UP   ]: carry=0 | base=2.04 | wall=0.53 | search=4680 | target=none
R3[SITE      ]: carry=0 | base=1.22 | wall=1.28 | search=  0 | target=site(0.18,1.94)
R4[SEARCH    ]: carry=0 | base=2.32 | wall=0.39 | search=7177 | target=site(0.25,-0.41)

  [GIVE-UP] R2 returned empty after 4680 searching steps
  [TARGET] R2 → PHERO (0.18, 1.94)

======================================================================
Step 11000 (5.9 min) | Pickups: 18 | Deposits: 18 | Rate: 3.07 tags/min | phero_entries=1 max_w=0.042
======================================================================
R1[SEARCH    ]: carry=0 | base=2.12 | wall=0.39 | search=9598 | target=site(-0.31,0.16)
R2[BASE_ESC  ]: carry=0 | base=0.22 | wall=2.28 | search=  0 | target=phero(0.18,1.94)
R3[SEARCH    ]: carry=0 | base=1.98 | wall=0.57 | search=324 | target=site(0.18,1.94)
R4[WALL_ESC  ]: carry=0 | base=2.40 | wall=0.32 | search=7677 | target=site(0.25,-0.41)


======================================================================
Step 11500 (6.1 min) | Pickups: 18 | Deposits: 18 | Rate: 2.93 tags/min | phero_entries=1 max_w=0.007
======================================================================
R1[SEARCH    ]: carry=0 | base=2.12 | wall=0.39 | search=10098 | target=site(-0.31,0.16)
R2[PHERO     ]: carry=0 | base=1.84 | wall=0.66 | search=  0 | target=phero(0.18,1.94)
R3[SEARCH    ]: carry=0 | base=2.23 | wall=0.38 | search=824 | target=site(0.18,1.94)
R4[WALL_ESC  ]: carry=0 | base=2.40 | wall=0.34 | search=8177 | target=site(0.25,-0.41)

[PICKUP] R2 picked up tag (density=11) | Total: 19

======================================================================
Step 12000 (6.4 min) | Pickups: 19 | Deposits: 18 | Rate: 2.81 tags/min | phero_entries=1 max_w=0.001
======================================================================
R1[SEARCH    ]: carry=0 | base=2.13 | wall=0.38 | search=10598 | target=site(-0.31,0.16)
R2[RTB       ]: carry=1 | base=1.56 | wall=0.95 | search=  0 | target=none
R3[GIVE_UP   ]: carry=0 | base=1.41 | wall=1.15 | search=1092 | target=none
R4[SEARCH    ]: carry=0 | base=2.32 | wall=0.39 | search=8677 | target=site(0.25,-0.41)

  [GIVE-UP] R3 returned empty after 1092 searching steps
  [TARGET] R3 → WALL (-2.42, -1.64)
[DEPOSIT] R2 deposited! Total: 19
  [TARGET] R2 → SITE (0.10, 1.93)

======================================================================
Step 12500 (6.7 min) | Pickups: 19 | Deposits: 19 | Rate: 2.85 tags/min | phero_entries=0 max_w=0.000
======================================================================
R1[SEARCH    ]: carry=0 | base=2.15 | wall=0.37 | search=11098 | target=site(-0.31,0.16)
R2[SITE      ]: carry=0 | base=0.39 | wall=2.12 | search=  0 | target=site(0.10,1.93)
R3[DEPART    ]: carry=0 | base=0.29 | wall=2.24 | search=  0 | target=none
R4[WALL_ESC  ]: carry=0 | base=2.41 | wall=0.31 | search=9177 | target=site(0.25,-0.41)

[PICKUP] R2 picked up tag (density=10) | Total: 20

======================================================================
Step 13000 (6.9 min) | Pickups: 20 | Deposits: 19 | Rate: 2.74 tags/min | phero_entries=0 max_w=0.000
======================================================================
R1[SEARCH    ]: carry=0 | base=2.16 | wall=0.35 | search=11598 | target=site(-0.31,0.16)
R2[SURVEY    ]: carry=1 | base=1.98 | wall=0.52 | search=  0 | target=none
R3[DEPART    ]: carry=0 | base=1.33 | wall=1.31 | search=  0 | target=none
R4[GIVE_UP   ]: carry=0 | base=1.56 | wall=1.14 | search=9360 | target=none

  [GIVE-UP] R4 returned empty after 9360 searching steps
  [TARGET] R4 → WALL (2.42, -2.11)
[PICKUP] R3 picked up tag (density=12) | Total: 21

======================================================================
Step 13500 (7.2 min) | Pickups: 21 | Deposits: 19 | Rate: 2.64 tags/min | phero_entries=0 max_w=0.000
======================================================================
R1[GIVE_UP   ]: carry=0 | base=1.55 | wall=0.95 | search=11856 | target=none
R2[RTB       ]: carry=1 | base=0.92 | wall=1.58 | search=  0 | target=none
R3[SURVEY    ]: carry=1 | base=1.58 | wall=1.30 | search=  0 | target=none
R4[DEPART    ]: carry=0 | base=0.37 | wall=2.13 | search=  0 | target=none

[DEPOSIT] R2 deposited! Total: 20
  [TARGET] R2 → SITE (0.08, 1.98)
[PICKUP] R4 picked up tag (density=12) | Total: 22
  [GIVE-UP] R1 returned empty after 11856 searching steps
  [TARGET] R1 → WALL (-2.42, -0.15)
[DEPOSIT] R3 deposited! Total: 21
  [TARGET] R3 → SITE (-1.20, -1.03)

======================================================================
Step 14000 (7.5 min) | Pickups: 22 | Deposits: 21 | Rate: 2.81 tags/min | phero_entries=0 max_w=0.000
======================================================================
R1[DEPART    ]: carry=0 | base=0.41 | wall=2.10 | search=  0 | target=none
R2[SITE      ]: carry=0 | base=1.01 | wall=1.49 | search=  0 | target=site(0.08,1.98)
R3[BASE_ESC  ]: carry=0 | base=0.21 | wall=2.34 | search=  0 | target=site(-1.20,-1.03)
R4[RTB       ]: carry=1 | base=1.09 | wall=1.50 | search=  0 | target=none

[PICKUP] R3 picked up tag (density=11) | Total: 23
[PICKUP] R2 picked up tag (density=9) | Total: 24
[DEPOSIT] R4 deposited! Total: 22
  [PHERO] Laid at (1.00, -0.42) density=12 prob=0.75 entries=1
  [TARGET] R4 → SITE (1.00, -0.42)

======================================================================
Step 14500 (7.7 min) | Pickups: 24 | Deposits: 22 | Rate: 2.84 tags/min | phero_entries=1 max_w=0.529
======================================================================
R1[SEARCH    ]: carry=0 | base=1.84 | wall=0.67 | search=395 | target=none
R2[SURVEY    ]: carry=1 | base=1.98 | wall=0.52 | search=  0 | target=none
R3[SURVEY    ]: carry=1 | base=1.06 | wall=1.73 | search=  0 | target=none
R4[SITE      ]: carry=0 | base=0.44 | wall=2.06 | search=  0 | target=site(1.00,-0.42)

[PICKUP] R4 picked up tag (density=11) | Total: 25
[DEPOSIT] R3 deposited! Total: 23
  [PHERO] Laid at (-0.77, -0.73) density=11 prob=0.64 entries=2
  [TARGET] R3 → SITE (-0.77, -0.73)

======================================================================
Step 15000 (8.0 min) | Pickups: 25 | Deposits: 23 | Rate: 2.88 tags/min | phero_entries=2 max_w=0.409
======================================================================
R1[GIVE_UP   ]: carry=0 | base=0.40 | wall=2.11 | search=468 | target=none
R2[RTB       ]: carry=1 | base=0.52 | wall=1.98 | search=  0 | target=none
R3[SITE      ]: carry=0 | base=0.71 | wall=1.97 | search=  0 | target=site(-0.77,-0.73)
R4[RTB       ]: carry=1 | base=1.04 | wall=1.50 | search=  0 | target=none

  [GIVE-UP] R1 returned empty after 468 searching steps
  [TARGET] R1 → PHERO (1.00, -0.42)
[DEPOSIT] R2 deposited! Total: 24
  [TARGET] R2 → SITE (0.03, 1.98)
[DEPOSIT] R4 deposited! Total: 25
  [PHERO] Laid at (1.01, -0.39) density=11 prob=0.64 entries=3
  [TARGET] R4 → SITE (1.01, -0.39)
  [GIVE-UP] R3 returned empty after 312 searching steps
  [TARGET] R3 → PHERO (-0.77, -0.73)

======================================================================
Step 15500 (8.3 min) | Pickups: 25 | Deposits: 25 | Rate: 3.02 tags/min | phero_entries=3 max_w=0.355
======================================================================
R1[PHERO     ]: carry=0 | base=0.26 | wall=2.29 | search=  0 | target=phero(1.00,-0.42)
R2[SITE      ]: carry=0 | base=1.43 | wall=1.07 | search=  0 | target=site(0.03,1.98)
R3[BASE_ESC  ]: carry=0 | base=0.23 | wall=2.30 | search=  0 | target=phero(-0.77,-0.73)
R4[SITE      ]: carry=0 | base=0.84 | wall=1.70 | search=  0 | target=site(1.01,-0.39)

[PICKUP] R2 picked up tag (density=8) | Total: 26

======================================================================
Step 16000 (8.5 min) | Pickups: 26 | Deposits: 25 | Rate: 2.93 tags/min | phero_entries=3 max_w=0.058
======================================================================
R1[SEARCH    ]: carry=0 | base=1.07 | wall=1.51 | search= 44 | target=phero(1.00,-0.42)
R2[RTB       ]: carry=1 | base=1.82 | wall=0.68 | search=  0 | target=none
R3[SEARCH    ]: carry=0 | base=0.85 | wall=1.80 | search=178 | target=phero(-0.77,-0.73)
R4[SEARCH    ]: carry=0 | base=1.45 | wall=1.42 | search=449 | target=site(1.01,-0.39)

[DEPOSIT] R2 deposited! Total: 26
  [TARGET] R2 → SITE (0.00, 1.97)

======================================================================
Step 16500 (8.8 min) | Pickups: 26 | Deposits: 26 | Rate: 2.95 tags/min | phero_entries=2 max_w=0.009
======================================================================
R1[SEARCH    ]: carry=0 | base=0.77 | wall=1.73 | search=544 | target=phero(1.00,-0.42)
R2[BASE_ESC  ]: carry=0 | base=0.22 | wall=2.28 | search=  0 | target=site(0.00,1.97)
R3[SEARCH    ]: carry=0 | base=0.60 | wall=1.98 | search=678 | target=phero(-0.77,-0.73)
R4[SEARCH    ]: carry=0 | base=1.48 | wall=1.38 | search=949 | target=site(1.01,-0.39)


======================================================================
Step 17000 (9.1 min) | Pickups: 26 | Deposits: 26 | Rate: 2.87 tags/min | phero_entries=1 max_w=0.002
======================================================================
R1[GIVE_UP   ]: carry=0 | base=0.97 | wall=1.54 | search=780 | target=none
R2[SEARCH    ]: carry=0 | base=1.95 | wall=0.55 | search= 32 | target=site(0.00,1.97)
R3[SEARCH    ]: carry=0 | base=1.32 | wall=1.45 | search=1178 | target=phero(-0.77,-0.73)
R4[WALL_ESC  ]: carry=0 | base=2.44 | wall=0.33 | search=1404 | target=none

[PICKUP] R2 picked up tag (density=7) | Total: 27
  [GIVE-UP] R1 returned empty after 780 searching steps
  [TARGET] R1 → WALL (2.15, 2.42)

======================================================================
Step 17500 (9.3 min) | Pickups: 27 | Deposits: 26 | Rate: 2.79 tags/min | phero_entries=0 max_w=0.000
======================================================================
R1[DEPART    ]: carry=0 | base=0.26 | wall=2.30 | search=  0 | target=none
R2[RTB       ]: carry=1 | base=1.50 | wall=1.01 | search=  0 | target=none
R3[GIVE_UP   ]: carry=0 | base=1.42 | wall=1.19 | search=1560 | target=none
R4[GIVE_UP   ]: carry=0 | base=0.55 | wall=2.00 | search=1404 | target=none

  [GIVE-UP] R4 returned empty after 1404 searching steps
  [TARGET] R4 → WALL (2.42, -1.65)
[PICKUP] R3 picked up tag (density=3) | Total: 28
[DEPOSIT] R2 deposited! Total: 27
  [TARGET] R2 → SITE (0.10, 2.00)
[DEPOSIT] R3 deposited! Total: 28
  [TARGET] R3 → SITE (-0.70, 0.29)

======================================================================
Step 18000 (9.6 min) | Pickups: 28 | Deposits: 28 | Rate: 2.92 tags/min | phero_entries=0 max_w=0.000
======================================================================
R1[SEARCH    ]: carry=0 | base=0.56 | wall=2.06 | search=243 | target=none
R2[SITE      ]: carry=0 | base=0.45 | wall=2.07 | search=  0 | target=site(0.10,2.00)
R3[BASE_ESC  ]: carry=0 | base=0.23 | wall=2.29 | search=  0 | target=site(-0.70,0.29)
R4[DEPART    ]: carry=0 | base=1.43 | wall=1.34 | search=  0 | target=none

[PICKUP] R3 picked up tag (density=2) | Total: 29
  [GIVE-UP] R1 returned empty after 312 searching steps
  [TARGET] R1 → WALL (2.42, 1.89)
[DEPOSIT] R3 deposited! Total: 29
  [TARGET] R3 → SITE (-0.37, 0.25)
[PICKUP] R2 picked up tag (density=6) | Total: 30

======================================================================
Step 18500 (9.9 min) | Pickups: 30 | Deposits: 29 | Rate: 2.94 tags/min | phero_entries=0 max_w=0.000
======================================================================
R1[DEPART    ]: carry=0 | base=0.49 | wall=2.05 | search=  0 | target=none
R2[SURVEY    ]: carry=1 | base=2.03 | wall=0.47 | search=  0 | target=none
R3[BASE_ESC  ]: carry=0 | base=0.22 | wall=2.34 | search=  0 | target=site(-0.37,0.25)
R4[SEARCH    ]: carry=0 | base=2.73 | wall=0.47 | search=341 | target=none

TIMEOUT_RESULT pickups=30 deposits=29 steps=18750 elapsed_min=10.000000
BATCH_RESULT pickups=30 deposits=29
