=================================================================
CPFA BASELINE — ARGoS-calibrated parameters
  Params file                  = /home/sara/Documents/RL-FL-Foraging/cpfa_tuning_20260715_155549/trial_047/params.yaml
  Results file                 = /home/sara/Documents/RL-FL-Foraging/controllers/cpfa_baseline/results/cpfa_baseline_results_20260715_180407_8.txt
  RateOfLayingPheromone        = 10.449908237392405
  RateOfSiteFidelity           = 2.6002112935128543
  RateOfPheromoneDecay         = 0.11320120964482894 /s  (lifetime ~61s)
  ProbabilityOfReturningToNest = 0.08374147759749855 (every 5 sec → E[give-up] ~60s)
  UninformedSearchVariation    = 0.26 rad (14.7°)
  RateOfInformedSearchDecay    = 1.3157721091223131 /waypoint
  ProbabilityOfSwitchingToSearching = 0.5692436196125751 (every 5 sec in uninformed DEPARTING)
=================================================================

[PICKUP] R2 picked up tag (density=6) | Total: 1
[PICKUP] R4 picked up tag (density=9) | Total: 2
[DEPOSIT] R4 deposited! Total: 1
  [TARGET] R4 → SITE (0.00, -0.50)
[DEPOSIT] R2 deposited! Total: 2
  [TARGET] R2 → SITE (0.50, 0.00)
[PICKUP] R4 picked up tag (density=10) | Total: 3

======================================================================
Step 500 (0.3 min) | Pickups: 3 | Deposits: 2 | Rate: 7.50 tags/min | phero_entries=0 max_w=0.000
======================================================================
R1[SEARCH    ]: carry=0 | base=1.61 | wall=0.96 | search= 32 | target=none
R2[SITE      ]: carry=0 | base=0.28 | wall=2.25 | search=  0 | target=site(0.50,0.00)
R3[SEARCH    ]: carry=0 | base=1.77 | wall=0.73 | search=344 | target=none
R4[SURVEY    ]: carry=1 | base=0.35 | wall=2.18 | search=  0 | target=none

[PICKUP] R3 picked up tag (density=9) | Total: 4
[PICKUP] R2 picked up tag (density=8) | Total: 5
[DEPOSIT] R4 deposited! Total: 3
  [PHERO] Laid at (0.13, -0.32) density=10 prob=0.53 entries=1
  [TARGET] R4 → SITE (0.13, -0.32)
[DEPOSIT] R2 deposited! Total: 4
  [PHERO] Laid at (0.37, -0.12) density=8 prob=0.28 entries=2
  [TARGET] R2 → SITE (0.37, -0.12)
[PICKUP] R4 picked up tag (density=9) | Total: 6

======================================================================
Step 1000 (0.5 min) | Pickups: 6 | Deposits: 4 | Rate: 7.50 tags/min | phero_entries=2 max_w=0.652
======================================================================
R1[SEARCH    ]: carry=0 | base=2.42 | wall=0.35 | search=532 | target=none
R2[SITE      ]: carry=0 | base=0.27 | wall=2.24 | search=  0 | target=site(0.37,-0.12)
R3[RTB       ]: carry=1 | base=0.95 | wall=1.55 | search=  0 | target=none
R4[SURVEY    ]: carry=1 | base=0.36 | wall=2.18 | search=  0 | target=none

[DEPOSIT] R3 deposited! Total: 5
  [TARGET] R3 → SITE (-0.14, 1.82)
[DEPOSIT] R4 deposited! Total: 6
  [TARGET] R4 → SITE (0.18, -0.32)

======================================================================
Step 1500 (0.8 min) | Pickups: 6 | Deposits: 6 | Rate: 7.50 tags/min | phero_entries=2 max_w=0.107
======================================================================
R1[WALL_ESC  ]: carry=0 | base=2.36 | wall=0.32 | search=1032 | target=none
R2[SEARCH    ]: carry=0 | base=0.40 | wall=2.14 | search=397 | target=site(0.37,-0.12)
R3[SITE      ]: carry=0 | base=0.98 | wall=1.52 | search=  0 | target=site(-0.14,1.82)
R4[SITE      ]: carry=0 | base=0.34 | wall=2.24 | search=  0 | target=site(0.18,-0.32)

[PICKUP] R4 picked up tag (density=7) | Total: 7
[DEPOSIT] R4 deposited! Total: 7
  [TARGET] R4 → SITE (0.21, -0.40)
[PICKUP] R2 picked up tag (density=16) | Total: 8

======================================================================
Step 2000 (1.1 min) | Pickups: 8 | Deposits: 7 | Rate: 6.56 tags/min | phero_entries=2 max_w=0.017
======================================================================
R1[WALL_ESC  ]: carry=0 | base=2.39 | wall=0.33 | search=1532 | target=none
R2[SURVEY    ]: carry=1 | base=1.82 | wall=1.15 | search=  0 | target=none
R3[SEARCH    ]: carry=0 | base=1.43 | wall=1.08 | search=292 | target=site(-0.14,1.82)
R4[BASE_ESC  ]: carry=0 | base=0.22 | wall=2.32 | search=  0 | target=site(0.21,-0.40)


======================================================================
Step 2500 (1.3 min) | Pickups: 8 | Deposits: 7 | Rate: 5.25 tags/min | phero_entries=2 max_w=0.003
======================================================================
R1[GIVE_UP   ]: carry=0 | base=0.62 | wall=1.93 | search=1560 | target=none
R2[RTB       ]: carry=1 | base=0.74 | wall=1.92 | search=  0 | target=none
R3[SEARCH    ]: carry=0 | base=0.73 | wall=1.87 | search=792 | target=site(-0.14,1.82)
R4[BASE_ESC  ]: carry=0 | base=0.25 | wall=2.26 | search=357 | target=site(0.21,-0.40)

  [GIVE-UP] R1 returned empty after 1560 searching steps
  [TARGET] R1 → PHERO (0.37, -0.12)
[DEPOSIT] R2 deposited! Total: 8
  [PHERO] Laid at (1.35, -1.22) density=16 prob=0.96 entries=3
  [TARGET] R2 → SITE (1.35, -1.22)
[PICKUP] R1 picked up tag (density=4) | Total: 9

======================================================================
Step 3000 (1.6 min) | Pickups: 9 | Deposits: 8 | Rate: 5.00 tags/min | phero_entries=1 max_w=0.260
======================================================================
R1[SURVEY    ]: carry=1 | base=0.46 | wall=2.05 | search=  0 | target=none
R2[SITE      ]: carry=0 | base=1.22 | wall=1.62 | search=  0 | target=site(1.35,-1.22)
R3[SEARCH    ]: carry=0 | base=1.77 | wall=0.73 | search=1292 | target=site(-0.14,1.82)
R4[SEARCH    ]: carry=0 | base=1.37 | wall=1.14 | search=857 | target=site(0.21,-0.40)

[PICKUP] R3 picked up tag (density=8) | Total: 10
[DEPOSIT] R1 deposited! Total: 9
  [TARGET] R1 → SITE (0.45, -0.10)

======================================================================
Step 3500 (1.9 min) | Pickups: 10 | Deposits: 9 | Rate: 4.82 tags/min | phero_entries=1 max_w=0.042
======================================================================
R1[SITE      ]: carry=0 | base=0.39 | wall=2.11 | search=  0 | target=site(0.45,-0.10)
R2[SEARCH    ]: carry=0 | base=1.67 | wall=1.07 | search=357 | target=site(1.35,-1.22)
R3[RTB       ]: carry=1 | base=1.21 | wall=1.29 | search=  0 | target=none
R4[GIVE_UP   ]: carry=0 | base=0.82 | wall=1.68 | search=1092 | target=none

  [GIVE-UP] R4 returned empty after 1092 searching steps
  [TARGET] R4 → PHERO (1.35, -1.22)
[PICKUP] R1 picked up tag (density=5) | Total: 11
[DEPOSIT] R3 deposited! Total: 10
  [TARGET] R3 → SITE (-0.17, 1.86)
[PICKUP] R2 picked up tag (density=5) | Total: 12
[PICKUP] R4 picked up tag (density=4) | Total: 13

======================================================================
Step 4000 (2.1 min) | Pickups: 13 | Deposits: 10 | Rate: 4.69 tags/min | phero_entries=1 max_w=0.007
======================================================================
R1[RTB       ]: carry=1 | base=0.51 | wall=2.02 | search=  0 | target=none
R2[SURVEY    ]: carry=1 | base=0.78 | wall=1.76 | search=  0 | target=none
R3[SITE      ]: carry=0 | base=0.73 | wall=1.77 | search=  0 | target=site(-0.17,1.86)
R4[SURVEY    ]: carry=1 | base=0.32 | wall=2.18 | search=  0 | target=none

[DEPOSIT] R1 deposited! Total: 11
  [TARGET] R1 → SITE (0.47, -0.23)
[DEPOSIT] R4 deposited! Total: 12
  [TARGET] R4 → SITE (-0.01, -0.32)
[DEPOSIT] R2 deposited! Total: 13
  [TARGET] R2 → PHERO (1.35, -1.22)
[PICKUP] R3 picked up tag (density=7) | Total: 14
[PICKUP] R1 picked up tag (density=2) | Total: 15
[PICKUP] R2 picked up tag (density=3) | Total: 16
[PICKUP] R4 picked up tag (density=2) | Total: 17

======================================================================
Step 4500 (2.4 min) | Pickups: 17 | Deposits: 13 | Rate: 5.42 tags/min | phero_entries=1 max_w=0.001
======================================================================
R1[SURVEY    ]: carry=1 | base=0.56 | wall=1.97 | search=  0 | target=none
R2[SURVEY    ]: carry=1 | base=0.41 | wall=2.10 | search=  0 | target=none
R3[SURVEY    ]: carry=1 | base=1.85 | wall=0.66 | search=  0 | target=none
R4[SURVEY    ]: carry=1 | base=0.40 | wall=2.10 | search=  0 | target=none

[DEPOSIT] R2 deposited! Total: 14
  [TARGET] R2 → SITE (0.10, -0.39)
[DEPOSIT] R1 deposited! Total: 15
  [TARGET] R1 → WALL (-2.42, -1.83)
[DEPOSIT] R4 deposited! Total: 16
  [TARGET] R4 → SITE (-0.04, -0.40)

======================================================================
Step 5000 (2.7 min) | Pickups: 17 | Deposits: 16 | Rate: 6.00 tags/min | phero_entries=0 max_w=0.000
======================================================================
R1[DEPART    ]: carry=0 | base=0.29 | wall=2.21 | search=  0 | target=none
R2[SEARCH    ]: carry=0 | base=0.41 | wall=2.11 | search= 13 | target=site(0.10,-0.39)
R3[RTB       ]: carry=1 | base=0.53 | wall=1.97 | search=  0 | target=none
R4[SEARCH    ]: carry=0 | base=0.41 | wall=2.09 | search=  6 | target=site(-0.04,-0.40)

[DEPOSIT] R3 deposited! Total: 17
  [TARGET] R3 → SITE (-0.21, 1.84)
[PICKUP] R1 picked up tag (density=1) | Total: 18

======================================================================
Step 5500 (2.9 min) | Pickups: 18 | Deposits: 17 | Rate: 5.80 tags/min | phero_entries=0 max_w=0.000
======================================================================
R1[SURVEY    ]: carry=1 | base=0.60 | wall=1.94 | search=  0 | target=none
R2[SEARCH    ]: carry=0 | base=0.31 | wall=2.19 | search=513 | target=site(0.10,-0.39)
R3[SITE      ]: carry=0 | base=1.42 | wall=1.09 | search=  0 | target=site(-0.21,1.84)
R4[SEARCH    ]: carry=0 | base=0.75 | wall=1.76 | search=506 | target=site(-0.04,-0.40)

[PICKUP] R3 picked up tag (density=6) | Total: 19
[DEPOSIT] R1 deposited! Total: 18
  [TARGET] R1 → SITE (0.23, -0.56)
[PICKUP] R2 picked up tag (density=12) | Total: 20

======================================================================
Step 6000 (3.2 min) | Pickups: 20 | Deposits: 18 | Rate: 5.62 tags/min | phero_entries=0 max_w=0.000
======================================================================
R1[SEARCH    ]: carry=0 | base=0.58 | wall=1.96 | search= 53 | target=site(0.23,-0.56)
R2[RTB       ]: carry=1 | base=1.03 | wall=1.73 | search=  0 | target=none
R3[RTB       ]: carry=1 | base=1.68 | wall=0.83 | search=  0 | target=none
R4[SEARCH    ]: carry=0 | base=2.24 | wall=0.40 | search=1006 | target=site(-0.04,-0.40)

[DEPOSIT] R2 deposited! Total: 19
  [PHERO] Laid at (0.74, 0.69) density=12 prob=0.75 entries=1
  [TARGET] R2 → SITE (0.74, 0.69)
[DEPOSIT] R3 deposited! Total: 20
  [PHERO] Laid at (-0.24, 1.86) density=6 prob=0.10 entries=2
  [TARGET] R3 → SITE (-0.24, 1.86)

======================================================================
Step 6500 (3.5 min) | Pickups: 20 | Deposits: 20 | Rate: 5.77 tags/min | phero_entries=2 max_w=0.631
======================================================================
R1[GIVE_UP   ]: carry=0 | base=1.47 | wall=1.29 | search=468 | target=none
R2[SITE      ]: carry=0 | base=0.73 | wall=1.93 | search=  0 | target=site(0.74,0.69)
R3[SITE      ]: carry=0 | base=0.29 | wall=2.22 | search=  0 | target=site(-0.24,1.86)
R4[SEARCH    ]: carry=0 | base=2.26 | wall=0.38 | search=1506 | target=site(-0.04,-0.40)

  [GIVE-UP] R1 returned empty after 468 searching steps
  [TARGET] R1 → PHERO (0.74, 0.69)
  [GIVE-UP] R2 returned empty after 156 searching steps
  [TARGET] R2 → PHERO (-0.24, 1.86)

======================================================================
Step 7000 (3.7 min) | Pickups: 20 | Deposits: 20 | Rate: 5.36 tags/min | phero_entries=2 max_w=0.103
======================================================================
R1[PHERO     ]: carry=0 | base=0.33 | wall=2.18 | search=  0 | target=phero(0.74,0.69)
R2[BASE_ESC  ]: carry=0 | base=0.24 | wall=2.30 | search=  0 | target=phero(-0.24,1.86)
R3[SEARCH    ]: carry=0 | base=1.85 | wall=0.67 | search= 89 | target=site(-0.24,1.86)
R4[SEARCH    ]: carry=0 | base=2.27 | wall=0.36 | search=2006 | target=site(-0.04,-0.40)

[PICKUP] R1 picked up tag (density=11) | Total: 21

======================================================================
Step 7500 (4.0 min) | Pickups: 21 | Deposits: 20 | Rate: 5.00 tags/min | phero_entries=2 max_w=0.017
======================================================================
R1[SURVEY    ]: carry=1 | base=1.10 | wall=1.62 | search=  0 | target=none
R2[PHERO     ]: carry=0 | base=1.80 | wall=0.72 | search=  0 | target=phero(-0.24,1.86)
R3[WALL_ESC  ]: carry=0 | base=2.18 | wall=0.34 | search=589 | target=site(-0.24,1.86)
R4[WALL_ESC  ]: carry=0 | base=2.28 | wall=0.35 | search=2506 | target=site(-0.04,-0.40)

[PICKUP] R2 picked up tag (density=5) | Total: 22
[DEPOSIT] R1 deposited! Total: 21
  [PHERO] Laid at (0.88, 0.66) density=11 prob=0.64 entries=3
  [TARGET] R1 → SITE (0.88, 0.66)

======================================================================
Step 8000 (4.3 min) | Pickups: 22 | Deposits: 21 | Rate: 4.92 tags/min | phero_entries=3 max_w=0.957
======================================================================
R1[BASE_ESC  ]: carry=0 | base=0.23 | wall=2.30 | search=  0 | target=site(0.88,0.66)
R2[RTB       ]: carry=1 | base=1.36 | wall=1.15 | search=  0 | target=none
R3[GIVE_UP   ]: carry=0 | base=1.84 | wall=0.69 | search=936 | target=none
R4[WALL_ESC  ]: carry=0 | base=2.28 | wall=0.34 | search=3006 | target=site(-0.04,-0.40)

[DEPOSIT] R2 deposited! Total: 22
  [TARGET] R2 → SITE (-0.28, 1.84)
  [GIVE-UP] R3 returned empty after 936 searching steps
  [TARGET] R3 → PHERO (0.88, 0.66)
[PICKUP] R1 picked up tag (density=10) | Total: 23

======================================================================
Step 8500 (4.5 min) | Pickups: 23 | Deposits: 22 | Rate: 4.85 tags/min | phero_entries=1 max_w=0.157
======================================================================
R1[SURVEY    ]: carry=1 | base=1.16 | wall=1.55 | search=  0 | target=none
R2[SITE      ]: carry=0 | base=0.61 | wall=1.92 | search=  0 | target=site(-0.28,1.84)
R3[BASE_ESC  ]: carry=0 | base=0.22 | wall=2.28 | search=  0 | target=phero(0.88,0.66)
R4[GIVE_UP   ]: carry=0 | base=0.78 | wall=1.76 | search=3120 | target=none

  [GIVE-UP] R4 returned empty after 3120 searching steps
  [TARGET] R4 → PHERO (0.88, 0.66)
[PICKUP] R2 picked up tag (density=4) | Total: 24
[DEPOSIT] R1 deposited! Total: 23
  [PHERO] Laid at (0.95, 0.66) density=10 prob=0.53 entries=2
  [TARGET] R1 → SITE (0.95, 0.66)
[PICKUP] R3 picked up tag (density=9) | Total: 25

======================================================================
Step 9000 (4.8 min) | Pickups: 25 | Deposits: 23 | Rate: 4.79 tags/min | phero_entries=2 max_w=0.738
======================================================================
R1[BASE_ESC  ]: carry=0 | base=0.22 | wall=2.29 | search=  0 | target=site(0.95,0.66)
R2[SURVEY    ]: carry=1 | base=1.90 | wall=0.63 | search=  0 | target=none
R3[SURVEY    ]: carry=1 | base=1.25 | wall=1.49 | search=  0 | target=none
R4[PHERO     ]: carry=0 | base=0.78 | wall=1.82 | search=  0 | target=phero(0.88,0.66)

[PICKUP] R4 picked up tag (density=8) | Total: 26
[PICKUP] R1 picked up tag (density=7) | Total: 27

======================================================================
Step 9500 (5.1 min) | Pickups: 27 | Deposits: 23 | Rate: 4.54 tags/min | phero_entries=2 max_w=0.121
======================================================================
R1[SURVEY    ]: carry=1 | base=1.20 | wall=1.57 | search=  0 | target=none
R2[RTB       ]: carry=1 | base=0.55 | wall=1.95 | search=  0 | target=none
R3[RTB       ]: carry=1 | base=0.46 | wall=2.10 | search=  0 | target=none
R4[RTB       ]: carry=1 | base=1.28 | wall=1.47 | search=  0 | target=none

[DEPOSIT] R3 deposited! Total: 24
  [PHERO] Laid at (1.01, 0.73) density=9 prob=0.40 entries=3
  [TARGET] R3 → SITE (1.01, 0.73)
[DEPOSIT] R2 deposited! Total: 25
  [TARGET] R2 → SITE (-0.31, 1.87)
[DEPOSIT] R4 deposited! Total: 26
  [TARGET] R4 → SITE (0.99, 0.75)
[DEPOSIT] R1 deposited! Total: 27
  [TARGET] R1 → SITE (0.93, 0.76)

======================================================================
Step 10000 (5.3 min) | Pickups: 27 | Deposits: 27 | Rate: 5.06 tags/min | phero_entries=2 max_w=0.200
======================================================================
R1[BASE_ESC  ]: carry=0 | base=0.22 | wall=2.31 | search=  0 | target=site(0.93,0.76)
R2[SITE      ]: carry=0 | base=1.38 | wall=1.13 | search=  0 | target=site(-0.31,1.87)
R3[SEARCH    ]: carry=0 | base=1.23 | wall=1.52 | search= 61 | target=site(1.01,0.73)
R4[SITE      ]: carry=0 | base=0.52 | wall=2.03 | search=  0 | target=site(0.99,0.75)

[PICKUP] R4 picked up tag (density=6) | Total: 28

======================================================================
Step 10500 (5.6 min) | Pickups: 28 | Deposits: 27 | Rate: 4.82 tags/min | phero_entries=2 max_w=0.033
======================================================================
R1[SEARCH    ]: carry=0 | base=1.29 | wall=1.44 | search=192 | target=site(0.93,0.76)
R2[SEARCH    ]: carry=0 | base=1.50 | wall=1.01 | search=379 | target=site(-0.31,1.87)
R3[SEARCH    ]: carry=0 | base=1.91 | wall=0.62 | search=561 | target=site(1.01,0.73)
R4[RTB       ]: carry=1 | base=1.33 | wall=1.46 | search=  0 | target=none

[PICKUP] R1 picked up tag (density=5) | Total: 29
[PICKUP] R2 picked up tag (density=4) | Total: 30
[DEPOSIT] R4 deposited! Total: 28
  [TARGET] R4 → SITE (1.04, 0.81)

======================================================================
Step 11000 (5.9 min) | Pickups: 30 | Deposits: 28 | Rate: 4.77 tags/min | phero_entries=1 max_w=0.005
======================================================================
R1[RTB       ]: carry=1 | base=1.41 | wall=1.38 | search=  0 | target=none
R2[RTB       ]: carry=1 | base=1.51 | wall=1.33 | search=  0 | target=none
R3[SEARCH    ]: carry=0 | base=2.12 | wall=0.38 | search=1061 | target=site(1.01,0.73)
R4[BASE_ESC  ]: carry=0 | base=0.23 | wall=2.29 | search=  0 | target=site(1.04,0.81)

[DEPOSIT] R1 deposited! Total: 29
  [TARGET] R1 → SITE (1.14, 0.98)
[PICKUP] R4 picked up tag (density=3) | Total: 31
[DEPOSIT] R2 deposited! Total: 30
  [TARGET] R2 → SITE (0.93, 1.18)
[PICKUP] R3 picked up tag (density=1) | Total: 32

======================================================================
Step 11500 (6.1 min) | Pickups: 32 | Deposits: 30 | Rate: 4.89 tags/min | phero_entries=0 max_w=0.000
======================================================================
R1[SITE      ]: carry=0 | base=0.40 | wall=2.21 | search=  0 | target=site(1.14,0.98)
R2[SITE      ]: carry=0 | base=0.33 | wall=2.19 | search=  0 | target=site(0.93,1.18)
R3[SURVEY    ]: carry=1 | base=0.71 | wall=1.80 | search=  0 | target=none
R4[SURVEY    ]: carry=1 | base=1.32 | wall=1.49 | search=  0 | target=none

[PICKUP] R2 picked up tag (density=2) | Total: 33
[DEPOSIT] R4 deposited! Total: 31
  [TARGET] R4 → WALL (-2.42, -1.96)
[DEPOSIT] R3 deposited! Total: 32
  [TARGET] R3 → SITE (0.71, 0.08)

======================================================================
Step 12000 (6.4 min) | Pickups: 33 | Deposits: 32 | Rate: 5.00 tags/min | phero_entries=0 max_w=0.000
======================================================================
R1[GIVE_UP   ]: carry=0 | base=1.14 | wall=1.67 | search=156 | target=none
R2[RTB       ]: carry=1 | base=1.03 | wall=1.73 | search=  0 | target=none
R3[BASE_ESC  ]: carry=0 | base=0.22 | wall=2.28 | search=  0 | target=site(0.71,0.08)
R4[BASE_ESC  ]: carry=0 | base=0.22 | wall=2.30 | search=  0 | target=none

[DEPOSIT] R2 deposited! Total: 33
  [TARGET] R2 → SITE (0.69, 0.93)
  [GIVE-UP] R1 returned empty after 156 searching steps
  [TARGET] R1 → WALL (2.42, 0.12)

======================================================================
Step 12500 (6.7 min) | Pickups: 33 | Deposits: 33 | Rate: 4.95 tags/min | phero_entries=0 max_w=0.000
======================================================================
R1[DEPART    ]: carry=0 | base=0.83 | wall=1.68 | search=  0 | target=none
R2[SITE      ]: carry=0 | base=0.84 | wall=1.84 | search=  0 | target=site(0.69,0.93)
R3[BASE_ESC  ]: carry=0 | base=0.22 | wall=2.28 | search=322 | target=site(0.71,0.08)
R4[SEARCH    ]: carry=0 | base=0.82 | wall=1.92 | search=122 | target=none

[PICKUP] R4 picked up tag (density=12) | Total: 34
  [GIVE-UP] R3 returned empty after 624 searching steps
  [TARGET] R3 → WALL (2.42, -0.87)
  [GIVE-UP] R2 returned empty after 312 searching steps
  [TARGET] R2 → WALL (1.33, 2.42)

======================================================================
Step 13000 (6.9 min) | Pickups: 34 | Deposits: 33 | Rate: 4.76 tags/min | phero_entries=0 max_w=0.000
======================================================================
R1[SEARCH    ]: carry=0 | base=1.96 | wall=0.66 | search=344 | target=none
R2[BASE_ESC  ]: carry=0 | base=0.25 | wall=2.30 | search=  0 | target=none
R3[DEPART    ]: carry=0 | base=0.56 | wall=2.05 | search=  0 | target=none
R4[RTB       ]: carry=1 | base=0.96 | wall=1.68 | search=  0 | target=none

[DEPOSIT] R4 deposited! Total: 34
  [PHERO] Laid at (-1.09, -0.62) density=12 prob=0.75 entries=1
  [TARGET] R4 → SITE (-1.09, -0.62)
[PICKUP] R1 picked up tag (density=15) | Total: 35
[PICKUP] R2 picked up tag (density=1) | Total: 36

======================================================================
Step 13500 (7.2 min) | Pickups: 36 | Deposits: 34 | Rate: 4.72 tags/min | phero_entries=1 max_w=0.319
======================================================================
R1[RTB       ]: carry=1 | base=1.89 | wall=1.03 | search=  0 | target=none
R2[SURVEY    ]: carry=1 | base=1.21 | wall=1.52 | search=  0 | target=none
R3[SEARCH    ]: carry=0 | base=2.19 | wall=0.56 | search=298 | target=none
R4[SITE      ]: carry=0 | base=0.97 | wall=1.67 | search=  0 | target=site(-1.09,-0.62)

[PICKUP] R4 picked up tag (density=11) | Total: 37
[DEPOSIT] R2 deposited! Total: 35
  [TARGET] R2 → PHERO (-1.09, -0.62)
[DEPOSIT] R1 deposited! Total: 36
  [TARGET] R1 → SITE (1.44, -1.22)

======================================================================
Step 14000 (7.5 min) | Pickups: 37 | Deposits: 36 | Rate: 4.82 tags/min | phero_entries=1 max_w=0.052
======================================================================
R1[BASE_ESC  ]: carry=0 | base=0.22 | wall=2.34 | search=  0 | target=site(1.44,-1.22)
R2[BASE_ESC  ]: carry=0 | base=0.22 | wall=2.32 | search=  0 | target=phero(-1.09,-0.62)
R3[GIVE_UP   ]: carry=0 | base=1.63 | wall=0.94 | search=624 | target=none
R4[RTB       ]: carry=1 | base=0.69 | wall=1.90 | search=  0 | target=none

[DEPOSIT] R4 deposited! Total: 37
  [TARGET] R4 → SITE (-1.11, -0.59)
  [GIVE-UP] R3 returned empty after 624 searching steps
  [TARGET] R3 → PHERO (-1.09, -0.62)

======================================================================
Step 14500 (7.7 min) | Pickups: 37 | Deposits: 37 | Rate: 4.78 tags/min | phero_entries=1 max_w=0.009
======================================================================
R1[SEARCH    ]: carry=0 | base=1.90 | wall=1.05 | search= 22 | target=site(1.44,-1.22)
R2[PHERO     ]: carry=0 | base=0.36 | wall=2.17 | search=  0 | target=phero(-1.09,-0.62)
R3[PHERO     ]: carry=0 | base=0.27 | wall=2.23 | search=  0 | target=phero(-1.09,-0.62)
R4[SEARCH    ]: carry=0 | base=1.23 | wall=1.42 | search= 12 | target=site(-1.11,-0.59)


======================================================================
Step 15000 (8.0 min) | Pickups: 37 | Deposits: 37 | Rate: 4.62 tags/min | phero_entries=1 max_w=0.001
======================================================================
R1[SEARCH    ]: carry=0 | base=2.35 | wall=0.37 | search=522 | target=site(1.44,-1.22)
R2[GIVE_UP   ]: carry=0 | base=1.02 | wall=1.54 | search=156 | target=none
R3[PHERO     ]: carry=0 | base=1.08 | wall=1.58 | search=  0 | target=phero(-1.09,-0.62)
R4[SEARCH    ]: carry=0 | base=0.34 | wall=2.19 | search=512 | target=site(-1.11,-0.59)

  [GIVE-UP] R2 returned empty after 156 searching steps
  [TARGET] R2 → WALL (-2.42, 0.45)

======================================================================
Step 15500 (8.3 min) | Pickups: 37 | Deposits: 37 | Rate: 4.48 tags/min | phero_entries=0 max_w=0.000
======================================================================
R1[SEARCH    ]: carry=0 | base=2.38 | wall=0.37 | search=1022 | target=site(1.44,-1.22)
R2[SEARCH    ]: carry=0 | base=0.94 | wall=1.57 | search= 31 | target=none
R3[GIVE_UP   ]: carry=0 | base=0.27 | wall=2.28 | search=312 | target=none
R4[SEARCH    ]: carry=0 | base=1.74 | wall=0.83 | search=1012 | target=site(-1.11,-0.59)

  [GIVE-UP] R3 returned empty after 312 searching steps
  [TARGET] R3 → WALL (2.42, -0.92)

======================================================================
Step 16000 (8.5 min) | Pickups: 37 | Deposits: 37 | Rate: 4.34 tags/min | phero_entries=0 max_w=0.000
======================================================================
R1[GIVE_UP   ]: carry=0 | base=0.85 | wall=1.72 | search=1092 | target=none
R2[GIVE_UP   ]: carry=0 | base=0.41 | wall=2.10 | search=156 | target=none
R3[DEPART    ]: carry=0 | base=1.35 | wall=1.31 | search=  0 | target=none
R4[SEARCH    ]: carry=0 | base=1.26 | wall=1.42 | search=1512 | target=site(-1.11,-0.59)

[PICKUP] R4 picked up tag (density=10) | Total: 38
  [GIVE-UP] R2 returned empty after 156 searching steps
  [TARGET] R2 → WALL (1.29, 2.42)
  [GIVE-UP] R1 returned empty after 1092 searching steps
  [TARGET] R1 → WALL (2.42, 0.08)

======================================================================
Step 16500 (8.8 min) | Pickups: 38 | Deposits: 37 | Rate: 4.20 tags/min | phero_entries=0 max_w=0.000
======================================================================
R1[SEARCH    ]: carry=0 | base=0.96 | wall=1.55 | search= 76 | target=none
R2[SEARCH    ]: carry=0 | base=1.18 | wall=1.39 | search= 39 | target=none
R3[DEPART    ]: carry=0 | base=2.02 | wall=0.63 | search=  0 | target=none
R4[RTB       ]: carry=1 | base=0.58 | wall=2.00 | search=  0 | target=none

[DEPOSIT] R4 deposited! Total: 38
  [TARGET] R4 → SITE (-1.17, -0.64)

======================================================================
Step 17000 (9.1 min) | Pickups: 38 | Deposits: 38 | Rate: 4.19 tags/min | phero_entries=0 max_w=0.000
======================================================================
R1[GIVE_UP   ]: carry=0 | base=1.75 | wall=0.94 | search=468 | target=none
R2[SEARCH    ]: carry=0 | base=2.49 | wall=0.74 | search=539 | target=none
R3[SEARCH    ]: carry=0 | base=0.93 | wall=1.60 | search=491 | target=none
R4[SEARCH    ]: carry=0 | base=1.34 | wall=1.32 | search= 17 | target=site(-1.17,-0.64)

  [GIVE-UP] R1 returned empty after 468 searching steps
  [TARGET] R1 → WALL (-1.72, 2.42)

======================================================================
Step 17500 (9.3 min) | Pickups: 38 | Deposits: 38 | Rate: 4.07 tags/min | phero_entries=0 max_w=0.000
======================================================================
R1[BASE_ESC  ]: carry=0 | base=0.24 | wall=2.26 | search=  0 | target=none
R2[WALL_ESC  ]: carry=0 | base=2.75 | wall=0.35 | search=1039 | target=none
R3[SEARCH    ]: carry=0 | base=1.64 | wall=1.22 | search=991 | target=none
R4[SEARCH    ]: carry=0 | base=0.76 | wall=1.75 | search=517 | target=site(-1.17,-0.64)

[PICKUP] R4 picked up tag (density=9) | Total: 39

======================================================================
Step 18000 (9.6 min) | Pickups: 39 | Deposits: 38 | Rate: 3.96 tags/min | phero_entries=0 max_w=0.000
======================================================================
R1[SEARCH    ]: carry=0 | base=1.21 | wall=1.29 | search=341 | target=none
R2[GIVE_UP   ]: carry=0 | base=2.50 | wall=0.50 | search=1404 | target=none
R3[SEARCH    ]: carry=0 | base=2.43 | wall=0.36 | search=1491 | target=none
R4[RTB       ]: carry=1 | base=0.71 | wall=1.80 | search=  0 | target=none

[DEPOSIT] R4 deposited! Total: 39
  [TARGET] R4 → SITE (-1.18, -0.22)

======================================================================
Step 18500 (9.9 min) | Pickups: 39 | Deposits: 39 | Rate: 3.95 tags/min | phero_entries=0 max_w=0.000
======================================================================
R1[SEARCH    ]: carry=0 | base=1.88 | wall=0.89 | search=841 | target=none
R2[GIVE_UP   ]: carry=0 | base=0.58 | wall=2.04 | search=1404 | target=none
R3[SEARCH    ]: carry=0 | base=2.44 | wall=0.37 | search=1991 | target=none
R4[SEARCH    ]: carry=0 | base=1.18 | wall=1.34 | search= 19 | target=site(-1.18,-0.22)

  [GIVE-UP] R2 returned empty after 1404 searching steps
  [TARGET] R2 → WALL (0.01, 2.42)
TIMEOUT_RESULT pickups=39 deposits=39 steps=18750 elapsed_min=10.000000
BATCH_RESULT pickups=39 deposits=39
