=================================================================
CPFA BASELINE — ARGoS-calibrated parameters
  Params file                  = /home/sara/Documents/RL-FL-Foraging/cpfa_tuning_20260715_155549/trial_007/params.yaml
  Results file                 = /home/sara/Documents/RL-FL-Foraging/controllers/cpfa_baseline/results/cpfa_baseline_results_20260715_161444.txt
  RateOfLayingPheromone        = 9.892370829281072
  RateOfSiteFidelity           = 1.5661481921067975
  RateOfPheromoneDecay         = 0.037580980521149096 /s  (lifetime ~184s)
  ProbabilityOfReturningToNest = 0.10421378884426274 (every 5 sec → E[give-up] ~48s)
  UninformedSearchVariation    = 0.53 rad (30.5°)
  RateOfInformedSearchDecay    = 1.263183429772612 /waypoint
  ProbabilityOfSwitchingToSearching = 0.5860991209307408 (every 5 sec in uninformed DEPARTING)
=================================================================

[PICKUP] R1 picked up tag (density=14) | Total: 1
[DEPOSIT] R1 deposited! Total: 1
  [PHERO] Laid at (-0.50, 0.00) density=14 prob=0.92 entries=1
  [TARGET] R1 → SITE (-0.50, 0.00)
[PICKUP] R2 picked up tag (density=12) | Total: 2
[PICKUP] R1 picked up tag (density=11) | Total: 3

======================================================================
Step 500 (0.3 min) | Pickups: 3 | Deposits: 1 | Rate: 3.75 tags/min | phero_entries=1 max_w=0.731
======================================================================
R1[SURVEY    ]: carry=1 | base=0.38 | wall=2.12 | search=  0 | target=none
R2[RTB       ]: carry=1 | base=1.03 | wall=1.77 | search=  0 | target=none
R3[SEARCH    ]: carry=0 | base=0.59 | wall=1.96 | search=276 | target=none
R4[SEARCH    ]: carry=0 | base=0.67 | wall=1.93 | search=129 | target=none

[DEPOSIT] R1 deposited! Total: 2
  [PHERO] Laid at (-0.38, -0.07) density=11 prob=0.71 entries=2
  [TARGET] R1 → SITE (-0.38, -0.07)
[DEPOSIT] R2 deposited! Total: 3
  [PHERO] Laid at (0.71, -0.73) density=12 prob=0.80 entries=3
  [TARGET] R2 → SITE (0.71, -0.73)

======================================================================
Step 1000 (0.5 min) | Pickups: 3 | Deposits: 3 | Rate: 5.62 tags/min | phero_entries=3 max_w=0.752
======================================================================
R1[SEARCH    ]: carry=0 | base=0.46 | wall=2.06 | search=119 | target=site(-0.38,-0.07)
R2[SITE      ]: carry=0 | base=0.66 | wall=1.99 | search=  0 | target=site(0.71,-0.73)
R3[SEARCH    ]: carry=0 | base=1.44 | wall=1.12 | search=776 | target=none
R4[SEARCH    ]: carry=0 | base=0.63 | wall=1.97 | search=629 | target=none

  [GIVE-UP] R1 returned empty after 312 searching steps
  [TARGET] R1 → PHERO (-0.38, -0.07)
  [GIVE-UP] R3 returned empty after 780 searching steps
  [TARGET] R3 → PHERO (-0.38, -0.07)

======================================================================
Step 1500 (0.8 min) | Pickups: 3 | Deposits: 3 | Rate: 3.75 tags/min | phero_entries=3 max_w=0.412
======================================================================
R1[SEARCH    ]: carry=0 | base=0.31 | wall=2.22 | search=213 | target=phero(-0.38,-0.07)
R2[SEARCH    ]: carry=0 | base=0.79 | wall=1.80 | search=416 | target=site(0.71,-0.73)
R3[PHERO     ]: carry=0 | base=0.27 | wall=2.23 | search=  0 | target=phero(-0.38,-0.07)
R4[GIVE_UP   ]: carry=0 | base=0.48 | wall=2.07 | search=936 | target=none

  [GIVE-UP] R4 returned empty after 936 searching steps
  [TARGET] R4 → PHERO (-0.38, -0.07)

======================================================================
Step 2000 (1.1 min) | Pickups: 3 | Deposits: 3 | Rate: 2.81 tags/min | phero_entries=3 max_w=0.226
======================================================================
R1[SEARCH    ]: carry=0 | base=0.32 | wall=2.18 | search=713 | target=phero(-0.38,-0.07)
R2[SEARCH    ]: carry=0 | base=1.20 | wall=1.30 | search=916 | target=site(0.71,-0.73)
R3[BASE_ESC  ]: carry=0 | base=0.25 | wall=2.25 | search=  0 | target=phero(-0.38,-0.07)
R4[PHERO     ]: carry=0 | base=0.28 | wall=2.23 | search=  0 | target=phero(-0.38,-0.07)

[PICKUP] R4 picked up tag (density=10) | Total: 4
[PICKUP] R1 picked up tag (density=12) | Total: 5
[DEPOSIT] R4 deposited! Total: 4
  [TARGET] R4 → SITE (-0.40, -0.05)
[DEPOSIT] R1 deposited! Total: 5
  [PHERO] Laid at (-0.30, 0.16) density=12 prob=0.80 entries=4
  [TARGET] R1 → SITE (-0.30, 0.16)

======================================================================
Step 2500 (1.3 min) | Pickups: 5 | Deposits: 5 | Rate: 3.75 tags/min | phero_entries=4 max_w=0.913
======================================================================
R1[BASE_ESC  ]: carry=0 | base=0.22 | wall=2.34 | search=  0 | target=site(-0.30,0.16)
R2[GIVE_UP   ]: carry=0 | base=1.06 | wall=1.59 | search=1404 | target=none
R3[SEARCH    ]: carry=0 | base=0.25 | wall=2.26 | search=347 | target=phero(-0.38,-0.07)
R4[BASE_ESC  ]: carry=0 | base=0.23 | wall=2.29 | search=  0 | target=site(-0.40,-0.05)

[PICKUP] R1 picked up tag (density=11) | Total: 6
  [GIVE-UP] R2 returned empty after 1404 searching steps
  [TARGET] R2 → PHERO (-0.30, 0.16)
[PICKUP] R4 picked up tag (density=10) | Total: 7
[DEPOSIT] R1 deposited! Total: 6
  [PHERO] Laid at (-0.28, 0.21) density=11 prob=0.71 entries=5
  [TARGET] R1 → SITE (-0.28, 0.21)

======================================================================
Step 3000 (1.6 min) | Pickups: 7 | Deposits: 6 | Rate: 3.75 tags/min | phero_entries=5 max_w=0.893
======================================================================
R1[BASE_ESC  ]: carry=0 | base=0.23 | wall=2.31 | search=  0 | target=site(-0.28,0.21)
R2[PHERO     ]: carry=0 | base=0.31 | wall=2.24 | search=  0 | target=phero(-0.30,0.16)
R3[SEARCH    ]: carry=0 | base=0.88 | wall=1.64 | search=847 | target=phero(-0.38,-0.07)
R4[SURVEY    ]: carry=1 | base=0.46 | wall=2.05 | search=  0 | target=none

[PICKUP] R1 picked up tag (density=8) | Total: 8
[PICKUP] R2 picked up tag (density=8) | Total: 9
[DEPOSIT] R4 deposited! Total: 7
  [TARGET] R4 → SITE (-0.45, 0.06)
[PICKUP] R3 picked up tag (density=12) | Total: 10
[DEPOSIT] R1 deposited! Total: 8
  [TARGET] R1 → SITE (-0.23, 0.26)
[DEPOSIT] R2 deposited! Total: 9
  [PHERO] Laid at (-0.29, 0.27) density=8 prob=0.35 entries=6
  [TARGET] R2 → SITE (-0.29, 0.27)
[PICKUP] R4 picked up tag (density=7) | Total: 11

======================================================================
Step 3500 (1.9 min) | Pickups: 11 | Deposits: 9 | Rate: 4.82 tags/min | phero_entries=6 max_w=0.921
======================================================================
R1[SITE      ]: carry=0 | base=0.26 | wall=2.25 | search=  0 | target=site(-0.23,0.26)
R2[BASE_ESC  ]: carry=0 | base=0.22 | wall=2.31 | search=  0 | target=site(-0.29,0.27)
R3[SURVEY    ]: carry=1 | base=1.38 | wall=1.14 | search=  0 | target=none
R4[SURVEY    ]: carry=1 | base=0.53 | wall=1.97 | search=  0 | target=none

[PICKUP] R1 picked up tag (density=5) | Total: 12
[DEPOSIT] R4 deposited! Total: 10
  [TARGET] R4 → SITE (-0.53, 0.06)
[DEPOSIT] R3 deposited! Total: 11
  [PHERO] Laid at (-0.22, 1.36) density=12 prob=0.80 entries=7
  [TARGET] R3 → SITE (-0.22, 1.36)
[DEPOSIT] R1 deposited! Total: 12
  [TARGET] R1 → SITE (-0.22, 0.35)

======================================================================
Step 4000 (2.1 min) | Pickups: 12 | Deposits: 12 | Rate: 5.62 tags/min | phero_entries=7 max_w=0.833
======================================================================
R1[BASE_ESC  ]: carry=0 | base=0.22 | wall=2.28 | search=  0 | target=site(-0.22,0.35)
R2[GIVE_UP   ]: carry=0 | base=0.30 | wall=2.20 | search=312 | target=none
R3[SITE      ]: carry=0 | base=0.25 | wall=2.26 | search=  0 | target=site(-0.22,1.36)
R4[SEARCH    ]: carry=0 | base=0.50 | wall=2.01 | search=  1 | target=site(-0.53,0.06)

[PICKUP] R4 picked up tag (density=5) | Total: 13
  [GIVE-UP] R2 returned empty after 312 searching steps
  [TARGET] R2 → PHERO (-0.22, 1.36)
[PICKUP] R3 picked up tag (density=11) | Total: 14
[DEPOSIT] R4 deposited! Total: 13
  [TARGET] R4 → SITE (-0.50, 0.17)

======================================================================
Step 4500 (2.4 min) | Pickups: 14 | Deposits: 13 | Rate: 5.42 tags/min | phero_entries=7 max_w=0.457
======================================================================
R1[SEARCH    ]: carry=0 | base=0.26 | wall=2.24 | search=337 | target=site(-0.22,0.35)
R2[PHERO     ]: carry=0 | base=1.12 | wall=1.39 | search=  0 | target=phero(-0.22,1.36)
R3[SURVEY    ]: carry=1 | base=1.18 | wall=1.33 | search=  0 | target=none
R4[SITE      ]: carry=0 | base=0.27 | wall=2.28 | search=  0 | target=site(-0.50,0.17)

[DEPOSIT] R3 deposited! Total: 14
  [PHERO] Laid at (-0.16, 1.16) density=11 prob=0.71 entries=8
  [TARGET] R3 → SITE (-0.16, 1.16)
[PICKUP] R2 picked up tag (density=10) | Total: 15

======================================================================
Step 5000 (2.7 min) | Pickups: 15 | Deposits: 14 | Rate: 5.25 tags/min | phero_entries=8 max_w=0.820
======================================================================
R1[GIVE_UP   ]: carry=0 | base=0.50 | wall=2.00 | search=780 | target=none
R2[SURVEY    ]: carry=1 | base=1.31 | wall=1.20 | search=  0 | target=none
R3[SITE      ]: carry=0 | base=0.40 | wall=2.10 | search=  0 | target=site(-0.16,1.16)
R4[SEARCH    ]: carry=0 | base=0.45 | wall=2.05 | search=421 | target=site(-0.50,0.17)

  [GIVE-UP] R1 returned empty after 780 searching steps
  [TARGET] R1 → PHERO (-0.28, 0.21)
[DEPOSIT] R2 deposited! Total: 15
  [PHERO] Laid at (-0.15, 1.29) density=10 prob=0.60 entries=9
  [TARGET] R2 → SITE (-0.15, 1.29)

======================================================================
Step 5500 (2.9 min) | Pickups: 15 | Deposits: 15 | Rate: 5.11 tags/min | phero_entries=9 max_w=0.836
======================================================================
R1[BASE_ESC  ]: carry=0 | base=0.25 | wall=2.28 | search=  0 | target=phero(-0.28,0.21)
R2[SITE      ]: carry=0 | base=0.36 | wall=2.15 | search=  0 | target=site(-0.15,1.29)
R3[SEARCH    ]: carry=0 | base=0.98 | wall=1.52 | search=295 | target=site(-0.16,1.16)
R4[SEARCH    ]: carry=0 | base=1.24 | wall=1.46 | search=921 | target=site(-0.50,0.17)


======================================================================
Step 6000 (3.2 min) | Pickups: 15 | Deposits: 15 | Rate: 4.69 tags/min | phero_entries=8 max_w=0.458
======================================================================
R1[SEARCH    ]: carry=0 | base=0.40 | wall=2.16 | search= 97 | target=phero(-0.28,0.21)
R2[SEARCH    ]: carry=0 | base=1.07 | wall=1.45 | search=258 | target=site(-0.15,1.29)
R3[GIVE_UP   ]: carry=0 | base=0.55 | wall=1.95 | search=780 | target=none
R4[SEARCH    ]: carry=0 | base=1.57 | wall=0.96 | search=1421 | target=site(-0.50,0.17)

[PICKUP] R4 picked up tag (density=9) | Total: 16
  [GIVE-UP] R3 returned empty after 780 searching steps
  [TARGET] R3 → PHERO (-0.29, 0.27)

======================================================================
Step 6500 (3.5 min) | Pickups: 16 | Deposits: 15 | Rate: 4.33 tags/min | phero_entries=7 max_w=0.251
======================================================================
R1[SEARCH    ]: carry=0 | base=0.26 | wall=2.25 | search=597 | target=phero(-0.28,0.21)
R2[SEARCH    ]: carry=0 | base=0.93 | wall=1.70 | search=758 | target=site(-0.15,1.29)
R3[SEARCH    ]: carry=0 | base=0.27 | wall=2.27 | search=206 | target=phero(-0.29,0.27)
R4[RTB       ]: carry=1 | base=0.93 | wall=1.59 | search=  0 | target=none

[PICKUP] R3 picked up tag (density=3) | Total: 17
[DEPOSIT] R4 deposited! Total: 16
  [PHERO] Laid at (0.23, 1.50) density=9 prob=0.47 entries=7
  [TARGET] R4 → SITE (0.23, 1.50)
[DEPOSIT] R3 deposited! Total: 17
  [TARGET] R3 → SITE (-0.24, 0.46)

======================================================================
Step 7000 (3.7 min) | Pickups: 17 | Deposits: 17 | Rate: 4.55 tags/min | phero_entries=7 max_w=0.679
======================================================================
R1[SEARCH    ]: carry=0 | base=0.52 | wall=1.98 | search=1097 | target=phero(-0.28,0.21)
R2[SEARCH    ]: carry=0 | base=1.13 | wall=1.37 | search=1258 | target=site(-0.15,1.29)
R3[BASE_ESC  ]: carry=0 | base=0.22 | wall=2.28 | search=  0 | target=site(-0.24,0.46)
R4[SITE      ]: carry=0 | base=1.00 | wall=1.53 | search=  0 | target=site(0.23,1.50)

[PICKUP] R4 picked up tag (density=8) | Total: 18
  [GIVE-UP] R3 returned empty after 156 searching steps
  [TARGET] R3 → PHERO (0.23, 1.50)

======================================================================
Step 7500 (4.0 min) | Pickups: 18 | Deposits: 17 | Rate: 4.25 tags/min | phero_entries=7 max_w=0.372
======================================================================
R1[SEARCH    ]: carry=0 | base=1.01 | wall=1.52 | search=1597 | target=phero(-0.28,0.21)
R2[SEARCH    ]: carry=0 | base=1.90 | wall=0.60 | search=1758 | target=site(-0.15,1.29)
R3[PHERO     ]: carry=0 | base=0.32 | wall=2.18 | search=  0 | target=phero(0.23,1.50)
R4[RTB       ]: carry=1 | base=0.47 | wall=2.05 | search=  0 | target=none

[DEPOSIT] R4 deposited! Total: 18
  [PHERO] Laid at (0.21, 1.22) density=8 prob=0.35 entries=8
  [TARGET] R4 → SITE (0.21, 1.22)
[PICKUP] R3 picked up tag (density=7) | Total: 19

======================================================================
Step 8000 (4.3 min) | Pickups: 19 | Deposits: 18 | Rate: 4.22 tags/min | phero_entries=8 max_w=0.587
======================================================================
R1[SEARCH    ]: carry=0 | base=0.84 | wall=1.66 | search=2097 | target=phero(-0.28,0.21)
R2[SEARCH    ]: carry=0 | base=2.21 | wall=0.36 | search=2258 | target=site(-0.15,1.29)
R3[RTB       ]: carry=1 | base=1.27 | wall=1.25 | search=  0 | target=none
R4[SEARCH    ]: carry=0 | base=1.21 | wall=1.30 | search= 69 | target=site(0.21,1.22)

[DEPOSIT] R3 deposited! Total: 19
  [TARGET] R3 → SITE (0.18, 1.25)

======================================================================
Step 8500 (4.5 min) | Pickups: 19 | Deposits: 19 | Rate: 4.19 tags/min | phero_entries=7 max_w=0.322
======================================================================
R1[SEARCH    ]: carry=0 | base=1.35 | wall=1.26 | search=2597 | target=phero(-0.28,0.21)
R2[SEARCH    ]: carry=0 | base=2.18 | wall=0.38 | search=2758 | target=site(-0.15,1.29)
R3[SITE      ]: carry=0 | base=0.62 | wall=1.91 | search=  0 | target=site(0.18,1.25)
R4[SEARCH    ]: carry=0 | base=0.47 | wall=2.06 | search=569 | target=site(0.21,1.22)

  [GIVE-UP] R4 returned empty after 624 searching steps
  [TARGET] R4 → PHERO (-0.15, 1.29)
[PICKUP] R2 picked up tag (density=9) | Total: 20

======================================================================
Step 9000 (4.8 min) | Pickups: 20 | Deposits: 19 | Rate: 3.96 tags/min | phero_entries=6 max_w=0.176
======================================================================
R1[SEARCH    ]: carry=0 | base=1.33 | wall=1.32 | search=3097 | target=phero(-0.28,0.21)
R2[SURVEY    ]: carry=1 | base=1.87 | wall=0.65 | search=  0 | target=none
R3[SEARCH    ]: carry=0 | base=1.11 | wall=1.50 | search=343 | target=site(0.18,1.25)
R4[PHERO     ]: carry=0 | base=1.04 | wall=1.47 | search=  0 | target=phero(-0.15,1.29)

  [GIVE-UP] R1 returned empty after 3120 searching steps
  [TARGET] R1 → PHERO (0.21, 1.22)
[PICKUP] R4 picked up tag (density=6) | Total: 21
  [GIVE-UP] R3 returned empty after 468 searching steps
  [TARGET] R3 → PHERO (0.21, 1.22)

======================================================================
Step 9500 (5.1 min) | Pickups: 21 | Deposits: 19 | Rate: 3.75 tags/min | phero_entries=5 max_w=0.097
======================================================================
R1[PHERO     ]: carry=0 | base=0.36 | wall=2.20 | search=  0 | target=phero(0.21,1.22)
R2[RTB       ]: carry=1 | base=1.03 | wall=1.48 | search=  0 | target=none
R3[BASE_ESC  ]: carry=0 | base=0.23 | wall=2.33 | search=  0 | target=phero(0.21,1.22)
R4[SURVEY    ]: carry=1 | base=1.25 | wall=1.25 | search=  0 | target=none

[DEPOSIT] R2 deposited! Total: 20
  [PHERO] Laid at (1.85, 0.29) density=9 prob=0.47 entries=5
  [TARGET] R2 → SITE (1.85, 0.29)
[DEPOSIT] R4 deposited! Total: 21
  [TARGET] R4 → SITE (-0.10, 1.25)
[PICKUP] R3 picked up tag (density=5) | Total: 22

======================================================================
Step 10000 (5.3 min) | Pickups: 22 | Deposits: 21 | Rate: 3.94 tags/min | phero_entries=5 max_w=0.700
======================================================================
R1[SEARCH    ]: carry=0 | base=1.19 | wall=1.35 | search=272 | target=phero(0.21,1.22)
R2[SITE      ]: carry=0 | base=0.90 | wall=1.60 | search=  0 | target=site(1.85,0.29)
R3[SURVEY    ]: carry=1 | base=1.33 | wall=1.18 | search=  0 | target=none
R4[SITE      ]: carry=0 | base=0.27 | wall=2.24 | search=  0 | target=site(-0.10,1.25)

[PICKUP] R1 picked up tag (density=4) | Total: 23

======================================================================
Step 10500 (5.6 min) | Pickups: 23 | Deposits: 21 | Rate: 3.75 tags/min | phero_entries=5 max_w=0.383
======================================================================
R1[RTB       ]: carry=1 | base=1.22 | wall=1.30 | search=  0 | target=none
R2[SEARCH    ]: carry=0 | base=1.78 | wall=0.74 | search=260 | target=site(1.85,0.29)
R3[RTB       ]: carry=1 | base=0.27 | wall=2.23 | search=  0 | target=none
R4[SEARCH    ]: carry=0 | base=1.06 | wall=1.48 | search=242 | target=site(-0.10,1.25)

[DEPOSIT] R3 deposited! Total: 22
  [TARGET] R3 → SITE (0.17, 1.32)
[DEPOSIT] R1 deposited! Total: 23
  [TARGET] R1 → SITE (0.14, 1.40)

======================================================================
Step 11000 (5.9 min) | Pickups: 23 | Deposits: 23 | Rate: 3.92 tags/min | phero_entries=4 max_w=0.210
======================================================================
R1[SITE      ]: carry=0 | base=0.70 | wall=1.82 | search=  0 | target=site(0.14,1.40)
R2[GIVE_UP   ]: carry=0 | base=0.52 | wall=1.98 | search=312 | target=none
R3[SEARCH    ]: carry=0 | base=1.32 | wall=1.20 | search= 85 | target=site(0.17,1.32)
R4[GIVE_UP   ]: carry=0 | base=0.36 | wall=2.20 | search=624 | target=none

  [GIVE-UP] R4 returned empty after 624 searching steps
  [TARGET] R4 → PHERO (1.85, 0.29)
  [GIVE-UP] R2 returned empty after 312 searching steps
  [TARGET] R2 → PHERO (1.85, 0.29)
[PICKUP] R1 picked up tag (density=3) | Total: 24

======================================================================
Step 11500 (6.1 min) | Pickups: 24 | Deposits: 23 | Rate: 3.75 tags/min | phero_entries=3 max_w=0.115
======================================================================
R1[RTB       ]: carry=1 | base=1.42 | wall=1.09 | search=  0 | target=none
R2[PHERO     ]: carry=0 | base=1.44 | wall=1.08 | search=  0 | target=phero(1.85,0.29)
R3[SEARCH    ]: carry=0 | base=2.10 | wall=0.54 | search=585 | target=site(0.17,1.32)
R4[PHERO     ]: carry=0 | base=1.58 | wall=0.94 | search=  0 | target=phero(1.85,0.29)

[PICKUP] R2 picked up tag (density=8) | Total: 25
[DEPOSIT] R1 deposited! Total: 24
  [TARGET] R1 → SITE (0.12, 1.42)

======================================================================
Step 12000 (6.4 min) | Pickups: 25 | Deposits: 24 | Rate: 3.75 tags/min | phero_entries=3 max_w=0.063
======================================================================
R1[SITE      ]: carry=0 | base=0.44 | wall=2.09 | search=  0 | target=site(0.12,1.42)
R2[RTB       ]: carry=1 | base=1.92 | wall=0.59 | search=  0 | target=none
R3[GIVE_UP   ]: carry=0 | base=0.76 | wall=1.81 | search=624 | target=none
R4[SEARCH    ]: carry=0 | base=1.83 | wall=0.67 | search=438 | target=phero(1.85,0.29)

  [GIVE-UP] R3 returned empty after 624 searching steps
  [TARGET] R3 → PHERO (0.21, 1.22)
[PICKUP] R1 picked up tag (density=2) | Total: 26
[DEPOSIT] R2 deposited! Total: 25
  [PHERO] Laid at (1.89, 0.30) density=8 prob=0.35 entries=3
  [TARGET] R2 → SITE (1.89, 0.30)

======================================================================
Step 12500 (6.7 min) | Pickups: 26 | Deposits: 25 | Rate: 3.75 tags/min | phero_entries=3 max_w=0.947
======================================================================
R1[SURVEY    ]: carry=1 | base=1.46 | wall=1.05 | search=  0 | target=none
R2[BASE_ESC  ]: carry=0 | base=0.22 | wall=2.28 | search=  0 | target=site(1.89,0.30)
R3[PHERO     ]: carry=0 | base=1.09 | wall=1.43 | search=  0 | target=phero(0.21,1.22)
R4[GIVE_UP   ]: carry=0 | base=1.12 | wall=1.41 | search=780 | target=none

  [GIVE-UP] R4 returned empty after 780 searching steps
  [TARGET] R4 → PHERO (1.89, 0.30)
[DEPOSIT] R1 deposited! Total: 26
  [TARGET] R1 → PHERO (1.89, 0.30)

======================================================================
Step 13000 (6.9 min) | Pickups: 26 | Deposits: 26 | Rate: 3.75 tags/min | phero_entries=3 max_w=0.519
======================================================================
R1[BASE_ESC  ]: carry=0 | base=0.23 | wall=2.28 | search=  0 | target=phero(1.89,0.30)
R2[SITE      ]: carry=0 | base=1.72 | wall=0.80 | search=  0 | target=site(1.89,0.30)
R3[SEARCH    ]: carry=0 | base=0.62 | wall=1.99 | search=475 | target=phero(0.21,1.22)
R4[PHERO     ]: carry=0 | base=0.68 | wall=1.84 | search=  0 | target=phero(1.89,0.30)

[PICKUP] R2 picked up tag (density=7) | Total: 27

======================================================================
Step 13500 (7.2 min) | Pickups: 27 | Deposits: 26 | Rate: 3.61 tags/min | phero_entries=2 max_w=0.285
======================================================================
R1[PHERO     ]: carry=0 | base=1.59 | wall=0.94 | search=  0 | target=phero(1.89,0.30)
R2[RTB       ]: carry=1 | base=1.89 | wall=0.65 | search=  0 | target=none
R3[SEARCH    ]: carry=0 | base=0.90 | wall=1.82 | search=975 | target=phero(0.21,1.22)
R4[SEARCH    ]: carry=0 | base=1.81 | wall=0.72 | search=191 | target=phero(1.89,0.30)


======================================================================
Step 14000 (7.5 min) | Pickups: 27 | Deposits: 26 | Rate: 3.48 tags/min | phero_entries=2 max_w=0.156
======================================================================
R1[SEARCH    ]: carry=0 | base=1.88 | wall=0.63 | search=305 | target=phero(1.89,0.30)
R2[RTB       ]: carry=1 | base=0.32 | wall=2.18 | search=  0 | target=none
R3[SEARCH    ]: carry=0 | base=1.58 | wall=1.23 | search=1475 | target=phero(0.21,1.22)
R4[SEARCH    ]: carry=0 | base=1.34 | wall=1.17 | search=691 | target=phero(1.89,0.30)

[DEPOSIT] R2 deposited! Total: 27
  [TARGET] R2 → SITE (1.86, 0.37)

======================================================================
Step 14500 (7.7 min) | Pickups: 27 | Deposits: 27 | Rate: 3.49 tags/min | phero_entries=2 max_w=0.085
======================================================================
R1[GIVE_UP   ]: carry=0 | base=0.48 | wall=2.02 | search=312 | target=none
R2[SITE      ]: carry=0 | base=1.59 | wall=0.93 | search=  0 | target=site(1.86,0.37)
R3[SEARCH    ]: carry=0 | base=2.21 | wall=0.68 | search=1975 | target=phero(0.21,1.22)
R4[SEARCH    ]: carry=0 | base=0.95 | wall=1.57 | search=1191 | target=phero(1.89,0.30)

  [GIVE-UP] R1 returned empty after 312 searching steps
  [TARGET] R1 → PHERO (1.89, 0.30)
[PICKUP] R2 picked up tag (density=6) | Total: 28

======================================================================
Step 15000 (8.0 min) | Pickups: 28 | Deposits: 27 | Rate: 3.38 tags/min | phero_entries=2 max_w=0.047
======================================================================
R1[PHERO     ]: carry=0 | base=1.48 | wall=1.05 | search=  0 | target=phero(1.89,0.30)
R2[RTB       ]: carry=1 | base=1.51 | wall=1.00 | search=  0 | target=none
R3[SEARCH    ]: carry=0 | base=2.39 | wall=0.63 | search=2475 | target=phero(0.21,1.22)
R4[SEARCH    ]: carry=0 | base=0.52 | wall=1.98 | search=1691 | target=phero(1.89,0.30)

[DEPOSIT] R2 deposited! Total: 28
  [TARGET] R2 → SITE (1.88, 0.37)
[PICKUP] R3 picked up tag (density=5) | Total: 29

======================================================================
Step 15500 (8.3 min) | Pickups: 29 | Deposits: 28 | Rate: 3.39 tags/min | phero_entries=1 max_w=0.026
======================================================================
R1[SEARCH    ]: carry=0 | base=2.01 | wall=0.49 | search=389 | target=phero(1.89,0.30)
R2[SITE      ]: carry=0 | base=0.39 | wall=2.13 | search=  0 | target=site(1.88,0.37)
R3[SURVEY    ]: carry=1 | base=1.95 | wall=0.70 | search=  0 | target=none
R4[SEARCH    ]: carry=0 | base=1.47 | wall=1.19 | search=2191 | target=phero(1.89,0.30)

[PICKUP] R2 picked up tag (density=4) | Total: 30

======================================================================
Step 16000 (8.5 min) | Pickups: 30 | Deposits: 28 | Rate: 3.28 tags/min | phero_entries=1 max_w=0.014
======================================================================
R1[SEARCH    ]: carry=0 | base=2.15 | wall=0.36 | search=889 | target=phero(1.89,0.30)
R2[SURVEY    ]: carry=1 | base=1.94 | wall=0.60 | search=  0 | target=none
R3[RTB       ]: carry=1 | base=0.98 | wall=1.57 | search=  0 | target=none
R4[SEARCH    ]: carry=0 | base=1.99 | wall=0.75 | search=2691 | target=phero(1.89,0.30)

[DEPOSIT] R3 deposited! Total: 29
  [TARGET] R3 → SITE (1.80, 0.73)

======================================================================
Step 16500 (8.8 min) | Pickups: 30 | Deposits: 29 | Rate: 3.30 tags/min | phero_entries=1 max_w=0.008
======================================================================
R1[SEARCH    ]: carry=0 | base=2.15 | wall=0.36 | search=1389 | target=phero(1.89,0.30)
R2[RTB       ]: carry=1 | base=0.81 | wall=1.70 | search=  0 | target=none
R3[SITE      ]: carry=0 | base=0.98 | wall=1.61 | search=  0 | target=site(1.80,0.73)
R4[SEARCH    ]: carry=0 | base=1.78 | wall=0.83 | search=3191 | target=phero(1.89,0.30)

[DEPOSIT] R2 deposited! Total: 30
  [TARGET] R2 → SITE (1.90, 0.37)

======================================================================
Step 17000 (9.1 min) | Pickups: 30 | Deposits: 30 | Rate: 3.31 tags/min | phero_entries=1 max_w=0.004
======================================================================
R1[SEARCH    ]: carry=0 | base=2.13 | wall=0.37 | search=1889 | target=phero(1.89,0.30)
R2[SITE      ]: carry=0 | base=1.13 | wall=1.39 | search=  0 | target=site(1.90,0.37)
R3[SEARCH    ]: carry=0 | base=1.83 | wall=0.79 | search=262 | target=site(1.80,0.73)
R4[GIVE_UP   ]: carry=0 | base=1.33 | wall=1.26 | search=3588 | target=none

[PICKUP] R3 picked up tag (density=3) | Total: 31
  [GIVE-UP] R4 returned empty after 3588 searching steps
  [TARGET] R4 → PHERO (1.89, 0.30)

======================================================================
Step 17500 (9.3 min) | Pickups: 31 | Deposits: 30 | Rate: 3.21 tags/min | phero_entries=1 max_w=0.002
======================================================================
R1[SEARCH    ]: carry=0 | base=2.13 | wall=0.37 | search=2389 | target=phero(1.89,0.30)
R2[SEARCH    ]: carry=0 | base=1.95 | wall=0.57 | search=301 | target=site(1.90,0.37)
R3[RTB       ]: carry=1 | base=1.36 | wall=1.20 | search=  0 | target=none
R4[PHERO     ]: carry=0 | base=0.65 | wall=1.85 | search=  0 | target=phero(1.89,0.30)

[DEPOSIT] R3 deposited! Total: 31
  [TARGET] R3 → SITE (1.83, 0.70)

======================================================================
Step 18000 (9.6 min) | Pickups: 31 | Deposits: 31 | Rate: 3.23 tags/min | phero_entries=1 max_w=0.001
======================================================================
R1[SEARCH    ]: carry=0 | base=2.13 | wall=0.38 | search=2889 | target=phero(1.89,0.30)
R2[GIVE_UP   ]: carry=0 | base=0.50 | wall=2.00 | search=312 | target=none
R3[SITE      ]: carry=0 | base=0.57 | wall=1.95 | search=  0 | target=site(1.83,0.70)
R4[SEARCH    ]: carry=0 | base=1.78 | wall=0.78 | search=184 | target=phero(1.89,0.30)

  [GIVE-UP] R2 returned empty after 312 searching steps
  [TARGET] R2 → PHERO (1.89, 0.30)

======================================================================
Step 18500 (9.9 min) | Pickups: 31 | Deposits: 31 | Rate: 3.14 tags/min | phero_entries=0 max_w=0.000
======================================================================
R1[SEARCH    ]: carry=0 | base=2.12 | wall=0.38 | search=3389 | target=phero(1.89,0.30)
R2[PHERO     ]: carry=0 | base=1.42 | wall=1.09 | search=  0 | target=phero(1.89,0.30)
R3[SEARCH    ]: carry=0 | base=2.07 | wall=0.63 | search=149 | target=site(1.83,0.70)
R4[GIVE_UP   ]: carry=0 | base=1.22 | wall=1.30 | search=624 | target=none

TIMEOUT_RESULT pickups=31 deposits=31 steps=18750 elapsed_min=10.000000
BATCH_RESULT pickups=31 deposits=31
