=================================================================
CPFA BASELINE — ARGoS-calibrated parameters
  Params file                  = /home/sara/Documents/RL-FL-Foraging/cpfa_tuning_20260715_155549/trial_007/params.yaml
  Results file                 = /home/sara/Documents/RL-FL-Foraging/controllers/cpfa_baseline/results/cpfa_baseline_results_20260715_161501.txt
  RateOfLayingPheromone        = 9.892370829281072
  RateOfSiteFidelity           = 1.5661481921067975
  RateOfPheromoneDecay         = 0.037580980521149096 /s  (lifetime ~184s)
  ProbabilityOfReturningToNest = 0.10421378884426274 (every 5 sec → E[give-up] ~48s)
  UninformedSearchVariation    = 0.53 rad (30.5°)
  RateOfInformedSearchDecay    = 1.263183429772612 /waypoint
  ProbabilityOfSwitchingToSearching = 0.5860991209307408 (every 5 sec in uninformed DEPARTING)
=================================================================

[PICKUP] R4 picked up tag (density=6) | Total: 1
[PICKUP] R2 picked up tag (density=9) | Total: 2
[PICKUP] R3 picked up tag (density=12) | Total: 3
[DEPOSIT] R4 deposited! Total: 1
  [PHERO] Laid at (0.00, -0.50) density=6 prob=0.14 entries=1
  [TARGET] R4 → SITE (0.00, -0.50)
[PICKUP] R4 picked up tag (density=5) | Total: 4

======================================================================
Step 500 (0.3 min) | Pickups: 4 | Deposits: 1 | Rate: 3.75 tags/min | phero_entries=1 max_w=0.780
======================================================================
R1[DEPART    ]: carry=0 | base=1.98 | wall=0.75 | search=  0 | target=none
R2[RTB       ]: carry=1 | base=0.36 | wall=2.14 | search=  0 | target=none
R3[RTB       ]: carry=1 | base=1.07 | wall=1.43 | search=  0 | target=none
R4[SURVEY    ]: carry=1 | base=0.35 | wall=2.18 | search=  0 | target=none

[DEPOSIT] R2 deposited! Total: 2
  [TARGET] R2 → SITE (0.38, 0.14)
[DEPOSIT] R3 deposited! Total: 3
  [TARGET] R3 → SITE (-0.01, 1.15)
[DEPOSIT] R4 deposited! Total: 4
  [TARGET] R4 → SITE (0.13, -0.31)
[PICKUP] R2 picked up tag (density=8) | Total: 5

======================================================================
Step 1000 (0.5 min) | Pickups: 5 | Deposits: 4 | Rate: 7.50 tags/min | phero_entries=1 max_w=0.427
======================================================================
R1[SEARCH    ]: carry=0 | base=2.51 | wall=0.36 | search=205 | target=none
R2[SURVEY    ]: carry=1 | base=0.44 | wall=2.09 | search=  0 | target=none
R3[SITE      ]: carry=0 | base=0.84 | wall=1.66 | search=  0 | target=site(-0.01,1.15)
R4[SEARCH    ]: carry=0 | base=0.36 | wall=2.18 | search= 28 | target=site(0.13,-0.31)

[DEPOSIT] R2 deposited! Total: 5
  [PHERO] Laid at (0.41, 0.16) density=8 prob=0.35 entries=2
  [TARGET] R2 → SITE (0.41, 0.16)
  [GIVE-UP] R4 returned empty after 312 searching steps
  [TARGET] R4 → PHERO (0.00, -0.50)

======================================================================
Step 1500 (0.8 min) | Pickups: 5 | Deposits: 5 | Rate: 6.25 tags/min | phero_entries=2 max_w=0.665
======================================================================
R1[WALL_ESC  ]: carry=0 | base=2.59 | wall=0.33 | search=705 | target=none
R2[SEARCH    ]: carry=0 | base=0.36 | wall=2.16 | search=120 | target=site(0.41,0.16)
R3[SEARCH    ]: carry=0 | base=1.41 | wall=1.10 | search=430 | target=site(-0.01,1.15)
R4[PHERO     ]: carry=0 | base=0.25 | wall=2.27 | search=  0 | target=phero(0.00,-0.50)

[PICKUP] R4 picked up tag (density=4) | Total: 6
[PICKUP] R2 picked up tag (density=7) | Total: 7
[DEPOSIT] R4 deposited! Total: 6
  [TARGET] R4 → SITE (0.08, -0.31)

======================================================================
Step 2000 (1.1 min) | Pickups: 7 | Deposits: 6 | Rate: 5.62 tags/min | phero_entries=2 max_w=0.365
======================================================================
R1[SEARCH    ]: carry=0 | base=2.49 | wall=0.39 | search=1205 | target=none
R2[RTB       ]: carry=1 | base=0.53 | wall=1.98 | search=  0 | target=none
R3[SEARCH    ]: carry=0 | base=2.21 | wall=0.37 | search=930 | target=site(-0.01,1.15)
R4[SITE      ]: carry=0 | base=0.34 | wall=2.20 | search=  0 | target=site(0.08,-0.31)

[DEPOSIT] R2 deposited! Total: 7
  [PHERO] Laid at (0.52, 0.15) density=7 prob=0.23 entries=3
  [TARGET] R2 → SITE (0.52, 0.15)
[PICKUP] R2 picked up tag (density=6) | Total: 8
[PICKUP] R4 picked up tag (density=5) | Total: 9

======================================================================
Step 2500 (1.3 min) | Pickups: 9 | Deposits: 7 | Rate: 5.25 tags/min | phero_entries=3 max_w=0.607
======================================================================
R1[GIVE_UP   ]: carry=0 | base=1.09 | wall=1.61 | search=1248 | target=none
R2[SURVEY    ]: carry=1 | base=0.58 | wall=1.97 | search=  0 | target=none
R3[GIVE_UP   ]: carry=0 | base=1.61 | wall=1.00 | search=1248 | target=none
R4[SURVEY    ]: carry=1 | base=0.37 | wall=2.20 | search=  0 | target=none

  [GIVE-UP] R1 returned empty after 1248 searching steps
  [TARGET] R1 → PHERO (0.41, 0.16)
[DEPOSIT] R2 deposited! Total: 8
  [PHERO] Laid at (0.53, 0.23) density=6 prob=0.14 entries=4
  [TARGET] R2 → SITE (0.53, 0.23)
[PICKUP] R3 picked up tag (density=4) | Total: 10
[DEPOSIT] R4 deposited! Total: 9
  [TARGET] R4 → SITE (0.30, 0.22)

======================================================================
Step 3000 (1.6 min) | Pickups: 10 | Deposits: 9 | Rate: 5.62 tags/min | phero_entries=4 max_w=0.760
======================================================================
R1[BASE_ESC  ]: carry=0 | base=0.25 | wall=2.29 | search=  0 | target=phero(0.41,0.16)
R2[SITE      ]: carry=0 | base=0.52 | wall=2.00 | search=  0 | target=site(0.53,0.23)
R3[RTB       ]: carry=1 | base=0.56 | wall=1.98 | search=  0 | target=none
R4[SITE      ]: carry=0 | base=0.34 | wall=2.17 | search=  0 | target=site(0.30,0.22)

[PICKUP] R4 picked up tag (density=3) | Total: 11
[DEPOSIT] R3 deposited! Total: 10
  [TARGET] R3 → SITE (0.20, 0.52)
[PICKUP] R2 picked up tag (density=2) | Total: 12
[PICKUP] R3 picked up tag (density=1) | Total: 13

======================================================================
Step 3500 (1.9 min) | Pickups: 13 | Deposits: 10 | Rate: 5.36 tags/min | phero_entries=4 max_w=0.417
======================================================================
R1[BASE_ESC  ]: carry=0 | base=0.24 | wall=2.31 | search=264 | target=phero(0.41,0.16)
R2[SURVEY    ]: carry=1 | base=0.67 | wall=1.92 | search=  0 | target=none
R3[SURVEY    ]: carry=1 | base=0.58 | wall=1.99 | search=  0 | target=none
R4[RTB       ]: carry=1 | base=0.27 | wall=2.29 | search=  0 | target=none

[DEPOSIT] R4 deposited! Total: 11
  [TARGET] R4 → SITE (0.35, 0.23)
[DEPOSIT] R2 deposited! Total: 12
  [TARGET] R2 → SITE (0.59, 0.34)
[DEPOSIT] R3 deposited! Total: 13
  [TARGET] R3 → SITE (0.27, 0.51)

======================================================================
Step 4000 (2.1 min) | Pickups: 13 | Deposits: 13 | Rate: 6.09 tags/min | phero_entries=4 max_w=0.228
======================================================================
R1[BASE_ESC  ]: carry=0 | base=0.24 | wall=2.27 | search=764 | target=phero(0.41,0.16)
R2[SITE      ]: carry=0 | base=0.53 | wall=2.01 | search=  0 | target=site(0.59,0.34)
R3[SITE      ]: carry=0 | base=0.49 | wall=2.07 | search=  0 | target=site(0.27,0.51)
R4[SEARCH    ]: carry=0 | base=1.03 | wall=1.61 | search=325 | target=site(0.35,0.23)

  [GIVE-UP] R3 returned empty after 156 searching steps
  [TARGET] R3 → PHERO (0.53, 0.23)

======================================================================
Step 4500 (2.4 min) | Pickups: 13 | Deposits: 13 | Rate: 5.42 tags/min | phero_entries=4 max_w=0.125
======================================================================
R1[SEARCH    ]: carry=0 | base=0.27 | wall=2.23 | search=1264 | target=phero(0.41,0.16)
R2[SEARCH    ]: carry=0 | base=0.51 | wall=2.01 | search=469 | target=site(0.59,0.34)
R3[PHERO     ]: carry=0 | base=0.30 | wall=2.20 | search=  0 | target=phero(0.53,0.23)
R4[SEARCH    ]: carry=0 | base=0.63 | wall=1.89 | search=825 | target=site(0.35,0.23)

  [GIVE-UP] R4 returned empty after 1092 searching steps
  [TARGET] R4 → PHERO (0.53, 0.23)

======================================================================
Step 5000 (2.7 min) | Pickups: 13 | Deposits: 13 | Rate: 4.88 tags/min | phero_entries=4 max_w=0.069
======================================================================
R1[SEARCH    ]: carry=0 | base=0.86 | wall=1.67 | search=1764 | target=phero(0.41,0.16)
R2[SEARCH    ]: carry=0 | base=1.34 | wall=1.17 | search=969 | target=site(0.59,0.34)
R3[SEARCH    ]: carry=0 | base=0.37 | wall=2.14 | search=360 | target=phero(0.53,0.23)
R4[BASE_ESC  ]: carry=0 | base=0.23 | wall=2.30 | search=  0 | target=phero(0.53,0.23)

  [GIVE-UP] R3 returned empty after 468 searching steps
  [TARGET] R3 → PHERO (0.52, 0.15)
  [GIVE-UP] R4 returned empty after 156 searching steps
  [TARGET] R4 → PHERO (0.53, 0.23)

======================================================================
Step 5500 (2.9 min) | Pickups: 13 | Deposits: 13 | Rate: 4.43 tags/min | phero_entries=4 max_w=0.038
======================================================================
R1[SEARCH    ]: carry=0 | base=1.35 | wall=1.41 | search=2264 | target=phero(0.41,0.16)
R2[SEARCH    ]: carry=0 | base=1.90 | wall=1.02 | search=1469 | target=site(0.59,0.34)
R3[SEARCH    ]: carry=0 | base=0.52 | wall=1.99 | search= 87 | target=phero(0.52,0.15)
R4[BASE_ESC  ]: carry=0 | base=0.23 | wall=2.28 | search=  0 | target=phero(0.53,0.23)

  [GIVE-UP] R3 returned empty after 156 searching steps
  [TARGET] R3 → PHERO (0.53, 0.23)

======================================================================
Step 6000 (3.2 min) | Pickups: 13 | Deposits: 13 | Rate: 4.06 tags/min | phero_entries=4 max_w=0.021
======================================================================
R1[SEARCH    ]: carry=0 | base=1.00 | wall=1.61 | search=2764 | target=phero(0.41,0.16)
R2[SEARCH    ]: carry=0 | base=1.61 | wall=1.07 | search=1969 | target=site(0.59,0.34)
R3[SEARCH    ]: carry=0 | base=0.57 | wall=1.94 | search=140 | target=phero(0.53,0.23)
R4[BASE_ESC  ]: carry=0 | base=0.22 | wall=2.33 | search=397 | target=phero(0.53,0.23)


======================================================================
Step 6500 (3.5 min) | Pickups: 13 | Deposits: 13 | Rate: 3.75 tags/min | phero_entries=3 max_w=0.011
======================================================================
R1[SEARCH    ]: carry=0 | base=0.76 | wall=1.84 | search=3264 | target=phero(0.41,0.16)
R2[GIVE_UP   ]: carry=0 | base=1.03 | wall=1.50 | search=2340 | target=none
R3[SEARCH    ]: carry=0 | base=0.38 | wall=2.12 | search=640 | target=phero(0.53,0.23)
R4[SEARCH    ]: carry=0 | base=0.65 | wall=1.86 | search=897 | target=phero(0.53,0.23)

  [GIVE-UP] R2 returned empty after 2340 searching steps
  [TARGET] R2 → PHERO (0.53, 0.23)

======================================================================
Step 7000 (3.7 min) | Pickups: 13 | Deposits: 13 | Rate: 3.48 tags/min | phero_entries=2 max_w=0.006
======================================================================
R1[SEARCH    ]: carry=0 | base=1.16 | wall=1.60 | search=3764 | target=phero(0.41,0.16)
R2[SEARCH    ]: carry=0 | base=0.57 | wall=1.98 | search= 17 | target=phero(0.53,0.23)
R3[SEARCH    ]: carry=0 | base=0.81 | wall=1.90 | search=1140 | target=phero(0.53,0.23)
R4[SEARCH    ]: carry=0 | base=0.94 | wall=1.57 | search=1397 | target=phero(0.53,0.23)

  [GIVE-UP] R4 returned empty after 1404 searching steps
  [TARGET] R4 → PHERO (0.53, 0.23)
  [GIVE-UP] R2 returned empty after 312 searching steps
  [TARGET] R2 → PHERO (0.53, 0.23)

======================================================================
Step 7500 (4.0 min) | Pickups: 13 | Deposits: 13 | Rate: 3.25 tags/min | phero_entries=2 max_w=0.003
======================================================================
R1[SEARCH    ]: carry=0 | base=2.10 | wall=0.99 | search=4264 | target=phero(0.41,0.16)
R2[SEARCH    ]: carry=0 | base=0.58 | wall=1.96 | search= 48 | target=phero(0.53,0.23)
R3[GIVE_UP   ]: carry=0 | base=0.43 | wall=2.10 | search=1404 | target=none
R4[SEARCH    ]: carry=0 | base=0.64 | wall=1.92 | search= 72 | target=phero(0.53,0.23)

  [GIVE-UP] R3 returned empty after 1404 searching steps
  [TARGET] R3 → PHERO (0.52, 0.15)

======================================================================
Step 8000 (4.3 min) | Pickups: 13 | Deposits: 13 | Rate: 3.05 tags/min | phero_entries=1 max_w=0.002
======================================================================
R1[SEARCH    ]: carry=0 | base=1.78 | wall=0.87 | search=4764 | target=phero(0.41,0.16)
R2[BASE_ESC  ]: carry=0 | base=0.23 | wall=2.29 | search=548 | target=phero(0.53,0.23)
R3[PHERO     ]: carry=0 | base=0.26 | wall=2.31 | search=  0 | target=phero(0.52,0.15)
R4[SEARCH    ]: carry=0 | base=0.84 | wall=1.85 | search=572 | target=phero(0.53,0.23)

  [GIVE-UP] R4 returned empty after 624 searching steps
  [TARGET] R4 → PHERO (0.53, 0.23)

======================================================================
Step 8500 (4.5 min) | Pickups: 13 | Deposits: 13 | Rate: 2.87 tags/min | phero_entries=1 max_w=0.001
======================================================================
R1[SEARCH    ]: carry=0 | base=2.31 | wall=0.52 | search=5264 | target=phero(0.41,0.16)
R2[SEARCH    ]: carry=0 | base=0.41 | wall=2.17 | search=1048 | target=phero(0.53,0.23)
R3[SEARCH    ]: carry=0 | base=0.50 | wall=2.03 | search=118 | target=phero(0.52,0.15)
R4[PHERO     ]: carry=0 | base=0.30 | wall=2.23 | search=  0 | target=phero(0.53,0.23)

[PICKUP] R2 picked up tag (density=3) | Total: 14

======================================================================
Step 9000 (4.8 min) | Pickups: 14 | Deposits: 13 | Rate: 2.71 tags/min | phero_entries=0 max_w=0.000
======================================================================
R1[GIVE_UP   ]: carry=0 | base=0.98 | wall=1.66 | search=5460 | target=none
R2[SURVEY    ]: carry=1 | base=0.65 | wall=1.85 | search=  0 | target=none
R3[BASE_ESC  ]: carry=0 | base=0.23 | wall=2.27 | search=618 | target=phero(0.52,0.15)
R4[SEARCH    ]: carry=0 | base=0.95 | wall=1.71 | search=392 | target=phero(0.53,0.23)

  [GIVE-UP] R1 returned empty after 5460 searching steps
  [TARGET] R1 → WALL (-1.30, 2.42)
[DEPOSIT] R2 deposited! Total: 14
  [TARGET] R2 → SITE (-0.02, -0.65)
[PICKUP] R2 picked up tag (density=2) | Total: 15

======================================================================
Step 9500 (5.1 min) | Pickups: 15 | Deposits: 14 | Rate: 2.76 tags/min | phero_entries=0 max_w=0.000
======================================================================
R1[SEARCH    ]: carry=0 | base=0.68 | wall=1.95 | search= 45 | target=none
R2[SURVEY    ]: carry=1 | base=0.41 | wall=2.10 | search=  0 | target=none
R3[SEARCH    ]: carry=0 | base=1.06 | wall=1.71 | search=1118 | target=phero(0.52,0.15)
R4[SEARCH    ]: carry=0 | base=1.31 | wall=1.27 | search=892 | target=phero(0.53,0.23)

[DEPOSIT] R2 deposited! Total: 15
  [TARGET] R2 → SITE (0.11, -0.40)

======================================================================
Step 10000 (5.3 min) | Pickups: 15 | Deposits: 15 | Rate: 2.81 tags/min | phero_entries=0 max_w=0.000
======================================================================
R1[SEARCH    ]: carry=0 | base=1.50 | wall=1.01 | search=545 | target=none
R2[SITE      ]: carry=0 | base=0.38 | wall=2.17 | search=  0 | target=site(0.11,-0.40)
R3[SEARCH    ]: carry=0 | base=1.40 | wall=1.41 | search=1618 | target=phero(0.52,0.15)
R4[SEARCH    ]: carry=0 | base=0.66 | wall=1.96 | search=1392 | target=phero(0.53,0.23)


======================================================================
Step 10500 (5.6 min) | Pickups: 15 | Deposits: 15 | Rate: 2.68 tags/min | phero_entries=0 max_w=0.000
======================================================================
R1[SEARCH    ]: carry=0 | base=1.71 | wall=1.06 | search=1045 | target=none
R2[BASE_ESC  ]: carry=0 | base=0.24 | wall=2.26 | search=483 | target=site(0.11,-0.40)
R3[GIVE_UP   ]: carry=0 | base=0.37 | wall=2.23 | search=1716 | target=none
R4[SEARCH    ]: carry=0 | base=0.36 | wall=2.16 | search=1892 | target=phero(0.53,0.23)

  [GIVE-UP] R3 returned empty after 1716 searching steps
  [TARGET] R3 → WALL (1.21, -2.42)

======================================================================
Step 11000 (5.9 min) | Pickups: 15 | Deposits: 15 | Rate: 2.56 tags/min | phero_entries=0 max_w=0.000
======================================================================
R1[WALL_ESC  ]: carry=0 | base=2.69 | wall=0.34 | search=1545 | target=none
R2[SEARCH    ]: carry=0 | base=0.91 | wall=1.59 | search=983 | target=site(0.11,-0.40)
R3[SEARCH    ]: carry=0 | base=0.42 | wall=2.19 | search=200 | target=none
R4[SEARCH    ]: carry=0 | base=0.42 | wall=2.12 | search=2392 | target=phero(0.53,0.23)


======================================================================
Step 11500 (6.1 min) | Pickups: 15 | Deposits: 15 | Rate: 2.45 tags/min | phero_entries=0 max_w=0.000
======================================================================
R1[GIVE_UP   ]: carry=0 | base=1.23 | wall=1.49 | search=1560 | target=none
R2[SEARCH    ]: carry=0 | base=1.89 | wall=0.68 | search=1483 | target=site(0.11,-0.40)
R3[GIVE_UP   ]: carry=0 | base=0.46 | wall=2.05 | search=624 | target=none
R4[SEARCH    ]: carry=0 | base=1.04 | wall=1.73 | search=2892 | target=phero(0.53,0.23)

  [GIVE-UP] R3 returned empty after 624 searching steps
  [TARGET] R3 → WALL (2.02, -2.42)
  [GIVE-UP] R1 returned empty after 1560 searching steps
  [TARGET] R1 → WALL (1.96, -2.42)

======================================================================
Step 12000 (6.4 min) | Pickups: 15 | Deposits: 15 | Rate: 2.34 tags/min | phero_entries=0 max_w=0.000
======================================================================
R1[DEPART    ]: carry=0 | base=0.26 | wall=2.26 | search=  0 | target=none
R2[SEARCH    ]: carry=0 | base=1.38 | wall=1.14 | search=1983 | target=site(0.11,-0.40)
R3[SEARCH    ]: carry=0 | base=0.35 | wall=2.15 | search= 86 | target=none
R4[GIVE_UP   ]: carry=0 | base=1.61 | wall=1.00 | search=3276 | target=none

[PICKUP] R2 picked up tag (density=9) | Total: 16
  [GIVE-UP] R4 returned empty after 3276 searching steps
  [TARGET] R4 → WALL (-2.42, 1.20)

======================================================================
Step 12500 (6.7 min) | Pickups: 16 | Deposits: 15 | Rate: 2.25 tags/min | phero_entries=0 max_w=0.000
======================================================================
R1[BASE_ESC  ]: carry=0 | base=0.25 | wall=2.27 | search=454 | target=none
R2[SURVEY    ]: carry=1 | base=1.78 | wall=0.72 | search=  0 | target=none
R3[SEARCH    ]: carry=0 | base=0.64 | wall=1.90 | search=586 | target=none
R4[DEPART    ]: carry=0 | base=0.35 | wall=2.16 | search=  0 | target=none

[PICKUP] R1 picked up tag (density=1) | Total: 17
[DEPOSIT] R2 deposited! Total: 16
  [PHERO] Laid at (-1.78, -0.02) density=9 prob=0.47 entries=1
  [TARGET] R2 → SITE (-1.78, -0.02)

======================================================================
Step 13000 (6.9 min) | Pickups: 17 | Deposits: 16 | Rate: 2.31 tags/min | phero_entries=1 max_w=0.921
======================================================================
R1[RTB       ]: carry=1 | base=0.64 | wall=1.93 | search=  0 | target=none
R2[BASE_ESC  ]: carry=0 | base=0.22 | wall=2.28 | search=  0 | target=site(-1.78,-0.02)
R3[SEARCH    ]: carry=0 | base=0.82 | wall=1.69 | search=1086 | target=none
R4[SEARCH    ]: carry=0 | base=1.10 | wall=1.40 | search=378 | target=none

[DEPOSIT] R1 deposited! Total: 17
  [TARGET] R1 → SITE (0.29, -0.57)

======================================================================
Step 13500 (7.2 min) | Pickups: 17 | Deposits: 17 | Rate: 2.36 tags/min | phero_entries=1 max_w=0.505
======================================================================
R1[SEARCH    ]: carry=0 | base=0.68 | wall=1.86 | search= 90 | target=site(0.29,-0.57)
R2[SEARCH    ]: carry=0 | base=1.77 | wall=0.73 | search= 58 | target=site(-1.78,-0.02)
R3[SEARCH    ]: carry=0 | base=1.30 | wall=1.40 | search=1586 | target=none
R4[GIVE_UP   ]: carry=0 | base=0.55 | wall=1.97 | search=624 | target=none

[PICKUP] R2 picked up tag (density=8) | Total: 18
  [GIVE-UP] R4 returned empty after 624 searching steps
  [TARGET] R4 → PHERO (-1.78, -0.02)

======================================================================
Step 14000 (7.5 min) | Pickups: 18 | Deposits: 17 | Rate: 2.28 tags/min | phero_entries=1 max_w=0.277
======================================================================
R1[GIVE_UP   ]: carry=0 | base=0.38 | wall=2.12 | search=312 | target=none
R2[RTB       ]: carry=1 | base=1.04 | wall=1.46 | search=  0 | target=none
R3[GIVE_UP   ]: carry=0 | base=1.44 | wall=1.30 | search=2028 | target=none
R4[PHERO     ]: carry=0 | base=1.42 | wall=1.08 | search=  0 | target=phero(-1.78,-0.02)

  [GIVE-UP] R1 returned empty after 312 searching steps
  [TARGET] R1 → PHERO (-1.78, -0.02)
[DEPOSIT] R2 deposited! Total: 18
  [TARGET] R2 → SITE (-1.77, 0.07)
[PICKUP] R4 picked up tag (density=7) | Total: 19
  [GIVE-UP] R3 returned empty after 2028 searching steps
  [TARGET] R3 → PHERO (-1.78, -0.02)

======================================================================
Step 14500 (7.7 min) | Pickups: 19 | Deposits: 18 | Rate: 2.33 tags/min | phero_entries=1 max_w=0.152
======================================================================
R1[PHERO     ]: carry=0 | base=1.28 | wall=1.23 | search=  0 | target=phero(-1.78,-0.02)
R2[SITE      ]: carry=0 | base=0.90 | wall=1.60 | search=  0 | target=site(-1.77,0.07)
R3[PHERO     ]: carry=0 | base=0.30 | wall=2.20 | search=  0 | target=phero(-1.78,-0.02)
R4[SURVEY    ]: carry=1 | base=1.79 | wall=0.72 | search=  0 | target=none

[DEPOSIT] R4 deposited! Total: 19
  [TARGET] R4 → SITE (-1.78, 0.12)

======================================================================
Step 15000 (8.0 min) | Pickups: 19 | Deposits: 19 | Rate: 2.38 tags/min | phero_entries=1 max_w=0.083
======================================================================
R1[GIVE_UP   ]: carry=0 | base=1.45 | wall=1.11 | search=312 | target=none
R2[SEARCH    ]: carry=0 | base=1.67 | wall=0.84 | search=280 | target=site(-1.77,0.07)
R3[SEARCH    ]: carry=0 | base=1.75 | wall=0.75 | search=  7 | target=phero(-1.78,-0.02)
R4[BASE_ESC  ]: carry=0 | base=0.22 | wall=2.28 | search=  0 | target=site(-1.78,0.12)

  [GIVE-UP] R1 returned empty after 312 searching steps
  [TARGET] R1 → PHERO (-1.78, -0.02)

======================================================================
Step 15500 (8.3 min) | Pickups: 19 | Deposits: 19 | Rate: 2.30 tags/min | phero_entries=1 max_w=0.046
======================================================================
R1[PHERO     ]: carry=0 | base=0.46 | wall=2.07 | search=  0 | target=phero(-1.78,-0.02)
R2[SEARCH    ]: carry=0 | base=1.66 | wall=0.84 | search=780 | target=site(-1.77,0.07)
R3[GIVE_UP   ]: carry=0 | base=0.33 | wall=2.17 | search=156 | target=none
R4[SEARCH    ]: carry=0 | base=1.77 | wall=0.74 | search= 46 | target=site(-1.78,0.12)

  [GIVE-UP] R3 returned empty after 156 searching steps
  [TARGET] R3 → PHERO (-1.78, -0.02)

======================================================================
Step 16000 (8.5 min) | Pickups: 19 | Deposits: 19 | Rate: 2.23 tags/min | phero_entries=1 max_w=0.025
======================================================================
R1[SEARCH    ]: carry=0 | base=1.71 | wall=0.79 | search=159 | target=phero(-1.78,-0.02)
R2[SEARCH    ]: carry=0 | base=1.64 | wall=0.86 | search=1280 | target=site(-1.77,0.07)
R3[PHERO     ]: carry=0 | base=1.60 | wall=0.90 | search=  0 | target=phero(-1.78,-0.02)
R4[GIVE_UP   ]: carry=0 | base=0.69 | wall=1.82 | search=156 | target=none

  [GIVE-UP] R4 returned empty after 156 searching steps
  [TARGET] R4 → PHERO (-1.78, -0.02)
[PICKUP] R1 picked up tag (density=6) | Total: 20

======================================================================
Step 16500 (8.8 min) | Pickups: 20 | Deposits: 19 | Rate: 2.16 tags/min | phero_entries=1 max_w=0.014
======================================================================
R1[RTB       ]: carry=1 | base=1.84 | wall=0.66 | search=  0 | target=none
R2[GIVE_UP   ]: carry=0 | base=0.63 | wall=1.88 | search=1560 | target=none
R3[GIVE_UP   ]: carry=0 | base=1.54 | wall=0.97 | search=312 | target=none
R4[PHERO     ]: carry=0 | base=1.28 | wall=1.22 | search=  0 | target=phero(-1.78,-0.02)

  [GIVE-UP] R2 returned empty after 1560 searching steps
  [TARGET] R2 → PHERO (-1.78, -0.02)
  [GIVE-UP] R3 returned empty after 312 searching steps
  [TARGET] R3 → PHERO (-1.78, -0.02)
[DEPOSIT] R1 deposited! Total: 20
  [TARGET] R1 → SITE (-1.85, 0.14)

======================================================================
Step 17000 (9.1 min) | Pickups: 20 | Deposits: 20 | Rate: 2.21 tags/min | phero_entries=1 max_w=0.008
======================================================================
R1[BASE_ESC  ]: carry=0 | base=0.23 | wall=2.28 | search=  0 | target=site(-1.85,0.14)
R2[PHERO     ]: carry=0 | base=1.19 | wall=1.31 | search=  0 | target=phero(-1.78,-0.02)
R3[PHERO     ]: carry=0 | base=0.37 | wall=2.14 | search=  0 | target=phero(-1.78,-0.02)
R4[SEARCH    ]: carry=0 | base=1.24 | wall=1.26 | search=383 | target=phero(-1.78,-0.02)


======================================================================
Step 17500 (9.3 min) | Pickups: 20 | Deposits: 20 | Rate: 2.14 tags/min | phero_entries=1 max_w=0.004
======================================================================
R1[SEARCH    ]: carry=0 | base=1.84 | wall=0.66 | search= 59 | target=site(-1.85,0.14)
R2[SEARCH    ]: carry=0 | base=1.38 | wall=1.14 | search=350 | target=phero(-1.78,-0.02)
R3[SEARCH    ]: carry=0 | base=1.79 | wall=0.71 | search= 81 | target=phero(-1.78,-0.02)
R4[SEARCH    ]: carry=0 | base=1.18 | wall=1.45 | search=883 | target=phero(-1.78,-0.02)


======================================================================
Step 18000 (9.6 min) | Pickups: 20 | Deposits: 20 | Rate: 2.08 tags/min | phero_entries=1 max_w=0.002
======================================================================
R1[GIVE_UP   ]: carry=0 | base=0.29 | wall=2.21 | search=156 | target=none
R2[SEARCH    ]: carry=0 | base=1.50 | wall=1.32 | search=850 | target=phero(-1.78,-0.02)
R3[SEARCH    ]: carry=0 | base=1.74 | wall=0.98 | search=581 | target=phero(-1.78,-0.02)
R4[SEARCH    ]: carry=0 | base=1.41 | wall=1.30 | search=1383 | target=phero(-1.78,-0.02)

  [GIVE-UP] R1 returned empty after 156 searching steps
  [TARGET] R1 → PHERO (-1.78, -0.02)
[PICKUP] R2 picked up tag (density=12) | Total: 21
[PICKUP] R3 picked up tag (density=5) | Total: 22
  [GIVE-UP] R4 returned empty after 1560 searching steps
  [TARGET] R4 → PHERO (-1.78, -0.02)

======================================================================
Step 18500 (9.9 min) | Pickups: 22 | Deposits: 20 | Rate: 2.03 tags/min | phero_entries=1 max_w=0.001
======================================================================
R1[PHERO     ]: carry=0 | base=1.64 | wall=0.86 | search=  0 | target=phero(-1.78,-0.02)
R2[RTB       ]: carry=1 | base=0.48 | wall=2.09 | search=  0 | target=none
R3[RTB       ]: carry=1 | base=2.00 | wall=0.52 | search=  0 | target=none
R4[PHERO     ]: carry=0 | base=0.26 | wall=2.25 | search=  0 | target=phero(-1.78,-0.02)

[DEPOSIT] R2 deposited! Total: 21
  [PHERO] Laid at (-0.88, -1.24) density=12 prob=0.80 entries=2
  [TARGET] R2 → SITE (-0.88, -1.24)
TIMEOUT_RESULT pickups=22 deposits=21 steps=18750 elapsed_min=10.000000
BATCH_RESULT pickups=22 deposits=21
