=================================================================
CPFA BASELINE — ARGoS-calibrated parameters
  Params file                  = /home/sara/Documents/RL-FL-Foraging/cpfa_tuning_20260715_155549/trial_007/params.yaml
  Results file                 = /home/sara/Documents/RL-FL-Foraging/controllers/cpfa_baseline/results/cpfa_baseline_results_20260715_161442_10.txt
  RateOfLayingPheromone        = 9.892370829281072
  RateOfSiteFidelity           = 1.5661481921067975
  RateOfPheromoneDecay         = 0.037580980521149096 /s  (lifetime ~184s)
  ProbabilityOfReturningToNest = 0.10421378884426274 (every 5 sec → E[give-up] ~48s)
  UninformedSearchVariation    = 0.53 rad (30.5°)
  RateOfInformedSearchDecay    = 1.263183429772612 /waypoint
  ProbabilityOfSwitchingToSearching = 0.5860991209307408 (every 5 sec in uninformed DEPARTING)
=================================================================

[PICKUP] R1 picked up tag (density=9) | Total: 1
[PICKUP] R4 picked up tag (density=7) | Total: 2
[DEPOSIT] R1 deposited! Total: 1
  [TARGET] R1 → SITE (-0.50, 0.00)
[DEPOSIT] R4 deposited! Total: 2
  [TARGET] R4 → SITE (0.00, -0.50)
  [GIVE-UP] R2 returned empty after 156 searching steps
  [TARGET] R2 → WALL (2.42, -1.40)
[PICKUP] R1 picked up tag (density=10) | Total: 3

======================================================================
Step 500 (0.3 min) | Pickups: 3 | Deposits: 2 | Rate: 7.50 tags/min | phero_entries=0 max_w=0.000
======================================================================
R1[SURVEY    ]: carry=1 | base=0.31 | wall=2.20 | search=  0 | target=none
R2[DEPART    ]: carry=0 | base=0.29 | wall=2.21 | search=  0 | target=none
R3[SEARCH    ]: carry=0 | base=1.53 | wall=0.99 | search=344 | target=none
R4[SITE      ]: carry=0 | base=0.45 | wall=2.05 | search=  0 | target=site(0.00,-0.50)

[DEPOSIT] R1 deposited! Total: 3
  [PHERO] Laid at (-0.29, -0.08) density=10 prob=0.60 entries=1
  [TARGET] R1 → SITE (-0.29, -0.08)
[PICKUP] R1 picked up tag (density=11) | Total: 4
[PICKUP] R2 picked up tag (density=11) | Total: 5

======================================================================
Step 1000 (0.5 min) | Pickups: 5 | Deposits: 3 | Rate: 5.62 tags/min | phero_entries=1 max_w=0.664
======================================================================
R1[SURVEY    ]: carry=1 | base=0.33 | wall=2.20 | search=  0 | target=none
R2[SURVEY    ]: carry=1 | base=0.42 | wall=2.11 | search=  0 | target=none
R3[SEARCH    ]: carry=0 | base=1.12 | wall=1.39 | search=844 | target=none
R4[GIVE_UP   ]: carry=0 | base=0.27 | wall=2.26 | search=468 | target=none

  [GIVE-UP] R4 returned empty after 468 searching steps
  [TARGET] R4 → PHERO (-0.29, -0.08)
[DEPOSIT] R1 deposited! Total: 4
  [PHERO] Laid at (-0.30, -0.13) density=11 prob=0.71 entries=2
  [TARGET] R1 → SITE (-0.30, -0.13)
[DEPOSIT] R2 deposited! Total: 5
  [PHERO] Laid at (-0.15, -0.39) density=11 prob=0.71 entries=3
  [TARGET] R2 → SITE (-0.15, -0.39)
[PICKUP] R1 picked up tag (density=9) | Total: 6
  [GIVE-UP] R3 returned empty after 936 searching steps
  [TARGET] R3 → PHERO (-0.15, -0.39)

======================================================================
Step 1500 (0.8 min) | Pickups: 6 | Deposits: 5 | Rate: 6.25 tags/min | phero_entries=3 max_w=0.768
======================================================================
R1[SURVEY    ]: carry=1 | base=0.38 | wall=2.15 | search=  0 | target=none
R2[SEARCH    ]: carry=0 | base=0.42 | wall=2.10 | search=  8 | target=site(-0.15,-0.39)
R3[BASE_ESC  ]: carry=0 | base=0.23 | wall=2.30 | search=  0 | target=phero(-0.15,-0.39)
R4[PHERO     ]: carry=0 | base=0.26 | wall=2.24 | search=  0 | target=phero(-0.29,-0.08)

[PICKUP] R2 picked up tag (density=9) | Total: 7
[DEPOSIT] R1 deposited! Total: 6
  [TARGET] R1 → SITE (-0.36, -0.14)
[PICKUP] R1 picked up tag (density=8) | Total: 8
[DEPOSIT] R2 deposited! Total: 7
  [PHERO] Laid at (-0.20, -0.40) density=9 prob=0.47 entries=4
  [TARGET] R2 → SITE (-0.20, -0.40)

======================================================================
Step 2000 (1.1 min) | Pickups: 8 | Deposits: 7 | Rate: 6.56 tags/min | phero_entries=4 max_w=0.896
======================================================================
R1[SURVEY    ]: carry=1 | base=0.40 | wall=2.14 | search=  0 | target=none
R2[BASE_ESC  ]: carry=0 | base=0.23 | wall=2.27 | search=  0 | target=site(-0.20,-0.40)
R3[SEARCH    ]: carry=0 | base=0.30 | wall=2.26 | search=222 | target=phero(-0.15,-0.39)
R4[PHERO     ]: carry=0 | base=0.26 | wall=2.25 | search=  0 | target=phero(-0.29,-0.08)

[DEPOSIT] R1 deposited! Total: 8
  [PHERO] Laid at (-0.37, -0.19) density=8 prob=0.35 entries=5
  [TARGET] R1 → SITE (-0.37, -0.19)
[PICKUP] R2 picked up tag (density=7) | Total: 9
[PICKUP] R1 picked up tag (density=6) | Total: 10

======================================================================
Step 2500 (1.3 min) | Pickups: 10 | Deposits: 8 | Rate: 6.00 tags/min | phero_entries=5 max_w=0.681
======================================================================
R1[SURVEY    ]: carry=1 | base=0.43 | wall=2.14 | search=  0 | target=none
R2[RTB       ]: carry=1 | base=0.29 | wall=2.22 | search=  0 | target=none
R3[SEARCH    ]: carry=0 | base=0.29 | wall=2.22 | search=722 | target=phero(-0.15,-0.39)
R4[SEARCH    ]: carry=0 | base=0.44 | wall=2.09 | search=284 | target=phero(-0.29,-0.08)

[DEPOSIT] R2 deposited! Total: 9
  [PHERO] Laid at (-0.23, -0.45) density=7 prob=0.23 entries=6
  [TARGET] R2 → SITE (-0.23, -0.45)
  [GIVE-UP] R3 returned empty after 780 searching steps
  [TARGET] R3 → PHERO (-0.23, -0.45)
[DEPOSIT] R1 deposited! Total: 10
  [TARGET] R1 → SITE (-0.37, -0.23)
[PICKUP] R3 picked up tag (density=5) | Total: 11
  [GIVE-UP] R2 returned empty after 156 searching steps
  [TARGET] R2 → PHERO (-0.23, -0.45)

======================================================================
Step 3000 (1.6 min) | Pickups: 11 | Deposits: 10 | Rate: 6.25 tags/min | phero_entries=6 max_w=0.555
======================================================================
R1[SEARCH    ]: carry=0 | base=0.47 | wall=2.13 | search= 83 | target=site(-0.37,-0.23)
R2[BASE_ESC  ]: carry=0 | base=0.22 | wall=2.29 | search=  0 | target=phero(-0.23,-0.45)
R3[SURVEY    ]: carry=1 | base=0.60 | wall=2.03 | search=  0 | target=none
R4[SEARCH    ]: carry=0 | base=1.16 | wall=1.38 | search=784 | target=phero(-0.29,-0.08)

[PICKUP] R2 picked up tag (density=4) | Total: 12
[DEPOSIT] R3 deposited! Total: 11
  [TARGET] R3 → SITE (-0.36, -0.48)
[PICKUP] R4 picked up tag (density=3) | Total: 13

======================================================================
Step 3500 (1.9 min) | Pickups: 13 | Deposits: 11 | Rate: 5.89 tags/min | phero_entries=6 max_w=0.304
======================================================================
R1[BASE_ESC  ]: carry=0 | base=0.24 | wall=2.26 | search=583 | target=site(-0.37,-0.23)
R2[RTB       ]: carry=1 | base=0.36 | wall=2.15 | search=  0 | target=none
R3[SITE      ]: carry=0 | base=0.48 | wall=2.08 | search=  0 | target=site(-0.36,-0.48)
R4[RTB       ]: carry=1 | base=0.43 | wall=2.07 | search=  0 | target=none

[DEPOSIT] R2 deposited! Total: 12
  [PHERO] Laid at (-0.23, -0.50) density=4 prob=0.03 entries=7
  [TARGET] R2 → SITE (-0.23, -0.50)
[DEPOSIT] R4 deposited! Total: 13
  [TARGET] R4 → SITE (-0.63, -0.02)

======================================================================
Step 4000 (2.1 min) | Pickups: 13 | Deposits: 13 | Rate: 6.09 tags/min | phero_entries=7 max_w=0.568
======================================================================
R1[SEARCH    ]: carry=0 | base=0.30 | wall=2.20 | search=1083 | target=site(-0.37,-0.23)
R2[SEARCH    ]: carry=0 | base=0.41 | wall=2.09 | search=242 | target=site(-0.23,-0.50)
R3[SEARCH    ]: carry=0 | base=0.96 | wall=1.61 | search=474 | target=site(-0.36,-0.48)
R4[SEARCH    ]: carry=0 | base=0.73 | wall=1.77 | search=230 | target=site(-0.63,-0.02)

[PICKUP] R4 picked up tag (density=2) | Total: 14
[DEPOSIT] R4 deposited! Total: 14
  [TARGET] R4 → SITE (-0.71, -0.09)
  [GIVE-UP] R1 returned empty after 1404 searching steps
  [TARGET] R1 → PHERO (-0.23, -0.50)

======================================================================
Step 4500 (2.4 min) | Pickups: 14 | Deposits: 14 | Rate: 5.83 tags/min | phero_entries=7 max_w=0.311
======================================================================
R1[BASE_ESC  ]: carry=0 | base=0.24 | wall=2.26 | search=  0 | target=phero(-0.23,-0.50)
R2[BASE_ESC  ]: carry=0 | base=0.21 | wall=2.30 | search=742 | target=site(-0.23,-0.50)
R3[SEARCH    ]: carry=0 | base=1.50 | wall=1.25 | search=974 | target=site(-0.36,-0.48)
R4[SITE      ]: carry=0 | base=0.47 | wall=2.05 | search=  0 | target=site(-0.71,-0.09)

  [GIVE-UP] R2 returned empty after 780 searching steps
  [TARGET] R2 → PHERO (-0.23, -0.50)
[PICKUP] R4 picked up tag (density=1) | Total: 15
[DEPOSIT] R4 deposited! Total: 15
  [TARGET] R4 → PHERO (-0.23, -0.45)

======================================================================
Step 5000 (2.7 min) | Pickups: 15 | Deposits: 15 | Rate: 5.62 tags/min | phero_entries=7 max_w=0.171
======================================================================
R1[PHERO     ]: carry=0 | base=0.26 | wall=2.24 | search=  0 | target=phero(-0.23,-0.50)
R2[BASE_ESC  ]: carry=0 | base=0.25 | wall=2.27 | search=  0 | target=phero(-0.23,-0.50)
R3[SEARCH    ]: carry=0 | base=1.34 | wall=1.16 | search=1474 | target=site(-0.36,-0.48)
R4[BASE_ESC  ]: carry=0 | base=0.23 | wall=2.28 | search=  0 | target=phero(-0.23,-0.45)

  [GIVE-UP] R4 returned empty after 312 searching steps
  [TARGET] R4 → PHERO (-0.23, -0.45)

======================================================================
Step 5500 (2.9 min) | Pickups: 15 | Deposits: 15 | Rate: 5.11 tags/min | phero_entries=7 max_w=0.094
======================================================================
R1[SEARCH    ]: carry=0 | base=0.43 | wall=2.18 | search=297 | target=phero(-0.23,-0.50)
R2[SEARCH    ]: carry=0 | base=0.53 | wall=1.98 | search=158 | target=phero(-0.23,-0.50)
R3[GIVE_UP   ]: carry=0 | base=0.36 | wall=2.14 | search=1560 | target=none
R4[BASE_ESC  ]: carry=0 | base=0.25 | wall=2.26 | search=  0 | target=phero(-0.23,-0.45)

  [GIVE-UP] R3 returned empty after 1560 searching steps
  [TARGET] R3 → PHERO (-0.23, -0.50)
  [GIVE-UP] R1 returned empty after 468 searching steps
  [TARGET] R1 → PHERO (-0.37, -0.19)

======================================================================
Step 6000 (3.2 min) | Pickups: 15 | Deposits: 15 | Rate: 4.69 tags/min | phero_entries=7 max_w=0.051
======================================================================
R1[PHERO     ]: carry=0 | base=0.35 | wall=2.17 | search=  0 | target=phero(-0.37,-0.19)
R2[SEARCH    ]: carry=0 | base=0.28 | wall=2.24 | search=658 | target=phero(-0.23,-0.50)
R3[SEARCH    ]: carry=0 | base=0.42 | wall=2.10 | search=151 | target=phero(-0.23,-0.50)
R4[SEARCH    ]: carry=0 | base=0.51 | wall=2.11 | search=346 | target=phero(-0.23,-0.45)


======================================================================
Step 6500 (3.5 min) | Pickups: 15 | Deposits: 15 | Rate: 4.33 tags/min | phero_entries=6 max_w=0.028
======================================================================
R1[BASE_ESC  ]: carry=0 | base=0.22 | wall=2.29 | search=419 | target=phero(-0.37,-0.19)
R2[SEARCH    ]: carry=0 | base=0.82 | wall=1.91 | search=1158 | target=phero(-0.23,-0.50)
R3[SEARCH    ]: carry=0 | base=0.29 | wall=2.22 | search=651 | target=phero(-0.23,-0.50)
R4[GIVE_UP   ]: carry=0 | base=0.35 | wall=2.15 | search=624 | target=none

  [GIVE-UP] R4 returned empty after 624 searching steps
  [TARGET] R4 → PHERO (-0.23, -0.45)

======================================================================
Step 7000 (3.7 min) | Pickups: 15 | Deposits: 15 | Rate: 4.02 tags/min | phero_entries=5 max_w=0.015
======================================================================
R1[SEARCH    ]: carry=0 | base=0.26 | wall=2.28 | search=919 | target=phero(-0.37,-0.19)
R2[SEARCH    ]: carry=0 | base=0.99 | wall=1.72 | search=1658 | target=phero(-0.23,-0.50)
R3[SEARCH    ]: carry=0 | base=0.60 | wall=1.99 | search=1151 | target=phero(-0.23,-0.50)
R4[SEARCH    ]: carry=0 | base=0.35 | wall=2.20 | search=199 | target=phero(-0.23,-0.45)

  [GIVE-UP] R2 returned empty after 1716 searching steps
  [TARGET] R2 → PHERO (-0.23, -0.50)

======================================================================
Step 7500 (4.0 min) | Pickups: 15 | Deposits: 15 | Rate: 3.75 tags/min | phero_entries=4 max_w=0.008
======================================================================
R1[SEARCH    ]: carry=0 | base=0.32 | wall=2.18 | search=1419 | target=phero(-0.37,-0.19)
R2[PHERO     ]: carry=0 | base=0.30 | wall=2.22 | search=  0 | target=phero(-0.23,-0.50)
R3[SEARCH    ]: carry=0 | base=0.57 | wall=2.06 | search=1651 | target=phero(-0.23,-0.50)
R4[SEARCH    ]: carry=0 | base=0.25 | wall=2.29 | search=699 | target=phero(-0.23,-0.45)


======================================================================
Step 8000 (4.3 min) | Pickups: 15 | Deposits: 15 | Rate: 3.52 tags/min | phero_entries=2 max_w=0.005
======================================================================
R1[SEARCH    ]: carry=0 | base=0.52 | wall=2.01 | search=1919 | target=phero(-0.37,-0.19)
R2[SEARCH    ]: carry=0 | base=0.60 | wall=2.02 | search=157 | target=phero(-0.23,-0.50)
R3[SEARCH    ]: carry=0 | base=1.09 | wall=1.46 | search=2151 | target=phero(-0.23,-0.50)
R4[SEARCH    ]: carry=0 | base=1.04 | wall=1.48 | search=1199 | target=phero(-0.23,-0.45)

  [GIVE-UP] R1 returned empty after 2028 searching steps
  [TARGET] R1 → PHERO (-0.23, -0.50)
  [GIVE-UP] R4 returned empty after 1248 searching steps
  [TARGET] R4 → PHERO (-0.23, -0.50)
[PICKUP] R2 picked up tag (density=12) | Total: 16

======================================================================
Step 8500 (4.5 min) | Pickups: 16 | Deposits: 15 | Rate: 3.31 tags/min | phero_entries=1 max_w=0.003
======================================================================
R1[SEARCH    ]: carry=0 | base=0.46 | wall=2.13 | search=164 | target=phero(-0.23,-0.50)
R2[SURVEY    ]: carry=1 | base=1.04 | wall=1.48 | search=  0 | target=none
R3[SEARCH    ]: carry=0 | base=1.18 | wall=1.37 | search=2651 | target=phero(-0.23,-0.50)
R4[PHERO     ]: carry=0 | base=0.26 | wall=2.28 | search=  0 | target=phero(-0.23,-0.50)

[DEPOSIT] R2 deposited! Total: 16
  [TARGET] R2 → SITE (0.19, -1.02)
  [GIVE-UP] R3 returned empty after 2652 searching steps
  [TARGET] R3 → PHERO (-0.23, -0.50)

======================================================================
Step 9000 (4.8 min) | Pickups: 16 | Deposits: 16 | Rate: 3.33 tags/min | phero_entries=1 max_w=0.001
======================================================================
R1[SEARCH    ]: carry=0 | base=1.09 | wall=1.41 | search=664 | target=phero(-0.23,-0.50)
R2[SITE      ]: carry=0 | base=0.33 | wall=2.21 | search=  0 | target=site(0.19,-1.02)
R3[PHERO     ]: carry=0 | base=0.30 | wall=2.21 | search=  0 | target=phero(-0.23,-0.50)
R4[PHERO     ]: carry=0 | base=0.44 | wall=2.08 | search=  0 | target=phero(-0.23,-0.50)

[PICKUP] R1 picked up tag (density=16) | Total: 17

======================================================================
Step 9500 (5.1 min) | Pickups: 17 | Deposits: 16 | Rate: 3.16 tags/min | phero_entries=0 max_w=0.000
======================================================================
R1[SURVEY    ]: carry=1 | base=1.86 | wall=0.79 | search=  0 | target=none
R2[SEARCH    ]: carry=0 | base=0.56 | wall=1.95 | search=319 | target=site(0.19,-1.02)
R3[SEARCH    ]: carry=0 | base=0.48 | wall=2.03 | search=387 | target=phero(-0.23,-0.50)
R4[SEARCH    ]: carry=0 | base=0.61 | wall=1.97 | search=476 | target=phero(-0.23,-0.50)

[DEPOSIT] R1 deposited! Total: 17
  [PHERO] Laid at (-1.71, 0.72) density=16 prob=0.98 entries=1
  [TARGET] R1 → SITE (-1.71, 0.72)

======================================================================
Step 10000 (5.3 min) | Pickups: 17 | Deposits: 17 | Rate: 3.19 tags/min | phero_entries=1 max_w=0.934
======================================================================
R1[BASE_ESC  ]: carry=0 | base=0.22 | wall=2.29 | search=  0 | target=site(-1.71,0.72)
R2[GIVE_UP   ]: carry=0 | base=0.50 | wall=2.03 | search=624 | target=none
R3[SEARCH    ]: carry=0 | base=1.36 | wall=1.19 | search=887 | target=phero(-0.23,-0.50)
R4[SEARCH    ]: carry=0 | base=1.73 | wall=1.11 | search=976 | target=phero(-0.23,-0.50)

  [GIVE-UP] R2 returned empty after 624 searching steps
  [TARGET] R2 → PHERO (-1.71, 0.72)
[PICKUP] R1 picked up tag (density=15) | Total: 18

======================================================================
Step 10500 (5.6 min) | Pickups: 18 | Deposits: 17 | Rate: 3.04 tags/min | phero_entries=1 max_w=0.512
======================================================================
R1[SURVEY    ]: carry=1 | base=1.85 | wall=0.79 | search=  0 | target=none
R2[PHERO     ]: carry=0 | base=0.47 | wall=2.04 | search=  0 | target=phero(-1.71,0.72)
R3[GIVE_UP   ]: carry=0 | base=1.68 | wall=0.87 | search=1248 | target=none
R4[SEARCH    ]: carry=0 | base=2.13 | wall=0.95 | search=1476 | target=phero(-0.23,-0.50)

  [GIVE-UP] R3 returned empty after 1248 searching steps
  [TARGET] R3 → PHERO (-1.71, 0.72)
[PICKUP] R2 picked up tag (density=14) | Total: 19

======================================================================
Step 11000 (5.9 min) | Pickups: 19 | Deposits: 17 | Rate: 2.90 tags/min | phero_entries=1 max_w=0.281
======================================================================
R1[RTB       ]: carry=1 | base=1.04 | wall=1.55 | search=  0 | target=none
R2[SURVEY    ]: carry=1 | base=1.89 | wall=0.77 | search=  0 | target=none
R3[PHERO     ]: carry=0 | base=0.27 | wall=2.26 | search=  0 | target=phero(-1.71,0.72)
R4[SEARCH    ]: carry=0 | base=1.40 | wall=1.35 | search=1976 | target=phero(-0.23,-0.50)

[DEPOSIT] R1 deposited! Total: 18
  [PHERO] Laid at (-1.71, 0.71) density=15 prob=0.95 entries=2
  [TARGET] R1 → SITE (-1.71, 0.71)
  [GIVE-UP] R4 returned empty after 2028 searching steps
  [TARGET] R4 → PHERO (-1.71, 0.71)

======================================================================
Step 11500 (6.1 min) | Pickups: 19 | Deposits: 18 | Rate: 2.93 tags/min | phero_entries=2 max_w=0.702
======================================================================
R1[SITE      ]: carry=0 | base=0.91 | wall=1.63 | search=  0 | target=site(-1.71,0.71)
R2[RTB       ]: carry=1 | base=0.89 | wall=1.69 | search=  0 | target=none
R3[SEARCH    ]: carry=0 | base=1.88 | wall=0.78 | search= 45 | target=phero(-1.71,0.72)
R4[PHERO     ]: carry=0 | base=0.27 | wall=2.27 | search=  0 | target=phero(-1.71,0.71)

[PICKUP] R3 picked up tag (density=13) | Total: 20
[DEPOSIT] R2 deposited! Total: 19
  [PHERO] Laid at (-1.73, 0.76) density=14 prob=0.92 entries=3
  [TARGET] R2 → SITE (-1.73, 0.76)

======================================================================
Step 12000 (6.4 min) | Pickups: 20 | Deposits: 19 | Rate: 2.97 tags/min | phero_entries=3 max_w=0.671
======================================================================
R1[SEARCH    ]: carry=0 | base=1.45 | wall=1.20 | search=269 | target=site(-1.71,0.71)
R2[SITE      ]: carry=0 | base=1.06 | wall=1.51 | search=  0 | target=site(-1.73,0.76)
R3[RTB       ]: carry=1 | base=1.11 | wall=1.49 | search=  0 | target=none
R4[PHERO     ]: carry=0 | base=1.36 | wall=1.22 | search=  0 | target=phero(-1.71,0.71)

[DEPOSIT] R3 deposited! Total: 20
  [PHERO] Laid at (-1.76, 0.72) density=13 prob=0.87 entries=4
  [TARGET] R3 → SITE (-1.76, 0.72)

======================================================================
Step 12500 (6.7 min) | Pickups: 20 | Deposits: 20 | Rate: 3.00 tags/min | phero_entries=4 max_w=0.726
======================================================================
R1[SEARCH    ]: carry=0 | base=0.70 | wall=1.82 | search=769 | target=site(-1.71,0.71)
R2[SEARCH    ]: carry=0 | base=1.69 | wall=0.98 | search=270 | target=site(-1.73,0.76)
R3[SITE      ]: carry=0 | base=0.81 | wall=1.73 | search=  0 | target=site(-1.76,0.72)
R4[SEARCH    ]: carry=0 | base=1.79 | wall=0.90 | search=383 | target=phero(-1.71,0.71)

[PICKUP] R4 picked up tag (density=12) | Total: 21

======================================================================
Step 13000 (6.9 min) | Pickups: 21 | Deposits: 20 | Rate: 2.88 tags/min | phero_entries=4 max_w=0.398
======================================================================
R1[SEARCH    ]: carry=0 | base=1.13 | wall=1.46 | search=1269 | target=site(-1.71,0.71)
R2[SEARCH    ]: carry=0 | base=1.11 | wall=1.52 | search=770 | target=site(-1.73,0.76)
R3[SEARCH    ]: carry=0 | base=1.69 | wall=0.93 | search=229 | target=site(-1.76,0.72)
R4[RTB       ]: carry=1 | base=1.73 | wall=0.87 | search=  0 | target=none

[PICKUP] R1 picked up tag (density=12) | Total: 22
[DEPOSIT] R4 deposited! Total: 21
  [PHERO] Laid at (-1.78, 0.68) density=12 prob=0.80 entries=5
  [TARGET] R4 → SITE (-1.78, 0.68)

======================================================================
Step 13500 (7.2 min) | Pickups: 22 | Deposits: 21 | Rate: 2.92 tags/min | phero_entries=5 max_w=0.896
======================================================================
R1[RTB       ]: carry=1 | base=1.09 | wall=1.65 | search=  0 | target=none
R2[SEARCH    ]: carry=0 | base=1.00 | wall=1.51 | search=1270 | target=site(-1.73,0.76)
R3[GIVE_UP   ]: carry=0 | base=0.37 | wall=2.17 | search=312 | target=none
R4[BASE_ESC  ]: carry=0 | base=0.23 | wall=2.31 | search=  0 | target=site(-1.78,0.68)

  [GIVE-UP] R3 returned empty after 312 searching steps
  [TARGET] R3 → PHERO (-1.78, 0.68)
[DEPOSIT] R1 deposited! Total: 22
  [PHERO] Laid at (0.85, 0.78) density=12 prob=0.80 entries=6
  [TARGET] R1 → SITE (0.85, 0.78)

======================================================================
Step 14000 (7.5 min) | Pickups: 22 | Deposits: 22 | Rate: 2.95 tags/min | phero_entries=6 max_w=0.718
======================================================================
R1[SITE      ]: carry=0 | base=0.81 | wall=1.86 | search=  0 | target=site(0.85,0.78)
R2[SEARCH    ]: carry=0 | base=0.49 | wall=2.02 | search=1770 | target=site(-1.73,0.76)
R3[PHERO     ]: carry=0 | base=1.54 | wall=1.07 | search=  0 | target=phero(-1.78,0.68)
R4[SEARCH    ]: carry=0 | base=1.89 | wall=0.74 | search= 35 | target=site(-1.78,0.68)

[PICKUP] R3 picked up tag (density=11) | Total: 23
[PICKUP] R4 picked up tag (density=10) | Total: 24

======================================================================
Step 14500 (7.7 min) | Pickups: 24 | Deposits: 22 | Rate: 2.84 tags/min | phero_entries=6 max_w=0.393
======================================================================
R1[SEARCH    ]: carry=0 | base=1.16 | wall=1.43 | search=424 | target=site(0.85,0.78)
R2[SEARCH    ]: carry=0 | base=0.68 | wall=1.83 | search=2270 | target=site(-1.73,0.76)
R3[RTB       ]: carry=1 | base=1.45 | wall=1.15 | search=  0 | target=none
R4[RTB       ]: carry=1 | base=1.83 | wall=0.86 | search=  0 | target=none

[DEPOSIT] R3 deposited! Total: 23
  [PHERO] Laid at (-1.80, 0.67) density=11 prob=0.71 entries=7
  [TARGET] R3 → SITE (-1.80, 0.67)
[DEPOSIT] R4 deposited! Total: 24
  [PHERO] Laid at (-1.79, 0.84) density=10 prob=0.60 entries=8
  [TARGET] R4 → SITE (-1.79, 0.84)

======================================================================
Step 15000 (8.0 min) | Pickups: 24 | Deposits: 24 | Rate: 3.00 tags/min | phero_entries=8 max_w=0.898
======================================================================
R1[GIVE_UP   ]: carry=0 | base=0.52 | wall=1.99 | search=624 | target=none
R2[GIVE_UP   ]: carry=0 | base=0.26 | wall=2.31 | search=2496 | target=none
R3[SITE      ]: carry=0 | base=0.51 | wall=2.00 | search=  0 | target=site(-1.80,0.67)
R4[BASE_ESC  ]: carry=0 | base=0.23 | wall=2.32 | search=  0 | target=site(-1.79,0.84)

  [GIVE-UP] R2 returned empty after 2496 searching steps
  [TARGET] R2 → PHERO (-1.78, 0.68)
  [GIVE-UP] R1 returned empty after 624 searching steps
  [TARGET] R1 → PHERO (0.85, 0.78)
[PICKUP] R3 picked up tag (density=9) | Total: 25

======================================================================
Step 15500 (8.3 min) | Pickups: 25 | Deposits: 24 | Rate: 2.90 tags/min | phero_entries=8 max_w=0.492
======================================================================
R1[SEARCH    ]: carry=0 | base=1.14 | wall=1.66 | search= 19 | target=phero(0.85,0.78)
R2[PHERO     ]: carry=0 | base=0.92 | wall=1.70 | search=  0 | target=phero(-1.78,0.68)
R3[SURVEY    ]: carry=1 | base=1.93 | wall=0.69 | search=  0 | target=none
R4[SEARCH    ]: carry=0 | base=1.95 | wall=0.74 | search= 26 | target=site(-1.79,0.84)

[PICKUP] R1 picked up tag (density=11) | Total: 26

======================================================================
Step 16000 (8.5 min) | Pickups: 26 | Deposits: 24 | Rate: 2.81 tags/min | phero_entries=7 max_w=0.270
======================================================================
R1[RTB       ]: carry=1 | base=0.33 | wall=2.23 | search=  0 | target=none
R2[SEARCH    ]: carry=0 | base=1.81 | wall=0.77 | search=188 | target=phero(-1.78,0.68)
R3[RTB       ]: carry=1 | base=0.86 | wall=1.69 | search=  0 | target=none
R4[WALL_ESC  ]: carry=0 | base=2.39 | wall=0.35 | search=526 | target=site(-1.79,0.84)

[DEPOSIT] R1 deposited! Total: 25
  [PHERO] Laid at (0.87, 0.78) density=11 prob=0.71 entries=8
  [TARGET] R1 → SITE (0.87, 0.78)
[DEPOSIT] R3 deposited! Total: 26
  [PHERO] Laid at (-1.81, 0.67) density=9 prob=0.47 entries=9
  [TARGET] R3 → SITE (-1.81, 0.67)

======================================================================
Step 16500 (8.8 min) | Pickups: 26 | Deposits: 26 | Rate: 2.95 tags/min | phero_entries=9 max_w=0.663
======================================================================
R1[SEARCH    ]: carry=0 | base=1.13 | wall=1.64 | search=122 | target=site(0.87,0.78)
R2[SEARCH    ]: carry=0 | base=1.20 | wall=1.38 | search=688 | target=phero(-1.78,0.68)
R3[SITE      ]: carry=0 | base=1.10 | wall=1.49 | search=  0 | target=site(-1.81,0.67)
R4[WALL_ESC  ]: carry=0 | base=2.45 | wall=0.33 | search=1026 | target=site(-1.79,0.84)


======================================================================
Step 17000 (9.1 min) | Pickups: 26 | Deposits: 26 | Rate: 2.87 tags/min | phero_entries=8 max_w=0.363
======================================================================
R1[SEARCH    ]: carry=0 | base=0.77 | wall=1.86 | search=622 | target=site(0.87,0.78)
R2[SEARCH    ]: carry=0 | base=1.21 | wall=1.62 | search=1188 | target=phero(-1.78,0.68)
R3[GIVE_UP   ]: carry=0 | base=1.49 | wall=1.09 | search=156 | target=none
R4[SEARCH    ]: carry=0 | base=2.36 | wall=0.39 | search=1526 | target=site(-1.79,0.84)

[PICKUP] R4 picked up tag (density=8) | Total: 27
  [GIVE-UP] R3 returned empty after 156 searching steps
  [TARGET] R3 → PHERO (-1.81, 0.67)

======================================================================
Step 17500 (9.3 min) | Pickups: 27 | Deposits: 26 | Rate: 2.79 tags/min | phero_entries=7 max_w=0.199
======================================================================
R1[SEARCH    ]: carry=0 | base=1.34 | wall=1.16 | search=1122 | target=site(0.87,0.78)
R2[SEARCH    ]: carry=0 | base=2.12 | wall=0.69 | search=1688 | target=phero(-1.78,0.68)
R3[PHERO     ]: carry=0 | base=0.46 | wall=2.04 | search=  0 | target=phero(-1.81,0.67)
R4[RTB       ]: carry=1 | base=2.04 | wall=0.68 | search=  0 | target=none

[DEPOSIT] R4 deposited! Total: 27
  [PHERO] Laid at (-2.03, 0.98) density=8 prob=0.35 entries=8
  [TARGET] R4 → SITE (-2.03, 0.98)

======================================================================
Step 18000 (9.6 min) | Pickups: 27 | Deposits: 27 | Rate: 2.81 tags/min | phero_entries=7 max_w=0.960
======================================================================
R1[SEARCH    ]: carry=0 | base=2.14 | wall=0.36 | search=1622 | target=site(0.87,0.78)
R2[SEARCH    ]: carry=0 | base=2.03 | wall=0.78 | search=2188 | target=phero(-1.78,0.68)
R3[SEARCH    ]: carry=0 | base=1.88 | wall=0.72 | search=127 | target=phero(-1.81,0.67)
R4[BASE_ESC  ]: carry=0 | base=0.22 | wall=2.31 | search=  0 | target=site(-2.03,0.98)


======================================================================
Step 18500 (9.9 min) | Pickups: 27 | Deposits: 27 | Rate: 2.74 tags/min | phero_entries=7 max_w=0.526
======================================================================
R1[GIVE_UP   ]: carry=0 | base=0.64 | wall=1.87 | search=1716 | target=none
R2[SEARCH    ]: carry=0 | base=2.28 | wall=0.86 | search=2688 | target=phero(-1.78,0.68)
R3[GIVE_UP   ]: carry=0 | base=1.30 | wall=1.33 | search=312 | target=none
R4[SITE      ]: carry=0 | base=1.74 | wall=0.95 | search=  0 | target=site(-2.03,0.98)

  [GIVE-UP] R1 returned empty after 1716 searching steps
  [TARGET] R1 → PHERO (-2.03, 0.98)
[PICKUP] R4 picked up tag (density=7) | Total: 28
TIMEOUT_RESULT pickups=28 deposits=27 steps=18750 elapsed_min=10.000000
BATCH_RESULT pickups=28 deposits=27
