=================================================================
CPFA BASELINE — ARGoS-calibrated parameters
  Params file                  = /home/sara/Documents/RL-FL-Foraging/cpfa_tuning_20260715_155549/trial_045/params.yaml
  Results file                 = /home/sara/Documents/RL-FL-Foraging/controllers/cpfa_baseline/results/cpfa_baseline_results_20260715_175851.txt
  RateOfLayingPheromone        = 11.222819966997983
  RateOfSiteFidelity           = 3.6746233293484103
  RateOfPheromoneDecay         = 0.07485646744726716 /s  (lifetime ~92s)
  ProbabilityOfReturningToNest = 0.10140847846391192 (every 5 sec → E[give-up] ~49s)
  UninformedSearchVariation    = 0.88 rad (50.7°)
  RateOfInformedSearchDecay    = 1.0720285737811455 /waypoint
  ProbabilityOfSwitchingToSearching = 0.4835381718857823 (every 5 sec in uninformed DEPARTING)
=================================================================

[PICKUP] R1 picked up tag (density=6) | Total: 1
[PICKUP] R4 picked up tag (density=9) | Total: 2
[PICKUP] R3 picked up tag (density=5) | Total: 3
[DEPOSIT] R1 deposited! Total: 1
  [PHERO] Laid at (-0.50, 0.00) density=6 prob=0.07 entries=1
  [TARGET] R1 → SITE (-0.50, 0.00)
[DEPOSIT] R4 deposited! Total: 2
  [PHERO] Laid at (0.00, -0.50) density=9 prob=0.32 entries=2
  [TARGET] R4 → SITE (0.00, -0.50)
[PICKUP] R1 picked up tag (density=4) | Total: 4
[PICKUP] R4 picked up tag (density=8) | Total: 5

======================================================================
Step 500 (0.3 min) | Pickups: 5 | Deposits: 2 | Rate: 7.50 tags/min | phero_entries=2 max_w=0.609
======================================================================
R1[SURVEY    ]: carry=1 | base=0.38 | wall=2.13 | search=  0 | target=none
R2[GIVE_UP   ]: carry=0 | base=0.70 | wall=1.84 | search=156 | target=none
R3[RTB       ]: carry=1 | base=0.27 | wall=2.26 | search=  0 | target=none
R4[SURVEY    ]: carry=1 | base=0.31 | wall=2.22 | search=  0 | target=none

[DEPOSIT] R3 deposited! Total: 3
  [TARGET] R3 → PHERO (-0.50, 0.00)
  [GIVE-UP] R2 returned empty after 156 searching steps
  [TARGET] R2 → PHERO (0.00, -0.50)
[DEPOSIT] R1 deposited! Total: 4
  [TARGET] R1 → PHERO (0.00, -0.50)
[PICKUP] R3 picked up tag (density=3) | Total: 6
[DEPOSIT] R4 deposited! Total: 5
  [TARGET] R4 → SITE (0.13, -0.28)
[PICKUP] R2 picked up tag (density=7) | Total: 7
[PICKUP] R1 picked up tag (density=6) | Total: 8

======================================================================
Step 1000 (0.5 min) | Pickups: 8 | Deposits: 5 | Rate: 9.38 tags/min | phero_entries=2 max_w=0.184
======================================================================
R1[SURVEY    ]: carry=1 | base=0.48 | wall=2.02 | search=  0 | target=none
R2[SURVEY    ]: carry=1 | base=0.36 | wall=2.19 | search=  0 | target=none
R3[RTB       ]: carry=1 | base=0.27 | wall=2.24 | search=  0 | target=none
R4[SEARCH    ]: carry=0 | base=0.30 | wall=2.29 | search=129 | target=site(0.13,-0.28)

[DEPOSIT] R3 deposited! Total: 6
  [TARGET] R3 → SITE (-0.38, 0.13)
[DEPOSIT] R2 deposited! Total: 7
  [TARGET] R2 → SITE (0.18, -0.28)
[PICKUP] R4 picked up tag (density=5) | Total: 9
[DEPOSIT] R1 deposited! Total: 8
  [TARGET] R1 → SITE (0.03, -0.48)
[PICKUP] R1 picked up tag (density=4) | Total: 10

======================================================================
Step 1500 (0.8 min) | Pickups: 10 | Deposits: 8 | Rate: 10.00 tags/min | phero_entries=2 max_w=0.056
======================================================================
R1[SURVEY    ]: carry=1 | base=0.42 | wall=2.10 | search=  0 | target=none
R2[SEARCH    ]: carry=0 | base=0.31 | wall=2.24 | search= 54 | target=site(0.18,-0.28)
R3[SEARCH    ]: carry=0 | base=0.40 | wall=2.14 | search=307 | target=site(-0.38,0.13)
R4[RTB       ]: carry=1 | base=0.37 | wall=2.22 | search=  0 | target=none

[DEPOSIT] R4 deposited! Total: 9
  [TARGET] R4 → SITE (0.22, -0.30)
[PICKUP] R2 picked up tag (density=3) | Total: 11
[DEPOSIT] R1 deposited! Total: 10
  [TARGET] R1 → SITE (0.12, -0.40)

======================================================================
Step 2000 (1.1 min) | Pickups: 11 | Deposits: 10 | Rate: 9.38 tags/min | phero_entries=2 max_w=0.017
======================================================================
R1[SITE      ]: carry=0 | base=0.35 | wall=2.23 | search=  0 | target=site(0.12,-0.40)
R2[RTB       ]: carry=1 | base=0.43 | wall=2.19 | search=  0 | target=none
R3[SEARCH    ]: carry=0 | base=0.45 | wall=2.13 | search=807 | target=site(-0.38,0.13)
R4[SEARCH    ]: carry=0 | base=0.28 | wall=2.25 | search=248 | target=site(0.22,-0.30)

[DEPOSIT] R2 deposited! Total: 11
  [TARGET] R2 → SITE (0.28, -0.36)
[PICKUP] R1 picked up tag (density=2) | Total: 12
[PICKUP] R4 picked up tag (density=1) | Total: 13
[DEPOSIT] R1 deposited! Total: 12
  [TARGET] R1 → PHERO (0.00, -0.50)
  [GIVE-UP] R3 returned empty after 1248 searching steps
  [TARGET] R3 → PHERO (0.00, -0.50)

======================================================================
Step 2500 (1.3 min) | Pickups: 13 | Deposits: 12 | Rate: 9.00 tags/min | phero_entries=2 max_w=0.005
======================================================================
R1[BASE_ESC  ]: carry=0 | base=0.23 | wall=2.30 | search=  0 | target=phero(0.00,-0.50)
R2[SEARCH    ]: carry=0 | base=0.42 | wall=2.12 | search=218 | target=site(0.28,-0.36)
R3[BASE_ESC  ]: carry=0 | base=0.24 | wall=2.29 | search=  0 | target=phero(0.00,-0.50)
R4[RTB       ]: carry=1 | base=0.29 | wall=2.28 | search=  0 | target=none

[DEPOSIT] R4 deposited! Total: 13
  [TARGET] R4 → PHERO (0.00, -0.50)
  [GIVE-UP] R2 returned empty after 468 searching steps
  [TARGET] R2 → PHERO (-0.50, 0.00)
  [GIVE-UP] R1 returned empty after 156 searching steps
  [TARGET] R1 → PHERO (0.00, -0.50)

======================================================================
Step 3000 (1.6 min) | Pickups: 13 | Deposits: 13 | Rate: 8.12 tags/min | phero_entries=2 max_w=0.002
======================================================================
R1[BASE_ESC  ]: carry=0 | base=0.22 | wall=2.30 | search=  0 | target=phero(0.00,-0.50)
R2[PHERO     ]: carry=0 | base=0.28 | wall=2.24 | search=  0 | target=phero(-0.50,0.00)
R3[SEARCH    ]: carry=0 | base=0.52 | wall=1.98 | search= 73 | target=phero(0.00,-0.50)
R4[SEARCH    ]: carry=0 | base=0.57 | wall=1.94 | search=212 | target=phero(0.00,-0.50)

  [GIVE-UP] R4 returned empty after 312 searching steps
  [TARGET] R4 → PHERO (0.00, -0.50)
[PICKUP] R2 picked up tag (density=2) | Total: 14
[DEPOSIT] R2 deposited! Total: 14
  [TARGET] R2 → WALL (2.42, -0.95)

======================================================================
Step 3500 (1.9 min) | Pickups: 14 | Deposits: 14 | Rate: 7.50 tags/min | phero_entries=0 max_w=0.000
======================================================================
R1[SEARCH    ]: carry=0 | base=0.42 | wall=2.09 | search=291 | target=phero(0.00,-0.50)
R2[BASE_ESC  ]: carry=0 | base=0.23 | wall=2.28 | search=  0 | target=none
R3[SEARCH    ]: carry=0 | base=0.63 | wall=1.87 | search=573 | target=phero(0.00,-0.50)
R4[SEARCH    ]: carry=0 | base=0.44 | wall=2.06 | search=145 | target=phero(0.00,-0.50)


======================================================================
Step 4000 (2.1 min) | Pickups: 14 | Deposits: 14 | Rate: 6.56 tags/min | phero_entries=0 max_w=0.000
======================================================================
R1[SEARCH    ]: carry=0 | base=0.43 | wall=2.07 | search=791 | target=phero(0.00,-0.50)
R2[BASE_ESC  ]: carry=0 | base=0.24 | wall=2.26 | search=195 | target=none
R3[SEARCH    ]: carry=0 | base=0.52 | wall=1.98 | search=1073 | target=phero(0.00,-0.50)
R4[GIVE_UP   ]: carry=0 | base=0.59 | wall=1.92 | search=468 | target=none

  [GIVE-UP] R4 returned empty after 468 searching steps
  [TARGET] R4 → WALL (-0.73, -2.42)
  [GIVE-UP] R2 returned empty after 468 searching steps
  [TARGET] R2 → WALL (2.42, -0.69)

======================================================================
Step 4500 (2.4 min) | Pickups: 14 | Deposits: 14 | Rate: 5.83 tags/min | phero_entries=0 max_w=0.000
======================================================================
R1[SEARCH    ]: carry=0 | base=0.26 | wall=2.25 | search=1291 | target=phero(0.00,-0.50)
R2[DEPART    ]: carry=0 | base=0.63 | wall=1.87 | search=  0 | target=none
R3[GIVE_UP   ]: carry=0 | base=0.50 | wall=2.05 | search=1404 | target=none
R4[DEPART    ]: carry=0 | base=1.18 | wall=1.39 | search=  0 | target=none

  [GIVE-UP] R3 returned empty after 1404 searching steps
  [TARGET] R3 → WALL (-2.42, -1.00)
[PICKUP] R2 picked up tag (density=12) | Total: 15

======================================================================
Step 5000 (2.7 min) | Pickups: 15 | Deposits: 14 | Rate: 5.25 tags/min | phero_entries=0 max_w=0.000
======================================================================
R1[SEARCH    ]: carry=0 | base=0.38 | wall=2.13 | search=1791 | target=phero(0.00,-0.50)
R2[RTB       ]: carry=1 | base=0.73 | wall=1.78 | search=  0 | target=none
R3[DEPART    ]: carry=0 | base=1.45 | wall=1.18 | search=  0 | target=none
R4[GIVE_UP   ]: carry=0 | base=0.41 | wall=2.09 | search=156 | target=none

  [GIVE-UP] R4 returned empty after 156 searching steps
  [TARGET] R4 → WALL (-0.60, 2.42)
[DEPOSIT] R2 deposited! Total: 15
  [PHERO] Laid at (1.03, -0.17) density=12 prob=0.66 entries=1
  [TARGET] R2 → SITE (1.03, -0.17)

======================================================================
Step 5500 (2.9 min) | Pickups: 15 | Deposits: 15 | Rate: 5.11 tags/min | phero_entries=1 max_w=0.406
======================================================================
R1[GIVE_UP   ]: carry=0 | base=0.58 | wall=2.04 | search=2184 | target=none
R2[SEARCH    ]: carry=0 | base=1.03 | wall=1.48 | search= 48 | target=site(1.03,-0.17)
R3[SEARCH    ]: carry=0 | base=1.96 | wall=0.67 | search=355 | target=none
R4[DEPART    ]: carry=0 | base=0.26 | wall=2.26 | search=  0 | target=none

[PICKUP] R2 picked up tag (density=11) | Total: 16
  [GIVE-UP] R1 returned empty after 2184 searching steps
  [TARGET] R1 → PHERO (1.03, -0.17)

======================================================================
Step 6000 (3.2 min) | Pickups: 16 | Deposits: 15 | Rate: 4.69 tags/min | phero_entries=1 max_w=0.123
======================================================================
R1[PHERO     ]: carry=0 | base=0.32 | wall=2.25 | search=  0 | target=phero(1.03,-0.17)
R2[RTB       ]: carry=1 | base=0.29 | wall=2.21 | search=  0 | target=none
R3[SEARCH    ]: carry=0 | base=1.69 | wall=1.09 | search=855 | target=none
R4[SEARCH    ]: carry=0 | base=1.26 | wall=1.26 | search= 92 | target=none

[DEPOSIT] R2 deposited! Total: 16
  [PHERO] Laid at (1.03, -0.14) density=11 prob=0.55 entries=2
  [TARGET] R2 → SITE (1.03, -0.14)
[PICKUP] R1 picked up tag (density=10) | Total: 17

======================================================================
Step 6500 (3.5 min) | Pickups: 17 | Deposits: 16 | Rate: 4.62 tags/min | phero_entries=2 max_w=0.309
======================================================================
R1[SURVEY    ]: carry=1 | base=1.04 | wall=1.46 | search=  0 | target=none
R2[SEARCH    ]: carry=0 | base=0.92 | wall=1.60 | search=160 | target=site(1.03,-0.14)
R3[GIVE_UP   ]: carry=0 | base=0.97 | wall=1.69 | search=1092 | target=none
R4[SEARCH    ]: carry=0 | base=0.89 | wall=1.66 | search=592 | target=none

  [GIVE-UP] R3 returned empty after 1092 searching steps
  [TARGET] R3 → PHERO (1.03, -0.14)
[PICKUP] R2 picked up tag (density=9) | Total: 18
[DEPOSIT] R1 deposited! Total: 17
  [PHERO] Laid at (1.03, -0.08) density=10 prob=0.43 entries=3
  [TARGET] R1 → SITE (1.03, -0.08)

======================================================================
Step 7000 (3.7 min) | Pickups: 18 | Deposits: 17 | Rate: 4.55 tags/min | phero_entries=3 max_w=0.783
======================================================================
R1[BASE_ESC  ]: carry=0 | base=0.23 | wall=2.27 | search=  0 | target=site(1.03,-0.08)
R2[RTB       ]: carry=1 | base=1.13 | wall=1.37 | search=  0 | target=none
R3[PHERO     ]: carry=0 | base=0.26 | wall=2.28 | search=  0 | target=phero(1.03,-0.14)
R4[SEARCH    ]: carry=0 | base=1.00 | wall=1.64 | search=1092 | target=none

[DEPOSIT] R2 deposited! Total: 18
  [TARGET] R2 → SITE (1.11, -0.11)
  [GIVE-UP] R4 returned empty after 1404 searching steps
  [TARGET] R4 → PHERO (1.03, -0.08)

======================================================================
Step 7500 (4.0 min) | Pickups: 18 | Deposits: 18 | Rate: 4.50 tags/min | phero_entries=3 max_w=0.236
======================================================================
R1[SEARCH    ]: carry=0 | base=0.91 | wall=1.59 | search=229 | target=site(1.03,-0.08)
R2[SITE      ]: carry=0 | base=0.33 | wall=2.18 | search=  0 | target=site(1.11,-0.11)
R3[SEARCH    ]: carry=0 | base=1.02 | wall=1.48 | search=183 | target=phero(1.03,-0.14)
R4[BASE_ESC  ]: carry=0 | base=0.22 | wall=2.34 | search=  0 | target=phero(1.03,-0.08)

[PICKUP] R2 picked up tag (density=8) | Total: 19

======================================================================
Step 8000 (4.3 min) | Pickups: 19 | Deposits: 18 | Rate: 4.22 tags/min | phero_entries=3 max_w=0.071
======================================================================
R1[GIVE_UP   ]: carry=0 | base=0.62 | wall=1.90 | search=624 | target=none
R2[SURVEY    ]: carry=1 | base=1.16 | wall=1.37 | search=  0 | target=none
R3[SEARCH    ]: carry=0 | base=0.47 | wall=2.04 | search=683 | target=phero(1.03,-0.14)
R4[SEARCH    ]: carry=0 | base=0.92 | wall=1.59 | search=204 | target=phero(1.03,-0.08)

  [GIVE-UP] R1 returned empty after 624 searching steps
  [TARGET] R1 → PHERO (1.03, -0.08)
[DEPOSIT] R2 deposited! Total: 19
  [TARGET] R2 → SITE (1.12, -0.29)

======================================================================
Step 8500 (4.5 min) | Pickups: 19 | Deposits: 19 | Rate: 4.19 tags/min | phero_entries=2 max_w=0.022
======================================================================
R1[SEARCH    ]: carry=0 | base=1.02 | wall=1.48 | search= 59 | target=phero(1.03,-0.08)
R2[BASE_ESC  ]: carry=0 | base=0.22 | wall=2.28 | search=  0 | target=site(1.12,-0.29)
R3[SEARCH    ]: carry=0 | base=0.53 | wall=2.08 | search=1183 | target=phero(1.03,-0.14)
R4[SEARCH    ]: carry=0 | base=1.05 | wall=1.49 | search=704 | target=phero(1.03,-0.08)

[PICKUP] R1 picked up tag (density=7) | Total: 20
  [GIVE-UP] R3 returned empty after 1404 searching steps
  [TARGET] R3 → PHERO (1.03, -0.08)

======================================================================
Step 9000 (4.8 min) | Pickups: 20 | Deposits: 19 | Rate: 3.96 tags/min | phero_entries=1 max_w=0.007
======================================================================
R1[RTB       ]: carry=1 | base=1.18 | wall=1.33 | search=  0 | target=none
R2[SEARCH    ]: carry=0 | base=1.06 | wall=1.46 | search=173 | target=site(1.12,-0.29)
R3[BASE_ESC  ]: carry=0 | base=0.22 | wall=2.28 | search=  0 | target=phero(1.03,-0.08)
R4[SEARCH    ]: carry=0 | base=1.31 | wall=1.55 | search=1204 | target=phero(1.03,-0.08)

[DEPOSIT] R1 deposited! Total: 20
  [PHERO] Laid at (1.15, -0.17) density=7 prob=0.13 entries=2
  [TARGET] R1 → SITE (1.15, -0.17)
  [GIVE-UP] R4 returned empty after 1248 searching steps
  [TARGET] R4 → PHERO (1.03, -0.08)

======================================================================
Step 9500 (5.1 min) | Pickups: 20 | Deposits: 20 | Rate: 3.95 tags/min | phero_entries=2 max_w=0.669
======================================================================
R1[SITE      ]: carry=0 | base=0.41 | wall=2.09 | search=  0 | target=site(1.15,-0.17)
R2[SEARCH    ]: carry=0 | base=0.49 | wall=2.04 | search=673 | target=site(1.12,-0.29)
R3[SEARCH    ]: carry=0 | base=1.03 | wall=1.47 | search= 80 | target=phero(1.03,-0.08)
R4[BASE_ESC  ]: carry=0 | base=0.22 | wall=2.31 | search=  0 | target=phero(1.03,-0.08)


======================================================================
Step 10000 (5.3 min) | Pickups: 20 | Deposits: 20 | Rate: 3.75 tags/min | phero_entries=1 max_w=0.202
======================================================================
R1[SEARCH    ]: carry=0 | base=1.16 | wall=1.35 | search=310 | target=site(1.15,-0.17)
R2[SEARCH    ]: carry=0 | base=0.28 | wall=2.29 | search=1173 | target=site(1.12,-0.29)
R3[GIVE_UP   ]: carry=0 | base=0.47 | wall=2.04 | search=312 | target=none
R4[SEARCH    ]: carry=0 | base=0.92 | wall=1.58 | search=266 | target=phero(1.03,-0.08)

[PICKUP] R1 picked up tag (density=6) | Total: 21
  [GIVE-UP] R3 returned empty after 312 searching steps
  [TARGET] R3 → PHERO (1.15, -0.17)
  [GIVE-UP] R4 returned empty after 312 searching steps
  [TARGET] R4 → PHERO (1.15, -0.17)

======================================================================
Step 10500 (5.6 min) | Pickups: 21 | Deposits: 20 | Rate: 3.57 tags/min | phero_entries=1 max_w=0.061
======================================================================
R1[RTB       ]: carry=1 | base=0.54 | wall=1.96 | search=  0 | target=none
R2[SEARCH    ]: carry=0 | base=0.78 | wall=1.92 | search=1673 | target=site(1.12,-0.29)
R3[SEARCH    ]: carry=0 | base=1.12 | wall=1.39 | search=  3 | target=phero(1.15,-0.17)
R4[BASE_ESC  ]: carry=0 | base=0.23 | wall=2.27 | search=  0 | target=phero(1.15,-0.17)

[PICKUP] R3 picked up tag (density=5) | Total: 22
[DEPOSIT] R1 deposited! Total: 21
  [TARGET] R1 → PHERO (1.15, -0.17)

======================================================================
Step 11000 (5.9 min) | Pickups: 22 | Deposits: 21 | Rate: 3.58 tags/min | phero_entries=1 max_w=0.018
======================================================================
R1[PHERO     ]: carry=0 | base=0.94 | wall=1.57 | search=  0 | target=phero(1.15,-0.17)
R2[GIVE_UP   ]: carry=0 | base=1.00 | wall=1.64 | search=2028 | target=none
R3[RTB       ]: carry=1 | base=1.10 | wall=1.40 | search=  0 | target=none
R4[SEARCH    ]: carry=0 | base=1.03 | wall=1.48 | search=113 | target=phero(1.15,-0.17)

[PICKUP] R1 picked up tag (density=4) | Total: 23
  [GIVE-UP] R2 returned empty after 2028 searching steps
  [TARGET] R2 → PHERO (1.15, -0.17)
[DEPOSIT] R3 deposited! Total: 22
  [TARGET] R3 → SITE (1.18, -0.23)

======================================================================
Step 11500 (6.1 min) | Pickups: 23 | Deposits: 22 | Rate: 3.59 tags/min | phero_entries=1 max_w=0.006
======================================================================
R1[RTB       ]: carry=1 | base=1.15 | wall=1.35 | search=  0 | target=none
R2[PHERO     ]: carry=0 | base=0.95 | wall=1.56 | search=  0 | target=phero(1.15,-0.17)
R3[SITE      ]: carry=0 | base=0.74 | wall=1.76 | search=  0 | target=site(1.18,-0.23)
R4[SEARCH    ]: carry=0 | base=0.79 | wall=1.78 | search=613 | target=phero(1.15,-0.17)

[DEPOSIT] R1 deposited! Total: 23
  [TARGET] R1 → PHERO (1.15, -0.17)

======================================================================
Step 12000 (6.4 min) | Pickups: 23 | Deposits: 23 | Rate: 3.59 tags/min | phero_entries=1 max_w=0.002
======================================================================
R1[PHERO     ]: carry=0 | base=0.76 | wall=1.74 | search=  0 | target=phero(1.15,-0.17)
R2[SEARCH    ]: carry=0 | base=0.90 | wall=1.62 | search=458 | target=phero(1.15,-0.17)
R3[GIVE_UP   ]: carry=0 | base=0.84 | wall=1.72 | search=312 | target=none
R4[SEARCH    ]: carry=0 | base=1.43 | wall=1.47 | search=1113 | target=phero(1.15,-0.17)

  [GIVE-UP] R3 returned empty after 312 searching steps
  [TARGET] R3 → PHERO (1.15, -0.17)

======================================================================
Step 12500 (6.7 min) | Pickups: 23 | Deposits: 23 | Rate: 3.45 tags/min | phero_entries=0 max_w=0.000
======================================================================
R1[GIVE_UP   ]: carry=0 | base=1.19 | wall=1.32 | search=312 | target=none
R2[GIVE_UP   ]: carry=0 | base=0.60 | wall=2.03 | search=936 | target=none
R3[PHERO     ]: carry=0 | base=1.02 | wall=1.49 | search=  0 | target=phero(1.15,-0.17)
R4[SEARCH    ]: carry=0 | base=1.95 | wall=0.99 | search=1613 | target=phero(1.15,-0.17)

  [GIVE-UP] R2 returned empty after 936 searching steps
  [TARGET] R2 → WALL (0.02, 2.42)
  [GIVE-UP] R1 returned empty after 312 searching steps
  [TARGET] R1 → WALL (2.42, -1.92)

======================================================================
Step 13000 (6.9 min) | Pickups: 23 | Deposits: 23 | Rate: 3.32 tags/min | phero_entries=0 max_w=0.000
======================================================================
R1[DEPART    ]: carry=0 | base=0.35 | wall=2.18 | search=  0 | target=none
R2[SEARCH    ]: carry=0 | base=0.39 | wall=2.12 | search=145 | target=none
R3[SEARCH    ]: carry=0 | base=1.26 | wall=1.25 | search=390 | target=phero(1.15,-0.17)
R4[SEARCH    ]: carry=0 | base=1.92 | wall=0.85 | search=2113 | target=phero(1.15,-0.17)


======================================================================
Step 13500 (7.2 min) | Pickups: 23 | Deposits: 23 | Rate: 3.19 tags/min | phero_entries=0 max_w=0.000
======================================================================
R1[SEARCH    ]: carry=0 | base=0.89 | wall=1.61 | search=376 | target=none
R2[SEARCH    ]: carry=0 | base=0.44 | wall=2.09 | search=645 | target=none
R3[SEARCH    ]: carry=0 | base=1.05 | wall=1.48 | search=890 | target=phero(1.15,-0.17)
R4[SEARCH    ]: carry=0 | base=2.11 | wall=0.74 | search=2613 | target=phero(1.15,-0.17)


======================================================================
Step 14000 (7.5 min) | Pickups: 23 | Deposits: 23 | Rate: 3.08 tags/min | phero_entries=0 max_w=0.000
======================================================================
R1[SEARCH    ]: carry=0 | base=1.03 | wall=1.47 | search=876 | target=none
R2[SEARCH    ]: carry=0 | base=0.37 | wall=2.20 | search=1145 | target=none
R3[GIVE_UP   ]: carry=0 | base=0.92 | wall=1.63 | search=1248 | target=none
R4[SEARCH    ]: carry=0 | base=2.57 | wall=0.49 | search=3113 | target=phero(1.15,-0.17)

  [GIVE-UP] R3 returned empty after 1248 searching steps
  [TARGET] R3 → WALL (-2.42, 1.53)

======================================================================
Step 14500 (7.7 min) | Pickups: 23 | Deposits: 23 | Rate: 2.97 tags/min | phero_entries=0 max_w=0.000
======================================================================
R1[SEARCH    ]: carry=0 | base=1.24 | wall=1.26 | search=1376 | target=none
R2[SEARCH    ]: carry=0 | base=0.58 | wall=1.92 | search=1645 | target=none
R3[SEARCH    ]: carry=0 | base=0.29 | wall=2.25 | search= 58 | target=none
R4[GIVE_UP   ]: carry=0 | base=1.09 | wall=1.68 | search=3120 | target=none

  [GIVE-UP] R4 returned empty after 3120 searching steps
  [TARGET] R4 → WALL (1.16, 2.42)
  [GIVE-UP] R2 returned empty after 1716 searching steps
  [TARGET] R2 → WALL (2.42, 2.34)

======================================================================
Step 15000 (8.0 min) | Pickups: 23 | Deposits: 23 | Rate: 2.88 tags/min | phero_entries=0 max_w=0.000
======================================================================
R1[GIVE_UP   ]: carry=0 | base=1.18 | wall=1.37 | search=1872 | target=none
R2[DEPART    ]: carry=0 | base=0.27 | wall=2.27 | search=  0 | target=none
R3[BASE_ESC  ]: carry=0 | base=0.22 | wall=2.29 | search=558 | target=none
R4[SEARCH    ]: carry=0 | base=0.30 | wall=2.21 | search= 14 | target=none

  [GIVE-UP] R4 returned empty after 156 searching steps
  [TARGET] R4 → WALL (-0.44, 2.42)
  [GIVE-UP] R1 returned empty after 1872 searching steps
  [TARGET] R1 → WALL (1.30, 2.42)

======================================================================
Step 15500 (8.3 min) | Pickups: 23 | Deposits: 23 | Rate: 2.78 tags/min | phero_entries=0 max_w=0.000
======================================================================
R1[DEPART    ]: carry=0 | base=0.29 | wall=2.21 | search=  0 | target=none
R2[SEARCH    ]: carry=0 | base=0.37 | wall=2.16 | search= 99 | target=none
R3[SEARCH    ]: carry=0 | base=0.28 | wall=2.30 | search=1058 | target=none
R4[SEARCH    ]: carry=0 | base=0.76 | wall=1.74 | search=173 | target=none


======================================================================
Step 16000 (8.5 min) | Pickups: 23 | Deposits: 23 | Rate: 2.70 tags/min | phero_entries=0 max_w=0.000
======================================================================
R1[SEARCH    ]: carry=0 | base=0.33 | wall=2.17 | search=409 | target=none
R2[SEARCH    ]: carry=0 | base=0.45 | wall=2.15 | search=599 | target=none
R3[SEARCH    ]: carry=0 | base=0.76 | wall=1.74 | search=1558 | target=none
R4[SEARCH    ]: carry=0 | base=1.29 | wall=1.24 | search=673 | target=none

  [GIVE-UP] R3 returned empty after 1560 searching steps
  [TARGET] R3 → WALL (0.83, -2.42)
  [GIVE-UP] R1 returned empty after 468 searching steps
  [TARGET] R1 → WALL (-2.42, 0.05)

======================================================================
Step 16500 (8.8 min) | Pickups: 23 | Deposits: 23 | Rate: 2.61 tags/min | phero_entries=0 max_w=0.000
======================================================================
R1[SEARCH    ]: carry=0 | base=0.78 | wall=1.73 | search= 18 | target=none
R2[SEARCH    ]: carry=0 | base=0.82 | wall=1.72 | search=1099 | target=none
R3[DEPART    ]: carry=0 | base=0.26 | wall=2.31 | search=  0 | target=none
R4[SEARCH    ]: carry=0 | base=1.16 | wall=1.41 | search=1173 | target=none

  [GIVE-UP] R4 returned empty after 1404 searching steps
  [TARGET] R4 → WALL (1.11, 2.42)

======================================================================
Step 17000 (9.1 min) | Pickups: 23 | Deposits: 23 | Rate: 2.54 tags/min | phero_entries=0 max_w=0.000
======================================================================
R1[SEARCH    ]: carry=0 | base=1.21 | wall=1.39 | search=518 | target=none
R2[SEARCH    ]: carry=0 | base=0.46 | wall=2.15 | search=1599 | target=none
R3[DEPART    ]: carry=0 | base=1.23 | wall=1.30 | search=  0 | target=none
R4[BASE_ESC  ]: carry=0 | base=0.22 | wall=2.31 | search=  0 | target=none


======================================================================
Step 17500 (9.3 min) | Pickups: 23 | Deposits: 23 | Rate: 2.46 tags/min | phero_entries=0 max_w=0.000
======================================================================
R1[SEARCH    ]: carry=0 | base=1.24 | wall=1.32 | search=1018 | target=none
R2[SEARCH    ]: carry=0 | base=0.29 | wall=2.23 | search=2099 | target=none
R3[DEPART    ]: carry=0 | base=2.09 | wall=0.47 | search=  0 | target=none
R4[SEARCH    ]: carry=0 | base=1.54 | wall=1.12 | search=126 | target=none

[PICKUP] R3 picked up tag (density=16) | Total: 24
  [GIVE-UP] R4 returned empty after 156 searching steps
  [TARGET] R4 → WALL (0.45, -2.42)

======================================================================
Step 18000 (9.6 min) | Pickups: 24 | Deposits: 23 | Rate: 2.40 tags/min | phero_entries=0 max_w=0.000
======================================================================
R1[SEARCH    ]: carry=0 | base=1.53 | wall=0.97 | search=1518 | target=none
R2[SEARCH    ]: carry=0 | base=0.46 | wall=2.07 | search=2599 | target=none
R3[RTB       ]: carry=1 | base=1.60 | wall=0.91 | search=  0 | target=none
R4[BASE_ESC  ]: carry=0 | base=0.22 | wall=2.29 | search=  0 | target=none

[PICKUP] R2 picked up tag (density=1) | Total: 25
[DEPOSIT] R2 deposited! Total: 24
  [TARGET] R2 → SITE (-0.44, 0.14)
[DEPOSIT] R3 deposited! Total: 25
  [PHERO] Laid at (0.02, -1.88) density=16 prob=0.94 entries=1
  [TARGET] R3 → SITE (0.02, -1.88)

======================================================================
Step 18500 (9.9 min) | Pickups: 25 | Deposits: 25 | Rate: 2.53 tags/min | phero_entries=1 max_w=0.700
======================================================================
R1[SEARCH    ]: carry=0 | base=1.60 | wall=1.00 | search=2018 | target=none
R2[SEARCH    ]: carry=0 | base=0.44 | wall=2.08 | search= 12 | target=site(-0.44,0.14)
R3[SITE      ]: carry=0 | base=0.37 | wall=2.14 | search=  0 | target=site(0.02,-1.88)
R4[BASE_ESC  ]: carry=0 | base=0.25 | wall=2.27 | search=  0 | target=none

TIMEOUT_RESULT pickups=25 deposits=25 steps=18750 elapsed_min=10.000000
BATCH_RESULT pickups=25 deposits=25
