=================================================================
CPFA BASELINE — ARGoS-calibrated parameters
  Params file                  = /home/sara/Documents/RL-FL-Foraging/cpfa_tuning_20260715_140546/trial_018/params.yaml
  Results file                 = /home/sara/Documents/RL-FL-Foraging/controllers/cpfa_baseline/results/cpfa_baseline_results_20260715_143717_2.txt
  RateOfLayingPheromone        = 9.401994568645453
  RateOfSiteFidelity           = 2.957623810448351
  RateOfPheromoneDecay         = 0.020885453549697876 /s  (lifetime ~331s)
  ProbabilityOfReturningToNest = 0.04088530532260286 (every 5 sec → E[give-up] ~122s)
  UninformedSearchVariation    = 2.84 rad (162.9°)
  RateOfInformedSearchDecay    = 1.6830123163039117 /waypoint
  ProbabilityOfSwitchingToSearching = 0.769264562364457 (every 5 sec in uninformed DEPARTING)
=================================================================

[PICKUP] R4 picked up tag (density=6) | Total: 1
[DEPOSIT] R4 deposited! Total: 1
  [TARGET] R4 → SITE (0.05, -0.49)
[PICKUP] R4 picked up tag (density=5) | Total: 2

======================================================================
Step 500 (0.3 min) | Pickups: 2 | Deposits: 1 | Rate: 3.75 tags/min | phero_entries=0 max_w=0.000
======================================================================
R1[SEARCH    ]: carry=0 | base=0.25 | wall=2.31 | search=251 | target=none
R2[SEARCH    ]: carry=0 | base=0.35 | wall=2.15 | search=119 | target=none
R3[SEARCH    ]: carry=0 | base=0.78 | wall=1.73 | search=344 | target=none
R4[SURVEY    ]: carry=1 | base=0.34 | wall=2.20 | search=  0 | target=none

[PICKUP] R2 picked up tag (density=4) | Total: 3
  [GIVE-UP] R3 returned empty after 468 searching steps
  [TARGET] R3 → WALL (2.24, -2.42)
[DEPOSIT] R4 deposited! Total: 2
  [PHERO] Laid at (0.17, -0.29) density=5 prob=0.09 entries=1
  [TARGET] R4 → SITE (0.17, -0.29)
[DEPOSIT] R2 deposited! Total: 3
  [TARGET] R2 → PHERO (0.17, -0.29)

======================================================================
Step 1000 (0.5 min) | Pickups: 3 | Deposits: 3 | Rate: 5.62 tags/min | phero_entries=1 max_w=0.868
======================================================================
R1[SEARCH    ]: carry=0 | base=0.26 | wall=2.24 | search=751 | target=none
R2[BASE_ESC  ]: carry=0 | base=0.23 | wall=2.34 | search=  0 | target=phero(0.17,-0.29)
R3[DEPART    ]: carry=0 | base=0.34 | wall=2.17 | search=  0 | target=none
R4[SEARCH    ]: carry=0 | base=0.36 | wall=2.21 | search=  4 | target=site(0.17,-0.29)

[PICKUP] R2 picked up tag (density=3) | Total: 4
  [GIVE-UP] R1 returned empty after 1092 searching steps
  [TARGET] R1 → PHERO (0.17, -0.29)
[DEPOSIT] R2 deposited! Total: 4
  [TARGET] R2 → PHERO (0.17, -0.29)

======================================================================
Step 1500 (0.8 min) | Pickups: 4 | Deposits: 4 | Rate: 5.00 tags/min | phero_entries=1 max_w=0.621
======================================================================
R1[BASE_ESC  ]: carry=0 | base=0.23 | wall=2.28 | search=  0 | target=phero(0.17,-0.29)
R2[BASE_ESC  ]: carry=0 | base=0.23 | wall=2.32 | search=  0 | target=phero(0.17,-0.29)
R3[SEARCH    ]: carry=0 | base=0.49 | wall=2.03 | search=473 | target=none
R4[SEARCH    ]: carry=0 | base=0.35 | wall=2.24 | search=504 | target=site(0.17,-0.29)

[PICKUP] R2 picked up tag (density=2) | Total: 5

======================================================================
Step 2000 (1.1 min) | Pickups: 5 | Deposits: 4 | Rate: 3.75 tags/min | phero_entries=1 max_w=0.445
======================================================================
R1[SEARCH    ]: carry=0 | base=0.49 | wall=2.05 | search=277 | target=phero(0.17,-0.29)
R2[SURVEY    ]: carry=1 | base=0.43 | wall=2.13 | search=  0 | target=none
R3[SEARCH    ]: carry=0 | base=0.46 | wall=2.07 | search=973 | target=none
R4[SEARCH    ]: carry=0 | base=0.34 | wall=2.16 | search=1004 | target=site(0.17,-0.29)

[PICKUP] R1 picked up tag (density=1) | Total: 6
[PICKUP] R3 picked up tag (density=9) | Total: 7
[DEPOSIT] R2 deposited! Total: 5
  [TARGET] R2 → SITE (0.22, -0.38)
[DEPOSIT] R1 deposited! Total: 6
  [TARGET] R1 → SITE (0.22, -0.44)
  [GIVE-UP] R4 returned empty after 1404 searching steps
  [TARGET] R4 → PHERO (0.17, -0.29)

======================================================================
Step 2500 (1.3 min) | Pickups: 7 | Deposits: 6 | Rate: 4.50 tags/min | phero_entries=1 max_w=0.318
======================================================================
R1[SITE      ]: carry=0 | base=0.33 | wall=2.24 | search=  0 | target=site(0.22,-0.44)
R2[SEARCH    ]: carry=0 | base=0.50 | wall=2.14 | search=139 | target=site(0.22,-0.38)
R3[RTB       ]: carry=1 | base=0.44 | wall=2.09 | search=  0 | target=none
R4[BASE_ESC  ]: carry=0 | base=0.25 | wall=2.27 | search=  0 | target=phero(0.17,-0.29)

[DEPOSIT] R3 deposited! Total: 7
  [PHERO] Laid at (0.39, 0.25) density=9 prob=0.53 entries=2
  [TARGET] R3 → SITE (0.39, 0.25)

======================================================================
Step 3000 (1.6 min) | Pickups: 7 | Deposits: 7 | Rate: 4.38 tags/min | phero_entries=2 max_w=0.746
======================================================================
R1[SEARCH    ]: carry=0 | base=0.33 | wall=2.21 | search=440 | target=site(0.22,-0.44)
R2[SEARCH    ]: carry=0 | base=0.68 | wall=1.93 | search=639 | target=site(0.22,-0.38)
R3[SEARCH    ]: carry=0 | base=0.48 | wall=2.03 | search=215 | target=site(0.39,0.25)
R4[BASE_ESC  ]: carry=0 | base=0.22 | wall=2.30 | search=483 | target=phero(0.17,-0.29)


======================================================================
Step 3500 (1.9 min) | Pickups: 7 | Deposits: 7 | Rate: 3.75 tags/min | phero_entries=2 max_w=0.534
======================================================================
R1[SEARCH    ]: carry=0 | base=0.35 | wall=2.19 | search=940 | target=site(0.22,-0.44)
R2[SEARCH    ]: carry=0 | base=0.93 | wall=1.70 | search=1139 | target=site(0.22,-0.38)
R3[GIVE_UP   ]: carry=0 | base=0.65 | wall=1.88 | search=624 | target=none
R4[BASE_ESC  ]: carry=0 | base=0.25 | wall=2.28 | search=983 | target=phero(0.17,-0.29)

  [GIVE-UP] R3 returned empty after 624 searching steps
  [TARGET] R3 → PHERO (0.39, 0.25)
  [GIVE-UP] R4 returned empty after 1248 searching steps
  [TARGET] R4 → PHERO (0.17, -0.29)

======================================================================
Step 4000 (2.1 min) | Pickups: 7 | Deposits: 7 | Rate: 3.28 tags/min | phero_entries=2 max_w=0.382
======================================================================
R1[SEARCH    ]: carry=0 | base=0.38 | wall=2.16 | search=1440 | target=site(0.22,-0.44)
R2[SEARCH    ]: carry=0 | base=1.23 | wall=1.54 | search=1639 | target=site(0.22,-0.38)
R3[SEARCH    ]: carry=0 | base=0.38 | wall=2.13 | search=231 | target=phero(0.39,0.25)
R4[PHERO     ]: carry=0 | base=0.30 | wall=2.22 | search=  0 | target=phero(0.17,-0.29)

  [GIVE-UP] R3 returned empty after 468 searching steps
  [TARGET] R3 → PHERO (0.39, 0.25)
[PICKUP] R3 picked up tag (density=8) | Total: 8

======================================================================
Step 4500 (2.4 min) | Pickups: 8 | Deposits: 7 | Rate: 2.92 tags/min | phero_entries=2 max_w=0.274
======================================================================
R1[SEARCH    ]: carry=0 | base=0.44 | wall=2.10 | search=1940 | target=site(0.22,-0.44)
R2[SEARCH    ]: carry=0 | base=1.41 | wall=1.50 | search=2139 | target=site(0.22,-0.38)
R3[SURVEY    ]: carry=1 | base=0.30 | wall=2.25 | search=  0 | target=none
R4[SEARCH    ]: carry=0 | base=0.41 | wall=2.16 | search=390 | target=phero(0.17,-0.29)

[DEPOSIT] R3 deposited! Total: 8
  [PHERO] Laid at (0.17, 0.25) density=8 prob=0.40 entries=3
  [TARGET] R3 → SITE (0.17, 0.25)
[PICKUP] R3 picked up tag (density=7) | Total: 9

======================================================================
Step 5000 (2.7 min) | Pickups: 9 | Deposits: 8 | Rate: 3.00 tags/min | phero_entries=3 max_w=0.830
======================================================================
R1[SEARCH    ]: carry=0 | base=0.53 | wall=2.11 | search=2440 | target=site(0.22,-0.44)
R2[SEARCH    ]: carry=0 | base=1.50 | wall=1.40 | search=2639 | target=site(0.22,-0.38)
R3[SURVEY    ]: carry=1 | base=0.33 | wall=2.24 | search=  0 | target=none
R4[SEARCH    ]: carry=0 | base=0.56 | wall=1.99 | search=890 | target=phero(0.17,-0.29)

[DEPOSIT] R3 deposited! Total: 9
  [PHERO] Laid at (0.20, 0.27) density=7 prob=0.28 entries=4
  [TARGET] R3 → SITE (0.20, 0.27)

======================================================================
Step 5500 (2.9 min) | Pickups: 9 | Deposits: 9 | Rate: 3.07 tags/min | phero_entries=4 max_w=0.848
======================================================================
R1[SEARCH    ]: carry=0 | base=0.36 | wall=2.22 | search=2940 | target=site(0.22,-0.44)
R2[SEARCH    ]: carry=0 | base=1.55 | wall=1.40 | search=3139 | target=site(0.22,-0.38)
R3[SEARCH    ]: carry=0 | base=0.39 | wall=2.19 | search= 40 | target=site(0.20,0.27)
R4[SEARCH    ]: carry=0 | base=0.41 | wall=2.09 | search=1390 | target=phero(0.17,-0.29)

[PICKUP] R3 picked up tag (density=6) | Total: 10
  [GIVE-UP] R4 returned empty after 1560 searching steps
  [TARGET] R4 → PHERO (0.17, 0.25)
[DEPOSIT] R3 deposited! Total: 10
  [TARGET] R3 → SITE (0.23, 0.33)

======================================================================
Step 6000 (3.2 min) | Pickups: 10 | Deposits: 10 | Rate: 3.12 tags/min | phero_entries=4 max_w=0.607
======================================================================
R1[SEARCH    ]: carry=0 | base=0.32 | wall=2.22 | search=3440 | target=site(0.22,-0.44)
R2[SEARCH    ]: carry=0 | base=1.32 | wall=1.56 | search=3639 | target=site(0.22,-0.38)
R3[SITE      ]: carry=0 | base=0.37 | wall=2.21 | search=  0 | target=site(0.23,0.33)
R4[PHERO     ]: carry=0 | base=0.27 | wall=2.24 | search=  0 | target=phero(0.17,0.25)

[PICKUP] R3 picked up tag (density=5) | Total: 11
[DEPOSIT] R3 deposited! Total: 11
  [TARGET] R3 → SITE (0.25, 0.33)

======================================================================
Step 6500 (3.5 min) | Pickups: 11 | Deposits: 11 | Rate: 3.17 tags/min | phero_entries=4 max_w=0.435
======================================================================
R1[SEARCH    ]: carry=0 | base=0.42 | wall=2.11 | search=3940 | target=site(0.22,-0.44)
R2[SEARCH    ]: carry=0 | base=1.13 | wall=1.64 | search=4139 | target=site(0.22,-0.38)
R3[SITE      ]: carry=0 | base=0.26 | wall=2.27 | search=  0 | target=site(0.25,0.33)
R4[SEARCH    ]: carry=0 | base=0.36 | wall=2.24 | search=459 | target=phero(0.17,0.25)


======================================================================
Step 7000 (3.7 min) | Pickups: 11 | Deposits: 11 | Rate: 2.95 tags/min | phero_entries=4 max_w=0.311
======================================================================
R1[SEARCH    ]: carry=0 | base=0.48 | wall=2.03 | search=4440 | target=site(0.22,-0.44)
R2[SEARCH    ]: carry=0 | base=1.05 | wall=1.61 | search=4639 | target=site(0.22,-0.38)
R3[SEARCH    ]: carry=0 | base=0.30 | wall=2.22 | search=399 | target=site(0.25,0.33)
R4[GIVE_UP   ]: carry=0 | base=0.27 | wall=2.29 | search=936 | target=none

  [GIVE-UP] R4 returned empty after 936 searching steps
  [TARGET] R4 → PHERO (0.20, 0.27)
[PICKUP] R3 picked up tag (density=4) | Total: 12

======================================================================
Step 7500 (4.0 min) | Pickups: 12 | Deposits: 11 | Rate: 2.75 tags/min | phero_entries=4 max_w=0.223
======================================================================
R1[SEARCH    ]: carry=0 | base=0.59 | wall=1.91 | search=4940 | target=site(0.22,-0.44)
R2[SEARCH    ]: carry=0 | base=1.18 | wall=1.55 | search=5139 | target=site(0.22,-0.38)
R3[RTB       ]: carry=1 | base=0.38 | wall=2.18 | search=  0 | target=none
R4[SEARCH    ]: carry=0 | base=0.30 | wall=2.23 | search=320 | target=phero(0.20,0.27)

[DEPOSIT] R3 deposited! Total: 12
  [TARGET] R3 → SITE (0.17, 0.41)
  [GIVE-UP] R4 returned empty after 468 searching steps
  [TARGET] R4 → PHERO (0.17, 0.25)
[PICKUP] R3 picked up tag (density=3) | Total: 13

======================================================================
Step 8000 (4.3 min) | Pickups: 13 | Deposits: 12 | Rate: 2.81 tags/min | phero_entries=4 max_w=0.160
======================================================================
R1[SEARCH    ]: carry=0 | base=0.59 | wall=1.96 | search=5440 | target=site(0.22,-0.44)
R2[SEARCH    ]: carry=0 | base=1.12 | wall=1.55 | search=5639 | target=site(0.22,-0.38)
R3[SURVEY    ]: carry=1 | base=0.47 | wall=2.08 | search=  0 | target=none
R4[SEARCH    ]: carry=0 | base=0.33 | wall=2.22 | search= 46 | target=phero(0.17,0.25)

[DEPOSIT] R3 deposited! Total: 13
  [TARGET] R3 → PHERO (0.39, 0.25)

======================================================================
Step 8500 (4.5 min) | Pickups: 13 | Deposits: 13 | Rate: 2.87 tags/min | phero_entries=4 max_w=0.114
======================================================================
R1[SEARCH    ]: carry=0 | base=0.71 | wall=1.86 | search=5940 | target=site(0.22,-0.44)
R2[SEARCH    ]: carry=0 | base=0.97 | wall=1.78 | search=6139 | target=site(0.22,-0.38)
R3[SEARCH    ]: carry=0 | base=0.54 | wall=2.05 | search=179 | target=phero(0.39,0.25)
R4[SEARCH    ]: carry=0 | base=0.44 | wall=2.19 | search=546 | target=phero(0.17,0.25)

[PICKUP] R4 picked up tag (density=2) | Total: 14
  [GIVE-UP] R1 returned empty after 6084 searching steps
  [TARGET] R1 → PHERO (0.20, 0.27)
[PICKUP] R3 picked up tag (density=1) | Total: 15
[DEPOSIT] R4 deposited! Total: 14
  [TARGET] R4 → PHERO (0.20, 0.27)

======================================================================
Step 9000 (4.8 min) | Pickups: 15 | Deposits: 14 | Rate: 2.92 tags/min | phero_entries=4 max_w=0.082
======================================================================
R1[PHERO     ]: carry=0 | base=0.28 | wall=2.23 | search=  0 | target=phero(0.20,0.27)
R2[GIVE_UP   ]: carry=0 | base=1.17 | wall=1.54 | search=6552 | target=none
R3[SURVEY    ]: carry=1 | base=0.56 | wall=2.07 | search=  0 | target=none
R4[BASE_ESC  ]: carry=0 | base=0.22 | wall=2.31 | search=  0 | target=phero(0.20,0.27)

  [GIVE-UP] R2 returned empty after 6552 searching steps
  [TARGET] R2 → PHERO (0.20, 0.27)
[DEPOSIT] R3 deposited! Total: 15
  [TARGET] R3 → SITE (0.36, 0.43)

======================================================================
Step 9500 (5.1 min) | Pickups: 15 | Deposits: 15 | Rate: 2.96 tags/min | phero_entries=4 max_w=0.059
======================================================================
R1[SEARCH    ]: carry=0 | base=0.46 | wall=2.09 | search=410 | target=phero(0.20,0.27)
R2[PHERO     ]: carry=0 | base=0.29 | wall=2.22 | search=  0 | target=phero(0.20,0.27)
R3[BASE_ESC  ]: carry=0 | base=0.22 | wall=2.30 | search=  0 | target=site(0.36,0.43)
R4[BASE_ESC  ]: carry=0 | base=0.23 | wall=2.29 | search=335 | target=phero(0.20,0.27)

  [GIVE-UP] R4 returned empty after 468 searching steps
  [TARGET] R4 → PHERO (0.20, 0.27)

======================================================================
Step 10000 (5.3 min) | Pickups: 15 | Deposits: 15 | Rate: 2.81 tags/min | phero_entries=4 max_w=0.042
======================================================================
R1[SEARCH    ]: carry=0 | base=0.35 | wall=2.23 | search=910 | target=phero(0.20,0.27)
R2[SEARCH    ]: carry=0 | base=0.27 | wall=2.25 | search=459 | target=phero(0.20,0.27)
R3[SEARCH    ]: carry=0 | base=0.59 | wall=2.04 | search=304 | target=site(0.36,0.43)
R4[SEARCH    ]: carry=0 | base=0.36 | wall=2.21 | search= 35 | target=phero(0.20,0.27)

  [GIVE-UP] R1 returned empty after 1404 searching steps
  [TARGET] R1 → PHERO (0.17, -0.29)

======================================================================
Step 10500 (5.6 min) | Pickups: 15 | Deposits: 15 | Rate: 2.68 tags/min | phero_entries=4 max_w=0.030
======================================================================
R1[BASE_ESC  ]: carry=0 | base=0.24 | wall=2.30 | search=  0 | target=phero(0.17,-0.29)
R2[SEARCH    ]: carry=0 | base=0.28 | wall=2.25 | search=959 | target=phero(0.20,0.27)
R3[SEARCH    ]: carry=0 | base=0.49 | wall=2.09 | search=804 | target=site(0.36,0.43)
R4[BASE_ESC  ]: carry=0 | base=0.23 | wall=2.32 | search=535 | target=phero(0.20,0.27)


======================================================================
Step 11000 (5.9 min) | Pickups: 15 | Deposits: 15 | Rate: 2.56 tags/min | phero_entries=4 max_w=0.021
======================================================================
R1[PHERO     ]: carry=0 | base=0.26 | wall=2.24 | search=  0 | target=phero(0.17,-0.29)
R2[SEARCH    ]: carry=0 | base=0.48 | wall=2.02 | search=1459 | target=phero(0.20,0.27)
R3[SEARCH    ]: carry=0 | base=0.32 | wall=2.19 | search=1304 | target=site(0.36,0.43)
R4[SEARCH    ]: carry=0 | base=0.41 | wall=2.13 | search=1035 | target=phero(0.20,0.27)

  [GIVE-UP] R3 returned empty after 1560 searching steps
  [TARGET] R3 → PHERO (0.39, 0.25)

======================================================================
Step 11500 (6.1 min) | Pickups: 15 | Deposits: 15 | Rate: 2.45 tags/min | phero_entries=3 max_w=0.015
======================================================================
R1[PHERO     ]: carry=0 | base=0.26 | wall=2.25 | search=  0 | target=phero(0.17,-0.29)
R2[SEARCH    ]: carry=0 | base=0.55 | wall=1.95 | search=1959 | target=phero(0.20,0.27)
R3[PHERO     ]: carry=0 | base=0.29 | wall=2.25 | search=  0 | target=phero(0.39,0.25)
R4[SEARCH    ]: carry=0 | base=0.71 | wall=1.81 | search=1535 | target=phero(0.20,0.27)


======================================================================
Step 12000 (6.4 min) | Pickups: 15 | Deposits: 15 | Rate: 2.34 tags/min | phero_entries=3 max_w=0.011
======================================================================
R1[SEARCH    ]: carry=0 | base=0.32 | wall=2.18 | search=219 | target=phero(0.17,-0.29)
R2[SEARCH    ]: carry=0 | base=0.71 | wall=1.80 | search=2459 | target=phero(0.20,0.27)
R3[SEARCH    ]: carry=0 | base=0.51 | wall=1.99 | search=350 | target=phero(0.39,0.25)
R4[SEARCH    ]: carry=0 | base=0.82 | wall=1.69 | search=2035 | target=phero(0.20,0.27)

  [GIVE-UP] R2 returned empty after 2652 searching steps
  [TARGET] R2 → PHERO (0.17, 0.25)

======================================================================
Step 12500 (6.7 min) | Pickups: 15 | Deposits: 15 | Rate: 2.25 tags/min | phero_entries=3 max_w=0.008
======================================================================
R1[SEARCH    ]: carry=0 | base=0.26 | wall=2.25 | search=719 | target=phero(0.17,-0.29)
R2[BASE_ESC  ]: carry=0 | base=0.24 | wall=2.26 | search=  0 | target=phero(0.17,0.25)
R3[SEARCH    ]: carry=0 | base=0.36 | wall=2.16 | search=850 | target=phero(0.39,0.25)
R4[SEARCH    ]: carry=0 | base=0.82 | wall=1.68 | search=2535 | target=phero(0.20,0.27)


======================================================================
Step 13000 (6.9 min) | Pickups: 15 | Deposits: 15 | Rate: 2.16 tags/min | phero_entries=2 max_w=0.006
======================================================================
R1[SEARCH    ]: carry=0 | base=0.27 | wall=2.30 | search=1219 | target=phero(0.17,-0.29)
R2[SEARCH    ]: carry=0 | base=0.38 | wall=2.14 | search=128 | target=phero(0.17,0.25)
R3[SEARCH    ]: carry=0 | base=0.30 | wall=2.24 | search=1350 | target=phero(0.39,0.25)
R4[SEARCH    ]: carry=0 | base=0.69 | wall=1.81 | search=3035 | target=phero(0.20,0.27)


======================================================================
Step 13500 (7.2 min) | Pickups: 15 | Deposits: 15 | Rate: 2.08 tags/min | phero_entries=2 max_w=0.004
======================================================================
R1[SEARCH    ]: carry=0 | base=0.36 | wall=2.15 | search=1719 | target=phero(0.17,-0.29)
R2[SEARCH    ]: carry=0 | base=0.46 | wall=2.06 | search=628 | target=phero(0.17,0.25)
R3[SEARCH    ]: carry=0 | base=0.35 | wall=2.25 | search=1850 | target=phero(0.39,0.25)
R4[SEARCH    ]: carry=0 | base=0.84 | wall=1.68 | search=3535 | target=phero(0.20,0.27)


======================================================================
Step 14000 (7.5 min) | Pickups: 15 | Deposits: 15 | Rate: 2.01 tags/min | phero_entries=2 max_w=0.003
======================================================================
R1[SEARCH    ]: carry=0 | base=0.34 | wall=2.16 | search=2219 | target=phero(0.17,-0.29)
R2[SEARCH    ]: carry=0 | base=0.57 | wall=1.93 | search=1128 | target=phero(0.17,0.25)
R3[SEARCH    ]: carry=0 | base=0.26 | wall=2.29 | search=2350 | target=phero(0.39,0.25)
R4[SEARCH    ]: carry=0 | base=0.91 | wall=1.65 | search=4035 | target=phero(0.20,0.27)


======================================================================
Step 14500 (7.7 min) | Pickups: 15 | Deposits: 15 | Rate: 1.94 tags/min | phero_entries=2 max_w=0.002
======================================================================
R1[SEARCH    ]: carry=0 | base=0.51 | wall=2.10 | search=2719 | target=phero(0.17,-0.29)
R2[SEARCH    ]: carry=0 | base=0.79 | wall=1.77 | search=1628 | target=phero(0.17,0.25)
R3[SEARCH    ]: carry=0 | base=0.28 | wall=2.23 | search=2850 | target=phero(0.39,0.25)
R4[SEARCH    ]: carry=0 | base=1.20 | wall=1.43 | search=4535 | target=phero(0.20,0.27)

  [GIVE-UP] R1 returned empty after 3120 searching steps
  [TARGET] R1 → PHERO (0.20, 0.27)

======================================================================
Step 15000 (8.0 min) | Pickups: 15 | Deposits: 15 | Rate: 1.88 tags/min | phero_entries=2 max_w=0.001
======================================================================
R1[BASE_ESC  ]: carry=0 | base=0.22 | wall=2.33 | search=  0 | target=phero(0.20,0.27)
R2[SEARCH    ]: carry=0 | base=0.52 | wall=2.02 | search=2128 | target=phero(0.17,0.25)
R3[SEARCH    ]: carry=0 | base=0.53 | wall=1.99 | search=3350 | target=phero(0.39,0.25)
R4[SEARCH    ]: carry=0 | base=1.20 | wall=1.46 | search=5035 | target=phero(0.20,0.27)


======================================================================
Step 15500 (8.3 min) | Pickups: 15 | Deposits: 15 | Rate: 1.81 tags/min | phero_entries=1 max_w=0.001
======================================================================
R1[PHERO     ]: carry=0 | base=0.25 | wall=2.25 | search=  0 | target=phero(0.20,0.27)
R2[SEARCH    ]: carry=0 | base=0.54 | wall=2.08 | search=2628 | target=phero(0.17,0.25)
R3[SEARCH    ]: carry=0 | base=0.59 | wall=1.95 | search=3850 | target=phero(0.39,0.25)
R4[SEARCH    ]: carry=0 | base=1.40 | wall=1.25 | search=5535 | target=phero(0.20,0.27)


======================================================================
Step 16000 (8.5 min) | Pickups: 15 | Deposits: 15 | Rate: 1.76 tags/min | phero_entries=0 max_w=0.000
======================================================================
R1[SEARCH    ]: carry=0 | base=0.57 | wall=2.09 | search=418 | target=phero(0.20,0.27)
R2[SEARCH    ]: carry=0 | base=0.76 | wall=1.94 | search=3128 | target=phero(0.17,0.25)
R3[SEARCH    ]: carry=0 | base=0.62 | wall=1.91 | search=4350 | target=phero(0.39,0.25)
R4[SEARCH    ]: carry=0 | base=1.41 | wall=1.21 | search=6035 | target=phero(0.20,0.27)


======================================================================
Step 16500 (8.8 min) | Pickups: 15 | Deposits: 15 | Rate: 1.70 tags/min | phero_entries=0 max_w=0.000
======================================================================
R1[SEARCH    ]: carry=0 | base=0.59 | wall=2.01 | search=918 | target=phero(0.20,0.27)
R2[SEARCH    ]: carry=0 | base=0.67 | wall=1.98 | search=3628 | target=phero(0.17,0.25)
R3[SEARCH    ]: carry=0 | base=0.70 | wall=1.83 | search=4850 | target=phero(0.39,0.25)
R4[SEARCH    ]: carry=0 | base=1.54 | wall=1.00 | search=6535 | target=phero(0.20,0.27)


======================================================================
Step 17000 (9.1 min) | Pickups: 15 | Deposits: 15 | Rate: 1.65 tags/min | phero_entries=0 max_w=0.000
======================================================================
R1[SEARCH    ]: carry=0 | base=0.71 | wall=1.95 | search=1418 | target=phero(0.20,0.27)
R2[SEARCH    ]: carry=0 | base=0.56 | wall=1.99 | search=4128 | target=phero(0.17,0.25)
R3[SEARCH    ]: carry=0 | base=0.53 | wall=2.02 | search=5350 | target=phero(0.39,0.25)
R4[SEARCH    ]: carry=0 | base=1.54 | wall=1.02 | search=7035 | target=phero(0.20,0.27)


======================================================================
Step 17500 (9.3 min) | Pickups: 15 | Deposits: 15 | Rate: 1.61 tags/min | phero_entries=0 max_w=0.000
======================================================================
R1[SEARCH    ]: carry=0 | base=0.67 | wall=1.97 | search=1918 | target=phero(0.20,0.27)
R2[SEARCH    ]: carry=0 | base=0.45 | wall=2.07 | search=4628 | target=phero(0.17,0.25)
R3[SEARCH    ]: carry=0 | base=0.30 | wall=2.20 | search=5850 | target=phero(0.39,0.25)
R4[SEARCH    ]: carry=0 | base=1.22 | wall=1.31 | search=7535 | target=phero(0.20,0.27)


======================================================================
Step 18000 (9.6 min) | Pickups: 15 | Deposits: 15 | Rate: 1.56 tags/min | phero_entries=0 max_w=0.000
======================================================================
R1[SEARCH    ]: carry=0 | base=0.84 | wall=1.84 | search=2418 | target=phero(0.20,0.27)
R2[SEARCH    ]: carry=0 | base=0.55 | wall=2.02 | search=5128 | target=phero(0.17,0.25)
R3[SEARCH    ]: carry=0 | base=0.26 | wall=2.25 | search=6350 | target=phero(0.39,0.25)
R4[SEARCH    ]: carry=0 | base=1.19 | wall=1.31 | search=8035 | target=phero(0.20,0.27)


======================================================================
Step 18500 (9.9 min) | Pickups: 15 | Deposits: 15 | Rate: 1.52 tags/min | phero_entries=0 max_w=0.000
======================================================================
R1[SEARCH    ]: carry=0 | base=0.97 | wall=1.79 | search=2918 | target=phero(0.20,0.27)
R2[SEARCH    ]: carry=0 | base=0.61 | wall=1.92 | search=5628 | target=phero(0.17,0.25)
R3[SEARCH    ]: carry=0 | base=0.29 | wall=2.28 | search=6850 | target=phero(0.39,0.25)
R4[SEARCH    ]: carry=0 | base=1.34 | wall=1.16 | search=8535 | target=phero(0.20,0.27)

  [GIVE-UP] R3 returned empty after 7020 searching steps
  [TARGET] R3 → WALL (-1.66, -2.42)
TIMEOUT_RESULT pickups=15 deposits=15 steps=18750 elapsed_min=10.000000
BATCH_RESULT pickups=15 deposits=15
