=================================================================
CPFA BASELINE — ARGoS-calibrated parameters
  Params file                  = /home/sara/Documents/RL-FL-Foraging/cpfa_tuning_20260715_155549/trial_012/params.yaml
  Results file                 = /home/sara/Documents/RL-FL-Foraging/controllers/cpfa_baseline/results/cpfa_baseline_results_20260715_162818.txt
  RateOfLayingPheromone        = 11.894244617908084
  RateOfSiteFidelity           = 2.39635745741081
  RateOfPheromoneDecay         = 0.10567793517577395 /s  (lifetime ~65s)
  ProbabilityOfReturningToNest = 0.1410084574618579 (every 5 sec → E[give-up] ~35s)
  UninformedSearchVariation    = 0.06 rad (3.7°)
  RateOfInformedSearchDecay    = 1.8556762006350507 /waypoint
  ProbabilityOfSwitchingToSearching = 0.4862898698644827 (every 5 sec in uninformed DEPARTING)
=================================================================

[PICKUP] R2 picked up tag (density=9) | Total: 1

======================================================================
Step 500 (0.3 min) | Pickups: 1 | Deposits: 0 | Rate: 0.00 tags/min | phero_entries=0 max_w=0.000
======================================================================
R1[GIVE_UP   ]: carry=0 | base=1.45 | wall=1.17 | search=156 | target=none
R2[RTB       ]: carry=1 | base=0.33 | wall=2.19 | search=  0 | target=none
R3[SEARCH    ]: carry=0 | base=0.51 | wall=2.03 | search=120 | target=none
R4[DEPART    ]: carry=0 | base=0.62 | wall=1.91 | search=  0 | target=none

[DEPOSIT] R2 deposited! Total: 1
  [TARGET] R2 → SITE (0.48, 0.32)
[PICKUP] R1 picked up tag (density=8) | Total: 2
[PICKUP] R2 picked up tag (density=7) | Total: 3

======================================================================
Step 1000 (0.5 min) | Pickups: 3 | Deposits: 1 | Rate: 1.88 tags/min | phero_entries=0 max_w=0.000
======================================================================
R1[RTB       ]: carry=1 | base=0.77 | wall=1.83 | search=  0 | target=none
R2[SURVEY    ]: carry=1 | base=0.59 | wall=2.05 | search=  0 | target=none
R3[GIVE_UP   ]: carry=0 | base=0.43 | wall=2.18 | search=312 | target=none
R4[SEARCH    ]: carry=0 | base=2.14 | wall=0.56 | search=306 | target=none

  [GIVE-UP] R3 returned empty after 312 searching steps
  [TARGET] R3 → WALL (-1.23, -2.42)
[DEPOSIT] R1 deposited! Total: 2
  [PHERO] Laid at (0.36, 0.70) density=8 prob=0.16 entries=1
  [TARGET] R1 → SITE (0.36, 0.70)
[DEPOSIT] R2 deposited! Total: 3
  [TARGET] R2 → SITE (0.45, 0.37)
[PICKUP] R1 picked up tag (density=6) | Total: 4

======================================================================
Step 1500 (0.8 min) | Pickups: 4 | Deposits: 3 | Rate: 3.75 tags/min | phero_entries=1 max_w=0.310
======================================================================
R1[RTB       ]: carry=1 | base=0.38 | wall=2.22 | search=  0 | target=none
R2[SEARCH    ]: carry=0 | base=0.59 | wall=2.02 | search= 65 | target=site(0.45,0.37)
R3[SEARCH    ]: carry=0 | base=1.51 | wall=1.12 | search=184 | target=none
R4[GIVE_UP   ]: carry=0 | base=1.59 | wall=0.98 | search=624 | target=none

[DEPOSIT] R1 deposited! Total: 4
  [TARGET] R1 → SITE (0.27, 0.25)
  [GIVE-UP] R4 returned empty after 624 searching steps
  [TARGET] R4 → PHERO (0.36, 0.70)

======================================================================
Step 2000 (1.1 min) | Pickups: 4 | Deposits: 4 | Rate: 3.75 tags/min | phero_entries=1 max_w=0.057
======================================================================
R1[SEARCH    ]: carry=0 | base=0.42 | wall=2.11 | search=175 | target=site(0.27,0.25)
R2[SEARCH    ]: carry=0 | base=1.72 | wall=0.78 | search=565 | target=site(0.45,0.37)
R3[GIVE_UP   ]: carry=0 | base=1.91 | wall=0.71 | search=468 | target=none
R4[PHERO     ]: carry=0 | base=0.29 | wall=2.25 | search=  0 | target=phero(0.36,0.70)

[PICKUP] R4 picked up tag (density=5) | Total: 5
[PICKUP] R3 picked up tag (density=12) | Total: 6
[DEPOSIT] R4 deposited! Total: 5
  [TARGET] R4 → SITE (0.05, 0.48)

======================================================================
Step 2500 (1.3 min) | Pickups: 6 | Deposits: 5 | Rate: 3.75 tags/min | phero_entries=1 max_w=0.011
======================================================================
R1[GIVE_UP   ]: carry=0 | base=1.91 | wall=0.63 | search=624 | target=none
R2[SEARCH    ]: carry=0 | base=2.20 | wall=0.39 | search=1065 | target=site(0.45,0.37)
R3[RTB       ]: carry=1 | base=0.87 | wall=1.67 | search=  0 | target=none
R4[SITE      ]: carry=0 | base=0.27 | wall=2.28 | search=  0 | target=site(0.05,0.48)

[PICKUP] R4 picked up tag (density=4) | Total: 7
[DEPOSIT] R3 deposited! Total: 6
  [PHERO] Laid at (-0.45, -1.19) density=12 prob=0.59 entries=2
  [TARGET] R3 → SITE (-0.45, -1.19)
[DEPOSIT] R4 deposited! Total: 7
  [TARGET] R4 → SITE (0.16, 0.25)
  [GIVE-UP] R1 returned empty after 624 searching steps
  [TARGET] R1 → PHERO (-0.45, -1.19)

======================================================================
Step 3000 (1.6 min) | Pickups: 7 | Deposits: 7 | Rate: 4.38 tags/min | phero_entries=2 max_w=0.318
======================================================================
R1[BASE_ESC  ]: carry=0 | base=0.23 | wall=2.27 | search=  0 | target=phero(-0.45,-1.19)
R2[GIVE_UP   ]: carry=0 | base=0.97 | wall=1.55 | search=1248 | target=none
R3[SITE      ]: carry=0 | base=1.06 | wall=1.50 | search=  0 | target=site(-0.45,-1.19)
R4[SEARCH    ]: carry=0 | base=0.34 | wall=2.22 | search= 10 | target=site(0.16,0.25)

[PICKUP] R3 picked up tag (density=11) | Total: 8
  [GIVE-UP] R2 returned empty after 1248 searching steps
  [TARGET] R2 → PHERO (-0.45, -1.19)
[PICKUP] R1 picked up tag (density=6) | Total: 9

======================================================================
Step 3500 (1.9 min) | Pickups: 9 | Deposits: 7 | Rate: 3.75 tags/min | phero_entries=1 max_w=0.059
======================================================================
R1[RTB       ]: carry=1 | base=0.39 | wall=2.17 | search=  0 | target=none
R2[PHERO     ]: carry=0 | base=0.32 | wall=2.23 | search=  0 | target=phero(-0.45,-1.19)
R3[RTB       ]: carry=1 | base=0.55 | wall=1.97 | search=  0 | target=none
R4[SEARCH    ]: carry=0 | base=1.08 | wall=1.47 | search=510 | target=site(0.16,0.25)

[DEPOSIT] R1 deposited! Total: 8
  [PHERO] Laid at (0.18, -0.29) density=6 prob=0.05 entries=2
  [TARGET] R1 → SITE (0.18, -0.29)
[DEPOSIT] R3 deposited! Total: 9
  [TARGET] R3 → SITE (-0.44, -1.19)

======================================================================
Step 4000 (2.1 min) | Pickups: 9 | Deposits: 9 | Rate: 4.22 tags/min | phero_entries=2 max_w=0.230
======================================================================
R1[SEARCH    ]: carry=0 | base=0.73 | wall=1.82 | search=230 | target=site(0.18,-0.29)
R2[SEARCH    ]: carry=0 | base=1.25 | wall=1.46 | search=223 | target=phero(-0.45,-1.19)
R3[SEARCH    ]: carry=0 | base=1.27 | wall=1.30 | search= 40 | target=site(-0.44,-1.19)
R4[GIVE_UP   ]: carry=0 | base=0.49 | wall=2.01 | search=624 | target=none

[PICKUP] R3 picked up tag (density=10) | Total: 10
  [GIVE-UP] R4 returned empty after 624 searching steps
  [TARGET] R4 → PHERO (0.18, -0.29)
  [GIVE-UP] R2 returned empty after 312 searching steps
  [TARGET] R2 → PHERO (0.18, -0.29)

======================================================================
Step 4500 (2.4 min) | Pickups: 10 | Deposits: 9 | Rate: 3.75 tags/min | phero_entries=2 max_w=0.042
======================================================================
R1[GIVE_UP   ]: carry=0 | base=0.96 | wall=1.77 | search=468 | target=none
R2[BASE_ESC  ]: carry=0 | base=0.23 | wall=2.33 | search=  0 | target=phero(0.18,-0.29)
R3[RTB       ]: carry=1 | base=0.27 | wall=2.24 | search=  0 | target=none
R4[PHERO     ]: carry=0 | base=0.32 | wall=2.21 | search=  0 | target=phero(0.18,-0.29)

[DEPOSIT] R3 deposited! Total: 10
  [PHERO] Laid at (-0.41, -1.22) density=10 prob=0.36 entries=3
  [TARGET] R3 → SITE (-0.41, -1.22)
[PICKUP] R4 picked up tag (density=5) | Total: 11
  [GIVE-UP] R1 returned empty after 468 searching steps
  [TARGET] R1 → PHERO (-0.41, -1.22)
[PICKUP] R3 picked up tag (density=9) | Total: 12
[DEPOSIT] R4 deposited! Total: 11
  [TARGET] R4 → SITE (0.16, -0.34)

======================================================================
Step 5000 (2.7 min) | Pickups: 12 | Deposits: 11 | Rate: 4.12 tags/min | phero_entries=2 max_w=0.189
======================================================================
R1[PHERO     ]: carry=0 | base=0.86 | wall=1.72 | search=  0 | target=phero(-0.41,-1.22)
R2[SEARCH    ]: carry=0 | base=0.39 | wall=2.11 | search=184 | target=phero(0.18,-0.29)
R3[SURVEY    ]: carry=1 | base=1.11 | wall=1.44 | search=  0 | target=none
R4[BASE_ESC  ]: carry=0 | base=0.24 | wall=2.29 | search=  0 | target=site(0.16,-0.34)

[PICKUP] R2 picked up tag (density=4) | Total: 13
[DEPOSIT] R3 deposited! Total: 12
  [PHERO] Laid at (-0.34, -1.06) density=9 prob=0.25 entries=3
  [TARGET] R3 → SITE (-0.34, -1.06)
[DEPOSIT] R2 deposited! Total: 13
  [TARGET] R2 → SITE (0.06, -0.46)
  [GIVE-UP] R4 returned empty after 156 searching steps
  [TARGET] R4 → PHERO (-0.34, -1.06)

======================================================================
Step 5500 (2.9 min) | Pickups: 13 | Deposits: 13 | Rate: 4.43 tags/min | phero_entries=3 max_w=0.588
======================================================================
R1[GIVE_UP   ]: carry=0 | base=0.32 | wall=2.20 | search=156 | target=none
R2[SITE      ]: carry=0 | base=0.27 | wall=2.27 | search=  0 | target=site(0.06,-0.46)
R3[SITE      ]: carry=0 | base=0.37 | wall=2.13 | search=  0 | target=site(-0.34,-1.06)
R4[BASE_ESC  ]: carry=0 | base=0.25 | wall=2.25 | search=  0 | target=phero(-0.34,-1.06)

  [GIVE-UP] R1 returned empty after 156 searching steps
  [TARGET] R1 → PHERO (-0.34, -1.06)
[PICKUP] R3 picked up tag (density=8) | Total: 14
[PICKUP] R1 picked up tag (density=7) | Total: 15

======================================================================
Step 6000 (3.2 min) | Pickups: 15 | Deposits: 13 | Rate: 4.06 tags/min | phero_entries=2 max_w=0.108
======================================================================
R1[SURVEY    ]: carry=1 | base=1.12 | wall=1.42 | search=  0 | target=none
R2[SEARCH    ]: carry=0 | base=0.58 | wall=2.07 | search=420 | target=site(0.06,-0.46)
R3[RTB       ]: carry=1 | base=1.18 | wall=1.36 | search=  0 | target=none
R4[SEARCH    ]: carry=0 | base=1.09 | wall=1.46 | search= 40 | target=phero(-0.34,-1.06)

[DEPOSIT] R3 deposited! Total: 14
  [PHERO] Laid at (-0.36, -1.17) density=8 prob=0.16 entries=3
  [TARGET] R3 → SITE (-0.36, -1.17)
[DEPOSIT] R1 deposited! Total: 15
  [TARGET] R1 → SITE (-0.27, -1.08)

======================================================================
Step 6500 (3.5 min) | Pickups: 15 | Deposits: 15 | Rate: 4.33 tags/min | phero_entries=3 max_w=0.512
======================================================================
R1[SITE      ]: carry=0 | base=0.30 | wall=2.20 | search=  0 | target=site(-0.27,-1.08)
R2[SEARCH    ]: carry=0 | base=2.39 | wall=0.55 | search=920 | target=site(0.06,-0.46)
R3[SITE      ]: carry=0 | base=0.56 | wall=1.99 | search=  0 | target=site(-0.36,-1.17)
R4[SEARCH    ]: carry=0 | base=0.45 | wall=2.08 | search=540 | target=phero(-0.34,-1.06)

[PICKUP] R4 picked up tag (density=12) | Total: 16
[PICKUP] R3 picked up tag (density=6) | Total: 17
[PICKUP] R1 picked up tag (density=5) | Total: 18

======================================================================
Step 7000 (3.7 min) | Pickups: 18 | Deposits: 15 | Rate: 4.02 tags/min | phero_entries=2 max_w=0.094
======================================================================
R1[RTB       ]: carry=1 | base=1.09 | wall=1.43 | search=  0 | target=none
R2[WALL_ESC  ]: carry=0 | base=2.65 | wall=0.33 | search=1420 | target=site(0.06,-0.46)
R3[RTB       ]: carry=1 | base=1.14 | wall=1.38 | search=  0 | target=none
R4[RTB       ]: carry=1 | base=0.85 | wall=1.81 | search=  0 | target=none

[DEPOSIT] R4 deposited! Total: 16
  [PHERO] Laid at (-0.68, 0.86) density=12 prob=0.59 entries=3
  [TARGET] R4 → SITE (-0.68, 0.86)
[DEPOSIT] R1 deposited! Total: 17
  [TARGET] R1 → SITE (-0.24, -1.12)
[DEPOSIT] R3 deposited! Total: 18
  [TARGET] R3 → SITE (-0.36, -1.26)

======================================================================
Step 7500 (4.0 min) | Pickups: 18 | Deposits: 18 | Rate: 4.50 tags/min | phero_entries=2 max_w=0.312
======================================================================
R1[SITE      ]: carry=0 | base=0.78 | wall=1.73 | search=  0 | target=site(-0.24,-1.12)
R2[WALL_ESC  ]: carry=0 | base=2.69 | wall=0.33 | search=1920 | target=site(0.06,-0.46)
R3[SITE      ]: carry=0 | base=0.75 | wall=1.76 | search=  0 | target=site(-0.36,-1.26)
R4[SEARCH    ]: carry=0 | base=1.06 | wall=1.66 | search= 10 | target=site(-0.68,0.86)

[PICKUP] R4 picked up tag (density=11) | Total: 19
[PICKUP] R3 picked up tag (density=4) | Total: 20
[DEPOSIT] R4 deposited! Total: 19
  [PHERO] Laid at (-0.64, 0.88) density=11 prob=0.47 entries=3
  [TARGET] R4 → SITE (-0.64, 0.88)

======================================================================
Step 8000 (4.3 min) | Pickups: 20 | Deposits: 19 | Rate: 4.45 tags/min | phero_entries=3 max_w=0.916
======================================================================
R1[WALL_ESC  ]: carry=0 | base=2.30 | wall=0.34 | search=410 | target=site(-0.24,-1.12)
R2[GIVE_UP   ]: carry=0 | base=2.09 | wall=0.81 | search=2184 | target=none
R3[RTB       ]: carry=1 | base=0.93 | wall=1.59 | search=  0 | target=none
R4[BASE_ESC  ]: carry=0 | base=0.23 | wall=2.31 | search=  0 | target=site(-0.64,0.88)

[DEPOSIT] R3 deposited! Total: 20
  [PHERO] Laid at (-0.36, -1.26) density=4 prob=0.01 entries=4
  [TARGET] R3 → SITE (-0.36, -1.26)
  [GIVE-UP] R2 returned empty after 2184 searching steps
  [TARGET] R2 → PHERO (-0.68, 0.86)

======================================================================
Step 8500 (4.5 min) | Pickups: 20 | Deposits: 20 | Rate: 4.41 tags/min | phero_entries=3 max_w=0.335
======================================================================
R1[GIVE_UP   ]: carry=0 | base=1.92 | wall=0.67 | search=780 | target=none
R2[BASE_ESC  ]: carry=0 | base=0.23 | wall=2.31 | search=  0 | target=phero(-0.68,0.86)
R3[SITE      ]: carry=0 | base=1.00 | wall=1.53 | search=  0 | target=site(-0.36,-1.26)
R4[SEARCH    ]: carry=0 | base=0.97 | wall=1.65 | search=195 | target=site(-0.64,0.88)

[PICKUP] R3 picked up tag (density=3) | Total: 21
  [GIVE-UP] R4 returned empty after 312 searching steps
  [TARGET] R4 → PHERO (-0.64, 0.88)
[PICKUP] R2 picked up tag (density=10) | Total: 22
  [GIVE-UP] R1 returned empty after 780 searching steps
  [TARGET] R1 → PHERO (-0.36, -1.26)

======================================================================
Step 9000 (4.8 min) | Pickups: 22 | Deposits: 20 | Rate: 4.17 tags/min | phero_entries=3 max_w=0.062
======================================================================
R1[BASE_ESC  ]: carry=0 | base=0.22 | wall=2.29 | search=  0 | target=phero(-0.36,-1.26)
R2[SURVEY    ]: carry=1 | base=1.11 | wall=1.63 | search=  0 | target=none
R3[RTB       ]: carry=1 | base=0.88 | wall=1.63 | search=  0 | target=none
R4[BASE_ESC  ]: carry=0 | base=0.24 | wall=2.27 | search=  0 | target=phero(-0.64,0.88)

[DEPOSIT] R3 deposited! Total: 21
  [TARGET] R3 → SITE (-0.27, -1.24)
[DEPOSIT] R2 deposited! Total: 22
  [PHERO] Laid at (-0.68, 0.87) density=10 prob=0.36 entries=3
  [TARGET] R2 → SITE (-0.68, 0.87)
[PICKUP] R1 picked up tag (density=2) | Total: 23

======================================================================
Step 9500 (5.1 min) | Pickups: 23 | Deposits: 22 | Rate: 4.34 tags/min | phero_entries=3 max_w=0.600
======================================================================
R1[SURVEY    ]: carry=1 | base=1.32 | wall=1.22 | search=  0 | target=none
R2[SITE      ]: carry=0 | base=0.37 | wall=2.15 | search=  0 | target=site(-0.68,0.87)
R3[SITE      ]: carry=0 | base=0.78 | wall=1.73 | search=  0 | target=site(-0.27,-1.24)
R4[SEARCH    ]: carry=0 | base=0.94 | wall=1.71 | search=179 | target=phero(-0.64,0.88)

[PICKUP] R3 picked up tag (density=1) | Total: 24
[PICKUP] R2 picked up tag (density=9) | Total: 25
[DEPOSIT] R1 deposited! Total: 23
  [TARGET] R1 → PHERO (-0.68, 0.87)

======================================================================
Step 10000 (5.3 min) | Pickups: 25 | Deposits: 23 | Rate: 4.31 tags/min | phero_entries=3 max_w=0.111
======================================================================
R1[BASE_ESC  ]: carry=0 | base=0.23 | wall=2.27 | search=  0 | target=phero(-0.68,0.87)
R2[RTB       ]: carry=1 | base=1.06 | wall=1.62 | search=  0 | target=none
R3[RTB       ]: carry=1 | base=0.92 | wall=1.58 | search=  0 | target=none
R4[SEARCH    ]: carry=0 | base=1.78 | wall=1.11 | search=679 | target=phero(-0.64,0.88)

[DEPOSIT] R2 deposited! Total: 24
  [TARGET] R2 → SITE (-0.70, 0.94)
[DEPOSIT] R3 deposited! Total: 25
  [TARGET] R3 → PHERO (-0.68, 0.87)

======================================================================
Step 10500 (5.6 min) | Pickups: 25 | Deposits: 25 | Rate: 4.46 tags/min | phero_entries=1 max_w=0.020
======================================================================
R1[PHERO     ]: carry=0 | base=0.35 | wall=2.16 | search=  0 | target=phero(-0.68,0.87)
R2[SITE      ]: carry=0 | base=0.87 | wall=1.78 | search=  0 | target=site(-0.70,0.94)
R3[BASE_ESC  ]: carry=0 | base=0.25 | wall=2.30 | search=  0 | target=phero(-0.68,0.87)
R4[SEARCH    ]: carry=0 | base=2.65 | wall=0.40 | search=1179 | target=phero(-0.64,0.88)

[PICKUP] R1 picked up tag (density=8) | Total: 26

======================================================================
Step 11000 (5.9 min) | Pickups: 26 | Deposits: 25 | Rate: 4.26 tags/min | phero_entries=1 max_w=0.004
======================================================================
R1[RTB       ]: carry=1 | base=1.09 | wall=1.57 | search=  0 | target=none
R2[SEARCH    ]: carry=0 | base=0.75 | wall=1.78 | search=433 | target=site(-0.70,0.94)
R3[PHERO     ]: carry=0 | base=0.46 | wall=2.06 | search=  0 | target=phero(-0.68,0.87)
R4[WALL_ESC  ]: carry=0 | base=2.76 | wall=0.31 | search=1679 | target=phero(-0.64,0.88)

[DEPOSIT] R1 deposited! Total: 26
  [TARGET] R1 → SITE (-0.59, 0.94)
[PICKUP] R4 picked up tag (density=16) | Total: 27

======================================================================
Step 11500 (6.1 min) | Pickups: 27 | Deposits: 26 | Rate: 4.24 tags/min | phero_entries=0 max_w=0.000
======================================================================
R1[SITE      ]: carry=0 | base=0.77 | wall=1.86 | search=  0 | target=site(-0.59,0.94)
R2[SEARCH    ]: carry=0 | base=2.08 | wall=0.49 | search=933 | target=site(-0.70,0.94)
R3[GIVE_UP   ]: carry=0 | base=1.04 | wall=1.48 | search=312 | target=none
R4[SURVEY    ]: carry=1 | base=2.18 | wall=0.76 | search=  0 | target=none

  [GIVE-UP] R3 returned empty after 312 searching steps
  [TARGET] R3 → WALL (-2.42, -0.37)
  [GIVE-UP] R1 returned empty after 156 searching steps
  [TARGET] R1 → WALL (-0.68, -2.42)

======================================================================
Step 12000 (6.4 min) | Pickups: 27 | Deposits: 26 | Rate: 4.06 tags/min | phero_entries=0 max_w=0.000
======================================================================
R1[BASE_ESC  ]: carry=0 | base=0.22 | wall=2.32 | search=  0 | target=none
R2[GIVE_UP   ]: carry=0 | base=0.88 | wall=1.64 | search=1092 | target=none
R3[DEPART    ]: carry=0 | base=0.33 | wall=2.19 | search=  0 | target=none
R4[RTB       ]: carry=1 | base=1.35 | wall=1.38 | search=  0 | target=none

  [GIVE-UP] R2 returned empty after 1092 searching steps
  [TARGET] R2 → WALL (-2.42, 1.97)
[DEPOSIT] R4 deposited! Total: 27
  [PHERO] Laid at (1.74, 1.31) density=16 prob=0.90 entries=1
  [TARGET] R4 → SITE (1.74, 1.31)
  [GIVE-UP] R3 returned empty after 156 searching steps
  [TARGET] R3 → PHERO (1.74, 1.31)

======================================================================
Step 12500 (6.7 min) | Pickups: 27 | Deposits: 27 | Rate: 4.05 tags/min | phero_entries=1 max_w=0.488
======================================================================
R1[DEPART    ]: carry=0 | base=1.49 | wall=1.11 | search=  0 | target=none
R2[SEARCH    ]: carry=0 | base=0.33 | wall=2.19 | search= 70 | target=none
R3[BASE_ESC  ]: carry=0 | base=0.22 | wall=2.28 | search=  0 | target=phero(1.74,1.31)
R4[SITE      ]: carry=0 | base=0.50 | wall=2.07 | search=  0 | target=site(1.74,1.31)

[PICKUP] R2 picked up tag (density=7) | Total: 28
[PICKUP] R4 picked up tag (density=15) | Total: 29
[PICKUP] R3 picked up tag (density=3) | Total: 30

======================================================================
Step 13000 (6.9 min) | Pickups: 30 | Deposits: 27 | Rate: 3.89 tags/min | phero_entries=1 max_w=0.090
======================================================================
R1[WALL_ESC  ]: carry=0 | base=2.27 | wall=0.34 | search=474 | target=none
R2[RTB       ]: carry=1 | base=1.07 | wall=1.56 | search=  0 | target=none
R3[SURVEY    ]: carry=1 | base=0.44 | wall=2.08 | search=  0 | target=none
R4[SURVEY    ]: carry=1 | base=2.00 | wall=0.90 | search=  0 | target=none

[DEPOSIT] R3 deposited! Total: 28
  [TARGET] R3 → PHERO (1.74, 1.31)
[DEPOSIT] R2 deposited! Total: 29
  [TARGET] R2 → SITE (-0.57, 0.96)

======================================================================
Step 13500 (7.2 min) | Pickups: 30 | Deposits: 29 | Rate: 4.03 tags/min | phero_entries=1 max_w=0.017
======================================================================
R1[WALL_ESC  ]: carry=0 | base=2.27 | wall=0.33 | search=974 | target=none
R2[SITE      ]: carry=0 | base=0.84 | wall=1.75 | search=  0 | target=site(-0.57,0.96)
R3[PHERO     ]: carry=0 | base=1.06 | wall=1.66 | search=  0 | target=phero(1.74,1.31)
R4[RTB       ]: carry=1 | base=0.64 | wall=1.96 | search=  0 | target=none

[DEPOSIT] R4 deposited! Total: 30
  [PHERO] Laid at (1.59, 1.19) density=15 prob=0.85 entries=2
  [TARGET] R4 → SITE (1.59, 1.19)
[PICKUP] R3 picked up tag (density=14) | Total: 31
[PICKUP] R4 picked up tag (density=2) | Total: 32
  [GIVE-UP] R2 returned empty after 312 searching steps
  [TARGET] R2 → PHERO (1.59, 1.19)

======================================================================
Step 14000 (7.5 min) | Pickups: 32 | Deposits: 30 | Rate: 4.02 tags/min | phero_entries=2 max_w=0.261
======================================================================
R1[GIVE_UP   ]: carry=0 | base=1.51 | wall=1.04 | search=1248 | target=none
R2[BASE_ESC  ]: carry=0 | base=0.22 | wall=2.28 | search=  0 | target=phero(1.59,1.19)
R3[RTB       ]: carry=1 | base=2.08 | wall=0.82 | search=  0 | target=none
R4[RTB       ]: carry=1 | base=0.47 | wall=2.15 | search=  0 | target=none

[DEPOSIT] R4 deposited! Total: 31
  [TARGET] R4 → PHERO (1.59, 1.19)
  [GIVE-UP] R1 returned empty after 1248 searching steps
  [TARGET] R1 → PHERO (1.59, 1.19)
[PICKUP] R2 picked up tag (density=1) | Total: 33
[DEPOSIT] R3 deposited! Total: 32
  [TARGET] R3 → SITE (1.66, 1.25)

======================================================================
Step 14500 (7.7 min) | Pickups: 33 | Deposits: 32 | Rate: 4.14 tags/min | phero_entries=1 max_w=0.048
======================================================================
R1[PHERO     ]: carry=0 | base=0.29 | wall=2.26 | search=  0 | target=phero(1.59,1.19)
R2[SURVEY    ]: carry=1 | base=0.48 | wall=2.06 | search=  0 | target=none
R3[BASE_ESC  ]: carry=0 | base=0.24 | wall=2.30 | search=  0 | target=site(1.66,1.25)
R4[PHERO     ]: carry=0 | base=1.36 | wall=1.38 | search=  0 | target=phero(1.59,1.19)

[DEPOSIT] R2 deposited! Total: 33
  [TARGET] R2 → SITE (0.18, 0.44)

======================================================================
Step 15000 (8.0 min) | Pickups: 33 | Deposits: 33 | Rate: 4.12 tags/min | phero_entries=1 max_w=0.009
======================================================================
R1[PHERO     ]: carry=0 | base=0.27 | wall=2.27 | search=  0 | target=phero(1.59,1.19)
R2[SEARCH    ]: carry=0 | base=0.52 | wall=1.99 | search= 89 | target=site(0.18,0.44)
R3[SITE      ]: carry=0 | base=1.62 | wall=1.22 | search=  0 | target=site(1.66,1.25)
R4[SEARCH    ]: carry=0 | base=1.36 | wall=1.24 | search=347 | target=phero(1.59,1.19)

[PICKUP] R4 picked up tag (density=3) | Total: 34

======================================================================
Step 15500 (8.3 min) | Pickups: 34 | Deposits: 33 | Rate: 3.99 tags/min | phero_entries=1 max_w=0.002
======================================================================
R1[PHERO     ]: carry=0 | base=1.92 | wall=0.96 | search=  0 | target=phero(1.59,1.19)
R2[SEARCH    ]: carry=0 | base=1.99 | wall=0.83 | search=589 | target=site(0.18,0.44)
R3[WALL_ESC  ]: carry=0 | base=3.04 | wall=0.34 | search=394 | target=site(1.66,1.25)
R4[SURVEY    ]: carry=1 | base=0.57 | wall=2.04 | search=  0 | target=none

[PICKUP] R1 picked up tag (density=13) | Total: 35
[DEPOSIT] R4 deposited! Total: 34
  [TARGET] R4 → SITE (0.46, -0.34)

======================================================================
Step 16000 (8.5 min) | Pickups: 35 | Deposits: 34 | Rate: 3.98 tags/min | phero_entries=0 max_w=0.000
======================================================================
R1[RTB       ]: carry=1 | base=1.48 | wall=1.24 | search=  0 | target=none
R2[GIVE_UP   ]: carry=0 | base=2.01 | wall=0.82 | search=936 | target=none
R3[GIVE_UP   ]: carry=0 | base=2.56 | wall=0.67 | search=780 | target=none
R4[SEARCH    ]: carry=0 | base=0.55 | wall=2.04 | search= 10 | target=site(0.46,-0.34)

[DEPOSIT] R1 deposited! Total: 35
  [PHERO] Laid at (1.61, 1.13) density=13 prob=0.69 entries=1
  [TARGET] R1 → SITE (1.61, 1.13)
  [GIVE-UP] R2 returned empty after 936 searching steps
  [TARGET] R2 → PHERO (1.61, 1.13)

======================================================================
Step 16500 (8.8 min) | Pickups: 35 | Deposits: 35 | Rate: 3.98 tags/min | phero_entries=1 max_w=0.546
======================================================================
R1[SITE      ]: carry=0 | base=0.48 | wall=2.15 | search=  0 | target=site(1.61,1.13)
R2[BASE_ESC  ]: carry=0 | base=0.22 | wall=2.31 | search=  0 | target=phero(1.61,1.13)
R3[GIVE_UP   ]: carry=0 | base=0.64 | wall=2.04 | search=780 | target=none
R4[GIVE_UP   ]: carry=0 | base=1.47 | wall=1.32 | search=468 | target=none

  [GIVE-UP] R3 returned empty after 780 searching steps
  [TARGET] R3 → PHERO (1.61, 1.13)
  [GIVE-UP] R4 returned empty after 468 searching steps
  [TARGET] R4 → PHERO (1.61, 1.13)

======================================================================
Step 17000 (9.1 min) | Pickups: 35 | Deposits: 35 | Rate: 3.86 tags/min | phero_entries=1 max_w=0.101
======================================================================
R1[SEARCH    ]: carry=0 | base=1.94 | wall=0.95 | search= 92 | target=site(1.61,1.13)
R2[PHERO     ]: carry=0 | base=1.11 | wall=1.67 | search=  0 | target=phero(1.61,1.13)
R3[PHERO     ]: carry=0 | base=1.24 | wall=1.47 | search=  0 | target=phero(1.61,1.13)
R4[PHERO     ]: carry=0 | base=0.33 | wall=2.20 | search=  0 | target=phero(1.61,1.13)

[PICKUP] R3 picked up tag (density=12) | Total: 36
[PICKUP] R4 picked up tag (density=11) | Total: 37

======================================================================
Step 17500 (9.3 min) | Pickups: 37 | Deposits: 35 | Rate: 3.75 tags/min | phero_entries=1 max_w=0.019
======================================================================
R1[SEARCH    ]: carry=0 | base=0.29 | wall=2.21 | search=592 | target=site(1.61,1.13)
R2[SEARCH    ]: carry=0 | base=1.53 | wall=1.25 | search=287 | target=phero(1.61,1.13)
R3[RTB       ]: carry=1 | base=1.87 | wall=0.89 | search=  0 | target=none
R4[SURVEY    ]: carry=1 | base=2.08 | wall=0.79 | search=  0 | target=none

[PICKUP] R1 picked up tag (density=2) | Total: 38
[DEPOSIT] R3 deposited! Total: 36
  [TARGET] R3 → SITE (1.63, 1.10)
[DEPOSIT] R1 deposited! Total: 37
  [TARGET] R1 → PHERO (1.61, 1.13)

======================================================================
Step 18000 (9.6 min) | Pickups: 38 | Deposits: 37 | Rate: 3.85 tags/min | phero_entries=1 max_w=0.003
======================================================================
R1[BASE_ESC  ]: carry=0 | base=0.22 | wall=2.33 | search=  0 | target=phero(1.61,1.13)
R2[GIVE_UP   ]: carry=0 | base=1.02 | wall=1.54 | search=624 | target=none
R3[BASE_ESC  ]: carry=0 | base=0.22 | wall=2.30 | search=  0 | target=site(1.63,1.10)
R4[RTB       ]: carry=1 | base=1.11 | wall=1.56 | search=  0 | target=none

  [GIVE-UP] R2 returned empty after 624 searching steps
  [TARGET] R2 → PHERO (1.61, 1.13)
[DEPOSIT] R4 deposited! Total: 38
  [PHERO] Laid at (1.71, 1.18) density=11 prob=0.47 entries=2
  [TARGET] R4 → SITE (1.71, 1.18)

======================================================================
Step 18500 (9.9 min) | Pickups: 38 | Deposits: 38 | Rate: 3.85 tags/min | phero_entries=1 max_w=0.393
======================================================================
R1[PHERO     ]: carry=0 | base=1.73 | wall=1.06 | search=  0 | target=phero(1.61,1.13)
R2[PHERO     ]: carry=0 | base=0.54 | wall=2.00 | search=  0 | target=phero(1.61,1.13)
R3[SEARCH    ]: carry=0 | base=1.97 | wall=0.87 | search= 15 | target=site(1.63,1.10)
R4[SITE      ]: carry=0 | base=0.85 | wall=1.84 | search=  0 | target=site(1.71,1.18)

TIMEOUT_RESULT pickups=38 deposits=38 steps=18750 elapsed_min=10.000000
BATCH_RESULT pickups=38 deposits=38
