Gym has been unmaintained since 2022 and does not support NumPy 2.0 amongst other critical functionality.
Please upgrade to Gymnasium, the maintained drop-in replacement of Gym, or contact the authors of your software and request that they upgrade.
Users of this version of Gym should be able to simply replace 'import gym' with 'import gymnasium as gym' in the vast majority of cases.
See the migration guide at https://gymnasium.farama.org/introduction/migration_guide/ for additional information.
=================================================================
EXPERIMENT 4b — Robot Fault Tolerance
  Arena: 5x5m | Tags: 64 | Robots: 4 | Time: 10.0 min
  Faulty robot: R3 (index 2) — stopped from t=0
=================================================================

Loading model: ppo_cpfa_v9
Model loaded. Starting evaluation...

[PICKUP] Robot 4 picked up tag (density=6) | Total: 1
[DEPOSIT] Robot 4 deposited! Total: 1
  [TARGET] Robot 4 → SITE (0.00,-0.50)
[GIVE-UP] R3 giving up after 234 steps
[PICKUP] Robot 4 picked up tag (density=5) | Total: 2
[DEPOSIT] Robot 4 deposited! Total: 2
  [TARGET] Robot 4 → SITE (0.08,-0.31)
[EMPTY_RTN] R3 → phero(0.00,-0.50)

======================================================================
Step 500 (0.3 min) | Pickups: 2 | Deposits: 2 | Rate: 7.50 tags/min | phero=2
======================================================================
R1[EXPLORE     ]: carry=0 | gave_up=0
R2[EXPLORE     ]: carry=0 | gave_up=0
R3[BASE_ESC    ]: carry=0 | gave_up=0
R4[SITE        ]: carry=0 | gave_up=0

[PICKUP] Robot 4 picked up tag (density=4) | Total: 3
[DEPOSIT] Robot 4 deposited! Total: 3
  [TARGET] Robot 4 → SITE (0.07,-0.34)
[GIVE-UP] R1 giving up after 936 steps
[PICKUP] Robot 3 picked up tag (density=3) | Total: 4

======================================================================
Step 1000 (0.5 min) | Pickups: 4 | Deposits: 3 | Rate: 5.62 tags/min | phero=3
======================================================================
R1[GIVE_UP     ]: carry=0 | gave_up=1
R2[EXPLORE     ]: carry=0 | gave_up=0
R3[RTB         ]: carry=1 | gave_up=0
R4[EXPLORE     ]: carry=0 | gave_up=0

[GIVE-UP] R1 giving up after 1092 steps
[DEPOSIT] Robot 3 deposited! Total: 4
  [TARGET] Robot 3 → SITE (-0.07,-0.51)
[PICKUP] Robot 3 picked up tag (density=12) | Total: 5

======================================================================
Step 1500 (0.8 min) | Pickups: 5 | Deposits: 4 | Rate: 5.00 tags/min | phero=3
======================================================================
R1[GIVE_UP     ]: carry=0 | gave_up=1
R2[EXPLORE     ]: carry=0 | gave_up=0
R3[RTB         ]: carry=1 | gave_up=0
R4[EXPLORE     ]: carry=0 | gave_up=0

[EMPTY_RTN] R1 → phero(0.08,-0.31)
[DEPOSIT] Robot 3 deposited! Total: 5
  [TARGET] Robot 3 → SITE (-0.39,-0.96)

======================================================================
Step 2000 (1.1 min) | Pickups: 5 | Deposits: 5 | Rate: 4.69 tags/min | phero=4
======================================================================
R1[PHERO       ]: carry=0 | gave_up=0
R2[EXPLORE     ]: carry=0 | gave_up=0
R3[SITE        ]: carry=0 | gave_up=0
R4[EXPLORE     ]: carry=0 | gave_up=0

[PICKUP] Robot 2 picked up tag (density=12) | Total: 6
[PICKUP] Robot 3 picked up tag (density=11) | Total: 7

======================================================================
Step 2500 (1.3 min) | Pickups: 7 | Deposits: 5 | Rate: 3.75 tags/min | phero=4
======================================================================
R1[PHERO       ]: carry=0 | gave_up=0
R2[RTB         ]: carry=1 | gave_up=0
R3[RTB         ]: carry=1 | gave_up=0
R4[WALL_ESC    ]: carry=0 | gave_up=0

[DEPOSIT] Robot 2 deposited! Total: 6
  [TARGET] Robot 2 → SITE (-0.50,1.09)
[DEPOSIT] Robot 3 deposited! Total: 7
  [TARGET] Robot 3 → SITE (-0.42,-1.02)
[PICKUP] Robot 2 picked up tag (density=11) | Total: 8

======================================================================
Step 3000 (1.6 min) | Pickups: 8 | Deposits: 7 | Rate: 4.38 tags/min | phero=6
======================================================================
R1[PHERO       ]: carry=0 | gave_up=0
R2[RTB         ]: carry=1 | gave_up=0
R3[SITE        ]: carry=0 | gave_up=0
R4[EXPLORE     ]: carry=0 | gave_up=0

[PICKUP] Robot 3 picked up tag (density=10) | Total: 9
[DEPOSIT] Robot 2 deposited! Total: 8
  [TARGET] Robot 2 → SITE (-0.20,1.05)

======================================================================
Step 3500 (1.9 min) | Pickups: 9 | Deposits: 8 | Rate: 4.29 tags/min | phero=7
======================================================================
R1[PHERO       ]: carry=0 | gave_up=0
R2[SITE        ]: carry=0 | gave_up=0
R3[RTB         ]: carry=1 | gave_up=0
R4[EXPLORE     ]: carry=0 | gave_up=0

[DEPOSIT] Robot 3 deposited! Total: 9
  [TARGET] Robot 3 → SITE (-0.44,-1.01)
[PICKUP] Robot 2 picked up tag (density=10) | Total: 10
[PICKUP] Robot 1 picked up tag (density=2) | Total: 11
[DEPOSIT] Robot 1 deposited! Total: 10
  [TARGET] Robot 1 → PHERO (-0.44,-1.01)
[DEPOSIT] Robot 2 deposited! Total: 11
  [TARGET] Robot 2 → SITE (-0.18,1.05)

======================================================================
Step 4000 (2.1 min) | Pickups: 11 | Deposits: 11 | Rate: 5.16 tags/min | phero=9
======================================================================
R1[PHERO       ]: carry=0 | gave_up=0
R2[BASE_ESC    ]: carry=0 | gave_up=0
R3[SITE        ]: carry=0 | gave_up=0
R4[EXPLORE     ]: carry=0 | gave_up=0

[PICKUP] Robot 1 picked up tag (density=9) | Total: 12
[PICKUP] Robot 3 picked up tag (density=8) | Total: 13

======================================================================
Step 4500 (2.4 min) | Pickups: 13 | Deposits: 11 | Rate: 4.58 tags/min | phero=8
======================================================================
R1[RTB         ]: carry=1 | gave_up=0
R2[EXPLORE     ]: carry=0 | gave_up=0
R3[RTB         ]: carry=1 | gave_up=0
R4[EXPLORE     ]: carry=0 | gave_up=0

[DEPOSIT] Robot 1 deposited! Total: 12
  [TARGET] Robot 1 → SITE (-0.53,-0.98)
[DEPOSIT] Robot 3 deposited! Total: 13
  [TARGET] Robot 3 → SITE (-0.46,-1.05)
[PICKUP] Robot 1 picked up tag (density=1) | Total: 14
[DEPOSIT] Robot 1 deposited! Total: 14
  [TARGET] Robot 1 → PHERO (-0.46,-1.05)
[FAULT] Robot 3 failed at t=2.659 sim-min

======================================================================
Step 5000 (2.7 min) | Pickups: 14 | Deposits: 14 | Rate: 5.25 tags/min | phero=9
======================================================================
R1[BASE_ESC    ]: carry=0 | gave_up=0
R2[EXPLORE     ]: carry=0 | gave_up=0
R3[FAULT       ]: carry=0 | gave_up=0
R4[EXPLORE     ]: carry=0 | gave_up=0

[PICKUP] Robot 1 picked up tag (density=7) | Total: 15

======================================================================
Step 5500 (2.9 min) | Pickups: 15 | Deposits: 14 | Rate: 4.77 tags/min | phero=8
======================================================================
R1[RTB         ]: carry=1 | gave_up=0
R2[EXPLORE     ]: carry=0 | gave_up=0
R3[FAULT       ]: carry=0 | gave_up=0
R4[EXPLORE     ]: carry=0 | gave_up=0

[DEPOSIT] Robot 1 deposited! Total: 15
  [TARGET] Robot 1 → SITE (-0.40,-1.34)

======================================================================
Step 6000 (3.2 min) | Pickups: 15 | Deposits: 15 | Rate: 4.69 tags/min | phero=9
======================================================================
R1[SITE        ]: carry=0 | gave_up=0
R2[EXPLORE     ]: carry=0 | gave_up=0
R3[FAULT       ]: carry=0 | gave_up=0
R4[EXPLORE     ]: carry=0 | gave_up=0

[GIVE-UP] R2 giving up after 2231 steps
[PICKUP] Robot 1 picked up tag (density=6) | Total: 16

======================================================================
Step 6500 (3.5 min) | Pickups: 16 | Deposits: 15 | Rate: 4.33 tags/min | phero=8
======================================================================
R1[RTB         ]: carry=1 | gave_up=0
R2[GIVE_UP     ]: carry=0 | gave_up=1
R3[FAULT       ]: carry=0 | gave_up=0
R4[EXPLORE     ]: carry=0 | gave_up=0

[EMPTY_RTN] R2 → phero(-0.53,-0.98)
[DEPOSIT] Robot 1 deposited! Total: 16
  [TARGET] Robot 1 → SITE (-0.53,-1.37)

======================================================================
Step 7000 (3.7 min) | Pickups: 16 | Deposits: 16 | Rate: 4.29 tags/min | phero=8
======================================================================
R1[SITE        ]: carry=0 | gave_up=0
R2[PHERO       ]: carry=0 | gave_up=0
R3[FAULT       ]: carry=0 | gave_up=0
R4[EXPLORE     ]: carry=0 | gave_up=0

[PICKUP] Robot 2 picked up tag (density=5) | Total: 17
[DEPOSIT] Robot 2 deposited! Total: 17
  [TARGET] Robot 2 → SITE (-0.50,-1.20)

======================================================================
Step 7500 (4.0 min) | Pickups: 17 | Deposits: 17 | Rate: 4.25 tags/min | phero=8
======================================================================
R1[SITE        ]: carry=0 | gave_up=0
R2[SITE        ]: carry=0 | gave_up=0
R3[FAULT       ]: carry=0 | gave_up=0
R4[EXPLORE     ]: carry=0 | gave_up=0

[PICKUP] Robot 2 picked up tag (density=4) | Total: 18
[GIVE-UP] R4 giving up after 7139 steps

======================================================================
Step 8000 (4.3 min) | Pickups: 18 | Deposits: 17 | Rate: 3.98 tags/min | phero=6
======================================================================
R1[SITE        ]: carry=0 | gave_up=0
R2[RTB         ]: carry=1 | gave_up=0
R3[FAULT       ]: carry=0 | gave_up=0
R4[GIVE_UP     ]: carry=0 | gave_up=1

[DEPOSIT] Robot 2 deposited! Total: 18
  [TARGET] Robot 2 → SITE (-0.63,-0.96)
[PICKUP] Robot 1 picked up tag (density=3) | Total: 19
[EMPTY_RTN] R4 → phero(-0.63,-0.96)
[DEPOSIT] Robot 1 deposited! Total: 19
  [TARGET] Robot 1 → SITE (-0.60,-1.30)

======================================================================
Step 8500 (4.5 min) | Pickups: 19 | Deposits: 19 | Rate: 4.19 tags/min | phero=7
======================================================================
R1[BASE_ESC    ]: carry=0 | gave_up=0
R2[SITE        ]: carry=0 | gave_up=0
R3[FAULT       ]: carry=0 | gave_up=0
R4[BASE_ESC    ]: carry=0 | gave_up=0


======================================================================
Step 9000 (4.8 min) | Pickups: 19 | Deposits: 19 | Rate: 3.96 tags/min | phero=5
======================================================================
R1[SITE        ]: carry=0 | gave_up=0
R2[WALL_ESC    ]: carry=0 | gave_up=0
R3[FAULT       ]: carry=0 | gave_up=0
R4[PHERO       ]: carry=0 | gave_up=0

[PICKUP] Robot 4 picked up tag (density=2) | Total: 20

======================================================================
Step 9500 (5.1 min) | Pickups: 20 | Deposits: 19 | Rate: 3.75 tags/min | phero=5
======================================================================
R1[SITE        ]: carry=0 | gave_up=0
R2[EXPLORE     ]: carry=0 | gave_up=0
R3[FAULT       ]: carry=0 | gave_up=0
R4[RTB         ]: carry=1 | gave_up=0

[DEPOSIT] Robot 4 deposited! Total: 20
  [TARGET] Robot 4 → SITE (-0.66,-1.00)

======================================================================
Step 10000 (5.3 min) | Pickups: 20 | Deposits: 20 | Rate: 3.75 tags/min | phero=6
======================================================================
R1[EXPLORE     ]: carry=0 | gave_up=0
R2[EXPLORE     ]: carry=0 | gave_up=0
R3[FAULT       ]: carry=0 | gave_up=0
R4[SITE        ]: carry=0 | gave_up=0

[GIVE-UP] R2 giving up after 2011 steps
[PICKUP] Robot 4 picked up tag (density=1) | Total: 21
[PICKUP] Robot 2 picked up tag (density=9) | Total: 22

======================================================================
Step 10500 (5.6 min) | Pickups: 22 | Deposits: 20 | Rate: 3.57 tags/min | phero=5
======================================================================
R1[EXPLORE     ]: carry=0 | gave_up=0
R2[RTB         ]: carry=1 | gave_up=0
R3[FAULT       ]: carry=0 | gave_up=0
R4[RTB         ]: carry=1 | gave_up=0

[DEPOSIT] Robot 4 deposited! Total: 21
  [TARGET] Robot 4 → SITE (-0.69,-1.01)
[DEPOSIT] Robot 2 deposited! Total: 22
  [TARGET] Robot 2 → SITE (0.50,0.59)
[PICKUP] Robot 2 picked up tag (density=8) | Total: 23
[DEPOSIT] Robot 2 deposited! Total: 23
  [TARGET] Robot 2 → SITE (0.25,0.17)

======================================================================
Step 11000 (5.9 min) | Pickups: 23 | Deposits: 23 | Rate: 3.92 tags/min | phero=8
======================================================================
R1[EXPLORE     ]: carry=0 | gave_up=0
R2[SITE        ]: carry=0 | gave_up=0
R3[FAULT       ]: carry=0 | gave_up=0
R4[SITE        ]: carry=0 | gave_up=0

[GIVE-UP] R4 giving up after 733 steps
[PICKUP] Robot 1 picked up tag (density=9) | Total: 24

======================================================================
Step 11500 (6.1 min) | Pickups: 24 | Deposits: 23 | Rate: 3.75 tags/min | phero=7
======================================================================
R1[RTB         ]: carry=1 | gave_up=0
R2[EXPLORE     ]: carry=0 | gave_up=0
R3[FAULT       ]: carry=0 | gave_up=0
R4[GIVE_UP     ]: carry=0 | gave_up=1

[EMPTY_RTN] R4 → phero(0.25,0.17)
[DEPOSIT] Robot 1 deposited! Total: 24
  [TARGET] Robot 1 → SITE (-0.44,1.13)

======================================================================
Step 12000 (6.4 min) | Pickups: 24 | Deposits: 24 | Rate: 3.75 tags/min | phero=7
======================================================================
R1[SITE        ]: carry=0 | gave_up=0
R2[EXPLORE     ]: carry=0 | gave_up=0
R3[FAULT       ]: carry=0 | gave_up=0
R4[PHERO       ]: carry=0 | gave_up=0

[PICKUP] Robot 1 picked up tag (density=8) | Total: 25
[DEPOSIT] Robot 1 deposited! Total: 25
  [TARGET] Robot 1 → SITE (-0.17,1.13)

======================================================================
Step 12500 (6.7 min) | Pickups: 25 | Deposits: 25 | Rate: 3.75 tags/min | phero=7
======================================================================
R1[SITE        ]: carry=0 | gave_up=0
R2[EXPLORE     ]: carry=0 | gave_up=0
R3[FAULT       ]: carry=0 | gave_up=0
R4[PHERO       ]: carry=0 | gave_up=0

[PICKUP] Robot 1 picked up tag (density=7) | Total: 26
[PICKUP] Robot 4 picked up tag (density=6) | Total: 27

======================================================================
Step 13000 (6.9 min) | Pickups: 27 | Deposits: 25 | Rate: 3.61 tags/min | phero=6
======================================================================
R1[RTB         ]: carry=1 | gave_up=0
R2[EXPLORE     ]: carry=0 | gave_up=0
R3[FAULT       ]: carry=0 | gave_up=0
R4[RTB         ]: carry=1 | gave_up=0

[DEPOSIT] Robot 1 deposited! Total: 26
  [TARGET] Robot 1 → SITE (-0.21,1.13)
[GIVE-UP] R2 giving up after 2332 steps
[DEPOSIT] Robot 4 deposited! Total: 27
  [TARGET] Robot 4 → SITE (-0.37,1.12)
[PICKUP] Robot 1 picked up tag (density=5) | Total: 28

======================================================================
Step 13500 (7.2 min) | Pickups: 28 | Deposits: 27 | Rate: 3.75 tags/min | phero=8
======================================================================
R1[RTB         ]: carry=1 | gave_up=0
R2[GIVE_UP     ]: carry=0 | gave_up=1
R3[FAULT       ]: carry=0 | gave_up=0
R4[SITE        ]: carry=0 | gave_up=0

[EMPTY_RTN] R2 → phero(-0.44,1.13)
[PICKUP] Robot 4 picked up tag (density=4) | Total: 29
[DEPOSIT] Robot 1 deposited! Total: 28
  [TARGET] Robot 1 → SITE (-0.02,1.28)

======================================================================
Step 14000 (7.5 min) | Pickups: 29 | Deposits: 28 | Rate: 3.75 tags/min | phero=9
======================================================================
R1[SITE        ]: carry=0 | gave_up=0
R2[PHERO       ]: carry=0 | gave_up=0
R3[FAULT       ]: carry=0 | gave_up=0
R4[RTB         ]: carry=1 | gave_up=0

[DEPOSIT] Robot 4 deposited! Total: 29
  [TARGET] Robot 4 → SITE (-0.34,1.13)

======================================================================
Step 14500 (7.7 min) | Pickups: 29 | Deposits: 29 | Rate: 3.75 tags/min | phero=9
======================================================================
R1[EXPLORE     ]: carry=0 | gave_up=0
R2[PHERO       ]: carry=0 | gave_up=0
R3[FAULT       ]: carry=0 | gave_up=0
R4[EXPLORE     ]: carry=0 | gave_up=0

[PICKUP] Robot 4 picked up tag (density=3) | Total: 30
[DEPOSIT] Robot 4 deposited! Total: 30
  [TARGET] Robot 4 → SITE (-0.40,1.20)

======================================================================
Step 15000 (8.0 min) | Pickups: 30 | Deposits: 30 | Rate: 3.75 tags/min | phero=7
======================================================================
R1[EXPLORE     ]: carry=0 | gave_up=0
R2[EXPLORE     ]: carry=0 | gave_up=0
R3[FAULT       ]: carry=0 | gave_up=0
R4[SITE        ]: carry=0 | gave_up=0

[PICKUP] Robot 1 picked up tag (density=16) | Total: 31
[PICKUP] Robot 4 picked up tag (density=2) | Total: 32

======================================================================
Step 15500 (8.3 min) | Pickups: 32 | Deposits: 30 | Rate: 3.63 tags/min | phero=6
======================================================================
R1[RTB         ]: carry=1 | gave_up=0
R2[EXPLORE     ]: carry=0 | gave_up=0
R3[FAULT       ]: carry=0 | gave_up=0
R4[RTB         ]: carry=1 | gave_up=0

[DEPOSIT] Robot 4 deposited! Total: 31
  [TARGET] Robot 4 → SITE (-0.39,1.22)
[DEPOSIT] Robot 1 deposited! Total: 32
  [TARGET] Robot 1 → SITE (1.97,0.70)

======================================================================
Step 16000 (8.5 min) | Pickups: 32 | Deposits: 32 | Rate: 3.75 tags/min | phero=6
======================================================================
R1[SITE        ]: carry=0 | gave_up=0
R2[EXPLORE     ]: carry=0 | gave_up=0
R3[FAULT       ]: carry=0 | gave_up=0
R4[SITE        ]: carry=0 | gave_up=0

[GIVE-UP] R4 giving up after 644 steps

======================================================================
Step 16500 (8.8 min) | Pickups: 32 | Deposits: 32 | Rate: 3.64 tags/min | phero=6
======================================================================
R1[SITE        ]: carry=0 | gave_up=0
R2[WALL_ESC    ]: carry=0 | gave_up=0
R3[FAULT       ]: carry=0 | gave_up=0
R4[GIVE_UP     ]: carry=0 | gave_up=1

[EMPTY_RTN] R4 → phero(1.97,0.70)
[GIVE-UP] R2 giving up after 3193 steps
[PICKUP] Robot 1 picked up tag (density=15) | Total: 33
[PICKUP] Robot 4 picked up tag (density=7) | Total: 34

======================================================================
Step 17000 (9.1 min) | Pickups: 34 | Deposits: 32 | Rate: 3.53 tags/min | phero=5
======================================================================
R1[RTB         ]: carry=1 | gave_up=0
R2[GIVE_UP     ]: carry=0 | gave_up=1
R3[FAULT       ]: carry=0 | gave_up=0
R4[RTB         ]: carry=1 | gave_up=0

[DEPOSIT] Robot 4 deposited! Total: 33
  [TARGET] Robot 4 → SITE (0.24,0.25)
[PICKUP] Robot 4 picked up tag (density=6) | Total: 35
[EMPTY_RTN] R2 → phero(0.24,0.25)
[DEPOSIT] Robot 4 deposited! Total: 34
  [TARGET] Robot 4 → SITE (0.30,0.19)
[DEPOSIT] Robot 1 deposited! Total: 35
  [TARGET] Robot 1 → SITE (1.97,0.69)

======================================================================
Step 17500 (9.3 min) | Pickups: 35 | Deposits: 35 | Rate: 3.75 tags/min | phero=7
======================================================================
R1[BASE_ESC    ]: carry=0 | gave_up=0
R2[PHERO       ]: carry=0 | gave_up=0
R3[FAULT       ]: carry=0 | gave_up=0
R4[SITE        ]: carry=0 | gave_up=0


======================================================================
Step 18000 (9.6 min) | Pickups: 35 | Deposits: 35 | Rate: 3.65 tags/min | phero=6
======================================================================
R1[SITE        ]: carry=0 | gave_up=0
R2[EXPLORE     ]: carry=0 | gave_up=0
R3[FAULT       ]: carry=0 | gave_up=0
R4[EXPLORE     ]: carry=0 | gave_up=0


======================================================================
Step 18500 (9.9 min) | Pickups: 35 | Deposits: 35 | Rate: 3.55 tags/min | phero=4
======================================================================
R1[SITE        ]: carry=0 | gave_up=0
R2[WALL_ESC    ]: carry=0 | gave_up=0
R3[FAULT       ]: carry=0 | gave_up=0
R4[EXPLORE     ]: carry=0 | gave_up=0

[PICKUP] Robot 1 picked up tag (density=14) | Total: 36
TIMEOUT_RESULT pickups=36 deposits=35 steps=18750 elapsed_min=10.000000 fault_robot=2 failure_time_min=2.6588
BATCH_RESULT pickups=36 deposits=35
