Gym has been unmaintained since 2022 and does not support NumPy 2.0 amongst other critical functionality.
Please upgrade to Gymnasium, the maintained drop-in replacement of Gym, or contact the authors of your software and request that they upgrade.
Users of this version of Gym should be able to simply replace 'import gym' with 'import gymnasium as gym' in the vast majority of cases.
See the migration guide at https://gymnasium.farama.org/introduction/migration_guide/ for additional information.
=================================================================
EXPERIMENT 4b — Robot Fault Tolerance
  Arena: 5x5m | Tags: 64 | Robots: 4 | Time: 10.0 min
  Faulty robot: R3 (index 2) — stopped from t=0
=================================================================

Loading model: ppo_cpfa_v9
Model loaded. Starting evaluation...

[PICKUP] Robot 3 picked up tag (density=6) | Total: 1
[DEPOSIT] Robot 3 deposited! Total: 1
  [TARGET] Robot 3 → SITE (0.00,0.50)
[PICKUP] Robot 3 picked up tag (density=5) | Total: 2

======================================================================
Step 500 (0.3 min) | Pickups: 2 | Deposits: 1 | Rate: 3.75 tags/min | phero=1
======================================================================
R1[EXPLORE     ]: carry=0 | gave_up=0
R2[WALL_ESC    ]: carry=0 | gave_up=0
R3[RTB         ]: carry=1 | gave_up=0
R4[BASE_ESC    ]: carry=0 | gave_up=0

[DEPOSIT] Robot 3 deposited! Total: 2
  [TARGET] Robot 3 → SITE (-0.01,0.51)
[PICKUP] Robot 2 picked up tag (density=16) | Total: 3
[GIVE-UP] R4 giving up after 624 steps
[EMPTY_RTN] R4 → phero(0.00,0.50)

======================================================================
Step 1000 (0.5 min) | Pickups: 3 | Deposits: 2 | Rate: 3.75 tags/min | phero=2
======================================================================
R1[EXPLORE     ]: carry=0 | gave_up=0
R2[RTB         ]: carry=1 | gave_up=0
R3[EXPLORE     ]: carry=0 | gave_up=0
R4[BASE_ESC    ]: carry=0 | gave_up=0

[DEPOSIT] Robot 2 deposited! Total: 3
  [TARGET] Robot 2 → SITE (2.04,-0.10)
[PICKUP] Robot 2 picked up tag (density=9) | Total: 4
[DEPOSIT] Robot 2 deposited! Total: 4
  [TARGET] Robot 2 → SITE (0.29,-0.10)
[PICKUP] Robot 3 picked up tag (density=8) | Total: 5

======================================================================
Step 1500 (0.8 min) | Pickups: 5 | Deposits: 4 | Rate: 5.00 tags/min | phero=4
======================================================================
R1[EXPLORE     ]: carry=0 | gave_up=0
R2[SITE        ]: carry=0 | gave_up=0
R3[RTB         ]: carry=1 | gave_up=0
R4[PHERO       ]: carry=0 | gave_up=0

[PICKUP] Robot 2 picked up tag (density=7) | Total: 6
[DEPOSIT] Robot 3 deposited! Total: 5
  [TARGET] Robot 3 → SITE (0.70,-0.33)
[DEPOSIT] Robot 2 deposited! Total: 6
  [TARGET] Robot 2 → SITE (0.30,-0.16)
[PICKUP] Robot 3 picked up tag (density=6) | Total: 7
[PICKUP] Robot 2 picked up tag (density=5) | Total: 8
[DEPOSIT] Robot 3 deposited! Total: 7
  [TARGET] Robot 3 → SITE (0.27,-0.27)

======================================================================
Step 2000 (1.1 min) | Pickups: 8 | Deposits: 7 | Rate: 6.56 tags/min | phero=7
======================================================================
R1[EXPLORE     ]: carry=0 | gave_up=0
R2[RTB         ]: carry=1 | gave_up=0
R3[BASE_ESC    ]: carry=0 | gave_up=0
R4[BASE_ESC    ]: carry=0 | gave_up=0

[DEPOSIT] Robot 2 deposited! Total: 8
  [TARGET] Robot 2 → SITE (0.35,-0.11)
[PICKUP] Robot 2 picked up tag (density=4) | Total: 9
[DEPOSIT] Robot 2 deposited! Total: 9
  [TARGET] Robot 2 → SITE (0.38,-0.16)

======================================================================
Step 2500 (1.3 min) | Pickups: 9 | Deposits: 9 | Rate: 6.75 tags/min | phero=9
======================================================================
R1[EXPLORE     ]: carry=0 | gave_up=0
R2[BASE_ESC    ]: carry=0 | gave_up=0
R3[EXPLORE     ]: carry=0 | gave_up=0
R4[PHERO       ]: carry=0 | gave_up=0

[PICKUP] Robot 2 picked up tag (density=3) | Total: 10
[DEPOSIT] Robot 2 deposited! Total: 10
  [TARGET] Robot 2 → SITE (0.36,-0.25)
[FAULT] Robot 3 failed at t=1.490 sim-min
[PICKUP] Robot 2 picked up tag (density=2) | Total: 11

======================================================================
Step 3000 (1.6 min) | Pickups: 11 | Deposits: 10 | Rate: 6.25 tags/min | phero=10
======================================================================
R1[EXPLORE     ]: carry=0 | gave_up=0
R2[RTB         ]: carry=1 | gave_up=0
R3[FAULT       ]: carry=0 | gave_up=0
R4[EXPLORE     ]: carry=0 | gave_up=0

[DEPOSIT] Robot 2 deposited! Total: 11
  [TARGET] Robot 2 → SITE (0.41,-0.15)
[GIVE-UP] R4 giving up after 2443 steps
[PICKUP] Robot 2 picked up tag (density=1) | Total: 12
[EMPTY_RTN] R4 → phero(0.38,-0.16)
[DEPOSIT] Robot 2 deposited! Total: 12
  [TARGET] Robot 2 → PHERO (0.36,-0.25)

======================================================================
Step 3500 (1.9 min) | Pickups: 12 | Deposits: 12 | Rate: 6.43 tags/min | phero=10
======================================================================
R1[EXPLORE     ]: carry=0 | gave_up=0
R2[BASE_ESC    ]: carry=0 | gave_up=0
R3[FAULT       ]: carry=0 | gave_up=0
R4[BASE_ESC    ]: carry=0 | gave_up=0


======================================================================
Step 4000 (2.1 min) | Pickups: 12 | Deposits: 12 | Rate: 5.62 tags/min | phero=10
======================================================================
R1[EXPLORE     ]: carry=0 | gave_up=0
R2[EXPLORE     ]: carry=0 | gave_up=0
R3[FAULT       ]: carry=0 | gave_up=0
R4[PHERO       ]: carry=0 | gave_up=0


======================================================================
Step 4500 (2.4 min) | Pickups: 12 | Deposits: 12 | Rate: 5.00 tags/min | phero=9
======================================================================
R1[EXPLORE     ]: carry=0 | gave_up=0
R2[EXPLORE     ]: carry=0 | gave_up=0
R3[FAULT       ]: carry=0 | gave_up=0
R4[BASE_ESC    ]: carry=0 | gave_up=0


======================================================================
Step 5000 (2.7 min) | Pickups: 12 | Deposits: 12 | Rate: 4.50 tags/min | phero=8
======================================================================
R1[EXPLORE     ]: carry=0 | gave_up=0
R2[EXPLORE     ]: carry=0 | gave_up=0
R3[FAULT       ]: carry=0 | gave_up=0
R4[EXPLORE     ]: carry=0 | gave_up=0

[PICKUP] Robot 2 picked up tag (density=12) | Total: 13
[DEPOSIT] Robot 2 deposited! Total: 13
  [TARGET] Robot 2 → SITE (-1.01,0.39)
[PICKUP] Robot 1 picked up tag (density=9) | Total: 14

======================================================================
Step 5500 (2.9 min) | Pickups: 14 | Deposits: 13 | Rate: 4.43 tags/min | phero=8
======================================================================
R1[RTB         ]: carry=1 | gave_up=0
R2[SITE        ]: carry=0 | gave_up=0
R3[FAULT       ]: carry=0 | gave_up=0
R4[EXPLORE     ]: carry=0 | gave_up=0

[PICKUP] Robot 2 picked up tag (density=11) | Total: 15
[DEPOSIT] Robot 1 deposited! Total: 14
  [TARGET] Robot 1 → SITE (-1.31,-1.76)

======================================================================
Step 6000 (3.2 min) | Pickups: 15 | Deposits: 14 | Rate: 4.38 tags/min | phero=6
======================================================================
R1[SITE        ]: carry=0 | gave_up=0
R2[RTB         ]: carry=1 | gave_up=0
R3[FAULT       ]: carry=0 | gave_up=0
R4[EXPLORE     ]: carry=0 | gave_up=0

[DEPOSIT] Robot 2 deposited! Total: 15
  [TARGET] Robot 2 → SITE (-0.91,0.56)
[PICKUP] Robot 2 picked up tag (density=10) | Total: 16
[PICKUP] Robot 1 picked up tag (density=8) | Total: 17

======================================================================
Step 6500 (3.5 min) | Pickups: 17 | Deposits: 15 | Rate: 4.33 tags/min | phero=5
======================================================================
R1[RTB         ]: carry=1 | gave_up=0
R2[RTB         ]: carry=1 | gave_up=0
R3[FAULT       ]: carry=0 | gave_up=0
R4[EXPLORE     ]: carry=0 | gave_up=0

[DEPOSIT] Robot 2 deposited! Total: 16
  [TARGET] Robot 2 → SITE (-1.09,0.39)
[PICKUP] Robot 4 picked up tag (density=15) | Total: 18
[DEPOSIT] Robot 1 deposited! Total: 17
  [TARGET] Robot 1 → SITE (-1.07,-1.39)

======================================================================
Step 7000 (3.7 min) | Pickups: 18 | Deposits: 17 | Rate: 4.55 tags/min | phero=6
======================================================================
R1[BASE_ESC    ]: carry=0 | gave_up=0
R2[SITE        ]: carry=0 | gave_up=0
R3[FAULT       ]: carry=0 | gave_up=0
R4[RTB         ]: carry=1 | gave_up=0

[PICKUP] Robot 2 picked up tag (density=9) | Total: 19
[DEPOSIT] Robot 4 deposited! Total: 18
  [TARGET] Robot 4 → SITE (1.81,-0.30)
[DEPOSIT] Robot 2 deposited! Total: 19
  [TARGET] Robot 2 → SITE (-1.08,0.45)

======================================================================
Step 7500 (4.0 min) | Pickups: 19 | Deposits: 19 | Rate: 4.75 tags/min | phero=7
======================================================================
R1[SITE        ]: carry=0 | gave_up=0
R2[BASE_ESC    ]: carry=0 | gave_up=0
R3[FAULT       ]: carry=0 | gave_up=0
R4[SITE        ]: carry=0 | gave_up=0

[PICKUP] Robot 1 picked up tag (density=7) | Total: 20
[PICKUP] Robot 2 picked up tag (density=8) | Total: 21
[PICKUP] Robot 4 picked up tag (density=14) | Total: 22

======================================================================
Step 8000 (4.3 min) | Pickups: 22 | Deposits: 19 | Rate: 4.45 tags/min | phero=7
======================================================================
R1[RTB         ]: carry=1 | gave_up=0
R2[RTB         ]: carry=1 | gave_up=0
R3[FAULT       ]: carry=0 | gave_up=0
R4[RTB         ]: carry=1 | gave_up=0

[DEPOSIT] Robot 2 deposited! Total: 20
  [TARGET] Robot 2 → SITE (-1.10,0.46)
[DEPOSIT] Robot 1 deposited! Total: 21
  [TARGET] Robot 1 → SITE (-1.11,-1.42)
[DEPOSIT] Robot 4 deposited! Total: 22
  [TARGET] Robot 4 → SITE (1.82,-0.34)

======================================================================
Step 8500 (4.5 min) | Pickups: 22 | Deposits: 22 | Rate: 4.85 tags/min | phero=10
======================================================================
R1[SITE        ]: carry=0 | gave_up=0
R2[SITE        ]: carry=0 | gave_up=0
R3[FAULT       ]: carry=0 | gave_up=0
R4[BASE_ESC    ]: carry=0 | gave_up=0

[PICKUP] Robot 2 picked up tag (density=7) | Total: 23
[PICKUP] Robot 1 picked up tag (density=6) | Total: 24
[DEPOSIT] Robot 2 deposited! Total: 23
  [TARGET] Robot 2 → SITE (-1.09,0.51)

======================================================================
Step 9000 (4.8 min) | Pickups: 24 | Deposits: 23 | Rate: 4.79 tags/min | phero=11
======================================================================
R1[RTB         ]: carry=1 | gave_up=0
R2[BASE_ESC    ]: carry=0 | gave_up=0
R3[FAULT       ]: carry=0 | gave_up=0
R4[SITE        ]: carry=0 | gave_up=0

[PICKUP] Robot 4 picked up tag (density=13) | Total: 25
[PICKUP] Robot 2 picked up tag (density=6) | Total: 26
[DEPOSIT] Robot 1 deposited! Total: 24
  [TARGET] Robot 1 → SITE (-1.29,-1.31)

======================================================================
Step 9500 (5.1 min) | Pickups: 26 | Deposits: 24 | Rate: 4.74 tags/min | phero=12
======================================================================
R1[SITE        ]: carry=0 | gave_up=0
R2[RTB         ]: carry=1 | gave_up=0
R3[FAULT       ]: carry=0 | gave_up=0
R4[RTB         ]: carry=1 | gave_up=0

[DEPOSIT] Robot 2 deposited! Total: 25
  [TARGET] Robot 2 → SITE (-1.12,0.54)
[DEPOSIT] Robot 4 deposited! Total: 26
  [TARGET] Robot 4 → SITE (1.83,-0.33)
[PICKUP] Robot 2 picked up tag (density=5) | Total: 27

======================================================================
Step 10000 (5.3 min) | Pickups: 27 | Deposits: 26 | Rate: 4.88 tags/min | phero=13
======================================================================
R1[SITE        ]: carry=0 | gave_up=0
R2[RTB         ]: carry=1 | gave_up=0
R3[FAULT       ]: carry=0 | gave_up=0
R4[SITE        ]: carry=0 | gave_up=0

[PICKUP] Robot 1 picked up tag (density=5) | Total: 28
[PICKUP] Robot 4 picked up tag (density=12) | Total: 29
[DEPOSIT] Robot 2 deposited! Total: 27
  [TARGET] Robot 2 → SITE (-0.91,0.63)

======================================================================
Step 10500 (5.6 min) | Pickups: 29 | Deposits: 27 | Rate: 4.82 tags/min | phero=12
======================================================================
R1[RTB         ]: carry=1 | gave_up=0
R2[SITE        ]: carry=0 | gave_up=0
R3[FAULT       ]: carry=0 | gave_up=0
R4[RTB         ]: carry=1 | gave_up=0

[DEPOSIT] Robot 1 deposited! Total: 28
  [TARGET] Robot 1 → SITE (-1.32,-1.31)
[PICKUP] Robot 2 picked up tag (density=4) | Total: 30
[DEPOSIT] Robot 4 deposited! Total: 29
  [TARGET] Robot 4 → SITE (1.86,-0.37)

======================================================================
Step 11000 (5.9 min) | Pickups: 30 | Deposits: 29 | Rate: 4.94 tags/min | phero=14
======================================================================
R1[SITE        ]: carry=0 | gave_up=0
R2[RTB         ]: carry=1 | gave_up=0
R3[FAULT       ]: carry=0 | gave_up=0
R4[SITE        ]: carry=0 | gave_up=0

[DEPOSIT] Robot 2 deposited! Total: 30
  [TARGET] Robot 2 → SITE (-0.95,0.66)
[PICKUP] Robot 2 picked up tag (density=4) | Total: 31
[DEPOSIT] Robot 2 deposited! Total: 31
  [TARGET] Robot 2 → SITE (-0.26,0.38)

======================================================================
Step 11500 (6.1 min) | Pickups: 31 | Deposits: 31 | Rate: 5.05 tags/min | phero=14
======================================================================
R1[EXPLORE     ]: carry=0 | gave_up=0
R2[SITE        ]: carry=0 | gave_up=0
R3[FAULT       ]: carry=0 | gave_up=0
R4[EXPLORE     ]: carry=0 | gave_up=0

[GIVE-UP] R4 giving up after 746 steps
[PICKUP] Robot 2 picked up tag (density=3) | Total: 32
[DEPOSIT] Robot 2 deposited! Total: 32
  [TARGET] Robot 2 → SITE (-0.32,0.43)
[PICKUP] Robot 2 picked up tag (density=2) | Total: 33
[EMPTY_RTN] R4 → phero(-0.95,0.66)

======================================================================
Step 12000 (6.4 min) | Pickups: 33 | Deposits: 32 | Rate: 5.00 tags/min | phero=12
======================================================================
R1[EXPLORE     ]: carry=0 | gave_up=0
R2[RTB         ]: carry=1 | gave_up=0
R3[FAULT       ]: carry=0 | gave_up=0
R4[BASE_ESC    ]: carry=0 | gave_up=0

[DEPOSIT] Robot 2 deposited! Total: 33
  [TARGET] Robot 2 → SITE (-0.14,0.47)
[PICKUP] Robot 1 picked up tag (density=11) | Total: 34

======================================================================
Step 12500 (6.7 min) | Pickups: 34 | Deposits: 33 | Rate: 4.95 tags/min | phero=11
======================================================================
R1[RTB         ]: carry=1 | gave_up=0
R2[EXPLORE     ]: carry=0 | gave_up=0
R3[FAULT       ]: carry=0 | gave_up=0
R4[PHERO       ]: carry=0 | gave_up=0

[PICKUP] Robot 2 picked up tag (density=12) | Total: 35
[PICKUP] Robot 4 picked up tag (density=1) | Total: 36
[DEPOSIT] Robot 1 deposited! Total: 34
  [TARGET] Robot 1 → SITE (1.90,-0.54)
[DEPOSIT] Robot 4 deposited! Total: 35
  [TARGET] Robot 4 → SITE (-0.18,0.50)
[DEPOSIT] Robot 2 deposited! Total: 36
  [TARGET] Robot 2 → SITE (0.29,1.12)

======================================================================
Step 13000 (6.9 min) | Pickups: 36 | Deposits: 36 | Rate: 5.19 tags/min | phero=11
======================================================================
R1[SITE        ]: carry=0 | gave_up=0
R2[SITE        ]: carry=0 | gave_up=0
R3[FAULT       ]: carry=0 | gave_up=0
R4[SITE        ]: carry=0 | gave_up=0

[PICKUP] Robot 2 picked up tag (density=11) | Total: 37

======================================================================
Step 13500 (7.2 min) | Pickups: 37 | Deposits: 36 | Rate: 5.00 tags/min | phero=10
======================================================================
R1[WALL_ESC    ]: carry=0 | gave_up=0
R2[RTB         ]: carry=1 | gave_up=0
R3[FAULT       ]: carry=0 | gave_up=0
R4[WALL_ESC    ]: carry=0 | gave_up=0

[DEPOSIT] Robot 2 deposited! Total: 37
  [TARGET] Robot 2 → SITE (0.38,1.12)
[PICKUP] Robot 2 picked up tag (density=10) | Total: 38

======================================================================
Step 14000 (7.5 min) | Pickups: 38 | Deposits: 37 | Rate: 4.96 tags/min | phero=8
======================================================================
R1[EXPLORE     ]: carry=0 | gave_up=0
R2[RTB         ]: carry=1 | gave_up=0
R3[FAULT       ]: carry=0 | gave_up=0
R4[EXPLORE     ]: carry=0 | gave_up=0

[DEPOSIT] Robot 2 deposited! Total: 38
  [TARGET] Robot 2 → SITE (0.08,1.14)

======================================================================
Step 14500 (7.7 min) | Pickups: 38 | Deposits: 38 | Rate: 4.91 tags/min | phero=9
======================================================================
R1[EXPLORE     ]: carry=0 | gave_up=0
R2[SITE        ]: carry=0 | gave_up=0
R3[FAULT       ]: carry=0 | gave_up=0
R4[EXPLORE     ]: carry=0 | gave_up=0

[PICKUP] Robot 2 picked up tag (density=9) | Total: 39

======================================================================
Step 15000 (8.0 min) | Pickups: 39 | Deposits: 38 | Rate: 4.75 tags/min | phero=7
======================================================================
R1[EXPLORE     ]: carry=0 | gave_up=0
R2[RTB         ]: carry=1 | gave_up=0
R3[FAULT       ]: carry=0 | gave_up=0
R4[EXPLORE     ]: carry=0 | gave_up=0

[DEPOSIT] Robot 2 deposited! Total: 39
  [TARGET] Robot 2 → SITE (0.42,1.23)

======================================================================
Step 15500 (8.3 min) | Pickups: 39 | Deposits: 39 | Rate: 4.72 tags/min | phero=6
======================================================================
R1[WALL_ESC    ]: carry=0 | gave_up=0
R2[SITE        ]: carry=0 | gave_up=0
R3[FAULT       ]: carry=0 | gave_up=0
R4[EXPLORE     ]: carry=0 | gave_up=0

[PICKUP] Robot 2 picked up tag (density=8) | Total: 40
[DEPOSIT] Robot 2 deposited! Total: 40
  [TARGET] Robot 2 → SITE (0.02,1.34)

======================================================================
Step 16000 (8.5 min) | Pickups: 40 | Deposits: 40 | Rate: 4.69 tags/min | phero=6
======================================================================
R1[EXPLORE     ]: carry=0 | gave_up=0
R2[SITE        ]: carry=0 | gave_up=0
R3[FAULT       ]: carry=0 | gave_up=0
R4[EXPLORE     ]: carry=0 | gave_up=0


======================================================================
Step 16500 (8.8 min) | Pickups: 40 | Deposits: 40 | Rate: 4.55 tags/min | phero=6
======================================================================
R1[EXPLORE     ]: carry=0 | gave_up=0
R2[SITE        ]: carry=0 | gave_up=0
R3[FAULT       ]: carry=0 | gave_up=0
R4[EXPLORE     ]: carry=0 | gave_up=0

[PICKUP] Robot 2 picked up tag (density=7) | Total: 41

======================================================================
Step 17000 (9.1 min) | Pickups: 41 | Deposits: 40 | Rate: 4.41 tags/min | phero=6
======================================================================
R1[WALL_ESC    ]: carry=0 | gave_up=0
R2[RTB         ]: carry=1 | gave_up=0
R3[FAULT       ]: carry=0 | gave_up=0
R4[EXPLORE     ]: carry=0 | gave_up=0

[GIVE-UP] R1 giving up after 4421 steps
[DEPOSIT] Robot 2 deposited! Total: 41
  [TARGET] Robot 2 → SITE (0.12,1.25)
[GIVE-UP] R4 giving up after 4663 steps

======================================================================
Step 17500 (9.3 min) | Pickups: 41 | Deposits: 41 | Rate: 4.39 tags/min | phero=5
======================================================================
R1[GIVE_UP     ]: carry=0 | gave_up=1
R2[SITE        ]: carry=0 | gave_up=0
R3[FAULT       ]: carry=0 | gave_up=0
R4[GIVE_UP     ]: carry=0 | gave_up=1

[EMPTY_RTN] R1 → phero(0.02,1.34)
[PICKUP] Robot 2 picked up tag (density=6) | Total: 42
[EMPTY_RTN] R4 → phero(0.12,1.25)

======================================================================
Step 18000 (9.6 min) | Pickups: 42 | Deposits: 41 | Rate: 4.27 tags/min | phero=4
======================================================================
R1[PHERO       ]: carry=0 | gave_up=0
R2[RTB         ]: carry=1 | gave_up=0
R3[FAULT       ]: carry=0 | gave_up=0
R4[BASE_ESC    ]: carry=0 | gave_up=0

[DEPOSIT] Robot 2 deposited! Total: 42
  [TARGET] Robot 2 → SITE (0.37,1.28)
[PICKUP] Robot 1 picked up tag (density=5) | Total: 43

======================================================================
Step 18500 (9.9 min) | Pickups: 43 | Deposits: 42 | Rate: 4.26 tags/min | phero=5
======================================================================
R1[RTB         ]: carry=1 | gave_up=0
R2[SITE        ]: carry=0 | gave_up=0
R3[FAULT       ]: carry=0 | gave_up=0
R4[PHERO       ]: carry=0 | gave_up=0

TIMEOUT_RESULT pickups=43 deposits=42 steps=18750 elapsed_min=10.000000 fault_robot=2 failure_time_min=1.4898
BATCH_RESULT pickups=43 deposits=42
