=================================================================
CPFA BASELINE — ARGoS-calibrated parameters
  Params file                  = /home/sara/Documents/RL-FL-Foraging/cpfa_tuning_20260715_155549/trial_022/params.yaml
  Results file                 = /home/sara/Documents/RL-FL-Foraging/controllers/cpfa_baseline/results/cpfa_baseline_results_20260715_165550_16.txt
  RateOfLayingPheromone        = 5.750435645996445
  RateOfSiteFidelity           = 2.9068167760849026
  RateOfPheromoneDecay         = 0.09583899468337924 /s  (lifetime ~72s)
  ProbabilityOfReturningToNest = 0.11179410854203886 (every 5 sec → E[give-up] ~45s)
  UninformedSearchVariation    = 0.92 rad (52.5°)
  RateOfInformedSearchDecay    = 0.9679873882928769 /waypoint
  ProbabilityOfSwitchingToSearching = 0.3694200448042099 (every 5 sec in uninformed DEPARTING)
=================================================================

[PICKUP] R3 picked up tag (density=6) | Total: 1
[PICKUP] R1 picked up tag (density=12) | Total: 2
[DEPOSIT] R3 deposited! Total: 1
  [TARGET] R3 → SITE (0.00, 0.50)
[PICKUP] R3 picked up tag (density=5) | Total: 3

======================================================================
Step 500 (0.3 min) | Pickups: 3 | Deposits: 1 | Rate: 3.75 tags/min | phero_entries=0 max_w=0.000
======================================================================
R1[RTB       ]: carry=1 | base=1.00 | wall=1.62 | search=  0 | target=none
R2[SEARCH    ]: carry=0 | base=0.66 | wall=1.90 | search=168 | target=none
R3[SURVEY    ]: carry=1 | base=0.37 | wall=2.16 | search=  0 | target=none
R4[GIVE_UP   ]: carry=0 | base=0.34 | wall=2.20 | search=312 | target=none

  [GIVE-UP] R4 returned empty after 312 searching steps
  [TARGET] R4 → WALL (-1.14, -2.42)
[DEPOSIT] R1 deposited! Total: 2
  [PHERO] Laid at (-0.50, -0.88) density=12 prob=0.99 entries=1
  [TARGET] R1 → SITE (-0.50, -0.88)
[DEPOSIT] R3 deposited! Total: 3
  [TARGET] R3 → SITE (0.13, 0.34)
[PICKUP] R4 picked up tag (density=11) | Total: 4

======================================================================
Step 1000 (0.5 min) | Pickups: 4 | Deposits: 3 | Rate: 5.62 tags/min | phero_entries=1 max_w=0.410
======================================================================
R1[SITE      ]: carry=0 | base=0.86 | wall=1.73 | search=  0 | target=site(-0.50,-0.88)
R2[SEARCH    ]: carry=0 | base=0.89 | wall=1.65 | search=668 | target=none
R3[SEARCH    ]: carry=0 | base=0.38 | wall=2.16 | search= 13 | target=site(0.13,0.34)
R4[SURVEY    ]: carry=1 | base=1.07 | wall=1.57 | search=  0 | target=none

[PICKUP] R3 picked up tag (density=4) | Total: 5
[DEPOSIT] R4 deposited! Total: 4
  [PHERO] Laid at (-0.53, -0.93) density=11 prob=0.98 entries=2
  [TARGET] R4 → SITE (-0.53, -0.93)
[DEPOSIT] R3 deposited! Total: 5
  [TARGET] R3 → PHERO (-0.53, -0.93)
[PICKUP] R1 picked up tag (density=10) | Total: 6

======================================================================
Step 1500 (0.8 min) | Pickups: 6 | Deposits: 5 | Rate: 6.25 tags/min | phero_entries=2 max_w=0.565
======================================================================
R1[SURVEY    ]: carry=1 | base=1.10 | wall=1.56 | search=  0 | target=none
R2[SEARCH    ]: carry=0 | base=0.74 | wall=1.79 | search=1168 | target=none
R3[PHERO     ]: carry=0 | base=0.26 | wall=2.25 | search=  0 | target=phero(-0.53,-0.93)
R4[SITE      ]: carry=0 | base=0.49 | wall=2.04 | search=  0 | target=site(-0.53,-0.93)

[PICKUP] R2 picked up tag (density=3) | Total: 7
[DEPOSIT] R2 deposited! Total: 6
  [TARGET] R2 → SITE (0.20, 0.70)

======================================================================
Step 2000 (1.1 min) | Pickups: 7 | Deposits: 6 | Rate: 5.62 tags/min | phero_entries=2 max_w=0.122
======================================================================
R1[RTB       ]: carry=1 | base=0.39 | wall=2.15 | search=  0 | target=none
R2[BASE_ESC  ]: carry=0 | base=0.23 | wall=2.31 | search=  0 | target=site(0.20,0.70)
R3[SEARCH    ]: carry=0 | base=1.08 | wall=1.56 | search= 35 | target=phero(-0.53,-0.93)
R4[SEARCH    ]: carry=0 | base=1.04 | wall=1.63 | search=357 | target=site(-0.53,-0.93)

[DEPOSIT] R1 deposited! Total: 7
  [PHERO] Laid at (-0.57, -0.94) density=10 prob=0.97 entries=3
  [TARGET] R1 → SITE (-0.57, -0.94)
[PICKUP] R2 picked up tag (density=2) | Total: 8
[PICKUP] R4 picked up tag (density=9) | Total: 9
[DEPOSIT] R2 deposited! Total: 8
  [TARGET] R2 → SITE (0.22, 0.41)

======================================================================
Step 2500 (1.3 min) | Pickups: 9 | Deposits: 8 | Rate: 6.00 tags/min | phero_entries=3 max_w=0.242
======================================================================
R1[SEARCH    ]: carry=0 | base=1.10 | wall=1.52 | search=127 | target=site(-0.57,-0.94)
R2[BASE_ESC  ]: carry=0 | base=0.23 | wall=2.32 | search=  0 | target=site(0.22,0.41)
R3[SEARCH    ]: carry=0 | base=1.03 | wall=1.65 | search=535 | target=phero(-0.53,-0.93)
R4[RTB       ]: carry=1 | base=0.96 | wall=1.60 | search=  0 | target=none

[PICKUP] R3 picked up tag (density=8) | Total: 10
[DEPOSIT] R4 deposited! Total: 9
  [PHERO] Laid at (-0.46, -1.06) density=9 prob=0.93 entries=4
  [TARGET] R4 → SITE (-0.46, -1.06)

======================================================================
Step 3000 (1.6 min) | Pickups: 10 | Deposits: 9 | Rate: 5.62 tags/min | phero_entries=3 max_w=0.381
======================================================================
R1[GIVE_UP   ]: carry=0 | base=0.72 | wall=1.97 | search=624 | target=none
R2[GIVE_UP   ]: carry=0 | base=0.54 | wall=2.05 | search=312 | target=none
R3[RTB       ]: carry=1 | base=0.44 | wall=2.14 | search=  0 | target=none
R4[SITE      ]: carry=0 | base=0.96 | wall=1.61 | search=  0 | target=site(-0.46,-1.06)

[DEPOSIT] R3 deposited! Total: 10
  [PHERO] Laid at (-0.68, -0.87) density=8 prob=0.87 entries=4
  [TARGET] R3 → SITE (-0.68, -0.87)
  [GIVE-UP] R2 returned empty after 312 searching steps
  [TARGET] R2 → PHERO (-0.68, -0.87)
[PICKUP] R4 picked up tag (density=7) | Total: 11
  [GIVE-UP] R1 returned empty after 624 searching steps
  [TARGET] R1 → PHERO (-0.68, -0.87)

======================================================================
Step 3500 (1.9 min) | Pickups: 11 | Deposits: 10 | Rate: 5.36 tags/min | phero_entries=4 max_w=0.251
======================================================================
R1[SEARCH    ]: carry=0 | base=1.07 | wall=1.65 | search= 16 | target=phero(-0.68,-0.87)
R2[PHERO     ]: carry=0 | base=0.38 | wall=2.15 | search=  0 | target=phero(-0.68,-0.87)
R3[SEARCH    ]: carry=0 | base=1.07 | wall=1.70 | search=114 | target=site(-0.68,-0.87)
R4[RTB       ]: carry=1 | base=0.73 | wall=1.83 | search=  0 | target=none

[DEPOSIT] R4 deposited! Total: 11
  [PHERO] Laid at (-0.52, -1.01) density=7 prob=0.78 entries=4
  [TARGET] R4 → SITE (-0.52, -1.01)
[PICKUP] R1 picked up tag (density=6) | Total: 12

======================================================================
Step 4000 (2.1 min) | Pickups: 12 | Deposits: 11 | Rate: 5.16 tags/min | phero_entries=4 max_w=0.317
======================================================================
R1[RTB       ]: carry=1 | base=0.84 | wall=1.80 | search=  0 | target=none
R2[SEARCH    ]: carry=0 | base=0.85 | wall=1.84 | search=287 | target=phero(-0.68,-0.87)
R3[SEARCH    ]: carry=0 | base=1.08 | wall=1.67 | search=614 | target=site(-0.68,-0.87)
R4[SEARCH    ]: carry=0 | base=1.11 | wall=1.51 | search= 28 | target=site(-0.52,-1.01)

[DEPOSIT] R1 deposited! Total: 12
  [PHERO] Laid at (-0.76, -0.94) density=6 prob=0.65 entries=5
  [TARGET] R1 → SITE (-0.76, -0.94)
  [GIVE-UP] R4 returned empty after 156 searching steps
  [TARGET] R4 → PHERO (-0.76, -0.94)

======================================================================
Step 4500 (2.4 min) | Pickups: 12 | Deposits: 12 | Rate: 5.00 tags/min | phero_entries=4 max_w=0.347
======================================================================
R1[SITE      ]: carry=0 | base=1.12 | wall=1.63 | search=  0 | target=site(-0.76,-0.94)
R2[GIVE_UP   ]: carry=0 | base=0.69 | wall=1.83 | search=624 | target=none
R3[GIVE_UP   ]: carry=0 | base=1.04 | wall=1.61 | search=1092 | target=none
R4[PHERO     ]: carry=0 | base=0.35 | wall=2.15 | search=  0 | target=phero(-0.76,-0.94)

  [GIVE-UP] R2 returned empty after 624 searching steps
  [TARGET] R2 → PHERO (-0.76, -0.94)
  [GIVE-UP] R3 returned empty after 1092 searching steps
  [TARGET] R3 → PHERO (-0.76, -0.94)
[PICKUP] R1 picked up tag (density=5) | Total: 13

======================================================================
Step 5000 (2.7 min) | Pickups: 13 | Deposits: 12 | Rate: 4.50 tags/min | phero_entries=3 max_w=0.075
======================================================================
R1[SURVEY    ]: carry=1 | base=1.21 | wall=1.49 | search=  0 | target=none
R2[PHERO     ]: carry=0 | base=1.09 | wall=1.63 | search=  0 | target=phero(-0.76,-0.94)
R3[PHERO     ]: carry=0 | base=0.64 | wall=2.00 | search=  0 | target=phero(-0.76,-0.94)
R4[SEARCH    ]: carry=0 | base=1.27 | wall=1.58 | search=263 | target=phero(-0.76,-0.94)

[PICKUP] R2 picked up tag (density=4) | Total: 14
  [GIVE-UP] R4 returned empty after 312 searching steps
  [TARGET] R4 → PHERO (-0.76, -0.94)
[DEPOSIT] R1 deposited! Total: 13
  [TARGET] R1 → SITE (-0.66, -1.02)

======================================================================
Step 5500 (2.9 min) | Pickups: 14 | Deposits: 13 | Rate: 4.43 tags/min | phero_entries=2 max_w=0.016
======================================================================
R1[BASE_ESC  ]: carry=0 | base=0.25 | wall=2.29 | search=  0 | target=site(-0.66,-1.02)
R2[RTB       ]: carry=1 | base=0.58 | wall=2.01 | search=  0 | target=none
R3[SEARCH    ]: carry=0 | base=1.21 | wall=1.58 | search=348 | target=phero(-0.76,-0.94)
R4[PHERO     ]: carry=0 | base=0.26 | wall=2.25 | search=  0 | target=phero(-0.76,-0.94)

[DEPOSIT] R2 deposited! Total: 14
  [TARGET] R2 → SITE (-0.75, -1.02)
[PICKUP] R3 picked up tag (density=3) | Total: 15

======================================================================
Step 6000 (3.2 min) | Pickups: 15 | Deposits: 14 | Rate: 4.38 tags/min | phero_entries=1 max_w=0.003
======================================================================
R1[SEARCH    ]: carry=0 | base=1.22 | wall=1.51 | search=135 | target=site(-0.66,-1.02)
R2[SITE      ]: carry=0 | base=1.17 | wall=1.53 | search=  0 | target=site(-0.75,-1.02)
R3[RTB       ]: carry=1 | base=0.79 | wall=1.79 | search=  0 | target=none
R4[SEARCH    ]: carry=0 | base=1.15 | wall=1.58 | search=247 | target=phero(-0.76,-0.94)

[DEPOSIT] R3 deposited! Total: 15
  [TARGET] R3 → SITE (-0.64, -1.09)
[PICKUP] R4 picked up tag (density=2) | Total: 16

======================================================================
Step 6500 (3.5 min) | Pickups: 16 | Deposits: 15 | Rate: 4.33 tags/min | phero_entries=0 max_w=0.000
======================================================================
R1[SEARCH    ]: carry=0 | base=1.17 | wall=1.44 | search=635 | target=site(-0.66,-1.02)
R2[SEARCH    ]: carry=0 | base=1.35 | wall=1.44 | search=481 | target=site(-0.75,-1.02)
R3[SITE      ]: carry=0 | base=1.13 | wall=1.51 | search=  0 | target=site(-0.64,-1.09)
R4[RTB       ]: carry=1 | base=1.22 | wall=1.43 | search=  0 | target=none

[PICKUP] R3 picked up tag (density=1) | Total: 17
[DEPOSIT] R4 deposited! Total: 16
  [TARGET] R4 → WALL (-0.16, -2.42)
  [GIVE-UP] R1 returned empty after 936 searching steps
  [TARGET] R1 → WALL (2.42, -1.54)

======================================================================
Step 7000 (3.7 min) | Pickups: 17 | Deposits: 16 | Rate: 4.29 tags/min | phero_entries=0 max_w=0.000
======================================================================
R1[BASE_ESC  ]: carry=0 | base=0.24 | wall=2.27 | search=  0 | target=none
R2[SEARCH    ]: carry=0 | base=0.86 | wall=1.80 | search=981 | target=site(-0.75,-1.02)
R3[RTB       ]: carry=1 | base=0.57 | wall=1.99 | search=  0 | target=none
R4[DEPART    ]: carry=0 | base=0.62 | wall=1.88 | search=  0 | target=none

[DEPOSIT] R3 deposited! Total: 17
  [TARGET] R3 → WALL (-0.23, -2.42)
[PICKUP] R1 picked up tag (density=9) | Total: 18

======================================================================
Step 7500 (4.0 min) | Pickups: 18 | Deposits: 17 | Rate: 4.25 tags/min | phero_entries=0 max_w=0.000
======================================================================
R1[RTB       ]: carry=1 | base=0.38 | wall=2.21 | search=  0 | target=none
R2[SEARCH    ]: carry=0 | base=0.85 | wall=1.78 | search=1481 | target=site(-0.75,-1.02)
R3[SEARCH    ]: carry=0 | base=1.04 | wall=1.46 | search=155 | target=none
R4[WALL_ESC  ]: carry=0 | base=2.18 | wall=0.32 | search=133 | target=none

[DEPOSIT] R1 deposited! Total: 18
  [PHERO] Laid at (0.24, -0.45) density=9 prob=0.93 entries=1
  [TARGET] R1 → SITE (0.24, -0.45)
[PICKUP] R1 picked up tag (density=8) | Total: 19
[DEPOSIT] R1 deposited! Total: 19
  [TARGET] R1 → SITE (0.24, -0.16)

======================================================================
Step 8000 (4.3 min) | Pickups: 19 | Deposits: 19 | Rate: 4.45 tags/min | phero_entries=1 max_w=0.242
======================================================================
R1[BASE_ESC  ]: carry=0 | base=0.23 | wall=2.27 | search=  0 | target=site(0.24,-0.16)
R2[SEARCH    ]: carry=0 | base=0.90 | wall=1.63 | search=1981 | target=site(-0.75,-1.02)
R3[SEARCH    ]: carry=0 | base=0.87 | wall=1.72 | search=655 | target=none
R4[WALL_ESC  ]: carry=0 | base=2.17 | wall=0.34 | search=633 | target=none

  [GIVE-UP] R3 returned empty after 780 searching steps
  [TARGET] R3 → PHERO (0.24, -0.45)

======================================================================
Step 8500 (4.5 min) | Pickups: 19 | Deposits: 19 | Rate: 4.19 tags/min | phero_entries=1 max_w=0.052
======================================================================
R1[SEARCH    ]: carry=0 | base=0.30 | wall=2.25 | search=311 | target=site(0.24,-0.16)
R2[SEARCH    ]: carry=0 | base=0.68 | wall=1.92 | search=2481 | target=site(-0.75,-1.02)
R3[PHERO     ]: carry=0 | base=0.26 | wall=2.27 | search=  0 | target=phero(0.24,-0.45)
R4[WALL_ESC  ]: carry=0 | base=2.16 | wall=0.34 | search=1133 | target=none


======================================================================
Step 9000 (4.8 min) | Pickups: 19 | Deposits: 19 | Rate: 3.96 tags/min | phero_entries=1 max_w=0.011
======================================================================
R1[SEARCH    ]: carry=0 | base=0.41 | wall=2.09 | search=811 | target=site(0.24,-0.16)
R2[SEARCH    ]: carry=0 | base=0.49 | wall=2.01 | search=2981 | target=site(-0.75,-1.02)
R3[SEARCH    ]: carry=0 | base=0.59 | wall=1.93 | search=278 | target=phero(0.24,-0.45)
R4[WALL_ESC  ]: carry=0 | base=2.16 | wall=0.34 | search=1633 | target=none

[PICKUP] R1 picked up tag (density=7) | Total: 20
  [GIVE-UP] R2 returned empty after 3276 searching steps
  [TARGET] R2 → PHERO (0.24, -0.45)
[DEPOSIT] R1 deposited! Total: 20
  [PHERO] Laid at (0.41, -0.09) density=7 prob=0.78 entries=2
  [TARGET] R1 → SITE (0.41, -0.09)

======================================================================
Step 9500 (5.1 min) | Pickups: 20 | Deposits: 20 | Rate: 3.95 tags/min | phero_entries=2 max_w=0.855
======================================================================
R1[BASE_ESC  ]: carry=0 | base=0.22 | wall=2.28 | search=  0 | target=site(0.41,-0.09)
R2[PHERO     ]: carry=0 | base=0.28 | wall=2.22 | search=  0 | target=phero(0.24,-0.45)
R3[SEARCH    ]: carry=0 | base=0.84 | wall=1.88 | search=778 | target=phero(0.24,-0.45)
R4[SEARCH    ]: carry=0 | base=2.15 | wall=0.35 | search=2133 | target=none

[PICKUP] R2 picked up tag (density=6) | Total: 21
[PICKUP] R3 picked up tag (density=5) | Total: 22

======================================================================
Step 10000 (5.3 min) | Pickups: 22 | Deposits: 20 | Rate: 3.75 tags/min | phero_entries=1 max_w=0.185
======================================================================
R1[SEARCH    ]: carry=0 | base=0.43 | wall=2.14 | search=333 | target=site(0.41,-0.09)
R2[RTB       ]: carry=1 | base=0.31 | wall=2.27 | search=  0 | target=none
R3[SURVEY    ]: carry=1 | base=0.68 | wall=1.84 | search=  0 | target=none
R4[SEARCH    ]: carry=0 | base=2.14 | wall=0.36 | search=2633 | target=none

[DEPOSIT] R2 deposited! Total: 21
  [PHERO] Laid at (0.26, -0.42) density=6 prob=0.65 entries=2
  [TARGET] R2 → SITE (0.26, -0.42)
  [GIVE-UP] R1 returned empty after 468 searching steps
  [TARGET] R1 → PHERO (0.26, -0.42)
[PICKUP] R2 picked up tag (density=4) | Total: 23
[DEPOSIT] R3 deposited! Total: 22
  [PHERO] Laid at (0.65, -0.16) density=5 prob=0.49 entries=3
  [TARGET] R3 → SITE (0.65, -0.16)

======================================================================
Step 10500 (5.6 min) | Pickups: 23 | Deposits: 22 | Rate: 3.93 tags/min | phero_entries=3 max_w=0.659
======================================================================
R1[SEARCH    ]: carry=0 | base=0.50 | wall=2.09 | search= 30 | target=phero(0.26,-0.42)
R2[SURVEY    ]: carry=1 | base=0.57 | wall=2.02 | search=  0 | target=none
R3[SITE      ]: carry=0 | base=0.34 | wall=2.17 | search=  0 | target=site(0.65,-0.16)
R4[SEARCH    ]: carry=0 | base=2.14 | wall=0.36 | search=3133 | target=none

[PICKUP] R1 picked up tag (density=3) | Total: 24
[PICKUP] R3 picked up tag (density=2) | Total: 25
[DEPOSIT] R2 deposited! Total: 23
  [TARGET] R2 → SITE (0.31, -0.45)

======================================================================
Step 11000 (5.9 min) | Pickups: 25 | Deposits: 23 | Rate: 3.92 tags/min | phero_entries=3 max_w=0.142
======================================================================
R1[RTB       ]: carry=1 | base=0.30 | wall=2.26 | search=  0 | target=none
R2[SEARCH    ]: carry=0 | base=0.51 | wall=2.10 | search=  1 | target=site(0.31,-0.45)
R3[RTB       ]: carry=1 | base=0.67 | wall=1.85 | search=  0 | target=none
R4[SEARCH    ]: carry=0 | base=2.14 | wall=0.37 | search=3633 | target=none

[DEPOSIT] R1 deposited! Total: 24
  [TARGET] R1 → SITE (0.30, -0.35)
[PICKUP] R2 picked up tag (density=1) | Total: 26
[DEPOSIT] R3 deposited! Total: 25
  [TARGET] R3 → SITE (0.62, -0.20)
[DEPOSIT] R2 deposited! Total: 26
  [TARGET] R2 → PHERO (0.65, -0.16)

======================================================================
Step 11500 (6.1 min) | Pickups: 26 | Deposits: 26 | Rate: 4.24 tags/min | phero_entries=3 max_w=0.031
======================================================================
R1[SEARCH    ]: carry=0 | base=0.46 | wall=2.12 | search=309 | target=site(0.30,-0.35)
R2[BASE_ESC  ]: carry=0 | base=0.22 | wall=2.31 | search=  0 | target=phero(0.65,-0.16)
R3[SEARCH    ]: carry=0 | base=0.70 | wall=1.84 | search=121 | target=site(0.62,-0.20)
R4[SEARCH    ]: carry=0 | base=2.13 | wall=0.37 | search=4133 | target=none

  [GIVE-UP] R3 returned empty after 156 searching steps
  [TARGET] R3 → PHERO (0.65, -0.16)
  [GIVE-UP] R2 returned empty after 156 searching steps
  [TARGET] R2 → PHERO (0.65, -0.16)

======================================================================
Step 12000 (6.4 min) | Pickups: 26 | Deposits: 26 | Rate: 4.06 tags/min | phero_entries=2 max_w=0.007
======================================================================
R1[SEARCH    ]: carry=0 | base=0.58 | wall=1.92 | search=809 | target=site(0.30,-0.35)
R2[BASE_ESC  ]: carry=0 | base=0.22 | wall=2.28 | search=  0 | target=phero(0.65,-0.16)
R3[SEARCH    ]: carry=0 | base=0.68 | wall=1.83 | search= 32 | target=phero(0.65,-0.16)
R4[SEARCH    ]: carry=0 | base=2.12 | wall=0.38 | search=4633 | target=none


======================================================================
Step 12500 (6.7 min) | Pickups: 26 | Deposits: 26 | Rate: 3.90 tags/min | phero_entries=1 max_w=0.001
======================================================================
R1[SEARCH    ]: carry=0 | base=0.73 | wall=1.77 | search=1309 | target=site(0.30,-0.35)
R2[SEARCH    ]: carry=0 | base=0.71 | wall=1.85 | search=294 | target=phero(0.65,-0.16)
R3[SEARCH    ]: carry=0 | base=0.35 | wall=2.15 | search=532 | target=phero(0.65,-0.16)
R4[SEARCH    ]: carry=0 | base=2.12 | wall=0.38 | search=5133 | target=none


======================================================================
Step 13000 (6.9 min) | Pickups: 26 | Deposits: 26 | Rate: 3.75 tags/min | phero_entries=0 max_w=0.000
======================================================================
R1[SEARCH    ]: carry=0 | base=0.79 | wall=1.79 | search=1809 | target=site(0.30,-0.35)
R2[SEARCH    ]: carry=0 | base=0.71 | wall=1.79 | search=794 | target=phero(0.65,-0.16)
R3[GIVE_UP   ]: carry=0 | base=0.47 | wall=2.06 | search=936 | target=none
R4[GIVE_UP   ]: carry=0 | base=1.00 | wall=1.50 | search=5304 | target=none

  [GIVE-UP] R3 returned empty after 936 searching steps
  [TARGET] R3 → WALL (-2.03, -2.42)
  [GIVE-UP] R4 returned empty after 5304 searching steps
  [TARGET] R4 → WALL (1.33, 2.42)
  [GIVE-UP] R1 returned empty after 1872 searching steps
  [TARGET] R1 → WALL (2.42, 1.18)

======================================================================
Step 13500 (7.2 min) | Pickups: 26 | Deposits: 26 | Rate: 3.61 tags/min | phero_entries=0 max_w=0.000
======================================================================
R1[SEARCH    ]: carry=0 | base=0.89 | wall=1.68 | search= 22 | target=none
R2[SEARCH    ]: carry=0 | base=0.92 | wall=1.58 | search=1294 | target=phero(0.65,-0.16)
R3[SEARCH    ]: carry=0 | base=0.28 | wall=2.23 | search=119 | target=none
R4[DEPART    ]: carry=0 | base=0.26 | wall=2.30 | search=  0 | target=none

[PICKUP] R1 picked up tag (density=12) | Total: 27

======================================================================
Step 14000 (7.5 min) | Pickups: 27 | Deposits: 26 | Rate: 3.48 tags/min | phero_entries=0 max_w=0.000
======================================================================
R1[RTB       ]: carry=1 | base=0.92 | wall=1.59 | search=  0 | target=none
R2[SEARCH    ]: carry=0 | base=1.29 | wall=1.23 | search=1794 | target=phero(0.65,-0.16)
R3[BASE_ESC  ]: carry=0 | base=0.24 | wall=2.28 | search=619 | target=none
R4[SEARCH    ]: carry=0 | base=0.27 | wall=2.29 | search=264 | target=none

  [GIVE-UP] R4 returned empty after 312 searching steps
  [TARGET] R4 → WALL (-0.96, 2.42)
[DEPOSIT] R1 deposited! Total: 27
  [PHERO] Laid at (1.08, 0.28) density=12 prob=0.99 entries=1
  [TARGET] R1 → SITE (1.08, 0.28)
[PICKUP] R2 picked up tag (density=11) | Total: 28

======================================================================
Step 14500 (7.7 min) | Pickups: 28 | Deposits: 27 | Rate: 3.49 tags/min | phero_entries=1 max_w=0.369
======================================================================
R1[SITE      ]: carry=0 | base=0.99 | wall=1.54 | search=  0 | target=site(1.08,0.28)
R2[RTB       ]: carry=1 | base=1.54 | wall=0.96 | search=  0 | target=none
R3[SEARCH    ]: carry=0 | base=0.26 | wall=2.26 | search=1119 | target=none
R4[SEARCH    ]: carry=0 | base=1.43 | wall=1.17 | search=  4 | target=none

[PICKUP] R1 picked up tag (density=10) | Total: 29
[DEPOSIT] R2 deposited! Total: 28
  [PHERO] Laid at (1.49, -0.10) density=11 prob=0.98 entries=2
  [TARGET] R2 → SITE (1.49, -0.10)

======================================================================
Step 15000 (8.0 min) | Pickups: 29 | Deposits: 28 | Rate: 3.50 tags/min | phero_entries=2 max_w=0.782
======================================================================
R1[RTB       ]: carry=1 | base=1.06 | wall=1.45 | search=  0 | target=none
R2[BASE_ESC  ]: carry=0 | base=0.22 | wall=2.28 | search=  0 | target=site(1.49,-0.10)
R3[SEARCH    ]: carry=0 | base=0.79 | wall=1.80 | search=1619 | target=none
R4[SEARCH    ]: carry=0 | base=1.73 | wall=1.02 | search=504 | target=none

[DEPOSIT] R1 deposited! Total: 29
  [PHERO] Laid at (1.12, 0.27) density=10 prob=0.97 entries=3
  [TARGET] R1 → SITE (1.12, 0.27)

======================================================================
Step 15500 (8.3 min) | Pickups: 29 | Deposits: 29 | Rate: 3.51 tags/min | phero_entries=3 max_w=0.890
======================================================================
R1[BASE_ESC  ]: carry=0 | base=0.22 | wall=2.28 | search=  0 | target=site(1.12,0.27)
R2[SITE      ]: carry=0 | base=0.59 | wall=1.92 | search=  0 | target=site(1.49,-0.10)
R3[GIVE_UP   ]: carry=0 | base=0.80 | wall=1.93 | search=2028 | target=none
R4[SEARCH    ]: carry=0 | base=1.14 | wall=1.56 | search=1004 | target=none

[PICKUP] R2 picked up tag (density=9) | Total: 30
  [GIVE-UP] R3 returned empty after 2028 searching steps
  [TARGET] R3 → PHERO (1.12, 0.27)

======================================================================
Step 16000 (8.5 min) | Pickups: 30 | Deposits: 29 | Rate: 3.40 tags/min | phero_entries=3 max_w=0.192
======================================================================
R1[SEARCH    ]: carry=0 | base=1.10 | wall=1.45 | search=202 | target=site(1.12,0.27)
R2[RTB       ]: carry=1 | base=0.93 | wall=1.57 | search=  0 | target=none
R3[PHERO     ]: carry=0 | base=0.37 | wall=2.23 | search=  0 | target=phero(1.12,0.27)
R4[SEARCH    ]: carry=0 | base=1.07 | wall=1.43 | search=1504 | target=none

[DEPOSIT] R2 deposited! Total: 30
  [PHERO] Laid at (1.09, -0.08) density=9 prob=0.93 entries=4
  [TARGET] R2 → SITE (1.09, -0.08)
[PICKUP] R3 picked up tag (density=8) | Total: 31

======================================================================
Step 16500 (8.8 min) | Pickups: 31 | Deposits: 30 | Rate: 3.41 tags/min | phero_entries=3 max_w=0.372
======================================================================
R1[SEARCH    ]: carry=0 | base=1.13 | wall=1.44 | search=702 | target=site(1.12,0.27)
R2[SITE      ]: carry=0 | base=0.97 | wall=1.53 | search=  0 | target=site(1.09,-0.08)
R3[RTB       ]: carry=1 | base=1.24 | wall=1.29 | search=  0 | target=none
R4[SEARCH    ]: carry=0 | base=1.25 | wall=1.30 | search=2004 | target=none

[PICKUP] R2 picked up tag (density=7) | Total: 32
[DEPOSIT] R3 deposited! Total: 31
  [PHERO] Laid at (1.15, 0.28) density=8 prob=0.87 entries=4
  [TARGET] R3 → SITE (1.15, 0.28)
  [GIVE-UP] R1 returned empty after 936 searching steps
  [TARGET] R1 → PHERO (1.15, 0.28)

======================================================================
Step 17000 (9.1 min) | Pickups: 32 | Deposits: 31 | Rate: 3.42 tags/min | phero_entries=4 max_w=0.622
======================================================================
R1[BASE_ESC  ]: carry=0 | base=0.22 | wall=2.32 | search=  0 | target=phero(1.15,0.28)
R2[RTB       ]: carry=1 | base=0.74 | wall=1.77 | search=  0 | target=none
R3[SITE      ]: carry=0 | base=0.37 | wall=2.13 | search=  0 | target=site(1.15,0.28)
R4[SEARCH    ]: carry=0 | base=1.14 | wall=1.41 | search=2504 | target=none

[DEPOSIT] R2 deposited! Total: 32
  [PHERO] Laid at (1.13, -0.05) density=7 prob=0.78 entries=5
  [TARGET] R2 → SITE (1.13, -0.05)
[PICKUP] R3 picked up tag (density=6) | Total: 33

======================================================================
Step 17500 (9.3 min) | Pickups: 33 | Deposits: 32 | Rate: 3.43 tags/min | phero_entries=4 max_w=0.320
======================================================================
R1[SEARCH    ]: carry=0 | base=1.12 | wall=1.40 | search=160 | target=phero(1.15,0.28)
R2[SEARCH    ]: carry=0 | base=1.11 | wall=1.39 | search= 23 | target=site(1.13,-0.05)
R3[RTB       ]: carry=1 | base=1.22 | wall=1.29 | search=  0 | target=none
R4[GIVE_UP   ]: carry=0 | base=0.94 | wall=1.60 | search=2964 | target=none

  [GIVE-UP] R4 returned empty after 2964 searching steps
  [TARGET] R4 → PHERO (1.15, 0.28)
[DEPOSIT] R3 deposited! Total: 33
  [PHERO] Laid at (1.17, 0.23) density=6 prob=0.65 entries=4
  [TARGET] R3 → SITE (1.17, 0.23)
  [GIVE-UP] R1 returned empty after 312 searching steps
  [TARGET] R1 → PHERO (1.17, 0.23)

======================================================================
Step 18000 (9.6 min) | Pickups: 33 | Deposits: 33 | Rate: 3.44 tags/min | phero_entries=4 max_w=0.663
======================================================================
R1[BASE_ESC  ]: carry=0 | base=0.22 | wall=2.30 | search=  0 | target=phero(1.17,0.23)
R2[SEARCH    ]: carry=0 | base=1.10 | wall=1.47 | search=523 | target=site(1.13,-0.05)
R3[SITE      ]: carry=0 | base=0.30 | wall=2.20 | search=  0 | target=site(1.17,0.23)
R4[PHERO     ]: carry=0 | base=0.73 | wall=1.84 | search=  0 | target=phero(1.15,0.28)

[PICKUP] R4 picked up tag (density=5) | Total: 34

======================================================================
Step 18500 (9.9 min) | Pickups: 34 | Deposits: 33 | Rate: 3.34 tags/min | phero_entries=3 max_w=0.143
======================================================================
R1[SEARCH    ]: carry=0 | base=1.20 | wall=1.34 | search=139 | target=phero(1.17,0.23)
R2[GIVE_UP   ]: carry=0 | base=0.51 | wall=2.14 | search=936 | target=none
R3[SEARCH    ]: carry=0 | base=1.05 | wall=1.50 | search=233 | target=site(1.17,0.23)
R4[SURVEY    ]: carry=1 | base=1.27 | wall=1.25 | search=  0 | target=none

  [GIVE-UP] R2 returned empty after 936 searching steps
  [TARGET] R2 → PHERO (1.17, 0.23)
TIMEOUT_RESULT pickups=34 deposits=33 steps=18750 elapsed_min=10.000000
BATCH_RESULT pickups=34 deposits=33
