=================================================================
CPFA BASELINE — ARGoS-calibrated parameters
  Params file                  = /home/sara/Documents/RL-FL-Foraging/cpfa_tuning_20260715_155549/trial_034/params.yaml
  Results file                 = /home/sara/Documents/RL-FL-Foraging/controllers/cpfa_baseline/results/cpfa_baseline_results_20260715_172839.txt
  RateOfLayingPheromone        = 6.749420609384757
  RateOfSiteFidelity           = 2.2759513786144985
  RateOfPheromoneDecay         = 0.05943648160102403 /s  (lifetime ~116s)
  ProbabilityOfReturningToNest = 0.03685320017246762 (every 5 sec → E[give-up] ~136s)
  UninformedSearchVariation    = 0.64 rad (36.7°)
  RateOfInformedSearchDecay    = 0.36226786974319336 /waypoint
  ProbabilityOfSwitchingToSearching = 0.3719752699286012 (every 5 sec in uninformed DEPARTING)
=================================================================

[PICKUP] R4 picked up tag (density=6) | Total: 1
[PICKUP] R3 picked up tag (density=9) | Total: 2
[DEPOSIT] R4 deposited! Total: 1
  [TARGET] R4 → SITE (0.00, -0.50)
[DEPOSIT] R3 deposited! Total: 2
  [PHERO] Laid at (0.18, 0.45) density=9 prob=0.85 entries=1
  [TARGET] R3 → SITE (0.18, 0.45)
[PICKUP] R4 picked up tag (density=5) | Total: 3
[PICKUP] R3 picked up tag (density=8) | Total: 4

======================================================================
Step 500 (0.3 min) | Pickups: 4 | Deposits: 2 | Rate: 7.50 tags/min | phero_entries=1 max_w=0.756
======================================================================
R1[SEARCH    ]: carry=0 | base=0.68 | wall=1.88 | search=251 | target=none
R2[SEARCH    ]: carry=0 | base=1.24 | wall=1.27 | search=344 | target=none
R3[SURVEY    ]: carry=1 | base=0.30 | wall=2.27 | search=  0 | target=none
R4[SURVEY    ]: carry=1 | base=0.35 | wall=2.18 | search=  0 | target=none

[PICKUP] R1 picked up tag (density=4) | Total: 5
[DEPOSIT] R4 deposited! Total: 3
  [TARGET] R4 → SITE (0.13, -0.31)
[DEPOSIT] R3 deposited! Total: 4
  [PHERO] Laid at (0.23, 0.19) density=8 prob=0.76 entries=2
  [TARGET] R3 → SITE (0.23, 0.19)
[DEPOSIT] R1 deposited! Total: 5
  [TARGET] R1 → SITE (-0.07, -0.52)
[PICKUP] R4 picked up tag (density=3) | Total: 6

======================================================================
Step 1000 (0.5 min) | Pickups: 6 | Deposits: 5 | Rate: 9.38 tags/min | phero_entries=2 max_w=0.640
======================================================================
R1[BASE_ESC  ]: carry=0 | base=0.23 | wall=2.28 | search=  0 | target=site(-0.07,-0.52)
R2[SEARCH    ]: carry=0 | base=1.56 | wall=0.94 | search=844 | target=none
R3[SEARCH    ]: carry=0 | base=0.34 | wall=2.25 | search= 27 | target=site(0.23,0.19)
R4[SURVEY    ]: carry=1 | base=0.37 | wall=2.16 | search=  0 | target=none

[PICKUP] R3 picked up tag (density=7) | Total: 7
[DEPOSIT] R3 deposited! Total: 6
  [TARGET] R3 → SITE (0.26, 0.24)
[DEPOSIT] R4 deposited! Total: 7
  [PHERO] Laid at (0.16, -0.34) density=3 prob=0.10 entries=3
  [TARGET] R4 → PHERO (0.16, -0.34)

======================================================================
Step 1500 (0.8 min) | Pickups: 7 | Deposits: 7 | Rate: 8.75 tags/min | phero_entries=3 max_w=0.742
======================================================================
R1[SEARCH    ]: carry=0 | base=0.51 | wall=2.00 | search=303 | target=site(-0.07,-0.52)
R2[SEARCH    ]: carry=0 | base=2.14 | wall=0.36 | search=1344 | target=none
R3[SITE      ]: carry=0 | base=0.34 | wall=2.19 | search=  0 | target=site(0.26,0.24)
R4[PHERO     ]: carry=0 | base=0.31 | wall=2.25 | search=  0 | target=phero(0.16,-0.34)

[PICKUP] R3 picked up tag (density=6) | Total: 8
[PICKUP] R1 picked up tag (density=2) | Total: 9
[DEPOSIT] R3 deposited! Total: 8
  [PHERO] Laid at (0.31, 0.18) density=6 prob=0.49 entries=4
  [TARGET] R3 → SITE (0.31, 0.18)
[DEPOSIT] R1 deposited! Total: 9
  [TARGET] R1 → SITE (0.00, -0.54)

======================================================================
Step 2000 (1.1 min) | Pickups: 9 | Deposits: 9 | Rate: 8.44 tags/min | phero_entries=4 max_w=0.746
======================================================================
R1[BASE_ESC  ]: carry=0 | base=0.23 | wall=2.28 | search=  0 | target=site(0.00,-0.54)
R2[SEARCH    ]: carry=0 | base=2.13 | wall=0.38 | search=1844 | target=none
R3[SITE      ]: carry=0 | base=0.30 | wall=2.20 | search=  0 | target=site(0.31,0.18)
R4[SEARCH    ]: carry=0 | base=0.32 | wall=2.21 | search=445 | target=phero(0.16,-0.34)


======================================================================
Step 2500 (1.3 min) | Pickups: 9 | Deposits: 9 | Rate: 6.75 tags/min | phero_entries=4 max_w=0.288
======================================================================
R1[SEARCH    ]: carry=0 | base=0.49 | wall=2.02 | search=307 | target=site(0.00,-0.54)
R2[SEARCH    ]: carry=0 | base=2.13 | wall=0.37 | search=2344 | target=none
R3[SEARCH    ]: carry=0 | base=0.45 | wall=2.05 | search=439 | target=site(0.31,0.18)
R4[SEARCH    ]: carry=0 | base=0.50 | wall=2.08 | search=945 | target=phero(0.16,-0.34)

[PICKUP] R1 picked up tag (density=1) | Total: 10

======================================================================
Step 3000 (1.6 min) | Pickups: 10 | Deposits: 9 | Rate: 5.62 tags/min | phero_entries=4 max_w=0.111
======================================================================
R1[RTB       ]: carry=1 | base=0.51 | wall=1.99 | search=  0 | target=none
R2[SEARCH    ]: carry=0 | base=2.15 | wall=0.36 | search=2844 | target=none
R3[SEARCH    ]: carry=0 | base=0.70 | wall=1.80 | search=939 | target=site(0.31,0.18)
R4[SEARCH    ]: carry=0 | base=0.68 | wall=1.94 | search=1445 | target=phero(0.16,-0.34)

[DEPOSIT] R1 deposited! Total: 10
  [TARGET] R1 → SITE (0.02, -0.55)

======================================================================
Step 3500 (1.9 min) | Pickups: 10 | Deposits: 10 | Rate: 5.36 tags/min | phero_entries=4 max_w=0.043
======================================================================
R1[SEARCH    ]: carry=0 | base=0.56 | wall=1.95 | search=200 | target=site(0.02,-0.55)
R2[WALL_ESC  ]: carry=0 | base=2.17 | wall=0.34 | search=3344 | target=none
R3[SEARCH    ]: carry=0 | base=1.45 | wall=1.15 | search=1439 | target=site(0.31,0.18)
R4[SEARCH    ]: carry=0 | base=0.64 | wall=1.86 | search=1945 | target=phero(0.16,-0.34)


======================================================================
Step 4000 (2.1 min) | Pickups: 10 | Deposits: 10 | Rate: 4.69 tags/min | phero_entries=3 max_w=0.017
======================================================================
R1[SEARCH    ]: carry=0 | base=0.60 | wall=1.90 | search=700 | target=site(0.02,-0.55)
R2[GIVE_UP   ]: carry=0 | base=1.56 | wall=0.95 | search=3588 | target=none
R3[GIVE_UP   ]: carry=0 | base=1.52 | wall=1.09 | search=1872 | target=none
R4[SEARCH    ]: carry=0 | base=0.95 | wall=1.60 | search=2445 | target=phero(0.16,-0.34)

[PICKUP] R3 picked up tag (density=5) | Total: 11
  [GIVE-UP] R2 returned empty after 3588 searching steps
  [TARGET] R2 → PHERO (0.31, 0.18)

======================================================================
Step 4500 (2.4 min) | Pickups: 11 | Deposits: 10 | Rate: 4.17 tags/min | phero_entries=2 max_w=0.006
======================================================================
R1[SEARCH    ]: carry=0 | base=0.51 | wall=2.00 | search=1200 | target=site(0.02,-0.55)
R2[PHERO     ]: carry=0 | base=0.28 | wall=2.23 | search=  0 | target=phero(0.31,0.18)
R3[RTB       ]: carry=1 | base=0.69 | wall=1.85 | search=  0 | target=none
R4[SEARCH    ]: carry=0 | base=1.86 | wall=0.66 | search=2945 | target=phero(0.16,-0.34)

[DEPOSIT] R3 deposited! Total: 11
  [PHERO] Laid at (0.63, 0.25) density=5 prob=0.33 entries=3
  [TARGET] R3 → PHERO (0.63, 0.25)
[PICKUP] R2 picked up tag (density=4) | Total: 12

======================================================================
Step 5000 (2.7 min) | Pickups: 12 | Deposits: 11 | Rate: 4.12 tags/min | phero_entries=2 max_w=0.553
======================================================================
R1[GIVE_UP   ]: carry=0 | base=0.88 | wall=1.70 | search=1560 | target=none
R2[SURVEY    ]: carry=1 | base=0.42 | wall=2.14 | search=  0 | target=none
R3[SEARCH    ]: carry=0 | base=0.71 | wall=1.84 | search= 71 | target=phero(0.63,0.25)
R4[GIVE_UP   ]: carry=0 | base=0.86 | wall=1.64 | search=3120 | target=none

[PICKUP] R1 picked up tag (density=3) | Total: 13
  [GIVE-UP] R4 returned empty after 3120 searching steps
  [TARGET] R4 → PHERO (0.63, 0.25)
[DEPOSIT] R2 deposited! Total: 12
  [TARGET] R2 → SITE (0.36, 0.23)

======================================================================
Step 5500 (2.9 min) | Pickups: 13 | Deposits: 12 | Rate: 4.09 tags/min | phero_entries=1 max_w=0.214
======================================================================
R1[RTB       ]: carry=1 | base=0.37 | wall=2.15 | search=  0 | target=none
R2[SITE      ]: carry=0 | base=0.35 | wall=2.15 | search=  0 | target=site(0.36,0.23)
R3[SEARCH    ]: carry=0 | base=0.83 | wall=1.73 | search=571 | target=phero(0.63,0.25)
R4[PHERO     ]: carry=0 | base=0.58 | wall=1.94 | search=  0 | target=phero(0.63,0.25)

[DEPOSIT] R1 deposited! Total: 13
  [TARGET] R1 → PHERO (0.63, 0.25)
[PICKUP] R3 picked up tag (density=2) | Total: 14

======================================================================
Step 6000 (3.2 min) | Pickups: 14 | Deposits: 13 | Rate: 4.06 tags/min | phero_entries=1 max_w=0.083
======================================================================
R1[SEARCH    ]: carry=0 | base=0.54 | wall=1.98 | search=243 | target=phero(0.63,0.25)
R2[SEARCH    ]: carry=0 | base=0.51 | wall=2.00 | search=451 | target=site(0.36,0.23)
R3[RTB       ]: carry=1 | base=0.66 | wall=1.87 | search=  0 | target=none
R4[SEARCH    ]: carry=0 | base=0.74 | wall=1.82 | search=484 | target=phero(0.63,0.25)

[DEPOSIT] R3 deposited! Total: 14
  [TARGET] R3 → PHERO (0.63, 0.25)

======================================================================
Step 6500 (3.5 min) | Pickups: 14 | Deposits: 14 | Rate: 4.04 tags/min | phero_entries=1 max_w=0.032
======================================================================
R1[SEARCH    ]: carry=0 | base=0.83 | wall=1.68 | search=743 | target=phero(0.63,0.25)
R2[SEARCH    ]: carry=0 | base=0.40 | wall=2.11 | search=951 | target=site(0.36,0.23)
R3[SEARCH    ]: carry=0 | base=0.64 | wall=1.92 | search= 71 | target=phero(0.63,0.25)
R4[SEARCH    ]: carry=0 | base=1.00 | wall=1.60 | search=984 | target=phero(0.63,0.25)

[PICKUP] R3 picked up tag (density=1) | Total: 15

======================================================================
Step 7000 (3.7 min) | Pickups: 15 | Deposits: 14 | Rate: 3.75 tags/min | phero_entries=1 max_w=0.012
======================================================================
R1[SEARCH    ]: carry=0 | base=0.70 | wall=1.87 | search=1243 | target=phero(0.63,0.25)
R2[SEARCH    ]: carry=0 | base=1.18 | wall=1.56 | search=1451 | target=site(0.36,0.23)
R3[SURVEY    ]: carry=1 | base=0.69 | wall=1.95 | search=  0 | target=none
R4[SEARCH    ]: carry=0 | base=1.62 | wall=1.16 | search=1484 | target=phero(0.63,0.25)

[DEPOSIT] R3 deposited! Total: 15
  [TARGET] R3 → PHERO (0.63, 0.25)

======================================================================
Step 7500 (4.0 min) | Pickups: 15 | Deposits: 15 | Rate: 3.75 tags/min | phero_entries=1 max_w=0.005
======================================================================
R1[SEARCH    ]: carry=0 | base=0.97 | wall=1.54 | search=1743 | target=phero(0.63,0.25)
R2[SEARCH    ]: carry=0 | base=1.14 | wall=1.50 | search=1951 | target=site(0.36,0.23)
R3[SEARCH    ]: carry=0 | base=0.72 | wall=1.83 | search= 74 | target=phero(0.63,0.25)
R4[SEARCH    ]: carry=0 | base=1.59 | wall=1.16 | search=1984 | target=phero(0.63,0.25)


======================================================================
Step 8000 (4.3 min) | Pickups: 15 | Deposits: 15 | Rate: 3.52 tags/min | phero_entries=1 max_w=0.002
======================================================================
R1[SEARCH    ]: carry=0 | base=1.30 | wall=1.51 | search=2243 | target=phero(0.63,0.25)
R2[SEARCH    ]: carry=0 | base=1.06 | wall=1.50 | search=2451 | target=site(0.36,0.23)
R3[SEARCH    ]: carry=0 | base=0.73 | wall=1.78 | search=574 | target=phero(0.63,0.25)
R4[SEARCH    ]: carry=0 | base=1.81 | wall=0.77 | search=2484 | target=phero(0.63,0.25)

[PICKUP] R4 picked up tag (density=16) | Total: 16
  [GIVE-UP] R2 returned empty after 2496 searching steps
  [TARGET] R2 → PHERO (0.63, 0.25)

======================================================================
Step 8500 (4.5 min) | Pickups: 16 | Deposits: 15 | Rate: 3.31 tags/min | phero_entries=0 max_w=0.000
======================================================================
R1[SEARCH    ]: carry=0 | base=1.91 | wall=0.71 | search=2743 | target=phero(0.63,0.25)
R2[PHERO     ]: carry=0 | base=0.31 | wall=2.19 | search=  0 | target=phero(0.63,0.25)
R3[SEARCH    ]: carry=0 | base=0.52 | wall=2.03 | search=1074 | target=phero(0.63,0.25)
R4[RTB       ]: carry=1 | base=1.47 | wall=1.06 | search=  0 | target=none

[DEPOSIT] R4 deposited! Total: 16
  [PHERO] Laid at (1.79, 0.42) density=16 prob=1.00 entries=1
  [TARGET] R4 → SITE (1.79, 0.42)

======================================================================
Step 9000 (4.8 min) | Pickups: 16 | Deposits: 16 | Rate: 3.33 tags/min | phero_entries=1 max_w=0.706
======================================================================
R1[SEARCH    ]: carry=0 | base=1.55 | wall=1.09 | search=3243 | target=phero(0.63,0.25)
R2[SEARCH    ]: carry=0 | base=0.71 | wall=1.85 | search=342 | target=phero(0.63,0.25)
R3[SEARCH    ]: carry=0 | base=1.05 | wall=1.75 | search=1574 | target=phero(0.63,0.25)
R4[SITE      ]: carry=0 | base=0.48 | wall=2.02 | search=  0 | target=site(1.79,0.42)


======================================================================
Step 9500 (5.1 min) | Pickups: 16 | Deposits: 16 | Rate: 3.16 tags/min | phero_entries=1 max_w=0.273
======================================================================
R1[SEARCH    ]: carry=0 | base=2.14 | wall=0.94 | search=3743 | target=phero(0.63,0.25)
R2[SEARCH    ]: carry=0 | base=0.54 | wall=2.02 | search=842 | target=phero(0.63,0.25)
R3[SEARCH    ]: carry=0 | base=1.26 | wall=1.52 | search=2074 | target=phero(0.63,0.25)
R4[SEARCH    ]: carry=0 | base=1.74 | wall=0.79 | search=155 | target=site(1.79,0.42)


======================================================================
Step 10000 (5.3 min) | Pickups: 16 | Deposits: 16 | Rate: 3.00 tags/min | phero_entries=1 max_w=0.105
======================================================================
R1[SEARCH    ]: carry=0 | base=1.86 | wall=0.87 | search=4243 | target=phero(0.63,0.25)
R2[BASE_ESC  ]: carry=0 | base=0.23 | wall=2.30 | search=1342 | target=phero(0.63,0.25)
R3[SEARCH    ]: carry=0 | base=1.76 | wall=1.06 | search=2574 | target=phero(0.63,0.25)
R4[GIVE_UP   ]: carry=0 | base=1.52 | wall=1.02 | search=624 | target=none

  [GIVE-UP] R4 returned empty after 624 searching steps
  [TARGET] R4 → PHERO (1.79, 0.42)

======================================================================
Step 10500 (5.6 min) | Pickups: 16 | Deposits: 16 | Rate: 2.86 tags/min | phero_entries=1 max_w=0.041
======================================================================
R1[SEARCH    ]: carry=0 | base=1.36 | wall=1.41 | search=4743 | target=phero(0.63,0.25)
R2[SEARCH    ]: carry=0 | base=0.26 | wall=2.31 | search=1842 | target=phero(0.63,0.25)
R3[SEARCH    ]: carry=0 | base=1.09 | wall=1.70 | search=3074 | target=phero(0.63,0.25)
R4[PHERO     ]: carry=0 | base=0.44 | wall=2.07 | search=  0 | target=phero(1.79,0.42)


======================================================================
Step 11000 (5.9 min) | Pickups: 16 | Deposits: 16 | Rate: 2.73 tags/min | phero_entries=1 max_w=0.016
======================================================================
R1[GIVE_UP   ]: carry=0 | base=0.35 | wall=2.22 | search=4836 | target=none
R2[SEARCH    ]: carry=0 | base=0.25 | wall=2.26 | search=2342 | target=phero(0.63,0.25)
R3[SEARCH    ]: carry=0 | base=1.26 | wall=1.54 | search=3574 | target=phero(0.63,0.25)
R4[SEARCH    ]: carry=0 | base=1.77 | wall=0.80 | search=144 | target=phero(1.79,0.42)

  [GIVE-UP] R1 returned empty after 4836 searching steps
  [TARGET] R1 → PHERO (1.79, 0.42)
[PICKUP] R4 picked up tag (density=15) | Total: 17

======================================================================
Step 11500 (6.1 min) | Pickups: 17 | Deposits: 16 | Rate: 2.61 tags/min | phero_entries=1 max_w=0.006
======================================================================
R1[PHERO     ]: carry=0 | base=1.19 | wall=1.31 | search=  0 | target=phero(1.79,0.42)
R2[SEARCH    ]: carry=0 | base=0.40 | wall=2.15 | search=2842 | target=phero(0.63,0.25)
R3[SEARCH    ]: carry=0 | base=1.06 | wall=1.48 | search=4074 | target=phero(0.63,0.25)
R4[RTB       ]: carry=1 | base=1.54 | wall=1.01 | search=  0 | target=none

[DEPOSIT] R4 deposited! Total: 17
  [PHERO] Laid at (1.79, 0.56) density=15 prob=1.00 entries=2
  [TARGET] R4 → SITE (1.79, 0.56)
[PICKUP] R1 picked up tag (density=14) | Total: 18

======================================================================
Step 12000 (6.4 min) | Pickups: 18 | Deposits: 17 | Rate: 2.66 tags/min | phero_entries=2 max_w=0.732
======================================================================
R1[SURVEY    ]: carry=1 | base=1.89 | wall=0.69 | search=  0 | target=none
R2[SEARCH    ]: carry=0 | base=0.88 | wall=1.62 | search=3342 | target=phero(0.63,0.25)
R3[SEARCH    ]: carry=0 | base=1.08 | wall=1.50 | search=4574 | target=phero(0.63,0.25)
R4[SITE      ]: carry=0 | base=0.41 | wall=2.09 | search=  0 | target=site(1.79,0.56)

[PICKUP] R2 picked up tag (density=12) | Total: 19

======================================================================
Step 12500 (6.7 min) | Pickups: 19 | Deposits: 17 | Rate: 2.55 tags/min | phero_entries=1 max_w=0.283
======================================================================
R1[RTB       ]: carry=1 | base=0.56 | wall=1.96 | search=  0 | target=none
R2[RTB       ]: carry=1 | base=0.88 | wall=1.62 | search=  0 | target=none
R3[SEARCH    ]: carry=0 | base=1.88 | wall=1.14 | search=5074 | target=phero(0.63,0.25)
R4[SEARCH    ]: carry=0 | base=1.87 | wall=0.74 | search=110 | target=site(1.79,0.56)

[DEPOSIT] R1 deposited! Total: 18
  [PHERO] Laid at (1.80, 0.54) density=14 prob=1.00 entries=2
  [TARGET] R1 → SITE (1.80, 0.54)
[DEPOSIT] R2 deposited! Total: 19
  [PHERO] Laid at (-0.05, 1.09) density=12 prob=0.98 entries=3
  [TARGET] R2 → SITE (-0.05, 1.09)
[PICKUP] R4 picked up tag (density=13) | Total: 20

======================================================================
Step 13000 (6.9 min) | Pickups: 20 | Deposits: 19 | Rate: 2.74 tags/min | phero_entries=3 max_w=0.529
======================================================================
R1[SITE      ]: carry=0 | base=1.40 | wall=1.17 | search=  0 | target=site(1.80,0.54)
R2[SITE      ]: carry=0 | base=1.03 | wall=1.47 | search=  0 | target=site(-0.05,1.09)
R3[SEARCH    ]: carry=0 | base=2.84 | wall=0.35 | search=5574 | target=phero(0.63,0.25)
R4[SURVEY    ]: carry=1 | base=1.96 | wall=0.64 | search=  0 | target=none

[PICKUP] R2 picked up tag (density=11) | Total: 21

======================================================================
Step 13500 (7.2 min) | Pickups: 21 | Deposits: 19 | Rate: 2.64 tags/min | phero_entries=3 max_w=0.204
======================================================================
R1[SEARCH    ]: carry=0 | base=1.84 | wall=0.74 | search=387 | target=site(1.80,0.54)
R2[SURVEY    ]: carry=1 | base=1.19 | wall=1.31 | search=  0 | target=none
R3[SEARCH    ]: carry=0 | base=2.58 | wall=0.62 | search=6074 | target=phero(0.63,0.25)
R4[RTB       ]: carry=1 | base=0.91 | wall=1.62 | search=  0 | target=none

[DEPOSIT] R4 deposited! Total: 20
  [PHERO] Laid at (1.87, 0.59) density=13 prob=0.99 entries=4
  [TARGET] R4 → SITE (1.87, 0.59)
[DEPOSIT] R2 deposited! Total: 21
  [PHERO] Laid at (-0.03, 1.19) density=11 prob=0.96 entries=5
  [TARGET] R2 → SITE (-0.03, 1.19)

======================================================================
Step 14000 (7.5 min) | Pickups: 21 | Deposits: 21 | Rate: 2.81 tags/min | phero_entries=5 max_w=0.688
======================================================================
R1[SEARCH    ]: carry=0 | base=1.43 | wall=1.11 | search=887 | target=site(1.80,0.54)
R2[SITE      ]: carry=0 | base=0.52 | wall=1.99 | search=  0 | target=site(-0.03,1.19)
R3[SEARCH    ]: carry=0 | base=2.57 | wall=0.36 | search=6574 | target=phero(0.63,0.25)
R4[SITE      ]: carry=0 | base=1.05 | wall=1.51 | search=  0 | target=site(1.87,0.59)

[PICKUP] R4 picked up tag (density=12) | Total: 22
[PICKUP] R1 picked up tag (density=11) | Total: 23

======================================================================
Step 14500 (7.7 min) | Pickups: 23 | Deposits: 21 | Rate: 2.72 tags/min | phero_entries=5 max_w=0.266
======================================================================
R1[SURVEY    ]: carry=1 | base=1.83 | wall=0.68 | search=  0 | target=none
R2[SEARCH    ]: carry=0 | base=1.15 | wall=1.35 | search=335 | target=site(-0.03,1.19)
R3[SEARCH    ]: carry=0 | base=2.59 | wall=0.37 | search=7074 | target=phero(0.63,0.25)
R4[RTB       ]: carry=1 | base=2.03 | wall=0.56 | search=  0 | target=none


======================================================================
Step 15000 (8.0 min) | Pickups: 23 | Deposits: 21 | Rate: 2.62 tags/min | phero_entries=5 max_w=0.103
======================================================================
R1[RTB       ]: carry=1 | base=0.82 | wall=1.68 | search=  0 | target=none
R2[SEARCH    ]: carry=0 | base=1.34 | wall=1.16 | search=835 | target=site(-0.03,1.19)
R3[SEARCH    ]: carry=0 | base=2.64 | wall=0.38 | search=7574 | target=phero(0.63,0.25)
R4[RTB       ]: carry=1 | base=0.44 | wall=2.08 | search=  0 | target=none

[DEPOSIT] R4 deposited! Total: 22
  [PHERO] Laid at (1.92, 0.59) density=12 prob=0.98 entries=6
  [TARGET] R4 → SITE (1.92, 0.59)
[DEPOSIT] R1 deposited! Total: 23
  [PHERO] Laid at (1.81, 0.24) density=11 prob=0.96 entries=7
  [TARGET] R1 → SITE (1.81, 0.24)

======================================================================
Step 15500 (8.3 min) | Pickups: 23 | Deposits: 23 | Rate: 2.78 tags/min | phero_entries=6 max_w=0.514
======================================================================
R1[SITE      ]: carry=0 | base=1.13 | wall=1.38 | search=  0 | target=site(1.81,0.24)
R2[SEARCH    ]: carry=0 | base=1.62 | wall=0.90 | search=1335 | target=site(-0.03,1.19)
R3[WALL_ESC  ]: carry=0 | base=2.63 | wall=0.33 | search=8074 | target=phero(0.63,0.25)
R4[SITE      ]: carry=0 | base=1.52 | wall=1.05 | search=  0 | target=site(1.92,0.59)

[PICKUP] R4 picked up tag (density=10) | Total: 24

======================================================================
Step 16000 (8.5 min) | Pickups: 24 | Deposits: 23 | Rate: 2.70 tags/min | phero_entries=6 max_w=0.199
======================================================================
R1[SEARCH    ]: carry=0 | base=1.85 | wall=0.66 | search=332 | target=site(1.81,0.24)
R2[SEARCH    ]: carry=0 | base=2.13 | wall=0.37 | search=1835 | target=site(-0.03,1.19)
R3[GIVE_UP   ]: carry=0 | base=0.85 | wall=1.81 | search=8112 | target=none
R4[RTB       ]: carry=1 | base=1.95 | wall=0.61 | search=  0 | target=none

  [GIVE-UP] R3 returned empty after 8112 searching steps
  [TARGET] R3 → PHERO (1.81, 0.24)
[PICKUP] R1 picked up tag (density=9) | Total: 25
[DEPOSIT] R4 deposited! Total: 24
  [PHERO] Laid at (1.96, 0.62) density=10 prob=0.92 entries=5
  [TARGET] R4 → SITE (1.96, 0.62)

======================================================================
Step 16500 (8.8 min) | Pickups: 25 | Deposits: 24 | Rate: 2.73 tags/min | phero_entries=5 max_w=0.899
======================================================================
R1[SURVEY    ]: carry=1 | base=1.90 | wall=0.61 | search=  0 | target=none
R2[SEARCH    ]: carry=0 | base=2.13 | wall=0.37 | search=2335 | target=site(-0.03,1.19)
R3[PHERO     ]: carry=0 | base=0.94 | wall=1.59 | search=  0 | target=phero(1.81,0.24)
R4[BASE_ESC  ]: carry=0 | base=0.22 | wall=2.28 | search=  0 | target=site(1.96,0.62)


======================================================================
Step 17000 (9.1 min) | Pickups: 25 | Deposits: 24 | Rate: 2.65 tags/min | phero_entries=5 max_w=0.347
======================================================================
R1[RTB       ]: carry=1 | base=0.46 | wall=2.04 | search=  0 | target=none
R2[SEARCH    ]: carry=0 | base=2.13 | wall=0.37 | search=2835 | target=site(-0.03,1.19)
R3[SEARCH    ]: carry=0 | base=1.83 | wall=0.69 | search=277 | target=phero(1.81,0.24)
R4[SITE      ]: carry=0 | base=1.90 | wall=0.69 | search=  0 | target=site(1.96,0.62)

[DEPOSIT] R1 deposited! Total: 25
  [PHERO] Laid at (1.89, 0.24) density=9 prob=0.85 entries=6
  [TARGET] R1 → SITE (1.89, 0.24)
[PICKUP] R4 picked up tag (density=8) | Total: 26
[PICKUP] R3 picked up tag (density=7) | Total: 27

======================================================================
Step 17500 (9.3 min) | Pickups: 27 | Deposits: 25 | Rate: 2.68 tags/min | phero_entries=4 max_w=0.429
======================================================================
R1[SITE      ]: carry=0 | base=1.47 | wall=1.04 | search=  0 | target=site(1.89,0.24)
R2[SEARCH    ]: carry=0 | base=2.12 | wall=0.38 | search=3335 | target=site(-0.03,1.19)
R3[SURVEY    ]: carry=1 | base=1.91 | wall=0.62 | search=  0 | target=none
R4[RTB       ]: carry=1 | base=1.76 | wall=0.79 | search=  0 | target=none

[DEPOSIT] R4 deposited! Total: 26
  [TARGET] R4 → SITE (1.99, 0.58)

======================================================================
Step 18000 (9.6 min) | Pickups: 27 | Deposits: 26 | Rate: 2.71 tags/min | phero_entries=4 max_w=0.166
======================================================================
R1[SEARCH    ]: carry=0 | base=1.94 | wall=0.57 | search=400 | target=site(1.89,0.24)
R2[SEARCH    ]: carry=0 | base=2.12 | wall=0.39 | search=3835 | target=site(-0.03,1.19)
R3[RTB       ]: carry=1 | base=0.71 | wall=1.80 | search=  0 | target=none
R4[BASE_ESC  ]: carry=0 | base=0.25 | wall=2.25 | search=  0 | target=site(1.99,0.58)

[DEPOSIT] R3 deposited! Total: 27
  [PHERO] Laid at (1.88, 0.34) density=7 prob=0.64 entries=5
  [TARGET] R3 → SITE (1.88, 0.34)

======================================================================
Step 18500 (9.9 min) | Pickups: 27 | Deposits: 27 | Rate: 2.74 tags/min | phero_entries=5 max_w=0.563
======================================================================
R1[SEARCH    ]: carry=0 | base=1.55 | wall=1.01 | search=900 | target=site(1.89,0.24)
R2[SEARCH    ]: carry=0 | base=2.11 | wall=0.39 | search=4335 | target=site(-0.03,1.19)
R3[SITE      ]: carry=0 | base=0.92 | wall=1.58 | search=  0 | target=site(1.88,0.34)
R4[SITE      ]: carry=0 | base=1.81 | wall=0.76 | search=  0 | target=site(1.99,0.58)

TIMEOUT_RESULT pickups=27 deposits=27 steps=18750 elapsed_min=10.000000
BATCH_RESULT pickups=27 deposits=27
