=================================================================
CPFA BASELINE — ARGoS-calibrated parameters
  Params file                  = /home/sara/Documents/RL-FL-Foraging/cpfa_tuning_20260715_155549/trial_003/params.yaml
  Results file                 = /home/sara/Documents/RL-FL-Foraging/controllers/cpfa_baseline/results/cpfa_baseline_results_20260715_160355_12.txt
  RateOfLayingPheromone        = 10.527937603524286
  RateOfSiteFidelity           = 2.6039025411012306
  RateOfPheromoneDecay         = 0.1474530640032882 /s  (lifetime ~47s)
  ProbabilityOfReturningToNest = 0.007984751672891355 (every 5 sec → E[give-up] ~626s)
  UninformedSearchVariation    = 3.34 rad (191.3°)
  RateOfInformedSearchDecay    = 0.5702308211617767 /waypoint
  ProbabilityOfSwitchingToSearching = 0.9304414039052962 (every 5 sec in uninformed DEPARTING)
=================================================================

[PICKUP] R1 picked up tag (density=9) | Total: 1
[DEPOSIT] R1 deposited! Total: 1
  [PHERO] Laid at (-0.48, 0.05) density=9 prob=0.39 entries=1
  [TARGET] R1 → SITE (-0.48, 0.05)

======================================================================
Step 500 (0.3 min) | Pickups: 1 | Deposits: 1 | Rate: 3.75 tags/min | phero_entries=1 max_w=0.534
======================================================================
R1[SITE      ]: carry=0 | base=0.30 | wall=2.23 | search=  0 | target=site(-0.48,0.05)
R2[SEARCH    ]: carry=0 | base=0.89 | wall=1.62 | search=188 | target=none
R3[SEARCH    ]: carry=0 | base=0.78 | wall=1.91 | search=344 | target=none
R4[SEARCH    ]: carry=0 | base=0.41 | wall=2.09 | search=344 | target=none

[PICKUP] R1 picked up tag (density=8) | Total: 2
[DEPOSIT] R1 deposited! Total: 2
  [PHERO] Laid at (-0.28, 0.11) density=8 prob=0.28 entries=2
  [TARGET] R1 → SITE (-0.28, 0.11)
[PICKUP] R4 picked up tag (density=6) | Total: 3
[PICKUP] R3 picked up tag (density=5) | Total: 4

======================================================================
Step 1000 (0.5 min) | Pickups: 4 | Deposits: 2 | Rate: 3.75 tags/min | phero_entries=2 max_w=0.322
======================================================================
R1[SEARCH    ]: carry=0 | base=0.27 | wall=2.25 | search=241 | target=site(-0.28,0.11)
R2[SEARCH    ]: carry=0 | base=0.99 | wall=1.51 | search=688 | target=none
R3[SURVEY    ]: carry=1 | base=0.59 | wall=2.03 | search=  0 | target=none
R4[RTB       ]: carry=1 | base=0.50 | wall=2.00 | search=  0 | target=none

[DEPOSIT] R4 deposited! Total: 3
  [TARGET] R4 → SITE (0.49, 0.05)
[DEPOSIT] R3 deposited! Total: 4
  [TARGET] R3 → SITE (0.35, 0.47)
[PICKUP] R3 picked up tag (density=4) | Total: 5

======================================================================
Step 1500 (0.8 min) | Pickups: 5 | Deposits: 4 | Rate: 5.00 tags/min | phero_entries=2 max_w=0.030
======================================================================
R1[BASE_ESC  ]: carry=0 | base=0.24 | wall=2.27 | search=741 | target=site(-0.28,0.11)
R2[SEARCH    ]: carry=0 | base=0.87 | wall=1.64 | search=1188 | target=none
R3[SURVEY    ]: carry=1 | base=0.34 | wall=2.21 | search=  0 | target=none
R4[SEARCH    ]: carry=0 | base=0.43 | wall=2.08 | search=122 | target=site(0.49,0.05)

[DEPOSIT] R3 deposited! Total: 5
  [TARGET] R3 → SITE (0.29, 0.16)
[PICKUP] R3 picked up tag (density=3) | Total: 6

======================================================================
Step 2000 (1.1 min) | Pickups: 6 | Deposits: 5 | Rate: 4.69 tags/min | phero_entries=1 max_w=0.003
======================================================================
R1[SEARCH    ]: carry=0 | base=0.31 | wall=2.27 | search=1241 | target=site(-0.28,0.11)
R2[SEARCH    ]: carry=0 | base=0.95 | wall=1.57 | search=1688 | target=none
R3[SURVEY    ]: carry=1 | base=0.38 | wall=2.16 | search=  0 | target=none
R4[SEARCH    ]: carry=0 | base=0.31 | wall=2.25 | search=622 | target=site(0.49,0.05)

[DEPOSIT] R3 deposited! Total: 6
  [TARGET] R3 → SITE (0.34, 0.16)
  [GIVE-UP] R1 returned empty after 1404 searching steps
  [TARGET] R1 → WALL (2.42, -2.22)

======================================================================
Step 2500 (1.3 min) | Pickups: 6 | Deposits: 6 | Rate: 4.50 tags/min | phero_entries=0 max_w=0.000
======================================================================
R1[DEPART    ]: carry=0 | base=0.54 | wall=1.98 | search=  0 | target=none
R2[SEARCH    ]: carry=0 | base=1.11 | wall=1.49 | search=2188 | target=none
R3[SEARCH    ]: carry=0 | base=0.39 | wall=2.14 | search= 22 | target=site(0.34,0.16)
R4[SEARCH    ]: carry=0 | base=0.33 | wall=2.17 | search=1122 | target=site(0.49,0.05)


======================================================================
Step 3000 (1.6 min) | Pickups: 6 | Deposits: 6 | Rate: 3.75 tags/min | phero_entries=0 max_w=0.000
======================================================================
R1[SEARCH    ]: carry=0 | base=0.42 | wall=2.11 | search=477 | target=none
R2[SEARCH    ]: carry=0 | base=1.17 | wall=1.40 | search=2688 | target=none
R3[BASE_ESC  ]: carry=0 | base=0.24 | wall=2.30 | search=522 | target=site(0.34,0.16)
R4[SEARCH    ]: carry=0 | base=0.34 | wall=2.16 | search=1622 | target=site(0.49,0.05)

[PICKUP] R4 picked up tag (density=2) | Total: 7

======================================================================
Step 3500 (1.9 min) | Pickups: 7 | Deposits: 6 | Rate: 3.21 tags/min | phero_entries=0 max_w=0.000
======================================================================
R1[SEARCH    ]: carry=0 | base=0.54 | wall=1.99 | search=977 | target=none
R2[SEARCH    ]: carry=0 | base=1.15 | wall=1.53 | search=3188 | target=none
R3[SEARCH    ]: carry=0 | base=0.41 | wall=2.09 | search=1022 | target=site(0.34,0.16)
R4[SURVEY    ]: carry=1 | base=0.46 | wall=2.06 | search=  0 | target=none

[DEPOSIT] R4 deposited! Total: 7
  [TARGET] R4 → SITE (0.44, 0.15)

======================================================================
Step 4000 (2.1 min) | Pickups: 7 | Deposits: 7 | Rate: 3.28 tags/min | phero_entries=0 max_w=0.000
======================================================================
R1[SEARCH    ]: carry=0 | base=0.49 | wall=2.06 | search=1477 | target=none
R2[SEARCH    ]: carry=0 | base=1.41 | wall=1.36 | search=3688 | target=none
R3[SEARCH    ]: carry=0 | base=0.39 | wall=2.12 | search=1522 | target=site(0.34,0.16)
R4[SEARCH    ]: carry=0 | base=0.49 | wall=2.03 | search= 75 | target=site(0.44,0.15)


======================================================================
Step 4500 (2.4 min) | Pickups: 7 | Deposits: 7 | Rate: 2.92 tags/min | phero_entries=0 max_w=0.000
======================================================================
R1[SEARCH    ]: carry=0 | base=0.55 | wall=2.10 | search=1977 | target=none
R2[SEARCH    ]: carry=0 | base=1.38 | wall=1.42 | search=4188 | target=none
R3[SEARCH    ]: carry=0 | base=0.26 | wall=2.24 | search=2022 | target=site(0.34,0.16)
R4[SEARCH    ]: carry=0 | base=0.38 | wall=2.14 | search=575 | target=site(0.44,0.15)


======================================================================
Step 5000 (2.7 min) | Pickups: 7 | Deposits: 7 | Rate: 2.62 tags/min | phero_entries=0 max_w=0.000
======================================================================
R1[SEARCH    ]: carry=0 | base=0.67 | wall=1.99 | search=2477 | target=none
R2[SEARCH    ]: carry=0 | base=1.53 | wall=1.35 | search=4688 | target=none
R3[SEARCH    ]: carry=0 | base=0.30 | wall=2.24 | search=2522 | target=site(0.34,0.16)
R4[SEARCH    ]: carry=0 | base=0.63 | wall=1.90 | search=1075 | target=site(0.44,0.15)

[PICKUP] R2 picked up tag (density=12) | Total: 8

======================================================================
Step 5500 (2.9 min) | Pickups: 8 | Deposits: 7 | Rate: 2.39 tags/min | phero_entries=0 max_w=0.000
======================================================================
R1[SEARCH    ]: carry=0 | base=0.64 | wall=1.88 | search=2977 | target=none
R2[RTB       ]: carry=1 | base=1.10 | wall=1.62 | search=  0 | target=none
R3[BASE_ESC  ]: carry=0 | base=0.24 | wall=2.26 | search=3022 | target=site(0.34,0.16)
R4[SEARCH    ]: carry=0 | base=0.54 | wall=1.96 | search=1575 | target=site(0.44,0.15)

[DEPOSIT] R2 deposited! Total: 8
  [PHERO] Laid at (-1.26, -0.88) density=12 prob=0.74 entries=1
  [TARGET] R2 → SITE (-1.26, -0.88)

======================================================================
Step 6000 (3.2 min) | Pickups: 8 | Deposits: 8 | Rate: 2.50 tags/min | phero_entries=1 max_w=0.269
======================================================================
R1[SEARCH    ]: carry=0 | base=0.56 | wall=1.97 | search=3477 | target=none
R2[SITE      ]: carry=0 | base=0.84 | wall=1.78 | search=  0 | target=site(-1.26,-0.88)
R3[SEARCH    ]: carry=0 | base=0.50 | wall=2.00 | search=3522 | target=site(0.34,0.16)
R4[SEARCH    ]: carry=0 | base=0.34 | wall=2.16 | search=2075 | target=site(0.44,0.15)

[PICKUP] R2 picked up tag (density=11) | Total: 9
[DEPOSIT] R2 deposited! Total: 9
  [PHERO] Laid at (-0.86, -0.55) density=11 prob=0.64 entries=2
  [TARGET] R2 → SITE (-0.86, -0.55)

======================================================================
Step 6500 (3.5 min) | Pickups: 9 | Deposits: 9 | Rate: 2.60 tags/min | phero_entries=2 max_w=0.977
======================================================================
R1[SEARCH    ]: carry=0 | base=0.84 | wall=1.68 | search=3977 | target=none
R2[BASE_ESC  ]: carry=0 | base=0.23 | wall=2.31 | search=  0 | target=site(-0.86,-0.55)
R3[SEARCH    ]: carry=0 | base=0.51 | wall=2.04 | search=4022 | target=site(0.34,0.16)
R4[SEARCH    ]: carry=0 | base=0.58 | wall=1.93 | search=2575 | target=site(0.44,0.15)


======================================================================
Step 7000 (3.7 min) | Pickups: 9 | Deposits: 9 | Rate: 2.41 tags/min | phero_entries=2 max_w=0.092
======================================================================
R1[SEARCH    ]: carry=0 | base=1.08 | wall=1.52 | search=4477 | target=none
R2[SEARCH    ]: carry=0 | base=0.95 | wall=1.74 | search=188 | target=site(-0.86,-0.55)
R3[SEARCH    ]: carry=0 | base=0.63 | wall=1.95 | search=4522 | target=site(0.34,0.16)
R4[SEARCH    ]: carry=0 | base=0.44 | wall=2.07 | search=3075 | target=site(0.44,0.15)

[PICKUP] R3 picked up tag (density=1) | Total: 10

======================================================================
Step 7500 (4.0 min) | Pickups: 10 | Deposits: 9 | Rate: 2.25 tags/min | phero_entries=1 max_w=0.009
======================================================================
R1[SEARCH    ]: carry=0 | base=0.84 | wall=1.72 | search=4977 | target=none
R2[SEARCH    ]: carry=0 | base=0.94 | wall=1.81 | search=688 | target=site(-0.86,-0.55)
R3[RTB       ]: carry=1 | base=0.48 | wall=2.11 | search=  0 | target=none
R4[BASE_ESC  ]: carry=0 | base=0.25 | wall=2.26 | search=3575 | target=site(0.44,0.15)

[DEPOSIT] R3 deposited! Total: 10
  [TARGET] R3 → PHERO (-0.86, -0.55)

======================================================================
Step 8000 (4.3 min) | Pickups: 10 | Deposits: 10 | Rate: 2.34 tags/min | phero_entries=0 max_w=0.000
======================================================================
R1[SEARCH    ]: carry=0 | base=0.78 | wall=1.73 | search=5477 | target=none
R2[SEARCH    ]: carry=0 | base=1.08 | wall=1.58 | search=1188 | target=site(-0.86,-0.55)
R3[PHERO     ]: carry=0 | base=0.31 | wall=2.19 | search=  0 | target=phero(-0.86,-0.55)
R4[SEARCH    ]: carry=0 | base=0.34 | wall=2.17 | search=4075 | target=site(0.44,0.15)


======================================================================
Step 8500 (4.5 min) | Pickups: 10 | Deposits: 10 | Rate: 2.21 tags/min | phero_entries=0 max_w=0.000
======================================================================
R1[SEARCH    ]: carry=0 | base=0.85 | wall=1.66 | search=5977 | target=none
R2[SEARCH    ]: carry=0 | base=1.23 | wall=1.40 | search=1688 | target=site(-0.86,-0.55)
R3[SEARCH    ]: carry=0 | base=0.91 | wall=1.74 | search=286 | target=phero(-0.86,-0.55)
R4[SEARCH    ]: carry=0 | base=0.46 | wall=2.07 | search=4575 | target=site(0.44,0.15)


======================================================================
Step 9000 (4.8 min) | Pickups: 10 | Deposits: 10 | Rate: 2.08 tags/min | phero_entries=0 max_w=0.000
======================================================================
R1[SEARCH    ]: carry=0 | base=0.92 | wall=1.69 | search=6477 | target=none
R2[SEARCH    ]: carry=0 | base=1.12 | wall=1.50 | search=2188 | target=site(-0.86,-0.55)
R3[SEARCH    ]: carry=0 | base=0.74 | wall=1.96 | search=786 | target=phero(-0.86,-0.55)
R4[SEARCH    ]: carry=0 | base=0.32 | wall=2.18 | search=5075 | target=site(0.44,0.15)


======================================================================
Step 9500 (5.1 min) | Pickups: 10 | Deposits: 10 | Rate: 1.97 tags/min | phero_entries=0 max_w=0.000
======================================================================
R1[SEARCH    ]: carry=0 | base=1.11 | wall=1.51 | search=6977 | target=none
R2[SEARCH    ]: carry=0 | base=1.21 | wall=1.30 | search=2688 | target=site(-0.86,-0.55)
R3[SEARCH    ]: carry=0 | base=0.85 | wall=1.88 | search=1286 | target=phero(-0.86,-0.55)
R4[SEARCH    ]: carry=0 | base=0.32 | wall=2.19 | search=5575 | target=site(0.44,0.15)


======================================================================
Step 10000 (5.3 min) | Pickups: 10 | Deposits: 10 | Rate: 1.88 tags/min | phero_entries=0 max_w=0.000
======================================================================
R1[SEARCH    ]: carry=0 | base=1.04 | wall=1.56 | search=7477 | target=none
R2[SEARCH    ]: carry=0 | base=1.16 | wall=1.35 | search=3188 | target=site(-0.86,-0.55)
R3[SEARCH    ]: carry=0 | base=1.01 | wall=1.68 | search=1786 | target=phero(-0.86,-0.55)
R4[SEARCH    ]: carry=0 | base=0.45 | wall=2.06 | search=6075 | target=site(0.44,0.15)

[PICKUP] R3 picked up tag (density=10) | Total: 11

======================================================================
Step 10500 (5.6 min) | Pickups: 11 | Deposits: 10 | Rate: 1.79 tags/min | phero_entries=0 max_w=0.000
======================================================================
R1[SEARCH    ]: carry=0 | base=1.04 | wall=1.76 | search=7977 | target=none
R2[SEARCH    ]: carry=0 | base=1.24 | wall=1.26 | search=3688 | target=site(-0.86,-0.55)
R3[SURVEY    ]: carry=1 | base=1.06 | wall=1.60 | search=  0 | target=none
R4[SEARCH    ]: carry=0 | base=0.41 | wall=2.13 | search=6575 | target=site(0.44,0.15)

[DEPOSIT] R3 deposited! Total: 11
  [PHERO] Laid at (-0.89, -0.56) density=10 prob=0.52 entries=1
  [TARGET] R3 → SITE (-0.89, -0.56)

======================================================================
Step 11000 (5.9 min) | Pickups: 11 | Deposits: 11 | Rate: 1.88 tags/min | phero_entries=1 max_w=0.331
======================================================================
R1[SEARCH    ]: carry=0 | base=0.99 | wall=1.75 | search=8477 | target=none
R2[SEARCH    ]: carry=0 | base=1.37 | wall=1.17 | search=4188 | target=site(-0.86,-0.55)
R3[SITE      ]: carry=0 | base=0.67 | wall=1.97 | search=  0 | target=site(-0.89,-0.56)
R4[SEARCH    ]: carry=0 | base=0.30 | wall=2.20 | search=7075 | target=site(0.44,0.15)


======================================================================
Step 11500 (6.1 min) | Pickups: 11 | Deposits: 11 | Rate: 1.79 tags/min | phero_entries=1 max_w=0.031
======================================================================
R1[SEARCH    ]: carry=0 | base=0.86 | wall=1.83 | search=8977 | target=none
R2[SEARCH    ]: carry=0 | base=1.31 | wall=1.28 | search=4688 | target=site(-0.86,-0.55)
R3[SEARCH    ]: carry=0 | base=0.95 | wall=1.73 | search=411 | target=site(-0.89,-0.56)
R4[SEARCH    ]: carry=0 | base=0.32 | wall=2.18 | search=7575 | target=site(0.44,0.15)


======================================================================
Step 12000 (6.4 min) | Pickups: 11 | Deposits: 11 | Rate: 1.72 tags/min | phero_entries=1 max_w=0.003
======================================================================
R1[SEARCH    ]: carry=0 | base=0.96 | wall=1.79 | search=9477 | target=none
R2[SEARCH    ]: carry=0 | base=1.23 | wall=1.31 | search=5188 | target=site(-0.86,-0.55)
R3[SEARCH    ]: carry=0 | base=0.82 | wall=1.86 | search=911 | target=site(-0.89,-0.56)
R4[SEARCH    ]: carry=0 | base=0.27 | wall=2.29 | search=8075 | target=site(0.44,0.15)


======================================================================
Step 12500 (6.7 min) | Pickups: 11 | Deposits: 11 | Rate: 1.65 tags/min | phero_entries=0 max_w=0.000
======================================================================
R1[SEARCH    ]: carry=0 | base=1.32 | wall=1.44 | search=9977 | target=none
R2[SEARCH    ]: carry=0 | base=0.91 | wall=1.65 | search=5688 | target=site(-0.86,-0.55)
R3[SEARCH    ]: carry=0 | base=0.67 | wall=2.02 | search=1411 | target=site(-0.89,-0.56)
R4[SEARCH    ]: carry=0 | base=0.34 | wall=2.21 | search=8575 | target=site(0.44,0.15)


======================================================================
Step 13000 (6.9 min) | Pickups: 11 | Deposits: 11 | Rate: 1.59 tags/min | phero_entries=0 max_w=0.000
======================================================================
R1[SEARCH    ]: carry=0 | base=1.56 | wall=1.20 | search=10477 | target=none
R2[SEARCH    ]: carry=0 | base=0.96 | wall=1.61 | search=6188 | target=site(-0.86,-0.55)
R3[SEARCH    ]: carry=0 | base=0.77 | wall=1.87 | search=1911 | target=site(-0.89,-0.56)
R4[SEARCH    ]: carry=0 | base=0.34 | wall=2.23 | search=9075 | target=site(0.44,0.15)


======================================================================
Step 13500 (7.2 min) | Pickups: 11 | Deposits: 11 | Rate: 1.53 tags/min | phero_entries=0 max_w=0.000
======================================================================
R1[SEARCH    ]: carry=0 | base=1.59 | wall=1.33 | search=10977 | target=none
R2[SEARCH    ]: carry=0 | base=1.10 | wall=1.48 | search=6688 | target=site(-0.86,-0.55)
R3[SEARCH    ]: carry=0 | base=0.81 | wall=1.85 | search=2411 | target=site(-0.89,-0.56)
R4[SEARCH    ]: carry=0 | base=0.50 | wall=2.13 | search=9575 | target=site(0.44,0.15)

  [GIVE-UP] R2 returned empty after 6864 searching steps
  [TARGET] R2 → WALL (2.25, -2.42)

======================================================================
Step 14000 (7.5 min) | Pickups: 11 | Deposits: 11 | Rate: 1.47 tags/min | phero_entries=0 max_w=0.000
======================================================================
R1[SEARCH    ]: carry=0 | base=1.90 | wall=1.13 | search=11477 | target=none
R2[BASE_ESC  ]: carry=0 | base=0.22 | wall=2.32 | search=  0 | target=none
R3[SEARCH    ]: carry=0 | base=0.99 | wall=1.70 | search=2911 | target=site(-0.89,-0.56)
R4[SEARCH    ]: carry=0 | base=0.33 | wall=2.24 | search=10075 | target=site(0.44,0.15)


======================================================================
Step 14500 (7.7 min) | Pickups: 11 | Deposits: 11 | Rate: 1.42 tags/min | phero_entries=0 max_w=0.000
======================================================================
R1[SEARCH    ]: carry=0 | base=1.99 | wall=0.98 | search=11977 | target=none
R2[SEARCH    ]: carry=0 | base=0.50 | wall=2.02 | search=274 | target=none
R3[SEARCH    ]: carry=0 | base=0.89 | wall=1.71 | search=3411 | target=site(-0.89,-0.56)
R4[SEARCH    ]: carry=0 | base=0.56 | wall=2.03 | search=10575 | target=site(0.44,0.15)


======================================================================
Step 15000 (8.0 min) | Pickups: 11 | Deposits: 11 | Rate: 1.38 tags/min | phero_entries=0 max_w=0.000
======================================================================
R1[SEARCH    ]: carry=0 | base=2.20 | wall=0.84 | search=12477 | target=none
R2[SEARCH    ]: carry=0 | base=0.39 | wall=2.13 | search=774 | target=none
R3[SEARCH    ]: carry=0 | base=0.60 | wall=2.00 | search=3911 | target=site(-0.89,-0.56)
R4[SEARCH    ]: carry=0 | base=0.50 | wall=2.04 | search=11075 | target=site(0.44,0.15)


======================================================================
Step 15500 (8.3 min) | Pickups: 11 | Deposits: 11 | Rate: 1.33 tags/min | phero_entries=0 max_w=0.000
======================================================================
R1[SEARCH    ]: carry=0 | base=2.48 | wall=0.67 | search=12977 | target=none
R2[SEARCH    ]: carry=0 | base=0.56 | wall=2.02 | search=1274 | target=none
R3[SEARCH    ]: carry=0 | base=0.56 | wall=2.02 | search=4411 | target=site(-0.89,-0.56)
R4[SEARCH    ]: carry=0 | base=0.46 | wall=2.10 | search=11575 | target=site(0.44,0.15)


======================================================================
Step 16000 (8.5 min) | Pickups: 11 | Deposits: 11 | Rate: 1.29 tags/min | phero_entries=0 max_w=0.000
======================================================================
R1[SEARCH    ]: carry=0 | base=2.60 | wall=0.53 | search=13477 | target=none
R2[SEARCH    ]: carry=0 | base=0.59 | wall=2.07 | search=1774 | target=none
R3[SEARCH    ]: carry=0 | base=0.84 | wall=1.82 | search=4911 | target=site(-0.89,-0.56)
R4[SEARCH    ]: carry=0 | base=0.46 | wall=2.06 | search=12075 | target=site(0.44,0.15)


======================================================================
Step 16500 (8.8 min) | Pickups: 11 | Deposits: 11 | Rate: 1.25 tags/min | phero_entries=0 max_w=0.000
======================================================================
R1[SEARCH    ]: carry=0 | base=2.67 | wall=0.50 | search=13977 | target=none
R2[SEARCH    ]: carry=0 | base=0.70 | wall=1.94 | search=2274 | target=none
R3[SEARCH    ]: carry=0 | base=0.56 | wall=1.98 | search=5411 | target=site(-0.89,-0.56)
R4[SEARCH    ]: carry=0 | base=0.44 | wall=2.07 | search=12575 | target=site(0.44,0.15)


======================================================================
Step 17000 (9.1 min) | Pickups: 11 | Deposits: 11 | Rate: 1.21 tags/min | phero_entries=0 max_w=0.000
======================================================================
R1[WALL_ESC  ]: carry=0 | base=2.82 | wall=0.34 | search=14477 | target=none
R2[SEARCH    ]: carry=0 | base=0.74 | wall=1.89 | search=2774 | target=none
R3[SEARCH    ]: carry=0 | base=0.54 | wall=1.97 | search=5911 | target=site(-0.89,-0.56)
R4[SEARCH    ]: carry=0 | base=0.40 | wall=2.14 | search=13075 | target=site(0.44,0.15)


======================================================================
Step 17500 (9.3 min) | Pickups: 11 | Deposits: 11 | Rate: 1.18 tags/min | phero_entries=0 max_w=0.000
======================================================================
R1[SEARCH    ]: carry=0 | base=2.78 | wall=0.45 | search=14977 | target=none
R2[SEARCH    ]: carry=0 | base=0.74 | wall=1.85 | search=3274 | target=none
R3[SEARCH    ]: carry=0 | base=0.75 | wall=1.76 | search=6411 | target=site(-0.89,-0.56)
R4[SEARCH    ]: carry=0 | base=0.49 | wall=2.05 | search=13575 | target=site(0.44,0.15)


======================================================================
Step 18000 (9.6 min) | Pickups: 11 | Deposits: 11 | Rate: 1.15 tags/min | phero_entries=0 max_w=0.000
======================================================================
R1[SEARCH    ]: carry=0 | base=2.67 | wall=0.49 | search=15477 | target=none
R2[SEARCH    ]: carry=0 | base=0.58 | wall=2.07 | search=3774 | target=none
R3[SEARCH    ]: carry=0 | base=0.78 | wall=1.75 | search=6911 | target=site(-0.89,-0.56)
R4[SEARCH    ]: carry=0 | base=0.57 | wall=1.98 | search=14075 | target=site(0.44,0.15)


======================================================================
Step 18500 (9.9 min) | Pickups: 11 | Deposits: 11 | Rate: 1.11 tags/min | phero_entries=0 max_w=0.000
======================================================================
R1[SEARCH    ]: carry=0 | base=2.56 | wall=0.46 | search=15977 | target=none
R2[SEARCH    ]: carry=0 | base=0.66 | wall=1.93 | search=4274 | target=none
R3[SEARCH    ]: carry=0 | base=0.74 | wall=1.90 | search=7411 | target=site(-0.89,-0.56)
R4[SEARCH    ]: carry=0 | base=0.45 | wall=2.12 | search=14575 | target=site(0.44,0.15)

TIMEOUT_RESULT pickups=11 deposits=11 steps=18750 elapsed_min=10.000000
BATCH_RESULT pickups=11 deposits=11
