=================================================================
CPFA BASELINE — ARGoS-calibrated parameters
  Params file                  = /home/sara/Documents/RL-FL-Foraging/cpfa_tuning_20260715_155549/trial_004/params.yaml
  Results file                 = /home/sara/Documents/RL-FL-Foraging/controllers/cpfa_baseline/results/cpfa_baseline_results_20260715_160640.txt
  RateOfLayingPheromone        = 3.0000746392781066
  RateOfSiteFidelity           = 1.1419157844870185
  RateOfPheromoneDecay         = 0.0747636037327168 /s  (lifetime ~92s)
  ProbabilityOfReturningToNest = 0.08108968258667448 (every 5 sec → E[give-up] ~62s)
  UninformedSearchVariation    = 1.20 rad (68.8°)
  RateOfInformedSearchDecay    = 1.5490395920698299 /waypoint
  ProbabilityOfSwitchingToSearching = 0.5807642621173752 (every 5 sec in uninformed DEPARTING)
=================================================================

[PICKUP] R3 picked up tag (density=9) | Total: 1
[DEPOSIT] R3 deposited! Total: 1
  [PHERO] Laid at (0.00, 0.50) density=9 prob=1.00 entries=1
  [TARGET] R3 → SITE (0.00, 0.50)
[PICKUP] R3 picked up tag (density=8) | Total: 2

======================================================================
Step 500 (0.3 min) | Pickups: 2 | Deposits: 1 | Rate: 3.75 tags/min | phero_entries=1 max_w=0.592
======================================================================
R1[BASE_ESC  ]: carry=0 | base=0.24 | wall=2.27 | search=279 | target=none
R2[SEARCH    ]: carry=0 | base=0.96 | wall=1.59 | search=344 | target=none
R3[SURVEY    ]: carry=1 | base=0.35 | wall=2.18 | search=  0 | target=none
R4[SEARCH    ]: carry=0 | base=1.68 | wall=1.24 | search=188 | target=none

[DEPOSIT] R3 deposited! Total: 2
  [PHERO] Laid at (0.13, 0.31) density=8 prob=1.00 entries=2
  [TARGET] R3 → SITE (0.13, 0.31)
[PICKUP] R3 picked up tag (density=7) | Total: 3

======================================================================
Step 1000 (0.5 min) | Pickups: 3 | Deposits: 2 | Rate: 3.75 tags/min | phero_entries=2 max_w=0.560
======================================================================
R1[SEARCH    ]: carry=0 | base=0.32 | wall=2.18 | search=779 | target=none
R2[SEARCH    ]: carry=0 | base=0.96 | wall=1.80 | search=844 | target=none
R3[SURVEY    ]: carry=1 | base=0.36 | wall=2.19 | search=  0 | target=none
R4[SEARCH    ]: carry=0 | base=1.46 | wall=1.27 | search=688 | target=none

[DEPOSIT] R3 deposited! Total: 3
  [PHERO] Laid at (0.18, 0.31) density=7 prob=0.99 entries=3
  [TARGET] R3 → SITE (0.18, 0.31)

======================================================================
Step 1500 (0.8 min) | Pickups: 3 | Deposits: 3 | Rate: 3.75 tags/min | phero_entries=3 max_w=0.595
======================================================================
R1[SEARCH    ]: carry=0 | base=0.26 | wall=2.30 | search=1279 | target=none
R2[SEARCH    ]: carry=0 | base=1.13 | wall=1.45 | search=1344 | target=none
R3[SEARCH    ]: carry=0 | base=0.38 | wall=2.19 | search=  8 | target=site(0.18,0.31)
R4[GIVE_UP   ]: carry=0 | base=1.28 | wall=1.41 | search=1092 | target=none

[PICKUP] R4 picked up tag (density=6) | Total: 4
  [GIVE-UP] R3 returned empty after 156 searching steps
  [TARGET] R3 → PHERO (0.18, 0.31)

======================================================================
Step 2000 (1.1 min) | Pickups: 4 | Deposits: 3 | Rate: 2.81 tags/min | phero_entries=3 max_w=0.180
======================================================================
R1[SEARCH    ]: carry=0 | base=0.27 | wall=2.25 | search=1779 | target=none
R2[SEARCH    ]: carry=0 | base=1.23 | wall=1.38 | search=1844 | target=none
R3[SEARCH    ]: carry=0 | base=0.36 | wall=2.20 | search= 72 | target=phero(0.18,0.31)
R4[RTB       ]: carry=1 | base=0.64 | wall=1.92 | search=  0 | target=none

[DEPOSIT] R4 deposited! Total: 4
  [PHERO] Laid at (0.59, -0.39) density=6 prob=0.97 entries=4
  [TARGET] R4 → SITE (0.59, -0.39)
[PICKUP] R4 picked up tag (density=5) | Total: 5
  [GIVE-UP] R1 returned empty after 2028 searching steps
  [TARGET] R1 → PHERO (0.59, -0.39)

======================================================================
Step 2500 (1.3 min) | Pickups: 5 | Deposits: 4 | Rate: 3.00 tags/min | phero_entries=4 max_w=0.391
======================================================================
R1[PHERO     ]: carry=0 | base=0.32 | wall=2.18 | search=  0 | target=phero(0.59,-0.39)
R2[SEARCH    ]: carry=0 | base=1.17 | wall=1.38 | search=2344 | target=none
R3[BASE_ESC  ]: carry=0 | base=0.24 | wall=2.27 | search=572 | target=phero(0.18,0.31)
R4[RTB       ]: carry=1 | base=0.46 | wall=2.06 | search=  0 | target=none

[PICKUP] R1 picked up tag (density=4) | Total: 6
[DEPOSIT] R4 deposited! Total: 5
  [PHERO] Laid at (0.42, -0.14) density=5 prob=0.92 entries=5
  [TARGET] R4 → SITE (0.42, -0.14)
[DEPOSIT] R1 deposited! Total: 6
  [PHERO] Laid at (0.41, -0.15) density=4 prob=0.82 entries=6
  [TARGET] R1 → SITE (0.41, -0.15)

======================================================================
Step 3000 (1.6 min) | Pickups: 6 | Deposits: 6 | Rate: 3.75 tags/min | phero_entries=6 max_w=0.917
======================================================================
R1[BASE_ESC  ]: carry=0 | base=0.22 | wall=2.28 | search=  0 | target=site(0.41,-0.15)
R2[SEARCH    ]: carry=0 | base=1.63 | wall=0.92 | search=2844 | target=none
R3[SEARCH    ]: carry=0 | base=0.52 | wall=1.99 | search=1072 | target=phero(0.18,0.31)
R4[SEARCH    ]: carry=0 | base=0.48 | wall=2.03 | search=103 | target=site(0.42,-0.14)


======================================================================
Step 3500 (1.9 min) | Pickups: 6 | Deposits: 6 | Rate: 3.21 tags/min | phero_entries=5 max_w=0.277
======================================================================
R1[BASE_ESC  ]: carry=0 | base=0.25 | wall=2.28 | search=299 | target=site(0.41,-0.15)
R2[SEARCH    ]: carry=0 | base=1.48 | wall=1.03 | search=3344 | target=none
R3[GIVE_UP   ]: carry=0 | base=0.35 | wall=2.16 | search=1404 | target=none
R4[SEARCH    ]: carry=0 | base=0.67 | wall=1.86 | search=603 | target=site(0.42,-0.14)

  [GIVE-UP] R3 returned empty after 1404 searching steps
  [TARGET] R3 → PHERO (0.41, -0.15)

======================================================================
Step 4000 (2.1 min) | Pickups: 6 | Deposits: 6 | Rate: 2.81 tags/min | phero_entries=4 max_w=0.084
======================================================================
R1[SEARCH    ]: carry=0 | base=0.75 | wall=1.94 | search=799 | target=site(0.41,-0.15)
R2[SEARCH    ]: carry=0 | base=1.83 | wall=0.67 | search=3844 | target=none
R3[GIVE_UP   ]: carry=0 | base=0.30 | wall=2.21 | search=156 | target=none
R4[SEARCH    ]: carry=0 | base=0.63 | wall=2.00 | search=1103 | target=site(0.42,-0.14)

  [GIVE-UP] R3 returned empty after 156 searching steps
  [TARGET] R3 → PHERO (0.59, -0.39)
  [GIVE-UP] R4 returned empty after 1404 searching steps
  [TARGET] R4 → PHERO (0.41, -0.15)

======================================================================
Step 4500 (2.4 min) | Pickups: 6 | Deposits: 6 | Rate: 2.50 tags/min | phero_entries=3 max_w=0.025
======================================================================
R1[SEARCH    ]: carry=0 | base=0.91 | wall=1.65 | search=1299 | target=site(0.41,-0.15)
R2[GIVE_UP   ]: carry=0 | base=1.75 | wall=0.77 | search=4212 | target=none
R3[SEARCH    ]: carry=0 | base=0.97 | wall=1.68 | search=165 | target=phero(0.59,-0.39)
R4[PHERO     ]: carry=0 | base=0.27 | wall=2.29 | search=  0 | target=phero(0.41,-0.15)

  [GIVE-UP] R4 returned empty after 156 searching steps
  [TARGET] R4 → PHERO (0.42, -0.14)
  [GIVE-UP] R2 returned empty after 4212 searching steps
  [TARGET] R2 → PHERO (0.59, -0.39)

======================================================================
Step 5000 (2.7 min) | Pickups: 6 | Deposits: 6 | Rate: 2.25 tags/min | phero_entries=2 max_w=0.008
======================================================================
R1[SEARCH    ]: carry=0 | base=1.12 | wall=1.65 | search=1799 | target=site(0.41,-0.15)
R2[PHERO     ]: carry=0 | base=0.25 | wall=2.27 | search=  0 | target=phero(0.59,-0.39)
R3[SEARCH    ]: carry=0 | base=0.90 | wall=1.78 | search=665 | target=phero(0.59,-0.39)
R4[PHERO     ]: carry=0 | base=0.27 | wall=2.25 | search=  0 | target=phero(0.42,-0.14)

[PICKUP] R2 picked up tag (density=3) | Total: 7
[PICKUP] R3 picked up tag (density=2) | Total: 8
[DEPOSIT] R2 deposited! Total: 7
  [TARGET] R2 → SITE (0.37, -0.22)

======================================================================
Step 5500 (2.9 min) | Pickups: 8 | Deposits: 7 | Rate: 2.39 tags/min | phero_entries=2 max_w=0.002
======================================================================
R1[SEARCH    ]: carry=0 | base=1.29 | wall=1.48 | search=2299 | target=site(0.41,-0.15)
R2[SITE      ]: carry=0 | base=0.26 | wall=2.24 | search=  0 | target=site(0.37,-0.22)
R3[RTB       ]: carry=1 | base=0.78 | wall=1.92 | search=  0 | target=none
R4[SEARCH    ]: carry=0 | base=0.78 | wall=1.74 | search=402 | target=phero(0.42,-0.14)

[DEPOSIT] R3 deposited! Total: 8
  [TARGET] R3 → SITE (0.51, -0.58)
[PICKUP] R3 picked up tag (density=1) | Total: 9

======================================================================
Step 6000 (3.2 min) | Pickups: 9 | Deposits: 8 | Rate: 2.50 tags/min | phero_entries=0 max_w=0.000
======================================================================
R1[GIVE_UP   ]: carry=0 | base=0.61 | wall=2.06 | search=2652 | target=none
R2[BASE_ESC  ]: carry=0 | base=0.24 | wall=2.31 | search=395 | target=site(0.37,-0.22)
R3[SURVEY    ]: carry=1 | base=0.48 | wall=2.13 | search=  0 | target=none
R4[SEARCH    ]: carry=0 | base=1.09 | wall=1.43 | search=902 | target=phero(0.42,-0.14)

  [GIVE-UP] R1 returned empty after 2652 searching steps
  [TARGET] R1 → WALL (2.42, -1.78)
[DEPOSIT] R3 deposited! Total: 9
  [TARGET] R3 → SITE (0.37, -0.30)

======================================================================
Step 6500 (3.5 min) | Pickups: 9 | Deposits: 9 | Rate: 2.60 tags/min | phero_entries=0 max_w=0.000
======================================================================
R1[SEARCH    ]: carry=0 | base=0.53 | wall=2.06 | search=139 | target=none
R2[SEARCH    ]: carry=0 | base=0.53 | wall=1.97 | search=895 | target=site(0.37,-0.22)
R3[SITE      ]: carry=0 | base=0.38 | wall=2.14 | search=  0 | target=site(0.37,-0.30)
R4[SEARCH    ]: carry=0 | base=0.91 | wall=1.59 | search=1402 | target=phero(0.42,-0.14)

  [GIVE-UP] R3 returned empty after 156 searching steps
  [TARGET] R3 → WALL (2.05, -2.42)
  [GIVE-UP] R2 returned empty after 1248 searching steps
  [TARGET] R2 → WALL (-0.28, -2.42)

======================================================================
Step 7000 (3.7 min) | Pickups: 9 | Deposits: 9 | Rate: 2.41 tags/min | phero_entries=0 max_w=0.000
======================================================================
R1[SEARCH    ]: carry=0 | base=0.50 | wall=2.04 | search=639 | target=none
R2[BASE_ESC  ]: carry=0 | base=0.23 | wall=2.27 | search=  0 | target=none
R3[DEPART    ]: carry=0 | base=0.46 | wall=2.05 | search=  0 | target=none
R4[SEARCH    ]: carry=0 | base=1.02 | wall=1.70 | search=1902 | target=phero(0.42,-0.14)


======================================================================
Step 7500 (4.0 min) | Pickups: 9 | Deposits: 9 | Rate: 2.25 tags/min | phero_entries=0 max_w=0.000
======================================================================
R1[SEARCH    ]: carry=0 | base=0.73 | wall=1.83 | search=1139 | target=none
R2[SEARCH    ]: carry=0 | base=0.68 | wall=1.82 | search=246 | target=none
R3[SEARCH    ]: carry=0 | base=0.71 | wall=1.88 | search=444 | target=none
R4[SEARCH    ]: carry=0 | base=1.05 | wall=1.62 | search=2402 | target=phero(0.42,-0.14)

  [GIVE-UP] R1 returned empty after 1404 searching steps
  [TARGET] R1 → WALL (-2.10, -2.42)

======================================================================
Step 8000 (4.3 min) | Pickups: 9 | Deposits: 9 | Rate: 2.11 tags/min | phero_entries=0 max_w=0.000
======================================================================
R1[BASE_ESC  ]: carry=0 | base=0.23 | wall=2.30 | search=  0 | target=none
R2[SEARCH    ]: carry=0 | base=0.51 | wall=2.03 | search=746 | target=none
R3[SEARCH    ]: carry=0 | base=0.70 | wall=1.93 | search=944 | target=none
R4[SEARCH    ]: carry=0 | base=0.89 | wall=1.80 | search=2902 | target=phero(0.42,-0.14)

  [GIVE-UP] R2 returned empty after 780 searching steps
  [TARGET] R2 → WALL (-2.42, -0.42)

======================================================================
Step 8500 (4.5 min) | Pickups: 9 | Deposits: 9 | Rate: 1.99 tags/min | phero_entries=0 max_w=0.000
======================================================================
R1[SEARCH    ]: carry=0 | base=0.80 | wall=1.81 | search=243 | target=none
R2[DEPART    ]: carry=0 | base=0.73 | wall=1.86 | search=  0 | target=none
R3[SEARCH    ]: carry=0 | base=0.78 | wall=1.74 | search=1444 | target=none
R4[SEARCH    ]: carry=0 | base=0.60 | wall=2.01 | search=3402 | target=phero(0.42,-0.14)

  [GIVE-UP] R3 returned empty after 1716 searching steps
  [TARGET] R3 → WALL (2.42, -2.22)

======================================================================
Step 9000 (4.8 min) | Pickups: 9 | Deposits: 9 | Rate: 1.88 tags/min | phero_entries=0 max_w=0.000
======================================================================
R1[SEARCH    ]: carry=0 | base=0.60 | wall=1.92 | search=743 | target=none
R2[WALL_ESC  ]: carry=0 | base=2.21 | wall=0.33 | search=  0 | target=none
R3[BASE_ESC  ]: carry=0 | base=0.23 | wall=2.27 | search=  0 | target=none
R4[SEARCH    ]: carry=0 | base=0.40 | wall=2.14 | search=3902 | target=phero(0.42,-0.14)

  [GIVE-UP] R1 returned empty after 936 searching steps
  [TARGET] R1 → WALL (-1.43, 2.42)

======================================================================
Step 9500 (5.1 min) | Pickups: 9 | Deposits: 9 | Rate: 1.78 tags/min | phero_entries=0 max_w=0.000
======================================================================
R1[DEPART    ]: carry=0 | base=0.46 | wall=2.16 | search=  0 | target=none
R2[SEARCH    ]: carry=0 | base=2.17 | wall=0.37 | search=452 | target=none
R3[SEARCH    ]: carry=0 | base=1.88 | wall=1.15 | search= 24 | target=none
R4[SEARCH    ]: carry=0 | base=0.38 | wall=2.15 | search=4402 | target=phero(0.42,-0.14)


======================================================================
Step 10000 (5.3 min) | Pickups: 9 | Deposits: 9 | Rate: 1.69 tags/min | phero_entries=0 max_w=0.000
======================================================================
R1[SEARCH    ]: carry=0 | base=0.68 | wall=1.90 | search=406 | target=none
R2[SEARCH    ]: carry=0 | base=2.17 | wall=0.37 | search=952 | target=none
R3[SEARCH    ]: carry=0 | base=1.82 | wall=1.11 | search=524 | target=none
R4[SEARCH    ]: carry=0 | base=0.55 | wall=2.04 | search=4902 | target=phero(0.42,-0.14)

  [GIVE-UP] R1 returned empty after 624 searching steps
  [TARGET] R1 → WALL (0.88, 2.42)

======================================================================
Step 10500 (5.6 min) | Pickups: 9 | Deposits: 9 | Rate: 1.61 tags/min | phero_entries=0 max_w=0.000
======================================================================
R1[BASE_ESC  ]: carry=0 | base=0.23 | wall=2.29 | search=  0 | target=none
R2[SEARCH    ]: carry=0 | base=2.16 | wall=0.38 | search=1452 | target=none
R3[SEARCH    ]: carry=0 | base=1.52 | wall=1.42 | search=1024 | target=none
R4[SEARCH    ]: carry=0 | base=0.41 | wall=2.13 | search=5402 | target=phero(0.42,-0.14)

[PICKUP] R1 picked up tag (density=6) | Total: 10

======================================================================
Step 11000 (5.9 min) | Pickups: 10 | Deposits: 9 | Rate: 1.53 tags/min | phero_entries=0 max_w=0.000
======================================================================
R1[RTB       ]: carry=1 | base=0.30 | wall=2.20 | search=  0 | target=none
R2[GIVE_UP   ]: carry=0 | base=1.02 | wall=1.49 | search=1560 | target=none
R3[SEARCH    ]: carry=0 | base=1.72 | wall=1.07 | search=1524 | target=none
R4[SEARCH    ]: carry=0 | base=0.27 | wall=2.24 | search=5902 | target=phero(0.42,-0.14)

[DEPOSIT] R1 deposited! Total: 10
  [PHERO] Laid at (-0.11, 0.49) density=6 prob=0.97 entries=1
  [TARGET] R1 → SITE (-0.11, 0.49)
  [GIVE-UP] R2 returned empty after 1560 searching steps
  [TARGET] R2 → PHERO (-0.11, 0.49)

======================================================================
Step 11500 (6.1 min) | Pickups: 10 | Deposits: 10 | Rate: 1.63 tags/min | phero_entries=1 max_w=0.313
======================================================================
R1[SEARCH    ]: carry=0 | base=0.33 | wall=2.17 | search=269 | target=site(-0.11,0.49)
R2[SEARCH    ]: carry=0 | base=0.52 | wall=2.00 | search= 40 | target=phero(-0.11,0.49)
R3[SEARCH    ]: carry=0 | base=2.01 | wall=0.96 | search=2024 | target=none
R4[SEARCH    ]: carry=0 | base=0.72 | wall=1.92 | search=6402 | target=phero(0.42,-0.14)


======================================================================
Step 12000 (6.4 min) | Pickups: 10 | Deposits: 10 | Rate: 1.56 tags/min | phero_entries=1 max_w=0.095
======================================================================
R1[SEARCH    ]: carry=0 | base=0.52 | wall=2.00 | search=769 | target=site(-0.11,0.49)
R2[SEARCH    ]: carry=0 | base=0.86 | wall=1.78 | search=540 | target=phero(-0.11,0.49)
R3[GIVE_UP   ]: carry=0 | base=2.05 | wall=0.93 | search=2340 | target=none
R4[SEARCH    ]: carry=0 | base=0.78 | wall=1.84 | search=6902 | target=phero(0.42,-0.14)

[PICKUP] R2 picked up tag (density=12) | Total: 11
  [GIVE-UP] R1 returned empty after 936 searching steps
  [TARGET] R1 → PHERO (-0.11, 0.49)
  [GIVE-UP] R3 returned empty after 2340 searching steps
  [TARGET] R3 → PHERO (-0.11, 0.49)

======================================================================
Step 12500 (6.7 min) | Pickups: 11 | Deposits: 10 | Rate: 1.50 tags/min | phero_entries=1 max_w=0.029
======================================================================
R1[PHERO     ]: carry=0 | base=0.29 | wall=2.23 | search=  0 | target=phero(-0.11,0.49)
R2[RTB       ]: carry=1 | base=1.09 | wall=1.66 | search=  0 | target=none
R3[BASE_ESC  ]: carry=0 | base=0.22 | wall=2.34 | search=  0 | target=phero(-0.11,0.49)
R4[SEARCH    ]: carry=0 | base=0.80 | wall=1.91 | search=7402 | target=phero(0.42,-0.14)

[DEPOSIT] R2 deposited! Total: 11
  [PHERO] Laid at (-0.70, 0.83) density=12 prob=1.00 entries=2
  [TARGET] R2 → SITE (-0.70, 0.83)
[PICKUP] R1 picked up tag (density=5) | Total: 12

======================================================================
Step 13000 (6.9 min) | Pickups: 12 | Deposits: 11 | Rate: 1.59 tags/min | phero_entries=2 max_w=0.525
======================================================================
R1[SURVEY    ]: carry=1 | base=0.51 | wall=1.99 | search=  0 | target=none
R2[SITE      ]: carry=0 | base=0.80 | wall=1.86 | search=  0 | target=site(-0.70,0.83)
R3[BASE_ESC  ]: carry=0 | base=0.25 | wall=2.29 | search=  0 | target=phero(-0.11,0.49)
R4[SEARCH    ]: carry=0 | base=0.52 | wall=2.12 | search=7902 | target=phero(0.42,-0.14)

[PICKUP] R2 picked up tag (density=11) | Total: 13
[DEPOSIT] R1 deposited! Total: 12
  [PHERO] Laid at (-0.07, 0.51) density=5 prob=0.92 entries=3
  [TARGET] R1 → SITE (-0.07, 0.51)
[PICKUP] R1 picked up tag (density=4) | Total: 14

======================================================================
Step 13500 (7.2 min) | Pickups: 14 | Deposits: 12 | Rate: 1.67 tags/min | phero_entries=3 max_w=0.398
======================================================================
R1[SURVEY    ]: carry=1 | base=0.41 | wall=2.09 | search=  0 | target=none
R2[RTB       ]: carry=1 | base=0.60 | wall=2.02 | search=  0 | target=none
R3[SEARCH    ]: carry=0 | base=0.62 | wall=1.90 | search=194 | target=phero(-0.11,0.49)
R4[SEARCH    ]: carry=0 | base=0.54 | wall=1.98 | search=8402 | target=phero(0.42,-0.14)

[DEPOSIT] R2 deposited! Total: 13
  [PHERO] Laid at (-0.70, 0.81) density=11 prob=1.00 entries=4
  [TARGET] R2 → SITE (-0.70, 0.81)
[DEPOSIT] R1 deposited! Total: 14
  [PHERO] Laid at (0.05, 0.40) density=4 prob=0.82 entries=5
  [TARGET] R1 → SITE (0.05, 0.40)

======================================================================
Step 14000 (7.5 min) | Pickups: 14 | Deposits: 14 | Rate: 1.88 tags/min | phero_entries=4 max_w=0.389
======================================================================
R1[SEARCH    ]: carry=0 | base=0.32 | wall=2.19 | search=189 | target=site(0.05,0.40)
R2[SEARCH    ]: carry=0 | base=1.08 | wall=1.72 | search= 80 | target=site(-0.70,0.81)
R3[SEARCH    ]: carry=0 | base=0.54 | wall=2.06 | search=694 | target=phero(-0.11,0.49)
R4[GIVE_UP   ]: carry=0 | base=0.37 | wall=2.22 | search=8736 | target=none

  [GIVE-UP] R4 returned empty after 8736 searching steps
  [TARGET] R4 → PHERO (-0.70, 0.81)
[PICKUP] R2 picked up tag (density=10) | Total: 15

======================================================================
Step 14500 (7.7 min) | Pickups: 15 | Deposits: 14 | Rate: 1.81 tags/min | phero_entries=4 max_w=0.118
======================================================================
R1[BASE_ESC  ]: carry=0 | base=0.24 | wall=2.28 | search=689 | target=site(0.05,0.40)
R2[RTB       ]: carry=1 | base=0.77 | wall=1.90 | search=  0 | target=none
R3[SEARCH    ]: carry=0 | base=0.70 | wall=1.94 | search=1194 | target=phero(-0.11,0.49)
R4[PHERO     ]: carry=0 | base=0.27 | wall=2.24 | search=  0 | target=phero(-0.70,0.81)

[DEPOSIT] R2 deposited! Total: 15
  [PHERO] Laid at (-0.90, 0.65) density=10 prob=1.00 entries=5
  [TARGET] R2 → SITE (-0.90, 0.65)
[PICKUP] R4 picked up tag (density=9) | Total: 16

======================================================================
Step 15000 (8.0 min) | Pickups: 16 | Deposits: 15 | Rate: 1.88 tags/min | phero_entries=5 max_w=0.418
======================================================================
R1[SEARCH    ]: carry=0 | base=0.33 | wall=2.21 | search=1189 | target=site(0.05,0.40)
R2[SEARCH    ]: carry=0 | base=1.08 | wall=1.62 | search= 27 | target=site(-0.90,0.65)
R3[SEARCH    ]: carry=0 | base=0.72 | wall=1.90 | search=1694 | target=phero(-0.11,0.49)
R4[SURVEY    ]: carry=1 | base=1.12 | wall=1.66 | search=  0 | target=none

  [GIVE-UP] R1 returned empty after 1404 searching steps
  [TARGET] R1 → PHERO (-0.90, 0.65)
[DEPOSIT] R4 deposited! Total: 16
  [PHERO] Laid at (-0.75, 0.83) density=9 prob=1.00 entries=6
  [TARGET] R4 → SITE (-0.75, 0.83)

======================================================================
Step 15500 (8.3 min) | Pickups: 16 | Deposits: 16 | Rate: 1.94 tags/min | phero_entries=6 max_w=0.689
======================================================================
R1[PHERO     ]: carry=0 | base=0.76 | wall=1.93 | search=  0 | target=phero(-0.90,0.65)
R2[SEARCH    ]: carry=0 | base=0.77 | wall=1.94 | search=527 | target=site(-0.90,0.65)
R3[GIVE_UP   ]: carry=0 | base=0.39 | wall=2.21 | search=2028 | target=none
R4[SITE      ]: carry=0 | base=0.38 | wall=2.15 | search=  0 | target=site(-0.75,0.83)

  [GIVE-UP] R3 returned empty after 2028 searching steps
  [TARGET] R3 → PHERO (-0.90, 0.65)
[PICKUP] R1 picked up tag (density=8) | Total: 17
[PICKUP] R4 picked up tag (density=7) | Total: 18

======================================================================
Step 16000 (8.5 min) | Pickups: 18 | Deposits: 16 | Rate: 1.88 tags/min | phero_entries=5 max_w=0.208
======================================================================
R1[RTB       ]: carry=1 | base=0.57 | wall=2.06 | search=  0 | target=none
R2[SEARCH    ]: carry=0 | base=0.84 | wall=1.73 | search=1027 | target=site(-0.90,0.65)
R3[SEARCH    ]: carry=0 | base=1.07 | wall=1.59 | search=105 | target=phero(-0.90,0.65)
R4[SURVEY    ]: carry=1 | base=1.18 | wall=1.62 | search=  0 | target=none

[DEPOSIT] R1 deposited! Total: 17
  [PHERO] Laid at (-0.90, 0.69) density=8 prob=1.00 entries=5
  [TARGET] R1 → SITE (-0.90, 0.69)
[DEPOSIT] R4 deposited! Total: 18
  [PHERO] Laid at (-0.78, 0.88) density=7 prob=0.99 entries=6
  [TARGET] R4 → SITE (-0.78, 0.88)

======================================================================
Step 16500 (8.8 min) | Pickups: 18 | Deposits: 18 | Rate: 2.05 tags/min | phero_entries=4 max_w=0.560
======================================================================
R1[SEARCH    ]: carry=0 | base=1.11 | wall=1.60 | search= 72 | target=site(-0.90,0.69)
R2[SEARCH    ]: carry=0 | base=0.82 | wall=1.71 | search=1527 | target=site(-0.90,0.65)
R3[SEARCH    ]: carry=0 | base=0.93 | wall=1.72 | search=605 | target=phero(-0.90,0.65)
R4[SITE      ]: carry=0 | base=0.70 | wall=1.94 | search=  0 | target=site(-0.78,0.88)

[PICKUP] R1 picked up tag (density=6) | Total: 19
  [GIVE-UP] R2 returned empty after 1716 searching steps
  [TARGET] R2 → PHERO (-0.78, 0.88)

======================================================================
Step 17000 (9.1 min) | Pickups: 19 | Deposits: 18 | Rate: 1.99 tags/min | phero_entries=4 max_w=0.169
======================================================================
R1[SURVEY    ]: carry=1 | base=1.19 | wall=1.56 | search=  0 | target=none
R2[BASE_ESC  ]: carry=0 | base=0.22 | wall=2.33 | search=  0 | target=phero(-0.78,0.88)
R3[SEARCH    ]: carry=0 | base=0.88 | wall=1.68 | search=1105 | target=phero(-0.90,0.65)
R4[SEARCH    ]: carry=0 | base=0.99 | wall=1.64 | search=386 | target=site(-0.78,0.88)

[DEPOSIT] R1 deposited! Total: 19
  [PHERO] Laid at (-0.95, 0.73) density=6 prob=0.97 entries=5
  [TARGET] R1 → SITE (-0.95, 0.73)

======================================================================
Step 17500 (9.3 min) | Pickups: 19 | Deposits: 19 | Rate: 2.04 tags/min | phero_entries=5 max_w=0.656
======================================================================
R1[SITE      ]: carry=0 | base=0.29 | wall=2.24 | search=  0 | target=site(-0.95,0.73)
R2[GIVE_UP   ]: carry=0 | base=1.33 | wall=1.37 | search=156 | target=none
R3[SEARCH    ]: carry=0 | base=0.35 | wall=2.17 | search=1605 | target=phero(-0.90,0.65)
R4[SEARCH    ]: carry=0 | base=1.27 | wall=1.31 | search=886 | target=site(-0.78,0.88)

  [GIVE-UP] R2 returned empty after 156 searching steps
  [TARGET] R2 → PHERO (-0.95, 0.73)

======================================================================
Step 18000 (9.6 min) | Pickups: 19 | Deposits: 19 | Rate: 1.98 tags/min | phero_entries=4 max_w=0.198
======================================================================
R1[SEARCH    ]: carry=0 | base=1.05 | wall=1.57 | search=259 | target=site(-0.95,0.73)
R2[PHERO     ]: carry=0 | base=0.36 | wall=2.16 | search=  0 | target=phero(-0.95,0.73)
R3[SEARCH    ]: carry=0 | base=0.52 | wall=2.11 | search=2105 | target=phero(-0.90,0.65)
R4[SEARCH    ]: carry=0 | base=0.99 | wall=1.61 | search=1386 | target=site(-0.78,0.88)

[PICKUP] R2 picked up tag (density=5) | Total: 20

======================================================================
Step 18500 (9.9 min) | Pickups: 20 | Deposits: 19 | Rate: 1.93 tags/min | phero_entries=3 max_w=0.060
======================================================================
R1[SEARCH    ]: carry=0 | base=1.45 | wall=1.15 | search=759 | target=site(-0.95,0.73)
R2[RTB       ]: carry=1 | base=1.16 | wall=1.59 | search=  0 | target=none
R3[SEARCH    ]: carry=0 | base=0.41 | wall=2.09 | search=2605 | target=phero(-0.90,0.65)
R4[GIVE_UP   ]: carry=0 | base=0.28 | wall=2.26 | search=1716 | target=none

  [GIVE-UP] R4 returned empty after 1716 searching steps
  [TARGET] R4 → PHERO (-0.95, 0.73)
[DEPOSIT] R2 deposited! Total: 20
  [PHERO] Laid at (-0.95, 0.73) density=5 prob=0.92 entries=4
  [TARGET] R2 → SITE (-0.95, 0.73)
TIMEOUT_RESULT pickups=20 deposits=20 steps=18750 elapsed_min=10.000000
BATCH_RESULT pickups=20 deposits=20
