============================================================
EVALUATION MODE — CPFA-RL Trained Model
Obs space: 18 per robot × 4 robots = 72 total
============================================================

Loading model: ppo_cpfa_v9
Model loaded. Starting evaluation...

============================================================

[PICKUP] Robot 4 picked up tag (density=8) | Total: 1
[PICKUP] Robot 1 picked up tag (density=6) | Total: 2
[GIVE-UP] R3 giving up after 312 steps
[DEPOSIT] Robot 4 deposited! Total: 1
  [PHERO] Laid at (0.49, -0.55) density=8 prob=1.00 total_entries=1
  [TARGET] Robot 4 → SITE (0.49,-0.55)
[EMPTY_RTN] R3 → phero(0.49,-0.55)
[DEPOSIT] Robot 1 deposited! Total: 2
  [PHERO] Laid at (-0.56, -0.27) density=6 prob=0.97 total_entries=2
  [TARGET] Robot 1 → SITE (-0.56,-0.27)

======================================================================
Step 500 (0.3 min) | Pickups: 2 | Deposits: 2 | Rate: 7.50 tags/min | phero_entries=2 phero_max=0.990
======================================================================
R1[BASE_ESC  ]: L=+1.00 R=+0.00 | carry=0 | base=0.07 ba=+0.11 | site=1 sd=0.11 sa=-0.99 | phero=0 pd=0.00 pa=+0.00 | srch=0.00 | wall=2.31
R2[WALL_ESC  ]: L=+1.00 R=+0.00 | carry=0 | base=0.62 ba=-0.46 | site=0 sd=0.00 sa=+0.00 | phero=0 pd=0.00 pa=+0.00 | srch=0.12 | wall=0.33
R3[BASE_ESC  ]: L=+0.00 R=+1.00 | carry=0 | base=0.06 ba=-0.49 | site=0 sd=0.00 sa=+0.00 | phero=1 pd=0.22 pa=-0.07 | srch=0.01 | wall=2.33
R4[SITE      ]: L=+0.87 R=-0.20 | carry=0 | base=0.07 ba=-0.87 | site=1 sd=0.15 sa=-0.07 | phero=0 pd=0.00 pa=+0.00 | srch=0.03 | wall=2.27

[PICKUP] Robot 4 picked up tag (density=7) | Total: 3
[PICKUP] Robot 1 picked up tag (density=5) | Total: 4
[DEPOSIT] Robot 4 deposited! Total: 3
  [PHERO] Laid at (0.53, -0.60) density=7 prob=0.99 total_entries=3
  [TARGET] Robot 4 → SITE (0.53,-0.60)
[DEPOSIT] Robot 1 deposited! Total: 4
  [TARGET] Robot 1 → SITE (-0.64,-0.27)

======================================================================
Step 1000 (0.5 min) | Pickups: 4 | Deposits: 4 | Rate: 7.50 tags/min | phero_entries=3 phero_max=0.891
======================================================================
R1[BASE_ESC  ]: L=+0.00 R=+1.00 | carry=0 | base=0.06 ba=-0.29 | site=1 sd=0.14 sa=+0.81 | phero=0 pd=0.00 pa=+0.00 | srch=0.01 | wall=2.28
R2[EXPLORE   ]: L=+1.00 R=+1.00 | carry=0 | base=0.39 ba=+0.58 | site=0 sd=0.00 sa=+0.00 | phero=0 pd=0.00 pa=+0.00 | srch=0.25 | wall=1.36
R3[PHERO     ]: L=+0.04 R=+0.11 | carry=0 | base=0.07 ba=-0.45 | site=0 sd=0.00 sa=+0.00 | phero=1 pd=0.17 pa=+0.20 | srch=0.14 | wall=2.25
R4[BASE_ESC  ]: L=+1.00 R=+0.00 | carry=0 | base=0.06 ba=+0.63 | site=1 sd=0.17 sa=-0.50 | phero=0 pd=0.00 pa=+0.00 | srch=0.02 | wall=2.31

[PICKUP] Robot 1 picked up tag (density=4) | Total: 5
[PICKUP] Robot 4 picked up tag (density=6) | Total: 6
[DEPOSIT] Robot 1 deposited! Total: 5
  [PHERO] Laid at (-0.55, -0.16) density=4 prob=0.82 total_entries=4
  [TARGET] Robot 1 → SITE (-0.55,-0.16)

======================================================================
Step 1500 (0.8 min) | Pickups: 6 | Deposits: 5 | Rate: 6.25 tags/min | phero_entries=4 phero_max=0.841
======================================================================
R1[BASE_ESC  ]: L=+1.00 R=+0.53 | carry=0 | base=0.07 ba=+0.88 | site=1 sd=0.11 sa=-0.37 | phero=0 pd=0.00 pa=+0.00 | srch=0.03 | wall=2.32
R2[EXPLORE   ]: L=+1.00 R=+1.00 | carry=0 | base=0.62 ba=+0.14 | site=0 sd=0.00 sa=+0.00 | phero=0 pd=0.00 pa=+0.00 | srch=0.38 | wall=0.41
R3[PHERO     ]: L=-0.07 R=-0.10 | carry=0 | base=0.08 ba=-0.80 | site=0 sd=0.00 sa=+0.00 | phero=1 pd=0.14 pa=+0.01 | srch=0.26 | wall=2.24
R4[RTB       ]: L=+1.00 R=+1.00 | carry=1 | base=0.10 ba=-0.00 | site=0 sd=0.00 sa=+0.00 | phero=0 pd=0.00 pa=+0.00 | srch=0.00 | wall=2.19

[DEPOSIT] Robot 4 deposited! Total: 6
  [PHERO] Laid at (0.53, -0.65) density=6 prob=0.97 total_entries=5
  [TARGET] Robot 4 → SITE (0.53,-0.65)
[GIVE-UP] R2 giving up after 1560 steps
[PICKUP] Robot 1 picked up tag (density=3) | Total: 7
[PICKUP] Robot 2 picked up tag (density=9) | Total: 8
[PICKUP] Robot 3 picked up tag (density=5) | Total: 9
[PICKUP] Robot 4 picked up tag (density=4) | Total: 10
[DEPOSIT] Robot 1 deposited! Total: 7
  [TARGET] Robot 1 → SITE (-0.61,-0.18)

======================================================================
Step 2000 (1.1 min) | Pickups: 10 | Deposits: 7 | Rate: 6.56 tags/min | phero_entries=5 phero_max=0.471
======================================================================
R1[SITE      ]: L=+0.11 R=+1.00 | carry=0 | base=0.07 ba=-0.93 | site=1 sd=0.12 sa=+0.30 | phero=0 pd=0.00 pa=+0.00 | srch=0.03 | wall=2.25
R2[RTB       ]: L=+1.00 R=+1.00 | carry=1 | base=0.16 ba=+0.00 | site=0 sd=0.00 sa=+0.00 | phero=0 pd=0.00 pa=+0.00 | srch=0.00 | wall=1.94
R3[RTB       ]: L=+0.97 R=+1.00 | carry=1 | base=0.19 ba=+0.01 | site=0 sd=0.00 sa=+0.00 | phero=0 pd=0.00 pa=+0.00 | srch=0.00 | wall=2.00
R4[RTB       ]: L=+0.99 R=+1.00 | carry=1 | base=0.17 ba=+0.01 | site=0 sd=0.00 sa=+0.00 | phero=0 pd=0.00 pa=+0.00 | srch=0.00 | wall=2.06

[DEPOSIT] Robot 2 deposited! Total: 8
  [PHERO] Laid at (0.30, 1.70) density=9 prob=1.00 total_entries=6
  [TARGET] Robot 2 → SITE (0.30,1.70)
[DEPOSIT] Robot 4 deposited! Total: 9
  [TARGET] Robot 4 → SITE (0.48,-0.72)
[DEPOSIT] Robot 3 deposited! Total: 10
  [PHERO] Laid at (0.56, -0.64) density=5 prob=0.92 total_entries=7
  [TARGET] Robot 3 → SITE (0.56,-0.64)

======================================================================
Step 2500 (1.3 min) | Pickups: 10 | Deposits: 10 | Rate: 7.50 tags/min | phero_entries=7 phero_max=0.539
======================================================================
R1[EXPLORE   ]: L=+1.00 R=+1.00 | carry=0 | base=0.45 ba=+0.90 | site=0 sd=0.00 sa=+0.00 | phero=0 pd=0.00 pa=+0.00 | srch=0.15 | wall=1.29
R2[SITE      ]: L=+1.00 R=+0.95 | carry=0 | base=0.38 ba=-0.88 | site=1 sd=0.14 sa=-0.14 | phero=0 pd=0.00 pa=+0.00 | srch=0.10 | wall=1.16
R3[SITE      ]: L=+0.69 R=+0.70 | carry=0 | base=0.22 ba=-0.95 | site=1 sd=0.03 sa=+0.01 | phero=0 pd=0.00 pa=+0.00 | srch=0.10 | wall=1.94
R4[SITE      ]: L=+0.32 R=+0.49 | carry=0 | base=0.24 ba=+0.87 | site=1 sd=0.02 sa=+0.17 | phero=0 pd=0.00 pa=+0.00 | srch=0.10 | wall=1.79

[PICKUP] Robot 3 picked up tag (density=3) | Total: 11
[PICKUP] Robot 2 picked up tag (density=8) | Total: 12
[PICKUP] Robot 4 picked up tag (density=2) | Total: 13
[DEPOSIT] Robot 3 deposited! Total: 11
  [TARGET] Robot 3 → SITE (0.60,-0.68)
[DEPOSIT] Robot 4 deposited! Total: 12
  [TARGET] Robot 4 → SITE (0.47,-0.81)

======================================================================
Step 3000 (1.6 min) | Pickups: 13 | Deposits: 12 | Rate: 7.50 tags/min | phero_entries=7 phero_max=0.242
======================================================================
R1[EXPLORE   ]: L=+1.00 R=+1.00 | carry=0 | base=0.61 ba=+0.06 | site=0 sd=0.00 sa=+0.00 | phero=0 pd=0.00 pa=+0.00 | srch=0.28 | wall=0.65
R2[RTB       ]: L=+1.00 R=+1.00 | carry=1 | base=0.10 ba=-0.00 | site=0 sd=0.00 sa=+0.00 | phero=0 pd=0.00 pa=+0.00 | srch=0.00 | wall=2.17
R3[SITE      ]: L=+0.44 R=+0.43 | carry=0 | base=0.09 ba=-0.90 | site=1 sd=0.17 sa=+0.02 | phero=0 pd=0.00 pa=+0.00 | srch=0.04 | wall=2.25
R4[SITE      ]: L=+0.93 R=+1.00 | carry=0 | base=0.12 ba=-0.95 | site=1 sd=0.18 sa=+0.33 | phero=0 pd=0.00 pa=+0.00 | srch=0.04 | wall=2.08

[DEPOSIT] Robot 2 deposited! Total: 13
  [PHERO] Laid at (0.04, 1.59) density=8 prob=1.00 total_entries=8
  [TARGET] Robot 2 → SITE (0.04,1.59)
[PICKUP] Robot 1 picked up tag (density=9) | Total: 14
[PICKUP] Robot 4 picked up tag (density=1) | Total: 15
[PICKUP] Robot 2 picked up tag (density=7) | Total: 16
[DEPOSIT] Robot 1 deposited! Total: 14
  [PHERO] Laid at (-0.62, -1.35) density=9 prob=1.00 total_entries=9
  [TARGET] Robot 1 → SITE (-0.62,-1.35)

======================================================================
Step 3500 (1.9 min) | Pickups: 16 | Deposits: 14 | Rate: 7.50 tags/min | phero_entries=9 phero_max=0.994
======================================================================
R1[BASE_ESC  ]: L=+1.00 R=+0.00 | carry=0 | base=0.07 ba=+0.07 | site=1 sd=0.36 sa=-0.94 | phero=0 pd=0.00 pa=+0.00 | srch=0.00 | wall=2.28
R2[RTB       ]: L=+0.00 R=+1.00 | carry=1 | base=0.38 ba=+0.42 | site=0 sd=0.00 sa=+0.00 | phero=0 pd=0.00 pa=+0.00 | srch=0.00 | wall=1.18
R3[EXPLORE   ]: L=+0.41 R=+1.00 | carry=0 | base=0.28 ba=-0.29 | site=0 sd=0.00 sa=+0.00 | phero=0 pd=0.00 pa=+0.00 | srch=0.17 | wall=1.66
R4[RTB       ]: L=+1.00 R=+1.00 | carry=1 | base=0.08 ba=+0.00 | site=0 sd=0.00 sa=+0.00 | phero=0 pd=0.00 pa=+0.00 | srch=0.00 | wall=2.27

[DEPOSIT] Robot 4 deposited! Total: 15
  [TARGET] Robot 4 → SITE (0.54,-0.83)
[DEPOSIT] Robot 2 deposited! Total: 16
  [PHERO] Laid at (0.08, 1.30) density=7 prob=0.99 total_entries=10
  [TARGET] Robot 2 → SITE (0.08,1.30)
[PICKUP] Robot 1 picked up tag (density=8) | Total: 17

======================================================================
Step 4000 (2.1 min) | Pickups: 17 | Deposits: 16 | Rate: 7.50 tags/min | phero_entries=10 phero_max=0.747
======================================================================
R1[RTB       ]: L=+1.00 R=+0.48 | carry=1 | base=0.34 ba=-0.21 | site=0 sd=0.00 sa=+0.00 | phero=0 pd=0.00 pa=+0.00 | srch=0.00 | wall=1.42
R2[SITE      ]: L=+1.00 R=+1.00 | carry=0 | base=0.14 ba=-0.95 | site=1 sd=0.24 sa=-0.09 | phero=0 pd=0.00 pa=+0.00 | srch=0.05 | wall=2.03
R3[EXPLORE   ]: L=+1.00 R=+1.00 | carry=0 | base=0.25 ba=+0.85 | site=0 sd=0.00 sa=+0.00 | phero=0 pd=0.00 pa=+0.00 | srch=0.29 | wall=1.84
R4[EXPLORE   ]: L=+1.00 R=+1.00 | carry=0 | base=0.41 ba=+0.94 | site=0 sd=0.00 sa=+0.00 | phero=0 pd=0.00 pa=+0.00 | srch=0.12 | wall=1.38

[DEPOSIT] Robot 1 deposited! Total: 17
  [PHERO] Laid at (-0.42, -1.12) density=8 prob=1.00 total_entries=11
  [TARGET] Robot 1 → SITE (-0.42,-1.12)
[PICKUP] Robot 2 picked up tag (density=6) | Total: 18

======================================================================
Step 4500 (2.4 min) | Pickups: 18 | Deposits: 17 | Rate: 7.08 tags/min | phero_entries=11 phero_max=0.675
======================================================================
R1[SITE      ]: L=+1.00 R=+1.00 | carry=0 | base=0.22 ba=+1.00 | site=1 sd=0.19 sa=+0.35 | phero=0 pd=0.00 pa=+0.00 | srch=0.06 | wall=1.92
R2[RTB       ]: L=+1.00 R=+1.00 | carry=1 | base=0.21 ba=-0.00 | site=0 sd=0.00 sa=+0.00 | phero=0 pd=0.00 pa=+0.00 | srch=0.00 | wall=1.78
R3[WALL_ESC  ]: L=+0.00 R=+1.00 | carry=0 | base=0.64 ba=+0.49 | site=0 sd=0.00 sa=+0.00 | phero=0 pd=0.00 pa=+0.00 | srch=0.42 | wall=0.34
R4[WALL_ESC  ]: L=+0.00 R=+1.00 | carry=0 | base=0.87 ba=+0.33 | site=0 sd=0.00 sa=+0.00 | phero=0 pd=0.00 pa=+0.00 | srch=0.25 | wall=0.32

[DEPOSIT] Robot 2 deposited! Total: 18
  [PHERO] Laid at (0.11, 1.35) density=6 prob=0.97 total_entries=12
  [TARGET] Robot 2 → SITE (0.11,1.35)
[PICKUP] Robot 1 picked up tag (density=7) | Total: 19

======================================================================
Step 5000 (2.7 min) | Pickups: 19 | Deposits: 18 | Rate: 6.75 tags/min | phero_entries=10 phero_max=0.549
======================================================================
R1[RTB       ]: L=+1.00 R=+1.00 | carry=1 | base=0.08 ba=+0.00 | site=0 sd=0.00 sa=+0.00 | phero=0 pd=0.00 pa=+0.00 | srch=0.00 | wall=2.27
R2[SITE      ]: L=+0.92 R=+1.00 | carry=0 | base=0.34 ba=+0.82 | site=1 sd=0.07 sa=+0.11 | phero=0 pd=0.00 pa=+0.00 | srch=0.09 | wall=1.35
R3[EXPLORE   ]: L=+1.00 R=+1.00 | carry=0 | base=0.42 ba=+0.52 | site=0 sd=0.00 sa=+0.00 | phero=0 pd=0.00 pa=+0.00 | srch=0.54 | wall=1.31
R4[EXPLORE   ]: L=+1.00 R=+1.00 | carry=0 | base=0.36 ba=+0.05 | site=0 sd=0.00 sa=+0.00 | phero=0 pd=0.00 pa=+0.00 | srch=0.37 | wall=1.50

[DEPOSIT] Robot 1 deposited! Total: 19
  [PHERO] Laid at (-0.85, -0.96) density=7 prob=0.99 total_entries=11
  [TARGET] Robot 1 → SITE (-0.85,-0.96)
[PICKUP] Robot 3 picked up tag (density=12) | Total: 20
[PICKUP] Robot 1 picked up tag (density=6) | Total: 21

======================================================================
Step 5500 (2.9 min) | Pickups: 21 | Deposits: 19 | Rate: 6.48 tags/min | phero_entries=10 phero_max=0.456
======================================================================
R1[RTB       ]: L=+1.00 R=+0.97 | carry=1 | base=0.24 ba=-0.01 | site=0 sd=0.00 sa=+0.00 | phero=0 pd=0.00 pa=+0.00 | srch=0.00 | wall=1.78
R2[EXPLORE   ]: L=+1.00 R=+1.00 | carry=0 | base=0.66 ba=+0.35 | site=0 sd=0.00 sa=+0.00 | phero=0 pd=0.00 pa=+0.00 | srch=0.22 | wall=0.42
R3[RTB       ]: L=+1.00 R=+1.00 | carry=1 | base=0.08 ba=+0.00 | site=0 sd=0.00 sa=+0.00 | phero=0 pd=0.00 pa=+0.00 | srch=0.00 | wall=2.27
R4[EXPLORE   ]: L=+1.00 R=+1.00 | carry=0 | base=0.23 ba=+0.94 | site=0 sd=0.00 sa=+0.00 | phero=0 pd=0.00 pa=+0.00 | srch=0.50 | wall=1.81

[DEPOSIT] Robot 3 deposited! Total: 20
  [PHERO] Laid at (-1.21, 0.90) density=12 prob=1.00 total_entries=11
  [TARGET] Robot 3 → SITE (-1.21,0.90)
[DEPOSIT] Robot 1 deposited! Total: 21
  [PHERO] Laid at (-0.46, -0.95) density=6 prob=0.97 total_entries=12
  [TARGET] Robot 1 → SITE (-0.46,-0.95)
[PICKUP] Robot 4 picked up tag (density=19) | Total: 22

======================================================================
Step 6000 (3.2 min) | Pickups: 22 | Deposits: 21 | Rate: 6.56 tags/min | phero_entries=10 phero_max=0.579
======================================================================
R1[SITE      ]: L=+0.85 R=+1.00 | carry=0 | base=0.31 ba=+0.81 | site=1 sd=0.10 sa=+0.40 | phero=0 pd=0.00 pa=+0.00 | srch=0.09 | wall=1.72
R2[WALL_ESC  ]: L=+0.00 R=+1.00 | carry=0 | base=0.64 ba=+0.56 | site=0 sd=0.00 sa=+0.00 | phero=0 pd=0.00 pa=+0.00 | srch=0.34 | wall=0.34
R3[SITE      ]: L=-0.06 R=-0.06 | carry=0 | base=0.11 ba=-0.81 | site=1 sd=0.34 sa=-0.01 | phero=0 pd=0.00 pa=+0.00 | srch=0.12 | wall=2.12
R4[RTB       ]: L=+1.00 R=+1.00 | carry=1 | base=0.24 ba=-0.00 | site=0 sd=0.00 sa=+0.00 | phero=0 pd=0.00 pa=+0.00 | srch=0.00 | wall=1.73

[PICKUP] Robot 1 picked up tag (density=5) | Total: 23
[DEPOSIT] Robot 4 deposited! Total: 22
  [PHERO] Laid at (1.39, 0.75) density=19 prob=1.00 total_entries=11
  [TARGET] Robot 4 → SITE (1.39,0.75)
[DEPOSIT] Robot 1 deposited! Total: 23
  [PHERO] Laid at (-0.76, -0.95) density=5 prob=0.92 total_entries=12
  [TARGET] Robot 1 → SITE (-0.76,-0.95)

======================================================================
Step 6500 (3.5 min) | Pickups: 23 | Deposits: 23 | Rate: 6.63 tags/min | phero_entries=10 phero_max=0.823
======================================================================
R1[SITE      ]: L=+1.00 R=+1.00 | carry=0 | base=0.09 ba=+0.91 | site=1 sd=0.27 sa=-0.25 | phero=0 pd=0.00 pa=+0.00 | srch=0.03 | wall=2.21
R2[EXPLORE   ]: L=+1.00 R=+1.00 | carry=0 | base=0.53 ba=+0.61 | site=0 sd=0.00 sa=+0.00 | phero=0 pd=0.00 pa=+0.00 | srch=0.47 | wall=0.95
R3[SITE      ]: L=+0.45 R=+0.46 | carry=0 | base=0.39 ba=-0.95 | site=1 sd=0.04 sa=+0.02 | phero=0 pd=0.00 pa=+0.00 | srch=0.25 | wall=1.39
R4[SITE      ]: L=+1.00 R=+1.00 | carry=0 | base=0.32 ba=+0.97 | site=1 sd=0.17 sa=+0.26 | phero=0 pd=0.00 pa=+0.00 | srch=0.09 | wall=1.39

[PICKUP] Robot 3 picked up tag (density=11) | Total: 24
[PICKUP] Robot 4 picked up tag (density=19) | Total: 25
[PICKUP] Robot 1 picked up tag (density=4) | Total: 26

======================================================================
Step 7000 (3.7 min) | Pickups: 26 | Deposits: 23 | Rate: 6.16 tags/min | phero_entries=10 phero_max=0.370
======================================================================
R1[RTB       ]: L=+1.00 R=+1.00 | carry=1 | base=0.17 ba=-0.00 | site=0 sd=0.00 sa=+0.00 | phero=0 pd=0.00 pa=+0.00 | srch=0.00 | wall=2.04
R2[EXPLORE   ]: L=+1.00 R=+1.00 | carry=0 | base=0.60 ba=+0.11 | site=0 sd=0.00 sa=+0.00 | phero=0 pd=0.00 pa=+0.00 | srch=0.59 | wall=0.63
R3[RTB       ]: L=+1.00 R=+1.00 | carry=1 | base=0.10 ba=-0.00 | site=0 sd=0.00 sa=+0.00 | phero=0 pd=0.00 pa=+0.00 | srch=0.00 | wall=2.24
R4[RTB       ]: L=+1.00 R=+1.00 | carry=1 | base=0.21 ba=+0.00 | site=0 sd=0.00 sa=+0.00 | phero=0 pd=0.00 pa=+0.00 | srch=0.00 | wall=1.86

[GIVE-UP] R2 giving up after 2387 steps
[DEPOSIT] Robot 3 deposited! Total: 24
  [PHERO] Laid at (-1.23, 0.93) density=11 prob=1.00 total_entries=11
  [TARGET] Robot 3 → SITE (-1.23,0.93)
[DEPOSIT] Robot 1 deposited! Total: 25
  [PHERO] Laid at (-0.61, -0.98) density=4 prob=0.82 total_entries=12
  [TARGET] Robot 1 → SITE (-0.61,-0.98)
[DEPOSIT] Robot 4 deposited! Total: 26
  [PHERO] Laid at (1.53, 0.67) density=19 prob=1.00 total_entries=13
  [TARGET] Robot 4 → SITE (1.53,0.67)
[PICKUP] Robot 2 picked up tag (density=3) | Total: 27
[DEPOSIT] Robot 2 deposited! Total: 27
  [PHERO] Laid at (-0.63, -1.34) density=3 prob=0.65 total_entries=13
  [TARGET] Robot 2 → SITE (-0.63,-1.34)

======================================================================
Step 7500 (4.0 min) | Pickups: 27 | Deposits: 27 | Rate: 6.75 tags/min | phero_entries=13 phero_max=0.972
======================================================================
R1[SITE      ]: L=+0.50 R=+1.00 | carry=0 | base=0.38 ba=+0.75 | site=1 sd=0.16 sa=+0.41 | phero=0 pd=0.00 pa=+0.00 | srch=0.10 | wall=1.40
R2[BASE_ESC  ]: L=+1.00 R=+0.00 | carry=0 | base=0.07 ba=+0.17 | site=1 sd=0.36 sa=-0.84 | phero=0 pd=0.00 pa=+0.00 | srch=0.00 | wall=2.29
R3[SITE      ]: L=+0.87 R=+1.00 | carry=0 | base=0.28 ba=+0.95 | site=1 sd=0.16 sa=-0.01 | phero=0 pd=0.00 pa=+0.00 | srch=0.12 | wall=1.75
R4[SITE      ]: L=+0.88 R=+0.88 | carry=0 | base=0.34 ba=-1.00 | site=1 sd=0.14 sa=-0.03 | phero=0 pd=0.00 pa=+0.00 | srch=0.09 | wall=1.42

[PICKUP] Robot 1 picked up tag (density=2) | Total: 28
[PICKUP] Robot 4 picked up tag (density=18) | Total: 29
[PICKUP] Robot 3 picked up tag (density=10) | Total: 30
[DEPOSIT] Robot 1 deposited! Total: 28
  [TARGET] Robot 1 → SITE (-0.88,-1.12)
[PICKUP] Robot 2 picked up tag (density=1) | Total: 31

======================================================================
Step 8000 (4.3 min) | Pickups: 31 | Deposits: 28 | Rate: 6.56 tags/min | phero_entries=12 phero_max=0.437
======================================================================
R1[BASE_ESC  ]: L=+1.00 R=+0.00 | carry=0 | base=0.07 ba=+0.17 | site=1 sd=0.34 sa=-0.86 | phero=0 pd=0.00 pa=+0.00 | srch=0.00 | wall=2.31
R2[RTB       ]: L=+1.00 R=+0.00 | carry=1 | base=0.44 ba=-0.63 | site=0 sd=0.00 sa=+0.00 | phero=0 pd=0.00 pa=+0.00 | srch=0.00 | wall=1.15
R3[RTB       ]: L=+1.00 R=+1.00 | carry=1 | base=0.24 ba=+0.00 | site=0 sd=0.00 sa=+0.00 | phero=0 pd=0.00 pa=+0.00 | srch=0.00 | wall=1.78
R4[RTB       ]: L=+1.00 R=+1.00 | carry=1 | base=0.23 ba=-0.00 | site=0 sd=0.00 sa=+0.00 | phero=0 pd=0.00 pa=+0.00 | srch=0.00 | wall=1.76

[DEPOSIT] Robot 4 deposited! Total: 29
  [PHERO] Laid at (1.59, 0.68) density=18 prob=1.00 total_entries=12
  [TARGET] Robot 4 → SITE (1.59,0.68)
[DEPOSIT] Robot 3 deposited! Total: 30
  [PHERO] Laid at (-1.29, 0.93) density=10 prob=1.00 total_entries=13
  [TARGET] Robot 3 → SITE (-1.29,0.93)
[DEPOSIT] Robot 2 deposited! Total: 31
  [PHERO] Laid at (-0.71, -1.35) density=1 prob=0.20 total_entries=14
  [TARGET] Robot 2 → SITE (-0.71,-1.35)

======================================================================
Step 8500 (4.5 min) | Pickups: 31 | Deposits: 31 | Rate: 6.84 tags/min | phero_entries=14 phero_max=0.844
======================================================================
R1[SITE      ]: L=+1.00 R=+0.83 | carry=0 | base=0.41 ba=-0.60 | site=1 sd=0.05 sa=-0.17 | phero=0 pd=0.00 pa=+0.00 | srch=0.13 | wall=1.26
R2[BASE_ESC  ]: L=+0.42 R=+1.00 | carry=0 | base=0.07 ba=-0.87 | site=1 sd=0.37 sa=+0.24 | phero=0 pd=0.00 pa=+0.00 | srch=0.03 | wall=2.33
R3[SITE      ]: L=+0.99 R=+0.98 | carry=0 | base=0.23 ba=-0.95 | site=1 sd=0.22 sa=-0.01 | phero=0 pd=0.00 pa=+0.00 | srch=0.09 | wall=1.80
R4[SITE      ]: L=+0.92 R=+1.00 | carry=0 | base=0.33 ba=+0.89 | site=1 sd=0.25 sa=+0.25 | phero=0 pd=0.00 pa=+0.00 | srch=0.09 | wall=1.34

[PICKUP] Robot 4 picked up tag (density=17) | Total: 32
[PICKUP] Robot 3 picked up tag (density=9) | Total: 33

======================================================================
Step 9000 (4.8 min) | Pickups: 33 | Deposits: 31 | Rate: 6.46 tags/min | phero_entries=12 phero_max=0.379
======================================================================
R1[EXPLORE   ]: L=+1.00 R=+1.00 | carry=0 | base=0.57 ba=-0.75 | site=0 sd=0.00 sa=+0.00 | phero=0 pd=0.00 pa=+0.00 | srch=0.25 | wall=0.53
R2[EXPLORE   ]: L=+1.00 R=+1.00 | carry=0 | base=0.46 ba=+0.57 | site=0 sd=0.00 sa=+0.00 | phero=0 pd=0.00 pa=+0.00 | srch=0.15 | wall=1.00
R3[RTB       ]: L=+0.99 R=+1.00 | carry=1 | base=0.34 ba=+0.00 | site=0 sd=0.00 sa=+0.00 | phero=0 pd=0.00 pa=+0.00 | srch=0.00 | wall=1.46
R4[RTB       ]: L=+1.00 R=+1.00 | carry=1 | base=0.36 ba=+0.00 | site=0 sd=0.00 sa=+0.00 | phero=0 pd=0.00 pa=+0.00 | srch=0.00 | wall=1.40

[DEPOSIT] Robot 3 deposited! Total: 32
  [PHERO] Laid at (-1.25, 0.88) density=9 prob=1.00 total_entries=13
  [TARGET] Robot 3 → SITE (-1.25,0.88)
[DEPOSIT] Robot 4 deposited! Total: 33
  [PHERO] Laid at (1.61, 0.73) density=17 prob=1.00 total_entries=14
  [TARGET] Robot 4 → SITE (1.61,0.73)
[PICKUP] Robot 1 picked up tag (density=8) | Total: 34

======================================================================
Step 9500 (5.1 min) | Pickups: 34 | Deposits: 33 | Rate: 6.51 tags/min | phero_entries=13 phero_max=0.681
======================================================================
R1[RTB       ]: L=+1.00 R=+1.00 | carry=1 | base=0.38 ba=-0.00 | site=0 sd=0.00 sa=+0.00 | phero=0 pd=0.00 pa=+0.00 | srch=0.00 | wall=1.32
R2[EXPLORE   ]: L=+1.00 R=+1.00 | carry=0 | base=0.55 ba=+0.35 | site=0 sd=0.00 sa=+0.00 | phero=0 pd=0.00 pa=+0.00 | srch=0.28 | wall=0.73
R3[SITE      ]: L=+0.72 R=+0.72 | carry=0 | base=0.18 ba=-0.91 | site=1 sd=0.26 sa=+0.03 | phero=0 pd=0.00 pa=+0.00 | srch=0.06 | wall=1.94
R4[SITE      ]: L=+1.00 R=+1.00 | carry=0 | base=0.19 ba=-0.91 | site=1 sd=0.32 sa=+0.05 | phero=0 pd=0.00 pa=+0.00 | srch=0.06 | wall=1.92

[DEPOSIT] Robot 1 deposited! Total: 34
  [PHERO] Laid at (-1.74, 0.79) density=8 prob=1.00 total_entries=14
  [TARGET] Robot 1 → SITE (-1.74,0.79)
[PICKUP] Robot 4 picked up tag (density=16) | Total: 35

======================================================================
Step 10000 (5.3 min) | Pickups: 35 | Deposits: 34 | Rate: 6.38 tags/min | phero_entries=12 phero_max=0.703
======================================================================
R1[SITE      ]: L=+1.00 R=+1.00 | carry=0 | base=0.19 ba=-0.96 | site=1 sd=0.39 sa=+0.27 | phero=0 pd=0.00 pa=+0.00 | srch=0.05 | wall=1.97
R2[EXPLORE   ]: L=+1.00 R=+1.00 | carry=0 | base=0.58 ba=+0.67 | site=0 sd=0.00 sa=+0.00 | phero=0 pd=0.00 pa=+0.00 | srch=0.40 | wall=0.48
R3[SITE      ]: L=+0.23 R=+0.19 | carry=0 | base=0.41 ba=+0.96 | site=1 sd=0.03 sa=-0.11 | phero=0 pd=0.00 pa=+0.00 | srch=0.19 | wall=1.32
R4[RTB       ]: L=+1.00 R=+1.00 | carry=1 | base=0.40 ba=+0.00 | site=0 sd=0.00 sa=+0.00 | phero=0 pd=0.00 pa=+0.00 | srch=0.00 | wall=1.27

[DEPOSIT] Robot 4 deposited! Total: 35
  [PHERO] Laid at (1.63, 0.73) density=16 prob=1.00 total_entries=13
  [TARGET] Robot 4 → SITE (1.63,0.73)

======================================================================
Step 10500 (5.6 min) | Pickups: 35 | Deposits: 35 | Rate: 6.25 tags/min | phero_entries=12 phero_max=0.724
======================================================================
R1[SITE      ]: L=+0.96 R=+1.00 | carry=0 | base=0.60 ba=+0.46 | site=1 sd=0.14 sa=+0.11 | phero=0 pd=0.00 pa=+0.00 | srch=0.18 | wall=0.85
R2[EXPLORE   ]: L=+1.00 R=+1.00 | carry=0 | base=0.36 ba=+0.42 | site=0 sd=0.00 sa=+0.00 | phero=0 pd=0.00 pa=+0.00 | srch=0.53 | wall=1.51
R3[EXPLORE   ]: L=+1.00 R=+0.74 | carry=0 | base=0.48 ba=-0.57 | site=0 sd=0.00 sa=+0.00 | phero=0 pd=0.00 pa=+0.00 | srch=0.31 | wall=1.23
R4[SITE      ]: L=+1.00 R=+1.00 | carry=0 | base=0.16 ba=-0.97 | site=1 sd=0.36 sa=-0.09 | phero=0 pd=0.00 pa=+0.00 | srch=0.05 | wall=2.07

[PICKUP] Robot 2 picked up tag (density=5) | Total: 36
[PICKUP] Robot 3 picked up tag (density=2) | Total: 37
[GIVE-UP] R4 giving up after 610 steps

======================================================================
Step 11000 (5.9 min) | Pickups: 37 | Deposits: 35 | Rate: 5.97 tags/min | phero_entries=11 phero_max=0.325
======================================================================
R1[EXPLORE   ]: L=+1.00 R=+1.00 | carry=0 | base=0.41 ba=+0.52 | site=0 sd=0.00 sa=+0.00 | phero=0 pd=0.00 pa=+0.00 | srch=0.31 | wall=1.16
R2[RTB       ]: L=+1.00 R=+1.00 | carry=1 | base=0.11 ba=+0.00 | site=0 sd=0.00 sa=+0.00 | phero=0 pd=0.00 pa=+0.00 | srch=0.00 | wall=2.13
R3[RTB       ]: L=+0.99 R=+1.00 | carry=1 | base=0.13 ba=+0.00 | site=0 sd=0.00 sa=+0.00 | phero=0 pd=0.00 pa=+0.00 | srch=0.00 | wall=2.03
R4[GIVE_UP   ]: L=+1.00 R=+0.41 | carry=0 | base=0.57 ba=-0.22 | site=0 sd=0.00 sa=+0.00 | phero=0 pd=0.00 pa=+0.00 | srch=0.18 | wall=0.60

[DEPOSIT] Robot 2 deposited! Total: 36
  [PHERO] Laid at (0.39, 1.26) density=5 prob=0.92 total_entries=12
  [TARGET] Robot 2 → SITE (0.39,1.26)
[DEPOSIT] Robot 3 deposited! Total: 37
  [PHERO] Laid at (-0.77, 0.09) density=2 prob=0.42 total_entries=13
  [TARGET] Robot 3 → SITE (-0.77,0.09)
[GIVE-UP] R1 giving up after 1316 steps
[EMPTY_RTN] R1 → phero(1.63,0.73)
[EMPTY_RTN] R4 → phero(-0.77,0.09)

======================================================================
Step 11500 (6.1 min) | Pickups: 37 | Deposits: 37 | Rate: 6.03 tags/min | phero_entries=10 phero_max=0.492
======================================================================
R1[BASE_ESC  ]: L=+1.00 R=+0.00 | carry=0 | base=0.06 ba=+0.44 | site=0 sd=0.00 sa=+0.00 | phero=1 pd=0.57 pa=+0.34 | srch=0.01 | wall=2.34
R2[SITE      ]: L=+0.33 R=+0.31 | carry=0 | base=0.37 ba=-0.61 | site=1 sd=0.03 sa=+0.01 | phero=0 pd=0.00 pa=+0.00 | srch=0.12 | wall=1.25
R3[EXPLORE   ]: L=+1.00 R=-0.45 | carry=0 | base=0.35 ba=-0.54 | site=0 sd=0.00 sa=+0.00 | phero=0 pd=0.00 pa=+0.00 | srch=0.11 | wall=1.36
R4[BASE_ESC  ]: L=+0.00 R=+1.00 | carry=0 | base=0.06 ba=-0.31 | site=0 sd=0.00 sa=+0.00 | phero=1 pd=0.28 pa=-0.40 | srch=0.01 | wall=2.29


======================================================================
Step 12000 (6.4 min) | Pickups: 37 | Deposits: 37 | Rate: 5.78 tags/min | phero_entries=9 phero_max=0.221
======================================================================
R1[PHERO     ]: L=+0.80 R=+0.74 | carry=0 | base=0.10 ba=+0.37 | site=0 sd=0.00 sa=+0.00 | phero=1 pd=0.48 pa=-0.21 | srch=0.14 | wall=2.24
R2[EXPLORE   ]: L=+1.00 R=+1.00 | carry=0 | base=0.23 ba=+0.26 | site=0 sd=0.00 sa=+0.00 | phero=0 pd=0.00 pa=+0.00 | srch=0.24 | wall=1.72
R3[EXPLORE   ]: L=+1.00 R=-0.55 | carry=0 | base=0.37 ba=-0.48 | site=0 sd=0.00 sa=+0.00 | phero=0 pd=0.00 pa=+0.00 | srch=0.24 | wall=1.25
R4[PHERO     ]: L=+1.00 R=-1.00 | carry=0 | base=0.07 ba=-0.64 | site=0 sd=0.00 sa=+0.00 | phero=1 pd=0.29 pa=-0.57 | srch=0.13 | wall=2.27

[GIVE-UP] R2 giving up after 1122 steps
[EMPTY_RTN] R2 → phero(0.39,1.26)
[GIVE-UP] R3 giving up after 1438 steps

======================================================================
Step 12500 (6.7 min) | Pickups: 37 | Deposits: 37 | Rate: 5.55 tags/min | phero_entries=7 phero_max=0.099
======================================================================
R1[PHERO     ]: L=+1.00 R=+0.96 | carry=0 | base=0.45 ba=-0.78 | site=0 sd=0.00 sa=+0.00 | phero=1 pd=0.14 pa=-0.17 | srch=0.26 | wall=1.28
R2[PHERO     ]: L=-0.33 R=-0.39 | carry=0 | base=0.07 ba=-0.48 | site=0 sd=0.00 sa=+0.00 | phero=1 pd=0.38 pa=-0.02 | srch=0.05 | wall=2.26
R3[GIVE_UP   ]: L=+0.00 R=+1.00 | carry=0 | base=0.38 ba=+0.72 | site=0 sd=0.00 sa=+0.00 | phero=0 pd=0.00 pa=+0.00 | srch=0.36 | wall=1.17
R4[BASE_ESC  ]: L=+0.00 R=+1.00 | carry=0 | base=0.07 ba=-0.66 | site=0 sd=0.00 sa=+0.00 | phero=1 pd=0.26 pa=-0.42 | srch=0.26 | wall=2.30

[PICKUP] Robot 1 picked up tag (density=15) | Total: 38
[PICKUP] Robot 3 picked up tag (density=1) | Total: 39
[DEPOSIT] Robot 3 deposited! Total: 38
  [TARGET] Robot 3 → SITE (-0.93,-0.15)
[DEPOSIT] Robot 1 deposited! Total: 39
  [PHERO] Laid at (1.38, 0.97) density=15 prob=1.00 total_entries=7
  [TARGET] Robot 1 → SITE (1.38,0.97)

======================================================================
Step 13000 (6.9 min) | Pickups: 39 | Deposits: 39 | Rate: 5.62 tags/min | phero_entries=7 phero_max=0.998
======================================================================
R1[BASE_ESC  ]: L=+0.00 R=+1.00 | carry=0 | base=0.07 ba=-0.00 | site=1 sd=0.41 sa=-0.97 | phero=0 pd=0.00 pa=+0.00 | srch=0.00 | wall=2.29
R2[PHERO     ]: L=-0.71 R=+0.18 | carry=0 | base=0.19 ba=-0.84 | site=0 sd=0.00 sa=+0.00 | phero=1 pd=0.24 pa=-0.15 | srch=0.18 | wall=1.87
R3[SITE      ]: L=+1.00 R=+1.00 | carry=0 | base=0.09 ba=+0.98 | site=1 sd=0.18 sa=-0.15 | phero=0 pd=0.00 pa=+0.00 | srch=0.03 | wall=2.22
R4[PHERO     ]: L=+1.00 R=+1.00 | carry=0 | base=0.17 ba=-0.94 | site=0 sd=0.00 sa=+0.00 | phero=1 pd=0.05 pa=+0.07 | srch=0.38 | wall=1.90

[PICKUP] Robot 2 picked up tag (density=4) | Total: 40

======================================================================
Step 13500 (7.2 min) | Pickups: 40 | Deposits: 39 | Rate: 5.42 tags/min | phero_entries=7 phero_max=0.449
======================================================================
R1[SITE      ]: L=+0.90 R=+1.00 | carry=0 | base=0.47 ba=+0.76 | site=1 sd=0.12 sa=+0.27 | phero=0 pd=0.00 pa=+0.00 | srch=0.13 | wall=0.96
R2[RTB       ]: L=+1.00 R=+1.00 | carry=1 | base=0.14 ba=-0.00 | site=0 sd=0.00 sa=+0.00 | phero=0 pd=0.00 pa=+0.00 | srch=0.00 | wall=2.02
R3[EXPLORE   ]: L=+1.00 R=+1.00 | carry=0 | base=0.60 ba=-0.95 | site=0 sd=0.00 sa=+0.00 | phero=0 pd=0.00 pa=+0.00 | srch=0.16 | wall=0.41
R4[EXPLORE   ]: L=+1.00 R=+0.91 | carry=0 | base=0.35 ba=-0.19 | site=0 sd=0.00 sa=+0.00 | phero=0 pd=0.00 pa=+0.00 | srch=0.51 | wall=1.59

[PICKUP] Robot 1 picked up tag (density=14) | Total: 41
[DEPOSIT] Robot 2 deposited! Total: 40
  [PHERO] Laid at (0.16, 1.29) density=4 prob=0.82 total_entries=8
  [TARGET] Robot 2 → SITE (0.16,1.29)

======================================================================
Step 14000 (7.5 min) | Pickups: 41 | Deposits: 40 | Rate: 5.36 tags/min | phero_entries=6 phero_max=0.496
======================================================================
R1[RTB       ]: L=+1.00 R=+1.00 | carry=1 | base=0.08 ba=+0.00 | site=0 sd=0.00 sa=+0.00 | phero=0 pd=0.00 pa=+0.00 | srch=0.00 | wall=2.25
R2[EXPLORE   ]: L=+1.00 R=+1.00 | carry=0 | base=0.38 ba=+0.69 | site=0 sd=0.00 sa=+0.00 | phero=0 pd=0.00 pa=+0.00 | srch=0.11 | wall=1.18
R3[EXPLORE   ]: L=+1.00 R=+1.00 | carry=0 | base=0.27 ba=-0.29 | site=0 sd=0.00 sa=+0.00 | phero=0 pd=0.00 pa=+0.00 | srch=0.28 | wall=1.70
R4[EXPLORE   ]: L=+1.00 R=+1.00 | carry=0 | base=0.23 ba=-0.94 | site=0 sd=0.00 sa=+0.00 | phero=0 pd=0.00 pa=+0.00 | srch=0.63 | wall=1.79

[DEPOSIT] Robot 1 deposited! Total: 41
  [PHERO] Laid at (1.59, 0.74) density=14 prob=1.00 total_entries=7
  [TARGET] Robot 1 → SITE (1.59,0.74)
[GIVE-UP] R4 giving up after 3002 steps

======================================================================
Step 14500 (7.7 min) | Pickups: 41 | Deposits: 41 | Rate: 5.30 tags/min | phero_entries=6 phero_max=0.455
======================================================================
R1[SITE      ]: L=+1.00 R=+1.00 | carry=0 | base=0.45 ba=-0.86 | site=1 sd=0.06 sa=+0.00 | phero=0 pd=0.00 pa=+0.00 | srch=0.12 | wall=1.11
R2[EXPLORE   ]: L=+1.00 R=+1.00 | carry=0 | base=0.61 ba=+0.36 | site=0 sd=0.00 sa=+0.00 | phero=0 pd=0.00 pa=+0.00 | srch=0.23 | wall=0.66
R3[EXPLORE   ]: L=+1.00 R=+1.00 | carry=0 | base=0.45 ba=-0.83 | site=0 sd=0.00 sa=+0.00 | phero=0 pd=0.00 pa=+0.00 | srch=0.41 | wall=1.29
R4[WALL_ESC  ]: L=+1.00 R=+0.00 | carry=0 | base=0.75 ba=-0.74 | site=0 sd=0.00 sa=+0.00 | phero=0 pd=0.00 pa=+0.00 | srch=0.76 | wall=0.34

[PICKUP] Robot 1 picked up tag (density=13) | Total: 42
[PICKUP] Robot 2 picked up tag (density=7) | Total: 43

======================================================================
Step 15000 (8.0 min) | Pickups: 43 | Deposits: 41 | Rate: 5.12 tags/min | phero_entries=5 phero_max=0.204
======================================================================
R1[RTB       ]: L=+1.00 R=+1.00 | carry=1 | base=0.14 ba=-0.00 | site=0 sd=0.00 sa=+0.00 | phero=0 pd=0.00 pa=+0.00 | srch=0.00 | wall=2.04
R2[RTB       ]: L=+1.00 R=+1.00 | carry=1 | base=0.32 ba=+0.00 | site=0 sd=0.00 sa=+0.00 | phero=0 pd=0.00 pa=+0.00 | srch=0.00 | wall=1.53
R3[EXPLORE   ]: L=+1.00 R=+1.00 | carry=0 | base=0.70 ba=-0.05 | site=0 sd=0.00 sa=+0.00 | phero=0 pd=0.00 pa=+0.00 | srch=0.53 | wall=0.50
R4[GIVE_UP   ]: L=+1.00 R=+1.00 | carry=0 | base=0.29 ba=-0.00 | site=0 sd=0.00 sa=+0.00 | phero=0 pd=0.00 pa=+0.00 | srch=0.88 | wall=1.68

[PICKUP] Robot 3 picked up tag (density=12) | Total: 44
[DEPOSIT] Robot 1 deposited! Total: 42
  [PHERO] Laid at (1.62, 0.74) density=13 prob=1.00 total_entries=6
  [TARGET] Robot 1 → SITE (1.62,0.74)
[EMPTY_RTN] R4 → phero(1.62,0.74)
[DEPOSIT] Robot 2 deposited! Total: 43
  [PHERO] Laid at (-1.61, 1.07) density=7 prob=0.99 total_entries=7
  [TARGET] Robot 2 → SITE (-1.61,1.07)

======================================================================
Step 15500 (8.3 min) | Pickups: 44 | Deposits: 43 | Rate: 5.20 tags/min | phero_entries=5 phero_max=0.647
======================================================================
R1[SITE      ]: L=+0.94 R=+1.00 | carry=0 | base=0.40 ba=+0.82 | site=1 sd=0.16 sa=+0.13 | phero=0 pd=0.00 pa=+0.00 | srch=0.11 | wall=1.13
R2[SITE      ]: L=+1.00 R=+1.00 | carry=0 | base=0.25 ba=+0.97 | site=1 sd=0.36 sa=-0.30 | phero=0 pd=0.00 pa=+0.00 | srch=0.07 | wall=1.64
R3[RTB       ]: L=+1.00 R=+1.00 | carry=1 | base=0.15 ba=-0.00 | site=0 sd=0.00 sa=+0.00 | phero=0 pd=0.00 pa=+0.00 | srch=0.00 | wall=2.06
R4[PHERO     ]: L=+0.78 R=+0.79 | carry=0 | base=0.24 ba=-0.97 | site=0 sd=0.00 sa=+0.00 | phero=1 pd=0.26 pa=+0.04 | srch=0.07 | wall=1.71

[DEPOSIT] Robot 3 deposited! Total: 44
  [PHERO] Laid at (1.83, 1.24) density=12 prob=1.00 total_entries=6
  [TARGET] Robot 3 → SITE (1.83,1.24)
[PICKUP] Robot 1 picked up tag (density=11) | Total: 45
[PICKUP] Robot 2 picked up tag (density=6) | Total: 46

======================================================================
Step 16000 (8.5 min) | Pickups: 46 | Deposits: 44 | Rate: 5.16 tags/min | phero_entries=6 phero_max=0.506
======================================================================
R1[RTB       ]: L=+1.00 R=+1.00 | carry=1 | base=0.28 ba=-0.00 | site=0 sd=0.00 sa=+0.00 | phero=0 pd=0.00 pa=+0.00 | srch=0.00 | wall=1.63
R2[RTB       ]: L=+1.00 R=+1.00 | carry=1 | base=0.40 ba=-0.00 | site=0 sd=0.00 sa=+0.00 | phero=0 pd=0.00 pa=+0.00 | srch=0.00 | wall=1.24
R3[SITE      ]: L=+1.00 R=+1.00 | carry=0 | base=0.37 ba=+0.86 | site=1 sd=0.27 sa=-0.14 | phero=0 pd=0.00 pa=+0.00 | srch=0.11 | wall=1.43
R4[PHERO     ]: L=+0.23 R=+1.00 | carry=0 | base=0.53 ba=+0.55 | site=0 sd=0.00 sa=+0.00 | phero=1 pd=0.02 pa=+0.49 | srch=0.20 | wall=0.81

[PICKUP] Robot 4 picked up tag (density=10) | Total: 47
[DEPOSIT] Robot 1 deposited! Total: 45
  [PHERO] Laid at (1.69, 0.74) density=11 prob=1.00 total_entries=7
  [TARGET] Robot 1 → SITE (1.69,0.74)
[DEPOSIT] Robot 2 deposited! Total: 46
  [TARGET] Robot 2 → SITE (-1.67,0.73)
[PICKUP] Robot 3 picked up tag (density=9) | Total: 48
[DEPOSIT] Robot 4 deposited! Total: 47
  [PHERO] Laid at (1.64, 0.80) density=10 prob=1.00 total_entries=8
  [TARGET] Robot 4 → SITE (1.64,0.80)

======================================================================
Step 16500 (8.8 min) | Pickups: 48 | Deposits: 47 | Rate: 5.34 tags/min | phero_entries=8 phero_max=0.961
======================================================================
R1[SITE      ]: L=+0.86 R=+1.00 | carry=0 | base=0.28 ba=+0.88 | site=1 sd=0.29 sa=+0.14 | phero=0 pd=0.00 pa=+0.00 | srch=0.08 | wall=1.50
R2[SITE      ]: L=+1.00 R=+1.00 | carry=0 | base=0.15 ba=+0.98 | site=1 sd=0.38 sa=+0.11 | phero=0 pd=0.00 pa=+0.00 | srch=0.05 | wall=2.09
R3[RTB       ]: L=+0.00 R=+1.00 | carry=1 | base=0.51 ba=+0.50 | site=0 sd=0.00 sa=+0.00 | phero=0 pd=0.00 pa=+0.00 | srch=0.00 | wall=1.12
R4[BASE_ESC  ]: L=+1.00 R=+0.00 | carry=0 | base=0.06 ba=+0.25 | site=1 sd=0.46 sa=-0.77 | phero=0 pd=0.00 pa=+0.00 | srch=0.01 | wall=2.30

[PICKUP] Robot 2 picked up tag (density=5) | Total: 49
[PICKUP] Robot 1 picked up tag (density=8) | Total: 50
[DEPOSIT] Robot 3 deposited! Total: 48
  [PHERO] Laid at (1.38, 1.09) density=9 prob=1.00 total_entries=9
  [TARGET] Robot 3 → SITE (1.38,1.09)

======================================================================
Step 17000 (9.1 min) | Pickups: 50 | Deposits: 48 | Rate: 5.29 tags/min | phero_entries=9 phero_max=0.928
======================================================================
R1[RTB       ]: L=+1.00 R=+1.00 | carry=1 | base=0.41 ba=+0.00 | site=0 sd=0.00 sa=+0.00 | phero=0 pd=0.00 pa=+0.00 | srch=0.00 | wall=1.23
R2[RTB       ]: L=+1.00 R=+1.00 | carry=1 | base=0.29 ba=+0.00 | site=0 sd=0.00 sa=+0.00 | phero=0 pd=0.00 pa=+0.00 | srch=0.00 | wall=1.61
R3[BASE_ESC  ]: L=+1.00 R=+0.00 | carry=0 | base=0.06 ba=+0.40 | site=1 sd=0.44 sa=-0.65 | phero=0 pd=0.00 pa=+0.00 | srch=0.01 | wall=2.34
R4[SITE      ]: L=+0.93 R=+1.00 | carry=0 | base=0.50 ba=-0.94 | site=1 sd=0.04 sa=+0.39 | phero=0 pd=0.00 pa=+0.00 | srch=0.13 | wall=0.88

[PICKUP] Robot 4 picked up tag (density=7) | Total: 51
[DEPOSIT] Robot 2 deposited! Total: 49
  [PHERO] Laid at (-1.29, 0.83) density=5 prob=0.92 total_entries=10
  [TARGET] Robot 2 → SITE (-1.29,0.83)
[DEPOSIT] Robot 1 deposited! Total: 50
  [PHERO] Laid at (1.72, 0.81) density=8 prob=1.00 total_entries=11
  [TARGET] Robot 1 → SITE (1.72,0.81)

======================================================================
Step 17500 (9.3 min) | Pickups: 51 | Deposits: 50 | Rate: 5.36 tags/min | phero_entries=10 phero_max=0.739
======================================================================
R1[SITE      ]: L=+1.00 R=+1.00 | carry=0 | base=0.15 ba=+0.96 | site=1 sd=0.41 sa=-0.24 | phero=0 pd=0.00 pa=+0.00 | srch=0.05 | wall=2.08
R2[SITE      ]: L=+1.00 R=+1.00 | carry=0 | base=0.28 ba=+0.97 | site=1 sd=0.25 sa=-0.41 | phero=0 pd=0.00 pa=+0.00 | srch=0.08 | wall=1.53
R3[SITE      ]: L=+0.37 R=+0.36 | carry=0 | base=0.31 ba=-0.96 | site=1 sd=0.21 sa=-0.11 | phero=0 pd=0.00 pa=+0.00 | srch=0.14 | wall=1.70
R4[RTB       ]: L=+1.00 R=+1.00 | carry=1 | base=0.17 ba=+0.00 | site=0 sd=0.00 sa=+0.00 | phero=0 pd=0.00 pa=+0.00 | srch=0.00 | wall=1.99

[DEPOSIT] Robot 4 deposited! Total: 51
  [PHERO] Laid at (1.75, 0.80) density=7 prob=0.99 total_entries=11
  [TARGET] Robot 4 → SITE (1.75,0.80)
[PICKUP] Robot 3 picked up tag (density=6) | Total: 52
[PICKUP] Robot 2 picked up tag (density=4) | Total: 53

======================================================================
Step 18000 (9.6 min) | Pickups: 53 | Deposits: 51 | Rate: 5.31 tags/min | phero_entries=10 phero_max=0.516
======================================================================
R1[EXPLORE   ]: L=+1.00 R=+1.00 | carry=0 | base=0.59 ba=-0.78 | site=0 sd=0.00 sa=+0.00 | phero=0 pd=0.00 pa=+0.00 | srch=0.17 | wall=0.58
R2[RTB       ]: L=+1.00 R=+1.00 | carry=1 | base=0.27 ba=-0.00 | site=0 sd=0.00 sa=+0.00 | phero=0 pd=0.00 pa=+0.00 | srch=0.00 | wall=1.64
R3[RTB       ]: L=+1.00 R=+1.00 | carry=1 | base=0.35 ba=-0.00 | site=0 sd=0.00 sa=+0.00 | phero=0 pd=0.00 pa=+0.00 | srch=0.00 | wall=1.48
R4[SITE      ]: L=+1.00 R=+1.00 | carry=0 | base=0.38 ba=-0.97 | site=1 sd=0.17 sa=+0.02 | phero=0 pd=0.00 pa=+0.00 | srch=0.10 | wall=1.31

[DEPOSIT] Robot 2 deposited! Total: 52
  [PHERO] Laid at (-1.53, 0.63) density=4 prob=0.82 total_entries=11
  [TARGET] Robot 2 → SITE (-1.53,0.63)
[DEPOSIT] Robot 3 deposited! Total: 53
  [PHERO] Laid at (1.40, 1.11) density=6 prob=0.97 total_entries=12
  [TARGET] Robot 3 → SITE (1.40,1.11)

======================================================================
Step 18500 (9.9 min) | Pickups: 53 | Deposits: 53 | Rate: 5.37 tags/min | phero_entries=11 phero_max=0.677
======================================================================
R1[EXPLORE   ]: L=+1.00 R=+1.00 | carry=0 | base=0.32 ba=-0.26 | site=0 sd=0.00 sa=+0.00 | phero=0 pd=0.00 pa=+0.00 | srch=0.30 | wall=1.40
R2[SITE      ]: L=+0.97 R=+1.00 | carry=0 | base=0.29 ba=+0.93 | site=1 sd=0.22 sa=+0.18 | phero=0 pd=0.00 pa=+0.00 | srch=0.08 | wall=1.75
R3[SITE      ]: L=+0.98 R=+1.00 | carry=0 | base=0.20 ba=+0.93 | site=1 sd=0.31 sa=+0.00 | phero=0 pd=0.00 pa=+0.00 | srch=0.06 | wall=1.90
R4[EXPLORE   ]: L=+1.00 R=+1.00 | carry=0 | base=0.52 ba=-0.08 | site=0 sd=0.00 sa=+0.00 | phero=0 pd=0.00 pa=+0.00 | srch=0.23 | wall=0.76

[PICKUP] Robot 2 picked up tag (density=3) | Total: 54
[PICKUP] Robot 3 picked up tag (density=5) | Total: 55

======================================================================
Step 19000 (10.1 min) | Pickups: 55 | Deposits: 53 | Rate: 5.23 tags/min | phero_entries=11 phero_max=0.304
======================================================================
R1[EXPLORE   ]: L=+1.00 R=+1.00 | carry=0 | base=0.40 ba=-0.80 | site=0 sd=0.00 sa=+0.00 | phero=0 pd=0.00 pa=+0.00 | srch=0.42 | wall=1.15
R2[RTB       ]: L=+1.00 R=+1.00 | carry=1 | base=0.15 ba=+0.00 | site=0 sd=0.00 sa=+0.00 | phero=0 pd=0.00 pa=+0.00 | srch=0.00 | wall=2.02
R3[RTB       ]: L=+1.00 R=+0.99 | carry=1 | base=0.44 ba=-0.00 | site=0 sd=0.00 sa=+0.00 | phero=0 pd=0.00 pa=+0.00 | srch=0.00 | wall=1.22
R4[BASE_ESC  ]: L=+1.00 R=+0.00 | carry=0 | base=0.07 ba=+0.69 | site=0 sd=0.00 sa=+0.00 | phero=0 pd=0.00 pa=+0.00 | srch=0.35 | wall=2.32

[DEPOSIT] Robot 2 deposited! Total: 54
  [PHERO] Laid at (-1.29, 0.81) density=3 prob=0.65 total_entries=12
  [TARGET] Robot 2 → SITE (-1.29,0.81)
[DEPOSIT] Robot 3 deposited! Total: 55
  [PHERO] Laid at (1.46, 1.13) density=5 prob=0.92 total_entries=13
  [TARGET] Robot 3 → SITE (1.46,1.13)
[PICKUP] Robot 4 picked up tag (density=3) | Total: 56

======================================================================
Step 19500 (10.4 min) | Pickups: 56 | Deposits: 55 | Rate: 5.29 tags/min | phero_entries=12 phero_max=0.769
======================================================================
R1[EXPLORE   ]: L=+1.00 R=+1.00 | carry=0 | base=0.71 ba=-0.43 | site=0 sd=0.00 sa=+0.00 | phero=0 pd=0.00 pa=+0.00 | srch=0.55 | wall=0.65
R2[SITE      ]: L=+1.00 R=+0.99 | carry=0 | base=0.35 ba=-0.78 | site=1 sd=0.12 sa=-0.06 | phero=0 pd=0.00 pa=+0.00 | srch=0.11 | wall=1.34
R3[SITE      ]: L=+0.97 R=+1.00 | carry=0 | base=0.10 ba=+0.87 | site=1 sd=0.43 sa=-0.05 | phero=0 pd=0.00 pa=+0.00 | srch=0.04 | wall=2.18
R4[RTB       ]: L=+1.00 R=+0.89 | carry=1 | base=0.40 ba=-0.04 | site=0 sd=0.00 sa=+0.00 | phero=0 pd=0.00 pa=+0.00 | srch=0.00 | wall=1.13

[DEPOSIT] Robot 4 deposited! Total: 56
  [PHERO] Laid at (0.12, 1.52) density=3 prob=0.65 total_entries=12
  [TARGET] Robot 4 → SITE (0.12,1.52)

======================================================================
Step 20000 (10.7 min) | Pickups: 56 | Deposits: 56 | Rate: 5.25 tags/min | phero_entries=11 phero_max=0.724
======================================================================
R1[EXPLORE   ]: L=+1.00 R=+1.00 | carry=0 | base=0.49 ba=-0.26 | site=0 sd=0.00 sa=+0.00 | phero=0 pd=0.00 pa=+0.00 | srch=0.67 | wall=0.83
R2[WALL_ESC  ]: L=+1.00 R=+0.00 | carry=0 | base=0.69 ba=-0.53 | site=0 sd=0.00 sa=+0.00 | phero=0 pd=0.00 pa=+0.00 | srch=0.23 | wall=0.34
R3[SITE      ]: L=+0.73 R=+0.75 | carry=0 | base=0.49 ba=-0.95 | site=1 sd=0.04 sa=+0.02 | phero=0 pd=0.00 pa=+0.00 | srch=0.17 | wall=1.15
R4[SITE      ]: L=+0.96 R=+0.99 | carry=0 | base=0.17 ba=+0.98 | site=1 sd=0.29 sa=+0.15 | phero=0 pd=0.00 pa=+0.00 | srch=0.05 | wall=1.97

[PICKUP] Robot 3 picked up tag (density=4) | Total: 57
[PICKUP] Robot 4 picked up tag (density=2) | Total: 58

======================================================================
Step 20500 (10.9 min) | Pickups: 58 | Deposits: 56 | Rate: 5.12 tags/min | phero_entries=11 phero_max=0.325
======================================================================
R1[EXPLORE   ]: L=+1.00 R=+1.00 | carry=0 | base=0.41 ba=-0.67 | site=0 sd=0.00 sa=+0.00 | phero=0 pd=0.00 pa=+0.00 | srch=0.80 | wall=1.22
R2[EXPLORE   ]: L=+1.00 R=+1.00 | carry=0 | base=0.31 ba=-0.34 | site=0 sd=0.00 sa=+0.00 | phero=0 pd=0.00 pa=+0.00 | srch=0.36 | wall=1.45
R3[RTB       ]: L=+1.00 R=+1.00 | carry=1 | base=0.22 ba=-0.00 | site=0 sd=0.00 sa=+0.00 | phero=0 pd=0.00 pa=+0.00 | srch=0.00 | wall=1.87
R4[RTB       ]: L=+1.00 R=+1.00 | carry=1 | base=0.19 ba=+0.00 | site=0 sd=0.00 sa=+0.00 | phero=0 pd=0.00 pa=+0.00 | srch=0.00 | wall=1.82

[DEPOSIT] Robot 4 deposited! Total: 57
  [PHERO] Laid at (0.27, 1.34) density=2 prob=0.42 total_entries=11
  [TARGET] Robot 4 → SITE (0.27,1.34)
[DEPOSIT] Robot 3 deposited! Total: 58
  [PHERO] Laid at (1.56, 1.18) density=4 prob=0.82 total_entries=12
  [TARGET] Robot 3 → SITE (1.56,1.18)

======================================================================
Step 21000 (11.2 min) | Pickups: 58 | Deposits: 58 | Rate: 5.18 tags/min | phero_entries=11 phero_max=0.557
======================================================================
R1[EXPLORE   ]: L=+1.00 R=+1.00 | carry=0 | base=0.49 ba=-0.16 | site=0 sd=0.00 sa=+0.00 | phero=0 pd=0.00 pa=+0.00 | srch=0.92 | wall=0.79
R2[EXPLORE   ]: L=+1.00 R=+0.97 | carry=0 | base=0.11 ba=+0.12 | site=0 sd=0.00 sa=+0.00 | phero=0 pd=0.00 pa=+0.00 | srch=0.48 | wall=2.12
R3[SITE      ]: L=+1.00 R=+1.00 | carry=0 | base=0.34 ba=+0.93 | site=1 sd=0.24 sa=+0.12 | phero=0 pd=0.00 pa=+0.00 | srch=0.09 | wall=1.39
R4[SITE      ]: L=+0.90 R=+1.00 | carry=0 | base=0.33 ba=+0.97 | site=1 sd=0.07 sa=+0.15 | phero=0 pd=0.00 pa=+0.00 | srch=0.10 | wall=1.38

[PICKUP] Robot 4 picked up tag (density=1) | Total: 59
[PICKUP] Robot 3 picked up tag (density=3) | Total: 60
[DEPOSIT] Robot 4 deposited! Total: 59
  [TARGET] Robot 4 → SITE (0.25,1.43)

======================================================================
Step 21500 (11.5 min) | Pickups: 60 | Deposits: 59 | Rate: 5.15 tags/min | phero_entries=10 phero_max=0.250
======================================================================
R1[EXPLORE   ]: L=+0.09 R=+1.00 | carry=0 | base=0.26 ba=-0.65 | site=0 sd=0.00 sa=+0.00 | phero=0 pd=0.00 pa=+0.00 | srch=1.00 | wall=1.60
R2[EXPLORE   ]: L=+1.00 R=+1.00 | carry=0 | base=0.49 ba=-0.96 | site=0 sd=0.00 sa=+0.00 | phero=0 pd=0.00 pa=+0.00 | srch=0.61 | wall=1.25
R3[RTB       ]: L=+1.00 R=+1.00 | carry=1 | base=0.30 ba=+0.00 | site=0 sd=0.00 sa=+0.00 | phero=0 pd=0.00 pa=+0.00 | srch=0.00 | wall=1.65
R4[BASE_ESC  ]: L=+1.00 R=+0.00 | carry=0 | base=0.07 ba=+0.07 | site=1 sd=0.35 sa=-0.97 | phero=0 pd=0.00 pa=+0.00 | srch=0.00 | wall=2.26

[DEPOSIT] Robot 3 deposited! Total: 60
  [TARGET] Robot 3 → SITE (1.48,0.96)

======================================================================
Step 22000 (11.7 min) | Pickups: 60 | Deposits: 60 | Rate: 5.11 tags/min | phero_entries=7 phero_max=0.112
======================================================================
R1[EXPLORE   ]: L=+1.00 R=+1.00 | carry=0 | base=0.61 ba=+0.22 | site=0 sd=0.00 sa=+0.00 | phero=0 pd=0.00 pa=+0.00 | srch=1.00 | wall=0.42
R2[EXPLORE   ]: L=+1.00 R=+1.00 | carry=0 | base=0.72 ba=-0.07 | site=0 sd=0.00 sa=+0.00 | phero=0 pd=0.00 pa=+0.00 | srch=0.73 | wall=0.54
R3[SITE      ]: L=+1.00 R=+0.98 | carry=0 | base=0.24 ba=-0.93 | site=1 sd=0.26 sa=+0.02 | phero=0 pd=0.00 pa=+0.00 | srch=0.07 | wall=1.83
R4[SITE      ]: L=+0.75 R=+1.00 | carry=0 | base=0.42 ba=+0.66 | site=1 sd=0.03 sa=+0.18 | phero=0 pd=0.00 pa=+0.00 | srch=0.13 | wall=1.08

[PICKUP] Robot 2 picked up tag (density=2) | Total: 61

======================================================================
Step 22500 (12.0 min) | Pickups: 61 | Deposits: 60 | Rate: 5.00 tags/min | phero_entries=7 phero_max=0.051
======================================================================
R1[EXPLORE   ]: L=+1.00 R=+1.00 | carry=0 | base=0.37 ba=+0.54 | site=0 sd=0.00 sa=+0.00 | phero=0 pd=0.00 pa=+0.00 | srch=1.00 | wall=1.34
R2[RTB       ]: L=+1.00 R=+1.00 | carry=1 | base=0.26 ba=+0.00 | site=0 sd=0.00 sa=+0.00 | phero=0 pd=0.00 pa=+0.00 | srch=0.00 | wall=1.82
R3[SITE      ]: L=+0.69 R=+0.70 | carry=0 | base=0.48 ba=-0.81 | site=1 sd=0.03 sa=+0.01 | phero=0 pd=0.00 pa=+0.00 | srch=0.20 | wall=1.12
R4[EXPLORE   ]: L=+1.00 R=+0.29 | carry=0 | base=0.48 ba=-0.76 | site=0 sd=0.00 sa=+0.00 | phero=0 pd=0.00 pa=+0.00 | srch=0.25 | wall=0.86

[PICKUP] Robot 3 picked up tag (density=1) | Total: 62
[DEPOSIT] Robot 2 deposited! Total: 61
  [TARGET] Robot 2 → SITE (1.59,1.14)

======================================================================
Step 23000 (12.3 min) | Pickups: 62 | Deposits: 61 | Rate: 4.97 tags/min | phero_entries=5 phero_max=0.023
======================================================================
R1[WALL_ESC  ]: L=+0.00 R=+1.00 | carry=0 | base=0.68 ba=+0.58 | site=0 sd=0.00 sa=+0.00 | phero=0 pd=0.00 pa=+0.00 | srch=1.00 | wall=0.34
R2[SITE      ]: L=+1.00 R=+0.95 | carry=0 | base=0.30 ba=+0.99 | site=1 sd=0.36 sa=-0.38 | phero=0 pd=0.00 pa=+0.00 | srch=0.08 | wall=1.50
R3[RTB       ]: L=+1.00 R=+1.00 | carry=1 | base=0.18 ba=-0.00 | site=0 sd=0.00 sa=+0.00 | phero=0 pd=0.00 pa=+0.00 | srch=0.00 | wall=1.95
R4[EXPLORE   ]: L=+1.00 R=+0.87 | carry=0 | base=0.48 ba=-0.86 | site=0 sd=0.00 sa=+0.00 | phero=0 pd=0.00 pa=+0.00 | srch=0.38 | wall=0.84

[DEPOSIT] Robot 3 deposited! Total: 62
  [TARGET] Robot 3 → PHERO (0.12,1.52)

======================================================================
Step 23500 (12.5 min) | Pickups: 62 | Deposits: 62 | Rate: 4.95 tags/min | phero_entries=4 phero_max=0.010
======================================================================
R1[EXPLORE   ]: L=+1.00 R=+1.00 | carry=0 | base=0.41 ba=+0.42 | site=0 sd=0.00 sa=+0.00 | phero=0 pd=0.00 pa=+0.00 | srch=1.00 | wall=1.13
R2[EXPLORE   ]: L=+1.00 R=+1.00 | carry=0 | base=0.66 ba=-0.89 | site=0 sd=0.00 sa=+0.00 | phero=0 pd=0.00 pa=+0.00 | srch=0.21 | wall=0.53
R3[PHERO     ]: L=+0.96 R=+1.00 | carry=0 | base=0.32 ba=+0.80 | site=0 sd=0.00 sa=+0.00 | phero=1 pd=0.21 pa=+0.19 | srch=0.10 | wall=1.56
R4[EXPLORE   ]: L=+1.00 R=+0.70 | carry=0 | base=0.52 ba=-0.23 | site=0 sd=0.00 sa=+0.00 | phero=0 pd=0.00 pa=+0.00 | srch=0.50 | wall=0.69


======================================================================
Step 24000 (12.8 min) | Pickups: 62 | Deposits: 62 | Rate: 4.84 tags/min | phero_entries=3 phero_max=0.005
======================================================================
R1[EXPLORE   ]: L=+1.00 R=+1.00 | carry=0 | base=0.60 ba=+0.77 | site=0 sd=0.00 sa=+0.00 | phero=0 pd=0.00 pa=+0.00 | srch=1.00 | wall=0.98
R2[EXPLORE   ]: L=+1.00 R=+1.00 | carry=0 | base=0.34 ba=-0.12 | site=0 sd=0.00 sa=+0.00 | phero=0 pd=0.00 pa=+0.00 | srch=0.33 | wall=1.35
R3[EXPLORE   ]: L=+1.00 R=+1.00 | carry=0 | base=0.39 ba=+0.54 | site=0 sd=0.00 sa=+0.00 | phero=0 pd=0.00 pa=+0.00 | srch=0.23 | wall=1.34
R4[EXPLORE   ]: L=+1.00 R=+1.00 | carry=0 | base=0.58 ba=-0.32 | site=0 sd=0.00 sa=+0.00 | phero=0 pd=0.00 pa=+0.00 | srch=0.63 | wall=0.47

[GIVE-UP] R2 giving up after 1334 steps
[GIVE-UP] R4 giving up after 2629 steps
[PICKUP] Robot 3 picked up tag (density=2) | Total: 63
[EMPTY_RTN] R2 → phero(0.27,1.34)

======================================================================
Step 24500 (13.1 min) | Pickups: 63 | Deposits: 62 | Rate: 4.74 tags/min | phero_entries=2 phero_max=0.002
======================================================================
R1[EXPLORE   ]: L=+1.00 R=+1.00 | carry=0 | base=0.53 ba=+0.07 | site=0 sd=0.00 sa=+0.00 | phero=0 pd=0.00 pa=+0.00 | srch=1.00 | wall=0.91
R2[PHERO     ]: L=+0.96 R=+1.00 | carry=0 | base=0.16 ba=+0.83 | site=0 sd=0.00 sa=+0.00 | phero=1 pd=0.30 pa=+0.22 | srch=0.06 | wall=2.02
R3[RTB       ]: L=+1.00 R=+1.00 | carry=1 | base=0.18 ba=+0.00 | site=0 sd=0.00 sa=+0.00 | phero=0 pd=0.00 pa=+0.00 | srch=0.00 | wall=1.93
R4[GIVE_UP   ]: L=+1.00 R=+1.00 | carry=0 | base=0.14 ba=-0.00 | site=0 sd=0.00 sa=+0.00 | phero=0 pd=0.00 pa=+0.00 | srch=0.75 | wall=2.04

[EMPTY_RTN] R4 → phero(1.56,1.18)
[DEPOSIT] Robot 3 deposited! Total: 63
  [TARGET] Robot 3 → SITE (-1.36,0.87)

======================================================================
Step 25000 (13.3 min) | Pickups: 63 | Deposits: 63 | Rate: 4.72 tags/min | phero_entries=0 phero_max=0.000
======================================================================
R1[EXPLORE   ]: L=+1.00 R=+1.00 | carry=0 | base=0.12 ba=+0.59 | site=0 sd=0.00 sa=+0.00 | phero=0 pd=0.00 pa=+0.00 | srch=1.00 | wall=2.12
R2[EXPLORE   ]: L=+1.00 R=+1.00 | carry=0 | base=0.58 ba=+0.87 | site=0 sd=0.00 sa=+0.00 | phero=0 pd=0.00 pa=+0.00 | srch=0.19 | wall=0.49
R3[SITE      ]: L=+0.48 R=+0.48 | carry=0 | base=0.26 ba=-0.96 | site=1 sd=0.20 sa=+0.03 | phero=0 pd=0.00 pa=+0.00 | srch=0.10 | wall=1.74
R4[PHERO     ]: L=+0.33 R=+0.34 | carry=0 | base=0.22 ba=-0.92 | site=0 sd=0.00 sa=+0.00 | phero=1 pd=0.34 pa=+0.13 | srch=0.11 | wall=1.84

[PICKUP] Robot 3 picked up tag (density=1) | Total: 64

======================================================================
Step 25500 (13.6 min) | Pickups: 64 | Deposits: 63 | Rate: 4.63 tags/min | phero_entries=0 phero_max=0.000
======================================================================
R1[EXPLORE   ]: L=+1.00 R=+1.00 | carry=0 | base=0.59 ba=+0.94 | site=0 sd=0.00 sa=+0.00 | phero=0 pd=0.00 pa=+0.00 | srch=1.00 | wall=0.80
R2[EXPLORE   ]: L=+1.00 R=+1.00 | carry=0 | base=0.33 ba=+0.36 | site=0 sd=0.00 sa=+0.00 | phero=0 pd=0.00 pa=+0.00 | srch=0.31 | wall=1.60
R3[RTB       ]: L=+0.97 R=+1.00 | carry=1 | base=0.41 ba=+0.01 | site=0 sd=0.00 sa=+0.00 | phero=0 pd=0.00 pa=+0.00 | srch=0.00 | wall=1.24
R4[PHERO     ]: L=+0.68 R=+0.73 | carry=0 | base=0.49 ba=+0.90 | site=0 sd=0.00 sa=+0.00 | phero=1 pd=0.09 pa=+0.14 | srch=0.23 | wall=1.03

[DEPOSIT] Robot 3 deposited! Total: 64
  [TARGET] Robot 3 → SITE (-1.37,0.87)
COMPLETION_RESULT pickups=64 deposits=64 steps=25806 elapsed_min=13.763200
BATCH_RESULT pickups=64 deposits=64
