=================================================================
CPFA BASELINE — ARGoS-calibrated parameters
  Params file                  = /home/sara/Documents/RL-FL-Foraging/cpfa_tuning_20260715_140546/trial_016/params.yaml
  Results file                 = /home/sara/Documents/RL-FL-Foraging/controllers/cpfa_baseline/results/cpfa_baseline_results_20260715_143351_1.txt
  RateOfLayingPheromone        = 9.269525506432371
  RateOfSiteFidelity           = 3.0418603997422133
  RateOfPheromoneDecay         = 0.10900006154950968 /s  (lifetime ~63s)
  ProbabilityOfReturningToNest = 0.11968860384506101 (every 5 sec → E[give-up] ~42s)
  UninformedSearchVariation    = 1.19 rad (68.0°)
  RateOfInformedSearchDecay    = 0.966245379066882 /waypoint
  ProbabilityOfSwitchingToSearching = 0.46446942199212116 (every 5 sec in uninformed DEPARTING)
=================================================================

[PICKUP] R1 picked up tag (density=9) | Total: 1
[PICKUP] R4 picked up tag (density=7) | Total: 2
[DEPOSIT] R1 deposited! Total: 1
  [PHERO] Laid at (-0.50, 0.00) density=9 prob=0.55 entries=1
  [TARGET] R1 → SITE (-0.50, 0.00)
[DEPOSIT] R4 deposited! Total: 2
  [TARGET] R4 → SITE (0.00, -0.50)
[PICKUP] R1 picked up tag (density=10) | Total: 3

======================================================================
Step 500 (0.3 min) | Pickups: 3 | Deposits: 2 | Rate: 7.50 tags/min | phero_entries=1 max_w=0.404
======================================================================
R1[SURVEY    ]: carry=1 | base=0.31 | wall=2.20 | search=  0 | target=none
R2[SEARCH    ]: carry=0 | base=1.38 | wall=1.12 | search=344 | target=none
R3[BASE_ESC  ]: carry=0 | base=0.24 | wall=2.27 | search=293 | target=none
R4[SITE      ]: carry=0 | base=0.45 | wall=2.05 | search=  0 | target=site(0.00,-0.50)

[DEPOSIT] R1 deposited! Total: 3
  [PHERO] Laid at (-0.29, -0.08) density=10 prob=0.67 entries=2
  [TARGET] R1 → SITE (-0.29, -0.08)
  [GIVE-UP] R3 returned empty after 624 searching steps
  [TARGET] R3 → PHERO (-0.29, -0.08)
[PICKUP] R1 picked up tag (density=11) | Total: 4

======================================================================
Step 1000 (0.5 min) | Pickups: 4 | Deposits: 3 | Rate: 5.62 tags/min | phero_entries=2 max_w=0.304
======================================================================
R1[SURVEY    ]: carry=1 | base=0.33 | wall=2.20 | search=  0 | target=none
R2[SEARCH    ]: carry=0 | base=0.89 | wall=1.62 | search=844 | target=none
R3[SEARCH    ]: carry=0 | base=0.35 | wall=2.15 | search= 63 | target=phero(-0.29,-0.08)
R4[GIVE_UP   ]: carry=0 | base=0.61 | wall=1.89 | search=468 | target=none

[PICKUP] R4 picked up tag (density=5) | Total: 5
[DEPOSIT] R1 deposited! Total: 4
  [PHERO] Laid at (-0.30, -0.13) density=11 prob=0.78 entries=3
  [TARGET] R1 → SITE (-0.30, -0.13)
  [GIVE-UP] R3 returned empty after 156 searching steps
  [TARGET] R3 → PHERO (-0.29, -0.08)
[PICKUP] R1 picked up tag (density=10) | Total: 6
[DEPOSIT] R4 deposited! Total: 5
  [TARGET] R4 → SITE (0.02, -0.61)

======================================================================
Step 1500 (0.8 min) | Pickups: 6 | Deposits: 5 | Rate: 6.25 tags/min | phero_entries=3 max_w=0.256
======================================================================
R1[SURVEY    ]: carry=1 | base=0.37 | wall=2.16 | search=  0 | target=none
R2[SEARCH    ]: carry=0 | base=0.70 | wall=1.85 | search=1344 | target=none
R3[BASE_ESC  ]: carry=0 | base=0.24 | wall=2.27 | search=102 | target=phero(-0.29,-0.08)
R4[BASE_ESC  ]: carry=0 | base=0.23 | wall=2.29 | search=  0 | target=site(0.02,-0.61)

[DEPOSIT] R1 deposited! Total: 6
  [PHERO] Laid at (-0.34, -0.15) density=10 prob=0.67 entries=4
  [TARGET] R1 → SITE (-0.34, -0.15)
  [GIVE-UP] R3 returned empty after 312 searching steps
  [TARGET] R3 → PHERO (-0.34, -0.15)
[PICKUP] R1 picked up tag (density=9) | Total: 7
  [GIVE-UP] R2 returned empty after 1560 searching steps
  [TARGET] R2 → PHERO (-0.34, -0.15)

======================================================================
Step 2000 (1.1 min) | Pickups: 7 | Deposits: 6 | Rate: 5.62 tags/min | phero_entries=4 max_w=0.279
======================================================================
R1[SURVEY    ]: carry=1 | base=0.45 | wall=2.10 | search=  0 | target=none
R2[BASE_ESC  ]: carry=0 | base=0.23 | wall=2.32 | search=  0 | target=phero(-0.34,-0.15)
R3[SEARCH    ]: carry=0 | base=0.38 | wall=2.18 | search= 32 | target=phero(-0.34,-0.15)
R4[SEARCH    ]: carry=0 | base=0.57 | wall=1.93 | search=362 | target=site(0.02,-0.61)

[DEPOSIT] R1 deposited! Total: 7
  [PHERO] Laid at (-0.37, -0.21) density=9 prob=0.55 entries=5
  [TARGET] R1 → SITE (-0.37, -0.21)
[PICKUP] R4 picked up tag (density=7) | Total: 8
[PICKUP] R2 picked up tag (density=7) | Total: 9
[PICKUP] R1 picked up tag (density=6) | Total: 10
  [GIVE-UP] R3 returned empty after 468 searching steps
  [TARGET] R3 → PHERO (-0.37, -0.21)

======================================================================
Step 2500 (1.3 min) | Pickups: 10 | Deposits: 7 | Rate: 5.25 tags/min | phero_entries=4 max_w=0.321
======================================================================
R1[SURVEY    ]: carry=1 | base=0.45 | wall=2.13 | search=  0 | target=none
R2[SURVEY    ]: carry=1 | base=0.41 | wall=2.13 | search=  0 | target=none
R3[BASE_ESC  ]: carry=0 | base=0.24 | wall=2.26 | search=  0 | target=phero(-0.37,-0.21)
R4[RTB       ]: carry=1 | base=0.27 | wall=2.23 | search=  0 | target=none

[DEPOSIT] R4 deposited! Total: 8
  [PHERO] Laid at (-0.12, -0.40) density=7 prob=0.29 entries=5
  [TARGET] R4 → SITE (-0.12, -0.40)
[DEPOSIT] R2 deposited! Total: 9
  [PHERO] Laid at (-0.38, -0.17) density=7 prob=0.29 entries=6
  [TARGET] R2 → SITE (-0.38, -0.17)
[DEPOSIT] R1 deposited! Total: 10
  [TARGET] R1 → SITE (-0.37, -0.26)
[PICKUP] R4 picked up tag (density=4) | Total: 11

======================================================================
Step 3000 (1.6 min) | Pickups: 11 | Deposits: 10 | Rate: 6.25 tags/min | phero_entries=5 max_w=0.284
======================================================================
R1[SEARCH    ]: carry=0 | base=0.49 | wall=2.14 | search= 88 | target=site(-0.37,-0.26)
R2[SEARCH    ]: carry=0 | base=0.46 | wall=2.11 | search=125 | target=site(-0.38,-0.17)
R3[SEARCH    ]: carry=0 | base=0.42 | wall=2.09 | search=305 | target=phero(-0.37,-0.21)
R4[SURVEY    ]: carry=1 | base=0.49 | wall=2.04 | search=  0 | target=none

[DEPOSIT] R4 deposited! Total: 11
  [TARGET] R4 → SITE (-0.14, -0.47)
  [GIVE-UP] R3 returned empty after 312 searching steps
  [TARGET] R3 → PHERO (-0.38, -0.17)
[PICKUP] R1 picked up tag (density=4) | Total: 12
[PICKUP] R2 picked up tag (density=3) | Total: 13

======================================================================
Step 3500 (1.9 min) | Pickups: 13 | Deposits: 11 | Rate: 5.89 tags/min | phero_entries=4 max_w=0.050
======================================================================
R1[RTB       ]: carry=1 | base=0.49 | wall=2.02 | search=  0 | target=none
R2[WALL_ESC  ]: carry=1 | base=0.51 | wall=2.03 | search=  0 | target=none
R3[SEARCH    ]: carry=0 | base=0.43 | wall=2.09 | search= 84 | target=phero(-0.38,-0.17)
R4[SEARCH    ]: carry=0 | base=0.38 | wall=2.14 | search=156 | target=site(-0.14,-0.47)

[DEPOSIT] R2 deposited! Total: 12
  [TARGET] R2 → SITE (-0.47, -0.18)
[DEPOSIT] R1 deposited! Total: 13
  [TARGET] R1 → SITE (-0.45, -0.15)

======================================================================
Step 4000 (2.1 min) | Pickups: 13 | Deposits: 13 | Rate: 6.09 tags/min | phero_entries=3 max_w=0.009
======================================================================
R1[SEARCH    ]: carry=0 | base=0.46 | wall=2.05 | search= 26 | target=site(-0.45,-0.15)
R2[GIVE_UP   ]: carry=0 | base=0.38 | wall=2.15 | search=156 | target=none
R3[SEARCH    ]: carry=0 | base=0.31 | wall=2.24 | search=584 | target=phero(-0.38,-0.17)
R4[SEARCH    ]: carry=0 | base=0.32 | wall=2.18 | search=656 | target=site(-0.14,-0.47)

  [GIVE-UP] R2 returned empty after 156 searching steps
  [TARGET] R2 → PHERO (-0.38, -0.17)
  [GIVE-UP] R4 returned empty after 1092 searching steps
  [TARGET] R4 → PHERO (-0.12, -0.40)
  [GIVE-UP] R1 returned empty after 312 searching steps
  [TARGET] R1 → PHERO (-0.38, -0.17)

======================================================================
Step 4500 (2.4 min) | Pickups: 13 | Deposits: 13 | Rate: 5.42 tags/min | phero_entries=1 max_w=0.002
======================================================================
R1[BASE_ESC  ]: carry=0 | base=0.23 | wall=2.31 | search=  0 | target=phero(-0.38,-0.17)
R2[SEARCH    ]: carry=0 | base=0.51 | wall=2.00 | search=248 | target=phero(-0.38,-0.17)
R3[BASE_ESC  ]: carry=0 | base=0.25 | wall=2.25 | search=1084 | target=phero(-0.38,-0.17)
R4[BASE_ESC  ]: carry=0 | base=0.24 | wall=2.26 | search=  0 | target=phero(-0.12,-0.40)

[PICKUP] R4 picked up tag (density=2) | Total: 14

======================================================================
Step 5000 (2.7 min) | Pickups: 14 | Deposits: 13 | Rate: 4.88 tags/min | phero_entries=0 max_w=0.000
======================================================================
R1[SEARCH    ]: carry=0 | base=0.39 | wall=2.17 | search=321 | target=phero(-0.38,-0.17)
R2[SEARCH    ]: carry=0 | base=0.59 | wall=1.95 | search=748 | target=phero(-0.38,-0.17)
R3[BASE_ESC  ]: carry=0 | base=0.25 | wall=2.27 | search=1584 | target=phero(-0.38,-0.17)
R4[SURVEY    ]: carry=1 | base=0.45 | wall=2.08 | search=  0 | target=none

  [GIVE-UP] R2 returned empty after 780 searching steps
  [TARGET] R2 → WALL (2.42, 1.60)
[DEPOSIT] R4 deposited! Total: 14
  [TARGET] R4 → SITE (-0.18, -0.42)

======================================================================
Step 5500 (2.9 min) | Pickups: 14 | Deposits: 14 | Rate: 4.77 tags/min | phero_entries=0 max_w=0.000
======================================================================
R1[GIVE_UP   ]: carry=0 | base=0.57 | wall=1.94 | search=780 | target=none
R2[DEPART    ]: carry=0 | base=0.45 | wall=2.08 | search=  0 | target=none
R3[SEARCH    ]: carry=0 | base=0.56 | wall=1.98 | search=2084 | target=phero(-0.38,-0.17)
R4[SEARCH    ]: carry=0 | base=0.47 | wall=2.05 | search= 53 | target=site(-0.18,-0.42)

  [GIVE-UP] R1 returned empty after 780 searching steps
  [TARGET] R1 → WALL (-1.80, 2.42)
[PICKUP] R2 picked up tag (density=12) | Total: 15
[PICKUP] R4 picked up tag (density=1) | Total: 16

======================================================================
Step 6000 (3.2 min) | Pickups: 16 | Deposits: 14 | Rate: 4.38 tags/min | phero_entries=0 max_w=0.000
======================================================================
R1[DEPART    ]: carry=0 | base=1.10 | wall=1.70 | search=  0 | target=none
R2[RTB       ]: carry=1 | base=0.95 | wall=1.74 | search=  0 | target=none
R3[SEARCH    ]: carry=0 | base=0.79 | wall=1.71 | search=2584 | target=phero(-0.38,-0.17)
R4[SURVEY    ]: carry=1 | base=0.52 | wall=2.05 | search=  0 | target=none

[DEPOSIT] R2 deposited! Total: 15
  [PHERO] Laid at (0.85, 0.77) density=12 prob=0.86 entries=1
  [TARGET] R2 → SITE (0.85, 0.77)
[DEPOSIT] R4 deposited! Total: 16
  [TARGET] R4 → PHERO (0.85, 0.77)

======================================================================
Step 6500 (3.5 min) | Pickups: 16 | Deposits: 16 | Rate: 4.62 tags/min | phero_entries=1 max_w=0.332
======================================================================
R1[SEARCH    ]: carry=0 | base=1.39 | wall=1.45 | search=426 | target=none
R2[SITE      ]: carry=0 | base=0.96 | wall=1.77 | search=  0 | target=site(0.85,0.77)
R3[SEARCH    ]: carry=0 | base=0.78 | wall=1.86 | search=3084 | target=phero(-0.38,-0.17)
R4[PHERO     ]: carry=0 | base=0.27 | wall=2.31 | search=  0 | target=phero(0.85,0.77)

[PICKUP] R2 picked up tag (density=11) | Total: 17

======================================================================
Step 7000 (3.7 min) | Pickups: 17 | Deposits: 16 | Rate: 4.29 tags/min | phero_entries=1 max_w=0.058
======================================================================
R1[SEARCH    ]: carry=0 | base=1.59 | wall=1.37 | search=926 | target=none
R2[RTB       ]: carry=1 | base=0.77 | wall=1.90 | search=  0 | target=none
R3[SEARCH    ]: carry=0 | base=0.52 | wall=2.07 | search=3584 | target=phero(-0.38,-0.17)
R4[GIVE_UP   ]: carry=0 | base=0.91 | wall=1.85 | search=156 | target=none

[DEPOSIT] R2 deposited! Total: 17
  [PHERO] Laid at (0.85, 0.83) density=11 prob=0.78 entries=2
  [TARGET] R2 → SITE (0.85, 0.83)
  [GIVE-UP] R4 returned empty after 156 searching steps
  [TARGET] R4 → PHERO (0.85, 0.83)

======================================================================
Step 7500 (4.0 min) | Pickups: 17 | Deposits: 17 | Rate: 4.25 tags/min | phero_entries=2 max_w=0.280
======================================================================
R1[GIVE_UP   ]: carry=0 | base=2.04 | wall=0.85 | search=1404 | target=none
R2[SITE      ]: carry=0 | base=1.13 | wall=1.68 | search=  0 | target=site(0.85,0.83)
R3[SEARCH    ]: carry=0 | base=0.60 | wall=1.99 | search=4084 | target=phero(-0.38,-0.17)
R4[PHERO     ]: carry=0 | base=1.02 | wall=1.76 | search=  0 | target=phero(0.85,0.83)

[PICKUP] R2 picked up tag (density=10) | Total: 18
  [GIVE-UP] R1 returned empty after 1404 searching steps
  [TARGET] R1 → PHERO (0.85, 0.83)

======================================================================
Step 8000 (4.3 min) | Pickups: 18 | Deposits: 17 | Rate: 3.98 tags/min | phero_entries=2 max_w=0.049
======================================================================
R1[BASE_ESC  ]: carry=0 | base=0.23 | wall=2.32 | search=  0 | target=phero(0.85,0.83)
R2[RTB       ]: carry=1 | base=0.44 | wall=2.16 | search=  0 | target=none
R3[GIVE_UP   ]: carry=0 | base=0.29 | wall=2.25 | search=4368 | target=none
R4[SEARCH    ]: carry=0 | base=0.90 | wall=1.86 | search=468 | target=phero(0.85,0.83)

  [GIVE-UP] R3 returned empty after 4368 searching steps
  [TARGET] R3 → PHERO (0.85, 0.83)
[DEPOSIT] R2 deposited! Total: 18
  [TARGET] R2 → SITE (0.86, 0.87)

======================================================================
Step 8500 (4.5 min) | Pickups: 18 | Deposits: 18 | Rate: 3.97 tags/min | phero_entries=1 max_w=0.009
======================================================================
R1[PHERO     ]: carry=0 | base=1.05 | wall=1.74 | search=  0 | target=phero(0.85,0.83)
R2[SEARCH    ]: carry=0 | base=1.21 | wall=1.62 | search= 25 | target=site(0.86,0.87)
R3[PHERO     ]: carry=0 | base=0.72 | wall=1.91 | search=  0 | target=phero(0.85,0.83)
R4[SEARCH    ]: carry=0 | base=1.10 | wall=1.71 | search=968 | target=phero(0.85,0.83)

[PICKUP] R2 picked up tag (density=9) | Total: 19

======================================================================
Step 9000 (4.8 min) | Pickups: 19 | Deposits: 18 | Rate: 3.75 tags/min | phero_entries=1 max_w=0.001
======================================================================
R1[SEARCH    ]: carry=0 | base=0.93 | wall=1.82 | search=465 | target=phero(0.85,0.83)
R2[RTB       ]: carry=1 | base=0.52 | wall=2.08 | search=  0 | target=none
R3[GIVE_UP   ]: carry=0 | base=1.14 | wall=1.66 | search=312 | target=none
R4[GIVE_UP   ]: carry=0 | base=1.05 | wall=1.69 | search=1404 | target=none

[DEPOSIT] R2 deposited! Total: 19
  [TARGET] R2 → SITE (0.93, 0.84)
  [GIVE-UP] R4 returned empty after 1404 searching steps
  [TARGET] R4 → WALL (1.94, 2.42)
  [GIVE-UP] R3 returned empty after 312 searching steps
  [TARGET] R3 → WALL (-0.66, -2.42)

======================================================================
Step 9500 (5.1 min) | Pickups: 19 | Deposits: 19 | Rate: 3.75 tags/min | phero_entries=0 max_w=0.000
======================================================================
R1[GIVE_UP   ]: carry=0 | base=0.34 | wall=2.23 | search=780 | target=none
R2[SEARCH    ]: carry=0 | base=1.27 | wall=1.57 | search= 52 | target=site(0.93,0.84)
R3[BASE_ESC  ]: carry=0 | base=0.24 | wall=2.26 | search=  0 | target=none
R4[DEPART    ]: carry=0 | base=0.71 | wall=1.94 | search=  0 | target=none

[PICKUP] R2 picked up tag (density=8) | Total: 20
  [GIVE-UP] R1 returned empty after 780 searching steps
  [TARGET] R1 → WALL (-0.02, 2.42)
[PICKUP] R4 picked up tag (density=7) | Total: 21

======================================================================
Step 10000 (5.3 min) | Pickups: 21 | Deposits: 19 | Rate: 3.56 tags/min | phero_entries=0 max_w=0.000
======================================================================
R1[SEARCH    ]: carry=0 | base=0.81 | wall=1.69 | search=208 | target=none
R2[RTB       ]: carry=1 | base=0.34 | wall=2.23 | search=  0 | target=none
R3[SEARCH    ]: carry=0 | base=0.56 | wall=2.05 | search=391 | target=none
R4[RTB       ]: carry=1 | base=0.89 | wall=1.83 | search=  0 | target=none

[DEPOSIT] R2 deposited! Total: 20
  [TARGET] R2 → SITE (0.94, 0.85)
[DEPOSIT] R4 deposited! Total: 21
  [TARGET] R4 → SITE (0.89, 0.91)

======================================================================
Step 10500 (5.6 min) | Pickups: 21 | Deposits: 21 | Rate: 3.75 tags/min | phero_entries=0 max_w=0.000
======================================================================
R1[GIVE_UP   ]: carry=0 | base=0.39 | wall=2.13 | search=468 | target=none
R2[SEARCH    ]: carry=0 | base=1.26 | wall=1.60 | search= 94 | target=site(0.94,0.85)
R3[SEARCH    ]: carry=0 | base=0.75 | wall=1.79 | search=891 | target=none
R4[SITE      ]: carry=0 | base=1.03 | wall=1.75 | search=  0 | target=site(0.89,0.91)

  [GIVE-UP] R1 returned empty after 468 searching steps
  [TARGET] R1 → WALL (-2.42, -0.88)
[PICKUP] R4 picked up tag (density=6) | Total: 22

======================================================================
Step 11000 (5.9 min) | Pickups: 22 | Deposits: 21 | Rate: 3.58 tags/min | phero_entries=0 max_w=0.000
======================================================================
R1[SEARCH    ]: carry=0 | base=0.30 | wall=2.20 | search=196 | target=none
R2[SEARCH    ]: carry=0 | base=1.08 | wall=1.57 | search=594 | target=site(0.94,0.85)
R3[SEARCH    ]: carry=0 | base=0.91 | wall=1.65 | search=1391 | target=none
R4[RTB       ]: carry=1 | base=0.78 | wall=1.89 | search=  0 | target=none

[DEPOSIT] R4 deposited! Total: 22
  [TARGET] R4 → SITE (0.93, 0.91)
  [GIVE-UP] R1 returned empty after 468 searching steps
  [TARGET] R1 → WALL (-2.42, 2.22)

======================================================================
Step 11500 (6.1 min) | Pickups: 22 | Deposits: 22 | Rate: 3.59 tags/min | phero_entries=0 max_w=0.000
======================================================================
R1[DEPART    ]: carry=0 | base=0.36 | wall=2.23 | search=  0 | target=none
R2[SEARCH    ]: carry=0 | base=1.21 | wall=1.38 | search=1094 | target=site(0.94,0.85)
R3[SEARCH    ]: carry=0 | base=0.98 | wall=1.55 | search=1891 | target=none
R4[SITE      ]: carry=0 | base=1.14 | wall=1.67 | search=  0 | target=site(0.93,0.91)

[PICKUP] R4 picked up tag (density=5) | Total: 23

======================================================================
Step 12000 (6.4 min) | Pickups: 23 | Deposits: 22 | Rate: 3.44 tags/min | phero_entries=0 max_w=0.000
======================================================================
R1[DEPART    ]: carry=0 | base=2.27 | wall=0.82 | search=  0 | target=none
R2[SEARCH    ]: carry=0 | base=1.21 | wall=1.29 | search=1594 | target=site(0.94,0.85)
R3[SEARCH    ]: carry=0 | base=1.10 | wall=1.45 | search=2391 | target=none
R4[RTB       ]: carry=1 | base=0.78 | wall=1.90 | search=  0 | target=none

[DEPOSIT] R4 deposited! Total: 23
  [TARGET] R4 → SITE (0.95, 0.94)
  [GIVE-UP] R3 returned empty after 2496 searching steps
  [TARGET] R3 → WALL (1.27, -2.42)

======================================================================
Step 12500 (6.7 min) | Pickups: 23 | Deposits: 23 | Rate: 3.45 tags/min | phero_entries=0 max_w=0.000
======================================================================
R1[SEARCH    ]: carry=0 | base=2.62 | wall=0.42 | search=103 | target=none
R2[GIVE_UP   ]: carry=0 | base=0.73 | wall=1.77 | search=1872 | target=none
R3[BASE_ESC  ]: carry=0 | base=0.22 | wall=2.28 | search=  0 | target=none
R4[SITE      ]: carry=0 | base=1.15 | wall=1.67 | search=  0 | target=site(0.95,0.94)

  [GIVE-UP] R2 returned empty after 1872 searching steps
  [TARGET] R2 → WALL (-2.42, -2.38)

======================================================================
Step 13000 (6.9 min) | Pickups: 23 | Deposits: 23 | Rate: 3.32 tags/min | phero_entries=0 max_w=0.000
======================================================================
R1[GIVE_UP   ]: carry=0 | base=2.08 | wall=0.98 | search=312 | target=none
R2[DEPART    ]: carry=0 | base=0.73 | wall=1.83 | search=  0 | target=none
R3[SEARCH    ]: carry=0 | base=0.31 | wall=2.28 | search=266 | target=none
R4[SEARCH    ]: carry=0 | base=1.06 | wall=1.71 | search=466 | target=site(0.95,0.94)

  [GIVE-UP] R1 returned empty after 312 searching steps
  [TARGET] R1 → WALL (-2.42, 2.18)

======================================================================
Step 13500 (7.2 min) | Pickups: 23 | Deposits: 23 | Rate: 3.19 tags/min | phero_entries=0 max_w=0.000
======================================================================
R1[BASE_ESC  ]: carry=0 | base=0.23 | wall=2.34 | search=  0 | target=none
R2[SEARCH    ]: carry=0 | base=1.24 | wall=1.36 | search=450 | target=none
R3[SEARCH    ]: carry=0 | base=0.40 | wall=2.13 | search=766 | target=none
R4[SEARCH    ]: carry=0 | base=0.80 | wall=1.81 | search=966 | target=site(0.95,0.94)


======================================================================
Step 14000 (7.5 min) | Pickups: 23 | Deposits: 23 | Rate: 3.08 tags/min | phero_entries=0 max_w=0.000
======================================================================
R1[SEARCH    ]: carry=0 | base=1.13 | wall=1.69 | search=257 | target=none
R2[SEARCH    ]: carry=0 | base=1.04 | wall=1.56 | search=950 | target=none
R3[GIVE_UP   ]: carry=0 | base=0.37 | wall=2.16 | search=1248 | target=none
R4[GIVE_UP   ]: carry=0 | base=0.29 | wall=2.22 | search=1248 | target=none

  [GIVE-UP] R4 returned empty after 1248 searching steps
  [TARGET] R4 → WALL (-2.42, 1.21)
  [GIVE-UP] R3 returned empty after 1248 searching steps
  [TARGET] R3 → WALL (2.42, 2.10)

======================================================================
Step 14500 (7.7 min) | Pickups: 23 | Deposits: 23 | Rate: 2.97 tags/min | phero_entries=0 max_w=0.000
======================================================================
R1[SEARCH    ]: carry=0 | base=0.54 | wall=2.03 | search=757 | target=none
R2[SEARCH    ]: carry=0 | base=0.89 | wall=1.78 | search=1450 | target=none
R3[DEPART    ]: carry=0 | base=1.18 | wall=1.53 | search=  0 | target=none
R4[SEARCH    ]: carry=0 | base=0.55 | wall=2.04 | search=190 | target=none

[PICKUP] R3 picked up tag (density=4) | Total: 24

======================================================================
Step 15000 (8.0 min) | Pickups: 24 | Deposits: 23 | Rate: 2.88 tags/min | phero_entries=0 max_w=0.000
======================================================================
R1[SEARCH    ]: carry=0 | base=0.40 | wall=2.16 | search=1257 | target=none
R2[SEARCH    ]: carry=0 | base=0.69 | wall=1.92 | search=1950 | target=none
R3[RTB       ]: carry=1 | base=0.38 | wall=2.17 | search=  0 | target=none
R4[SEARCH    ]: carry=0 | base=0.37 | wall=2.17 | search=690 | target=none

[DEPOSIT] R3 deposited! Total: 24
  [TARGET] R3 → SITE (1.01, 0.72)

======================================================================
Step 15500 (8.3 min) | Pickups: 24 | Deposits: 24 | Rate: 2.90 tags/min | phero_entries=0 max_w=0.000
======================================================================
R1[SEARCH    ]: carry=0 | base=0.52 | wall=2.07 | search=1757 | target=none
R2[SEARCH    ]: carry=0 | base=0.27 | wall=2.28 | search=2450 | target=none
R3[SEARCH    ]: carry=0 | base=1.27 | wall=1.43 | search= 91 | target=site(1.01,0.72)
R4[SEARCH    ]: carry=0 | base=0.69 | wall=1.92 | search=1190 | target=none

[PICKUP] R3 picked up tag (density=3) | Total: 25

======================================================================
Step 16000 (8.5 min) | Pickups: 25 | Deposits: 24 | Rate: 2.81 tags/min | phero_entries=0 max_w=0.000
======================================================================
R1[SEARCH    ]: carry=0 | base=0.52 | wall=2.07 | search=2257 | target=none
R2[SEARCH    ]: carry=0 | base=0.27 | wall=2.27 | search=2950 | target=none
R3[RTB       ]: carry=1 | base=0.64 | wall=1.94 | search=  0 | target=none
R4[GIVE_UP   ]: carry=0 | base=0.29 | wall=2.28 | search=1560 | target=none

  [GIVE-UP] R4 returned empty after 1560 searching steps
  [TARGET] R4 → WALL (0.95, 2.42)
[DEPOSIT] R3 deposited! Total: 25
  [TARGET] R3 → SITE (1.10, 0.72)
  [GIVE-UP] R2 returned empty after 2964 searching steps
  [TARGET] R2 → WALL (2.20, -2.42)

======================================================================
Step 16500 (8.8 min) | Pickups: 25 | Deposits: 25 | Rate: 2.84 tags/min | phero_entries=0 max_w=0.000
======================================================================
R1[SEARCH    ]: carry=0 | base=0.69 | wall=1.81 | search=2757 | target=none
R2[SEARCH    ]: carry=0 | base=0.93 | wall=1.78 | search=134 | target=none
R3[SITE      ]: carry=0 | base=1.22 | wall=1.47 | search=  0 | target=site(1.10,0.72)
R4[SEARCH    ]: carry=0 | base=0.84 | wall=1.88 | search=191 | target=none

  [GIVE-UP] R1 returned empty after 2964 searching steps
  [TARGET] R1 → WALL (-1.94, -2.42)
[PICKUP] R3 picked up tag (density=2) | Total: 26

======================================================================
Step 17000 (9.1 min) | Pickups: 26 | Deposits: 25 | Rate: 2.76 tags/min | phero_entries=0 max_w=0.000
======================================================================
R1[BASE_ESC  ]: carry=0 | base=0.22 | wall=2.31 | search=  0 | target=none
R2[SEARCH    ]: carry=0 | base=0.71 | wall=1.96 | search=634 | target=none
R3[SURVEY    ]: carry=1 | base=1.37 | wall=1.38 | search=  0 | target=none
R4[SEARCH    ]: carry=0 | base=0.89 | wall=1.83 | search=691 | target=none


======================================================================
Step 17500 (9.3 min) | Pickups: 26 | Deposits: 25 | Rate: 2.68 tags/min | phero_entries=0 max_w=0.000
======================================================================
R1[DEPART    ]: carry=0 | base=0.45 | wall=2.06 | search=  0 | target=none
R2[GIVE_UP   ]: carry=0 | base=0.37 | wall=2.24 | search=936 | target=none
R3[RTB       ]: carry=1 | base=0.39 | wall=2.16 | search=  0 | target=none
R4[SEARCH    ]: carry=0 | base=1.06 | wall=1.61 | search=1191 | target=none

  [GIVE-UP] R2 returned empty after 936 searching steps
  [TARGET] R2 → WALL (2.42, 1.91)
[DEPOSIT] R3 deposited! Total: 26
  [TARGET] R3 → WALL (-0.73, -2.42)
  [GIVE-UP] R4 returned empty after 1248 searching steps
  [TARGET] R4 → WALL (2.08, 2.42)

======================================================================
Step 18000 (9.6 min) | Pickups: 26 | Deposits: 26 | Rate: 2.71 tags/min | phero_entries=0 max_w=0.000
======================================================================
R1[SEARCH    ]: carry=0 | base=1.60 | wall=1.08 | search=232 | target=none
R2[SEARCH    ]: carry=0 | base=0.69 | wall=1.82 | search=201 | target=none
R3[SEARCH    ]: carry=0 | base=0.49 | wall=2.08 | search=198 | target=none
R4[DEPART    ]: carry=0 | base=0.56 | wall=2.07 | search=  0 | target=none


======================================================================
Step 18500 (9.9 min) | Pickups: 26 | Deposits: 26 | Rate: 2.64 tags/min | phero_entries=0 max_w=0.000
======================================================================
R1[SEARCH    ]: carry=0 | base=1.34 | wall=1.33 | search=732 | target=none
R2[SEARCH    ]: carry=0 | base=0.42 | wall=2.09 | search=701 | target=none
R3[SEARCH    ]: carry=0 | base=0.79 | wall=1.75 | search=698 | target=none
R4[SEARCH    ]: carry=0 | base=1.00 | wall=1.79 | search=434 | target=none

[PICKUP] R3 picked up tag (density=12) | Total: 27
  [GIVE-UP] R2 returned empty after 780 searching steps
  [TARGET] R2 → WALL (-2.42, 1.82)
TIMEOUT_RESULT pickups=27 deposits=26 steps=18750 elapsed_min=10.000000
BATCH_RESULT pickups=27 deposits=26
