Gym has been unmaintained since 2022 and does not support NumPy 2.0 amongst other critical functionality.
Please upgrade to Gymnasium, the maintained drop-in replacement of Gym, or contact the authors of your software and request that they upgrade.
Users of this version of Gym should be able to simply replace 'import gym' with 'import gymnasium as gym' in the vast majority of cases.
See the migration guide at https://gymnasium.farama.org/introduction/migration_guide/ for additional information.
=================================================================
EXPERIMENT 4 — Central Server Disconnect Robustness
  Arena: 5x5m | Tags: 64 | Robots: 4 | Time: 10.0 min
  Disconnect: 0.9 → 3.9 min (3.0 min offline)
=================================================================

Loading model: ppo_cpfa_v9
Model loaded. Starting evaluation...

[PICKUP] Robot 3 picked up tag (density=6) | Total: 1
[DEPOSIT] Robot 3 deposited! Total: 1
  [TARGET] Robot 3 → SITE (0.00,0.50)
[PICKUP] Robot 2 picked up tag (density=12) | Total: 2
[PICKUP] Robot 3 picked up tag (density=5) | Total: 3
[DEPOSIT] Robot 2 deposited! Total: 2
  [TARGET] Robot 2 → SITE (1.07,-0.00)

======================================================================
Step 500 (0.3 min) [ONLINE] | Pickups: 3 | Deposits: 2 | Rate: 7.50 tags/min | phero=2
======================================================================
R1[EXPLORE     ]: carry=0 | gave_up=0
R2[BASE_ESC    ]: carry=0 | gave_up=0
R3[RTB         ]: carry=1 | gave_up=0
R4[BASE_ESC    ]: carry=0 | gave_up=0

[DEPOSIT] Robot 3 deposited! Total: 3
  [TARGET] Robot 3 → SITE (0.00,0.45)
[PICKUP] Robot 3 picked up tag (density=4) | Total: 4
[PICKUP] Robot 2 picked up tag (density=11) | Total: 5
[DEPOSIT] Robot 3 deposited! Total: 4
  [TARGET] Robot 3 → SITE (0.04,0.52)

======================================================================
Step 1000 (0.5 min) [ONLINE] | Pickups: 5 | Deposits: 4 | Rate: 7.50 tags/min | phero=4
======================================================================
R1[WALL_ESC    ]: carry=0 | gave_up=0
R2[RTB         ]: carry=1 | gave_up=0
R3[BASE_ESC    ]: carry=0 | gave_up=0
R4[EXPLORE     ]: carry=0 | gave_up=0

[DEPOSIT] Robot 2 deposited! Total: 5
  [TARGET] Robot 2 → SITE (1.12,0.35)
[PICKUP] Robot 4 picked up tag (density=12) | Total: 6
[PICKUP] Robot 1 picked up tag (density=11) | Total: 7

======================================================================
Step 1500 (0.8 min) [ONLINE] | Pickups: 7 | Deposits: 5 | Rate: 6.25 tags/min | phero=5
======================================================================
R1[RTB         ]: carry=1 | gave_up=0
R2[SITE        ]: carry=0 | gave_up=0
R3[EXPLORE     ]: carry=0 | gave_up=0
R4[RTB         ]: carry=1 | gave_up=0

[DEPOSIT] Robot 4 deposited! Total: 6
  [TARGET] Robot 4 → SITE (-0.42,-1.03)
[DEPOSIT] Robot 1 deposited! Total: 7
  [TARGET] Robot 1 → SITE (-0.81,-1.36)

[DISCONNECT] Central server OFFLINE at 0.94 min (will reconnect at 3.9 min)

[PICKUP] Robot 3 picked up tag (density=16) | Total: 8
[PICKUP] Robot 4 picked up tag (density=10) | Total: 9

======================================================================
Step 2000 (1.1 min) [DISCONNECTED] | Pickups: 9 | Deposits: 7 | Rate: 6.56 tags/min | phero=7
======================================================================
R1[DISCONNECTED]: carry=0 | gave_up=0
R2[DISCONNECTED]: carry=0 | gave_up=0
R3[DISCONNECTED]: carry=1 | gave_up=0
R4[DISCONNECTED]: carry=1 | gave_up=0


======================================================================
Step 2500 (1.3 min) [DISCONNECTED] | Pickups: 9 | Deposits: 7 | Rate: 5.25 tags/min | phero=7
======================================================================
R1[DISCONNECTED]: carry=0 | gave_up=0
R2[DISCONNECTED]: carry=0 | gave_up=0
R3[DISCONNECTED]: carry=1 | gave_up=0
R4[DISCONNECTED]: carry=1 | gave_up=0


======================================================================
Step 3000 (1.6 min) [DISCONNECTED] | Pickups: 9 | Deposits: 7 | Rate: 4.38 tags/min | phero=7
======================================================================
R1[DISCONNECTED]: carry=0 | gave_up=0
R2[DISCONNECTED]: carry=0 | gave_up=0
R3[DISCONNECTED]: carry=1 | gave_up=0
R4[DISCONNECTED]: carry=1 | gave_up=0


======================================================================
Step 3500 (1.9 min) [DISCONNECTED] | Pickups: 9 | Deposits: 7 | Rate: 3.75 tags/min | phero=7
======================================================================
R1[DISCONNECTED]: carry=0 | gave_up=0
R2[DISCONNECTED]: carry=0 | gave_up=0
R3[DISCONNECTED]: carry=1 | gave_up=0
R4[DISCONNECTED]: carry=1 | gave_up=0


======================================================================
Step 4000 (2.1 min) [DISCONNECTED] | Pickups: 9 | Deposits: 7 | Rate: 3.28 tags/min | phero=7
======================================================================
R1[DISCONNECTED]: carry=0 | gave_up=0
R2[DISCONNECTED]: carry=0 | gave_up=0
R3[DISCONNECTED]: carry=1 | gave_up=0
R4[DISCONNECTED]: carry=1 | gave_up=0


======================================================================
Step 4500 (2.4 min) [DISCONNECTED] | Pickups: 9 | Deposits: 7 | Rate: 2.92 tags/min | phero=6
======================================================================
R1[DISCONNECTED]: carry=0 | gave_up=0
R2[DISCONNECTED]: carry=0 | gave_up=0
R3[DISCONNECTED]: carry=1 | gave_up=0
R4[DISCONNECTED]: carry=1 | gave_up=0


======================================================================
Step 5000 (2.7 min) [DISCONNECTED] | Pickups: 9 | Deposits: 7 | Rate: 2.62 tags/min | phero=4
======================================================================
R1[DISCONNECTED]: carry=0 | gave_up=0
R2[DISCONNECTED]: carry=0 | gave_up=0
R3[DISCONNECTED]: carry=1 | gave_up=0
R4[DISCONNECTED]: carry=1 | gave_up=0

[PICKUP] Robot 2 picked up tag (density=10) | Total: 10

======================================================================
Step 5500 (2.9 min) [DISCONNECTED] | Pickups: 10 | Deposits: 7 | Rate: 2.39 tags/min | phero=3
======================================================================
R1[DISCONNECTED]: carry=0 | gave_up=0
R2[DISCONNECTED]: carry=1 | gave_up=0
R3[DISCONNECTED]: carry=1 | gave_up=0
R4[DISCONNECTED]: carry=1 | gave_up=0


======================================================================
Step 6000 (3.2 min) [DISCONNECTED] | Pickups: 10 | Deposits: 7 | Rate: 2.19 tags/min | phero=0
======================================================================
R1[DISCONNECTED]: carry=0 | gave_up=0
R2[DISCONNECTED]: carry=1 | gave_up=0
R3[DISCONNECTED]: carry=1 | gave_up=0
R4[DISCONNECTED]: carry=1 | gave_up=0


======================================================================
Step 6500 (3.5 min) [DISCONNECTED] | Pickups: 10 | Deposits: 7 | Rate: 2.02 tags/min | phero=0
======================================================================
R1[DISCONNECTED]: carry=0 | gave_up=0
R2[DISCONNECTED]: carry=1 | gave_up=0
R3[DISCONNECTED]: carry=1 | gave_up=0
R4[DISCONNECTED]: carry=1 | gave_up=0


======================================================================
Step 7000 (3.7 min) [DISCONNECTED] | Pickups: 10 | Deposits: 7 | Rate: 1.88 tags/min | phero=0
======================================================================
R1[DISCONNECTED]: carry=0 | gave_up=0
R2[DISCONNECTED]: carry=1 | gave_up=0
R3[DISCONNECTED]: carry=1 | gave_up=0
R4[DISCONNECTED]: carry=1 | gave_up=0


[RECONNECT] Central server ONLINE at 3.94 min


======================================================================
Step 7500 (4.0 min) [ONLINE] | Pickups: 10 | Deposits: 7 | Rate: 1.75 tags/min | phero=0
======================================================================
R1[SITE        ]: carry=0 | gave_up=0
R2[RTB         ]: carry=1 | gave_up=0
R3[RTB         ]: carry=1 | gave_up=0
R4[RTB         ]: carry=1 | gave_up=0

[DEPOSIT] Robot 2 deposited! Total: 8
  [TARGET] Robot 2 → SITE (1.52,0.18)
[PICKUP] Robot 1 picked up tag (density=9) | Total: 11
[PICKUP] Robot 2 picked up tag (density=9) | Total: 12

======================================================================
Step 8000 (4.3 min) [ONLINE] | Pickups: 12 | Deposits: 8 | Rate: 1.88 tags/min | phero=1
======================================================================
R1[RTB         ]: carry=1 | gave_up=0
R2[RTB         ]: carry=1 | gave_up=0
R3[RTB         ]: carry=1 | gave_up=0
R4[RTB         ]: carry=1 | gave_up=0

[DEPOSIT] Robot 3 deposited! Total: 9
  [TARGET] Robot 3 → SITE (-0.98,1.64)
[DEPOSIT] Robot 2 deposited! Total: 10
  [TARGET] Robot 2 → SITE (0.23,-0.45)
[DEPOSIT] Robot 4 deposited! Total: 11
  [TARGET] Robot 4 → SITE (-0.80,-0.88)
[DEPOSIT] Robot 1 deposited! Total: 12
  [TARGET] Robot 1 → SITE (-0.74,-1.36)
[PICKUP] Robot 2 picked up tag (density=8) | Total: 13
[DEPOSIT] Robot 2 deposited! Total: 13
  [TARGET] Robot 2 → SITE (0.22,-0.22)

======================================================================
Step 8500 (4.5 min) [ONLINE] | Pickups: 13 | Deposits: 13 | Rate: 2.87 tags/min | phero=6
======================================================================
R1[SITE        ]: carry=0 | gave_up=0
R2[BASE_ESC    ]: carry=0 | gave_up=0
R3[SITE        ]: carry=0 | gave_up=0
R4[SITE        ]: carry=0 | gave_up=0

[PICKUP] Robot 2 picked up tag (density=7) | Total: 14
[DEPOSIT] Robot 2 deposited! Total: 14
  [TARGET] Robot 2 → SITE (0.24,-0.24)
[PICKUP] Robot 3 picked up tag (density=15) | Total: 15
[PICKUP] Robot 1 picked up tag (density=8) | Total: 16

======================================================================
Step 9000 (4.8 min) [ONLINE] | Pickups: 16 | Deposits: 14 | Rate: 2.92 tags/min | phero=7
======================================================================
R1[RTB         ]: carry=1 | gave_up=0
R2[EXPLORE     ]: carry=0 | gave_up=0
R3[RTB         ]: carry=1 | gave_up=0
R4[SITE        ]: carry=0 | gave_up=0

[PICKUP] Robot 4 picked up tag (density=7) | Total: 17
[DEPOSIT] Robot 1 deposited! Total: 15
  [TARGET] Robot 1 → SITE (-0.54,-1.39)
[DEPOSIT] Robot 4 deposited! Total: 16
  [TARGET] Robot 4 → SITE (-0.78,-0.94)
[DEPOSIT] Robot 3 deposited! Total: 17
  [TARGET] Robot 3 → SITE (-0.98,1.65)

======================================================================
Step 9500 (5.1 min) [ONLINE] | Pickups: 17 | Deposits: 17 | Rate: 3.36 tags/min | phero=10
======================================================================
R1[SITE        ]: carry=0 | gave_up=0
R2[EXPLORE     ]: carry=0 | gave_up=0
R3[SITE        ]: carry=0 | gave_up=0
R4[SITE        ]: carry=0 | gave_up=0

[PICKUP] Robot 2 picked up tag (density=6) | Total: 18
[PICKUP] Robot 4 picked up tag (density=5) | Total: 19
[DEPOSIT] Robot 2 deposited! Total: 18
  [TARGET] Robot 2 → SITE (-0.42,-1.11)

======================================================================
Step 10000 (5.3 min) [ONLINE] | Pickups: 19 | Deposits: 18 | Rate: 3.38 tags/min | phero=10
======================================================================
R1[SITE        ]: carry=0 | gave_up=0
R2[SITE        ]: carry=0 | gave_up=0
R3[SITE        ]: carry=0 | gave_up=0
R4[RTB         ]: carry=1 | gave_up=0

[DEPOSIT] Robot 4 deposited! Total: 19
  [TARGET] Robot 4 → SITE (-0.85,-1.00)
[PICKUP] Robot 2 picked up tag (density=4) | Total: 20
[PICKUP] Robot 3 picked up tag (density=14) | Total: 21

======================================================================
Step 10500 (5.6 min) [ONLINE] | Pickups: 21 | Deposits: 19 | Rate: 3.39 tags/min | phero=11
======================================================================
R1[SITE        ]: carry=0 | gave_up=0
R2[RTB         ]: carry=1 | gave_up=0
R3[RTB         ]: carry=1 | gave_up=0
R4[SITE        ]: carry=0 | gave_up=0

[DEPOSIT] Robot 2 deposited! Total: 20
  [TARGET] Robot 2 → SITE (-0.53,-0.99)
[PICKUP] Robot 4 picked up tag (density=3) | Total: 22
[PICKUP] Robot 2 picked up tag (density=2) | Total: 23

======================================================================
Step 11000 (5.9 min) [ONLINE] | Pickups: 23 | Deposits: 20 | Rate: 3.41 tags/min | phero=12
======================================================================
R1[EXPLORE     ]: carry=0 | gave_up=0
R2[RTB         ]: carry=1 | gave_up=0
R3[RTB         ]: carry=1 | gave_up=0
R4[RTB         ]: carry=1 | gave_up=0

[DEPOSIT] Robot 3 deposited! Total: 21
  [TARGET] Robot 3 → SITE (-0.98,1.71)
[DEPOSIT] Robot 4 deposited! Total: 22
  [TARGET] Robot 4 → SITE (-0.83,-1.06)
[DEPOSIT] Robot 2 deposited! Total: 23
  [TARGET] Robot 2 → SITE (-0.45,-1.08)

======================================================================
Step 11500 (6.1 min) [ONLINE] | Pickups: 23 | Deposits: 23 | Rate: 3.75 tags/min | phero=14
======================================================================
R1[EXPLORE     ]: carry=0 | gave_up=0
R2[SITE        ]: carry=0 | gave_up=0
R3[SITE        ]: carry=0 | gave_up=0
R4[SITE        ]: carry=0 | gave_up=0

[PICKUP] Robot 3 picked up tag (density=13) | Total: 24
[PICKUP] Robot 2 picked up tag (density=1) | Total: 25

======================================================================
Step 12000 (6.4 min) [ONLINE] | Pickups: 25 | Deposits: 23 | Rate: 3.59 tags/min | phero=14
======================================================================
R1[EXPLORE     ]: carry=0 | gave_up=0
R2[RTB         ]: carry=1 | gave_up=0
R3[RTB         ]: carry=1 | gave_up=0
R4[EXPLORE     ]: carry=0 | gave_up=0

[DEPOSIT] Robot 2 deposited! Total: 24
  [TARGET] Robot 2 → PHERO (-0.98,1.71)
[DEPOSIT] Robot 3 deposited! Total: 25
  [TARGET] Robot 3 → SITE (-0.99,1.72)

======================================================================
Step 12500 (6.7 min) [ONLINE] | Pickups: 25 | Deposits: 25 | Rate: 3.75 tags/min | phero=11
======================================================================
R1[EXPLORE     ]: carry=0 | gave_up=0
R2[PHERO       ]: carry=0 | gave_up=0
R3[SITE        ]: carry=0 | gave_up=0
R4[EXPLORE     ]: carry=0 | gave_up=0

[GIVE-UP] R4 giving up after 1478 steps
[PICKUP] Robot 3 picked up tag (density=12) | Total: 26

======================================================================
Step 13000 (6.9 min) [ONLINE] | Pickups: 26 | Deposits: 25 | Rate: 3.61 tags/min | phero=9
======================================================================
R1[EXPLORE     ]: carry=0 | gave_up=0
R2[PHERO       ]: carry=0 | gave_up=0
R3[RTB         ]: carry=1 | gave_up=0
R4[GIVE_UP     ]: carry=0 | gave_up=1

[PICKUP] Robot 2 picked up tag (density=11) | Total: 27
[EMPTY_RTN] R4 → phero(-0.98,1.71)
[DEPOSIT] Robot 3 deposited! Total: 26
  [TARGET] Robot 3 → SITE (-0.97,1.72)

======================================================================
Step 13500 (7.2 min) [ONLINE] | Pickups: 27 | Deposits: 26 | Rate: 3.61 tags/min | phero=9
======================================================================
R1[EXPLORE     ]: carry=0 | gave_up=0
R2[RTB         ]: carry=1 | gave_up=0
R3[SITE        ]: carry=0 | gave_up=0
R4[PHERO       ]: carry=0 | gave_up=0

[DEPOSIT] Robot 2 deposited! Total: 27
  [TARGET] Robot 2 → SITE (-1.12,1.85)
[PICKUP] Robot 3 picked up tag (density=10) | Total: 28

======================================================================
Step 14000 (7.5 min) [ONLINE] | Pickups: 28 | Deposits: 27 | Rate: 3.62 tags/min | phero=7
======================================================================
R1[EXPLORE     ]: carry=0 | gave_up=0
R2[SITE        ]: carry=0 | gave_up=0
R3[RTB         ]: carry=1 | gave_up=0
R4[PHERO       ]: carry=0 | gave_up=0

[PICKUP] Robot 2 picked up tag (density=9) | Total: 29
[PICKUP] Robot 4 picked up tag (density=8) | Total: 30

======================================================================
Step 14500 (7.7 min) [ONLINE] | Pickups: 30 | Deposits: 27 | Rate: 3.49 tags/min | phero=6
======================================================================
R1[WALL_ESC    ]: carry=0 | gave_up=0
R2[RTB         ]: carry=1 | gave_up=0
R3[RTB         ]: carry=1 | gave_up=0
R4[RTB         ]: carry=1 | gave_up=0

[DEPOSIT] Robot 3 deposited! Total: 28
  [TARGET] Robot 3 → SITE (-0.99,1.81)
[DEPOSIT] Robot 2 deposited! Total: 29
  [TARGET] Robot 2 → SITE (-0.62,1.94)
[DEPOSIT] Robot 4 deposited! Total: 30
  [TARGET] Robot 4 → SITE (-1.03,1.87)

======================================================================
Step 15000 (8.0 min) [ONLINE] | Pickups: 30 | Deposits: 30 | Rate: 3.75 tags/min | phero=8
======================================================================
R1[EXPLORE     ]: carry=0 | gave_up=0
R2[SITE        ]: carry=0 | gave_up=0
R3[SITE        ]: carry=0 | gave_up=0
R4[SITE        ]: carry=0 | gave_up=0

[PICKUP] Robot 3 picked up tag (density=7) | Total: 31
[PICKUP] Robot 2 picked up tag (density=6) | Total: 32
[GIVE-UP] R1 giving up after 6148 steps
[PICKUP] Robot 4 picked up tag (density=5) | Total: 33

======================================================================
Step 15500 (8.3 min) [ONLINE] | Pickups: 33 | Deposits: 30 | Rate: 3.63 tags/min | phero=6
======================================================================
R1[GIVE_UP     ]: carry=0 | gave_up=1
R2[RTB         ]: carry=1 | gave_up=0
R3[RTB         ]: carry=1 | gave_up=0
R4[RTB         ]: carry=1 | gave_up=0

[PICKUP] Robot 1 picked up tag (density=6) | Total: 34
[DEPOSIT] Robot 3 deposited! Total: 31
  [TARGET] Robot 3 → SITE (-0.98,1.79)
[DEPOSIT] Robot 1 deposited! Total: 32
  [TARGET] Robot 1 → SITE (0.36,-0.51)
[DEPOSIT] Robot 2 deposited! Total: 33
  [TARGET] Robot 2 → SITE (-0.69,1.66)

======================================================================
Step 16000 (8.5 min) [ONLINE] | Pickups: 34 | Deposits: 33 | Rate: 3.87 tags/min | phero=9
======================================================================
R1[SITE        ]: carry=0 | gave_up=0
R2[SITE        ]: carry=0 | gave_up=0
R3[BASE_ESC    ]: carry=0 | gave_up=0
R4[RTB         ]: carry=1 | gave_up=0

[PICKUP] Robot 1 picked up tag (density=5) | Total: 35
[DEPOSIT] Robot 4 deposited! Total: 34
  [TARGET] Robot 4 → SITE (-0.62,1.86)
[DEPOSIT] Robot 1 deposited! Total: 35
  [TARGET] Robot 1 → SITE (0.30,-0.21)
[PICKUP] Robot 1 picked up tag (density=4) | Total: 36

======================================================================
Step 16500 (8.8 min) [ONLINE] | Pickups: 36 | Deposits: 35 | Rate: 3.98 tags/min | phero=10
======================================================================
R1[RTB         ]: carry=1 | gave_up=0
R2[SITE        ]: carry=0 | gave_up=0
R3[SITE        ]: carry=0 | gave_up=0
R4[SITE        ]: carry=0 | gave_up=0

[DEPOSIT] Robot 1 deposited! Total: 36
  [TARGET] Robot 1 → SITE (0.33,-0.23)
[PICKUP] Robot 4 picked up tag (density=4) | Total: 37
[PICKUP] Robot 1 picked up tag (density=3) | Total: 38

======================================================================
Step 17000 (9.1 min) [ONLINE] | Pickups: 38 | Deposits: 36 | Rate: 3.97 tags/min | phero=11
======================================================================
R1[RTB         ]: carry=1 | gave_up=0
R2[WALL_ESC    ]: carry=0 | gave_up=0
R3[SITE        ]: carry=0 | gave_up=0
R4[RTB         ]: carry=1 | gave_up=0

[DEPOSIT] Robot 1 deposited! Total: 37
  [TARGET] Robot 1 → SITE (0.43,-0.50)
[PICKUP] Robot 1 picked up tag (density=2) | Total: 39
[DEPOSIT] Robot 4 deposited! Total: 38
  [TARGET] Robot 4 → SITE (-0.65,1.93)
[DEPOSIT] Robot 1 deposited! Total: 39
  [TARGET] Robot 1 → SITE (0.39,-0.18)

======================================================================
Step 17500 (9.3 min) [ONLINE] | Pickups: 39 | Deposits: 39 | Rate: 4.18 tags/min | phero=12
======================================================================
R1[SITE        ]: carry=0 | gave_up=0
R2[EXPLORE     ]: carry=0 | gave_up=0
R3[SITE        ]: carry=0 | gave_up=0
R4[SITE        ]: carry=0 | gave_up=0

[PICKUP] Robot 1 picked up tag (density=1) | Total: 40
[DEPOSIT] Robot 1 deposited! Total: 40
  [TARGET] Robot 1 → PHERO (0.30,-0.21)

======================================================================
Step 18000 (9.6 min) [ONLINE] | Pickups: 40 | Deposits: 40 | Rate: 4.17 tags/min | phero=10
======================================================================
R1[PHERO       ]: carry=0 | gave_up=0
R2[EXPLORE     ]: carry=0 | gave_up=0
R3[SITE        ]: carry=0 | gave_up=0
R4[EXPLORE     ]: carry=0 | gave_up=0

[PICKUP] Robot 3 picked up tag (density=3) | Total: 41
[PICKUP] Robot 4 picked up tag (density=3) | Total: 42

======================================================================
Step 18500 (9.9 min) [ONLINE] | Pickups: 42 | Deposits: 40 | Rate: 4.05 tags/min | phero=10
======================================================================
R1[PHERO       ]: carry=0 | gave_up=0
R2[EXPLORE     ]: carry=0 | gave_up=0
R3[RTB         ]: carry=1 | gave_up=0
R4[RTB         ]: carry=1 | gave_up=0

[PICKUP] Robot 2 picked up tag (density=9) | Total: 43
TIMEOUT_RESULT pickups=43 deposits=40 steps=18750 elapsed_min=10.000000 disconnect_start=0.9 disconnect_duration=3.0
BATCH_RESULT pickups=43 deposits=40
