Gym has been unmaintained since 2022 and does not support NumPy 2.0 amongst other critical functionality.
Please upgrade to Gymnasium, the maintained drop-in replacement of Gym, or contact the authors of your software and request that they upgrade.
Users of this version of Gym should be able to simply replace 'import gym' with 'import gymnasium as gym' in the vast majority of cases.
See the migration guide at https://gymnasium.farama.org/introduction/migration_guide/ for additional information.
=================================================================
EXPERIMENT 4 — Central Server Disconnect Robustness
  Arena: 5x5m | Tags: 64 | Robots: 4 | Time: 10.0 min
  Disconnect: 4.5 → 7.5 min (3.0 min offline)
=================================================================

Loading model: ppo_cpfa_v9
Model loaded. Starting evaluation...

[PICKUP] Robot 1 picked up tag (density=6) | Total: 1
[PICKUP] Robot 4 picked up tag (density=9) | Total: 2
[DEPOSIT] Robot 1 deposited! Total: 1
  [TARGET] Robot 1 → SITE (-0.50,0.00)
[DEPOSIT] Robot 4 deposited! Total: 2
  [TARGET] Robot 4 → SITE (0.00,-0.50)
[PICKUP] Robot 4 picked up tag (density=8) | Total: 3
[PICKUP] Robot 1 picked up tag (density=5) | Total: 4
[DEPOSIT] Robot 4 deposited! Total: 3
  [TARGET] Robot 4 → SITE (0.12,-0.28)
[DEPOSIT] Robot 1 deposited! Total: 4
  [TARGET] Robot 1 → SITE (-0.36,-0.04)

======================================================================
Step 500 (0.3 min) [ONLINE] | Pickups: 4 | Deposits: 4 | Rate: 15.00 tags/min | phero=4
======================================================================
R1[BASE_ESC    ]: carry=0 | gave_up=0
R2[EXPLORE     ]: carry=0 | gave_up=0
R3[EXPLORE     ]: carry=0 | gave_up=0
R4[SITE        ]: carry=0 | gave_up=0

[PICKUP] Robot 1 picked up tag (density=4) | Total: 5
[PICKUP] Robot 4 picked up tag (density=7) | Total: 6
[DEPOSIT] Robot 4 deposited! Total: 5
  [TARGET] Robot 4 → SITE (0.14,-0.30)
[DEPOSIT] Robot 1 deposited! Total: 6
  [TARGET] Robot 1 → SITE (-0.36,0.10)
[PICKUP] Robot 3 picked up tag (density=12) | Total: 7
[PICKUP] Robot 4 picked up tag (density=6) | Total: 8
[PICKUP] Robot 1 picked up tag (density=3) | Total: 9

======================================================================
Step 1000 (0.5 min) [ONLINE] | Pickups: 9 | Deposits: 6 | Rate: 11.25 tags/min | phero=6
======================================================================
R1[RTB         ]: carry=1 | gave_up=0
R2[EXPLORE     ]: carry=0 | gave_up=0
R3[RTB         ]: carry=1 | gave_up=0
R4[RTB         ]: carry=1 | gave_up=0

[DEPOSIT] Robot 1 deposited! Total: 7
  [TARGET] Robot 1 → SITE (-0.36,0.10)
[DEPOSIT] Robot 3 deposited! Total: 8
  [TARGET] Robot 3 → SITE (-0.66,1.08)
[DEPOSIT] Robot 4 deposited! Total: 9
  [TARGET] Robot 4 → SITE (0.04,-0.47)
[PICKUP] Robot 1 picked up tag (density=2) | Total: 10
[PICKUP] Robot 4 picked up tag (density=5) | Total: 11
[DEPOSIT] Robot 1 deposited! Total: 10
  [TARGET] Robot 1 → PHERO (-0.36,0.10)

======================================================================
Step 1500 (0.8 min) [ONLINE] | Pickups: 11 | Deposits: 10 | Rate: 12.50 tags/min | phero=9
======================================================================
R1[BASE_ESC    ]: carry=0 | gave_up=0
R2[EXPLORE     ]: carry=0 | gave_up=0
R3[SITE        ]: carry=0 | gave_up=0
R4[RTB         ]: carry=1 | gave_up=0

[DEPOSIT] Robot 4 deposited! Total: 11
  [TARGET] Robot 4 → SITE (0.08,-0.55)
[GIVE-UP] R4 giving up after 400 steps

======================================================================
Step 2000 (1.1 min) [ONLINE] | Pickups: 11 | Deposits: 11 | Rate: 10.31 tags/min | phero=10
======================================================================
R1[EXPLORE     ]: carry=0 | gave_up=0
R2[EXPLORE     ]: carry=0 | gave_up=0
R3[EXPLORE     ]: carry=0 | gave_up=0
R4[GIVE_UP     ]: carry=0 | gave_up=1

[PICKUP] Robot 4 picked up tag (density=4) | Total: 12
[DEPOSIT] Robot 4 deposited! Total: 12
  [TARGET] Robot 4 → SITE (0.13,-0.62)
[PICKUP] Robot 2 picked up tag (density=12) | Total: 13

======================================================================
Step 2500 (1.3 min) [ONLINE] | Pickups: 13 | Deposits: 12 | Rate: 9.00 tags/min | phero=11
======================================================================
R1[EXPLORE     ]: carry=0 | gave_up=0
R2[RTB         ]: carry=1 | gave_up=0
R3[WALL_ESC    ]: carry=0 | gave_up=0
R4[EXPLORE     ]: carry=0 | gave_up=0

[DEPOSIT] Robot 2 deposited! Total: 13
  [TARGET] Robot 2 → SITE (1.56,-0.05)
[PICKUP] Robot 4 picked up tag (density=16) | Total: 14

======================================================================
Step 3000 (1.6 min) [ONLINE] | Pickups: 14 | Deposits: 13 | Rate: 8.12 tags/min | phero=12
======================================================================
R1[EXPLORE     ]: carry=0 | gave_up=0
R2[SITE        ]: carry=0 | gave_up=0
R3[EXPLORE     ]: carry=0 | gave_up=0
R4[RTB         ]: carry=1 | gave_up=0

[PICKUP] Robot 2 picked up tag (density=11) | Total: 15
[DEPOSIT] Robot 2 deposited! Total: 14
  [TARGET] Robot 2 → SITE (1.13,-0.35)
[DEPOSIT] Robot 4 deposited! Total: 15
  [TARGET] Robot 4 → SITE (-0.01,-1.86)

======================================================================
Step 3500 (1.9 min) [ONLINE] | Pickups: 15 | Deposits: 15 | Rate: 8.04 tags/min | phero=14
======================================================================
R1[EXPLORE     ]: carry=0 | gave_up=0
R2[SITE        ]: carry=0 | gave_up=0
R3[EXPLORE     ]: carry=0 | gave_up=0
R4[SITE        ]: carry=0 | gave_up=0

[PICKUP] Robot 4 picked up tag (density=15) | Total: 16
[GIVE-UP] R3 giving up after 2903 steps

======================================================================
Step 4000 (2.1 min) [ONLINE] | Pickups: 16 | Deposits: 15 | Rate: 7.03 tags/min | phero=14
======================================================================
R1[EXPLORE     ]: carry=0 | gave_up=0
R2[EXPLORE     ]: carry=0 | gave_up=0
R3[GIVE_UP     ]: carry=0 | gave_up=1
R4[RTB         ]: carry=1 | gave_up=0

[PICKUP] Robot 1 picked up tag (density=3) | Total: 17
[DEPOSIT] Robot 1 deposited! Total: 16
  [TARGET] Robot 1 → SITE (0.40,-0.32)
[PICKUP] Robot 1 picked up tag (density=2) | Total: 18
[DEPOSIT] Robot 1 deposited! Total: 17
  [TARGET] Robot 1 → SITE (0.23,-0.37)

======================================================================
Step 4500 (2.4 min) [ONLINE] | Pickups: 18 | Deposits: 17 | Rate: 7.08 tags/min | phero=12
======================================================================
R1[BASE_ESC    ]: carry=0 | gave_up=0
R2[EXPLORE     ]: carry=0 | gave_up=0
R3[GIVE_UP     ]: carry=0 | gave_up=1
R4[RTB         ]: carry=1 | gave_up=0

[DEPOSIT] Robot 4 deposited! Total: 18
  [TARGET] Robot 4 → SITE (0.01,-1.95)
[EMPTY_RTN] R3 → phero(0.01,-1.95)
[PICKUP] Robot 4 picked up tag (density=1) | Total: 19
[DEPOSIT] Robot 4 deposited! Total: 19
  [TARGET] Robot 4 → SITE (0.19,-0.48)

======================================================================
Step 5000 (2.7 min) [ONLINE] | Pickups: 19 | Deposits: 19 | Rate: 7.12 tags/min | phero=11
======================================================================
R1[EXPLORE     ]: carry=0 | gave_up=0
R2[EXPLORE     ]: carry=0 | gave_up=0
R3[PHERO       ]: carry=0 | gave_up=0
R4[BASE_ESC    ]: carry=0 | gave_up=0

[GIVE-UP] R2 giving up after 1847 steps

======================================================================
Step 5500 (2.9 min) [ONLINE] | Pickups: 19 | Deposits: 19 | Rate: 6.48 tags/min | phero=6
======================================================================
R1[WALL_ESC    ]: carry=0 | gave_up=0
R2[GIVE_UP     ]: carry=0 | gave_up=1
R3[WALL_ESC    ]: carry=0 | gave_up=0
R4[EXPLORE     ]: carry=0 | gave_up=0

[PICKUP] Robot 4 picked up tag (density=14) | Total: 20
[PICKUP] Robot 1 picked up tag (density=10) | Total: 21
[EMPTY_RTN] R2 → phero(0.01,-1.95)

======================================================================
Step 6000 (3.2 min) [ONLINE] | Pickups: 21 | Deposits: 19 | Rate: 5.94 tags/min | phero=5
======================================================================
R1[RTB         ]: carry=1 | gave_up=0
R2[BASE_ESC    ]: carry=0 | gave_up=0
R3[EXPLORE     ]: carry=0 | gave_up=0
R4[RTB         ]: carry=1 | gave_up=0

[DEPOSIT] Robot 1 deposited! Total: 20
  [TARGET] Robot 1 → SITE (1.55,-0.27)
[DEPOSIT] Robot 4 deposited! Total: 21
  [TARGET] Robot 4 → SITE (0.04,-2.16)
[PICKUP] Robot 3 picked up tag (density=13) | Total: 22

======================================================================
Step 6500 (3.5 min) [ONLINE] | Pickups: 22 | Deposits: 21 | Rate: 6.06 tags/min | phero=7
======================================================================
R1[SITE        ]: carry=0 | gave_up=0
R2[PHERO       ]: carry=0 | gave_up=0
R3[RTB         ]: carry=1 | gave_up=0
R4[SITE        ]: carry=0 | gave_up=0

[PICKUP] Robot 2 picked up tag (density=12) | Total: 23
[PICKUP] Robot 1 picked up tag (density=9) | Total: 24
[DEPOSIT] Robot 3 deposited! Total: 22
  [TARGET] Robot 3 → SITE (-0.48,-2.09)
[PICKUP] Robot 4 picked up tag (density=11) | Total: 25

======================================================================
Step 7000 (3.7 min) [ONLINE] | Pickups: 25 | Deposits: 22 | Rate: 5.89 tags/min | phero=6
======================================================================
R1[RTB         ]: carry=1 | gave_up=0
R2[RTB         ]: carry=1 | gave_up=0
R3[BASE_ESC    ]: carry=0 | gave_up=0
R4[RTB         ]: carry=1 | gave_up=0

[DEPOSIT] Robot 1 deposited! Total: 23
  [TARGET] Robot 1 → SITE (1.47,-0.27)
[DEPOSIT] Robot 2 deposited! Total: 24
  [TARGET] Robot 2 → SITE (-0.04,-2.02)

======================================================================
Step 7500 (4.0 min) [ONLINE] | Pickups: 25 | Deposits: 24 | Rate: 6.00 tags/min | phero=8
======================================================================
R1[SITE        ]: carry=0 | gave_up=0
R2[SITE        ]: carry=0 | gave_up=0
R3[SITE        ]: carry=0 | gave_up=0
R4[RTB         ]: carry=1 | gave_up=0

[DEPOSIT] Robot 4 deposited! Total: 25
  [TARGET] Robot 4 → SITE (-0.47,-2.11)
[PICKUP] Robot 1 picked up tag (density=8) | Total: 26
[DEPOSIT] Robot 1 deposited! Total: 26
  [TARGET] Robot 1 → SITE (1.20,0.09)
[PICKUP] Robot 2 picked up tag (density=10) | Total: 27

======================================================================
Step 8000 (4.3 min) [ONLINE] | Pickups: 27 | Deposits: 26 | Rate: 6.09 tags/min | phero=8
======================================================================
R1[BASE_ESC    ]: carry=0 | gave_up=0
R2[RTB         ]: carry=1 | gave_up=0
R3[SITE        ]: carry=0 | gave_up=0
R4[SITE        ]: carry=0 | gave_up=0

[PICKUP] Robot 4 picked up tag (density=9) | Total: 28

[DISCONNECT] Central server OFFLINE at 4.49 min (will reconnect at 7.5 min)


======================================================================
Step 8500 (4.5 min) [DISCONNECTED] | Pickups: 28 | Deposits: 26 | Rate: 5.74 tags/min | phero=8
======================================================================
R1[DISCONNECTED]: carry=0 | gave_up=0
R2[DISCONNECTED]: carry=1 | gave_up=0
R3[DISCONNECTED]: carry=0 | gave_up=0
R4[DISCONNECTED]: carry=1 | gave_up=0

[DEPOSIT] Robot 2 deposited! Total: 27
  [TARGET] Robot 2 → SITE (-0.48,-2.01)
[PICKUP] Robot 1 picked up tag (density=7) | Total: 29

======================================================================
Step 9000 (4.8 min) [DISCONNECTED] | Pickups: 29 | Deposits: 27 | Rate: 5.62 tags/min | phero=8
======================================================================
R1[DISCONNECTED]: carry=1 | gave_up=0
R2[DISCONNECTED]: carry=0 | gave_up=0
R3[DISCONNECTED]: carry=0 | gave_up=0
R4[DISCONNECTED]: carry=1 | gave_up=0


======================================================================
Step 9500 (5.1 min) [DISCONNECTED] | Pickups: 29 | Deposits: 27 | Rate: 5.33 tags/min | phero=8
======================================================================
R1[DISCONNECTED]: carry=1 | gave_up=0
R2[DISCONNECTED]: carry=0 | gave_up=0
R3[DISCONNECTED]: carry=0 | gave_up=0
R4[DISCONNECTED]: carry=1 | gave_up=0


======================================================================
Step 10000 (5.3 min) [DISCONNECTED] | Pickups: 29 | Deposits: 27 | Rate: 5.06 tags/min | phero=8
======================================================================
R1[DISCONNECTED]: carry=1 | gave_up=0
R2[DISCONNECTED]: carry=0 | gave_up=0
R3[DISCONNECTED]: carry=0 | gave_up=0
R4[DISCONNECTED]: carry=1 | gave_up=0


======================================================================
Step 10500 (5.6 min) [DISCONNECTED] | Pickups: 29 | Deposits: 27 | Rate: 4.82 tags/min | phero=7
======================================================================
R1[DISCONNECTED]: carry=1 | gave_up=0
R2[DISCONNECTED]: carry=0 | gave_up=0
R3[DISCONNECTED]: carry=0 | gave_up=0
R4[DISCONNECTED]: carry=1 | gave_up=0


======================================================================
Step 11000 (5.9 min) [DISCONNECTED] | Pickups: 29 | Deposits: 27 | Rate: 4.60 tags/min | phero=6
======================================================================
R1[DISCONNECTED]: carry=1 | gave_up=0
R2[DISCONNECTED]: carry=0 | gave_up=0
R3[DISCONNECTED]: carry=0 | gave_up=0
R4[DISCONNECTED]: carry=1 | gave_up=0


======================================================================
Step 11500 (6.1 min) [DISCONNECTED] | Pickups: 29 | Deposits: 27 | Rate: 4.40 tags/min | phero=5
======================================================================
R1[DISCONNECTED]: carry=1 | gave_up=0
R2[DISCONNECTED]: carry=0 | gave_up=0
R3[DISCONNECTED]: carry=0 | gave_up=0
R4[DISCONNECTED]: carry=1 | gave_up=0


======================================================================
Step 12000 (6.4 min) [DISCONNECTED] | Pickups: 29 | Deposits: 27 | Rate: 4.22 tags/min | phero=2
======================================================================
R1[DISCONNECTED]: carry=1 | gave_up=0
R2[DISCONNECTED]: carry=0 | gave_up=0
R3[DISCONNECTED]: carry=0 | gave_up=0
R4[DISCONNECTED]: carry=1 | gave_up=0


======================================================================
Step 12500 (6.7 min) [DISCONNECTED] | Pickups: 29 | Deposits: 27 | Rate: 4.05 tags/min | phero=1
======================================================================
R1[DISCONNECTED]: carry=1 | gave_up=0
R2[DISCONNECTED]: carry=0 | gave_up=0
R3[DISCONNECTED]: carry=0 | gave_up=0
R4[DISCONNECTED]: carry=1 | gave_up=0


======================================================================
Step 13000 (6.9 min) [DISCONNECTED] | Pickups: 29 | Deposits: 27 | Rate: 3.89 tags/min | phero=0
======================================================================
R1[DISCONNECTED]: carry=1 | gave_up=0
R2[DISCONNECTED]: carry=0 | gave_up=0
R3[DISCONNECTED]: carry=0 | gave_up=0
R4[DISCONNECTED]: carry=1 | gave_up=0


======================================================================
Step 13500 (7.2 min) [DISCONNECTED] | Pickups: 29 | Deposits: 27 | Rate: 3.75 tags/min | phero=0
======================================================================
R1[DISCONNECTED]: carry=1 | gave_up=0
R2[DISCONNECTED]: carry=0 | gave_up=0
R3[DISCONNECTED]: carry=0 | gave_up=0
R4[DISCONNECTED]: carry=1 | gave_up=0

[PICKUP] Robot 2 picked up tag (density=11) | Total: 30

======================================================================
Step 14000 (7.5 min) [DISCONNECTED] | Pickups: 30 | Deposits: 27 | Rate: 3.62 tags/min | phero=0
======================================================================
R1[DISCONNECTED]: carry=1 | gave_up=0
R2[DISCONNECTED]: carry=1 | gave_up=0
R3[DISCONNECTED]: carry=0 | gave_up=0
R4[DISCONNECTED]: carry=1 | gave_up=0


[RECONNECT] Central server ONLINE at 7.49 min

[DEPOSIT] Robot 1 deposited! Total: 28
  [TARGET] Robot 1 → SITE (1.24,0.09)
[DEPOSIT] Robot 2 deposited! Total: 29
  [TARGET] Robot 2 → SITE (-1.17,1.02)

======================================================================
Step 14500 (7.7 min) [ONLINE] | Pickups: 30 | Deposits: 29 | Rate: 3.75 tags/min | phero=2
======================================================================
R1[SITE        ]: carry=0 | gave_up=0
R2[BASE_ESC    ]: carry=0 | gave_up=0
R3[SITE        ]: carry=0 | gave_up=0
R4[RTB         ]: carry=1 | gave_up=0

[DEPOSIT] Robot 4 deposited! Total: 30
  [TARGET] Robot 4 → SITE (-0.48,-2.15)
[PICKUP] Robot 2 picked up tag (density=10) | Total: 31
[PICKUP] Robot 1 picked up tag (density=6) | Total: 32

======================================================================
Step 15000 (8.0 min) [ONLINE] | Pickups: 32 | Deposits: 30 | Rate: 3.75 tags/min | phero=3
======================================================================
R1[RTB         ]: carry=1 | gave_up=0
R2[RTB         ]: carry=1 | gave_up=0
R3[SITE        ]: carry=0 | gave_up=0
R4[SITE        ]: carry=0 | gave_up=0

[DEPOSIT] Robot 2 deposited! Total: 31
  [TARGET] Robot 2 → SITE (-0.71,0.73)
[PICKUP] Robot 3 picked up tag (density=8) | Total: 33
[DEPOSIT] Robot 1 deposited! Total: 32
  [TARGET] Robot 1 → SITE (1.26,0.07)
[PICKUP] Robot 2 picked up tag (density=1) | Total: 34
[PICKUP] Robot 4 picked up tag (density=7) | Total: 35
[DEPOSIT] Robot 2 deposited! Total: 33
  [TARGET] Robot 2 → PHERO (-0.48,-2.15)

======================================================================
Step 15500 (8.3 min) [ONLINE] | Pickups: 35 | Deposits: 33 | Rate: 3.99 tags/min | phero=5
======================================================================
R1[SITE        ]: carry=0 | gave_up=0
R2[BASE_ESC    ]: carry=0 | gave_up=0
R3[RTB         ]: carry=1 | gave_up=0
R4[RTB         ]: carry=1 | gave_up=0

[PICKUP] Robot 1 picked up tag (density=5) | Total: 36
[DEPOSIT] Robot 3 deposited! Total: 34
  [TARGET] Robot 3 → SITE (-0.28,-1.83)
[DEPOSIT] Robot 4 deposited! Total: 35
  [TARGET] Robot 4 → SITE (-0.41,-2.15)
[DEPOSIT] Robot 1 deposited! Total: 36
  [TARGET] Robot 1 → SITE (1.22,-0.36)

======================================================================
Step 16000 (8.5 min) [ONLINE] | Pickups: 36 | Deposits: 36 | Rate: 4.22 tags/min | phero=7
======================================================================
R1[BASE_ESC    ]: carry=0 | gave_up=0
R2[PHERO       ]: carry=0 | gave_up=0
R3[SITE        ]: carry=0 | gave_up=0
R4[SITE        ]: carry=0 | gave_up=0

[PICKUP] Robot 2 picked up tag (density=6) | Total: 37
[PICKUP] Robot 1 picked up tag (density=4) | Total: 38
[PICKUP] Robot 3 picked up tag (density=5) | Total: 39

======================================================================
Step 16500 (8.8 min) [ONLINE] | Pickups: 39 | Deposits: 36 | Rate: 4.09 tags/min | phero=7
======================================================================
R1[RTB         ]: carry=1 | gave_up=0
R2[RTB         ]: carry=1 | gave_up=0
R3[RTB         ]: carry=1 | gave_up=0
R4[SITE        ]: carry=0 | gave_up=0

[DEPOSIT] Robot 2 deposited! Total: 37
  [TARGET] Robot 2 → SITE (-0.21,-1.83)
[DEPOSIT] Robot 1 deposited! Total: 38
  [TARGET] Robot 1 → SITE (1.11,-0.00)
[PICKUP] Robot 4 picked up tag (density=4) | Total: 40
[DEPOSIT] Robot 3 deposited! Total: 39
  [TARGET] Robot 3 → SITE (-0.32,-1.91)
[PICKUP] Robot 1 picked up tag (density=3) | Total: 41

======================================================================
Step 17000 (9.1 min) [ONLINE] | Pickups: 41 | Deposits: 39 | Rate: 4.30 tags/min | phero=9
======================================================================
R1[RTB         ]: carry=1 | gave_up=0
R2[SITE        ]: carry=0 | gave_up=0
R3[BASE_ESC    ]: carry=0 | gave_up=0
R4[RTB         ]: carry=1 | gave_up=0

[DEPOSIT] Robot 1 deposited! Total: 40
  [TARGET] Robot 1 → SITE (1.11,-0.14)

======================================================================
Step 17500 (9.3 min) [ONLINE] | Pickups: 41 | Deposits: 40 | Rate: 4.29 tags/min | phero=10
======================================================================
R1[SITE        ]: carry=0 | gave_up=0
R2[WALL_ESC    ]: carry=0 | gave_up=0
R3[SITE        ]: carry=0 | gave_up=0
R4[RTB         ]: carry=1 | gave_up=0

[DEPOSIT] Robot 4 deposited! Total: 41
  [TARGET] Robot 4 → SITE (-0.39,-2.14)
[PICKUP] Robot 1 picked up tag (density=2) | Total: 42

======================================================================
Step 18000 (9.6 min) [ONLINE] | Pickups: 42 | Deposits: 41 | Rate: 4.27 tags/min | phero=11
======================================================================
R1[RTB         ]: carry=1 | gave_up=0
R2[EXPLORE     ]: carry=0 | gave_up=0
R3[SITE        ]: carry=0 | gave_up=0
R4[SITE        ]: carry=0 | gave_up=0

[DEPOSIT] Robot 1 deposited! Total: 42
  [TARGET] Robot 1 → SITE (1.26,-0.01)
[PICKUP] Robot 4 picked up tag (density=3) | Total: 43
[PICKUP] Robot 2 picked up tag (density=9) | Total: 44

======================================================================
Step 18500 (9.9 min) [ONLINE] | Pickups: 44 | Deposits: 42 | Rate: 4.26 tags/min | phero=12
======================================================================
R1[SITE        ]: carry=0 | gave_up=0
R2[RTB         ]: carry=1 | gave_up=0
R3[EXPLORE     ]: carry=0 | gave_up=0
R4[RTB         ]: carry=1 | gave_up=0

[PICKUP] Robot 1 picked up tag (density=1) | Total: 45
[DEPOSIT] Robot 2 deposited! Total: 43
  [TARGET] Robot 2 → SITE (-1.09,0.73)
TIMEOUT_RESULT pickups=45 deposits=43 steps=18750 elapsed_min=10.000000 disconnect_start=4.5 disconnect_duration=3.0
BATCH_RESULT pickups=45 deposits=43
