Gym has been unmaintained since 2022 and does not support NumPy 2.0 amongst other critical functionality.
Please upgrade to Gymnasium, the maintained drop-in replacement of Gym, or contact the authors of your software and request that they upgrade.
Users of this version of Gym should be able to simply replace 'import gym' with 'import gymnasium as gym' in the vast majority of cases.
See the migration guide at https://gymnasium.farama.org/introduction/migration_guide/ for additional information.
=================================================================
EXPERIMENT 4 — Central Server Disconnect Robustness
  Arena: 5x5m | Tags: 64 | Robots: 4 | Time: 10.0 min
  Disconnect: 2.3 → 5.3 min (3.0 min offline)
=================================================================

Loading model: ppo_cpfa_v9
Model loaded. Starting evaluation...

[PICKUP] Robot 1 picked up tag (density=6) | Total: 1
[PICKUP] Robot 3 picked up tag (density=12) | Total: 2
[DEPOSIT] Robot 1 deposited! Total: 1
  [TARGET] Robot 1 → SITE (-0.32,-0.11)

======================================================================
Step 500 (0.3 min) [ONLINE] | Pickups: 2 | Deposits: 1 | Rate: 3.75 tags/min | phero=1
======================================================================
R1[SITE        ]: carry=0 | gave_up=0
R2[WALL_ESC    ]: carry=0 | gave_up=0
R3[RTB         ]: carry=1 | gave_up=0
R4[EXPLORE     ]: carry=0 | gave_up=0

[DEPOSIT] Robot 3 deposited! Total: 2
  [TARGET] Robot 3 → SITE (0.87,0.54)
[PICKUP] Robot 3 picked up tag (density=11) | Total: 3

======================================================================
Step 1000 (0.5 min) [ONLINE] | Pickups: 3 | Deposits: 2 | Rate: 3.75 tags/min | phero=2
======================================================================
R1[EXPLORE     ]: carry=0 | gave_up=0
R2[EXPLORE     ]: carry=0 | gave_up=0
R3[RTB         ]: carry=1 | gave_up=0
R4[EXPLORE     ]: carry=0 | gave_up=0

[DEPOSIT] Robot 3 deposited! Total: 3
  [TARGET] Robot 3 → SITE (0.89,0.56)

======================================================================
Step 1500 (0.8 min) [ONLINE] | Pickups: 3 | Deposits: 3 | Rate: 3.75 tags/min | phero=3
======================================================================
R1[EXPLORE     ]: carry=0 | gave_up=0
R2[EXPLORE     ]: carry=0 | gave_up=0
R3[SITE        ]: carry=0 | gave_up=0
R4[EXPLORE     ]: carry=0 | gave_up=0

[PICKUP] Robot 3 picked up tag (density=10) | Total: 4
[PICKUP] Robot 1 picked up tag (density=9) | Total: 5
[GIVE-UP] R4 giving up after 1794 steps
[DEPOSIT] Robot 3 deposited! Total: 4
  [TARGET] Robot 3 → SITE (0.93,0.60)

======================================================================
Step 2000 (1.1 min) [ONLINE] | Pickups: 5 | Deposits: 4 | Rate: 3.75 tags/min | phero=4
======================================================================
R1[RTB         ]: carry=1 | gave_up=0
R2[EXPLORE     ]: carry=0 | gave_up=0
R3[BASE_ESC    ]: carry=0 | gave_up=0
R4[GIVE_UP     ]: carry=0 | gave_up=1

[DEPOSIT] Robot 1 deposited! Total: 5
  [TARGET] Robot 1 → SITE (-0.73,1.79)
[PICKUP] Robot 4 picked up tag (density=9) | Total: 6
[DEPOSIT] Robot 4 deposited! Total: 6
  [TARGET] Robot 4 → SITE (0.61,-0.49)

======================================================================
Step 2500 (1.3 min) [ONLINE] | Pickups: 6 | Deposits: 6 | Rate: 4.50 tags/min | phero=6
======================================================================
R1[SITE        ]: carry=0 | gave_up=0
R2[EXPLORE     ]: carry=0 | gave_up=0
R3[SITE        ]: carry=0 | gave_up=0
R4[SITE        ]: carry=0 | gave_up=0

[PICKUP] Robot 3 picked up tag (density=9) | Total: 7
[PICKUP] Robot 1 picked up tag (density=8) | Total: 8
[DEPOSIT] Robot 3 deposited! Total: 7
  [TARGET] Robot 3 → SITE (0.94,0.60)

======================================================================
Step 3000 (1.6 min) [ONLINE] | Pickups: 8 | Deposits: 7 | Rate: 4.38 tags/min | phero=7
======================================================================
R1[RTB         ]: carry=1 | gave_up=0
R2[EXPLORE     ]: carry=0 | gave_up=0
R3[BASE_ESC    ]: carry=0 | gave_up=0
R4[WALL_ESC    ]: carry=0 | gave_up=0

[DEPOSIT] Robot 1 deposited! Total: 8
  [TARGET] Robot 1 → SITE (-0.34,2.12)
[PICKUP] Robot 3 picked up tag (density=8) | Total: 9

======================================================================
Step 3500 (1.9 min) [ONLINE] | Pickups: 9 | Deposits: 8 | Rate: 4.29 tags/min | phero=8
======================================================================
R1[SITE        ]: carry=0 | gave_up=0
R2[EXPLORE     ]: carry=0 | gave_up=0
R3[RTB         ]: carry=1 | gave_up=0
R4[EXPLORE     ]: carry=0 | gave_up=0

[DEPOSIT] Robot 3 deposited! Total: 9
  [TARGET] Robot 3 → SITE (0.96,0.58)
[GIVE-UP] R4 giving up after 1550 steps
[GIVE-UP] R2 giving up after 3900 steps

======================================================================
Step 4000 (2.1 min) [ONLINE] | Pickups: 9 | Deposits: 9 | Rate: 4.22 tags/min | phero=9
======================================================================
R1[SITE        ]: carry=0 | gave_up=0
R2[GIVE_UP     ]: carry=0 | gave_up=1
R3[SITE        ]: carry=0 | gave_up=0
R4[GIVE_UP     ]: carry=0 | gave_up=1

[PICKUP] Robot 3 picked up tag (density=7) | Total: 10
[EMPTY_RTN] R2 → phero(0.96,0.58)
[EMPTY_RTN] R4 → phero(0.96,0.58)
[PICKUP] Robot 1 picked up tag (density=7) | Total: 11

[DISCONNECT] Central server OFFLINE at 2.33 min (will reconnect at 5.3 min)

[DEPOSIT] Robot 3 deposited! Total: 10
  [TARGET] Robot 3 → SITE (1.02,0.57)

======================================================================
Step 4500 (2.4 min) [DISCONNECTED] | Pickups: 11 | Deposits: 10 | Rate: 4.17 tags/min | phero=10
======================================================================
R1[DISCONNECTED]: carry=1 | gave_up=0
R2[DISCONNECTED]: carry=0 | gave_up=0
R3[DISCONNECTED]: carry=0 | gave_up=0
R4[DISCONNECTED]: carry=0 | gave_up=0

[DEPOSIT] Robot 1 deposited! Total: 11
  [TARGET] Robot 1 → SITE (-0.74,2.02)
[PICKUP] Robot 4 picked up tag (density=6) | Total: 12
[PICKUP] Robot 2 picked up tag (density=5) | Total: 13

======================================================================
Step 5000 (2.7 min) [DISCONNECTED] | Pickups: 13 | Deposits: 11 | Rate: 4.12 tags/min | phero=9
======================================================================
R1[DISCONNECTED]: carry=0 | gave_up=0
R2[DISCONNECTED]: carry=1 | gave_up=0
R3[DISCONNECTED]: carry=0 | gave_up=0
R4[DISCONNECTED]: carry=1 | gave_up=0


======================================================================
Step 5500 (2.9 min) [DISCONNECTED] | Pickups: 13 | Deposits: 11 | Rate: 3.75 tags/min | phero=9
======================================================================
R1[DISCONNECTED]: carry=0 | gave_up=0
R2[DISCONNECTED]: carry=1 | gave_up=0
R3[DISCONNECTED]: carry=0 | gave_up=0
R4[DISCONNECTED]: carry=1 | gave_up=0


======================================================================
Step 6000 (3.2 min) [DISCONNECTED] | Pickups: 13 | Deposits: 11 | Rate: 3.44 tags/min | phero=8
======================================================================
R1[DISCONNECTED]: carry=0 | gave_up=0
R2[DISCONNECTED]: carry=1 | gave_up=0
R3[DISCONNECTED]: carry=0 | gave_up=0
R4[DISCONNECTED]: carry=1 | gave_up=0

[PICKUP] Robot 1 picked up tag (density=5) | Total: 14

======================================================================
Step 6500 (3.5 min) [DISCONNECTED] | Pickups: 14 | Deposits: 11 | Rate: 3.17 tags/min | phero=6
======================================================================
R1[DISCONNECTED]: carry=1 | gave_up=0
R2[DISCONNECTED]: carry=1 | gave_up=0
R3[DISCONNECTED]: carry=0 | gave_up=0
R4[DISCONNECTED]: carry=1 | gave_up=0


======================================================================
Step 7000 (3.7 min) [DISCONNECTED] | Pickups: 14 | Deposits: 11 | Rate: 2.95 tags/min | phero=5
======================================================================
R1[DISCONNECTED]: carry=1 | gave_up=0
R2[DISCONNECTED]: carry=1 | gave_up=0
R3[DISCONNECTED]: carry=0 | gave_up=0
R4[DISCONNECTED]: carry=1 | gave_up=0


======================================================================
Step 7500 (4.0 min) [DISCONNECTED] | Pickups: 14 | Deposits: 11 | Rate: 2.75 tags/min | phero=4
======================================================================
R1[DISCONNECTED]: carry=1 | gave_up=0
R2[DISCONNECTED]: carry=1 | gave_up=0
R3[DISCONNECTED]: carry=0 | gave_up=0
R4[DISCONNECTED]: carry=1 | gave_up=0


======================================================================
Step 8000 (4.3 min) [DISCONNECTED] | Pickups: 14 | Deposits: 11 | Rate: 2.58 tags/min | phero=2
======================================================================
R1[DISCONNECTED]: carry=1 | gave_up=0
R2[DISCONNECTED]: carry=1 | gave_up=0
R3[DISCONNECTED]: carry=0 | gave_up=0
R4[DISCONNECTED]: carry=1 | gave_up=0


======================================================================
Step 8500 (4.5 min) [DISCONNECTED] | Pickups: 14 | Deposits: 11 | Rate: 2.43 tags/min | phero=2
======================================================================
R1[DISCONNECTED]: carry=1 | gave_up=0
R2[DISCONNECTED]: carry=1 | gave_up=0
R3[DISCONNECTED]: carry=0 | gave_up=0
R4[DISCONNECTED]: carry=1 | gave_up=0


======================================================================
Step 9000 (4.8 min) [DISCONNECTED] | Pickups: 14 | Deposits: 11 | Rate: 2.29 tags/min | phero=1
======================================================================
R1[DISCONNECTED]: carry=1 | gave_up=0
R2[DISCONNECTED]: carry=1 | gave_up=0
R3[DISCONNECTED]: carry=0 | gave_up=0
R4[DISCONNECTED]: carry=1 | gave_up=0


======================================================================
Step 9500 (5.1 min) [DISCONNECTED] | Pickups: 14 | Deposits: 11 | Rate: 2.17 tags/min | phero=0
======================================================================
R1[DISCONNECTED]: carry=1 | gave_up=0
R2[DISCONNECTED]: carry=1 | gave_up=0
R3[DISCONNECTED]: carry=0 | gave_up=0
R4[DISCONNECTED]: carry=1 | gave_up=0

[DEPOSIT] Robot 4 deposited! Total: 12
  [TARGET] Robot 4 → SITE (1.15,0.46)
[PICKUP] Robot 4 picked up tag (density=8) | Total: 15
[PICKUP] Robot 3 picked up tag (density=12) | Total: 16

[RECONNECT] Central server ONLINE at 5.33 min


======================================================================
Step 10000 (5.3 min) [ONLINE] | Pickups: 16 | Deposits: 12 | Rate: 2.25 tags/min | phero=1
======================================================================
R1[RTB         ]: carry=1 | gave_up=0
R2[RTB         ]: carry=1 | gave_up=0
R3[RTB         ]: carry=1 | gave_up=0
R4[RTB         ]: carry=1 | gave_up=0

[DEPOSIT] Robot 4 deposited! Total: 13
  [TARGET] Robot 4 → SITE (0.26,-0.15)
[DEPOSIT] Robot 3 deposited! Total: 14
  [TARGET] Robot 3 → SITE (-1.09,0.02)
[PICKUP] Robot 4 picked up tag (density=7) | Total: 17

======================================================================
Step 10500 (5.6 min) [ONLINE] | Pickups: 17 | Deposits: 14 | Rate: 2.50 tags/min | phero=3
======================================================================
R1[RTB         ]: carry=1 | gave_up=0
R2[RTB         ]: carry=1 | gave_up=0
R3[SITE        ]: carry=0 | gave_up=0
R4[RTB         ]: carry=1 | gave_up=0

[DEPOSIT] Robot 1 deposited! Total: 15
  [TARGET] Robot 1 → SITE (-0.47,-0.05)
[DEPOSIT] Robot 4 deposited! Total: 16
  [TARGET] Robot 4 → SITE (0.26,-0.23)
[DEPOSIT] Robot 2 deposited! Total: 17
  [TARGET] Robot 2 → SITE (0.99,0.84)
[PICKUP] Robot 4 picked up tag (density=6) | Total: 18
[PICKUP] Robot 1 picked up tag (density=4) | Total: 19
[DEPOSIT] Robot 4 deposited! Total: 18
  [TARGET] Robot 4 → SITE (0.27,-0.27)
[DEPOSIT] Robot 1 deposited! Total: 19
  [TARGET] Robot 1 → SITE (-0.30,-0.21)

======================================================================
Step 11000 (5.9 min) [ONLINE] | Pickups: 19 | Deposits: 19 | Rate: 3.24 tags/min | phero=8
======================================================================
R1[BASE_ESC    ]: carry=0 | gave_up=0
R2[BASE_ESC    ]: carry=0 | gave_up=0
R3[EXPLORE     ]: carry=0 | gave_up=0
R4[SITE        ]: carry=0 | gave_up=0

[PICKUP] Robot 3 picked up tag (density=11) | Total: 20
[PICKUP] Robot 4 picked up tag (density=5) | Total: 21
[PICKUP] Robot 1 picked up tag (density=3) | Total: 22
[DEPOSIT] Robot 1 deposited! Total: 20
  [TARGET] Robot 1 → SITE (-0.33,-0.25)
[DEPOSIT] Robot 4 deposited! Total: 21
  [TARGET] Robot 4 → SITE (0.33,-0.30)
[DEPOSIT] Robot 3 deposited! Total: 22
  [TARGET] Robot 3 → SITE (-1.32,-0.00)

======================================================================
Step 11500 (6.1 min) [ONLINE] | Pickups: 22 | Deposits: 22 | Rate: 3.59 tags/min | phero=11
======================================================================
R1[EXPLORE     ]: carry=0 | gave_up=0
R2[SITE        ]: carry=0 | gave_up=0
R3[BASE_ESC    ]: carry=0 | gave_up=0
R4[SITE        ]: carry=0 | gave_up=0

[PICKUP] Robot 1 picked up tag (density=2) | Total: 23
[PICKUP] Robot 4 picked up tag (density=4) | Total: 24
[DEPOSIT] Robot 1 deposited! Total: 23
  [TARGET] Robot 1 → PHERO (-1.32,-0.00)
[DEPOSIT] Robot 4 deposited! Total: 24
  [TARGET] Robot 4 → SITE (0.33,-0.32)
[PICKUP] Robot 2 picked up tag (density=4) | Total: 25

======================================================================
Step 12000 (6.4 min) [ONLINE] | Pickups: 25 | Deposits: 24 | Rate: 3.75 tags/min | phero=13
======================================================================
R1[PHERO       ]: carry=0 | gave_up=0
R2[RTB         ]: carry=1 | gave_up=0
R3[SITE        ]: carry=0 | gave_up=0
R4[EXPLORE     ]: carry=0 | gave_up=0

[PICKUP] Robot 1 picked up tag (density=10) | Total: 26
[DEPOSIT] Robot 2 deposited! Total: 25
  [TARGET] Robot 2 → SITE (1.19,0.87)

======================================================================
Step 12500 (6.7 min) [ONLINE] | Pickups: 26 | Deposits: 25 | Rate: 3.75 tags/min | phero=14
======================================================================
R1[RTB         ]: carry=1 | gave_up=0
R2[SITE        ]: carry=0 | gave_up=0
R3[SITE        ]: carry=0 | gave_up=0
R4[EXPLORE     ]: carry=0 | gave_up=0

[GIVE-UP] R3 giving up after 1240 steps
[PICKUP] Robot 2 picked up tag (density=3) | Total: 27
[DEPOSIT] Robot 1 deposited! Total: 26
  [TARGET] Robot 1 → SITE (-1.11,0.08)
[PICKUP] Robot 1 picked up tag (density=1) | Total: 28

======================================================================
Step 13000 (6.9 min) [ONLINE] | Pickups: 28 | Deposits: 26 | Rate: 3.75 tags/min | phero=15
======================================================================
R1[RTB         ]: carry=1 | gave_up=0
R2[RTB         ]: carry=1 | gave_up=0
R3[GIVE_UP     ]: carry=0 | gave_up=1
R4[EXPLORE     ]: carry=0 | gave_up=0

[DEPOSIT] Robot 2 deposited! Total: 27
  [TARGET] Robot 2 → SITE (1.05,0.55)
[DEPOSIT] Robot 1 deposited! Total: 28
  [TARGET] Robot 1 → SITE (-0.43,-0.23)
[EMPTY_RTN] R3 → phero(1.05,0.55)
[PICKUP] Robot 4 picked up tag (density=2) | Total: 29

======================================================================
Step 13500 (7.2 min) [ONLINE] | Pickups: 29 | Deposits: 28 | Rate: 3.89 tags/min | phero=16
======================================================================
R1[SITE        ]: carry=0 | gave_up=0
R2[SITE        ]: carry=0 | gave_up=0
R3[BASE_ESC    ]: carry=0 | gave_up=0
R4[RTB         ]: carry=1 | gave_up=0

[DEPOSIT] Robot 4 deposited! Total: 29
  [TARGET] Robot 4 → SITE (1.38,0.60)

======================================================================
Step 14000 (7.5 min) [ONLINE] | Pickups: 29 | Deposits: 29 | Rate: 3.88 tags/min | phero=16
======================================================================
R1[EXPLORE     ]: carry=0 | gave_up=0
R2[EXPLORE     ]: carry=0 | gave_up=0
R3[PHERO       ]: carry=0 | gave_up=0
R4[SITE        ]: carry=0 | gave_up=0

[PICKUP] Robot 3 picked up tag (density=3) | Total: 30
[DEPOSIT] Robot 3 deposited! Total: 30
  [TARGET] Robot 3 → SITE (0.33,-0.16)

======================================================================
Step 14500 (7.7 min) [ONLINE] | Pickups: 30 | Deposits: 30 | Rate: 3.88 tags/min | phero=15
======================================================================
R1[EXPLORE     ]: carry=0 | gave_up=0
R2[EXPLORE     ]: carry=0 | gave_up=0
R3[EXPLORE     ]: carry=0 | gave_up=0
R4[EXPLORE     ]: carry=0 | gave_up=0

[PICKUP] Robot 3 picked up tag (density=16) | Total: 31
[PICKUP] Robot 2 picked up tag (density=15) | Total: 32

======================================================================
Step 15000 (8.0 min) [ONLINE] | Pickups: 32 | Deposits: 30 | Rate: 3.75 tags/min | phero=10
======================================================================
R1[EXPLORE     ]: carry=0 | gave_up=0
R2[RTB         ]: carry=1 | gave_up=0
R3[RTB         ]: carry=1 | gave_up=0
R4[EXPLORE     ]: carry=0 | gave_up=0

[DEPOSIT] Robot 3 deposited! Total: 31
  [TARGET] Robot 3 → SITE (0.86,-1.57)
[DEPOSIT] Robot 2 deposited! Total: 32
  [TARGET] Robot 2 → SITE (1.30,-2.01)

======================================================================
Step 15500 (8.3 min) [ONLINE] | Pickups: 32 | Deposits: 32 | Rate: 3.87 tags/min | phero=10
======================================================================
R1[EXPLORE     ]: carry=0 | gave_up=0
R2[SITE        ]: carry=0 | gave_up=0
R3[SITE        ]: carry=0 | gave_up=0
R4[EXPLORE     ]: carry=0 | gave_up=0

[PICKUP] Robot 4 picked up tag (density=1) | Total: 33
[DEPOSIT] Robot 4 deposited! Total: 33
  [TARGET] Robot 4 → PHERO (0.86,-1.57)

======================================================================
Step 16000 (8.5 min) [ONLINE] | Pickups: 33 | Deposits: 33 | Rate: 3.87 tags/min | phero=6
======================================================================
R1[EXPLORE     ]: carry=0 | gave_up=0
R2[SITE        ]: carry=0 | gave_up=0
R3[EXPLORE     ]: carry=0 | gave_up=0
R4[PHERO       ]: carry=0 | gave_up=0

[GIVE-UP] R3 giving up after 1187 steps

======================================================================
Step 16500 (8.8 min) [ONLINE] | Pickups: 33 | Deposits: 33 | Rate: 3.75 tags/min | phero=5
======================================================================
R1[EXPLORE     ]: carry=0 | gave_up=0
R2[WALL_ESC    ]: carry=0 | gave_up=0
R3[GIVE_UP     ]: carry=0 | gave_up=1
R4[PHERO       ]: carry=0 | gave_up=0

[GIVE-UP] R2 giving up after 1453 steps
[EMPTY_RTN] R3 → phero(0.86,-1.57)
[PICKUP] Robot 1 picked up tag (density=6) | Total: 34

======================================================================
Step 17000 (9.1 min) [ONLINE] | Pickups: 34 | Deposits: 33 | Rate: 3.64 tags/min | phero=4
======================================================================
R1[RTB         ]: carry=1 | gave_up=0
R2[GIVE_UP     ]: carry=0 | gave_up=1
R3[PHERO       ]: carry=0 | gave_up=0
R4[PHERO       ]: carry=0 | gave_up=0

[PICKUP] Robot 2 picked up tag (density=2) | Total: 35
[PICKUP] Robot 4 picked up tag (density=14) | Total: 36
[DEPOSIT] Robot 2 deposited! Total: 34
  [TARGET] Robot 2 → SITE (0.70,-0.16)
[DEPOSIT] Robot 1 deposited! Total: 35
  [TARGET] Robot 1 → SITE (-0.30,1.89)

======================================================================
Step 17500 (9.3 min) [ONLINE] | Pickups: 36 | Deposits: 35 | Rate: 3.75 tags/min | phero=3
======================================================================
R1[BASE_ESC    ]: carry=0 | gave_up=0
R2[SITE        ]: carry=0 | gave_up=0
R3[PHERO       ]: carry=0 | gave_up=0
R4[RTB         ]: carry=1 | gave_up=0

[DEPOSIT] Robot 4 deposited! Total: 36
  [TARGET] Robot 4 → SITE (0.87,-1.64)
[PICKUP] Robot 3 picked up tag (density=13) | Total: 37

======================================================================
Step 18000 (9.6 min) [ONLINE] | Pickups: 37 | Deposits: 36 | Rate: 3.75 tags/min | phero=4
======================================================================
R1[SITE        ]: carry=0 | gave_up=0
R2[EXPLORE     ]: carry=0 | gave_up=0
R3[RTB         ]: carry=1 | gave_up=0
R4[SITE        ]: carry=0 | gave_up=0

[PICKUP] Robot 4 picked up tag (density=12) | Total: 38
[DEPOSIT] Robot 3 deposited! Total: 37
  [TARGET] Robot 3 → SITE (0.88,-1.64)
[PICKUP] Robot 2 picked up tag (density=11) | Total: 39

======================================================================
Step 18500 (9.9 min) [ONLINE] | Pickups: 39 | Deposits: 37 | Rate: 3.75 tags/min | phero=5
======================================================================
R1[EXPLORE     ]: carry=0 | gave_up=0
R2[RTB         ]: carry=1 | gave_up=0
R3[SITE        ]: carry=0 | gave_up=0
R4[RTB         ]: carry=1 | gave_up=0

TIMEOUT_RESULT pickups=39 deposits=37 steps=18750 elapsed_min=10.000000 disconnect_start=2.3 disconnect_duration=3.0
BATCH_RESULT pickups=39 deposits=37
