Gym has been unmaintained since 2022 and does not support NumPy 2.0 amongst other critical functionality.
Please upgrade to Gymnasium, the maintained drop-in replacement of Gym, or contact the authors of your software and request that they upgrade.
Users of this version of Gym should be able to simply replace 'import gym' with 'import gymnasium as gym' in the vast majority of cases.
See the migration guide at https://gymnasium.farama.org/introduction/migration_guide/ for additional information.
=================================================================
EXPERIMENT 4 — Central Server Disconnect Robustness
  Arena: 5x5m | Tags: 64 | Robots: 4 | Time: 10.0 min
  Disconnect: 3.5 → 6.5 min (3.0 min offline)
=================================================================

Loading model: ppo_cpfa_v9
Model loaded. Starting evaluation...

[PICKUP] Robot 4 picked up tag (density=6) | Total: 1
[DEPOSIT] Robot 4 deposited! Total: 1
  [TARGET] Robot 4 → SITE (0.00,-0.50)
[PICKUP] Robot 4 picked up tag (density=5) | Total: 2
[DEPOSIT] Robot 4 deposited! Total: 2
  [TARGET] Robot 4 → SITE (0.06,-0.31)

======================================================================
Step 500 (0.3 min) [ONLINE] | Pickups: 2 | Deposits: 2 | Rate: 7.50 tags/min | phero=2
======================================================================
R1[EXPLORE     ]: carry=0 | gave_up=0
R2[EXPLORE     ]: carry=0 | gave_up=0
R3[EXPLORE     ]: carry=0 | gave_up=0
R4[BASE_ESC    ]: carry=0 | gave_up=0

[PICKUP] Robot 4 picked up tag (density=4) | Total: 3
[GIVE-UP] R1 giving up after 702 steps
[DEPOSIT] Robot 4 deposited! Total: 3
  [TARGET] Robot 4 → SITE (0.07,-0.34)
[PICKUP] Robot 4 picked up tag (density=3) | Total: 4

======================================================================
Step 1000 (0.5 min) [ONLINE] | Pickups: 4 | Deposits: 3 | Rate: 5.62 tags/min | phero=3
======================================================================
R1[GIVE_UP     ]: carry=0 | gave_up=1
R2[EXPLORE     ]: carry=0 | gave_up=0
R3[EXPLORE     ]: carry=0 | gave_up=0
R4[RTB         ]: carry=1 | gave_up=0

[DEPOSIT] Robot 4 deposited! Total: 4
  [TARGET] Robot 4 → SITE (0.03,-0.40)
[PICKUP] Robot 2 picked up tag (density=2) | Total: 5
[PICKUP] Robot 4 picked up tag (density=1) | Total: 6
[DEPOSIT] Robot 4 deposited! Total: 5
  [TARGET] Robot 4 → PHERO (0.00,-0.50)
[DEPOSIT] Robot 2 deposited! Total: 6
  [TARGET] Robot 2 → SITE (0.08,-0.75)
[EMPTY_RTN] R1 → phero(0.08,-0.75)

======================================================================
Step 1500 (0.8 min) [ONLINE] | Pickups: 6 | Deposits: 6 | Rate: 7.50 tags/min | phero=5
======================================================================
R1[BASE_ESC    ]: carry=0 | gave_up=0
R2[BASE_ESC    ]: carry=0 | gave_up=0
R3[EXPLORE     ]: carry=0 | gave_up=0
R4[BASE_ESC    ]: carry=0 | gave_up=0


======================================================================
Step 2000 (1.1 min) [ONLINE] | Pickups: 6 | Deposits: 6 | Rate: 5.62 tags/min | phero=5
======================================================================
R1[EXPLORE     ]: carry=0 | gave_up=0
R2[EXPLORE     ]: carry=0 | gave_up=0
R3[EXPLORE     ]: carry=0 | gave_up=0
R4[EXPLORE     ]: carry=0 | gave_up=0


======================================================================
Step 2500 (1.3 min) [ONLINE] | Pickups: 6 | Deposits: 6 | Rate: 4.50 tags/min | phero=5
======================================================================
R1[EXPLORE     ]: carry=0 | gave_up=0
R2[EXPLORE     ]: carry=0 | gave_up=0
R3[EXPLORE     ]: carry=0 | gave_up=0
R4[EXPLORE     ]: carry=0 | gave_up=0

[PICKUP] Robot 4 picked up tag (density=12) | Total: 7
[PICKUP] Robot 1 picked up tag (density=16) | Total: 8
[DEPOSIT] Robot 4 deposited! Total: 7
  [TARGET] Robot 4 → SITE (-0.69,-1.37)

======================================================================
Step 3000 (1.6 min) [ONLINE] | Pickups: 8 | Deposits: 7 | Rate: 4.38 tags/min | phero=6
======================================================================
R1[RTB         ]: carry=1 | gave_up=0
R2[EXPLORE     ]: carry=0 | gave_up=0
R3[EXPLORE     ]: carry=0 | gave_up=0
R4[BASE_ESC    ]: carry=0 | gave_up=0

[PICKUP] Robot 4 picked up tag (density=11) | Total: 9
[DEPOSIT] Robot 1 deposited! Total: 8
  [TARGET] Robot 1 → SITE (1.94,0.17)
[PICKUP] Robot 3 picked up tag (density=9) | Total: 10

======================================================================
Step 3500 (1.9 min) [ONLINE] | Pickups: 10 | Deposits: 8 | Rate: 4.29 tags/min | phero=7
======================================================================
R1[BASE_ESC    ]: carry=0 | gave_up=0
R2[EXPLORE     ]: carry=0 | gave_up=0
R3[RTB         ]: carry=1 | gave_up=0
R4[RTB         ]: carry=1 | gave_up=0

[PICKUP] Robot 1 picked up tag (density=8) | Total: 11
[DEPOSIT] Robot 3 deposited! Total: 9
  [TARGET] Robot 3 → SITE (0.40,0.59)
[DEPOSIT] Robot 4 deposited! Total: 10
  [TARGET] Robot 4 → SITE (-0.70,-0.92)
[DEPOSIT] Robot 1 deposited! Total: 11
  [TARGET] Robot 1 → SITE (0.29,0.15)
[PICKUP] Robot 3 picked up tag (density=7) | Total: 12
[PICKUP] Robot 1 picked up tag (density=6) | Total: 13
[DEPOSIT] Robot 3 deposited! Total: 12
  [TARGET] Robot 3 → SITE (0.21,0.29)

======================================================================
Step 4000 (2.1 min) [ONLINE] | Pickups: 13 | Deposits: 12 | Rate: 5.62 tags/min | phero=11
======================================================================
R1[RTB         ]: carry=1 | gave_up=0
R2[EXPLORE     ]: carry=0 | gave_up=0
R3[BASE_ESC    ]: carry=0 | gave_up=0
R4[SITE        ]: carry=0 | gave_up=0

[DEPOSIT] Robot 1 deposited! Total: 13
  [TARGET] Robot 1 → SITE (0.33,0.17)
[PICKUP] Robot 1 picked up tag (density=5) | Total: 14
[PICKUP] Robot 3 picked up tag (density=12) | Total: 15
[DEPOSIT] Robot 1 deposited! Total: 14
  [TARGET] Robot 1 → SITE (0.36,0.22)

======================================================================
Step 4500 (2.4 min) [ONLINE] | Pickups: 15 | Deposits: 14 | Rate: 5.83 tags/min | phero=12
======================================================================
R1[BASE_ESC    ]: carry=0 | gave_up=0
R2[EXPLORE     ]: carry=0 | gave_up=0
R3[RTB         ]: carry=1 | gave_up=0
R4[EXPLORE     ]: carry=0 | gave_up=0

[DEPOSIT] Robot 3 deposited! Total: 15
  [TARGET] Robot 3 → SITE (-0.01,1.15)

======================================================================
Step 5000 (2.7 min) [ONLINE] | Pickups: 15 | Deposits: 15 | Rate: 5.62 tags/min | phero=12
======================================================================
R1[EXPLORE     ]: carry=0 | gave_up=0
R2[EXPLORE     ]: carry=0 | gave_up=0
R3[SITE        ]: carry=0 | gave_up=0
R4[EXPLORE     ]: carry=0 | gave_up=0

[PICKUP] Robot 1 picked up tag (density=15) | Total: 16
[PICKUP] Robot 3 picked up tag (density=11) | Total: 17
[DEPOSIT] Robot 3 deposited! Total: 16
  [TARGET] Robot 3 → SITE (-0.12,1.10)

======================================================================
Step 5500 (2.9 min) [ONLINE] | Pickups: 17 | Deposits: 16 | Rate: 5.45 tags/min | phero=11
======================================================================
R1[RTB         ]: carry=1 | gave_up=0
R2[EXPLORE     ]: carry=0 | gave_up=0
R3[BASE_ESC    ]: carry=0 | gave_up=0
R4[EXPLORE     ]: carry=0 | gave_up=0

[DEPOSIT] Robot 1 deposited! Total: 17
  [TARGET] Robot 1 → SITE (1.83,0.29)
[PICKUP] Robot 1 picked up tag (density=4) | Total: 18
[PICKUP] Robot 3 picked up tag (density=10) | Total: 19
[PICKUP] Robot 4 picked up tag (density=10) | Total: 20
[DEPOSIT] Robot 1 deposited! Total: 18
  [TARGET] Robot 1 → SITE (0.34,0.24)

======================================================================
Step 6000 (3.2 min) [ONLINE] | Pickups: 20 | Deposits: 18 | Rate: 5.62 tags/min | phero=11
======================================================================
R1[SITE        ]: carry=0 | gave_up=0
R2[EXPLORE     ]: carry=0 | gave_up=0
R3[RTB         ]: carry=1 | gave_up=0
R4[RTB         ]: carry=1 | gave_up=0

[DEPOSIT] Robot 3 deposited! Total: 19
  [TARGET] Robot 3 → SITE (-0.11,1.13)
[PICKUP] Robot 1 picked up tag (density=3) | Total: 21
[DEPOSIT] Robot 4 deposited! Total: 20
  [TARGET] Robot 4 → SITE (-0.87,-1.17)
[DEPOSIT] Robot 1 deposited! Total: 21
  [TARGET] Robot 1 → SITE (0.38,0.26)

[DISCONNECT] Central server OFFLINE at 3.45 min (will reconnect at 6.5 min)


======================================================================
Step 6500 (3.5 min) [DISCONNECTED] | Pickups: 21 | Deposits: 21 | Rate: 6.06 tags/min | phero=14
======================================================================
R1[DISCONNECTED]: carry=0 | gave_up=0
R2[DISCONNECTED]: carry=0 | gave_up=0
R3[DISCONNECTED]: carry=0 | gave_up=0
R4[DISCONNECTED]: carry=0 | gave_up=0

[PICKUP] Robot 1 picked up tag (density=2) | Total: 22
[PICKUP] Robot 2 picked up tag (density=9) | Total: 23
[DEPOSIT] Robot 1 deposited! Total: 22
  [TARGET] Robot 1 → SITE (0.37,0.30)
[PICKUP] Robot 3 picked up tag (density=8) | Total: 24

======================================================================
Step 7000 (3.7 min) [DISCONNECTED] | Pickups: 24 | Deposits: 22 | Rate: 5.89 tags/min | phero=14
======================================================================
R1[DISCONNECTED]: carry=0 | gave_up=0
R2[DISCONNECTED]: carry=1 | gave_up=0
R3[DISCONNECTED]: carry=1 | gave_up=0
R4[DISCONNECTED]: carry=0 | gave_up=0


======================================================================
Step 7500 (4.0 min) [DISCONNECTED] | Pickups: 24 | Deposits: 22 | Rate: 5.50 tags/min | phero=13
======================================================================
R1[DISCONNECTED]: carry=0 | gave_up=0
R2[DISCONNECTED]: carry=1 | gave_up=0
R3[DISCONNECTED]: carry=1 | gave_up=0
R4[DISCONNECTED]: carry=0 | gave_up=0


======================================================================
Step 8000 (4.3 min) [DISCONNECTED] | Pickups: 24 | Deposits: 22 | Rate: 5.16 tags/min | phero=10
======================================================================
R1[DISCONNECTED]: carry=0 | gave_up=0
R2[DISCONNECTED]: carry=1 | gave_up=0
R3[DISCONNECTED]: carry=1 | gave_up=0
R4[DISCONNECTED]: carry=0 | gave_up=0


======================================================================
Step 8500 (4.5 min) [DISCONNECTED] | Pickups: 24 | Deposits: 22 | Rate: 4.85 tags/min | phero=7
======================================================================
R1[DISCONNECTED]: carry=0 | gave_up=0
R2[DISCONNECTED]: carry=1 | gave_up=0
R3[DISCONNECTED]: carry=1 | gave_up=0
R4[DISCONNECTED]: carry=0 | gave_up=0


======================================================================
Step 9000 (4.8 min) [DISCONNECTED] | Pickups: 24 | Deposits: 22 | Rate: 4.58 tags/min | phero=6
======================================================================
R1[DISCONNECTED]: carry=0 | gave_up=0
R2[DISCONNECTED]: carry=1 | gave_up=0
R3[DISCONNECTED]: carry=1 | gave_up=0
R4[DISCONNECTED]: carry=0 | gave_up=0


======================================================================
Step 9500 (5.1 min) [DISCONNECTED] | Pickups: 24 | Deposits: 22 | Rate: 4.34 tags/min | phero=5
======================================================================
R1[DISCONNECTED]: carry=0 | gave_up=0
R2[DISCONNECTED]: carry=1 | gave_up=0
R3[DISCONNECTED]: carry=1 | gave_up=0
R4[DISCONNECTED]: carry=0 | gave_up=0

[DEPOSIT] Robot 3 deposited! Total: 23
  [TARGET] Robot 3 → SITE (-0.07,1.22)

======================================================================
Step 10000 (5.3 min) [DISCONNECTED] | Pickups: 24 | Deposits: 23 | Rate: 4.31 tags/min | phero=4
======================================================================
R1[DISCONNECTED]: carry=0 | gave_up=0
R2[DISCONNECTED]: carry=1 | gave_up=0
R3[DISCONNECTED]: carry=0 | gave_up=0
R4[DISCONNECTED]: carry=0 | gave_up=0


======================================================================
Step 10500 (5.6 min) [DISCONNECTED] | Pickups: 24 | Deposits: 23 | Rate: 4.11 tags/min | phero=2
======================================================================
R1[DISCONNECTED]: carry=0 | gave_up=0
R2[DISCONNECTED]: carry=1 | gave_up=0
R3[DISCONNECTED]: carry=0 | gave_up=0
R4[DISCONNECTED]: carry=0 | gave_up=0

[PICKUP] Robot 3 picked up tag (density=9) | Total: 25

======================================================================
Step 11000 (5.9 min) [DISCONNECTED] | Pickups: 25 | Deposits: 23 | Rate: 3.92 tags/min | phero=1
======================================================================
R1[DISCONNECTED]: carry=0 | gave_up=0
R2[DISCONNECTED]: carry=1 | gave_up=0
R3[DISCONNECTED]: carry=1 | gave_up=0
R4[DISCONNECTED]: carry=0 | gave_up=0


======================================================================
Step 11500 (6.1 min) [DISCONNECTED] | Pickups: 25 | Deposits: 23 | Rate: 3.75 tags/min | phero=1
======================================================================
R1[DISCONNECTED]: carry=0 | gave_up=0
R2[DISCONNECTED]: carry=1 | gave_up=0
R3[DISCONNECTED]: carry=1 | gave_up=0
R4[DISCONNECTED]: carry=0 | gave_up=0


======================================================================
Step 12000 (6.4 min) [DISCONNECTED] | Pickups: 25 | Deposits: 23 | Rate: 3.59 tags/min | phero=1
======================================================================
R1[DISCONNECTED]: carry=0 | gave_up=0
R2[DISCONNECTED]: carry=1 | gave_up=0
R3[DISCONNECTED]: carry=1 | gave_up=0
R4[DISCONNECTED]: carry=0 | gave_up=0


[RECONNECT] Central server ONLINE at 6.45 min

[PICKUP] Robot 1 picked up tag (density=1) | Total: 26
[DEPOSIT] Robot 3 deposited! Total: 24
  [TARGET] Robot 3 → SITE (-1.77,0.20)
[DEPOSIT] Robot 1 deposited! Total: 25
  [TARGET] Robot 1 → SITE (0.34,0.40)

======================================================================
Step 12500 (6.7 min) [ONLINE] | Pickups: 26 | Deposits: 25 | Rate: 3.75 tags/min | phero=2
======================================================================
R1[BASE_ESC    ]: carry=0 | gave_up=0
R2[RTB         ]: carry=1 | gave_up=0
R3[SITE        ]: carry=0 | gave_up=0
R4[BASE_ESC    ]: carry=0 | gave_up=0

[DEPOSIT] Robot 2 deposited! Total: 26
  [TARGET] Robot 2 → SITE (-0.53,1.17)
[GIVE-UP] R1 giving up after 445 steps

======================================================================
Step 13000 (6.9 min) [ONLINE] | Pickups: 26 | Deposits: 26 | Rate: 3.75 tags/min | phero=3
======================================================================
R1[GIVE_UP     ]: carry=0 | gave_up=1
R2[SITE        ]: carry=0 | gave_up=0
R3[EXPLORE     ]: carry=0 | gave_up=0
R4[SITE        ]: carry=0 | gave_up=0

[PICKUP] Robot 4 picked up tag (density=9) | Total: 27
[PICKUP] Robot 2 picked up tag (density=7) | Total: 28
[EMPTY_RTN] R1 → phero(-1.77,0.20)

======================================================================
Step 13500 (7.2 min) [ONLINE] | Pickups: 28 | Deposits: 26 | Rate: 3.61 tags/min | phero=3
======================================================================
R1[PHERO       ]: carry=0 | gave_up=0
R2[RTB         ]: carry=1 | gave_up=0
R3[EXPLORE     ]: carry=0 | gave_up=0
R4[RTB         ]: carry=1 | gave_up=0

[DEPOSIT] Robot 4 deposited! Total: 27
  [TARGET] Robot 4 → SITE (-0.64,-0.92)
[DEPOSIT] Robot 2 deposited! Total: 28
  [TARGET] Robot 2 → SITE (-0.51,1.19)
[PICKUP] Robot 1 picked up tag (density=6) | Total: 29
[PICKUP] Robot 3 picked up tag (density=8) | Total: 30
[PICKUP] Robot 4 picked up tag (density=8) | Total: 31
[PICKUP] Robot 2 picked up tag (density=5) | Total: 32
[DEPOSIT] Robot 1 deposited! Total: 29
  [TARGET] Robot 1 → SITE (-0.36,1.05)

======================================================================
Step 14000 (7.5 min) [ONLINE] | Pickups: 32 | Deposits: 29 | Rate: 3.88 tags/min | phero=6
======================================================================
R1[BASE_ESC    ]: carry=0 | gave_up=0
R2[RTB         ]: carry=1 | gave_up=0
R3[RTB         ]: carry=1 | gave_up=0
R4[RTB         ]: carry=1 | gave_up=0

[DEPOSIT] Robot 4 deposited! Total: 30
  [TARGET] Robot 4 → SITE (-0.67,-0.96)
[DEPOSIT] Robot 3 deposited! Total: 31
  [TARGET] Robot 3 → SITE (-2.14,0.31)
[DEPOSIT] Robot 2 deposited! Total: 32
  [TARGET] Robot 2 → SITE (-0.28,1.13)
[PICKUP] Robot 1 picked up tag (density=4) | Total: 33

======================================================================
Step 14500 (7.7 min) [ONLINE] | Pickups: 33 | Deposits: 32 | Rate: 4.14 tags/min | phero=8
======================================================================
R1[RTB         ]: carry=1 | gave_up=0
R2[SITE        ]: carry=0 | gave_up=0
R3[SITE        ]: carry=0 | gave_up=0
R4[SITE        ]: carry=0 | gave_up=0

[PICKUP] Robot 2 picked up tag (density=3) | Total: 34
[DEPOSIT] Robot 1 deposited! Total: 33
  [TARGET] Robot 1 → SITE (-0.30,1.14)
[PICKUP] Robot 4 picked up tag (density=7) | Total: 35

======================================================================
Step 15000 (8.0 min) [ONLINE] | Pickups: 35 | Deposits: 33 | Rate: 4.12 tags/min | phero=9
======================================================================
R1[SITE        ]: carry=0 | gave_up=0
R2[RTB         ]: carry=1 | gave_up=0
R3[SITE        ]: carry=0 | gave_up=0
R4[RTB         ]: carry=1 | gave_up=0

[DEPOSIT] Robot 2 deposited! Total: 34
  [TARGET] Robot 2 → SITE (-0.27,1.21)
[DEPOSIT] Robot 4 deposited! Total: 35
  [TARGET] Robot 4 → SITE (-0.70,-1.01)
[PICKUP] Robot 1 picked up tag (density=2) | Total: 36

======================================================================
Step 15500 (8.3 min) [ONLINE] | Pickups: 36 | Deposits: 35 | Rate: 4.23 tags/min | phero=11
======================================================================
R1[RTB         ]: carry=1 | gave_up=0
R2[SITE        ]: carry=0 | gave_up=0
R3[SITE        ]: carry=0 | gave_up=0
R4[SITE        ]: carry=0 | gave_up=0

[PICKUP] Robot 2 picked up tag (density=1) | Total: 37
[PICKUP] Robot 3 picked up tag (density=7) | Total: 38
[DEPOSIT] Robot 1 deposited! Total: 36
  [TARGET] Robot 1 → SITE (-0.11,1.26)
[PICKUP] Robot 4 picked up tag (density=6) | Total: 39
[DEPOSIT] Robot 2 deposited! Total: 37
  [TARGET] Robot 2 → SITE (-0.25,1.30)

======================================================================
Step 16000 (8.5 min) [ONLINE] | Pickups: 39 | Deposits: 37 | Rate: 4.34 tags/min | phero=12
======================================================================
R1[SITE        ]: carry=0 | gave_up=0
R2[SITE        ]: carry=0 | gave_up=0
R3[RTB         ]: carry=1 | gave_up=0
R4[RTB         ]: carry=1 | gave_up=0

[DEPOSIT] Robot 4 deposited! Total: 38
  [TARGET] Robot 4 → SITE (-0.77,-1.15)
[DEPOSIT] Robot 3 deposited! Total: 39
  [TARGET] Robot 3 → SITE (-1.88,0.27)

======================================================================
Step 16500 (8.8 min) [ONLINE] | Pickups: 39 | Deposits: 39 | Rate: 4.43 tags/min | phero=14
======================================================================
R1[WALL_ESC    ]: carry=0 | gave_up=0
R2[WALL_ESC    ]: carry=0 | gave_up=0
R3[SITE        ]: carry=0 | gave_up=0
R4[SITE        ]: carry=0 | gave_up=0


======================================================================
Step 17000 (9.1 min) [ONLINE] | Pickups: 39 | Deposits: 39 | Rate: 4.30 tags/min | phero=12
======================================================================
R1[EXPLORE     ]: carry=0 | gave_up=0
R2[EXPLORE     ]: carry=0 | gave_up=0
R3[EXPLORE     ]: carry=0 | gave_up=0
R4[EXPLORE     ]: carry=0 | gave_up=0


======================================================================
Step 17500 (9.3 min) [ONLINE] | Pickups: 39 | Deposits: 39 | Rate: 4.18 tags/min | phero=12
======================================================================
R1[EXPLORE     ]: carry=0 | gave_up=0
R2[EXPLORE     ]: carry=0 | gave_up=0
R3[EXPLORE     ]: carry=0 | gave_up=0
R4[EXPLORE     ]: carry=0 | gave_up=0


======================================================================
Step 18000 (9.6 min) [ONLINE] | Pickups: 39 | Deposits: 39 | Rate: 4.06 tags/min | phero=10
======================================================================
R1[EXPLORE     ]: carry=0 | gave_up=0
R2[EXPLORE     ]: carry=0 | gave_up=0
R3[EXPLORE     ]: carry=0 | gave_up=0
R4[EXPLORE     ]: carry=0 | gave_up=0

[PICKUP] Robot 1 picked up tag (density=5) | Total: 40
[PICKUP] Robot 4 picked up tag (density=4) | Total: 41
[DEPOSIT] Robot 1 deposited! Total: 40
  [TARGET] Robot 1 → SITE (-0.72,-1.21)

======================================================================
Step 18500 (9.9 min) [ONLINE] | Pickups: 41 | Deposits: 40 | Rate: 4.05 tags/min | phero=10
======================================================================
R1[BASE_ESC    ]: carry=0 | gave_up=0
R2[EXPLORE     ]: carry=0 | gave_up=0
R3[WALL_ESC    ]: carry=0 | gave_up=0
R4[RTB         ]: carry=1 | gave_up=0

[DEPOSIT] Robot 4 deposited! Total: 41
  [TARGET] Robot 4 → SITE (-0.34,-1.15)
TIMEOUT_RESULT pickups=41 deposits=41 steps=18750 elapsed_min=10.000000 disconnect_start=3.5 disconnect_duration=3.0
BATCH_RESULT pickups=41 deposits=41
