=================================================================
CPFA BASELINE — ARGoS-calibrated parameters
  Params file                  = /home/sara/Documents/RL-FL-Foraging/cpfa_tuning_20260715_140546/trial_019/params.yaml
  Results file                 = /home/sara/Documents/RL-FL-Foraging/controllers/cpfa_baseline/results/cpfa_baseline_results_20260715_143907.txt
  RateOfLayingPheromone        = 6.878657844286897
  RateOfSiteFidelity           = 3.3778919749689305
  RateOfPheromoneDecay         = 0.08598668881169323 /s  (lifetime ~80s)
  ProbabilityOfReturningToNest = 0.09272186468528623 (every 5 sec → E[give-up] ~54s)
  UninformedSearchVariation    = 1.58 rad (90.6°)
  RateOfInformedSearchDecay    = 1.0880575349458648 /waypoint
  ProbabilityOfSwitchingToSearching = 0.5292114327748014 (every 5 sec in uninformed DEPARTING)
=================================================================

[PICKUP] R2 picked up tag (density=6) | Total: 1

======================================================================
Step 500 (0.3 min) | Pickups: 1 | Deposits: 0 | Rate: 0.00 tags/min | phero_entries=0 max_w=0.000
======================================================================
R1[SEARCH    ]: carry=0 | base=1.45 | wall=1.07 | search=188 | target=none
R2[RTB       ]: carry=1 | base=0.39 | wall=2.21 | search=  0 | target=none
R3[SEARCH    ]: carry=0 | base=0.63 | wall=1.88 | search=188 | target=none
R4[SEARCH    ]: carry=0 | base=1.22 | wall=1.39 | search=188 | target=none

[PICKUP] R4 picked up tag (density=12) | Total: 2
[DEPOSIT] R2 deposited! Total: 1
  [TARGET] R2 → SITE (0.27, -0.29)
[PICKUP] R2 picked up tag (density=5) | Total: 3

======================================================================
Step 1000 (0.5 min) | Pickups: 3 | Deposits: 1 | Rate: 1.88 tags/min | phero_entries=0 max_w=0.000
======================================================================
R1[SEARCH    ]: carry=0 | base=1.62 | wall=0.93 | search=688 | target=none
R2[SURVEY    ]: carry=1 | base=0.43 | wall=2.19 | search=  0 | target=none
R3[SEARCH    ]: carry=0 | base=0.71 | wall=1.79 | search=688 | target=none
R4[RTB       ]: carry=1 | base=0.30 | wall=2.22 | search=  0 | target=none

[DEPOSIT] R4 deposited! Total: 2
  [PHERO] Laid at (-0.45, -1.12) density=12 prob=0.98 entries=1
  [TARGET] R4 → SITE (-0.45, -1.12)
[DEPOSIT] R2 deposited! Total: 3
  [PHERO] Laid at (0.31, -0.29) density=5 prob=0.32 entries=2
  [TARGET] R2 → SITE (0.31, -0.29)
[PICKUP] R4 picked up tag (density=11) | Total: 4

======================================================================
Step 1500 (0.8 min) | Pickups: 4 | Deposits: 3 | Rate: 3.75 tags/min | phero_entries=2 max_w=0.390
======================================================================
R1[SEARCH    ]: carry=0 | base=1.34 | wall=1.23 | search=1188 | target=none
R2[SEARCH    ]: carry=0 | base=0.34 | wall=2.26 | search=125 | target=site(0.31,-0.29)
R3[SEARCH    ]: carry=0 | base=0.61 | wall=1.89 | search=1188 | target=none
R4[SURVEY    ]: carry=1 | base=1.22 | wall=1.36 | search=  0 | target=none

[PICKUP] R2 picked up tag (density=4) | Total: 5
[DEPOSIT] R4 deposited! Total: 4
  [PHERO] Laid at (-0.41, -1.14) density=11 prob=0.95 entries=3
  [TARGET] R4 → SITE (-0.41, -1.14)
[DEPOSIT] R2 deposited! Total: 5
  [TARGET] R2 → SITE (0.19, -0.29)

======================================================================
Step 2000 (1.1 min) | Pickups: 5 | Deposits: 5 | Rate: 4.69 tags/min | phero_entries=3 max_w=0.768
======================================================================
R1[SEARCH    ]: carry=0 | base=1.47 | wall=1.21 | search=1688 | target=none
R2[SITE      ]: carry=0 | base=0.25 | wall=2.27 | search=  0 | target=site(0.19,-0.29)
R3[SEARCH    ]: carry=0 | base=0.40 | wall=2.13 | search=1688 | target=none
R4[BASE_ESC  ]: carry=0 | base=0.23 | wall=2.27 | search=  0 | target=site(-0.41,-1.14)

[PICKUP] R4 picked up tag (density=10) | Total: 6

======================================================================
Step 2500 (1.3 min) | Pickups: 6 | Deposits: 5 | Rate: 3.75 tags/min | phero_entries=3 max_w=0.194
======================================================================
R1[GIVE_UP   ]: carry=0 | base=0.38 | wall=2.18 | search=1872 | target=none
R2[SEARCH    ]: carry=0 | base=0.41 | wall=2.20 | search=385 | target=site(0.19,-0.29)
R3[SEARCH    ]: carry=0 | base=0.61 | wall=1.91 | search=2188 | target=none
R4[SURVEY    ]: carry=1 | base=1.24 | wall=1.32 | search=  0 | target=none

  [GIVE-UP] R1 returned empty after 1872 searching steps
  [TARGET] R1 → PHERO (-0.41, -1.14)
[PICKUP] R2 picked up tag (density=3) | Total: 7
[DEPOSIT] R4 deposited! Total: 6
  [PHERO] Laid at (-0.37, -1.18) density=10 prob=0.91 entries=4
  [TARGET] R4 → SITE (-0.37, -1.18)
[DEPOSIT] R2 deposited! Total: 7
  [PHERO] Laid at (0.38, -0.37) density=3 prob=0.09 entries=5
  [TARGET] R2 → PHERO (-0.37, -1.18)

======================================================================
Step 3000 (1.6 min) | Pickups: 7 | Deposits: 7 | Rate: 4.38 tags/min | phero_entries=5 max_w=0.944
======================================================================
R1[SEARCH    ]: carry=0 | base=1.18 | wall=1.39 | search= 10 | target=phero(-0.41,-1.14)
R2[BASE_ESC  ]: carry=0 | base=0.23 | wall=2.30 | search=  0 | target=phero(-0.37,-1.18)
R3[SEARCH    ]: carry=0 | base=0.43 | wall=2.11 | search=2688 | target=none
R4[SITE      ]: carry=0 | base=0.43 | wall=2.07 | search=  0 | target=site(-0.37,-1.18)

[PICKUP] R4 picked up tag (density=9) | Total: 8
[PICKUP] R2 picked up tag (density=2) | Total: 9

======================================================================
Step 3500 (1.9 min) | Pickups: 9 | Deposits: 7 | Rate: 3.75 tags/min | phero_entries=5 max_w=0.238
======================================================================
R1[SEARCH    ]: carry=0 | base=1.07 | wall=1.58 | search=510 | target=phero(-0.41,-1.14)
R2[RTB       ]: carry=1 | base=0.41 | wall=2.14 | search=  0 | target=none
R3[SEARCH    ]: carry=0 | base=0.68 | wall=2.00 | search=3188 | target=none
R4[RTB       ]: carry=1 | base=1.09 | wall=1.44 | search=  0 | target=none

[DEPOSIT] R2 deposited! Total: 8
  [TARGET] R2 → SITE (0.17, -0.37)
[DEPOSIT] R4 deposited! Total: 9
  [TARGET] R4 → SITE (-0.35, -1.17)

======================================================================
Step 4000 (2.1 min) | Pickups: 9 | Deposits: 9 | Rate: 4.22 tags/min | phero_entries=3 max_w=0.060
======================================================================
R1[SEARCH    ]: carry=0 | base=1.12 | wall=1.63 | search=1010 | target=phero(-0.41,-1.14)
R2[SEARCH    ]: carry=0 | base=0.29 | wall=2.23 | search=208 | target=site(0.17,-0.37)
R3[SEARCH    ]: carry=0 | base=1.30 | wall=1.44 | search=3688 | target=none
R4[SITE      ]: carry=0 | base=0.84 | wall=1.68 | search=  0 | target=site(-0.35,-1.17)

[PICKUP] R4 picked up tag (density=8) | Total: 10

======================================================================
Step 4500 (2.4 min) | Pickups: 10 | Deposits: 9 | Rate: 3.75 tags/min | phero_entries=2 max_w=0.015
======================================================================
R1[SEARCH    ]: carry=0 | base=1.22 | wall=1.56 | search=1510 | target=phero(-0.41,-1.14)
R2[SEARCH    ]: carry=0 | base=0.59 | wall=1.91 | search=708 | target=site(0.17,-0.37)
R3[SEARCH    ]: carry=0 | base=1.33 | wall=1.50 | search=4188 | target=none
R4[RTB       ]: carry=1 | base=0.71 | wall=1.80 | search=  0 | target=none

[DEPOSIT] R4 deposited! Total: 10
  [PHERO] Laid at (-0.31, -1.17) density=8 prob=0.74 entries=3
  [TARGET] R4 → SITE (-0.31, -1.17)
[PICKUP] R4 picked up tag (density=7) | Total: 11

======================================================================
Step 5000 (2.7 min) | Pickups: 11 | Deposits: 10 | Rate: 3.75 tags/min | phero_entries=3 max_w=0.353
======================================================================
R1[SEARCH    ]: carry=0 | base=0.90 | wall=1.75 | search=2010 | target=phero(-0.41,-1.14)
R2[SEARCH    ]: carry=0 | base=0.43 | wall=2.09 | search=1208 | target=site(0.17,-0.37)
R3[SEARCH    ]: carry=0 | base=1.19 | wall=1.65 | search=4688 | target=none
R4[SURVEY    ]: carry=1 | base=1.09 | wall=1.44 | search=  0 | target=none

[DEPOSIT] R4 deposited! Total: 11
  [TARGET] R4 → SITE (-0.25, -1.06)

======================================================================
Step 5500 (2.9 min) | Pickups: 11 | Deposits: 11 | Rate: 3.75 tags/min | phero_entries=1 max_w=0.089
======================================================================
R1[SEARCH    ]: carry=0 | base=0.98 | wall=1.73 | search=2510 | target=phero(-0.41,-1.14)
R2[SEARCH    ]: carry=0 | base=0.51 | wall=2.14 | search=1708 | target=site(0.17,-0.37)
R3[GIVE_UP   ]: carry=0 | base=0.92 | wall=1.80 | search=5148 | target=none
R4[BASE_ESC  ]: carry=0 | base=0.23 | wall=2.27 | search=  0 | target=site(-0.25,-1.06)

  [GIVE-UP] R3 returned empty after 5148 searching steps
  [TARGET] R3 → PHERO (-0.31, -1.17)

======================================================================
Step 6000 (3.2 min) | Pickups: 11 | Deposits: 11 | Rate: 3.44 tags/min | phero_entries=1 max_w=0.023
======================================================================
R1[SEARCH    ]: carry=0 | base=1.07 | wall=1.57 | search=3010 | target=phero(-0.41,-1.14)
R2[SEARCH    ]: carry=0 | base=0.55 | wall=1.97 | search=2208 | target=site(0.17,-0.37)
R3[PHERO     ]: carry=0 | base=0.71 | wall=1.82 | search=  0 | target=phero(-0.31,-1.17)
R4[SEARCH    ]: carry=0 | base=1.13 | wall=1.44 | search=187 | target=site(-0.25,-1.06)

[PICKUP] R3 picked up tag (density=6) | Total: 12
[PICKUP] R4 picked up tag (density=5) | Total: 13

======================================================================
Step 6500 (3.5 min) | Pickups: 13 | Deposits: 11 | Rate: 3.17 tags/min | phero_entries=1 max_w=0.006
======================================================================
R1[GIVE_UP   ]: carry=0 | base=0.55 | wall=1.97 | search=3276 | target=none
R2[BASE_ESC  ]: carry=0 | base=0.23 | wall=2.27 | search=2708 | target=site(0.17,-0.37)
R3[RTB       ]: carry=1 | base=0.82 | wall=1.69 | search=  0 | target=none
R4[RTB       ]: carry=1 | base=1.03 | wall=1.47 | search=  0 | target=none

  [GIVE-UP] R1 returned empty after 3276 searching steps
  [TARGET] R1 → PHERO (-0.31, -1.17)
[DEPOSIT] R3 deposited! Total: 12
  [TARGET] R3 → SITE (-0.30, -1.19)
  [GIVE-UP] R2 returned empty after 2964 searching steps
  [TARGET] R2 → PHERO (-0.31, -1.17)
[DEPOSIT] R4 deposited! Total: 13
  [TARGET] R4 → SITE (-0.13, -1.09)

======================================================================
Step 7000 (3.7 min) | Pickups: 13 | Deposits: 13 | Rate: 3.48 tags/min | phero_entries=1 max_w=0.001
======================================================================
R1[PHERO     ]: carry=0 | base=0.41 | wall=2.11 | search=  0 | target=phero(-0.31,-1.17)
R2[PHERO     ]: carry=0 | base=0.61 | wall=1.94 | search=  0 | target=phero(-0.31,-1.17)
R3[SITE      ]: carry=0 | base=0.95 | wall=1.59 | search=  0 | target=site(-0.30,-1.19)
R4[SITE      ]: carry=0 | base=0.48 | wall=2.04 | search=  0 | target=site(-0.13,-1.09)

[PICKUP] R3 picked up tag (density=4) | Total: 14
[PICKUP] R2 picked up tag (density=3) | Total: 15

======================================================================
Step 7500 (4.0 min) | Pickups: 15 | Deposits: 13 | Rate: 3.25 tags/min | phero_entries=0 max_w=0.000
======================================================================
R1[SEARCH    ]: carry=0 | base=1.07 | wall=1.51 | search=298 | target=phero(-0.31,-1.17)
R2[RTB       ]: carry=1 | base=1.17 | wall=1.33 | search=  0 | target=none
R3[RTB       ]: carry=1 | base=1.02 | wall=1.51 | search=  0 | target=none
R4[SEARCH    ]: carry=0 | base=1.11 | wall=1.40 | search=349 | target=site(-0.13,-1.09)

[DEPOSIT] R3 deposited! Total: 14
  [TARGET] R3 → SITE (-0.38, -1.27)
[DEPOSIT] R2 deposited! Total: 15
  [TARGET] R2 → SITE (-0.25, -1.21)
  [GIVE-UP] R4 returned empty after 468 searching steps
  [TARGET] R4 → WALL (-2.42, 0.96)

======================================================================
Step 8000 (4.3 min) | Pickups: 15 | Deposits: 15 | Rate: 3.52 tags/min | phero_entries=0 max_w=0.000
======================================================================
R1[SEARCH    ]: carry=0 | base=1.51 | wall=1.16 | search=798 | target=phero(-0.31,-1.17)
R2[BASE_ESC  ]: carry=0 | base=0.18 | wall=2.33 | search=  0 | target=site(-0.25,-1.21)
R3[SITE      ]: carry=0 | base=0.51 | wall=1.99 | search=  0 | target=site(-0.38,-1.27)
R4[BASE_ESC  ]: carry=0 | base=0.24 | wall=2.26 | search=  0 | target=none


======================================================================
Step 8500 (4.5 min) | Pickups: 15 | Deposits: 15 | Rate: 3.31 tags/min | phero_entries=0 max_w=0.000
======================================================================
R1[SEARCH    ]: carry=0 | base=1.34 | wall=1.40 | search=1298 | target=phero(-0.31,-1.17)
R2[SEARCH    ]: carry=0 | base=1.15 | wall=1.36 | search=176 | target=site(-0.25,-1.21)
R3[SEARCH    ]: carry=0 | base=1.22 | wall=1.32 | search=293 | target=site(-0.38,-1.27)
R4[SEARCH    ]: carry=0 | base=0.78 | wall=1.72 | search= 84 | target=none

[PICKUP] R2 picked up tag (density=2) | Total: 16
  [GIVE-UP] R1 returned empty after 1404 searching steps
  [TARGET] R1 → WALL (-2.42, -0.80)

======================================================================
Step 9000 (4.8 min) | Pickups: 16 | Deposits: 15 | Rate: 3.12 tags/min | phero_entries=0 max_w=0.000
======================================================================
R1[BASE_ESC  ]: carry=0 | base=0.23 | wall=2.30 | search=  0 | target=none
R2[RTB       ]: carry=1 | base=1.05 | wall=1.46 | search=  0 | target=none
R3[SEARCH    ]: carry=0 | base=0.90 | wall=1.60 | search=793 | target=site(-0.38,-1.27)
R4[SEARCH    ]: carry=0 | base=0.86 | wall=1.67 | search=584 | target=none

[DEPOSIT] R2 deposited! Total: 16
  [TARGET] R2 → SITE (-0.27, -1.26)
  [GIVE-UP] R3 returned empty after 936 searching steps
  [TARGET] R3 → WALL (-0.77, 2.42)

======================================================================
Step 9500 (5.1 min) | Pickups: 16 | Deposits: 16 | Rate: 3.16 tags/min | phero_entries=0 max_w=0.000
======================================================================
R1[SEARCH    ]: carry=0 | base=0.86 | wall=1.73 | search=251 | target=none
R2[SITE      ]: carry=0 | base=0.87 | wall=1.64 | search=  0 | target=site(-0.27,-1.26)
R3[DEPART    ]: carry=0 | base=0.27 | wall=2.30 | search=  0 | target=none
R4[SEARCH    ]: carry=0 | base=0.77 | wall=1.86 | search=1084 | target=none


======================================================================
Step 10000 (5.3 min) | Pickups: 16 | Deposits: 16 | Rate: 3.00 tags/min | phero_entries=0 max_w=0.000
======================================================================
R1[SEARCH    ]: carry=0 | base=1.17 | wall=1.33 | search=751 | target=none
R2[SEARCH    ]: carry=0 | base=1.41 | wall=1.13 | search=402 | target=site(-0.27,-1.26)
R3[SEARCH    ]: carry=0 | base=0.50 | wall=2.00 | search=417 | target=none
R4[SEARCH    ]: carry=0 | base=0.75 | wall=1.83 | search=1584 | target=none

[PICKUP] R1 picked up tag (density=1) | Total: 17
  [GIVE-UP] R3 returned empty after 624 searching steps
  [TARGET] R3 → WALL (-0.79, 2.42)

======================================================================
Step 10500 (5.6 min) | Pickups: 17 | Deposits: 16 | Rate: 2.86 tags/min | phero_entries=0 max_w=0.000
======================================================================
R1[SURVEY    ]: carry=1 | base=1.27 | wall=1.24 | search=  0 | target=none
R2[SEARCH    ]: carry=0 | base=1.69 | wall=0.92 | search=902 | target=site(-0.27,-1.26)
R3[BASE_ESC  ]: carry=0 | base=0.22 | wall=2.30 | search=  0 | target=none
R4[SEARCH    ]: carry=0 | base=0.76 | wall=1.76 | search=2084 | target=none

[DEPOSIT] R1 deposited! Total: 17
  [TARGET] R1 → WALL (-2.42, -0.14)

======================================================================
Step 11000 (5.9 min) | Pickups: 17 | Deposits: 17 | Rate: 2.90 tags/min | phero_entries=0 max_w=0.000
======================================================================
R1[DEPART    ]: carry=0 | base=0.28 | wall=2.22 | search=  0 | target=none
R2[SEARCH    ]: carry=0 | base=1.77 | wall=0.90 | search=1402 | target=site(-0.27,-1.26)
R3[SEARCH    ]: carry=0 | base=0.77 | wall=1.91 | search=303 | target=none
R4[SEARCH    ]: carry=0 | base=0.96 | wall=1.69 | search=2584 | target=none


======================================================================
Step 11500 (6.1 min) | Pickups: 17 | Deposits: 17 | Rate: 2.77 tags/min | phero_entries=0 max_w=0.000
======================================================================
R1[SEARCH    ]: carry=0 | base=0.90 | wall=1.61 | search=234 | target=none
R2[SEARCH    ]: carry=0 | base=1.41 | wall=1.26 | search=1902 | target=site(-0.27,-1.26)
R3[SEARCH    ]: carry=0 | base=0.85 | wall=1.72 | search=803 | target=none
R4[GIVE_UP   ]: carry=0 | base=0.51 | wall=2.03 | search=2808 | target=none

  [GIVE-UP] R4 returned empty after 2808 searching steps
  [TARGET] R4 → WALL (-0.80, -2.42)
[PICKUP] R3 picked up tag (density=12) | Total: 18

======================================================================
Step 12000 (6.4 min) | Pickups: 18 | Deposits: 17 | Rate: 2.66 tags/min | phero_entries=0 max_w=0.000
======================================================================
R1[SEARCH    ]: carry=0 | base=1.21 | wall=1.31 | search=734 | target=none
R2[SEARCH    ]: carry=0 | base=1.75 | wall=0.85 | search=2402 | target=site(-0.27,-1.26)
R3[RTB       ]: carry=1 | base=0.77 | wall=1.79 | search=  0 | target=none
R4[DEPART    ]: carry=0 | base=1.18 | wall=1.46 | search=  0 | target=none

[DEPOSIT] R3 deposited! Total: 18
  [PHERO] Laid at (-0.48, 0.90) density=12 prob=0.98 entries=1
  [TARGET] R3 → SITE (-0.48, 0.90)

======================================================================
Step 12500 (6.7 min) | Pickups: 18 | Deposits: 18 | Rate: 2.70 tags/min | phero_entries=1 max_w=0.368
======================================================================
R1[SEARCH    ]: carry=0 | base=1.21 | wall=1.30 | search=1234 | target=none
R2[GIVE_UP   ]: carry=0 | base=0.94 | wall=1.61 | search=2652 | target=none
R3[SEARCH    ]: carry=0 | base=1.00 | wall=1.61 | search= 47 | target=site(-0.48,0.90)
R4[SEARCH    ]: carry=0 | base=1.50 | wall=1.13 | search=353 | target=none

  [GIVE-UP] R2 returned empty after 2652 searching steps
  [TARGET] R2 → PHERO (-0.48, 0.90)

======================================================================
Step 13000 (6.9 min) | Pickups: 18 | Deposits: 18 | Rate: 2.60 tags/min | phero_entries=1 max_w=0.093
======================================================================
R1[SEARCH    ]: carry=0 | base=1.28 | wall=1.26 | search=1734 | target=none
R2[PHERO     ]: carry=0 | base=0.46 | wall=2.15 | search=  0 | target=phero(-0.48,0.90)
R3[SEARCH    ]: carry=0 | base=1.06 | wall=1.51 | search=547 | target=site(-0.48,0.90)
R4[GIVE_UP   ]: carry=0 | base=0.47 | wall=2.04 | search=624 | target=none

  [GIVE-UP] R4 returned empty after 624 searching steps
  [TARGET] R4 → PHERO (-0.48, 0.90)
[PICKUP] R2 picked up tag (density=11) | Total: 19

======================================================================
Step 13500 (7.2 min) | Pickups: 19 | Deposits: 18 | Rate: 2.50 tags/min | phero_entries=1 max_w=0.024
======================================================================
R1[SEARCH    ]: carry=0 | base=1.45 | wall=1.07 | search=2234 | target=none
R2[SURVEY    ]: carry=1 | base=1.11 | wall=1.49 | search=  0 | target=none
R3[SEARCH    ]: carry=0 | base=0.69 | wall=1.82 | search=1047 | target=site(-0.48,0.90)
R4[BASE_ESC  ]: carry=0 | base=0.24 | wall=2.31 | search=  0 | target=phero(-0.48,0.90)

[PICKUP] R4 picked up tag (density=9) | Total: 20
[DEPOSIT] R2 deposited! Total: 19
  [PHERO] Laid at (-0.44, 1.01) density=11 prob=0.95 entries=2
  [TARGET] R2 → SITE (-0.44, 1.01)

======================================================================
Step 14000 (7.5 min) | Pickups: 20 | Deposits: 19 | Rate: 2.54 tags/min | phero_entries=2 max_w=0.857
======================================================================
R1[GIVE_UP   ]: carry=0 | base=0.31 | wall=2.19 | search=2340 | target=none
R2[BASE_ESC  ]: carry=0 | base=0.22 | wall=2.29 | search=  0 | target=site(-0.44,1.01)
R3[SEARCH    ]: carry=0 | base=0.43 | wall=2.14 | search=1547 | target=site(-0.48,0.90)
R4[SURVEY    ]: carry=1 | base=0.30 | wall=2.25 | search=  0 | target=none

  [GIVE-UP] R1 returned empty after 2340 searching steps
  [TARGET] R1 → PHERO (-0.44, 1.01)
[DEPOSIT] R4 deposited! Total: 20
  [PHERO] Laid at (0.17, 0.25) density=9 prob=0.84 entries=3
  [TARGET] R4 → SITE (0.17, 0.25)
  [GIVE-UP] R3 returned empty after 1872 searching steps
  [TARGET] R3 → PHERO (0.17, 0.25)
[PICKUP] R4 picked up tag (density=8) | Total: 21
[PICKUP] R1 picked up tag (density=10) | Total: 22

======================================================================
Step 14500 (7.7 min) | Pickups: 22 | Deposits: 20 | Rate: 2.59 tags/min | phero_entries=3 max_w=0.316
======================================================================
R1[SURVEY    ]: carry=1 | base=1.14 | wall=1.48 | search=  0 | target=none
R2[SEARCH    ]: carry=0 | base=1.08 | wall=1.46 | search=216 | target=site(-0.44,1.01)
R3[BASE_ESC  ]: carry=0 | base=0.22 | wall=2.31 | search=  0 | target=phero(0.17,0.25)
R4[SURVEY    ]: carry=1 | base=0.36 | wall=2.17 | search=  0 | target=none

[DEPOSIT] R4 deposited! Total: 21
  [PHERO] Laid at (0.15, 0.32) density=8 prob=0.74 entries=3
  [TARGET] R4 → SITE (0.15, 0.32)
[DEPOSIT] R1 deposited! Total: 22
  [PHERO] Laid at (-0.50, 1.02) density=10 prob=0.91 entries=4
  [TARGET] R1 → SITE (-0.50, 1.02)

======================================================================
Step 15000 (8.0 min) | Pickups: 22 | Deposits: 22 | Rate: 2.75 tags/min | phero_entries=4 max_w=0.978
======================================================================
R1[BASE_ESC  ]: carry=0 | base=0.23 | wall=2.28 | search=  0 | target=site(-0.50,1.02)
R2[SEARCH    ]: carry=0 | base=1.03 | wall=1.47 | search=716 | target=site(-0.44,1.01)
R3[SEARCH    ]: carry=0 | base=0.28 | wall=2.22 | search=313 | target=phero(0.17,0.25)
R4[SEARCH    ]: carry=0 | base=0.34 | wall=2.19 | search= 98 | target=site(0.15,0.32)

[PICKUP] R4 picked up tag (density=7) | Total: 23
[PICKUP] R1 picked up tag (density=9) | Total: 24

======================================================================
Step 15500 (8.3 min) | Pickups: 24 | Deposits: 22 | Rate: 2.66 tags/min | phero_entries=4 max_w=0.247
======================================================================
R1[SURVEY    ]: carry=1 | base=1.14 | wall=1.48 | search=  0 | target=none
R2[SEARCH    ]: carry=0 | base=0.68 | wall=1.82 | search=1216 | target=site(-0.44,1.01)
R3[SEARCH    ]: carry=0 | base=0.38 | wall=2.12 | search=813 | target=phero(0.17,0.25)
R4[RTB       ]: carry=1 | base=0.37 | wall=2.16 | search=  0 | target=none

[DEPOSIT] R4 deposited! Total: 23
  [PHERO] Laid at (0.12, 0.35) density=7 prob=0.62 entries=5
  [TARGET] R4 → SITE (0.12, 0.35)
[PICKUP] R4 picked up tag (density=6) | Total: 25
[DEPOSIT] R1 deposited! Total: 24
  [PHERO] Laid at (-0.52, 1.02) density=9 prob=0.84 entries=6
  [TARGET] R1 → SITE (-0.52, 1.02)

======================================================================
Step 16000 (8.5 min) | Pickups: 25 | Deposits: 24 | Rate: 2.81 tags/min | phero_entries=6 max_w=0.753
======================================================================
R1[BASE_ESC  ]: carry=0 | base=0.23 | wall=2.30 | search=  0 | target=site(-0.52,1.02)
R2[SEARCH    ]: carry=0 | base=0.85 | wall=1.65 | search=1716 | target=site(-0.44,1.01)
R3[SEARCH    ]: carry=0 | base=0.28 | wall=2.29 | search=1313 | target=phero(0.17,0.25)
R4[SURVEY    ]: carry=1 | base=0.43 | wall=2.10 | search=  0 | target=none

[DEPOSIT] R4 deposited! Total: 25
  [PHERO] Laid at (0.15, 0.40) density=6 prob=0.47 entries=7
  [TARGET] R4 → SITE (0.15, 0.40)
[PICKUP] R1 picked up tag (density=8) | Total: 26

======================================================================
Step 16500 (8.8 min) | Pickups: 26 | Deposits: 25 | Rate: 2.84 tags/min | phero_entries=6 max_w=0.364
======================================================================
R1[SURVEY    ]: carry=1 | base=1.15 | wall=1.49 | search=  0 | target=none
R2[SEARCH    ]: carry=0 | base=1.02 | wall=1.48 | search=2216 | target=site(-0.44,1.01)
R3[SEARCH    ]: carry=0 | base=0.27 | wall=2.23 | search=1813 | target=phero(0.17,0.25)
R4[SEARCH    ]: carry=0 | base=0.33 | wall=2.21 | search=159 | target=site(0.15,0.40)

[PICKUP] R4 picked up tag (density=5) | Total: 27
[DEPOSIT] R1 deposited! Total: 26
  [TARGET] R1 → SITE (-0.57, 1.01)
[DEPOSIT] R4 deposited! Total: 27
  [TARGET] R4 → SITE (0.22, 0.33)

======================================================================
Step 17000 (9.1 min) | Pickups: 27 | Deposits: 27 | Rate: 2.98 tags/min | phero_entries=5 max_w=0.092
======================================================================
R1[SITE      ]: carry=0 | base=0.44 | wall=2.07 | search=  0 | target=site(-0.57,1.01)
R2[SEARCH    ]: carry=0 | base=1.31 | wall=1.22 | search=2716 | target=site(-0.44,1.01)
R3[SEARCH    ]: carry=0 | base=0.28 | wall=2.22 | search=2313 | target=phero(0.17,0.25)
R4[BASE_ESC  ]: carry=0 | base=0.24 | wall=2.29 | search=  0 | target=site(0.22,0.33)

[PICKUP] R1 picked up tag (density=7) | Total: 28

======================================================================
Step 17500 (9.3 min) | Pickups: 28 | Deposits: 27 | Rate: 2.89 tags/min | phero_entries=4 max_w=0.023
======================================================================
R1[RTB       ]: carry=1 | base=1.14 | wall=1.51 | search=  0 | target=none
R2[SEARCH    ]: carry=0 | base=1.23 | wall=1.28 | search=3216 | target=site(-0.44,1.01)
R3[SEARCH    ]: carry=0 | base=0.39 | wall=2.12 | search=2813 | target=phero(0.17,0.25)
R4[GIVE_UP   ]: carry=0 | base=0.39 | wall=2.12 | search=312 | target=none

  [GIVE-UP] R4 returned empty after 312 searching steps
  [TARGET] R4 → PHERO (0.15, 0.40)
[PICKUP] R2 picked up tag (density=6) | Total: 29
[DEPOSIT] R1 deposited! Total: 28
  [TARGET] R1 → SITE (-0.58, 0.99)
  [GIVE-UP] R4 returned empty after 156 searching steps
  [TARGET] R4 → PHERO (0.15, 0.40)

======================================================================
Step 18000 (9.6 min) | Pickups: 29 | Deposits: 28 | Rate: 2.92 tags/min | phero_entries=3 max_w=0.006
======================================================================
R1[SITE      ]: carry=0 | base=0.72 | wall=1.84 | search=  0 | target=site(-0.58,0.99)
R2[RTB       ]: carry=1 | base=1.23 | wall=1.33 | search=  0 | target=none
R3[SEARCH    ]: carry=0 | base=0.35 | wall=2.16 | search=3313 | target=phero(0.17,0.25)
R4[BASE_ESC  ]: carry=0 | base=0.22 | wall=2.29 | search=  0 | target=phero(0.15,0.40)

[PICKUP] R4 picked up tag (density=4) | Total: 30
[DEPOSIT] R2 deposited! Total: 29
  [PHERO] Laid at (-0.43, 1.19) density=6 prob=0.47 entries=3
  [TARGET] R2 → SITE (-0.43, 1.19)

======================================================================
Step 18500 (9.9 min) | Pickups: 30 | Deposits: 29 | Rate: 2.94 tags/min | phero_entries=2 max_w=0.533
======================================================================
R1[SEARCH    ]: carry=0 | base=0.80 | wall=1.88 | search=402 | target=site(-0.58,0.99)
R2[SITE      ]: carry=0 | base=0.64 | wall=1.87 | search=  0 | target=site(-0.43,1.19)
R3[SEARCH    ]: carry=0 | base=0.26 | wall=2.26 | search=3813 | target=phero(0.17,0.25)
R4[RTB       ]: carry=1 | base=0.26 | wall=2.29 | search=  0 | target=none

[DEPOSIT] R4 deposited! Total: 30
  [TARGET] R4 → SITE (0.16, 0.41)
TIMEOUT_RESULT pickups=30 deposits=30 steps=18750 elapsed_min=10.000000
BATCH_RESULT pickups=30 deposits=30
