=================================================================
CPFA BASELINE — ARGoS-calibrated parameters
  Params file                  = /home/sara/Documents/RL-FL-Foraging/cpfa_tuning_20260715_140546/trial_019/params.yaml
  Results file                 = /home/sara/Documents/RL-FL-Foraging/controllers/cpfa_baseline/results/cpfa_baseline_results_20260715_143907_3.txt
  RateOfLayingPheromone        = 6.878657844286897
  RateOfSiteFidelity           = 3.3778919749689305
  RateOfPheromoneDecay         = 0.08598668881169323 /s  (lifetime ~80s)
  ProbabilityOfReturningToNest = 0.09272186468528623 (every 5 sec → E[give-up] ~54s)
  UninformedSearchVariation    = 1.58 rad (90.6°)
  RateOfInformedSearchDecay    = 1.0880575349458648 /waypoint
  ProbabilityOfSwitchingToSearching = 0.5292114327748014 (every 5 sec in uninformed DEPARTING)
=================================================================

[PICKUP] R3 picked up tag (density=6) | Total: 1
[PICKUP] R2 picked up tag (density=9) | Total: 2
[DEPOSIT] R3 deposited! Total: 1
  [TARGET] R3 → SITE (0.00, 0.50)
[DEPOSIT] R2 deposited! Total: 2
  [TARGET] R2 → SITE (0.59, -0.05)

======================================================================
Step 500 (0.3 min) | Pickups: 2 | Deposits: 2 | Rate: 7.50 tags/min | phero_entries=0 max_w=0.000
======================================================================
R1[SEARCH    ]: carry=0 | base=1.16 | wall=1.37 | search=188 | target=none
R2[BASE_ESC  ]: carry=0 | base=0.22 | wall=2.28 | search=  0 | target=site(0.59,-0.05)
R3[SEARCH    ]: carry=0 | base=0.48 | wall=2.02 | search=  5 | target=site(0.00,0.50)
R4[SEARCH    ]: carry=0 | base=1.26 | wall=1.44 | search= 32 | target=none

[PICKUP] R3 picked up tag (density=5) | Total: 3
[DEPOSIT] R3 deposited! Total: 3
  [PHERO] Laid at (-0.02, 0.50) density=5 prob=0.32 entries=1
  [TARGET] R3 → SITE (-0.02, 0.50)
[PICKUP] R4 picked up tag (density=12) | Total: 4
  [GIVE-UP] R1 returned empty after 312 searching steps
  [TARGET] R1 → PHERO (-0.02, 0.50)

======================================================================
Step 1000 (0.5 min) | Pickups: 4 | Deposits: 3 | Rate: 5.62 tags/min | phero_entries=1 max_w=0.794
======================================================================
R1[BASE_ESC  ]: carry=0 | base=0.22 | wall=2.28 | search=  0 | target=phero(-0.02,0.50)
R2[SEARCH    ]: carry=0 | base=0.57 | wall=1.95 | search=316 | target=site(0.59,-0.05)
R3[BASE_ESC  ]: carry=0 | base=0.23 | wall=2.29 | search=  0 | target=site(-0.02,0.50)
R4[SURVEY    ]: carry=1 | base=1.25 | wall=1.33 | search=  0 | target=none

[PICKUP] R3 picked up tag (density=4) | Total: 5
  [GIVE-UP] R1 returned empty after 156 searching steps
  [TARGET] R1 → PHERO (-0.02, 0.50)
[DEPOSIT] R4 deposited! Total: 4
  [PHERO] Laid at (0.44, 1.17) density=12 prob=0.98 entries=2
  [TARGET] R4 → SITE (0.44, 1.17)

======================================================================
Step 1500 (0.8 min) | Pickups: 5 | Deposits: 4 | Rate: 5.00 tags/min | phero_entries=2 max_w=0.952
======================================================================
R1[BASE_ESC  ]: carry=0 | base=0.22 | wall=2.30 | search=  0 | target=phero(-0.02,0.50)
R2[SEARCH    ]: carry=0 | base=0.57 | wall=1.94 | search=816 | target=site(0.59,-0.05)
R3[RTB       ]: carry=1 | base=0.30 | wall=2.20 | search=  0 | target=none
R4[BASE_ESC  ]: carry=0 | base=0.23 | wall=2.29 | search=  0 | target=site(0.44,1.17)

[PICKUP] R2 picked up tag (density=8) | Total: 6
[DEPOSIT] R3 deposited! Total: 5
  [TARGET] R3 → SITE (-0.06, 0.57)
[PICKUP] R1 picked up tag (density=3) | Total: 7
[DEPOSIT] R1 deposited! Total: 6
  [TARGET] R1 → PHERO (0.44, 1.17)
[PICKUP] R4 picked up tag (density=11) | Total: 8
[DEPOSIT] R2 deposited! Total: 7
  [PHERO] Laid at (0.56, -0.07) density=8 prob=0.74 entries=3
  [TARGET] R2 → SITE (0.56, -0.07)

======================================================================
Step 2000 (1.1 min) | Pickups: 8 | Deposits: 7 | Rate: 6.56 tags/min | phero_entries=3 max_w=0.867
======================================================================
R1[BASE_ESC  ]: carry=0 | base=0.23 | wall=2.27 | search=  0 | target=phero(0.44,1.17)
R2[BASE_ESC  ]: carry=0 | base=0.22 | wall=2.28 | search=  0 | target=site(0.56,-0.07)
R3[SEARCH    ]: carry=0 | base=0.32 | wall=2.18 | search=262 | target=site(-0.06,0.57)
R4[SURVEY    ]: carry=1 | base=1.25 | wall=1.30 | search=  0 | target=none

[PICKUP] R2 picked up tag (density=7) | Total: 9

======================================================================
Step 2500 (1.3 min) | Pickups: 9 | Deposits: 7 | Rate: 5.25 tags/min | phero_entries=3 max_w=0.219
======================================================================
R1[GIVE_UP   ]: carry=0 | base=1.04 | wall=1.52 | search=156 | target=none
R2[SURVEY    ]: carry=1 | base=0.53 | wall=1.98 | search=  0 | target=none
R3[SEARCH    ]: carry=0 | base=0.31 | wall=2.20 | search=762 | target=site(-0.06,0.57)
R4[RTB       ]: carry=1 | base=0.33 | wall=2.19 | search=  0 | target=none

[DEPOSIT] R4 deposited! Total: 8
  [TARGET] R4 → SITE (0.38, 1.19)
[DEPOSIT] R2 deposited! Total: 9
  [PHERO] Laid at (0.52, -0.11) density=7 prob=0.62 entries=4
  [TARGET] R2 → SITE (0.52, -0.11)
  [GIVE-UP] R1 returned empty after 156 searching steps
  [TARGET] R1 → PHERO (0.52, -0.11)

======================================================================
Step 3000 (1.6 min) | Pickups: 9 | Deposits: 9 | Rate: 5.62 tags/min | phero_entries=4 max_w=0.453
======================================================================
R1[PHERO     ]: carry=0 | base=0.25 | wall=2.26 | search=  0 | target=phero(0.52,-0.11)
R2[SEARCH    ]: carry=0 | base=0.51 | wall=2.01 | search= 63 | target=site(0.52,-0.11)
R3[BASE_ESC  ]: carry=0 | base=0.25 | wall=2.25 | search=1262 | target=site(-0.06,0.57)
R4[SEARCH    ]: carry=0 | base=1.22 | wall=1.34 | search=  7 | target=site(0.38,1.19)

[PICKUP] R2 picked up tag (density=6) | Total: 10
[PICKUP] R1 picked up tag (density=5) | Total: 11
  [GIVE-UP] R3 returned empty after 1716 searching steps
  [TARGET] R3 → PHERO (0.52, -0.11)

======================================================================
Step 3500 (1.9 min) | Pickups: 11 | Deposits: 9 | Rate: 4.82 tags/min | phero_entries=3 max_w=0.114
======================================================================
R1[SURVEY    ]: carry=1 | base=0.45 | wall=2.06 | search=  0 | target=none
R2[RTB       ]: carry=1 | base=0.55 | wall=1.97 | search=  0 | target=none
R3[BASE_ESC  ]: carry=0 | base=0.23 | wall=2.29 | search=  0 | target=phero(0.52,-0.11)
R4[SEARCH    ]: carry=0 | base=1.30 | wall=1.39 | search=507 | target=site(0.38,1.19)

[DEPOSIT] R2 deposited! Total: 10
  [TARGET] R2 → SITE (0.50, -0.13)
[DEPOSIT] R1 deposited! Total: 11
  [TARGET] R1 → SITE (0.44, -0.13)
[PICKUP] R1 picked up tag (density=4) | Total: 12

======================================================================
Step 4000 (2.1 min) | Pickups: 12 | Deposits: 11 | Rate: 5.16 tags/min | phero_entries=2 max_w=0.029
======================================================================
R1[SURVEY    ]: carry=1 | base=0.51 | wall=2.01 | search=  0 | target=none
R2[SEARCH    ]: carry=0 | base=0.55 | wall=1.95 | search=159 | target=site(0.50,-0.13)
R3[PHERO     ]: carry=0 | base=0.25 | wall=2.25 | search=  0 | target=phero(0.52,-0.11)
R4[SEARCH    ]: carry=0 | base=1.40 | wall=1.46 | search=1007 | target=site(0.38,1.19)

  [GIVE-UP] R2 returned empty after 312 searching steps
  [TARGET] R2 → PHERO (0.52, -0.11)
[DEPOSIT] R1 deposited! Total: 12
  [TARGET] R1 → SITE (0.49, -0.14)

======================================================================
Step 4500 (2.4 min) | Pickups: 12 | Deposits: 12 | Rate: 5.00 tags/min | phero_entries=1 max_w=0.007
======================================================================
R1[SITE      ]: carry=0 | base=0.35 | wall=2.15 | search=  0 | target=site(0.49,-0.14)
R2[SEARCH    ]: carry=0 | base=0.45 | wall=2.05 | search=103 | target=phero(0.52,-0.11)
R3[SEARCH    ]: carry=0 | base=0.64 | wall=1.86 | search=331 | target=phero(0.52,-0.11)
R4[SEARCH    ]: carry=0 | base=1.40 | wall=1.48 | search=1507 | target=site(0.38,1.19)

[PICKUP] R1 picked up tag (density=3) | Total: 13
  [GIVE-UP] R4 returned empty after 1560 searching steps
  [TARGET] R4 → PHERO (0.52, -0.11)

======================================================================
Step 5000 (2.7 min) | Pickups: 13 | Deposits: 12 | Rate: 4.50 tags/min | phero_entries=1 max_w=0.002
======================================================================
R1[RTB       ]: carry=1 | base=0.47 | wall=2.07 | search=  0 | target=none
R2[SEARCH    ]: carry=0 | base=0.38 | wall=2.15 | search=603 | target=phero(0.52,-0.11)
R3[SEARCH    ]: carry=0 | base=0.45 | wall=2.05 | search=831 | target=phero(0.52,-0.11)
R4[PHERO     ]: carry=0 | base=0.29 | wall=2.26 | search=  0 | target=phero(0.52,-0.11)

[DEPOSIT] R1 deposited! Total: 13
  [TARGET] R1 → SITE (0.41, -0.20)
  [GIVE-UP] R3 returned empty after 936 searching steps
  [TARGET] R3 → PHERO (0.52, -0.11)
[PICKUP] R2 picked up tag (density=2) | Total: 14

======================================================================
Step 5500 (2.9 min) | Pickups: 14 | Deposits: 13 | Rate: 4.43 tags/min | phero_entries=0 max_w=0.000
======================================================================
R1[SEARCH    ]: carry=0 | base=0.38 | wall=2.19 | search=152 | target=site(0.41,-0.20)
R2[SURVEY    ]: carry=1 | base=0.74 | wall=1.81 | search=  0 | target=none
R3[SEARCH    ]: carry=0 | base=0.51 | wall=1.99 | search=  2 | target=phero(0.52,-0.11)
R4[SEARCH    ]: carry=0 | base=0.54 | wall=1.98 | search=340 | target=phero(0.52,-0.11)

[PICKUP] R1 picked up tag (density=1) | Total: 15
[DEPOSIT] R1 deposited! Total: 14
  [TARGET] R1 → WALL (-0.59, 2.42)
[DEPOSIT] R2 deposited! Total: 15
  [TARGET] R2 → SITE (0.68, -0.27)

======================================================================
Step 6000 (3.2 min) | Pickups: 15 | Deposits: 15 | Rate: 4.69 tags/min | phero_entries=0 max_w=0.000
======================================================================
R1[BASE_ESC  ]: carry=0 | base=0.21 | wall=2.30 | search=  0 | target=none
R2[SITE      ]: carry=0 | base=0.25 | wall=2.25 | search=  0 | target=site(0.68,-0.27)
R3[SEARCH    ]: carry=0 | base=0.41 | wall=2.14 | search=502 | target=phero(0.52,-0.11)
R4[GIVE_UP   ]: carry=0 | base=0.35 | wall=2.24 | search=780 | target=none

  [GIVE-UP] R4 returned empty after 780 searching steps
  [TARGET] R4 → WALL (2.42, -0.04)
  [GIVE-UP] R3 returned empty after 624 searching steps
  [TARGET] R3 → WALL (-1.24, 2.42)
  [GIVE-UP] R2 returned empty after 156 searching steps
  [TARGET] R2 → WALL (-2.42, -2.06)

======================================================================
Step 6500 (3.5 min) | Pickups: 15 | Deposits: 15 | Rate: 4.33 tags/min | phero_entries=0 max_w=0.000
======================================================================
R1[SEARCH    ]: carry=0 | base=0.53 | wall=1.99 | search=330 | target=none
R2[BASE_ESC  ]: carry=0 | base=0.22 | wall=2.28 | search=  0 | target=none
R3[DEPART    ]: carry=0 | base=0.31 | wall=2.22 | search=  0 | target=none
R4[GIVE_UP   ]: carry=0 | base=0.59 | wall=1.92 | search=156 | target=none

  [GIVE-UP] R4 returned empty after 156 searching steps
  [TARGET] R4 → WALL (-2.42, -0.35)

======================================================================
Step 7000 (3.7 min) | Pickups: 15 | Deposits: 15 | Rate: 4.02 tags/min | phero_entries=0 max_w=0.000
======================================================================
R1[SEARCH    ]: carry=0 | base=0.78 | wall=1.94 | search=830 | target=none
R2[SEARCH    ]: carry=0 | base=1.00 | wall=1.73 | search=108 | target=none
R3[SEARCH    ]: carry=0 | base=0.37 | wall=2.17 | search=462 | target=none
R4[DEPART    ]: carry=0 | base=0.26 | wall=2.27 | search=  0 | target=none

  [GIVE-UP] R1 returned empty after 936 searching steps
  [TARGET] R1 → WALL (-2.42, -0.72)
[PICKUP] R4 picked up tag (density=2) | Total: 16
  [GIVE-UP] R3 returned empty after 936 searching steps
  [TARGET] R3 → WALL (-2.42, -0.21)

======================================================================
Step 7500 (4.0 min) | Pickups: 16 | Deposits: 15 | Rate: 3.75 tags/min | phero_entries=0 max_w=0.000
======================================================================
R1[BASE_ESC  ]: carry=0 | base=0.24 | wall=2.26 | search=  0 | target=none
R2[SEARCH    ]: carry=0 | base=1.24 | wall=1.31 | search=608 | target=none
R3[BASE_ESC  ]: carry=0 | base=0.23 | wall=2.27 | search=  0 | target=none
R4[SURVEY    ]: carry=1 | base=0.60 | wall=2.06 | search=  0 | target=none

[DEPOSIT] R4 deposited! Total: 16
  [TARGET] R4 → WALL (-0.64, 2.42)
[PICKUP] R4 picked up tag (density=1) | Total: 17

======================================================================
Step 8000 (4.3 min) | Pickups: 17 | Deposits: 16 | Rate: 3.75 tags/min | phero_entries=0 max_w=0.000
======================================================================
R1[SEARCH    ]: carry=0 | base=0.51 | wall=2.03 | search=208 | target=none
R2[GIVE_UP   ]: carry=0 | base=0.97 | wall=1.57 | search=936 | target=none
R3[SEARCH    ]: carry=0 | base=1.32 | wall=1.18 | search=122 | target=none
R4[RTB       ]: carry=1 | base=0.55 | wall=1.98 | search=  0 | target=none

[DEPOSIT] R4 deposited! Total: 17
  [TARGET] R4 → WALL (-1.88, 2.42)
  [GIVE-UP] R2 returned empty after 936 searching steps
  [TARGET] R2 → WALL (-2.10, -2.42)
  [GIVE-UP] R1 returned empty after 624 searching steps
  [TARGET] R1 → WALL (-2.24, 2.42)

======================================================================
Step 8500 (4.5 min) | Pickups: 17 | Deposits: 17 | Rate: 3.75 tags/min | phero_entries=0 max_w=0.000
======================================================================
R1[DEPART    ]: carry=0 | base=0.36 | wall=2.15 | search=  0 | target=none
R2[DEPART    ]: carry=0 | base=0.75 | wall=1.82 | search=  0 | target=none
R3[SEARCH    ]: carry=0 | base=1.05 | wall=1.45 | search=622 | target=none
R4[SEARCH    ]: carry=0 | base=0.75 | wall=1.78 | search=128 | target=none

[PICKUP] R1 picked up tag (density=12) | Total: 18

======================================================================
Step 9000 (4.8 min) | Pickups: 18 | Deposits: 17 | Rate: 3.54 tags/min | phero_entries=0 max_w=0.000
======================================================================
R1[RTB       ]: carry=1 | base=0.96 | wall=1.75 | search=  0 | target=none
R2[SEARCH    ]: carry=0 | base=1.17 | wall=1.41 | search=361 | target=none
R3[SEARCH    ]: carry=0 | base=1.01 | wall=1.50 | search=1122 | target=none
R4[SEARCH    ]: carry=0 | base=0.60 | wall=1.93 | search=628 | target=none

[DEPOSIT] R1 deposited! Total: 18
  [PHERO] Laid at (-0.90, 0.66) density=12 prob=0.98 entries=1
  [TARGET] R1 → SITE (-0.90, 0.66)

======================================================================
Step 9500 (5.1 min) | Pickups: 18 | Deposits: 18 | Rate: 3.55 tags/min | phero_entries=1 max_w=0.420
======================================================================
R1[SITE      ]: carry=0 | base=0.97 | wall=1.73 | search=  0 | target=site(-0.90,0.66)
R2[SEARCH    ]: carry=0 | base=1.26 | wall=1.29 | search=861 | target=none
R3[SEARCH    ]: carry=0 | base=1.25 | wall=1.26 | search=1622 | target=none
R4[SEARCH    ]: carry=0 | base=0.57 | wall=2.03 | search=1128 | target=none

[PICKUP] R1 picked up tag (density=11) | Total: 19

======================================================================
Step 10000 (5.3 min) | Pickups: 19 | Deposits: 18 | Rate: 3.38 tags/min | phero_entries=1 max_w=0.106
======================================================================
R1[RTB       ]: carry=1 | base=0.44 | wall=2.16 | search=  0 | target=none
R2[SEARCH    ]: carry=0 | base=1.01 | wall=1.53 | search=1361 | target=none
R3[GIVE_UP   ]: carry=0 | base=0.72 | wall=1.78 | search=1872 | target=none
R4[SEARCH    ]: carry=0 | base=0.56 | wall=1.94 | search=1628 | target=none

[DEPOSIT] R1 deposited! Total: 19
  [PHERO] Laid at (-0.90, 0.64) density=11 prob=0.95 entries=2
  [TARGET] R1 → SITE (-0.90, 0.64)
  [GIVE-UP] R3 returned empty after 1872 searching steps
  [TARGET] R3 → PHERO (-0.90, 0.66)

======================================================================
Step 10500 (5.6 min) | Pickups: 19 | Deposits: 19 | Rate: 3.39 tags/min | phero_entries=2 max_w=0.289
======================================================================
R1[SEARCH    ]: carry=0 | base=1.12 | wall=1.64 | search=113 | target=site(-0.90,0.64)
R2[SEARCH    ]: carry=0 | base=0.94 | wall=1.57 | search=1861 | target=none
R3[PHERO     ]: carry=0 | base=1.01 | wall=1.67 | search=  0 | target=phero(-0.90,0.66)
R4[GIVE_UP   ]: carry=0 | base=0.37 | wall=2.14 | search=2028 | target=none

  [GIVE-UP] R4 returned empty after 2028 searching steps
  [TARGET] R4 → PHERO (-0.90, 0.64)
[PICKUP] R3 picked up tag (density=10) | Total: 20
  [GIVE-UP] R2 returned empty after 2028 searching steps
  [TARGET] R2 → PHERO (-0.90, 0.64)

======================================================================
Step 11000 (5.9 min) | Pickups: 20 | Deposits: 19 | Rate: 3.24 tags/min | phero_entries=2 max_w=0.073
======================================================================
R1[GIVE_UP   ]: carry=0 | base=0.93 | wall=1.79 | search=468 | target=none
R2[BASE_ESC  ]: carry=0 | base=0.22 | wall=2.28 | search=  0 | target=phero(-0.90,0.64)
R3[SURVEY    ]: carry=1 | base=1.18 | wall=1.59 | search=  0 | target=none
R4[SEARCH    ]: carry=0 | base=1.09 | wall=1.65 | search=137 | target=phero(-0.90,0.64)

  [GIVE-UP] R1 returned empty after 468 searching steps
  [TARGET] R1 → PHERO (-0.90, 0.64)
[DEPOSIT] R3 deposited! Total: 20
  [PHERO] Laid at (-0.90, 0.73) density=10 prob=0.91 entries=3
  [TARGET] R3 → SITE (-0.90, 0.73)
[PICKUP] R4 picked up tag (density=9) | Total: 21

======================================================================
Step 11500 (6.1 min) | Pickups: 21 | Deposits: 20 | Rate: 3.26 tags/min | phero_entries=3 max_w=0.646
======================================================================
R1[PHERO     ]: carry=0 | base=0.93 | wall=1.76 | search=  0 | target=phero(-0.90,0.64)
R2[PHERO     ]: carry=0 | base=0.97 | wall=1.68 | search=  0 | target=phero(-0.90,0.64)
R3[SITE      ]: carry=0 | base=0.39 | wall=2.19 | search=  0 | target=site(-0.90,0.73)
R4[SURVEY    ]: carry=1 | base=1.41 | wall=1.42 | search=  0 | target=none

[PICKUP] R2 picked up tag (density=8) | Total: 22
[DEPOSIT] R4 deposited! Total: 21
  [TARGET] R4 → SITE (-1.08, 0.91)

======================================================================
Step 12000 (6.4 min) | Pickups: 22 | Deposits: 21 | Rate: 3.28 tags/min | phero_entries=2 max_w=0.163
======================================================================
R1[SEARCH    ]: carry=0 | base=1.16 | wall=1.61 | search=456 | target=phero(-0.90,0.64)
R2[RTB       ]: carry=1 | base=0.43 | wall=2.15 | search=  0 | target=none
R3[SEARCH    ]: carry=0 | base=1.27 | wall=1.55 | search=243 | target=site(-0.90,0.73)
R4[BASE_ESC  ]: carry=0 | base=0.23 | wall=2.34 | search=  0 | target=site(-1.08,0.91)

[DEPOSIT] R2 deposited! Total: 22
  [TARGET] R2 → SITE (-0.94, 0.64)

======================================================================
Step 12500 (6.7 min) | Pickups: 22 | Deposits: 22 | Rate: 3.30 tags/min | phero_entries=2 max_w=0.041
======================================================================
R1[SEARCH    ]: carry=0 | base=0.88 | wall=1.79 | search=956 | target=phero(-0.90,0.64)
R2[SEARCH    ]: carry=0 | base=1.13 | wall=1.53 | search=110 | target=site(-0.94,0.64)
R3[SEARCH    ]: carry=0 | base=1.20 | wall=1.56 | search=743 | target=site(-0.90,0.73)
R4[SEARCH    ]: carry=0 | base=1.39 | wall=1.45 | search= 59 | target=site(-1.08,0.91)

[PICKUP] R2 picked up tag (density=7) | Total: 23
[PICKUP] R4 picked up tag (density=6) | Total: 24
  [GIVE-UP] R3 returned empty after 936 searching steps
  [TARGET] R3 → PHERO (-0.90, 0.73)

======================================================================
Step 13000 (6.9 min) | Pickups: 24 | Deposits: 22 | Rate: 3.17 tags/min | phero_entries=1 max_w=0.010
======================================================================
R1[SEARCH    ]: carry=0 | base=0.97 | wall=1.76 | search=1456 | target=phero(-0.90,0.64)
R2[RTB       ]: carry=1 | base=0.74 | wall=1.84 | search=  0 | target=none
R3[BASE_ESC  ]: carry=0 | base=0.22 | wall=2.30 | search=  0 | target=phero(-0.90,0.73)
R4[SURVEY    ]: carry=1 | base=1.36 | wall=1.43 | search=  0 | target=none

[DEPOSIT] R2 deposited! Total: 23
  [PHERO] Laid at (-0.99, 0.48) density=7 prob=0.62 entries=2
  [TARGET] R2 → SITE (-0.99, 0.48)
[DEPOSIT] R4 deposited! Total: 24
  [PHERO] Laid at (-1.07, 0.84) density=6 prob=0.47 entries=3
  [TARGET] R4 → SITE (-1.07, 0.84)

======================================================================
Step 13500 (7.2 min) | Pickups: 24 | Deposits: 24 | Rate: 3.33 tags/min | phero_entries=3 max_w=0.778
======================================================================
R1[SEARCH    ]: carry=0 | base=1.22 | wall=1.63 | search=1956 | target=phero(-0.90,0.64)
R2[SEARCH    ]: carry=0 | base=1.07 | wall=1.54 | search= 23 | target=site(-0.99,0.48)
R3[SEARCH    ]: carry=0 | base=1.10 | wall=1.60 | search=152 | target=phero(-0.90,0.73)
R4[BASE_ESC  ]: carry=0 | base=0.22 | wall=2.33 | search=  0 | target=site(-1.07,0.84)

[PICKUP] R2 picked up tag (density=5) | Total: 25
  [GIVE-UP] R3 returned empty after 156 searching steps
  [TARGET] R3 → PHERO (-1.07, 0.84)

======================================================================
Step 14000 (7.5 min) | Pickups: 25 | Deposits: 24 | Rate: 3.21 tags/min | phero_entries=2 max_w=0.197
======================================================================
R1[SEARCH    ]: carry=0 | base=1.25 | wall=1.44 | search=2456 | target=phero(-0.90,0.64)
R2[RTB       ]: carry=1 | base=0.88 | wall=1.75 | search=  0 | target=none
R3[PHERO     ]: carry=0 | base=0.80 | wall=1.90 | search=  0 | target=phero(-1.07,0.84)
R4[SEARCH    ]: carry=0 | base=1.30 | wall=1.56 | search=187 | target=site(-1.07,0.84)

[DEPOSIT] R2 deposited! Total: 25
  [PHERO] Laid at (-0.98, 0.58) density=5 prob=0.32 entries=3
  [TARGET] R2 → SITE (-0.98, 0.58)
[PICKUP] R4 picked up tag (density=4) | Total: 26

======================================================================
Step 14500 (7.7 min) | Pickups: 26 | Deposits: 25 | Rate: 3.23 tags/min | phero_entries=3 max_w=0.399
======================================================================
R1[SEARCH    ]: carry=0 | base=0.94 | wall=1.71 | search=2956 | target=phero(-0.90,0.64)
R2[SITE      ]: carry=0 | base=1.05 | wall=1.60 | search=  0 | target=site(-0.98,0.58)
R3[SEARCH    ]: carry=0 | base=1.52 | wall=1.24 | search=367 | target=phero(-1.07,0.84)
R4[RTB       ]: carry=1 | base=1.40 | wall=1.38 | search=  0 | target=none

[DEPOSIT] R4 deposited! Total: 26
  [TARGET] R4 → SITE (-1.12, 0.84)

======================================================================
Step 15000 (8.0 min) | Pickups: 26 | Deposits: 26 | Rate: 3.25 tags/min | phero_entries=3 max_w=0.101
======================================================================
R1[SEARCH    ]: carry=0 | base=0.92 | wall=1.64 | search=3456 | target=phero(-0.90,0.64)
R2[SEARCH    ]: carry=0 | base=1.07 | wall=1.65 | search=490 | target=site(-0.98,0.58)
R3[GIVE_UP   ]: carry=0 | base=1.51 | wall=1.41 | search=780 | target=none
R4[SITE      ]: carry=0 | base=0.52 | wall=2.12 | search=  0 | target=site(-1.12,0.84)

  [GIVE-UP] R1 returned empty after 3588 searching steps
  [TARGET] R1 → PHERO (-0.98, 0.58)
  [GIVE-UP] R3 returned empty after 780 searching steps
  [TARGET] R3 → PHERO (-0.98, 0.58)

======================================================================
Step 15500 (8.3 min) | Pickups: 26 | Deposits: 26 | Rate: 3.15 tags/min | phero_entries=3 max_w=0.025
======================================================================
R1[PHERO     ]: carry=0 | base=0.36 | wall=2.15 | search=  0 | target=phero(-0.98,0.58)
R2[GIVE_UP   ]: carry=0 | base=0.92 | wall=1.73 | search=936 | target=none
R3[PHERO     ]: carry=0 | base=0.46 | wall=2.09 | search=  0 | target=phero(-0.98,0.58)
R4[SEARCH    ]: carry=0 | base=1.52 | wall=1.38 | search=282 | target=site(-1.12,0.84)

  [GIVE-UP] R2 returned empty after 936 searching steps
  [TARGET] R2 → PHERO (-0.98, 0.58)

======================================================================
Step 16000 (8.5 min) | Pickups: 26 | Deposits: 26 | Rate: 3.05 tags/min | phero_entries=1 max_w=0.006
======================================================================
R1[SEARCH    ]: carry=0 | base=1.05 | wall=1.67 | search=263 | target=phero(-0.98,0.58)
R2[PHERO     ]: carry=0 | base=1.00 | wall=1.63 | search=  0 | target=phero(-0.98,0.58)
R3[SEARCH    ]: carry=0 | base=1.07 | wall=1.51 | search=326 | target=phero(-0.98,0.58)
R4[GIVE_UP   ]: carry=0 | base=0.60 | wall=2.03 | search=468 | target=none

[PICKUP] R3 picked up tag (density=3) | Total: 27
  [GIVE-UP] R4 returned empty after 468 searching steps
  [TARGET] R4 → PHERO (-0.98, 0.58)
[PICKUP] R2 picked up tag (density=2) | Total: 28

======================================================================
Step 16500 (8.8 min) | Pickups: 28 | Deposits: 26 | Rate: 2.95 tags/min | phero_entries=1 max_w=0.002
======================================================================
R1[SEARCH    ]: carry=0 | base=1.04 | wall=1.56 | search=763 | target=phero(-0.98,0.58)
R2[RTB       ]: carry=1 | base=0.87 | wall=1.70 | search=  0 | target=none
R3[RTB       ]: carry=1 | base=0.49 | wall=2.06 | search=  0 | target=none
R4[SEARCH    ]: carry=0 | base=1.14 | wall=1.51 | search= 34 | target=phero(-0.98,0.58)

[DEPOSIT] R3 deposited! Total: 27
  [TARGET] R3 → SITE (-1.07, 0.46)
[DEPOSIT] R2 deposited! Total: 28
  [TARGET] R2 → PHERO (-0.98, 0.58)

======================================================================
Step 17000 (9.1 min) | Pickups: 28 | Deposits: 28 | Rate: 3.09 tags/min | phero_entries=0 max_w=0.000
======================================================================
R1[WALL_ESC  ]: carry=0 | base=1.05 | wall=1.58 | search=1263 | target=phero(-0.98,0.58)
R2[PHERO     ]: carry=0 | base=0.93 | wall=1.69 | search=  0 | target=phero(-0.98,0.58)
R3[SITE      ]: carry=0 | base=0.99 | wall=1.62 | search=  0 | target=site(-1.07,0.46)
R4[GIVE_UP   ]: carry=0 | base=0.92 | wall=1.66 | search=468 | target=none

  [GIVE-UP] R4 returned empty after 468 searching steps
  [TARGET] R4 → WALL (2.42, -0.37)

======================================================================
Step 17500 (9.3 min) | Pickups: 28 | Deposits: 28 | Rate: 3.00 tags/min | phero_entries=0 max_w=0.000
======================================================================
R1[SEARCH    ]: carry=0 | base=0.87 | wall=1.73 | search=1763 | target=phero(-0.98,0.58)
R2[SEARCH    ]: carry=0 | base=1.13 | wall=1.57 | search=413 | target=phero(-0.98,0.58)
R3[SEARCH    ]: carry=0 | base=1.48 | wall=1.07 | search=453 | target=site(-1.07,0.46)
R4[SEARCH    ]: carry=0 | base=0.28 | wall=2.23 | search= 28 | target=none

[PICKUP] R2 picked up tag (density=1) | Total: 29

======================================================================
Step 18000 (9.6 min) | Pickups: 29 | Deposits: 28 | Rate: 2.92 tags/min | phero_entries=0 max_w=0.000
======================================================================
R1[GIVE_UP   ]: carry=0 | base=0.89 | wall=1.66 | search=2184 | target=none
R2[SURVEY    ]: carry=1 | base=1.28 | wall=1.45 | search=  0 | target=none
R3[SEARCH    ]: carry=0 | base=1.53 | wall=1.01 | search=953 | target=site(-1.07,0.46)
R4[BASE_ESC  ]: carry=0 | base=0.23 | wall=2.28 | search=528 | target=none

  [GIVE-UP] R1 returned empty after 2184 searching steps
  [TARGET] R1 → WALL (1.56, -2.42)
[DEPOSIT] R2 deposited! Total: 29
  [TARGET] R2 → WALL (-0.38, -2.42)

======================================================================
Step 18500 (9.9 min) | Pickups: 29 | Deposits: 29 | Rate: 2.94 tags/min | phero_entries=0 max_w=0.000
======================================================================
R1[DEPART    ]: carry=0 | base=0.52 | wall=1.99 | search=  0 | target=none
R2[DEPART    ]: carry=0 | base=0.29 | wall=2.27 | search=  0 | target=none
R3[SEARCH    ]: carry=0 | base=1.31 | wall=1.20 | search=1453 | target=site(-1.07,0.46)
R4[SEARCH    ]: carry=0 | base=0.32 | wall=2.21 | search=1028 | target=none

TIMEOUT_RESULT pickups=29 deposits=29 steps=18750 elapsed_min=10.000000
BATCH_RESULT pickups=29 deposits=29
