Gym has been unmaintained since 2022 and does not support NumPy 2.0 amongst other critical functionality.
Please upgrade to Gymnasium, the maintained drop-in replacement of Gym, or contact the authors of your software and request that they upgrade.
Users of this version of Gym should be able to simply replace 'import gym' with 'import gymnasium as gym' in the vast majority of cases.
See the migration guide at https://gymnasium.farama.org/introduction/migration_guide/ for additional information.
=================================================================
EXPERIMENT 4 — Central Server Disconnect Robustness
  Arena: 5x5m | Tags: 64 | Robots: 4 | Time: 10.0 min
  Disconnect: 0.9 → 5.9 min (5.0 min offline)
=================================================================

Loading model: ppo_cpfa_v9
Model loaded. Starting evaluation...

[PICKUP] Robot 4 picked up tag (density=6) | Total: 1
[DEPOSIT] Robot 4 deposited! Total: 1
  [TARGET] Robot 4 → SITE (0.00,-0.50)
[GIVE-UP] R3 giving up after 156 steps
[PICKUP] Robot 2 picked up tag (density=12) | Total: 2
[EMPTY_RTN] R3 → phero(0.00,-0.50)
[PICKUP] Robot 4 picked up tag (density=5) | Total: 3
[PICKUP] Robot 1 picked up tag (density=12) | Total: 4
[DEPOSIT] Robot 4 deposited! Total: 2
  [TARGET] Robot 4 → SITE (0.02,-0.36)

======================================================================
Step 500 (0.3 min) [ONLINE] | Pickups: 4 | Deposits: 2 | Rate: 7.50 tags/min | phero=2
======================================================================
R1[RTB         ]: carry=1 | gave_up=0
R2[RTB         ]: carry=1 | gave_up=0
R3[BASE_ESC    ]: carry=0 | gave_up=0
R4[BASE_ESC    ]: carry=0 | gave_up=0

[DEPOSIT] Robot 2 deposited! Total: 3
  [TARGET] Robot 2 → SITE (1.21,-0.18)
[PICKUP] Robot 4 picked up tag (density=4) | Total: 5
[DEPOSIT] Robot 4 deposited! Total: 4
  [TARGET] Robot 4 → SITE (0.07,-0.39)
[DEPOSIT] Robot 1 deposited! Total: 5
  [TARGET] Robot 1 → SITE (-1.04,-0.57)

======================================================================
Step 1000 (0.5 min) [ONLINE] | Pickups: 5 | Deposits: 5 | Rate: 9.38 tags/min | phero=5
======================================================================
R1[SITE        ]: carry=0 | gave_up=0
R2[SITE        ]: carry=0 | gave_up=0
R3[PHERO       ]: carry=0 | gave_up=0
R4[EXPLORE     ]: carry=0 | gave_up=0

[PICKUP] Robot 3 picked up tag (density=3) | Total: 6
[PICKUP] Robot 2 picked up tag (density=11) | Total: 7
[DEPOSIT] Robot 3 deposited! Total: 6
  [TARGET] Robot 3 → SITE (0.05,-0.60)

======================================================================
Step 1500 (0.8 min) [ONLINE] | Pickups: 7 | Deposits: 6 | Rate: 7.50 tags/min | phero=6
======================================================================
R1[EXPLORE     ]: carry=0 | gave_up=0
R2[RTB         ]: carry=1 | gave_up=0
R3[SITE        ]: carry=0 | gave_up=0
R4[EXPLORE     ]: carry=0 | gave_up=0

[DEPOSIT] Robot 2 deposited! Total: 7
  [TARGET] Robot 2 → SITE (1.24,-0.19)
[PICKUP] Robot 4 picked up tag (density=11) | Total: 8

[DISCONNECT] Central server OFFLINE at 0.86 min (will reconnect at 5.9 min)

[GIVE-UP] R3 giving up after 504 steps

======================================================================
Step 2000 (1.1 min) [DISCONNECTED] | Pickups: 8 | Deposits: 7 | Rate: 6.56 tags/min | phero=7
======================================================================
R1[DISCONNECTED]: carry=0 | gave_up=0
R2[DISCONNECTED]: carry=0 | gave_up=0
R3[DISCONNECTED]: carry=0 | gave_up=1
R4[DISCONNECTED]: carry=1 | gave_up=0


======================================================================
Step 2500 (1.3 min) [DISCONNECTED] | Pickups: 8 | Deposits: 7 | Rate: 5.25 tags/min | phero=7
======================================================================
R1[DISCONNECTED]: carry=0 | gave_up=0
R2[DISCONNECTED]: carry=0 | gave_up=0
R3[DISCONNECTED]: carry=0 | gave_up=1
R4[DISCONNECTED]: carry=1 | gave_up=0


======================================================================
Step 3000 (1.6 min) [DISCONNECTED] | Pickups: 8 | Deposits: 7 | Rate: 4.38 tags/min | phero=7
======================================================================
R1[DISCONNECTED]: carry=0 | gave_up=0
R2[DISCONNECTED]: carry=0 | gave_up=0
R3[DISCONNECTED]: carry=0 | gave_up=1
R4[DISCONNECTED]: carry=1 | gave_up=0


======================================================================
Step 3500 (1.9 min) [DISCONNECTED] | Pickups: 8 | Deposits: 7 | Rate: 3.75 tags/min | phero=7
======================================================================
R1[DISCONNECTED]: carry=0 | gave_up=0
R2[DISCONNECTED]: carry=0 | gave_up=0
R3[DISCONNECTED]: carry=0 | gave_up=1
R4[DISCONNECTED]: carry=1 | gave_up=0


======================================================================
Step 4000 (2.1 min) [DISCONNECTED] | Pickups: 8 | Deposits: 7 | Rate: 3.28 tags/min | phero=7
======================================================================
R1[DISCONNECTED]: carry=0 | gave_up=0
R2[DISCONNECTED]: carry=0 | gave_up=0
R3[DISCONNECTED]: carry=0 | gave_up=1
R4[DISCONNECTED]: carry=1 | gave_up=0


======================================================================
Step 4500 (2.4 min) [DISCONNECTED] | Pickups: 8 | Deposits: 7 | Rate: 2.92 tags/min | phero=6
======================================================================
R1[DISCONNECTED]: carry=0 | gave_up=0
R2[DISCONNECTED]: carry=0 | gave_up=0
R3[DISCONNECTED]: carry=0 | gave_up=1
R4[DISCONNECTED]: carry=1 | gave_up=0


======================================================================
Step 5000 (2.7 min) [DISCONNECTED] | Pickups: 8 | Deposits: 7 | Rate: 2.62 tags/min | phero=4
======================================================================
R1[DISCONNECTED]: carry=0 | gave_up=0
R2[DISCONNECTED]: carry=0 | gave_up=0
R3[DISCONNECTED]: carry=0 | gave_up=1
R4[DISCONNECTED]: carry=1 | gave_up=0


======================================================================
Step 5500 (2.9 min) [DISCONNECTED] | Pickups: 8 | Deposits: 7 | Rate: 2.39 tags/min | phero=2
======================================================================
R1[DISCONNECTED]: carry=0 | gave_up=0
R2[DISCONNECTED]: carry=0 | gave_up=0
R3[DISCONNECTED]: carry=0 | gave_up=1
R4[DISCONNECTED]: carry=1 | gave_up=0


======================================================================
Step 6000 (3.2 min) [DISCONNECTED] | Pickups: 8 | Deposits: 7 | Rate: 2.19 tags/min | phero=0
======================================================================
R1[DISCONNECTED]: carry=0 | gave_up=0
R2[DISCONNECTED]: carry=0 | gave_up=0
R3[DISCONNECTED]: carry=0 | gave_up=1
R4[DISCONNECTED]: carry=1 | gave_up=0


======================================================================
Step 6500 (3.5 min) [DISCONNECTED] | Pickups: 8 | Deposits: 7 | Rate: 2.02 tags/min | phero=0
======================================================================
R1[DISCONNECTED]: carry=0 | gave_up=0
R2[DISCONNECTED]: carry=0 | gave_up=0
R3[DISCONNECTED]: carry=0 | gave_up=1
R4[DISCONNECTED]: carry=1 | gave_up=0


======================================================================
Step 7000 (3.7 min) [DISCONNECTED] | Pickups: 8 | Deposits: 7 | Rate: 1.88 tags/min | phero=0
======================================================================
R1[DISCONNECTED]: carry=0 | gave_up=0
R2[DISCONNECTED]: carry=0 | gave_up=0
R3[DISCONNECTED]: carry=0 | gave_up=1
R4[DISCONNECTED]: carry=1 | gave_up=0


======================================================================
Step 7500 (4.0 min) [DISCONNECTED] | Pickups: 8 | Deposits: 7 | Rate: 1.75 tags/min | phero=0
======================================================================
R1[DISCONNECTED]: carry=0 | gave_up=0
R2[DISCONNECTED]: carry=0 | gave_up=0
R3[DISCONNECTED]: carry=0 | gave_up=1
R4[DISCONNECTED]: carry=1 | gave_up=0


======================================================================
Step 8000 (4.3 min) [DISCONNECTED] | Pickups: 8 | Deposits: 7 | Rate: 1.64 tags/min | phero=0
======================================================================
R1[DISCONNECTED]: carry=0 | gave_up=0
R2[DISCONNECTED]: carry=0 | gave_up=0
R3[DISCONNECTED]: carry=0 | gave_up=1
R4[DISCONNECTED]: carry=1 | gave_up=0


======================================================================
Step 8500 (4.5 min) [DISCONNECTED] | Pickups: 8 | Deposits: 7 | Rate: 1.54 tags/min | phero=0
======================================================================
R1[DISCONNECTED]: carry=0 | gave_up=0
R2[DISCONNECTED]: carry=0 | gave_up=0
R3[DISCONNECTED]: carry=0 | gave_up=1
R4[DISCONNECTED]: carry=1 | gave_up=0


======================================================================
Step 9000 (4.8 min) [DISCONNECTED] | Pickups: 8 | Deposits: 7 | Rate: 1.46 tags/min | phero=0
======================================================================
R1[DISCONNECTED]: carry=0 | gave_up=0
R2[DISCONNECTED]: carry=0 | gave_up=0
R3[DISCONNECTED]: carry=0 | gave_up=1
R4[DISCONNECTED]: carry=1 | gave_up=0

[PICKUP] Robot 3 picked up tag (density=9) | Total: 9

======================================================================
Step 9500 (5.1 min) [DISCONNECTED] | Pickups: 9 | Deposits: 7 | Rate: 1.38 tags/min | phero=0
======================================================================
R1[DISCONNECTED]: carry=0 | gave_up=0
R2[DISCONNECTED]: carry=0 | gave_up=0
R3[DISCONNECTED]: carry=1 | gave_up=0
R4[DISCONNECTED]: carry=1 | gave_up=0

[GIVE-UP] R1 giving up after 9028 steps
[GIVE-UP] R1 giving up after 9184 steps

======================================================================
Step 10000 (5.3 min) [DISCONNECTED] | Pickups: 9 | Deposits: 7 | Rate: 1.31 tags/min | phero=0
======================================================================
R1[DISCONNECTED]: carry=0 | gave_up=1
R2[DISCONNECTED]: carry=0 | gave_up=0
R3[DISCONNECTED]: carry=1 | gave_up=0
R4[DISCONNECTED]: carry=1 | gave_up=0


======================================================================
Step 10500 (5.6 min) [DISCONNECTED] | Pickups: 9 | Deposits: 7 | Rate: 1.25 tags/min | phero=0
======================================================================
R1[DISCONNECTED]: carry=0 | gave_up=1
R2[DISCONNECTED]: carry=0 | gave_up=0
R3[DISCONNECTED]: carry=1 | gave_up=0
R4[DISCONNECTED]: carry=1 | gave_up=0

[GIVE-UP] R1 giving up after 10042 steps

[RECONNECT] Central server ONLINE at 5.86 min


======================================================================
Step 11000 (5.9 min) [ONLINE] | Pickups: 9 | Deposits: 7 | Rate: 1.19 tags/min | phero=0
======================================================================
R1[WALL_ESC    ]: carry=0 | gave_up=1
R2[SITE        ]: carry=0 | gave_up=0
R3[RTB         ]: carry=1 | gave_up=0
R4[RTB         ]: carry=1 | gave_up=0

[DEPOSIT] Robot 4 deposited! Total: 8
  [TARGET] Robot 4 → SITE (-0.94,-1.10)
[PICKUP] Robot 2 picked up tag (density=10) | Total: 10

======================================================================
Step 11500 (6.1 min) [ONLINE] | Pickups: 10 | Deposits: 8 | Rate: 1.30 tags/min | phero=1
======================================================================
R1[GIVE_UP     ]: carry=0 | gave_up=1
R2[RTB         ]: carry=1 | gave_up=0
R3[RTB         ]: carry=1 | gave_up=0
R4[SITE        ]: carry=0 | gave_up=0

[EMPTY_RTN] R1 → phero(-0.94,-1.10)
[DEPOSIT] Robot 2 deposited! Total: 9
  [TARGET] Robot 2 → SITE (1.22,-0.20)
[DEPOSIT] Robot 3 deposited! Total: 10
  [TARGET] Robot 3 → SITE (-0.70,0.16)
[PICKUP] Robot 4 picked up tag (density=10) | Total: 11

======================================================================
Step 12000 (6.4 min) [ONLINE] | Pickups: 11 | Deposits: 10 | Rate: 1.56 tags/min | phero=3
======================================================================
R1[PHERO       ]: carry=0 | gave_up=0
R2[EXPLORE     ]: carry=0 | gave_up=0
R3[BASE_ESC    ]: carry=0 | gave_up=0
R4[RTB         ]: carry=1 | gave_up=0

[DEPOSIT] Robot 4 deposited! Total: 11
  [TARGET] Robot 4 → SITE (-1.21,-0.74)
[PICKUP] Robot 3 picked up tag (density=8) | Total: 12
[DEPOSIT] Robot 3 deposited! Total: 12
  [TARGET] Robot 3 → SITE (-0.26,0.15)

======================================================================
Step 12500 (6.7 min) [ONLINE] | Pickups: 12 | Deposits: 12 | Rate: 1.80 tags/min | phero=5
======================================================================
R1[PHERO       ]: carry=0 | gave_up=0
R2[EXPLORE     ]: carry=0 | gave_up=0
R3[SITE        ]: carry=0 | gave_up=0
R4[SITE        ]: carry=0 | gave_up=0

[PICKUP] Robot 3 picked up tag (density=7) | Total: 13
[PICKUP] Robot 2 picked up tag (density=9) | Total: 14
[DEPOSIT] Robot 3 deposited! Total: 13
  [TARGET] Robot 3 → SITE (-0.30,0.16)

======================================================================
Step 13000 (6.9 min) [ONLINE] | Pickups: 14 | Deposits: 13 | Rate: 1.88 tags/min | phero=6
======================================================================
R1[PHERO       ]: carry=0 | gave_up=0
R2[RTB         ]: carry=1 | gave_up=0
R3[SITE        ]: carry=0 | gave_up=0
R4[WALL_ESC    ]: carry=0 | gave_up=0

[PICKUP] Robot 1 picked up tag (density=9) | Total: 15
[PICKUP] Robot 3 picked up tag (density=6) | Total: 16
[DEPOSIT] Robot 2 deposited! Total: 14
  [TARGET] Robot 2 → SITE (1.84,0.13)
[DEPOSIT] Robot 3 deposited! Total: 15
  [TARGET] Robot 3 → SITE (-0.33,0.20)
[DEPOSIT] Robot 1 deposited! Total: 16
  [TARGET] Robot 1 → SITE (-0.77,-0.79)
[PICKUP] Robot 3 picked up tag (density=5) | Total: 17

======================================================================
Step 13500 (7.2 min) [ONLINE] | Pickups: 17 | Deposits: 16 | Rate: 2.22 tags/min | phero=9
======================================================================
R1[SITE        ]: carry=0 | gave_up=0
R2[SITE        ]: carry=0 | gave_up=0
R3[RTB         ]: carry=1 | gave_up=0
R4[EXPLORE     ]: carry=0 | gave_up=0

[DEPOSIT] Robot 3 deposited! Total: 17
  [TARGET] Robot 3 → SITE (-0.39,0.15)
[PICKUP] Robot 2 picked up tag (density=8) | Total: 18
[PICKUP] Robot 3 picked up tag (density=4) | Total: 19

======================================================================
Step 14000 (7.5 min) [ONLINE] | Pickups: 19 | Deposits: 17 | Rate: 2.28 tags/min | phero=10
======================================================================
R1[EXPLORE     ]: carry=0 | gave_up=0
R2[RTB         ]: carry=1 | gave_up=0
R3[RTB         ]: carry=1 | gave_up=0
R4[EXPLORE     ]: carry=0 | gave_up=0

[DEPOSIT] Robot 3 deposited! Total: 18
  [TARGET] Robot 3 → SITE (-0.42,0.20)
[DEPOSIT] Robot 2 deposited! Total: 19
  [TARGET] Robot 2 → SITE (1.74,0.40)

======================================================================
Step 14500 (7.7 min) [ONLINE] | Pickups: 19 | Deposits: 19 | Rate: 2.46 tags/min | phero=12
======================================================================
R1[EXPLORE     ]: carry=0 | gave_up=0
R2[SITE        ]: carry=0 | gave_up=0
R3[EXPLORE     ]: carry=0 | gave_up=0
R4[EXPLORE     ]: carry=0 | gave_up=0

[PICKUP] Robot 2 picked up tag (density=7) | Total: 20

======================================================================
Step 15000 (8.0 min) [ONLINE] | Pickups: 20 | Deposits: 19 | Rate: 2.38 tags/min | phero=12
======================================================================
R1[EXPLORE     ]: carry=0 | gave_up=0
R2[RTB         ]: carry=1 | gave_up=0
R3[EXPLORE     ]: carry=0 | gave_up=0
R4[EXPLORE     ]: carry=0 | gave_up=0

[DEPOSIT] Robot 2 deposited! Total: 20
  [TARGET] Robot 2 → SITE (1.77,0.26)
[PICKUP] Robot 4 picked up tag (density=16) | Total: 21

======================================================================
Step 15500 (8.3 min) [ONLINE] | Pickups: 21 | Deposits: 20 | Rate: 2.42 tags/min | phero=13
======================================================================
R1[WALL_ESC    ]: carry=0 | gave_up=0
R2[SITE        ]: carry=0 | gave_up=0
R3[EXPLORE     ]: carry=0 | gave_up=0
R4[RTB         ]: carry=1 | gave_up=0

[PICKUP] Robot 2 picked up tag (density=6) | Total: 22

======================================================================
Step 16000 (8.5 min) [ONLINE] | Pickups: 22 | Deposits: 20 | Rate: 2.34 tags/min | phero=11
======================================================================
R1[EXPLORE     ]: carry=0 | gave_up=0
R2[RTB         ]: carry=1 | gave_up=0
R3[EXPLORE     ]: carry=0 | gave_up=0
R4[RTB         ]: carry=1 | gave_up=0

[DEPOSIT] Robot 4 deposited! Total: 21
  [TARGET] Robot 4 → SITE (-0.07,1.84)
[DEPOSIT] Robot 2 deposited! Total: 22
  [TARGET] Robot 2 → SITE (1.83,0.21)

======================================================================
Step 16500 (8.8 min) [ONLINE] | Pickups: 22 | Deposits: 22 | Rate: 2.50 tags/min | phero=11
======================================================================
R1[EXPLORE     ]: carry=0 | gave_up=0
R2[SITE        ]: carry=0 | gave_up=0
R3[EXPLORE     ]: carry=0 | gave_up=0
R4[SITE        ]: carry=0 | gave_up=0

[PICKUP] Robot 4 picked up tag (density=15) | Total: 23
[PICKUP] Robot 3 picked up tag (density=9) | Total: 24
[PICKUP] Robot 2 picked up tag (density=8) | Total: 25
[DEPOSIT] Robot 3 deposited! Total: 23
  [TARGET] Robot 3 → SITE (1.00,-0.55)

======================================================================
Step 17000 (9.1 min) [ONLINE] | Pickups: 25 | Deposits: 23 | Rate: 2.54 tags/min | phero=11
======================================================================
R1[EXPLORE     ]: carry=0 | gave_up=0
R2[RTB         ]: carry=1 | gave_up=0
R3[BASE_ESC    ]: carry=0 | gave_up=0
R4[RTB         ]: carry=1 | gave_up=0

[DEPOSIT] Robot 2 deposited! Total: 24
  [TARGET] Robot 2 → SITE (1.07,-0.28)
[DEPOSIT] Robot 4 deposited! Total: 25
  [TARGET] Robot 4 → SITE (-0.07,1.84)
[PICKUP] Robot 3 picked up tag (density=7) | Total: 26
[PICKUP] Robot 1 picked up tag (density=14) | Total: 27
[PICKUP] Robot 2 picked up tag (density=6) | Total: 28

======================================================================
Step 17500 (9.3 min) [ONLINE] | Pickups: 28 | Deposits: 25 | Rate: 2.68 tags/min | phero=11
======================================================================
R1[RTB         ]: carry=1 | gave_up=0
R2[RTB         ]: carry=1 | gave_up=0
R3[RTB         ]: carry=1 | gave_up=0
R4[SITE        ]: carry=0 | gave_up=0

[DEPOSIT] Robot 3 deposited! Total: 26
  [TARGET] Robot 3 → SITE (1.02,-0.57)
[DEPOSIT] Robot 2 deposited! Total: 27
  [TARGET] Robot 2 → SITE (1.13,-0.29)
[PICKUP] Robot 4 picked up tag (density=13) | Total: 29

======================================================================
Step 18000 (9.6 min) [ONLINE] | Pickups: 29 | Deposits: 27 | Rate: 2.81 tags/min | phero=10
======================================================================
R1[RTB         ]: carry=1 | gave_up=0
R2[SITE        ]: carry=0 | gave_up=0
R3[SITE        ]: carry=0 | gave_up=0
R4[RTB         ]: carry=1 | gave_up=0

[DEPOSIT] Robot 1 deposited! Total: 28
  [TARGET] Robot 1 → SITE (0.26,2.11)
[PICKUP] Robot 2 picked up tag (density=5) | Total: 30

======================================================================
Step 18500 (9.9 min) [ONLINE] | Pickups: 30 | Deposits: 28 | Rate: 2.84 tags/min | phero=10
======================================================================
R1[SITE        ]: carry=0 | gave_up=0
R2[RTB         ]: carry=1 | gave_up=0
R3[SITE        ]: carry=0 | gave_up=0
R4[RTB         ]: carry=1 | gave_up=0

[DEPOSIT] Robot 4 deposited! Total: 29
  [TARGET] Robot 4 → SITE (-0.11,1.91)
[PICKUP] Robot 3 picked up tag (density=4) | Total: 31
[DEPOSIT] Robot 2 deposited! Total: 30
  [TARGET] Robot 2 → SITE (1.16,-0.35)
TIMEOUT_RESULT pickups=31 deposits=30 steps=18750 elapsed_min=10.000000 disconnect_start=0.9 disconnect_duration=5.0
BATCH_RESULT pickups=31 deposits=30
