=================================================================
CPFA BASELINE — ARGoS-calibrated parameters
  Params file                  = /home/fabian_hernandez/foraging/RL-FL-Foraging/controllers/cpfa_baseline/cpfa_params.yaml
  Results file                 = /home/fabian_hernandez/foraging/RL-FL-Foraging/controllers/cpfa_baseline/cpfa_baseline_results_20260527_133158_1.txt
  RateOfLayingPheromone        = 9.0
  RateOfSiteFidelity           = 2.29
  RateOfPheromoneDecay         = 0.1 /s  (lifetime ~69s)
  ProbabilityOfReturningToNest = 0.08 (every 5 sec → E[give-up] ~62s)
  UninformedSearchVariation    = 0.13 rad (7.4°)
  RateOfInformedSearchDecay    = 1.26 /waypoint
  ProbabilityOfSwitchingToSearching = 0.55 (every 5 sec in uninformed DEPARTING)
=================================================================

[PICKUP] R3 picked up tag (density=6) | Total: 1
[PICKUP] R1 picked up tag (density=5) | Total: 2
[DEPOSIT] R3 deposited! Total: 1
  [TARGET] R3 → SITE (0.00, 0.50)
[PICKUP] R4 picked up tag (density=4) | Total: 3
[DEPOSIT] R1 deposited! Total: 2
  [TARGET] R1 → SITE (0.02, 0.44)
[PICKUP] R3 picked up tag (density=3) | Total: 4

======================================================================
Step 500 (0.3 min) | Pickups: 4 | Deposits: 2 | Rate: 7.50 tags/min | phero_entries=0 max_w=0.000
======================================================================
R1[BASE_ESC  ]: carry=0 | base=0.23 | wall=2.28 | search=  0 | target=site(0.02,0.44)
R2[SEARCH    ]: carry=0 | base=1.86 | wall=0.90 | search=344 | target=none
R3[SURVEY    ]: carry=1 | base=0.37 | wall=2.16 | search=  0 | target=none
R4[SURVEY    ]: carry=1 | base=0.55 | wall=2.11 | search=  0 | target=none

[DEPOSIT] R4 deposited! Total: 3
  [TARGET] R4 → SITE (0.39, 0.39)
[DEPOSIT] R3 deposited! Total: 4
  [TARGET] R3 → WALL (1.60, 2.42)
[PICKUP] R1 picked up tag (density=2) | Total: 5

======================================================================
Step 1000 (0.5 min) | Pickups: 5 | Deposits: 4 | Rate: 7.50 tags/min | phero_entries=0 max_w=0.000
======================================================================
R1[SURVEY    ]: carry=1 | base=0.48 | wall=2.09 | search=  0 | target=none
R2[SEARCH    ]: carry=0 | base=2.60 | wall=0.38 | search=844 | target=none
R3[DEPART    ]: carry=0 | base=0.55 | wall=2.10 | search=  0 | target=none
R4[SEARCH    ]: carry=0 | base=0.61 | wall=2.06 | search= 59 | target=site(0.39,0.39)

[PICKUP] R4 picked up tag (density=1) | Total: 6
[DEPOSIT] R1 deposited! Total: 5
  [TARGET] R1 → WALL (2.04, 2.42)

======================================================================
Step 1500 (0.8 min) | Pickups: 6 | Deposits: 5 | Rate: 6.25 tags/min | phero_entries=0 max_w=0.000
======================================================================
R1[DEPART    ]: carry=0 | base=0.56 | wall=2.05 | search=  0 | target=none
R2[WALL_ESC  ]: carry=0 | base=2.56 | wall=0.33 | search=1344 | target=none
R3[SEARCH    ]: carry=0 | base=2.43 | wall=0.51 | search=124 | target=none
R4[SURVEY    ]: carry=1 | base=0.54 | wall=2.05 | search=  0 | target=none

[DEPOSIT] R4 deposited! Total: 6
  [TARGET] R4 → SITE (0.29, 0.45)

======================================================================
Step 2000 (1.1 min) | Pickups: 6 | Deposits: 6 | Rate: 5.62 tags/min | phero_entries=0 max_w=0.000
======================================================================
R1[SEARCH    ]: carry=0 | base=2.12 | wall=0.50 | search=439 | target=none
R2[GIVE_UP   ]: carry=0 | base=2.51 | wall=0.54 | search=1716 | target=none
R3[WALL_ESC  ]: carry=0 | base=2.94 | wall=0.35 | search=624 | target=none
R4[SEARCH    ]: carry=0 | base=0.54 | wall=2.04 | search= 26 | target=site(0.29,0.45)


======================================================================
Step 2500 (1.3 min) | Pickups: 6 | Deposits: 6 | Rate: 4.50 tags/min | phero_entries=0 max_w=0.000
======================================================================
R1[SEARCH    ]: carry=0 | base=2.19 | wall=0.37 | search=939 | target=none
R2[GIVE_UP   ]: carry=0 | base=0.59 | wall=2.04 | search=1716 | target=none
R3[GIVE_UP   ]: carry=0 | base=1.90 | wall=1.13 | search=780 | target=none
R4[SEARCH    ]: carry=0 | base=1.38 | wall=1.36 | search=526 | target=site(0.29,0.45)

[PICKUP] R1 picked up tag (density=16) | Total: 7
  [GIVE-UP] R2 returned empty after 1716 searching steps
  [TARGET] R2 → WALL (-1.57, -2.42)
  [GIVE-UP] R3 returned empty after 780 searching steps
  [TARGET] R3 → WALL (-2.42, -0.95)

======================================================================
Step 3000 (1.6 min) | Pickups: 7 | Deposits: 6 | Rate: 3.75 tags/min | phero_entries=0 max_w=0.000
======================================================================
R1[RTB       ]: carry=1 | base=1.51 | wall=1.04 | search=  0 | target=none
R2[DEPART    ]: carry=0 | base=0.39 | wall=2.11 | search=  0 | target=none
R3[BASE_ESC  ]: carry=0 | base=0.22 | wall=2.33 | search=  0 | target=none
R4[SEARCH    ]: carry=0 | base=2.43 | wall=0.38 | search=1026 | target=site(0.29,0.45)

[PICKUP] R2 picked up tag (density=12) | Total: 8
[DEPOSIT] R1 deposited! Total: 7
  [PHERO] Laid at (-0.66, 2.11) density=16 prob=0.99 entries=1
  [TARGET] R1 → SITE (-0.66, 2.11)

======================================================================
Step 3500 (1.9 min) | Pickups: 8 | Deposits: 7 | Rate: 3.75 tags/min | phero_entries=1 max_w=0.579
======================================================================
R1[SITE      ]: carry=0 | base=0.44 | wall=2.06 | search=  0 | target=site(-0.66,2.11)
R2[RTB       ]: carry=1 | base=0.85 | wall=1.70 | search=  0 | target=none
R3[SEARCH    ]: carry=0 | base=1.04 | wall=1.51 | search=283 | target=none
R4[SEARCH    ]: carry=0 | base=2.44 | wall=0.38 | search=1526 | target=site(0.29,0.45)

[DEPOSIT] R2 deposited! Total: 8
  [TARGET] R2 → SITE (-0.43, -0.96)

======================================================================
Step 4000 (2.1 min) | Pickups: 8 | Deposits: 8 | Rate: 3.75 tags/min | phero_entries=1 max_w=0.117
======================================================================
R1[SEARCH    ]: carry=0 | base=2.19 | wall=0.41 | search= 48 | target=site(-0.66,2.11)
R2[SEARCH    ]: carry=0 | base=1.02 | wall=1.56 | search= 17 | target=site(-0.43,-0.96)
R3[GIVE_UP   ]: carry=0 | base=0.93 | wall=1.66 | search=468 | target=none
R4[WALL_ESC  ]: carry=0 | base=2.56 | wall=0.31 | search=2026 | target=site(0.29,0.45)

[PICKUP] R1 picked up tag (density=15) | Total: 9
  [GIVE-UP] R3 returned empty after 468 searching steps
  [TARGET] R3 → PHERO (-0.66, 2.11)

======================================================================
Step 4500 (2.4 min) | Pickups: 9 | Deposits: 8 | Rate: 3.33 tags/min | phero_entries=1 max_w=0.024
======================================================================
R1[RTB       ]: carry=1 | base=1.45 | wall=1.11 | search=  0 | target=none
R2[SEARCH    ]: carry=0 | base=1.52 | wall=1.13 | search=517 | target=site(-0.43,-0.96)
R3[PHERO     ]: carry=0 | base=0.47 | wall=2.12 | search=  0 | target=phero(-0.66,2.11)
R4[SEARCH    ]: carry=0 | base=2.49 | wall=0.39 | search=2526 | target=site(0.29,0.45)

[DEPOSIT] R1 deposited! Total: 9
  [PHERO] Laid at (-0.70, 2.07) density=15 prob=0.98 entries=2
  [TARGET] R1 → SITE (-0.70, 2.07)

======================================================================
Step 5000 (2.7 min) | Pickups: 9 | Deposits: 9 | Rate: 3.38 tags/min | phero_entries=2 max_w=0.548
======================================================================
R1[SITE      ]: carry=0 | base=0.50 | wall=2.00 | search=  0 | target=site(-0.70,2.07)
R2[GIVE_UP   ]: carry=0 | base=2.10 | wall=0.58 | search=936 | target=none
R3[SEARCH    ]: carry=0 | base=2.19 | wall=0.41 | search= 29 | target=phero(-0.66,2.11)
R4[SEARCH    ]: carry=0 | base=2.47 | wall=0.37 | search=3026 | target=site(0.29,0.45)

[PICKUP] R1 picked up tag (density=14) | Total: 10
  [GIVE-UP] R2 returned empty after 936 searching steps
  [TARGET] R2 → PHERO (-0.70, 2.07)

======================================================================
Step 5500 (2.9 min) | Pickups: 10 | Deposits: 9 | Rate: 3.07 tags/min | phero_entries=1 max_w=0.111
======================================================================
R1[SURVEY    ]: carry=1 | base=1.98 | wall=0.63 | search=  0 | target=none
R2[BASE_ESC  ]: carry=0 | base=0.23 | wall=2.29 | search=  0 | target=phero(-0.70,2.07)
R3[SEARCH    ]: carry=0 | base=2.24 | wall=0.36 | search=529 | target=phero(-0.66,2.11)
R4[WALL_ESC  ]: carry=0 | base=2.56 | wall=0.32 | search=3526 | target=site(0.29,0.45)


======================================================================
Step 6000 (3.2 min) | Pickups: 10 | Deposits: 9 | Rate: 2.81 tags/min | phero_entries=1 max_w=0.022
======================================================================
R1[RTB       ]: carry=1 | base=0.51 | wall=2.01 | search=  0 | target=none
R2[PHERO     ]: carry=0 | base=1.49 | wall=1.13 | search=  0 | target=phero(-0.70,2.07)
R3[SEARCH    ]: carry=0 | base=2.26 | wall=0.36 | search=1029 | target=phero(-0.66,2.11)
R4[GIVE_UP   ]: carry=0 | base=2.09 | wall=0.69 | search=3900 | target=none

[DEPOSIT] R1 deposited! Total: 10
  [PHERO] Laid at (-0.62, 1.88) density=14 prob=0.96 entries=2
  [TARGET] R1 → SITE (-0.62, 1.88)
[PICKUP] R2 picked up tag (density=13) | Total: 11
  [GIVE-UP] R4 returned empty after 3900 searching steps
  [TARGET] R4 → PHERO (-0.62, 1.88)

======================================================================
Step 6500 (3.5 min) | Pickups: 11 | Deposits: 10 | Rate: 2.88 tags/min | phero_entries=2 max_w=0.252
======================================================================
R1[SITE      ]: carry=0 | base=1.33 | wall=1.25 | search=  0 | target=site(-0.62,1.88)
R2[RTB       ]: carry=1 | base=1.14 | wall=1.42 | search=  0 | target=none
R3[GIVE_UP   ]: carry=0 | base=1.18 | wall=1.36 | search=1248 | target=none
R4[BASE_ESC  ]: carry=0 | base=0.23 | wall=2.31 | search=  0 | target=phero(-0.62,1.88)

[DEPOSIT] R2 deposited! Total: 11
  [PHERO] Laid at (-0.64, 1.72) density=13 prob=0.93 entries=3
  [TARGET] R2 → SITE (-0.64, 1.72)
  [GIVE-UP] R3 returned empty after 1248 searching steps
  [TARGET] R3 → PHERO (-0.64, 1.72)

======================================================================
Step 7000 (3.7 min) | Pickups: 11 | Deposits: 11 | Rate: 2.95 tags/min | phero_entries=2 max_w=0.423
======================================================================
R1[GIVE_UP   ]: carry=0 | base=1.56 | wall=0.95 | search=312 | target=none
R2[SITE      ]: carry=0 | base=0.70 | wall=1.82 | search=  0 | target=site(-0.64,1.72)
R3[PHERO     ]: carry=0 | base=0.77 | wall=1.75 | search=  0 | target=phero(-0.64,1.72)
R4[PHERO     ]: carry=0 | base=1.77 | wall=0.82 | search=  0 | target=phero(-0.62,1.88)

  [GIVE-UP] R1 returned empty after 312 searching steps
  [TARGET] R1 → PHERO (-0.64, 1.72)
[PICKUP] R2 picked up tag (density=12) | Total: 12

======================================================================
Step 7500 (4.0 min) | Pickups: 12 | Deposits: 11 | Rate: 2.75 tags/min | phero_entries=2 max_w=0.085
======================================================================
R1[PHERO     ]: carry=0 | base=0.33 | wall=2.18 | search=  0 | target=phero(-0.64,1.72)
R2[SURVEY    ]: carry=1 | base=1.82 | wall=0.83 | search=  0 | target=none
R3[SEARCH    ]: carry=0 | base=1.76 | wall=0.86 | search=236 | target=phero(-0.64,1.72)
R4[WALL_ESC  ]: carry=0 | base=2.18 | wall=0.33 | search=460 | target=phero(-0.62,1.88)


======================================================================
Step 8000 (4.3 min) | Pickups: 12 | Deposits: 11 | Rate: 2.58 tags/min | phero_entries=2 max_w=0.017
======================================================================
R1[SEARCH    ]: carry=0 | base=1.81 | wall=0.79 | search= 94 | target=phero(-0.64,1.72)
R2[RTB       ]: carry=1 | base=0.72 | wall=1.83 | search=  0 | target=none
R3[SEARCH    ]: carry=0 | base=2.15 | wall=0.37 | search=736 | target=phero(-0.64,1.72)
R4[SEARCH    ]: carry=0 | base=2.17 | wall=0.36 | search=960 | target=phero(-0.62,1.88)

[DEPOSIT] R2 deposited! Total: 12
  [PHERO] Laid at (-0.71, 1.72) density=12 prob=0.88 entries=3
  [TARGET] R2 → SITE (-0.71, 1.72)

======================================================================
Step 8500 (4.5 min) | Pickups: 12 | Deposits: 12 | Rate: 2.65 tags/min | phero_entries=2 max_w=0.299
======================================================================
R1[SEARCH    ]: carry=0 | base=2.15 | wall=0.39 | search=594 | target=phero(-0.64,1.72)
R2[SITE      ]: carry=0 | base=1.23 | wall=1.35 | search=  0 | target=site(-0.71,1.72)
R3[SEARCH    ]: carry=0 | base=2.14 | wall=0.38 | search=1236 | target=phero(-0.64,1.72)
R4[WALL_ESC  ]: carry=0 | base=2.19 | wall=0.34 | search=1460 | target=phero(-0.62,1.88)


======================================================================
Step 9000 (4.8 min) | Pickups: 12 | Deposits: 12 | Rate: 2.50 tags/min | phero_entries=1 max_w=0.060
======================================================================
R1[SEARCH    ]: carry=0 | base=2.15 | wall=0.39 | search=1094 | target=phero(-0.64,1.72)
R2[SEARCH    ]: carry=0 | base=1.91 | wall=0.64 | search=347 | target=site(-0.71,1.72)
R3[SEARCH    ]: carry=0 | base=2.12 | wall=0.39 | search=1736 | target=phero(-0.64,1.72)
R4[WALL_ESC  ]: carry=0 | base=2.19 | wall=0.33 | search=1960 | target=phero(-0.62,1.88)


======================================================================
Step 9500 (5.1 min) | Pickups: 12 | Deposits: 12 | Rate: 2.37 tags/min | phero_entries=1 max_w=0.012
======================================================================
R1[SEARCH    ]: carry=0 | base=2.16 | wall=0.39 | search=1594 | target=phero(-0.64,1.72)
R2[SEARCH    ]: carry=0 | base=2.14 | wall=0.37 | search=847 | target=site(-0.71,1.72)
R3[SEARCH    ]: carry=0 | base=2.12 | wall=0.39 | search=2236 | target=phero(-0.64,1.72)
R4[WALL_ESC  ]: carry=0 | base=2.19 | wall=0.33 | search=2460 | target=phero(-0.62,1.88)


======================================================================
Step 10000 (5.3 min) | Pickups: 12 | Deposits: 12 | Rate: 2.25 tags/min | phero_entries=1 max_w=0.002
======================================================================
R1[GIVE_UP   ]: carry=0 | base=0.85 | wall=1.68 | search=1716 | target=none
R2[SEARCH    ]: carry=0 | base=2.15 | wall=0.36 | search=1347 | target=site(-0.71,1.72)
R3[SEARCH    ]: carry=0 | base=2.12 | wall=0.39 | search=2736 | target=phero(-0.64,1.72)
R4[GIVE_UP   ]: carry=0 | base=1.14 | wall=1.37 | search=2652 | target=none

  [GIVE-UP] R1 returned empty after 1716 searching steps
  [TARGET] R1 → PHERO (-0.71, 1.72)
  [GIVE-UP] R4 returned empty after 2652 searching steps
  [TARGET] R4 → PHERO (-0.71, 1.72)

======================================================================
Step 10500 (5.6 min) | Pickups: 12 | Deposits: 12 | Rate: 2.14 tags/min | phero_entries=0 max_w=0.000
======================================================================
R1[PHERO     ]: carry=0 | base=1.12 | wall=1.48 | search=  0 | target=phero(-0.71,1.72)
R2[WALL_ESC  ]: carry=0 | base=2.17 | wall=0.34 | search=1847 | target=site(-0.71,1.72)
R3[SEARCH    ]: carry=0 | base=2.12 | wall=0.39 | search=3236 | target=phero(-0.64,1.72)
R4[PHERO     ]: carry=0 | base=0.75 | wall=1.77 | search=  0 | target=phero(-0.71,1.72)


======================================================================
Step 11000 (5.9 min) | Pickups: 12 | Deposits: 12 | Rate: 2.05 tags/min | phero_entries=0 max_w=0.000
======================================================================
R1[SEARCH    ]: carry=0 | base=1.26 | wall=1.30 | search=319 | target=phero(-0.71,1.72)
R2[WALL_ESC  ]: carry=0 | base=2.17 | wall=0.33 | search=2347 | target=site(-0.71,1.72)
R3[SEARCH    ]: carry=0 | base=2.12 | wall=0.39 | search=3736 | target=phero(-0.64,1.72)
R4[SEARCH    ]: carry=0 | base=1.84 | wall=0.75 | search=217 | target=phero(-0.71,1.72)

[PICKUP] R4 picked up tag (density=11) | Total: 13
[PICKUP] R1 picked up tag (density=9) | Total: 14

======================================================================
Step 11500 (6.1 min) | Pickups: 14 | Deposits: 12 | Rate: 1.96 tags/min | phero_entries=0 max_w=0.000
======================================================================
R1[SURVEY    ]: carry=1 | base=0.42 | wall=2.09 | search=  0 | target=none
R2[GIVE_UP   ]: carry=0 | base=0.86 | wall=1.64 | search=2496 | target=none
R3[SEARCH    ]: carry=0 | base=2.12 | wall=0.39 | search=4236 | target=phero(-0.64,1.72)
R4[RTB       ]: carry=1 | base=1.42 | wall=1.15 | search=  0 | target=none

  [GIVE-UP] R2 returned empty after 2496 searching steps
  [TARGET] R2 → WALL (-1.04, -2.42)
[DEPOSIT] R4 deposited! Total: 13
  [PHERO] Laid at (-0.70, 1.95) density=11 prob=0.80 entries=1
  [TARGET] R4 → SITE (-0.70, 1.95)
[DEPOSIT] R1 deposited! Total: 14
  [TARGET] R1 → SITE (0.41, -0.09)

======================================================================
Step 12000 (6.4 min) | Pickups: 14 | Deposits: 14 | Rate: 2.19 tags/min | phero_entries=1 max_w=0.601
======================================================================
R1[SITE      ]: carry=0 | base=0.31 | wall=2.20 | search=  0 | target=site(0.41,-0.09)
R2[SEARCH    ]: carry=0 | base=0.35 | wall=2.19 | search= 48 | target=none
R3[SEARCH    ]: carry=0 | base=2.12 | wall=0.39 | search=4736 | target=phero(-0.64,1.72)
R4[SITE      ]: carry=0 | base=0.41 | wall=2.09 | search=  0 | target=site(-0.70,1.95)

[PICKUP] R4 picked up tag (density=10) | Total: 15

======================================================================
Step 12500 (6.7 min) | Pickups: 15 | Deposits: 14 | Rate: 2.10 tags/min | phero_entries=1 max_w=0.121
======================================================================
R1[SEARCH    ]: carry=0 | base=0.27 | wall=2.25 | search=437 | target=site(0.41,-0.09)
R2[SEARCH    ]: carry=0 | base=1.86 | wall=0.64 | search=548 | target=none
R3[SEARCH    ]: carry=0 | base=2.13 | wall=0.39 | search=5236 | target=phero(-0.64,1.72)
R4[SURVEY    ]: carry=1 | base=2.05 | wall=0.57 | search=  0 | target=none


======================================================================
Step 13000 (6.9 min) | Pickups: 15 | Deposits: 14 | Rate: 2.02 tags/min | phero_entries=1 max_w=0.025
======================================================================
R1[SEARCH    ]: carry=0 | base=1.04 | wall=1.53 | search=937 | target=site(0.41,-0.09)
R2[SEARCH    ]: carry=0 | base=2.12 | wall=0.39 | search=1048 | target=none
R3[GIVE_UP   ]: carry=0 | base=0.79 | wall=1.72 | search=5304 | target=none
R4[RTB       ]: carry=1 | base=1.17 | wall=1.38 | search=  0 | target=none

  [GIVE-UP] R3 returned empty after 5304 searching steps
  [TARGET] R3 → PHERO (-0.70, 1.95)
[DEPOSIT] R4 deposited! Total: 15
  [PHERO] Laid at (-0.71, 1.92) density=10 prob=0.71 entries=2
  [TARGET] R4 → SITE (-0.71, 1.92)

======================================================================
Step 13500 (7.2 min) | Pickups: 15 | Deposits: 15 | Rate: 2.08 tags/min | phero_entries=2 max_w=0.437
======================================================================
R1[SEARCH    ]: carry=0 | base=1.54 | wall=1.21 | search=1437 | target=site(0.41,-0.09)
R2[GIVE_UP   ]: carry=0 | base=1.06 | wall=1.44 | search=1248 | target=none
R3[PHERO     ]: carry=0 | base=1.12 | wall=1.42 | search=  0 | target=phero(-0.70,1.95)
R4[SITE      ]: carry=0 | base=0.77 | wall=1.75 | search=  0 | target=site(-0.71,1.92)

[PICKUP] R1 picked up tag (density=9) | Total: 16
  [GIVE-UP] R2 returned empty after 1248 searching steps
  [TARGET] R2 → PHERO (-0.71, 1.92)
[PICKUP] R3 picked up tag (density=8) | Total: 17

======================================================================
Step 14000 (7.5 min) | Pickups: 17 | Deposits: 15 | Rate: 2.01 tags/min | phero_entries=1 max_w=0.088
======================================================================
R1[RTB       ]: carry=1 | base=1.19 | wall=1.41 | search=  0 | target=none
R2[PHERO     ]: carry=0 | base=0.26 | wall=2.31 | search=  0 | target=phero(-0.71,1.92)
R3[SURVEY    ]: carry=1 | base=2.10 | wall=0.54 | search=  0 | target=none
R4[SEARCH    ]: carry=0 | base=1.94 | wall=0.70 | search=173 | target=site(-0.71,1.92)

[DEPOSIT] R1 deposited! Total: 16
  [PHERO] Laid at (-0.81, 1.69) density=9 prob=0.59 entries=2
  [TARGET] R1 → SITE (-0.81, 1.69)

======================================================================
Step 14500 (7.7 min) | Pickups: 17 | Deposits: 16 | Rate: 2.07 tags/min | phero_entries=2 max_w=0.441
======================================================================
R1[SITE      ]: carry=0 | base=0.64 | wall=1.91 | search=  0 | target=site(-0.81,1.69)
R2[PHERO     ]: carry=0 | base=1.18 | wall=1.36 | search=  0 | target=phero(-0.71,1.92)
R3[RTB       ]: carry=1 | base=0.57 | wall=1.95 | search=  0 | target=none
R4[SEARCH    ]: carry=0 | base=2.12 | wall=0.39 | search=673 | target=site(-0.71,1.92)

[DEPOSIT] R3 deposited! Total: 17
  [TARGET] R3 → SITE (-0.73, 1.92)

======================================================================
Step 15000 (8.0 min) | Pickups: 17 | Deposits: 17 | Rate: 2.12 tags/min | phero_entries=2 max_w=0.089
======================================================================
R1[GIVE_UP   ]: carry=0 | base=1.92 | wall=0.73 | search=156 | target=none
R2[SEARCH    ]: carry=0 | base=2.21 | wall=0.38 | search=283 | target=phero(-0.71,1.92)
R3[SITE      ]: carry=0 | base=1.39 | wall=1.21 | search=  0 | target=site(-0.73,1.92)
R4[SEARCH    ]: carry=0 | base=2.12 | wall=0.39 | search=1173 | target=site(-0.71,1.92)

[PICKUP] R3 picked up tag (density=7) | Total: 18

======================================================================
Step 15500 (8.3 min) | Pickups: 18 | Deposits: 17 | Rate: 2.06 tags/min | phero_entries=1 max_w=0.018
======================================================================
R1[GIVE_UP   ]: carry=0 | base=0.32 | wall=2.21 | search=156 | target=none
R2[SEARCH    ]: carry=0 | base=2.23 | wall=0.37 | search=783 | target=phero(-0.71,1.92)
R3[SURVEY    ]: carry=1 | base=2.22 | wall=0.43 | search=  0 | target=none
R4[SEARCH    ]: carry=0 | base=2.11 | wall=0.39 | search=1673 | target=site(-0.71,1.92)

  [GIVE-UP] R1 returned empty after 156 searching steps
  [TARGET] R1 → PHERO (-0.81, 1.69)

======================================================================
Step 16000 (8.5 min) | Pickups: 18 | Deposits: 17 | Rate: 1.99 tags/min | phero_entries=1 max_w=0.004
======================================================================
R1[PHERO     ]: carry=0 | base=1.62 | wall=1.05 | search=  0 | target=phero(-0.81,1.69)
R2[SEARCH    ]: carry=0 | base=2.25 | wall=0.35 | search=1283 | target=phero(-0.71,1.92)
R3[RTB       ]: carry=1 | base=0.70 | wall=1.84 | search=  0 | target=none
R4[SEARCH    ]: carry=0 | base=2.11 | wall=0.39 | search=2173 | target=site(-0.71,1.92)

[DEPOSIT] R3 deposited! Total: 18
  [TARGET] R3 → SITE (-0.79, 2.07)

======================================================================
Step 16500 (8.8 min) | Pickups: 18 | Deposits: 18 | Rate: 2.05 tags/min | phero_entries=0 max_w=0.000
======================================================================
R1[GIVE_UP   ]: carry=0 | base=1.08 | wall=1.65 | search=312 | target=none
R2[WALL_ESC  ]: carry=0 | base=2.26 | wall=0.35 | search=1783 | target=phero(-0.71,1.92)
R3[SITE      ]: carry=0 | base=1.24 | wall=1.32 | search=  0 | target=site(-0.79,2.07)
R4[GIVE_UP   ]: carry=0 | base=1.80 | wall=0.70 | search=2496 | target=none

  [GIVE-UP] R1 returned empty after 312 searching steps
  [TARGET] R1 → WALL (-2.42, 1.10)
[PICKUP] R3 picked up tag (density=6) | Total: 19
  [GIVE-UP] R4 returned empty after 2496 searching steps
  [TARGET] R4 → WALL (2.42, -0.03)

======================================================================
Step 17000 (9.1 min) | Pickups: 19 | Deposits: 18 | Rate: 1.99 tags/min | phero_entries=0 max_w=0.000
======================================================================
R1[DEPART    ]: carry=0 | base=0.90 | wall=1.67 | search=  0 | target=none
R2[WALL_ESC  ]: carry=0 | base=2.27 | wall=0.34 | search=2283 | target=phero(-0.71,1.92)
R3[SURVEY    ]: carry=1 | base=2.20 | wall=0.45 | search=  0 | target=none
R4[BASE_ESC  ]: carry=0 | base=0.23 | wall=2.28 | search=  0 | target=none

[PICKUP] R4 picked up tag (density=12) | Total: 20

======================================================================
Step 17500 (9.3 min) | Pickups: 20 | Deposits: 18 | Rate: 1.93 tags/min | phero_entries=0 max_w=0.000
======================================================================
R1[SEARCH    ]: carry=0 | base=2.45 | wall=0.36 | search=207 | target=none
R2[WALL_ESC  ]: carry=0 | base=2.27 | wall=0.34 | search=2783 | target=phero(-0.71,1.92)
R3[RTB       ]: carry=1 | base=0.62 | wall=1.91 | search=  0 | target=none
R4[SURVEY    ]: carry=1 | base=1.08 | wall=1.43 | search=  0 | target=none

[DEPOSIT] R3 deposited! Total: 19
  [PHERO] Laid at (-0.82, 2.04) density=6 prob=0.21 entries=1
  [TARGET] R3 → SITE (-0.82, 2.04)
[DEPOSIT] R4 deposited! Total: 20
  [PHERO] Laid at (1.07, 0.10) density=12 prob=0.88 entries=2
  [TARGET] R4 → SITE (1.07, 0.10)

======================================================================
Step 18000 (9.6 min) | Pickups: 20 | Deposits: 20 | Rate: 2.08 tags/min | phero_entries=2 max_w=0.787
======================================================================
R1[SEARCH    ]: carry=0 | base=2.35 | wall=0.39 | search=707 | target=none
R2[WALL_ESC  ]: carry=0 | base=2.27 | wall=0.34 | search=3283 | target=phero(-0.71,1.92)
R3[SITE      ]: carry=0 | base=1.33 | wall=1.28 | search=  0 | target=site(-0.82,2.04)
R4[BASE_ESC  ]: carry=0 | base=0.22 | wall=2.28 | search=  0 | target=site(1.07,0.10)

[PICKUP] R3 picked up tag (density=5) | Total: 21

======================================================================
Step 18500 (9.9 min) | Pickups: 21 | Deposits: 20 | Rate: 2.03 tags/min | phero_entries=2 max_w=0.159
======================================================================
R1[GIVE_UP   ]: carry=0 | base=1.19 | wall=1.48 | search=780 | target=none
R2[WALL_ESC  ]: carry=0 | base=2.28 | wall=0.33 | search=3783 | target=phero(-0.71,1.92)
R3[SURVEY    ]: carry=1 | base=2.21 | wall=0.47 | search=  0 | target=none
R4[SEARCH    ]: carry=0 | base=1.07 | wall=1.43 | search=239 | target=site(1.07,0.10)

[PICKUP] R4 picked up tag (density=11) | Total: 22
  [GIVE-UP] R1 returned empty after 780 searching steps
  [TARGET] R1 → PHERO (1.07, 0.10)
BATCH_RESULT pickups=22 deposits=20
